  [menu-backtrack] active=1 max_evals=8 warmup_accepts=3 confirm_stop=original armijo=1e-4
MIXED_STORAGE fragments=fp32 arithmetic=fp64 state=fp64 acceptance=fp64
  [compact-fragments] active=2 saved_bytes=17253496 storage=fp32 camera_reads=contiguous
  MFCG score_init=20163569.015917197 precision=fp64
PCG_PREP o=0 rebuild=1 drift=0 previous_depth=0
E2_CAP o=0 retry=0 touched=0 ncam=138 raw=3807.5527196925159 capped=3807.5527196925086 radius=3807.552719692515 median=199.58107725739904 global_scale=1
ATTR_RADIUS o=0 raw_norm=3807.552719692515 norm=3807.552719692515 radius=3807.552719692515 next_radius=7615.10543938503 lambda=0.10000000000000001 next_lambda=0.025000000000000001 rho=0.99804636977477934 accept=1
CLASSICAL_LM o=0 lambda=0.10000000000000001 tau=0.10000000000000001 prediction=19740926.91844023 rho=0.99804636977477934 accept=1
  MFCG it   1 cost=4.612086e+05 lam=2.500e-02 tau=0.00e+00 cg_it=2 shift=0 ckpt=3 alpha=0 acc mv=4
PCG_PREP o=1 rebuild=1 drift=0 previous_depth=3
E2_CAP o=1 retry=0 touched=0 ncam=138 raw=1790.1800923129606 capped=1790.1800923129595 radius=7615.10543938503 median=88.74171625418478 global_scale=1
ATTR_RADIUS o=1 raw_norm=1790.1800923129601 norm=1790.1800923129601 radius=7615.10543938503 next_radius=7615.10543938503 lambda=0.025000000000000001 next_lambda=0.0025000000000000005 rho=1.0007698899759154 accept=1
CLASSICAL_LM o=1 lambda=0.025000000000000001 tau=0.025000000000000001 prediction=299575.84158638911 rho=1.0007698899759154 accept=1
  MFCG it   2 cost=1.614021e+05 lam=2.500e-03 tau=0.00e+00 cg_it=5 shift=0 ckpt=6 alpha=0 acc mv=11
PCG_PREP o=2 rebuild=1 drift=0 previous_depth=6
E2_CAP o=2 retry=0 touched=0 ncam=138 raw=1723.4339558263678 capped=1723.4339558263687 radius=7615.10543938503 median=100.2784949413103 global_scale=1
ATTR_RADIUS o=2 raw_norm=1723.4339558263678 norm=1723.4339558263678 radius=7615.10543938503 next_radius=7615.10543938503 lambda=0.0025000000000000005 next_lambda=0.00025000000000000006 rho=0.99649833994166059 accept=1
CLASSICAL_LM o=2 lambda=0.0025000000000000005 tau=0.0025000000000000005 prediction=41413.056194626632 rho=0.99649833994166059 accept=1
  MFCG it   3 cost=1.201340e+05 lam=2.500e-04 tau=0.00e+00 cg_it=12 shift=0 ckpt=13 alpha=0 acc mv=25
PCG_PREP o=3 rebuild=1 drift=0 previous_depth=13
E2_CAP o=3 retry=0 touched=0 ncam=138 raw=2486.7401225053327 capped=2486.7401225053336 radius=7615.10543938503 median=90.45463489850286 global_scale=1
ATTR_RADIUS o=3 raw_norm=2486.7401225053327 norm=2486.7401225053327 radius=7615.10543938503 next_radius=7615.10543938503 lambda=0.00025000000000000006 next_lambda=2.5000000000000008e-05 rho=0.99729151468576593 accept=1
CLASSICAL_LM o=3 lambda=0.00025000000000000006 tau=0.00025000000000000006 prediction=9693.1934001948721 rho=0.99729151468576593 accept=1
  MFCG it   4 cost=1.104671e+05 lam=2.500e-05 tau=0.00e+00 cg_it=3 shift=0 ckpt=4 alpha=0 acc mv=30
PCG_PREP o=4 rebuild=1 drift=0 previous_depth=4
E2_CAP o=4 retry=0 touched=0 ncam=138 raw=4913.8188621647832 capped=4913.8188621647842 radius=7615.10543938503 median=234.59088024626476 global_scale=1
ATTR_RADIUS o=4 raw_norm=4913.8188621647823 norm=4913.8188621647814 radius=7615.10543938503 next_radius=7615.10543938503 lambda=2.5000000000000008e-05 next_lambda=2.5000000000000011e-06 rho=0.29683800241459957 accept=1
CLASSICAL_LM o=4 lambda=2.5000000000000008e-05 tau=2.5000000000000008e-05 prediction=5325.6966570238092 rho=0.29683800241459957 accept=1
  MFCG it   5 cost=1.088862e+05 lam=2.500e-06 tau=0.00e+00 cg_it=50 shift=0 ckpt=51 alpha=0 acc mv=82
PCG_PREP o=5 rebuild=1 drift=0 previous_depth=51
E2_CAP o=5 retry=0 touched=7 ncam=138 raw=975.74062370677552 capped=287.45722160899226 radius=7615.10543938503 median=3.1406257036796434 global_scale=1
ATTR_RADIUS o=5 raw_norm=975.74062370677586 norm=287.4572216089922 radius=7615.10543938503 next_radius=7615.10543938503 lambda=2.5000000000000011e-06 next_lambda=2.5000000000000009e-07 rho=0.94634103278924153 accept=1
CLASSICAL_LM o=5 lambda=2.5000000000000011e-06 tau=2.5000000000000011e-06 prediction=3782.4258797310122 rho=0.94634103278924153 accept=1
  MFCG it   6 cost=1.053068e+05 lam=2.500e-07 tau=0.00e+00 cg_it=0 shift=0 ckpt=1 alpha=0 acc mv=84
PCG_PREP o=6 rebuild=1 drift=0 previous_depth=1
E2_CAP o=6 retry=0 touched=5 ncam=138 raw=3038.7226155143467 capped=1744.0670231951199 radius=7615.10543938503 median=23.41342307733192 global_scale=1
ATTR_RADIUS o=6 raw_norm=3038.7226155143462 norm=1744.0670231951192 radius=7615.10543938503 next_radius=7615.10543938503 lambda=2.5000000000000009e-07 next_lambda=2.5000000000000012e-08 rho=0.95115570837835428 accept=1
CLASSICAL_LM o=6 lambda=2.5000000000000009e-07 tau=2.5000000000000009e-07 prediction=384.68502015618577 rho=0.95115570837835428 accept=1
  MFCG it   7 cost=1.049409e+05 lam=2.500e-08 tau=0.00e+00 cg_it=8 shift=0 ckpt=9 alpha=0 acc mv=94
PCG_PREP o=7 rebuild=1 drift=0 previous_depth=9
E2_CAP o=7 retry=0 touched=5 ncam=138 raw=402.96544692542074 capped=59.247887314715321 radius=7615.10543938503 median=0.74650698286620742 global_scale=1
ATTR_RADIUS o=7 raw_norm=402.96544692542079 norm=59.247887314715292 radius=7615.10543938503 next_radius=7615.10543938503 lambda=2.5000000000000012e-08 next_lambda=2.5000000000000013e-09 rho=0.9998266810948977 accept=1
CLASSICAL_LM o=7 lambda=2.5000000000000012e-08 tau=2.5000000000000012e-08 prediction=25.39064512202852 rho=0.9998266810948977 accept=1
  MFCG it   8 cost=1.049155e+05 lam=2.500e-09 tau=0.00e+00 cg_it=0 shift=0 ckpt=1 alpha=0 acc mv=96
PCG_PREP o=8 rebuild=1 drift=0 previous_depth=1
E2_CAP o=8 retry=0 touched=4 ncam=138 raw=464.59675894480802 capped=42.669786106544727 radius=7615.10543938503 median=0.59050981284919013 global_scale=1
ATTR_RADIUS o=8 raw_norm=464.5967589448079 norm=42.669786106544713 radius=7615.10543938503 next_radius=7615.10543938503 lambda=2.5000000000000013e-09 next_lambda=2.5000000000000012e-10 rho=0.99903855267016384 accept=1
CLASSICAL_LM o=8 lambda=2.5000000000000013e-09 tau=2.5000000000000013e-09 prediction=5.6024963055799857 rho=0.99903855267016384 accept=1
  MFCG it   9 cost=1.049099e+05 lam=2.500e-10 tau=0.00e+00 cg_it=0 shift=0 ckpt=1 alpha=0 acc mv=98
PCG_PREP o=9 rebuild=1 drift=0 previous_depth=1
E2_CAP o=9 retry=0 touched=3 ncam=138 raw=1121.6615818069408 capped=175.9472793371701 radius=7615.10543938503 median=2.6824282715255059 global_scale=1
ATTR_RADIUS o=9 raw_norm=1121.6615818069408 norm=175.9472793371701 radius=7615.10543938503 next_radius=7615.10543938503 lambda=2.5000000000000012e-10 next_lambda=2.5000000000000014e-11 rho=1.0017140335849815 accept=1
CLASSICAL_LM o=9 lambda=2.5000000000000012e-10 tau=2.5000000000000012e-10 prediction=11.415838120147107 rho=1.0017140335849815 accept=1
  MFCG it  10 cost=1.048985e+05 lam=2.500e-11 tau=0.00e+00 cg_it=2 shift=0 ckpt=3 alpha=0 acc mv=102
PCG_PREP o=10 rebuild=1 drift=0 previous_depth=3
E2_CAP o=10 retry=0 touched=5 ncam=138 raw=354.04687697406001 capped=21.048285582375605 radius=7615.10543938503 median=0.25535297760158771 global_scale=1
ATTR_RADIUS o=10 raw_norm=354.04687697406001 norm=21.048285582375602 radius=7615.10543938503 next_radius=7615.10543938503 lambda=2.5000000000000014e-11 next_lambda=2.5000000000000015e-12 rho=0.99880659516549819 accept=1
CLASSICAL_LM o=10 lambda=2.5000000000000014e-11 tau=2.5000000000000014e-11 prediction=3.1474275036864032 rho=0.99880659516549819 accept=1
  MFCG it  11 cost=1.048953e+05 lam=2.500e-12 tau=0.00e+00 cg_it=0 shift=0 ckpt=1 alpha=0 acc mv=104
PCG_PREP o=11 rebuild=1 drift=0 previous_depth=1
E2_CAP o=11 retry=0 touched=5 ncam=138 raw=379.87516557601248 capped=17.745312052745223 radius=7615.10543938503 median=0.23064687100710288 global_scale=1
ATTR_RADIUS o=11 raw_norm=379.87516557601242 norm=17.745312052745216 radius=7615.10543938503 next_radius=7615.10543938503 lambda=2.5000000000000015e-12 next_lambda=2.5000000000000015e-13 rho=0.99957194325176968 accept=1
CLASSICAL_LM o=11 lambda=2.5000000000000015e-12 tau=2.5000000000000015e-12 prediction=1.9222182657217983 rho=0.99957194325176968 accept=1
  MFCG it  12 cost=1.048934e+05 lam=2.500e-13 tau=0.00e+00 cg_it=0 shift=0 ckpt=1 alpha=0 acc mv=106
PCG_PREP o=12 rebuild=1 drift=0 previous_depth=1
E2_CAP o=12 retry=0 touched=2 ncam=138 raw=2055.5155096645899 capped=809.09650239036739 radius=7615.10543938503 median=16.425868650429198 global_scale=1
ATTR_RADIUS o=12 raw_norm=2055.5155096645899 norm=809.0965023903675 radius=7615.10543938503 next_radius=7615.10543938503 lambda=2.5000000000000015e-13 next_lambda=2.5000000000000017e-14 rho=0.89715193214559819 accept=1
CLASSICAL_LM o=12 lambda=2.5000000000000015e-13 tau=2.5000000000000015e-13 prediction=68.440723187102634 rho=0.89715193214559819 accept=1
  MFCG it  13 cost=1.048320e+05 lam=2.500e-14 tau=0.00e+00 cg_it=8 shift=0 ckpt=9 alpha=0 acc mv=116
PCG_PREP o=13 rebuild=1 drift=0 previous_depth=9
E2_CAP o=13 retry=0 touched=7 ncam=138 raw=288.69572476827562 capped=31.962155283063662 radius=7615.10543938503 median=0.35572191511159457 global_scale=1
ATTR_RADIUS o=13 raw_norm=288.69572476827551 norm=31.962155283063659 radius=7615.10543938503 next_radius=7615.10543938503 lambda=2.5000000000000017e-14 next_lambda=2.500000000000002e-15 rho=0.99926025967720999 accept=1
CLASSICAL_LM o=13 lambda=2.5000000000000017e-14 tau=2.5000000000000017e-14 prediction=9.4590154448367354 rho=0.99926025967720999 accept=1
  MFCG it  14 cost=1.048225e+05 lam=2.500e-15 tau=0.00e+00 cg_it=0 shift=0 ckpt=1 alpha=0 acc mv=118
PCG_PREP o=14 rebuild=1 drift=0 previous_depth=1
E2_CAP o=14 retry=0 touched=5 ncam=138 raw=290.43479042647272 capped=20.441014688710975 radius=7615.10543938503 median=0.27101361909704813 global_scale=1
ATTR_RADIUS o=14 raw_norm=290.43479042647283 norm=20.441014688710979 radius=7615.10543938503 next_radius=7615.10543938503 lambda=2.500000000000002e-15 next_lambda=2.5000000000000022e-16 rho=1.0001013341814999 accept=1
CLASSICAL_LM o=14 lambda=2.500000000000002e-15 tau=2.500000000000002e-15 prediction=3.1866391230004893 rho=1.0001013341814999 accept=1
  MFCG it  15 cost=1.048194e+05 lam=2.500e-16 tau=0.00e+00 cg_it=0 shift=0 ckpt=1 alpha=0 acc mv=120
PCG_PREP o=15 rebuild=1 drift=0 previous_depth=1
E2_CAP o=15 retry=0 touched=5 ncam=138 raw=280.44358132214683 capped=18.486274972566495 radius=7615.10543938503 median=0.25446276672445045 global_scale=1
ATTR_RADIUS o=15 raw_norm=280.44358132214688 norm=18.486274972566491 radius=7615.10543938503 next_radius=7615.10543938503 lambda=2.5000000000000022e-16 next_lambda=9.9999999999999998e-17 rho=0.99904407475816726 accept=1
CLASSICAL_LM o=15 lambda=2.5000000000000022e-16 tau=2.5000000000000022e-16 prediction=2.4463055204839073 rho=0.99904407475816726 accept=1
  MFCG it  16 cost=1.048169e+05 lam=1.000e-16 tau=0.00e+00 cg_it=0 shift=0 ckpt=1 alpha=0 acc mv=122
PCG_PREP o=16 rebuild=1 drift=0 previous_depth=1
E2_CAP o=16 retry=0 touched=5 ncam=138 raw=274.22846026951538 capped=16.762110193047608 radius=7615.10543938503 median=0.23485812399011691 global_scale=1
ATTR_RADIUS o=16 raw_norm=274.22846026951561 norm=16.762110193047597 radius=7615.10543938503 next_radius=7615.10543938503 lambda=9.9999999999999998e-17 next_lambda=9.9999999999999998e-17 rho=1.0000399587337394 accept=1
CLASSICAL_LM o=16 lambda=9.9999999999999998e-17 tau=9.9999999999999998e-17 prediction=2.0416074326029499 rho=1.0000399587337394 accept=1
  MFCG it  17 cost=1.048149e+05 lam=1.000e-16 tau=0.00e+00 cg_it=0 shift=0 ckpt=1 alpha=0 acc mv=124
PCG_PREP o=17 rebuild=1 drift=0 previous_depth=1
E2_CAP o=17 retry=0 touched=4 ncam=138 raw=267.26651413852227 capped=14.693811002453213 radius=7615.10543938503 median=0.21859153895374983 global_scale=1
ATTR_RADIUS o=17 raw_norm=267.2665141385221 norm=14.693811002453215 radius=7615.10543938503 next_radius=7615.10543938503 lambda=9.9999999999999998e-17 next_lambda=9.9999999999999998e-17 rho=0.99897295826594157 accept=1
CLASSICAL_LM o=17 lambda=9.9999999999999998e-17 tau=9.9999999999999998e-17 prediction=1.7764447297308745 rho=0.99897295826594157 accept=1
  MFCG it  18 cost=1.048131e+05 lam=1.000e-16 tau=0.00e+00 cg_it=0 shift=0 ckpt=1 alpha=0 acc mv=126
PCG_PREP o=18 rebuild=1 drift=0 previous_depth=1
E2_CAP o=18 retry=0 touched=4 ncam=138 raw=260.45095616611781 capped=13.461168302630684 radius=7615.10543938503 median=0.20701386099603722 global_scale=1
ATTR_RADIUS o=18 raw_norm=260.45095616611781 norm=13.461168302630689 radius=7615.10543938503 next_radius=7615.10543938503 lambda=9.9999999999999998e-17 next_lambda=9.9999999999999998e-17 rho=0.99993516865645171 accept=1
CLASSICAL_LM o=18 lambda=9.9999999999999998e-17 tau=9.9999999999999998e-17 prediction=1.5846890747305689 rho=0.99993516865645171 accept=1
  MFCG it  19 cost=1.048115e+05 lam=1.000e-16 tau=0.00e+00 cg_it=0 shift=0 ckpt=1 alpha=0 acc mv=128
PCG_PREP o=19 rebuild=1 drift=0 previous_depth=1
E2_CAP o=19 retry=0 touched=4 ncam=138 raw=252.89259411310326 capped=12.918597215547701 radius=7615.10543938503 median=0.19165124688846916 global_scale=1
ATTR_RADIUS o=19 raw_norm=252.89259411310331 norm=12.918597215547704 radius=7615.10543938503 next_radius=7615.10543938503 lambda=9.9999999999999998e-17 next_lambda=9.9999999999999998e-17 rho=0.99876349954242183 accept=1
CLASSICAL_LM o=19 lambda=9.9999999999999998e-17 tau=9.9999999999999998e-17 prediction=1.4087747190450637 rho=0.99876349954242183 accept=1
  MFCG it  20 cost=1.048101e+05 lam=1.000e-16 tau=0.00e+00 cg_it=0 shift=0 ckpt=1 alpha=0 acc mv=130
PCG_PREP o=20 rebuild=1 drift=0 previous_depth=1
E2_CAP o=20 retry=0 touched=4 ncam=138 raw=244.57915048895714 capped=12.562168977291638 radius=7615.10543938503 median=0.19226211121010217 global_scale=1
ATTR_RADIUS o=20 raw_norm=244.57915048895708 norm=12.562168977291629 radius=7615.10543938503 next_radius=7615.10543938503 lambda=9.9999999999999998e-17 next_lambda=9.9999999999999998e-17 rho=0.99987104685396533 accept=1
CLASSICAL_LM o=20 lambda=9.9999999999999998e-17 tau=9.9999999999999998e-17 prediction=1.3095736099926181 rho=0.99987104685396533 accept=1
  MFCG it  21 cost=1.048088e+05 lam=1.000e-16 tau=0.00e+00 cg_it=0 shift=0 ckpt=1 alpha=0 acc mv=132
PCG_PREP o=21 rebuild=1 drift=0 previous_depth=1
E2_CAP o=21 retry=0 touched=4 ncam=138 raw=235.45911189911888 capped=12.278474756352713 radius=7615.10543938503 median=0.18146123082940119 global_scale=1
ATTR_RADIUS o=21 raw_norm=235.4591118991188 norm=12.278474756352706 radius=7615.10543938503 next_radius=7615.10543938503 lambda=9.9999999999999998e-17 next_lambda=9.9999999999999998e-17 rho=0.99838114895355112 accept=1
CLASSICAL_LM o=21 lambda=9.9999999999999998e-17 tau=9.9999999999999998e-17 prediction=1.181545525085824 rho=0.99838114895355112 accept=1
  MFCG it  22 cost=1.048076e+05 lam=1.000e-16 tau=0.00e+00 cg_it=0 shift=0 ckpt=1 alpha=0 acc mv=134
PCG_PREP o=22 rebuild=1 drift=0 previous_depth=1
E2_CAP o=22 retry=0 touched=4 ncam=138 raw=225.84617668774075 capped=11.464193240022613 radius=7615.10543938503 median=0.17293172327048018 global_scale=1
ATTR_RADIUS o=22 raw_norm=225.84617668774081 norm=11.464193240022603 radius=7615.10543938503 next_radius=7615.10543938503 lambda=9.9999999999999998e-17 next_lambda=9.9999999999999998e-17 rho=0.99998057017681941 accept=1
CLASSICAL_LM o=22 lambda=9.9999999999999998e-17 tau=9.9999999999999998e-17 prediction=1.0785974463530112 rho=0.99998057017681941 accept=1
  MFCG it  23 cost=1.048065e+05 lam=1.000e-16 tau=0.00e+00 cg_it=0 shift=0 ckpt=1 alpha=0 acc mv=136
PCG_PREP o=23 rebuild=1 drift=0 previous_depth=1
E2_CAP o=23 retry=0 touched=4 ncam=138 raw=216.82152192870046 capped=11.488086848048601 radius=7615.10543938503 median=0.16801756122269851 global_scale=1
ATTR_RADIUS o=23 raw_norm=216.82152192870052 norm=11.488086848048605 radius=7615.10543938503 next_radius=7615.10543938503 lambda=9.9999999999999998e-17 next_lambda=9.9999999999999998e-17 rho=0.99804132645596888 accept=1
CLASSICAL_LM o=23 lambda=9.9999999999999998e-17 tau=9.9999999999999998e-17 prediction=1.0039113403126176 rho=0.99804132645596888 accept=1
  MFCG it  24 cost=1.048055e+05 lam=1.000e-16 tau=0.00e+00 cg_it=0 shift=0 ckpt=1 alpha=0 acc mv=138
PCG_PREP o=24 rebuild=1 drift=0 previous_depth=1
E2_CAP o=24 retry=0 touched=3 ncam=138 raw=208.14169885484364 capped=10.535668006033944 radius=7615.10543938503 median=0.15859889075314987 global_scale=1
ATTR_RADIUS o=24 raw_norm=208.14169885484355 norm=10.535668006033946 radius=7615.10543938503 next_radius=7615.10543938503 lambda=9.9999999999999998e-17 next_lambda=9.9999999999999998e-17 rho=1.0002258652318532 accept=1
CLASSICAL_LM o=24 lambda=9.9999999999999998e-17 tau=9.9999999999999998e-17 prediction=0.93089079653052753 rho=1.0002258652318532 accept=1
  MFCG it  25 cost=1.048046e+05 lam=1.000e-16 tau=0.00e+00 cg_it=0 shift=0 ckpt=1 alpha=0 acc mv=140
PCG_PREP o=25 rebuild=1 drift=0 previous_depth=1
E2_CAP o=25 retry=0 touched=3 ncam=138 raw=200.61913843339067 capped=10.474089823326592 radius=7615.10543938503 median=0.16136399692235032 global_scale=1
ATTR_RADIUS o=25 raw_norm=200.61913843339065 norm=10.47408982332659 radius=7615.10543938503 next_radius=7615.10543938503 lambda=9.9999999999999998e-17 next_lambda=9.9999999999999998e-17 rho=0.99796933219339423 accept=1
CLASSICAL_LM o=25 lambda=9.9999999999999998e-17 tau=9.9999999999999998e-17 prediction=0.89238311576175122 rho=0.99796933219339423 accept=1
  MFCG it  26 cost=1.048037e+05 lam=1.000e-16 tau=0.00e+00 cg_it=0 shift=0 ckpt=1 alpha=0 acc mv=142
PCG_PREP o=26 rebuild=1 drift=0 previous_depth=1
E2_CAP o=26 retry=0 touched=4 ncam=138 raw=303.5074153828142 capped=23.881038364496234 radius=7615.10543938503 median=0.37451198890205845 global_scale=1
ATTR_RADIUS o=26 raw_norm=303.5074153828142 norm=23.881038364496249 radius=7615.10543938503 next_radius=7615.10543938503 lambda=9.9999999999999998e-17 next_lambda=9.9999999999999998e-17 rho=0.9994992463060699 accept=1
CLASSICAL_LM o=26 lambda=9.9999999999999998e-17 tau=9.9999999999999998e-17 prediction=2.2519104505500001 rho=0.9994992463060699 accept=1
  MFCG it  27 cost=1.048015e+05 lam=1.000e-16 tau=0.00e+00 cg_it=1 shift=0 ckpt=2 alpha=0 acc mv=145
PCG_PREP o=27 rebuild=1 drift=0 previous_depth=2
E2_CAP o=27 retry=0 touched=3 ncam=138 raw=187.64032008010571 capped=8.9232719185410261 radius=7615.10543938503 median=0.13894258421185324 global_scale=1
ATTR_RADIUS o=27 raw_norm=187.64032008010571 norm=8.9232719185410314 radius=7615.10543938503 next_radius=7615.10543938503 lambda=9.9999999999999998e-17 next_lambda=9.9999999999999998e-17 rho=1.0000532792569132 accept=1
CLASSICAL_LM o=27 lambda=9.9999999999999998e-17 tau=9.9999999999999998e-17 prediction=0.85239587205697598 rho=1.0000532792569132 accept=1
  MFCG it  28 cost=1.048006e+05 lam=1.000e-16 tau=0.00e+00 cg_it=0 shift=0 ckpt=1 alpha=0 acc mv=147
PCG_PREP o=28 rebuild=1 drift=0 previous_depth=1
E2_CAP o=28 retry=0 touched=0 ncam=138 raw=21771.795393916418 capped=21771.795393916414 radius=7615.10543938503 median=542.20442796973089 global_scale=0.34976929103021431
ATTR_RADIUS o=28 raw_norm=21771.795393916422 norm=7615.1054393850318 radius=7615.10543938503 next_radius=7615.10543938503 lambda=9.9999999999999998e-17 next_lambda=9.9999999999999998e-17 rho=0.35629786101525757 accept=1
CLASSICAL_LM o=28 lambda=9.9999999999999998e-17 tau=9.9999999999999998e-17 prediction=1086.1037439794809 rho=0.35629786101525757 accept=1
TARGET reached outer=29 seconds=0.223243614 cost=104413.62902835841 threshold=104627.02846700703
  MFCG: accepts=29 rejects=0 total_matvecs=270 negcurv=0 cand_evals=29 mean_cg_per_outer=9.3
NUMERIC_REPAIR summary rebuilds=0 floor=9.9999999999999998e-17
  [retry-cache] builds=29 reuses=0
  [menu-backtrack] trials=0 rescues=0 evals=0 total_scored=29
POINT_SAFE summary calls=0 evals=0 wins=0 frozen=0 seconds=0
  [scoring] menu_evals=29 alpha_evals=0 backtrack_evals=0 total_scored=29
RESULT algo=mfree_shifted_cg iters=29 final_cost=104413.6290283584 solve_seconds=0.225940
DIAGNOSTICS median_reproj_err_px 3.953929 -> 0.548793 | cheirality_violations(obs) 211 -> 211 | cheirality_violations(pts, of 44033) 211 -> 211
