  [menu-backtrack] active=1 max_evals=8 warmup_accepts=3 confirm_stop=original armijo=1e-4
MIXED_STORAGE fragments=fp32 arithmetic=fp64 state=fp64 acceptance=fp64
COARSE_CONFIG K=8 accepts_at_least=8 last_rel_below=1e-3 lambda_below=1e-3 sticky=1 membership=activation operator=native_compact rank_cut=1e-10 fallback=whole_attempt_BJ
  [compact-fragments] active=2 saved_bytes=171996448 storage=fp32 camera_reads=contiguous
  MFCG score_init=90993342.024340227 precision=fp64
PCG_PREP o=0 rebuild=1 drift=0 previous_depth=0
ATTR_RADIUS o=0 raw_norm=8861.1709887307588 norm=8861.1709887307588 radius=8861.1709887307588 next_radius=17722.341977461518 lambda=0.10000000000000001 next_lambda=0.025000000000000001 rho=0.99545080656082618 accept=1
CLASSICAL_LM o=0 lambda=0.10000000000000001 tau=0.10000000000000001 prediction=83412716.699058995 rho=0.99545080656082618 accept=1
  MFCG it   1 cost=7.960086e+06 lam=2.500e-02 tau=0.00e+00 cg_it=0 shift=0 ckpt=1 alpha=0 acc mv=2
ATTEMPT o=0 retry=0 accepted=1 rejected=0 numeric_retry=0 products=2 pcg_products=1 seconds=0.039298851
PCG_PREP o=1 rebuild=1 drift=0 previous_depth=1
ATTR_RADIUS o=1 raw_norm=4659.7121206777847 norm=4659.7121206777847 radius=17722.341977461518 next_radius=17722.341977461518 lambda=0.025000000000000001 next_lambda=0.0025000000000000005 rho=0.99453896506499995 accept=1
CLASSICAL_LM o=1 lambda=0.025000000000000001 tau=0.025000000000000001 prediction=4259951.5107679572 rho=0.99453896506499995 accept=1
  MFCG it   2 cost=3.723398e+06 lam=2.500e-03 tau=0.00e+00 cg_it=4 shift=0 ckpt=5 alpha=0 acc mv=8
ATTEMPT o=1 retry=0 accepted=1 rejected=0 numeric_retry=0 products=6 pcg_products=5 seconds=0.046227754
PCG_PREP o=2 rebuild=1 drift=0 previous_depth=5
ATTR_RADIUS o=2 raw_norm=6975.6779789561169 norm=6975.677978956116 radius=17722.341977461518 next_radius=17722.341977461518 lambda=0.0025000000000000005 next_lambda=0.00025000000000000006 rho=0.87051061466527968 accept=1
CLASSICAL_LM o=2 lambda=0.0025000000000000005 tau=0.0025000000000000005 prediction=1234099.5580717721 rho=0.87051061466527968 accept=1
  MFCG it   3 cost=2.649101e+06 lam=2.500e-04 tau=0.00e+00 cg_it=9 shift=0 ckpt=10 alpha=0 acc mv=19
ATTEMPT o=2 retry=0 accepted=1 rejected=0 numeric_retry=0 products=11 pcg_products=10 seconds=0.05951306
PCG_PREP o=3 rebuild=1 drift=0 previous_depth=10
ATTR_RADIUS o=3 raw_norm=10922.542500244663 norm=10922.542500244663 radius=17722.341977461518 next_radius=17722.341977461518 lambda=0.00025000000000000006 next_lambda=2.5000000000000008e-05 rho=0.71461554945419625 accept=1
CLASSICAL_LM o=3 lambda=0.00025000000000000006 tau=0.00025000000000000006 prediction=596515.31226692733 rho=0.71461554945419625 accept=1
  MFCG it   4 cost=2.222822e+06 lam=2.500e-05 tau=0.00e+00 cg_it=0 shift=0 ckpt=1 alpha=0 acc mv=21
ATTEMPT o=3 retry=0 accepted=1 rejected=0 numeric_retry=0 products=2 pcg_products=1 seconds=0.033825477
PCG_PREP o=4 rebuild=1 drift=0 previous_depth=1
POINT_SAFE o=4 frozen=1341 slope=-336469.80042326753 candidate=2043410.2473312069 original=2072225.5950101188 current=2222822.2595973182 won=1 mode=1 camera_scale=1 keep_scale=0
ATTR_RADIUS o=4 raw_norm=25300.156690338121 norm=17722.341977461525 radius=17722.341977461518 next_radius=35444.683954923035 lambda=2.5000000000000008e-05 next_lambda=6.250000000000002e-06 rho=0.9174523307110688 accept=1
CLASSICAL_LM o=4 lambda=2.5000000000000008e-05 tau=2.5000000000000008e-05 prediction=195554.5876994596 rho=0.9174523307110688 accept=1
  MFCG it   5 cost=2.043410e+06 lam=6.250e-06 tau=0.00e+00 cg_it=1 shift=0 ckpt=2 alpha=0 acc mv=24
ATTEMPT o=4 retry=0 accepted=1 rejected=0 numeric_retry=0 products=3 pcg_products=2 seconds=0.049494835
PCG_PREP o=5 rebuild=1 drift=0 previous_depth=2
POINT_SAFE o=5 frozen=1597 slope=-207540.80949734413 candidate=2178473.7975714202 original=2002353.0378989601 current=2043410.2473312069 won=0 mode=1 camera_scale=1 keep_scale=0
ATTR_RADIUS o=5 raw_norm=42981.168315772476 norm=4430.5854943653794 radius=35444.683954923035 next_radius=35444.683954923035 lambda=6.250000000000002e-06 next_lambda=6.2500000000000026e-07 rho=0.91568729061874965 accept=1
CLASSICAL_LM o=5 lambda=6.250000000000002e-06 tau=6.250000000000002e-06 prediction=44837.587954839495 rho=0.91568729061874965 accept=1
  MFCG it   6 cost=2.002353e+06 lam=6.250e-07 tau=0.00e+00 cg_it=7 shift=0 ckpt=8 alpha=0 acc mv=33
ATTEMPT o=5 retry=0 accepted=1 rejected=0 numeric_retry=0 products=9 pcg_products=8 seconds=0.068656715
PCG_PREP o=6 rebuild=1 drift=0 previous_depth=8
POINT_SAFE o=6 frozen=1716 slope=-116981.79382426212 candidate=4316106.3567169625 original=1973539.2149366266 current=2002353.0378989601 won=0 mode=1 camera_scale=1 keep_scale=0
ATTR_RADIUS o=6 raw_norm=69286.578922723609 norm=8861.1709887307588 radius=35444.683954923035 next_radius=35444.683954923035 lambda=6.2500000000000026e-07 next_lambda=6.2500000000000024e-08 rho=0.49939264730036237 accept=1
CLASSICAL_LM o=6 lambda=6.2500000000000026e-07 tau=6.2500000000000026e-07 prediction=57697.73167085342 rho=0.49939264730036237 accept=1
  MFCG it   7 cost=1.973539e+06 lam=6.250e-08 tau=0.00e+00 cg_it=5 shift=0 ckpt=6 alpha=0 acc mv=40
ATTEMPT o=6 retry=0 accepted=1 rejected=0 numeric_retry=0 products=7 pcg_products=6 seconds=0.062069771
PCG_PREP o=7 rebuild=1 drift=0 previous_depth=6
POINT_SAFE o=7 frozen=799 slope=-52885.43666094105 candidate=13257407.08340615 original=1973254.9722790995 current=1973539.2149366266 won=0 mode=1 camera_scale=1 keep_scale=0
ATTR_RADIUS o=7 raw_norm=76134.606905650973 norm=276.91159339783627 radius=35444.683954923035 next_radius=8861.1709887307588 lambda=6.2500000000000024e-08 next_lambda=1.0000000000000004e-06 rho=0.22150631218102912 accept=1
CLASSICAL_LM o=7 lambda=6.2500000000000024e-08 tau=6.2500000000000024e-08 prediction=1283.2259935545017 rho=0.22150631218102912 accept=1
  MFCG it   8 cost=1.973255e+06 lam=1.000e-06 tau=0.00e+00 cg_it=0 shift=0 ckpt=1 alpha=0 acc mv=42
ATTEMPT o=7 retry=0 accepted=1 rejected=0 numeric_retry=0 products=2 pcg_products=1 seconds=0.052397367
PCG_PREP o=8 rebuild=1 drift=0 previous_depth=1
COARSE_ACTIVATE o=8 accepts=8 last_rel=0.00014402686066525522 lambda=1.0000000000000004e-06 K=8
COARSE_PREP o=8 retry=0 rank=50 usable=1 fallback=none seconds=0.033771577 blocks=512 lloyd=2 empty_repairs=0
POINT_SAFE o=8 frozen=274 slope=-61903.816807329982 candidate=2023058.0435430126 original=1972719.2573375669 current=1973254.9722790995 won=0 mode=1 camera_scale=1 keep_scale=0
ATTR_RADIUS o=8 raw_norm=30754.202461201803 norm=69.227898349459039 radius=8861.1709887307588 next_radius=8861.1709887307588 lambda=1.0000000000000004e-06 next_lambda=1.0000000000000005e-07 rho=0.43894928942597983 accept=1
CLASSICAL_LM o=8 lambda=1.0000000000000004e-06 tau=1.0000000000000004e-06 prediction=1220.448362573148 rho=0.43894928942597983 accept=1
  MFCG it   9 cost=1.972719e+06 lam=1.000e-07 tau=0.00e+00 cg_it=0 shift=0 ckpt=1 alpha=0 acc mv=44
ATTEMPT o=8 retry=0 accepted=1 rejected=0 numeric_retry=0 products=2 pcg_products=1 seconds=0.086341603
PCG_PREP o=9 rebuild=1 drift=0 previous_depth=1
COARSE_PREP o=9 retry=0 rank=50 usable=1 fallback=none seconds=0.026846544 blocks=512 lloyd=2 empty_repairs=0
POINT_SAFE o=9 frozen=156 slope=-47323.700399743902 candidate=2040891.090739856 original=1972621.1578378936 current=1972719.2573375669 won=0 mode=1 camera_scale=1 keep_scale=0
ATTR_RADIUS o=9 raw_norm=67552.97920893431 norm=34.613949174729534 radius=8861.1709887307588 next_radius=2215.2927471826897 lambda=1.0000000000000005e-07 next_lambda=1.6000000000000008e-06 rho=0.16745597996048553 accept=1
CLASSICAL_LM o=9 lambda=1.0000000000000005e-07 tau=1.0000000000000005e-07 prediction=585.82261258450285 rho=0.16745597996048553 accept=1
  MFCG it  10 cost=1.972621e+06 lam=1.600e-06 tau=0.00e+00 cg_it=0 shift=0 ckpt=1 alpha=0 acc mv=46
ATTEMPT o=9 retry=0 accepted=1 rejected=0 numeric_retry=0 products=2 pcg_products=1 seconds=0.080422711
PCG_PREP o=10 rebuild=1 drift=0 previous_depth=1
COARSE_PREP o=10 retry=0 rank=50 usable=1 fallback=none seconds=0.026707043 blocks=512 lloyd=2 empty_repairs=0
POINT_SAFE o=10 frozen=31 slope=-42012.29004339184 candidate=1966813.0813561471 original=1972355.2514695716 current=1972621.1578378936 won=1 mode=1 camera_scale=1 keep_scale=0
ATTR_RADIUS o=10 raw_norm=25258.060484410438 norm=2215.2927471826888 radius=2215.2927471826897 next_radius=553.82318679567243 lambda=1.6000000000000008e-06 next_lambda=2.5600000000000012e-05 rho=0.23287216776310299 accept=1
CLASSICAL_LM o=10 lambda=1.6000000000000008e-06 tau=1.6000000000000008e-06 prediction=24941.05043783064 rho=0.23287216776310299 accept=1
  MFCG it  11 cost=1.966813e+06 lam=2.560e-05 tau=0.00e+00 cg_it=0 shift=0 ckpt=1 alpha=0 acc mv=48
ATTEMPT o=10 retry=0 accepted=1 rejected=0 numeric_retry=0 products=2 pcg_products=1 seconds=0.080211581
PCG_PREP o=11 rebuild=1 drift=0 previous_depth=1
COARSE_PREP o=11 retry=0 rank=50 usable=1 fallback=none seconds=0.027273894 blocks=512 lloyd=2 empty_repairs=0
POINT_SAFE o=11 frozen=185 slope=-12842.32025299841 candidate=1957941.060116525 original=1955649.8246476501 current=1966813.0813561471 won=0 mode=1 camera_scale=1 keep_scale=0
ATTR_RADIUS o=11 raw_norm=7573.1563599547781 norm=138.45579669891811 radius=553.82318679567243 next_radius=553.82318679567243 lambda=2.5600000000000012e-05 next_lambda=2.5600000000000013e-06 rho=0.36353526266591363 accept=1
CLASSICAL_LM o=11 lambda=2.5600000000000012e-05 tau=2.5600000000000012e-05 prediction=30707.493481191956 rho=0.36353526266591363 accept=1
  MFCG it  12 cost=1.955650e+06 lam=2.560e-06 tau=0.00e+00 cg_it=0 shift=0 ckpt=1 alpha=0 acc mv=50
ATTEMPT o=11 retry=0 accepted=1 rejected=0 numeric_retry=0 products=2 pcg_products=1 seconds=0.075119267
PCG_PREP o=12 rebuild=1 drift=0 previous_depth=1
COARSE_PREP o=12 retry=0 rank=50 usable=1 fallback=none seconds=0.026687623 blocks=512 lloyd=2 empty_repairs=0
POINT_SAFE o=12 frozen=63 slope=-5827.7407160040102 candidate=1952636.0134794931 original=1954031.1133677929 current=1955649.8246476501 won=1 mode=1 camera_scale=1 keep_scale=0
ATTR_RADIUS o=12 raw_norm=21133.04604590184 norm=553.82318679567265 radius=553.82318679567243 next_radius=553.82318679567243 lambda=2.5600000000000013e-06 next_lambda=2.5600000000000013e-06 rho=0.70911016980809405 accept=1
CLASSICAL_LM o=12 lambda=2.5600000000000013e-06 tau=2.5600000000000013e-06 prediction=4250.1310747985117 rho=0.70911016980809405 accept=1
  MFCG it  13 cost=1.952636e+06 lam=2.560e-06 tau=0.00e+00 cg_it=0 shift=0 ckpt=1 alpha=0 acc mv=52
ATTEMPT o=12 retry=0 accepted=1 rejected=0 numeric_retry=0 products=2 pcg_products=1 seconds=0.080783401
PCG_PREP o=13 rebuild=1 drift=0 previous_depth=1
COARSE_PREP o=13 retry=0 rank=50 usable=1 fallback=none seconds=0.028677835 blocks=512 lloyd=2 empty_repairs=0
POINT_SAFE o=13 frozen=217 slope=-4004.4747702613968 candidate=1951447.0033446075 original=1952283.6901503387 current=1952636.0134794931 won=1 mode=1 camera_scale=1 keep_scale=0
ATTR_RADIUS o=13 raw_norm=21458.082331980593 norm=553.82318679567265 radius=553.82318679567243 next_radius=553.82318679567243 lambda=2.5600000000000013e-06 next_lambda=2.5600000000000013e-06 rho=0.36592751834859838 accept=1
CLASSICAL_LM o=13 lambda=2.5600000000000013e-06 tau=2.5600000000000013e-06 prediction=3249.3050543218528 rho=0.36592751834859838 accept=1
  MFCG it  14 cost=1.951447e+06 lam=2.560e-06 tau=0.00e+00 cg_it=0 shift=0 ckpt=1 alpha=0 acc mv=54
ATTEMPT o=13 retry=0 accepted=1 rejected=0 numeric_retry=0 products=2 pcg_products=1 seconds=0.081243751
PCG_PREP o=14 rebuild=1 drift=0 previous_depth=1
COARSE_PREP o=14 retry=0 rank=50 usable=1 fallback=none seconds=0.026642344 blocks=512 lloyd=2 empty_repairs=0
POINT_SAFE o=14 frozen=150 slope=-3508.4033743575478 candidate=1950460.1612113917 original=1951141.6797929527 current=1951447.0033446075 won=1 mode=1 camera_scale=1 keep_scale=0
ATTR_RADIUS o=14 raw_norm=21312.454681534531 norm=553.82318679567243 radius=553.82318679567243 next_radius=553.82318679567243 lambda=2.5600000000000013e-06 next_lambda=2.5600000000000013e-06 rho=0.32085748851980844 accept=1
CLASSICAL_LM o=14 lambda=2.5600000000000013e-06 tau=2.5600000000000013e-06 prediction=3075.6400225171546 rho=0.32085748851980844 accept=1
  MFCG it  15 cost=1.950460e+06 lam=2.560e-06 tau=0.00e+00 cg_it=0 shift=0 ckpt=1 alpha=0 acc mv=56
ATTEMPT o=14 retry=0 accepted=1 rejected=0 numeric_retry=0 products=2 pcg_products=1 seconds=0.07921405
PCG_PREP o=15 rebuild=1 drift=0 previous_depth=1
COARSE_PREP o=15 retry=0 rank=50 usable=1 fallback=none seconds=0.026932604 blocks=512 lloyd=2 empty_repairs=0
POINT_SAFE o=15 frozen=205 slope=-2728.277919462917 candidate=1949401.948695143 original=1902460.362474164 current=1950460.1612113917 won=0 mode=1 camera_scale=1 keep_scale=0
ATTR_RADIUS o=15 raw_norm=21413.512688935589 norm=276.91159339783621 radius=553.82318679567243 next_radius=553.82318679567243 lambda=2.5600000000000013e-06 next_lambda=2.5600000000000012e-07 rho=1.1374978036907952 accept=1
CLASSICAL_LM o=15 lambda=2.5600000000000013e-06 tau=2.5600000000000013e-06 prediction=42197.706739726957 rho=1.1374978036907952 accept=1
  MFCG it  16 cost=1.902460e+06 lam=2.560e-07 tau=0.00e+00 cg_it=0 shift=0 ckpt=1 alpha=0 acc mv=58
ATTEMPT o=15 retry=0 accepted=1 rejected=0 numeric_retry=0 products=2 pcg_products=1 seconds=0.073701877
PCG_PREP o=16 rebuild=1 drift=0 previous_depth=1
COARSE_PREP o=16 retry=0 rank=50 usable=1 fallback=none seconds=0.026869093 blocks=512 lloyd=2 empty_repairs=0
POINT_SAFE o=16 frozen=267 slope=-16108.317382168576 candidate=1894444.5270018217 original=1898670.0867711739 current=1902460.362474164 won=1 mode=1 camera_scale=1 keep_scale=0
ATTR_RADIUS o=16 raw_norm=53055.265334721254 norm=553.8231867956722 radius=553.82318679567243 next_radius=1107.6463735913449 lambda=2.5600000000000012e-07 next_lambda=6.400000000000003e-08 rho=0.9706732433959735 accept=1
CLASSICAL_LM o=16 lambda=2.5600000000000012e-07 tau=2.5600000000000012e-07 prediction=8258.0163065980068 rho=0.9706732433959735 accept=1
  MFCG it  17 cost=1.894445e+06 lam=6.400e-08 tau=0.00e+00 cg_it=0 shift=0 ckpt=1 alpha=0 acc mv=60
ATTEMPT o=16 retry=0 accepted=1 rejected=0 numeric_retry=0 products=2 pcg_products=1 seconds=0.073762417
PCG_PREP o=17 rebuild=1 drift=0 previous_depth=1
COARSE_PREP o=17 retry=0 rank=50 usable=1 fallback=none seconds=0.026948554 blocks=512 lloyd=2 empty_repairs=0
POINT_SAFE o=17 frozen=478 slope=-761.75810230751051 candidate=1894281.6278600767 original=1894337.1636417939 current=1894444.5270018217 won=1 mode=1 camera_scale=1 keep_scale=0
ATTR_RADIUS o=17 raw_norm=74360.982729714568 norm=1107.6463735913446 radius=1107.6463735913449 next_radius=276.91159339783621 lambda=6.400000000000003e-08 next_lambda=1.0240000000000005e-06 rho=0.24600220783892227 accept=1
CLASSICAL_LM o=17 lambda=6.400000000000003e-08 tau=6.400000000000003e-08 prediction=662.18569002277695 rho=0.24600220783892227 accept=1
  MFCG it  18 cost=1.894282e+06 lam=1.024e-06 tau=0.00e+00 cg_it=0 shift=0 ckpt=1 alpha=0 acc mv=62
ATTEMPT o=17 retry=0 accepted=1 rejected=0 numeric_retry=0 products=2 pcg_products=1 seconds=0.074775278
PCG_PREP o=18 rebuild=1 drift=0 previous_depth=1
COARSE_PREP o=18 retry=0 rank=50 usable=1 fallback=none seconds=0.027351403 blocks=512 lloyd=2 empty_repairs=0
POINT_SAFE o=18 frozen=87 slope=-435.83620564065933 candidate=1893932.2379655384 original=1894211.6665715415 current=1894281.6278600767 won=1 mode=1 camera_scale=1 keep_scale=0
ATTR_RADIUS o=18 raw_norm=31502.220809514547 norm=276.9115933978361 radius=276.91159339783621 next_radius=553.82318679567243 lambda=1.0240000000000005e-06 next_lambda=2.5600000000000012e-07 rho=0.92386057282076772 accept=1
CLASSICAL_LM o=18 lambda=1.0240000000000005e-06 tau=1.0240000000000005e-06 prediction=378.18465774716969 rho=0.92386057282076772 accept=1
  MFCG it  19 cost=1.893932e+06 lam=2.560e-07 tau=0.00e+00 cg_it=0 shift=0 ckpt=1 alpha=0 acc mv=64
ATTEMPT o=18 retry=0 accepted=1 rejected=0 numeric_retry=0 products=2 pcg_products=1 seconds=0.075141808
PCG_PREP o=19 rebuild=1 drift=0 previous_depth=1
COARSE_PREP o=19 retry=0 rank=50 usable=1 fallback=none seconds=0.026814223 blocks=512 lloyd=2 empty_repairs=0
POINT_SAFE o=19 frozen=512 slope=-397.18718275087105 candidate=1893676.3119104356 original=1893874.9068238472 current=1893932.2379655384 won=1 mode=1 camera_scale=1 keep_scale=0
ATTR_RADIUS o=19 raw_norm=52072.825416776148 norm=553.82318679567243 radius=553.82318679567243 next_radius=553.82318679567243 lambda=2.5600000000000012e-07 next_lambda=2.5600000000000012e-07 rho=0.64888371899350927 accept=1
CLASSICAL_LM o=19 lambda=2.5600000000000012e-07 tau=2.5600000000000012e-07 prediction=394.4097341505373 rho=0.64888371899350927 accept=1
  MFCG it  20 cost=1.893676e+06 lam=2.560e-07 tau=0.00e+00 cg_it=0 shift=0 ckpt=1 alpha=0 acc mv=66
ATTEMPT o=19 retry=0 accepted=1 rejected=0 numeric_retry=0 products=2 pcg_products=1 seconds=0.074699807
PCG_PREP o=20 rebuild=1 drift=0 previous_depth=1
COARSE_PREP o=20 retry=0 rank=50 usable=1 fallback=none seconds=0.027096224 blocks=512 lloyd=2 empty_repairs=0
POINT_SAFE o=20 frozen=189 slope=-397.58903956313236 candidate=1893418.9216276535 original=1893619.2082900605 current=1893676.3119104356 won=1 mode=1 camera_scale=1 keep_scale=0
ATTR_RADIUS o=20 raw_norm=51781.020023942459 norm=553.82318679567243 radius=553.82318679567243 next_radius=553.82318679567243 lambda=2.5600000000000012e-07 next_lambda=2.5600000000000012e-07 rho=0.65189585652596638 accept=1
CLASSICAL_LM o=20 lambda=2.5600000000000012e-07 tau=2.5600000000000012e-07 prediction=394.83343881596693 rho=0.65189585652596638 accept=1
  MFCG it  21 cost=1.893419e+06 lam=2.560e-07 tau=0.00e+00 cg_it=0 shift=0 ckpt=1 alpha=0 acc mv=68
ATTEMPT o=20 retry=0 accepted=1 rejected=0 numeric_retry=0 products=2 pcg_products=1 seconds=0.074860168
PCG_PREP o=21 rebuild=1 drift=0 previous_depth=1
COARSE_PREP o=21 retry=0 rank=50 usable=1 fallback=none seconds=0.027199424 blocks=512 lloyd=2 empty_repairs=0
POINT_SAFE o=21 frozen=378 slope=-630.40364389524314 candidate=1892819.748876106 original=1893296.8319635673 current=1893418.9216276535 won=1 mode=1 camera_scale=1 keep_scale=0
ATTR_RADIUS o=21 raw_norm=61866.464701123696 norm=553.82318679567243 radius=553.82318679567243 next_radius=1107.6463735913449 lambda=2.5600000000000012e-07 next_lambda=6.400000000000003e-08 rho=0.95572321958080109 accept=1
CLASSICAL_LM o=21 lambda=2.5600000000000012e-07 tau=2.5600000000000012e-07 prediction=626.93124878805895 rho=0.95572321958080109 accept=1
  MFCG it  22 cost=1.892820e+06 lam=6.400e-08 tau=0.00e+00 cg_it=1 shift=0 ckpt=2 alpha=0 acc mv=71
ATTEMPT o=21 retry=0 accepted=1 rejected=0 numeric_retry=0 products=3 pcg_products=2 seconds=0.07812629
PCG_PREP o=22 rebuild=1 drift=0 previous_depth=2
COARSE_PREP o=22 retry=0 rank=50 usable=0 fallback=not_spd seconds=0.026754663 blocks=512 lloyd=2 empty_repairs=0
POINT_SAFE o=22 frozen=309 slope=-868.65059727301389 candidate=1892112.0198600234 original=1892642.4468464176 current=1892819.748876106 won=1 mode=1 camera_scale=1 keep_scale=0
ATTR_RADIUS o=22 raw_norm=90505.267955582967 norm=1107.6463735913458 radius=1107.6463735913449 next_radius=2215.2927471826897 lambda=6.400000000000003e-08 next_lambda=1.6000000000000008e-08 rho=0.82082807214741682 accept=1
CLASSICAL_LM o=22 lambda=6.400000000000003e-08 tau=6.400000000000003e-08 prediction=862.21346478935891 rho=0.82082807214741682 accept=1
  MFCG it  23 cost=1.892112e+06 lam=1.600e-08 tau=0.00e+00 cg_it=1 shift=0 ckpt=2 alpha=0 acc mv=74
ATTEMPT o=22 retry=0 accepted=1 rejected=0 numeric_retry=0 products=3 pcg_products=2 seconds=0.077105209
PCG_PREP o=23 rebuild=1 drift=0 previous_depth=2
COARSE_PREP o=23 retry=0 rank=50 usable=0 fallback=not_spd seconds=0.027171204 blocks=512 lloyd=2 empty_repairs=0
NUMERIC_REPAIR o=23 lambda=1.6000000000000008e-08 rayleigh=-3.1527693664338797e-07 next_lambda=1.3251077465735518e-06 cg=1 rebuild=1
ATTEMPT o=23 retry=0 accepted=0 rejected=0 numeric_retry=1 products=2 pcg_products=2 seconds=0.056663458
PCG_PREP o=23 rebuild=1 drift=0 previous_depth=1
COARSE_PREP o=23 retry=0 rank=50 usable=1 fallback=none seconds=0.026696363 blocks=512 lloyd=2 empty_repairs=0
POINT_SAFE o=23 frozen=943 slope=-2868.3847813137727 candidate=1891159.2213466272 original=1891523.4847184604 current=1892112.0198600234 won=1 mode=1 camera_scale=1 keep_scale=0
ATTR_RADIUS o=23 raw_norm=27238.251230488841 norm=2215.2927471826893 radius=2215.2927471826897 next_radius=2215.2927471826897 lambda=1.3251077465735518e-06 next_lambda=1.3251077465735518e-06 rho=0.34750538879159421 accept=1
CLASSICAL_LM o=23 lambda=1.3251077465735518e-06 tau=1.3251077465735518e-06 prediction=2741.8237072795132 rho=0.34750538879159421 accept=1
  MFCG it  24 cost=1.891159e+06 lam=1.325e-06 tau=0.00e+00 cg_it=0 shift=0 ckpt=1 alpha=0 acc mv=78
ATTEMPT o=23 retry=0 accepted=1 rejected=0 numeric_retry=0 products=2 pcg_products=1 seconds=0.0585995
PCG_PREP o=24 rebuild=1 drift=0 previous_depth=1
COARSE_PREP o=24 retry=0 rank=50 usable=1 fallback=none seconds=0.027349064 blocks=512 lloyd=2 empty_repairs=0
POINT_SAFE o=24 frozen=204 slope=-3128.3989041055738 candidate=1890361.1955797304 original=1890521.8039411402 current=1891159.2213466272 won=1 mode=1 camera_scale=1 keep_scale=0
ATTR_RADIUS o=24 raw_norm=25940.612129613954 norm=2215.2927471826906 radius=2215.2927471826897 next_radius=2215.2927471826897 lambda=1.3251077465735518e-06 next_lambda=1.3251077465735518e-06 rho=0.27261497169351007 accept=1
CLASSICAL_LM o=24 lambda=1.3251077465735518e-06 tau=1.3251077465735518e-06 prediction=2927.2998542206642 rho=0.27261497169351007 accept=1
  MFCG it  25 cost=1.890361e+06 lam=1.325e-06 tau=0.00e+00 cg_it=0 shift=0 ckpt=1 alpha=0 acc mv=80
ATTEMPT o=24 retry=0 accepted=1 rejected=0 numeric_retry=0 products=2 pcg_products=1 seconds=0.075168058
PCG_PREP o=25 rebuild=1 drift=0 previous_depth=1
COARSE_PREP o=25 retry=0 rank=50 usable=1 fallback=none seconds=0.027331384 blocks=512 lloyd=2 empty_repairs=0
POINT_SAFE o=25 frozen=155 slope=-3387.4695193499815 candidate=1889981.7785088827 original=1889686.9306437857 current=1890361.1955797304 won=0 mode=1 camera_scale=1 keep_scale=0
ATTR_RADIUS o=25 raw_norm=25009.204251849991 norm=553.8231867956722 radius=2215.2927471826897 next_radius=2215.2927471826897 lambda=1.3251077465735518e-06 next_lambda=1.3251077465735518e-06 rho=0.71279680401641909 accept=1
CLASSICAL_LM o=25 lambda=1.3251077465735518e-06 tau=1.3251077465735518e-06 prediction=945.94270365045509 rho=0.71279680401641909 accept=1
  MFCG it  26 cost=1.889687e+06 lam=1.325e-06 tau=0.00e+00 cg_it=0 shift=0 ckpt=1 alpha=0 acc mv=82
ATTEMPT o=25 retry=0 accepted=1 rejected=0 numeric_retry=0 products=2 pcg_products=1 seconds=0.075105048
PCG_PREP o=26 rebuild=1 drift=0 previous_depth=1
COARSE_PREP o=26 retry=0 rank=50 usable=1 fallback=none seconds=0.026930994 blocks=512 lloyd=2 empty_repairs=0
ATTR_RADIUS o=26 raw_norm=24962.292484737449 norm=0 radius=2215.2927471826897 next_radius=553.82318679567243 lambda=1.3251077465735518e-06 next_lambda=2.1201723945176829e-05 rho=0.057660124575132636 accept=0
CLASSICAL_LM o=26 lambda=1.3251077465735518e-06 tau=1.3251077465735518e-06 prediction=3244.9921539184506 rho=0.057660124575132636 accept=0
  MFCG it  27  retry 1/8  lam=2.120e-05 tau_eff=1.325e-06  (assembly reused)
ATTEMPT o=26 retry=0 accepted=0 rejected=1 numeric_retry=0 products=2 pcg_products=1 seconds=0.060719641
PCG_PREP o=26 rebuild=1 drift=0 previous_depth=1
COARSE_PREP o=26 retry=1 rank=50 usable=1 fallback=none seconds=0.027179533 blocks=512 lloyd=2 empty_repairs=0
ATTR_RADIUS o=26 raw_norm=7077.6461462807638 norm=553.82318679567243 radius=553.82318679567243 next_radius=1107.6463735913449 lambda=2.1201723945176829e-05 next_lambda=5.3004309862942072e-06 rho=0.9256329174846103 accept=1
CLASSICAL_LM o=26 lambda=2.1201723945176829e-05 tau=2.1201723945176829e-05 prediction=2757.2182401477121 rho=0.9256329174846103 accept=1
  MFCG it  27 cost=1.887135e+06 lam=5.300e-06 tau=0.00e+00 cg_it=0 shift=0 ckpt=1 alpha=0 acc mv=86
ATTEMPT o=26 retry=1 accepted=1 rejected=0 numeric_retry=0 products=2 pcg_products=1 seconds=0.045152102
PCG_PREP o=27 rebuild=1 drift=0 previous_depth=1
COARSE_PREP o=27 retry=0 rank=50 usable=1 fallback=none seconds=0.027031263 blocks=512 lloyd=2 empty_repairs=0
POINT_SAFE o=27 frozen=275 slope=-2759.8993063879752 candidate=1884445.9865075615 original=1886408.9067276008 current=1887134.758680016 won=1 mode=1 camera_scale=1 keep_scale=0
ATTR_RADIUS o=27 raw_norm=25442.262932704223 norm=1107.6463735913444 radius=1107.6463735913449 next_radius=2215.2927471826897 lambda=5.3004309862942072e-06 next_lambda=1.3251077465735518e-06 rho=1.0018965240107207 accept=1
CLASSICAL_LM o=27 lambda=5.3004309862942072e-06 tau=5.3004309862942072e-06 prediction=2683.6825041482434 rho=1.0018965240107207 accept=1
  MFCG it  28 cost=1.884446e+06 lam=1.325e-06 tau=0.00e+00 cg_it=1 shift=0 ckpt=2 alpha=0 acc mv=89
ATTEMPT o=27 retry=0 accepted=1 rejected=0 numeric_retry=0 products=3 pcg_products=2 seconds=0.07694939
PCG_PREP o=28 rebuild=1 drift=0 previous_depth=2
COARSE_PREP o=28 retry=0 rank=50 usable=1 fallback=none seconds=0.026928004 blocks=512 lloyd=2 empty_repairs=0
POINT_SAFE o=28 frozen=204 slope=-3926.7307796967202 candidate=1880599.7470682282 original=1883023.0248397931 current=1884445.9865075615 won=1 mode=1 camera_scale=1 keep_scale=0
ATTR_RADIUS o=28 raw_norm=35526.76482608611 norm=2215.2927471826897 radius=2215.2927471826897 next_radius=4430.5854943653794 lambda=1.3251077465735518e-06 next_lambda=1.3251077465735518e-06 rho=1.0172541890278386 accept=1
CLASSICAL_LM o=28 lambda=1.3251077465735518e-06 tau=1.3251077465735518e-06 prediction=3781.0013277104981 rho=1.0172541890278386 accept=1
  MFCG it  29 cost=1.880600e+06 lam=1.325e-06 tau=0.00e+00 cg_it=1 shift=0 ckpt=2 alpha=0 acc mv=92
ATTEMPT o=28 retry=0 accepted=1 rejected=0 numeric_retry=0 products=3 pcg_products=2 seconds=0.076828029
PCG_PREP o=29 rebuild=1 drift=0 previous_depth=2
COARSE_PREP o=29 retry=0 rank=50 usable=1 fallback=none seconds=0.027204824 blocks=512 lloyd=2 empty_repairs=0
POINT_SAFE o=29 frozen=385 slope=-7625.0517210299886 candidate=1873361.3310103975 original=1877214.2968299678 current=1880599.7470682282 won=1 mode=1 camera_scale=1 keep_scale=0
ATTR_RADIUS o=29 raw_norm=33547.634460557485 norm=4430.5854943653776 radius=4430.5854943653794 next_radius=8861.1709887307588 lambda=1.3251077465735518e-06 next_lambda=1.3251077465735518e-06 rho=1.0224701772412497 accept=1
CLASSICAL_LM o=29 lambda=1.3251077465735518e-06 tau=1.3251077465735518e-06 prediction=7079.3419885955136 rho=1.0224701772412497 accept=1
  MFCG it  30 cost=1.873361e+06 lam=1.325e-06 tau=0.00e+00 cg_it=1 shift=0 ckpt=2 alpha=0 acc mv=95
ATTEMPT o=29 retry=0 accepted=1 rejected=0 numeric_retry=0 products=3 pcg_products=2 seconds=0.077081559
PCG_PREP o=30 rebuild=1 drift=0 previous_depth=2
COARSE_PREP o=30 retry=0 rank=50 usable=1 fallback=none seconds=0.026658004 blocks=512 lloyd=2 empty_repairs=0
POINT_SAFE o=30 frozen=562 slope=-14984.963245064118 candidate=1860661.5472389988 original=1866478.8744368355 current=1873361.3310103975 won=1 mode=1 camera_scale=1 keep_scale=0
ATTR_RADIUS o=30 raw_norm=36117.135708802547 norm=8861.1709887307534 radius=8861.1709887307588 next_radius=17722.341977461518 lambda=1.3251077465735518e-06 next_lambda=1.3251077465735518e-06 rho=0.98505111286463487 accept=1
CLASSICAL_LM o=30 lambda=1.3251077465735518e-06 tau=1.3251077465735518e-06 prediction=12892.51248543476 rho=0.98505111286463487 accept=1
  MFCG it  31 cost=1.860662e+06 lam=1.325e-06 tau=0.00e+00 cg_it=2 shift=0 ckpt=3 alpha=0 acc mv=99
ATTEMPT o=30 retry=0 accepted=1 rejected=0 numeric_retry=0 products=4 pcg_products=3 seconds=0.079645511
PCG_PREP o=31 rebuild=1 drift=0 previous_depth=3
COARSE_PREP o=31 retry=0 rank=50 usable=1 fallback=none seconds=0.026846683 blocks=512 lloyd=2 empty_repairs=0
POINT_SAFE o=31 frozen=1129 slope=-32778.656108917909 candidate=2095137.9311236867 original=1855708.8609617252 current=1860661.5472389988 won=0 mode=1 camera_scale=1 keep_scale=0
ATTR_RADIUS o=31 raw_norm=42994.5647287588 norm=4430.5854943653776 radius=17722.341977461518 next_radius=17722.341977461518 lambda=1.3251077465735518e-06 next_lambda=1.3251077465735518e-06 rho=0.62090294081316422 accept=1
CLASSICAL_LM o=31 lambda=1.3251077465735518e-06 tau=1.3251077465735518e-06 prediction=7976.586921600503 rho=0.62090294081316422 accept=1
  MFCG it  32 cost=1.855709e+06 lam=1.325e-06 tau=0.00e+00 cg_it=4 shift=0 ckpt=5 alpha=0 acc mv=105
ATTEMPT o=31 retry=0 accepted=1 rejected=0 numeric_retry=0 products=6 pcg_products=5 seconds=0.086869613
PCG_PREP o=32 rebuild=1 drift=0 previous_depth=5
COARSE_PREP o=32 retry=0 rank=50 usable=1 fallback=none seconds=0.026796324 blocks=512 lloyd=2 empty_repairs=0
POINT_SAFE o=32 frozen=906 slope=-17930.334562530392 candidate=6003588.7384145791 original=1855514.3826813931 current=1855708.8609617252 won=0 mode=1 camera_scale=1 keep_scale=0
ATTR_RADIUS o=32 raw_norm=20088.258848850783 norm=1107.6463735913442 radius=17722.341977461518 next_radius=4430.5854943653794 lambda=1.3251077465735518e-06 next_lambda=2.1201723945176829e-05 rho=0.17833119410905299 accept=1
CLASSICAL_LM o=32 lambda=1.3251077465735518e-06 tau=1.3251077465735518e-06 prediction=1090.5454948798529 rho=0.17833119410905299 accept=1
  MFCG it  33 cost=1.855514e+06 lam=2.120e-05 tau=0.00e+00 cg_it=0 shift=0 ckpt=1 alpha=0 acc mv=107
ATTEMPT o=32 retry=0 accepted=1 rejected=0 numeric_retry=0 products=2 pcg_products=1 seconds=0.076480979
PCG_PREP o=33 rebuild=1 drift=0 previous_depth=1
COARSE_PREP o=33 retry=0 rank=50 usable=1 fallback=none seconds=0.026737734 blocks=512 lloyd=2 empty_repairs=0
POINT_SAFE o=33 frozen=273 slope=-19222.240535024066 candidate=1855944.7391712402 original=1849441.7173663417 current=1855514.3826813931 won=0 mode=1 camera_scale=1 keep_scale=0
ATTR_RADIUS o=33 raw_norm=4059.0772504704496 norm=2029.5386252352248 radius=4430.5854943653794 next_radius=4430.5854943653794 lambda=2.1201723945176829e-05 next_lambda=2.1201723945176829e-06 rho=0.83578745662555598 accept=1
CLASSICAL_LM o=33 lambda=2.1201723945176829e-05 tau=2.1201723945176829e-05 prediction=7265.800972378036 rho=0.83578745662555598 accept=1
  MFCG it  34 cost=1.849442e+06 lam=2.120e-06 tau=0.00e+00 cg_it=0 shift=0 ckpt=1 alpha=0 acc mv=109
ATTEMPT o=33 retry=0 accepted=1 rejected=0 numeric_retry=0 products=2 pcg_products=1 seconds=0.073575347
PCG_PREP o=34 rebuild=1 drift=0 previous_depth=1
COARSE_PREP o=34 retry=0 rank=50 usable=1 fallback=none seconds=0.027070494 blocks=512 lloyd=2 empty_repairs=0
ATTR_RADIUS o=34 raw_norm=61998.873202966432 norm=4430.5854943653785 radius=4430.5854943653794 next_radius=8861.1709887307588 lambda=2.1201723945176829e-06 next_lambda=1.3251077465735518e-06 rho=0.95012432997775387 accept=1
CLASSICAL_LM o=34 lambda=2.1201723945176829e-06 tau=2.1201723945176829e-06 prediction=15333.248433483717 rho=0.95012432997775387 accept=1
  MFCG it  35 cost=1.834873e+06 lam=1.325e-06 tau=0.00e+00 cg_it=41 shift=0 ckpt=42 alpha=0 acc mv=152
ATTEMPT o=34 retry=0 accepted=1 rejected=0 numeric_retry=0 products=43 pcg_products=42 seconds=0.186173504
PCG_PREP o=35 rebuild=1 drift=0 previous_depth=42
COARSE_PREP o=35 retry=0 rank=50 usable=1 fallback=none seconds=0.026927863 blocks=512 lloyd=2 empty_repairs=0
POINT_SAFE o=35 frozen=457 slope=-17257.672857109759 candidate=1822075.469344167 original=1827508.1954099385 current=1834873.2249720956 won=1 mode=1 camera_scale=1 keep_scale=0
ATTR_RADIUS o=35 raw_norm=68651.010305652715 norm=8861.1709887307607 radius=8861.1709887307588 next_radius=17722.341977461518 lambda=1.3251077465735518e-06 next_lambda=1.3251077465735518e-06 rho=0.82284405915558501 accept=1
CLASSICAL_LM o=35 lambda=1.3251077465735518e-06 tau=1.3251077465735518e-06 prediction=15553.075319109412 rho=0.82284405915558501 accept=1
  MFCG it  36 cost=1.822075e+06 lam=1.325e-06 tau=0.00e+00 cg_it=15 shift=0 ckpt=16 alpha=0 acc mv=169
ATTEMPT o=35 retry=0 accepted=1 rejected=0 numeric_retry=0 products=17 pcg_products=16 seconds=0.119459981
PCG_PREP o=36 rebuild=1 drift=0 previous_depth=16
COARSE_PREP o=36 retry=0 rank=50 usable=1 fallback=none seconds=0.027012424 blocks=512 lloyd=2 empty_repairs=0
POINT_SAFE o=36 frozen=1065 slope=-13439.351034018793 candidate=6186213.7749313442 original=1821942.2073736545 current=1822075.469344167 won=0 mode=1 camera_scale=1 keep_scale=0
ATTR_RADIUS o=36 raw_norm=21506.534553702248 norm=1107.6463735913449 radius=17722.341977461518 next_radius=4430.5854943653794 lambda=1.3251077465735518e-06 next_lambda=2.1201723945176829e-05 rho=0.16334816784626208 accept=1
CLASSICAL_LM o=36 lambda=1.3251077465735518e-06 tau=1.3251077465735518e-06 prediction=815.81552012258101 rho=0.16334816784626208 accept=1
  MFCG it  37 cost=1.821942e+06 lam=2.120e-05 tau=0.00e+00 cg_it=0 shift=0 ckpt=1 alpha=0 acc mv=171
ATTEMPT o=36 retry=0 accepted=1 rejected=0 numeric_retry=0 products=2 pcg_products=1 seconds=0.076777999
PCG_PREP o=37 rebuild=1 drift=0 previous_depth=1
COARSE_PREP o=37 retry=0 rank=50 usable=1 fallback=none seconds=0.027408463 blocks=512 lloyd=2 empty_repairs=0
POINT_SAFE o=37 frozen=567 slope=-14079.677323373642 candidate=1825306.1280567308 original=1818406.9477803512 current=1821942.2073736545 won=0 mode=1 camera_scale=1 keep_scale=0
ATTR_RADIUS o=37 raw_norm=4781.287928466013 norm=2215.2927471826897 radius=4430.5854943653794 next_radius=4430.5854943653794 lambda=2.1201723945176829e-05 next_lambda=2.1201723945176829e-06 rho=0.66355588106926222 accept=1
CLASSICAL_LM o=37 lambda=2.1201723945176829e-05 tau=2.1201723945176829e-05 prediction=5327.7496201323002 rho=0.66355588106926222 accept=1
  MFCG it  38 cost=1.818407e+06 lam=2.120e-06 tau=0.00e+00 cg_it=0 shift=0 ckpt=1 alpha=0 acc mv=173
ATTEMPT o=37 retry=0 accepted=1 rejected=0 numeric_retry=0 products=2 pcg_products=1 seconds=0.074299987
PCG_PREP o=38 rebuild=1 drift=0 previous_depth=1
COARSE_PREP o=38 retry=0 rank=50 usable=1 fallback=none seconds=0.026656184 blocks=512 lloyd=2 empty_repairs=0
ATTR_RADIUS o=38 raw_norm=53390.912020358977 norm=4430.5854943653785 radius=4430.5854943653794 next_radius=8861.1709887307588 lambda=2.1201723945176829e-06 next_lambda=1.3251077465735518e-06 rho=0.8761981343847397 accept=1
CLASSICAL_LM o=38 lambda=2.1201723945176829e-06 tau=2.1201723945176829e-06 prediction=8049.2749459783408 rho=0.8761981343847397 accept=1
  MFCG it  39 cost=1.811354e+06 lam=1.325e-06 tau=0.00e+00 cg_it=11 shift=0 ckpt=12 alpha=0 acc mv=186
ATTEMPT o=38 retry=0 accepted=1 rejected=0 numeric_retry=0 products=13 pcg_products=12 seconds=0.094168708
PCG_PREP o=39 rebuild=1 drift=0 previous_depth=12
COARSE_PREP o=39 retry=0 rank=50 usable=1 fallback=none seconds=0.027232974 blocks=512 lloyd=2 empty_repairs=0
ATTR_RADIUS o=39 raw_norm=59843.968922332177 norm=8861.170988730757 radius=8861.1709887307588 next_radius=8861.1709887307588 lambda=1.3251077465735518e-06 next_lambda=1.3251077465735518e-06 rho=0.74532777180316978 accept=1
CLASSICAL_LM o=39 lambda=1.3251077465735518e-06 tau=1.3251077465735518e-06 prediction=12791.12719160181 rho=0.74532777180316978 accept=1
  MFCG it  40 cost=1.801821e+06 lam=1.325e-06 tau=0.00e+00 cg_it=13 shift=0 ckpt=14 alpha=0 acc mv=201
ATTEMPT o=39 retry=0 accepted=1 rejected=0 numeric_retry=0 products=15 pcg_products=14 seconds=0.100784351
PCG_PREP o=40 rebuild=1 drift=0 previous_depth=14
COARSE_PREP o=40 retry=0 rank=50 usable=1 fallback=none seconds=0.026876853 blocks=512 lloyd=2 empty_repairs=0
POINT_SAFE o=40 frozen=648 slope=-9716.4170532856806 candidate=1984630.9553506346 original=1801254.7555536681 current=1801820.6057609676 won=0 mode=1 camera_scale=1 keep_scale=0
ATTR_RADIUS o=40 raw_norm=18885.246985923994 norm=1107.6463735913444 radius=8861.1709887307588 next_radius=8861.1709887307588 lambda=1.3251077465735518e-06 next_lambda=1.3251077465735518e-06 rho=0.48950310161844468 accept=1
CLASSICAL_LM o=40 lambda=1.3251077465735518e-06 tau=1.3251077465735518e-06 prediction=1155.9685841184428 rho=0.48950310161844468 accept=1
  MFCG it  41 cost=1.801255e+06 lam=1.325e-06 tau=0.00e+00 cg_it=0 shift=0 ckpt=1 alpha=0 acc mv=203
ATTEMPT o=40 retry=0 accepted=1 rejected=0 numeric_retry=0 products=2 pcg_products=1 seconds=0.075697938
PCG_PREP o=41 rebuild=1 drift=0 previous_depth=1
COARSE_PREP o=41 retry=0 rank=50 usable=1 fallback=none seconds=0.028476975 blocks=512 lloyd=2 empty_repairs=0
POINT_SAFE o=41 frozen=577 slope=-8990.2155338932535 candidate=1974869.3136647714 original=1800782.9165192374 current=1801254.7555536681 won=0 mode=1 camera_scale=1 keep_scale=0
ATTR_RADIUS o=41 raw_norm=18395.813433123119 norm=1107.6463735913446 radius=8861.1709887307588 next_radius=8861.1709887307588 lambda=1.3251077465735518e-06 next_lambda=1.3251077465735518e-06 rho=0.44041598198057569 accept=1
CLASSICAL_LM o=41 lambda=1.3251077465735518e-06 tau=1.3251077465735518e-06 prediction=1071.34857438369 rho=0.44041598198057569 accept=1
  MFCG it  42 cost=1.800783e+06 lam=1.325e-06 tau=0.00e+00 cg_it=0 shift=0 ckpt=1 alpha=0 acc mv=205
ATTEMPT o=41 retry=0 accepted=1 rejected=0 numeric_retry=0 products=2 pcg_products=1 seconds=0.077496629
PCG_PREP o=42 rebuild=1 drift=0 previous_depth=1
COARSE_PREP o=42 retry=0 rank=50 usable=1 fallback=none seconds=0.026961144 blocks=512 lloyd=2 empty_repairs=0
POINT_SAFE o=42 frozen=544 slope=-8498.9213463900578 candidate=1962238.2085329443 original=1800366.377245672 current=1800782.9165192374 won=0 mode=1 camera_scale=1 keep_scale=0
ATTR_RADIUS o=42 raw_norm=17884.775836260716 norm=1107.6463735913446 radius=8861.1709887307588 next_radius=8861.1709887307588 lambda=1.3251077465735518e-06 next_lambda=1.3251077465735518e-06 rho=0.41071806441768172 accept=1
CLASSICAL_LM o=42 lambda=1.3251077465735518e-06 tau=1.3251077465735518e-06 prediction=1014.1732483960108 rho=0.41071806441768172 accept=1
  MFCG it  43 cost=1.800366e+06 lam=1.325e-06 tau=0.00e+00 cg_it=0 shift=0 ckpt=1 alpha=0 acc mv=207
ATTEMPT o=42 retry=0 accepted=1 rejected=0 numeric_retry=0 products=2 pcg_products=1 seconds=0.075746748
PCG_PREP o=43 rebuild=1 drift=0 previous_depth=1
COARSE_PREP o=43 retry=0 rank=50 usable=1 fallback=none seconds=0.026628413 blocks=512 lloyd=2 empty_repairs=0
POINT_SAFE o=43 frozen=515 slope=-8171.2421661940816 candidate=1947642.601426281 original=1799975.1062986071 current=1800366.377245672 won=0 mode=1 camera_scale=1 keep_scale=0
ATTR_RADIUS o=43 raw_norm=17361.185404992553 norm=1107.6463735913446 radius=8861.1709887307588 next_radius=8861.1709887307588 lambda=1.3251077465735518e-06 next_lambda=1.3251077465735518e-06 rho=0.40079755458779359 accept=1
CLASSICAL_LM o=43 lambda=1.3251077465735518e-06 tau=1.3251077465735518e-06 prediction=976.2308741314057 rho=0.40079755458779359 accept=1
  MFCG it  44 cost=1.799975e+06 lam=1.325e-06 tau=0.00e+00 cg_it=0 shift=0 ckpt=1 alpha=0 acc mv=209
ATTEMPT o=43 retry=0 accepted=1 rejected=0 numeric_retry=0 products=2 pcg_products=1 seconds=0.075487788
PCG_PREP o=44 rebuild=1 drift=0 previous_depth=1
COARSE_PREP o=44 retry=0 rank=50 usable=1 fallback=none seconds=0.026865243 blocks=512 lloyd=2 empty_repairs=0
POINT_SAFE o=44 frozen=490 slope=-7954.945336588491 candidate=1931834.9726330771 original=1799586.460638152 current=1799975.1062986071 won=0 mode=1 camera_scale=1 keep_scale=0
ATTR_RADIUS o=44 raw_norm=16832.299828543379 norm=1107.6463735913444 radius=8861.1709887307588 next_radius=8861.1709887307588 lambda=1.3251077465735518e-06 next_lambda=1.3251077465735518e-06 rho=0.4086477684577613 accept=1
CLASSICAL_LM o=44 lambda=1.3251077465735518e-06 tau=1.3251077465735518e-06 prediction=951.0529371587088 rho=0.4086477684577613 accept=1
  MFCG it  45 cost=1.799586e+06 lam=1.325e-06 tau=0.00e+00 cg_it=0 shift=0 ckpt=1 alpha=0 acc mv=211
ATTEMPT o=44 retry=0 accepted=1 rejected=0 numeric_retry=0 products=2 pcg_products=1 seconds=0.075645668
PCG_PREP o=45 rebuild=1 drift=0 previous_depth=1
COARSE_PREP o=45 retry=0 rank=50 usable=1 fallback=none seconds=0.027362994 blocks=512 lloyd=2 empty_repairs=0
POINT_SAFE o=45 frozen=469 slope=-7807.0984940523595 candidate=1915417.6190297524 original=1799184.067266223 current=1799586.460638152 won=0 mode=1 camera_scale=1 keep_scale=0
ATTR_RADIUS o=45 raw_norm=16304.556157881672 norm=1107.6463735913444 radius=8861.1709887307588 next_radius=8861.1709887307588 lambda=1.3251077465735518e-06 next_lambda=1.3251077465735518e-06 rho=0.43100699165125983 accept=1
CLASSICAL_LM o=45 lambda=1.3251077465735518e-06 tau=1.3251077465735518e-06 prediction=933.61216807020378 rho=0.43100699165125983 accept=1
  MFCG it  46 cost=1.799184e+06 lam=1.325e-06 tau=0.00e+00 cg_it=0 shift=0 ckpt=1 alpha=0 acc mv=213
ATTEMPT o=45 retry=0 accepted=1 rejected=0 numeric_retry=0 products=2 pcg_products=1 seconds=0.076134188
PCG_PREP o=46 rebuild=1 drift=0 previous_depth=1
COARSE_PREP o=46 retry=0 rank=50 usable=1 fallback=none seconds=0.026779613 blocks=512 lloyd=2 empty_repairs=0
POINT_SAFE o=46 frozen=492 slope=-7696.1895524574102 candidate=1898861.6515961224 original=1798756.7409772901 current=1799184.067266223 won=0 mode=1 camera_scale=1 keep_scale=0
ATTR_RADIUS o=46 raw_norm=15783.552127261866 norm=1107.6463735913451 radius=8861.1709887307588 next_radius=8861.1709887307588 lambda=1.3251077465735518e-06 next_lambda=1.3251077465735518e-06 rho=0.46444867557266406 accept=1
CLASSICAL_LM o=46 lambda=1.3251077465735518e-06 tau=1.3251077465735518e-06 prediction=920.07214447547335 rho=0.46444867557266406 accept=1
  MFCG it  47 cost=1.798757e+06 lam=1.325e-06 tau=0.00e+00 cg_it=0 shift=0 ckpt=1 alpha=0 acc mv=215
ATTEMPT o=46 retry=0 accepted=1 rejected=0 numeric_retry=0 products=2 pcg_products=1 seconds=0.075591618
PCG_PREP o=47 rebuild=1 drift=0 previous_depth=1
COARSE_PREP o=47 retry=0 rank=50 usable=1 fallback=none seconds=0.026866823 blocks=512 lloyd=2 empty_repairs=0
POINT_SAFE o=47 frozen=504 slope=-7596.1521965117481 candidate=1882555.1691594669 original=1798297.7637081246 current=1798756.7409772901 won=0 mode=1 camera_scale=1 keep_scale=0
ATTR_RADIUS o=47 raw_norm=15273.252187910257 norm=1107.6463735913451 radius=8861.1709887307588 next_radius=8861.1709887307588 lambda=1.3251077465735518e-06 next_lambda=1.3251077465735518e-06 rho=0.50579772121582589 accept=1
CLASSICAL_LM o=47 lambda=1.3251077465735518e-06 tau=1.3251077465735518e-06 prediction=907.43245750924075 rho=0.50579772121582589 accept=1
  MFCG it  48 cost=1.798298e+06 lam=1.325e-06 tau=0.00e+00 cg_it=0 shift=0 ckpt=1 alpha=0 acc mv=217
ATTEMPT o=47 retry=0 accepted=1 rejected=0 numeric_retry=0 products=2 pcg_products=1 seconds=0.075662178
PCG_PREP o=48 rebuild=1 drift=0 previous_depth=1
COARSE_PREP o=48 retry=0 rank=50 usable=1 fallback=none seconds=0.026668673 blocks=512 lloyd=2 empty_repairs=0
POINT_SAFE o=48 frozen=519 slope=-7486.7018347985368 candidate=1866828.2161377855 original=1798213.4200993027 current=1798297.7637081246 won=0 mode=1 camera_scale=1 keep_scale=0
ATTR_RADIUS o=48 raw_norm=14776.912699594104 norm=8861.1709887307607 radius=8861.1709887307588 next_radius=2215.2927471826897 lambda=1.3251077465735518e-06 next_lambda=2.1201723945176829e-05 rho=0.049337081566203686 accept=0
CLASSICAL_LM o=48 lambda=1.3251077465735518e-06 tau=1.3251077465735518e-06 prediction=1709.5378596481708 rho=0.049337081566203686 accept=0
  MFCG it  49  retry 1/8  lam=2.120e-05 tau_eff=1.325e-06  (assembly reused)
ATTEMPT o=48 retry=0 accepted=0 rejected=1 numeric_retry=0 products=2 pcg_products=1 seconds=0.074434527
PCG_PREP o=48 rebuild=1 drift=0 previous_depth=1
COARSE_PREP o=48 retry=1 rank=50 usable=1 fallback=none seconds=0.026946544 blocks=512 lloyd=2 empty_repairs=0
ATTR_RADIUS o=48 raw_norm=3955.1095783334672 norm=2215.2927471826888 radius=2215.2927471826897 next_radius=4430.5854943653794 lambda=2.1201723945176829e-05 next_lambda=5.3004309862942072e-06 rho=0.92068629179736317 accept=1
CLASSICAL_LM o=48 lambda=2.1201723945176829e-05 tau=2.1201723945176829e-05 prediction=4650.2534601658936 rho=0.92068629179736317 accept=1
  MFCG it  49 cost=1.794016e+06 lam=5.300e-06 tau=0.00e+00 cg_it=0 shift=0 ckpt=1 alpha=0 acc mv=221
ATTEMPT o=48 retry=1 accepted=1 rejected=0 numeric_retry=0 products=2 pcg_products=1 seconds=0.044946352
PCG_PREP o=49 rebuild=1 drift=0 previous_depth=1
COARSE_PREP o=49 retry=0 rank=50 usable=1 fallback=none seconds=0.027065254 blocks=512 lloyd=2 empty_repairs=0
ATTR_RADIUS o=49 raw_norm=38178.359794167001 norm=4430.5854943653803 radius=4430.5854943653794 next_radius=8861.1709887307588 lambda=5.3004309862942072e-06 next_lambda=1.3251077465735518e-06 rho=0.97964950467812673 accept=1
CLASSICAL_LM o=49 lambda=5.3004309862942072e-06 tau=5.3004309862942072e-06 prediction=10802.571667963572 rho=0.97964950467812673 accept=1
  MFCG it  50 cost=1.783434e+06 lam=1.325e-06 tau=0.00e+00 cg_it=23 shift=0 ckpt=24 alpha=0 acc mv=246
ATTEMPT o=49 retry=0 accepted=1 rejected=0 numeric_retry=0 products=25 pcg_products=24 seconds=0.131132006
PCG_PREP o=50 rebuild=1 drift=0 previous_depth=24
COARSE_PREP o=50 retry=0 rank=50 usable=1 fallback=none seconds=0.026605133 blocks=512 lloyd=2 empty_repairs=0
ATTR_RADIUS o=50 raw_norm=62660.630761771135 norm=8861.1709887307588 radius=8861.1709887307588 next_radius=17722.341977461518 lambda=1.3251077465735518e-06 next_lambda=1.3251077465735518e-06 rho=0.8872781522062293 accept=1
CLASSICAL_LM o=50 lambda=1.3251077465735518e-06 tau=1.3251077465735518e-06 prediction=14708.582170467249 rho=0.8872781522062293 accept=1
  MFCG it  51 cost=1.770383e+06 lam=1.325e-06 tau=0.00e+00 cg_it=33 shift=0 ckpt=34 alpha=0 acc mv=281
ATTEMPT o=50 retry=0 accepted=1 rejected=0 numeric_retry=0 products=35 pcg_products=34 seconds=0.161260991
PCG_PREP o=51 rebuild=1 drift=0 previous_depth=34
COARSE_PREP o=51 retry=0 rank=50 usable=1 fallback=none seconds=0.026682214 blocks=512 lloyd=2 empty_repairs=0
POINT_SAFE o=51 frozen=371 slope=-29645.016064582203 candidate=1763985.0161687857 original=1759721.0876784141 current=1770383.0015004105 won=0 mode=1 camera_scale=1 keep_scale=0
ATTR_RADIUS o=51 raw_norm=58392.30562593443 norm=8861.1709887307607 radius=17722.341977461518 next_radius=17722.341977461518 lambda=1.3251077465735518e-06 next_lambda=1.3251077465735518e-06 rho=0.81584161747355921 accept=1
CLASSICAL_LM o=51 lambda=1.3251077465735518e-06 tau=1.3251077465735518e-06 prediction=13068.607427767029 rho=0.81584161747355921 accept=1
  MFCG it  52 cost=1.759721e+06 lam=1.325e-06 tau=0.00e+00 cg_it=30 shift=0 ckpt=31 alpha=0 acc mv=313
ATTEMPT o=51 retry=0 accepted=1 rejected=0 numeric_retry=0 products=32 pcg_products=31 seconds=0.165164014
PCG_PREP o=52 rebuild=1 drift=0 previous_depth=31
COARSE_PREP o=52 retry=0 rank=50 usable=1 fallback=none seconds=0.026771814 blocks=512 lloyd=2 empty_repairs=0
POINT_SAFE o=52 frozen=867 slope=-20750.936702901818 candidate=1789756.8272786825 original=1756083.7020305747 current=1759721.0876784141 won=0 mode=1 camera_scale=1 keep_scale=0
ATTR_RADIUS o=52 raw_norm=33065.612318018219 norm=8861.1709887307534 radius=17722.341977461518 next_radius=17722.341977461518 lambda=1.3251077465735518e-06 next_lambda=1.3251077465735518e-06 rho=0.42918990587674938 accept=1
CLASSICAL_LM o=52 lambda=1.3251077465735518e-06 tau=1.3251077465735518e-06 prediction=8475.002785559338 rho=0.42918990587674938 accept=1
  MFCG it  53 cost=1.756084e+06 lam=1.325e-06 tau=0.00e+00 cg_it=6 shift=0 ckpt=7 alpha=0 acc mv=321
ATTEMPT o=52 retry=0 accepted=1 rejected=0 numeric_retry=0 products=8 pcg_products=7 seconds=0.091952536
PCG_PREP o=53 rebuild=1 drift=0 previous_depth=7
COARSE_PREP o=53 retry=0 rank=50 usable=1 fallback=none seconds=0.026842704 blocks=512 lloyd=2 empty_repairs=0
POINT_SAFE o=53 frozen=993 slope=-19208.526046055165 candidate=1773969.0783369385 original=1751575.9823397775 current=1756083.7020305747 won=0 mode=1 camera_scale=1 keep_scale=0
ATTR_RADIUS o=53 raw_norm=15188.410173018152 norm=7594.205086509076 radius=17722.341977461518 next_radius=17722.341977461518 lambda=1.3251077465735518e-06 next_lambda=1.3251077465735518e-06 rho=0.61911498137869947 accept=1
CLASSICAL_LM o=53 lambda=1.3251077465735518e-06 tau=1.3251077465735518e-06 prediction=7280.908759078915 rho=0.61911498137869947 accept=1
  MFCG it  54 cost=1.751576e+06 lam=1.325e-06 tau=0.00e+00 cg_it=0 shift=0 ckpt=1 alpha=0 acc mv=323
ATTEMPT o=53 retry=0 accepted=1 rejected=0 numeric_retry=0 products=2 pcg_products=1 seconds=0.073739297
PCG_PREP o=54 rebuild=1 drift=0 previous_depth=1
COARSE_PREP o=54 retry=0 rank=50 usable=1 fallback=none seconds=0.026857934 blocks=512 lloyd=2 empty_repairs=0
POINT_SAFE o=54 frozen=606 slope=-13026.71132012465 candidate=1748953.4566037953 original=1748000.823317538 current=1751575.9823397775 won=0 mode=1 camera_scale=1 keep_scale=0
ATTR_RADIUS o=54 raw_norm=11032.216286477358 norm=5516.1081432386791 radius=17722.341977461518 next_radius=17722.341977461518 lambda=1.3251077465735518e-06 next_lambda=1.3251077465735518e-06 rho=0.72775763218303746 accept=1
CLASSICAL_LM o=54 lambda=1.3251077465735518e-06 tau=1.3251077465735518e-06 prediction=4912.5682289516935 rho=0.72775763218303746 accept=1
  MFCG it  55 cost=1.748001e+06 lam=1.325e-06 tau=0.00e+00 cg_it=0 shift=0 ckpt=1 alpha=0 acc mv=325
ATTEMPT o=54 retry=0 accepted=1 rejected=0 numeric_retry=0 products=2 pcg_products=1 seconds=0.073730188
PCG_PREP o=55 rebuild=1 drift=0 previous_depth=1
COARSE_PREP o=55 retry=0 rank=50 usable=1 fallback=none seconds=0.027157223 blocks=512 lloyd=2 empty_repairs=0
POINT_SAFE o=55 frozen=688 slope=-16135.401608361579 candidate=1782299.5233809415 original=1746069.5777538046 current=1748000.823317538 won=0 mode=1 camera_scale=1 keep_scale=0
ATTR_RADIUS o=55 raw_norm=32985.139995123616 norm=8861.1709887307625 radius=17722.341977461518 next_radius=17722.341977461518 lambda=1.3251077465735518e-06 next_lambda=1.3251077465735518e-06 rho=0.29478156926898669 accept=1
CLASSICAL_LM o=55 lambda=1.3251077465735518e-06 tau=1.3251077465735518e-06 prediction=6551.4461047296336 rho=0.29478156926898669 accept=1
  MFCG it  56 cost=1.746070e+06 lam=1.325e-06 tau=0.00e+00 cg_it=6 shift=0 ckpt=7 alpha=0 acc mv=333
ATTEMPT o=55 retry=0 accepted=1 rejected=0 numeric_retry=0 products=8 pcg_products=7 seconds=0.092308726
PCG_PREP o=56 rebuild=1 drift=0 previous_depth=7
COARSE_PREP o=56 retry=0 rank=50 usable=1 fallback=none seconds=0.027051144 blocks=512 lloyd=2 empty_repairs=0
ATTR_RADIUS o=56 raw_norm=12580.580999414582 norm=12580.580999414582 radius=17722.341977461518 next_radius=17722.341977461518 lambda=1.3251077465735518e-06 next_lambda=1.3251077465735518e-06 rho=0.85249582804084656 accept=1
CLASSICAL_LM o=56 lambda=1.3251077465735518e-06 tau=1.3251077465735518e-06 prediction=7704.9888121546528 rho=0.85249582804084656 accept=1
TARGET reached outer=57 seconds=4.739344916 cost=1739501.1069363414 threshold=1744796.9841897595
ATTEMPT o=56 retry=0 accepted=1 rejected=0 numeric_retry=0 products=2 pcg_products=1 seconds=0.060906251
  MFCG: accepts=57 rejects=2 total_matvecs=335 negcurv=1 cand_evals=59 mean_cg_per_outer=5.9
NUMERIC_REPAIR summary rebuilds=1 floor=1.3251077465735518e-06
  [retry-cache] builds=60 reuses=0
  [menu-backtrack] trials=46 rescues=46 evals=171 total_scored=230
POINT_SAFE summary calls=46 evals=46 wins=19 frozen=24362 seconds=0.547538207
  [scoring] menu_evals=59 alpha_evals=0 backtrack_evals=171 total_scored=230
ATTEMPT_SUMMARY attempts=60 products=335 pcg_products=276 seconds=4.72453346 failed_seconds=0.191817626 failed_fraction=0.0406003318 retry_index_seconds=0.090098454 retry_index_fraction=0.0190703389 numeric_attempts=1 timing=host_native_attempt_no_extra_sync
COARSE_SUMMARY activated=1 activation_outer=8 rank=50 attempts=52 applications=288 fallbacks=2 oracle_products=0 setup_seconds=1.41120952 apply_enqueue_seconds=0.001696453
RESULT algo=mfree_shifted_cg iters=57 final_cost=1739501.1069363414 solve_seconds=4.747652
DIAGNOSTICS median_reproj_err_px 2.704502 -> 0.546733 | cheirality_violations(obs) 751 -> 772 | cheirality_violations(pts, of 310854) 725 -> 738
