  [menu-backtrack] active=1 max_evals=8 warmup_accepts=3 confirm_stop=original armijo=1e-4
MIXED_STORAGE fragments=fp32 arithmetic=fp64 state=fp64 acceptance=fp64
  [compact-fragments] active=2 saved_bytes=36105992 storage=fp32 camera_reads=contiguous
  MFCG score_init=11152062.772762468 precision=fp64
PCG_PREP o=0 rebuild=1 drift=0 previous_depth=0
ATTR_RADIUS o=0 raw_norm=3225.3525896296719 norm=3225.3525896296715 radius=3225.3525896296719 next_radius=6450.7051792593438 lambda=0.10000000000000001 next_lambda=0.025000000000000001 rho=0.99997438839510644 accept=1
CLASSICAL_LM o=0 lambda=0.10000000000000001 tau=0.10000000000000001 prediction=8877594.9877400417 rho=0.99997438839510644 accept=1
  MFCG it   1 cost=2.274695e+06 lam=2.500e-02 tau=0.00e+00 cg_it=0 shift=0 ckpt=1 alpha=0 acc mv=2
PCG_PREP o=1 rebuild=1 drift=0 previous_depth=1
ATTR_RADIUS o=1 raw_norm=2647.2316791714588 norm=2647.2316791714588 radius=6450.7051792593438 next_radius=6450.7051792593438 lambda=0.025000000000000001 next_lambda=0.0025000000000000005 rho=0.99732186802085743 accept=1
CLASSICAL_LM o=1 lambda=0.025000000000000001 tau=0.025000000000000001 prediction=749170.87928918714 rho=0.99732186802085743 accept=1
  MFCG it   2 cost=1.527531e+06 lam=2.500e-03 tau=0.00e+00 cg_it=1 shift=0 ckpt=2 alpha=0 acc mv=5
PCG_PREP o=2 rebuild=1 drift=0 previous_depth=2
ATTR_RADIUS o=2 raw_norm=9544.3871513639679 norm=9544.3871513639679 radius=6450.7051792593438 next_radius=1612.676294814836 lambda=0.0025000000000000005 next_lambda=0.040000000000000008 rho=0.99656782743593431 accept=0
CLASSICAL_LM o=2 lambda=0.0025000000000000005 tau=0.0025000000000000005 prediction=484517.73704335804 rho=0.99656782743593431 accept=0
  MFCG it   3  retry 1/8  lam=4.000e-02 tau_eff=2.500e-03  (assembly reused)
PCG_PREP o=2 rebuild=1 drift=0 previous_depth=5
ATTR_RADIUS o=2 raw_norm=1194.0085416439795 norm=1194.0085416439795 radius=1612.676294814836 next_radius=1612.676294814836 lambda=0.040000000000000008 next_lambda=0.004000000000000001 rho=0.99854931881623965 accept=1
CLASSICAL_LM o=2 lambda=0.040000000000000008 tau=0.040000000000000008 prediction=123091.05961755246 rho=0.99854931881623965 accept=1
  MFCG it   3 cost=1.404618e+06 lam=4.000e-03 tau=0.00e+00 cg_it=2 shift=0 ckpt=3 alpha=0 acc mv=15
PCG_PREP o=3 rebuild=1 drift=0 previous_depth=3
ATTR_RADIUS o=3 raw_norm=6382.1772095038887 norm=1612.676294814836 radius=1612.676294814836 next_radius=3225.3525896296719 lambda=0.004000000000000001 next_lambda=0.0010000000000000002 rho=0.99932703496776187 accept=1
CLASSICAL_LM o=3 lambda=0.004000000000000001 tau=0.004000000000000001 prediction=135476.88334442579 rho=0.99932703496776187 accept=1
  MFCG it   4 cost=1.269232e+06 lam=1.000e-03 tau=0.00e+00 cg_it=2 shift=0 ckpt=3 alpha=0 acc mv=19
PCG_PREP o=4 rebuild=1 drift=0 previous_depth=3
ATTR_RADIUS o=4 raw_norm=16311.280734064447 norm=3225.3525896296705 radius=3225.3525896296719 next_radius=6450.7051792593438 lambda=0.0010000000000000002 next_lambda=0.00025000000000000006 rho=1.001932107808033 accept=1
CLASSICAL_LM o=4 lambda=0.0010000000000000002 tau=0.0010000000000000002 prediction=123366.67899977008 rho=1.001932107808033 accept=1
  MFCG it   5 cost=1.145627e+06 lam=2.500e-04 tau=0.00e+00 cg_it=4 shift=0 ckpt=5 alpha=0 acc mv=25
PCG_PREP o=5 rebuild=1 drift=0 previous_depth=5
ATTR_RADIUS o=5 raw_norm=36081.080028169956 norm=6450.7051792593438 radius=6450.7051792593438 next_radius=12901.410358518688 lambda=0.00025000000000000006 next_lambda=6.2500000000000015e-05 rho=1.0073469230730172 accept=1
CLASSICAL_LM o=5 lambda=0.00025000000000000006 tau=0.00025000000000000006 prediction=150934.33176201256 rho=1.0073469230730172 accept=1
  MFCG it   6 cost=9.935842e+05 lam=6.250e-05 tau=0.00e+00 cg_it=6 shift=0 ckpt=7 alpha=0 acc mv=33
PCG_PREP o=6 rebuild=1 drift=0 previous_depth=7
ATTR_RADIUS o=6 raw_norm=58571.144700944329 norm=12901.410358518689 radius=12901.410358518688 next_radius=12901.410358518688 lambda=6.2500000000000015e-05 next_lambda=6.2500000000000015e-05 rho=0.35471800046608126 accept=1
CLASSICAL_LM o=6 lambda=6.2500000000000015e-05 tau=6.2500000000000015e-05 prediction=210458.98865741497 rho=0.35471800046608126 accept=1
  MFCG it   7 cost=9.189306e+05 lam=6.250e-05 tau=0.00e+00 cg_it=7 shift=0 ckpt=8 alpha=0 acc mv=42
PCG_PREP o=7 rebuild=1 drift=0 previous_depth=8
ATTR_RADIUS o=7 raw_norm=46648.010723301028 norm=12901.410358518686 radius=12901.410358518688 next_radius=25802.820717037375 lambda=6.2500000000000015e-05 next_lambda=1.5625000000000004e-05 rho=0.75241568460117059 accept=1
CLASSICAL_LM o=7 lambda=6.2500000000000015e-05 tau=6.2500000000000015e-05 prediction=307076.74051611684 rho=0.75241568460117059 accept=1
  MFCG it   8 cost=6.878812e+05 lam=1.563e-05 tau=0.00e+00 cg_it=7 shift=0 ckpt=8 alpha=0 acc mv=51
PCG_PREP o=8 rebuild=1 drift=0 previous_depth=8
ATTR_RADIUS o=8 raw_norm=59974.712369110763 norm=25802.820717037375 radius=25802.820717037375 next_radius=51605.641434074751 lambda=1.5625000000000004e-05 next_lambda=3.9062500000000009e-06 rho=0.75334394069046573 accept=1
CLASSICAL_LM o=8 lambda=1.5625000000000004e-05 tau=1.5625000000000004e-05 prediction=274140.14490883495 rho=0.75334394069046573 accept=1
  MFCG it   9 cost=4.813594e+05 lam=3.906e-06 tau=0.00e+00 cg_it=8 shift=0 ckpt=9 alpha=0 acc mv=61
PCG_PREP o=9 rebuild=1 drift=0 previous_depth=9
POINT_SAFE o=9 frozen=727 slope=-381928.34407414385 candidate=417155.13799875474 original=413450.79074104503 current=481359.41175106226 won=0 mode=1 camera_scale=1 keep_scale=0
ATTR_RADIUS o=9 raw_norm=51186.469718226785 norm=12796.617429556694 radius=51605.641434074751 next_radius=51605.641434074751 lambda=3.9062500000000009e-06 next_lambda=3.9062500000000012e-07 rho=0.77551866537648551 accept=1
CLASSICAL_LM o=9 lambda=3.9062500000000009e-06 tau=3.9062500000000009e-06 prediction=87565.424330631839 rho=0.77551866537648551 accept=1
  MFCG it  10 cost=4.134508e+05 lam=3.906e-07 tau=0.00e+00 cg_it=6 shift=0 ckpt=7 alpha=0 acc mv=69
PCG_PREP o=10 rebuild=1 drift=0 previous_depth=7
POINT_SAFE o=10 frozen=342 slope=-253869.76243290224 candidate=442887.5724783467 original=376708.86837509729 current=413450.79074104503 won=0 mode=1 camera_scale=1 keep_scale=0
ATTR_RADIUS o=10 raw_norm=61075.823883349905 norm=12901.410358518688 radius=51605.641434074751 next_radius=51605.641434074751 lambda=3.9062500000000012e-07 next_lambda=3.9062500000000016e-08 rho=0.63988757423314546 accept=1
CLASSICAL_LM o=10 lambda=3.9062500000000012e-07 tau=3.9062500000000012e-07 prediction=57419.340280173477 rho=0.63988757423314546 accept=1
  MFCG it  11 cost=3.767089e+05 lam=3.906e-08 tau=0.00e+00 cg_it=5 shift=0 ckpt=6 alpha=0 acc mv=76
PCG_PREP o=11 rebuild=1 drift=0 previous_depth=6
POINT_SAFE o=11 frozen=342 slope=-187280.3525269918 candidate=401567.12978441059 original=349533.13815809792 current=376708.86837509729 won=0 mode=1 camera_scale=1 keep_scale=0
ATTR_RADIUS o=11 raw_norm=43204.595769661937 norm=21602.297884830969 radius=51605.641434074751 next_radius=51605.641434074751 lambda=3.9062500000000016e-08 next_lambda=3.9062500000000015e-09 rho=0.38849005250359314 accept=1
CLASSICAL_LM o=11 lambda=3.9062500000000016e-08 tau=3.9062500000000016e-08 prediction=69952.190646497998 rho=0.38849005250359314 accept=1
  MFCG it  12 cost=3.495331e+05 lam=3.906e-09 tau=0.00e+00 cg_it=1 shift=0 ckpt=2 alpha=0 acc mv=79
PCG_PREP o=12 rebuild=1 drift=0 previous_depth=2
ATTR_RADIUS o=12 raw_norm=14735.195305523206 norm=14735.195305523206 radius=51605.641434074751 next_radius=51605.641434074751 lambda=3.9062500000000015e-09 next_lambda=3.9062500000000019e-10 rho=0.51261130651152143 accept=1
CLASSICAL_LM o=12 lambda=3.9062500000000015e-09 tau=3.9062500000000015e-09 prediction=64630.180067047091 rho=0.51261130651152143 accept=1
  MFCG it  13 cost=3.164030e+05 lam=3.906e-10 tau=0.00e+00 cg_it=0 shift=0 ckpt=1 alpha=0 acc mv=81
PCG_PREP o=13 rebuild=1 drift=0 previous_depth=1
ATTR_RADIUS o=13 raw_norm=15873.395507949013 norm=15873.395507949013 radius=51605.641434074751 next_radius=12901.410358518688 lambda=3.9062500000000019e-10 next_lambda=6.250000000000003e-09 rho=0.15640315803692459 accept=1
CLASSICAL_LM o=13 lambda=3.9062500000000019e-10 tau=3.9062500000000019e-10 prediction=34806.219034443027 rho=0.15640315803692459 accept=1
  MFCG it  14 cost=3.109592e+05 lam=6.250e-09 tau=0.00e+00 cg_it=0 shift=0 ckpt=1 alpha=0 acc mv=83
PCG_PREP o=14 rebuild=1 drift=0 previous_depth=1
POINT_SAFE o=14 frozen=15 slope=-51835.062538875733 candidate=297243.33802270557 original=298691.92036456225 current=310959.17453754222 won=1 mode=1 camera_scale=1 keep_scale=0
ATTR_RADIUS o=14 raw_norm=16451.144623693835 norm=12901.410358518695 radius=12901.410358518688 next_radius=12901.410358518688 lambda=6.250000000000003e-09 next_lambda=6.250000000000003e-09 rho=0.48422780354069905 accept=1
CLASSICAL_LM o=14 lambda=6.250000000000003e-09 tau=6.250000000000003e-09 prediction=28325.17342983143 rho=0.48422780354069905 accept=1
  MFCG it  15 cost=2.972433e+05 lam=6.250e-09 tau=0.00e+00 cg_it=0 shift=0 ckpt=1 alpha=0 acc mv=85
PCG_PREP o=15 rebuild=1 drift=0 previous_depth=1
ATTR_RADIUS o=15 raw_norm=17524.877069123046 norm=0 radius=12901.410358518688 next_radius=3225.3525896296719 lambda=6.250000000000003e-09 next_lambda=1.0000000000000005e-07 rho=0.038448107123894952 accept=0
CLASSICAL_LM o=15 lambda=6.250000000000003e-09 tau=6.250000000000003e-09 prediction=17974.854927029548 rho=0.038448107123894952 accept=0
  MFCG it  16  retry 1/8  lam=1.000e-07 tau_eff=6.250e-09  (assembly reused)
PCG_PREP o=15 rebuild=1 drift=0 previous_depth=1
POINT_SAFE o=15 frozen=8 slope=-13529.370713714856 candidate=291036.87165572128 original=295017.66489185713 current=297243.33802270557 won=1 mode=1 camera_scale=1 keep_scale=0
ATTR_RADIUS o=15 raw_norm=16678.255702373219 norm=3225.3525896296728 radius=3225.3525896296719 next_radius=3225.3525896296719 lambda=1.0000000000000005e-07 next_lambda=1.0000000000000005e-07 rho=0.71485083251659587 accept=1
CLASSICAL_LM o=15 lambda=1.0000000000000005e-07 tau=1.0000000000000005e-07 prediction=8682.1838692343008 rho=0.71485083251659587 accept=1
  MFCG it  16 cost=2.910369e+05 lam=1.000e-07 tau=0.00e+00 cg_it=0 shift=0 ckpt=1 alpha=0 acc mv=89
PCG_PREP o=16 rebuild=1 drift=0 previous_depth=1
POINT_SAFE o=16 frozen=1179 slope=-5560.5985962632076 candidate=288035.78361384262 original=290391.20649605209 current=291036.87165572128 won=1 mode=1 camera_scale=1 keep_scale=0
ATTR_RADIUS o=16 raw_norm=16979.858452117427 norm=3225.3525896296705 radius=3225.3525896296719 next_radius=3225.3525896296719 lambda=1.0000000000000005e-07 next_lambda=1.0000000000000005e-07 rho=0.70359542449292822 accept=1
CLASSICAL_LM o=16 lambda=1.0000000000000005e-07 tau=1.0000000000000005e-07 prediction=4265.3603724633349 rho=0.70359542449292822 accept=1
  MFCG it  17 cost=2.880358e+05 lam=1.000e-07 tau=0.00e+00 cg_it=0 shift=0 ckpt=1 alpha=0 acc mv=91
PCG_PREP o=17 rebuild=1 drift=0 previous_depth=1
POINT_SAFE o=17 frozen=279 slope=-3214.9865727886772 candidate=286168.8518525518 original=286865.84712792729 current=288035.78361384262 won=1 mode=1 camera_scale=1 keep_scale=0
ATTR_RADIUS o=17 raw_norm=17468.575521530034 norm=3225.3525896296724 radius=3225.3525896296719 next_radius=3225.3525896296719 lambda=1.0000000000000005e-07 next_lambda=1.0000000000000005e-07 rho=0.67498890522643196 accept=1
CLASSICAL_LM o=17 lambda=1.0000000000000005e-07 tau=1.0000000000000005e-07 prediction=2765.8702933265822 rho=0.67498890522643196 accept=1
  MFCG it  18 cost=2.861689e+05 lam=1.000e-07 tau=0.00e+00 cg_it=0 shift=0 ckpt=1 alpha=0 acc mv=93
PCG_PREP o=18 rebuild=1 drift=0 previous_depth=1
POINT_SAFE o=18 frozen=812 slope=-2357.9543655825187 candidate=284809.94844826992 original=284756.69030198501 current=286168.8518525518 won=0 mode=1 camera_scale=1 keep_scale=0
ATTR_RADIUS o=18 raw_norm=18205.836857081413 norm=1612.676294814836 radius=3225.3525896296719 next_radius=3225.3525896296719 lambda=1.0000000000000005e-07 next_lambda=1.0000000000000005e-08 rho=0.46679017914850918 accept=1
CLASSICAL_LM o=18 lambda=1.0000000000000005e-07 tau=1.0000000000000005e-07 prediction=3025.2597711947751 rho=0.46679017914850918 accept=1
  MFCG it  19 cost=2.847567e+05 lam=1.000e-08 tau=0.00e+00 cg_it=0 shift=0 ckpt=1 alpha=0 acc mv=95
PCG_PREP o=19 rebuild=1 drift=0 previous_depth=1
POINT_SAFE o=19 frozen=1117 slope=-4492.4160396500147 candidate=283393.41072606877 original=284437.31418383564 current=284756.69030198501 won=1 mode=1 camera_scale=1 keep_scale=0
ATTR_RADIUS o=19 raw_norm=20556.630266290333 norm=3225.352589629671 radius=3225.3525896296719 next_radius=3225.3525896296719 lambda=1.0000000000000005e-08 next_lambda=1.0000000000000005e-08 rho=0.44306183967862817 accept=1
CLASSICAL_LM o=19 lambda=1.0000000000000005e-08 tau=1.0000000000000005e-08 prediction=3076.9510118612006 rho=0.44306183967862817 accept=1
  MFCG it  20 cost=2.833934e+05 lam=1.000e-08 tau=0.00e+00 cg_it=0 shift=0 ckpt=1 alpha=0 acc mv=97
PCG_PREP o=20 rebuild=1 drift=0 previous_depth=1
POINT_SAFE o=20 frozen=477 slope=-3258.4095604802615 candidate=282070.10184860555 original=282370.08179835835 current=283393.41072606877 won=1 mode=1 camera_scale=1 keep_scale=0
ATTR_RADIUS o=20 raw_norm=21338.557182302433 norm=3225.352589629671 radius=3225.3525896296719 next_radius=3225.3525896296719 lambda=1.0000000000000005e-08 next_lambda=1.0000000000000005e-08 rho=0.5766966649830112 accept=1
CLASSICAL_LM o=20 lambda=1.0000000000000005e-08 tau=1.0000000000000005e-08 prediction=2294.6359114148904 rho=0.5766966649830112 accept=1
  MFCG it  21 cost=2.820701e+05 lam=1.000e-08 tau=0.00e+00 cg_it=0 shift=0 ckpt=1 alpha=0 acc mv=99
PCG_PREP o=21 rebuild=1 drift=0 previous_depth=1
POINT_SAFE o=21 frozen=438 slope=-2269.1552325331158 candidate=280993.85225543787 original=281217.10616632871 current=282070.10184860555 won=1 mode=1 camera_scale=1 keep_scale=0
ATTR_RADIUS o=21 raw_norm=22260.4415566192 norm=3225.352589629671 radius=3225.3525896296719 next_radius=3225.3525896296719 lambda=1.0000000000000005e-08 next_lambda=1.0000000000000005e-08 rho=0.63401480382368458 accept=1
CLASSICAL_LM o=21 lambda=1.0000000000000005e-08 tau=1.0000000000000005e-08 prediction=1697.5149265867619 rho=0.63401480382368458 accept=1
  MFCG it  22 cost=2.809939e+05 lam=1.000e-08 tau=0.00e+00 cg_it=0 shift=0 ckpt=1 alpha=0 acc mv=101
PCG_PREP o=22 rebuild=1 drift=0 previous_depth=1
POINT_SAFE o=22 frozen=436 slope=-1521.7394996094945 candidate=280272.77848451206 original=280372.57950914622 current=280993.85225543787 won=1 mode=1 camera_scale=1 keep_scale=0
ATTR_RADIUS o=22 raw_norm=23378.658518942597 norm=3225.3525896296733 radius=3225.3525896296719 next_radius=3225.3525896296719 lambda=1.0000000000000005e-08 next_lambda=1.0000000000000005e-08 rho=0.5748942439501652 accept=1
CLASSICAL_LM o=22 lambda=1.0000000000000005e-08 tau=1.0000000000000005e-08 prediction=1254.2720309238589 rho=0.5748942439501652 accept=1
  MFCG it  23 cost=2.802728e+05 lam=1.000e-08 tau=0.00e+00 cg_it=0 shift=0 ckpt=1 alpha=0 acc mv=103
PCG_PREP o=23 rebuild=1 drift=0 previous_depth=1
POINT_SAFE o=23 frozen=454 slope=-1208.0288199684235 candidate=279730.84728255763 original=279763.16180795559 current=280272.77848451206 won=1 mode=1 camera_scale=1 keep_scale=0
ATTR_RADIUS o=23 raw_norm=24377.174021737039 norm=3225.3525896296724 radius=3225.3525896296719 next_radius=3225.3525896296719 lambda=1.0000000000000005e-08 next_lambda=1.0000000000000005e-08 rho=0.51901404737960499 accept=1
CLASSICAL_LM o=23 lambda=1.0000000000000005e-08 tau=1.0000000000000005e-08 prediction=1044.1551720816217 rho=0.51901404737960499 accept=1
  MFCG it  24 cost=2.797308e+05 lam=1.000e-08 tau=0.00e+00 cg_it=0 shift=0 ckpt=1 alpha=0 acc mv=105
PCG_PREP o=24 rebuild=1 drift=0 previous_depth=1
POINT_SAFE o=24 frozen=312 slope=-1047.668457876885 candidate=279292.24054475699 original=279283.06353833067 current=279730.84728255763 won=0 mode=1 camera_scale=1 keep_scale=0
ATTR_RADIUS o=24 raw_norm=25441.437465456314 norm=1612.676294814836 radius=3225.3525896296719 next_radius=3225.3525896296719 lambda=1.0000000000000005e-08 next_lambda=1.0000000000000005e-09 rho=0.68929407563700251 accept=1
CLASSICAL_LM o=24 lambda=1.0000000000000005e-08 tau=1.0000000000000005e-08 prediction=649.62656731548543 rho=0.68929407563700251 accept=1
  MFCG it  25 cost=2.792831e+05 lam=1.000e-09 tau=0.00e+00 cg_it=0 shift=0 ckpt=1 alpha=0 acc mv=107
PCG_PREP o=25 rebuild=1 drift=0 previous_depth=1
ATTR_RADIUS o=25 raw_norm=27170.04176441651 norm=3225.3525896296719 radius=3225.3525896296719 next_radius=3225.3525896296719 lambda=1.0000000000000005e-09 next_lambda=1.0000000000000005e-09 rho=0.4135535903654135 accept=1
CLASSICAL_LM o=25 lambda=1.0000000000000005e-09 tau=1.0000000000000005e-09 prediction=861.65021148738128 rho=0.4135535903654135 accept=1
  MFCG it  26 cost=2.789267e+05 lam=1.000e-09 tau=0.00e+00 cg_it=0 shift=0 ckpt=1 alpha=0 acc mv=109
PCG_PREP o=26 rebuild=1 drift=0 previous_depth=1
ATTR_RADIUS o=26 raw_norm=153509.95887605264 norm=3225.3525896296728 radius=3225.3525896296719 next_radius=806.33814740741798 lambda=1.0000000000000005e-09 next_lambda=1.6000000000000008e-08 rho=0.16358895540561857 accept=1
CLASSICAL_LM o=26 lambda=1.0000000000000005e-09 tau=1.0000000000000005e-09 prediction=525.68258791658445 rho=0.16358895540561857 accept=1
  MFCG it  27 cost=2.788407e+05 lam=1.600e-08 tau=0.00e+00 cg_it=1 shift=0 ckpt=2 alpha=0 acc mv=112
PCG_PREP o=27 rebuild=1 drift=0 previous_depth=2
ATTR_RADIUS o=27 raw_norm=26832.586577866183 norm=806.33814740741775 radius=806.33814740741798 next_radius=201.58453685185449 lambda=1.6000000000000008e-08 next_lambda=2.5600000000000012e-07 rho=0.10032203472865925 accept=1
CLASSICAL_LM o=27 lambda=1.6000000000000008e-08 tau=1.6000000000000008e-08 prediction=338.53046639196509 rho=0.10032203472865925 accept=1
  MFCG it  28 cost=2.788068e+05 lam=2.560e-07 tau=0.00e+00 cg_it=0 shift=0 ckpt=1 alpha=0 acc mv=114
PCG_PREP o=28 rebuild=1 drift=0 previous_depth=1
ATTR_RADIUS o=28 raw_norm=14611.815235871725 norm=201.58453685185452 radius=201.58453685185449 next_radius=403.16907370370899 lambda=2.5600000000000012e-07 next_lambda=6.400000000000003e-08 rho=0.95541212524467223 accept=1
CLASSICAL_LM o=28 lambda=2.5600000000000012e-07 tau=2.5600000000000012e-07 prediction=410.41040287194642 rho=0.95541212524467223 accept=1
  MFCG it  29 cost=2.784147e+05 lam=6.400e-08 tau=0.00e+00 cg_it=0 shift=0 ckpt=1 alpha=0 acc mv=116
PCG_PREP o=29 rebuild=1 drift=0 previous_depth=1
ATTR_RADIUS o=29 raw_norm=23513.329097539154 norm=403.16907370370893 radius=403.16907370370899 next_radius=806.33814740741798 lambda=6.400000000000003e-08 next_lambda=1.6000000000000008e-08 rho=0.82116024423676581 accept=1
CLASSICAL_LM o=29 lambda=6.400000000000003e-08 tau=6.400000000000003e-08 prediction=139.94531347237159 rho=0.82116024423676581 accept=1
  MFCG it  30 cost=2.782997e+05 lam=1.600e-08 tau=0.00e+00 cg_it=0 shift=0 ckpt=1 alpha=0 acc mv=118
PCG_PREP o=30 rebuild=1 drift=0 previous_depth=1
ATTR_RADIUS o=30 raw_norm=28109.670338836295 norm=806.33814740741809 radius=806.33814740741798 next_radius=1612.676294814836 lambda=1.6000000000000008e-08 next_lambda=4.0000000000000019e-09 rho=0.82696959401226311 accept=1
CLASSICAL_LM o=30 lambda=1.6000000000000008e-08 tau=1.6000000000000008e-08 prediction=202.42087838002803 rho=0.82696959401226311 accept=1
  MFCG it  31 cost=2.781323e+05 lam=4.000e-09 tau=0.00e+00 cg_it=0 shift=0 ckpt=1 alpha=0 acc mv=120
PCG_PREP o=31 rebuild=1 drift=0 previous_depth=1
ATTR_RADIUS o=31 raw_norm=30201.540111792656 norm=1612.676294814836 radius=1612.676294814836 next_radius=1612.676294814836 lambda=4.0000000000000019e-09 next_lambda=4.0000000000000019e-09 rho=0.6727508712881195 accept=1
CLASSICAL_LM o=31 lambda=4.0000000000000019e-09 tau=4.0000000000000019e-09 prediction=335.80800028938881 rho=0.6727508712881195 accept=1
  MFCG it  32 cost=2.779064e+05 lam=4.000e-09 tau=0.00e+00 cg_it=0 shift=0 ckpt=1 alpha=0 acc mv=122
PCG_PREP o=32 rebuild=1 drift=0 previous_depth=1
ATTR_RADIUS o=32 raw_norm=175088.62622634915 norm=1612.676294814836 radius=1612.676294814836 next_radius=1612.676294814836 lambda=4.0000000000000019e-09 next_lambda=4.0000000000000019e-09 rho=0.45975252603936329 accept=1
CLASSICAL_LM o=32 lambda=4.0000000000000019e-09 tau=4.0000000000000019e-09 prediction=177.44897562221237 rho=0.45975252603936329 accept=1
  MFCG it  33 cost=2.778248e+05 lam=4.000e-09 tau=0.00e+00 cg_it=1 shift=0 ckpt=2 alpha=0 acc mv=125
PCG_PREP o=33 rebuild=1 drift=0 previous_depth=2
ATTR_RADIUS o=33 raw_norm=31692.665436238574 norm=1612.6762948148364 radius=1612.676294814836 next_radius=1612.676294814836 lambda=4.0000000000000019e-09 next_lambda=4.0000000000000019e-09 rho=0.6487561802433417 accept=1
CLASSICAL_LM o=33 lambda=4.0000000000000019e-09 tau=4.0000000000000019e-09 prediction=307.02990246416618 rho=0.6487561802433417 accept=1
  MFCG it  34 cost=2.776257e+05 lam=4.000e-09 tau=0.00e+00 cg_it=0 shift=0 ckpt=1 alpha=0 acc mv=127
PCG_PREP o=34 rebuild=1 drift=0 previous_depth=1
ATTR_RADIUS o=34 raw_norm=186333.34024947308 norm=1612.6762948148364 radius=1612.676294814836 next_radius=1612.676294814836 lambda=4.0000000000000019e-09 next_lambda=4.0000000000000019e-09 rho=0.42257370646075659 accept=1
CLASSICAL_LM o=34 lambda=4.0000000000000019e-09 tau=4.0000000000000019e-09 prediction=164.57407316659541 rho=0.42257370646075659 accept=1
  MFCG it  35 cost=2.775561e+05 lam=4.000e-09 tau=0.00e+00 cg_it=1 shift=0 ckpt=2 alpha=0 acc mv=130
PCG_PREP o=35 rebuild=1 drift=0 previous_depth=2
ATTR_RADIUS o=35 raw_norm=33290.159254294384 norm=1612.6762948148355 radius=1612.676294814836 next_radius=1612.676294814836 lambda=4.0000000000000019e-09 next_lambda=4.0000000000000019e-09 rho=0.62787422388399317 accept=1
CLASSICAL_LM o=35 lambda=4.0000000000000019e-09 tau=4.0000000000000019e-09 prediction=286.11053491555867 rho=0.62787422388399317 accept=1
  MFCG it  36 cost=2.773765e+05 lam=4.000e-09 tau=0.00e+00 cg_it=0 shift=0 ckpt=1 alpha=0 acc mv=132
PCG_PREP o=36 rebuild=1 drift=0 previous_depth=1
ATTR_RADIUS o=36 raw_norm=197778.03391919108 norm=1612.6762948148357 radius=1612.676294814836 next_radius=1612.676294814836 lambda=4.0000000000000019e-09 next_lambda=4.0000000000000019e-09 rho=0.38209645413729015 accept=1
CLASSICAL_LM o=36 lambda=4.0000000000000019e-09 tau=4.0000000000000019e-09 prediction=153.17740947452765 rho=0.38209645413729015 accept=1
  MFCG it  37 cost=2.773179e+05 lam=4.000e-09 tau=0.00e+00 cg_it=1 shift=0 ckpt=2 alpha=0 acc mv=135
PCG_PREP o=37 rebuild=1 drift=0 previous_depth=2
ATTR_RADIUS o=37 raw_norm=34974.626750699201 norm=1612.6762948148362 radius=1612.676294814836 next_radius=1612.676294814836 lambda=4.0000000000000019e-09 next_lambda=4.0000000000000019e-09 rho=0.60558215227833412 accept=1
CLASSICAL_LM o=37 lambda=4.0000000000000019e-09 tau=4.0000000000000019e-09 prediction=267.79735825405436 rho=0.60558215227833412 accept=1
  MFCG it  38 cost=2.771558e+05 lam=4.000e-09 tau=0.00e+00 cg_it=0 shift=0 ckpt=1 alpha=0 acc mv=137
PCG_PREP o=38 rebuild=1 drift=0 previous_depth=1
ATTR_RADIUS o=38 raw_norm=36257.932236542452 norm=1612.676294814836 radius=1612.676294814836 next_radius=1612.676294814836 lambda=4.0000000000000019e-09 next_lambda=4.0000000000000019e-09 rho=0.59351739820539129 accept=1
CLASSICAL_LM o=38 lambda=4.0000000000000019e-09 tau=4.0000000000000019e-09 prediction=252.09048110632247 rho=0.59351739820539129 accept=1
  MFCG it  39 cost=2.770061e+05 lam=4.000e-09 tau=0.00e+00 cg_it=0 shift=0 ckpt=1 alpha=0 acc mv=139
PCG_PREP o=39 rebuild=1 drift=0 previous_depth=1
ATTR_RADIUS o=39 raw_norm=215506.50382751401 norm=1612.6762948148362 radius=1612.676294814836 next_radius=1612.676294814836 lambda=4.0000000000000019e-09 next_lambda=4.0000000000000019e-09 rho=0.32805760184359539 accept=1
CLASSICAL_LM o=39 lambda=4.0000000000000019e-09 tau=4.0000000000000019e-09 prediction=137.65593695227869 rho=0.32805760184359539 accept=1
  MFCG it  40 cost=2.769610e+05 lam=4.000e-09 tau=0.00e+00 cg_it=1 shift=0 ckpt=2 alpha=0 acc mv=142
PCG_PREP o=40 rebuild=1 drift=0 previous_depth=2
ATTR_RADIUS o=40 raw_norm=38037.062918227792 norm=1612.6762948148362 radius=1612.676294814836 next_radius=1612.676294814836 lambda=4.0000000000000019e-09 next_lambda=4.0000000000000019e-09 rho=0.56885174626153423 accept=1
CLASSICAL_LM o=40 lambda=4.0000000000000019e-09 tau=4.0000000000000019e-09 prediction=237.72939571063625 rho=0.56885174626153423 accept=1
  MFCG it  41 cost=2.768258e+05 lam=4.000e-09 tau=0.00e+00 cg_it=0 shift=0 ckpt=1 alpha=0 acc mv=144
PCG_PREP o=41 rebuild=1 drift=0 previous_depth=1
ATTR_RADIUS o=41 raw_norm=39360.052168300339 norm=1612.6762948148355 radius=1612.676294814836 next_radius=1612.676294814836 lambda=4.0000000000000019e-09 next_lambda=4.0000000000000019e-09 rho=0.55573769295952136 accept=1
CLASSICAL_LM o=41 lambda=4.0000000000000019e-09 tau=4.0000000000000019e-09 prediction=225.24118462761407 rho=0.55573769295952136 accept=1
  MFCG it  42 cost=2.767006e+05 lam=4.000e-09 tau=0.00e+00 cg_it=0 shift=0 ckpt=1 alpha=0 acc mv=146
PCG_PREP o=42 rebuild=1 drift=0 previous_depth=1
ATTR_RADIUS o=42 raw_norm=233672.8505279159 norm=1612.6762948148353 radius=1612.676294814836 next_radius=1612.676294814836 lambda=4.0000000000000019e-09 next_lambda=4.0000000000000019e-09 rho=0.26673226895672975 accept=1
CLASSICAL_LM o=42 lambda=4.0000000000000019e-09 tau=4.0000000000000019e-09 prediction=124.74751680620048 rho=0.26673226895672975 accept=1
  MFCG it  43 cost=2.766673e+05 lam=4.000e-09 tau=0.00e+00 cg_it=1 shift=0 ckpt=2 alpha=0 acc mv=149
PCG_PREP o=43 rebuild=1 drift=0 previous_depth=2
ATTR_RADIUS o=43 raw_norm=41218.637574145243 norm=1612.676294814836 radius=1612.676294814836 next_radius=1612.676294814836 lambda=4.0000000000000019e-09 next_lambda=4.0000000000000019e-09 rho=0.52905793069702245 accept=1
CLASSICAL_LM o=43 lambda=4.0000000000000019e-09 tau=4.0000000000000019e-09 prediction=213.99470641838514 rho=0.52905793069702245 accept=1
  MFCG it  44 cost=2.765541e+05 lam=4.000e-09 tau=0.00e+00 cg_it=0 shift=0 ckpt=1 alpha=0 acc mv=151
PCG_PREP o=44 rebuild=1 drift=0 previous_depth=1
ATTR_RADIUS o=44 raw_norm=42557.045087784012 norm=1612.6762948148353 radius=1612.676294814836 next_radius=1612.676294814836 lambda=4.0000000000000019e-09 next_lambda=4.0000000000000019e-09 rho=0.51501330214275176 accept=1
CLASSICAL_LM o=44 lambda=4.0000000000000019e-09 tau=4.0000000000000019e-09 prediction=203.98012654576723 rho=0.51501330214275176 accept=1
  MFCG it  45 cost=2.764490e+05 lam=4.000e-09 tau=0.00e+00 cg_it=0 shift=0 ckpt=1 alpha=0 acc mv=153
PCG_PREP o=45 rebuild=1 drift=0 previous_depth=1
ATTR_RADIUS o=45 raw_norm=43893.560232326454 norm=1612.6762948148362 radius=1612.676294814836 next_radius=1612.676294814836 lambda=4.0000000000000019e-09 next_lambda=4.0000000000000019e-09 rho=0.50058977157487283 accept=1
CLASSICAL_LM o=45 lambda=4.0000000000000019e-09 tau=4.0000000000000019e-09 prediction=194.85705324396028 rho=0.50058977157487283 accept=1
  MFCG it  46 cost=2.763515e+05 lam=4.000e-09 tau=0.00e+00 cg_it=0 shift=0 ckpt=1 alpha=0 acc mv=155
PCG_PREP o=46 rebuild=1 drift=0 previous_depth=1
ATTR_RADIUS o=46 raw_norm=257291.29464421744 norm=1612.6762948148355 radius=1612.676294814836 next_radius=403.16907370370899 lambda=4.0000000000000019e-09 next_lambda=6.400000000000003e-08 rho=0.18660391405700341 accept=1
CLASSICAL_LM o=46 lambda=4.0000000000000019e-09 tau=4.0000000000000019e-09 prediction=111.01881690957485 rho=0.18660391405700341 accept=1
  MFCG it  47 cost=2.763308e+05 lam=6.400e-08 tau=0.00e+00 cg_it=1 shift=0 ckpt=2 alpha=0 acc mv=158
PCG_PREP o=47 rebuild=1 drift=0 previous_depth=2
ATTR_RADIUS o=47 raw_norm=22907.116602053193 norm=403.16907370370905 radius=403.16907370370899 next_radius=806.33814740741798 lambda=6.400000000000003e-08 next_lambda=1.6000000000000008e-08 rho=0.92064729660805367 accept=1
CLASSICAL_LM o=47 lambda=6.400000000000003e-08 tau=6.400000000000003e-08 prediction=93.116510887442729 rho=0.92064729660805367 accept=1
  MFCG it  48 cost=2.762451e+05 lam=1.600e-08 tau=0.00e+00 cg_it=0 shift=0 ckpt=1 alpha=0 acc mv=160
PCG_PREP o=48 rebuild=1 drift=0 previous_depth=1
ATTR_RADIUS o=48 raw_norm=38781.673003755473 norm=806.33814740741775 radius=806.33814740741798 next_radius=1612.676294814836 lambda=1.6000000000000008e-08 next_lambda=4.0000000000000019e-09 rho=0.76113438492701468 accept=1
CLASSICAL_LM o=48 lambda=1.6000000000000008e-08 tau=1.6000000000000008e-08 prediction=108.37546244989846 rho=0.76113438492701468 accept=1
  MFCG it  49 cost=2.761626e+05 lam=4.000e-09 tau=0.00e+00 cg_it=0 shift=0 ckpt=1 alpha=0 acc mv=162
PCG_PREP o=49 rebuild=1 drift=0 previous_depth=1
ATTR_RADIUS o=49 raw_norm=268885.72231717588 norm=1612.6762948148353 radius=1612.676294814836 next_radius=403.16907370370899 lambda=4.0000000000000019e-09 next_lambda=6.400000000000003e-08 rho=0.14640502193536534 accept=1
CLASSICAL_LM o=49 lambda=4.0000000000000019e-09 tau=4.0000000000000019e-09 prediction=104.7083924022912 rho=0.14640502193536534 accept=1
  MFCG it  50 cost=2.761472e+05 lam=6.400e-08 tau=0.00e+00 cg_it=1 shift=0 ckpt=2 alpha=0 acc mv=165
PCG_PREP o=50 rebuild=1 drift=0 previous_depth=2
ATTR_RADIUS o=50 raw_norm=22468.279974834288 norm=403.1690737037091 radius=403.16907370370899 next_radius=806.33814740741798 lambda=6.400000000000003e-08 next_lambda=1.6000000000000008e-08 rho=0.92122543687062552 accept=1
CLASSICAL_LM o=50 lambda=6.400000000000003e-08 tau=6.400000000000003e-08 prediction=93.069393970233364 rho=0.92122543687062552 accept=1
  MFCG it  51 cost=2.760615e+05 lam=1.600e-08 tau=0.00e+00 cg_it=0 shift=0 ckpt=1 alpha=0 acc mv=167
PCG_PREP o=51 rebuild=1 drift=0 previous_depth=1
ATTR_RADIUS o=51 raw_norm=39934.197308031864 norm=806.33814740741798 radius=806.33814740741798 next_radius=1612.676294814836 lambda=1.6000000000000008e-08 next_lambda=4.0000000000000019e-09 rho=0.75259088845975053 accept=1
CLASSICAL_LM o=51 lambda=1.6000000000000008e-08 tau=1.6000000000000008e-08 prediction=103.17777089558602 rho=0.75259088845975053 accept=1
  MFCG it  52 cost=2.759838e+05 lam=4.000e-09 tau=0.00e+00 cg_it=0 shift=0 ckpt=1 alpha=0 acc mv=169
PCG_PREP o=52 rebuild=1 drift=0 previous_depth=1
ATTR_RADIUS o=52 raw_norm=279917.8686385043 norm=1612.6762948148369 radius=1612.676294814836 next_radius=403.16907370370899 lambda=4.0000000000000019e-09 next_lambda=6.400000000000003e-08 rho=0.11135465144520046 accept=1
CLASSICAL_LM o=52 lambda=4.0000000000000019e-09 tau=4.0000000000000019e-09 prediction=99.659974519023791 rho=0.11135465144520046 accept=1
  MFCG it  53 cost=2.759727e+05 lam=6.400e-08 tau=0.00e+00 cg_it=1 shift=0 ckpt=2 alpha=0 acc mv=172
PCG_PREP o=53 rebuild=1 drift=0 previous_depth=2
ATTR_RADIUS o=53 raw_norm=21932.605717224531 norm=403.16907370370899 radius=403.16907370370899 next_radius=806.33814740741798 lambda=6.400000000000003e-08 next_lambda=1.6000000000000008e-08 rho=0.92210547613510885 accept=1
CLASSICAL_LM o=53 lambda=6.400000000000003e-08 tau=6.400000000000003e-08 prediction=93.567736426788485 rho=0.92210547613510885 accept=1
  MFCG it  54 cost=2.758865e+05 lam=1.600e-08 tau=0.00e+00 cg_it=0 shift=0 ckpt=1 alpha=0 acc mv=174
PCG_PREP o=54 rebuild=1 drift=0 previous_depth=1
ATTR_RADIUS o=54 raw_norm=40955.879818239911 norm=806.33814740741798 radius=806.33814740741798 next_radius=806.33814740741798 lambda=1.6000000000000008e-08 next_lambda=1.6000000000000008e-08 rho=0.74461306093602031 accept=1
CLASSICAL_LM o=54 lambda=1.6000000000000008e-08 tau=1.6000000000000008e-08 prediction=98.710515928912386 rho=0.74461306093602031 accept=1
  MFCG it  55 cost=2.758130e+05 lam=1.600e-08 tau=0.00e+00 cg_it=0 shift=0 ckpt=1 alpha=0 acc mv=176
PCG_PREP o=55 rebuild=1 drift=0 previous_depth=1
ATTR_RADIUS o=55 raw_norm=41476.731760411552 norm=806.33814740741821 radius=806.33814740741798 next_radius=806.33814740741798 lambda=1.6000000000000008e-08 next_lambda=1.6000000000000008e-08 rho=0.74238307042868745 accept=1
CLASSICAL_LM o=55 lambda=1.6000000000000008e-08 tau=1.6000000000000008e-08 prediction=96.026708345172338 rho=0.74238307042868745 accept=1
  MFCG it  56 cost=2.757417e+05 lam=1.600e-08 tau=0.00e+00 cg_it=0 shift=0 ckpt=1 alpha=0 acc mv=178
PCG_PREP o=56 rebuild=1 drift=0 previous_depth=1
ATTR_RADIUS o=56 raw_norm=183423.94084758975 norm=806.33814740741775 radius=806.33814740741798 next_radius=806.33814740741798 lambda=1.6000000000000008e-08 next_lambda=1.6000000000000008e-08 rho=0.69362758179949324 accept=1
CLASSICAL_LM o=56 lambda=1.6000000000000008e-08 tau=1.6000000000000008e-08 prediction=73.424741270917281 rho=0.69362758179949324 accept=1
  MFCG it  57 cost=2.756907e+05 lam=1.600e-08 tau=0.00e+00 cg_it=1 shift=0 ckpt=2 alpha=0 acc mv=181
PCG_PREP o=57 rebuild=1 drift=0 previous_depth=2
ATTR_RADIUS o=57 raw_norm=182731.329800009 norm=806.33814740741798 radius=806.33814740741798 next_radius=806.33814740741798 lambda=1.6000000000000008e-08 next_lambda=1.6000000000000008e-08 rho=0.69265774945315661 accept=1
CLASSICAL_LM o=57 lambda=1.6000000000000008e-08 tau=1.6000000000000008e-08 prediction=73.622107032544932 rho=0.69265774945315661 accept=1
  MFCG it  58 cost=2.756398e+05 lam=1.600e-08 tau=0.00e+00 cg_it=1 shift=0 ckpt=2 alpha=0 acc mv=184
PCG_PREP o=58 rebuild=1 drift=0 previous_depth=2
ATTR_RADIUS o=58 raw_norm=42370.281672139616 norm=806.33814740741821 radius=806.33814740741798 next_radius=806.33814740741798 lambda=1.6000000000000008e-08 next_lambda=1.6000000000000008e-08 rho=0.73445618668470958 accept=1
CLASSICAL_LM o=58 lambda=1.6000000000000008e-08 tau=1.6000000000000008e-08 prediction=92.43809797962632 rho=0.73445618668470958 accept=1
  MFCG it  59 cost=2.755719e+05 lam=1.600e-08 tau=0.00e+00 cg_it=0 shift=0 ckpt=1 alpha=0 acc mv=186
PCG_PREP o=59 rebuild=1 drift=0 previous_depth=1
ATTR_RADIUS o=59 raw_norm=180362.67282307937 norm=806.33814740741809 radius=806.33814740741798 next_radius=806.33814740741798 lambda=1.6000000000000008e-08 next_lambda=1.6000000000000008e-08 rho=0.69795031419675868 accept=1
CLASSICAL_LM o=59 lambda=1.6000000000000008e-08 tau=1.6000000000000008e-08 prediction=74.199568754313702 rho=0.69795031419675868 accept=1
  MFCG it  60 cost=2.755201e+05 lam=1.600e-08 tau=0.00e+00 cg_it=1 shift=0 ckpt=2 alpha=0 acc mv=189
PCG_PREP o=60 rebuild=1 drift=0 previous_depth=2
ATTR_RADIUS o=60 raw_norm=42992.779572112726 norm=806.33814740741809 radius=806.33814740741798 next_radius=806.33814740741798 lambda=1.6000000000000008e-08 next_lambda=1.6000000000000008e-08 rho=0.72969408064694807 accept=1
CLASSICAL_LM o=60 lambda=1.6000000000000008e-08 tau=1.6000000000000008e-08 prediction=89.717632713526356 rho=0.72969408064694807 accept=1
  MFCG it  61 cost=2.754546e+05 lam=1.600e-08 tau=0.00e+00 cg_it=0 shift=0 ckpt=1 alpha=0 acc mv=191
PCG_PREP o=61 rebuild=1 drift=0 previous_depth=1
ATTR_RADIUS o=61 raw_norm=177471.67484465742 norm=806.33814740741809 radius=806.33814740741798 next_radius=806.33814740741798 lambda=1.6000000000000008e-08 next_lambda=1.6000000000000008e-08 rho=0.70410437395036984 accept=1
CLASSICAL_LM o=61 lambda=1.6000000000000008e-08 tau=1.6000000000000008e-08 prediction=75.051618159528829 rho=0.70410437395036984 accept=1
  MFCG it  62 cost=2.754018e+05 lam=1.600e-08 tau=0.00e+00 cg_it=1 shift=0 ckpt=2 alpha=0 acc mv=194
PCG_PREP o=62 rebuild=1 drift=0 previous_depth=2
ATTR_RADIUS o=62 raw_norm=176151.35413307193 norm=806.33814740741775 radius=806.33814740741798 next_radius=806.33814740741798 lambda=1.6000000000000008e-08 next_lambda=1.6000000000000008e-08 rho=0.70439597191215764 accept=1
CLASSICAL_LM o=62 lambda=1.6000000000000008e-08 tau=1.6000000000000008e-08 prediction=75.571177617851845 rho=0.70439597191215764 accept=1
  MFCG it  63 cost=2.753485e+05 lam=1.600e-08 tau=0.00e+00 cg_it=1 shift=0 ckpt=2 alpha=0 acc mv=197
PCG_PREP o=63 rebuild=1 drift=0 previous_depth=2
ATTR_RADIUS o=63 raw_norm=43688.972342563917 norm=806.33814740741798 radius=806.33814740741798 next_radius=806.33814740741798 lambda=1.6000000000000008e-08 next_lambda=1.6000000000000008e-08 rho=0.722501732463251 accept=1
CLASSICAL_LM o=63 lambda=1.6000000000000008e-08 tau=1.6000000000000008e-08 prediction=86.873303841289896 rho=0.722501732463251 accept=1
  MFCG it  64 cost=2.752858e+05 lam=1.600e-08 tau=0.00e+00 cg_it=0 shift=0 ckpt=1 alpha=0 acc mv=199
PCG_PREP o=64 rebuild=1 drift=0 previous_depth=1
ATTR_RADIUS o=64 raw_norm=172400.26173448557 norm=806.33814740741832 radius=806.33814740741798 next_radius=806.33814740741798 lambda=1.6000000000000008e-08 next_lambda=1.6000000000000008e-08 rho=0.71192926475109486 accept=1
CLASSICAL_LM o=64 lambda=1.6000000000000008e-08 tau=1.6000000000000008e-08 prediction=76.898238916902528 rho=0.71192926475109486 accept=1
  MFCG it  65 cost=2.752310e+05 lam=1.600e-08 tau=0.00e+00 cg_it=1 shift=0 ckpt=2 alpha=0 acc mv=202
PCG_PREP o=65 rebuild=1 drift=0 previous_depth=2
ATTR_RADIUS o=65 raw_norm=44157.134542908068 norm=806.33814740741798 radius=806.33814740741798 next_radius=806.33814740741798 lambda=1.6000000000000008e-08 next_lambda=1.6000000000000008e-08 rho=0.71838271557216093 accept=1
CLASSICAL_LM o=65 lambda=1.6000000000000008e-08 tau=1.6000000000000008e-08 prediction=84.689359523044146 rho=0.71838271557216093 accept=1
  MFCG it  66 cost=2.751702e+05 lam=1.600e-08 tau=0.00e+00 cg_it=0 shift=0 ckpt=1 alpha=0 acc mv=204
PCG_PREP o=66 rebuild=1 drift=0 previous_depth=1
ATTR_RADIUS o=66 raw_norm=168181.68620265971 norm=806.33814740741821 radius=806.33814740741798 next_radius=806.33814740741798 lambda=1.6000000000000008e-08 next_lambda=1.6000000000000008e-08 rho=0.72026033623622554 accept=1
CLASSICAL_LM o=66 lambda=1.6000000000000008e-08 tau=1.6000000000000008e-08 prediction=78.542160730324639 rho=0.72026033623622554 accept=1
  MFCG it  67 cost=2.751136e+05 lam=1.600e-08 tau=0.00e+00 cg_it=1 shift=0 ckpt=2 alpha=0 acc mv=207
PCG_PREP o=67 rebuild=1 drift=0 previous_depth=2
ATTR_RADIUS o=67 raw_norm=44562.144432064226 norm=806.33814740741843 radius=806.33814740741798 next_radius=806.33814740741798 lambda=1.6000000000000008e-08 next_lambda=1.6000000000000008e-08 rho=0.71453945478460257 accept=1
CLASSICAL_LM o=67 lambda=1.6000000000000008e-08 tau=1.6000000000000008e-08 prediction=82.696704427030966 rho=0.71453945478460257 accept=1
  MFCG it  68 cost=2.750545e+05 lam=1.600e-08 tau=0.00e+00 cg_it=0 shift=0 ckpt=1 alpha=0 acc mv=209
PCG_PREP o=68 rebuild=1 drift=0 previous_depth=1
ATTR_RADIUS o=68 raw_norm=163481.44993006287 norm=806.33814740741775 radius=806.33814740741798 next_radius=806.33814740741798 lambda=1.6000000000000008e-08 next_lambda=1.6000000000000008e-08 rho=0.72934257264511226 accept=1
CLASSICAL_LM o=68 lambda=1.6000000000000008e-08 tau=1.6000000000000008e-08 prediction=80.542070219664893 rho=0.72934257264511226 accept=1
  MFCG it  69 cost=2.749958e+05 lam=1.600e-08 tau=0.00e+00 cg_it=1 shift=0 ckpt=2 alpha=0 acc mv=212
PCG_PREP o=69 rebuild=1 drift=0 previous_depth=2
ATTR_RADIUS o=69 raw_norm=161338.30870067934 norm=806.33814740741798 radius=806.33814740741798 next_radius=806.33814740741798 lambda=1.6000000000000008e-08 next_lambda=1.6000000000000008e-08 rho=0.73137570794375439 accept=1
CLASSICAL_LM o=69 lambda=1.6000000000000008e-08 tau=1.6000000000000008e-08 prediction=81.628272703203621 rho=0.73137570794375439 accept=1
  MFCG it  70 cost=2.749361e+05 lam=1.600e-08 tau=0.00e+00 cg_it=1 shift=0 ckpt=2 alpha=0 acc mv=215
PCG_PREP o=70 rebuild=1 drift=0 previous_depth=2
ATTR_RADIUS o=70 raw_norm=44959.563026228374 norm=806.33814740741798 radius=806.33814740741798 next_radius=806.33814740741798 lambda=1.6000000000000008e-08 next_lambda=1.6000000000000008e-08 rho=0.70853975115882228 accept=1
CLASSICAL_LM o=70 lambda=1.6000000000000008e-08 tau=1.6000000000000008e-08 prediction=80.638605979659687 rho=0.70853975115882228 accept=1
  MFCG it  71 cost=2.748789e+05 lam=1.600e-08 tau=0.00e+00 cg_it=0 shift=0 ckpt=1 alpha=0 acc mv=217
PCG_PREP o=71 rebuild=1 drift=0 previous_depth=1
ATTR_RADIUS o=71 raw_norm=155921.00399868918 norm=806.33814740741786 radius=806.33814740741798 next_radius=806.33814740741798 lambda=1.6000000000000008e-08 next_lambda=1.6000000000000008e-08 rho=0.74158363961713658 accept=1
CLASSICAL_LM o=71 lambda=1.6000000000000008e-08 tau=1.6000000000000008e-08 prediction=84.235109631911669 rho=0.74158363961713658 accept=1
  MFCG it  72 cost=2.748165e+05 lam=1.600e-08 tau=0.00e+00 cg_it=1 shift=0 ckpt=2 alpha=0 acc mv=220
PCG_PREP o=72 rebuild=1 drift=0 previous_depth=2
ATTR_RADIUS o=72 raw_norm=45203.607403057613 norm=806.33814740741775 radius=806.33814740741798 next_radius=806.33814740741798 lambda=1.6000000000000008e-08 next_lambda=1.6000000000000008e-08 rho=0.70543207529800656 accept=1
CLASSICAL_LM o=72 lambda=1.6000000000000008e-08 tau=1.6000000000000008e-08 prediction=79.033913550221513 rho=0.70543207529800656 accept=1
  MFCG it  73 cost=2.747607e+05 lam=1.600e-08 tau=0.00e+00 cg_it=0 shift=0 ckpt=1 alpha=0 acc mv=222
PCG_PREP o=73 rebuild=1 drift=0 previous_depth=1
ATTR_RADIUS o=73 raw_norm=150148.8789048192 norm=806.33814740741832 radius=806.33814740741798 next_radius=1612.676294814836 lambda=1.6000000000000008e-08 next_lambda=4.0000000000000019e-09 rho=0.75242549840475503 accept=1
CLASSICAL_LM o=73 lambda=1.6000000000000008e-08 tau=1.6000000000000008e-08 prediction=87.280041738027549 rho=0.75242549840475503 accept=1
  MFCG it  74 cost=2.746950e+05 lam=4.000e-09 tau=0.00e+00 cg_it=1 shift=0 ckpt=2 alpha=0 acc mv=225
PCG_PREP o=74 rebuild=1 drift=0 previous_depth=2
POINT_SAFE o=74 frozen=236 slope=-82.196065631869004 candidate=274696.21710807714 original=274675.48495499458 current=274695.04900193773 won=0 mode=1 camera_scale=1 keep_scale=0
ATTR_RADIUS o=74 raw_norm=325686.03516822541 norm=806.33814740741786 radius=1612.676294814836 next_radius=1612.676294814836 lambda=4.0000000000000019e-09 next_lambda=4.0000000000000022e-10 rho=0.47669869116865782 accept=1
CLASSICAL_LM o=74 lambda=4.0000000000000019e-09 tau=4.0000000000000019e-09 prediction=41.04069783617458 rho=0.47669869116865782 accept=1
  MFCG it  75 cost=2.746755e+05 lam=4.000e-10 tau=0.00e+00 cg_it=1 shift=0 ckpt=2 alpha=0 acc mv=228
PCG_PREP o=75 rebuild=1 drift=0 previous_depth=2
POINT_SAFE o=75 frozen=153 slope=-59.185745963824147 candidate=274699.98110719421 original=274667.52004405146 current=274675.48495499458 won=0 mode=1 camera_scale=1 keep_scale=0
ATTR_RADIUS o=75 raw_norm=459995.4553670758 norm=806.33814740741832 radius=1612.676294814836 next_radius=1612.676294814836 lambda=4.0000000000000022e-10 next_lambda=4.0000000000000023e-11 rho=0.26948954424813432 accept=1
CLASSICAL_LM o=75 lambda=4.0000000000000022e-10 tau=4.0000000000000022e-10 prediction=29.555547193272833 rho=0.26948954424813432 accept=1
  MFCG it  76 cost=2.746675e+05 lam=4.000e-11 tau=0.00e+00 cg_it=1 shift=0 ckpt=2 alpha=0 acc mv=231
PCG_PREP o=76 rebuild=1 drift=0 previous_depth=2
POINT_SAFE o=76 frozen=944 slope=-82.977869413620112 candidate=274672.03565334203 original=274648.92207576556 current=274667.52004405146 won=0 mode=1 camera_scale=1 keep_scale=0
ATTR_RADIUS o=76 raw_norm=87937.256309709788 norm=806.33814740741798 radius=1612.676294814836 next_radius=1612.676294814836 lambda=4.0000000000000023e-11 next_lambda=4.0000000000000023e-12 rho=0.45076074038083874 accept=1
CLASSICAL_LM o=76 lambda=4.0000000000000023e-11 tau=4.0000000000000023e-11 prediction=41.259068547518766 rho=0.45076074038083874 accept=1
  MFCG it  77 cost=2.746489e+05 lam=4.000e-12 tau=0.00e+00 cg_it=0 shift=0 ckpt=1 alpha=0 acc mv=233
PCG_PREP o=77 rebuild=1 drift=0 previous_depth=1
POINT_SAFE o=77 frozen=690 slope=-81.489411610314917 candidate=274654.54998564953 original=274630.92442025541 current=274648.92207576556 won=0 mode=1 camera_scale=1 keep_scale=0
ATTR_RADIUS o=77 raw_norm=89115.599539743271 norm=806.33814740741843 radius=1612.676294814836 next_radius=1612.676294814836 lambda=4.0000000000000023e-12 next_lambda=4.0000000000000026e-13 rho=0.44404741381988017 accept=1
CLASSICAL_LM o=77 lambda=4.0000000000000023e-12 tau=4.0000000000000023e-12 prediction=40.530931945583021 rho=0.44404741381988017 accept=1
  MFCG it  78 cost=2.746309e+05 lam=4.000e-13 tau=0.00e+00 cg_it=0 shift=0 ckpt=1 alpha=0 acc mv=235
PCG_PREP o=78 rebuild=1 drift=0 previous_depth=1
POINT_SAFE o=78 frozen=561 slope=-80.374529357300176 candidate=274637.45855850267 original=274613.42417314264 current=274630.92442025541 won=0 mode=1 camera_scale=1 keep_scale=0
ATTR_RADIUS o=78 raw_norm=90094.576899564228 norm=806.33814740741798 radius=1612.676294814836 next_radius=1612.676294814836 lambda=4.0000000000000026e-13 next_lambda=4.0000000000000032e-14 rho=0.4377526159378361 accept=1
CLASSICAL_LM o=78 lambda=4.0000000000000026e-13 tau=4.0000000000000026e-13 prediction=39.977481517212752 rho=0.4377526159378361 accept=1
  MFCG it  79 cost=2.746134e+05 lam=4.000e-14 tau=0.00e+00 cg_it=0 shift=0 ckpt=1 alpha=0 acc mv=237
PCG_PREP o=79 rebuild=1 drift=0 previous_depth=1
POINT_SAFE o=79 frozen=481 slope=-79.339720915482729 candidate=274620.80624766811 original=274596.38938044192 current=274613.42417314264 won=0 mode=1 camera_scale=1 keep_scale=0
ATTR_RADIUS o=79 raw_norm=91035.32631141087 norm=806.33814740741752 radius=1612.676294814836 next_radius=1612.676294814836 lambda=4.0000000000000032e-14 next_lambda=4.0000000000000035e-15 rho=0.43162251973002463 accept=1
CLASSICAL_LM o=79 lambda=4.0000000000000032e-14 tau=4.0000000000000032e-14 prediction=39.466876546152633 rho=0.43162251973002463 accept=1
  MFCG it  80 cost=2.745964e+05 lam=4.000e-15 tau=0.00e+00 cg_it=0 shift=0 ckpt=1 alpha=0 acc mv=239
PCG_PREP o=80 rebuild=1 drift=0 previous_depth=1
POINT_SAFE o=80 frozen=446 slope=-78.357764155917607 candidate=274604.56998226396 original=274579.79927627795 current=274596.38938044192 won=0 mode=1 camera_scale=1 keep_scale=0
ATTR_RADIUS o=80 raw_norm=92040.398852005019 norm=806.33814740741786 radius=1612.676294814836 next_radius=1612.676294814836 lambda=4.0000000000000035e-15 next_lambda=4.0000000000000039e-16 rho=0.42551699131534565 accept=1
CLASSICAL_LM o=80 lambda=4.0000000000000035e-15 tau=4.0000000000000035e-15 prediction=38.9881121143735 rho=0.42551699131534565 accept=1
  MFCG it  81 cost=2.745798e+05 lam=4.000e-16 tau=0.00e+00 cg_it=0 shift=0 ckpt=1 alpha=0 acc mv=241
PCG_PREP o=81 rebuild=1 drift=0 previous_depth=1
POINT_SAFE o=81 frozen=420 slope=-77.426899789867235 candidate=274588.7470513478 original=274563.62820116529 current=274579.79927627795 won=0 mode=1 camera_scale=1 keep_scale=0
ATTR_RADIUS o=81 raw_norm=93062.8624508223 norm=806.33814740741786 radius=1612.676294814836 next_radius=1612.676294814836 lambda=4.0000000000000039e-16 next_lambda=9.9999999999999998e-17 rho=0.41965894031990975 accept=1
CLASSICAL_LM o=81 lambda=4.0000000000000039e-16 tau=4.0000000000000039e-16 prediction=38.533851084703876 rho=0.41965894031990975 accept=1
  MFCG it  82 cost=2.745636e+05 lam=1.000e-16 tau=0.00e+00 cg_it=0 shift=0 ckpt=1 alpha=0 acc mv=243
PCG_PREP o=82 rebuild=1 drift=0 previous_depth=1
NUMERIC_REPAIR o=82 lambda=9.9999999999999998e-17 rayleigh=-1.2971996050475027e-06 next_lambda=5.1887984205900109e-06 cg=1 rebuild=1
PCG_PREP o=82 rebuild=1 drift=0 previous_depth=1
ATTR_RADIUS o=82 raw_norm=1106.1044373449138 norm=1106.1044373449138 radius=1612.676294814836 next_radius=1612.676294814836 lambda=5.1887984205900109e-06 next_lambda=5.1887984205900109e-06 rho=1.0097407859210112 accept=1
CLASSICAL_LM o=82 lambda=5.1887984205900109e-06 tau=5.1887984205900109e-06 prediction=2161.5028564794457 rho=1.0097407859210112 accept=1
  MFCG it  83 cost=2.723811e+05 lam=5.189e-06 tau=0.00e+00 cg_it=0 shift=0 ckpt=1 alpha=0 acc mv=247
PCG_PREP o=83 rebuild=1 drift=0 previous_depth=1
ATTR_RADIUS o=83 raw_norm=11513.480083273462 norm=1612.6762948148362 radius=1612.676294814836 next_radius=3225.3525896296719 lambda=5.1887984205900109e-06 next_lambda=5.1887984205900109e-06 rho=0.99981802325656355 accept=1
CLASSICAL_LM o=83 lambda=5.1887984205900109e-06 tau=5.1887984205900109e-06 prediction=2816.9308334337534 rho=0.99981802325656355 accept=1
  MFCG it  84 cost=2.695647e+05 lam=5.189e-06 tau=0.00e+00 cg_it=3 shift=0 ckpt=4 alpha=0 acc mv=252
PCG_PREP o=84 rebuild=1 drift=0 previous_depth=4
ATTR_RADIUS o=84 raw_norm=10298.019989196511 norm=3225.3525896296719 radius=3225.3525896296719 next_radius=3225.3525896296719 lambda=5.1887984205900109e-06 next_lambda=5.1887984205900109e-06 rho=0.74848955851058052 accept=1
CLASSICAL_LM o=84 lambda=5.1887984205900109e-06 tau=5.1887984205900109e-06 prediction=4467.2093101694581 rho=0.74848955851058052 accept=1
  MFCG it  85 cost=2.662210e+05 lam=5.189e-06 tau=0.00e+00 cg_it=3 shift=0 ckpt=4 alpha=0 acc mv=257
PCG_PREP o=85 rebuild=1 drift=0 previous_depth=4
ATTR_RADIUS o=85 raw_norm=8226.7300481075254 norm=3225.3525896296724 radius=3225.3525896296719 next_radius=6450.7051792593438 lambda=5.1887984205900109e-06 next_lambda=5.1887984205900109e-06 rho=0.84526767469082653 accept=1
CLASSICAL_LM o=85 lambda=5.1887984205900109e-06 tau=5.1887984205900109e-06 prediction=4065.3901226810476 rho=0.84526767469082653 accept=1
  MFCG it  86 cost=2.627847e+05 lam=5.189e-06 tau=0.00e+00 cg_it=4 shift=0 ckpt=5 alpha=0 acc mv=263
PCG_PREP o=86 rebuild=1 drift=0 previous_depth=5
ATTR_RADIUS o=86 raw_norm=5928.4936107930043 norm=5928.4936107930043 radius=6450.7051792593438 next_radius=6450.7051792593438 lambda=5.1887984205900109e-06 next_lambda=5.1887984205900109e-06 rho=0.65483582323713829 accept=1
CLASSICAL_LM o=86 lambda=5.1887984205900109e-06 tau=5.1887984205900109e-06 prediction=3162.3822605234623 rho=0.65483582323713829 accept=1
  MFCG it  87 cost=2.607138e+05 lam=5.189e-06 tau=0.00e+00 cg_it=4 shift=0 ckpt=5 alpha=0 acc mv=269
PCG_PREP o=87 rebuild=1 drift=0 previous_depth=5
POINT_SAFE o=87 frozen=48 slope=-1475.536129317406 candidate=259999.02420637797 original=259642.33827156844 current=260713.80881954587 won=0 mode=1 camera_scale=1 keep_scale=0
ATTR_RADIUS o=87 raw_norm=754.3578237030199 norm=377.17891185150995 radius=6450.7051792593438 next_radius=6450.7051792593438 lambda=5.1887984205900109e-06 next_lambda=5.1887984205900109e-06 rho=1.1123205064524371 accept=1
CLASSICAL_LM o=87 lambda=5.1887984205900109e-06 tau=5.1887984205900109e-06 prediction=963.27501090014619 rho=1.1123205064524371 accept=1
  MFCG it  88 cost=2.596423e+05 lam=5.189e-06 tau=0.00e+00 cg_it=0 shift=0 ckpt=1 alpha=0 acc mv=271
PCG_PREP o=88 rebuild=1 drift=0 previous_depth=1
ATTR_RADIUS o=88 raw_norm=3885.501997492192 norm=3885.501997492192 radius=6450.7051792593438 next_radius=6450.7051792593438 lambda=5.1887984205900109e-06 next_lambda=5.1887984205900109e-06 rho=0.86200320030274047 accept=1
CLASSICAL_LM o=88 lambda=5.1887984205900109e-06 tau=5.1887984205900109e-06 prediction=1107.4026617877478 rho=0.86200320030274047 accept=1
  MFCG it  89 cost=2.586878e+05 lam=5.189e-06 tau=0.00e+00 cg_it=11 shift=0 ckpt=12 alpha=0 acc mv=284
PCG_PREP o=89 rebuild=1 drift=0 previous_depth=12
ATTR_RADIUS o=89 raw_norm=816.52559600948643 norm=816.52559600948643 radius=6450.7051792593438 next_radius=6450.7051792593438 lambda=5.1887984205900109e-06 next_lambda=5.1887984205900109e-06 rho=0.87503248258142885 accept=1
CLASSICAL_LM o=89 lambda=5.1887984205900109e-06 tau=5.1887984205900109e-06 prediction=445.2551299628102 rho=0.87503248258142885 accept=1
  MFCG it  90 cost=2.582981e+05 lam=5.189e-06 tau=0.00e+00 cg_it=0 shift=0 ckpt=1 alpha=0 acc mv=286
PCG_PREP o=90 rebuild=1 drift=0 previous_depth=1
ATTR_RADIUS o=90 raw_norm=2020.6208675582718 norm=2020.6208675582718 radius=6450.7051792593438 next_radius=6450.7051792593438 lambda=5.1887984205900109e-06 next_lambda=5.1887984205900109e-06 rho=0.72148555587427687 accept=1
CLASSICAL_LM o=90 lambda=5.1887984205900109e-06 tau=5.1887984205900109e-06 prediction=240.43756197880396 rho=0.72148555587427687 accept=1
  MFCG it  91 cost=2.581247e+05 lam=5.189e-06 tau=0.00e+00 cg_it=11 shift=0 ckpt=12 alpha=0 acc mv=299
PCG_PREP o=91 rebuild=1 drift=0 previous_depth=12
ATTR_RADIUS o=91 raw_norm=956.84445332013775 norm=956.84445332013775 radius=6450.7051792593438 next_radius=6450.7051792593438 lambda=5.1887984205900109e-06 next_lambda=5.1887984205900109e-06 rho=0.74234793888376771 accept=1
CLASSICAL_LM o=91 lambda=5.1887984205900109e-06 tau=5.1887984205900109e-06 prediction=81.72264437626086 rho=0.74234793888376771 accept=1
  MFCG it  92 cost=2.580640e+05 lam=5.189e-06 tau=0.00e+00 cg_it=14 shift=0 ckpt=15 alpha=0 acc mv=315
PCG_PREP o=92 rebuild=1 drift=0 previous_depth=15
ATTR_RADIUS o=92 raw_norm=636.5129088015874 norm=636.5129088015874 radius=6450.7051792593438 next_radius=6450.7051792593438 lambda=5.1887984205900109e-06 next_lambda=5.1887984205900109e-06 rho=0.81586092771493035 accept=1
CLASSICAL_LM o=92 lambda=5.1887984205900109e-06 tau=5.1887984205900109e-06 prediction=24.720514799248097 rho=0.81586092771493035 accept=1
  MFCG it  93 cost=2.580438e+05 lam=5.189e-06 tau=0.00e+00 cg_it=13 shift=0 ckpt=14 alpha=0 acc mv=330
PCG_PREP o=93 rebuild=1 drift=0 previous_depth=14
ATTR_RADIUS o=93 raw_norm=462.78173156889318 norm=462.78173156889318 radius=6450.7051792593438 next_radius=6450.7051792593438 lambda=5.1887984205900109e-06 next_lambda=5.1887984205900109e-06 rho=0.84742571097995145 accept=1
CLASSICAL_LM o=93 lambda=5.1887984205900109e-06 tau=5.1887984205900109e-06 prediction=7.0544497937198489 rho=0.84742571097995145 accept=1
  MFCG it  94 cost=2.580379e+05 lam=5.189e-06 tau=0.00e+00 cg_it=0 shift=0 ckpt=1 alpha=0 acc mv=332
PCG_PREP o=94 rebuild=1 drift=0 previous_depth=1
ATTR_RADIUS o=94 raw_norm=446.1349114976345 norm=446.1349114976345 radius=6450.7051792593438 next_radius=6450.7051792593438 lambda=5.1887984205900109e-06 next_lambda=5.1887984205900109e-06 rho=0.88783577669904401 accept=1
CLASSICAL_LM o=94 lambda=5.1887984205900109e-06 tau=5.1887984205900109e-06 prediction=3.1640537643713085 rho=0.88783577669904401 accept=1
  MFCG it  95 cost=2.580350e+05 lam=5.189e-06 tau=0.00e+00 cg_it=0 shift=0 ckpt=1 alpha=0 acc mv=334
PCG_PREP o=95 rebuild=1 drift=0 previous_depth=1
ATTR_RADIUS o=95 raw_norm=427.32954874928521 norm=427.32954874928521 radius=6450.7051792593438 next_radius=6450.7051792593438 lambda=5.1887984205900109e-06 next_lambda=5.1887984205900109e-06 rho=0.91922861803843936 accept=1
CLASSICAL_LM o=95 lambda=5.1887984205900109e-06 tau=5.1887984205900109e-06 prediction=2.1120501757348422 rho=0.91922861803843936 accept=1
  MFCG it  96 cost=2.580331e+05 lam=5.189e-06 tau=0.00e+00 cg_it=0 shift=0 ckpt=1 alpha=0 acc mv=336
PCG_PREP o=96 rebuild=1 drift=0 previous_depth=1
ATTR_RADIUS o=96 raw_norm=411.33734557421934 norm=411.33734557421934 radius=6450.7051792593438 next_radius=6450.7051792593438 lambda=5.1887984205900109e-06 next_lambda=5.1887984205900109e-06 rho=0.93950150354721906 accept=1
CLASSICAL_LM o=96 lambda=5.1887984205900109e-06 tau=5.1887984205900109e-06 prediction=1.6492377170670027 rho=0.93950150354721906 accept=1
  MFCG it  97 cost=2.580316e+05 lam=5.189e-06 tau=0.00e+00 cg_it=0 shift=0 ckpt=1 alpha=0 acc mv=338
PCG_PREP o=97 rebuild=1 drift=0 previous_depth=1
ATTR_RADIUS o=97 raw_norm=397.60496076994315 norm=397.60496076994315 radius=6450.7051792593438 next_radius=6450.7051792593438 lambda=5.1887984205900109e-06 next_lambda=5.1887984205900109e-06 rho=0.95219615689086345 accept=1
CLASSICAL_LM o=97 lambda=5.1887984205900109e-06 tau=5.1887984205900109e-06 prediction=1.3756314038093107 rho=0.95219615689086345 accept=1
  MFCG it  98 cost=2.580302e+05 lam=5.189e-06 tau=0.00e+00 cg_it=0 shift=0 ckpt=1 alpha=0 acc mv=340
PCG_PREP o=98 rebuild=1 drift=0 previous_depth=1
ATTR_RADIUS o=98 raw_norm=385.59529178344536 norm=385.59529178344536 radius=6450.7051792593438 next_radius=6450.7051792593438 lambda=5.1887984205900109e-06 next_lambda=5.1887984205900109e-06 rho=0.9604798323386452 accept=1
CLASSICAL_LM o=98 lambda=5.1887984205900109e-06 tau=5.1887984205900109e-06 prediction=1.192880447800613 rho=0.9604798323386452 accept=1
  MFCG it  99 cost=2.580291e+05 lam=5.189e-06 tau=0.00e+00 cg_it=0 shift=0 ckpt=1 alpha=0 acc mv=342
PCG_PREP o=99 rebuild=1 drift=0 previous_depth=1
ATTR_RADIUS o=99 raw_norm=374.92543684990096 norm=374.92543684990096 radius=6450.7051792593438 next_radius=6450.7051792593438 lambda=5.1887984205900109e-06 next_lambda=5.1887984205900109e-06 rho=0.96611910634192422 accept=1
CLASSICAL_LM o=99 lambda=5.1887984205900109e-06 tau=5.1887984205900109e-06 prediction=1.0614590052474084 rho=0.96611910634192422 accept=1
  MFCG it 100 cost=2.580281e+05 lam=5.189e-06 tau=0.00e+00 cg_it=0 shift=0 ckpt=1 alpha=0 acc mv=344
PCG_PREP o=100 rebuild=1 drift=0 previous_depth=1
ATTR_RADIUS o=100 raw_norm=365.32210494325938 norm=365.32210494325938 radius=6450.7051792593438 next_radius=6450.7051792593438 lambda=5.1887984205900109e-06 next_lambda=5.1887984205900109e-06 rho=0.97010111043769309 accept=1
CLASSICAL_LM o=100 lambda=5.1887984205900109e-06 tau=5.1887984205900109e-06 prediction=0.9618032529602718 rho=0.97010111043769309 accept=1
  MFCG it 101 cost=2.580271e+05 lam=5.189e-06 tau=0.00e+00 cg_it=0 shift=0 ckpt=1 alpha=0 acc mv=346
PCG_PREP o=101 rebuild=1 drift=0 previous_depth=1
ATTR_RADIUS o=101 raw_norm=356.58912124258421 norm=356.58912124258421 radius=6450.7051792593438 next_radius=6450.7051792593438 lambda=5.1887984205900109e-06 next_lambda=5.1887984205900109e-06 rho=0.97300251388938397 accept=1
CLASSICAL_LM o=101 lambda=5.1887984205900109e-06 tau=5.1887984205900109e-06 prediction=0.88314811355604306 rho=0.97300251388938397 accept=1
  MFCG it 102 cost=2.580263e+05 lam=5.189e-06 tau=0.00e+00 cg_it=0 shift=0 ckpt=1 alpha=0 acc mv=348
PCG_PREP o=102 rebuild=1 drift=0 previous_depth=1
ATTR_RADIUS o=102 raw_norm=348.58244241614739 norm=348.58244241614744 radius=6450.7051792593438 next_radius=6450.7051792593438 lambda=5.1887984205900109e-06 next_lambda=5.1887984205900109e-06 rho=0.97517550542498055 accept=1
CLASSICAL_LM o=102 lambda=5.1887984205900109e-06 tau=5.1887984205900109e-06 prediction=0.81911860145265558 rho=0.97517550542498055 accept=1
  MFCG: converged (OCA_FTOL: 8 outers < 1.0e-05 rel)
  [menu-backtrack] confirming stop with original retry policy at outer 103
  MFCG it 103 cost=2.580255e+05 lam=5.189e-06 tau=0.00e+00 cg_it=0 shift=0 ckpt=1 alpha=0 acc mv=350
PCG_PREP o=103 rebuild=1 drift=0 previous_depth=1
ATTR_RADIUS o=103 raw_norm=341.1936214556207 norm=341.1936214556207 radius=6450.7051792593438 next_radius=6450.7051792593438 lambda=5.1887984205900109e-06 next_lambda=5.1887984205900109e-06 rho=0.97684358563202811 accept=1
CLASSICAL_LM o=103 lambda=5.1887984205900109e-06 tau=5.1887984205900109e-06 prediction=0.76571197246718925 rho=0.97684358563202811 accept=1
  MFCG it 104 cost=2.580247e+05 lam=5.189e-06 tau=0.00e+00 cg_it=0 shift=0 ckpt=1 alpha=0 acc mv=352
PCG_PREP o=104 rebuild=1 drift=0 previous_depth=1
ATTR_RADIUS o=104 raw_norm=334.33809417081056 norm=334.33809417081056 radius=6450.7051792593438 next_radius=6450.7051792593438 lambda=5.1887984205900109e-06 next_lambda=5.1887984205900109e-06 rho=0.9781530236218049 accept=1
CLASSICAL_LM o=104 lambda=5.1887984205900109e-06 tau=5.1887984205900109e-06 prediction=0.72029135620656137 rho=0.9781530236218049 accept=1
  MFCG it 105 cost=2.580240e+05 lam=5.189e-06 tau=0.00e+00 cg_it=0 shift=0 ckpt=1 alpha=0 acc mv=354
PCG_PREP o=105 rebuild=1 drift=0 previous_depth=1
ATTR_RADIUS o=105 raw_norm=327.94922130243549 norm=327.94922130243549 radius=6450.7051792593438 next_radius=6450.7051792593438 lambda=5.1887984205900109e-06 next_lambda=5.1887984205900109e-06 rho=0.97920241982444911 accept=1
CLASSICAL_LM o=105 lambda=5.1887984205900109e-06 tau=5.1887984205900109e-06 prediction=0.68105023141681831 rho=0.97920241982444911 accept=1
  MFCG it 106 cost=2.580234e+05 lam=5.189e-06 tau=0.00e+00 cg_it=0 shift=0 ckpt=1 alpha=0 acc mv=356
PCG_PREP o=106 rebuild=1 drift=0 previous_depth=1
ATTR_RADIUS o=106 raw_norm=321.97245178248806 norm=321.97245178248806 radius=6450.7051792593438 next_radius=6450.7051792593438 lambda=5.1887984205900109e-06 next_lambda=5.1887984205900109e-06 rho=0.98005960325165309 accept=1
CLASSICAL_LM o=106 lambda=5.1887984205900109e-06 tau=5.1887984205900109e-06 prediction=0.64670612003924632 rho=0.98005960325165309 accept=1
  MFCG it 107 cost=2.580227e+05 lam=5.189e-06 tau=0.00e+00 cg_it=0 shift=0 ckpt=1 alpha=0 acc mv=358
PCG_PREP o=107 rebuild=1 drift=0 previous_depth=1
ATTR_RADIUS o=107 raw_norm=316.36299870809711 norm=316.36299870809711 radius=6450.7051792593438 next_radius=6450.7051792593438 lambda=5.1887984205900109e-06 next_lambda=5.1887984205900109e-06 rho=0.98077245855712092 accept=1
CLASSICAL_LM o=107 lambda=5.1887984205900109e-06 tau=5.1887984205900109e-06 prediction=0.61632280256408289 rho=0.98077245855712092 accept=1
  MFCG it 108 cost=2.580221e+05 lam=5.189e-06 tau=0.00e+00 cg_it=0 shift=0 ckpt=1 alpha=0 acc mv=360
PCG_PREP o=108 rebuild=1 drift=0 previous_depth=1
ATTR_RADIUS o=108 raw_norm=311.08310398926795 norm=311.08310398926795 radius=6450.7051792593438 next_radius=6450.7051792593438 lambda=5.1887984205900109e-06 next_lambda=5.1887984205900109e-06 rho=0.98137523175488905 accept=1
CLASSICAL_LM o=108 lambda=5.1887984205900109e-06 tau=5.1887984205900109e-06 prediction=0.58919820979471027 rho=0.98137523175488905 accept=1
  MFCG it 109 cost=2.580215e+05 lam=5.189e-06 tau=0.00e+00 cg_it=0 shift=0 ckpt=1 alpha=0 acc mv=362
PCG_PREP o=109 rebuild=1 drift=0 previous_depth=1
ATTR_RADIUS o=109 raw_norm=306.10037042817919 norm=306.10037042817919 radius=6450.7051792593438 next_radius=6450.7051792593438 lambda=5.1887984205900109e-06 next_lambda=5.1887984205900109e-06 rho=0.98189289428486448 accept=1
CLASSICAL_LM o=109 lambda=5.1887984205900109e-06 tau=5.1887984205900109e-06 prediction=0.564793839485493 rho=0.98189289428486448 accept=1
  MFCG it 110 cost=2.580210e+05 lam=5.189e-06 tau=0.00e+00 cg_it=0 shift=0 ckpt=1 alpha=0 acc mv=364
PCG_PREP o=110 rebuild=1 drift=0 previous_depth=1
ATTR_RADIUS o=110 raw_norm=301.38738063485414 norm=301.38738063485414 radius=6450.7051792593438 next_radius=6450.7051792593438 lambda=5.1887984205900109e-06 next_lambda=5.1887984205900109e-06 rho=0.98234395207949798 accept=1
CLASSICAL_LM o=110 lambda=5.1887984205900109e-06 tau=5.1887984205900109e-06 prediction=0.5426896799987152 rho=0.98234395207949798 accept=1
  MFCG: converged (OCA_FTOL: 8 outers < 1.0e-05 rel)
  MFCG: accepts=111 rejects=2 total_matvecs=366 negcurv=1 cand_evals=113 mean_cg_per_outer=3.3
NUMERIC_REPAIR summary rebuilds=1 floor=5.1887984205900109e-06
  [retry-cache] builds=114 reuses=0
  [menu-backtrack] trials=23 rescues=23 evals=48 total_scored=161
POINT_SAFE summary calls=23 evals=23 wins=9 frozen=10917 seconds=0.05539743
  [scoring] menu_evals=113 alpha_evals=0 backtrack_evals=48 total_scored=161
RESULT algo=mfree_shifted_cg iters=111 final_cost=258020.4595189536 solve_seconds=1.228185
DIAGNOSTICS median_reproj_err_px 3.252455 -> 0.373896 | cheirality_violations(obs) 0 -> 30 | cheirality_violations(pts, of 64053) 0 -> 15
