  [menu-backtrack] active=1 max_evals=8 warmup_accepts=3 confirm_stop=original armijo=1e-4
MIXED_STORAGE fragments=fp32 arithmetic=fp64 state=fp64 acceptance=fp64
  [compact-fragments] active=2 saved_bytes=171996448 storage=fp32 camera_reads=contiguous
  MFCG score_init=90993342.024340227 precision=fp64
PCG_PREP o=0 rebuild=1 drift=0 previous_depth=0
ATTR_RADIUS o=0 raw_norm=8861.170988730757 norm=8861.170988730757 radius=8861.170988730757 next_radius=17722.341977461514 lambda=0.10000000000000001 next_lambda=0.025000000000000001 rho=0.99545080656082663 accept=1
CLASSICAL_LM o=0 lambda=0.10000000000000001 tau=0.10000000000000001 prediction=83412716.69905898 rho=0.99545080656082663 accept=1
  MFCG it   1 cost=7.960086e+06 lam=2.500e-02 tau=0.00e+00 cg_it=0 shift=0 ckpt=1 alpha=0 acc mv=2
PCG_PREP o=1 rebuild=1 drift=0 previous_depth=1
ATTR_RADIUS o=1 raw_norm=4659.7121206778074 norm=4659.7121206778074 radius=17722.341977461514 next_radius=17722.341977461514 lambda=0.025000000000000001 next_lambda=0.0025000000000000005 rho=0.99453896506500106 accept=1
CLASSICAL_LM o=1 lambda=0.025000000000000001 tau=0.025000000000000001 prediction=4259951.5107679553 rho=0.99453896506500106 accept=1
  MFCG it   2 cost=3.723398e+06 lam=2.500e-03 tau=0.00e+00 cg_it=4 shift=0 ckpt=5 alpha=0 acc mv=8
PCG_PREP o=2 rebuild=1 drift=0 previous_depth=5
ATTR_RADIUS o=2 raw_norm=6975.677978956046 norm=6975.677978956046 radius=17722.341977461514 next_radius=17722.341977461514 lambda=0.0025000000000000005 next_lambda=0.00025000000000000006 rho=0.87051061466534274 accept=1
CLASSICAL_LM o=2 lambda=0.0025000000000000005 tau=0.0025000000000000005 prediction=1234099.5580717523 rho=0.87051061466534274 accept=1
  MFCG it   3 cost=2.649101e+06 lam=2.500e-04 tau=0.00e+00 cg_it=9 shift=0 ckpt=10 alpha=0 acc mv=19
PCG_PREP o=3 rebuild=1 drift=0 previous_depth=10
ATTR_RADIUS o=3 raw_norm=10922.542500247037 norm=10922.542500247037 radius=17722.341977461514 next_radius=17722.341977461514 lambda=0.00025000000000000006 next_lambda=2.5000000000000008e-05 rho=0.71461554946596451 accept=1
CLASSICAL_LM o=3 lambda=0.00025000000000000006 tau=0.00025000000000000006 prediction=596515.31226693571 rho=0.71461554946596451 accept=1
  MFCG it   4 cost=2.222822e+06 lam=2.500e-05 tau=0.00e+00 cg_it=0 shift=0 ckpt=1 alpha=0 acc mv=21
PCG_PREP o=4 rebuild=1 drift=0 previous_depth=1
POINT_SAFE o=4 frozen=1341 slope=-336469.80042299826 candidate=2043410.2461123189 original=2072225.5828220262 current=2222822.2595902244 won=1 mode=1 camera_scale=1 keep_scale=0
ATTR_RADIUS o=4 raw_norm=25300.156688663912 norm=17722.341977461514 radius=17722.341977461514 next_radius=35444.683954923028 lambda=2.5000000000000008e-05 next_lambda=6.250000000000002e-06 rho=0.91745233691158246 accept=1
CLASSICAL_LM o=4 lambda=2.5000000000000008e-05 tau=2.5000000000000008e-05 prediction=195554.58769864781 rho=0.91745233691158246 accept=1
  MFCG it   5 cost=2.043410e+06 lam=6.250e-06 tau=0.00e+00 cg_it=1 shift=0 ckpt=2 alpha=0 acc mv=24
PCG_PREP o=5 rebuild=1 drift=0 previous_depth=2
POINT_SAFE o=5 frozen=1597 slope=-207541.01327329103 candidate=2178477.5176242162 original=2002350.7442034769 current=2043410.2461123189 won=0 mode=1 camera_scale=1 keep_scale=0
ATTR_RADIUS o=5 raw_norm=42981.167718000674 norm=4430.5854943653794 radius=35444.683954923028 next_radius=35444.683954923028 lambda=6.250000000000002e-06 next_lambda=6.2500000000000026e-07 rho=0.91573841448436466 accept=1
CLASSICAL_LM o=5 lambda=6.250000000000002e-06 tau=6.250000000000002e-06 prediction=44837.58817954782 rho=0.91573841448436466 accept=1
  MFCG it   6 cost=2.002351e+06 lam=6.250e-07 tau=0.00e+00 cg_it=7 shift=0 ckpt=8 alpha=0 acc mv=33
PCG_PREP o=6 rebuild=1 drift=0 previous_depth=8
POINT_SAFE o=6 frozen=1717 slope=-116979.54000157546 candidate=4315005.6826595478 original=1973551.1906582257 current=2002350.7442034769 won=0 mode=1 camera_scale=1 keep_scale=0
ATTR_RADIUS o=6 raw_norm=69288.183653553293 norm=8861.1709887307588 radius=35444.683954923028 next_radius=35444.683954923028 lambda=6.2500000000000026e-07 next_lambda=6.2500000000000024e-08 rho=0.49915892072166612 accept=1
CLASSICAL_LM o=6 lambda=6.2500000000000026e-07 tau=6.2500000000000026e-07 prediction=57696.161181721225 rho=0.49915892072166612 accept=1
  MFCG it   7 cost=1.973551e+06 lam=6.250e-08 tau=0.00e+00 cg_it=5 shift=0 ckpt=6 alpha=0 acc mv=40
PCG_PREP o=7 rebuild=1 drift=0 previous_depth=6
POINT_SAFE o=7 frozen=795 slope=-53299.918599132536 candidate=13125335.103705004 original=1973158.869323072 current=1973551.1906582257 won=0 mode=1 camera_scale=1 keep_scale=0
ATTR_RADIUS o=7 raw_norm=76373.568288435257 norm=276.9115933978361 radius=35444.683954923028 next_radius=35444.683954923028 lambda=6.2500000000000024e-08 next_lambda=6.250000000000003e-09 rho=0.3057868800362592 accept=1
CLASSICAL_LM o=7 lambda=6.2500000000000024e-08 tau=6.2500000000000024e-08 prediction=1282.9894307667289 rho=0.3057868800362592 accept=1
  MFCG it   8 cost=1.973159e+06 lam=6.250e-09 tau=0.00e+00 cg_it=0 shift=0 ckpt=1 alpha=0 acc mv=42
PCG_PREP o=8 rebuild=1 drift=0 previous_depth=1
POINT_SAFE o=8 frozen=362 slope=-43371.101349400698 candidate=2896135.2888318775 original=1973003.9958243978 current=1973158.869323072 won=0 mode=1 camera_scale=1 keep_scale=0
ATTR_RADIUS o=8 raw_norm=167853.2704295959 norm=276.91159339783633 radius=35444.683954923028 next_radius=8861.170988730757 lambda=6.250000000000003e-09 next_lambda=1.0000000000000005e-07 rho=0.12875110849802873 accept=1
CLASSICAL_LM o=8 lambda=6.250000000000003e-09 tau=6.250000000000003e-09 prediction=1202.8906040573661 rho=0.12875110849802873 accept=1
  MFCG it   9 cost=1.973004e+06 lam=1.000e-07 tau=0.00e+00 cg_it=0 shift=0 ckpt=1 alpha=0 acc mv=44
PCG_PREP o=9 rebuild=1 drift=0 previous_depth=1
POINT_SAFE o=9 frozen=160 slope=-39177.302079742964 candidate=2030798.9091977342 original=1972511.4701485424 current=1973003.9958243978 won=0 mode=1 camera_scale=1 keep_scale=0
ATTR_RADIUS o=9 raw_norm=70142.852347227978 norm=138.45579669891814 radius=8861.170988730757 next_radius=2215.2927471826893 lambda=1.0000000000000005e-07 next_lambda=1.6000000000000008e-06 rho=0.21090155779997477 accept=1
CLASSICAL_LM o=9 lambda=1.0000000000000005e-07 tau=1.0000000000000005e-07 prediction=2335.3344612203859 rho=0.21090155779997477 accept=1
  MFCG it  10 cost=1.972511e+06 lam=1.600e-06 tau=0.00e+00 cg_it=0 shift=0 ckpt=1 alpha=0 acc mv=46
PCG_PREP o=10 rebuild=1 drift=0 previous_depth=1
POINT_SAFE o=10 frozen=31 slope=-36314.136611763548 candidate=1956017.7746542722 original=1971779.9922885324 current=1972511.4701485424 won=1 mode=1 camera_scale=1 keep_scale=0
ATTR_RADIUS o=10 raw_norm=25530.445921142851 norm=2215.2927471826888 radius=2215.2927471826893 next_radius=4430.5854943653785 lambda=1.6000000000000008e-06 next_lambda=4.0000000000000019e-07 rho=0.83451554003507955 accept=1
CLASSICAL_LM o=10 lambda=1.6000000000000008e-06 tau=1.6000000000000008e-06 prediction=19764.395871617751 rho=0.83451554003507955 accept=1
  MFCG it  11 cost=1.956018e+06 lam=4.000e-07 tau=0.00e+00 cg_it=0 shift=0 ckpt=1 alpha=0 acc mv=48
PCG_PREP o=11 rebuild=1 drift=0 previous_depth=1
POINT_SAFE o=11 frozen=525 slope=-8410.1803997615134 candidate=1962455.1593035709 original=1955374.660786676 current=1956017.7746542722 won=0 mode=1 camera_scale=1 keep_scale=0
ATTR_RADIUS o=11 raw_norm=45919.39763647908 norm=69.227898349459068 radius=4430.5854943653785 next_radius=4430.5854943653785 lambda=4.0000000000000019e-07 next_lambda=4.0000000000000021e-08 rho=0.34546258950734904 accept=1
CLASSICAL_LM o=11 lambda=4.0000000000000019e-07 tau=4.0000000000000019e-07 prediction=1861.602058021326 rho=0.34546258950734904 accept=1
  MFCG it  12 cost=1.955375e+06 lam=4.000e-08 tau=0.00e+00 cg_it=0 shift=0 ckpt=1 alpha=0 acc mv=50
PCG_PREP o=12 rebuild=1 drift=0 previous_depth=1
POINT_SAFE o=12 frozen=302 slope=-6539.2570623142738 candidate=1958934.1446351861 original=inf current=1955374.660786676 won=0 mode=1 camera_scale=1 keep_scale=0
ATTR_RADIUS o=12 raw_norm=87009.867510772427 norm=4430.5854943653785 radius=4430.5854943653785 next_radius=1107.6463735913446 lambda=4.0000000000000021e-08 next_lambda=6.4000000000000033e-07 rho=-1 accept=0
CLASSICAL_LM o=12 lambda=4.0000000000000021e-08 tau=4.0000000000000021e-08 prediction=4289.0926375686304 rho=-1 accept=0
  MFCG it  13  retry 1/8  lam=6.400e-07 tau_eff=4.000e-08  (assembly reused)
PCG_PREP o=12 rebuild=1 drift=0 previous_depth=1
POINT_SAFE o=12 frozen=88 slope=-5482.1542179741518 candidate=1953406.1262336229 original=inf current=1955374.660786676 won=1 mode=1 camera_scale=1 keep_scale=0
ATTR_RADIUS o=12 raw_norm=38915.495768392764 norm=1107.6463735913444 radius=1107.6463735913446 next_radius=1107.6463735913446 lambda=6.4000000000000033e-07 next_lambda=6.4000000000000033e-07 rho=0.59242208319286183 accept=1
CLASSICAL_LM o=12 lambda=6.4000000000000033e-07 tau=6.4000000000000033e-07 prediction=3322.8581595805199 rho=0.59242208319286183 accept=1
  MFCG it  13 cost=1.953406e+06 lam=6.400e-07 tau=0.00e+00 cg_it=0 shift=0 ckpt=1 alpha=0 acc mv=54
PCG_PREP o=13 rebuild=1 drift=0 previous_depth=1
POINT_SAFE o=13 frozen=258 slope=-2904.110475990924 candidate=1952410.5277552914 original=1953272.1402038727 current=1953406.1262336229 won=1 mode=1 camera_scale=1 keep_scale=0
ATTR_RADIUS o=13 raw_norm=38853.588701460591 norm=1107.6463735913446 radius=1107.6463735913446 next_radius=1107.6463735913446 lambda=6.4000000000000033e-07 next_lambda=6.4000000000000033e-07 rho=0.49300724308559402 accept=1
CLASSICAL_LM o=13 lambda=6.4000000000000033e-07 tau=6.4000000000000033e-07 prediction=2019.4398607620687 rho=0.49300724308559402 accept=1
  MFCG it  14 cost=1.952411e+06 lam=6.400e-07 tau=0.00e+00 cg_it=0 shift=0 ckpt=1 alpha=0 acc mv=56
PCG_PREP o=14 rebuild=1 drift=0 previous_depth=1
POINT_SAFE o=14 frozen=93 slope=-2233.8886941096289 candidate=1951700.4491837991 original=1952361.7889409508 current=1952410.5277552914 won=1 mode=1 camera_scale=1 keep_scale=0
ATTR_RADIUS o=14 raw_norm=38492.709808825908 norm=1107.6463735913444 radius=1107.6463735913446 next_radius=1107.6463735913446 lambda=6.4000000000000033e-07 next_lambda=6.4000000000000033e-07 rho=0.42241794739207328 accept=1
CLASSICAL_LM o=14 lambda=6.4000000000000033e-07 tau=6.4000000000000033e-07 prediction=1680.9858006181512 rho=0.42241794739207328 accept=1
  MFCG it  15 cost=1.951700e+06 lam=6.400e-07 tau=0.00e+00 cg_it=0 shift=0 ckpt=1 alpha=0 acc mv=58
PCG_PREP o=15 rebuild=1 drift=0 previous_depth=1
POINT_SAFE o=15 frozen=212 slope=-1616.4209302772265 candidate=1951068.3961260633 original=1951389.3099367877 current=1951700.4491837991 won=1 mode=1 camera_scale=1 keep_scale=0
ATTR_RADIUS o=15 raw_norm=38107.77732746282 norm=1107.6463735913453 radius=1107.6463735913446 next_radius=1107.6463735913446 lambda=6.4000000000000033e-07 next_lambda=6.4000000000000033e-07 rho=0.44088582494750117 accept=1
CLASSICAL_LM o=15 lambda=6.4000000000000033e-07 tau=6.4000000000000033e-07 prediction=1433.5980473199565 rho=0.44088582494750117 accept=1
  MFCG it  16 cost=1.951068e+06 lam=6.400e-07 tau=0.00e+00 cg_it=0 shift=0 ckpt=1 alpha=0 acc mv=60
PCG_PREP o=16 rebuild=1 drift=0 previous_depth=1
POINT_SAFE o=16 frozen=101 slope=-1424.7251814806932 candidate=1950378.8157107574 original=1950909.5449722221 current=1951068.3961260633 won=1 mode=1 camera_scale=1 keep_scale=0
ATTR_RADIUS o=16 raw_norm=37693.376544089559 norm=1107.6463735913442 radius=1107.6463735913446 next_radius=1107.6463735913446 lambda=6.4000000000000033e-07 next_lambda=6.4000000000000033e-07 rho=0.54142669190932757 accept=1
CLASSICAL_LM o=16 lambda=6.4000000000000033e-07 tau=6.4000000000000033e-07 prediction=1273.6357952248834 rho=0.54142669190932757 accept=1
  MFCG it  17 cost=1.950379e+06 lam=6.400e-07 tau=0.00e+00 cg_it=0 shift=0 ckpt=1 alpha=0 acc mv=62
PCG_PREP o=17 rebuild=1 drift=0 previous_depth=1
POINT_SAFE o=17 frozen=212 slope=-1254.2435627352559 candidate=1949749.634969047 original=1949826.6618084544 current=1950378.8157107574 won=1 mode=1 camera_scale=1 keep_scale=0
ATTR_RADIUS o=17 raw_norm=37276.535315451671 norm=1107.6463735913444 radius=1107.6463735913446 next_radius=1107.6463735913446 lambda=6.4000000000000033e-07 next_lambda=6.4000000000000033e-07 rho=0.52910586103715684 accept=1
CLASSICAL_LM o=17 lambda=6.4000000000000033e-07 tau=6.4000000000000033e-07 prediction=1189.1396184442774 rho=0.52910586103715684 accept=1
  MFCG it  18 cost=1.949750e+06 lam=6.400e-07 tau=0.00e+00 cg_it=0 shift=0 ckpt=1 alpha=0 acc mv=64
PCG_PREP o=18 rebuild=1 drift=0 previous_depth=1
POINT_SAFE o=18 frozen=93 slope=-1191.4173955885265 candidate=1949156.4645288668 original=1948953.4526600004 current=1949749.634969047 won=0 mode=1 camera_scale=1 keep_scale=0
ATTR_RADIUS o=18 raw_norm=36778.045113105458 norm=17.306974587364756 radius=1107.6463735913446 next_radius=1107.6463735913446 lambda=6.4000000000000033e-07 next_lambda=6.400000000000003e-08 rho=0.45923676168389632 accept=1
CLASSICAL_LM o=18 lambda=6.4000000000000033e-07 tau=6.4000000000000033e-07 prediction=1733.7076982409608 rho=0.45923676168389632 accept=1
  MFCG it  19 cost=1.948953e+06 lam=6.400e-08 tau=0.00e+00 cg_it=0 shift=0 ckpt=1 alpha=0 acc mv=66
PCG_PREP o=19 rebuild=1 drift=0 previous_depth=1
POINT_SAFE o=19 frozen=92 slope=-658.90296710139205 candidate=1950384.02217017 original=inf current=1948953.4526600004 won=0 mode=1 camera_scale=1 keep_scale=0
ATTR_RADIUS o=19 raw_norm=69671.854073410606 norm=1107.6463735913444 radius=1107.6463735913446 next_radius=276.91159339783616 lambda=6.400000000000003e-08 next_lambda=1.0240000000000005e-06 rho=-1 accept=0
CLASSICAL_LM o=19 lambda=6.400000000000003e-08 tau=6.400000000000003e-08 prediction=640.39193847115166 rho=-1 accept=0
  MFCG it  20  retry 1/8  lam=1.024e-06 tau_eff=6.400e-08  (assembly reused)
PCG_PREP o=19 rebuild=1 drift=0 previous_depth=1
POINT_SAFE o=19 frozen=50 slope=-445.23464620602164 candidate=1948694.2451958067 original=inf current=1948953.4526600004 won=1 mode=1 camera_scale=1 keep_scale=0
ATTR_RADIUS o=19 raw_norm=29826.084759079116 norm=276.91159339783604 radius=276.91159339783616 next_radius=276.91159339783616 lambda=1.0240000000000005e-06 next_lambda=1.0240000000000005e-06 rho=0.64766009593694918 accept=1
CLASSICAL_LM o=19 lambda=1.0240000000000005e-06 tau=1.0240000000000005e-06 prediction=400.22145230162016 rho=0.64766009593694918 accept=1
  MFCG it  20 cost=1.948694e+06 lam=1.024e-06 tau=0.00e+00 cg_it=0 shift=0 ckpt=1 alpha=0 acc mv=70
PCG_PREP o=20 rebuild=1 drift=0 previous_depth=1
POINT_SAFE o=20 frozen=233 slope=-415.25756945616962 candidate=1948348.1631408161 original=1948595.7105357635 current=1948694.2451958067 won=1 mode=1 camera_scale=1 keep_scale=0
ATTR_RADIUS o=20 raw_norm=29872.302475628388 norm=276.91159339783621 radius=276.91159339783616 next_radius=553.82318679567231 lambda=1.0240000000000005e-06 next_lambda=2.5600000000000012e-07 rho=0.90306756129148402 accept=1
CLASSICAL_LM o=20 lambda=1.0240000000000005e-06 tau=1.0240000000000005e-06 prediction=383.22941696149724 rho=0.90306756129148402 accept=1
  MFCG it  21 cost=1.948348e+06 lam=2.560e-07 tau=0.00e+00 cg_it=0 shift=0 ckpt=1 alpha=0 acc mv=72
PCG_PREP o=21 rebuild=1 drift=0 previous_depth=1
POINT_SAFE o=21 frozen=410 slope=-436.38424973317467 candidate=1948076.4233815202 original=1948157.4815865026 current=1948348.1631408161 won=1 mode=1 camera_scale=1 keep_scale=0
ATTR_RADIUS o=21 raw_norm=49468.949317718689 norm=553.82318679567243 radius=553.82318679567231 next_radius=553.82318679567231 lambda=2.5600000000000012e-07 next_lambda=2.5600000000000012e-07 rho=0.62888965675371977 accept=1
CLASSICAL_LM o=21 lambda=2.5600000000000012e-07 tau=2.5600000000000012e-07 prediction=432.09449603392397 rho=0.62888965675371977 accept=1
  MFCG it  22 cost=1.948076e+06 lam=2.560e-07 tau=0.00e+00 cg_it=0 shift=0 ckpt=1 alpha=0 acc mv=74
PCG_PREP o=22 rebuild=1 drift=0 previous_depth=1
POINT_SAFE o=22 frozen=256 slope=-431.61110768826774 candidate=1947798.0720731926 original=1947837.0325654265 current=1948076.4233815202 won=1 mode=1 camera_scale=1 keep_scale=0
ATTR_RADIUS o=22 raw_norm=49342.064181135247 norm=553.82318679567209 radius=553.82318679567231 next_radius=553.82318679567231 lambda=2.5600000000000012e-07 next_lambda=2.5600000000000012e-07 rho=0.65008566356458075 accept=1
CLASSICAL_LM o=22 lambda=2.5600000000000012e-07 tau=2.5600000000000012e-07 prediction=428.17635263845801 rho=0.65008566356458075 accept=1
  MFCG it  23 cost=1.947798e+06 lam=2.560e-07 tau=0.00e+00 cg_it=0 shift=0 ckpt=1 alpha=0 acc mv=76
PCG_PREP o=23 rebuild=1 drift=0 previous_depth=1
POINT_SAFE o=23 frozen=161 slope=-429.58574229663299 candidate=1947515.9139452886 original=1947415.7639410214 current=1947798.0720731926 won=0 mode=1 camera_scale=1 keep_scale=0
ATTR_RADIUS o=23 raw_norm=49150.187762574344 norm=4.3267436468411873 radius=553.82318679567231 next_radius=553.82318679567231 lambda=2.5600000000000012e-07 next_lambda=2.5600000000000014e-08 rho=0.44783034927233062 accept=1
CLASSICAL_LM o=23 lambda=2.5600000000000012e-07 tau=2.5600000000000012e-07 prediction=853.68964562667315 rho=0.44783034927233062 accept=1
  MFCG it  24 cost=1.947416e+06 lam=2.560e-08 tau=0.00e+00 cg_it=0 shift=0 ckpt=1 alpha=0 acc mv=78
PCG_PREP o=24 rebuild=1 drift=0 previous_depth=1
POINT_SAFE o=24 frozen=82 slope=-257.10309428632667 candidate=1947667.4823468348 original=inf current=1947415.7639410214 won=0 mode=1 camera_scale=1 keep_scale=0
ATTR_RADIUS o=24 raw_norm=84577.020894026311 norm=553.82318679567243 radius=553.82318679567231 next_radius=138.45579669891808 lambda=2.5600000000000014e-08 next_lambda=4.0960000000000023e-07 rho=-1 accept=0
CLASSICAL_LM o=24 lambda=2.5600000000000014e-08 tau=2.5600000000000014e-08 prediction=255.35166995684392 rho=-1 accept=0
  MFCG it  25  retry 1/8  lam=4.096e-07 tau_eff=2.560e-08  (assembly reused)
PCG_PREP o=24 rebuild=1 drift=0 previous_depth=1
POINT_SAFE o=24 frozen=47 slope=-126.90000622330471 candidate=1947318.1948913091 original=inf current=1947415.7639410214 won=1 mode=1 camera_scale=1 keep_scale=0
ATTR_RADIUS o=24 raw_norm=41873.712291734286 norm=138.45579669891805 radius=138.45579669891808 next_radius=276.91159339783616 lambda=4.0960000000000023e-07 next_lambda=1.0240000000000006e-07 rho=0.77403561496976148 accept=1
CLASSICAL_LM o=24 lambda=4.0960000000000023e-07 tau=4.0960000000000023e-07 prediction=126.05240356554154 rho=0.77403561496976148 accept=1
  MFCG it  25 cost=1.947318e+06 lam=1.024e-07 tau=0.00e+00 cg_it=0 shift=0 ckpt=1 alpha=0 acc mv=82
PCG_PREP o=25 rebuild=1 drift=0 previous_depth=1
POINT_SAFE o=25 frozen=418 slope=-170.16809770052768 candidate=1947185.4720710176 original=inf current=1947318.1948913091 won=1 mode=1 camera_scale=1 keep_scale=0
ATTR_RADIUS o=25 raw_norm=62491.873228112512 norm=276.91159339783604 radius=276.91159339783616 next_radius=553.82318679567231 lambda=1.0240000000000006e-07 next_lambda=2.5600000000000014e-08 rho=0.78204825041338666 accept=1
CLASSICAL_LM o=25 lambda=1.0240000000000006e-07 tau=1.0240000000000006e-07 prediction=169.71180514932664 rho=0.78204825041338666 accept=1
  MFCG it  26 cost=1.947185e+06 lam=2.560e-08 tau=0.00e+00 cg_it=0 shift=0 ckpt=1 alpha=0 acc mv=84
PCG_PREP o=26 rebuild=1 drift=0 previous_depth=1
POINT_SAFE o=26 frozen=383 slope=-252.97673025262867 candidate=1947033.1185127401 original=inf current=1947185.4720710176 won=1 mode=1 camera_scale=1 keep_scale=0
ATTR_RADIUS o=26 raw_norm=84369.500408187567 norm=553.82318679567186 radius=553.82318679567231 next_radius=553.82318679567231 lambda=2.5600000000000014e-08 next_lambda=2.5600000000000014e-08 rho=0.60471538448519191 accept=1
CLASSICAL_LM o=26 lambda=2.5600000000000014e-08 tau=2.5600000000000014e-08 prediction=251.94258685378168 rho=0.60471538448519191 accept=1
  MFCG it  27 cost=1.947033e+06 lam=2.560e-08 tau=0.00e+00 cg_it=0 shift=0 ckpt=1 alpha=0 acc mv=86
PCG_PREP o=27 rebuild=1 drift=0 previous_depth=1
POINT_SAFE o=27 frozen=235 slope=-244.28572719195441 candidate=1946867.3954026827 original=1946870.0208435615 current=1947033.1185127401 won=1 mode=1 camera_scale=1 keep_scale=0
ATTR_RADIUS o=27 raw_norm=86712.492229135547 norm=553.82318679567197 radius=553.82318679567231 next_radius=553.82318679567231 lambda=2.5600000000000014e-08 next_lambda=2.5600000000000014e-08 rho=0.68113006004272136 accept=1
CLASSICAL_LM o=27 lambda=2.5600000000000014e-08 tau=2.5600000000000014e-08 prediction=243.30611696541365 rho=0.68113006004272136 accept=1
  MFCG it  28 cost=1.946867e+06 lam=2.560e-08 tau=0.00e+00 cg_it=0 shift=0 ckpt=1 alpha=0 acc mv=88
PCG_PREP o=28 rebuild=1 drift=0 previous_depth=1
POINT_SAFE o=28 frozen=153 slope=-239.45424715775675 candidate=1946702.3307168083 original=1946774.625592534 current=1946867.3954026827 won=1 mode=1 camera_scale=1 keep_scale=0
ATTR_RADIUS o=28 raw_norm=88014.050704892681 norm=553.82318679567209 radius=553.82318679567231 next_radius=553.82318679567231 lambda=2.5600000000000014e-08 next_lambda=2.5600000000000014e-08 rho=0.69209259794534461 accept=1
CLASSICAL_LM o=28 lambda=2.5600000000000014e-08 tau=2.5600000000000014e-08 prediction=238.50086876297024 rho=0.69209259794534461 accept=1
  MFCG it  29 cost=1.946702e+06 lam=2.560e-08 tau=0.00e+00 cg_it=0 shift=0 ckpt=1 alpha=0 acc mv=90
PCG_PREP o=29 rebuild=1 drift=0 previous_depth=1
POINT_SAFE o=29 frozen=235 slope=-237.35014940058065 candidate=1946534.0406254511 original=1946452.6754385636 current=1946702.3307168083 won=0 mode=1 camera_scale=1 keep_scale=0
ATTR_RADIUS o=29 raw_norm=88355.841502887066 norm=4.3267436468411864 radius=553.82318679567231 next_radius=553.82318679567231 lambda=2.5600000000000014e-08 next_lambda=2.5600000000000015e-09 rho=0.29450207021242408 accept=1
CLASSICAL_LM o=29 lambda=2.5600000000000014e-08 tau=2.5600000000000014e-08 prediction=847.71994324073228 rho=0.29450207021242408 accept=1
  MFCG it  30 cost=1.946453e+06 lam=2.560e-09 tau=0.00e+00 cg_it=0 shift=0 ckpt=1 alpha=0 acc mv=92
PCG_PREP o=30 rebuild=1 drift=0 previous_depth=1
NUMERIC_REPAIR o=30 lambda=2.5600000000000015e-09 rayleigh=-8.1466393528593815e-08 next_lambda=3.3610557411437528e-07 cg=1 rebuild=1
PCG_PREP o=30 rebuild=1 drift=0 previous_depth=1
POINT_SAFE o=30 frozen=586 slope=-476.03052562448278 candidate=1946124.1836174733 original=inf current=1946452.6754385636 won=1 mode=1 camera_scale=1 keep_scale=0
ATTR_RADIUS o=30 raw_norm=43320.027347191841 norm=553.82318679567231 radius=553.82318679567231 next_radius=553.82318679567231 lambda=3.3610557411437528e-07 next_lambda=3.3610557411437528e-07 rho=0.69501388348117954 accept=1
CLASSICAL_LM o=30 lambda=3.3610557411437528e-07 tau=3.3610557411437528e-07 prediction=472.64066070864385 rho=0.69501388348117954 accept=1
  MFCG it  31 cost=1.946124e+06 lam=3.361e-07 tau=0.00e+00 cg_it=0 shift=0 ckpt=1 alpha=0 acc mv=96
PCG_PREP o=31 rebuild=1 drift=0 previous_depth=1
POINT_SAFE o=31 frozen=166 slope=-475.56195177653905 candidate=1945790.0477349099 original=1946072.5466153563 current=1946124.1836174733 won=1 mode=1 camera_scale=1 keep_scale=0
ATTR_RADIUS o=31 raw_norm=43113.204402121708 norm=553.8231867956722 radius=553.82318679567231 next_radius=553.82318679567231 lambda=3.3610557411437528e-07 next_lambda=3.3610557411437528e-07 rho=0.70832000864508371 accept=1
CLASSICAL_LM o=31 lambda=3.3610557411437528e-07 tau=3.3610557411437528e-07 prediction=471.73011984029392 rho=0.70832000864508371 accept=1
  MFCG it  32 cost=1.945790e+06 lam=3.361e-07 tau=0.00e+00 cg_it=0 shift=0 ckpt=1 alpha=0 acc mv=98
PCG_PREP o=32 rebuild=1 drift=0 previous_depth=1
POINT_SAFE o=32 frozen=202 slope=-474.05398105208161 candidate=1945453.9755962361 original=1945606.8886338752 current=1945790.0477349099 won=1 mode=1 camera_scale=1 keep_scale=0
ATTR_RADIUS o=32 raw_norm=42971.621288209739 norm=553.82318679567243 radius=553.82318679567231 next_radius=553.82318679567231 lambda=3.3610557411437528e-07 next_lambda=3.3610557411437528e-07 rho=0.71483587841375218 accept=1
CLASSICAL_LM o=32 lambda=3.3610557411437528e-07 tau=3.3610557411437528e-07 prediction=470.13887917827446 rho=0.71483587841375218 accept=1
  MFCG it  33 cost=1.945454e+06 lam=3.361e-07 tau=0.00e+00 cg_it=0 shift=0 ckpt=1 alpha=0 acc mv=100
PCG_PREP o=33 rebuild=1 drift=0 previous_depth=1
POINT_SAFE o=33 frozen=146 slope=-471.87308024083012 candidate=1945117.1948290516 original=1945308.3137670772 current=1945453.9755962361 won=1 mode=1 camera_scale=1 keep_scale=0
ATTR_RADIUS o=33 raw_norm=42877.287895354784 norm=553.82318679567197 radius=553.82318679567231 next_radius=553.82318679567231 lambda=3.3610557411437528e-07 next_lambda=3.3610557411437528e-07 rho=0.71968308357355915 accept=1
CLASSICAL_LM o=33 lambda=3.3610557411437528e-07 tau=3.3610557411437528e-07 prediction=467.95704230281081 rho=0.71968308357355915 accept=1
  MFCG it  34 cost=1.945117e+06 lam=3.361e-07 tau=0.00e+00 cg_it=0 shift=0 ckpt=1 alpha=0 acc mv=102
PCG_PREP o=34 rebuild=1 drift=0 previous_depth=1
POINT_SAFE o=34 frozen=171 slope=-470.76803108607368 candidate=1944779.5421922421 original=1944821.3187886404 current=1945117.1948290516 won=1 mode=1 camera_scale=1 keep_scale=0
ATTR_RADIUS o=34 raw_norm=42689.046540798561 norm=553.82318679567254 radius=553.82318679567231 next_radius=553.82318679567231 lambda=3.3610557411437528e-07 next_lambda=3.3610557411437528e-07 rho=0.72326520712879239 accept=1
CLASSICAL_LM o=34 lambda=3.3610557411437528e-07 tau=3.3610557411437528e-07 prediction=466.84484955375615 rho=0.72326520712879239 accept=1
  MFCG it  35 cost=1.944780e+06 lam=3.361e-07 tau=0.00e+00 cg_it=0 shift=0 ckpt=1 alpha=0 acc mv=104
PCG_PREP o=35 rebuild=1 drift=0 previous_depth=1
POINT_SAFE o=35 frozen=140 slope=-468.60115868995121 candidate=1944441.6795596271 original=1944384.7010652742 current=1944779.5421922421 won=0 mode=1 camera_scale=1 keep_scale=0
ATTR_RADIUS o=35 raw_norm=42592.626593370995 norm=4.3267436468411891 radius=553.82318679567231 next_radius=553.82318679567231 lambda=3.3610557411437528e-07 next_lambda=3.3610557411437528e-07 rho=0.46682597751980637 accept=1
CLASSICAL_LM o=35 lambda=3.3610557411437528e-07 tau=3.3610557411437528e-07 prediction=845.79938988328422 rho=0.46682597751980637 accept=1
  MFCG it  36 cost=1.944385e+06 lam=3.361e-07 tau=0.00e+00 cg_it=0 shift=0 ckpt=1 alpha=0 acc mv=106
PCG_PREP o=36 rebuild=1 drift=0 previous_depth=1
POINT_SAFE o=36 frozen=146 slope=-483.43315070502456 candidate=1944580.0263748704 original=inf current=1944384.7010652742 won=0 mode=1 camera_scale=1 keep_scale=0
ATTR_RADIUS o=36 raw_norm=41516.590850249522 norm=553.82318679567254 radius=553.82318679567231 next_radius=138.45579669891808 lambda=3.3610557411437528e-07 next_lambda=5.3776891858300044e-06 rho=-1 accept=0
CLASSICAL_LM o=36 lambda=3.3610557411437528e-07 tau=3.3610557411437528e-07 prediction=479.31587343680997 rho=-1 accept=0
  MFCG it  37  retry 1/8  lam=5.378e-06 tau_eff=3.361e-07  (assembly reused)
PCG_PREP o=36 rebuild=1 drift=0 previous_depth=1
POINT_SAFE o=36 frozen=77 slope=-416.61916018575477 candidate=1943972.5453233516 original=inf current=1944384.7010652742 won=1 mode=1 camera_scale=1 keep_scale=0
ATTR_RADIUS o=36 raw_norm=13449.355405261895 norm=138.45579669891811 radius=138.45579669891808 next_radius=276.91159339783616 lambda=5.3776891858300044e-06 next_lambda=1.3444222964575011e-06 rho=1.01671636755686 accept=1
CLASSICAL_LM o=36 lambda=5.3776891858300044e-06 tau=5.3776891858300044e-06 prediction=405.37927299523625 rho=1.01671636755686 accept=1
  MFCG it  37 cost=1.943973e+06 lam=1.344e-06 tau=0.00e+00 cg_it=0 shift=0 ckpt=1 alpha=0 acc mv=110
PCG_PREP o=37 rebuild=1 drift=0 previous_depth=1
POINT_SAFE o=37 frozen=316 slope=-503.4257784540373 candidate=1943487.1126833796 original=inf current=1943972.5453233516 won=1 mode=1 camera_scale=1 keep_scale=0
ATTR_RADIUS o=37 raw_norm=39149.049276743375 norm=276.91159339783638 radius=276.91159339783616 next_radius=553.82318679567231 lambda=1.3444222964575011e-06 next_lambda=3.3610557411437528e-07 rho=0.98547976065751419 accept=1
CLASSICAL_LM o=37 lambda=1.3444222964575011e-06 tau=1.3444222964575011e-06 prediction=492.58509342514782 rho=0.98547976065751419 accept=1
  MFCG it  38 cost=1.943487e+06 lam=3.361e-07 tau=0.00e+00 cg_it=1 shift=0 ckpt=2 alpha=0 acc mv=113
PCG_PREP o=38 rebuild=1 drift=0 previous_depth=2
POINT_SAFE o=38 frozen=172 slope=-666.3200956518225 candidate=1942825.9666641399 original=inf current=1943487.1126833796 won=1 mode=1 camera_scale=1 keep_scale=0
ATTR_RADIUS o=38 raw_norm=57757.406142904314 norm=553.82318679567209 radius=553.82318679567231 next_radius=1107.6463735913446 lambda=3.3610557411437528e-07 next_lambda=3.3610557411437528e-07 rho=0.99823369761499003 accept=1
CLASSICAL_LM o=38 lambda=3.3610557411437528e-07 tau=3.3610557411437528e-07 prediction=662.31586933932113 rho=0.99823369761499003 accept=1
  MFCG it  39 cost=1.942826e+06 lam=3.361e-07 tau=0.00e+00 cg_it=1 shift=0 ckpt=2 alpha=0 acc mv=116
PCG_PREP o=39 rebuild=1 drift=0 previous_depth=2
POINT_SAFE o=39 frozen=293 slope=-1333.5977227813914 candidate=1941529.4901858168 original=1942804.9545191182 current=1942825.9666641399 won=1 mode=1 camera_scale=1 keep_scale=0
ATTR_RADIUS o=39 raw_norm=57173.384908139007 norm=1107.6463735913446 radius=1107.6463735913446 next_radius=2215.2927471826893 lambda=3.3610557411437528e-07 next_lambda=3.3610557411437528e-07 rho=0.98262866628742573 accept=1
CLASSICAL_LM o=39 lambda=3.3610557411437528e-07 tau=3.3610557411437528e-07 prediction=1319.3961491287077 rho=0.98262866628742573 accept=1
  MFCG it  40 cost=1.941529e+06 lam=3.361e-07 tau=0.00e+00 cg_it=1 shift=0 ckpt=2 alpha=0 acc mv=119
PCG_PREP o=40 rebuild=1 drift=0 previous_depth=2
POINT_SAFE o=40 frozen=242 slope=-2659.6143676484353 candidate=1939123.4181769409 original=1941348.3798852931 current=1941529.4901858168 won=1 mode=1 camera_scale=1 keep_scale=0
ATTR_RADIUS o=40 raw_norm=56408.552211706425 norm=2215.2927471826897 radius=2215.2927471826893 next_radius=4430.5854943653785 lambda=3.3610557411437528e-07 next_lambda=3.3610557411437528e-07 rho=0.92487850919724579 accept=1
CLASSICAL_LM o=40 lambda=3.3610557411437528e-07 tau=3.3610557411437528e-07 prediction=2601.5006132689391 rho=0.92487850919724579 accept=1
  MFCG it  41 cost=1.939123e+06 lam=3.361e-07 tau=0.00e+00 cg_it=1 shift=0 ckpt=2 alpha=0 acc mv=122
PCG_PREP o=41 rebuild=1 drift=0 previous_depth=2
POINT_SAFE o=41 frozen=360 slope=-5545.9539888369809 candidate=1935063.1498336534 original=1938247.1906898986 current=1939123.4181769409 won=1 mode=1 camera_scale=1 keep_scale=0
ATTR_RADIUS o=41 raw_norm=54823.788903025925 norm=4430.5854943653794 radius=4430.5854943653785 next_radius=8861.170988730757 lambda=3.3610557411437528e-07 next_lambda=3.3610557411437528e-07 rho=0.77928410621700794 accept=1
CLASSICAL_LM o=41 lambda=3.3610557411437528e-07 tau=3.3610557411437528e-07 prediction=5210.2542717031283 rho=0.77928410621700794 accept=1
  MFCG it  42 cost=1.935063e+06 lam=3.361e-07 tau=0.00e+00 cg_it=1 shift=0 ckpt=2 alpha=0 acc mv=125
PCG_PREP o=42 rebuild=1 drift=0 previous_depth=2
POINT_SAFE o=42 frozen=723 slope=-7643.8845225867435 candidate=2058280.2494169413 original=1932914.5941201975 current=1935063.1498336534 won=0 mode=1 camera_scale=1 keep_scale=0
ATTR_RADIUS o=42 raw_norm=38078.112880914043 norm=553.8231867956722 radius=8861.170988730757 next_radius=8861.170988730757 lambda=3.3610557411437528e-07 next_lambda=3.3610557411437528e-07 rho=0.30851108338075262 accept=1
CLASSICAL_LM o=42 lambda=3.3610557411437528e-07 tau=3.3610557411437528e-07 prediction=6964.2739894833076 rho=0.30851108338075262 accept=1
  MFCG it  43 cost=1.932915e+06 lam=3.361e-07 tau=0.00e+00 cg_it=0 shift=0 ckpt=1 alpha=0 acc mv=127
PCG_PREP o=43 rebuild=1 drift=0 previous_depth=1
POINT_SAFE o=43 frozen=707 slope=-7742.5130265959697 candidate=2075920.6390367851 original=1932316.3015640159 current=1932914.5941201975 won=0 mode=1 camera_scale=1 keep_scale=0
ATTR_RADIUS o=43 raw_norm=37327.576837397384 norm=138.45579669891808 radius=8861.170988730757 next_radius=8861.170988730757 lambda=3.3610557411437528e-07 next_lambda=3.3610557411437528e-07 rho=0.34728929238659284 accept=1
CLASSICAL_LM o=43 lambda=3.3610557411437528e-07 tau=3.3610557411437528e-07 prediction=1722.7497918811366 rho=0.34728929238659284 accept=1
  MFCG it  44 cost=1.932316e+06 lam=3.361e-07 tau=0.00e+00 cg_it=0 shift=0 ckpt=1 alpha=0 acc mv=129
PCG_PREP o=44 rebuild=1 drift=0 previous_depth=1
POINT_SAFE o=44 frozen=709 slope=-7751.27316513601 candidate=2349597.648645306 original=1932265.1233221998 current=1932316.3015640159 won=0 mode=1 camera_scale=1 keep_scale=0
ATTR_RADIUS o=44 raw_norm=37178.726899637455 norm=34.613949174729527 radius=8861.170988730757 next_radius=2215.2927471826893 lambda=3.3610557411437528e-07 next_lambda=5.3776891858300044e-06 rho=0.11930843465665948 accept=1
CLASSICAL_LM o=44 lambda=3.3610557411437528e-07 tau=3.3610557411437528e-07 prediction=428.95744934878218 rho=0.11930843465665948 accept=1
  MFCG it  45 cost=1.932265e+06 lam=5.378e-06 tau=0.00e+00 cg_it=0 shift=0 ckpt=1 alpha=0 acc mv=131
PCG_PREP o=45 rebuild=1 drift=0 previous_depth=1
POINT_SAFE o=45 frozen=193 slope=-6186.9271767445398 candidate=1930732.1571176706 original=1880852.465358661 current=1932265.1233221998 won=0 mode=1 camera_scale=1 keep_scale=0
ATTR_RADIUS o=45 raw_norm=11444.567210395495 norm=553.8231867956722 radius=2215.2927471826893 next_radius=2215.2927471826893 lambda=5.3776891858300044e-06 next_lambda=5.3776891858300047e-07 rho=2.1556896356827693 accept=1
CLASSICAL_LM o=45 lambda=5.3776891858300044e-06 tau=5.3776891858300044e-06 prediction=23849.749570862921 rho=2.1556896356827693 accept=1
  MFCG it  46 cost=1.880852e+06 lam=5.378e-07 tau=0.00e+00 cg_it=0 shift=0 ckpt=1 alpha=0 acc mv=133
PCG_PREP o=46 rebuild=1 drift=0 previous_depth=1
ATTR_RADIUS o=46 raw_norm=42427.186427125009 norm=2215.2927471826902 radius=2215.2927471826893 next_radius=4430.5854943653785 lambda=5.3776891858300047e-07 next_lambda=3.3610557411437528e-07 rho=0.95680972292459909 accept=1
CLASSICAL_LM o=46 lambda=5.3776891858300047e-07 tau=5.3776891858300047e-07 prediction=4445.2313341260942 rho=0.95680972292459909 accept=1
  MFCG it  47 cost=1.876599e+06 lam=3.361e-07 tau=0.00e+00 cg_it=1 shift=0 ckpt=2 alpha=0 acc mv=136
PCG_PREP o=47 rebuild=1 drift=0 previous_depth=2
POINT_SAFE o=47 frozen=512 slope=-7735.874492458006 candidate=1873328.0903137845 original=1876514.1587083274 current=1876599.2247975201 won=1 mode=1 camera_scale=1 keep_scale=0
ATTR_RADIUS o=47 raw_norm=55734.74412263633 norm=4430.5854943653785 radius=4430.5854943653785 next_radius=4430.5854943653785 lambda=3.3610557411437528e-07 next_lambda=3.3610557411437528e-07 rho=0.44567952697899865 accept=1
CLASSICAL_LM o=47 lambda=3.3610557411437528e-07 tau=3.3610557411437528e-07 prediction=7339.6561558675439 rho=0.44567952697899865 accept=1
  MFCG it  48 cost=1.873328e+06 lam=3.361e-07 tau=0.00e+00 cg_it=3 shift=0 ckpt=4 alpha=0 acc mv=141
PCG_PREP o=48 rebuild=1 drift=0 previous_depth=4
POINT_SAFE o=48 frozen=477 slope=-4560.7386990367922 candidate=1881713.8461736219 original=1872797.4480088169 current=1873328.0903137845 won=0 mode=1 camera_scale=1 keep_scale=0
ATTR_RADIUS o=48 raw_norm=35621.381481584394 norm=1107.6463735913453 radius=4430.5854943653785 next_radius=4430.5854943653785 lambda=3.3610557411437528e-07 next_lambda=3.3610557411437528e-07 rho=0.44142174751798585 accept=1
CLASSICAL_LM o=48 lambda=3.3610557411437528e-07 tau=3.3610557411437528e-07 prediction=1202.1208922109167 rho=0.44142174751798585 accept=1
  MFCG it  49 cost=1.872797e+06 lam=3.361e-07 tau=0.00e+00 cg_it=0 shift=0 ckpt=1 alpha=0 acc mv=143
PCG_PREP o=49 rebuild=1 drift=0 previous_depth=1
POINT_SAFE o=49 frozen=422 slope=-4448.5072002388788 candidate=1880587.7057913609 original=1872301.7369772356 current=1872797.4480088169 won=0 mode=1 camera_scale=1 keep_scale=0
ATTR_RADIUS o=49 raw_norm=34857.016882100987 norm=1107.6463735913444 radius=4430.5854943653785 next_radius=4430.5854943653785 lambda=3.3610557411437528e-07 next_lambda=3.3610557411437528e-07 rho=0.44480947696541784 accept=1
CLASSICAL_LM o=49 lambda=3.3610557411437528e-07 tau=3.3610557411437528e-07 prediction=1114.4345101707775 rho=0.44480947696541784 accept=1
  MFCG it  50 cost=1.872302e+06 lam=3.361e-07 tau=0.00e+00 cg_it=0 shift=0 ckpt=1 alpha=0 acc mv=145
PCG_PREP o=50 rebuild=1 drift=0 previous_depth=1
POINT_SAFE o=50 frozen=387 slope=-4343.546553844616 candidate=1879449.05732362 original=1871962.4282240639 current=1872301.7369772356 won=0 mode=1 camera_scale=1 keep_scale=0
ATTR_RADIUS o=50 raw_norm=34332.111297472977 norm=1107.6463735913446 radius=4430.5854943653785 next_radius=4430.5854943653785 lambda=3.3610557411437528e-07 next_lambda=3.3610557411437528e-07 rho=0.31051888090395802 accept=1
CLASSICAL_LM o=50 lambda=3.3610557411437528e-07 tau=3.3610557411437528e-07 prediction=1092.7153678511722 rho=0.31051888090395802 accept=1
  MFCG it  51 cost=1.871962e+06 lam=3.361e-07 tau=0.00e+00 cg_it=0 shift=0 ckpt=1 alpha=0 acc mv=147
PCG_PREP o=51 rebuild=1 drift=0 previous_depth=1
POINT_SAFE o=51 frozen=347 slope=-4844.2812197527001 candidate=1878300.6142554553 original=1871939.020007258 current=1871962.4282240639 won=0 mode=1 camera_scale=1 keep_scale=0
ATTR_RADIUS o=51 raw_norm=33915.396761670396 norm=4430.5854943653794 radius=4430.5854943653785 next_radius=1107.6463735913446 lambda=3.3610557411437528e-07 next_lambda=5.3776891858300044e-06 rho=0.010471726003431521 accept=0
CLASSICAL_LM o=51 lambda=3.3610557411437528e-07 tau=3.3610557411437528e-07 prediction=2235.373308872392 rho=0.010471726003431521 accept=0
  MFCG it  52  retry 1/8  lam=5.378e-06 tau_eff=3.361e-07  (assembly reused)
PCG_PREP o=51 rebuild=1 drift=0 previous_depth=1
ATTR_RADIUS o=51 raw_norm=10561.405519086791 norm=1107.6463735913444 radius=1107.6463735913446 next_radius=1107.6463735913446 lambda=5.3776891858300044e-06 next_lambda=5.3776891858300044e-06 rho=0.73967273352350749 accept=1
CLASSICAL_LM o=51 lambda=5.3776891858300044e-06 tau=5.3776891858300044e-06 prediction=3345.4672235836479 rho=0.73967273352350749 accept=1
  MFCG it  52 cost=1.869488e+06 lam=5.378e-06 tau=0.00e+00 cg_it=0 shift=0 ckpt=1 alpha=0 acc mv=151
PCG_PREP o=52 rebuild=1 drift=0 previous_depth=1
ATTR_RADIUS o=52 raw_norm=10880.643635331055 norm=1107.6463735913444 radius=1107.6463735913446 next_radius=1107.6463735913446 lambda=5.3776891858300044e-06 next_lambda=5.3776891858300044e-06 rho=0.48797173075642664 accept=1
CLASSICAL_LM o=52 lambda=5.3776891858300044e-06 tau=5.3776891858300044e-06 prediction=2596.9120740049984 rho=0.48797173075642664 accept=1
  MFCG it  53 cost=1.868221e+06 lam=5.378e-06 tau=0.00e+00 cg_it=0 shift=0 ckpt=1 alpha=0 acc mv=153
PCG_PREP o=53 rebuild=1 drift=0 previous_depth=1
ATTR_RADIUS o=53 raw_norm=11203.330951765147 norm=1107.6463735913444 radius=1107.6463735913446 next_radius=1107.6463735913446 lambda=5.3776891858300044e-06 next_lambda=5.3776891858300044e-06 rho=0.72088443823253379 accept=1
CLASSICAL_LM o=53 lambda=5.3776891858300044e-06 tau=5.3776891858300044e-06 prediction=3014.9715771870779 rho=0.72088443823253379 accept=1
  MFCG it  54 cost=1.866047e+06 lam=5.378e-06 tau=0.00e+00 cg_it=0 shift=0 ckpt=1 alpha=0 acc mv=155
PCG_PREP o=54 rebuild=1 drift=0 previous_depth=1
ATTR_RADIUS o=54 raw_norm=11317.527444212372 norm=1107.6463735913446 radius=1107.6463735913446 next_radius=1107.6463735913446 lambda=5.3776891858300044e-06 next_lambda=5.3776891858300044e-06 rho=0.67865620126800141 accept=1
CLASSICAL_LM o=54 lambda=5.3776891858300044e-06 tau=5.3776891858300044e-06 prediction=2275.1688382991524 rho=0.67865620126800141 accept=1
  MFCG it  55 cost=1.864503e+06 lam=5.378e-06 tau=0.00e+00 cg_it=0 shift=0 ckpt=1 alpha=0 acc mv=157
PCG_PREP o=55 rebuild=1 drift=0 previous_depth=1
POINT_SAFE o=55 frozen=213 slope=-2105.7367762426888 candidate=1863080.5102959394 original=1863919.3462056704 current=1864503.154125757 won=1 mode=1 camera_scale=1 keep_scale=0
ATTR_RADIUS o=55 raw_norm=11400.941241815563 norm=1107.6463735913449 radius=1107.6463735913446 next_radius=1107.6463735913446 lambda=5.3776891858300044e-06 next_lambda=5.3776891858300044e-06 rho=0.71741149028464501 accept=1
CLASSICAL_LM o=55 lambda=5.3776891858300044e-06 tau=5.3776891858300044e-06 prediction=1983.0234796674265 rho=0.71741149028464501 accept=1
  MFCG it  56 cost=1.863081e+06 lam=5.378e-06 tau=0.00e+00 cg_it=0 shift=0 ckpt=1 alpha=0 acc mv=159
PCG_PREP o=56 rebuild=1 drift=0 previous_depth=1
POINT_SAFE o=56 frozen=156 slope=-3121.4082059963303 candidate=1860019.3478421825 original=1861774.637871051 current=1863080.5102959394 won=1 mode=1 camera_scale=1 keep_scale=0
ATTR_RADIUS o=56 raw_norm=33132.675770821596 norm=1107.6463735913449 radius=1107.6463735913446 next_radius=2215.2927471826893 lambda=5.3776891858300044e-06 next_lambda=1.3444222964575011e-06 rho=1.0019867317598783 accept=1
CLASSICAL_LM o=56 lambda=5.3776891858300044e-06 tau=5.3776891858300044e-06 prediction=3055.0928038541078 rho=1.0019867317598783 accept=1
  MFCG it  57 cost=1.860019e+06 lam=1.344e-06 tau=0.00e+00 cg_it=4 shift=0 ckpt=5 alpha=0 acc mv=165
PCG_PREP o=57 rebuild=1 drift=0 previous_depth=5
POINT_SAFE o=57 frozen=195 slope=-4326.1013044810761 candidate=1855949.9204935376 original=1858108.3038190706 current=1860019.3478421825 won=1 mode=1 camera_scale=1 keep_scale=0
ATTR_RADIUS o=57 raw_norm=48430.572497755551 norm=2215.2927471826906 radius=2215.2927471826893 next_radius=4430.5854943653785 lambda=1.3444222964575011e-06 next_lambda=3.3610557411437528e-07 rho=0.96361768076749965 accept=1
CLASSICAL_LM o=57 lambda=1.3444222964575011e-06 tau=1.3444222964575011e-06 prediction=4223.072521255247 rho=0.96361768076749965 accept=1
  MFCG it  58 cost=1.855950e+06 lam=3.361e-07 tau=0.00e+00 cg_it=4 shift=0 ckpt=5 alpha=0 acc mv=171
PCG_PREP o=58 rebuild=1 drift=0 previous_depth=5
POINT_SAFE o=58 frozen=331 slope=-5908.8956478115415 candidate=1850844.7174060715 original=1853349.0365270909 current=1855949.9204935376 won=1 mode=1 camera_scale=1 keep_scale=0
ATTR_RADIUS o=58 raw_norm=69686.377119311495 norm=4430.5854943653803 radius=4430.5854943653785 next_radius=8861.170988730757 lambda=3.3610557411437528e-07 next_lambda=3.3610557411437528e-07 rho=0.89772482547138233 accept=1
CLASSICAL_LM o=58 lambda=3.3610557411437528e-07 tau=3.3610557411437528e-07 prediction=5686.8240051013427 rho=0.89772482547138233 accept=1
  MFCG it  59 cost=1.850845e+06 lam=3.361e-07 tau=0.00e+00 cg_it=4 shift=0 ckpt=5 alpha=0 acc mv=177
PCG_PREP o=59 rebuild=1 drift=0 previous_depth=5
POINT_SAFE o=59 frozen=759 slope=-5228.2491177535103 candidate=1872565.8895756388 original=1850410.2479919337 current=1850844.7174060715 won=0 mode=1 camera_scale=1 keep_scale=0
ATTR_RADIUS o=59 raw_norm=31024.144109728026 norm=2215.2927471826893 radius=8861.170988730757 next_radius=8861.170988730757 lambda=3.3610557411437528e-07 next_lambda=3.3610557411437528e-07 rho=0.33471906691929426 accept=1
CLASSICAL_LM o=59 lambda=3.3610557411437528e-07 tau=3.3610557411437528e-07 prediction=1298.0121453389643 rho=0.33471906691929426 accept=1
  MFCG it  60 cost=1.850410e+06 lam=3.361e-07 tau=0.00e+00 cg_it=0 shift=0 ckpt=1 alpha=0 acc mv=179
PCG_PREP o=60 rebuild=1 drift=0 previous_depth=1
POINT_SAFE o=60 frozen=593 slope=-5554.9270301954348 candidate=1871361.5555848193 original=1849951.5556289959 current=1850410.2479919337 won=0 mode=1 camera_scale=1 keep_scale=0
ATTR_RADIUS o=60 raw_norm=29353.154787447518 norm=2215.2927471826888 radius=8861.170988730757 next_radius=8861.170988730757 lambda=3.3610557411437528e-07 next_lambda=3.3610557411437528e-07 rho=0.34562781849578117 accept=1
CLASSICAL_LM o=60 lambda=3.3610557411437528e-07 tau=3.3610557411437528e-07 prediction=1327.1280215062966 rho=0.34562781849578117 accept=1
  MFCG it  61 cost=1.849952e+06 lam=3.361e-07 tau=0.00e+00 cg_it=0 shift=0 ckpt=1 alpha=0 acc mv=181
PCG_PREP o=61 rebuild=1 drift=0 previous_depth=1
POINT_SAFE o=61 frozen=502 slope=-5801.0575244836091 candidate=1868683.6338648463 original=1849412.8170669794 current=1849951.5556289959 won=0 mode=1 camera_scale=1 keep_scale=0
ATTR_RADIUS o=61 raw_norm=28088.85021090302 norm=2215.2927471826883 radius=8861.170988730757 next_radius=8861.170988730757 lambda=3.3610557411437528e-07 next_lambda=3.3610557411437528e-07 rho=0.38872364607971832 accept=1
CLASSICAL_LM o=61 lambda=3.3610557411437528e-07 tau=3.3610557411437528e-07 prediction=1385.9166208428496 rho=0.38872364607971832 accept=1
  MFCG it  62 cost=1.849413e+06 lam=3.361e-07 tau=0.00e+00 cg_it=0 shift=0 ckpt=1 alpha=0 acc mv=183
PCG_PREP o=62 rebuild=1 drift=0 previous_depth=1
POINT_SAFE o=62 frozen=472 slope=-6015.1283516657149 candidate=1864901.7581037532 original=1848766.309753323 current=1849412.8170669794 won=0 mode=1 camera_scale=1 keep_scale=0
ATTR_RADIUS o=62 raw_norm=26858.405873692045 norm=2215.2927471826893 radius=8861.170988730757 next_radius=8861.170988730757 lambda=3.3610557411437528e-07 next_lambda=3.3610557411437528e-07 rho=0.45147529410071313 accept=1
CLASSICAL_LM o=62 lambda=3.3610557411437528e-07 tau=3.3610557411437528e-07 prediction=1431.9882441057071 rho=0.45147529410071313 accept=1
  MFCG it  63 cost=1.848766e+06 lam=3.361e-07 tau=0.00e+00 cg_it=0 shift=0 ckpt=1 alpha=0 acc mv=185
PCG_PREP o=63 rebuild=1 drift=0 previous_depth=1
POINT_SAFE o=63 frozen=456 slope=-6157.5825787240829 candidate=1860518.0396072301 original=1848000.7556444854 current=1848766.309753323 won=0 mode=1 camera_scale=1 keep_scale=0
ATTR_RADIUS o=63 raw_norm=25706.576668506128 norm=2215.2927471826897 radius=8861.170988730757 next_radius=8861.170988730757 lambda=3.3610557411437528e-07 next_lambda=3.3610557411437528e-07 rho=0.52479276781012452 accept=1
CLASSICAL_LM o=63 lambda=3.3610557411437528e-07 tau=3.3610557411437528e-07 prediction=1458.7741215111503 rho=0.52479276781012452 accept=1
  MFCG it  64 cost=1.848001e+06 lam=3.361e-07 tau=0.00e+00 cg_it=0 shift=0 ckpt=1 alpha=0 acc mv=187
PCG_PREP o=64 rebuild=1 drift=0 previous_depth=1
ATTR_RADIUS o=64 raw_norm=67148.389689034622 norm=8861.1709887307552 radius=8861.170988730757 next_radius=8861.170988730757 lambda=3.3610557411437528e-07 next_lambda=3.3610557411437528e-07 rho=0.53572680793594385 accept=1
CLASSICAL_LM o=64 lambda=3.3610557411437528e-07 tau=3.3610557411437528e-07 prediction=13680.699915474759 rho=0.53572680793594385 accept=1
  MFCG it  65 cost=1.840672e+06 lam=3.361e-07 tau=0.00e+00 cg_it=6 shift=0 ckpt=7 alpha=0 acc mv=195
PCG_PREP o=65 rebuild=1 drift=0 previous_depth=7
POINT_SAFE o=65 frozen=142 slope=-24109.606968460124 candidate=1826543.9964185236 original=1831806.0334349975 current=1840671.6379484385 won=1 mode=1 camera_scale=1 keep_scale=0
ATTR_RADIUS o=65 raw_norm=77486.959620146794 norm=8861.170988730757 radius=8861.170988730757 next_radius=17722.341977461514 lambda=3.3610557411437528e-07 next_lambda=3.3610557411437528e-07 rho=0.82206313826144672 accept=1
CLASSICAL_LM o=65 lambda=3.3610557411437528e-07 tau=3.3610557411437528e-07 prediction=17185.591802343784 rho=0.82206313826144672 accept=1
  MFCG it  66 cost=1.826544e+06 lam=3.361e-07 tau=0.00e+00 cg_it=7 shift=0 ckpt=8 alpha=0 acc mv=204
PCG_PREP o=66 rebuild=1 drift=0 previous_depth=8
POINT_SAFE o=66 frozen=1094 slope=-15350.496265813475 candidate=1903724.7284168832 original=1824836.0597935154 current=1826543.9964185236 won=0 mode=1 camera_scale=1 keep_scale=0
ATTR_RADIUS o=66 raw_norm=23200.522855483796 norm=4430.5854943653776 radius=17722.341977461514 next_radius=17722.341977461514 lambda=3.3610557411437528e-07 next_lambda=3.3610557411437528e-07 rho=0.49648170683015785 accept=1
CLASSICAL_LM o=66 lambda=3.3610557411437528e-07 tau=3.3610557411437528e-07 prediction=3440.0796676130285 rho=0.49648170683015785 accept=1
  MFCG it  67 cost=1.824836e+06 lam=3.361e-07 tau=0.00e+00 cg_it=0 shift=0 ckpt=1 alpha=0 acc mv=206
PCG_PREP o=67 rebuild=1 drift=0 previous_depth=1
POINT_SAFE o=67 frozen=969 slope=-14539.862834295163 candidate=1878427.3975520642 original=1823258.5710558819 current=1824836.0597935154 won=0 mode=1 camera_scale=1 keep_scale=0
ATTR_RADIUS o=67 raw_norm=21121.31150455862 norm=4430.5854943653803 radius=17722.341977461514 next_radius=17722.341977461514 lambda=3.3610557411437528e-07 next_lambda=3.3610557411437528e-07 rho=0.4954468451257158 accept=1
CLASSICAL_LM o=67 lambda=3.3610557411437528e-07 tau=3.3610557411437528e-07 prediction=3183.9717078694412 rho=0.4954468451257158 accept=1
  MFCG it  68 cost=1.823259e+06 lam=3.361e-07 tau=0.00e+00 cg_it=0 shift=0 ckpt=1 alpha=0 acc mv=208
PCG_PREP o=68 rebuild=1 drift=0 previous_depth=1
POINT_SAFE o=68 frozen=538 slope=-23875.222080256412 candidate=1824651.6876778922 original=1816275.3689837519 current=1823258.5710558819 won=0 mode=1 camera_scale=1 keep_scale=0
ATTR_RADIUS o=68 raw_norm=76199.038958161545 norm=8861.1709887307552 radius=17722.341977461514 next_radius=17722.341977461514 lambda=3.3610557411437528e-07 next_lambda=3.3610557411437528e-07 rho=0.64744729038971394 accept=1
CLASSICAL_LM o=68 lambda=3.3610557411437528e-07 tau=3.3610557411437528e-07 prediction=10785.746076606012 rho=0.64744729038971394 accept=1
  MFCG it  69 cost=1.816275e+06 lam=3.361e-07 tau=0.00e+00 cg_it=7 shift=0 ckpt=8 alpha=0 acc mv=217
PCG_PREP o=69 rebuild=1 drift=0 previous_depth=8
POINT_SAFE o=69 frozen=946 slope=-17615.550292025495 candidate=1818390.7708385666 original=1811591.1589521209 current=1816275.3689837519 won=0 mode=1 camera_scale=1 keep_scale=0
ATTR_RADIUS o=69 raw_norm=18932.787472358468 norm=8861.1709887307552 radius=17722.341977461514 next_radius=17722.341977461514 lambda=3.3610557411437528e-07 next_lambda=3.3610557411437528e-07 rho=0.67858326146435055 accept=1
CLASSICAL_LM o=69 lambda=3.3610557411437528e-07 tau=3.3610557411437528e-07 prediction=6902.9259895427331 rho=0.67858326146435055 accept=1
  MFCG it  70 cost=1.811591e+06 lam=3.361e-07 tau=0.00e+00 cg_it=0 shift=0 ckpt=1 alpha=0 acc mv=219
PCG_PREP o=70 rebuild=1 drift=0 previous_depth=1
POINT_SAFE o=70 frozen=616 slope=-24272.191879161979 candidate=1820051.8349444086 original=1804132.2836248816 current=1811591.1589521209 won=0 mode=1 camera_scale=1 keep_scale=0
ATTR_RADIUS o=70 raw_norm=59751.810753882673 norm=8861.1709887307607 radius=17722.341977461514 next_radius=17722.341977461514 lambda=3.3610557411437528e-07 next_lambda=3.3610557411437528e-07 rho=0.70105259097869088 accept=1
CLASSICAL_LM o=70 lambda=3.3610557411437528e-07 tau=3.3610557411437528e-07 prediction=10639.537494364668 rho=0.70105259097869088 accept=1
  MFCG it  71 cost=1.804132e+06 lam=3.361e-07 tau=0.00e+00 cg_it=6 shift=0 ckpt=7 alpha=0 acc mv=227
PCG_PREP o=71 rebuild=1 drift=0 previous_depth=7
POINT_SAFE o=71 frozen=322 slope=-23452.721620761258 candidate=1807472.4953078248 original=1797567.6520342899 current=1804132.2836248816 won=0 mode=1 camera_scale=1 keep_scale=0
ATTR_RADIUS o=71 raw_norm=74996.837245266564 norm=8861.1709887307552 radius=17722.341977461514 next_radius=17722.341977461514 lambda=3.3610557411437528e-07 next_lambda=3.3610557411437528e-07 rho=0.65241999262139427 accept=1
CLASSICAL_LM o=71 lambda=3.3610557411437528e-07 tau=3.3610557411437528e-07 prediction=10061.971835374554 rho=0.65241999262139427 accept=1
  MFCG it  72 cost=1.797568e+06 lam=3.361e-07 tau=0.00e+00 cg_it=7 shift=0 ckpt=8 alpha=0 acc mv=236
PCG_PREP o=72 rebuild=1 drift=0 previous_depth=8
ATTR_RADIUS o=72 raw_norm=22222.424443572265 norm=17722.341977461521 radius=17722.341977461514 next_radius=35444.683954923028 lambda=3.3610557411437528e-07 next_lambda=3.3610557411437528e-07 rho=0.86376186214966255 accept=1
CLASSICAL_LM o=72 lambda=3.3610557411437528e-07 tau=3.3610557411437528e-07 prediction=9353.6859486372068 rho=0.86376186214966255 accept=1
  MFCG it  73 cost=1.789488e+06 lam=3.361e-07 tau=0.00e+00 cg_it=0 shift=0 ckpt=1 alpha=0 acc mv=238
PCG_PREP o=73 rebuild=1 drift=0 previous_depth=1
POINT_SAFE o=73 frozen=766 slope=-48518.868020832037 candidate=1931861.3483995523 original=1779887.9398699233 current=1789488.2948413319 won=0 mode=1 camera_scale=1 keep_scale=0
ATTR_RADIUS o=73 raw_norm=78061.952544978965 norm=17722.341977461507 radius=35444.683954923028 next_radius=35444.683954923028 lambda=3.3610557411437528e-07 next_lambda=3.3610557411437528e-07 rho=0.44405339465907273 accept=1
CLASSICAL_LM o=73 lambda=3.3610557411437528e-07 tau=3.3610557411437528e-07 prediction=21619.82114511116 rho=0.44405339465907273 accept=1
  MFCG it  74 cost=1.779888e+06 lam=3.361e-07 tau=0.00e+00 cg_it=14 shift=0 ckpt=15 alpha=0 acc mv=254
PCG_PREP o=74 rebuild=1 drift=0 previous_depth=15
POINT_SAFE o=74 frozen=1153 slope=-39663.335325795837 candidate=1792016.423566489 original=1772019.1794016389 current=1779887.9398699233 won=0 mode=1 camera_scale=1 keep_scale=0
ATTR_RADIUS o=74 raw_norm=23723.570196255103 norm=5930.8925490637757 radius=35444.683954923028 next_radius=35444.683954923028 lambda=3.3610557411437528e-07 next_lambda=3.3610557411437528e-07 rho=0.85915330475332807 accept=1
CLASSICAL_LM o=74 lambda=3.3610557411437528e-07 tau=3.3610557411437528e-07 prediction=9158.7385216932507 rho=0.85915330475332807 accept=1
  MFCG it  75 cost=1.772019e+06 lam=3.361e-07 tau=0.00e+00 cg_it=2 shift=0 ckpt=3 alpha=0 acc mv=258
PCG_PREP o=75 rebuild=1 drift=0 previous_depth=3
POINT_SAFE o=75 frozen=1294 slope=-42504.432265275231 candidate=2341763.4978455729 original=1770745.6213033309 current=1772019.1794016389 won=0 mode=1 camera_scale=1 keep_scale=0
ATTR_RADIUS o=75 raw_norm=46731.83786608329 norm=8861.1709887307552 radius=35444.683954923028 next_radius=8861.170988730757 lambda=3.3610557411437528e-07 next_lambda=5.3776891858300044e-06 rho=0.14629096931896204 accept=1
CLASSICAL_LM o=75 lambda=3.3610557411437528e-07 tau=3.3610557411437528e-07 prediction=8705.6508288715449 rho=0.14629096931896204 accept=1
  MFCG it  76 cost=1.770746e+06 lam=5.378e-06 tau=0.00e+00 cg_it=5 shift=0 ckpt=6 alpha=0 acc mv=265
PCG_PREP o=76 rebuild=1 drift=0 previous_depth=6
ATTR_RADIUS o=76 raw_norm=5101.9207699393028 norm=5101.9207699393028 radius=8861.170988730757 next_radius=8861.170988730757 lambda=5.3776891858300044e-06 next_lambda=5.3776891858300047e-07 rho=1.0025076031210889 accept=1
CLASSICAL_LM o=76 lambda=5.3776891858300044e-06 tau=5.3776891858300044e-06 prediction=15352.424065567044 rho=1.0025076031210889 accept=1
  MFCG it  77 cost=1.755355e+06 lam=5.378e-07 tau=0.00e+00 cg_it=0 shift=0 ckpt=1 alpha=0 acc mv=267
PCG_PREP o=77 rebuild=1 drift=0 previous_depth=1
ATTR_RADIUS o=77 raw_norm=63401.898807460639 norm=8861.1709887307552 radius=8861.170988730757 next_radius=8861.170988730757 lambda=5.3776891858300047e-07 next_lambda=5.3776891858300047e-07 rho=0.74393242499741385 accept=1
CLASSICAL_LM o=77 lambda=5.3776891858300047e-07 tau=5.3776891858300047e-07 prediction=17090.375523200157 rho=0.74393242499741385 accept=1
TARGET reached outer=78 seconds=4.364736054 cost=1742640.61494417 threshold=1744796.9841897595
  MFCG: accepts=78 rejects=5 total_matvecs=318 negcurv=1 cand_evals=83 mean_cg_per_outer=4.1
NUMERIC_REPAIR summary rebuilds=1 floor=3.3610557411437528e-07
  [retry-cache] builds=84 reuses=0
  [menu-backtrack] trials=70 rescues=66 evals=415 total_scored=498
POINT_SAFE summary calls=70 evals=70 wins=34 frozen=29653 seconds=0.833213177
  [scoring] menu_evals=83 alpha_evals=0 backtrack_evals=415 total_scored=498
RESULT algo=mfree_shifted_cg iters=78 final_cost=1742640.6149441700 solve_seconds=4.372792
DIAGNOSTICS median_reproj_err_px 2.704502 -> 0.547299 | cheirality_violations(obs) 751 -> 797 | cheirality_violations(pts, of 310854) 725 -> 752
