  [menu-backtrack] active=1 max_evals=8 warmup_accepts=3 confirm_stop=original armijo=1e-4
MIXED_STORAGE fragments=fp32 arithmetic=fp64 state=fp64 acceptance=fp64
COARSE_CONFIG K=8 accepts_at_least=8 last_rel_below=1e-3 lambda_below=1e-3 sticky=1 membership=activation operator=native_compact rank_cut=1e-10 fallback=whole_attempt_BJ
  [compact-fragments] active=2 saved_bytes=17253496 storage=fp32 camera_reads=contiguous
  MFCG score_init=20163569.015917201 precision=fp64
PCG_PREP o=0 rebuild=1 drift=0 previous_depth=0
ATTR_RADIUS o=0 raw_norm=3758.8701055429478 norm=3758.8701055429478 radius=3758.8701055429478 next_radius=7517.7402110858957 lambda=0.10000000000000001 next_lambda=0.025000000000000001 rho=0.99764036291228708 accept=1
CLASSICAL_LM o=0 lambda=0.10000000000000001 tau=0.10000000000000001 prediction=19362660.566865467 rho=0.99764036291228708 accept=1
  MFCG it   1 cost=8.465973e+05 lam=2.500e-02 tau=0.00e+00 cg_it=0 shift=0 ckpt=1 alpha=0 acc mv=2
ATTEMPT o=0 retry=0 accepted=1 rejected=0 numeric_retry=0 products=2 pcg_products=1 seconds=0.007091764
PCG_PREP o=1 rebuild=1 drift=0 previous_depth=1
ATTR_RADIUS o=1 raw_norm=2096.4842053471057 norm=2096.4842053471057 radius=7517.7402110858957 next_radius=7517.7402110858957 lambda=0.025000000000000001 next_lambda=0.0025000000000000005 rho=1.0003472922668208 accept=1
CLASSICAL_LM o=1 lambda=0.025000000000000001 tau=0.025000000000000001 prediction=673858.28976049484 rho=1.0003472922668208 accept=1
  MFCG it   2 cost=1.725050e+05 lam=2.500e-03 tau=0.00e+00 cg_it=5 shift=0 ckpt=6 alpha=0 acc mv=9
ATTEMPT o=1 retry=0 accepted=1 rejected=0 numeric_retry=0 products=7 pcg_products=6 seconds=0.005966833
PCG_PREP o=2 rebuild=1 drift=0 previous_depth=6
ATTR_RADIUS o=2 raw_norm=1808.9372946872934 norm=1808.9372946872934 radius=7517.7402110858957 next_radius=7517.7402110858957 lambda=0.0025000000000000005 next_lambda=0.00025000000000000006 rho=0.99587232551002858 accept=1
CLASSICAL_LM o=2 lambda=0.0025000000000000005 tau=0.0025000000000000005 prediction=52348.984190223753 rho=0.99587232551002858 accept=1
  MFCG it   3 cost=1.203721e+05 lam=2.500e-04 tau=0.00e+00 cg_it=22 shift=0 ckpt=23 alpha=0 acc mv=33
ATTEMPT o=2 retry=0 accepted=1 rejected=0 numeric_retry=0 products=24 pcg_products=23 seconds=0.012944407
PCG_PREP o=3 rebuild=1 drift=0 previous_depth=23
ATTR_RADIUS o=3 raw_norm=2805.2543849702006 norm=2805.2543849702006 radius=7517.7402110858957 next_radius=7517.7402110858957 lambda=0.00025000000000000006 next_lambda=2.5000000000000008e-05 rho=0.99671243153700884 accept=1
CLASSICAL_LM o=3 lambda=0.00025000000000000006 tau=0.00025000000000000006 prediction=10682.609768614791 rho=0.99671243153700884 accept=1
  MFCG it   4 cost=1.097246e+05 lam=2.500e-05 tau=0.00e+00 cg_it=8 shift=0 ckpt=9 alpha=0 acc mv=43
ATTEMPT o=3 retry=0 accepted=1 rejected=0 numeric_retry=0 products=10 pcg_products=9 seconds=0.007200693
PCG_PREP o=4 rebuild=1 drift=0 previous_depth=9
POINT_SAFE o=4 frozen=0 slope=-7880.3706462494838 candidate=inf original=106778.31837331758 current=109724.59092740004 won=0 mode=1 camera_scale=1 keep_scale=0
ATTR_RADIUS o=4 raw_norm=4556.3018004872829 norm=2278.1509002436414 radius=7517.7402110858957 next_radius=7517.7402110858957 lambda=2.5000000000000008e-05 next_lambda=2.5000000000000011e-06 rho=0.9410065984405459 accept=1
CLASSICAL_LM o=4 lambda=2.5000000000000008e-05 tau=2.5000000000000008e-05 prediction=3130.9796965983878 rho=0.9410065984405459 accept=1
  MFCG it   5 cost=1.067783e+05 lam=2.500e-06 tau=0.00e+00 cg_it=45 shift=0 ckpt=46 alpha=0 acc mv=90
ATTEMPT o=4 retry=0 accepted=1 rejected=0 numeric_retry=0 products=47 pcg_products=46 seconds=0.023991952
PCG_PREP o=5 rebuild=1 drift=0 previous_depth=46
ATTR_RADIUS o=5 raw_norm=4017.5000126586365 norm=4017.5000126586365 radius=7517.7402110858957 next_radius=7517.7402110858957 lambda=2.5000000000000011e-06 next_lambda=2.5000000000000009e-07 rho=0.43045745981573091 accept=1
CLASSICAL_LM o=5 lambda=2.5000000000000011e-06 tau=2.5000000000000011e-06 prediction=1273.6492362676377 rho=0.43045745981573091 accept=1
  MFCG it   6 cost=1.062301e+05 lam=2.500e-07 tau=0.00e+00 cg_it=10 shift=0 ckpt=11 alpha=0 acc mv=102
ATTEMPT o=5 retry=0 accepted=1 rejected=0 numeric_retry=0 products=12 pcg_products=11 seconds=0.008060704
PCG_PREP o=6 rebuild=1 drift=0 previous_depth=11
ATTR_RADIUS o=6 raw_norm=235.53233014579206 norm=235.53233014579206 radius=7517.7402110858957 next_radius=7517.7402110858957 lambda=2.5000000000000009e-07 next_lambda=2.5000000000000012e-08 rho=0.99863913428117868 accept=1
CLASSICAL_LM o=6 lambda=2.5000000000000009e-07 tau=2.5000000000000009e-07 prediction=738.00023979462082 rho=0.99863913428117868 accept=1
  MFCG it   7 cost=1.054931e+05 lam=2.500e-08 tau=0.00e+00 cg_it=0 shift=0 ckpt=1 alpha=0 acc mv=104
ATTEMPT o=6 retry=0 accepted=1 rejected=0 numeric_retry=0 products=2 pcg_products=1 seconds=0.003915633
PCG_PREP o=7 rebuild=1 drift=0 previous_depth=1
POINT_SAFE o=7 frozen=0 slope=-2552.1935661248572 candidate=inf original=104518.29895988143 current=105493.07063780977 won=0 mode=1 camera_scale=1 keep_scale=0
ATTR_RADIUS o=7 raw_norm=14379.146176971468 norm=3758.8701055429483 radius=7517.7402110858957 next_radius=7517.7402110858957 lambda=2.5000000000000012e-08 next_lambda=2.5000000000000013e-09 rho=0.87842512347917789 accept=1
CLASSICAL_LM o=7 lambda=2.5000000000000012e-08 tau=2.5000000000000012e-08 prediction=1109.6810096545951 rho=0.87842512347917789 accept=1
  MFCG it   8 cost=1.045183e+05 lam=2.500e-09 tau=0.00e+00 cg_it=128 shift=0 ckpt=128 alpha=0 acc mv=232
ATTEMPT o=7 retry=0 accepted=1 rejected=0 numeric_retry=0 products=128 pcg_products=128 seconds=0.057295469
PCG_PREP o=8 rebuild=1 drift=0 previous_depth=128
POINT_SAFE o=8 frozen=0 slope=-1738.1770471442687 candidate=inf original=103827.69187569742 current=104518.29895988143 won=0 mode=1 camera_scale=1 keep_scale=0
ATTR_RADIUS o=8 raw_norm=15512.507206248936 norm=3758.8701055429478 radius=7517.7402110858957 next_radius=7517.7402110858957 lambda=2.5000000000000013e-09 next_lambda=2.5000000000000012e-10 rho=0.92388559898444167 accept=1
CLASSICAL_LM o=8 lambda=2.5000000000000013e-09 tau=2.5000000000000013e-09 prediction=747.50281305731426 rho=0.92388559898444167 accept=1
  MFCG it   9 cost=1.038277e+05 lam=2.500e-10 tau=0.00e+00 cg_it=115 shift=0 ckpt=116 alpha=0 acc mv=349
ATTEMPT o=8 retry=0 accepted=1 rejected=0 numeric_retry=0 products=117 pcg_products=116 seconds=0.052544437
PCG_PREP o=9 rebuild=1 drift=0 previous_depth=116
POINT_SAFE o=9 frozen=0 slope=-1069.4973220748197 candidate=inf original=103407.76812871959 current=103827.69187569742 won=0 mode=1 camera_scale=1 keep_scale=0
ATTR_RADIUS o=9 raw_norm=15232.627328140232 norm=3758.8701055429483 radius=7517.7402110858957 next_radius=7517.7402110858957 lambda=2.5000000000000012e-10 next_lambda=2.5000000000000014e-11 rho=0.91695154751281427 accept=1
CLASSICAL_LM o=9 lambda=2.5000000000000012e-10 tau=2.5000000000000012e-10 prediction=457.95630981468247 rho=0.91695154751281427 accept=1
  MFCG it  10 cost=1.034078e+05 lam=2.500e-11 tau=0.00e+00 cg_it=111 shift=0 ckpt=112 alpha=0 acc mv=462
ATTEMPT o=9 retry=0 accepted=1 rejected=0 numeric_retry=0 products=113 pcg_products=112 seconds=0.050940566
PCG_PREP o=10 rebuild=1 drift=0 previous_depth=112
ATTR_RADIUS o=10 raw_norm=59.329177836450974 norm=59.329177836450974 radius=7517.7402110858957 next_radius=7517.7402110858957 lambda=2.5000000000000014e-11 next_lambda=2.5000000000000015e-12 rho=1.0002416028708176 accept=1
CLASSICAL_LM o=10 lambda=2.5000000000000014e-11 tau=2.5000000000000014e-11 prediction=61.448391821854145 rho=1.0002416028708176 accept=1
  MFCG it  11 cost=1.033463e+05 lam=2.500e-12 tau=0.00e+00 cg_it=0 shift=0 ckpt=1 alpha=0 acc mv=464
ATTEMPT o=10 retry=0 accepted=1 rejected=0 numeric_retry=0 products=2 pcg_products=1 seconds=0.003942722
PCG_PREP o=11 rebuild=1 drift=0 previous_depth=1
COARSE_ACTIVATE o=11 accepts=11 last_rel=0.00059437737649668083 lambda=2.5000000000000015e-12 K=8
COARSE_PREP o=11 retry=0 rank=55 usable=0 fallback=not_spd seconds=0.003628512 blocks=512 lloyd=7 empty_repairs=0
ATTR_RADIUS o=11 raw_norm=15346.10221254544 norm=7517.7402110858957 radius=7517.7402110858957 next_radius=1879.4350527714739 lambda=2.5000000000000015e-12 next_lambda=4.0000000000000023e-11 rho=0.13829767255751779 accept=1
CLASSICAL_LM o=11 lambda=2.5000000000000015e-12 tau=2.5000000000000015e-12 prediction=443.07604628380773 rho=0.13829767255751779 accept=1
  MFCG it  12 cost=1.032850e+05 lam=4.000e-11 tau=0.00e+00 cg_it=128 shift=0 ckpt=128 alpha=0 acc mv=592
ATTEMPT o=11 retry=0 accepted=1 rejected=0 numeric_retry=0 products=128 pcg_products=128 seconds=0.05902229
PCG_PREP o=12 rebuild=1 drift=0 previous_depth=128
COARSE_PREP o=12 retry=0 rank=55 usable=0 fallback=not_spd seconds=0.003121632 blocks=512 lloyd=7 empty_repairs=0
ATTR_RADIUS o=12 raw_norm=23.180761276140174 norm=23.180761276140174 radius=1879.4350527714739 next_radius=1879.4350527714739 lambda=4.0000000000000023e-11 next_lambda=4.0000000000000023e-12 rho=0.99996094807950897 accept=1
CLASSICAL_LM o=12 lambda=4.0000000000000023e-11 tau=4.0000000000000023e-11 prediction=379.86161784534744 rho=0.99996094807950897 accept=1
TARGET reached outer=13 seconds=0.313140478 cost=102905.18172130318 threshold=103088.39569543337
ATTEMPT o=12 retry=0 accepted=1 rejected=0 numeric_retry=0 products=2 pcg_products=1 seconds=0.007011983
  MFCG: accepts=13 rejects=0 total_matvecs=594 negcurv=0 cand_evals=13 mean_cg_per_outer=45.7
NUMERIC_REPAIR summary rebuilds=0 floor=9.9999999999999998e-17
  [retry-cache] builds=13 reuses=0
  [menu-backtrack] trials=4 rescues=4 evals=4 total_scored=17
POINT_SAFE summary calls=4 evals=0 wins=0 frozen=0 seconds=0.006117852
  [scoring] menu_evals=13 alpha_evals=0 backtrack_evals=4 total_scored=17
ATTEMPT_SUMMARY attempts=13 products=594 pcg_products=583 seconds=0.299929453 failed_seconds=0 failed_fraction=0 retry_index_seconds=0 retry_index_fraction=0 numeric_attempts=0 timing=host_native_attempt_no_extra_sync
COARSE_SUMMARY activated=1 activation_outer=11 rank=55 attempts=2 applications=0 fallbacks=2 oracle_products=0 setup_seconds=0.006750144 apply_enqueue_seconds=0
RESULT algo=mfree_shifted_cg iters=13 final_cost=102905.1817213032 solve_seconds=0.315529
DIAGNOSTICS median_reproj_err_px 3.953929 -> 0.545210 | cheirality_violations(obs) 211 -> 211 | cheirality_violations(pts, of 44033) 211 -> 211
