  [menu-backtrack] active=1 max_evals=8 warmup_accepts=3 confirm_stop=original armijo=1e-4
MIXED_STORAGE fragments=fp32 arithmetic=fp64 state=fp64 acceptance=fp64
  [compact-fragments] active=2 saved_bytes=28836392 storage=fp32 camera_reads=contiguous
  MFCG score_init=5535080.1182407308 precision=fp64
PCG_PREP o=0 rebuild=1 drift=0 previous_depth=0
ATTR_RADIUS o=0 raw_norm=1555.833299402208 norm=1555.833299402208 radius=1555.833299402208 next_radius=3111.666598804416 lambda=0.10000000000000001 next_lambda=0.025000000000000001 rho=0.98486327898082127 accept=1
CLASSICAL_LM o=0 lambda=0.10000000000000001 tau=0.10000000000000001 prediction=5280739.0841612853 rho=0.98486327898082127 accept=1
  MFCG it   1 cost=3.342741e+05 lam=2.500e-02 tau=0.00e+00 cg_it=3 shift=0 ckpt=4 alpha=0 acc mv=5
PCG_PREP o=1 rebuild=1 drift=0 previous_depth=4
ATTR_RADIUS o=1 raw_norm=760.43182445853768 norm=760.43182445853768 radius=3111.666598804416 next_radius=3111.666598804416 lambda=0.025000000000000001 next_lambda=0.0025000000000000005 rho=0.98782271984889469 accept=1
CLASSICAL_LM o=1 lambda=0.025000000000000001 tau=0.025000000000000001 prediction=126603.18890281885 rho=0.98782271984889469 accept=1
  MFCG it   2 cost=2.092126e+05 lam=2.500e-03 tau=0.00e+00 cg_it=6 shift=0 ckpt=7 alpha=0 acc mv=13
PCG_PREP o=2 rebuild=1 drift=0 previous_depth=7
ATTR_RADIUS o=2 raw_norm=1095.8284647328687 norm=1095.8284647328687 radius=3111.666598804416 next_radius=3111.666598804416 lambda=0.0025000000000000005 next_lambda=0.00025000000000000006 rho=0.95885355593439081 accept=1
CLASSICAL_LM o=2 lambda=0.0025000000000000005 tau=0.0025000000000000005 prediction=26384.225965318838 rho=0.95885355593439081 accept=1
  MFCG it   3 cost=1.839140e+05 lam=2.500e-04 tau=0.00e+00 cg_it=14 shift=0 ckpt=15 alpha=0 acc mv=29
PCG_PREP o=3 rebuild=1 drift=0 previous_depth=15
ATTR_RADIUS o=3 raw_norm=1631.7775760240395 norm=1631.7775760240395 radius=3111.666598804416 next_radius=3111.666598804416 lambda=0.00025000000000000006 next_lambda=2.5000000000000008e-05 rho=0.98588008656034454 accept=1
CLASSICAL_LM o=3 lambda=0.00025000000000000006 tau=0.00025000000000000006 prediction=12380.662497434201 rho=0.98588008656034454 accept=1
  MFCG it   4 cost=1.717081e+05 lam=2.500e-05 tau=0.00e+00 cg_it=0 shift=0 ckpt=1 alpha=0 acc mv=31
PCG_PREP o=4 rebuild=1 drift=0 previous_depth=1
ATTR_RADIUS o=4 raw_norm=1662.6941191832543 norm=1662.6941191832543 radius=3111.666598804416 next_radius=3111.666598804416 lambda=2.5000000000000008e-05 next_lambda=2.5000000000000011e-06 rho=0.95877094000213725 accept=1
CLASSICAL_LM o=4 lambda=2.5000000000000008e-05 tau=2.5000000000000008e-05 prediction=4759.3081865153817 rho=0.95877094000213725 accept=1
  MFCG it   5 cost=1.671451e+05 lam=2.500e-06 tau=0.00e+00 cg_it=1 shift=0 ckpt=2 alpha=0 acc mv=34
PCG_PREP o=5 rebuild=1 drift=0 previous_depth=2
ATTR_RADIUS o=5 raw_norm=2293.5473015827947 norm=0 radius=3111.666598804416 next_radius=777.91664970110401 lambda=2.5000000000000011e-06 next_lambda=4.0000000000000017e-05 rho=0.061660263767194093 accept=0
CLASSICAL_LM o=5 lambda=2.5000000000000011e-06 tau=2.5000000000000011e-06 prediction=1852.7099787781628 rho=0.061660263767194093 accept=0
  MFCG it   6  retry 1/8  lam=4.000e-05 tau_eff=2.500e-06  (assembly reused)
PCG_PREP o=5 rebuild=1 drift=0 previous_depth=13
ATTR_RADIUS o=5 raw_norm=868.44603179150033 norm=777.91664970110401 radius=777.91664970110401 next_radius=1555.833299402208 lambda=4.0000000000000017e-05 next_lambda=1.0000000000000004e-05 rho=0.94263667299714415 accept=1
CLASSICAL_LM o=5 lambda=4.0000000000000017e-05 tau=4.0000000000000017e-05 prediction=1459.2300100805433 rho=0.94263667299714415 accept=1
  MFCG it   6 cost=1.657695e+05 lam=1.000e-05 tau=0.00e+00 cg_it=4 shift=0 ckpt=5 alpha=0 acc mv=54
PCG_PREP o=6 rebuild=1 drift=0 previous_depth=5
ATTR_RADIUS o=6 raw_norm=1210.8779658949397 norm=1210.8779658949397 radius=1555.833299402208 next_radius=1555.833299402208 lambda=1.0000000000000004e-05 next_lambda=1.0000000000000004e-06 rho=1.0376523569615719 accept=1
CLASSICAL_LM o=6 lambda=1.0000000000000004e-05 tau=1.0000000000000004e-05 prediction=492.7982916596398 rho=1.0376523569615719 accept=1
TARGET reached outer=7 seconds=0.106407578 cost=165258.18105144301 threshold=165617.73918321263
  MFCG: accepts=7 rejects=1 total_matvecs=62 negcurv=0 cand_evals=8 mean_cg_per_outer=8.9
NUMERIC_REPAIR summary rebuilds=0 floor=9.9999999999999998e-17
  [retry-cache] builds=8 reuses=0
  [menu-backtrack] trials=0 rescues=0 evals=0 total_scored=8
POINT_SAFE summary calls=0 evals=0 wins=0 frozen=0 seconds=0
  [scoring] menu_evals=8 alpha_evals=0 backtrack_evals=0 total_scored=8
RESULT algo=mfree_shifted_cg iters=7 final_cost=165258.1810514430 solve_seconds=0.109688
DIAGNOSTICS median_reproj_err_px 1.389529 -> 0.535264 | cheirality_violations(obs) 29 -> 29 | cheirality_violations(pts, of 65220) 9 -> 9
