  [menu-backtrack] active=1 max_evals=8 warmup_accepts=3 confirm_stop=original armijo=1e-4
MIXED_STORAGE fragments=fp32 arithmetic=fp64 state=fp64 acceptance=fp64
  [compact-fragments] active=2 saved_bytes=36105992 storage=fp32 camera_reads=contiguous
  MFCG score_init=11152062.77276247 precision=fp64
PCG_PREP o=0 rebuild=1 drift=0 previous_depth=0
E2_CAP o=0 retry=0 touched=0 ncam=52 raw=3104.2454053620136 capped=3104.2454053620131 radius=3104.2454053620136 median=305.60028916264412 global_scale=1
ATTR_RADIUS o=0 raw_norm=3104.2454053620136 norm=3104.2454053620136 radius=3104.2454053620136 next_radius=6208.4908107240271 lambda=0.10000000000000001 next_lambda=0.025000000000000001 rho=0.99944779658081773 accept=1
CLASSICAL_LM o=0 lambda=0.10000000000000001 tau=0.10000000000000001 prediction=9052081.1126991659 rho=0.99944779658081773 accept=1
  MFCG it   1 cost=2.104980e+06 lam=2.500e-02 tau=0.00e+00 cg_it=1 shift=0 ckpt=2 alpha=0 acc mv=3
PCG_PREP o=1 rebuild=1 drift=0 previous_depth=2
E2_CAP o=1 retry=0 touched=0 ncam=52 raw=2676.9295338215611 capped=2676.9295338215616 radius=6208.4908107240271 median=291.23422265370078 global_scale=1
ATTR_RADIUS o=1 raw_norm=2676.9295338215607 norm=2676.9295338215607 radius=6208.4908107240271 next_radius=6208.4908107240271 lambda=0.025000000000000001 next_lambda=0.0025000000000000005 rho=0.99568870257701747 accept=1
CLASSICAL_LM o=1 lambda=0.025000000000000001 tau=0.025000000000000001 prediction=602145.25532400236 rho=0.99568870257701747 accept=1
  MFCG it   2 cost=1.505431e+06 lam=2.500e-03 tau=0.00e+00 cg_it=8 shift=0 ckpt=9 alpha=0 acc mv=13
PCG_PREP o=2 rebuild=1 drift=0 previous_depth=9
E2_CAP o=2 retry=0 touched=0 ncam=52 raw=9509.8885634203671 capped=9509.8885634203652 radius=6208.4908107240271 median=1110.7313800384154 global_scale=0.65284580038139328
ATTR_RADIUS o=2 raw_norm=9509.8885634203689 norm=9509.8885634203689 radius=6208.4908107240271 next_radius=1552.1227026810068 lambda=0.0025000000000000005 next_lambda=0.040000000000000008 rho=0.9971987394506785 accept=0
CLASSICAL_LM o=2 lambda=0.0025000000000000005 tau=0.0025000000000000005 prediction=466617.2098741699 rho=0.9971987394506785 accept=0
  MFCG it   3  retry 1/8  lam=4.000e-02 tau_eff=2.500e-03  (assembly reused)
PCG_PREP o=2 rebuild=1 drift=0 previous_depth=5
E2_CAP o=2 retry=1 touched=0 ncam=52 raw=1174.9805593604403 capped=1174.9805593604408 radius=1552.1227026810068 median=141.13098246206641 global_scale=1
ATTR_RADIUS o=2 raw_norm=1174.9805593604406 norm=1174.9805593604406 radius=1552.1227026810068 next_radius=1552.1227026810068 lambda=0.040000000000000008 next_lambda=0.004000000000000001 rho=0.99862888045715958 accept=1
CLASSICAL_LM o=2 lambda=0.040000000000000008 tau=0.040000000000000008 prediction=110175.27288178707 rho=0.99862888045715958 accept=1
  MFCG it   3 cost=1.395407e+06 lam=4.000e-03 tau=0.00e+00 cg_it=1 shift=0 ckpt=2 alpha=0 acc mv=22
PCG_PREP o=3 rebuild=1 drift=0 previous_depth=2
E2_CAP o=3 retry=0 touched=0 ncam=52 raw=6352.2440295757542 capped=6352.2440295757524 radius=1552.1227026810068 median=749.35222119246976 global_scale=0.24434242378825433
ATTR_RADIUS o=3 raw_norm=6352.2440295757542 norm=1552.122702681007 radius=1552.1227026810068 next_radius=3104.2454053620136 lambda=0.004000000000000001 next_lambda=0.0010000000000000002 rho=0.99935116992944995 accept=1
CLASSICAL_LM o=3 lambda=0.004000000000000001 tau=0.004000000000000001 prediction=130395.46565964934 rho=0.99935116992944995 accept=1
  MFCG it   4 cost=1.265096e+06 lam=1.000e-03 tau=0.00e+00 cg_it=2 shift=0 ckpt=3 alpha=0 acc mv=26
PCG_PREP o=4 rebuild=1 drift=0 previous_depth=3
E2_CAP o=4 retry=0 touched=0 ncam=52 raw=16318.7591016927 capped=16318.759101692704 radius=3104.2454053620136 median=1780.2721496256586 global_scale=0.19022557940940607
ATTR_RADIUS o=4 raw_norm=16318.7591016927 norm=3104.2454053620127 radius=3104.2454053620136 next_radius=6208.4908107240271 lambda=0.0010000000000000002 next_lambda=0.00025000000000000006 rho=1.0019131695365604 accept=1
CLASSICAL_LM o=4 lambda=0.0010000000000000002 tau=0.0010000000000000002 prediction=118967.35531055857 rho=1.0019131695365604 accept=1
  MFCG it   5 cost=1.145901e+06 lam=2.500e-04 tau=0.00e+00 cg_it=4 shift=0 ckpt=5 alpha=0 acc mv=32
PCG_PREP o=5 rebuild=1 drift=0 previous_depth=5
E2_CAP o=5 retry=0 touched=0 ncam=52 raw=36069.273260721842 capped=36069.273260721828 radius=6208.4908107240271 median=3643.1586582031232 global_scale=0.1721268617154218
ATTR_RADIUS o=5 raw_norm=36069.273260721835 norm=6208.4908107240271 radius=6208.4908107240271 next_radius=12416.981621448054 lambda=0.00025000000000000006 next_lambda=6.2500000000000015e-05 rho=1.0071856336565455 accept=1
CLASSICAL_LM o=5 lambda=0.00025000000000000006 tau=0.00025000000000000006 prediction=145946.99765327788 rho=1.0071856336565455 accept=1
  MFCG it   6 cost=9.989053e+05 lam=6.250e-05 tau=0.00e+00 cg_it=6 shift=0 ckpt=7 alpha=0 acc mv=40
PCG_PREP o=6 rebuild=1 drift=0 previous_depth=7
E2_CAP o=6 retry=0 touched=0 ncam=52 raw=58714.594859821947 capped=58714.594859821933 radius=12416.981621448054 median=5962.3122670071007 global_scale=0.21148032531081851
ATTR_RADIUS o=6 raw_norm=58714.594859821947 norm=12416.981621448056 radius=12416.981621448054 next_radius=24833.963242896109 lambda=6.2500000000000015e-05 next_lambda=1.5625000000000004e-05 rho=0.75688517097881125 accept=1
CLASSICAL_LM o=6 lambda=6.2500000000000015e-05 tau=6.2500000000000015e-05 prediction=204587.28157925094 rho=0.75688517097881125 accept=1
  MFCG it   7 cost=8.440562e+05 lam=1.563e-05 tau=0.00e+00 cg_it=7 shift=0 ckpt=8 alpha=0 acc mv=49
PCG_PREP o=7 rebuild=1 drift=0 previous_depth=8
E2_CAP o=7 retry=0 touched=0 ncam=52 raw=68685.803084360479 capped=68685.803084360479 radius=24833.963242896109 median=4468.3300443872849 global_scale=0.36155889758462645
ATTR_RADIUS o=7 raw_norm=68685.803084360494 norm=24833.963242896112 radius=24833.963242896109 next_radius=49667.926485792217 lambda=1.5625000000000004e-05 next_lambda=3.9062500000000009e-06 rho=0.86387765030657426 accept=1
CLASSICAL_LM o=7 lambda=1.5625000000000004e-05 tau=1.5625000000000004e-05 prediction=310066.56274094299 rho=0.86387765030657426 accept=1
  MFCG it   8 cost=5.761966e+05 lam=3.906e-06 tau=0.00e+00 cg_it=7 shift=0 ckpt=8 alpha=0 acc mv=58
PCG_PREP o=8 rebuild=1 drift=0 previous_depth=8
E2_CAP o=8 retry=0 touched=0 ncam=52 raw=65867.333569851704 capped=65867.333569851704 radius=49667.926485792217 median=3352.8714883528319 global_scale=0.75406007490981608
POINT_SAFE o=8 frozen=1087 slope=-444811.79000654659 candidate=424214.25156314723 original=435962.32034211594 current=576196.61899576627 won=1 mode=1 camera_scale=1 keep_scale=0
ATTR_RADIUS o=8 raw_norm=65867.333569851718 norm=49667.926485792232 radius=49667.926485792217 next_radius=49667.926485792217 lambda=3.9062500000000009e-06 next_lambda=3.9062500000000009e-06 rho=0.60880238234295159 accept=1
CLASSICAL_LM o=8 lambda=3.9062500000000009e-06 tau=3.9062500000000009e-06 prediction=249641.54517221334 rho=0.60880238234295159 accept=1
  MFCG it   9 cost=4.242143e+05 lam=3.906e-06 tau=0.00e+00 cg_it=7 shift=0 ckpt=8 alpha=0 acc mv=67
PCG_PREP o=9 rebuild=1 drift=0 previous_depth=8
E2_CAP o=9 retry=0 touched=1 ncam=52 raw=10982.657307442352 capped=7855.7020302430474 radius=49667.926485792217 median=231.04454155662114 global_scale=1
POINT_SAFE o=9 frozen=54 slope=-240792.46791005274 candidate=312873.79973095149 original=390863.12908976997 current=424214.25156314723 won=1 mode=1 camera_scale=1 keep_scale=0
ATTR_RADIUS o=9 raw_norm=10982.657307442354 norm=7855.7020302430465 radius=49667.926485792217 next_radius=49667.926485792217 lambda=3.9062500000000009e-06 next_lambda=3.9062500000000012e-07 rho=0.89014975171329924 accept=1
CLASSICAL_LM o=9 lambda=3.9062500000000009e-06 tau=3.9062500000000009e-06 prediction=125080.58516883847 rho=0.89014975171329924 accept=1
  MFCG it  10 cost=3.128738e+05 lam=3.906e-07 tau=0.00e+00 cg_it=0 shift=0 ckpt=1 alpha=0 acc mv=69
PCG_PREP o=10 rebuild=1 drift=0 previous_depth=1
E2_CAP o=10 retry=0 touched=1 ncam=52 raw=45994.601218982702 capped=15713.217730827933 radius=49667.926485792217 median=371.5976927405726 global_scale=1
POINT_SAFE o=10 frozen=141 slope=-46056.429608684026 candidate=298918.9825768919 original=286000.94628013851 current=312873.79973095149 won=0 mode=1 camera_scale=1 keep_scale=0
ATTR_RADIUS o=10 raw_norm=45994.601218982709 norm=3928.3044327069838 radius=49667.926485792217 next_radius=49667.926485792217 lambda=3.9062500000000012e-07 next_lambda=3.9062500000000016e-08 rho=1.2290013752165729 accept=1
CLASSICAL_LM o=10 lambda=3.9062500000000012e-07 tau=3.9062500000000012e-07 prediction=21865.600798109346 rho=1.2290013752165729 accept=1
  MFCG it  11 cost=2.860009e+05 lam=3.906e-08 tau=0.00e+00 cg_it=1 shift=0 ckpt=2 alpha=0 acc mv=72
PCG_PREP o=11 rebuild=1 drift=0 previous_depth=2
E2_CAP o=11 retry=0 touched=1 ncam=52 raw=16413.054120245939 capped=4166.6514289912866 radius=49667.926485792217 median=104.12456488424493 global_scale=1
ATTR_RADIUS o=11 raw_norm=16413.054120245939 norm=4166.6514289912875 radius=49667.926485792217 next_radius=49667.926485792217 lambda=3.9062500000000016e-08 next_lambda=3.9062500000000015e-09 rho=0.71016182839254793 accept=1
CLASSICAL_LM o=11 lambda=3.9062500000000016e-08 tau=3.9062500000000016e-08 prediction=22311.070331666757 rho=0.71016182839254793 accept=1
  MFCG it  12 cost=2.701565e+05 lam=3.906e-09 tau=0.00e+00 cg_it=0 shift=0 ckpt=1 alpha=0 acc mv=74
PCG_PREP o=12 rebuild=1 drift=0 previous_depth=1
E2_CAP o=12 retry=0 touched=1 ncam=52 raw=59762.594401394475 capped=13336.853304934144 radius=49667.926485792217 median=322.32039964721571 global_scale=1
ATTR_RADIUS o=12 raw_norm=59762.59440139449 norm=13336.853304934146 radius=49667.926485792217 next_radius=49667.926485792217 lambda=3.9062500000000015e-09 next_lambda=3.9062500000000019e-10 rho=0.6576594125103763 accept=1
CLASSICAL_LM o=12 lambda=3.9062500000000015e-09 tau=3.9062500000000015e-09 prediction=14907.510297409955 rho=0.6576594125103763 accept=1
  MFCG it  13 cost=2.603524e+05 lam=3.906e-10 tau=0.00e+00 cg_it=1 shift=0 ckpt=2 alpha=0 acc mv=77
PCG_PREP o=13 rebuild=1 drift=0 previous_depth=2
E2_CAP o=13 retry=0 touched=1 ncam=52 raw=17351.432516898094 capped=1408.817676153207 radius=49667.926485792217 median=41.586341680821619 global_scale=1
ATTR_RADIUS o=13 raw_norm=17351.43251689809 norm=1408.8176761532072 radius=49667.926485792217 next_radius=49667.926485792217 lambda=3.9062500000000019e-10 next_lambda=3.906250000000002e-11 rho=0.82967191356872538 accept=1
CLASSICAL_LM o=13 lambda=3.9062500000000019e-10 tau=3.9062500000000019e-10 prediction=3999.2797408703027 rho=0.82967191356872538 accept=1
  MFCG it  14 cost=2.570343e+05 lam=3.906e-11 tau=0.00e+00 cg_it=0 shift=0 ckpt=1 alpha=0 acc mv=79
PCG_PREP o=14 rebuild=1 drift=0 previous_depth=1
E2_CAP o=14 retry=0 touched=1 ncam=52 raw=17233.321362794886 capped=1137.8062402303221 radius=49667.926485792217 median=34.280317706974316 global_scale=1
ATTR_RADIUS o=14 raw_norm=17233.32136279489 norm=1137.8062402303221 radius=49667.926485792217 next_radius=49667.926485792217 lambda=3.906250000000002e-11 next_lambda=3.9062500000000019e-12 rho=0.80046423802757394 accept=1
CLASSICAL_LM o=14 lambda=3.906250000000002e-11 tau=3.906250000000002e-11 prediction=2100.8525222318863 rho=0.80046423802757394 accept=1
  MFCG it  15 cost=2.553527e+05 lam=3.906e-12 tau=0.00e+00 cg_it=0 shift=0 ckpt=1 alpha=0 acc mv=81
PCG_PREP o=15 rebuild=1 drift=0 previous_depth=1
E2_CAP o=15 retry=0 touched=1 ncam=52 raw=17427.385801498109 capped=1152.4688806400295 radius=49667.926485792217 median=34.78248936464685 global_scale=1
ATTR_RADIUS o=15 raw_norm=17427.385801498109 norm=1152.4688806400293 radius=49667.926485792217 next_radius=49667.926485792217 lambda=3.9062500000000019e-12 next_lambda=3.9062500000000022e-13 rho=0.79546444428097751 accept=1
CLASSICAL_LM o=15 lambda=3.9062500000000019e-12 tau=3.9062500000000019e-12 prediction=1565.6503141159772 rho=0.79546444428097751 accept=1
  MFCG it  16 cost=2.541072e+05 lam=3.906e-13 tau=0.00e+00 cg_it=0 shift=0 ckpt=1 alpha=0 acc mv=83
PCG_PREP o=16 rebuild=1 drift=0 previous_depth=1
E2_CAP o=16 retry=0 touched=1 ncam=52 raw=17785.2587289197 capped=939.70604483407146 radius=49667.926485792217 median=26.280369806219049 global_scale=1
ATTR_RADIUS o=16 raw_norm=17785.258728919696 norm=939.70604483407146 radius=49667.926485792217 next_radius=49667.926485792217 lambda=3.9062500000000022e-13 next_lambda=3.9062500000000023e-14 rho=0.80315362593538209 accept=1
CLASSICAL_LM o=16 lambda=3.9062500000000022e-13 tau=3.9062500000000022e-13 prediction=1166.694925538658 rho=0.80315362593538209 accept=1
  MFCG it  17 cost=2.531702e+05 lam=3.906e-14 tau=0.00e+00 cg_it=0 shift=0 ckpt=1 alpha=0 acc mv=85
PCG_PREP o=17 rebuild=1 drift=0 previous_depth=1
E2_CAP o=17 retry=0 touched=1 ncam=52 raw=18150.251586637929 capped=973.86471350925092 radius=49667.926485792217 median=27.426885197421509 global_scale=1
ATTR_RADIUS o=17 raw_norm=18150.251586637929 norm=973.86471350925115 radius=49667.926485792217 next_radius=49667.926485792217 lambda=3.9062500000000023e-14 next_lambda=3.9062500000000023e-15 rho=0.77864606242695411 accept=1
CLASSICAL_LM o=17 lambda=3.9062500000000023e-14 tau=3.9062500000000023e-14 prediction=1053.6804201263112 rho=0.77864606242695411 accept=1
  MFCG it  18 cost=2.523498e+05 lam=3.906e-15 tau=0.00e+00 cg_it=0 shift=0 ckpt=1 alpha=0 acc mv=87
PCG_PREP o=18 rebuild=1 drift=0 previous_depth=1
E2_CAP o=18 retry=0 touched=1 ncam=52 raw=18611.151401838477 capped=900.0491594600569 radius=49667.926485792217 median=24.432963064458523 global_scale=1
ATTR_RADIUS o=18 raw_norm=18611.151401838473 norm=900.04915946005679 radius=49667.926485792217 next_radius=49667.926485792217 lambda=3.9062500000000023e-15 next_lambda=3.9062500000000026e-16 rho=0.75581922852412209 accept=1
CLASSICAL_LM o=18 lambda=3.9062500000000023e-15 tau=3.9062500000000023e-15 prediction=924.72311925385543 rho=0.75581922852412209 accept=1
  MFCG it  19 cost=2.516508e+05 lam=3.906e-16 tau=0.00e+00 cg_it=0 shift=0 ckpt=1 alpha=0 acc mv=89
PCG_PREP o=19 rebuild=1 drift=0 previous_depth=1
NUMERIC_REPAIR o=19 lambda=3.9062500000000026e-16 rayleigh=-1.1714475124611536e-05 next_lambda=4.6857900500008642e-05 cg=1 rebuild=1
PCG_PREP o=19 rebuild=1 drift=0 previous_depth=1
E2_CAP o=19 retry=0 touched=1 ncam=52 raw=1860.5879493252294 capped=635.02902889188829 radius=49667.926485792217 median=18.994005100593334 global_scale=1
ATTR_RADIUS o=19 raw_norm=1860.5879493252296 norm=635.02902889188852 radius=49667.926485792217 next_radius=49667.926485792217 lambda=4.6857900500008642e-05 next_lambda=4.6857900500008642e-05 rho=0.97416314569032914 accept=1
CLASSICAL_LM o=19 lambda=4.6857900500008642e-05 tau=4.6857900500008642e-05 prediction=1699.7596509062259 rho=0.97416314569032914 accept=1
  MFCG it  20 cost=2.499950e+05 lam=4.686e-05 tau=0.00e+00 cg_it=0 shift=0 ckpt=1 alpha=0 acc mv=93
PCG_PREP o=20 rebuild=1 drift=0 previous_depth=1
E2_CAP o=20 retry=0 touched=1 ncam=52 raw=1961.30268571429 capped=648.78262059135386 radius=49667.926485792217 median=19.192993513951862 global_scale=1
ATTR_RADIUS o=20 raw_norm=1961.3026857142904 norm=648.78262059135386 radius=49667.926485792217 next_radius=49667.926485792217 lambda=4.6857900500008642e-05 next_lambda=4.6857900500008642e-05 rho=0.97276386104581281 accept=1
CLASSICAL_LM o=20 lambda=4.6857900500008642e-05 tau=4.6857900500008642e-05 prediction=861.0274764788378 rho=0.97276386104581281 accept=1
  MFCG it  21 cost=2.491574e+05 lam=4.686e-05 tau=0.00e+00 cg_it=0 shift=0 ckpt=1 alpha=0 acc mv=95
PCG_PREP o=21 rebuild=1 drift=0 previous_depth=1
E2_CAP o=21 retry=0 touched=1 ncam=52 raw=2140.6206428795149 capped=697.58894724955871 radius=49667.926485792217 median=20.557546364063278 global_scale=1
ATTR_RADIUS o=21 raw_norm=2140.620642879514 norm=697.5889472495586 radius=49667.926485792217 next_radius=49667.926485792217 lambda=4.6857900500008642e-05 next_lambda=4.6857900500008642e-05 rho=0.9757509189447926 accept=1
CLASSICAL_LM o=21 lambda=4.6857900500008642e-05 tau=4.6857900500008642e-05 prediction=584.58180420861515 rho=0.9757509189447926 accept=1
  MFCG it  22 cost=2.485870e+05 lam=4.686e-05 tau=0.00e+00 cg_it=0 shift=0 ckpt=1 alpha=0 acc mv=97
PCG_PREP o=22 rebuild=1 drift=0 previous_depth=1
E2_CAP o=22 retry=0 touched=0 ncam=52 raw=2822.3987704625861 capped=2822.398770462587 radius=49667.926485792217 median=152.88105968363658 global_scale=1
ATTR_RADIUS o=22 raw_norm=2822.3987704625865 norm=2822.3987704625865 radius=49667.926485792217 next_radius=49667.926485792217 lambda=4.6857900500008642e-05 next_lambda=4.6857900500008642e-05 rho=1.0021160872822055 accept=1
CLASSICAL_LM o=22 lambda=4.6857900500008642e-05 tau=4.6857900500008642e-05 prediction=1708.4226379169486 rho=1.0021160872822055 accept=1
  MFCG it  23 cost=2.468750e+05 lam=4.686e-05 tau=0.00e+00 cg_it=1 shift=0 ckpt=2 alpha=0 acc mv=100
PCG_PREP o=23 rebuild=1 drift=0 previous_depth=2
E2_CAP o=23 retry=0 touched=0 ncam=52 raw=3278.1382782855012 capped=3278.1382782855017 radius=49667.926485792217 median=232.66184375567656 global_scale=1
ATTR_RADIUS o=23 raw_norm=3278.1382782855017 norm=3278.1382782855017 radius=49667.926485792217 next_radius=49667.926485792217 lambda=4.6857900500008642e-05 next_lambda=4.6857900500008642e-05 rho=0.98987361032045218 accept=1
CLASSICAL_LM o=23 lambda=4.6857900500008642e-05 tau=4.6857900500008642e-05 prediction=1819.5572041737319 rho=0.98987361032045218 accept=1
  MFCG it  24 cost=2.450738e+05 lam=4.686e-05 tau=0.00e+00 cg_it=3 shift=0 ckpt=4 alpha=0 acc mv=105
PCG_PREP o=24 rebuild=1 drift=0 previous_depth=4
E2_CAP o=24 retry=0 touched=0 ncam=52 raw=3407.1174862823918 capped=3407.1174862823927 radius=49667.926485792217 median=393.266193794873 global_scale=1
ATTR_RADIUS o=24 raw_norm=3407.1174862823927 norm=3407.1174862823927 radius=49667.926485792217 next_radius=49667.926485792217 lambda=4.6857900500008642e-05 next_lambda=4.6857900500008642e-05 rho=0.99585723142905591 accept=1
CLASSICAL_LM o=24 lambda=4.6857900500008642e-05 tau=4.6857900500008642e-05 prediction=831.24122672578619 rho=0.99585723142905591 accept=1
  MFCG it  25 cost=2.442460e+05 lam=4.686e-05 tau=0.00e+00 cg_it=10 shift=0 ckpt=11 alpha=0 acc mv=117
PCG_PREP o=25 rebuild=1 drift=0 previous_depth=11
E2_CAP o=25 retry=0 touched=0 ncam=52 raw=2635.7722065668991 capped=2635.7722065668981 radius=49667.926485792217 median=230.90209094643774 global_scale=1
ATTR_RADIUS o=25 raw_norm=2635.7722065668991 norm=2635.7722065668991 radius=49667.926485792217 next_radius=49667.926485792217 lambda=4.6857900500008642e-05 next_lambda=4.6857900500008642e-05 rho=0.9909826682731 accept=1
CLASSICAL_LM o=25 lambda=4.6857900500008642e-05 tau=4.6857900500008642e-05 prediction=412.92827997577012 rho=0.9909826682731 accept=1
  MFCG it  26 cost=2.438368e+05 lam=4.686e-05 tau=0.00e+00 cg_it=19 shift=0 ckpt=20 alpha=0 acc mv=138
PCG_PREP o=26 rebuild=1 drift=0 previous_depth=20
E2_CAP o=26 retry=0 touched=2 ncam=52 raw=1507.6674640699255 capped=182.02714508215163 radius=49667.926485792217 median=3.9046539197659476 global_scale=1
ATTR_RADIUS o=26 raw_norm=1507.6674640699262 norm=182.02714508215161 radius=49667.926485792217 next_radius=49667.926485792217 lambda=4.6857900500008642e-05 next_lambda=4.6857900500008642e-05 rho=1.00699773995818 accept=1
CLASSICAL_LM o=26 lambda=4.6857900500008642e-05 tau=4.6857900500008642e-05 prediction=18.469681626242878 rho=1.00699773995818 accept=1
  MFCG it  27 cost=2.438182e+05 lam=4.686e-05 tau=0.00e+00 cg_it=0 shift=0 ckpt=1 alpha=0 acc mv=140
PCG_PREP o=27 rebuild=1 drift=0 previous_depth=1
E2_CAP o=27 retry=0 touched=2 ncam=52 raw=1488.4053817736196 capped=143.04496441684608 radius=49667.926485792217 median=3.1087525434108803 global_scale=1
ATTR_RADIUS o=27 raw_norm=1488.4053817736199 norm=143.04496441684608 radius=49667.926485792217 next_radius=49667.926485792217 lambda=4.6857900500008642e-05 next_lambda=4.6857900500008642e-05 rho=1.0073894102649827 accept=1
CLASSICAL_LM o=27 lambda=4.6857900500008642e-05 tau=4.6857900500008642e-05 prediction=13.128350077451524 rho=1.0073894102649827 accept=1
  MFCG it  28 cost=2.438050e+05 lam=4.686e-05 tau=0.00e+00 cg_it=0 shift=0 ckpt=1 alpha=0 acc mv=142
PCG_PREP o=28 rebuild=1 drift=0 previous_depth=1
E2_CAP o=28 retry=0 touched=2 ncam=52 raw=1476.3301136568339 capped=140.05290219451757 radius=49667.926485792217 median=3.1261326363259698 global_scale=1
ATTR_RADIUS o=28 raw_norm=1476.3301136568348 norm=140.05290219451757 radius=49667.926485792217 next_radius=49667.926485792217 lambda=4.6857900500008642e-05 next_lambda=4.6857900500008642e-05 rho=1.0056784115442574 accept=1
CLASSICAL_LM o=28 lambda=4.6857900500008642e-05 tau=4.6857900500008642e-05 prediction=11.885847739151624 rho=1.0056784115442574 accept=1
  MFCG it  29 cost=2.437931e+05 lam=4.686e-05 tau=0.00e+00 cg_it=0 shift=0 ckpt=1 alpha=0 acc mv=144
PCG_PREP o=29 rebuild=1 drift=0 previous_depth=1
E2_CAP o=29 retry=0 touched=0 ncam=52 raw=2024.5890290069558 capped=2024.5890290069556 radius=49667.926485792217 median=184.80285807222026 global_scale=1
ATTR_RADIUS o=29 raw_norm=2024.5890290069556 norm=2024.5890290069556 radius=49667.926485792217 next_radius=49667.926485792217 lambda=4.6857900500008642e-05 next_lambda=4.6857900500008642e-05 rho=0.98179599694083652 accept=1
CLASSICAL_LM o=29 lambda=4.6857900500008642e-05 tau=4.6857900500008642e-05 prediction=222.97127429372159 rho=0.98179599694083652 accept=1
TARGET reached outer=30 seconds=0.395084908 cost=243574.15427455725 threshold=243740.26999999999
  MFCG: accepts=30 rejects=1 total_matvecs=160 negcurv=1 cand_evals=31 mean_cg_per_outer=5.3
NUMERIC_REPAIR summary rebuilds=1 floor=4.6857900500008642e-05
  [retry-cache] builds=32 reuses=0
  [menu-backtrack] trials=3 rescues=3 evals=7 total_scored=38
POINT_SAFE summary calls=3 evals=3 wins=2 frozen=1282 seconds=0.00722273
  [scoring] menu_evals=31 alpha_evals=0 backtrack_evals=7 total_scored=38
RESULT algo=mfree_shifted_cg iters=30 final_cost=243574.1542745573 solve_seconds=0.421893
DIAGNOSTICS median_reproj_err_px 3.252455 -> 0.357474 | cheirality_violations(obs) 0 -> 0 | cheirality_violations(pts, of 64053) 0 -> 0
