  [menu-backtrack] active=1 max_evals=8 warmup_accepts=3 confirm_stop=original armijo=1e-4
MIXED_STORAGE fragments=fp32 arithmetic=fp64 state=fp64 acceptance=fp64
  [compact-fragments] active=2 saved_bytes=17253496 storage=fp32 camera_reads=contiguous
  MFCG score_init=20163569.015917193 precision=fp64
PCG_PREP o=0 rebuild=1 drift=0 previous_depth=0
E2_CAP o=0 retry=0 touched=0 ncam=138 raw=3780.23679617168 capped=3780.2367961716809 radius=3780.2367961716795 median=207.76468009367801 global_scale=0.99999999999999967
ATTR_RADIUS o=0 raw_norm=3780.2367961716795 norm=3780.2367961716795 radius=3780.2367961716795 next_radius=7560.4735923433591 lambda=0.10000000000000001 next_lambda=0.025000000000000001 rho=0.99781685098755191 accept=1
CLASSICAL_LM o=0 lambda=0.10000000000000001 tau=0.10000000000000001 prediction=19678648.878509574 rho=0.99781685098755191 accept=1
  MFCG it   1 cost=5.278816e+05 lam=2.500e-02 tau=0.00e+00 cg_it=1 shift=0 ckpt=2 alpha=0 acc mv=3
PCG_PREP o=1 rebuild=1 drift=0 previous_depth=2
E2_CAP o=1 retry=0 touched=0 ncam=138 raw=1908.7339576295387 capped=1908.7339576295369 radius=7560.4735923433591 median=92.478537603109913 global_scale=1
ATTR_RADIUS o=1 raw_norm=1908.7339576295385 norm=1908.7339576295385 radius=7560.4735923433591 next_radius=7560.4735923433591 lambda=0.025000000000000001 next_lambda=0.0025000000000000005 rho=1.0010997205249599 accept=1
CLASSICAL_LM o=1 lambda=0.025000000000000001 tau=0.025000000000000001 prediction=360967.58322511852 rho=1.0010997205249599 accept=1
  MFCG it   2 cost=1.665170e+05 lam=2.500e-03 tau=0.00e+00 cg_it=3 shift=0 ckpt=4 alpha=0 acc mv=8
PCG_PREP o=2 rebuild=1 drift=0 previous_depth=4
E2_CAP o=2 retry=0 touched=0 ncam=138 raw=1794.5402540801374 capped=1794.5402540801376 radius=7560.4735923433591 median=101.09958771129092 global_scale=1
ATTR_RADIUS o=2 raw_norm=1794.5402540801372 norm=1794.5402540801372 radius=7560.4735923433591 next_radius=7560.4735923433591 lambda=0.0025000000000000005 next_lambda=0.00025000000000000006 rho=0.99664328941930114 accept=1
CLASSICAL_LM o=2 lambda=0.0025000000000000005 tau=0.0025000000000000005 prediction=46028.047768115954 rho=0.99664328941930114 accept=1
  MFCG it   3 cost=1.206435e+05 lam=2.500e-04 tau=0.00e+00 cg_it=9 shift=0 ckpt=10 alpha=0 acc mv=19
PCG_PREP o=3 rebuild=1 drift=0 previous_depth=10
E2_CAP o=3 retry=0 touched=0 ncam=138 raw=2706.3945516554636 capped=2706.3945516554622 radius=7560.4735923433591 median=102.98559941309026 global_scale=1
ATTR_RADIUS o=3 raw_norm=2706.3945516554636 norm=2706.3945516554636 radius=7560.4735923433591 next_radius=7560.4735923433591 lambda=0.00025000000000000006 next_lambda=2.5000000000000008e-05 rho=0.99701333695493322 accept=1
CLASSICAL_LM o=3 lambda=0.00025000000000000006 tau=0.00025000000000000006 prediction=10420.055944937663 rho=0.99701333695493322 accept=1
  MFCG it   4 cost=1.102545e+05 lam=2.500e-05 tau=0.00e+00 cg_it=5 shift=0 ckpt=6 alpha=0 acc mv=26
PCG_PREP o=4 rebuild=1 drift=0 previous_depth=6
E2_CAP o=4 retry=0 touched=0 ncam=138 raw=4066.7104773620863 capped=4066.7104773620854 radius=7560.4735923433591 median=136.12506471574363 global_scale=1
ATTR_RADIUS o=4 raw_norm=4066.7104773620858 norm=4066.7104773620858 radius=7560.4735923433591 next_radius=7560.4735923433591 lambda=2.5000000000000008e-05 next_lambda=2.5000000000000011e-06 rho=0.81306285421863311 accept=1
CLASSICAL_LM o=4 lambda=2.5000000000000008e-05 tau=2.5000000000000008e-05 prediction=4014.0460373813557 rho=0.81306285421863311 accept=1
  MFCG it   5 cost=1.069909e+05 lam=2.500e-06 tau=0.00e+00 cg_it=20 shift=0 ckpt=21 alpha=0 acc mv=48
PCG_PREP o=5 rebuild=1 drift=0 previous_depth=21
E2_CAP o=5 retry=0 touched=6 ncam=138 raw=706.72256019371514 capped=239.34712378920511 radius=7560.4735923433591 median=2.8784938630402914 global_scale=1
ATTR_RADIUS o=5 raw_norm=706.72256019371525 norm=239.3471237892052 radius=7560.4735923433591 next_radius=7560.4735923433591 lambda=2.5000000000000011e-06 next_lambda=2.5000000000000009e-07 rho=0.99241690329659726 accept=1
CLASSICAL_LM o=5 lambda=2.5000000000000011e-06 tau=2.5000000000000011e-06 prediction=789.28662268250753 rho=0.99241690329659726 accept=1
  MFCG it   6 cost=1.062076e+05 lam=2.500e-07 tau=0.00e+00 cg_it=0 shift=0 ckpt=1 alpha=0 acc mv=50
PCG_PREP o=6 rebuild=1 drift=0 previous_depth=1
E2_CAP o=6 retry=0 touched=4 ncam=138 raw=2421.4298912118152 capped=689.33628946401996 radius=7560.4735923433591 median=8.8579272194603966 global_scale=1
ATTR_RADIUS o=6 raw_norm=2421.4298912118147 norm=689.33628946401973 radius=7560.4735923433591 next_radius=7560.4735923433591 lambda=2.5000000000000009e-07 next_lambda=2.5000000000000012e-08 rho=0.99445381904495667 accept=1
CLASSICAL_LM o=6 lambda=2.5000000000000009e-07 tau=2.5000000000000009e-07 prediction=103.79576668663825 rho=0.99445381904495667 accept=1
  MFCG it   7 cost=1.061043e+05 lam=2.500e-08 tau=0.00e+00 cg_it=2 shift=0 ckpt=3 alpha=0 acc mv=54
PCG_PREP o=7 rebuild=1 drift=0 previous_depth=3
E2_CAP o=7 retry=0 touched=0 ncam=138 raw=6862.1371337347864 capped=6862.1371337347919 radius=7560.4735923433591 median=337.5379470379869 global_scale=1
POINT_SAFE o=7 frozen=0 slope=-4198.1388510766747 candidate=inf original=105247.03140209812 current=106104.34069513546 won=0 mode=1 camera_scale=1 keep_scale=0
ATTR_RADIUS o=7 raw_norm=6862.1371337347864 norm=1715.5342834336966 radius=7560.4735923433591 next_radius=7560.4735923433591 lambda=2.5000000000000012e-08 next_lambda=2.5000000000000013e-09 rho=0.93342700848717386 accept=1
CLASSICAL_LM o=7 lambda=2.5000000000000012e-08 tau=2.5000000000000012e-08 prediction=918.45348939152632 rho=0.93342700848717386 accept=1
  MFCG it   8 cost=1.052470e+05 lam=2.500e-09 tau=0.00e+00 cg_it=57 shift=0 ckpt=58 alpha=0 acc mv=113
PCG_PREP o=8 rebuild=1 drift=0 previous_depth=58
E2_CAP o=8 retry=0 touched=4 ncam=138 raw=2243.2311108459985 capped=977.26501468698939 radius=7560.4735923433591 median=13.498215829518358 global_scale=1
ATTR_RADIUS o=8 raw_norm=2243.2311108459985 norm=977.26501468698871 radius=7560.4735923433591 next_radius=7560.4735923433591 lambda=2.5000000000000013e-09 next_lambda=2.5000000000000012e-10 rho=0.98877265610732645 accept=1
CLASSICAL_LM o=8 lambda=2.5000000000000013e-09 tau=2.5000000000000013e-09 prediction=131.29836003690869 rho=0.98877265610732645 accept=1
  MFCG it   9 cost=1.051172e+05 lam=2.500e-10 tau=0.00e+00 cg_it=6 shift=0 ckpt=7 alpha=0 acc mv=121
PCG_PREP o=9 rebuild=1 drift=0 previous_depth=7
E2_CAP o=9 retry=0 touched=4 ncam=138 raw=798.41900831830424 capped=218.03788489554199 radius=7560.4735923433591 median=2.5565429911290378 global_scale=1
ATTR_RADIUS o=9 raw_norm=798.41900831830446 norm=218.03788489554194 radius=7560.4735923433591 next_radius=7560.4735923433591 lambda=2.5000000000000012e-10 next_lambda=2.5000000000000014e-11 rho=0.99768153811502636 accept=1
CLASSICAL_LM o=9 lambda=2.5000000000000012e-10 tau=2.5000000000000012e-10 prediction=15.644029091132843 rho=0.99768153811502636 accept=1
  MFCG it  10 cost=1.051016e+05 lam=2.500e-11 tau=0.00e+00 cg_it=2 shift=0 ckpt=3 alpha=0 acc mv=125
PCG_PREP o=10 rebuild=1 drift=0 previous_depth=3
E2_CAP o=10 retry=0 touched=6 ncam=138 raw=185.97411109134487 capped=26.273334216803928 radius=7560.4735923433591 median=0.32147859338227203 global_scale=1
ATTR_RADIUS o=10 raw_norm=185.97411109134484 norm=26.27333421680391 radius=7560.4735923433591 next_radius=7560.4735923433591 lambda=2.5000000000000014e-11 next_lambda=2.5000000000000015e-12 rho=0.99972217485873383 accept=1
CLASSICAL_LM o=10 lambda=2.5000000000000014e-11 tau=2.5000000000000014e-11 prediction=2.8855103330638023 rho=0.99972217485873383 accept=1
  MFCG it  11 cost=1.050987e+05 lam=2.500e-12 tau=0.00e+00 cg_it=0 shift=0 ckpt=1 alpha=0 acc mv=127
PCG_PREP o=11 rebuild=1 drift=0 previous_depth=1
E2_CAP o=11 retry=0 touched=0 ncam=138 raw=15644.666914517733 capped=15644.666914517733 radius=7560.4735923433591 median=615.30150253827605 global_scale=0.48326203642772925
POINT_SAFE o=11 frozen=0 slope=-2036.0780912122036 candidate=inf original=104301.17761780211 current=105098.71470623018 won=0 mode=1 camera_scale=1 keep_scale=0
ATTR_RADIUS o=11 raw_norm=15644.666914517735 norm=3780.23679617168 radius=7560.4735923433591 next_radius=7560.4735923433591 lambda=2.5000000000000015e-12 next_lambda=2.5000000000000015e-13 rho=0.89104341565381551 accept=1
CLASSICAL_LM o=11 lambda=2.5000000000000015e-12 tau=2.5000000000000015e-12 prediction=895.0597405434695 rho=0.89104341565381551 accept=1
  MFCG it  12 cost=1.043012e+05 lam=2.500e-13 tau=0.00e+00 cg_it=114 shift=0 ckpt=115 alpha=0 acc mv=243
PCG_PREP o=12 rebuild=1 drift=0 previous_depth=115
E2_CAP o=12 retry=0 touched=0 ncam=138 raw=18134.751439369091 capped=18134.751439369098 radius=7560.4735923433591 median=476.62502464422562 global_scale=0.41690527811316863
ATTR_RADIUS o=12 raw_norm=18134.751439369087 norm=7560.4735923433564 radius=7560.4735923433591 next_radius=15120.947184686718 lambda=2.5000000000000015e-13 next_lambda=6.2500000000000037e-14 rho=0.8518363511008491 accept=1
CLASSICAL_LM o=12 lambda=2.5000000000000015e-13 tau=2.5000000000000015e-13 prediction=999.65498389104141 rho=0.8518363511008491 accept=1
TARGET reached outer=13 seconds=0.215437001 cost=103449.63516396459 threshold=103601.27328595793
  MFCG: accepts=13 rejects=0 total_matvecs=371 negcurv=0 cand_evals=13 mean_cg_per_outer=28.5
NUMERIC_REPAIR summary rebuilds=0 floor=9.9999999999999998e-17
  [retry-cache] builds=13 reuses=0
  [menu-backtrack] trials=2 rescues=2 evals=3 total_scored=16
POINT_SAFE summary calls=2 evals=0 wins=0 frozen=0 seconds=0.003064531
  [scoring] menu_evals=13 alpha_evals=0 backtrack_evals=3 total_scored=16
RESULT algo=mfree_shifted_cg iters=13 final_cost=103449.6351639646 solve_seconds=0.218009
DIAGNOSTICS median_reproj_err_px 3.953929 -> 0.547382 | cheirality_violations(obs) 211 -> 211 | cheirality_violations(pts, of 44033) 211 -> 211
