[R10] --zero_k2: all k2 set to 0 at load
Loaded /workspace/bal/ladybug-49.txt: ncam=49 npt=7776 nobs=31843 n=23622
[R10] --dof9: refining f,k1 per camera (49 cameras)
  [menu-backtrack] active=1 max_evals=8 warmup_accepts=3 confirm_stop=original armijo=1e-4
MIXED_STORAGE fragments=fp32 arithmetic=fp64 state=fp64 acceptance=fp64
  [compact-fragments] active=2 saved_bytes=3311672 storage=fp32 camera_reads=contiguous
  MFCG score_init=850912.46064130263 precision=fp64
PCG_PREP o=0 rebuild=1 drift=0 previous_depth=0
ATTR_RADIUS o=0 raw_norm=367.81718843314712 norm=367.81718843314712 radius=367.81718843314712 next_radius=735.63437686629425 lambda=0.10000000000000001 next_lambda=0.025000000000000001 rho=0.99754773071485714 accept=1
CLASSICAL_LM o=0 lambda=0.10000000000000001 tau=0.10000000000000001 prediction=813198.81866496743 rho=0.99754773071485714 accept=1
  MFCG it   1 cost=3.970782e+04 lam=2.500e-02 tau=0.00e+00 cg_it=0 shift=0 ckpt=1 alpha=0 acc mv=2
PCG_PREP o=1 rebuild=1 drift=0 previous_depth=1
ATTR_RADIUS o=1 raw_norm=313.49330086666868 norm=313.49330086666868 radius=735.63437686629425 next_radius=735.63437686629425 lambda=0.025000000000000001 next_lambda=0.0025000000000000005 rho=0.99912287236041653 accept=1
CLASSICAL_LM o=1 lambda=0.025000000000000001 tau=0.025000000000000001 prediction=14368.00057326479 rho=0.99912287236041653 accept=1
  MFCG it   2 cost=2.535243e+04 lam=2.500e-03 tau=0.00e+00 cg_it=5 shift=0 ckpt=6 alpha=0 acc mv=9
PCG_PREP o=2 rebuild=1 drift=0 previous_depth=6
ATTR_RADIUS o=2 raw_norm=525.30220172684062 norm=525.30220172684062 radius=735.63437686629425 next_radius=735.63437686629425 lambda=0.0025000000000000005 next_lambda=0.00025000000000000006 rho=1.0005188421826983 accept=1
CLASSICAL_LM o=2 lambda=0.0025000000000000005 tau=0.0025000000000000005 prediction=6459.4491501701586 rho=1.0005188421826983 accept=1
  MFCG it   3 cost=1.888963e+04 lam=2.500e-04 tau=0.00e+00 cg_it=13 shift=0 ckpt=14 alpha=0 acc mv=24
PCG_PREP o=3 rebuild=1 drift=0 previous_depth=14
ATTR_RADIUS o=3 raw_norm=343.81085042452025 norm=343.81085042452025 radius=735.63437686629425 next_radius=735.63437686629425 lambda=0.00025000000000000006 next_lambda=2.5000000000000008e-05 rho=0.96773321752728925 accept=1
CLASSICAL_LM o=3 lambda=0.00025000000000000006 tau=0.00025000000000000006 prediction=3447.7819817652453 rho=0.96773321752728925 accept=1
  MFCG it   4 cost=1.555309e+04 lam=2.500e-05 tau=0.00e+00 cg_it=0 shift=0 ckpt=1 alpha=0 acc mv=26
PCG_PREP o=4 rebuild=1 drift=0 previous_depth=1
ATTR_RADIUS o=4 raw_norm=502.68562260681205 norm=502.68562260681205 radius=735.63437686629425 next_radius=735.63437686629425 lambda=2.5000000000000008e-05 next_lambda=2.5000000000000011e-06 rho=0.79281932004114208 accept=1
CLASSICAL_LM o=4 lambda=2.5000000000000008e-05 tau=2.5000000000000008e-05 prediction=1441.4700083476946 rho=0.79281932004114208 accept=1
  MFCG it   5 cost=1.441027e+04 lam=2.500e-06 tau=0.00e+00 cg_it=2 shift=0 ckpt=3 alpha=0 acc mv=30
PCG_PREP o=5 rebuild=1 drift=0 previous_depth=3
ATTR_RADIUS o=5 raw_norm=677.9904406746158 norm=677.9904406746158 radius=735.63437686629425 next_radius=735.63437686629425 lambda=2.5000000000000011e-06 next_lambda=2.5000000000000011e-06 rho=0.71504075430570779 accept=1
CLASSICAL_LM o=5 lambda=2.5000000000000011e-06 tau=2.5000000000000011e-06 prediction=671.63360478392315 rho=0.71504075430570779 accept=1
  MFCG it   6 cost=1.393002e+04 lam=2.500e-06 tau=0.00e+00 cg_it=9 shift=0 ckpt=10 alpha=0 acc mv=41
PCG_PREP o=6 rebuild=1 drift=0 previous_depth=10
POINT_SAFE o=6 frozen=0 slope=-566.44794869042948 candidate=inf original=13907.602724196136 current=13930.022052553131 won=0 mode=1 camera_scale=1 keep_scale=0
ATTR_RADIUS o=6 raw_norm=834.03501340067805 norm=367.81718843314712 radius=735.63437686629425 next_radius=183.90859421657356 lambda=2.5000000000000011e-06 next_lambda=4.0000000000000017e-05 rho=0.10152503776303783 accept=1
CLASSICAL_LM o=6 lambda=2.5000000000000011e-06 tau=2.5000000000000011e-06 prediction=220.82560963259257 rho=0.10152503776303783 accept=1
  MFCG it   7 cost=1.390760e+04 lam=4.000e-05 tau=0.00e+00 cg_it=28 shift=0 ckpt=29 alpha=0 acc mv=71
PCG_PREP o=7 rebuild=1 drift=0 previous_depth=29
ATTR_RADIUS o=7 raw_norm=110.76068246617776 norm=110.76068246617776 radius=183.90859421657356 next_radius=183.90859421657356 lambda=4.0000000000000017e-05 next_lambda=4.0000000000000015e-06 rho=0.98883547931503335 accept=1
CLASSICAL_LM o=7 lambda=4.0000000000000017e-05 tau=4.0000000000000017e-05 prediction=236.03900880506461 rho=0.98883547931503335 accept=1
  MFCG it   8 cost=1.367420e+04 lam=4.000e-06 tau=0.00e+00 cg_it=6 shift=0 ckpt=7 alpha=0 acc mv=79
PCG_PREP o=8 rebuild=1 drift=0 previous_depth=7
ATTR_RADIUS o=8 raw_norm=386.30937406251081 norm=183.90859421657356 radius=183.90859421657356 next_radius=183.90859421657356 lambda=4.0000000000000015e-06 next_lambda=4.0000000000000015e-06 rho=0.48667344615553471 accept=1
CLASSICAL_LM o=8 lambda=4.0000000000000015e-06 tau=4.0000000000000015e-06 prediction=37.216539966044238 rho=0.48667344615553471 accept=1
  MFCG it   9 cost=1.365609e+04 lam=4.000e-06 tau=0.00e+00 cg_it=19 shift=0 ckpt=20 alpha=0 acc mv=100
PCG_PREP o=9 rebuild=1 drift=0 previous_depth=20
ATTR_RADIUS o=9 raw_norm=313.11489761820212 norm=183.90859421657353 radius=183.90859421657356 next_radius=183.90859421657356 lambda=4.0000000000000015e-06 next_lambda=4.0000000000000015e-06 rho=0.55585139236099179 accept=1
CLASSICAL_LM o=9 lambda=4.0000000000000015e-06 tau=4.0000000000000015e-06 prediction=32.956282499408658 rho=0.55585139236099179 accept=1
  MFCG it  10 cost=1.363777e+04 lam=4.000e-06 tau=0.00e+00 cg_it=19 shift=0 ckpt=20 alpha=0 acc mv=121
PCG_PREP o=10 rebuild=1 drift=0 previous_depth=20
ATTR_RADIUS o=10 raw_norm=42.449213284901262 norm=42.449213284901262 radius=183.90859421657356 next_radius=183.90859421657356 lambda=4.0000000000000015e-06 next_lambda=4.0000000000000019e-07 rho=0.84454111232822759 accept=1
CLASSICAL_LM o=10 lambda=4.0000000000000015e-06 tau=4.0000000000000015e-06 prediction=25.025818949521167 rho=0.84454111232822759 accept=1
  MFCG it  11 cost=1.361663e+04 lam=4.000e-07 tau=0.00e+00 cg_it=6 shift=0 ckpt=7 alpha=0 acc mv=129
PCG_PREP o=11 rebuild=1 drift=0 previous_depth=7
POINT_SAFE o=11 frozen=0 slope=-38.334335538594061 candidate=inf original=13611.636535742733 current=13616.632547541183 won=0 mode=1 camera_scale=1 keep_scale=0
ATTR_RADIUS o=11 raw_norm=504.37051520696474 norm=91.954297108286781 radius=183.90859421657356 next_radius=183.90859421657356 lambda=4.0000000000000019e-07 next_lambda=4.0000000000000021e-08 rho=0.27943928888906078 accept=1
CLASSICAL_LM o=11 lambda=4.0000000000000019e-07 tau=4.0000000000000019e-07 prediction=17.878702090576734 rho=0.27943928888906078 accept=1
  MFCG it  12 cost=1.361164e+04 lam=4.000e-08 tau=0.00e+00 cg_it=36 shift=0 ckpt=37 alpha=0 acc mv=167
PCG_PREP o=12 rebuild=1 drift=0 previous_depth=37
POINT_SAFE o=12 frozen=0 slope=-62.639526412737155 candidate=inf original=13607.34628769297 current=13611.636535742733 won=0 mode=1 camera_scale=1 keep_scale=0
ATTR_RADIUS o=12 raw_norm=969.44840419024774 norm=45.97714855414339 radius=183.90859421657356 next_radius=183.90859421657356 lambda=4.0000000000000021e-08 next_lambda=4.0000000000000019e-09 rho=0.29208447397851045 accept=1
CLASSICAL_LM o=12 lambda=4.0000000000000021e-08 tau=4.0000000000000021e-08 prediction=14.68838104033868 rho=0.29208447397851045 accept=1
  MFCG it  13 cost=1.360735e+04 lam=4.000e-09 tau=0.00e+00 cg_it=39 shift=0 ckpt=40 alpha=0 acc mv=208
PCG_PREP o=13 rebuild=1 drift=0 previous_depth=40
POINT_SAFE o=13 frozen=0 slope=-69.934625261252847 candidate=inf original=13606.391384688623 current=13607.34628769297 won=0 mode=1 camera_scale=1 keep_scale=0
ATTR_RADIUS o=13 raw_norm=1269.5028365847784 norm=183.90859421657356 radius=183.90859421657356 next_radius=45.97714855414339 lambda=4.0000000000000019e-09 next_lambda=6.400000000000003e-08 rho=0.058743440588241443 accept=0
CLASSICAL_LM o=13 lambda=4.0000000000000019e-09 tau=4.0000000000000019e-09 prediction=16.255483076664678 rho=0.058743440588241443 accept=0
  MFCG it  14  retry 1/8  lam=6.400e-08 tau_eff=4.000e-09  (assembly reused)
PCG_PREP o=13 rebuild=1 drift=0 previous_depth=43
ATTR_RADIUS o=13 raw_norm=492.0278540329416 norm=45.977148554143383 radius=45.97714855414339 next_radi[R9] wrote /tmp/prism-ba-coarse/research/champion_point_followup/evidence/conditional/ladybug-49-champion-2/curve.csv
us=45.97714855414339 lambda=6.400000000000003e-08 next_lambda=6.400000000000003e-08 rho=0.51789628198888571 accept=1
CLASSICAL_LM o=13 lambda=6.400000000000003e-08 tau=6.400000000000003e-08 prediction=24.536393212931394 rho=0.51789628198888571 accept=1
  MFCG it  14 cost=1.359464e+04 lam=6.400e-08 tau=0.00e+00 cg_it=36 shift=0 ckpt=37 alpha=0 acc mv=290
PCG_PREP o=14 rebuild=1 drift=0 previous_depth=37
ATTR_RADIUS o=14 raw_norm=288.75514495197507 norm=45.97714855414339 radius=45.97714855414339 next_radius=45.97714855414339 lambda=6.400000000000003e-08 next_lambda=6.400000000000003e-08 rho=0.39515616740252552 accept=1
CLASSICAL_LM o=14 lambda=6.400000000000003e-08 tau=6.400000000000003e-08 prediction=14.540710323550037 rho=0.39515616740252552 accept=1
TARGET reached outer=15 seconds=0.083630668 cost=13588.893129511811 threshold=13591.568354279514
  MFCG: accepts=15 rejects=1 total_matvecs=327 negcurv=0 cand_evals=16 mean_cg_per_outer=21.8
NUMERIC_REPAIR summary rebuilds=0 floor=9.9999999999999998e-17
  [retry-cache] builds=16 reuses=0
  [menu-backtrack] trials=4 rescues=4 evals=6 total_scored=22
POINT_SAFE summary calls=4 evals=0 wins=0 frozen=0 seconds=0.001238571
  [scoring] menu_evals=16 alpha_evals=0 backtrack_evals=6 total_scored=22
RESULT algo=mfree_shifted_cg iters=15 final_cost=13588.8931295118 solve_seconds=0.084261
DIAGNOSTICS median_reproj_err_px 1.479478 -> 0.387453 | cheirality_violations(obs) 31 -> 33 | cheirality_violations(pts, of 7776) 10 -> 11
