  [menu-backtrack] active=1 max_evals=8 warmup_accepts=3 confirm_stop=original armijo=1e-4
MIXED_STORAGE fragments=fp32 arithmetic=fp64 state=fp64 acceptance=fp64
STCG_CONFIG metric=actual_pcg_factor bootstrap=first_forcing_step floor=disabled variable_metric_radius=1
  [compact-fragments] active=2 saved_bytes=28836392 storage=fp32 camera_reads=contiguous
  MFCG score_init=5535080.1182407318 precision=fp64
PCG_PREP o=0 rebuild=1 drift=0 previous_depth=0
ATTR_RADIUS o=0 raw_norm=1607.915665996665 norm=1607.915665996665 radius=1607.915665996665 next_radius=3215.83133199333 lambda=0.10000000000000001 next_lambda=0.025000000000000001 rho=0.98788019583055275 accept=1
STCG o=0 retry=0 reason=0 depth=1 cap=128 next_iterate_norm=nan norm=1607.915665996665 radius=1607.915665996665 accept=1 metric_seconds=6.333e-05 grams=2
CLASSICAL_LM o=0 lambda=0.10000000000000001 tau=0.10000000000000001 prediction=5164416.6624104036 rho=0.98788019583055275 accept=1
  MFCG it   1 cost=4.332552e+05 lam=2.500e-02 tau=0.00e+00 cg_it=0 shift=0 ckpt=1 alpha=0 acc mv=2
PCG_PREP o=1 rebuild=1 drift=0 previous_depth=1
ATTR_RADIUS o=1 raw_norm=1066.2831852669976 norm=1066.2831852669976 radius=3215.83133199333 next_radius=3215.83133199333 lambda=0.025000000000000001 next_lambda=0.0025000000000000005 rho=0.9889380774789116 accept=1
STCG o=1 retry=0 reason=0 depth=5 cap=128 next_iterate_norm=1066.2831852669976 norm=1066.2831852669976 radius=3215.83133199333 accept=1 metric_seconds=0.000224079 grams=9
CLASSICAL_LM o=1 lambda=0.025000000000000001 tau=0.025000000000000001 prediction=213730.28065883461 rho=0.9889380774789116 accept=1
  MFCG it   2 cost=2.218892e+05 lam=2.500e-03 tau=0.00e+00 cg_it=4 shift=0 ckpt=5 alpha=0 acc mv=8
PCG_PREP o=2 rebuild=1 drift=0 previous_depth=5
ATTR_RADIUS o=2 raw_norm=954.06602603487408 norm=954.06602603487408 radius=3215.83133199333 next_radius=3215.83133199333 lambda=0.0025000000000000005 next_lambda=0.00025000000000000006 rho=0.95774317048276059 accept=1
STCG o=2 retry=0 reason=0 depth=16 cap=128 next_iterate_norm=954.06602603487408 norm=954.06602603487408 radius=3215.83133199333 accept=1 metric_seconds=0.000640288 grams=27
CLASSICAL_LM o=2 lambda=0.0025000000000000005 tau=0.0025000000000000005 prediction=38390.532302537424 rho=0.95774317048276059 accept=1
  MFCG it   3 cost=1.851209e+05 lam=2.500e-04 tau=0.00e+00 cg_it=15 shift=0 ckpt=16 alpha=0 acc mv=25
PCG_PREP o=3 rebuild=1 drift=0 previous_depth=16
ATTR_RADIUS o=3 raw_norm=133.04506106316506 norm=133.04506106316509 radius=3215.83133199333 next_radius=3215.83133199333 lambda=0.00025000000000000006 next_lambda=2.5000000000000008e-05 rho=0.98806179550468864 accept=1
STCG o=3 retry=0 reason=0 depth=1 cap=128 next_iterate_norm=133.04506106316509 norm=133.04506106316509 radius=3215.83133199333 accept=1 metric_seconds=0.000705509 grams=30
CLASSICAL_LM o=3 lambda=0.00025000000000000006 tau=0.00025000000000000006 prediction=13041.564940853486 rho=0.98806179550468864 accept=1
  MFCG it   4 cost=1.722350e+05 lam=2.500e-05 tau=0.00e+00 cg_it=0 shift=0 ckpt=1 alpha=0 acc mv=27
PCG_PREP o=4 rebuild=1 drift=0 previous_depth=1
ATTR_RADIUS o=4 raw_norm=140.74608012418921 norm=140.74608012418921 radius=3215.83133199333 next_radius=3215.83133199333 lambda=2.5000000000000008e-05 next_lambda=2.5000000000000011e-06 rho=0.94329851427595646 accept=1
STCG o=4 retry=0 reason=0 depth=2 cap=128 next_iterate_norm=140.74608012418923 norm=140.74608012418921 radius=3215.83133199333 accept=1 metric_seconds=0.000796398 grams=34
CLASSICAL_LM o=4 lambda=2.5000000000000008e-05 tau=2.5000000000000008e-05 prediction=4758.7270079843674 rho=0.94329851427595646 accept=1
  MFCG it   5 cost=1.677461e+05 lam=2.500e-06 tau=0.00e+00 cg_it=1 shift=0 ckpt=2 alpha=0 acc mv=30
PCG_PREP o=5 rebuild=1 drift=0 previous_depth=2
ATTR_RADIUS o=5 raw_norm=450.31464320183215 norm=450.31464320183215 radius=3215.83133199333 next_radius=3215.83133199333 lambda=2.5000000000000011e-06 next_lambda=2.5000000000000009e-07 rho=0.92931188182303714 accept=1
STCG o=5 retry=0 reason=0 depth=11 cap=128 next_iterate_norm=450.31464320183215 norm=450.31464320183215 radius=3215.83133199333 accept=1 metric_seconds=0.001095288 grams=47
CLASSICAL_LM o=5 lambda=2.5000000000000011e-06 tau=2.5000000000000011e-06 prediction=2401.8165406617095 rho=0.92931188182303714 accept=1
  MFCG it   6 cost=1.655141e+05 lam=2.500e-07 tau=0.00e+00 cg_it=10 shift=0 ckpt=11 alpha=0 acc mv=42
PCG_PREP o=6 rebuild=1 drift=0 previous_depth=11
POINT_SAFE o=6 frozen=61 slope=-1768.6550763622968 candidate=165466.35094764619 original=165207.28988238098 current=165514.08261312015 won=0 mode=1 camera_scale=1 keep_scale=0
ATTR_RADIUS o=6 raw_norm=81.49016133256832 norm=20.37254033314208 radius=3215.83133199333 next_radius=3215.83133199333 lambda=2.5000000000000009e-07 next_lambda=2.5000000000000012e-08 rho=0.76348069499616578 accept=1
STCG o=6 retry=0 reason=0 depth=3 cap=128 next_iterate_norm=81.490161332568306 norm=20.37254033314208 radius=3215.83133199333 accept=1 metric_seconds=0.001203248 grams=52
CLASSICAL_LM o=6 lambda=2.5000000000000009e-07 tau=2.5000000000000009e-07 prediction=401.83430013342547 rho=0.76348069499616578 accept=1
  MFCG it   7 cost=1.652073e+05 lam=2.500e-08 tau=0.00e+00 cg_it=2 shift=0 ckpt=3 alpha=0 acc mv=46
PCG_PREP o=7 rebuild=1 drift=0 previous_depth=3
ATTR_RADIUS o=7 raw_norm=87.516425196299451 norm=87.516425196299451 radius=3215.83133199333 next_radius=3215.83133199333 lambda=2.5000000000000012e-08 next_lambda=2.5000000000000013e-09 rho=0.57582197622841613 accept=1
STCG o=7 retry=0 reason=0 depth=3 cap=128 next_iterate_norm=87.516425196299451 norm=87.516425196299451 radius=3215.83133199333 accept=1 metric_seconds=0.001312078 grams=57
CLASSICAL_LM o=7 lambda=2.5000000000000012e-08 tau=2.5000000000000012e-08 prediction=650.70947235840003 rho=0.57582197622841613 accept=1
  MFCG it   8 cost=1.648326e+05 lam=2.500e-09 tau=0.00e+00 cg_it=2 shift=0 ckpt=3 alpha=0 acc mv=50
PCG_PREP o=8 rebuild=1 drift=0 previous_depth=3
POINT_SAFE o=8 frozen=7 slope=-394.32010224126731 candidate=164626.65588250413 original=164531.18731129437 current=164832.59706805702 won=0 mode=1 camera_scale=1 keep_scale=0
ATTR_RADIUS o=8 raw_norm=15.199992013604376 norm=7.5999960068021881 radius=3215.83133199333 next_radius=3215.83133199333 lambda=2.5000000000000013e-09 next_lambda=2.5000000000000012e-10 rho=1.1247993531504128 accept=1
STCG o=8 retry=0 reason=0 depth=1 cap=128 next_iterate_norm=15.199992013604376 norm=7.5999960068021881 radius=3215.83133199333 accept=1 metric_seconds=0.001383418 grams=60
CLASSICAL_LM o=8 lambda=2.5000000000000013e-09 tau=2.5000000000000013e-09 prediction=267.96757654459572 rho=1.1247993531504128 accept=1
TARGET reached outer=9 seconds=0.101487500 cost=164531.18731129437 threshold=164797.84938527591
  MFCG: accepts=9 rejects=0 total_matvecs=52 negcurv=0 cand_evals=9 mean_cg_per_outer=5.8
NUMERIC_REPAIR summary rebuilds=0 floor=9.9999999999999998e-17
STCG summary boundaries=0 curvature_boundaries=0 invalid=0 bootstraps=1 metric_seconds=0.001383418 grams=60
  [retry-cache] builds=9 reuses=0
  [menu-backtrack] trials=2 rescues=2 evals=5 total_scored=14
POINT_SAFE summary calls=2 evals=2 wins=0 frozen=68 seconds=0.004823833
  [scoring] menu_evals=9 alpha_evals=0 backtrack_evals=5 total_scored=14
RESULT algo=mfree_shifted_cg iters=9 final_cost=164531.1873112944 solve_seconds=0.119542
DIAGNOSTICS median_reproj_err_px 1.389529 -> 0.534116 | cheirality_violations(obs) 29 -> 30 | cheirality_violations(pts, of 65220) 9 -> 10
