  [menu-backtrack] active=1 max_evals=8 warmup_accepts=3 confirm_stop=original armijo=1e-4
MIXED_STORAGE fragments=fp32 arithmetic=fp64 state=fp64 acceptance=fp64
  [compact-fragments] active=2 saved_bytes=171996448 storage=fp32 camera_reads=contiguous
  MFCG score_init=90993342.024340227 precision=fp64
PCG_PREP o=0 rebuild=1 drift=0 previous_depth=0
ATTR_RADIUS o=0 raw_norm=8861.170988730757 norm=8861.170988730757 radius=8861.170988730757 next_radius=17722.341977461514 lambda=0.10000000000000001 next_lambda=0.025000000000000001 rho=0.99545080656082674 accept=1
CLASSICAL_LM o=0 lambda=0.10000000000000001 tau=0.10000000000000001 prediction=83412716.69905895 rho=0.99545080656082674 accept=1
  MFCG it   1 cost=7.960086e+06 lam=2.500e-02 tau=0.00e+00 cg_it=0 shift=0 ckpt=1 alpha=0 acc mv=2
PCG_PREP o=1 rebuild=1 drift=0 previous_depth=1
ATTR_RADIUS o=1 raw_norm=4659.7121206777847 norm=4659.7121206777847 radius=17722.341977461514 next_radius=17722.341977461514 lambda=0.025000000000000001 next_lambda=0.0025000000000000005 rho=0.99453896506499806 accept=1
CLASSICAL_LM o=1 lambda=0.025000000000000001 tau=0.025000000000000001 prediction=4259951.5107679712 rho=0.99453896506499806 accept=1
  MFCG it   2 cost=3.723398e+06 lam=2.500e-03 tau=0.00e+00 cg_it=4 shift=0 ckpt=5 alpha=0 acc mv=8
PCG_PREP o=2 rebuild=1 drift=0 previous_depth=5
ATTR_RADIUS o=2 raw_norm=6975.6779789558386 norm=6975.6779789558386 radius=17722.341977461514 next_radius=17722.341977461514 lambda=0.0025000000000000005 next_lambda=0.00025000000000000006 rho=0.87051061466536028 accept=1
CLASSICAL_LM o=2 lambda=0.0025000000000000005 tau=0.0025000000000000005 prediction=1234099.5580717563 rho=0.87051061466536028 accept=1
  MFCG it   3 cost=2.649101e+06 lam=2.500e-04 tau=0.00e+00 cg_it=9 shift=0 ckpt=10 alpha=0 acc mv=19
PCG_PREP o=3 rebuild=1 drift=0 previous_depth=10
ATTR_RADIUS o=3 raw_norm=10922.542500247884 norm=10922.542500247884 radius=17722.341977461514 next_radius=17722.341977461514 lambda=0.00025000000000000006 next_lambda=2.5000000000000008e-05 rho=0.71461554947340311 accept=1
CLASSICAL_LM o=3 lambda=0.00025000000000000006 tau=0.00025000000000000006 prediction=596515.31226693245 rho=0.71461554947340311 accept=1
  MFCG it   4 cost=2.222822e+06 lam=2.500e-05 tau=0.00e+00 cg_it=0 shift=0 ckpt=1 alpha=0 acc mv=21
PCG_PREP o=4 rebuild=1 drift=0 previous_depth=1
POINT_SAFE o=4 frozen=1341 slope=-336469.80091859773 candidate=2043410.2438050387 original=2072225.5954309232 current=2222822.2595857703 won=1 mode=1 camera_scale=1 keep_scale=0
ATTR_RADIUS o=4 raw_norm=25300.156643363356 norm=17722.341977461514 radius=17722.341977461514 next_radius=35444.683954923028 lambda=2.5000000000000008e-05 next_lambda=6.250000000000002e-06 rho=0.91745234859461311 accept=1
CLASSICAL_LM o=4 lambda=2.5000000000000008e-05 tau=2.5000000000000008e-05 prediction=195554.58771843728 rho=0.91745234859461311 accept=1
  MFCG it   5 cost=2.043410e+06 lam=6.250e-06 tau=0.00e+00 cg_it=1 shift=0 ckpt=2 alpha=0 acc mv=24
PCG_PREP o=5 rebuild=1 drift=0 previous_depth=2
POINT_SAFE o=5 frozen=1597 slope=-207540.76309686559 candidate=2178497.2067140602 original=2002342.6869494545 current=2043410.2438050387 won=0 mode=1 camera_scale=1 keep_scale=0
ATTR_RADIUS o=5 raw_norm=42981.158673531019 norm=4430.5854943653794 radius=35444.683954923028 next_radius=35444.683954923028 lambda=6.250000000000002e-06 next_lambda=6.2500000000000026e-07 rho=0.91591805972418117 accept=1
CLASSICAL_LM o=5 lambda=6.250000000000002e-06 tau=6.250000000000002e-06 prediction=44837.588275037742 rho=0.91591805972418117 accept=1
  MFCG it   6 cost=2.002343e+06 lam=6.250e-07 tau=0.00e+00 cg_it=7 shift=0 ckpt=8 alpha=0 acc mv=33
PCG_PREP o=6 rebuild=1 drift=0 previous_depth=8
POINT_SAFE o=6 frozen=1715 slope=-116970.75170377007 candidate=4312889.8678764729 original=1975573.4507130957 current=2002342.6869494545 won=0 mode=1 camera_scale=1 keep_scale=0
ATTR_RADIUS o=6 raw_norm=69296.150580861562 norm=8861.1709887307588 radius=35444.683954923028 next_radius=35444.683954923028 lambda=6.2500000000000026e-07 next_lambda=6.2500000000000024e-08 rho=0.46401168669890114 accept=1
CLASSICAL_LM o=6 lambda=6.2500000000000026e-07 tau=6.2500000000000026e-07 prediction=57690.86642364983 rho=0.46401168669890114 accept=1
  MFCG it   7 cost=1.975573e+06 lam=6.250e-08 tau=0.00e+00 cg_it=5 shift=0 ckpt=6 alpha=0 acc mv=40
PCG_PREP o=7 rebuild=1 drift=0 previous_depth=6
POINT_SAFE o=7 frozen=791 slope=-57208.505179027736 candidate=12969094.746348262 original=1975225.3723421982 current=1975573.4507130957 won=0 mode=1 camera_scale=1 keep_scale=0
ATTR_RADIUS o=7 raw_norm=76659.856254715909 norm=553.82318679567265 radius=35444.683954923028 next_radius=8861.170988730757 lambda=6.2500000000000024e-08 next_lambda=1.0000000000000004e-06 rho=0.13294823542491849 accept=1
CLASSICAL_LM o=7 lambda=6.2500000000000024e-08 tau=6.2500000000000024e-08 prediction=2618.1496112758837 rho=0.13294823542491849 accept=1
  MFCG it   8 cost=1.975225e+06 lam=1.000e-06 tau=0.00e+00 cg_it=0 shift=0 ckpt=1 alpha=0 acc mv=42
PCG_PREP o=8 rebuild=1 drift=0 previous_depth=1
POINT_SAFE o=8 frozen=275 slope=-49052.970381887259 candidate=2004593.7934326429 original=1974792.6707228955 current=1975225.3723421982 won=0 mode=1 camera_scale=1 keep_scale=0
ATTR_RADIUS o=8 raw_norm=30844.895788803638 norm=8861.170988730757 radius=8861.170988730757 next_radius=2215.2927471826893 lambda=1.0000000000000004e-06 next_lambda=1.6000000000000006e-05 rho=0.087386351482587679 accept=0
CLASSICAL_LM o=8 lambda=1.0000000000000004e-06 tau=1.0000000000000004e-06 prediction=4951.5926910947856 rho=0.087386351482587679 accept=0
  MFCG it   9  retry 1/8  lam=1.600e-05 tau_eff=1.000e-06  (assembly reused)
PCG_PREP o=8 rebuild=1 drift=0 previous_depth=1
POINT_SAFE o=8 frozen=44 slope=-46153.170979832219 candidate=1950458.3931265902 original=1975109.3822285607 current=1975225.3723421982 won=1 mode=1 camera_scale=1 keep_scale=0
ATTR_RADIUS o=8 raw_norm=8889.9182387523069 norm=2215.2927471826897 radius=2215.2927471826893 next_radius=4430.5854943653785 lambda=1.6000000000000006e-05 next_lambda=4.0000000000000015e-06 rho=0.92560480680570256 accept=1
CLASSICAL_LM o=8 lambda=1.6000000000000006e-05 tau=1.6000000000000006e-05 prediction=26757.617325994412 rho=0.92560480680570256 accept=1
  MFCG it   9 cost=1.950458e+06 lam=4.000e-06 tau=0.00e+00 cg_it=0 shift=0 ckpt=1 alpha=0 acc mv=46
PCG_PREP o=9 rebuild=1 drift=0 previous_depth=1
POINT_SAFE o=9 frozen=426 slope=-14040.78710564999 candidate=1940068.643367819 original=1949369.6664547015 current=1950458.3931265902 won=1 mode=1 camera_scale=1 keep_scale=0
ATTR_RADIUS o=9 raw_norm=30262.95146313839 norm=4430.5854943653812 radius=4430.5854943653785 next_radius=8861.170988730757 lambda=4.0000000000000015e-06 next_lambda=1.0000000000000004e-06 rho=0.9383654215269599 accept=1
CLASSICAL_LM o=9 lambda=4.0000000000000015e-06 tau=4.0000000000000015e-06 prediction=11072.178833981736 rho=0.9383654215269599 accept=1
  MFCG it  10 cost=1.940069e+06 lam=1.000e-06 tau=0.00e+00 cg_it=1 shift=0 ckpt=2 alpha=0 acc mv=49
PCG_PREP o=10 rebuild=1 drift=0 previous_depth=2
POINT_SAFE o=10 frozen=522 slope=-13898.655512753183 candidate=1929610.788747095 original=1938816.4861091941 current=1940068.643367819 won=1 mode=1 camera_scale=1 keep_scale=0
ATTR_RADIUS o=10 raw_norm=44875.717018550189 norm=8861.170988730757 radius=8861.170988730757 next_radius=17722.341977461514 lambda=1.0000000000000004e-06 next_lambda=2.5000000000000009e-07 rho=0.90801327957582378 accept=1
CLASSICAL_LM o=10 lambda=1.0000000000000004e-06 tau=1.0000000000000004e-06 prediction=11517.292594673667 rho=0.90801327957582378 accept=1
  MFCG it  11 cost=1.929611e+06 lam=2.500e-07 tau=0.00e+00 cg_it=1 shift=0 ckpt=2 alpha=0 acc mv=52
PCG_PREP o=11 rebuild=1 drift=0 previous_depth=2
POINT_SAFE o=11 frozen=1218 slope=-31527.570757447298 candidate=1938928.2740702853 original=1927601.1011608751 current=1929610.788747095 won=0 mode=1 camera_scale=1 keep_scale=0
ATTR_RADIUS o=11 raw_norm=65676.775996383425 norm=553.82318679567231 radius=17722.341977461514 next_radius=17722.341977461514 lambda=2.5000000000000009e-07 next_lambda=2.5000000000000012e-08 rho=0.45395470840654617 accept=1
CLASSICAL_LM o=11 lambda=2.5000000000000009e-07 tau=2.5000000000000009e-07 prediction=4427.066288780894 rho=0.45395470840654617 accept=1
  MFCG it  12 cost=1.927601e+06 lam=2.500e-08 tau=0.00e+00 cg_it=4 shift=0 ckpt=5 alpha=0 acc mv=58
PCG_PREP o=12 rebuild=1 drift=0 previous_depth=5
NUMERIC_REPAIR o=12 lambda=2.5000000000000012e-08 rayleigh=-8.9845294443711396e-08 next_lambda=4.5938117777484563e-07 cg=2 rebuild=1
PCG_PREP o=12 rebuild=1 drift=0 previous_depth=2
POINT_SAFE o=12 frozen=1156 slope=-34119.237022928464 candidate=1921962.6351274466 original=1927394.4651024095 current=1927601.1011608751 won=1 mode=1 camera_scale=1 keep_scale=0
ATTR_RADIUS o=12 raw_norm=58865.929711572717 norm=17722.341977461507 radius=17722.341977461514 next_radius=4430.5854943653785 lambda=4.5938117777484563e-07 next_lambda=7.3500988443975301e-06 rho=0.21580669336036928 accept=1
CLASSICAL_LM o=12 lambda=4.5938117777484563e-07 tau=4.5938117777484563e-07 prediction=26127.391813621518 rho=0.21580669336036928 accept=1
  MFCG it  13 cost=1.921963e+06 lam=7.350e-06 tau=0.00e+00 cg_it=4 shift=0 ckpt=5 alpha=0 acc mv=67
PCG_PREP o=13 rebuild=1 drift=0 previous_depth=5
POINT_SAFE o=13 frozen=275 slope=-44578.477376172115 candidate=1897912.0881420854 original=1921069.8233076022 current=1921962.6351274466 won=1 mode=1 camera_scale=1 keep_scale=0
ATTR_RADIUS o=13 raw_norm=7044.5963320082328 norm=4430.5854943653776 radius=4430.5854943653785 next_radius=8861.170988730757 lambda=7.3500988443975301e-06 next_lambda=1.8375247110993825e-06 rho=0.92451098630032924 accept=1
CLASSICAL_LM o=13 lambda=7.3500988443975301e-06 tau=7.3500988443975301e-06 prediction=26014.34416870022 rho=0.92451098630032924 accept=1
  MFCG it  14 cost=1.897912e+06 lam=1.838e-06 tau=0.00e+00 cg_it=0 shift=0 ckpt=1 alpha=0 acc mv=69
PCG_PREP o=14 rebuild=1 drift=0 previous_depth=1
POINT_SAFE o=14 frozen=576 slope=-18791.348718681103 candidate=1883969.7082756679 original=1897513.8056253777 current=1897912.0881420854 won=1 mode=1 camera_scale=1 keep_scale=0
ATTR_RADIUS o=14 raw_norm=51205.780353012706 norm=8861.1709887307625 radius=8861.170988730757 next_radius=17722.341977461514 lambda=1.8375247110993825e-06 next_lambda=4.5938117777484563e-07 rho=0.86571583217559012 accept=1
CLASSICAL_LM o=14 lambda=1.8375247110993825e-06 tau=1.8375247110993825e-06 prediction=16105.030482554019 rho=0.86571583217559012 accept=1
  MFCG it  15 cost=1.883970e+06 lam=4.594e-07 tau=0.00e+00 cg_it=6 shift=0 ckpt=7 alpha=0 acc mv=77
PCG_PREP o=15 rebuild=1 drift=0 previous_depth=7
POINT_SAFE o=15 frozen=1050 slope=-20911.638091727116 candidate=1967264.6468697782 original=1881155.6234164468 current=1883969.7082756679 won=0 mode=1 camera_scale=1 keep_scale=0
ATTR_RADIUS o=15 raw_norm=36874.312929325468 norm=1107.6463735913451 radius=17722.341977461514 next_radius=17722.341977461514 lambda=4.5938117777484563e-07 next_lambda=4.5938117777484563e-07 rho=0.35992668186882193 accept=1
CLASSICAL_LM o=15 lambda=4.5938117777484563e-07 tau=4.5938117777484563e-07 prediction=7818.4947128944013 rho=0.35992668186882193 accept=1
  MFCG it  16 cost=1.881156e+06 lam=4.594e-07 tau=0.00e+00 cg_it=2 shift=0 ckpt=3 alpha=0 acc mv=81
PCG_PREP o=16 rebuild=1 drift=0 previous_depth=3
POINT_SAFE o=16 frozen=787 slope=-17455.341206978519 candidate=3525107.0112460917 original=1881130.4008227675 current=1881155.6234164468 won=0 mode=1 camera_scale=1 keep_scale=0
ATTR_RADIUS o=16 raw_norm=63027.345699329708 norm=17722.341977461521 radius=17722.341977461514 next_radius=4430.5854943653785 lambda=4.5938117777484563e-07 next_lambda=7.3500988443975301e-06 rho=0.0067095794770712395 accept=0
CLASSICAL_LM o=16 lambda=4.5938117777484563e-07 tau=4.5938117777484563e-07 prediction=3759.1914315225349 rho=0.0067095794770712395 accept=0
  MFCG it  17  retry 1/8  lam=7.350e-06 tau_eff=4.594e-07  (assembly reused)
PCG_PREP o=16 rebuild=1 drift=0 previous_depth=4
POINT_SAFE o=16 frozen=201 slope=-12254.754544976218 candidate=1886004.9312881613 original=1880275.0540209906 current=1881155.6234164468 won=0 mode=1 camera_scale=1 keep_scale=0
ATTR_RADIUS o=16 raw_norm=10636.037482832471 norm=69.227898349459025 radius=4430.5854943653785 next_radius=4430.5854943653785 lambda=7.3500988443975301e-06 next_lambda=7.3500988443975305e-07 rho=0.48684389122477395 accept=1
CLASSICAL_LM o=16 lambda=7.3500988443975301e-06 tau=7.3500988443975301e-06 prediction=1808.7305013542314 rho=0.48684389122477395 accept=1
  MFCG it  17 cost=1.880275e+06 lam=7.350e-07 tau=0.00e+00 cg_it=1 shift=0 ckpt=2 alpha=0 acc mv=89
PCG_PREP o=17 rebuild=1 drift=0 previous_depth=2
POINT_SAFE o=17 frozen=159 slope=-8448.8084665913539 candidate=1881583.0806353167 original=inf current=1880275.0540209906 won=0 mode=1 camera_scale=1 keep_scale=0
ATTR_RADIUS o=17 raw_norm=52359.631669393988 norm=4430.5854943653776 radius=4430.5854943653785 next_radius=1107.6463735913446 lambda=7.3500988443975305e-07 next_lambda=1.1760158151036049e-05 rho=-1 accept=0
CLASSICAL_LM o=17 lambda=7.3500988443975305e-07 tau=7.3500988443975305e-07 prediction=6536.0462149622081 rho=-1 accept=0
  MFCG it  18  retry 1/8  lam=1.176e-05 tau_eff=7.350e-07  (assembly reused)
PCG_PREP o=17 rebuild=1 drift=0 previous_depth=4
POINT_SAFE o=17 frozen=57 slope=-6133.4964073158699 candidate=1883885.6655758959 original=inf current=1880275.0540209906 won=0 mode=1 camera_scale=1 keep_scale=0
ATTR_RADIUS o=17 raw_norm=9116.2780401547225 norm=1107.6463735913449 radius=1107.6463735913446 next_radius=276.91159339783616 lambda=1.1760158151036049e-05 next_lambda=0.00018816253041657678 rho=-1 accept=0
CLASSICAL_LM o=17 lambda=1.1760158151036049e-05 tau=1.1760158151036049e-05 prediction=4419.0137980869295 rho=-1 accept=0
  MFCG it  18  retry 2/8  lam=1.882e-04 tau_eff=1.176e-05  (assembly reused)
PCG_PREP o=17 rebuild=1 drift=0 previous_depth=2
POINT_SAFE o=17 frozen=32 slope=-5633.8522173369056 candidate=1876646.8548939631 original=inf current=1880275.0540209906 won=1 mode=1 camera_scale=1 keep_scale=0
ATTR_RADIUS o=17 raw_norm=1727.0412750200276 norm=276.91159339783599 radius=276.91159339783616 next_radius=553.82318679567231 lambda=0.00018816253041657678 next_lambda=4.7040632604144195e-05 rho=0.9047632861935756 accept=1
CLASSICAL_LM o=17 lambda=0.00018816253041657678 tau=0.00018816253041657678 prediction=4010.1087017928276 rho=0.9047632861935756 accept=1
  MFCG it  18 cost=1.876647e+06 lam=4.704e-05 tau=0.00e+00 cg_it=0 shift=0 ckpt=1 alpha=0 acc mv=99
PCG_PREP o=18 rebuild=1 drift=0 previous_depth=1
POINT_SAFE o=18 frozen=64 slope=-2346.7503568905204 candidate=1874563.5948457392 original=1876529.773023926 current=1876646.8548939631 won=1 mode=1 camera_scale=1 keep_scale=0
ATTR_RADIUS o=18 raw_norm=11569.548597471075 norm=553.82318679567243 radius=553.82318679567231 next_radius=1107.6463735913446 lambda=4.7040632604144195e-05 next_lambda=1.1760158151036049e-05 rho=0.94364081135147837 accept=1
CLASSICAL_LM o=18 lambda=4.7040632604144195e-05 tau=4.7040632604144195e-05 prediction=2207.6832870764206 rho=0.94364081135147837 accept=1
  MFCG it  19 cost=1.874564e+06 lam=1.176e-05 tau=0.00e+00 cg_it=3 shift=0 ckpt=4 alpha=0 acc mv=104
PCG_PREP o=19 rebuild=1 drift=0 previous_depth=4
POINT_SAFE o=19 frozen=90 slope=-2303.2963797672687 candidate=1872495.5726206396 original=1874384.4158649894 current=1874563.5948457392 won=1 mode=1 camera_scale=1 keep_scale=0
ATTR_RADIUS o=19 raw_norm=22133.911641175415 norm=1107.6463735913453 radius=1107.6463735913446 next_radius=2215.2927471826893 lambda=1.1760158151036049e-05 next_lambda=2.9400395377590122e-06 rho=0.92732360057829577 accept=1
CLASSICAL_LM o=19 lambda=1.1760158151036049e-05 tau=1.1760158151036049e-05 prediction=2230.0976960038111 rho=0.92732360057829577 accept=1
  MFCG it  20 cost=1.872496e+06 lam=2.940e-06 tau=0.00e+00 cg_it=3 shift=0 ckpt=4 alpha=0 acc mv=109
PCG_PREP o=20 rebuild=1 drift=0 previous_depth=4
POINT_SAFE o=20 frozen=284 slope=-3488.8050248689474 candidate=1869869.9311709139 original=1871585.8535818367 current=1872495.5726206396 won=1 mode=1 camera_scale=1 keep_scale=0
ATTR_RADIUS o=20 raw_norm=43850.913566524054 norm=2215.2927471826893 radius=2215.2927471826893 next_radius=4430.5854943653785 lambda=2.9400395377590122e-06 next_lambda=7.3500988443975305e-07 rho=0.77648784248386993 accept=1
CLASSICAL_LM o=20 lambda=2.9400395377590122e-06 tau=2.9400395377590122e-06 prediction=3381.4327875716403 rho=0.77648784248386993 accept=1
  MFCG it  21 cost=1.869870e+06 lam=7.350e-07 tau=0.00e+00 cg_it=5 shift=0 ckpt=6 alpha=0 acc mv=116
PCG_PREP o=21 rebuild=1 drift=0 previous_depth=6
POINT_SAFE o=21 frozen=239 slope=-4839.1910636320854 candidate=1870033.4331912757 original=1867417.0673905038 current=1869869.9311709139 won=0 mode=1 camera_scale=1 keep_scale=0
ATTR_RADIUS o=21 raw_norm=64074.147822978935 norm=276.91159339783616 radius=4430.5854943653785 next_radius=4430.5854943653785 lambda=7.3500988443975305e-07 next_lambda=4.5938117777484563e-07 rho=0.37596559647117284 accept=1
CLASSICAL_LM o=21 lambda=7.3500988443975305e-07 tau=7.3500988443975305e-07 prediction=6524.1708375252956 rho=0.37596559647117284 accept=1
  MFCG it  22 cost=1.867417e+06 lam=4.594e-07 tau=0.00e+00 cg_it=5 shift=0 ckpt=6 alpha=0 acc mv=123
PCG_PREP o=22 rebuild=1 drift=0 previous_depth=6
POINT_SAFE o=22 frozen=251 slope=-4560.9605445924899 candidate=1873198.299108597 original=1867130.4011990107 current=1867417.0673905038 won=0 mode=1 camera_scale=1 keep_scale=0
ATTR_RADIUS o=22 raw_norm=69560.66006719647 norm=34.613949174729512 radius=4430.5854943653785 next_radius=4430.5854943653785 lambda=4.5938117777484563e-07 next_lambda=4.5938117777484563e-07 rho=0.35764844193845652 accept=1
CLASSICAL_LM o=22 lambda=4.5938117777484563e-07 tau=4.5938117777484563e-07 prediction=801.53065938000088 rho=0.35764844193845652 accept=1
  MFCG it  23 cost=1.867130e+06 lam=4.594e-07 tau=0.00e+00 cg_it=5 shift=0 ckpt=6 alpha=0 acc mv=130
PCG_PREP o=23 rebuild=1 drift=0 previous_depth=6
POINT_SAFE o=23 frozen=252 slope=-5202.6842184251409 candidate=1876946.691316105 original=inf current=1867130.4011990107 won=0 mode=1 camera_scale=1 keep_scale=0
ATTR_RADIUS o=23 raw_norm=69534.467322782817 norm=4430.5854943653767 radius=4430.5854943653785 next_radius=1107.6463735913446 lambda=4.5938117777484563e-07 next_lambda=7.3500988443975301e-06 rho=-1 accept=0
CLASSICAL_LM o=23 lambda=4.5938117777484563e-07 tau=4.5938117777484563e-07 prediction=4980.6572563538557 rho=-1 accept=0
  MFCG it  24  retry 1/8  lam=7.350e-06 tau_eff=4.594e-07  (assembly reused)
PCG_PREP o=23 rebuild=1 drift=0 previous_depth=6
POINT_SAFE o=23 frozen=55 slope=-2371.6606401526487 candidate=1864853.6403550603 original=inf current=1867130.4011990107 won=1 mode=1 camera_scale=1 keep_scale=0
ATTR_RADIUS o=23 raw_norm=29827.82986641211 norm=1107.6463735913442 radius=1107.6463735913446 next_radius=2215.2927471826893 lambda=7.3500988443975301e-06 next_lambda=1.8375247110993825e-06 rho=0.99630794769800712 accept=1
CLASSICAL_LM o=23 lambda=7.3500988443975301e-06 tau=7.3500988443975301e-06 prediction=2285.1979141698439 rho=0.99630794769800712 accept=1
  MFCG it  24 cost=1.864854e+06 lam=1.838e-06 tau=0.00e+00 cg_it=4 shift=0 ckpt=5 alpha=0 acc mv=143
PCG_PREP o=24 rebuild=1 drift=0 previous_depth=5
POINT_SAFE o=24 frozen=370 slope=-16815.731129828204 candidate=2413001.2304763771 original=inf current=1864853.6403550603 won=0 mode=1 camera_scale=1 keep_scale=0
ATTR_RADIUS o=24 raw_norm=15661.665681600904 norm=2215.2927471826893 radius=2215.2927471826893 next_radius=553.82318679567231 lambda=1.8375247110993825e-06 next_lambda=2.940039537759012e-05 rho=-1 accept=0
CLASSICAL_LM o=24 lambda=1.8375247110993825e-06 tau=1.8375247110993825e-06 prediction=15575.560317612833 rho=-1 accept=0
  MFCG it  25  retry 1/8  lam=2.940e-05 tau_eff=1.838e-06  (assembly reused)
PCG_PREP o=24 rebuild=1 drift=0 previous_depth=2
POINT_SAFE o=24 frozen=188 slope=-13944.561013230397 candidate=2430229.130126826 original=inf current=1864853.6403550603 won=0 mode=1 camera_scale=1 keep_scale=0
ATTR_RADIUS o=24 raw_norm=4239.3243865309141 norm=553.82318679567243 radius=553.82318679567231 next_radius=138.45579669891808 lambda=2.940039537759012e-05 next_lambda=0.00047040632604144193 rho=-1 accept=0
CLASSICAL_LM o=24 lambda=2.940039537759012e-05 tau=2.940039537759012e-05 prediction=13027.495626736843 rho=-1 accept=0
  MFCG it  25  retry 2/8  lam=4.704e-04 tau_eff=2.940e-05  (assembly reused)
PCG_PREP o=24 rebuild=1 drift=0 previous_depth=1
POINT_SAFE o=24 frozen=48 slope=-15801.847468448505 candidate=2424995.9624962267 original=inf current=1864853.6403550603 won=0 mode=1 camera_scale=1 keep_scale=0
ATTR_RADIUS o=24 raw_norm=910.04515950364748 norm=138.45579669891811 radius=138.45579669891808 next_radius=34.61394917472952 lambda=0.00047040632604144193 next_lambda=0.0075265012166630708 rho=-1 accept=0
CLASSICAL_LM o=24 lambda=0.00047040632604144193 tau=0.00047040632604144193 prediction=14593.42499670303 rho=-1 accept=0
  MFCG it  25  retry 3/8  lam=7.527e-03 tau_eff=4.704e-04  (assembly reused)
PCG_PREP o=24 rebuild=1 drift=0 previous_depth=1
POINT_SAFE o=24 frozen=5 slope=-9888.5907428959981 candidate=2452774.7260076338 original=inf current=1864853.6403550603 won=0 mode=1 camera_scale=1 keep_scale=0
ATTR_RADIUS o=24 raw_norm=355.37380591327002 norm=34.613949174729512 radius=34.61394917472952 next_radius=8.6534872936823799 lambda=0.0075265012166630708 next_lambda=0.12042401946660913 rho=-1 accept=0
CLASSICAL_LM o=24 lambda=0.0075265012166630708 tau=0.0075265012166630708 prediction=9405.415788747785 rho=-1 accept=0
  MFCG it  25  retry 4/8  lam=1.204e-01 tau_eff=7.527e-03  (assembly reused)
PCG_PREP o=24 rebuild=1 drift=0 previous_depth=1
POINT_SAFE o=24 frozen=1 slope=-3437.3934632238911 candidate=2692929.557090641 original=inf current=1864853.6403550603 won=0 mode=1 camera_scale=1 keep_scale=0
ATTR_RADIUS o=24 raw_norm=235.52740769435866 norm=8.6534872936823835 radius=8.6534872936823799 next_radius=2.163371823420595 lambda=0.12042401946660913 next_lambda=1.9267843114657461 rho=-1 accept=0
CLASSICAL_LM o=24 lambda=0.12042401946660913 tau=0.12042401946660913 prediction=3375.4846278556784 rho=-1 accept=0
  MFCG it  25  retry 5/8  lam=1.927e+00 tau_eff=1.204e-01  (assembly reused)
PCG_PREP o=24 rebuild=1 drift=0 previous_depth=1
POINT_SAFE o=24 frozen=1 slope=-901.30375499275544 candidate=882981842.72670567 original=inf current=1864853.6403550603 won=0 mode=1 camera_scale=1 keep_scale=0
ATTR_RADIUS o=24 raw_norm=112.24118510795951 norm=2.163371823420595 radius=2.163371823420595 next_radius=0.54084295585514874 lambda=1.9267843114657461 next_lambda=30.828548983451938 rho=-1 accept=0
CLASSICAL_LM o=24 lambda=1.9267843114657461 tau=1.9267843114657461 prediction=896.35017023041667 rho=-1 accept=0
  MFCG it  25  retry 6/8  lam=3.083e+01 tau_eff=1.927e+00  (assembly reused)
PCG_PREP o=24 rebuild=1 drift=0 previous_depth=1
POINT_SAFE o=24 frozen=247 slope=-226.92534006307423 candidate=1939117.321772099 original=1864853.5087824205 current=1864853.6403550603 won=0 mode=1 camera_scale=1 keep_scale=0
ATTR_RADIUS o=24 raw_norm=12.793982546810723 norm=0.54084295585514863 radius=0.54084295585514874 next_radius=0.13521073896378719 lambda=30.828548983451938 next_lambda=493.25678373523101 rho=0.074134299817843488 accept=0
CLASSICAL_LM o=24 lambda=30.828548983451938 tau=30.828548983451938 prediction=1.7747876505984399 rho=0.074134299817843488 accept=0
  MFCG it  25  retry 7/8  lam=4.933e+02 tau_eff=3.083e+01  (assembly reused)
PCG_PREP o=24 rebuild=1 drift=0 previous_depth=1
POINT_SAFE o=24 frozen=30723 slope=-56.667222725850749 candidate=1866747.6295073139 original=1864853.476377178 current=1864853.6403550603 won=0 mode=1 camera_scale=1 keep_scale=0
ATTR_RADIUS o=24 raw_norm=0.84595225685693443 norm=0.13521073896378713 radius=0.13521073896378719 next_radius=0.033802684740946796 lambda=493.25678373523101 next_lambda=7892.1085397636962 rho=0.092572238866226009 accept=0
CLASSICAL_LM o=24 lambda=493.25678373523101 tau=493.25678373523101 prediction=1.771350508181373 rho=0.092572238866226009 accept=0
  MFCG it  25  retry 8/8  lam=7.892e+03 tau_eff=4.933e+02  (assembly reused)
PCG_PREP o=24 rebuild=1 drift=0 previous_depth=1
POINT_SAFE o=24 frozen=100530 slope=-14.161834493026163 candidate=1864945.908368207 original=1864853.474823287 current=1864853.6403550603 won=0 mode=1 camera_scale=1 keep_scale=0
ATTR_RADIUS o=24 raw_norm=0.053066162016559379 norm=0.03380268474094681 radius=0.033802684740946796 next_radius=0.0084506711852366991 lambda=7892.1085397636962 next_lambda=126273.73663621914 rho=0.093502717545794159 accept=0
CLASSICAL_LM o=24 lambda=7892.1085397636962 tau=7892.1085397636962 prediction=1.7703418435076412 rho=0.093502717545794159 accept=0
  MFCG it  25 cost=1.864854e+06 lam=1.263e+05 tau=0.00e+00 cg_it=0 shift=0 ckpt=1 alpha=0 REJ mv=162
PCG_PREP o=25 rebuild=1 drift=0 previous_depth=1
ATTR_RADIUS o=25 raw_norm=0.0033173970255426189 norm=0.0033173970255426189 radius=0.0084506711852366991 next_radius=0.0084506711852366991 lambda=126273.73663621914 next_lambda=12627.373663621915 rho=0.28908161801351767 accept=1
CLASSICAL_LM o=25 lambda=126273.73663621914 tau=126273.73663621914 prediction=1.3898379075221845 rho=0.28908161801351767 accept=1
  MFCG it  26 cost=1.864853e+06 lam=1.263e+04 tau=0.00e+00 cg_it=0 shift=0 ckpt=1 alpha=0 acc mv=164
PCG_PREP o=26 rebuild=1 drift=0 previous_depth=1
ATTR_RADIUS o=26 raw_norm=0.034236825380634404 norm=0.0084506711852367026 radius=0.0084506711852366991 next_radius=0.0084506711852366991 lambda=12627.373663621915 next_lambda=12627.373663621915 rho=0.49199382802909986 accept=1
CLASSICAL_LM o=26 lambda=12627.373663621915 tau=12627.373663621915 prediction=3.6573919827558603 rho=0.49199382802909986 accept=1
  MFCG it  27 cost=1.864851e+06 lam=1.263e+04 tau=0.00e+00 cg_it=0 shift=0 ckpt=1 alpha=0 acc mv=166
PCG_PREP o=27 rebuild=1 drift=0 previous_depth=1
ATTR_RADIUS o=27 raw_norm=0.034249362502135873 norm=0.0084506711852367026 radius=0.0084506711852366991 next_radius=0.0084506711852366991 lambda=12627.373663621915 next_lambda=12627.373663621915 rho=0.5251078659037357 accept=1
CLASSICAL_LM o=27 lambda=12627.373663621915 tau=12627.373663621915 prediction=3.6574870735824252 rho=0.5251078659037357 accept=1
  MFCG it  28 cost=1.864850e+06 lam=1.263e+04 tau=0.00e+00 cg_it=0 shift=0 ckpt=1 alpha=0 acc mv=168
PCG_PREP o=28 rebuild=1 drift=0 previous_depth=1
ATTR_RADIUS o=28 raw_norm=0.034181204439190357 norm=0.0084506711852366957 radius=0.0084506711852366991 next_radius=0.0084506711852366991 lambda=12627.373663621915 next_lambda=12627.373663621915 rho=0.42735690836032297 accept=1
CLASSICAL_LM o=28 lambda=12627.373663621915 tau=12627.373663621915 prediction=3.6512942272210123 rho=0.42735690836032297 accept=1
  MFCG it  29 cost=1.864848e+06 lam=1.263e+04 tau=0.00e+00 cg_it=0 shift=0 ckpt=1 alpha=0 acc mv=170
PCG_PREP o=29 rebuild=1 drift=0 previous_depth=1
ATTR_RADIUS o=29 raw_norm=0.034349234844554287 norm=0.0084506711852366974 radius=0.0084506711852366991 next_radius=0.0084506711852366991 lambda=12627.373663621915 next_lambda=12627.373663621915 rho=0.65416993625823394 accept=1
CLASSICAL_LM o=29 lambda=12627.373663621915 tau=12627.373663621915 prediction=3.6684651363849863 rho=0.65416993625823394 accept=1
  MFCG it  30 cost=1.864846e+06 lam=1.263e+04 tau=0.00e+00 cg_it=0 shift=0 ckpt=1 alpha=0 acc mv=172
PCG_PREP o=30 rebuild=1 drift=0 previous_depth=1
POINT_SAFE o=30 frozen=106943 slope=-3.5263566040044521 candidate=1864848.8177268954 original=1864845.5004407044 current=1864845.5583835384 won=0 mode=1 camera_scale=1 keep_scale=0
ATTR_RADIUS o=30 raw_norm=0.033029794829933873 norm=0.0084506711852366939 radius=0.0084506711852366991 next_radius=0.0021126677963091748 lambda=12627.373663621915 next_lambda=202037.97861795063 rho=0.032851959556453258 accept=0
CLASSICAL_LM o=30 lambda=12627.373663621915 tau=12627.373663621915 prediction=1.7637557931575112 rho=0.032851959556453258 accept=0
  MFCG it  31  retry 1/8  lam=2.020e+05 tau_eff=1.263e+04  (assembly reused)
PCG_PREP o=30 rebuild=1 drift=0 previous_depth=1
ATTR_RADIUS o=30 raw_norm=0.0020647533931774605 norm=0.0020647533931774605 radius=0.0021126677963091748 next_radius=0.0021126677963091748 lambda=202037.97861795063 next_lambda=202037.97861795063 rho=0.52611429398992149 accept=1
CLASSICAL_LM o=30 lambda=202037.97861795063 tau=202037.97861795063 prediction=0.86147527351552744 rho=0.52611429398992149 accept=1
  MFCG it  31 cost=1.864845e+06 lam=2.020e+05 tau=0.00e+00 cg_it=0 shift=0 ckpt=1 alpha=0 acc mv=176
PCG_PREP o=31 rebuild=1 drift=0 previous_depth=1
ATTR_RADIUS o=31 raw_norm=0.0020739051092137839 norm=0.0020739051092137839 radius=0.0021126677963091748 next_radius=0.0021126677963091748 lambda=202037.97861795063 next_lambda=202037.97861795063 rho=0.55947752942443951 accept=1
CLASSICAL_LM o=31 lambda=202037.97861795063 tau=202037.97861795063 prediction=0.86909178260920739 rho=0.55947752942443951 accept=1
  MFCG: converged (OCA_FTOL: 8 outers < 1.0e-05 rel)
  [menu-backtrack] confirming stop with original retry policy at outer 32
  MFCG it  32 cost=1.864845e+06 lam=2.020e+05 tau=0.00e+00 cg_it=0 shift=0 ckpt=1 alpha=0 acc mv=178
PCG_PREP o=32 rebuild=1 drift=0 previous_depth=1
ATTR_RADIUS o=32 raw_norm=0.0020535455940232429 norm=0.0020535455940232429 radius=0.0021126677963091748 next_radius=0.0021126677963091748 lambda=202037.97861795063 next_lambda=202037.97861795063 rho=0.48043455022098358 accept=1
CLASSICAL_LM o=32 lambda=202037.97861795063 tau=202037.97861795063 prediction=0.85214698036313274 rho=0.48043455022098358 accept=1
  MFCG it  33 cost=1.864844e+06 lam=2.020e+05 tau=0.00e+00 cg_it=0 shift=0 ckpt=1 alpha=0 acc mv=180
PCG_PREP o=33 rebuild=1 drift=0 previous_depth=1
ATTR_RADIUS o=33 raw_norm=0.0020921195452352991 norm=0.0020921195452352991 radius=0.0021126677963091748 next_radius=0.0021126677963091748 lambda=202037.97861795063 next_lambda=202037.97861795063 rho=0.64141504014604267 accept=1
CLASSICAL_LM o=33 lambda=202037.97861795063 tau=202037.97861795063 prediction=0.88442491808462387 rho=0.64141504014604267 accept=1
  MFCG it  34 cost=1.864844e+06 lam=2.020e+05 tau=0.00e+00 cg_it=0 shift=0 ckpt=1 alpha=0 acc mv=182
PCG_PREP o=34 rebuild=1 drift=0 previous_depth=1
ATTR_RADIUS o=34 raw_norm=0.0019543579401156697 norm=0.0019543579401156697 radius=0.0021126677963091748 next_radius=0.0005281669490772937 lambda=202037.97861795063 next_lambda=3232607.6578872101 rho=0.15264408132741045 accept=1
CLASSICAL_LM o=34 lambda=202037.97861795063 tau=202037.97861795063 prediction=0.77181680125692864 rho=0.15264408132741045 accept=1
  MFCG it  35 cost=1.864844e+06 lam=3.233e+06 tau=0.00e+00 cg_it=0 shift=0 ckpt=1 alpha=0 acc mv=184
PCG_PREP o=35 rebuild=1 drift=0 previous_depth=1
ATTR_RADIUS o=35 raw_norm=0.00013344998428701537 norm=0.00013344998428701537 radius=0.0005281669490772937 next_radius=0.0005281669490772937 lambda=3232607.6578872101 next_lambda=323260.76578872104 rho=0.99066089820373116 accept=1
CLASSICAL_LM o=35 lambda=3232607.6578872101 tau=3232607.6578872101 prediction=0.057577214089753817 rho=0.99066089820373116 accept=1
  MFCG it  36 cost=1.864843e+06 lam=3.233e+05 tau=0.00e+00 cg_it=0 shift=0 ckpt=1 alpha=0 acc mv=186
PCG_PREP o=36 rebuild=1 drift=0 previous_depth=1
ATTR_RADIUS o=36 raw_norm=0.0013331686699964299 norm=0.00052816694907729348 radius=0.0005281669490772937 next_radius=0.0010563338981545874 lambda=323260.76578872104 next_lambda=80815.191447180259 rho=0.96067723310947817 accept=1
CLASSICAL_LM o=36 lambda=323260.76578872104 tau=323260.76578872104 prediction=0.22769907616757268 rho=0.96067723310947817 accept=1
  MFCG it  37 cost=1.864843e+06 lam=8.082e+04 tau=0.00e+00 cg_it=0 shift=0 ckpt=1 alpha=0 acc mv=188
PCG_PREP o=37 rebuild=1 drift=0 previous_depth=1
ATTR_RADIUS o=37 raw_norm=0.005303487363627366 norm=0.0010563338981545874 radius=0.0010563338981545874 next_radius=0.0021126677963091748 lambda=80815.191447180259 next_lambda=20203.797861795065 rho=0.89174467597250306 accept=1
CLASSICAL_LM o=37 lambda=80815.191447180259 tau=80815.191447180259 prediction=0.45304798219343301 rho=0.89174467597250306 accept=1
  MFCG it  38 cost=1.864843e+06 lam=2.020e+04 tau=0.00e+00 cg_it=0 shift=0 ckpt=1 alpha=0 acc mv=190
PCG_PREP o=38 rebuild=1 drift=0 previous_depth=1
ATTR_RADIUS o=38 raw_norm=0.020459860893871817 norm=0.0021126677963091748 radius=0.0021126677963091748 next_radius=0.0021126677963091748 lambda=20203.797861795065 next_lambda=20203.797861795065 rho=0.42621412181310792 accept=1
CLASSICAL_LM o=38 lambda=20203.797861795065 tau=20203.797861795065 prediction=0.87442529282598414 rho=0.42621412181310792 accept=1
  MFCG it  39 cost=1.864842e+06 lam=2.020e+04 tau=0.00e+00 cg_it=0 shift=0 ckpt=1 alpha=0 acc mv=192
PCG_PREP o=39 rebuild=1 drift=0 previous_depth=1
ATTR_RADIUS o=39 raw_norm=0.021073883823664635 norm=0.0021126677963091748 radius=0.0021126677963091748 next_radius=0.0021126677963091748 lambda=20203.797861795065 next_lambda=20203.797861795065 rho=0.71567321377810711 accept=1
CLASSICAL_LM o=39 lambda=20203.797861795065 tau=20203.797861795065 prediction=0.90121529261135702 rho=0.71567321377810711 accept=1
  MFCG: converged (OCA_FTOL: 8 outers < 1.0e-05 rel)
  MFCG: accepts=39 rejects=15 total_matvecs=194 negcurv=1 cand_evals=54 mean_cg_per_outer=4.8
NUMERIC_REPAIR summary rebuilds=1 floor=4.5938117777484563e-07
  [retry-cache] builds=55 reuses=0
  [menu-backtrack] trials=35 rescues=26 evals=240 total_scored=294
POINT_SAFE summary calls=35 evals=35 wins=12 frozen=252513 seconds=0.417045359
  [scoring] menu_evals=54 alpha_evals=0 backtrack_evals=240 total_scored=294
RESULT algo=mfree_shifted_cg iters=40 final_cost=1864841.8269582053 solve_seconds=2.497704
DIAGNOSTICS median_reproj_err_px 2.704502 -> 0.558645 | cheirality_violations(obs) 751 -> 759 | cheirality_violations(pts, of 310854) 725 -> 731
