  [menu-backtrack] active=1 max_evals=8 warmup_accepts=3 confirm_stop=original armijo=1e-4
MIXED_STORAGE fragments=fp32 arithmetic=fp64 state=fp64 acceptance=fp64
  [compact-fragments] active=2 saved_bytes=39929448 storage=fp32 camera_reads=contiguous
  MFCG score_init=30562787.847235736 precision=fp64
PCG_PREP o=0 rebuild=1 drift=0 previous_depth=0
ATTR_RADIUS o=0 raw_norm=5445.8560983987309 norm=5445.85609839873 radius=5445.8560983987309 next_radius=10891.712196797462 lambda=0.10000000000000001 next_lambda=0.025000000000000001 rho=0.99642283532921272 accept=1
CLASSICAL_LM o=0 lambda=0.10000000000000001 tau=0.10000000000000001 prediction=28494581.339232963 rho=0.99642283532921272 accept=1
  MFCG it   1 cost=2.170136e+06 lam=2.500e-02 tau=0.00e+00 cg_it=0 shift=0 ckpt=1 alpha=0 acc mv=2
PCG_PREP o=1 rebuild=1 drift=0 previous_depth=1
ATTR_RADIUS o=1 raw_norm=2850.3640786060987 norm=2850.3640786060987 radius=10891.712196797462 next_radius=10891.712196797462 lambda=0.025000000000000001 next_lambda=0.0025000000000000005 rho=0.99898041080055588 accept=1
CLASSICAL_LM o=1 lambda=0.025000000000000001 tau=0.025000000000000001 prediction=1301657.1942207008 rho=0.99898041080055588 accept=1
  MFCG it   2 cost=8.698063e+05 lam=2.500e-03 tau=0.00e+00 cg_it=4 shift=0 ckpt=5 alpha=0 acc mv=8
PCG_PREP o=2 rebuild=1 drift=0 previous_depth=5
ATTR_RADIUS o=2 raw_norm=2272.8893580214994 norm=2272.889358021499 radius=10891.712196797462 next_radius=10891.712196797462 lambda=0.0025000000000000005 next_lambda=0.00025000000000000006 rho=0.99190491987085105 accept=1
CLASSICAL_LM o=2 lambda=0.0025000000000000005 tau=0.0025000000000000005 prediction=304855.50474077376 rho=0.99190491987085105 accept=1
  MFCG it   3 cost=5.674186e+05 lam=2.500e-04 tau=0.00e+00 cg_it=9 shift=0 ckpt=10 alpha=0 acc mv=19
PCG_PREP o=3 rebuild=1 drift=0 previous_depth=10
ATTR_RADIUS o=3 raw_norm=2295.2916485712844 norm=2295.2916485712844 radius=10891.712196797462 next_radius=10891.712196797462 lambda=0.00025000000000000006 next_lambda=2.5000000000000008e-05 rho=0.98311495840322816 accept=1
CLASSICAL_LM o=3 lambda=0.00025000000000000006 tau=0.00025000000000000006 prediction=169689.65635673306 rho=0.98311495840322816 accept=1
  MFCG it   4 cost=4.005942e+05 lam=2.500e-05 tau=0.00e+00 cg_it=0 shift=0 ckpt=1 alpha=0 acc mv=21
PCG_PREP o=4 rebuild=1 drift=0 previous_depth=1
ATTR_RADIUS o=4 raw_norm=7330.2253398536641 norm=7330.225339853665 radius=10891.712196797462 next_radius=10891.712196797462 lambda=2.5000000000000008e-05 next_lambda=2.5000000000000011e-06 rho=0.77434215249772609 accept=1
CLASSICAL_LM o=4 lambda=2.5000000000000008e-05 tau=2.5000000000000008e-05 prediction=37640.5623921472 rho=0.77434215249772609 accept=1
  MFCG it   5 cost=3.714475e+05 lam=2.500e-06 tau=0.00e+00 cg_it=7 shift=0 ckpt=8 alpha=0 acc mv=30
PCG_PREP o=5 rebuild=1 drift=0 previous_depth=8
ATTR_RADIUS o=5 raw_norm=732.61842383071996 norm=732.61842383071996 radius=10891.712196797462 next_radius=10891.712196797462 lambda=2.5000000000000011e-06 next_lambda=2.5000000000000009e-07 rho=0.93246850155141658 accept=1
CLASSICAL_LM o=5 lambda=2.5000000000000011e-06 tau=2.5000000000000011e-06 prediction=9528.1107702281879 rho=0.93246850155141658 accept=1
  MFCG it   6 cost=3.625628e+05 lam=2.500e-07 tau=0.00e+00 cg_it=0 shift=0 ckpt=1 alpha=0 acc mv=32
PCG_PREP o=6 rebuild=1 drift=0 previous_depth=1
POINT_SAFE o=6 frozen=56 slope=-10369.933151208712 candidate=370151.10712825507 original=360836.36001476436 current=362562.82734507078 won=0 mode=1 camera_scale=1 keep_scale=0
ATTR_RADIUS o=6 raw_norm=8283.1153856473375 norm=2070.7788464118344 radius=10891.712196797462 next_radius=10891.712196797462 lambda=2.5000000000000009e-07 next_lambda=2.5000000000000012e-08 rho=0.78419314551907837 accept=1
CLASSICAL_LM o=6 lambda=2.5000000000000009e-07 tau=2.5000000000000009e-07 prediction=2201.5843165316428 rho=0.78419314551907837 accept=1
  MFCG it   7 cost=3.608364e+05 lam=2.500e-08 tau=0.00e+00 cg_it=19 shift=0 ckpt=20 alpha=0 acc mv=53
PCG_PREP o=7 rebuild=1 drift=0 previous_depth=20
ATTR_RADIUS o=7 raw_norm=36566.659949386383 norm=10891.71219679746 radius=10891.712196797462 next_radius=10891.712196797462 lambda=2.5000000000000012e-08 next_lambda=2.5000000000000012e-08 rho=0.41400215379570465 accept=1
CLASSICAL_LM o=7 lambda=2.5000000000000012e-08 tau=2.5000000000000012e-08 prediction=2225.7803322441114 rho=0.41400215379570465 accept=1
  MFCG it   8 cost=3.599149e+05 lam=2.500e-08 tau=0.00e+00 cg_it=18 shift=0 ckpt=19 alpha=0 acc mv=73
PCG_PREP o=8 rebuild=1 drift=0 previous_depth=19
POINT_SAFE o=8 frozen=12 slope=-2507.868037383058 candidate=360122.6344455012 original=359384.45655028487 current=359914.88216333918 won=0 mode=1 camera_scale=1 keep_scale=0
ATTR_RADIUS o=8 raw_norm=51990.195507195313 norm=5445.8560983987309 radius=10891.712196797462 next_radius=10891.712196797462 lambda=2.5000000000000012e-08 next_lambda=2.5000000000000013e-09 rho=0.55919570494287185 accept=1
CLASSICAL_LM o=8 lambda=2.5000000000000012e-08 tau=2.5000000000000012e-08 prediction=948.55094265878915 rho=0.55919570494287185 accept=1
  MFCG it   9 cost=3.593845e+05 lam=2.500e-09 tau=0.00e+00 cg_it=0 shift=0 ckpt=1 alpha=0 acc mv=75
PCG_PREP o=9 rebuild=1 drift=0 previous_depth=1
POINT_SAFE o=9 frozen=2 slope=-1378.7217385551999 candidate=360139.50302810187 original=359238.85418862477 current=359384.45655028487 won=0 mode=1 camera_scale=1 keep_scale=0
ATTR_RADIUS o=9 raw_norm=191479.9143244221 norm=5445.85609839873 radius=10891.712196797462 next_radius=10891.712196797462 lambda=2.5000000000000013e-09 next_lambda=2.5000000000000012e-10 rho=0.27960378204542419 accept=1
CLASSICAL_LM o=9 lambda=2.5000000000000013e-09 tau=2.5000000000000013e-09 prediction=520.74532252373831 rho=0.27960378204542419 accept=1
  MFCG it  10 cost=3.592389e+05 lam=2.500e-10 tau=0.00e+00 cg_it=0 shift=0 ckpt=1 alpha=0 acc mv=77
PCG_PREP o=10 rebuild=1 drift=0 previous_depth=1
POINT_SAFE o=10 frozen=0 slope=-939.69393059501942 candidate=inf original=359182.10192728293 current=359238.85418862477 won=0 mode=1 camera_scale=1 keep_scale=0
ATTR_RADIUS o=10 raw_norm=284513.80034974875 norm=2722.9280491993659 radius=10891.712196797462 next_radius=10891.712196797462 lambda=2.5000000000000012e-10 next_lambda=2.5000000000000014e-11 rho=0.27460586934781817 accept=1
CLASSICAL_LM o=10 lambda=2.5000000000000012e-10 tau=2.5000000000000012e-10 prediction=206.66805657368377 rho=0.27460586934781817 accept=1
  MFCG it  11 cost=3.591821e+05 lam=2.500e-11 tau=0.00e+00 cg_it=0 shift=0 ckpt=1 alpha=0 acc mv=79
PCG_PREP o=11 rebuild=1 drift=0 previous_depth=1
POINT_SAFE o=11 frozen=0 slope=-752.96900483472189 candidate=inf original=359164.86319316167 current=359182.10192728293 won=0 mode=1 camera_scale=1 keep_scale=0
ATTR_RADIUS o=11 raw_norm=296483.0133278963 norm=2722.9280491993659 radius=10891.712196797462 next_radius=2722.9280491993654 lambda=2.5000000000000014e-11 next_lambda=4.0000000000000022e-10 rho=0.10396161121546259 accept=1
CLASSICAL_LM o=11 lambda=2.5000000000000014e-11 tau=2.5000000000000014e-11 prediction=165.81826618223658 rho=0.10396161121546259 accept=1
  MFCG it  12 cost=3.591649e+05 lam=4.000e-10 tau=0.00e+00 cg_it=0 shift=0 ckpt=1 alpha=0 acc mv=81
PCG_PREP o=12 rebuild=1 drift=0 previous_depth=1
ATTR_RADIUS o=12 raw_norm=266920.48972937179 norm=2722.9280491993659 radius=2722.9280491993654 next_radius=2722.9280491993654 lambda=4.0000000000000022e-10 next_lambda=4.0000000000000022e-10 rho=0.54130195832012495 accept=1
CLASSICAL_LM o=12 lambda=4.0000000000000022e-10 tau=4.0000000000000022e-10 prediction=307.28592886992118 rho=0.54130195832012495 accept=1
  MFCG it  13 cost=3.589985e+05 lam=4.000e-10 tau=0.00e+00 cg_it=0 shift=0 ckpt=1 alpha=0 acc mv=83
PCG_PREP o=13 rebuild=1 drift=0 previous_depth=1
ATTR_RADIUS o=13 raw_norm=263622.16882342321 norm=2722.9280491993645 radius=2722.9280491993654 next_radius=2722.9280491993654 lambda=4.0000000000000022e-10 next_lambda=4.0000000000000022e-10 rho=0.25362445411174345 accept=1
CLASSICAL_LM o=13 lambda=4.0000000000000022e-10 tau=4.0000000000000022e-10 prediction=98.791602463813177 rho=0.25362445411174345 accept=1
  MFCG it  14 cost=3.589735e+05 lam=4.000e-10 tau=0.00e+00 cg_it=0 shift=0 ckpt=1 alpha=0 acc mv=85
PCG_PREP o=14 rebuild=1 drift=0 previous_depth=1
POINT_SAFE o=14 frozen=2 slope=-72.799940570382361 candidate=358989.18467032711 original=358961.51590167428 current=358973.47275185445 won=0 mode=1 camera_scale=1 keep_scale=0
ATTR_RADIUS o=14 raw_norm=260470.05190466938 norm=1361.4640245996827 radius=2722.9280491993654 next_radius=2722.9280491993654 lambda=4.0000000000000022e-10 next_lambda=4.0000000000000023e-11 rho=0.4221694269650475 accept=1
CLASSICAL_LM o=14 lambda=4.0000000000000022e-10 tau=4.0000000000000022e-10 prediction=28.322397162027336 rho=0.4221694269650475 accept=1
  MFCG it  15 cost=3.589615e+05 lam=4.000e-11 tau=0.00e+00 cg_it=0 shift=0 ckpt=1 alpha=0 acc mv=87
PCG_PREP o=15 rebuild=1 drift=0 previous_depth=1
POINT_SAFE o=15 frozen=2 slope=-34.799074130219743 candidate=358999.42348401883 original=358959.37301397359 current=358961.51590167428 won=0 mode=1 camera_scale=1 keep_scale=0
ATTR_RADIUS o=15 raw_norm=284428.18385620241 norm=680.73201229984136 radius=2722.9280491993654 next_radius=2722.9280491993654 lambda=4.0000000000000023e-11 next_lambda=4.0000000000000023e-12 rho=0.2726178379236307 accept=1
CLASSICAL_LM o=15 lambda=4.0000000000000023e-11 tau=4.0000000000000023e-11 prediction=7.8604089777083201 rho=0.2726178379236307 accept=1
  MFCG it  16 cost=3.589594e+05 lam=4.000e-12 tau=0.00e+00 cg_it=0 shift=0 ckpt=1 alpha=0 acc mv=89
PCG_PREP o=16 rebuild=1 drift=0 previous_depth=1
POINT_SAFE o=16 frozen=3 slope=-29.175327013488022 candidate=359001.45910303137 original=358959.20162367017 current=358959.37301397359 won=0 mode=1 camera_scale=1 keep_scale=0
ATTR_RADIUS o=16 raw_norm=286848.58548334072 norm=2722.9280491993654 radius=2722.9280491993654 next_radius=680.73201229984136 lambda=4.0000000000000023e-12 next_lambda=6.4000000000000037e-11 rho=0.02584172729974208 accept=0
CLASSICAL_LM o=16 lambda=4.0000000000000023e-12 tau=4.0000000000000023e-12 prediction=6.6323083369237592 rho=0.02584172729974208 accept=0
  MFCG it  17  retry 1/8  lam=6.400e-11 tau_eff=4.000e-12  (assembly reused)
PCG_PREP o=16 rebuild=1 drift=0 previous_depth=1
ATTR_RADIUS o=16 raw_norm=282277.27552039258 norm=680.73201229984124 radius=680.73201229984136 next_radius=680.73201229984136 lambda=6.4000000000000037e-11 next_lambda=6.4000000000000037e-11 rho=0.50255303933032569 accept=1
CLASSICAL_LM o=16 lambda=6.4000000000000037e-11 tau=6.4000000000000037e-11 prediction=12.534714619017198 rho=0.50255303933032569 accept=1
  MFCG it  17 cost=3.589531e+05 lam=6.400e-11 tau=0.00e+00 cg_it=0 shift=0 ckpt=1 alpha=0 acc mv=93
PCG_PREP o=17 rebuild=1 drift=0 previous_depth=1
ATTR_RADIUS o=17 raw_norm=282107.54209871951 norm=680.73201229984113 radius=680.73201229984136 next_radius=680.73201229984136 lambda=6.4000000000000037e-11 next_lambda=6.4000000000000037e-11 rho=0.40098890913068563 accept=1
CLASSICAL_LM o=17 lambda=6.4000000000000037e-11 tau=6.4000000000000037e-11 prediction=5.4761256488517427 rho=0.40098890913068563 accept=1
  MFCG it  18 cost=3.589509e+05 lam=6.400e-11 tau=0.00e+00 cg_it=0 shift=0 ckpt=1 alpha=0 acc mv=95
PCG_PREP o=18 rebuild=1 drift=0 previous_depth=1
POINT_SAFE o=18 frozen=11 slope=-2.9666729617483112 candidate=358951.30050694867 original=358950.26201321842 current=358950.87778939446 won=0 mode=1 camera_scale=1 keep_scale=0
ATTR_RADIUS o=18 raw_norm=282003.05704008671 norm=340.36600614992057 radius=680.73201229984136 next_radius=680.73201229984136 lambda=6.4000000000000037e-11 next_lambda=6.4000000000000042e-12 rho=0.4522884185925431 accept=1
CLASSICAL_LM o=18 lambda=6.4000000000000037e-11 tau=6.4000000000000037e-11 prediction=1.3614679278252004 rho=0.4522884185925431 accept=1
  MFCG it  19 cost=3.589503e+05 lam=6.400e-12 tau=0.00e+00 cg_it=0 shift=0 ckpt=1 alpha=0 acc mv=97
PCG_PREP o=19 rebuild=1 drift=0 previous_depth=1
POINT_SAFE o=19 frozen=20 slope=-2.3136583989811967 candidate=358951.07861185621 original=358949.91735568608 current=358950.26201321842 won=0 mode=1 camera_scale=1 keep_scale=0
ATTR_RADIUS o=19 raw_norm=286282.87090015679 norm=340.36600614992062 radius=680.73201229984136 next_radius=680.73201229984136 lambda=6.4000000000000042e-12 next_lambda=6.400000000000005e-13 rho=0.30903055053677997 accept=1
CLASSICAL_LM o=19 lambda=6.4000000000000042e-12 tau=6.4000000000000042e-12 prediction=1.1152862775160488 rho=0.30903055053677997 accept=1
  MFCG it  20 cost=3.589499e+05 lam=6.400e-13 tau=0.00e+00 cg_it=0 shift=0 ckpt=1 alpha=0 acc mv=99
PCG_PREP o=20 rebuild=1 drift=0 previous_depth=1
POINT_SAFE o=20 frozen=42 slope=-2.2050614332244995 candidate=358950.81320742914 original=358949.62179579667 current=358949.91735568608 won=0 mode=1 camera_scale=1 keep_scale=0
ATTR_RADIUS o=20 raw_norm=286727.69164389017 norm=340.36600614992068 radius=680.73201229984136 next_radius=680.73201229984136 lambda=6.400000000000005e-13 next_lambda=6.4000000000000055e-14 rho=0.27483273949132947 accept=1
CLASSICAL_LM o=20 lambda=6.400000000000005e-13 tau=6.400000000000005e-13 prediction=1.0754173245557872 rho=0.27483273949132947 accept=1
  MFCG it  21 cost=3.589496e+05 lam=6.400e-14 tau=0.00e+00 cg_it=0 shift=0 ckpt=1 alpha=0 acc mv=101
PCG_PREP o=21 rebuild=1 drift=0 previous_depth=1
POINT_SAFE o=21 frozen=62 slope=-2.1683954541835049 candidate=358950.54608600779 original=358949.33496918925 current=358949.62179579667 won=0 mode=1 camera_scale=1 keep_scale=0
ATTR_RADIUS o=21 raw_norm=286796.33363688673 norm=340.36600614992068 radius=680.73201229984136 next_radius=680.73201229984136 lambda=6.4000000000000055e-14 next_lambda=6.4000000000000062e-15 rho=0.27039579613798725 accept=1
CLASSICAL_LM o=21 lambda=6.4000000000000055e-14 tau=6.4000000000000055e-14 prediction=1.0607657793451777 rho=0.27039579613798725 accept=1
  MFCG it  22 cost=3.589493e+05 lam=6.400e-15 tau=0.00e+00 cg_it=0 shift=0 ckpt=1 alpha=0 acc mv=103
PCG_PREP o=22 rebuild=1 drift=0 previous_depth=1
POINT_SAFE o=22 frozen=75 slope=-2.1267622837555566 candidate=358950.29148465209 original=358949.0609806393 current=358949.33496918925 won=0 mode=1 camera_scale=1 keep_scale=0
ATTR_RADIUS o=22 raw_norm=286943.3131650734 norm=340.36600614992074 radius=680.73201229984136 next_radius=680.73201229984136 lambda=6.4000000000000062e-15 next_lambda=6.4000000000000064e-16 rho=0.26003216760193115 accept=1
CLASSICAL_LM o=22 lambda=6.4000000000000062e-15 tau=6.4000000000000062e-15 prediction=1.0536717532818525 rho=0.26003216760193115 accept=1
  MFCG it  23 cost=3.589491e+05 lam=6.400e-16 tau=0.00e+00 cg_it=0 shift=0 ckpt=1 alpha=0 acc mv=105
PCG_PREP o=23 rebuild=1 drift=0 previous_depth=1
POINT_SAFE o=23 frozen=92 slope=-2.052592614098764 candidate=358950.04577512003 original=358948.79576496768 current=358949.0609806393 won=0 mode=1 camera_scale=1 keep_scale=0
ATTR_RADIUS o=23 raw_norm=287269.37221526535 norm=340.36600614992074 radius=680.73201229984136 next_radius=680.73201229984136 lambda=6.4000000000000064e-16 next_lambda=9.9999999999999998e-17 rho=0.25115989545645628 accept=1
CLASSICAL_LM o=23 lambda=6.4000000000000064e-16 tau=6.4000000000000064e-16 prediction=1.0559634576183505 rho=0.25115989545645628 accept=1
  MFCG it  24 cost=3.589488e+05 lam=1.000e-16 tau=0.00e+00 cg_it=0 shift=0 ckpt=1 alpha=0 acc mv=107
PCG_PREP o=24 rebuild=1 drift=0 previous_depth=1
POINT_SAFE o=24 frozen=96 slope=-2.1325506429708017 candidate=358949.80484500463 original=358948.53489362396 current=358948.79576496768 won=0 mode=1 camera_scale=1 keep_scale=0
ATTR_RADIUS o=24 raw_norm=290813.59272138978 norm=340.36600614992074 radius=680.73201229984136 next_radius=170.18300307496034 lambda=9.9999999999999998e-17 next_lambda=1.6e-15 rho=0.24818772600311498 accept=1
CLASSICAL_LM o=24 lambda=9.9999999999999998e-17 tau=9.9999999999999998e-17 prediction=1.0511049354585211 rho=0.24818772600311498 accept=1
  MFCG: converged (OCA_FTOL: 8 outers < 1.0e-05 rel)
  [menu-backtrack] confirming stop with original retry policy at outer 25
  MFCG it  25 cost=3.589485e+05 lam=1.600e-15 tau=0.00e+00 cg_it=0 shift=0 ckpt=1 alpha=0 acc mv=109
PCG_PREP o=25 rebuild=1 drift=0 previous_depth=1
ATTR_RADIUS o=25 raw_norm=287386.34555348818 norm=170.18300307496031 radius=170.18300307496034 next_radius=170.18300307496034 lambda=1.6e-15 next_lambda=1.6e-15 rho=0.55490435912897784 accept=1
CLASSICAL_LM o=25 lambda=1.6e-15 tau=1.6e-15 prediction=0.57554105717925241 rho=0.55490435912897784 accept=1
  MFCG it  26 cost=3.589482e+05 lam=1.600e-15 tau=0.00e+00 cg_it=0 shift=0 ckpt=1 alpha=0 acc mv=111
PCG_PREP o=26 rebuild=1 drift=0 previous_depth=1
ATTR_RADIUS o=26 raw_norm=287641.70445331949 norm=170.18300307496034 radius=170.18300307496034 next_radius=170.18300307496034 lambda=1.6e-15 next_lambda=1.6e-15 rho=0.55069258105847929 accept=1
CLASSICAL_LM o=26 lambda=1.6e-15 tau=1.6e-15 prediction=0.57170153867420648 rho=0.55069258105847929 accept=1
  MFCG it  27 cost=3.589479e+05 lam=1.600e-15 tau=0.00e+00 cg_it=0 shift=0 ckpt=1 alpha=0 acc mv=113
PCG_PREP o=27 rebuild=1 drift=0 previous_depth=1
ATTR_RADIUS o=27 raw_norm=287573.85494474234 norm=170.18300307496037 radius=170.18300307496034 next_radius=170.18300307496034 lambda=1.6e-15 next_lambda=1.6e-15 rho=0.54728961011651989 accept=1
CLASSICAL_LM o=27 lambda=1.6e-15 tau=1.6e-15 prediction=0.57255327404091505 rho=0.54728961011651989 accept=1
  MFCG it  28 cost=3.589476e+05 lam=1.600e-15 tau=0.00e+00 cg_it=0 shift=0 ckpt=1 alpha=0 acc mv=115
PCG_PREP o=28 rebuild=1 drift=0 previous_depth=1
ATTR_RADIUS o=28 raw_norm=287721.52386436821 norm=170.18300307496034 radius=170.18300307496034 next_radius=170.18300307496034 lambda=1.6e-15 next_lambda=1.6e-15 rho=0.54316732920060373 accept=1
CLASSICAL_LM o=28 lambda=1.6e-15 tau=1.6e-15 prediction=0.57443746982417188 rho=0.54316732920060373 accept=1
  MFCG it  29 cost=3.589473e+05 lam=1.600e-15 tau=0.00e+00 cg_it=0 shift=0 ckpt=1 alpha=0 acc mv=117
PCG_PREP o=29 rebuild=1 drift=0 previous_depth=1
ATTR_RADIUS o=29 raw_norm=287605.5567480211 norm=170.18300307496031 radius=170.18300307496034 next_radius=170.18300307496034 lambda=1.6e-15 next_lambda=1.6e-15 rho=0.54510004561662595 accept=1
CLASSICAL_LM o=29 lambda=1.6e-15 tau=1.6e-15 prediction=0.57554824354620693 rho=0.54510004561662595 accept=1
  MFCG it  30 cost=3.589470e+05 lam=1.600e-15 tau=0.00e+00 cg_it=0 shift=0 ckpt=1 alpha=0 acc mv=119
PCG_PREP o=30 rebuild=1 drift=0 previous_depth=1
ATTR_RADIUS o=30 raw_norm=287781.88614144229 norm=170.18300307496028 radius=170.18300307496034 next_radius=170.18300307496034 lambda=1.6e-15 next_lambda=1.6e-15 rho=0.5436526225035303 accept=1
CLASSICAL_LM o=30 lambda=1.6e-15 tau=1.6e-15 prediction=0.57614775314455324 rho=0.5436526225035303 accept=1
  MFCG it  31 cost=3.589466e+05 lam=1.600e-15 tau=0.00e+00 cg_it=0 shift=0 ckpt=1 alpha=0 acc mv=121
PCG_PREP o=31 rebuild=1 drift=0 previous_depth=1
ATTR_RADIUS o=31 raw_norm=287883.06153800682 norm=170.18300307496034 radius=170.18300307496034 next_radius=170.18300307496034 lambda=1.6e-15 next_lambda=1.6e-15 rho=0.54127781879497683 accept=1
CLASSICAL_LM o=31 lambda=1.6e-15 tau=1.6e-15 prediction=0.57771724673410862 rho=0.54127781879497683 accept=1
  MFCG it  32 cost=3.589463e+05 lam=1.600e-15 tau=0.00e+00 cg_it=0 shift=0 ckpt=1 alpha=0 acc mv=123
PCG_PREP o=32 rebuild=1 drift=0 previous_depth=1
ATTR_RADIUS o=32 raw_norm=287843.30312642746 norm=170.18300307496034 radius=170.18300307496034 next_radius=170.18300307496034 lambda=1.6e-15 next_lambda=1.6e-15 rho=0.54392655574746729 accept=1
CLASSICAL_LM o=32 lambda=1.6e-15 tau=1.6e-15 prediction=0.57758939154601996 rho=0.54392655574746729 accept=1
  MFCG: converged (OCA_FTOL: 8 outers < 1.0e-05 rel)
  MFCG: accepts=33 rejects=1 total_matvecs=125 negcurv=0 cand_evals=34 mean_cg_per_outer=3.8
NUMERIC_REPAIR summary rebuilds=0 floor=9.9999999999999998e-17
  [retry-cache] builds=34 reuses=0
  [menu-backtrack] trials=15 rescues=15 evals=33 total_scored=67
POINT_SAFE summary calls=15 evals=13 wins=0 frozen=475 seconds=0.035991282
  [scoring] menu_evals=34 alpha_evals=0 backtrack_evals=33 total_scored=67
RESULT algo=mfree_shifted_cg iters=33 final_cost=358946.0214961118 solve_seconds=0.412569
DIAGNOSTICS median_reproj_err_px 4.948600 -> 0.656391 | cheirality_violations(obs) 0 -> 32 | cheirality_violations(pts, of 64298) 0 -> 16
