  [menu-backtrack] active=1 max_evals=8 warmup_accepts=3 confirm_stop=original armijo=1e-4
MIXED_STORAGE fragments=fp32 arithmetic=fp64 state=fp64 acceptance=fp64
STCG_CONFIG metric=actual_pcg_factor bootstrap=first_forcing_step floor=disabled variable_metric_radius=1
  [compact-fragments] active=2 saved_bytes=55578432 storage=fp32 camera_reads=contiguous
  MFCG score_init=4545737.6927971561 precision=fp64
PCG_PREP o=0 rebuild=1 drift=0 previous_depth=0
ATTR_RADIUS o=0 raw_norm=2322.6157321241462 norm=2322.6157321241462 radius=2322.6157321241462 next_radius=4645.2314642482925 lambda=0.10000000000000001 next_lambda=0.025000000000000001 rho=0.99704261247634318 accept=1
STCG o=0 retry=0 reason=0 depth=1 cap=128 next_iterate_norm=nan norm=2322.6157321241462 radius=2322.6157321241462 accept=1 metric_seconds=7.616e-05 grams=2
CLASSICAL_LM o=0 lambda=0.10000000000000001 tau=0.10000000000000001 prediction=3707235.9066126416 rho=0.99704261247634318 accept=1
  MFCG it   1 cost=8.494655e+05 lam=2.500e-02 tau=0.00e+00 cg_it=0 shift=0 ckpt=1 alpha=0 acc mv=2
PCG_PREP o=1 rebuild=1 drift=0 previous_depth=1
ATTR_RADIUS o=1 raw_norm=1051.013414660762 norm=1051.013414660762 radius=4645.2314642482925 next_radius=4645.2314642482925 lambda=0.025000000000000001 next_lambda=0.0025000000000000005 rho=0.99862273335959351 accept=1
STCG o=1 retry=0 reason=0 depth=5 cap=128 next_iterate_norm=1051.013414660762 norm=1051.013414660762 radius=4645.2314642482925 accept=1 metric_seconds=0.000245529 grams=9
CLASSICAL_LM o=1 lambda=0.025000000000000001 tau=0.025000000000000001 prediction=337368.39715299697 rho=0.99862273335959351 accept=1
  MFCG it   2 cost=5.125618e+05 lam=2.500e-03 tau=0.00e+00 cg_it=4 shift=0 ckpt=5 alpha=0 acc mv=8
PCG_PREP o=2 rebuild=1 drift=0 previous_depth=5
ATTR_RADIUS o=2 raw_norm=615.19468072104075 norm=615.19468072104075 radius=4645.2314642482925 next_radius=4645.2314642482925 lambda=0.0025000000000000005 next_lambda=0.00025000000000000006 rho=0.99894759827351887 accept=1
STCG o=2 retry=0 reason=0 depth=4 cap=128 next_iterate_norm=615.19468072104075 norm=615.19468072104075 radius=4645.2314642482925 accept=1 metric_seconds=0.000389208 grams=15
CLASSICAL_LM o=2 lambda=0.0025000000000000005 tau=0.0025000000000000005 prediction=133739.54369674518 rho=0.99894759827351887 accept=1
  MFCG it   3 cost=3.789630e+05 lam=2.500e-04 tau=0.00e+00 cg_it=3 shift=0 ckpt=4 alpha=0 acc mv=13
PCG_PREP o=3 rebuild=1 drift=0 previous_depth=4
ATTR_RADIUS o=3 raw_norm=190.23463128535045 norm=190.23463128535045 radius=4645.2314642482925 next_radius=4645.2314642482925 lambda=0.00025000000000000006 next_lambda=2.5000000000000008e-05 rho=1.0313015118907094 accept=1
STCG o=3 retry=0 reason=0 depth=1 cap=128 next_iterate_norm=190.23463128535047 norm=190.23463128535045 radius=4645.2314642482925 accept=1 metric_seconds=0.000455138 grams=18
CLASSICAL_LM o=3 lambda=0.00025000000000000006 tau=0.00025000000000000006 prediction=35522.618036749991 rho=1.0313015118907094 accept=1
  MFCG it   4 cost=3.423284e+05 lam=2.500e-05 tau=0.00e+00 cg_it=0 shift=0 ckpt=1 alpha=0 acc mv=15
PCG_PREP o=4 rebuild=1 drift=0 previous_depth=1
ATTR_RADIUS o=4 raw_norm=1252.1648939913227 norm=1252.1648939913227 radius=4645.2314642482925 next_radius=4645.2314642482925 lambda=2.5000000000000008e-05 next_lambda=2.5000000000000011e-06 rho=0.69298524283067997 accept=1
STCG o=4 retry=0 reason=0 depth=7 cap=128 next_iterate_norm=1252.1648939913227 norm=1252.1648939913227 radius=4645.2314642482925 accept=1 metric_seconds=0.000677238 grams=27
CLASSICAL_LM o=4 lambda=2.5000000000000008e-05 tau=2.5000000000000008e-05 prediction=23383.021935231169 rho=0.69298524283067997 accept=1
  MFCG it   5 cost=3.261244e+05 lam=2.500e-06 tau=0.00e+00 cg_it=6 shift=0 ckpt=7 alpha=0 acc mv=23
PCG_PREP o=5 rebuild=1 drift=0 previous_depth=7
ATTR_RADIUS o=5 raw_norm=89.551316231922982 norm=89.551316231922982 radius=4645.2314642482925 next_radius=4645.2314642482925 lambda=2.5000000000000011e-06 next_lambda=2.5000000000000009e-07 rho=0.60265713603564941 accept=1
STCG o=5 retry=0 reason=0 depth=1 cap=128 next_iterate_norm=89.551316231922982 norm=89.551316231922982 radius=4645.2314642482925 accept=1 metric_seconds=0.000741948 grams=30
CLASSICAL_LM o=5 lambda=2.5000000000000011e-06 tau=2.5000000000000011e-06 prediction=9088.4888573904154 rho=0.60265713603564941 accept=1
  MFCG it   6 cost=3.206471e+05 lam=2.500e-07 tau=0.00e+00 cg_it=0 shift=0 ckpt=1 alpha=0 acc mv=25
PCG_PREP o=6 rebuild=1 drift=0 previous_depth=1
ATTR_RADIUS o=6 raw_norm=1700.3806110854212 norm=1700.3806110854212 radius=4645.2314642482925 next_radius=4645.2314642482925 lambda=2.5000000000000009e-07 next_lambda=2.5000000000000012e-08 rho=0.66783715103659136 accept=1
STCG o=6 retry=0 reason=0 depth=13 cap=128 next_iterate_norm=1700.3806110854212 norm=1700.3806110854212 radius=4645.2314642482925 accept=1 metric_seconds=0.001101858 grams=45
CLASSICAL_LM o=6 lambda=2.5000000000000009e-07 tau=2.5000000000000009e-07 prediction=10827.274368983723 rho=0.66783715103659136 accept=1
  MFCG it   7 cost=3.134163e+05 lam=2.500e-08 tau=0.00e+00 cg_it=12 shift=0 ckpt=13 alpha=0 acc mv=39
PCG_PREP o=7 rebuild=1 drift=0 previous_depth=13
ATTR_RADIUS o=7 raw_norm=2223.4410246579041 norm=2223.4410246579037 radius=4645.2314642482925 next_radius=4645.2314642482925 lambda=2.5000000000000012e-08 next_lambda=2.5000000000000013e-09 rho=0.87849039692130537 accept=1
STCG o=7 retry=0 reason=0 depth=27 cap=128 next_iterate_norm=2223.4410246579041 norm=2223.4410246579037 radius=4645.2314642482925 accept=1 metric_seconds=0.001761569 grams=74
CLASSICAL_LM o=7 lambda=2.5000000000000012e-08 tau=2.5000000000000012e-08 prediction=6354.2846293727926 rho=0.87849039692130537 accept=1
  MFCG it   8 cost=3.078341e+05 lam=2.500e-09 tau=0.00e+00 cg_it=26 shift=0 ckpt=27 alpha=0 acc mv=67
PCG_PREP o=8 rebuild=1 drift=0 previous_depth=27
ATTR_RADIUS o=8 raw_norm=106.55159383872979 norm=106.55159383872979 radius=4645.2314642482925 next_radius=4645.2314642482925 lambda=2.5000000000000013e-09 next_lambda=2.5000000000000012e-10 rho=0.92822933844683253 accept=1
STCG o=8 retry=0 reason=0 depth=4 cap=128 next_iterate_norm=106.55159383872977 norm=106.55159383872979 radius=4645.2314642482925 accept=1 metric_seconds=0.001896939 grams=80
CLASSICAL_LM o=8 lambda=2.5000000000000013e-09 tau=2.5000000000000013e-09 prediction=786.93310136060325 rho=0.92822933844683253 accept=1
  MFCG it   9 cost=3.071036e+05 lam=2.500e-10 tau=0.00e+00 cg_it=3 shift=0 ckpt=4 alpha=0 acc mv=72
PCG_PREP o=9 rebuild=1 drift=0 previous_depth=4
ATTR_RADIUS o=9 raw_norm=2373.7402808912593 norm=2373.7402808912593 radius=4645.2314642482925 next_radius=4645.2314642482925 lambda=2.5000000000000012e-10 next_lambda=2.5000000000000014e-11 rho=0.62825839276081996 accept=1
STCG o=9 retry=0 reason=0 depth=41 cap=128 next_iterate_norm=2373.7402808912593 norm=2373.7402808912593 radius=4645.2314642482925 accept=1 metric_seconds=0.002915381 grams=123
CLASSICAL_LM o=9 lambda=2.5000000000000012e-10 tau=2.5000000000000012e-10 prediction=1773.0252099149591 rho=0.62825839276081996 accept=1
TARGET reached outer=10 seconds=0.218608588 cost=305989.70457558217 threshold=306349.5931045434
  MFCG: accepts=10 rejects=0 total_matvecs=114 negcurv=0 cand_evals=10 mean_cg_per_outer=11.4
NUMERIC_REPAIR summary rebuilds=0 floor=9.9999999999999998e-17
STCG summary boundaries=0 curvature_boundaries=0 invalid=0 bootstraps=1 metric_seconds=0.002915381 grams=123
  [retry-cache] builds=10 reuses=0
  [menu-backtrack] trials=0 rescues=0 evals=0 total_scored=10
POINT_SAFE summary calls=0 evals=0 wins=0 frozen=0 seconds=0
  [scoring] menu_evals=10 alpha_evals=0 backtrack_evals=0 total_scored=10
RESULT algo=mfree_shifted_cg iters=10 final_cost=305989.7045755822 solve_seconds=0.222369
DIAGNOSTICS median_reproj_err_px 1.058298 -> 0.368516 | cheirality_violations(obs) 0 -> 2 | cheirality_violations(pts, of 100368) 0 -> 2
