  [menu-backtrack] active=1 max_evals=8 warmup_accepts=3 confirm_stop=original armijo=1e-4
MIXED_STORAGE fragments=fp32 arithmetic=fp64 state=fp64 acceptance=fp64
  [compact-fragments] active=2 saved_bytes=171996448 storage=fp32 camera_reads=contiguous
  MFCG score_init=90993342.024340227 precision=fp64
PCG_PREP o=0 rebuild=1 drift=0 previous_depth=0
ATTR_RADIUS o=0 raw_norm=8654.3112787736627 norm=8654.3112787736627 radius=8654.3112787736627 next_radius=17308.622557547325 lambda=0.10000000000000001 next_lambda=0.025000000000000001 rho=0.9950728685080138 accept=1
CLASSICAL_LM o=0 lambda=0.10000000000000001 tau=0.10000000000000001 prediction=84864420.877437994 rho=0.9950728685080138 accept=1
  MFCG it   1 cost=6.547059e+06 lam=2.500e-02 tau=0.00e+00 cg_it=1 shift=0 ckpt=2 alpha=0 acc mv=3
PCG_PREP o=1 rebuild=1 drift=0 previous_depth=2
ATTR_RADIUS o=1 raw_norm=4520.1218016453977 norm=4520.1218016453986 radius=17308.622557547325 next_radius=17308.622557547325 lambda=0.025000000000000001 next_lambda=0.0025000000000000005 rho=0.99296682315351792 accept=1
CLASSICAL_LM o=1 lambda=0.025000000000000001 tau=0.025000000000000001 prediction=2867069.0824532388 rho=0.99296682315351792 accept=1
  MFCG it   2 cost=3.700155e+06 lam=2.500e-03 tau=0.00e+00 cg_it=4 shift=0 ckpt=5 alpha=0 acc mv=9
PCG_PREP o=2 rebuild=1 drift=0 previous_depth=5
ATTR_RADIUS o=2 raw_norm=6968.9240849359712 norm=6968.9240849359712 radius=17308.622557547325 next_radius=17308.622557547325 lambda=0.0025000000000000005 next_lambda=0.00025000000000000006 rho=0.8239636945483676 accept=1
CLASSICAL_LM o=2 lambda=0.0025000000000000005 tau=0.0025000000000000005 prediction=1214583.7570763612 rho=0.8239636945483676 accept=1
  MFCG it   3 cost=2.699382e+06 lam=2.500e-04 tau=0.00e+00 cg_it=10 shift=0 ckpt=11 alpha=0 acc mv=21
PCG_PREP o=3 rebuild=1 drift=0 previous_depth=11
ATTR_RADIUS o=3 raw_norm=10916.630822876052 norm=10916.630822876052 radius=17308.622557547325 next_radius=17308.622557547325 lambda=0.00025000000000000006 next_lambda=2.5000000000000008e-05 rho=0.55635784350302175 accept=1
CLASSICAL_LM o=3 lambda=0.00025000000000000006 tau=0.00025000000000000006 prediction=649723.47305908869 rho=0.55635784350302175 accept=1
  MFCG it   4 cost=2.337903e+06 lam=2.500e-05 tau=0.00e+00 cg_it=0 shift=0 ckpt=1 alpha=0 acc mv=23
PCG_PREP o=4 rebuild=1 drift=0 previous_depth=1
ATTR_RADIUS o=4 raw_norm=11563.92394669547 norm=11563.92394669547 radius=17308.622557547325 next_radius=17308.622557547325 lambda=2.5000000000000008e-05 next_lambda=2.5000000000000011e-06 rho=0.335990263931015 accept=1
CLASSICAL_LM o=4 lambda=2.5000000000000008e-05 tau=2.5000000000000008e-05 prediction=366496.96448096645 rho=0.335990263931015 accept=1
  MFCG it   5 cost=2.214764e+06 lam=2.500e-06 tau=0.00e+00 cg_it=0 shift=0 ckpt=1 alpha=0 acc mv=25
PCG_PREP o=5 rebuild=1 drift=0 previous_depth=1
ATTR_RADIUS o=5 raw_norm=55365.663174249028 norm=0 radius=17308.622557547325 next_radius=4327.1556393868314 lambda=2.5000000000000011e-06 next_lambda=4.0000000000000017e-05 rho=0.0091933626943100418 accept=0
CLASSICAL_LM o=5 lambda=2.5000000000000011e-06 tau=2.5000000000000011e-06 prediction=312173.4710519365 rho=0.0091933626943100418 accept=0
  MFCG it   6  retry 1/8  lam=4.000e-05 tau_eff=2.500e-06  (assembly reused)
PCG_PREP o=5 rebuild=1 drift=0 previous_depth=7
ATTR_RADIUS o=5 raw_norm=19503.044940447133 norm=4327.1556393868314 radius=4327.1556393868314 next_radius=4327.1556393868314 lambda=4.0000000000000017e-05 next_lambda=4.0000000000000017e-05 rho=0.61336672800867131 accept=1
CLASSICAL_LM o=5 lambda=4.0000000000000017e-05 tau=4.0000000000000017e-05 prediction=278559.50225477829 rho=0.61336672800867131 accept=1
  MFCG it   6 cost=2.043905e+06 lam=4.000e-05 tau=0.00e+00 cg_it=3 shift=0 ckpt=4 alpha=0 acc mv=38
PCG_PREP o=6 rebuild=1 drift=0 previous_depth=4
POINT_SAFE o=6 frozen=105 slope=-67282.690438246587 candidate=2000700.6294606931 original=2035185.0761933043 current=2043904.6165482262 won=1 mode=1 camera_scale=1 keep_scale=0
ATTR_RADIUS o=6 raw_norm=19328.45603509964 norm=4327.1556393868314 radius=4327.1556393868314 next_radius=8654.3112787736627 lambda=4.0000000000000017e-05 next_lambda=1.0000000000000004e-05 rho=0.92074379405253792 accept=1
CLASSICAL_LM o=6 lambda=4.0000000000000017e-05 tau=4.0000000000000017e-05 prediction=46922.919672774769 rho=0.92074379405253792 accept=1
  MFCG it   7 cost=2.000701e+06 lam=1.000e-05 tau=0.00e+00 cg_it=4 shift=0 ckpt=5 alpha=0 acc mv=44
PCG_PREP o=7 rebuild=1 drift=0 previous_depth=5
POINT_SAFE o=7 frozen=604 slope=-94636.834447870002 candidate=1954445.8620962538 original=1966289.0599990485 current=2000700.6294606931 won=1 mode=1 camera_scale=1 keep_scale=0
ATTR_RADIUS o=7 raw_norm=33936.137621720525 norm=8654.3112787736627 radius=8654.3112787736627 next_radius=17308.622557547325 lambda=1.0000000000000004e-05 next_lambda=2.5000000000000011e-06 rho=0.75289456199445814 accept=1
CLASSICAL_LM o=7 lambda=1.0000000000000004e-05 tau=1.0000000000000004e-05 prediction=61435.916394332773 rho=0.75289456199445814 accept=1
  MFCG it   8 cost=1.954446e+06 lam=2.500e-06 tau=0.00e+00 cg_it=6 shift=0 ckpt=7 alpha=0 acc mv=52
PCG_PREP o=8 rebuild=1 drift=0 previous_depth=7
POINT_SAFE o=8 frozen=883 slope=-70716.101122742199 candidate=1934938.5549102526 original=1927066.102151802 current=1954445.8620962538 won=0 mode=1 camera_scale=1 keep_scale=0
ATTR_RADIUS o=8 raw_norm=56777.648477958333 norm=4327.1556393868286 radius=17308.622557547325 next_radius=17308.622557547325 lambda=2.5000000000000011e-06 next_lambda=2.5000000000000009e-07 rho=0.61175851302873197 accept=1
CLASSICAL_LM o=8 lambda=2.5000000000000011e-06 tau=2.5000000000000011e-06 prediction=44755.829892580208 rho=0.61175851302873197 accept=1
  MFCG it   9 cost=1.927066e+06 lam=2.500e-07 tau=0.00e+00 cg_it=7 shift=0 ckpt=8 alpha=0 acc mv=61
PCG_PREP o=9 rebuild=1 drift=0 previous_depth=8
POINT_SAFE o=9 frozen=964 slope=-46411.660763186155 candidate=1912389.6910326253 original=1926265.5173058768 current=1927066.102151802 won=1 mode=1 camera_scale=1 keep_scale=0
ATTR_RADIUS o=9 raw_norm=88989.659495271291 norm=17308.622557547325 radius=17308.622557547325 next_radius=17308.622557547325 lambda=2.5000000000000009e-07 next_lambda=2.5000000000000009e-07 rho=0.45854717344269752 accept=1
CLASSICAL_LM o=9 lambda=2.5000000000000009e-07 tau=2.5000000000000009e-07 prediction=32006.327743749171 rho=0.45854717344269752 accept=1
  MFCG it  10 cost=1.912390e+06 lam=2.500e-07 tau=0.00e+00 cg_it=7 shift=0 ckpt=8 alpha=0 acc mv=70
PCG_PREP o=10 rebuild=1 drift=0 previous_depth=8
POINT_SAFE o=10 frozen=728 slope=-34904.345032961282 candidate=2906924.5029931501 original=1911712.1544365715 current=1912389.6910326253 won=0 mode=1 camera_scale=1 keep_scale=0
ATTR_RADIUS o=10 raw_norm=55679.528360456388 norm=270.44722746167685 radius=17308.622557547325 next_radius=17308.622557547325 lambda=2.5000000000000009e-07 next_lambda=2.5000000000000012e-08 rho=0.31348062081499789 accept=1
CLASSICAL_LM o=10 lambda=2.5000000000000009e-07 tau=2.5000000000000009e-07 prediction=2161.3348675023744 rho=0.31348062081499789 accept=1
  MFCG it  11 cost=1.911712e+06 lam=2.500e-08 tau=0.00e+00 cg_it=0 shift=0 ckpt=1 alpha=0 acc mv=72
PCG_PREP o=11 rebuild=1 drift=0 previous_depth=1
POINT_SAFE o=11 frozen=525 slope=-30475.69104959938 candidate=2541347.8920307695 original=1911275.7492956277 current=1911712.1544365715 won=0 mode=1 camera_scale=1 keep_scale=0
ATTR_RADIUS o=11 raw_norm=92606.545485487208 norm=135.22361373083848 radius=17308.622557547325 next_radius=17308.622557547325 lambda=2.5000000000000012e-08 next_lambda=2.5000000000000013e-09 rho=0.41630262208752566 accept=1
CLASSICAL_LM o=11 lambda=2.5000000000000012e-08 tau=2.5000000000000012e-08 prediction=1048.2882350235909 rho=0.41630262208752566 accept=1
  MFCG it  12 cost=1.911276e+06 lam=2.500e-09 tau=0.00e+00 cg_it=0 shift=0 ckpt=1 alpha=0 acc mv=74
PCG_PREP o=12 rebuild=1 drift=0 previous_depth=1
POINT_SAFE o=12 frozen=485 slope=-29273.64075136403 candidate=2300301.0309195276 original=inf current=1911275.7492956277 won=0 mode=1 camera_scale=1 keep_scale=0
ATTR_RADIUS o=12 raw_norm=110893.53106811784 norm=17308.622557547318 radius=17308.622557547325 next_radius=4327.1556393868314 lambda=2.5000000000000013e-09 next_lambda=4.0000000000000021e-08 rho=-1 accept=0
CLASSICAL_LM o=12 lambda=2.5000000000000013e-09 tau=2.5000000000000013e-09 prediction=16825.694801938545 rho=-1 accept=0
  MFCG it  13  retry 1/8  lam=4.000e-08 tau_eff=2.500e-09  (assembly reused)
PCG_PREP o=12 rebuild=1 drift=0 previous_depth=1
POINT_SAFE o=12 frozen=237 slope=-25670.791216000543 candidate=1913284.1694115561 original=inf current=1911275.7492956277 won=0 mode=1 camera_scale=1 keep_scale=0
ATTR_RADIUS o=12 raw_norm=86238.9718889707 norm=4327.1556393868323 radius=4327.1556393868314 next_radius=1081.7889098467078 lambda=4.0000000000000021e-08 next_lambda=6.4000000000000033e-07 rho=-1 accept=0
CLASSICAL_LM o=12 lambda=4.0000000000000021e-08 tau=4.0000000000000021e-08 prediction=13623.945683999153 rho=-1 accept=0
  MFCG it  13  retry 2/8  lam=6.400e-07 tau_eff=4.000e-08  (assembly reused)
PCG_PREP o=12 rebuild=1 drift=0 previous_depth=1
POINT_SAFE o=12 frozen=60 slope=-24825.755476458278 candidate=1899762.4074484634 original=inf current=1911275.7492956277 won=1 mode=1 camera_scale=1 keep_scale=0
ATTR_RADIUS o=12 raw_norm=38099.75276049153 norm=1081.7889098467076 radius=1081.7889098467078 next_radius=2163.5778196934157 lambda=6.4000000000000033e-07 next_lambda=1.6000000000000008e-07 rho=0.89403746699490783 accept=1
CLASSICAL_LM o=12 lambda=6.4000000000000033e-07 tau=6.4000000000000033e-07 prediction=12877.918736295982 rho=0.89403746699490783 accept=1
  MFCG it  13 cost=1.899762e+06 lam=1.600e-07 tau=0.00e+00 cg_it=0 shift=0 ckpt=1 alpha=0 acc mv=80
PCG_PREP o=13 rebuild=1 drift=0 previous_depth=1
POINT_SAFE o=13 frozen=505 slope=-3131.0024114995276 candidate=1899940.6957932159 original=inf current=1899762.4074484634 won=0 mode=1 camera_scale=1 keep_scale=0
ATTR_RADIUS o=13 raw_norm=60514.482745036184 norm=2163.5778196934161 radius=2163.5778196934157 next_radius=540.89445492335392 lambda=1.6000000000000008e-07 next_lambda=2.5600000000000013e-06 rho=-1 accept=0
CLASSICAL_LM o=13 lambda=1.6000000000000008e-07 tau=1.6000000000000008e-07 prediction=2178.9753702305156 rho=-1 accept=0
  MFCG it  14  retry 1/8  lam=2.560e-06 tau_eff=1.600e-07  (assembly reused)
PCG_PREP o=13 rebuild=1 drift=0 previous_depth=1
POINT_SAFE o=13 frozen=247 slope=-2722.5825279822084 candidate=1898138.3299661919 original=inf current=1899762.4074484634 won=1 mode=1 camera_scale=1 keep_scale=0
ATTR_RADIUS o=13 raw_norm=19371.058883886293 norm=540.89445492335392 radius=540.89445492335392 next_radius=1081.7889098467078 lambda=2.5600000000000013e-06 next_lambda=6.4000000000000033e-07 rho=0.89107344601337035 accept=1
CLASSICAL_LM o=13 lambda=2.5600000000000013e-06 tau=2.5600000000000013e-06 prediction=1822.6078776531122 rho=0.89107344601337035 accept=1
  MFCG it  14 cost=1.898138e+06 lam=6.400e-07 tau=0.00e+00 cg_it=0 shift=0 ckpt=1 alpha=0 acc mv=84
PCG_PREP o=14 rebuild=1 drift=0 previous_depth=1
POINT_SAFE o=14 frozen=381 slope=-1291.0277552215734 candidate=1897490.1613186745 original=inf current=1898138.3299661919 won=1 mode=1 camera_scale=1 keep_scale=0
ATTR_RADIUS o=14 raw_norm=37743.314137713118 norm=1081.7889098467072 radius=1081.7889098467078 next_radius=1081.7889098467078 lambda=6.4000000000000033e-07 next_lambda=6.4000000000000033e-07 rho=0.58476136589251193 accept=1
CLASSICAL_LM o=14 lambda=6.4000000000000033e-07 tau=6.4000000000000033e-07 prediction=1108.4327476528151 rho=0.58476136589251193 accept=1
  MFCG it  15 cost=1.897490e+06 lam=6.400e-07 tau=0.00e+00 cg_it=0 shift=0 ckpt=1 alpha=0 acc mv=86
PCG_PREP o=15 rebuild=1 drift=0 previous_depth=1
POINT_SAFE o=15 frozen=224 slope=-1009.5937285804258 candidate=1896957.2189353425 original=1897337.3225973353 current=1897490.1613186745 won=1 mode=1 camera_scale=1 keep_scale=0
ATTR_RADIUS o=15 raw_norm=37347.560254025651 norm=1081.7889098467076 radius=1081.7889098467078 next_radius=1081.7889098467078 lambda=6.4000000000000033e-07 next_lambda=6.4000000000000033e-07 rho=0.55566951616624716 accept=1
CLASSICAL_LM o=15 lambda=6.4000000000000033e-07 tau=6.4000000000000033e-07 prediction=959.09955077056566 rho=0.55566951616624716 accept=1
  MFCG it  16 cost=1.896957e+06 lam=6.400e-07 tau=0.00e+00 cg_it=0 shift=0 ckpt=1 alpha=0 acc mv=88
PCG_PREP o=16 rebuild=1 drift=0 previous_depth=1
POINT_SAFE o=16 frozen=132 slope=-966.20746268313201 candidate=1896444.2324518852 original=1896828.7617168461 current=1896957.2189353425 won=1 mode=1 camera_scale=1 keep_scale=0
ATTR_RADIUS o=16 raw_norm=36861.040951422248 norm=1081.7889098467078 radius=1081.7889098467078 next_radius=1081.7889098467078 lambda=6.4000000000000033e-07 next_lambda=6.4000000000000033e-07 rho=0.54800789683312567 accept=1
CLASSICAL_LM o=16 lambda=6.4000000000000033e-07 tau=6.4000000000000033e-07 prediction=936.09323227229947 rho=0.54800789683312567 accept=1
  MFCG it  17 cost=1.896444e+06 lam=6.400e-07 tau=0.00e+00 cg_it=0 shift=0 ckpt=1 alpha=0 acc mv=90
PCG_PREP o=17 rebuild=1 drift=0 previous_depth=1
POINT_SAFE o=17 frozen=178 slope=-955.60034401867131 candidate=1895949.9954154019 original=1896153.2190225499 current=1896444.2324518852 won=1 mode=1 camera_scale=1 keep_scale=0
ATTR_RADIUS o=17 raw_norm=36357.086087080388 norm=1081.7889098467078 radius=1081.7889098467078 next_radius=1081.7889098467078 lambda=6.4000000000000033e-07 next_lambda=6.4000000000000033e-07 rho=0.53031310077241034 accept=1
CLASSICAL_LM o=17 lambda=6.4000000000000033e-07 tau=6.4000000000000033e-07 prediction=931.97214204872057 rho=0.53031310077241034 accept=1
  MFCG it  18 cost=1.895950e+06 lam=6.400e-07 tau=0.00e+00 cg_it=0 shift=0 ckpt=1 alpha=0 acc mv=92
PCG_PREP o=18 rebuild=1 drift=0 previous_depth=1
POINT_SAFE o=18 frozen=123 slope=-960.28200670218757 candidate=1895464.7176999685 original=1895552.4628440039 current=1895949.9954154019 won=1 mode=1 camera_scale=1 keep_scale=0
ATTR_RADIUS o=18 raw_norm=35775.178950801826 norm=1081.7889098467078 radius=1081.7889098467078 next_radius=1081.7889098467078 lambda=6.4000000000000033e-07 next_lambda=6.4000000000000033e-07 rho=0.51781150749098048 accept=1
CLASSICAL_LM o=18 lambda=6.4000000000000033e-07 tau=6.4000000000000033e-07 prediction=937.17058893644185 rho=0.51781150749098048 accept=1
  MFCG it  19 cost=1.895465e+06 lam=6.400e-07 tau=0.00e+00 cg_it=0 shift=0 ckpt=1 alpha=0 acc mv=94
PCG_PREP o=19 rebuild=1 drift=0 previous_depth=1
POINT_SAFE o=19 frozen=178 slope=-969.39398632991049 candidate=1894988.3256735238 original=1895225.426377913 current=1895464.7176999685 won=1 mode=1 camera_scale=1 keep_scale=0
ATTR_RADIUS o=19 raw_norm=35164.61866777495 norm=1081.7889098467078 radius=1081.7889098467078 next_radius=1081.7889098467078 lambda=6.4000000000000033e-07 next_lambda=6.4000000000000033e-07 rho=0.50392577187016974 accept=1
CLASSICAL_LM o=19 lambda=6.4000000000000033e-07 tau=6.4000000000000033e-07 prediction=945.36150567707182 rho=0.50392577187016974 accept=1
  MFCG it  20 cost=1.894988e+06 lam=6.400e-07 tau=0.00e+00 cg_it=0 shift=0 ckpt=1 alpha=0 acc mv=96
PCG_PREP o=20 rebuild=1 drift=0 previous_depth=1
POINT_SAFE o=20 frozen=146 slope=-980.24223959085566 candidate=1894518.543326118 original=1894540.9630452285 current=1894988.3256735238 won=1 mode=1 camera_scale=1 keep_scale=0
ATTR_RADIUS o=20 raw_norm=34526.970757590061 norm=1081.7889098467083 radius=1081.7889098467078 next_radius=1081.7889098467078 lambda=6.4000000000000033e-07 next_lambda=6.4000000000000033e-07 rho=0.49184201969530739 accept=1
CLASSICAL_LM o=20 lambda=6.4000000000000033e-07 tau=6.4000000000000033e-07 prediction=955.14886608676056 rho=0.49184201969530739 accept=1
  MFCG it  21 cost=1.894519e+06 lam=6.400e-07 tau=0.00e+00 cg_it=0 shift=0 ckpt=1 alpha=0 acc mv=98
PCG_PREP o=21 rebuild=1 drift=0 previous_depth=1
POINT_SAFE o=21 frozen=181 slope=-993.08128515706755 candidate=1894056.6728649291 original=1893916.1436416432 current=1894518.543326118 won=0 mode=1 camera_scale=1 keep_scale=0
ATTR_RADIUS o=21 raw_norm=33906.03108169914 norm=16.902951716354803 radius=1081.7889098467078 next_radius=1081.7889098467078 lambda=6.4000000000000033e-07 next_lambda=6.400000000000003e-08 rho=0.37144313291212949 accept=1
CLASSICAL_LM o=21 lambda=6.4000000000000033e-07 tau=6.4000000000000033e-07 prediction=1621.7817240339459 rho=0.37144313291212949 accept=1
  MFCG it  22 cost=1.893916e+06 lam=6.400e-08 tau=0.00e+00 cg_it=0 shift=0 ckpt=1 alpha=0 acc mv=100
PCG_PREP o=22 rebuild=1 drift=0 previous_depth=1
POINT_SAFE o=22 frozen=129 slope=-569.95968889461949 candidate=1894149.7772117222 original=inf current=1893916.1436416432 won=0 mode=1 camera_scale=1 keep_scale=0
ATTR_RADIUS o=22 raw_norm=61929.487688537884 norm=1081.7889098467078 radius=1081.7889098467078 next_radius=270.44722746167696 lambda=6.400000000000003e-08 next_lambda=1.0240000000000005e-06 rho=-1 accept=0
CLASSICAL_LM o=22 lambda=6.400000000000003e-08 tau=6.400000000000003e-08 prediction=554.0541652391222 rho=-1 accept=0
  MFCG it  23  retry 1/8  lam=1.024e-06 tau_eff=6.400e-08  (assembly reused)
PCG_PREP o=22 rebuild=1 drift=0 previous_depth=1
POINT_SAFE o=22 frozen=31 slope=-322.92034978472509 candidate=1893637.8778071182 original=inf current=1893916.1436416432 won=1 mode=1 camera_scale=1 keep_scale=0
ATTR_RADIUS o=22 raw_norm=27308.774258878711 norm=270.44722746167685 radius=270.44722746167696 next_radius=540.89445492335392 lambda=1.0240000000000005e-06 next_lambda=2.5600000000000012e-07 rho=0.89851855585781282 accept=1
CLASSICAL_LM o=22 lambda=1.0240000000000005e-06 tau=1.0240000000000005e-06 prediction=309.69403214977035 rho=0.89851855585781282 accept=1
  MFCG it  23 cost=1.893638e+06 lam=2.560e-07 tau=0.00e+00 cg_it=0 shift=0 ckpt=1 alpha=0 acc mv=104
PCG_PREP o=23 rebuild=1 drift=0 previous_depth=1
POINT_SAFE o=23 frozen=478 slope=-364.15782365101416 candidate=1893415.7075448171 original=inf current=1893637.8778071182 won=1 mode=1 camera_scale=1 keep_scale=0
ATTR_RADIUS o=23 raw_norm=45813.928108754058 norm=540.89445492335403 radius=540.89445492335392 next_radius=540.89445492335392 lambda=2.5600000000000012e-07 next_lambda=2.5600000000000012e-07 rho=0.61537493663699694 accept=1
CLASSICAL_LM o=23 lambda=2.5600000000000012e-07 tau=2.5600000000000012e-07 prediction=361.03235454349306 rho=0.61537493663699694 accept=1
  MFCG it  24 cost=1.893416e+06 lam=2.560e-07 tau=0.00e+00 cg_it=0 shift=0 ckpt=1 alpha=0 acc mv=106
PCG_PREP o=24 rebuild=1 drift=0 previous_depth=1
POINT_SAFE o=24 frozen=134 slope=-362.36617179588086 candidate=1893183.6293547775 original=1893287.1035085223 current=1893415.7075448171 won=1 mode=1 camera_scale=1 keep_scale=0
ATTR_RADIUS o=24 raw_norm=45580.022651523534 norm=540.89445492335381 radius=540.89445492335392 next_radius=540.89445492335392 lambda=2.5600000000000012e-07 next_lambda=2.5600000000000012e-07 rho=0.6458495759285553 accept=1
CLASSICAL_LM o=24 lambda=2.5600000000000012e-07 tau=2.5600000000000012e-07 prediction=359.3378376163605 rho=0.6458495759285553 accept=1
  MFCG it  25 cost=1.893184e+06 lam=2.560e-07 tau=0.00e+00 cg_it=0 shift=0 ckpt=1 alpha=0 acc mv=108
PCG_PREP o=25 rebuild=1 drift=0 previous_depth=1
POINT_SAFE o=25 frozen=244 slope=-362.62415671466647 candidate=1892944.7742089177 original=1893165.3961471743 current=1893183.6293547775 won=1 mode=1 camera_scale=1 keep_scale=0
ATTR_RADIUS o=25 raw_norm=45175.749596566064 norm=540.89445492335369 radius=540.89445492335392 next_radius=540.89445492335392 lambda=2.5600000000000012e-07 next_lambda=2.5600000000000012e-07 rho=0.66423183272632158 accept=1
CLASSICAL_LM o=25 lambda=2.5600000000000012e-07 tau=2.5600000000000012e-07 prediction=359.59605380457361 rho=0.66423183272632158 accept=1
  MFCG it  26 cost=1.892945e+06 lam=2.560e-07 tau=0.00e+00 cg_it=0 shift=0 ckpt=1 alpha=0 acc mv=110
PCG_PREP o=26 rebuild=1 drift=0 previous_depth=1
POINT_SAFE o=26 frozen=127 slope=-362.28805938611004 candidate=1892703.2786419806 original=1892775.4057404937 current=1892944.7742089177 won=1 mode=1 camera_scale=1 keep_scale=0
ATTR_RADIUS o=26 raw_norm=44860.916359475959 norm=540.89445492335403 radius=540.89445492335392 next_radius=540.89445492335392 lambda=2.5600000000000012e-07 next_lambda=2.5600000000000012e-07 rho=0.67225529563219621 accept=1
CLASSICAL_LM o=26 lambda=2.5600000000000012e-07 tau=2.5600000000000012e-07 prediction=359.23192945625823 rho=0.67225529563219621 accept=1
  MFCG it  27 cost=1.892703e+06 lam=2.560e-07 tau=0.00e+00 cg_it=0 shift=0 ckpt=1 alpha=0 acc mv=112
PCG_PREP o=27 rebuild=1 drift=0 previous_depth=1
POINT_SAFE o=27 frozen=237 slope=-362.53701590965534 candidate=1892458.592357829 original=1892436.0584387355 current=1892703.2786419806 won=0 mode=1 camera_scale=1 keep_scale=0
ATTR_RADIUS o=27 raw_norm=44473.865648848849 norm=4.2257379290887034 radius=540.89445492335392 next_radius=540.89445492335392 lambda=2.5600000000000012e-07 next_lambda=2.5600000000000014e-08 rho=0.3336436209817511 accept=1
CLASSICAL_LM o=27 lambda=2.5600000000000012e-07 tau=2.5600000000000012e-07 prediction=800.91506757647403 rho=0.3336436209817511 accept=1
  MFCG it  28 cost=1.892436e+06 lam=2.560e-08 tau=0.00e+00 cg_it=0 shift=0 ckpt=1 alpha=0 acc mv=114
PCG_PREP o=28 rebuild=1 drift=0 previous_depth=1
POINT_SAFE o=28 frozen=144 slope=-238.05218350053875 candidate=1892321.1490427093 original=inf current=1892436.0584387355 won=1 mode=1 camera_scale=1 keep_scale=0
ATTR_RADIUS o=28 raw_norm=69679.424814369733 norm=540.89445492335392 radius=540.89445492335392 next_radius=540.89445492335392 lambda=2.5600000000000014e-08 next_lambda=2.5600000000000014e-08 rho=0.48655522316668864 accept=1
CLASSICAL_LM o=28 lambda=2.5600000000000014e-08 tau=2.5600000000000014e-08 prediction=236.16927854233879 rho=0.48655522316668864 accept=1
  MFCG it  29 cost=1.892321e+06 lam=2.560e-08 tau=0.00e+00 cg_it=0 shift=0 ckpt=1 alpha=0 acc mv=116
PCG_PREP o=29 rebuild=1 drift=0 previous_depth=1
POINT_SAFE o=29 frozen=196 slope=-218.86801006277724 candidate=1892173.5975348717 original=1892227.5887638899 current=1892321.1490427093 won=1 mode=1 camera_scale=1 keep_scale=0
ATTR_RADIUS o=29 raw_norm=74532.660959037472 norm=540.89445492335369 radius=540.89445492335392 next_radius=540.89445492335392 lambda=2.5600000000000014e-08 next_lambda=2.5600000000000014e-08 rho=0.67777864757013462 accept=1
CLASSICAL_LM o=29 lambda=2.5600000000000014e-08 tau=2.5600000000000014e-08 prediction=217.69866661716651 rho=0.67777864757013462 accept=1
  MFCG it  30 cost=1.892174e+06 lam=2.560e-08 tau=0.00e+00 cg_it=0 shift=0 ckpt=1 alpha=0 acc mv=118
PCG_PREP o=30 rebuild=1 drift=0 previous_depth=1
POINT_SAFE o=30 frozen=177 slope=-214.77896615356042 candidate=1892020.736840016 original=1891997.5828319083 current=1892173.5975348717 won=0 mode=1 camera_scale=1 keep_scale=0
ATTR_RADIUS o=30 raw_norm=75380.411568275449 norm=2.1128689645443521 radius=540.89445492335392 next_radius=540.89445492335392 lambda=2.5600000000000014e-08 next_lambda=2.5600000000000015e-09 rho=0.44095912619663941 accept=1
CLASSICAL_LM o=30 lambda=2.5600000000000014e-08 tau=2.5600000000000014e-08 prediction=399.16330677079287 rho=0.44095912619663941 accept=1
  MFCG it  31 cost=1.891998e+06 lam=2.560e-09 tau=0.00e+00 cg_it=0 shift=0 ckpt=1 alpha=0 acc mv=120
PCG_PREP o=31 rebuild=1 drift=0 previous_depth=1
NUMERIC_REPAIR o=31 lambda=2.5600000000000015e-09 rayleigh=-2.7141525867009548e-07 next_lambda=1.0959010346803819e-06 cg=1 rebuild=1
PCG_PREP o=31 rebuild=1 drift=0 previous_depth=1
POINT_SAFE o=31 frozen=529 slope=-615.95282834094792 candidate=1891510.9967909534 original=inf current=1891997.5828319083 won=1 mode=1 camera_scale=1 keep_scale=0
ATTR_RADIUS o=31 raw_norm=25493.874639748185 norm=540.89445492335381 radius=540.89445492335392 next_radius=1081.7889098467078 lambda=1.0959010346803819e-06 next_lambda=1.0959010346803819e-06 rho=0.79911890900785887 accept=1
CLASSICAL_LM o=31 lambda=1.0959010346803819e-06 tau=1.0959010346803819e-06 prediction=608.90317507180748 rho=0.79911890900785887 accept=1
  MFCG it  32 cost=1.891511e+06 lam=1.096e-06 tau=0.00e+00 cg_it=0 shift=0 ckpt=1 alpha=0 acc mv=124
PCG_PREP o=32 rebuild=1 drift=0 previous_depth=1
POINT_SAFE o=32 frozen=378 slope=-1210.2072447319779 candidate=1890824.2846354027 original=inf current=1891510.9967909534 won=1 mode=1 camera_scale=1 keep_scale=0
ATTR_RADIUS o=32 raw_norm=25334.106552464691 norm=1081.7889098467085 radius=1081.7889098467078 next_radius=1081.7889098467078 lambda=1.0959010346803819e-06 next_lambda=1.0959010346803819e-06 rho=0.58122112852656616 accept=1
CLASSICAL_LM o=32 lambda=1.0959010346803819e-06 tau=1.0959010346803819e-06 prediction=1181.4989542647543 rho=0.58122112852656616 accept=1
  MFCG it  33 cost=1.890824e+06 lam=1.096e-06 tau=0.00e+00 cg_it=0 shift=0 ckpt=1 alpha=0 acc mv=126
PCG_PREP o=33 rebuild=1 drift=0 previous_depth=1
POINT_SAFE o=33 frozen=208 slope=-1223.4256070851191 candidate=1890147.4997407473 original=inf current=1890824.2846354027 won=1 mode=1 camera_scale=1 keep_scale=0
ATTR_RADIUS o=33 raw_norm=24980.133269366153 norm=1081.7889098467076 radius=1081.7889098467078 next_radius=1081.7889098467078 lambda=1.0959010346803819e-06 next_lambda=1.0959010346803819e-06 rho=0.57225410832503265 accept=1
CLASSICAL_LM o=33 lambda=1.0959010346803819e-06 tau=1.0959010346803819e-06 prediction=1182.6649818843309 rho=0.57225410832503265 accept=1
  MFCG it  34 cost=1.890147e+06 lam=1.096e-06 tau=0.00e+00 cg_it=0 shift=0 ckpt=1 alpha=0 acc mv=128
PCG_PREP o=34 rebuild=1 drift=0 previous_depth=1
POINT_SAFE o=34 frozen=161 slope=-1215.6655226121763 candidate=1889514.7403878304 original=1889972.2373543875 current=1890147.4997407473 won=1 mode=1 camera_scale=1 keep_scale=0
ATTR_RADIUS o=34 raw_norm=24690.868850551738 norm=1081.7889098467076 radius=1081.7889098467078 next_radius=1081.7889098467078 lambda=1.0959010346803819e-06 next_lambda=1.0959010346803819e-06 rho=0.53922830058247595 accept=1
CLASSICAL_LM o=34 lambda=1.0959010346803819e-06 tau=1.0959010346803819e-06 prediction=1173.4535302270731 rho=0.53922830058247595 accept=1
  MFCG it  35 cost=1.889515e+06 lam=1.096e-06 tau=0.00e+00 cg_it=0 shift=0 ckpt=1 alpha=0 acc mv=130
PCG_PREP o=35 rebuild=1 drift=0 previous_depth=1
POINT_SAFE o=35 frozen=161 slope=-1199.1423023328159 candidate=1888919.2442753466 original=1889232.3991547448 current=1889514.7403878304 won=1 mode=1 camera_scale=1 keep_scale=0
ATTR_RADIUS o=35 raw_norm=24522.91920098737 norm=1081.7889098467076 radius=1081.7889098467078 next_radius=1081.7889098467078 lambda=1.0959010346803819e-06 next_lambda=1.0959010346803819e-06 rho=0.51473863653799357 accept=1
CLASSICAL_LM o=35 lambda=1.0959010346803819e-06 tau=1.0959010346803819e-06 prediction=1156.8902550019325 rho=0.51473863653799357 accept=1
  MFCG it  36 cost=1.888919e+06 lam=1.096e-06 tau=0.00e+00 cg_it=0 shift=0 ckpt=1 alpha=0 acc mv=132
PCG_PREP o=36 rebuild=1 drift=0 previous_depth=1
POINT_SAFE o=36 frozen=138 slope=-1189.5339451355569 candidate=1888350.4129753392 original=1888764.1626486918 current=1888919.2442753466 won=1 mode=1 camera_scale=1 keep_scale=0
ATTR_RADIUS o=36 raw_norm=24237.860521348844 norm=1081.7889098467081 radius=1081.7889098467078 next_radius=1081.7889098467078 lambda=1.0959010346803819e-06 next_lambda=1.0959010346803819e-06 rho=0.49577242155317852 accept=1
CLASSICAL_LM o=36 lambda=1.0959010346803819e-06 tau=1.0959010346803819e-06 prediction=1147.3637404544438 rho=0.49577242155317852 accept=1
  MFCG it  37 cost=1.888350e+06 lam=1.096e-06 tau=0.00e+00 cg_it=0 shift=0 ckpt=1 alpha=0 acc mv=134
PCG_PREP o=37 rebuild=1 drift=0 previous_depth=1
POINT_SAFE o=37 frozen=149 slope=-1181.683990528503 candidate=1887797.7038270489 original=1887849.5629271443 current=1888350.4129753392 won=1 mode=1 camera_scale=1 keep_scale=0
ATTR_RADIUS o=37 raw_norm=23925.512284065309 norm=1081.7889098467087 radius=1081.7889098467078 next_radius=1081.7889098467078 lambda=1.0959010346803819e-06 next_lambda=1.0959010346803819e-06 rho=0.48506122337633634 accept=1
CLASSICAL_LM o=37 lambda=1.0959010346803819e-06 tau=1.0959010346803819e-06 prediction=1139.4626526588233 rho=0.48506122337633634 accept=1
  MFCG it  38 cost=1.887798e+06 lam=1.096e-06 tau=0.00e+00 cg_it=0 shift=0 ckpt=1 alpha=0 acc mv=136
PCG_PREP o=38 rebuild=1 drift=0 previous_depth=1
POINT_SAFE o=38 frozen=146 slope=-1174.989203237599 candidate=1887257.1499244431 original=1887085.781491413 current=1887797.7038270489 won=0 mode=1 camera_scale=1 keep_scale=0
ATTR_RADIUS o=38 raw_norm=23590.517888610138 norm=16.902951716354814 radius=1081.7889098467078 next_radius=1081.7889098467078 lambda=1.0959010346803819e-06 next_lambda=1.0959010346803819e-06 rho=0.44576947798618544 accept=1
CLASSICAL_LM o=38 lambda=1.0959010346803819e-06 tau=1.0959010346803819e-06 prediction=1597.0638879361172 rho=0.44576947798618544 accept=1
  MFCG it  39 cost=1.887086e+06 lam=1.096e-06 tau=0.00e+00 cg_it=0 shift=0 ckpt=1 alpha=0 acc mv=138
PCG_PREP o=39 rebuild=1 drift=0 previous_depth=1
POINT_SAFE o=39 frozen=156 slope=-1202.6206949345535 candidate=1886857.0319970541 original=inf current=1887085.781491413 won=1 mode=1 camera_scale=1 keep_scale=0
ATTR_RADIUS o=39 raw_norm=23110.82879704253 norm=1081.7889098467078 radius=1081.7889098467078 next_radius=270.44722746167696 lambda=1.0959010346803819e-06 next_lambda=1.753441655488611e-05 rho=0.19720480681961314 accept=1
CLASSICAL_LM o=39 lambda=1.0959010346803819e-06 tau=1.0959010346803819e-06 prediction=1159.9590194986401 rho=0.19720480681961314 accept=1
  MFCG it  40 cost=1.886857e+06 lam=1.753e-05 tau=0.00e+00 cg_it=0 shift=0 ckpt=1 alpha=0 acc mv=140
PCG_PREP o=40 rebuild=1 drift=0 previous_depth=1
POINT_SAFE o=40 frozen=75 slope=-955.48334327318639 candidate=1885940.2203552902 original=1886579.1000197919 current=1886857.0319970541 won=1 mode=1 camera_scale=1 keep_scale=0
ATTR_RADIUS o=40 raw_norm=6895.6012533843659 norm=270.44722746167707 radius=270.44722746167696 next_radius=540.89445492335392 lambda=1.753441655488611e-05 next_lambda=4.3836041387215275e-06 rho=0.99663602506698024 accept=1
CLASSICAL_LM o=40 lambda=1.753441655488611e-05 tau=1.753441655488611e-05 prediction=919.90618310458945 rho=0.99663602506698024 accept=1
  MFCG it  41 cost=1.885940e+06 lam=4.384e-06 tau=0.00e+00 cg_it=0 shift=0 ckpt=1 alpha=0 acc mv=142
PCG_PREP o=41 rebuild=1 drift=0 previous_depth=1
POINT_SAFE o=41 frozen=279 slope=-949.95387643234608 candidate=1885135.3096066581 original=1885649.6576838258 current=1885940.2203552902 won=1 mode=1 camera_scale=1 keep_scale=0
ATTR_RADIUS o=41 raw_norm=13017.100376624847 norm=540.89445492335392 radius=540.89445492335392 next_radius=1081.7889098467078 lambda=4.3836041387215275e-06 next_lambda=1.0959010346803819e-06 rho=0.86747924142265032 accept=1
CLASSICAL_LM o=41 lambda=4.3836041387215275e-06 tau=4.3836041387215275e-06 prediction=927.8732103284915 rho=0.86747924142265032 accept=1
  MFCG it  42 cost=1.885135e+06 lam=1.096e-06 tau=0.00e+00 cg_it=0 shift=0 ckpt=1 alpha=0 acc mv=144
PCG_PREP o=42 rebuild=1 drift=0 previous_depth=1
POINT_SAFE o=42 frozen=353 slope=-1051.297167985118 candidate=1884664.6181441115 original=1884681.3702184584 current=1885135.3096066581 won=1 mode=1 camera_scale=1 keep_scale=0
ATTR_RADIUS o=42 raw_norm=23142.672623093815 norm=1081.7889098467076 radius=1081.7889098467078 next_radius=1081.7889098467078 lambda=1.0959010346803819e-06 next_lambda=1.0959010346803819e-06 rho=0.46040902222058394 accept=1
CLASSICAL_LM o=42 lambda=1.0959010346803819e-06 tau=1.0959010346803819e-06 prediction=1022.3332728720435 rho=0.46040902222058394 accept=1
  MFCG it  43 cost=1.884665e+06 lam=1.096e-06 tau=0.00e+00 cg_it=0 shift=0 ckpt=1 alpha=0 acc mv=146
PCG_PREP o=43 rebuild=1 drift=0 previous_depth=1
POINT_SAFE o=43 frozen=204 slope=-1061.957333224665 candidate=1884174.5782580038 original=1883901.4355803384 current=1884664.6181441115 won=0 mode=1 camera_scale=1 keep_scale=0
ATTR_RADIUS o=43 raw_norm=22805.558051815227 norm=16.902951716354803 radius=1081.7889098467078 next_radius=1081.7889098467078 lambda=1.0959010346803819e-06 next_lambda=1.0959010346803819e-06 rho=0.4817807061257906 accept=1
CLASSICAL_LM o=43 lambda=1.0959010346803819e-06 tau=1.0959010346803819e-06 prediction=1584.0870214795614 rho=0.4817807061257906 accept=1
  MFCG it  44 cost=1.883901e+06 lam=1.096e-06 tau=0.00e+00 cg_it=0 shift=0 ckpt=1 alpha=0 acc mv=148
PCG_PREP o=44 rebuild=1 drift=0 previous_depth=1
POINT_SAFE o=44 frozen=210 slope=-1090.5003217613289 candidate=1889852.5463365405 original=inf current=1883901.4355803384 won=0 mode=1 camera_scale=1 keep_scale=0
ATTR_RADIUS o=44 raw_norm=22615.373234442617 norm=1081.7889098467074 radius=1081.7889098467078 next_radius=270.44722746167696 lambda=1.0959010346803819e-06 next_lambda=1.753441655488611e-05 rho=-1 accept=0
CLASSICAL_LM o=44 lambda=1.0959010346803819e-06 tau=1.0959010346803819e-06 prediction=1054.1120979452064 rho=-1 accept=0
  MFCG it  45  retry 1/8  lam=1.753e-05 tau_eff=1.096e-06  (assembly reused)
PCG_PREP o=44 rebuild=1 drift=0 previous_depth=1
POINT_SAFE o=44 frozen=74 slope=-1045.2826320674933 candidate=1884108.2109829255 original=inf current=1883901.4355803384 won=0 mode=1 camera_scale=1 keep_scale=0
ATTR_RADIUS o=44 raw_norm=6917.9130413918101 norm=270.44722746167707 radius=270.44722746167696 next_radius=67.61180686541924 lambda=1.753441655488611e-05 next_lambda=0.00028055066487817776 rho=-1 accept=0
CLASSICAL_LM o=44 lambda=1.753441655488611e-05 tau=1.753441655488611e-05 prediction=1016.6927502445661 rho=-1 accept=0
  MFCG it  45  retry 2/8  lam=2.806e-04 tau_eff=1.753e-05  (assembly reused)
PCG_PREP o=44 rebuild=1 drift=0 previous_depth=1
POINT_SAFE o=44 frozen=40 slope=-3005.334783570122 candidate=2021475.2045423635 original=inf current=1883901.4355803384 won=0 mode=1 camera_scale=1 keep_scale=0
ATTR_RADIUS o=44 raw_norm=2879.7913059740335 norm=67.61180686541924 radius=67.61180686541924 next_radius=16.90295171635481 lambda=0.00028055066487817776 next_lambda=0.0044888106380508441 rho=-1 accept=0
CLASSICAL_LM o=44 lambda=0.00028055066487817776 tau=0.00028055066487817776 prediction=2960.667437059567 rho=-1 accept=0
  MFCG it  45  retry 3/8  lam=4.489e-03 tau_eff=2.806e-04  (assembly reused)
PCG_PREP o=44 rebuild=1 drift=0 previous_depth=2
POINT_SAFE o=44 frozen=5 slope=-3711.9282843997867 candidate=2059687.1636796629 original=inf current=1883901.4355803384 won=0 mode=1 camera_scale=1 keep_scale=0
ATTR_RADIUS o=44 raw_norm=514.48597460739336 norm=16.90295171635481 radius=16.90295171635481 next_radius=4.2257379290887025 lambda=0.0044888106380508441 next_lambda=0.071820970208813506 rho=-1 accept=0
CLASSICAL_LM o=44 lambda=0.0044888106380508441 tau=0.0044888106380508441 prediction=3643.5768778757042 rho=-1 accept=0
  MFCG it  45  retry 4/8  lam=7.182e-02 tau_eff=4.489e-03  (assembly reused)
PCG_PREP o=44 rebuild=1 drift=0 previous_depth=1
POINT_SAFE o=44 frozen=2 slope=-1572.317256896815 candidate=1938727.6628939856 original=1883898.2737521697 current=1883901.4355803384 won=0 mode=1 camera_scale=1 keep_scale=0
ATTR_RADIUS o=44 raw_norm=280.82851742777865 norm=0.016506788785502755 radius=4.2257379290887025 next_radius=4.2257379290887025 lambda=0.071820970208813506 next_lambda=0.0071820970208813506 rho=0.3353704763028913 accept=1
CLASSICAL_LM o=44 lambda=0.071820970208813506 tau=0.071820970208813506 prediction=9.4278667684874975 rho=0.3353704763028913 accept=1
  MFCG it  45 cost=1.883898e+06 lam=7.182e-03 tau=0.00e+00 cg_it=0 shift=0 ckpt=1 alpha=0 acc mv=159
PCG_PREP o=45 rebuild=1 drift=0 previous_depth=1
POINT_SAFE o=45 frozen=1 slope=-1113.2174834825721 candidate=1193747772.0732017 original=inf current=1883898.2737521697 won=0 mode=1 camera_scale=1 keep_scale=0
ATTR_RADIUS o=45 raw_norm=428.27679572753414 norm=4.2257379290887016 radius=4.2257379290887025 next_radius=1.0564344822721756 lambda=0.0071820970208813506 next_lambda=0.11491355233410161 rho=-1 accept=0
CLASSICAL_LM o=45 lambda=0.0071820970208813506 tau=0.0071820970208813506 prediction=1100.0464627935248 rho=-1 accept=0
  MFCG it  46  retry 1/8  lam=1.149e-01 tau_eff=7.182e-03  (assembly reused)
PCG_PREP o=45 rebuild=1 drift=0 previous_depth=1
POINT_SAFE o=45 frozen=2 slope=-421.98292485864681 candidate=1936469.7314612635 original=1883897.3490706105 current=1883898.2737521697 won=0 mode=1 camera_scale=1 keep_scale=0
ATTR_RADIUS o=45 raw_norm=259.58049168932735 norm=0.0082533943927513807 radius=1.0564344822721756 next_radius=0.26410862056804391 lambda=0.11491355233410161 next_lambda=1.8386168373456258 rho=0.18934451857692602 accept=1
CLASSICAL_LM o=45 lambda=0.11491355233410161 tau=0.11491355233410161 prediction=4.8835929666977913 rho=0.18934451857692602 accept=1
  MFCG it  46 cost=1.883897e+06 lam=1.839e+00 tau=0.00e+00 cg_it=0 shift=0 ckpt=1 alpha=0 acc mv=163
PCG_PREP o=46 rebuild=1 drift=0 previous_depth=1
POINT_SAFE o=46 frozen=161 slope=-122.76736153420981 candidate=1884673.3265910784 original=1883894.6505096008 current=1883897.3490706105 won=0 mode=1 camera_scale=1 keep_scale=0
ATTR_RADIUS o=46 raw_norm=115.71752271192827 norm=0.016506788785502734 radius=0.26410862056804391 next_radius=0.26410862056804391 lambda=1.8386168373456258 next_lambda=0.18386168373456258 rho=0.30479401774120418 accept=1
CLASSICAL_LM o=46 lambda=1.8386168373456258 tau=1.8386168373456258 prediction=8.8537203903044155 rho=0.30479401774120418 accept=1
  MFCG it  47 cost=1.883895e+06 lam=1.839e-01 tau=0.00e+00 cg_it=0 shift=0 ckpt=1 alpha=0 acc mv=165
PCG_PREP o=47 rebuild=1 drift=0 previous_depth=1
POINT_SAFE o=47 frozen=58 slope=-115.85487723825403 candidate=1884450.5296787014 original=1883892.123432464 current=1883894.6505096008 won=0 mode=1 camera_scale=1 keep_scale=0
ATTR_RADIUS o=47 raw_norm=242.0202163670522 norm=0.0041266971963756869 radius=0.26410862056804391 next_radius=0.26410862056804391 lambda=0.18386168373456258 next_lambda=0.018386168373456257 rho=0.40113912018107956 accept=1
CLASSICAL_LM o=47 lambda=0.18386168373456258 tau=0.18386168373456258 prediction=6.2997524042365871 rho=0.40113912018107956 accept=1
  MFCG it  48 cost=1.883892e+06 lam=1.839e-02 tau=0.00e+00 cg_it=0 shift=0 ckpt=1 alpha=0 acc mv=167
PCG_PREP o=48 rebuild=1 drift=0 previous_depth=1
POINT_SAFE o=48 frozen=36 slope=-95.604911134525196 candidate=1887301.4394340818 original=inf current=1883892.123432464 won=0 mode=1 camera_scale=1 keep_scale=0
ATTR_RADIUS o=48 raw_norm=353.55222763901588 norm=0.26410862056804407 radius=0.26410862056804391 next_radius=0.066027155142010976 lambda=0.018386168373456257 next_lambda=0.29417869397530011 rho=-1 accept=0
CLASSICAL_LM o=48 lambda=0.018386168373456257 tau=0.018386168373456257 prediction=89.163555246867375 rho=-1 accept=0
  MFCG it  49  retry 1/8  lam=2.942e-01 tau_eff=1.839e-02  (assembly reused)
PCG_PREP o=48 rebuild=1 drift=0 previous_depth=1
POINT_SAFE o=48 frozen=793 slope=-36.091669256367297 candidate=1884145.6595170214 original=1883891.7958815678 current=1883892.123432464 won=0 mode=1 camera_scale=1 keep_scale=0
ATTR_RADIUS o=48 raw_norm=224.21091980367339 norm=0.0020633485981878421 radius=0.066027155142010976 next_radius=0.016506788785502744 lambda=0.29417869397530011 next_lambda=4.7068591036048018 rho=0.17216240188130327 accept=1
CLASSICAL_LM o=48 lambda=0.29417869397530011 tau=0.29417869397530011 prediction=1.902569275470638 rho=0.17216240188130327 accept=1
  MFCG it  49 cost=1.883892e+06 lam=4.707e+00 tau=0.00e+00 cg_it=0 shift=0 ckpt=1 alpha=0 acc mv=171
PCG_PREP o=49 rebuild=1 drift=0 previous_depth=1
POINT_SAFE o=49 frozen=12812 slope=-10.196986067750078 candidate=1883888.5962097137 original=1883890.3492936702 current=1883891.7958815678 won=1 mode=1 camera_scale=1 keep_scale=0
ATTR_RADIUS o=49 raw_norm=65.906656403521467 norm=0.016506788785502751 radius=0.016506788785502744 next_radius=0.016506788785502744 lambda=4.7068591036048018 next_lambda=4.7068591036048018 rho=0.32555031019867303 accept=1
CLASSICAL_LM o=49 lambda=4.7068591036048018 tau=4.7068591036048018 prediction=9.8285019359359396 rho=0.32555031019867303 accept=1
  MFCG it  50 cost=1.883889e+06 lam=4.707e+00 tau=0.00e+00 cg_it=0 shift=0 ckpt=1 alpha=0 acc mv=173
PCG_PREP o=50 rebuild=1 drift=0 previous_depth=1
POINT_SAFE o=50 frozen=9273 slope=-8.95980388592913 candidate=1883880.9934198838 original=1883884.7192698217 current=1883888.5962097137 won=1 mode=1 camera_scale=1 keep_scale=0
ATTR_RADIUS o=50 raw_norm=65.690980327293119 norm=0.016506788785502741 radius=0.016506788785502744 next_radius=0.033013577571005488 lambda=4.7068591036048018 next_lambda=1.1767147759012004 rho=0.86720685385379015 accept=1
CLASSICAL_LM o=50 lambda=4.7068591036048018 tau=4.7068591036048018 prediction=8.766985403960609 rho=0.86720685385379015 accept=1
  MFCG it  51 cost=1.883881e+06 lam=1.177e+00 tau=0.00e+00 cg_it=0 shift=0 ckpt=1 alpha=0 acc mv=175
PCG_PREP o=51 rebuild=1 drift=0 previous_depth=1
POINT_SAFE o=51 frozen=1755 slope=-16.28182852692203 candidate=1883895.7660761655 original=1883880.3864975665 current=1883880.9934198838 won=0 mode=1 camera_scale=1 keep_scale=0
ATTR_RADIUS o=51 raw_norm=142.58781736631673 norm=0.004126697196375686 radius=0.033013577571005488 next_radius=0.0082533943927513721 lambda=1.1767147759012004 next_lambda=18.827436414419207 rho=0.15477701808030547 accept=1
CLASSICAL_LM o=51 lambda=1.1767147759012004 tau=1.1767147759012004 prediction=3.9212689637253972 rho=0.15477701808030547 accept=1
  MFCG: converged (OCA_FTOL: 8 outers < 1.0e-05 rel)
  [menu-backtrack] confirming stop with original retry policy at outer 52
  MFCG it  52 cost=1.883880e+06 lam=1.883e+01 tau=0.00e+00 cg_it=0 shift=0 ckpt=1 alpha=0 acc mv=177
PCG_PREP o=52 rebuild=1 drift=0 previous_depth=1
ATTR_RADIUS o=52 raw_norm=21.503207789322925 norm=0.0082533943927513738 radius=0.0082533943927513721 next_radius=0.0082533943927513721 lambda=18.827436414419207 next_lambda=18.827436414419207 rho=0.53328736387520193 accept=1
CLASSICAL_LM o=52 lambda=18.827436414419207 tau=18.827436414419207 prediction=5.5115016864663193 rho=0.53328736387520193 accept=1
  MFCG it  53 cost=1.883877e+06 lam=1.883e+01 tau=0.00e+00 cg_it=0 shift=0 ckpt=1 alpha=0 acc mv=179
PCG_PREP o=53 rebuild=1 drift=0 previous_depth=1
ATTR_RADIUS o=53 raw_norm=21.422118603641476 norm=0.0082533943927513721 radius=0.0082533943927513721 next_radius=0.002063348598187843 lambda=18.827436414419207 next_lambda=301.23898263070731 rho=-1 accept=0
CLASSICAL_LM o=53 lambda=18.827436414419207 tau=18.827436414419207 prediction=4.6491587434694086 rho=-1 accept=0
  MFCG it  54  retry 1/8  lam=3.012e+02 tau_eff=1.883e+01  (assembly reused)
PCG_PREP o=53 rebuild=1 drift=0 previous_depth=1
ATTR_RADIUS o=53 raw_norm=1.4975763338218391 norm=0.0020633485981878426 radius=0.002063348598187843 next_radius=0.004126697196375686 lambda=301.23898263070731 next_lambda=75.309745657676828 rho=0.79559154935465171 accept=1
CLASSICAL_LM o=53 lambda=301.23898263070731 tau=301.23898263070731 prediction=1.0007248340012982 rho=0.79559154935465171 accept=1
  MFCG it  54 cost=1.883877e+06 lam=7.531e+01 tau=0.00e+00 cg_it=0 shift=0 ckpt=1 alpha=0 acc mv=183
PCG_PREP o=54 rebuild=1 drift=0 previous_depth=1
ATTR_RADIUS o=54 raw_norm=5.655633515089284 norm=0.0041266971963756878 radius=0.004126697196375686 next_radius=0.0010316742990939215 lambda=75.309745657676828 next_lambda=1204.9559305228292 rho=-1 accept=0
CLASSICAL_LM o=54 lambda=75.309745657676828 tau=75.309745657676828 prediction=1.9141522466598062 rho=-1 accept=0
  MFCG it  55  retry 1/8  lam=1.205e+03 tau_eff=7.531e+01  (assembly reused)
PCG_PREP o=54 rebuild=1 drift=0 previous_depth=1
ATTR_RADIUS o=54 raw_norm=0.36512393221847883 norm=0.0010316742990939219 radius=0.0010316742990939215 next_radius=0.00025791857477348038 lambda=1204.9559305228292 next_lambda=19279.294888365268 rho=-1 accept=0
CLASSICAL_LM o=54 lambda=1204.9559305228292 tau=1204.9559305228292 prediction=0.46106955895713464 rho=-1 accept=0
  MFCG it  55  retry 2/8  lam=1.928e+04 tau_eff=1.205e+03  (assembly reused)
PCG_PREP o=54 rebuild=1 drift=0 previous_depth=1
ATTR_RADIUS o=54 raw_norm=0.022867838297042812 norm=0.00025791857477348032 radius=0.00025791857477348038 next_radius=6.4479643693370094e-05 lambda=19279.294888365268 next_lambda=308468.71821384429 rho=0.22087761964563318 accept=1
CLASSICAL_LM o=54 lambda=19279.294888365268 tau=19279.294888365268 prediction=0.11411228505417376 rho=0.22087761964563318 accept=1
  MFCG it  55 cost=1.883877e+06 lam=3.085e+05 tau=0.00e+00 cg_it=0 shift=0 ckpt=1 alpha=0 acc mv=189
PCG_PREP o=55 rebuild=1 drift=0 previous_depth=1
ATTR_RADIUS o=55 raw_norm=0.0014678941263153457 norm=6.4479643693370094e-05 radius=6.4479643693370094e-05 next_radius=0.00012895928738674019 lambda=308468.71821384429 next_lambda=77117.179553461072 rho=0.96331379162763964 accept=1
CLASSICAL_LM o=55 lambda=308468.71821384429 tau=308468.71821384429 prediction=0.02921801446263218 rho=0.96331379162763964 accept=1
  MFCG it  56 cost=1.883877e+06 lam=7.712e+04 tau=0.00e+00 cg_it=0 shift=0 ckpt=1 alpha=0 acc mv=191
PCG_PREP o=56 rebuild=1 drift=0 previous_depth=1
ATTR_RADIUS o=56 raw_norm=0.0058599059139661513 norm=0.00012895928738674008 radius=0.00012895928738674019 next_radius=0.00025791857477348038 lambda=77117.179553461072 next_lambda=19279.294888365268 rho=0.89969014711498896 accept=1
CLASSICAL_LM o=56 lambda=77117.179553461072 tau=77117.179553461072 prediction=0.058362074381550923 rho=0.89969014711498896 accept=1
  MFCG it  57 cost=1.883877e+06 lam=1.928e+04 tau=0.00e+00 cg_it=0 shift=0 ckpt=1 alpha=0 acc mv=193
PCG_PREP o=57 rebuild=1 drift=0 previous_depth=1
ATTR_RADIUS o=57 raw_norm=0.023122687259655245 norm=0.00025791857477348032 radius=0.00025791857477348038 next_radius=0.00025791857477348038 lambda=19279.294888365268 next_lambda=19279.294888365268 rho=0.44022186968724791 accept=1
CLASSICAL_LM o=57 lambda=19279.294888365268 tau=19279.294888365268 prediction=0.11531824583937676 rho=0.44022186968724791 accept=1
  MFCG it  58 cost=1.883876e+06 lam=1.928e+04 tau=0.00e+00 cg_it=0 shift=0 ckpt=1 alpha=0 acc mv=195
PCG_PREP o=58 rebuild=1 drift=0 previous_depth=1
ATTR_RADIUS o=58 raw_norm=0.023340264099155114 norm=0.00025791857477348032 radius=0.00025791857477348038 next_radius=0.00025791857477348038 lambda=19279.294888365268 next_lambda=19279.294888365268 rho=0.71774468297598626 accept=1
CLASSICAL_LM o=58 lambda=19279.294888365268 tau=19279.294888365268 prediction=0.11650617251819287 rho=0.71774468297598626 accept=1
  MFCG it  59 cost=1.883876e+06 lam=1.928e+04 tau=0.00e+00 cg_it=0 shift=0 ckpt=1 alpha=0 acc mv=197
PCG_PREP o=59 rebuild=1 drift=0 previous_depth=1
ATTR_RADIUS o=59 raw_norm=0.020492294493582853 norm=0.00025791857477348027 radius=0.00025791857477348038 next_radius=6.4479643693370094e-05 lambda=19279.294888365268 next_lambda=308468.71821384429 rho=-1 accept=0
CLASSICAL_LM o=59 lambda=19279.294888365268 tau=19279.294888365268 prediction=0.1022448475349714 rho=-1 accept=0
  MFCG it  60  retry 1/8  lam=3.085e+05 tau_eff=1.928e+04  (assembly reused)
PCG_PREP o=59 rebuild=1 drift=0 previous_depth=1
ATTR_RADIUS o=59 raw_norm=0.0012808853139321947 norm=6.4479643693370108e-05 radius=6.4479643693370094e-05 next_radius=6.4479643693370094e-05 lambda=308468.71821384429 next_lambda=308468.71821384429 rho=0.35963506315591831 accept=1
CLASSICAL_LM o=59 lambda=308468.71821384429 tau=308468.71821384429 prediction=0.025497984433432572 rho=0.35963506315591831 accept=1
  MFCG: converged (OCA_FTOL: 8 outers < 1.0e-05 rel)
  MFCG: accepts=60 rejects=15 total_matvecs=201 negcurv=1 cand_evals=75 mean_cg_per_outer=3.4
NUMERIC_REPAIR summary rebuilds=1 floor=1.0959010346803819e-06
  [retry-cache] builds=76 reuses=0
  [menu-backtrack] trials=56 rescues=46 evals=424 total_scored=499
POINT_SAFE summary calls=56 evals=56 wins=32 frozen=36942 seconds=0.6665733
  [scoring] menu_evals=75 alpha_evals=0 backtrack_evals=424 total_scored=499
RESULT algo=mfree_shifted_cg iters=60 final_cost=1883876.4016991216 solve_seconds=3.742421
DIAGNOSTICS median_reproj_err_px 2.704502 -> 0.561211 | cheirality_violations(obs) 751 -> 771 | cheirality_violations(pts, of 310854) 725 -> 735
