[R10] --zero_k2: all k2 set to 0 at load
Loaded /workspace/bal/ladybug-49.txt: ncam=49 npt=7776 nobs=31843 n=23622
[R10] --dof9: refining f,k1 per camera (49 cameras)
  [menu-backtrack] active=1 max_evals=8 warmup_accepts=3 confirm_stop=original armijo=1e-4
MIXED_STORAGE fragments=fp32 arithmetic=fp64 state=fp64 acceptance=fp64
  [compact-fragments] active=2 saved_bytes=3311672 storage=fp32 camera_reads=contiguous
  MFCG score_init=850912.46064130263 precision=fp64
PHASE_SWEEP o=0 mode=3 valid=1 depth=2 qualified=1 raw=0.93047469416437567 clipped=0.92064167453796297 selected=2 center=0.10000000000000001 tau=0.10000000000000001 worst_res=0.4210260222345516 eta=0.5
ATTR_RADIUS o=0 raw_norm=335.06826966703773 norm=335.06826966703784 radius=335.06826966703773 next_radius=670.13653933407545 lambda=0.10000000000000001 next_lambda=0.025000000000000001 rho=0.99727488095427796 accept=1
CLASSICAL_LM o=0 lambda=0.10000000000000001 tau=0.10000000000000001 prediction=813233.94092382211 rho=0.99727488095427796 accept=1
  MFCG it   1 cost=3.989468e+04 lam=2.500e-02 tau=0.00e+00 cg_it=1 shift=0 ckpt=2 alpha=0 acc mv=7
PHASE_SWEEP o=1 mode=3 valid=1 depth=15 qualified=1 raw=0.97735352090308358 clipped=0.97735352090308358 selected=0 center=0.025000000000000001 tau=0.025000000000000001 worst_res=0.11821982384163918 eta=0.12184083181747229
ATTR_RADIUS o=1 raw_norm=542.95936400988671 norm=542.95936400988671 radius=670.13653933407545 next_radius=1340.2730786681509 lambda=0.025000000000000001 next_lambda=6.2500000000000001e-05 rho=0.99282013041844497 accept=1
CLASSICAL_LM o=1 lambda=0.025000000000000001 tau=0.025000000000000001 prediction=15980.928907379335 rho=0.99282013041844497 accept=1
  MFCG it   2 cost=2.402849e+04 lam=6.250e-05 tau=0.00e+00 cg_it=14 shift=0 ckpt=15 alpha=0 acc mv=27
PHASE_SWEEP o=2 mode=3 valid=1 depth=11 qualified=1 raw=0.17702308682744669 clipped=0.17702308682744669 selected=4 center=6.2500000000000001e-05 tau=6.2500000000000001e-05 worst_res=0.26434488436750991 eta=0.30964659982268328
ATTR_RADIUS o=2 raw_norm=262.39612733961468 norm=262.39612733961468 radius=1340.2730786681509 next_radius=1340.2730786681509 lambda=6.2500000000000001e-05 next_lambda=0.00062500000000000012 rho=0.30765798344174333 accept=1
CLASSICAL_LM o=2 lambda=6.2500000000000001e-05 tau=6.2500000000000001e-05 prediction=9016.1890164825927 rho=0.30765798344174333 accept=1
  MFCG it   3 cost=2.125459e+04 lam=6.250e-04 tau=0.00e+00 cg_it=10 shift=0 ckpt=11 alpha=0 acc mv=43
PHASE_SWEEP o=3 mode=3 valid=1 depth=15 qualified=1 raw=0.85838742579364857 clipped=0.85838742579364857 selected=0 center=0.00062500000000000012 tau=0.00062500000000000012 worst_res=0.33241916727186005 eta=0.34523713546410889
ATTR_RADIUS o=3 raw_norm=347.84362144304822 norm=347.84362144304816 radius=1340.2730786681509 next_radius=1340.2730786681509 lambda=0.00062500000000000012 next_lambda=6.2500000000000016e-07 rho=0.95811648318752096 accept=1
CLASSICAL_LM o=3 lambda=0.00062500000000000012 tau=0.00062500000000000012 prediction=6790.9695979980061 rho=0.95811648318752096 accept=1
  MFCG it   4 cost=1.474805e+04 lam=6.250e-07 tau=0.00e+00 cg_it=14 shift=0 ckpt=15 alpha=0 acc mv=63
PHASE_SWEEP o=4 mode=3 valid=1 depth=4 qualified=1 raw=0.00042834260998755056 clipped=0.00042834260998755056 selected=0 center=6.2500000000000016e-07 tau=6.2500000000000016e-07 worst_res=0.49048269296651409 eta=0.5
ATTR_RADIUS o=4 raw_norm=33.823780091724259 norm=33.823780091724259 radius=1340.2730786681509 next_radius=1340.2730786681509 lambda=6.2500000000000016e-07 next_lambda=6.2500000000000022e-10 rho=0.78935746347661073 accept=1
CLASSICAL_LM o=4 lambda=6.2500000000000016e-07 tau=6.2500000000000016e-07 prediction=673.23500459317347 rho=0.78935746347661073 accept=1
  MFCG it   5 cost=1.421663e+04 lam=6.250e-10 tau=0.00e+00 cg_it=3 shift=0 ckpt=4 alpha=0 acc mv=72
PHASE_SWEEP o=5 mode=3 valid=1 depth=42 qualified=1 raw=4.0724193822321804e-05 clipped=4.0724193822321804e-05 selected=-1 center=6.2500000000000022e-10 tau=6.2500000000000022e-10 worst_res=0.39625917231463414 eta=0.43252930219893071
POINT_SAFE o=5 frozen=1 slope=-1123.1048690082464 candidate=18378.510062069574 original=14046.931809280457 current=14216.625581130183 won=0 mode=1 camera_scale=1 keep_scale=0
ATTR_RADIUS o=5 raw_norm=653.36655845290647 norm=163.33515751380148 radius=1340.2730786681509 next_radius=1340.2730786681509 lambda=6.2500000000000022e-10 next_lambda=6.250000000000003e-11 rho=0.69070458703749948 accept=1
CLASSICAL_LM o=5 lambda=6.2500000000000022e-10 tau=6.2500000000000022e-10 prediction=245.68212667815047 rho=0.69070458703749948 accept=1
  MFCG it   6 cost=1.404693e+04 lam=6.250e-11 tau=0.00e+00 cg_it=41 shift=0 ckpt=42 alpha=0 acc mv=119
PHASE_SWEEP o=6 mode=3 valid=1 depth=38 qualified=1 raw=4.2847586226087178e-06 clipped=4.2847586226087178e-06 selected=-1 center=6.250000000000003e-11 tau=6.250000000000003e-11 worst_res=0.49318905367491356 eta=0.5
POINT_SAFE o=6 frozen=0 slope=-818.16043231001686 candidate=inf original=13990.526662892833 current=14046.931809280457 won=0 mode=1 camera_scale=1 keep_scale=0
ATTR_RADIUS o=6 raw_norm=526.4825707108065 norm=131.62009092939269 radius=1340.2730786681509 next_radius=1340.2730786681509 lambda=6.250000000000003e-11 next_lambda=6.2500000000000035e-12 rho=0.31515982175704582 accept=1
CLASSICAL_LM o=6 lambda=6.250000000000003e-11 tau=6.250000000000003e-11 prediction=178.97315106081714 rho=0.31515982175704582 accept=1
  MFCG it   7 cost=1.399053e+04 lam=6.250e-12 tau=0.00e+00 cg_it=37 shift=0 ckpt=38 alpha=0 acc mv=162
PHASE_SWEEP o=7 mode=3 valid=1 depth=42 qualified=1 raw=5.9901607218247034e-07 clipped=5.9901607218247034e-07 selected=-1 center=6.2500000000000035e-12 tau=6.2500000000000035e-12 worst_res=0.47812128938177895 eta=0.5
POINT_SAFE o=7 frozen=0 slope=-778.98297675625417 candidate=inf original=13959.752007910974 current=13990.526662892833 won=0 mode=1 camera_scale=1 keep_scale=0
ATTR_RADIUS o=7 raw_norm=529.44818658939141 norm=66.180984430501326 radius=1340.2730786681509 next_radius=1340.2730786681509 lambda=6.2500000000000035e-12 next_lambda=6.2500000000000037e-13 rho=0.33711991136059855 accept=1
CLASSICAL_LM o=7 lambda=6.2500000000000035e-12 tau=6.2500000000000035e-12 prediction=91.286969249765036 rho=0.33711991136059855 accept=1
PHASE_HANDOVER outer=8 reason=opening_cap flat_streak=0 accepted=8
  MFCG it   8 cost=1.395975e+04 lam=6.250e-13 tau=0.00e+00 cg_it=41 shift=0 ckpt=42 alpha=0 acc mv=209
PCG_PREP o=8 rebuild=1 drift=0 previous_depth=0
POINT_SAFE o=8 frozen=2 slope=-818.18556908115715 candidate=56821.958195844862 original=13954.353785712108 current=13959.752007910974 won=0 mode=1 camera_scale=1 keep_scale=0
ATTR_RADIUS o=8 raw_norm=2090.7153162478025 norm=41.883533708379716 radius=1340.2730786681509 next_radius=335.06826966703773 lambda=6.2500000000000037e-13 next_lambda=1.0000000000000006e-11 rho=0.21625445596423165 accept=1
CLASSICAL_LM o=8 lambda=6.2500000000000037e-13 tau=6.2500000000000037e-13 prediction=24.962362855353792 rho=0.21625445596423165 accept=1
  MFCG it   9 cost=1.395435e+04 lam=1.000e-11 tau=0.00e+00 cg_it=36 shift=0 ckpt=37 alpha=0 acc mv=247
PCG_PREP o=9 rebuild=1 drift=0 previous_depth=37
POINT_SAFE o=9 frozen=1 slope=-527.81521705867181 candidate=15055.452247751507 original=13930.936846683055 current=13954.353785712108 won=0 mode=1 camera_scale=1 keep_scale=0
ATTR_RADIUS o=9 raw_norm=2039.2629131083625 norm=83.767067416759431 radius=335.06826966703773 next_radius=83.767067416759431 lambda=1.0000000000000006e-11 next_lambda=1.6000000000000009e-10 rho=0.1922710913955584 accept=1
CLASSICAL_LM o=9 lambda=1.0000000000000006e-11 tau=1.0000000000000006e-11 prediction=121.79126284189016 rho=0.1922710913955584 accept=1
  MFCG it  10 cost=1.393094e+04 lam=1.600e-10 tau=0.00e+00 cg_it=36 shift=0 ckpt=37 alpha=0 acc mv=285
PCG_PREP o=10 rebuild=1 drift=0 previous_depth=37
ATTR_RADIUS o=10 raw_norm=659.22540347448728 norm=83.767067416759431 radius=83.767067416759431 next_radius=167.53413483351886 lambda=1.6000000000000009e-10 next_lambda=4.0000000000000023e-11 rho=0.76592224581838286 accept=1
CLASSICAL_LM o=10 lambda=1.6000000000000009e-10 tau=1.6000000000000009e-10 prediction=245.91828971560514 rho=0.76592224581838286 accept=1
  MFCG it  11 cost=1.374258e+04 lam=4.000e-11 tau=0.00e+00 cg_it=15 shift=0 ckpt=16 alpha=0 acc mv=302
PCG_PREP o=11[R9] wrote /tmp/prism-ba-coarse/research/eta2_phase_hybrid/evidence/small/ladybug-49-menu_feedback-0/curve.csv
 rebuild=1 drift=0 previous_depth=16
POINT_SAFE o=11 frozen=0 slope=-160.80509666508971 candidate=inf original=13737.356976182233 current=13742.582557936263 won=0 mode=1 camera_scale=1 keep_scale=0
ATTR_RADIUS o=11 raw_norm=996.56645319957136 norm=41.883533708379716 radius=167.53413483351886 next_radius=41.883533708379716 lambda=4.0000000000000023e-11 next_lambda=6.4000000000000037e-10 rho=0.14297707091086911 accept=1
CLASSICAL_LM o=11 lambda=4.0000000000000023e-11 tau=4.0000000000000023e-11 prediction=36.54839003722148 rho=0.14297707091086911 accept=1
  MFCG it  12 cost=1.373736e+04 lam=6.400e-10 tau=0.00e+00 cg_it=29 shift=0 ckpt=30 alpha=0 acc mv=333
PCG_PREP o=12 rebuild=1 drift=0 previous_depth=30
ATTR_RADIUS o=12 raw_norm=457.05524214512121 norm=41.883533708379709 radius=41.883533708379716 next_radius=41.883533708379716 lambda=6.4000000000000037e-10 next_lambda=6.4000000000000037e-10 rho=0.51652189050182939 accept=1
CLASSICAL_LM o=12 lambda=6.4000000000000037e-10 tau=6.4000000000000037e-10 prediction=74.137795668978612 rho=0.51652189050182939 accept=1
TARGET reached outer=13 seconds=0.115602116 cost=13699.063181805654 threshold=13713.770267554755
  MFCG: accepts=13 rejects=0 total_matvecs=346 negcurv=0 cand_evals=45 mean_cg_per_outer=26.6
PHASE_SUMMARY mode=3 sweeps=8 failures=0 products=209 seconds=0.058650921 open=0
NUMERIC_REPAIR summary rebuilds=0 floor=9.9999999999999998e-17
  [retry-cache] builds=13 reuses=0
  [menu-backtrack] trials=6 rescues=6 evals=19 total_scored=64
POINT_SAFE summary calls=6 evals=3 wins=0 frozen=4 seconds=0.00221167
  [scoring] menu_evals=45 alpha_evals=0 backtrack_evals=19 total_scored=64
RESULT algo=mfree_shifted_cg iters=13 final_cost=13699.0631818057 solve_seconds=0.116296
DIAGNOSTICS median_reproj_err_px 1.479478 -> 0.388532 | cheirality_violations(obs) 31 -> 33 | cheirality_violations(pts, of 7776) 10 -> 11
