  [menu-backtrack] active=1 max_evals=8 warmup_accepts=3 confirm_stop=original armijo=1e-4
MIXED_STORAGE fragments=fp32 arithmetic=fp64 state=fp64 acceptance=fp64
FRONTLOAD_CONFIG accepted_outers=3 eta=0.05 operator=coherent_fp64 clipping=off_strict_ball_retained native_assembly_retained=1
  [compact-fragments] active=2 saved_bytes=36105992 storage=fp32 camera_reads=contiguous
  MFCG score_init=11152062.772762472 precision=fp64
PCG_PREP o=0 rebuild=1 drift=0 previous_depth=0
FRONTLOAD_LINEAR outer=0 retry=0 accepts_before=0 depth=2 cap=128 eta=0.050000000000000003 recursive=0.034093937689576061 fresh=0.034093937689576068 rhs_norm=6285.310618976041 lambda=0.10000000000000001 truncated=0 products=3
ATTR_RADIUS o=0 raw_norm=3104.2454053157421 norm=3104.2454053157421 radius=3104.2454053157421 next_radius=6208.4908106314842 lambda=0.10000000000000001 next_lambda=0.025000000000000001 rho=0.99944779657855742 accept=1
CLASSICAL_LM o=0 lambda=0.10000000000000001 tau=0.10000000000000001 prediction=9052081.1129119024 rho=0.99944779657855742 accept=1
  MFCG it   1 cost=2.104980e+06 lam=2.500e-02 tau=0.00e+00 cg_it=1 shift=0 ckpt=2 alpha=0 acc mv=3
PCG_PREP o=1 rebuild=1 drift=0 previous_depth=2
FRONTLOAD_LINEAR outer=1 retry=0 accepts_before=1 depth=5 cap=128 eta=0.050000000000000003 recursive=0.038995295377160517 fresh=0.038995295377160566 rhs_norm=557.93180231535473 lambda=0.025000000000000001 truncated=0 products=6
ATTR_RADIUS o=1 raw_norm=2686.2777508048421 norm=2686.2777508048421 radius=6208.4908106314842 next_radius=6208.4908106314842 lambda=0.025000000000000001 next_lambda=0.0025000000000000005 rho=0.99597070926339126 accept=1
CLASSICAL_LM o=1 lambda=0.025000000000000001 tau=0.025000000000000001 prediction=601031.65599816432 rho=0.99597070926339126 accept=1
  MFCG it   2 cost=1.506370e+06 lam=2.500e-03 tau=0.00e+00 cg_it=4 shift=0 ckpt=5 alpha=0 acc mv=9
PCG_PREP o=2 rebuild=1 drift=0 previous_depth=5
FRONTLOAD_LINEAR outer=2 retry=0 accepts_before=2 depth=10 cap=128 eta=0.050000000000000003 recursive=0.047896957529285931 fresh=0.047896957529286167 rhs_norm=172.16738398677094 lambda=0.0025000000000000005 truncated=0 products=11
ATTR_RADIUS o=2 raw_norm=9603.6380850723508 norm=9603.6380850723508 radius=6208.4908106314842 next_radius=1552.1227026578711 lambda=0.0025000000000000005 next_lambda=0.040000000000000008 rho=0.99731322662335553 accept=0
CLASSICAL_LM o=2 lambda=0.0025000000000000005 tau=0.0025000000000000005 prediction=472495.57326639304 rho=0.99731322662335553 accept=0
  MFCG it   3  retry 1/8  lam=4.000e-02 tau_eff=2.500e-03  (assembly reused)
PCG_PREP o=2 rebuild=1 drift=0 previous_depth=10
FRONTLOAD_LINEAR outer=2 retry=1 accepts_before=2 depth=6 cap=128 eta=0.050000000000000003 recursive=0.034071761177372074 fresh=0.034071761177372185 rhs_norm=104.63682116925024 lambda=0.040000000000000008 truncated=0 products=7
ATTR_RADIUS o=2 raw_norm=1187.0842290961155 norm=1187.0842290961155 radius=1552.1227026578711 next_radius=1552.1227026578711 lambda=0.040000000000000008 next_lambda=0.004000000000000001 rho=0.99840087117964627 accept=1
CLASSICAL_LM o=2 lambda=0.040000000000000008 tau=0.040000000000000008 prediction=112919.47276551621 rho=0.99840087117964627 accept=1
  MFCG it   3 cost=1.393631e+06 lam=4.000e-03 tau=0.00e+00 cg_it=5 shift=0 ckpt=6 alpha=0 acc mv=27
FRONTLOAD_HANDOFF outer=3 accepts=3 previous_rhs_norm=104.63682116925024
PCG_PREP o=3 rebuild=1 drift=0 previous_depth=6
ATTR_RADIUS o=3 raw_norm=6337.5561312530454 norm=1552.1227026578708 radius=1552.1227026578711 next_radius=3104.2454053157421 lambda=0.004000000000000001 next_lambda=0.0010000000000000002 rho=0.99935789521411433 accept=1
CLASSICAL_LM o=3 lambda=0.004000000000000001 tau=0.004000000000000001 prediction=130465.72330046369 rho=0.99935789521411433 accept=1
  MFCG it   4 cost=1.263249e+06 lam=1.000e-03 tau=0.00e+00 cg_it=2 shift=0 ckpt=3 alpha=0 acc mv=31
PCG_PREP o=4 rebuild=1 drift=0 previous_depth=3
ATTR_RADIUS o=4 raw_norm=16314.479870343172 norm=3104.245405315743 radius=3104.2454053157421 next_radius=6208.4908106314842 lambda=0.0010000000000000002 next_lambda=0.00025000000000000006 rho=1.0018745849098916 accept=1
CLASSICAL_LM o=4 lambda=0.0010000000000000002 tau=0.0010000000000000002 prediction=118722.78378116994 rho=1.0018745849098916 accept=1
  MFCG it   5 cost=1.144304e+06 lam=2.500e-04 tau=0.00e+00 cg_it=4 shift=0 ckpt=5 alpha=0 acc mv=37
PCG_PREP o=5 rebuild=1 drift=0 previous_depth=5
ATTR_RADIUS o=5 raw_norm=36051.628505884677 norm=6208.4908106314833 radius=6208.4908106314842 next_radius=12416.981621262968 lambda=0.00025000000000000006 next_lambda=6.2500000000000015e-05 rho=1.0071112015626111 accept=1
CLASSICAL_LM o=5 lambda=0.00025000000000000006 tau=0.00025000000000000006 prediction=145717.67363881262 rho=1.0071112015626111 accept=1
  MFCG it   6 cost=9.975502e+05 lam=6.250e-05 tau=0.00e+00 cg_it=6 shift=0 ckpt=7 alpha=0 acc mv=45
PCG_PREP o=6 rebuild=1 drift=0 previous_depth=7
ATTR_RADIUS o=6 raw_norm=58672.084743804953 norm=12416.981621262967 radius=12416.981621262968 next_radius=12416.981621262968 lambda=6.2500000000000015e-05 next_lambda=6.2500000000000015e-05 rho=0.61890748724975964 accept=1
CLASSICAL_LM o=6 lambda=6.2500000000000015e-05 tau=6.2500000000000015e-05 prediction=204345.73330157122 rho=0.61890748724975964 accept=1
  MFCG it   7 cost=8.710791e+05 lam=6.250e-05 tau=0.00e+00 cg_it=7 shift=0 ckpt=8 alpha=0 acc mv=54
PCG_PREP o=7 rebuild=1 drift=0 previous_depth=8
ATTR_RADIUS o=7 raw_norm=46765.251448735864 norm=12416.981621262972 radius=12416.981621262968 next_radius=24833.963242525937 lambda=6.2500000000000015e-05 next_lambda=1.5625000000000004e-05 rho=0.8756725121433302 accept=1
CLASSICAL_LM o=7 lambda=6.2500000000000015e-05 tau=6.2500000000000015e-05 prediction=245720.22525568807 rho=0.8756725121433302 accept=1
  MFCG it   8 cost=6.559087e+05 lam=1.563e-05 tau=0.00e+00 cg_it=7 shift=0 ckpt=8 alpha=0 acc mv=63
PCG_PREP o=8 rebuild=1 drift=0 previous_depth=8
ATTR_RADIUS o=8 raw_norm=59343.832593914332 norm=24833.963242525937 radius=24833.963242525937 next_radius=49667.926485051874 lambda=1.5625000000000004e-05 next_lambda=3.9062500000000009e-06 rho=0.86825209316441132 accept=1
CLASSICAL_LM o=8 lambda=1.5625000000000004e-05 tau=1.5625000000000004e-05 prediction=227480.82318827367 rho=0.86825209316441132 accept=1
  MFCG it   9 cost=4.583980e+05 lam=3.906e-06 tau=0.00e+00 cg_it=8 shift=0 ckpt=9 alpha=0 acc mv=73
PCG_PREP o=9 rebuild=1 drift=0 previous_depth=9
POINT_SAFE o=9 frozen=724 slope=-317406.36039805855 candidate=397108.02168468223 original=421037.83887200116 current=458397.98142333707 won=1 mode=1 camera_scale=1 keep_scale=0
ATTR_RADIUS o=9 raw_norm=52928.566255465019 norm=49667.926485051874 radius=49667.926485051874 next_radius=49667.926485051874 lambda=3.9062500000000009e-06 next_lambda=3.9062500000000009e-06 rho=0.4152371675512263 accept=1
CLASSICAL_LM o=9 lambda=3.9062500000000009e-06 tau=3.9062500000000009e-06 prediction=147602.29702003667 rho=0.4152371675512263 accept=1
  MFCG it  10 cost=3.971080e+05 lam=3.906e-06 tau=0.00e+00 cg_it=6 shift=0 ckpt=7 alpha=0 acc mv=81
PCG_PREP o=10 rebuild=1 drift=0 previous_depth=7
POINT_SAFE o=10 frozen=193 slope=-216693.69041318493 candidate=307201.29955344147 original=336434.92863326066 current=397108.02168468223 won=1 mode=1 camera_scale=1 keep_scale=0
ATTR_RADIUS o=10 raw_norm=10683.693015004948 norm=10683.693015004948 radius=49667.926485051874 next_radius=49667.926485051874 lambda=3.9062500000000009e-06 next_lambda=3.9062500000000012e-07 rho=0.8333729473461482 accept=1
CLASSICAL_LM o=10 lambda=3.9062500000000009e-06 tau=3.9062500000000009e-06 prediction=107882.93814617585 rho=0.8333729473461482 accept=1
  MFCG it  11 cost=3.072013e+05 lam=3.906e-07 tau=0.00e+00 cg_it=0 shift=0 ckpt=1 alpha=0 acc mv=83
PCG_PREP o=11 rebuild=1 drift=0 previous_depth=1
POINT_SAFE o=11 frozen=126 slope=-45783.641355835731 candidate=297261.59960553178 original=279436.60163663479 current=307201.29955344147 won=0 mode=1 camera_scale=1 keep_scale=0
ATTR_RADIUS o=11 raw_norm=14822.417456520674 norm=3705.6043641301685 radius=49667.926485051874 next_radius=49667.926485051874 lambda=3.9062500000000012e-07 next_lambda=3.9062500000000016e-08 rho=1.154153311304946 accept=1
CLASSICAL_LM o=11 lambda=3.9062500000000012e-07 tau=3.9062500000000012e-07 prediction=24056.334323049734 rho=1.154153311304946 accept=1
  MFCG it  12 cost=2.794366e+05 lam=3.906e-08 tau=0.00e+00 cg_it=0 shift=0 ckpt=1 alpha=0 acc mv=85
PCG_PREP o=12 rebuild=1 drift=0 previous_depth=1
ATTR_RADIUS o=12 raw_norm=17054.986662702151 norm=17054.986662702155 radius=49667.926485051874 next_radius=12416.981621262968 lambda=3.9062500000000016e-08 next_lambda=6.2500000000000026e-07 rho=0.13606493030625344 accept=1
CLASSICAL_LM o=12 lambda=3.9062500000000016e-08 tau=3.9062500000000016e-08 prediction=28724.979376934898 rho=0.13606493030625344 accept=1
  MFCG it  13 cost=2.755281e+05 lam=6.250e-07 tau=0.00e+00 cg_it=0 shift=0 ckpt=1 alpha=0 acc mv=87
PCG_PREP o=13 rebuild=1 drift=0 previous_depth=1
ATTR_RADIUS o=13 raw_norm=16731.32798213058 norm=12416.981621262978 radius=12416.981621262968 next_radius=12416.981621262968 lambda=6.2500000000000026e-07 next_lambda=6.2500000000000026e-07 rho=0.55866113597138345 accept=1
CLASSICAL_LM o=13 lambda=6.2500000000000026e-07 tau=6.2500000000000026e-07 prediction=26692.394471771273 rho=0.55866113597138345 accept=1
  MFCG it  14 cost=2.606161e+05 lam=6.250e-07 tau=0.00e+00 cg_it=0 shift=0 ckpt=1 alpha=0 acc mv=89
PCG_PREP o=14 rebuild=1 drift=0 previous_depth=1
ATTR_RADIUS o=14 raw_norm=17710.691496386553 norm=12416.981621262974 radius=12416.981621262968 next_radius=3104.2454053157421 lambda=6.2500000000000026e-07 next_lambda=1.0000000000000004e-05 rho=0.11215670762673967 accept=1
CLASSICAL_LM o=14 lambda=6.2500000000000026e-07 tau=6.2500000000000026e-07 prediction=12568.906987000033 rho=0.11215670762673967 accept=1
  MFCG it  15 cost=2.592064e+05 lam=1.000e-05 tau=0.00e+00 cg_it=0 shift=0 ckpt=1 alpha=0 acc mv=91
PCG_PREP o=15 rebuild=1 drift=0 previous_depth=1
ATTR_RADIUS o=15 raw_norm=3674.7269753073069 norm=3104.2454053157412 radius=3104.2454053157421 next_radius=6208.4908106314842 lambda=1.0000000000000004e-05 next_lambda=2.5000000000000011e-06 rho=0.9228459561155119 accept=1
CLASSICAL_LM o=15 lambda=1.0000000000000004e-05 tau=1.0000000000000004e-05 prediction=12115.278865208458 rho=0.9228459561155119 accept=1
  MFCG it  16 cost=2.480259e+05 lam=2.500e-06 tau=0.00e+00 cg_it=0 shift=0 ckpt=1 alpha=0 acc mv=93
PCG_PREP o=16 rebuild=1 drift=0 previous_depth=1
ATTR_RADIUS o=16 raw_norm=12474.081021747452 norm=6208.4908106314842 radius=6208.4908106314842 next_radius=6208.4908106314842 lambda=2.5000000000000011e-06 next_lambda=2.5000000000000011e-06 rho=0.71614112931566809 accept=1
CLASSICAL_LM o=16 lambda=2.5000000000000011e-06 tau=2.5000000000000011e-06 prediction=3014.2756572093481 rho=0.71614112931566809 accept=1
  MFCG it  17 cost=2.458673e+05 lam=2.500e-06 tau=0.00e+00 cg_it=3 shift=0 ckpt=4 alpha=0 acc mv=98
PCG_PREP o=17 rebuild=1 drift=0 previous_depth=4
ATTR_RADIUS o=17 raw_norm=9743.3492112822496 norm=6208.490810631487 radius=6208.4908106314842 next_radius=1552.1227026578711 lambda=2.5000000000000011e-06 next_lambda=4.0000000000000017e-05 rho=0.21329584364094575 accept=1
CLASSICAL_LM o=17 lambda=2.5000000000000011e-06 tau=2.5000000000000011e-06 prediction=1280.7455128535416 rho=0.21329584364094575 accept=1
  MFCG it  18 cost=2.455941e+05 lam=4.000e-05 tau=0.00e+00 cg_it=0 shift=0 ckpt=1 alpha=0 acc mv=100
PCG_PREP o=18 rebuild=1 drift=0 previous_depth=1
ATTR_RADIUS o=18 raw_norm=814.60733412284242 norm=814.60733412284242 radius=1552.1227026578711 next_radius=1552.1227026578711 lambda=4.0000000000000017e-05 next_lambda=4.0000000000000015e-06 rho=1.0022341220516724 accept=1
CLASSICAL_LM o=18 lambda=4.0000000000000017e-05 tau=4.0000000000000017e-05 prediction=1219.2811098754571 rho=1.0022341220516724 accept=1
  MFCG it  19 cost=2.443721e+05 lam=4.000e-06 tau=0.00e+00 cg_it=0 shift=0 ckpt=1 alpha=0 acc mv=102
PCG_PREP o=19 rebuild=1 drift=0 previous_depth=1
ATTR_RADIUS o=19 raw_norm=10432.784119777056 norm=1552.1227026578715 radius=1552.1227026578711 next_radius=3104.2454053157421 lambda=4.0000000000000015e-06 next_lambda=1.0000000000000004e-06 rho=0.99674882166232859 accept=1
CLASSICAL_LM o=19 lambda=4.0000000000000015e-06 tau=4.0000000000000015e-06 prediction=554.54807420518432 rho=0.99674882166232859 accept=1
  MFCG it  20 cost=2.438193e+05 lam=1.000e-06 tau=0.00e+00 cg_it=39 shift=0 ckpt=40 alpha=0 acc mv=143
PCG_PREP o=20 rebuild=1 drift=0 previous_depth=40
ATTR_RADIUS o=20 raw_norm=22250.488176992931 norm=3104.2454053157426 radius=3104.2454053157421 next_radius=6208.4908106314842 lambda=1.0000000000000004e-06 next_lambda=2.5000000000000009e-07 rho=0.94489050532099672 accept=1
CLASSICAL_LM o=20 lambda=1.0000000000000004e-06 tau=1.0000000000000004e-06 prediction=462.85531592071158 rho=0.94489050532099672 accept=1
TARGET reached outer=21 seconds=0.391511571 cost=243381.9902347333 threshold=243740.26999999999
  MFCG: accepts=21 rejects=1 total_matvecs=159 negcurv=0 cand_evals=22 mean_cg_per_outer=7.6
NUMERIC_REPAIR summary rebuilds=0 floor=9.9999999999999998e-17
FRONTLOAD_SUMMARY attempts=4 products=27 point_completions=4 fresh_checks=4 extra_fresh_products=0 allocated_bytes=360735184 peak_attempt_bytes=90183796 construction_seconds=0.026987728 destruction_seconds=0.009834926
  [retry-cache] builds=22 reuses=0
  [menu-backtrack] trials=3 rescues=3 evals=10 total_scored=32
POINT_SAFE summary calls=3 evals=3 wins=2 frozen=1043 seconds=0.007232375
  [scoring] menu_evals=22 alpha_evals=0 backtrack_evals=10 total_scored=32
RESULT algo=mfree_shifted_cg iters=21 final_cost=243381.9902347333 solve_seconds=0.394831
DIAGNOSTICS median_reproj_err_px 3.252455 -> 0.364168 | cheirality_violations(obs) 0 -> 2 | cheirality_violations(pts, of 64053) 0 -> 1
