  [menu-backtrack] active=1 max_evals=8 warmup_accepts=3 confirm_stop=original armijo=1e-4
MIXED_STORAGE fragments=fp32 arithmetic=fp64 state=fp64 acceptance=fp64
  [compact-fragments] active=2 saved_bytes=17253496 storage=fp32 camera_reads=contiguous
  MFCG score_init=20163569.015917197 precision=fp64
PCG_PREP o=0 rebuild=1 drift=0 previous_depth=0
GEODESIC attempt=0 outer=0 accepts_before=0 cg=1 products=2 relative=0.15157226843009533 certified=1 cutoff=0 guard=0.037623810772564735 admitted=1 won=0 cost=852936.79555842036 prediction=19353789.666757699 rho=0.99777007773970749 seconds=0.002649132
ATTR_RADIUS o=0 raw_norm=3758.8701055429456 norm=3758.8701055429456 radius=3758.8701055429456 next_radius=7517.7402110858911 lambda=0.10000000000000001 next_lambda=0.025000000000000001 rho=0.99764036291228708 accept=1
CLASSICAL_LM o=0 lambda=0.10000000000000001 tau=0.10000000000000001 prediction=19362660.566865467 rho=0.99764036291228708 accept=1
  MFCG it   1 cost=8.465973e+05 lam=2.500e-02 tau=0.00e+00 cg_it=0 shift=0 ckpt=1 alpha=0 acc mv=4
PCG_PREP o=1 rebuild=1 drift=0 previous_depth=1
GEODESIC attempt=1 outer=1 accepts_before=1 cg=1 products=2 relative=0.20098083254021004 certified=1 cutoff=0 guard=0.027229633054463815 admitted=1 won=1 cost=172433.88342457125 prediction=673022.1056910092 rho=1.0016958015448112 seconds=0.002599471
ATTR_RADIUS o=1 raw_norm=2096.4842053471029 norm=2082.7863242093895 radius=7517.7402110858911 next_radius=7517.7402110858911 lambda=0.025000000000000001 next_lambda=0.0025000000000000005 rho=1.0016958015448119 accept=1
CLASSICAL_LM o=1 lambda=0.025000000000000001 tau=0.025000000000000001 prediction=673022.10569100874 rho=1.0016958015448119 accept=1
  MFCG it   2 cost=1.724339e+05 lam=2.500e-03 tau=0.00e+00 cg_it=5 shift=0 ckpt=6 alpha=0 acc mv=13
PCG_PREP o=2 rebuild=1 drift=0 previous_depth=6
GEODESIC attempt=2 outer=2 accepts_before=2 cg=1 products=2 relative=0.26250170841529419 certified=1 cutoff=0 guard=0.026326885087608793 admitted=1 won=1 cost=120252.89960342177 prediction=52258.509356280134 rho=0.99851649930153741 seconds=0.002554712
ATTR_RADIUS o=2 raw_norm=1813.5276194807818 norm=1810.3649853755464 radius=7517.7402110858911 next_radius=7517.7402110858911 lambda=0.0025000000000000005 next_lambda=0.00025000000000000006 rho=0.9985164993015373 accept=1
CLASSICAL_LM o=2 lambda=0.0025000000000000005 tau=0.0025000000000000005 prediction=52258.509356280141 rho=0.9985164993015373 accept=1
  MFCG it   3 cost=1.202529e+05 lam=2.500e-04 tau=0.00e+00 cg_it=22 shift=0 ckpt=23 alpha=0 acc mv=39
PCG_PREP o=3 rebuild=1 drift=0 previous_depth=23
GEODESIC attempt=3 outer=3 accepts_before=3 cg=1 products=2 relative=0.20971865680356153 certified=1 cutoff=0 guard=0.06015699921309467 admitted=1 won=1 cost=109560.94190637916 prediction=10585.371163789543 rho=1.0100692296570273 seconds=0.002599131
ATTR_RADIUS o=3 raw_norm=2827.6736747414943 norm=2829.3759997422194 radius=7517.7402110858911 next_radius=7517.7402110858911 lambda=0.00025000000000000006 next_lambda=2.5000000000000008e-05 rho=1.0100692296570273 accept=1
CLASSICAL_LM o=3 lambda=0.00025000000000000006 tau=0.00025000000000000006 prediction=10585.371163789543 rho=1.0100692296570273 accept=1
  MFCG it   4 cost=1.095609e+05 lam=2.500e-05 tau=0.00e+00 cg_it=9 shift=0 ckpt=10 alpha=0 acc mv=52
PCG_PREP o=4 rebuild=1 drift=0 previous_depth=10
GEODESIC attempt=4 outer=4 accepts_before=4 cg=1 products=2 relative=0.16798378488532004 certified=1 cutoff=0 guard=0.21254847926097256 admitted=1 won=1 cost=105355.37230900614 prediction=2908.2030812758394 rho=1.4461058873261421 seconds=0.002581192
ATTR_RADIUS o=4 raw_norm=4526.31483961497 norm=4530.8690449539827 radius=7517.7402110858911 next_radius=7517.7402110858911 lambda=2.5000000000000008e-05 next_lambda=2.5000000000000011e-06 rho=1.4461058873261421 accept=1
CLASSICAL_LM o=4 lambda=2.5000000000000008e-05 tau=2.5000000000000008e-05 prediction=2908.2030812758394 rho=1.4461058873261421 accept=1
  MFCG it   5 cost=1.053554e+05 lam=2.500e-06 tau=0.00e+00 cg_it=45 shift=0 ckpt=46 alpha=0 acc mv=101
PCG_PREP o=5 rebuild=1 drift=0 previous_depth=46
GEODESIC attempt=5 outer=5 accepts_before=5 cg=1 products=2 relative=0.18521978994116858 certified=1 cutoff=0 guard=0.055337166103803452 admitted=1 won=1 cost=103858.00199815341 prediction=901.1019985354551 rho=1.6617101208147083 seconds=0.002573872
ATTR_RADIUS o=5 raw_norm=8016.4754648716798 norm=7517.7402110858911 radius=7517.7402110858911 next_radius=15035.480422171782 lambda=2.5000000000000011e-06 next_lambda=6.2500000000000026e-07 rho=1.6617101208147094 accept=1
CLASSICAL_LM o=5 lambda=2.5000000000000011e-06 tau=2.5000000000000011e-06 prediction=901.10199853545441 rho=1.6617101208147094 accept=1
  MFCG it   6 cost=1.038580e+05 lam=6.250e-07 tau=0.00e+00 cg_it=71 shift=0 ckpt=72 alpha=0 acc mv=176
PCG_PREP o=6 rebuild=1 drift=0 previous_depth=72
GEODESIC attempt=6 outer=6 accepts_before=6 cg=1 products=2 relative=0.18883819090784701 certified=1 cutoff=0 guard=0.029901253678067872 admitted=1 won=0 cost=102917.55671688692 prediction=-639.04595532233679 rho=-1 seconds=0.002612882
POINT_SAFE o=6 frozen=0 slope=-1631.3489652236676 candidate=inf original=103653.53109266229 current=103858.00199815341 won=0 mode=1 camera_scale=1 keep_scale=0
ATTR_RADIUS o=6 raw_norm=16185.045328233131 norm=7517.740211085893 radius=15035.480422171782 next_radius=15035.480422171782 lambda=6.2500000000000026e-07 next_lambda=6.2500000000000024e-08 rho=0.31532819272385387 accept=1
CLASSICAL_LM o=6 lambda=6.2500000000000026e-07 tau=6.2500000000000026e-07 prediction=648.43838961835411 rho=0.31532819272385387 accept=1
  MFCG it   7 cost=1.036535e+05 lam=6.250e-08 tau=0.00e+00 cg_it=105 shift=0 ckpt=106 alpha=0 acc mv=285
PCG_PREP o=7 rebuild=1 drift=0 previous_depth=106
GEODESIC attempt=7 outer=7 accepts_before=7 cg=3 products=4 relative=0.32455100614515309 certified=1 cutoff=0 guard=1.4600966048373845 admitted=0 won=0 cost=inf prediction=0 rho=-1 seconds=0.003116022
ATTR_RADIUS o=7 raw_norm=2295.4022361748926 norm=2295.4022361748926 radius=15035.480422171782 next_radius=15035.480422171782 lambda=6.2500000000000024e-08 next_lambda=6.250000000000003e-09 rho=0.98709493383736413 accept=1
CLASSICAL_LM o=7 lambda=6.2500000000000024e-08 tau=6.2500000000000024e-08 prediction=460.93198586641489 rho=0.98709493383736413 accept=1
TARGET reached outer=8 seconds=0.179304992 cost=103198.54746456996 threshold=103601.27328595793
  MFCG: accepts=8 rejects=0 total_matvecs=292 negcurv=0 cand_evals=15 mean_cg_per_outer=36.5
NUMERIC_REPAIR summary rebuilds=0 floor=9.9999999999999998e-17
  [retry-cache] builds=8 reuses=0
  [menu-backtrack] trials=1 rescues=1 evals=1 total_scored=16
POINT_SAFE summary calls=1 evals=0 wins=0 frozen=0 seconds=0.001538491
  [scoring] menu_evals=15 alpha_evals=0 backtrack_evals=1 total_scored=16
RESULT algo=mfree_shifted_cg iters=8 final_cost=103198.5474645700 solve_seconds=0.183045
DIAGNOSTICS median_reproj_err_px 3.953929 -> 0.546848 | cheirality_violations(obs) 211 -> 213 | cheirality_violations(pts, of 44033) 211 -> 213
