  [menu-backtrack] active=1 max_evals=8 warmup_accepts=3 confirm_stop=original armijo=1e-4
MIXED_STORAGE fragments=fp32 arithmetic=fp64 state=fp64 acceptance=fp64
  [compact-fragments] active=2 saved_bytes=17253496 storage=fp32 camera_reads=contiguous
  MFCG score_init=20163569.015917197 precision=fp64
PCG_PREP o=0 rebuild=1 drift=0 previous_depth=0
ATTR_RADIUS o=0 raw_norm=3758.8701055429442 norm=3758.8701055429442 radius=3758.8701055429442 next_radius=7517.7402110858884 lambda=0.10000000000000001 next_lambda=0.025000000000000001 rho=0.99764036291228708 accept=1
CLASSICAL_LM o=0 lambda=0.10000000000000001 tau=0.10000000000000001 prediction=19362660.566865463 rho=0.99764036291228708 accept=1
  MFCG it   1 cost=8.465973e+05 lam=2.500e-02 tau=0.00e+00 cg_it=0 shift=0 ckpt=1 alpha=0 acc mv=2
PCG_PREP o=1 rebuild=1 drift=0 previous_depth=1
ATTR_RADIUS o=1 raw_norm=2096.484205347107 norm=2096.484205347107 radius=7517.7402110858884 next_radius=7517.7402110858884 lambda=0.025000000000000001 next_lambda=0.0025000000000000005 rho=1.0003472922668211 accept=1
CLASSICAL_LM o=1 lambda=0.025000000000000001 tau=0.025000000000000001 prediction=673858.28976049705 rho=1.0003472922668211 accept=1
  MFCG it   2 cost=1.725050e+05 lam=2.500e-03 tau=0.00e+00 cg_it=5 shift=0 ckpt=6 alpha=0 acc mv=9
PCG_PREP o=2 rebuild=1 drift=0 previous_depth=6
ATTR_RADIUS o=2 raw_norm=1808.9372946872782 norm=1808.9372946872779 radius=7517.7402110858884 next_radius=7517.7402110858884 lambda=0.0025000000000000005 next_lambda=0.00025000000000000006 rho=0.9958723255100268 accept=1
CLASSICAL_LM o=2 lambda=0.0025000000000000005 tau=0.0025000000000000005 prediction=52348.984190223455 rho=0.9958723255100268 accept=1
  MFCG it   3 cost=1.203721e+05 lam=2.500e-04 tau=0.00e+00 cg_it=22 shift=0 ckpt=23 alpha=0 acc mv=33
PCG_PREP o=3 rebuild=1 drift=0 previous_depth=23
ATTR_RADIUS o=3 raw_norm=2805.254384970076 norm=2805.254384970076 radius=7517.7402110858884 next_radius=7517.7402110858884 lambda=0.00025000000000000006 next_lambda=2.5000000000000008e-05 rho=0.99671243153700739 accept=1
CLASSICAL_LM o=3 lambda=0.00025000000000000006 tau=0.00025000000000000006 prediction=10682.609768614617 rho=0.99671243153700739 accept=1
  MFCG it   4 cost=1.097246e+05 lam=2.500e-05 tau=0.00e+00 cg_it=8 shift=0 ckpt=9 alpha=0 acc mv=43
PCG_PREP o=4 rebuild=1 drift=0 previous_depth=9
POINT_SAFE o=4 frozen=0 slope=-7880.3706448498851 candidate=inf original=106778.318373388 current=109724.59092740071 won=0 mode=1 camera_scale=1 keep_scale=0
ATTR_RADIUS o=4 raw_norm=4556.3017997180905 norm=2278.1508998590452 radius=7517.7402110858884 next_radius=7517.7402110858884 lambda=2.5000000000000008e-05 next_lambda=2.5000000000000011e-06 rho=0.94100659854941393 accept=1
CLASSICAL_LM o=4 lambda=2.5000000000000008e-05 tau=2.5000000000000008e-05 prediction=3130.979696162035 rho=0.94100659854941393 accept=1
  MFCG it   5 cost=1.067783e+05 lam=2.500e-06 tau=0.00e+00 cg_it=45 shift=0 ckpt=46 alpha=0 acc mv=90
PCG_PREP o=5 rebuild=1 drift=0 previous_depth=46
ATTR_RADIUS o=5 raw_norm=4017.494871205266 norm=4017.494871205266 radius=7517.7402110858884 next_radius=7517.7402110858884 lambda=2.5000000000000011e-06 next_lambda=2.5000000000000009e-07 rho=0.43045953369061934 accept=1
CLASSICAL_LM o=5 lambda=2.5000000000000011e-06 tau=2.5000000000000011e-06 prediction=1273.6493455496961 rho=0.43045953369061934 accept=1
  MFCG it   6 cost=1.062301e+05 lam=2.500e-07 tau=0.00e+00 cg_it=10 shift=0 ckpt=11 alpha=0 acc mv=102
PCG_PREP o=6 rebuild=1 drift=0 previous_depth=11
ATTR_RADIUS o=6 raw_norm=235.53231628142873 norm=235.53231628142873 radius=7517.7402110858884 next_radius=7517.7402110858884 lambda=2.5000000000000009e-07 next_lambda=2.5000000000000012e-08 rho=0.9986391240991026 accept=1
CLASSICAL_LM o=6 lambda=2.5000000000000009e-07 tau=2.5000000000000009e-07 prediction=737.99764076608756 rho=0.9986391240991026 accept=1
  MFCG it   7 cost=1.054931e+05 lam=2.500e-08 tau=0.00e+00 cg_it=0 shift=0 ckpt=1 alpha=0 acc mv=104
PCG_PREP o=7 rebuild=1 drift=0 previous_depth=1
POINT_SAFE o=7 frozen=0 slope=-2552.8234298127563 candidate=inf original=104518.52754002326 current=105493.07055245547 won=0 mode=1 camera_scale=1 keep_scale=0
ATTR_RADIUS o=7 raw_norm=14381.961346541319 norm=3758.8701055429451 radius=7517.7402110858884 next_radius=7517.7402110858884 lambda=2.5000000000000012e-08 next_lambda=2.5000000000000013e-09 rho=0.87805756756065678 accept=1
CLASSICAL_LM o=7 lambda=2.5000000000000012e-08 tau=2.5000000000000012e-08 prediction=1109.8851014285906 rho=0.87805756756065678 accept=1
  MFCG it   8 cost=1.045185e+05 lam=2.500e-09 tau=0.00e+00 cg_it=128 shift=0 ckpt=128 alpha=0 acc mv=232
PCG_PREP o=8 rebuild=1 drift=0 previous_depth=128
POINT_SAFE o=8 frozen=0 slope=-1738.4166980685441 candidate=inf original=103827.54663439242 current=104518.52754002326 won=0 mode=1 camera_scale=1 keep_scale=0
ATTR_RADIUS o=8 raw_norm=15503.664054405514 norm=3758.8701055429447 radius=7517.7402110858884 next_radius=7517.7402110858884 lambda=2.5000000000000013e-09 next_lambda=2.5000000000000012e-10 rho=0.92428937862005822 accept=1
CLASSICAL_LM o=8 lambda=2.5000000000000013e-09 tau=2.5000000000000013e-09 prediction=747.58070536573939 rho=0.92428937862005822 accept=1
  MFCG it   9 cost=1.038275e+05 lam=2.500e-10 tau=0.00e+00 cg_it=115 shift=0 ckpt=116 alpha=0 acc mv=349
PCG_PREP o=9 rebuild=1 drift=0 previous_depth=116
POINT_SAFE o=9 frozen=0 slope=-1069.3362224565499 candidate=inf original=103407.25606998224 current=103827.54663439242 won=0 mode=1 camera_scale=1 keep_scale=0
ATTR_RADIUS o=9 raw_norm=15244.550630242591 norm=3758.8701055429442 radius=7517.7402110858884 next_radius=7517.7402110858884 lambda=2.5000000000000012e-10 next_lambda=2.5000000000000014e-11 rho=0.91782416250793752 accept=1
CLASSICAL_LM o=9 lambda=2.5000000000000012e-10 tau=2.5000000000000012e-10 prediction=457.9205708223551 rho=0.91782416250793752 accept=1
TARGET reached outer=10 seconds=0.247220445 cost=103407.25606998224 threshold=103601.27328595793
  MFCG: accepts=10 rejects=0 total_matvecs=462 negcurv=0 cand_evals=10 mean_cg_per_outer=46.2
NUMERIC_REPAIR summary rebuilds=0 floor=9.9999999999999998e-17
  [retry-cache] builds=10 reuses=0
  [menu-backtrack] trials=4 rescues=4 evals=4 total_scored=14
POINT_SAFE summary calls=4 evals=0 wins=0 frozen=0 seconds=0.006073912
  [scoring] menu_evals=10 alpha_evals=0 backtrack_evals=4 total_scored=14
RESULT algo=mfree_shifted_cg iters=10 final_cost=103407.2560699822 solve_seconds=0.249777
DIAGNOSTICS median_reproj_err_px 3.953929 -> 0.546736 | cheirality_violations(obs) 211 -> 211 | cheirality_violations(pts, of 44033) 211 -> 211
