  [menu-backtrack] active=1 max_evals=8 warmup_accepts=3 confirm_stop=original armijo=1e-4
MIXED_STORAGE fragments=fp32 arithmetic=fp64 state=fp64 acceptance=fp64
  [compact-fragments] active=2 saved_bytes=36105992 storage=fp32 camera_reads=contiguous
  MFCG score_init=11152062.77276247 precision=fp64
PCG_PREP o=0 rebuild=1 drift=0 previous_depth=0
ATTR_RADIUS o=0 raw_norm=3225.3525896296687 norm=3225.3525896296687 radius=3225.3525896296687 next_radius=6450.7051792593375 lambda=0.10000000000000001 next_lambda=0.025000000000000001 rho=0.999974388395106 accept=1
CLASSICAL_LM o=0 lambda=0.10000000000000001 tau=0.10000000000000001 prediction=8877594.9877400454 rho=0.999974388395106 accept=1
  MFCG it   1 cost=2.274695e+06 lam=2.500e-02 tau=0.00e+00 cg_it=0 shift=0 ckpt=1 alpha=0 acc mv=2
PCG_PREP o=1 rebuild=1 drift=0 previous_depth=1
ATTR_RADIUS o=1 raw_norm=2725.1440498078582 norm=2725.1440498078582 radius=6450.7051792593375 next_radius=6450.7051792593375 lambda=0.025000000000000001 next_lambda=0.0025000000000000005 rho=0.99701845569054814 accept=1
CLASSICAL_LM o=1 lambda=0.025000000000000001 tau=0.025000000000000001 prediction=770789.73816058715 rho=0.99701845569054814 accept=1
  MFCG it   2 cost=1.506204e+06 lam=2.500e-03 tau=0.00e+00 cg_it=4 shift=0 ckpt=5 alpha=0 acc mv=8
PCG_PREP o=2 rebuild=1 drift=0 previous_depth=5
ATTR_RADIUS o=2 raw_norm=9578.8535291647622 norm=6450.7051792593384 radius=6450.7051792593375 next_radius=12901.410358518675 lambda=0.0025000000000000005 next_lambda=0.00062500000000000012 rho=0.99788045990932295 accept=1
CLASSICAL_LM o=2 lambda=0.0025000000000000005 tau=0.0025000000000000005 prediction=379875.54087330762 rho=0.99788045990932295 accept=1
  MFCG it   3 cost=1.127133e+06 lam=6.250e-04 tau=0.00e+00 cg_it=6 shift=0 ckpt=7 alpha=0 acc mv=16
PCG_PREP o=3 rebuild=1 drift=0 previous_depth=7
ATTR_RADIUS o=3 raw_norm=20859.307736727551 norm=12901.410358518675 radius=12901.410358518675 next_radius=25802.82071703735 lambda=0.00062500000000000012 next_lambda=0.00015625000000000003 rho=1.0093969216304965 accept=1
CLASSICAL_LM o=3 lambda=0.00062500000000000012 tau=0.00062500000000000012 prediction=304236.92171969573 rho=1.0093969216304965 accept=1
  MFCG it   4 cost=8.200374e+05 lam=1.563e-04 tau=0.00e+00 cg_it=5 shift=0 ckpt=6 alpha=0 acc mv=23
PCG_PREP o=4 rebuild=1 drift=0 previous_depth=6
ATTR_RADIUS o=4 raw_norm=36747.144697198208 norm=25802.820717037353 radius=25802.82071703735 next_radius=51605.6414340747 lambda=0.00015625000000000003 next_lambda=3.9062500000000008e-05 rho=0.98437153825650847 accept=1
CLASSICAL_LM o=4 lambda=0.00015625000000000003 tau=0.00015625000000000003 prediction=327617.41563329124 rho=0.98437153825650847 accept=1
  MFCG it   5 cost=4.975401e+05 lam=3.906e-05 tau=0.00e+00 cg_it=8 shift=0 ckpt=9 alpha=0 acc mv=33
PCG_PREP o=5 rebuild=1 drift=0 previous_depth=9
POINT_SAFE o=5 frozen=1464 slope=-317535.16441410466 candidate=381890.57169753057 original=373473.48945528036 current=497540.1090229465 won=0 mode=1 camera_scale=1 keep_scale=0
ATTR_RADIUS o=5 raw_norm=37463.339912784606 norm=18731.669956392303 radius=51605.6414340747 next_radius=51605.6414340747 lambda=3.9062500000000008e-05 next_lambda=3.9062500000000009e-06 rho=0.96839028968024909 accept=1
CLASSICAL_LM o=5 lambda=3.9062500000000008e-05 tau=3.9062500000000008e-05 prediction=128116.33996106204 rho=0.96839028968024909 accept=1
  MFCG it   6 cost=3.734735e+05 lam=3.906e-06 tau=0.00e+00 cg_it=6 shift=0 ckpt=7 alpha=0 acc mv=41
PCG_PREP o=6 rebuild=1 drift=0 previous_depth=7
POINT_SAFE o=6 frozen=670 slope=-179589.07462277685 candidate=403764.25190146017 original=368581.36849490902 current=373473.48945528036 won=0 mode=1 camera_scale=1 keep_scale=0
ATTR_RADIUS o=6 raw_norm=50229.766759592188 norm=50229.766759592188 radius=51605.6414340747 next_radius=12901.410358518675 lambda=3.9062500000000009e-06 next_lambda=6.2500000000000015e-05 rho=0.067438137442032073 accept=0
CLASSICAL_LM o=6 lambda=3.9062500000000009e-06 tau=3.9062500000000009e-06 prediction=72542.349862145376 rho=0.067438137442032073 accept=0
  MFCG it   7  retry 1/8  lam=6.250e-05 tau_eff=3.906e-06  (assembly reused)
PCG_PREP o=6 rebuild=1 drift=0 previous_depth=6
ATTR_RADIUS o=6 raw_norm=19848.981154122575 norm=12901.410358518675 radius=12901.410358518675 next_radius=25802.82071703735 lambda=6.2500000000000015e-05 next_lambda=1.5625000000000004e-05 rho=0.88264652945910249 accept=1
CLASSICAL_LM o=6 lambda=6.2500000000000015e-05 tau=6.2500000000000015e-05 prediction=68725.645525255575 rho=0.88264652945910249 accept=1
  MFCG it   7 cost=3.128130e+05 lam=1.563e-05 tau=0.00e+00 cg_it=5 shift=0 ckpt=6 alpha=0 acc mv=55
PCG_PREP o=7 rebuild=1 drift=0 previous_depth=6
POINT_SAFE o=7 frozen=179 slope=-71080.734810349284 candidate=285659.14609221893 original=290316.65643111622 current=312813.03694757703 won=1 mode=1 camera_scale=1 keep_scale=0
ATTR_RADIUS o=7 raw_norm=22599.907817338746 norm=22599.907817338746 radius=25802.82071703735 next_radius=25802.82071703735 lambda=1.5625000000000004e-05 next_lambda=1.5625000000000004e-05 rho=0.69104451930736588 accept=1
CLASSICAL_LM o=7 lambda=1.5625000000000004e-05 tau=1.5625000000000004e-05 prediction=39293.981931257411 rho=0.69104451930736588 accept=1
  MFCG it   8 cost=2.856591e+05 lam=1.563e-05 tau=0.00e+00 cg_it=5 shift=0 ckpt=6 alpha=0 acc mv=62
PCG_PREP o=8 rebuild=1 drift=0 previous_depth=6
POINT_SAFE o=8 frozen=172 slope=-35253.088351521743 candidate=271070.76204878814 original=280479.51602912025 current=285659.14609221893 won=1 mode=1 camera_scale=1 keep_scale=0
ATTR_RADIUS o=8 raw_norm=7069.8973076319544 norm=7069.8973076319544 radius=25802.82071703735 next_radius=25802.82071703735 lambda=1.5625000000000004e-05 next_lambda=1.5625000000000005e-06 rho=0.81451482838656286 accept=1
CLASSICAL_LM o=8 lambda=1.5625000000000004e-05 tau=1.5625000000000004e-05 prediction=17910.519900943105 rho=0.81451482838656286 accept=1
  MFCG it   9 cost=2.710708e+05 lam=1.563e-06 tau=0.00e+00 cg_it=0 shift=0 ckpt=1 alpha=0 acc mv=64
PCG_PREP o=9 rebuild=1 drift=0 previous_depth=1
POINT_SAFE o=9 frozen=444 slope=-15079.167197353847 candidate=301858.91223746148 original=265559.86309826805 current=271070.76204878814 won=0 mode=1 camera_scale=1 keep_scale=0
ATTR_RADIUS o=9 raw_norm=35180.492589376969 norm=3225.3525896296687 radius=25802.82071703735 next_radius=25802.82071703735 lambda=1.5625000000000005e-06 next_lambda=1.5625000000000007e-07 rho=1.5016464598457582 accept=1
CLASSICAL_LM o=9 lambda=1.5625000000000005e-06 tau=1.5625000000000005e-06 prediction=3669.9044001916009 rho=1.5016464598457582 accept=1
  MFCG it  10 cost=2.655599e+05 lam=1.563e-07 tau=0.00e+00 cg_it=1 shift=0 ckpt=2 alpha=0 acc mv=67
PCG_PREP o=10 rebuild=1 drift=0 previous_depth=2
POINT_SAFE o=10 frozen=296 slope=-17400.121781204929 candidate=291982.37429160869 original=262360.08147628879 current=265559.86309826805 won=0 mode=1 camera_scale=1 keep_scale=0
ATTR_RADIUS o=10 raw_norm=43906.117367885374 norm=6450.7051792593375 radius=25802.82071703735 next_radius=25802.82071703735 lambda=1.5625000000000007e-07 next_lambda=1.5625000000000006e-08 rho=0.6224269948508615 accept=1
CLASSICAL_LM o=10 lambda=1.5625000000000007e-07 tau=1.5625000000000007e-07 prediction=5140.8143420031965 rho=0.6224269948508615 accept=1
  MFCG it  11 cost=2.623601e+05 lam=1.563e-08 tau=0.00e+00 cg_it=1 shift=0 ckpt=2 alpha=0 acc mv=70
PCG_PREP o=11 rebuild=1 drift=0 previous_depth=2
POINT_SAFE o=11 frozen=497 slope=-19031.919363147426 candidate=262959.42658937309 original=258725.37796782167 current=262360.08147628879 won=0 mode=1 camera_scale=1 keep_scale=0
ATTR_RADIUS o=11 raw_norm=15181.988663006314 norm=7590.9943315031569 radius=25802.82071703735 next_radius=25802.82071703735 lambda=1.5625000000000006e-08 next_lambda=1.5625000000000008e-09 rho=0.50186930399183927 accept=1
CLASSICAL_LM o=11 lambda=1.5625000000000006e-08 tau=1.5625000000000006e-08 prediction=7242.3307812550038 rho=0.50186930399183927 accept=1
  MFCG it  12 cost=2.587254e+05 lam=1.563e-09 tau=0.00e+00 cg_it=0 shift=0 ckpt=1 alpha=0 acc mv=72
PCG_PREP o=12 rebuild=1 drift=0 previous_depth=1
POINT_SAFE o=12 frozen=126 slope=-14016.140151196674 candidate=262001.57517175819 original=257433.36324729508 current=258725.37796782167 won=0 mode=1 camera_scale=1 keep_scale=0
ATTR_RADIUS o=12 raw_norm=15537.946172447168 norm=7768.9730862235838 radius=25802.82071703735 next_radius=6450.7051792593375 lambda=1.5625000000000008e-09 next_lambda=2.5000000000000012e-08 rho=0.23576641585588651 accept=1
CLASSICAL_LM o=12 lambda=1.5625000000000008e-09 tau=1.5625000000000008e-09 prediction=5480.0626112768032 rho=0.23576641585588651 accept=1
  MFCG it  13 cost=2.574334e+05 lam=2.500e-08 tau=0.00e+00 cg_it=0 shift=0 ckpt=1 alpha=0 acc mv=74
PCG_PREP o=13 rebuild=1 drift=0 previous_depth=1
ATTR_RADIUS o=13 raw_norm=15524.062268788104 norm=6450.7051792593402 radius=6450.7051792593375 next_radius=6450.7051792593375 lambda=2.5000000000000012e-08 next_lambda=2.5000000000000012e-08 rho=0.47300055379102351 accept=1
CLASSICAL_LM o=13 lambda=2.5000000000000012e-08 tau=2.5000000000000012e-08 prediction=4871.5575408390987 rho=0.47300055379102351 accept=1
  MFCG it  14 cost=2.551291e+05 lam=2.500e-08 tau=0.00e+00 cg_it=0 shift=0 ckpt=1 alpha=0 acc mv=76
PCG_PREP o=14 rebuild=1 drift=0 previous_depth=1
ATTR_RADIUS o=14 raw_norm=16033.408688229718 norm=6450.7051792593384 radius=6450.7051792593375 next_radius=6450.7051792593375 lambda=2.5000000000000012e-08 next_lambda=2.5000000000000012e-08 rho=0.38346802197892615 accept=1
CLASSICAL_LM o=14 lambda=2.5000000000000012e-08 tau=2.5000000000000012e-08 prediction=3169.4748066637185 rho=0.38346802197892615 accept=1
  MFCG it  15 cost=2.539137e+05 lam=2.500e-08 tau=0.00e+00 cg_it=0 shift=0 ckpt=1 alpha=0 acc mv=78
PCG_PREP o=15 rebuild=1 drift=0 previous_depth=1
ATTR_RADIUS o=15 raw_norm=16481.041623414243 norm=6450.7051792593347 radius=6450.7051792593375 next_radius=6450.7051792593375 lambda=2.5000000000000012e-08 next_lambda=2.5000000000000012e-08 rho=0.28634885845665548 accept=1
CLASSICAL_LM o=15 lambda=2.5000000000000012e-08 tau=2.5000000000000012e-08 prediction=2477.0594966044491 rho=0.28634885845665548 accept=1
  MFCG it  16 cost=2.532044e+05 lam=2.500e-08 tau=0.00e+00 cg_it=0 shift=0 ckpt=1 alpha=0 acc mv=80
PCG_PREP o=16 rebuild=1 drift=0 previous_depth=1
ATTR_RADIUS o=16 raw_norm=16889.049044897838 norm=6450.7051792593393 radius=6450.7051792593375 next_radius=1612.6762948148344 lambda=2.5000000000000012e-08 next_lambda=4.0000000000000019e-07 rho=0.18906341259730322 accept=1
CLASSICAL_LM o=16 lambda=2.5000000000000012e-08 tau=2.5000000000000012e-08 prediction=2160.2482061875039 rho=0.18906341259730322 accept=1
  MFCG it  17 cost=2.527960e+05 lam=4.000e-07 tau=0.00e+00 cg_it=0 shift=0 ckpt=1 alpha=0 acc mv=82
PCG_PREP o=17 rebuild=1 drift=0 previous_depth=1
ATTR_RADIUS o=17 raw_norm=14617.519279950124 norm=1612.6762948148341 radius=1612.6762948148344 next_radius=3225.3525896296687 lambda=4.0000000000000019e-07 next_lambda=1.0000000000000005e-07 rho=0.79756752192239966 accept=1
CLASSICAL_LM o=17 lambda=4.0000000000000019e-07 tau=4.0000000000000019e-07 prediction=764.31618753219334 rho=0.79756752192239966 accept=1
  MFCG it  18 cost=2.521864e+05 lam=1.000e-07 tau=0.00e+00 cg_it=0 shift=0 ckpt=1 alpha=0 acc mv=84
PCG_PREP o=18 rebuild=1 drift=0 previous_depth=1
ATTR_RADIUS o=18 raw_norm=16964.800668912889 norm=3225.3525896296692 radius=3225.3525896296687 next_radius=3225.3525896296687 lambda=1.0000000000000005e-07 next_lambda=1.0000000000000005e-07 rho=0.49400788010318331 accept=1
CLASSICAL_LM o=18 lambda=1.0000000000000005e-07 tau=1.0000000000000005e-07 prediction=941.95450677215877 rho=0.49400788010318331 accept=1
  MFCG it  19 cost=2.517211e+05 lam=1.000e-07 tau=0.00e+00 cg_it=0 shift=0 ckpt=1 alpha=0 acc mv=86
PCG_PREP o=19 rebuild=1 drift=0 previous_depth=1
ATTR_RADIUS o=19 raw_norm=17469.435440053785 norm=3225.3525896296692 radius=3225.3525896296687 next_radius=3225.3525896296687 lambda=1.0000000000000005e-07 next_lambda=1.0000000000000005e-07 rho=0.46605572483636221 accept=1
CLASSICAL_LM o=19 lambda=1.0000000000000005e-07 tau=1.0000000000000005e-07 prediction=812.56850881109006 rho=0.46605572483636221 accept=1
  MFCG it  20 cost=2.513424e+05 lam=1.000e-07 tau=0.00e+00 cg_it=0 shift=0 ckpt=1 alpha=0 acc mv=88
PCG_PREP o=20 rebuild=1 drift=0 previous_depth=1
ATTR_RADIUS o=20 raw_norm=17896.440728676433 norm=3225.3525896296674 radius=3225.3525896296687 next_radius=3225.3525896296687 lambda=1.0000000000000005e-07 next_lambda=1.0000000000000005e-07 rho=0.43516094453675325 accept=1
CLASSICAL_LM o=20 lambda=1.0000000000000005e-07 tau=1.0000000000000005e-07 prediction=711.49530771240484 rho=0.43516094453675325 accept=1
  MFCG it  21 cost=2.510328e+05 lam=1.000e-07 tau=0.00e+00 cg_it=0 shift=0 ckpt=1 alpha=0 acc mv=90
PCG_PREP o=21 rebuild=1 drift=0 previous_depth=1
ATTR_RADIUS o=21 raw_norm=18275.031511345591 norm=3225.3525896296687 radius=3225.3525896296687 next_radius=3225.3525896296687 lambda=1.0000000000000005e-07 next_lambda=1.0000000000000005e-07 rho=0.40551103725846521 accept=1
CLASSICAL_LM o=21 lambda=1.0000000000000005e-07 tau=1.0000000000000005e-07 prediction=634.80169931054581 rho=0.40551103725846521 accept=1
  MFCG it  22 cost=2.507753e+05 lam=1.000e-07 tau=0.00e+00 cg_it=0 shift=0 ckpt=1 alpha=0 acc mv=92
PCG_PREP o=22 rebuild=1 drift=0 previous_depth=1
ATTR_RADIUS o=22 raw_norm=18608.471492901386 norm=3225.3525896296696 radius=3225.3525896296687 next_radius=3225.3525896296687 lambda=1.0000000000000005e-07 next_lambda=1.0000000000000005e-07 rho=0.37709321656354094 accept=1
CLASSICAL_LM o=22 lambda=1.0000000000000005e-07 tau=1.0000000000000005e-07 prediction=575.78623089035523 rho=0.37709321656354094 accept=1
  MFCG it  23 cost=2.505582e+05 lam=1.000e-07 tau=0.00e+00 cg_it=0 shift=0 ckpt=1 alpha=0 acc mv=94
PCG_PREP o=23 rebuild=1 drift=0 previous_depth=1
ATTR_RADIUS o=23 raw_norm=18900.334200869736 norm=3225.3525896296678 radius=3225.3525896296687 next_radius=3225.3525896296687 lambda=1.0000000000000005e-07 next_lambda=1.0000000000000005e-07 rho=0.34998745314590685 accept=1
CLASSICAL_LM o=23 lambda=1.0000000000000005e-07 tau=1.0000000000000005e-07 prediction=529.85055491036724 rho=0.34998745314590685 accept=1
  MFCG it  24 cost=2.503728e+05 lam=1.000e-07 tau=0.00e+00 cg_it=0 shift=0 ckpt=1 alpha=0 acc mv=96
PCG_PREP o=24 rebuild=1 drift=0 previous_depth=1
ATTR_RADIUS o=24 raw_norm=19155.843423345439 norm=3225.3525896296687 radius=3225.3525896296687 next_radius=3225.3525896296687 lambda=1.0000000000000005e-07 next_lambda=1.0000000000000005e-07 rho=0.32430146678845945 accept=1
CLASSICAL_LM o=24 lambda=1.0000000000000005e-07 tau=1.0000000000000005e-07 prediction=493.803660211242 rho=0.32430146678845945 accept=1
  MFCG it  25 cost=2.502126e+05 lam=1.000e-07 tau=0.00e+00 cg_it=0 shift=0 ckpt=1 alpha=0 acc mv=98
PCG_PREP o=25 rebuild=1 drift=0 previous_depth=1
ATTR_RADIUS o=25 raw_norm=19378.915459510357 norm=3225.3525896296683 radius=3225.3525896296687 next_radius=3225.3525896296687 lambda=1.0000000000000005e-07 next_lambda=1.0000000000000005e-07 rho=0.30017451601247863 accept=1
CLASSICAL_LM o=25 lambda=1.0000000000000005e-07 tau=1.0000000000000005e-07 prediction=465.38096425563322 rho=0.30017451601247863 accept=1
  MFCG it  26 cost=2.500729e+05 lam=1.000e-07 tau=0.00e+00 cg_it=0 shift=0 ckpt=1 alpha=0 acc mv=100
PCG_PREP o=26 rebuild=1 drift=0 previous_depth=1
ATTR_RADIUS o=26 raw_norm=19565.423091642297 norm=3225.3525896296687 radius=3225.3525896296687 next_radius=3225.3525896296687 lambda=1.0000000000000005e-07 next_lambda=1.0000000000000005e-07 rho=0.27774813321650266 accept=1
CLASSICAL_LM o=26 lambda=1.0000000000000005e-07 tau=1.0000000000000005e-07 prediction=442.94008426244346 rho=0.27774813321650266 accept=1
  MFCG it  27 cost=2.499499e+05 lam=1.000e-07 tau=0.00e+00 cg_it=0 shift=0 ckpt=1 alpha=0 acc mv=102
PCG_PREP o=27 rebuild=1 drift=0 previous_depth=1
ATTR_RADIUS o=27 raw_norm=19693.891366364365 norm=3225.3525896296687 radius=3225.3525896296687 next_radius=3225.3525896296687 lambda=1.0000000000000005e-07 next_lambda=1.0000000000000005e-07 rho=0.25688878725690562 accept=1
CLASSICAL_LM o=27 lambda=1.0000000000000005e-07 tau=1.0000000000000005e-07 prediction=425.08489379643635 rho=0.25688878725690562 accept=1
  MFCG it  28 cost=2.498407e+05 lam=1.000e-07 tau=0.00e+00 cg_it=0 shift=0 ckpt=1 alpha=0 acc mv=104
PCG_PREP o=28 rebuild=1 drift=0 previous_depth=1
ATTR_RADIUS o=28 raw_norm=19802.530840676965 norm=3225.3525896296692 radius=3225.3525896296687 next_radius=806.33814740741718 lambda=1.0000000000000005e-07 next_lambda=1.6000000000000008e-06 rho=0.23753955258080678 accept=1
CLASSICAL_LM o=28 lambda=1.0000000000000005e-07 tau=1.0000000000000005e-07 prediction=410.84702833936171 rho=0.23753955258080678 accept=1
  MFCG it  29 cost=2.497431e+05 lam=1.600e-06 tau=0.00e+00 cg_it=0 shift=0 ckpt=1 alpha=0 acc mv=106
PCG_PREP o=29 rebuild=1 drift=0 previous_depth=1
ATTR_RADIUS o=29 raw_norm=4420.1434322249925 norm=806.33814740741741 radius=806.33814740741718 next_radius=1612.6762948148344 lambda=1.6000000000000008e-06 next_lambda=4.0000000000000019e-07 rho=0.9263857790125255 accept=1
CLASSICAL_LM o=29 lambda=1.6000000000000008e-06 tau=1.6000000000000008e-06 prediction=415.01637038296712 rho=0.9263857790125255 accept=1
  MFCG it  30 cost=2.493586e+05 lam=4.000e-07 tau=0.00e+00 cg_it=0 shift=0 ckpt=1 alpha=0 acc mv=108
PCG_PREP o=30 rebuild=1 drift=0 previous_depth=1
ATTR_RADIUS o=30 raw_norm=12507.758932158948 norm=1612.6762948148339 radius=1612.6762948148344 next_radius=1612.6762948148344 lambda=4.0000000000000019e-07 next_lambda=4.0000000000000019e-07 rho=0.69548153746870445 accept=1
CLASSICAL_LM o=30 lambda=4.0000000000000019e-07 tau=4.0000000000000019e-07 prediction=231.73559066721137 rho=0.69548153746870445 accept=1
  MFCG it  31 cost=2.491975e+05 lam=4.000e-07 tau=0.00e+00 cg_it=0 shift=0 ckpt=1 alpha=0 acc mv=110
PCG_PREP o=31 rebuild=1 drift=0 previous_depth=1
ATTR_RADIUS o=31 raw_norm=12682.957897043987 norm=1612.6762948148344 radius=1612.6762948148344 next_radius=1612.6762948148344 lambda=4.0000000000000019e-07 next_lambda=4.0000000000000019e-07 rho=0.68823698161217339 accept=1
CLASSICAL_LM o=31 lambda=4.0000000000000019e-07 tau=4.0000000000000019e-07 prediction=203.34253669816553 rho=0.68823698161217339 accept=1
  MFCG it  32 cost=2.490575e+05 lam=4.000e-07 tau=0.00e+00 cg_it=0 shift=0 ckpt=1 alpha=0 acc mv=112
PCG_PREP o=32 rebuild=1 drift=0 previous_depth=1
ATTR_RADIUS o=32 raw_norm=12867.122074396208 norm=1612.6762948148344 radius=1612.6762948148344 next_radius=1612.6762948148344 lambda=4.0000000000000019e-07 next_lambda=4.0000000000000019e-07 rho=0.68142260970919988 accept=1
CLASSICAL_LM o=32 lambda=4.0000000000000019e-07 tau=4.0000000000000019e-07 prediction=179.67682473229738 rho=0.68142260970919988 accept=1
  MFCG it  33 cost=2.489351e+05 lam=4.000e-07 tau=0.00e+00 cg_it=0 shift=0 ckpt=1 alpha=0 acc mv=114
PCG_PREP o=33 rebuild=1 drift=0 previous_depth=1
ATTR_RADIUS o=33 raw_norm=13049.664139770077 norm=1612.6762948148339 radius=1612.6762948148344 next_radius=1612.6762948148344 lambda=4.0000000000000019e-07 next_lambda=4.0000000000000019e-07 rho=0.67574284681447827 accept=1
CLASSICAL_LM o=33 lambda=4.0000000000000019e-07 tau=4.0000000000000019e-07 prediction=160.28829441750824 rho=0.67574284681447827 accept=1
  MFCG it  34 cost=2.488268e+05 lam=4.000e-07 tau=0.00e+00 cg_it=0 shift=0 ckpt=1 alpha=0 acc mv=116
PCG_PREP o=34 rebuild=1 drift=0 previous_depth=1
ATTR_RADIUS o=34 raw_norm=13224.849207796997 norm=1612.6762948148346 radius=1612.6762948148344 next_radius=1612.6762948148344 lambda=4.0000000000000019e-07 next_lambda=4.0000000000000019e-07 rho=0.67110828723776894 accept=1
CLASSICAL_LM o=34 lambda=4.0000000000000019e-07 tau=4.0000000000000019e-07 prediction=144.28649880921157 rho=0.67110828723776894 accept=1
  MFCG it  35 cost=2.487299e+05 lam=4.000e-07 tau=0.00e+00 cg_it=0 shift=0 ckpt=1 alpha=0 acc mv=118
PCG_PREP o=35 rebuild=1 drift=0 previous_depth=1
ATTR_RADIUS o=35 raw_norm=13387.038868560057 norm=1612.6762948148341 radius=1612.6762948148344 next_radius=1612.6762948148344 lambda=4.0000000000000019e-07 next_lambda=4.0000000000000019e-07 rho=0.66739372618386916 accept=1
CLASSICAL_LM o=35 lambda=4.0000000000000019e-07 tau=4.0000000000000019e-07 prediction=130.98325979380817 rho=0.66739372618386916 accept=1
  MFCG it  36 cost=2.486425e+05 lam=4.000e-07 tau=0.00e+00 cg_it=0 shift=0 ckpt=1 alpha=0 acc mv=120
PCG_PREP o=36 rebuild=1 drift=0 previous_depth=1
ATTR_RADIUS o=36 raw_norm=13531.871565872791 norm=1612.6762948148344 radius=1612.6762948148344 next_radius=1612.6762948148344 lambda=4.0000000000000019e-07 next_lambda=4.0000000000000019e-07 rho=0.66447805263270676 accept=1
CLASSICAL_LM o=36 lambda=4.0000000000000019e-07 tau=4.0000000000000019e-07 prediction=119.84209295057512 rho=0.66447805263270676 accept=1
  MFCG it  37 cost=2.485629e+05 lam=4.000e-07 tau=0.00e+00 cg_it=0 shift=0 ckpt=1 alpha=0 acc mv=122
PCG_PREP o=37 rebuild=1 drift=0 previous_depth=1
ATTR_RADIUS o=37 raw_norm=19535.875053816391 norm=1612.6762948148346 radius=1612.6762948148344 next_radius=3225.3525896296687 lambda=4.0000000000000019e-07 next_lambda=1.0000000000000005e-07 rho=0.79062637932572022 accept=1
CLASSICAL_LM o=37 lambda=4.0000000000000019e-07 tau=4.0000000000000019e-07 prediction=181.04413481433929 rho=0.79062637932572022 accept=1
  MFCG it  38 cost=2.484198e+05 lam=1.000e-07 tau=0.00e+00 cg_it=1 shift=0 ckpt=2 alpha=0 acc mv=125
PCG_PREP o=38 rebuild=1 drift=0 previous_depth=2
POINT_SAFE o=38 frozen=574 slope=-109.06711387617166 candidate=248475.28209054418 original=248405.39048098613 current=248419.76048257787 won=0 mode=1 camera_scale=1 keep_scale=0
ATTR_RADIUS o=38 raw_norm=71743.114241357092 norm=1612.6762948148332 radius=3225.3525896296687 next_radius=3225.3525896296687 lambda=1.0000000000000005e-07 next_lambda=1.0000000000000005e-08 rho=0.26666988270188258 accept=1
CLASSICAL_LM o=38 lambda=1.0000000000000005e-07 tau=1.0000000000000005e-07 prediction=53.886856086431962 rho=0.26666988270188258 accept=1
  MFCG it  39 cost=2.484054e+05 lam=1.000e-08 tau=0.00e+00 cg_it=1 shift=0 ckpt=2 alpha=0 acc mv=128
PCG_PREP o=39 rebuild=1 drift=0 previous_depth=2
POINT_SAFE o=39 frozen=114 slope=-56.658047025088123 candidate=248520.80332282136 original=248402.00704236279 current=248405.39048098613 won=0 mode=1 camera_scale=1 keep_scale=0
ATTR_RADIUS o=39 raw_norm=180575.98194508546 norm=806.33814740741695 radius=3225.3525896296687 next_radius=806.33814740741718 lambda=1.0000000000000005e-08 next_lambda=1.6000000000000008e-07 rho=0.24046519988437937 accept=1
CLASSICAL_LM o=39 lambda=1.0000000000000005e-08 tau=1.0000000000000005e-08 prediction=14.070387835589122 rho=0.24046519988437937 accept=1
  MFCG it  40 cost=2.484020e+05 lam=1.600e-07 tau=0.00e+00 cg_it=1 shift=0 ckpt=2 alpha=0 acc mv=131
PCG_PREP o=40 rebuild=1 drift=0 previous_depth=2
ATTR_RADIUS o=40 raw_norm=22513.045683269553 norm=806.33814740741718 radius=806.33814740741718 next_radius=806.33814740741718 lambda=1.6000000000000008e-07 next_lambda=1.6000000000000008e-07 rho=0.68707033983724786 accept=1
CLASSICAL_LM o=40 lambda=1.6000000000000008e-07 tau=1.6000000000000008e-07 prediction=35.547338456711834 rho=0.68707033983724786 accept=1
  MFCG it  41 cost=2.483776e+05 lam=1.600e-07 tau=0.00e+00 cg_it=0 shift=0 ckpt=1 alpha=0 acc mv=133
PCG_PREP o=41 rebuild=1 drift=0 previous_depth=1
ATTR_RADIUS o=41 raw_norm=22528.66396231511 norm=806.3381474074173 radius=806.33814740741718 next_radius=806.33814740741718 lambda=1.6000000000000008e-07 next_lambda=1.6000000000000008e-07 rho=0.67820994504231402 accept=1
CLASSICAL_LM o=41 lambda=1.6000000000000008e-07 tau=1.6000000000000008e-07 prediction=33.756688834014497 rho=0.67820994504231402 accept=1
  MFCG it  42 cost=2.483547e+05 lam=1.600e-07 tau=0.00e+00 cg_it=0 shift=0 ckpt=1 alpha=0 acc mv=135
PCG_PREP o=42 rebuild=1 drift=0 previous_depth=1
ATTR_RADIUS o=42 raw_norm=22530.513713429085 norm=806.33814740741718 radius=806.33814740741718 next_radius=806.33814740741718 lambda=1.6000000000000008e-07 next_lambda=1.6000000000000008e-07 rho=0.67738529846125239 accept=1
CLASSICAL_LM o=42 lambda=1.6000000000000008e-07 tau=1.6000000000000008e-07 prediction=32.85125619504246 rho=0.67738529846125239 accept=1
  MFCG it  43 cost=2.483324e+05 lam=1.600e-07 tau=0.00e+00 cg_it=0 shift=0 ckpt=1 alpha=0 acc mv=137
PCG_PREP o=43 rebuild=1 drift=0 previous_depth=1
ATTR_RADIUS o=43 raw_norm=22529.696885895177 norm=806.33814740741718 radius=806.33814740741718 next_radius=806.33814740741718 lambda=1.6000000000000008e-07 next_lambda=1.6000000000000008e-07 rho=0.67672922007502412 accept=1
CLASSICAL_LM o=43 lambda=1.6000000000000008e-07 tau=1.6000000000000008e-07 prediction=31.994812489087881 rho=0.67672922007502412 accept=1
  MFCG it  44 cost=2.483108e+05 lam=1.600e-07 tau=0.00e+00 cg_it=0 shift=0 ckpt=1 alpha=0 acc mv=139
PCG_PREP o=44 rebuild=1 drift=0 previous_depth=1
ATTR_RADIUS o=44 raw_norm=22526.138696645528 norm=806.33814740741718 radius=806.33814740741718 next_radius=806.33814740741718 lambda=1.6000000000000008e-07 next_lambda=1.6000000000000008e-07 rho=0.67624451123964835 accept=1
CLASSICAL_LM o=44 lambda=1.6000000000000008e-07 tau=1.6000000000000008e-07 prediction=31.183441488384041 rho=0.67624451123964835 accept=1
  MFCG it  45 cost=2.482897e+05 lam=1.600e-07 tau=0.00e+00 cg_it=0 shift=0 ckpt=1 alpha=0 acc mv=141
PCG_PREP o=45 rebuild=1 drift=0 previous_depth=1
ATTR_RADIUS o=45 raw_norm=22519.740132594157 norm=806.33814740741718 radius=806.33814740741718 next_radius=806.33814740741718 lambda=1.6000000000000008e-07 next_lambda=1.6000000000000008e-07 rho=0.67593219151059625 accept=1
CLASSICAL_LM o=45 lambda=1.6000000000000008e-07 tau=1.6000000000000008e-07 prediction=30.415364540080017 rho=0.67593219151059625 accept=1
  MFCG it  46 cost=2.482691e+05 lam=1.600e-07 tau=0.00e+00 cg_it=0 shift=0 ckpt=1 alpha=0 acc mv=143
PCG_PREP o=46 rebuild=1 drift=0 previous_depth=1
ATTR_RADIUS o=46 raw_norm=22510.449049188472 norm=806.33814740741718 radius=806.33814740741718 next_radius=806.33814740741718 lambda=1.6000000000000008e-07 next_lambda=1.6000000000000008e-07 rho=0.67580475216060121 accept=1
CLASSICAL_LM o=46 lambda=1.6000000000000008e-07 tau=1.6000000000000008e-07 prediction=29.689517387366653 rho=0.67580475216060121 accept=1
  MFCG it  47 cost=2.482491e+05 lam=1.600e-07 tau=0.00e+00 cg_it=0 shift=0 ckpt=1 alpha=0 acc mv=145
PCG_PREP o=47 rebuild=1 drift=0 previous_depth=1
ATTR_RADIUS o=47 raw_norm=22499.647377639187 norm=806.33814740741718 radius=806.33814740741718 next_radius=806.33814740741718 lambda=1.6000000000000008e-07 next_lambda=1.6000000000000008e-07 rho=0.67592236911068182 accept=1
CLASSICAL_LM o=47 lambda=1.6000000000000008e-07 tau=1.6000000000000008e-07 prediction=29.006425655269336 rho=0.67592236911068182 accept=1
  MFCG it  48 cost=2.482295e+05 lam=1.600e-07 tau=0.00e+00 cg_it=0 shift=0 ckpt=1 alpha=0 acc mv=147
PCG_PREP o=48 rebuild=1 drift=0 previous_depth=1
ATTR_RADIUS o=48 raw_norm=22486.637366381998 norm=806.3381474074173 radius=806.33814740741718 next_radius=806.33814740741718 lambda=1.6000000000000008e-07 next_lambda=1.6000000000000008e-07 rho=0.67643206896609431 accept=1
CLASSICAL_LM o=48 lambda=1.6000000000000008e-07 tau=1.6000000000000008e-07 prediction=28.378478341395155 rho=0.67643206896609431 accept=1
  MFCG it  49 cost=2.482103e+05 lam=1.600e-07 tau=0.00e+00 cg_it=0 shift=0 ckpt=1 alpha=0 acc mv=149
PCG_PREP o=49 rebuild=1 drift=0 previous_depth=1
ATTR_RADIUS o=49 raw_norm=36697.349244455349 norm=806.33814740741741 radius=806.33814740741718 next_radius=1612.6762948148344 lambda=1.6000000000000008e-07 next_lambda=4.0000000000000021e-08 rho=0.7993750669249986 accept=1
CLASSICAL_LM o=49 lambda=1.6000000000000008e-07 tau=1.6000000000000008e-07 prediction=44.424150868806656 rho=0.7993750669249986 accept=1
  MFCG it  50 cost=2.481748e+05 lam=4.000e-08 tau=0.00e+00 cg_it=1 shift=0 ckpt=2 alpha=0 acc mv=152
PCG_PREP o=50 rebuild=1 drift=0 previous_depth=2
POINT_SAFE o=50 frozen=550 slope=-34.326722392576123 candidate=248175.92863046739 original=248166.54580376504 current=248174.76018044766 won=0 mode=1 camera_scale=1 keep_scale=0
ATTR_RADIUS o=50 raw_norm=119228.34753598228 norm=806.3381474074173 radius=1612.6762948148344 next_radius=1612.6762948148344 lambda=4.0000000000000021e-08 next_lambda=4.0000000000000019e-09 rho=0.48068937222343777 accept=1
CLASSICAL_LM o=50 lambda=4.0000000000000021e-08 tau=4.0000000000000021e-08 prediction=17.088742038592567 rho=0.48068937222343777 accept=1
  MFCG it  51 cost=2.481665e+05 lam=4.000e-09 tau=0.00e+00 cg_it=1 shift=0 ckpt=2 alpha=0 acc mv=155
PCG_PREP o=51 rebuild=1 drift=0 previous_depth=2
NUMERIC_REPAIR o=51 lambda=4.0000000000000019e-09 rayleigh=-2.1588292158745057e-07 next_lambda=8.7953168634980234e-07 cg=1 rebuild=1
PCG_PREP o=51 rebuild=1 drift=0 previous_depth=1
ATTR_RADIUS o=51 raw_norm=5583.9679193987249 norm=1612.6762948148344 radius=1612.6762948148344 next_radius=3225.3525896296687 lambda=8.7953168634980234e-07 next_lambda=8.7953168634980234e-07 rho=0.83216654239215959 accept=1
CLASSICAL_LM o=51 lambda=8.7953168634980234e-07 tau=8.7953168634980234e-07 prediction=186.24577522924002 rho=0.83216654239215959 accept=1
  MFCG it  52 cost=2.480116e+05 lam=8.795e-07 tau=0.00e+00 cg_it=0 shift=0 ckpt=1 alpha=0 acc mv=159
PCG_PREP o=52 rebuild=1 drift=0 previous_depth=1
ATTR_RADIUS o=52 raw_norm=5918.717723363241 norm=3225.3525896296692 radius=3225.3525896296687 next_radius=6450.7051792593375 lambda=8.7953168634980234e-07 next_lambda=8.7953168634980234e-07 rho=0.91863336152795427 accept=1
CLASSICAL_LM o=52 lambda=8.7953168634980234e-07 tau=8.7953168634980234e-07 prediction=701.55178622394055 rho=0.91863336152795427 accept=1
  MFCG it  53 cost=2.473671e+05 lam=8.795e-07 tau=0.00e+00 cg_it=1 shift=0 ckpt=2 alpha=0 acc mv=162
PCG_PREP o=53 rebuild=1 drift=0 previous_depth=2
POINT_SAFE o=53 frozen=1170 slope=-273.4923263952129 candidate=247559.8273009258 original=247326.7697542957 current=247367.08942529254 won=0 mode=1 camera_scale=1 keep_scale=0
ATTR_RADIUS o=53 raw_norm=7892.617364070984 norm=3225.3525896296696 radius=6450.7051792593375 next_radius=6450.7051792593375 lambda=8.7953168634980234e-07 next_lambda=8.7953168634980234e-07 rho=0.36354213560471677 accept=1
CLASSICAL_LM o=53 lambda=8.7953168634980234e-07 tau=8.7953168634980234e-07 prediction=110.90783446536287 rho=0.36354213560471677 accept=1
  MFCG it  54 cost=2.473268e+05 lam=8.795e-07 tau=0.00e+00 cg_it=0 shift=0 ckpt=1 alpha=0 acc mv=164
PCG_PREP o=54 rebuild=1 drift=0 previous_depth=1
POINT_SAFE o=54 frozen=951 slope=-308.90349810217953 candidate=247520.06849309133 original=247289.16847770277 current=247326.7697542957 won=0 mode=1 camera_scale=1 keep_scale=0
ATTR_RADIUS o=54 raw_norm=6638.4698910734351 norm=3225.3525896296674 radius=6450.7051792593375 next_radius=6450.7051792593375 lambda=8.7953168634980234e-07 next_lambda=8.7953168634980234e-07 rho=0.31311219921708355 accept=1
CLASSICAL_LM o=54 lambda=8.7953168634980234e-07 tau=8.7953168634980234e-07 prediction=120.08882658341992 rho=0.31311219921708355 accept=1
  MFCG it  55 cost=2.472892e+05 lam=8.795e-07 tau=0.00e+00 cg_it=0 shift=0 ckpt=1 alpha=0 acc mv=166
PCG_PREP o=55 rebuild=1 drift=0 previous_depth=1
POINT_SAFE o=55 frozen=617 slope=-324.00507452576528 candidate=247397.43516760852 original=247237.33947172223 current=247289.16847770277 won=0 mode=1 camera_scale=1 keep_scale=0
ATTR_RADIUS o=55 raw_norm=5933.1745381855026 norm=2966.5872690927513 radius=6450.7051792593375 next_radius=6450.7051792593375 lambda=8.7953168634980234e-07 next_lambda=8.7953168634980234e-07 rho=0.4148119261241916 accept=1
CLASSICAL_LM o=55 lambda=8.7953168634980234e-07 tau=8.7953168634980234e-07 prediction=124.94579523016608 rho=0.4148119261241916 accept=1
  MFCG it  56 cost=2.472373e+05 lam=8.795e-07 tau=0.00e+00 cg_it=0 shift=0 ckpt=1 alpha=0 acc mv=168
PCG_PREP o=56 rebuild=1 drift=0 previous_depth=1
POINT_SAFE o=56 frozen=440 slope=-301.22088501003623 candidate=247302.87321996904 original=247182.6971321913 current=247237.33947172223 won=0 mode=1 camera_scale=1 keep_scale=0
ATTR_RADIUS o=56 raw_norm=5598.5405377111192 norm=2799.2702688555596 radius=6450.7051792593375 next_radius=6450.7051792593375 lambda=8.7953168634980234e-07 next_lambda=8.7953168634980234e-07 rho=0.47016410317119189 accept=1
CLASSICAL_LM o=56 lambda=8.7953168634980234e-07 tau=8.7953168634980234e-07 prediction=116.21971809921212 rho=0.47016410317119189 accept=1
  MFCG it  57 cost=2.471827e+05 lam=8.795e-07 tau=0.00e+00 cg_it=0 shift=0 ckpt=1 alpha=0 acc mv=170
PCG_PREP o=57 rebuild=1 drift=0 previous_depth=1
POINT_SAFE o=57 frozen=380 slope=-269.84548492071934 candidate=247230.0233622088 original=247130.58511917328 current=247182.6971321913 won=0 mode=1 camera_scale=1 keep_scale=0
ATTR_RADIUS o=57 raw_norm=5402.0295222262775 norm=2701.0147611131388 radius=6450.7051792593375 next_radius=6450.7051792593375 lambda=8.7953168634980234e-07 next_lambda=8.7953168634980234e-07 rho=0.49982773516174023 accept=1
CLASSICAL_LM o=57 lambda=8.7953168634980234e-07 tau=8.7953168634980234e-07 prediction=104.25994668174553 rho=0.49982773516174023 accept=1
  MFCG it  58 cost=2.471306e+05 lam=8.795e-07 tau=0.00e+00 cg_it=0 shift=0 ckpt=1 alpha=0 acc mv=172
PCG_PREP o=58 rebuild=1 drift=0 previous_depth=1
POINT_SAFE o=58 frozen=373 slope=-241.00366672799356 candidate=247167.68691510425 original=247081.8805681151 current=247130.58511917328 won=0 mode=1 camera_scale=1 keep_scale=0
ATTR_RADIUS o=58 raw_norm=5258.7055615221625 norm=2629.3527807610812 radius=6450.7051792593375 next_radius=6450.7051792593375 lambda=8.7953168634980234e-07 next_lambda=8.7953168634980234e-07 rho=0.5220898402318277 accept=1
CLASSICAL_LM o=58 lambda=8.7953168634980234e-07 tau=8.7953168634980234e-07 prediction=93.287682128720277 rho=0.5220898402318277 accept=1
  MFCG it  59 cost=2.470819e+05 lam=8.795e-07 tau=0.00e+00 cg_it=0 shift=0 ckpt=1 alpha=0 acc mv=174
PCG_PREP o=59 rebuild=1 drift=0 previous_depth=1
ATTR_RADIUS o=59 raw_norm=5577.7468317942776 norm=5577.7468317942776 radius=6450.7051792593375 next_radius=6450.7051792593375 lambda=8.7953168634980234e-07 next_lambda=8.7953168634980234e-07 rho=0.67569199801256219 accept=1
CLASSICAL_LM o=59 lambda=8.7953168634980234e-07 tau=8.7953168634980234e-07 prediction=387.96521081825028 rho=0.67569199801256219 accept=1
  MFCG it  60 cost=2.468197e+05 lam=8.795e-07 tau=0.00e+00 cg_it=1 shift=0 ckpt=2 alpha=0 acc mv=177
PCG_PREP o=60 rebuild=1 drift=0 previous_depth=2
ATTR_RADIUS o=60 raw_norm=5190.7903226559019 norm=5190.7903226559019 radius=6450.7051792593375 next_radius=6450.7051792593375 lambda=8.7953168634980234e-07 next_lambda=8.7953168634980234e-07 rho=0.43449073718155362 accept=1
CLASSICAL_LM o=60 lambda=8.7953168634980234e-07 tau=8.7953168634980234e-07 prediction=221.07676675130185 rho=0.43449073718155362 accept=1
  MFCG it  61 cost=2.467237e+05 lam=8.795e-07 tau=0.00e+00 cg_it=0 shift=0 ckpt=1 alpha=0 acc mv=179
PCG_PREP o=61 rebuild=1 drift=0 previous_depth=1
ATTR_RADIUS o=61 raw_norm=4058.828272199511 norm=4058.828272199511 radius=6450.7051792593375 next_radius=6450.7051792593375 lambda=8.7953168634980234e-07 next_lambda=8.7953168634980234e-07 rho=0.27980497703291957 accept=1
CLASSICAL_LM o=61 lambda=8.7953168634980234e-07 tau=8.7953168634980234e-07 prediction=149.10592571876495 rho=0.27980497703291957 accept=1
  MFCG it  62 cost=2.466820e+05 lam=8.795e-07 tau=0.00e+00 cg_it=0 shift=0 ckpt=1 alpha=0 acc mv=181
PCG_PREP o=62 rebuild=1 drift=0 previous_depth=1
ATTR_RADIUS o=62 raw_norm=3613.2443171117184 norm=3613.2443171117184 radius=6450.7051792593375 next_radius=6450.7051792593375 lambda=8.7953168634980234e-07 next_lambda=8.7953168634980234e-07 rho=0.45061273240785782 accept=1
CLASSICAL_LM o=62 lambda=8.7953168634980234e-07 tau=8.7953168634980234e-07 prediction=126.43003535667835 rho=0.45061273240785782 accept=1
  MFCG it  63 cost=2.466250e+05 lam=8.795e-07 tau=0.00e+00 cg_it=0 shift=0 ckpt=1 alpha=0 acc mv=183
PCG_PREP o=63 rebuild=1 drift=0 previous_depth=1
ATTR_RADIUS o=63 raw_norm=3290.5073000636035 norm=3290.5073000636035 radius=6450.7051792593375 next_radius=6450.7051792593375 lambda=8.7953168634980234e-07 next_lambda=8.7953168634980234e-07 rho=0.45830532551987663 accept=1
CLASSICAL_LM o=63 lambda=8.7953168634980234e-07 tau=8.7953168634980234e-07 prediction=85.71304858747591 rho=0.45830532551987663 accept=1
  MFCG it  64 cost=2.465857e+05 lam=8.795e-07 tau=0.00e+00 cg_it=0 shift=0 ckpt=1 alpha=0 acc mv=185
PCG_PREP o=64 rebuild=1 drift=0 previous_depth=1
ATTR_RADIUS o=64 raw_norm=3042.0211533134616 norm=3042.0211533134616 radius=6450.7051792593375 next_radius=6450.7051792593375 lambda=8.7953168634980234e-07 next_lambda=8.7953168634980234e-07 rho=0.46714188477024465 accept=1
CLASSICAL_LM o=64 lambda=8.7953168634980234e-07 tau=8.7953168634980234e-07 prediction=60.749984494209038 rho=0.46714188477024465 accept=1
  MFCG it  65 cost=2.465573e+05 lam=8.795e-07 tau=0.00e+00 cg_it=0 shift=0 ckpt=1 alpha=0 acc mv=187
PCG_PREP o=65 rebuild=1 drift=0 previous_depth=1
ATTR_RADIUS o=65 raw_norm=2844.07290758211 norm=2844.07290758211 radius=6450.7051792593375 next_radius=6450.7051792593375 lambda=8.7953168634980234e-07 next_lambda=8.7953168634980234e-07 rho=0.48045164934685575 accept=1
CLASSICAL_LM o=65 lambda=8.7953168634980234e-07 tau=8.7953168634980234e-07 prediction=45.248731201956026 rho=0.48045164934685575 accept=1
  MFCG it  66 cost=2.465356e+05 lam=8.795e-07 tau=0.00e+00 cg_it=0 shift=0 ckpt=1 alpha=0 acc mv=189
PCG_PREP o=66 rebuild=1 drift=0 previous_depth=1
ATTR_RADIUS o=66 raw_norm=2680.4812797700024 norm=2680.4812797700024 radius=6450.7051792593375 next_radius=6450.7051792593375 lambda=8.7953168634980234e-07 next_lambda=8.7953168634980234e-07 rho=0.50046912951949907 accept=1
CLASSICAL_LM o=66 lambda=8.7953168634980234e-07 tau=8.7953168634980234e-07 prediction=35.23422914661154 rho=0.50046912951949907 accept=1
  MFCG it  67 cost=2.465180e+05 lam=8.795e-07 tau=0.00e+00 cg_it=0 shift=0 ckpt=1 alpha=0 acc mv=191
PCG_PREP o=67 rebuild=1 drift=0 previous_depth=1
ATTR_RADIUS o=67 raw_norm=2542.3849031421846 norm=2542.3849031421846 radius=6450.7051792593375 next_radius=6450.7051792593375 lambda=8.7953168634980234e-07 next_lambda=8.7953168634980234e-07 rho=0.52434441907145968 accept=1
CLASSICAL_LM o=67 lambda=8.7953168634980234e-07 tau=8.7953168634980234e-07 prediction=28.370028651082396 rho=0.52434441907145968 accept=1
  MFCG it  68 cost=2.465031e+05 lam=8.795e-07 tau=0.00e+00 cg_it=0 shift=0 ckpt=1 alpha=0 acc mv=193
PCG_PREP o=68 rebuild=1 drift=0 previous_depth=1
ATTR_RADIUS o=68 raw_norm=2423.4164311415498 norm=2423.4164311415498 radius=6450.7051792593375 next_radius=6450.7051792593375 lambda=8.7953168634980234e-07 next_lambda=8.7953168634980234e-07 rho=0.55049646054973633 accept=1
CLASSICAL_LM o=68 lambda=8.7953168634980234e-07 tau=8.7953168634980234e-07 prediction=23.446493780232139 rho=0.55049646054973633 accept=1
  MFCG it  69 cost=2.464902e+05 lam=8.795e-07 tau=0.00e+00 cg_it=0 shift=0 ckpt=1 alpha=0 acc mv=195
PCG_PREP o=69 rebuild=1 drift=0 previous_depth=1
ATTR_RADIUS o=69 raw_norm=2319.2865863919551 norm=2319.2865863919551 radius=6450.7051792593375 next_radius=6450.7051792593375 lambda=8.7953168634980234e-07 next_lambda=8.7953168634980234e-07 rho=0.57764051766033575 accept=1
CLASSICAL_LM o=69 lambda=8.7953168634980234e-07 tau=8.7953168634980234e-07 prediction=19.775490713482029 rho=0.57764051766033575 accept=1
  MFCG it  70 cost=2.464787e+05 lam=8.795e-07 tau=0.00e+00 cg_it=0 shift=0 ckpt=1 alpha=0 acc mv=197
PCG_PREP o=70 rebuild=1 drift=0 previous_depth=1
ATTR_RADIUS o=70 raw_norm=2226.5159980991061 norm=2226.5159980991061 radius=6450.7051792593375 next_radius=6450.7051792593375 lambda=8.7953168634980234e-07 next_lambda=8.7953168634980234e-07 rho=0.60490720694774014 accept=1
CLASSICAL_LM o=70 lambda=8.7953168634980234e-07 tau=8.7953168634980234e-07 prediction=16.94786915601059 rho=0.60490720694774014 accept=1
  MFCG it  71 cost=2.464685e+05 lam=8.795e-07 tau=0.00e+00 cg_it=0 shift=0 ckpt=1 alpha=0 acc mv=199
PCG_PREP o=71 rebuild=1 drift=0 previous_depth=1
ATTR_RADIUS o=71 raw_norm=2142.7491713407207 norm=2142.7491713407207 radius=6450.7051792593375 next_radius=6450.7051792593375 lambda=8.7953168634980234e-07 next_lambda=8.7953168634980234e-07 rho=0.63167031743926627 accept=1
CLASSICAL_LM o=71 lambda=8.7953168634980234e-07 tau=8.7953168634980234e-07 prediction=14.708852226010464 rho=0.63167031743926627 accept=1
  MFCG it  72 cost=2.464592e+05 lam=8.795e-07 tau=0.00e+00 cg_it=0 shift=0 ckpt=1 alpha=0 acc mv=201
PCG_PREP o=72 rebuild=1 drift=0 previous_depth=1
ATTR_RADIUS o=72 raw_norm=2066.2088300822588 norm=2066.2088300822588 radius=6450.7051792593375 next_radius=6450.7051792593375 lambda=8.7953168634980234e-07 next_lambda=8.7953168634980234e-07 rho=0.65754081342868587 accept=1
CLASSICAL_LM o=72 lambda=8.7953168634980234e-07 tau=8.7953168634980234e-07 prediction=12.894214214199113 rho=0.65754081342868587 accept=1
  MFCG it  73 cost=2.464507e+05 lam=8.795e-07 tau=0.00e+00 cg_it=0 shift=0 ckpt=1 alpha=0 acc mv=203
PCG_PREP o=73 rebuild=1 drift=0 previous_depth=1
ATTR_RADIUS o=73 raw_norm=1995.4643889879858 norm=1995.4643889879858 radius=6450.7051792593375 next_radius=6450.7051792593375 lambda=8.7953168634980234e-07 next_lambda=8.7953168634980234e-07 rho=0.68221152033280896 accept=1
CLASSICAL_LM o=73 lambda=8.7953168634980234e-07 tau=8.7953168634980234e-07 prediction=11.393781393226206 rho=0.68221152033280896 accept=1
  MFCG it  74 cost=2.464430e+05 lam=8.795e-07 tau=0.00e+00 cg_it=0 shift=0 ckpt=1 alpha=0 acc mv=205
PCG_PREP o=74 rebuild=1 drift=0 previous_depth=1
ATTR_RADIUS o=74 raw_norm=2860.997041094312 norm=2860.997041094312 radius=6450.7051792593375 next_radius=6450.7051792593375 lambda=8.7953168634980234e-07 next_lambda=8.7953168634980234e-07 rho=0.88158745256486315 accept=1
CLASSICAL_LM o=74 lambda=8.7953168634980234e-07 tau=8.7953168634980234e-07 prediction=50.003567636773099 rho=0.88158745256486315 accept=1
  MFCG it  75 cost=2.463989e+05 lam=8.795e-07 tau=0.00e+00 cg_it=2 shift=0 ckpt=3 alpha=0 acc mv=209
PCG_PREP o=75 rebuild=1 drift=0 previous_depth=3
ATTR_RADIUS o=75 raw_norm=1434.4223418548163 norm=1434.4223418548163 radius=6450.7051792593375 next_radius=6450.7051792593375 lambda=8.7953168634980234e-07 next_lambda=8.7953168634980234e-07 rho=0.90122507307978261 accept=1
CLASSICAL_LM o=75 lambda=8.7953168634980234e-07 tau=8.7953168634980234e-07 prediction=14.376983008546738 rho=0.90122507307978261 accept=1
  MFCG it  76 cost=2.463859e+05 lam=8.795e-07 tau=0.00e+00 cg_it=0 shift=0 ckpt=1 alpha=0 acc mv=211
PCG_PREP o=76 rebuild=1 drift=0 previous_depth=1
ATTR_RADIUS o=76 raw_norm=1058.1168523442143 norm=1058.1168523442143 radius=6450.7051792593375 next_radius=6450.7051792593375 lambda=8.7953168634980234e-07 next_lambda=8.7953168634980234e-07 rho=0.97947087181365977 accept=1
CLASSICAL_LM o=76 lambda=8.7953168634980234e-07 tau=8.7953168634980234e-07 prediction=16.282287303023601 rho=0.97947087181365977 accept=1
  MFCG it  77 cost=2.463700e+05 lam=8.795e-07 tau=0.00e+00 cg_it=5 shift=0 ckpt=6 alpha=0 acc mv=218
PCG_PREP o=77 rebuild=1 drift=0 previous_depth=6
ATTR_RADIUS o=77 raw_norm=1302.3945847361458 norm=1302.3945847361458 radius=6450.7051792593375 next_radius=6450.7051792593375 lambda=8.7953168634980234e-07 next_lambda=8.7953168634980234e-07 rho=0.47653495738598256 accept=1
CLASSICAL_LM o=77 lambda=8.7953168634980234e-07 tau=8.7953168634980234e-07 prediction=2.1794337295234736 rho=0.47653495738598256 accept=1
  MFCG it  78 cost=2.463689e+05 lam=8.795e-07 tau=0.00e+00 cg_it=0 shift=0 ckpt=1 alpha=0 acc mv=220
PCG_PREP o=78 rebuild=1 drift=0 previous_depth=1
ATTR_RADIUS o=78 raw_norm=1181.9904402367613 norm=1181.9904402367611 radius=6450.7051792593375 next_radius=6450.7051792593375 lambda=8.7953168634980234e-07 next_lambda=8.7953168634980234e-07 rho=0.64387975558401778 accept=1
CLASSICAL_LM o=78 lambda=8.7953168634980234e-07 tau=8.7953168634980234e-07 prediction=2.4211007591304279 rho=0.64387975558401778 accept=1
  MFCG it  79 cost=2.463674e+05 lam=8.795e-07 tau=0.00e+00 cg_it=0 shift=0 ckpt=1 alpha=0 acc mv=222
PCG_PREP o=79 rebuild=1 drift=0 previous_depth=1
ATTR_RADIUS o=79 raw_norm=1136.2505157693145 norm=1136.2505157693147 radius=6450.7051792593375 next_radius=6450.7051792593375 lambda=8.7953168634980234e-07 next_lambda=8.7953168634980234e-07 rho=0.62927762570575108 accept=1
CLASSICAL_LM o=79 lambda=8.7953168634980234e-07 tau=8.7953168634980234e-07 prediction=2.0096872885045105 rho=0.62927762570575108 accept=1
  MFCG it  80 cost=2.463661e+05 lam=8.795e-07 tau=0.00e+00 cg_it=0 shift=0 ckpt=1 alpha=0 acc mv=224
PCG_PREP o=80 rebuild=1 drift=0 previous_depth=1
ATTR_RADIUS o=80 raw_norm=1093.8416447590891 norm=1093.8416447590891 radius=6450.7051792593375 next_radius=6450.7051792593375 lambda=8.7953168634980234e-07 next_lambda=8.7953168634980234e-07 rho=0.63936472462362193 accept=1
CLASSICAL_LM o=80 lambda=8.7953168634980234e-07 tau=8.7953168634980234e-07 prediction=1.7940132704368141 rho=0.63936472462362193 accept=1
  MFCG it  81 cost=2.463650e+05 lam=8.795e-07 tau=0.00e+00 cg_it=0 shift=0 ckpt=1 alpha=0 acc mv=226
PCG_PREP o=81 rebuild=1 drift=0 previous_depth=1
ATTR_RADIUS o=81 raw_norm=1056.970171412424 norm=1056.970171412424 radius=6450.7051792593375 next_radius=6450.7051792593375 lambda=8.7953168634980234e-07 next_lambda=8.7953168634980234e-07 rho=0.64999653891520504 accept=1
CLASSICAL_LM o=81 lambda=8.7953168634980234e-07 tau=8.7953168634980234e-07 prediction=1.6205642986100464 rho=0.64999653891520504 accept=1
  MFCG it  82 cost=2.463639e+05 lam=8.795e-07 tau=0.00e+00 cg_it=0 shift=0 ckpt=1 alpha=0 acc mv=228
PCG_PREP o=82 rebuild=1 drift=0 previous_depth=1
ATTR_RADIUS o=82 raw_norm=1023.7310194488495 norm=1023.7310194488495 radius=6450.7051792593375 next_radius=6450.7051792593375 lambda=8.7953168634980234e-07 next_lambda=8.7953168634980234e-07 rho=0.66158303268256835 accept=1
CLASSICAL_LM o=82 lambda=8.7953168634980234e-07 tau=8.7953168634980234e-07 prediction=1.4786331872499141 rho=0.66158303268256835 accept=1
  MFCG it  83 cost=2.463629e+05 lam=8.795e-07 tau=0.00e+00 cg_it=0 shift=0 ckpt=1 alpha=0 acc mv=230
PCG_PREP o=83 rebuild=1 drift=0 previous_depth=1
ATTR_RADIUS o=83 raw_norm=993.28639493381434 norm=993.28639493381434 radius=6450.7051792593375 next_radius=6450.7051792593375 lambda=8.7953168634980234e-07 next_lambda=8.7953168634980234e-07 rho=0.67342646785763183 accept=1
CLASSICAL_LM o=83 lambda=8.7953168634980234e-07 tau=8.7953168634980234e-07 prediction=1.3586330759348211 rho=0.67342646785763183 accept=1
  MFCG it  84 cost=2.463620e+05 lam=8.795e-07 tau=0.00e+00 cg_it=0 shift=0 ckpt=1 alpha=0 acc mv=232
PCG_PREP o=84 rebuild=1 drift=0 previous_depth=1
ATTR_RADIUS o=84 raw_norm=965.10022708908718 norm=965.10022708908718 radius=6450.7051792593375 next_radius=6450.7051792593375 lambda=8.7953168634980234e-07 next_lambda=8.7953168634980234e-07 rho=0.6852418879311466 accept=1
CLASSICAL_LM o=84 lambda=8.7953168634980234e-07 tau=8.7953168634980234e-07 prediction=1.2552420634444519 rho=0.6852418879311466 accept=1
  MFCG: converged (OCA_FTOL: 8 outers < 1.0e-05 rel)
  [menu-backtrack] confirming stop with original retry policy at outer 85
  MFCG it  85 cost=2.463611e+05 lam=8.795e-07 tau=0.00e+00 cg_it=0 shift=0 ckpt=1 alpha=0 acc mv=234
PCG_PREP o=85 rebuild=1 drift=0 previous_depth=1
ATTR_RADIUS o=85 raw_norm=938.82227974733928 norm=938.82227974733928 radius=6450.7051792593375 next_radius=6450.7051792593375 lambda=8.7953168634980234e-07 next_lambda=8.7953168634980234e-07 rho=0.69686112987252102 accept=1
CLASSICAL_LM o=85 lambda=8.7953168634980234e-07 tau=8.7953168634980234e-07 prediction=1.1649598959942282 rho=0.69686112987252102 accept=1
  MFCG it  86 cost=2.463603e+05 lam=8.795e-07 tau=0.00e+00 cg_it=0 shift=0 ckpt=1 alpha=0 acc mv=236
PCG_PREP o=86 rebuild=1 drift=0 previous_depth=1
ATTR_RADIUS o=86 raw_norm=914.20743726844944 norm=914.20743726844944 radius=6450.7051792593375 next_radius=6450.7051792593375 lambda=8.7953168634980234e-07 next_lambda=8.7953168634980234e-07 rho=0.70818740288139281 accept=1
CLASSICAL_LM o=86 lambda=8.7953168634980234e-07 tau=8.7953168634980234e-07 prediction=1.0853596059945088 rho=0.70818740288139281 accept=1
  MFCG it  87 cost=2.463596e+05 lam=8.795e-07 tau=0.00e+00 cg_it=0 shift=0 ckpt=1 alpha=0 acc mv=238
PCG_PREP o=87 rebuild=1 drift=0 previous_depth=1
ATTR_RADIUS o=87 raw_norm=891.07579767027551 norm=891.07579767027562 radius=6450.7051792593375 next_radius=6450.7051792593375 lambda=8.7953168634980234e-07 next_lambda=8.7953168634980234e-07 rho=0.71917062935176068 accept=1
CLASSICAL_LM o=87 lambda=8.7953168634980234e-07 tau=8.7953168634980234e-07 prediction=1.0146722232789214 rho=0.71917062935176068 accept=1
  MFCG it  88 cost=2.463588e+05 lam=8.795e-07 tau=0.00e+00 cg_it=0 shift=0 ckpt=1 alpha=0 acc mv=240
PCG_PREP o=88 rebuild=1 drift=0 previous_depth=1
ATTR_RADIUS o=88 raw_norm=869.28568988586858 norm=869.28568988586858 radius=6450.7051792593375 next_radius=6450.7051792593375 lambda=8.7953168634980234e-07 next_lambda=8.7953168634980234e-07 rho=0.72978478975452132 accept=1
CLASSICAL_LM o=88 lambda=8.7953168634980234e-07 tau=8.7953168634980234e-07 prediction=0.95154524593301604 rho=0.72978478975452132 accept=1
  MFCG it  89 cost=2.463581e+05 lam=8.795e-07 tau=0.00e+00 cg_it=0 shift=0 ckpt=1 alpha=0 acc mv=242
PCG_PREP o=89 rebuild=1 drift=0 previous_depth=1
ATTR_RADIUS o=89 raw_norm=848.72135725230123 norm=848.72135725230123 radius=6450.7051792593375 next_radius=6450.7051792593375 lambda=8.7953168634980234e-07 next_lambda=8.7953168634980234e-07 rho=0.7400210696594568 accept=1
CLASSICAL_LM o=89 lambda=8.7953168634980234e-07 tau=8.7953168634980234e-07 prediction=0.8949133807130949 rho=0.7400210696594568 accept=1
  MFCG it  90 cost=2.463575e+05 lam=8.795e-07 tau=0.00e+00 cg_it=0 shift=0 ckpt=1 alpha=0 acc mv=244
PCG_PREP o=90 rebuild=1 drift=0 previous_depth=1
ATTR_RADIUS o=90 raw_norm=829.28438650427597 norm=829.28438650427597 radius=6450.7051792593375 next_radius=6450.7051792593375 lambda=8.7953168634980234e-07 next_lambda=8.7953168634980234e-07 rho=0.7498809636524898 accept=1
CLASSICAL_LM o=90 lambda=8.7953168634980234e-07 tau=8.7953168634980234e-07 prediction=0.84391289683562198 rho=0.7498809636524898 accept=1
  MFCG it  91 cost=2.463568e+05 lam=8.795e-07 tau=0.00e+00 cg_it=0 shift=0 ckpt=1 alpha=0 acc mv=246
PCG_PREP o=91 rebuild=1 drift=0 previous_depth=1
ATTR_RADIUS o=91 raw_norm=810.88836357512093 norm=810.88836357512093 radius=6450.7051792593375 next_radius=6450.7051792593375 lambda=8.7953168634980234e-07 next_lambda=8.7953168634980234e-07 rho=0.75937100108492606 accept=1
CLASSICAL_LM o=91 lambda=8.7953168634980234e-07 tau=8.7953168634980234e-07 prediction=0.79782877174923383 rho=0.75937100108492606 accept=1
  MFCG it  92 cost=2.463562e+05 lam=8.795e-07 tau=0.00e+00 cg_it=0 shift=0 ckpt=1 alpha=0 acc mv=248
PCG_PREP o=92 rebuild=1 drift=0 previous_depth=1
ATTR_RADIUS o=92 raw_norm=793.45739986283297 norm=793.45739986283297 radius=6450.7051792593375 next_radius=6450.7051792593375 lambda=8.7953168634980234e-07 next_lambda=8.7953168634980234e-07 rho=0.76850240173969697 accept=1
CLASSICAL_LM o=92 lambda=8.7953168634980234e-07 tau=8.7953168634980234e-07 prediction=0.75606328743654627 rho=0.76850240173969697 accept=1
  MFCG: converged (OCA_FTOL: 8 outers < 1.0e-05 rel)
  MFCG: accepts=93 rejects=1 total_matvecs=250 negcurv=1 cand_evals=94 mean_cg_per_outer=2.7
NUMERIC_REPAIR summary rebuilds=1 floor=8.7953168634980234e-07
  [retry-cache] builds=95 reuses=0
  [menu-backtrack] trials=17 rescues=17 evals=40 total_scored=134
POINT_SAFE summary calls=17 evals=17 wins=2 frozen=9017 seconds=0.040914368
  [scoring] menu_evals=94 alpha_evals=0 backtrack_evals=40 total_scored=134
RESULT algo=mfree_shifted_cg iters=93 final_cost=246355.6627989162 solve_seconds=0.975506
DIAGNOSTICS median_reproj_err_px 3.252455 -> 0.359902 | cheirality_violations(obs) 0 -> 14 | cheirality_violations(pts, of 64053) 0 -> 7
