[R10] --zero_k2: all k2 set to 0 at load
Loaded /workspace/bal/venice-52.txt: ncam=52 npt=64053 nobs=347173 n=192471
[R10] --dof9: refining f,k1 per camera (52 cameras)
  [menu-backtrack] active=1 max_evals=8 warmup_accepts=3 confirm_stop=original armijo=1e-4
MIXED_STORAGE fragments=fp32 arithmetic=fp64 state=fp64 acceptance=fp64
  [compact-fragments] active=2 saved_bytes=36105992 storage=fp32 camera_reads=contiguous
  MFCG score_init=11152062.77276247 precision=fp64
PCG_PREP o=0 rebuild=1 drift=0 previous_depth=0
ATTR_RADIUS o=0 raw_norm=3225.352589629671 norm=3225.352589629671 radius=3225.352589629671 next_radius=6450.705179259342 lambda=0.10000000000000001 next_lambda=0.025000000000000001 rho=0.99997438839510666 accept=1
CLASSICAL_LM o=0 lambda=0.10000000000000001 tau=0.10000000000000001 prediction=8877594.9877400436 rho=0.99997438839510666 accept=1
  MFCG it   1 cost=2.274695e+06 lam=2.500e-02 tau=0.00e+00 cg_it=0 shift=0 ckpt=1 alpha=0 acc mv=2
PCG_PREP o=1 rebuild=1 drift=0 previous_depth=1
ATTR_RADIUS o=1 raw_norm=2725.1440498078523 norm=2725.1440498078523 radius=6450.705179259342 next_radius=6450.705179259342 lambda=0.025000000000000001 next_lambda=0.0025000000000000005 rho=0.99701845569054959 accept=1
CLASSICAL_LM o=1 lambda=0.025000000000000001 tau=0.025000000000000001 prediction=770789.73816058133 rho=0.99701845569054959 accept=1
  MFCG it   2 cost=1.506204e+06 lam=2.500e-03 tau=0.00e+00 cg_it=4 shift=0 ckpt=5 alpha=0 acc mv=8
PCG_PREP o=2 rebuild=1 drift=0 previous_depth=5
ATTR_RADIUS o=2 raw_norm=9578.8535291651187 norm=6450.7051792593402 radius=6450.705179259342 next_radius=12901.410358518684 lambda=0.0025000000000000005 next_lambda=0.00062500000000000012 rho=0.99788045990932961 accept=1
CLASSICAL_LM o=2 lambda=0.0025000000000000005 tau=0.0025000000000000005 prediction=379875.54087330325 rho=0.99788045990932961 accept=1
  MFCG it   3 cost=1.127133e+06 lam=6.250e-04 tau=0.00e+00 cg_it=6 shift=0 ckpt=7 alpha=0 acc mv=16
PCG_PREP o=3 rebuild=1 drift=0 previous_depth=7
ATTR_RADIUS o=3 raw_norm=20859.30773675564 norm=12901.410358518688 radius=12901.410358518684 next_radius=25802.820717037368 lambda=0.00062500000000000012 next_lambda=0.00015625000000000003 rho=1.0093969216306149 accept=1
CLASSICAL_LM o=3 lambda=0.00062500000000000012 tau=0.00062500000000000012 prediction=304236.921719743 rho=1.0093969216306149 accept=1
  MFCG it   4 cost=8.200374e+05 lam=1.563e-04 tau=0.00e+00 cg_it=5 shift=0 ckpt=6 alpha=0 acc mv=23
PCG_PREP o=4 rebuild=1 drift=0 previous_depth=6
ATTR_RADIUS o=4 raw_norm=36747.144697857795 norm=25802.820717037368 radius=25802.820717037368 next_radius=51605.641434074736 lambda=0.00015625000000000003 next_lambda=3.9062500000000008e-05 rho=0.98437153825127721 accept=1
CLASSICAL_LM o=4 lambda=0.00015625000000000003 tau=0.00015625000000000003 prediction=327617.41562952287 rho=0.98437153825127721 accept=1
  MFCG it   5 cost=4.975401e+05 lam=3.906e-05 tau=0.00e+00 cg_it=8 shift=0 ckpt=9 alpha=0 acc mv=33
PCG_PREP o=5 rebuild=1 drift=0 previous_depth=9
POINT_SAFE o=5 frozen=1464 slope=-317535.16439028678 candidate=381890.57181687793 original=373473.48947044485 current=497540.10902828845 won=0 mode=1 camera_scale=1 keep_scale=0
ATTR_RADIUS o=5 raw_norm=37463.339909284252 norm=18731.669954642126 radius=51605.641434074736 next_radius=51605.641434074736 lambda=3.9062500000000008e-05 next_lambda=3.9062500000000009e-06 rho=0.96839028964253826 accept=1
CLASSICAL_LM o=5 lambda=3.9062500000000008e-05 tau=3.9062500000000008e-05 prediction=128116.33995590796 rho=0.96839028964253826 accept=1
  MFCG it   6 cost=3.734735e+05 lam=3.906e-06 tau=0.00e+00 cg_it=6 shift=0 ckpt=7 alpha=0 acc mv=41
PCG_PREP o=6 rebuild=1 drift=0 previous_depth=7
POINT_SAFE o=6 frozen=670 slope=-179589.07764448278 candidate=403764.26125801733 original=368581.36639764655 current=373473.48947044485 won=0 mode=1 camera_scale=1 keep_scale=0
ATTR_RADIUS o=6 raw_norm=50229.773116912605 norm=50229.773116912605 radius=51605.641434074736 next_radius=12901.410358518684 lambda=3.9062500000000009e-06 next_lambda=6.2500000000000015e-05 rho=0.067438165954397111 accept=0
CLASSICAL_LM o=6 lambda=3.9062500000000009e-06 tau=3.9062500000000009e-06 prediction=72542.350515677521 rho=0.067438165954397111 accept=0
  MFCG it   7  retry 1/8  lam=6.250e-05 tau_eff=3.906e-06  (assembly reused)
PCG_PREP o=6 rebuild=1 drift=0 previous_depth=6
ATTR_RADIUS o=6 raw_norm=19848.981154802357 norm=12901.410358518688 radius=12901.410358518684 next_radius=25802.820717037368 lambda=6.2500000000000015e-05 next_lambda=1.5625000000000004e-05 rho=0.88264653867811238 accept=1
CLASSICAL_LM o=6 lambda=6.2500000000000015e-05 tau=6.2500000000000015e-05 prediction=68725.645353004424 rho=0.88264653867811238 accept=1
  MFCG it   7 cost=3.128130e+05 lam=1.563e-05 tau=0.00e+00 cg_it=5 shift=0 ckpt=6 alpha=0 acc mv=55
PCG_PREP o=7 rebuild=1 drift=0 previous_depth=6
POINT_SAFE o=7 frozen=179 slope=-71080.721879507371 candidate=285659.09907715837 original=290316.65955066436 current=312813.036481196 won=1 mode=1 camera_scale=1 keep_scale=0
ATTR_RADIUS o=7 raw_norm=22599.901055935487 norm=22599.901055935487 radius=25802.820717037368 next_radius=25802.820717037368 lambda=1.5625000000000004e-05 next_lambda=1.5625000000000004e-05 rho=0.69104578564973573 accept=1
CLASSICAL_LM o=7 lambda=1.5625000000000004e-05 tau=1.5625000000000004e-05 prediction=39293.977284742323 rho=0.69104578564973573 accept=1
  MFCG it   8 cost=2.856591e+05 lam=1.563e-05 tau=0.00e+00 cg_it=5 shift=0 ckpt=6 alpha=0 acc mv=62
PCG_PREP o=8 rebuild=1 drift=0 previous_depth=6
POINT_SAFE o=8 frozen=172 slope=-35253.096396412569 candidate=271070.71931283764 original=280479.4811576762 current=285659.09907715837 won=1 mode=1 camera_scale=1 keep_scale=0
ATTR_RADIUS o=8 raw_norm=7069.9018276669285 norm=7069.9018276669285 radius=25802.820717037368 next_radius=25802.820717037368 lambda=1.5625000000000004e-05 next_lambda=1.5625000000000005e-06 rho=0.8145148421717795 accept=1
CLASSICAL_LM o=8 lambda=1.5625000000000004e-05 tau=1.5625000000000004e-05 prediction=17910.514344248226 rho=0.8145148421717795 accept=1
  MFCG it   9 cost=2.710707e+05 lam=1.563e-06 tau=0.00e+00 cg_it=0 shift=0 ckpt=1 alpha=0 acc mv=64
PCG_PREP o=9 rebuild=1 drift=0 previous_depth=1
POINT_SAFE o=9 frozen=444 slope=-15079.118960922588 candidate=301858.73751346179 original=265559.83789428475 current=271070.71931283764 won=0 mode=1 camera_scale=1 keep_scale=0
ATTR_RADIUS o=9 raw_norm=35180.458439687507 norm=3225.3525896296701 radius=25802.820717037368 next_radius=25802.820717037368 lambda=1.5625000000000005e-06 next_lambda=1.5625000000000007e-07 rho=1.5016438153119842 accept=1
CLASSICAL_LM o=9 lambda=1.5625000000000005e-06 tau=1.5625000000000005e-06 prediction=3669.8991880494241 rho=1.5016438153119842 accept=1
  MFCG it  10 cost=2.655598e+05 lam=1.563e-07 tau=0.00e+00 cg_it=1 shift=0 ckpt=2 alpha=0 acc mv=67
PCG_PREP o=10 rebuild=1 drift=0 previous_depth=2
POINT_SAFE o=10 frozen=296 slope=-17400.112596453797 candidate=291982.36474560725 original=262360.05540396128 current=265559.83789428475 won=0 mode=1 camera_scale=1 keep_scale=0
ATTR_RADIUS o=10 raw_norm=43906.283604350618 norm=6450.7051792593402 radius=25802.820717037368 next_radius=25802.820717037368 lambda=1.5625000000000007e-07 next_lambda=1.5625000000000006e-08 rho=0.62242880193822769 accept=1
CLASSICAL_LM o=10 lambda=1.5625000000000007e-07 tau=1.5625000000000007e-07 prediction=5140.8008118509779 rho=0.62242880193822769 accept=1
  MFCG it  11 cost=2.623601e+05 lam=1.563e-08 tau=0.00e+00 cg_it=1 shift=0 ckpt=2 alpha=0 acc mv=70
PCG_PREP o=11 rebuild=1 drift=0 previous_depth=2
POINT_SAFE o=11 frozen=497 slope=-19031.903642661455 candidate=262959.44199052581 original=258725.38116410913 current=262360.05540396128 won=0 mode=1 camera_scale=1 keep_scale=0
ATTR_RADIUS o=11 raw_norm=15182.0279579252 norm=7591.0139789626 radius=25802.820717037368 next_radius=25802.820717037368 lambda=1.5625000000000006e-08 next_lambda=1.5625000000000008e-09 rho=0.50186660661740867 accept=1
CLASSICAL_LM o=11 lambda=1.5625000000000006e-08 tau=1.5625000000000006e-08 prediction=7242.3113869837343 rho=0.50186660661740867 accept=1
  MFCG it  12 cost=2.587254e+05 lam=1.563e-09 tau=0.00e+00 cg_it=0 shift=0 ckpt=1 alpha=0 acc mv=72
PCG_PREP o=12 rebuild=1 drift=0 previous_depth=1
POINT_SAFE o=12 frozen=126 slope=-14015.478527429106 candidate=262001.3330683781 original=257432.41410059773 current=258725.38116410913 won=0 mode=1 camera_scale=1 keep_scale=0
ATTR_RADIUS o=12 raw_norm=15537.68187115287 norm=7768.8409355764352 radius=25802.820717037368 next_radius=6450.705179259342 lambda=1.5625000000000008e-09 next_lambda=2.5000000000000012e-08 rho=0.2359504253092736 accept=1
CLASSICAL_LM o=12 lambda=1.5625000000000008e-09 tau=1.5625000000000008e-09 prediction=5479.8251023139137 rho=0.2359504253092736 accept=1
  MFCG it  13 cost=2.574324e+05 lam=2.500e-08 tau=0.00e+00 cg_it=0 shift=0 ckpt=1 alpha=0 acc mv=74
PCG_PREP o=13 rebuild=1 drift=0 previous_depth=1
ATTR_RADIUS o=13 raw_norm=15524.070036976944 norm=6450.7051792593411 radius=6450.705179259342 next_radius=6450.705179259342 lambda=2.5000000000000012e-08 next_lambda=2.5000000000000012e-08 rho=0.47310762425842312 accept=1
CLASSICAL_LM o=13 lambda=2.5000000000000012e-08 tau=2.5000000000000012e-08 prediction=4870.4142944417126 rho=0.47310762425842312 accept=1
  MFCG it  14 cost=2.551282e+05 lam=2.500e-08 tau=0.00e+00 cg_it=0 shift=0 ckpt=1 alpha=0 acc mv=76
PCG_PREP o=14 rebuild=1 drift=0 previous_depth=1
ATTR_RADIUS o=14 raw_norm=16033.375124852342 norm=6450.7051792593393 radius=6450.705179259342 next_radius=6450.705179259342 lambda=2.5000000000000012e-08 next_lambda=2.5000000000000012e-08 rho=0.38341415328550571 accept=1
CLASSICAL_LM o=14 lambda=2.5000000000000012e-08 tau=2.5000000000000012e-08 prediction=3168.3259360946372 rho=0.38341415328550571 accept=1
  MFCG it  15 cost=2.539134e+05 lam=2.500e-08 tau=0.00e+00 cg_it=0 shift=0 ckpt=1 alpha=0 acc mv=78
PCG_PREP o=15 rebuild=1 drift=0 previous_depth=1
ATTR_RADIUS o=15 raw_norm=16481.000637048681 norm=6450.705179259342 radius=6450.705179259342 next_radius=6450.705179259342 lambda=2.5000000000000012e-08 next_lambda=2.5000000000000012e-08 rho=0.28639668491364689 accept=1
CLASSICAL_LM o=15 lambda=2.5000000000000012e-08 tau=2.5000000000000012e-08 prediction=2476.6470041822167 rho=0.28639668491364689 accept=1
  MFCG it  16 cost=2.532041e+05 lam=2.500e-08 tau=0.00e+00 cg_it=0 shift=0 ckpt=1 alpha=0 acc mv=80
PCG_PREP o=16 rebuild=1 drift=0 previous_depth=1
ATTR_RADIUS o=16 raw_norm=16889.001578335348 norm=6450.705179259342 radius=6450.705179259342 next_radius=1612.6762948148355 lambda=2.5000000000000012e-08 next_lambda=4.0000000000000019e-07 rho=0.18891349947626293 accept=1
CLASSICAL_LM o=16 lambda=2.5000000000000012e-08 tau=2.5000000000000012e-08 prediction=2159.8673342079446 rho=0.18891349947626293 accept=1
  MFCG it  17 cost=2.527961e+05 lam=4.000e-07 tau=0.00e+00 cg_it=0 shift=0 ckpt=1 alpha=0 acc mv=82
PCG_PREP o=17 rebuild=1 drift=0 previous_depth=1
ATTR_RADIUS o=17 raw_norm=14617.460652407755 norm=1612.676294814835 radius=1612.6762948148355 next_radius=3225.352589629671 lambda=4.0000000000000019e-07 next_lambda=1.0000000000000005e-07 rho=0.79757396594840391 accept=1
CLASSICAL_LM o=17 lambda=4.0000000000000019e-07 tau=4.0000000000000019e-07 prediction=764.33550711533826 rho=0.79757396594840391 accept=1
  MFCG it  18 cost=2.521865e+05 lam=1.000e-07 tau=0.00e+00 cg_it=0 shift=0 ckpt=1 alpha=0 acc mv=84
PCG_PREP o=18 rebuild=1 drift=0 previous_depth=1
ATTR_RADIUS o=18 raw_norm=16964.753670649487 norm=3225.3525896296715 radius=3225.352589629671 next_radius=3225.352589629671 lambda=1.0000000000000005e-07 next_lambda=1.0000000000000005e-07 rho=0.49400677923048775 accept=1
CLASSICAL_LM o=18 lambda=1.0000000000000005e-07 tau=1.0000000000000005e-07 prediction=941.9504097231893 rho=0.49400677923048775 accept=1
  MFCG it  19 cost=2.517211e+05 lam=1.000e-07 tau=0.00e+00 cg_it=0 shift=0 ckpt=1 alpha=0 acc mv=86
PCG_PREP o=19 rebuild=1 drift=0 previous_depth=1
ATTR_RADIUS o=19 raw_norm=17469.379496568439 norm=3225.352589629671 radius=3225.352589629671 next_radius=3225.352589629671 lambda=1.0000000000000005e-07 next_lambda=1.0000000000000005e-07 rho=0.46605378532693537 accept=1
CLASSICAL_LM o=19 lambda=1.0000000000000005e-07 tau=1.0000000000000005e-07 prediction=812.56373367007745 rho=0.46605378532693537 accept=1
  MFCG it  20 cost=2.513424e+05 lam=1.000e-07 tau=0.00e+00 cg_it=0 shift=0 ckpt=1 alpha=0 acc mv=88
PCG_PREP o=20 rebuild=1 drift=0 previous_depth=1
ATTR_RADIUS o=20 raw_norm=17896.343900739859 norm=3225.352589629671 radius=3225.352589629671 next_radius=3225.352589629671 lambda=1.0000000000000005e-07 next_lambda=1.0000000000000005e-07 rho=0.43515824040341688 accept=1
CLASSICAL_LM o=20 lambda=1.0000000000000005e-07 tau=1.0000000000000005e-07 prediction=711.49047023693743 rho=0.43515824040341688 accept=1
  MFCG it  21 cost=2.510328e+05 lam=1.000e-07 tau=0.00e+00 cg_it=0 shift=0 ckpt=1 alpha=0 acc mv=90
PCG_PREP o=21 rebuild=1 drift=0 previous_depth=1
ATTR_RADIUS o=21 raw_norm=18274.924555405782 norm=3225.352589629671 radius=3225.352589629671 next_radius=3225.352589629671 lambda=1.0000000000000005e-07 next_lambda=1.0000000000000005e-07 rho=0.40550686756601373 accept=1
CLASSICAL_LM o=21 lambda=1.0000000000000005e-07 tau=1.0000000000000005e-07 prediction=634.79589523893628 rho=0.40550686756601373 accept=1
  MFCG it  22 cost=2.507754e+05 lam=1.000e-07 tau=0.00e+00 cg_it=0 shift=0 ckpt=1 alpha=0 acc mv=92
PCG_PREP o=22 rebuild=1 drift=0 previous_depth=1
ATTR_RADIUS o=22 raw_norm=18608.328954855737 norm=3225.352589629671 radius=3225.352589629671 next_radius=3225.352589629671 lambda=1.0000000000000005e-07 next_lambda=1.0000000000000005e-07 rho=0.37708810503892676 accept=1
CLASSICAL_LM o=22 lambda=1.0000000000000005e-07 tau=1.0000000000000005e-07 prediction=575.78048946245622 rho=0.37708810503892676 accept=1
  MFCG it  23 cost=2.505583e+05 lam=1.000e-07 tau=0.00e+00 cg_it=0 shift=0 ckpt=1 alpha=0 acc mv=94
PCG_PREP o=23 rebuild=1 drift=0 previous_depth=1
ATTR_RADIUS o=23 raw_norm=18900.168922535246 norm=3225.3525896296705 radius=3225.352589629671 next_radius=3225.352589629671 lambda=1.0000000000000005e-07 next_lambda=1.0000000000000005e-07 rho=0.34998104799832125 accept=1
CLASSICAL_LM o=23 lambda=1.0000000000000005e-07 tau=1.0000000000000005e-07 prediction=529.8444761818381 rho=0.34998104799832125 accept=1
  MFCG it  24 cost=2.503728e+05 lam=1.000e-07 tau=0.00e+00 cg_it=0 shift=0 ckpt=1 alpha=0 acc mv=96
PCG_PREP o=24 rebuild=1 drift=0 previous_depth=1
ATTR_RADIUS o=24 raw_norm=19155.65508704149 norm=3225.352589629671 radius=3225.352589629671 next_radius=3225.352589629671 lambda=1.0000000000000005e-07 next_lambda=1.0000000000000005e-07 rho=0.32429369708358485 accept=1
CLASSICAL_LM o=24 lambda=1.0000000000000005e-07 tau=1.0000000000000005e-07 prediction=493.79727648883613 rho=0.32429369708358485 accept=1
  MFCG it  25 cost=2.502127e+05 lam=1.000e-07 tau=0.00e+00 cg_it=0 shift=0 ckpt=1 alpha=0 acc mv=98
PCG_PREP o=25 rebuild=1 drift=0 previous_depth=1
ATTR_RADIUS o=25 raw_norm=19378.718689502897 norm=3225.3525896296705 radius=3225.352589629671 next_radius=3225.352589629671 lambda=1.0000000000000005e-07 next_lambda=1.0000000000000005e-07 rho=0.3001648191784167 accept=1
CLASSICAL_LM o=25 lambda=1.0000000000000005e-07 tau=1.0000000000000005e-07 prediction=465.37382261199491 rho=0.3001648191784167 accept=1
  MFCG it  26 cost=2.500730e+05 lam=1.000e-07 tau=0.00e+00 cg_it=0 shift=0 ckpt=1 alpha=0 acc mv=100
PCG_PREP o=26 rebuild=1 drift=0 previous_depth=1
ATTR_RADIUS o=26 raw_norm=19565.363733845592 norm=3225.3525896296701 radius=3225.352589629671 next_radius=3225.352589629671 lambda=1.0000000000000005e-07 next_lambda=1.0000000000000005e-07 rho=0.27773826731100032 accept=1
CLASSICAL_LM o=26 lambda=1.0000000000000005e-07 tau=1.0000000000000005e-07 prediction=442.93327383549922 rho=0.27773826731100032 accept=1
  MFCG it  27 cost=2.499500e+05 lam=1.000e-07 tau=0.00e+00 cg_it=0 shift=0 ckpt=1 alpha=0 acc mv=102
PCG_PREP o=27 rebuild=1 drift=0 previous_depth=1
ATTR_RADIUS o=27 raw_norm=19693.79761775873 norm=3225.352589629671 radius=3225.352589629671 next_radius=3225.352589629671 lambda=1.0000000000000005e-07 next_lambda=1.0000000000000005e-07 rho=0.25687877897306177 accept=1
CLASSICAL_LM o=27 lambda=1.0000000000000005e-07 tau=1.0000000000000005e-07 prediction=425.08049489952413 rho=0.25687877897306177 accept=1
  MFCG it  28 cost=2.498408e+05 lam=1.000e-07 tau=0.00e+00 cg_it=0 shift=0 ckpt=1 alpha=0 acc mv=104
PCG_PREP o=28 rebuild=1 drift=0 previous_depth=1
ATTR_RADIUS o=28 raw_norm=19802.695026286579 norm=3225.3525896296701 radius=3225.352589629671 next_radius=806.33814740741775 lambda=1.0000000000000005e-07 next_lambda=1.6000000000000008e-06 rho=0.23753442278794498 accept=1
CLASSICAL_LM o=28 lambda=1.0000000000000005e-07 tau=1.0000000000000005e-07 prediction=410.84576706969267 rho=0.23753442278794498 accept=1
  MFCG it  29 cost=2.497432e+05 lam=1.600e-06 tau=0.00e+00 cg_it=0 shift=0 ckpt=1 alpha=0 acc mv=106
PCG_PREP o=29 rebuild=1 drift=0 previous_depth=1
ATTR_RADIUS o=29 raw_norm=4420.2289537275983 norm=806.33814740741821 radius=806.33814740741775 next_radius=1612.6762948148355 lambda=1.6000000000000008e-06 next_lambda=4.0000000000000019e-07 rho=0.92638634345136328 accept=1
CLASSICAL_LM o=29 lambda=1.6000000000000008e-06 tau=1.6000000000000008e-06 prediction=415.01127210769664 rho=0.92638634345136328 accept=1
  MFCG it  30 cost=2.493588e+05 lam=4.000e-07 tau=0.00e+00 cg_it=0 shift=0 ckpt=1 alpha=0 acc mv=108
PCG_PREP o=30 rebuild=1 drift=0 previous_depth=1
ATTR_RADIUS o=30 raw_norm=12507.989523410502 norm=1612.6762948148355 radius=1612.6762948148355 next_radius=1612.6762948148355 lambda=4.0000000000000019e-07 next_lambda=4.0000000000000019e-07 rho=0.69548566807996315 accept=1
CLASSICAL_LM o=30 lambda=4.0000000000000019e-07 tau=4.0000000000000019e-07 prediction=231.73861503184301 rho=0.69548566807996315 accept=1
  MFCG it  31 cost=2.491976e+05 lam=4.000e-07 tau=0.00e+00 cg_it=0 shift=0 ckpt=1 alpha=0 acc mv=110
PCG_PREP o=31 rebuild=1 drift=0 previous_depth=1
ATTR_RADIUS o=31 raw_norm=12683.385270048506 norm=1612.6762948148362 radius=1612.6762948148355 next_radius=1612.6762948148355 lambda=4.0000000000000019e-07 next_lambda=4.0000000000000019e-07 rho=0.68824590508499273 accept=1
CLASSICAL_LM o=31 lambda=4.0000000000000019e-07 tau=4.0000000000000019e-07 prediction=203.34728495821497 rho=0.68824590508499273 accept=1
  MFCG it  32 cost=2.490576e+05 lam=4.000e-07 tau=0.00e+00 cg_it=0 shift=0 ckpt=1 alpha=0 acc mv=112
PCG_PREP o=32 rebuild=1 drift=0 previous_depth=1
ATTR_RADIUS o=32 raw_norm=12867.476090811022 norm=1612.6762948148362 radius=1612.6762948148355 next_radius=1612.6762948148355 lambda=4.0000000000000019e-07 next_lambda=4.0000000000000019e-07 rho=0.68143268009864344 accept=1
CLASSICAL_LM o=32 lambda=4.0000000000000019e-07 tau=4.0000000000000019e-07 prediction=179.68298616512547 rho=0.68143268009864344 accept=1
  MFCG it  33 cost=2.489352e+05 lam=4.000e-07 tau=0.00e+00 cg_it=0 shift=0 ckpt=1 alpha=0 acc mv=114
PCG_PREP o=33 rebuild=1 drift=0 previous_depth=1
ATTR_RADIUS o=33 raw_norm=13050.110653473297 norm=1612.6762948148362 radius=1612.6762948148355 next_radius=1612.6762948148355 lambda=4.0000000000000019e-07 next_lambda=4.0000000000000019e-07 rho=0.67575626808527844 accept=1
CLASSICAL_LM o=33 lambda=4.0000000000000019e-07 tau=4.0000000000000019e-07 prediction=160.29524972159359 rho=0.67575626808527844 accept=1
  MFCG it  34 cost=2.488269e+05 lam=4.000e-07 tau=0.00e+00 cg_it=0 shift=0 ckpt=1 alpha=0 acc mv=116
PCG_PREP o=34 rebuild=1 drift=0 previous_depth=1
ATTR_RADIUS o=34 raw_norm=13225.141380307858 norm=1612.6762948148357 radius=1612.6762948148355 next_radius=1612.6762948148355 lambda=4.0000000000000019e-07 next_lambda=4.0000000000000019e-07 rho=0.67112107104072105 accept=1
CLASSICAL_LM o=34 lambda=4.0000000000000019e-07 tau=4.0000000000000019e-07 prediction=144.29490735222021 rho=0.67112107104072105 accept=1
  MFCG it  35 cost=2.487300e+05 lam=4.000e-07 tau=0.00e+00 cg_it=0 shift=0 ckpt=1 alpha=0 acc mv=118
PCG_PREP o=35 rebuild=1 drift=0 previous_depth=1
ATTR_RADIUS o=35 raw_norm=13387.538656622955 norm=1612.676294814836 radius=1612.6762948148355 next_radius=1612.6762948148355 lambda=4.0000000000000019e-07 next_lambda=4.0000000000000019e-07 rho=0.66741324397445989 accept=1
CLASSICAL_LM o=35 lambda=4.0000000000000019e-07 tau=4.0000000000000019e-07 prediction=130.99156103338564 rho=0.66741324397445989 accept=1
  MFCG it  36 cost=2.486426e+05 lam=4.000e-07 tau=0.00e+00 cg_it=0 shift=0 ckpt=1 alpha=0 acc mv=120
PCG_PREP o=36 rebuild=1 drift=0 previous_depth=1
ATTR_RADIUS o=36 raw_norm=13532.211575464216 norm=1612.676294814835 radius=1612.6762948148355 next_radius=1612.6762948148355 lambda=4.0000000000000019e-07 next_lambda=4.0000000000000019e-07 rho=0.66449593114268068 accept=1
CLASSICAL_LM o=36 lambda=4.0000000000000019e-07 tau=4.0000000000000019e-07 prediction=119.85120146973817 rho=0.66449593114268068 accept=1
  MFCG it  37 cost=2.485630e+05 lam=4.000e-07 tau=0.00e+00 cg_it=0 shift=0 ckpt=1 alpha=0 acc mv=122
PCG_PREP o=37 rebuild=1 drift=0 previous_depth=1
ATTR_RADIUS o=37 raw_norm=19537.243102144475 norm=1612.6762948148355 radius=1612.6762948148355 next_radius=3225.352589629671 lambda=4.0000000000000019e-07 next_lambda=1.0000000000000005e-07 rho=0.79067771894263339 accept=1
CLASSICAL_LM o=37 lambda=4.0000000000000019e-07 tau=4.0000000000000019e-07 prediction=181.04375014198857 rho=0.79067771894263339 accept=1
  MFCG it  38 cost=2.484198e+05 lam=1.000e-07 tau=0.00e+00 cg_it=1 shift=0 ckpt=2 alpha=0 acc mv=125
PCG_PREP o=38 rebuild=1 drift=0 previous_depth=2
POINT_SAFE o=38 frozen=574 slope=-109.07158738214594 candidate=248475.28823741831 original=248405.43700305719 current=248419.82083166382 won=0 mode=1 camera_scale=1 keep_scale=0
ATTR_RADIUS o=38 raw_norm=71750.029706129222 norm=1612.6762948148355 radius=3225.352589629671 next_radius=3225.352589629671 lambda=1.0000000000000005e-07 next_lambda=1.0000000000000005e-08 rho=0.26691496061027298 accept=1
CLASSICAL_LM o=38 lambda=1.0000000000000005e-07 tau=1.0000000000000005e-07 prediction=53.889180935171375 rho=0.26691496061027298 accept=1
  MFCG it  39 cost=2.484054e+05 lam=1.000e-08 tau=0.00e+00 cg_it=1 shift=0 ckpt=2 alpha=0 acc mv=128
PCG_PREP o=39 rebuild=1 drift=0 previous_depth=2
POINT_SAFE o=39 frozen=114 slope=-56.664306638491816 candidate=248520.93324038867 original=248402.05718865967 current=248405.43700305719 won=0 mode=1 camera_scale=1 keep_scale=0
ATTR_RADIUS o=39 raw_norm=180367.3985585272 norm=806.33814740741798 radius=3225.352589629671 next_radius=806.33814740741775 lambda=1.0000000000000005e-08 next_lambda=1.6000000000000008e-07 rho=0.24018097344366546 accept=1
CLASSICAL_LM o=39 lambda=1.0000000000000005e-08 tau=1.0000000000000005e-08 prediction=14.071948951890237 rho=0.24018097344366546 accept=1
  MFCG it  40 cost=2.484021e+05 lam=1.600e-07 tau=0.00e+00 cg_it=1 shift=0 ckpt=2 alpha=0 acc mv=131
PCG_PREP o=40 rebuild=1 drift=0 previous_depth=2
ATTR_RADIUS o=40 raw_norm=22513.705638806354 norm=806.33814740741786 radius=806.33814740741775 next_radius=806.33814740741775 lambda=1.6000000000000008e-07 next_lambda=1.6000000000000008e-07 rho=0.68707518060186556 accept=1
CLASSICAL_LM o=40 lambda=1.6000000000000008e-07 tau=1.6000000000000008e-07 prediction=35.549879265212631 rho=0.68707518060186556 accept=1
  MFCG it  41 cost=2.483776e+05 lam=1.600e-07 tau=0.00e+00 cg_it=0 shift=0 ckpt=1 alpha=0 acc mv=133
PCG_PREP o=41 rebuild=1 drift=0 previous_depth=1
ATTR_RADIUS o=41 raw_norm=22529.484375620941 norm=806.33814740741752 radius=806.33814740741775 next_radius=806.33814740741775 lambda=1.6000000000000008e-07 next_lambda=1.6000000000000008e-07 rho=0.67821688248582623 accept=1
CLASSICAL_LM o=41 lambda=1.6000000000000008e-07 tau=1.6000000000000008e-07 prediction=33.759191858209249 rho=0.67821688248582623 accept=1
  MFCG it  42 cost=2.483547e+05 lam=1.600e-07 tau=0.00e+00 cg_it=0 shift=0 ckpt=1 alpha=0 acc mv=135
PCG_PREP o=42 rebuild=1 drift=0 previous_depth=1
ATTR_RADIUS o=42 raw_norm=22531.068052329687 norm=806.33814740741775 radius=806.33814740741775 next_radius=806.33814740741775 lambda=1.6000000000000008e-07 next_lambda=1.6000000000000008e-07 rho=0.67738510560255849 accept=1
CLASSICAL_LM o=42 lambda=1.6000000000000008e-07 tau=1.6000000000000008e-07 prediction=32.85367345558663 rho=0.67738510560255849 accept=1
  MFCG it  43 cost=2.483325e+05 lam=1.600e-07 tau=0.00e+00 cg_it=0 shift=0 ckpt=1 alpha=0 acc mv=137
PCG_PREP o=43 rebuild=1 drift=0 previous_depth=1
ATTR_RADIUS o=43 raw_norm=22530.295939992229 norm=806.33814740741775 radius=806.33814740741775 next_radius=806.33814740741775 lambda=1.6000000000000008e-07 next_lambda=1.6000000000000008e-07 rho=0.67672294275880962 accept=1
CLASSICAL_LM o=43 lambda=1.6000000000000008e-07 tau=1.6000000000000008e-07 prediction=31.996589887416928 rho=0.67672294275880962 accept=1
  MFCG it  44 cost=2.483108e+05 lam=1.600e-07 tau=0.00e+00 cg_it=0 shift=0 ckpt=1 alpha=0 acc mv=139
PCG_PREP o=44 rebuild=1 drift=0 previous_depth=1
ATTR_RADIUS o=44 raw_norm=22526.258634122969 norm=806.33814740741775 radius=806.33814740741775 next_radius=806.33814740741775 lambda=1.6000000000000008e-07 next_lambda=1.6000000000000008e-07 rho=0.67621981320219837 accept=1
CLASSICAL_LM o=44 lambda=1.6000000000000008e-07 tau=1.6000000000000008e-07 prediction=31.184608526829628 rho=0.67621981320219837 accept=1
  MFCG it  45 cost=2.482897e+05 lam=1.600e-07 tau=0.00e+00 cg_it=0 shift=0 ckpt=1 alpha=0 acc mv=141
PCG_PREP o=45 rebuild=1 drift=0 previous_depth=1
ATTR_RADIUS o=45 raw_norm=22519.936318382814 norm=806.33814740741798 radius=806.33814740741775 next_radius=806.33814740741775 lambda=1.6000000000000008e-07 next_lambda=1.6000000000000008e-07 rho=0.67588604771169258 accept=1
CLASSICAL_LM o=45 lambda=1.6000000000000008e-07 tau=1.6000000000000008e-07 prediction=30.414253552957927 rho=0.67588604771169258 accept=1
  MFCG it  46 cost=2.482692e+05 lam=1.600e-07 tau=0.00e+00 cg_it=0 shift=0 ckpt=1 alpha=0 acc mv=143
PCG_PREP o=46 rebuild=1 drift=0 previous_depth=1
ATTR_RADIUS o=46 raw_norm=22511.030139222985 norm=806.3381474074173 radius=806.33814740741775 next_radius=806.33814740741775 lambda=1.6000000000000008e-07 next_lambda=1.6000000000000008e-07 rho=0.67571683535378979 accept=1
CLASSICAL_LM o=46 lambda=1.6000000000000008e-07 tau=1.6000000000000008e-07 prediction=29.683528976451605 rho=0.67571683535378979 accept=1
  MFCG it  47 cost=2.482491e+05 lam=1.600e-07 tau=0.00e+00 cg_it=0 shift=0 ckpt=1 alpha=0 acc mv=145
PCG_PREP o=47 rebuild=1 drift=0 previous_depth=1
ATTR_RADIUS o=47 raw_norm=22500.00162831731 norm=806.33814740741798 radius=806.33814740741775 next_radius=806.33814740741775 lambda=1.6000000000000008e-07 next_lambda=1.6000000000000008e-07 rho=0.67571896039947466 accept=1
CLASSICAL_LM o=47 lambda=1.6000000000000008e-07 tau=1.6000000000000008e-07 prediction=28.990019415109892 rho=0.67571896039947466 accept=1
  MFCG it  48 cost=2.482295e+05 lam=1.600e-07 tau=0.00e+00 cg_it=0 shift=0 ckpt=1 alpha=0 acc mv=147
PCG_PREP o=48 rebuild=1 drift=0 previous_depth=1
ATTR_RADIUS o=48 raw_norm=22486.149183706566 norm=806.33814740741752 radius=806.33814740741775 next_radius=806.33814740741775 lambda=1.6000000000000008e-07 next_lambda=1.6000000000000008e-07 rho=0.67588645043175555 accept=1
CLASSICAL_LM o=48 lambda=1.6000000000000008e-07 tau=1.6000000000000008e-07 prediction=28.333133671908794 rho=0.67588645043175555 accept=1
  MFCG it  49 cost=2.482104e+05 lam=1.600e-07 tau=0.00e+00 cg_it=0 shift=0 ckpt=1 alpha=0 acc mv=149
PCG_PREP o=49 rebuild=1 drift=0 previous_depth=1
ATTR_RADIUS o=49 raw_norm=36671.661903854423 norm=806.33814740741764 radius=806.33814740741775 next_radius=1612.6762948148355 lambda=1.6000000000000008e-07 next_lambda=4.0000000000000021e-08 rho=0.79832745195242683 accept=1
CLASSICAL_LM o=49 lambda=1.6000000000000008e-07 tau=1.6000000000000008e-07 prediction=44.330329320768087 rho=0.79832745195242683 accept=1
  MFCG it  50 cost=2.481750e+05 lam=4.000e-08 tau=0.00e+00 cg_it=1 shift=0 ckpt=2 alpha=0 acc mv=152
PCG_PREP o=50 rebuild=1 drift=0 previous_depth=2
POINT_SAFE o=50 frozen=547 slope=-30.79575531301775 candidate=248179.50764418804 original=248168.49987701728 current=248174.99719373381 won=0 mode=1 camera_scale=1 keep_scale=0
ATTR_RADIUS o=50 raw_norm=120072.2699111994 norm=806.33814740741775 radius=1612.6762948148355 next_radius=1612.6762948148355 lambda=4.0000000000000021e-08 next_lambda=4.0000000000000019e-09 rho=0.42327079027432352 accept=1
CLASSICAL_LM o=50 lambda=4.0000000000000021e-08 tau=4.0000000000000021e-08 prediction=15.350260083666432 rho=0.42327079027432352 accept=1
  MFCG it  51 cost=2.481685e+05 lam=4.000e-09 tau=0.00e+00 cg_it=1 shift=0 ckpt=2 alpha=0 acc mv=155
PCG_PREP o=51 rebuild=1 drift=0 previous_depth=2
POINT_SAFE o=51 frozen=116 slope=-23.315598005704388 candidate=248181.27796917249 original=248165.94704317593 current=248168.49987701728 won=0 mode=1 camera_scale=1 keep_scale=0
ATTR_RADIUS o=51 raw_norm=246027.07940959663 norm=806.33814740741775 radius=1612.6762948148355 next_radius=403.16907370370888 lambda=4.0000000000000019e-09 next_lambda=6.400000000000003e-08 rho=0.22085234982021595 accept=1
CLASSICAL_LM o=51 lambda=4.0000000000000019e-09 tau=4.0000000000000019e-09 prediction=11.559006926731998 rho=0.22085234982021595 accept=1
  MFCG it  52 cost=2.481659e+05 lam=6.400e-08 tau=0.00e+00 cg_it=1 shift=0 ckpt=2 alpha=0 acc mv=158
PCG_PREP o=52 rebuild=1 drift=0 previous_depth=2
ATTR_RADIUS o=52 raw_norm=81806.304555495168 norm=403.16907370370899 radius=403.16907370370888 next_radius=806.33814740741775 lambda=6.400000000000003e-08 next_lambda=1.6000000000000008e-08 rho=0.86827943077155711 accept=1
CLASSICAL_LM o=52 lambda=6.400000000000003e-08 tau=6.400000000000003e-08 prediction=25.456213788056218 rho=0.86827943077155711 accept=1
  MFCG it  53 cost=2.481438e+05 lam=1.600e-08 tau=0.00e+00 cg_it=1 shift=0 ckpt=2 alpha=0 acc mv=161
PCG_PREP o=53 rebuild=1 drift=0 previous_depth=2
ATTR_RADIUS o=53 raw_norm=179153.50378377916 norm=806.33814740741752 radius=806.33814740741775 next_radius=806.33814740741775 lambda=1.6000000000000008e-08 next_lambda=1.6000000000000008e-08 rho=0.33155697242004495 accept=1
CLASSICAL_LM o=53 lambda=1.6000000000000008e-08 tau=1.6000000000000008e-08 prediction=13.754577514080376 rho=0.33155697242004495 accept=1
  MFCG it  54 cost=2.481393e+05 lam=1.600e-08 tau=0.00e+00 cg_it=1 shift=0 ckpt=2 alpha=0 acc mv=164
PCG_PREP o=54 rebuild=1 drift=0 previous_depth=2
ATTR_RADIUS o=54 raw_norm=180008.71007517399 norm=806.33814740741798 radius=806.33814740741775 next_radius=806.33814740741775 lambda=1.6000000000000008e-08 next_lambda=1.6000000000000008e-08 rho=0.5421358689673671 accept=1
CLASSICAL_LM o=54 lambda=1.6000000000000008e-08 tau=1.6000000000000008e-08 prediction=21.5136771509707 rho=0.5421358689673671 accept=1
  MFCG it  55 cost=2.481276e+05 lam=1.600e-08 tau=0.00e+00 cg_it=1 shift=0 ckpt=2 alpha=0 acc mv=167
PCG_PREP o=55 rebuild=1 drift=0 previous_depth=2
ATTR_RADIUS o=55 raw_norm=221239.53051925206 norm=806.3381474074173 radius=806.33814740741775 next_radius=806.33814740741775 lambda=1.6000000000000008e-08 next_lambda=1.6000000000000008e-08 rho=0.69139946656850282 accept=1
CLASSICAL_LM o=55 lambda=1.6000000000000008e-08 tau=1.6000000000000008e-08 prediction=34.651785071317704 rho=0.69139946656850282 accept=1
  MFCG it  56 cost=2.481037e+05 lam=1.600e-08 tau=0.00e+00 cg_it=1 shift=0 ckpt=2 alpha=0 acc mv=170
PCG_PREP o=56 rebuild=1 drift=0 previous_depth=2
ATTR_RADIUS o=56 raw_norm=220974.79385263842 norm=806.33814740741775 radius=806.33814740741775 next_radius=806.33814740741775 lambda=1.6000000000000008e-08 next_lambda=1.6000000000000008e-08 rho=0.37761595124281133 accept=1
CLASSICAL_LM o=56 lambda=1.6000000000000008e-08 tau=1.6000000000000008e-08 prediction=15.777459785620513 rho=0.37761595124281133 accept=1
  MFCG it  57 cost=2.480977e+05 lam=1.600e-08 tau=0.00e+00 cg_it=1 shift=0 ckpt=2 alpha=0 acc mv=173
PCG_PREP o=57 rebuild=1 drift=0 previous_depth=2
ATTR_RADIUS o=57 raw_norm=220215.15142470092 norm=806.33814740741775 radius=806.33814740741775 next_radius=806.33814740741775 lambda=1.6000000000000008e-08 next_lambda=1.6000000000000008e-08 rho=0.31755175386880219 accept=1
CLASSICAL_LM o=57 lambda=1.6000000000000008e-08 tau=1.6000000000000008e-08 prediction=14.716073972445477 rho=0.31755175386880219 accept=1
  MFCG it  58 cost=2.480930e+05 lam=1.600e-08 tau=0.00e+00 cg_it=1 shift=0 ckpt=2 alpha=0 acc mv=176
PCG_PREP o=58 rebuild=1 drift=0 previous_depth=2
ATTR_RADIUS o=58 raw_norm=219855.79638322562 norm=806.33814740741821 radius=806.33814740741775 next_radius=806.33814740741775 lambda=1.6000000000000008e-08 next_lambda=1.6000000000000008e-08 rho=0.30005191512613594 accept=1
CLASSICAL_LM o=58 lambda=1.6000000000000008e-08 tau=1.6000000000000008e-08 prediction=14.650048644544899 rho=0.30005191512613594 accept=1
  MFCG it  59 cost=2.480886e+05 lam=1.600e-08 tau=0.00e+00 cg_it=1 shift=0 ckpt=2 alpha=0 acc mv=179
PCG_PREP o=59 rebuild=1 drift=0 previous_depth=2
ATTR_RADIUS o=59 raw_norm=219445.45642995491 norm=806.33814740741809 radius=806.33814740741775 next_radius=806.33814740741775 lambda=1.6000000000000008e-08 next_lambda=1.6000000000000008e-08 rho=0.28383775344726703 accept=1
CLASSICAL_LM o=59 lambda=1.6000000000000008e-08 tau=1.6000000000000008e-08 prediction=14.60816145158328 rho=0.28383775344726703 accept=1
  MFCG it  60 cost=2.480845e+05 lam=1.600e-08 tau=0.00e+00 cg_it=1 shift=0 ckpt=2 alpha=0 acc mv=182
PCG_PREP o=60 rebuild=1 drift=0 previous_depth=2
ATTR_RADIUS o=60 raw_norm=218915.08137843822 norm=806.33814740741775 radius=806.33814740741775 next_radius=806.33814740741775 lambda=1.6000000000000008e-08 next_lambda=1.6000000000000008e-08 rho=0.26788505422026071 accept=1
CLASSICAL_LM o=60 lambda=1.6000000000000008e-08 tau=1.6000000000000008e-08 prediction=14.571847453981498 rho=0.26788505422026071 accept=1
  MFCG it  61 cost=2.480806e+05 lam=1.600e-08 tau=0.00e+00 cg_it=1 shift=0 ckpt=2 alpha=0 acc mv=185
PCG_PREP o=61 rebuild=1 drift=0 previous_depth=2
ATTR_RADIUS o=61 raw_norm=218263.71746416704 norm=806.33814740741752 radius=806.33814740741775 next_radius=806.33814740741775 lambda=1.6000000000000008e-08 next_lambda=1.6000000000000008e-08 rho=0.25224242327018753 accept=1
CLASSICAL_LM o=61 lambda=1.6000000000000008e-08 tau=1.6000000000000008e-08 prediction=14.541824502292469 rho=0.25224242327018753 accept=1
  MFCG it  62 cost=2.480769e+05 lam=1.600e-08 tau=0.00e+00 cg_it=1 shift=0 ckpt=2 alpha=0 acc mv=188
PCG_PREP o=62 rebuild=1 drift=0 previous_depth=2
ATTR_RADIUS o=62 raw_norm=217479.47263076153 norm=806.33814740741786 radius=806.33814740741775 next_radius=201.58453685185444 lambda=1.6000000000000008e-08 next_lambda=2.5600000000000012e-07 rho=0.23699041280715039 accept=1
CLASSICAL_LM o=62 lambda=1.6000000000000008e-08 tau=1.6000000000000008e-08 prediction=14.519234983051174 rho=0.23699041280715039 accept=1
  MFCG it  63 cost=2.480735e+05 lam=2.560e-07 tau=0.00e+00 cg_it=1 shift=0 ckpt=2 alpha=0 acc mv=191
PCG_PREP o=63 rebuild=1 drift=0 previous_depth=2
ATTR_RADIUS o=63 raw_norm=12771.445108272805 norm=201.58453685185444 radius=201.58453685185444 next_radius=403.16907370370888 lambda=2.5600000000000012e-07 next_lambda=6.400000000000003e-08 rho=0.95095432666599189 accept=1
CLASSICAL_LM o=63 lambda=2.5600000000000012e-07 tau=2.5600000000000012e-07 prediction=17.094973321895761 rho=0.95095432666599189 accept=1
  MFCG it  64 cost=2.480572e+05 lam=6.400e-08 tau=0.00e+00 cg_it=0 shift=0 ckpt=1 alpha=0 acc mv=193
PCG_PREP o=64 rebuild=1 drift=0 previous_depth=1
ATTR_RADIUS o=64 raw_norm=34923.550467171852 norm=403.16907370370882 radius=403.16907370370888 next_radius=806.33814740741775 lambda=6.400000000000003e-08 next_lambda=1.6000000000000008e-08 rho=0.77399750877031415 accept=1
CLASSICAL_LM o=64 lambda=6.400000000000003e-08 tau=6.400000000000003e-08 prediction=12.928490751342707 rho=0.77399750877031415 accept=1
  MFCG it  65 cost=2.480472e+05 lam=1.600e-08 tau=0.00e+00 cg_it=0 shift=0 ckpt=1 alpha=0 acc mv=195
PCG_PREP o=65 rebuild=1 drift=0 previous_depth=1
ATTR_RADIUS o=65 raw_norm=216255.69958484345 norm=806.33814740741786 radius=806.33814740741775 next_radius=201.58453685185444 lambda=1.6000000000000008e-08 next_lambda=2.5600000000000012e-07 rho=0.2340802802674132 accept=1
CLASSICAL_LM o=65 lambda=1.6000000000000008e-08 tau=1.6000000000000008e-08 prediction=14.292285819839735 rho=0.2340802802674132 accept=1
  MFCG it  66 cost=2.480439e+05 lam=2.560e-07 tau=0.00e+00 cg_it=1 shift=0 ckpt=2 alpha=0 acc mv=198
PCG_PREP o=66 rebuild=1 drift=0 previous_depth=2
ATTR_RADIUS o=66 raw_norm=12396.68576349332 norm=201.58453685185438 radius=201.58453685185444 next_radius=403.16907370370888 lambda=2.5600000000000012e-07 next_lambda=6.400000000000003e-08 rho=0.95169568337391519 accept=1
CLASSICAL_LM o=66 lambda=2.5600000000000012e-07 tau=2.5600000000000012e-07 prediction=17.191733595793998 rho=0.95169568337391519 accept=1
  MFCG it  67 cost=2.480275e+05 lam=6.400e-08 tau=0.00e+00 cg_it=0 shift=0 ckpt=1 alpha=0 acc mv=200
PCG_PREP o=67 rebuild=1 drift=0 previous_depth=1
ATTR_RADIUS o=67 raw_norm=34568.661893997567 norm=403.16907370370888 radius=403.16907370370888 next_radius=806.33814740741775 lambda=6.400000000000003e-08 next_lambda=1.6000000000000008e-08 rho=0.77314434854899916 accept=1
CLASSICAL_LM o=67 lambda=6.400000000000003e-08 tau=6.400000000000003e-08 prediction=12.714576970824041 rho=0.77314434854899916 accept=1
  MFCG it  68 cost=2.480177e+05 lam=1.600e-08 tau=0.00e+00 cg_it=0 shift=0 ckpt=1 alpha=0 acc mv=202
PCG_PREP o=68 rebuild=1 drift=0 previous_depth=1
ATTR_RADIUS o=68 raw_norm=214617.59597707464 norm=806.33814740741775 radius=806.33814740741775 next_radius=201.58453685185444 lambda=1.6000000000000008e-08 next_lambda=2.5600000000000012e-07 rho=0.23331926231401154 accept=1
CLASSICAL_LM o=68 lambda=1.6000000000000008e-08 tau=1.6000000000000008e-08 prediction=14.10008958668438 rho=0.23331926231401154 accept=1
  MFCG it  69 cost=2.480144e+05 lam=2.560e-07 tau=0.00e+00 cg_it=1 shift=0 ckpt=2 alpha=0 acc mv=205
PCG_PREP o=69 rebuild=1 drift=0 previous_depth=2
ATTR_RADIUS o=69 raw_norm=12026.563374665116 norm=201.58453685185438 radius=201.58453685185444 next_radius=403.16907370370888 lambda=2.5600000000000012e-07 next_lambda=6.400000000000003e-08 rho=0.9523998825171881 accept=1
CLASSICAL_LM o=69 lambda=2.5600000000000012e-07 tau=2.5600000000000012e-07 prediction=17.270218380147313 rho=0.9523998825171881 accept=1
  MFCG it  70 cost=2.479979e+05 lam=6.400e-08 tau=0.00e+00 cg_it=0 shift=0 ckpt=1 alpha=0 acc mv=207
PCG_PREP o=70 rebuild=1 drift=0 previous_depth=1
ATTR_RADIUS o=70 raw_norm=34173.526760126158 norm=403.16907370370882 radius=403.16907370370888 next_radius=806.33814740741775 lambda=6.400000000000003e-08 next_lambda=1.6000000000000008e-08 rho=0.77233570218143288 accept=1
CLASSICAL_LM o=70 lambda=6.400000000000003e-08 tau=6.400000000000003e-08 prediction=12.500463419665664 rho=0.77233570218143288 accept=1
  MFCG it  71 cost=2.479883e+05 lam=1.600e-08 tau=0.00e+00 cg_it=0 shift=0 ckpt=1 alpha=0 acc mv=209
PCG_PREP o=71 rebuild=1 drift=0 previous_depth=1
ATTR_RADIUS o=71 raw_norm=212551.28008648183 norm=806.33814740741775 radius=806.33814740741775 next_radius=201.58453685185444 lambda=1.6000000000000008e-08 next_lambda=2.5600000000000012e-07 rho=0.23369009807144034 accept=1
CLASSICAL_LM o=71 lambda=1.6000000000000008e-08 tau=1.6000000000000008e-08 prediction=13.924231855497807 rho=0.23369009807144034 accept=1
  MFCG it  72 cost=2.479850e+05 lam=2.560e-07 tau=0.00e+00 cg_it=1 shift=0 ckpt=2 alpha=0 acc mv=212
PCG_PREP o=72 rebuild=1 drift=0 previous_depth=2
ATTR_RADIUS o=72 raw_norm=11662.429842346472 norm=201.58453685185438 radius=201.58453685185444 next_radius=403.16907370370888 lambda=2.5600000000000012e-07 next_lambda=6.400000000000003e-08 rho=0.95306812598602708 accept=1
CLASSICAL_LM o=72 lambda=2.5600000000000012e-07 tau=2.5600000000000012e-07 prediction=17.329379207381393 rho=0.95306812598602708 accept=1
  MFCG it  73 cost=2.479685e+05 lam=6.400e-08 tau=0.00e+00 cg_it=0 shift=0 ckpt=1 alpha=0 acc mv=214
PCG_PREP o=73 rebuild=1 drift=0 previous_depth=1
ATTR_RADIUS o=73 raw_norm=33743.456093337772 norm=403.16907370370882 radius=403.16907370370888 next_radius=806.33814740741775 lambda=6.400000000000003e-08 next_lambda=1.6000000000000008e-08 rho=0.77157918229808486 accept=1
CLASSICAL_LM o=73 lambda=6.400000000000003e-08 tau=6.400000000000003e-08 prediction=12.28634516569185 rho=0.77157918229808486 accept=1
  MFCG it  74 cost=2.479590e+05 lam=1.600e-08 tau=0.00e+00 cg_it=0 shift=0 ckpt=1 alpha=0 acc mv=216
PCG_PREP o=74 rebuild=1 drift=0 previous_depth=1
ATTR_RADIUS o=74 raw_norm=210017.40180765535 norm=806.33814740741798 radius=806.33814740741775 next_radius=201.58453685185444 lambda=1.6000000000000008e-08 next_lambda=2.5600000000000012e-07 rho=0.23545286023479728 accept=1
CLASSICAL_LM o=74 lambda=1.6000000000000008e-08 tau=1.6000000000000008e-08 prediction=13.768445779661061 rho=0.23545286023479728 accept=1
  MFCG it  75 cost=2.479558e+05 lam=2.560e-07 tau=0.00e+00 cg_it=1 shift=0 ckpt=2 alpha=0 acc mv=219
PCG_PREP o=75 rebuild=1 drift=0 previous_depth=2
ATTR_RADIUS o=75 raw_norm=11305.844003727656 norm=201.58453685185444 radius=201.58453685185444 next_radius=403.16907370370888 lambda=2.5600000000000012e-07 next_lambda=6.400000000000003e-08 rho=0.95370338076324168 accept=1
CLASSICAL_LM o=75 lambda=2.5600000000000012e-07 tau=2.5600000000000012e-07 prediction=17.368857395018015 rho=0.95370338076324168 accept=1
  MFCG it  76 cost=2.479392e+05 lam=6.400e-08 tau=0.00e+00 cg_it=0 shift=0 ckpt=1 alpha=0 acc mv=221
PCG_PREP o=76 rebuild=1 drift=0 previous_depth=1
ATTR_RADIUS o=76 raw_norm=33283.641096357758 norm=403.16907370370905 radius=403.16907370370888 next_radius=806.33814740741775 lambda=6.400000000000003e-08 next_lambda=1.6000000000000008e-08 rho=0.77088615455312637 accept=1
CLASSICAL_LM o=76 lambda=6.400000000000003e-08 tau=6.400000000000003e-08 prediction=12.072464281468298 rho=0.77088615455312637 accept=1
  MFCG it  77 cost=2.479299e+05 lam=1.600e-08 tau=0.00e+00 cg_it=0 shift=0 ckpt=1 alpha=0 acc mv=223
PCG_PREP o=77 rebuild=1 drift=0 previous_depth=1
ATTR_RADIUS o=77 raw_norm=206974.66188494061 norm=806.33814740741752 radius=806.33814740741775 next_radius=201.58453685185444 lambda=1.6000000000000008e-08 next_lambda=2.5600000000000012e-07 rho=0.23885414896215013 accept=1
CLASSICAL_LM o=77 lambda=1.6000000000000008e-08 tau=1.6000000000000008e-08 prediction=13.636300072750059 rho=0.23885414896215013 accept=1
  MFCG it  78 cost=2.479267e+05 lam=2.560e-07 tau=0.00e+00 cg_it=1 shift=0 ckpt=2 alpha=0 acc mv=226
PCG_PREP o=78 rebuild=1 drift=0 previous_depth=2
ATTR_RADIUS o=78 raw_norm=10958.262811208504 norm=201.58453685185447 radius=201.58453685185444 next_radius=403.16907370370888 lambda=2.5600000000000012e-07 next_lambda=6.400000000000003e-08 rho=0.95430915402721384 accept=1
CLASSICAL_LM o=78 lambda=2.5600000000000012e-07 tau=2.5600000000000012e-07 prediction=17.388570407429604 rho=0.95430915402721384 accept=1
  MFCG it  79 cost=2.479101e+05 lam=6.400e-08 tau=0.00e+00 cg_it=0 shift=0 ckpt=1 alpha=0 acc mv=228
PCG_PREP o=79 rebuild=1 drift=0 previous_depth=1
ATTR_RADIUS o=79 raw_norm=32799.83986691921 norm=403.1690737037087 radius=403.16907370370888 next_radius=806.33814740741775 lambda=6.400000000000003e-08 next_lambda=1.6000000000000008e-08 rho=0.77026895405508888 accept=1
CLASSICAL_LM o=79 lambda=6.400000000000003e-08 tau=6.400000000000003e-08 prediction=11.859099238261873 rho=0.77026895405508888 accept=1
  MFCG it  80 cost=2.479009e+05 lam=1.600e-08 tau=0.00e+00 cg_it=0 shift=0 ckpt=1 alpha=0 acc mv=230
PCG_PREP o=80 rebuild=1 drift=0 previous_depth=1
ATTR_RADIUS o=80 raw_norm=66862.216288821524 norm=806.33814740741775 radius=806.33814740741775 next_radius=201.58453685185444 lambda=1.6000000000000008e-08 next_lambda=2.5600000000000012e-07 rho=0.17968603983764725 accept=1
CLASSICAL_LM o=80 lambda=1.6000000000000008e-08 tau=1.6000000000000008e-08 prediction=12.518109439430061 rho=0.17968603983764725 accept=1
  MFCG it  81 cost=2.478987e+05 lam=2.560e-07 tau=0.00e+00 cg_it=0 shift=0 ckpt=1 alpha=0 acc mv=232
PCG_PREP o=81 rebuild=1 drift=0 previous_depth=1
ATTR_RADIUS o=81 raw_norm=10686.785090071407 norm=201.58453685185438 radius=201.58453685185444 next_radius=403.16907370370888 lambda=2.5600000000000012e-07 next_lambda=6.400000000000003e-08 rho=0.95509060688518843 accept=1
CLASSICAL_LM o=81 lambda=2.5600000000000012e-07 tau=2.5600000000000012e-07 prediction=17.239511254268805 rho=0.95509060688518843 accept=1
  MFCG it  82 cost=2.478822e+05 lam=6.400e-08 tau=0.00e+00 cg_it=0 shift=0 ckpt=1 alpha=0 acc mv=234
PCG_PREP o=82 rebuild=1 drift=0 previous_depth=1
ATTR_RADIUS o=82 raw_norm=32490.296901171103 norm=403.16907370370888 radius=403.16907370370888 next_radius=806.33814740741775 lambda=6.400000000000003e-08 next_lambda=1.6000000000000008e-08 rho=0.7709203017038132 accept=1
CLASSICAL_LM o=82 lambda=6.400000000000003e-08 tau=6.400000000000003e-08 prediction=11.545984746359302 rho=0.7709203017038132 accept=1
  MFCG it  83 cost=2.478733e+05 lam=1.600e-08 tau=0.00e+00 cg_it=0 shift=0 ckpt=1 alpha=0 acc mv=236
PCG_PREP o=83 rebuild=1 drift=0 previous_depth=1
ATTR_RADIUS o=83 raw_norm=198842.68455779474 norm=806.33814740741843 radius=806.33814740741775 next_radius=806.33814740741775 lambda=1.6000000000000008e-08 next_lambda=1.6000000000000008e-08 rho=0.26555363580787894 accept=1
CLASSICAL_LM o=83 lambda=1.6000000000000008e-08 tau=1.6000000000000008e-08 prediction=13.534866171490812 rho=0.26555363580787894 accept=1
  MFCG it  84 cost=2.478697e+05 lam=1.600e-08 tau=0.00e+00 cg_it=1 shift=0 ckpt=2 alpha=0 acc mv=239
PCG_PREP o=84 rebuild=1 drift=0 previous_depth=2
ATTR_RADIUS o=84 raw_norm=66897.328670346309 norm=806.33814740741809 radius=806.33814740741775 next_radius=201.58453685185444 lambda=1.6000000000000008e-08 next_lambda=2.5600000000000012e-07 rho=0.15753295672382056 accept=1
CLASSICAL_LM o=84 lambda=1.6000000000000008e-08 tau=1.6000000000000008e-08 prediction=12.082752370987 rho=0.15753295672382056 accept=1
  MFCG it  85 cost=2.478678e+05 lam=2.560e-07 tau=0.00e+00 cg_it=0 shift=0 ckpt=1 alpha=0 acc mv=241
PCG_PREP o=85 rebuild=1 drift=0 previous_depth=1
ATTR_RADIUS o=85 raw_norm=10070.921059896471 norm=201.58453685185449 radius=201.58453685185444 next_radius=403.16907370370888 lambda=2.5600000000000012e-07 next_lambda=6.400000000000003e-08 rho=0.95640663663476955 accept=1
CLASSICAL_LM o=85 lambda=2.5600000000000012e-07 tau=2.5600000000000012e-07 prediction=17.742540552735388 rho=0.95640663663476955 accept=1
  MFCG it  86 cost=2.478509e+05 lam=6.400e-08 tau=0.00e+00 cg_it=0 shift=0 ckpt=1 alpha=0 acc mv=243
PCG_PREP o=86 rebuild=1 drift=0 previous_depth=1
ATTR_RADIUS o=86 raw_norm=31352.363328947195 norm=403.16907370370882 radius=403.16907370370888 next_radius=806.33814740741775 lambda=6.400000000000003e-08 next_lambda=1.6000000000000008e-08 rho=0.77292113334177259 accept=1
CLASSICAL_LM o=86 lambda=6.400000000000003e-08 tau=6.400000000000003e-08 prediction=11.548528966483117 rho=0.77292113334177259 accept=1
  MFCG it  87 cost=2.478419e+05 lam=1.600e-08 tau=0.00e+00 cg_it=0 shift=0 ckpt=1 alpha=0 acc mv=245
PCG_PREP o=87 rebuild=1 drift=0 previous_depth=1
ATTR_RADIUS o=87 raw_norm=67739.053271242432 norm=806.3381474074173 radius=806.33814740741775 next_radius=201.58453685185444 lambda=1.6000000000000008e-08 next_lambda=2.5600000000000012e-07 rho=0.13988188285508821 accept=1
CLASSICAL_LM o=87 lambda=1.6000000000000008e-08 tau=1.6000000000000008e-08 prediction=11.472067682950911 rho=0.13988188285508821 accept=1
  MFCG it  88 cost=2.478403e+05 lam=2.560e-07 tau=0.00e+00 cg_it=0 shift=0 ckpt=1 alpha=0 acc mv=247
PCG_PREP o=88 rebuild=1 drift=0 previous_depth=1
ATTR_RADIUS o=88 raw_norm=9827.0259116156158 norm=201.58453685185452 radius=201.58453685185444 next_radius=403.16907370370888 lambda=2.5600000000000012e-07 next_lambda=6.400000000000003e-08 rho=0.95719365115401356 accept=1
CLASSICAL_LM o=88 lambda=2.5600000000000012e-07 tau=2.5600000000000012e-07 prediction=17.541554027085475 rho=0.95719365115401356 accept=1
  MFCG it  89 cost=2.478235e+05 lam=6.400e-08 tau=0.00e+00 cg_it=0 shift=0 ckpt=1 alpha=0 acc mv=249
PCG_PREP o=89 rebuild=1 drift=0 previous_depth=1
ATTR_RADIUS o=89 raw_norm=31025.368340038076 norm=403.16907370370888 radius=403.16907370370888 next_radius=806.33814740741775 lambda=6.400000000000003e-08 next_lambda=1.6000000000000008e-08 rho=0.77396824499555728 accept=1
CLASSICAL_LM o=89 lambda=6.400000000000003e-08 tau=6.400000000000003e-08 prediction=11.241559271614189 rho=0.77396824499555728 accept=1
  MFCG it  90 cost=2.478148e+05 lam=1.600e-08 tau=0.00e+00 cg_it=0 shift=0 ckpt=1 alpha=0 acc mv=251
PCG_PREP o=90 rebuild=1 drift=0 previous_depth=1
ATTR_RADIUS o=90 raw_norm=184799.29549722793 norm=806.33814740741809 radius=806.33814740741775 next_radius=806.33814740741775 lambda=1.6000000000000008e-08 next_lambda=1.6000000000000008e-08 rho=0.30684641386512218 accept=1
CLASSICAL_LM o=90 lambda=1.6000000000000008e-08 tau=1.6000000000000008e-08 prediction=13.78391539445597 rho=0.30684641386512218 accept=1
  MFCG it  91 cost=2.478106e+05 lam=1.600e-08 tau=0.00e+00 cg_it=1 shift=0 ckpt=2 alpha=0 acc mv=254
PCG_PREP o=91 rebuild=1 drift=0 previous_depth=2
ATTR_RADIUS o=91 raw_norm=67455.342265550513 norm=806.33814740741809 radius=806.33814740741775 next_radius=201.58453685185444 lambda=1.6000000000000008e-08 next_lambda=2.5600000000000012e-07 rho=0.11984097967777314 accept=1
CLASSICAL_LM o=91 lambda=1.6000000000000008e-08 tau=1.6000000000000008e-08 prediction=11.100578509872834 rho=0.11984097967777314 accept=1
  MFCG it  92 cost=2.478093e+05 lam=2.560e-07 tau=0.00e+00 cg_it=0 shift=0 ckpt=1 alpha=0 acc mv=256
PCG_PREP o=92 rebuild=1 drift=0 previous_depth=1
ATTR_RADIUS o=92 raw_norm=9262.507906103192 norm=201.58453685185444 radius=201.58453685185444 next_radius=403.16907370370888 lambda=2.5600000000000012e-07 next_lambda=6.400000000000003e-08 rho=0.95840360521296275 accept=1
CLASSICAL_LM o=92 lambda=2.5600000000000012e-07 tau=2.5600000000000012e-07 prediction=18.00838806820213 rho=0.95840360521296275 accept=1
  MFCG it  93 cost=2.477920e+05 lam=6.400e-08 tau=0.00e+00 cg_it=0 shift=0 ckpt=1 alpha=0 acc mv=258
PCG_PREP o=93 rebuild=1 drift=0 previous_depth=1
ATTR_RADIUS o=93 raw_norm=29858.98460548641 norm=403.16907370370905 radius=403.16907370370888 next_radius=806.33814740741775 lambda=6.400000000000003e-08 next_lambda=1.6000000000000008e-08 rho=0.77643496666213607 accept=1
CLASSICAL_LM o=93 lambda=6.400000000000003e-08 tau=6.400000000000003e-08 prediction=11.25343307928337 rho=0.77643496666213607 accept=1
  MFCG it  94 cost=2.477833e+05 lam=1.600e-08 tau=0.00e+00 cg_it=0 shift=0 ckpt=1 alpha=0 acc mv=260
PCG_PREP o=94 rebuild=1 drift=0 previous_depth=1
ATTR_RADIUS o=94 raw_norm=174684.70350334927 norm=806.33814740741798 radius=806.33814740741775 next_radius=806.33814740741775 lambda=1.6000000000000008e-08 next_lambda=1.6000000000000008e-08 rho=0.32934732354776974 accept=1
CLASSICAL_LM o=94 lambda=1.6000000000000008e-08 tau=1.6000000000000008e-08 prediction=14.097120181322671 rho=0.32934732354776974 accept=1
  MFCG it  95 cost=2.477786e+05 lam=1.600e-08 tau=0.00e+00 cg_it=1 shift=0 ckpt=2 alpha=0 acc mv=263
PCG_PREP o=95 rebuild=1 drift=0 previous_depth=2
ATTR_RADIUS o=95 raw_norm=67052.721459192704 norm=0 radius=806.33814740741775 next_radius=201.58453685185444 lambda=1.6000000000000008e-08 next_lambda=2.5600000000000012e-07 rho=0.099468773110365893 accept=0
CLASSICAL_LM o=95 lambda=1.6000000000000008e-08 tau=1.6000000000000008e-08 prediction=10.724475568670472 rho=0.099468773110365893 accept=0
  MFCG it  96  retry 1/8  lam=2.560e-07 tau_eff=1.600e-08  (assembly reused)
PCG_PREP o=95 rebuild=1 drift=0 previous_depth=1
ATTR_RADIUS o=95 raw_norm=8996.2833824787249 norm=201.58453685185441 radius=201.58453685185444 next_radius=403.16907370370888 lambda=2.5600000000000012e-07 next_lambda=6.400000000000003e-08 rho=0.95888582351037166 accept=1
CLASSICAL_LM o=95 lambda=2.5600000000000012e-07 tau=2.5600000000000012e-07 prediction=17.843069564021942 rho=0.95888582351037166 accept=1
  MFCG it  96 cost=2.477615e+05 lam=6.400e-08 tau=0.00e+00 cg_it=0 shift=0 ckpt=1 alpha=0 acc mv=267
PCG_PREP o=96 rebuild=1 drift=0 previous_depth=1
ATTR_RADIUS o=96 raw_norm=29366.758327811425 norm=403.16907370370888 radius=403.16907370370888 next_radius=806.33814740741775 lambda=6.400000000000003e-08 next_lambda=1.6000000000000008e-08 rho=0.77616007725515956 accept=1
CLASSICAL_LM o=96 lambda=6.400000000000003e-08 tau=6.400000000000003e-08 prediction=11.005029706488413 rho=0.77616007725515956 accept=1
  MFCG it  97 cost=2.477530e+05 lam=1.600e-08 tau=0.00e+00 cg_it=0 shift=0 ckpt=1 alpha=0 acc mv=269
PCG_PREP o=97 rebuild=1 drift=0 previous_depth=1
ATTR_RADIUS o=97 raw_norm=168069.78010075985 norm=806.33814740741798 radius=806.33814740741775 next_radius=806.33814740741775 lambda=1.6000000000000008e-08 next_lambda=1.6000000000000008e-08 rho=0.34783656489265286 accept=1
CLASSICAL_LM o=97 lambda=1.6000000000000008e-08 tau=1.6000000000000008e-08 prediction=14.207583912831611 rho=0.34783656489265286 accept=1
  MFCG it  98 cost=2.477480e+05 lam=1.600e-08 tau=0.00e+00 cg_it=1 shift=0 ckpt=2 alpha=0 acc mv=272
PCG_PREP o=98 rebuild=1 drift=0 previous_depth=2
ATTR_RADIUS o=98 raw_norm=67238.743463792649 norm=0 radius=806.33814740741775 next_radius=201.58453685185444 lambda=1.6000000000000008e-08 next_lambda=2.5600000000000012e-07 rho=0.079988827821216898 accept=0
CLASSICAL_LM o=98 lambda=1.6000000000000008e-08 tau=1.6000000000000008e-08 prediction=10.280766301381515 rho=0.079988827821216898 accept=0
  MFCG it  99  retry 1/8  lam=2.560e-07 tau_eff=1.600e-08  (assembly reused)
PCG_PREP o=98 rebuild=1 drift=0 previous_depth=1
ATTR_RADIUS o=98 raw_norm=8745.2657250478242 norm=201.58453685185447 radius=201.58453685185444 next_radius=403.16907370370888 lambda=2.5600000000000012e-07 next_lambda=6.400000000000003e-08 rho=0.95929155469716088 accept=1
CLASSICAL_LM o=98 lambda=2.5600000000000012e-07 tau=2.5600000000000012e-07 prediction=17.664597350111247 rho=0.95929155469716088 accept=1
  MFCG it  99 cost=2.477311e+05 lam=6.400e-08 tau=0.00e+00 cg_it=0 shift=0 ckpt=1 alpha=0 acc mv=276
PCG_PREP o=99 rebuild=1 drift=0 previous_depth=1
ATTR_RADIUS o=99 raw_norm=28876.486464616712 norm=403.16907370370888 radius=403.16907370370888 next_radius=806.33814740741775 lambda=6.400000000000003e-08 next_lambda=1.6000000000000008e-08 rho=0.77595611146327348 accept=1
CLASSICAL_LM o=99 lambda=6.400000000000003e-08 tau=6.400000000000003e-08 prediction=10.756401885857725 rho=0.77595611146327348 accept=1
  MFCG it 100 cost=2.477227e+05 lam=1.600e-08 tau=0.00e+00 cg_it=0 shift=0 ckpt=1 alpha=0 acc mv=278
PCG_PREP o=100 rebuild=1 drift=0 previous_depth=1
ATTR_RADIUS o=100 raw_norm=161033.37508991305 norm=806.33814740741764 radius=806.33814740741775 next_radius=806.33814740741775 lambda=1.6000000000000008e-08 next_lambda=1.6000000000000008e-08 rho=0.36846382908418701 accept=1
CLASSICAL_LM o=100 lambda=1.6000000000000008e-08 tau=1.6000000000000008e-08 prediction=14.368747819731334 rho=0.36846382908418701 accept=1
  MFCG it 101 cost=2.477175e+05 lam=1.600e-08 tau=0.00e+00 cg_it=1 shift=0 ckpt=2 alpha=0 acc mv=281
PCG_PREP o=101 rebuild=1 drift=0 previous_depth=2
ATTR_RADIUS o=101 raw_norm=67369.979828731201 norm=0 radius=806.33814740741775 next_radius=201.58453685185444 lambda=1.6000000000000008e-08 next_lambda=2.5600000000000012e-07 rho=0.060935371405822121 accept=0
CLASSICAL_LM o=101 lambda=1.6000000000000008e-08 tau=1.6000000000000008e-08 prediction=9.8567633633420808 rho=0.060935371405822121 accept=0
  MFCG it 102  retry 1/8  lam=2.560e-07 tau_eff=1.600e-08  (assembly reused)
PCG_PREP o=101 rebuild=1 drift=0 previous_depth=1
ATTR_RADIUS o=101 raw_norm=8506.0224191054094 norm=201.58453685185449 radius=201.58453685185444 next_radius=403.16907370370888 lambda=2.5600000000000012e-07 next_lambda=6.400000000000003e-08 rho=0.95968439207578815 accept=1
CLASSICAL_LM o=101 lambda=2.5600000000000012e-07 tau=2.5600000000000012e-07 prediction=17.465722538659278 rho=0.95968439207578815 accept=1
  MFCG it 102 cost=2.477007e+05 lam=6.400e-08 tau=0.00e+00 cg_it=0 shift=0 ckpt=1 alpha=0 acc mv=285
PCG_PREP o=102 rebuild=1 drift=0 previous_depth=1
ATTR_RADIUS o=102 raw_norm=28393.321259727436 norm=403.16907370370893 radius=403.16907370370888 next_radius=806.33814740741775 lambda=6.400000000000003e-08 next_lambda=1.6000000000000008e-08 rho=0.77583184163589092 accept=1
CLASSICAL_LM o=102 lambda=6.400000000000003e-08 tau=6.400000000000003e-08 prediction=10.508149530994837 rho=0.77583184163589092 accept=1
  MFCG it 103 cost=2.476925e+05 lam=1.600e-08 tau=0.00e+00 cg_it=0 shift=0 ckpt=1 alpha=0 acc mv=287
PCG_PREP o=103 rebuild=1 drift=0 previous_depth=1
ATTR_RADIUS o=103 raw_norm=153626.56575497199 norm=806.33814740741798 radius=806.33814740741775 next_radius=806.33814740741775 lambda=1.6000000000000008e-08 next_lambda=1.6000000000000008e-08 rho=0.39102049451753851 accept=1
CLASSICAL_LM o=103 lambda=1.6000000000000008e-08 tau=1.6000000000000008e-08 prediction=14.582239537724691 rho=0.39102049451753851 accept=1
  MFCG it 104 cost=2.476868e+05 lam=1.600e-08 tau=0.00e+00 cg_it=1 shift=0 ckpt=2 alpha=0 acc mv=290
PCG_PREP o=104 rebuild=1 drift=0 previous_depth=2
ATTR_RADIUS o=104 raw_norm=67449.973412742373 norm=0 radius=806.33814740741775 next_radius=201.58453685185444 lambda=1.6000000000000008e-08 next_lambda=2.5600000000000012e-07 rho=0.042364413538425454 accept=0
CLASSICAL_LM o=104 lambda=1.6000000000000008e-08 tau=1.6000000000000008e-08 prediction=9.4513586761378878 rho=0.042364413538425454 accept=0
  MFCG it 105  retry 1/8  lam=2.560e-07 tau_eff=1.600e-08  (assembly reused)
PCG_PREP o=104 rebuild=1 drift=0 previous_depth=1
ATTR_RADIUS o=104 raw_norm=8277.9747661202491 norm=201.58453685185449 radius=201.58453685185444 next_radius=403.16907370370888 lambda=2.5600000000000012e-07 next_lambda=6.400000000000003e-08 rho=0.9600648061217647 accept=1
CLASSICAL_LM o=104 lambda=2.5600000000000012e-07 tau=2.5600000000000012e-07 prediction=17.246554315280221 rho=0.9600648061217647 accept=1
  MFCG it 105 cost=2.476703e+05 lam=6.400e-08 tau=0.00e+00 cg_it=0 shift=0 ckpt=1 alpha=0 acc mv=294
PCG_PREP o=105 rebuild=1 drift=0 previous_depth=1
ATTR_RADIUS o=105 raw_norm=27918.965324977205 norm=403.16907370370888 radius=403.16907370370888 next_radius=806.33814740741775 lambda=6.400000000000003e-08 next_lambda=1.6000000000000008e-08 rho=0.77578152359466124 accept=1
CLASSICAL_LM o=105 lambda=6.400000000000003e-08 tau=6.400000000000003e-08 prediction=10.259854441682794 rho=0.77578152359466124 accept=1
  MFCG it 106 cost=2.476623e+05 lam=1.600e-08 tau=0.00e+00 cg_it=0 shift=0 ckpt=1 alpha=0 acc mv=296
PCG_PREP o=106 rebuild=1 drift=0 previous_depth=1
ATTR_RADIUS o=106 raw_norm=145884.77139692308 norm=806.33814740741809 radius=806.33814740741775 next_radius=806.33814740741775 lambda=1.6000000000000008e-08 next_lambda=1.6000000000000008e-08 rho=0.41536106944204804 accept=1
CLASSICAL_LM o=106 lambda=1.6000000000000008e-08 tau=1.6000000000000008e-08 prediction=14.852805202845111 rho=0.41536106944204804 accept=1
  MFCG it 107 cost=2.476561e+05 lam=1.600e-08 tau=0.00e+00 cg_it=1 shift=0 ckpt=2 alpha=0 acc mv=299
PCG_PREP o=107 rebuild=1 drift=0 previous_depth=2
ATTR_RADIUS o=107 raw_norm=67480.90599452419 norm=0 radius=806.33814740741775 next_radius=201.58453685185444 lambda=1.6000000000000008e-08 next_lambda=2.5600000000000012e-07 rho=0.024314173299789774 accept=0
CLASSICAL_LM o=107 lambda=1.6000000000000008e-08 tau=1.6000000000000008e-08 prediction=9.0633358254211203 rho=0.024314173299789774 accept=0
  MFCG it 108  retry 1/8  lam=2.560e-07 tau_eff=1.600e-08  (assembly reused)
PCG_PREP o=107 rebuild=1 drift=0 previous_depth=1
ATTR_RADIUS o=107 raw_norm=8059.6790955340994 norm=201.58453685185444 radius=201.58453685185444 next_radius=403.16907370370888 lambda=2.5600000000000012e-07 next_lambda=6.400000000000003e-08 rho=0.9604329429382833 accept=1
CLASSICAL_LM o=107 lambda=2.5600000000000012e-07 tau=2.5600000000000012e-07 prediction=17.006995049951083 rho=0.9604329429382833 accept=1
  MFCG it 108 cost=2.476398e+05 lam=6.400e-08 tau=0.00e+00 cg_it=0 shift=0 ckpt=1 alpha=0 acc mv=303
PCG_PREP o=108 rebuild=1 drift=0 previous_depth=1
ATTR_RADIUS o=108 raw_norm=27453.219967258818 norm=403.16907370370882 radius=403.16907370370888 next_radius=806.33814740741775 lambda=6.400000000000003e-08 next_lambda=1.6000000000000008e-08 rho=0.77579670052033967 accept=1
CLASSICAL_LM o=108 lambda=6.400000000000003e-08 tau=6.400000000000003e-08 prediction=10.01104103186406 rho=0.77579670052033967 accept=1
  MFCG it 109 cost=2.476320e+05 lam=1.600e-08 tau=0.00e+00 cg_it=0 shift=0 ckpt=1 alpha=0 acc mv=305
PCG_PREP o=109 rebuild=1 drift=0 previous_depth=1
ATTR_RADIUS o=109 raw_norm=137821.39112195803 norm=806.3381474074173 radius=806.33814740741775 next_radius=806.33814740741775 lambda=1.6000000000000008e-08 next_lambda=1.6000000000000008e-08 rho=0.44101495401111057 accept=1
CLASSICAL_LM o=109 lambda=1.6000000000000008e-08 tau=1.6000000000000008e-08 prediction=15.177804998303474 rho=0.44101495401111057 accept=1
  MFCG it 110 cost=2.476254e+05 lam=1.600e-08 tau=0.00e+00 cg_it=1 shift=0 ckpt=2 alpha=0 acc mv=308
PCG_PREP o=110 rebuild=1 drift=0 previous_depth=2
ATTR_RADIUS o=110 raw_norm=67461.956726249817 norm=0 radius=806.33814740741775 next_radius=201.58453685185444 lambda=1.6000000000000008e-08 next_lambda=2.5600000000000012e-07 rho=0.0068166648951010489 accept=0
CLASSICAL_LM o=110 lambda=1.6000000000000008e-08 tau=1.6000000000000008e-08 prediction=8.6915016422644857 rho=0.0068166648951010489 accept=0
  MFCG it 111  retry 1/8  lam=2.560e-07 tau_eff=1.600e-08  (assembly reused)
PCG_PREP o=110 rebuild=1 drift=0 previous_depth=1
ATTR_RADIUS o=110 raw_norm=7848.2284780178561 norm=201.58453685185449 radius=201.58453685185444 next_radius=403.16907370370888 lambda=2.5600000000000012e-07 next_lambda=6.400000000000003e-08 rho=0.96078858036692782 accept=1
CLASSICAL_LM o=110 lambda=2.5600000000000012e-07 tau=2.5600000000000012e-07 prediction=16.746889922496457 rho=0.96078858036692782 accept=1
  MFCG it 111 cost=2.476093e+05 lam=6.400e-08 tau=0.00e+00 cg_it=0 shift=0 ckpt=1 alpha=0 acc mv=312
PCG_PREP o=111 rebuild=1 drift=0 previous_depth=1
ATTR_RADIUS o=111 raw_norm=26990.067765339743 norm=403.16907370370888 radius=403.16907370370888 next_radius=806.33814740741775 lambda=6.400000000000003e-08 next_lambda=1.6000000000000008e-08 rho=0.77586873041692817 accept=1
CLASSICAL_LM o=111 lambda=6.400000000000003e-08 tau=6.400000000000003e-08 prediction=9.7612600967540573 rho=0.77586873041692817 accept=1
  MFCG it 112 cost=2.476017e+05 lam=1.600e-08 tau=0.00e+00 cg_it=0 shift=0 ckpt=1 alpha=0 acc mv=314
PCG_PREP o=112 rebuild=1 drift=0 previous_depth=1
ATTR_RADIUS o=112 raw_norm=129246.14133432243 norm=806.33814740741798 radius=806.33814740741775 next_radius=806.33814740741775 lambda=1.6000000000000008e-08 next_lambda=1.6000000000000008e-08 rho=0.46729321506422783 accept=1
CLASSICAL_LM o=112 lambda=1.6000000000000008e-08 tau=1.6000000000000008e-08 prediction=15.547388146705943 rho=0.46729321506422783 accept=1
  MFCG it 113 cost=2.475944e+05 lam=1.600e-08 tau=0.00e+00 cg_it=1 shift=0 ckpt=2 alpha=0 acc mv=317
PCG_PREP o=113 rebuild=1 drift=0 previous_depth=2
POINT_SAFE o=113 frozen=41 slope=-8.4093352877092382 candidate=247594.50969383548 original=247592.39160233771 current=247594.42557474386 won=0 mode=1 camera_scale=1 keep_scale=0
ATTR_RADIUS o=113 raw_norm=67370.360115424046 norm=403.16907370370905 radius=806.33814740741775 next_radius=806.33814740741775 lambda=1.6000000000000008e-08 next_lambda=1.6000000000000009e-09 rho=0.4858986260162747 accept=1
CLASSICAL_LM o=113 lambda=1.6000000000000008e-08 tau=1.6000000000000008e-08 prediction=4.1860015592646516 rho=0.4858986260162747 accept=1
  MFCG it 114 cost=2.475924e+05 lam=1.600e-09 tau=0.00e+00 cg_it=0 shift=0 ckpt=1 alpha=0 acc mv=319
PCG_PREP o=114 rebuild=1 drift=0 previous_depth=1
POINT_SAFE o=114 frozen=71 slope=-5.1172604041883085 candidate=247595.65715079024 original=247591.95821620373 current=247592.39160233771 won=0 mode=1 camera_scale=1 keep_scale=0
ATTR_RADIUS o=114 raw_norm=422396.46259608248 norm=403.16907370370876 radius=806.33814740741775 next_radius=201.58453685185444 lambda=1.6000000000000009e-09 next_lambda=2.5600000000000014e-08 rho=0.16972279150000125 accept=1
CLASSICAL_LM o=114 lambda=1.6000000000000009e-09 tau=1.6000000000000009e-09 prediction=2.5534940248948717 rho=0.16972279150000125 accept=1
  MFCG it 115 cost=2.475920e+05 lam=2.560e-08 tau=0.00e+00 cg_it=1 shift=0 ckpt=2 alpha=0 acc mv=322
PCG_PREP o=115 rebuild=1 drift=0 previous_depth=2
ATTR_RADIUS o=115 raw_norm=50139.81072374159 norm=201.58453685185438 radius=201.58453685185444 next_radius=403.16907370370888 lambda=2.5600000000000014e-08 next_lambda=6.4000000000000035e-09 rho=0.79752721636217017 accept=1
CLASSICAL_LM o=115 lambda=2.5600000000000014e-08 tau=2.5600000000000014e-08 prediction=2.7201999994076589 rho=0.79752721636217017 accept=1
  MFCG it 116 cost=2.475898e+05 lam=6.400e-09 tau=0.00e+00 cg_it=0 shift=0 ckpt=1 alpha=0 acc mv=324
PCG_PREP o=116 rebuild=1 drift=0 previous_depth=1
ATTR_RADIUS o=116 raw_norm=99787.782327139183 norm=403.16907370370893 radius=403.16907370370888 next_radius=403.16907370370888 lambda=6.4000000000000035e-09 next_lambda=6.4000000000000035e-09 rho=0.28546244944618154 accept=1
CLASSICAL_LM o=116 lambda=6.4000000000000035e-09 tau=6.4000000000000035e-09 prediction=2.9876349437062659 rho=0.28546244944618154 accept=1
  MFCG it 117 cost=2.475889e+05 lam=6.400e-09 tau=0.00e+00 cg_it=0 shift=0 ckpt=1 alpha=0 acc mv=326
PCG_PREP o=117 rebuild=1 drift=0 previous_depth=1
ATTR_RADIUS o=117 raw_norm=99473.631741917779 norm=403.16907370370876 radius=403.16907370370888 next_radius=403.16907370370888 lambda=6.4000000000000035e-09 next_lambda=6.4000000000000035e-09 rho=0.28502092347459806 accept=1
CLASSICAL_LM o=117 lambda=6.4000000000000035e-09 tau=6.4000000000000035e-09 prediction=2.9909467118638422 rho=0.28502092347459806 accept=1
  MFCG it 118 cost=2.475881e+05 lam=6.400e-09 tau=0.00e+00 cg_it=0 shift=0 ckpt=1 alpha=0 acc mv=328
PCG_PREP o=118 rebuild=1 drift=0 previous_depth=1
ATTR_RADIUS o=118 raw_norm=99158.491135369579 norm=403.16907370370893 radius=403.16907370370888 next_radius=403.16907370370888 lambda=6.4000000000000035e-09 next_lambda=6.4000000000000035e-09 rho=0.28430636258918923 accept=1
CLASSICAL_LM o=118 lambda=6.4000000000000035e-09 tau=6.4000000000000035e-09 prediction=2.9930682202757111 rho=0.28430636258918923 accept=1
  MFCG it 119 cost=2.475872e+05 lam=6.400e-09 tau=0.00e+00 cg_it=0 shift=0 ckpt=1 alpha=0 acc mv=330
PCG_PREP o=119 rebuild=1 drift=0 previous_depth=1
ATTR_RADIUS o=119 raw_norm=98827.334773467446 norm=403.1690737037091 radius=403.16907370370888 next_radius=403.16907370370888 lambda=6.4000000000000035e-09 next_lambda=6.4000000000000035e-09 rho=0.28369314674415963 accept=1
CLASSICAL_LM o=119 lambda=6.4000000000000035e-09 tau=6.4000000000000035e-09 prediction=2.9955570547930801 rho=0.28369314674415963 accept=1
  MFCG it 120 cost=2.475864e+05 lam=6.400e-09 tau=0.00e+00 cg_it=0 shift=0 ckpt=1 alpha=0 acc mv=332
PCG_PREP o=120 rebuild=1 drift=0 previous_depth=1
ATTR_RADIUS o=120 raw_norm=98493.248378857679 norm=403.16907370370888 radius=403.16907370370888 next_radius=403.16907370370888 lambda=6.4000000000000035e-09 next_lambda=6.4000000000000035e-09 rho=0.28318543394538287 accept=1
CLASSICAL_LM o=120 lambda=6.4000000000000035e-09 tau=6.4000000000000035e-09 prediction=2.9984390078083778 rho=0.28318543394538287 accept=1
  MFCG: converged (OCA_FTOL: 8 outers < 1.0e-05 rel)
  [menu-backtrack] confirming stop with original retry policy at outer 121
  MFCG it 121 cost=2.475855e+05 lam=6.400e-09 tau=0.00e+00 cg_it=0 shift=0 ckpt=1 alpha=0 acc mv=334
PCG_PREP o=121 rebuild=1 drift=0 previous_depth=1
ATTR_RADIUS o=121 raw_norm=98146.026043140577 norm=403.16907370370899 radius=403.16907370370888 next_radius=403.16907370370888 lambda=6.4000000000000035e-09 next_lambda=6.4000000000000035e-09 rho=0.28278126459069142 accept=1
CLASSICAL_LM o=121 lambda=6.4000000000000035e-09 tau=6.4000000000000035e-09 prediction=3.0017021592007858 rho=0.28278126459069142 accept=1
  MFCG it 122 cost=2.475847e+05 lam=6.400e-09 tau=0.00e+00 cg_it=0 shift=0 ckpt=1 alpha=0 acc mv=336
PCG_PREP o=122 rebuild=1 drift=0 previous_depth=1
ATTR_RADIUS o=122 raw_norm=97791.134007496745 norm=403.16907370370888 radius=403.16907370370888 next_radius=403.16907370370888 lambda=6.4000000000000035e-09 next_lambda=6.4000000000000035e-09 rho=0.28248075976100318 accept=1
CLASSICAL_LM o=122 lambda=6.4000000000000035e-09 tau=6.4000000000000035e-09 prediction=3.0053468398925309 rho=0.28248075976100318 accept=1
  MFCG it 123 cost=2.475838e+05 lam=6.400e-09 tau=0.00e+00 cg_it=0 shift=0 ckpt=1 alpha=0 acc mv=338
PCG_PREP o=123 rebuild=1 drift=0 previous_depth=1
ATTR_RADIUS o=123 raw_norm=97427.08305410044 norm=403.16907370370899 radius=403.16907370370888 next_radius=403.16907370370888 lambda=6.4000000000000035e-09 next_lambda=6.4000000000000035e-09 rho=0.28228327938510928 accept=1
CLASSICAL_LM o=123 lambda=6.4000000000000035e-09 tau=6.4000000000000035e-09 prediction=3.0093689984627612 rho=0.28228327938510928 accept=1
  MFCG it 124 cost=2.475830e+05 lam=6.400e-09 tau=0.00e+00 cg_it=0 shift=0 ckpt=1 alpha=0 acc mv=340
PCG_PREP o=124 rebuild=1 drift=0 previous_depth=1
ATTR_RADIUS o=124 raw_norm=97050.[R9] wrote /tmp/prism-ba-coarse/research/champion_point_followup/evidence/conditional/venice-52-champion-0/curve.csv
190336126936 norm=403.16907370370888 radius=403.16907370370888 next_radius=403.16907370370888 lambda=6.4000000000000035e-09 next_lambda=6.4000000000000035e-09 rho=0.28218896553715817 accept=1
CLASSICAL_LM o=124 lambda=6.4000000000000035e-09 tau=6.4000000000000035e-09 prediction=3.0137688170335415 rho=0.28218896553715817 accept=1
  MFCG it 125 cost=2.475821e+05 lam=6.400e-09 tau=0.00e+00 cg_it=0 shift=0 ckpt=1 alpha=0 acc mv=342
PCG_PREP o=125 rebuild=1 drift=0 previous_depth=1
ATTR_RADIUS o=125 raw_norm=96667.79345666428 norm=403.16907370370905 radius=403.16907370370888 next_radius=403.16907370370888 lambda=6.4000000000000035e-09 next_lambda=6.4000000000000035e-09 rho=0.28219705344672125 accept=1
CLASSICAL_LM o=125 lambda=6.4000000000000035e-09 tau=6.4000000000000035e-09 prediction=3.0185426730288349 rho=0.28219705344672125 accept=1
  MFCG it 126 cost=2.475813e+05 lam=6.400e-09 tau=0.00e+00 cg_it=0 shift=0 ckpt=1 alpha=0 acc mv=344
PCG_PREP o=126 rebuild=1 drift=0 previous_depth=1
ATTR_RADIUS o=126 raw_norm=96272.457126920941 norm=403.16907370370888 radius=403.16907370370888 next_radius=403.16907370370888 lambda=6.4000000000000035e-09 next_lambda=6.4000000000000035e-09 rho=0.28230740976702456 accept=1
CLASSICAL_LM o=126 lambda=6.4000000000000035e-09 tau=6.4000000000000035e-09 prediction=3.023690005582083 rho=0.28230740976702456 accept=1
  MFCG it 127 cost=2.475804e+05 lam=6.400e-09 tau=0.00e+00 cg_it=0 shift=0 ckpt=1 alpha=0 acc mv=346
PCG_PREP o=127 rebuild=1 drift=0 previous_depth=1
ATTR_RADIUS o=127 raw_norm=95867.98345933891 norm=403.16907370370888 radius=403.16907370370888 next_radius=403.16907370370888 lambda=6.4000000000000035e-09 next_lambda=6.4000000000000035e-09 rho=0.28251928983565711 accept=1
CLASSICAL_LM o=127 lambda=6.4000000000000035e-09 tau=6.4000000000000035e-09 prediction=3.0292079896280062 rho=0.28251928983565711 accept=1
  MFCG it 128 cost=2.475796e+05 lam=6.400e-09 tau=0.00e+00 cg_it=0 shift=0 ckpt=1 alpha=0 acc mv=348
PCG_PREP o=128 rebuild=1 drift=0 previous_depth=1
ATTR_RADIUS o=128 raw_norm=95452.881444229075 norm=403.16907370370888 radius=403.16907370370888 next_radius=403.16907370370888 lambda=6.4000000000000035e-09 next_lambda=6.4000000000000035e-09 rho=0.28283245677934671 accept=1
CLASSICAL_LM o=128 lambda=6.4000000000000035e-09 tau=6.4000000000000035e-09 prediction=3.0350961189469197 rho=0.28283245677934671 accept=1
  MFCG: converged (OCA_FTOL: 8 outers < 1.0e-05 rel)
  MFCG: accepts=129 rejects=7 total_matvecs=350 negcurv=0 cand_evals=136 mean_cg_per_outer=2.7
NUMERIC_REPAIR summary rebuilds=0 floor=9.9999999999999998e-17
  [retry-cache] builds=136 reuses=0
  [menu-backtrack] trials=14 rescues=14 evals=34 total_scored=170
POINT_SAFE summary calls=14 evals=14 wins=2 frozen=5311 seconds=0.033616635
  [scoring] menu_evals=136 alpha_evals=0 backtrack_evals=34 total_scored=170
RESULT algo=mfree_shifted_cg iters=129 final_cost=247578.7161691208 solve_seconds=1.320164
DIAGNOSTICS median_reproj_err_px 3.252455 -> 0.364292 | cheirality_violations(obs) 0 -> 13 | cheirality_violations(pts, of 64053) 0 -> 7
