  [menu-backtrack] active=1 max_evals=8 warmup_accepts=3 confirm_stop=original armijo=1e-4
MIXED_STORAGE fragments=fp32 arithmetic=fp64 state=fp64 acceptance=fp64
  [compact-fragments] active=2 saved_bytes=171996448 storage=fp32 camera_reads=contiguous
  MFCG score_init=90993342.024340227 precision=fp64
PCG_PREP o=0 rebuild=1 drift=0 previous_depth=0
ATTR_RADIUS o=0 raw_norm=8861.170988730757 norm=8861.170988730757 radius=8861.170988730757 next_radius=17722.341977461514 lambda=0.10000000000000001 next_lambda=0.025000000000000001 rho=0.99545080656082674 accept=1
CLASSICAL_LM o=0 lambda=0.10000000000000001 tau=0.10000000000000001 prediction=83412716.69905895 rho=0.99545080656082674 accept=1
  MFCG it   1 cost=7.960086e+06 lam=2.500e-02 tau=0.00e+00 cg_it=0 shift=0 ckpt=1 alpha=0 acc mv=2
PCG_PREP o=1 rebuild=1 drift=0 previous_depth=1
ATTR_RADIUS o=1 raw_norm=4659.7121206777801 norm=4659.7121206777801 radius=17722.341977461514 next_radius=17722.341977461514 lambda=0.025000000000000001 next_lambda=0.0025000000000000005 rho=0.99453896506499861 accept=1
CLASSICAL_LM o=1 lambda=0.025000000000000001 tau=0.025000000000000001 prediction=4259951.5107679674 rho=0.99453896506499861 accept=1
  MFCG it   2 cost=3.723398e+06 lam=2.500e-03 tau=0.00e+00 cg_it=4 shift=0 ckpt=5 alpha=0 acc mv=8
PCG_PREP o=2 rebuild=1 drift=0 previous_depth=5
ATTR_RADIUS o=2 raw_norm=6975.6779789559305 norm=6975.6779789559305 radius=17722.341977461514 next_radius=17722.341977461514 lambda=0.0025000000000000005 next_lambda=0.00025000000000000006 rho=0.87051061466544233 accept=1
CLASSICAL_LM o=2 lambda=0.0025000000000000005 tau=0.0025000000000000005 prediction=1234099.5580717549 rho=0.87051061466544233 accept=1
  MFCG it   3 cost=2.649101e+06 lam=2.500e-04 tau=0.00e+00 cg_it=9 shift=0 ckpt=10 alpha=0 acc mv=19
PCG_PREP o=3 rebuild=1 drift=0 previous_depth=10
ATTR_RADIUS o=3 raw_norm=10922.542500247933 norm=10922.542500247933 radius=17722.341977461514 next_radius=17722.341977461514 lambda=0.00025000000000000006 next_lambda=2.5000000000000008e-05 rho=0.71461554946976402 accept=1
CLASSICAL_LM o=3 lambda=0.00025000000000000006 tau=0.00025000000000000006 prediction=596515.31226689578 rho=0.71461554946976402 accept=1
  MFCG it   4 cost=2.222822e+06 lam=2.500e-05 tau=0.00e+00 cg_it=0 shift=0 ckpt=1 alpha=0 acc mv=21
PCG_PREP o=4 rebuild=1 drift=0 previous_depth=1
POINT_SAFE o=4 frozen=1341 slope=-336469.80093443673 candidate=2043410.233156353 original=2072225.4927679137 current=2222822.2595878686 won=1 mode=1 camera_scale=1 keep_scale=0
ATTR_RADIUS o=4 raw_norm=25300.156643026628 norm=17722.34197746151 radius=17722.341977461514 next_radius=35444.683954923028 lambda=2.5000000000000008e-05 next_lambda=6.250000000000002e-06 rho=0.91745240288809737 accept=1
CLASSICAL_LM o=4 lambda=2.5000000000000008e-05 tau=2.5000000000000008e-05 prediction=195554.5877548905 rho=0.91745240288809737 accept=1
  MFCG it   5 cost=2.043410e+06 lam=6.250e-06 tau=0.00e+00 cg_it=1 shift=0 ckpt=2 alpha=0 acc mv=24
PCG_PREP o=5 rebuild=1 drift=0 previous_depth=2
POINT_SAFE o=5 frozen=1597 slope=-207540.74515996291 candidate=2178473.6162743103 original=2002351.6140632699 current=2043410.233156353 won=0 mode=1 camera_scale=1 keep_scale=0
ATTR_RADIUS o=5 raw_norm=42981.158443965731 norm=4430.5854943653794 radius=35444.683954923028 next_radius=35444.683954923028 lambda=6.250000000000002e-06 next_lambda=6.2500000000000026e-07 rho=0.91571877585644523 accept=1
CLASSICAL_LM o=5 lambda=6.250000000000002e-06 tau=6.250000000000002e-06 prediction=44837.585703844656 rho=0.91571877585644523 accept=1
  MFCG it   6 cost=2.002352e+06 lam=6.250e-07 tau=0.00e+00 cg_it=7 shift=0 ckpt=8 alpha=0 acc mv=33
PCG_PREP o=6 rebuild=1 drift=0 previous_depth=8
POINT_SAFE o=6 frozen=1715 slope=-116962.2874388544 candidate=4310621.5131663736 original=1973424.7080028469 current=2002351.6140632699 won=0 mode=1 camera_scale=1 keep_scale=0
ATTR_RADIUS o=6 raw_norm=69304.289983489274 norm=8861.1709887307552 radius=35444.683954923028 next_radius=35444.683954923028 lambda=6.2500000000000026e-07 next_lambda=6.2500000000000024e-08 rho=0.50139532013506838 accept=1
CLASSICAL_LM o=6 lambda=6.2500000000000026e-07 tau=6.2500000000000026e-07 prediction=57692.812235723555 rho=0.50139532013506838 accept=1
  MFCG it   7 cost=1.973425e+06 lam=6.250e-08 tau=0.00e+00 cg_it=5 shift=0 ckpt=6 alpha=0 acc mv=40
PCG_PREP o=7 rebuild=1 drift=0 previous_depth=6
POINT_SAFE o=7 frozen=787 slope=-52825.890010293711 candidate=12786667.784347637 original=1973287.5655193408 current=1973424.7080028469 won=0 mode=1 camera_scale=1 keep_scale=0
ATTR_RADIUS o=7 raw_norm=77001.967570738212 norm=35444.683954923028 radius=35444.683954923028 next_radius=8861.170988730757 lambda=6.2500000000000024e-08 next_lambda=1.0000000000000004e-06 rho=0.053775404015786045 accept=0
CLASSICAL_LM o=7 lambda=6.2500000000000024e-08 tau=6.2500000000000024e-08 prediction=2550.2827178362063 rho=0.053775404015786045 accept=0
  MFCG it   8  retry 1/8  lam=1.000e-06 tau_eff=6.250e-08  (assembly reused)
PCG_PREP o=7 rebuild=1 drift=0 previous_depth=1
POINT_SAFE o=7 frozen=282 slope=-45919.715649037564 candidate=2003216.9091704313 original=1973072.5637760223 current=1973424.7080028469 won=0 mode=1 camera_scale=1 keep_scale=0
ATTR_RADIUS o=7 raw_norm=30743.699217176334 norm=69.227898349459039 radius=8861.170988730757 next_radius=8861.170988730757 lambda=1.0000000000000004e-06 next_lambda=1.0000000000000005e-07 rho=0.28825272030392846 accept=1
CLASSICAL_LM o=7 lambda=1.0000000000000004e-06 tau=1.0000000000000004e-06 prediction=1221.6510097574705 rho=0.28825272030392846 accept=1
  MFCG it   8 cost=1.973073e+06 lam=1.000e-07 tau=0.00e+00 cg_it=0 shift=0 ckpt=1 alpha=0 acc mv=44
PCG_PREP o=8 rebuild=1 drift=0 previous_depth=1
POINT_SAFE o=8 frozen=170 slope=-39558.023397329714 candidate=2040444.6595594732 original=1972706.474398365 current=1973072.5637760223 won=0 mode=1 camera_scale=1 keep_scale=0
ATTR_RADIUS o=8 raw_norm=67387.876515495373 norm=69.227898349458997 radius=8861.170988730757 next_radius=8861.170988730757 lambda=1.0000000000000005e-07 next_lambda=1.0000000000000005e-08 rho=0.31199288804463382 accept=1
CLASSICAL_LM o=8 lambda=1.0000000000000005e-07 tau=1.0000000000000005e-07 prediction=1173.3901370370488 rho=0.31199288804463382 accept=1
  MFCG it   9 cost=1.972706e+06 lam=1.000e-08 tau=0.00e+00 cg_it=0 shift=0 ckpt=1 alpha=0 acc mv=46
PCG_PREP o=9 rebuild=1 drift=0 previous_depth=1
POINT_SAFE o=9 frozen=83 slope=-35481.962473962238 candidate=1961382.2880790217 original=1972635.9600081888 current=1972706.474398365 won=1 mode=1 camera_scale=1 keep_scale=0
ATTR_RADIUS o=9 raw_norm=239604.64709067825 norm=8861.1709887307552 radius=8861.170988730757 next_radius=8861.170988730757 lambda=1.0000000000000005e-08 next_lambda=1.0000000000000005e-08 rho=0.61124024169173974 accept=1
CLASSICAL_LM o=9 lambda=1.0000000000000005e-08 tau=1.0000000000000005e-08 prediction=18526.571954754061 rho=0.61124024169173974 accept=1
  MFCG it  10 cost=1.961382e+06 lam=1.000e-08 tau=0.00e+00 cg_it=0 shift=0 ckpt=1 alpha=0 acc mv=48
PCG_PREP o=10 rebuild=1 drift=0 previous_depth=1
POINT_SAFE o=10 frozen=806 slope=-10278.438416419605 candidate=1997278.4597925905 original=1961234.376328432 current=1961382.2880790217 won=0 mode=1 camera_scale=1 keep_scale=0
ATTR_RADIUS o=10 raw_norm=87257.283571482185 norm=69.227898349459053 radius=8861.170988730757 next_radius=2215.2927471826893 lambda=1.0000000000000005e-08 next_lambda=1.6000000000000008e-07 rho=0.15668190906357973 accept=1
CLASSICAL_LM o=10 lambda=1.0000000000000005e-08 tau=1.0000000000000005e-08 prediction=944.02571090520291 rho=0.15668190906357973 accept=1
  MFCG it  11 cost=1.961234e+06 lam=1.600e-07 tau=0.00e+00 cg_it=0 shift=0 ckpt=1 alpha=0 acc mv=50
PCG_PREP o=11 rebuild=1 drift=0 previous_depth=1
POINT_SAFE o=11 frozen=336 slope=-7129.3463583099247 candidate=1960465.7426356182 original=1961041.7034597339 current=1961234.376328432 won=1 mode=1 camera_scale=1 keep_scale=0
ATTR_RADIUS o=11 raw_norm=54354.554795419237 norm=2215.2927471826883 radius=2215.2927471826893 next_radius=553.82318679567231 lambda=1.6000000000000008e-07 next_lambda=2.5600000000000013e-06 rho=0.16877741804870186 accept=1
CLASSICAL_LM o=11 lambda=1.6000000000000008e-07 tau=1.6000000000000008e-07 prediction=4554.1263855097604 rho=0.16877741804870186 accept=1
  MFCG it  12 cost=1.960466e+06 lam=2.560e-06 tau=0.00e+00 cg_it=0 shift=0 ckpt=1 alpha=0 acc mv=52
PCG_PREP o=12 rebuild=1 drift=0 previous_depth=1
POINT_SAFE o=12 frozen=88 slope=-3559.0220817011746 candidate=1958596.194646348 original=1960042.1764051316 current=1960465.7426356182 won=1 mode=1 camera_scale=1 keep_scale=0
ATTR_RADIUS o=12 raw_norm=19272.250858547115 norm=553.8231867956722 radius=553.82318679567231 next_radius=553.82318679567231 lambda=2.5600000000000013e-06 next_lambda=2.5600000000000013e-06 rho=0.74622175550992498 accept=1
CLASSICAL_LM o=12 lambda=2.5600000000000013e-06 tau=2.5600000000000013e-06 prediction=2505.3517610092226 rho=0.74622175550992498 accept=1
  MFCG it  13 cost=1.958596e+06 lam=2.560e-06 tau=0.00e+00 cg_it=0 shift=0 ckpt=1 alpha=0 acc mv=54
PCG_PREP o=13 rebuild=1 drift=0 previous_depth=1
POINT_SAFE o=13 frozen=206 slope=-2517.8359388911622 candidate=1957197.5756165106 original=1958413.8756220418 current=1958596.194646348 won=1 mode=1 camera_scale=1 keep_scale=0
ATTR_RADIUS o=13 raw_norm=19379.715394113195 norm=553.8231867956722 radius=553.82318679567231 next_radius=553.82318679567231 lambda=2.5600000000000013e-06 next_lambda=2.5600000000000013e-06 rho=0.71481747363053461 accept=1
CLASSICAL_LM o=13 lambda=2.5600000000000013e-06 tau=2.5600000000000013e-06 prediction=1956.6100178467759 rho=0.71481747363053461 accept=1
  MFCG it  14 cost=1.957198e+06 lam=2.560e-06 tau=0.00e+00 cg_it=0 shift=0 ckpt=1 alpha=0 acc mv=56
PCG_PREP o=14 rebuild=1 drift=0 previous_depth=1
POINT_SAFE o=14 frozen=100 slope=-1706.994371187106 candidate=1955930.8829267118 original=1956811.9933920372 current=1957197.5756165106 won=1 mode=1 camera_scale=1 keep_scale=0
ATTR_RADIUS o=14 raw_norm=19502.062269279973 norm=553.82318679567254 radius=553.82318679567231 next_radius=1107.6463735913446 lambda=2.5600000000000013e-06 next_lambda=6.4000000000000033e-07 rho=0.82062186892052613 accept=1
CLASSICAL_LM o=14 lambda=2.5600000000000013e-06 tau=2.5600000000000013e-06 prediction=1543.576570126047 rho=0.82062186892052613 accept=1
  MFCG it  15 cost=1.955931e+06 lam=6.400e-07 tau=0.00e+00 cg_it=0 shift=0 ckpt=1 alpha=0 acc mv=58
PCG_PREP o=15 rebuild=1 drift=0 previous_depth=1
POINT_SAFE o=15 frozen=546 slope=-1715.8359611060282 candidate=1955105.8239454483 original=1955367.1152685699 current=1955930.8829267118 won=1 mode=1 camera_scale=1 keep_scale=0
ATTR_RADIUS o=15 raw_norm=35449.303335012068 norm=1107.6463735913446 radius=1107.6463735913446 next_radius=1107.6463735913446 lambda=6.4000000000000033e-07 next_lambda=6.4000000000000033e-07 rho=0.52702187429705616 accept=1
CLASSICAL_LM o=15 lambda=6.4000000000000033e-07 tau=6.4000000000000033e-07 prediction=1565.5118345211217 rho=0.52702187429705616 accept=1
  MFCG it  16 cost=1.955106e+06 lam=6.400e-07 tau=0.00e+00 cg_it=0 shift=0 ckpt=1 alpha=0 acc mv=60
PCG_PREP o=16 rebuild=1 drift=0 previous_depth=1
POINT_SAFE o=16 frozen=207 slope=-1616.9693255312443 candidate=1954279.7106342078 original=1954313.5123014313 current=1955105.8239454483 won=1 mode=1 camera_scale=1 keep_scale=0
ATTR_RADIUS o=16 raw_norm=35139.98978089523 norm=1107.6463735913446 radius=1107.6463735913446 next_radius=1107.6463735913446 lambda=6.4000000000000033e-07 next_lambda=6.4000000000000033e-07 rho=0.54695095972240171 accept=1
CLASSICAL_LM o=16 lambda=6.4000000000000033e-07 tau=6.4000000000000033e-07 prediction=1510.3974068529531 rho=0.54695095972240171 accept=1
  MFCG it  17 cost=1.954280e+06 lam=6.400e-07 tau=0.00e+00 cg_it=0 shift=0 ckpt=1 alpha=0 acc mv=62
PCG_PREP o=17 rebuild=1 drift=0 previous_depth=1
POINT_SAFE o=17 frozen=229 slope=-1487.9107468127272 candidate=1953507.2366597522 original=1953899.4039268901 current=1954279.7106342078 won=1 mode=1 camera_scale=1 keep_scale=0
ATTR_RADIUS o=17 raw_norm=34776.108038414437 norm=1107.6463735913444 radius=1107.6463735913446 next_radius=1107.6463735913446 lambda=6.4000000000000033e-07 next_lambda=6.4000000000000033e-07 rho=0.53538588050540104 accept=1
CLASSICAL_LM o=17 lambda=6.4000000000000033e-07 tau=6.4000000000000033e-07 prediction=1442.8359106639175 rho=0.53538588050540104 accept=1
  MFCG it  18 cost=1.953507e+06 lam=6.400e-07 tau=0.00e+00 cg_it=0 shift=0 ckpt=1 alpha=0 acc mv=64
PCG_PREP o=18 rebuild=1 drift=0 previous_depth=1
POINT_SAFE o=18 frozen=140 slope=-1455.3365229356925 candidate=1952759.364764784 original=1952680.6251549819 current=1953507.2366597522 won=0 mode=1 camera_scale=1 keep_scale=0
ATTR_RADIUS o=18 raw_norm=34391.355686479379 norm=34.613949174729512 radius=1107.6463735913446 next_radius=276.91159339783616 lambda=6.4000000000000033e-07 next_lambda=1.0240000000000005e-05 rho=0.23911543597466503 accept=1
CLASSICAL_LM o=18 lambda=6.4000000000000033e-07 tau=6.4000000000000033e-07 prediction=3456.9558481282302 rho=0.23911543597466503 accept=1
  MFCG it  19 cost=1.952681e+06 lam=1.024e-05 tau=0.00e+00 cg_it=0 shift=0 ckpt=1 alpha=0 acc mv=66
PCG_PREP o=19 rebuild=1 drift=0 previous_depth=1
POINT_SAFE o=19 frozen=70 slope=-1280.0156053654107 candidate=1951477.3938247405 original=1952368.5409445423 current=1952680.6251549819 won=1 mode=1 camera_scale=1 keep_scale=0
ATTR_RADIUS o=19 raw_norm=10001.723267205332 norm=276.9115933978361 radius=276.91159339783616 next_radius=553.82318679567231 lambda=1.0240000000000005e-05 next_lambda=2.5600000000000013e-06 rho=0.98563468308907398 accept=1
CLASSICAL_LM o=19 lambda=1.0240000000000005e-05 tau=1.0240000000000005e-05 prediction=1220.7680501565414 rho=0.98563468308907398 accept=1
  MFCG it  20 cost=1.951477e+06 lam=2.560e-06 tau=0.00e+00 cg_it=0 shift=0 ckpt=1 alpha=0 acc mv=68
PCG_PREP o=20 rebuild=1 drift=0 previous_depth=1
POINT_SAFE o=20 frozen=187 slope=-1280.8335388108221 candidate=1950342.5446131234 original=1951079.4442511078 current=1951477.3938247405 won=1 mode=1 camera_scale=1 keep_scale=0
ATTR_RADIUS o=20 raw_norm=19112.283335943983 norm=553.8231867956722 radius=553.82318679567231 next_radius=1107.6463735913446 lambda=2.5600000000000013e-06 next_lambda=6.4000000000000033e-07 rho=0.91731751352345514 accept=1
CLASSICAL_LM o=20 lambda=2.5600000000000013e-06 tau=2.5600000000000013e-06 prediction=1237.1389348690582 rho=0.91731751352345514 accept=1
  MFCG it  21 cost=1.950343e+06 lam=6.400e-07 tau=0.00e+00 cg_it=0 shift=0 ckpt=1 alpha=0 acc mv=70
PCG_PREP o=21 rebuild=1 drift=0 previous_depth=1
POINT_SAFE o=21 frozen=447 slope=-1349.7778287787385 candidate=1949706.7333408678 original=1950075.2620500571 current=1950342.5446131234 won=1 mode=1 camera_scale=1 keep_scale=0
ATTR_RADIUS o=21 raw_norm=34560.4033264303 norm=1107.6463735913439 radius=1107.6463735913446 next_radius=1107.6463735913446 lambda=6.4000000000000033e-07 next_lambda=6.4000000000000033e-07 rho=0.4804993400938054 accept=1
CLASSICAL_LM o=21 lambda=6.4000000000000033e-07 tau=6.4000000000000033e-07 prediction=1323.2302715160536 rho=0.4804993400938054 accept=1
  MFCG it  22 cost=1.949707e+06 lam=6.400e-07 tau=0.00e+00 cg_it=0 shift=0 ckpt=1 alpha=0 acc mv=72
PCG_PREP o=22 rebuild=1 drift=0 previous_depth=1
POINT_SAFE o=22 frozen=247 slope=-1357.4312120442171 candidate=1949058.490240142 original=1949021.7031252054 current=1949706.7333408678 won=0 mode=1 camera_scale=1 keep_scale=0
ATTR_RADIUS o=22 raw_norm=34137.3277509748 norm=17.30697458736476 radius=1107.6463735913446 next_radius=1107.6463735913446 lambda=6.4000000000000033e-07 next_lambda=6.400000000000003e-08 rho=0.39943317345537876 accept=1
CLASSICAL_LM o=22 lambda=6.4000000000000033e-07 tau=6.4000000000000033e-07 prediction=1715.0058162081125 rho=0.39943317345537876 accept=1
  MFCG it  23 cost=1.949022e+06 lam=6.400e-08 tau=0.00e+00 cg_it=0 shift=0 ckpt=1 alpha=0 acc mv=74
PCG_PREP o=23 rebuild=1 drift=0 previous_depth=1
POINT_SAFE o=23 frozen=201 slope=-826.32548403860721 candidate=1949032.3251987579 original=inf current=1949021.7031252054 won=0 mode=1 camera_scale=1 keep_scale=0
ATTR_RADIUS o=23 raw_norm=57726.24607707734 norm=1107.6463735913444 radius=1107.6463735913446 next_radius=276.91159339783616 lambda=6.400000000000003e-08 next_lambda=1.0240000000000005e-06 rho=-1 accept=0
CLASSICAL_LM o=23 lambda=6.400000000000003e-08 tau=6.400000000000003e-08 prediction=811.7805202961116 rho=-1 accept=0
  MFCG it  24  retry 1/8  lam=1.024e-06 tau_eff=6.400e-08  (assembly reused)
PCG_PREP o=23 rebuild=1 drift=0 previous_depth=1
POINT_SAFE o=23 frozen=47 slope=-418.09875893800273 candidate=1948670.0434849106 original=inf current=1949021.7031252054 won=1 mode=1 camera_scale=1 keep_scale=0
ATTR_RADIUS o=23 raw_norm=28207.521210755771 norm=276.91159339783633 radius=276.91159339783616 next_radius=553.82318679567231 lambda=1.0240000000000005e-06 next_lambda=2.5600000000000012e-07 rho=0.85790504653723498 accept=1
CLASSICAL_LM o=23 lambda=1.0240000000000005e-06 tau=1.0240000000000005e-06 prediction=409.90508415137259 rho=0.85790504653723498 accept=1
  MFCG it  24 cost=1.948670e+06 lam=2.560e-07 tau=0.00e+00 cg_it=0 shift=0 ckpt=1 alpha=0 acc mv=78
PCG_PREP o=24 rebuild=1 drift=0 previous_depth=1
POINT_SAFE o=24 frozen=527 slope=-521.00018322829726 candidate=1948348.3983223024 original=1948664.8569799494 current=1948670.0434849106 won=1 mode=1 camera_scale=1 keep_scale=0
ATTR_RADIUS o=24 raw_norm=44466.759303187748 norm=553.82318679567254 radius=553.82318679567231 next_radius=553.82318679567231 lambda=2.5600000000000012e-07 next_lambda=2.5600000000000012e-07 rho=0.62259864847734026 accept=1
CLASSICAL_LM o=24 lambda=2.5600000000000012e-07 tau=2.5600000000000012e-07 prediction=516.61718732424788 rho=0.62259864847734026 accept=1
  MFCG it  25 cost=1.948348e+06 lam=2.560e-07 tau=0.00e+00 cg_it=0 shift=0 ckpt=1 alpha=0 acc mv=80
PCG_PREP o=25 rebuild=1 drift=0 previous_depth=1
POINT_SAFE o=25 frozen=179 slope=-518.6745125314518 candidate=1948009.7003450948 original=1948291.7553225674 current=1948348.3983223024 won=1 mode=1 camera_scale=1 keep_scale=0
ATTR_RADIUS o=25 raw_norm=44244.704473328777 norm=553.82318679567231 radius=553.82318679567231 next_radius=553.82318679567231 lambda=2.5600000000000012e-07 next_lambda=2.5600000000000012e-07 rho=0.65861087890651504 accept=1
CLASSICAL_LM o=25 lambda=2.5600000000000012e-07 tau=2.5600000000000012e-07 prediction=514.26113363013053 rho=0.65861087890651504 accept=1
  MFCG it  26 cost=1.948010e+06 lam=2.560e-07 tau=0.00e+00 cg_it=0 shift=0 ckpt=1 alpha=0 acc mv=82
PCG_PREP o=26 rebuild=1 drift=0 previous_depth=1
POINT_SAFE o=26 frozen=232 slope=-515.18233130579324 candidate=1947668.4250512426 original=1947711.4715827112 current=1948009.7003450948 won=1 mode=1 camera_scale=1 keep_scale=0
ATTR_RADIUS o=26 raw_norm=44099.771237678106 norm=553.82318679567254 radius=553.82318679567231 next_radius=553.82318679567231 lambda=2.5600000000000012e-07 next_lambda=2.5600000000000012e-07 rho=0.66768958327582384 accept=1
CLASSICAL_LM o=26 lambda=2.5600000000000012e-07 tau=2.5600000000000012e-07 prediction=511.1286777574619 rho=0.66768958327582384 accept=1
  MFCG it  27 cost=1.947668e+06 lam=2.560e-07 tau=0.00e+00 cg_it=0 shift=0 ckpt=1 alpha=0 acc mv=84
PCG_PREP o=27 rebuild=1 drift=0 previous_depth=1
POINT_SAFE o=27 frozen=153 slope=-514.01260884492854 candidate=1947318.265992743 original=1947658.8414542915 current=1947668.4250512426 won=1 mode=1 camera_scale=1 keep_scale=0
ATTR_RADIUS o=27 raw_norm=43826.569697588013 norm=553.82318679567243 radius=553.82318679567231 next_radius=553.82318679567231 lambda=2.5600000000000012e-07 next_lambda=2.5600000000000012e-07 rho=0.68660133407993051 accept=1
CLASSICAL_LM o=27 lambda=2.5600000000000012e-07 tau=2.5600000000000012e-07 prediction=509.9888991168956 rho=0.68660133407993051 accept=1
  MFCG it  28 cost=1.947318e+06 lam=2.560e-07 tau=0.00e+00 cg_it=0 shift=0 ckpt=1 alpha=0 acc mv=86
PCG_PREP o=28 rebuild=1 drift=0 previous_depth=1
POINT_SAFE o=28 frozen=210 slope=-512.05073991500501 candidate=1946965.7389000873 original=1947028.2765780983 current=1947318.265992743 won=1 mode=1 camera_scale=1 keep_scale=0
ATTR_RADIUS o=28 raw_norm=43642.982094370243 norm=553.82318679567243 radius=553.82318679567231 next_radius=553.82318679567231 lambda=2.5600000000000012e-07 next_lambda=2.5600000000000012e-07 rho=0.69388982603011629 accept=1
CLASSICAL_LM o=28 lambda=2.5600000000000012e-07 tau=2.5600000000000012e-07 prediction=508.04476363709443 rho=0.69388982603011629 accept=1
  MFCG it  29 cost=1.946966e+06 lam=2.560e-07 tau=0.00e+00 cg_it=0 shift=0 ckpt=1 alpha=0 acc mv=88
PCG_PREP o=29 rebuild=1 drift=0 previous_depth=1
POINT_SAFE o=29 frozen=127 slope=-510.14512826208454 candidate=1946609.2627446686 original=1946479.0307001767 current=1946965.7389000873 won=0 mode=1 camera_scale=1 keep_scale=0
ATTR_RADIUS o=29 raw_norm=43451.26776405939 norm=8.6534872936823799 radius=553.82318679567231 next_radius=553.82318679567231 lambda=2.5600000000000012e-07 next_lambda=2.5600000000000014e-08 rho=0.28891801056444849 accept=1
CLASSICAL_LM o=29 lambda=2.5600000000000012e-07 tau=2.5600000000000012e-07 prediction=1684.5893371608186 rho=0.28891801056444849 accept=1
  MFCG it  30 cost=1.946479e+06 lam=2.560e-08 tau=0.00e+00 cg_it=0 shift=0 ckpt=1 alpha=0 acc mv=90
PCG_PREP o=30 rebuild=1 drift=0 previous_depth=1
POINT_SAFE o=30 frozen=122 slope=-356.45515884787125 candidate=1946276.423090823 original=1946458.235695831 current=1946479.0307001767 won=1 mode=1 camera_scale=1 keep_scale=0
ATTR_RADIUS o=30 raw_norm=63388.099915647217 norm=553.8231867956722 radius=553.82318679567231 next_radius=553.82318679567231 lambda=2.5600000000000014e-08 next_lambda=2.5600000000000014e-08 rho=0.57248828249387818 accept=1
CLASSICAL_LM o=30 lambda=2.5600000000000014e-08 tau=2.5600000000000014e-08 prediction=353.90699783605316 rho=0.57248828249387818 accept=1
  MFCG it  31 cost=1.946276e+06 lam=2.560e-08 tau=0.00e+00 cg_it=0 shift=0 ckpt=1 alpha=0 acc mv=92
PCG_PREP o=31 rebuild=1 drift=0 previous_depth=1
POINT_SAFE o=31 frozen=227 slope=-330.87259642446065 candidate=1946045.5563667309 original=1946192.1895514585 current=1946276.423090823 won=1 mode=1 camera_scale=1 keep_scale=0
ATTR_RADIUS o=31 raw_norm=67552.69290654191 norm=553.82318679567243 radius=553.82318679567231 next_radius=553.82318679567231 lambda=2.5600000000000014e-08 next_lambda=2.5600000000000014e-08 rho=0.70194308767937941 accept=1
CLASSICAL_LM o=31 lambda=2.5600000000000014e-08 tau=2.5600000000000014e-08 prediction=328.89664154296611 rho=0.70194308767937941 accept=1
  MFCG it  32 cost=1.946046e+06 lam=2.560e-08 tau=0.00e+00 cg_it=0 shift=0 ckpt=1 alpha=0 acc mv=94
PCG_PREP o=32 rebuild=1 drift=0 previous_depth=1
POINT_SAFE o=32 frozen=125 slope=-315.96816366053326 candidate=1945813.2501039265 original=1945778.1327409784 current=1946045.5563667309 won=0 mode=1 camera_scale=1 keep_scale=0
ATTR_RADIUS o=32 raw_norm=70167.016349893835 norm=4.3267436468411899 radius=553.82318679567231 next_radius=553.82318679567231 lambda=2.5600000000000014e-08 next_lambda=2.5600000000000015e-09 rho=0.31935395428351881 accept=1
CLASSICAL_LM o=32 lambda=2.5600000000000014e-08 tau=2.5600000000000014e-08 prediction=837.38943002142071 rho=0.31935395428351881 accept=1
  MFCG it  33 cost=1.945778e+06 lam=2.560e-09 tau=0.00e+00 cg_it=0 shift=0 ckpt=1 alpha=0 acc mv=96
PCG_PREP o=33 rebuild=1 drift=0 previous_depth=1
POINT_SAFE o=33 frozen=79 slope=-154.20828425873236 candidate=1946084.6389351881 original=inf current=1945778.1327409784 won=0 mode=1 camera_scale=1 keep_scale=0
ATTR_RADIUS o=33 raw_norm=145972.24469984689 norm=553.82318679567197 radius=553.82318679567231 next_radius=138.45579669891808 lambda=2.5600000000000015e-09 next_lambda=4.0960000000000024e-08 rho=-1 accept=0
CLASSICAL_LM o=33 lambda=2.5600000000000015e-09 tau=2.5600000000000015e-09 prediction=153.5602258819228 rho=-1 accept=0
  MFCG it  34  retry 1/8  lam=4.096e-08 tau_eff=2.560e-09  (assembly reused)
PCG_PREP o=33 rebuild=1 drift=0 previous_depth=1
POINT_SAFE o=33 frozen=37 slope=-87.564557915227738 candidate=1945698.7174330987 original=inf current=1945778.1327409784 won=1 mode=1 camera_scale=1 keep_scale=0
ATTR_RADIUS o=33 raw_norm=63626.086461610284 norm=138.45579669891802 radius=138.45579669891808 next_radius=276.91159339783616 lambda=4.0960000000000024e-08 next_lambda=1.0240000000000006e-08 rho=0.91108522555809424 accept=1
CLASSICAL_LM o=33 lambda=4.0960000000000024e-08 tau=4.0960000000000024e-08 prediction=87.165619254811361 rho=0.91108522555809424 accept=1
  MFCG it  34 cost=1.945699e+06 lam=1.024e-08 tau=0.00e+00 cg_it=0 shift=0 ckpt=1 alpha=0 acc mv=100
PCG_PREP o=34 rebuild=1 drift=0 previous_depth=1
POINT_SAFE o=34 frozen=370 slope=-135.07939370411125 candidate=1945585.2196838225 original=inf current=1945698.7174330987 won=1 mode=1 camera_scale=1 keep_scale=0
ATTR_RADIUS o=34 raw_norm=82142.140697745024 norm=276.91159339783616 radius=276.91159339783616 next_radius=553.82318679567231 lambda=1.0240000000000006e-08 next_lambda=2.5600000000000015e-09 rho=0.84182299827427565 accept=1
CLASSICAL_LM o=34 lambda=1.0240000000000006e-08 tau=1.0240000000000006e-08 prediction=134.82376878381208 rho=0.84182299827427565 accept=1
  MFCG it  35 cost=1.945585e+06 lam=2.560e-09 tau=0.00e+00 cg_it=0 shift=0 ckpt=1 alpha=0 acc mv=102
PCG_PREP o=35 rebuild=1 drift=0 previous_depth=1
POINT_SAFE o=35 frozen=230 slope=-190.17110475000146 candidate=1945417.6153319671 original=inf current=1945585.2196838225 won=1 mode=1 camera_scale=1 keep_scale=0
ATTR_RADIUS o=35 raw_norm=116622.12928868011 norm=553.82318679567243 radius=553.82318679567231 next_radius=1107.6463735913446 lambda=2.5600000000000015e-09 next_lambda=6.4000000000000037e-10 rho=0.88368213031934828 accept=1
CLASSICAL_LM o=35 lambda=2.5600000000000015e-09 tau=2.5600000000000015e-09 prediction=189.66588335873593 rho=0.88368213031934828 accept=1
  MFCG it  36 cost=1.945418e+06 lam=6.400e-10 tau=0.00e+00 cg_it=0 shift=0 ckpt=1 alpha=0 acc mv=104
PCG_PREP o=36 rebuild=1 drift=0 previous_depth=1
POINT_SAFE o=36 frozen=186 slope=-192.01052666042497 candidate=1945227.5219833083 original=1945356.5624294928 current=1945417.6153319671 won=1 mode=1 camera_scale=1 keep_scale=0
ATTR_RADIUS o=36 raw_norm=229923.84888095473 norm=1107.6463735913451 radius=1107.6463735913446 next_radius=2215.2927471826893 lambda=6.4000000000000037e-10 next_lambda=1.6000000000000009e-10 rho=0.99287440020037843 accept=1
CLASSICAL_LM o=36 lambda=6.4000000000000037e-10 tau=6.4000000000000037e-10 prediction=191.45759888714275 rho=0.99287440020037843 accept=1
  MFCG it  37 cost=1.945228e+06 lam=1.600e-10 tau=0.00e+00 cg_it=0 shift=0 ckpt=1 alpha=0 acc mv=106
PCG_PREP o=37 rebuild=1 drift=0 previous_depth=1
POINT_SAFE o=37 frozen=931 slope=-701.81158844042181 candidate=1944859.4745927744 original=1945137.6296614429 current=1945227.5219833083 won=1 mode=1 camera_scale=1 keep_scale=0
ATTR_RADIUS o=37 raw_norm=125325.42839755678 norm=2215.2927471826893 radius=2215.2927471826893 next_radius=2215.2927471826893 lambda=1.6000000000000009e-10 next_lambda=1.6000000000000009e-10 rho=0.52975184889868399 accept=1
CLASSICAL_LM o=37 lambda=1.6000000000000009e-10 tau=1.6000000000000009e-10 prediction=694.75432940722737 rho=0.52975184889868399 accept=1
  MFCG it  38 cost=1.944859e+06 lam=1.600e-10 tau=0.00e+00 cg_it=0 shift=0 ckpt=1 alpha=0 acc mv=108
PCG_PREP o=38 rebuild=1 drift=0 previous_depth=1
POINT_SAFE o=38 frozen=33 slope=-163.16273422761088 candidate=1944680.5317979397 original=1944753.279621884 current=1944859.4745927744 won=1 mode=1 camera_scale=1 keep_scale=0
ATTR_RADIUS o=38 raw_norm=548747.22630721412 norm=2215.2927471826893 radius=2215.2927471826893 next_radius=4430.5854943653785 lambda=1.6000000000000009e-10 next_lambda=4.0000000000000023e-11 rho=1.1123992818977853 accept=1
CLASSICAL_LM o=38 lambda=1.6000000000000009e-10 tau=1.6000000000000009e-10 prediction=160.86201937261924 rho=1.1123992818977853 accept=1
  MFCG it  39 cost=1.944681e+06 lam=4.000e-11 tau=0.00e+00 cg_it=0 shift=0 ckpt=1 alpha=0 acc mv=110
PCG_PREP o=39 rebuild=1 drift=0 previous_depth=1
POINT_SAFE o=39 frozen=848 slope=-464.14012916091588 candidate=1943873.6631137747 original=1944574.2439252154 current=1944680.5317979397 won=1 mode=1 camera_scale=1 keep_scale=0
ATTR_RADIUS o=39 raw_norm=377316.10983811872 norm=4430.5854943653758 radius=4430.5854943653785 next_radius=8861.170988730757 lambda=4.0000000000000023e-11 next_lambda=1.0000000000000006e-11 rho=1.7501384616407278 accept=1
CLASSICAL_LM o=39 lambda=4.0000000000000023e-11 tau=4.0000000000000023e-11 prediction=461.0313422907808 rho=1.7501384616407278 accept=1
  MFCG it  40 cost=1.943874e+06 lam=1.000e-11 tau=0.00e+00 cg_it=0 shift=0 ckpt=1 alpha=0 acc mv=112
PCG_PREP o=40 rebuild=1 drift=0 previous_depth=1
POINT_SAFE o=40 frozen=930 slope=-1706.3331197778932 candidate=1943194.2981095549 original=inf current=1943873.6631137747 won=1 mode=1 camera_scale=1 keep_scale=0
ATTR_RADIUS o=40 raw_norm=204819.76970398056 norm=8861.1709887307588 radius=8861.170988730757 next_radius=8861.170988730757 lambda=1.0000000000000006e-11 next_lambda=1.0000000000000006e-11 rho=0.40811793709521038 accept=1
CLASSICAL_LM o=40 lambda=1.0000000000000006e-11 tau=1.0000000000000006e-11 prediction=1664.6291242556274 rho=0.40811793709521038 accept=1
  MFCG it  41 cost=1.943194e+06 lam=1.000e-11 tau=0.00e+00 cg_it=0 shift=0 ckpt=1 alpha=0 acc mv=114
PCG_PREP o=41 rebuild=1 drift=0 previous_depth=1
POINT_SAFE o=41 frozen=957 slope=-8089.8829974216051 candidate=1980542.9244802305 original=1943034.9198999396 current=1943194.2981095549 won=0 mode=1 camera_scale=1 keep_scale=0
ATTR_RADIUS o=41 raw_norm=58113.541079878982 norm=34.613949174729505 radius=8861.170988730757 next_radius=8861.170988730757 lambda=1.0000000000000006e-11 next_lambda=1.0000000000000006e-12 rho=0.39503784015597798 accept=1
CLASSICAL_LM o=41 lambda=1.0000000000000006e-11 tau=1.0000000000000006e-11 prediction=403.45048857200538 rho=0.39503784015597798 accept=1
  MFCG it  42 cost=1.943035e+06 lam=1.000e-12 tau=0.00e+00 cg_it=0 shift=0 ckpt=1 alpha=0 acc mv=116
PCG_PREP o=42 rebuild=1 drift=0 previous_depth=1
POINT_SAFE o=42 frozen=616 slope=-15596.138652604244 candidate=1974252.4637838751 original=inf current=1943034.9198999396 won=0 mode=1 camera_scale=1 keep_scale=0
ATTR_RADIUS o=42 raw_norm=105766.33852874447 norm=8861.170988730757 radius=8861.170988730757 next_radius=2215.2927471826893 lambda=1.0000000000000006e-12 next_lambda=1.6000000000000009e-11 rho=-1 accept=0
CLASSICAL_LM o=42 lambda=1.0000000000000006e-12 tau=1.0000000000000006e-12 prediction=14817.840453769935 rho=-1 accept=0
  MFCG it  43  retry 1/8  lam=1.600e-11 tau_eff=1.000e-12  (assembly reused)
PCG_PREP o=42 rebuild=1 drift=0 previous_depth=2
POINT_SAFE o=42 frozen=182 slope=-3971.8258884515435 candidate=2016817.6393770187 original=inf current=1943034.9198999396 won=0 mode=1 camera_scale=1 keep_scale=0
ATTR_RADIUS o=42 raw_norm=105754.81245596298 norm=2215.2927471826888 radius=2215.2927471826893 next_radius=553.82318679567231 lambda=1.6000000000000009e-11 next_lambda=2.5600000000000015e-10 rho=-1 accept=0
CLASSICAL_LM o=42 lambda=1.6000000000000009e-11 tau=1.6000000000000009e-11 prediction=3877.9498808188587 rho=-1 accept=0
  MFCG it  43  retry 2/8  lam=2.560e-10 tau_eff=1.600e-11  (assembly reused)
PCG_PREP o=42 rebuild=1 drift=0 previous_depth=2
POINT_SAFE o=42 frozen=39 slope=-1067.2024007402179 candidate=1982877.5432119181 original=inf current=1943034.9198999396 won=0 mode=1 camera_scale=1 keep_scale=0
ATTR_RADIUS o=42 raw_norm=105583.59229228934 norm=553.82318679567231 radius=553.82318679567231 next_radius=138.45579669891808 lambda=2.5600000000000015e-10 next_lambda=4.0960000000000024e-09 rho=-1 accept=0
CLASSICAL_LM o=42 lambda=2.5600000000000015e-10 tau=2.5600000000000015e-10 prediction=1015.8889206692654 rho=-1 accept=0
  MFCG it  43  retry 3/8  lam=4.096e-09 tau_eff=2.560e-10  (assembly reused)
PCG_PREP o=42 rebuild=1 drift=0 previous_depth=2
POINT_SAFE o=42 frozen=10 slope=-345.5947043683264 candidate=1943259.9125205574 original=inf current=1943034.9198999396 won=0 mode=1 camera_scale=1 keep_scale=0
ATTR_RADIUS o=42 raw_norm=102959.26512964723 norm=138.45579669891808 radius=138.45579669891808 next_radius=34.61394917472952 lambda=4.0960000000000024e-09 next_lambda=6.5536000000000038e-08 rho=-1 accept=0
CLASSICAL_LM o=42 lambda=4.0960000000000024e-09 tau=4.0960000000000024e-09 prediction=296.94146516857938 rho=-1 accept=0
  MFCG it  43  retry 4/8  lam=6.554e-08 tau_eff=4.096e-09  (assembly reused)
PCG_PREP o=42 rebuild=1 drift=0 previous_depth=2
POINT_SAFE o=42 frozen=8 slope=-179.1402564323821 candidate=1942947.3493136815 original=inf current=1943034.9198999396 won=1 mode=1 camera_scale=1 keep_scale=0
ATTR_RADIUS o=42 raw_norm=77590.650980673148 norm=34.613949174729527 radius=34.61394917472952 next_radius=34.61394917472952 lambda=6.5536000000000038e-08 next_lambda=6.5536000000000038e-08 rho=0.67021518300723038 accept=1
CLASSICAL_LM o=42 lambda=6.5536000000000038e-08 tau=6.5536000000000038e-08 prediction=130.66040352167781 rho=0.67021518300723038 accept=1
  MFCG it  43 cost=1.942947e+06 lam=6.554e-08 tau=0.00e+00 cg_it=1 shift=0 ckpt=2 alpha=0 acc mv=131
PCG_PREP o=43 rebuild=1 drift=0 previous_depth=2
POINT_SAFE o=43 frozen=221 slope=-93.459518987516859 candidate=1942930.3648956846 original=inf current=1942947.3493136815 won=1 mode=1 camera_scale=1 keep_scale=0
ATTR_RADIUS o=43 raw_norm=51346.32715975531 norm=34.61394917472952 radius=34.61394917472952 next_radius=8.6534872936823799 lambda=6.5536000000000038e-08 next_lambda=1.0485760000000006e-06 rho=0.18180935666717207 accept=1
CLASSICAL_LM o=43 lambda=6.5536000000000038e-08 tau=6.5536000000000038e-08 prediction=93.418833376806674 rho=0.18180935666717207 accept=1
  MFCG it  44 cost=1.942930e+06 lam=1.049e-06 tau=0.00e+00 cg_it=0 shift=0 ckpt=1 alpha=0 acc mv=133
PCG_PREP o=44 rebuild=1 drift=0 previous_depth=1
POINT_SAFE o=44 frozen=156 slope=-44.656470581155453 candidate=1942889.8688093603 original=inf current=1942930.3648956846 won=1 mode=1 camera_scale=1 keep_scale=0
ATTR_RADIUS o=44 raw_norm=35951.748202552451 norm=8.6534872936823817 radius=8.6534872936823799 next_radius=17.30697458736476 lambda=1.0485760000000006e-06 next_lambda=2.6214400000000015e-07 rho=0.90698972295101044 accept=1
CLASSICAL_LM o=44 lambda=1.0485760000000006e-06 tau=1.0485760000000006e-06 prediction=44.648892153455648 rho=0.90698972295101044 accept=1
  MFCG it  45 cost=1.942890e+06 lam=2.621e-07 tau=0.00e+00 cg_it=1 shift=0 ckpt=2 alpha=0 acc mv=136
PCG_PREP o=45 rebuild=1 drift=0 previous_depth=2
POINT_SAFE o=45 frozen=124 slope=-63.501645145262046 candidate=1942853.1992646884 original=inf current=1942889.8688093603 won=1 mode=1 camera_scale=1 keep_scale=0
ATTR_RADIUS o=45 raw_norm=50035.695986093619 norm=17.30697458736476 radius=17.30697458736476 next_radius=17.30697458736476 lambda=2.6214400000000015e-07 next_lambda=2.6214400000000015e-07 rho=0.57757468215764385 accept=1
CLASSICAL_LM o=45 lambda=2.6214400000000015e-07 tau=2.6214400000000015e-07 prediction=63.488836690189885 rho=0.57757468215764385 accept=1
  MFCG it  46 cost=1.942853e+06 lam=2.621e-07 tau=0.00e+00 cg_it=1 shift=0 ckpt=2 alpha=0 acc mv=139
PCG_PREP o=46 rebuild=1 drift=0 previous_depth=2
POINT_SAFE o=46 frozen=186 slope=-82.818971726689909 candidate=1943081.6053240413 original=inf current=1942853.1992646884 won=0 mode=1 camera_scale=1 keep_scale=0
ATTR_RADIUS o=46 raw_norm=29616.141979341999 norm=17.30697458736476 radius=17.30697458736476 next_radius=4.3267436468411899 lambda=2.6214400000000015e-07 next_lambda=4.1943040000000025e-06 rho=-1 accept=0
CLASSICAL_LM o=46 lambda=2.6214400000000015e-07 tau=2.6214400000000015e-07 prediction=82.793827821410787 rho=-1 accept=0
  MFCG it  47  retry 1/8  lam=4.194e-06 tau_eff=2.621e-07  (assembly reused)
PCG_PREP o=46 rebuild=1 drift=0 previous_depth=1
POINT_SAFE o=46 frozen=185 slope=-56.077412078553309 candidate=1942936.7980031292 original=inf current=1942853.1992646884 won=0 mode=1 camera_scale=1 keep_scale=0
ATTR_RADIUS o=46 raw_norm=10874.659903805659 norm=4.3267436468411882 radius=4.3267436468411899 next_radius=1.0816859117102975 lambda=4.1943040000000025e-06 next_lambda=6.7108864000000039e-05 rho=-1 accept=0
CLASSICAL_LM o=46 lambda=4.1943040000000025e-06 tau=4.1943040000000025e-06 prediction=56.010509408964467 rho=-1 accept=0
  MFCG it  47  retry 2/8  lam=6.711e-05 tau_eff=4.194e-06  (assembly reused)
PCG_PREP o=46 rebuild=1 drift=0 previous_depth=1
POINT_SAFE o=46 frozen=257 slope=-132.93573354170434 candidate=1942839.6327376082 original=inf current=1942853.1992646884 won=1 mode=1 camera_scale=1 keep_scale=0
ATTR_RADIUS o=46 raw_norm=3836.0762894936483 norm=1.0816859117102975 radius=1.0816859117102975 next_radius=0.27042147792757437 lambda=6.7108864000000039e-05 next_lambda=0.0010737418240000006 rho=0.14970038022024812 accept=1
CLASSICAL_LM o=46 lambda=6.7108864000000039e-05 tau=6.7108864000000039e-05 prediction=90.624533219599101 rho=0.14970038022024812 accept=1
  MFCG it  47 cost=1.942840e+06 lam=1.074e-03 tau=0.00e+00 cg_it=0 shift=0 ckpt=1 alpha=0 acc mv=145
PCG_PREP o=47 rebuild=1 drift=0 previous_depth=1
POINT_SAFE o=47 frozen=431 slope=-51.401072139855096 candidate=1942817.3883106227 original=inf current=1942839.6327376082 won=1 mode=1 camera_scale=1 keep_scale=0
ATTR_RADIUS o=47 raw_norm=1515.5774699577223 norm=0.27042147792757443 radius=0.27042147792757437 next_radius=0.27042147792757437 lambda=0.0010737418240000006 next_lambda=0.0010737418240000006 rho=0.51841645943491388 accept=1
CLASSICAL_LM o=47 lambda=0.0010737418240000006 tau=0.0010737418240000006 prediction=42.908411916070442 rho=0.51841645943491388 accept=1
  MFCG it  48 cost=1.942817e+06 lam=1.074e-03 tau=0.00e+00 cg_it=0 shift=0 ckpt=1 alpha=0 acc mv=147
PCG_PREP o=48 rebuild=1 drift=0 previous_depth=1
POINT_SAFE o=48 frozen=401 slope=-13.703122970626588 candidate=1942803.9143257032 original=inf current=1942817.3883106227 won=1 mode=1 camera_scale=1 keep_scale=0
ATTR_RADIUS o=48 raw_norm=1541.0599242473545 norm=0.27042147792757437 radius=0.27042147792757437 next_radius=0.54084295585514874 lambda=0.0010737418240000006 next_lambda=0.00026843545600000016 rho=0.98340121647532563 accept=1
CLASSICAL_LM o=48 lambda=0.0010737418240000006 tau=0.0010737418240000006 prediction=13.701411686047578 rho=0.98340121647532563 accept=1
  MFCG it  49 cost=1.942804e+06 lam=2.684e-04 tau=0.00e+00 cg_it=0 shift=0 ckpt=1 alpha=0 acc mv=149
PCG_PREP o=49 rebuild=1 drift=0 previous_depth=1
POINT_SAFE o=49 frozen=411 slope=-15.200498685235063 candidate=1942788.9292610064 original=inf current=1942803.9143257032 won=1 mode=1 camera_scale=1 keep_scale=0
ATTR_RADIUS o=49 raw_norm=2907.7753504111843 norm=0.54084295585514852 radius=0.54084295585514874 next_radius=1.0816859117102975 lambda=0.00026843545600000016 next_lambda=6.7108864000000039e-05 rho=0.98659597147738953 accept=1
CLASSICAL_LM o=49 lambda=0.00026843545600000016 tau=0.00026843545600000016 prediction=15.18865384612694 rho=0.98659597147738953 accept=1
  MFCG it  50 cost=1.942789e+06 lam=6.711e-05 tau=0.00e+00 cg_it=0 shift=0 ckpt=1 alpha=0 acc mv=151
PCG_PREP o=50 rebuild=1 drift=0 previous_depth=1
POINT_SAFE o=50 frozen=320 slope=-21.73102306651824 candidate=1942767.3876308403 original=inf current=1942788.9292610064 won=1 mode=1 camera_scale=1 keep_scale=0
ATTR_RADIUS o=50 raw_norm=5181.0650079007974 norm=1.081685911710297 radius=1.0816859117102975 next_radius=2.163371823420595 lambda=6.7108864000000039e-05 next_lambda=1.677721600000001e-05 rho=0.99842686573249784 accept=1
CLASSICAL_LM o=50 lambda=6.7108864000000039e-05 tau=6.7108864000000039e-05 prediction=21.575571436885408 rho=0.99842686573249784 accept=1
  MFCG it  51 cost=1.942767e+06 lam=1.678e-05 tau=0.00e+00 cg_it=0 shift=0 ckpt=1 alpha=0 acc mv=153
PCG_PREP o=51 rebuild=1 drift=0 previous_depth=1
POINT_SAFE o=51 frozen=211 slope=-40.958773386452549 candidate=1942726.7865319294 original=inf current=1942767.3876308403 won=1 mode=1 camera_scale=1 keep_scale=0
ATTR_RADIUS o=51 raw_norm=14570.008222178614 norm=2.1633718234205954 radius=2.163371823420595 next_radius=4.3267436468411899 lambda=1.677721600000001e-05 next_lambda=4.1943040000000025e-06 rho=1.0361208938164481 accept=1
CLASSICAL_LM o=51 lambda=1.677721600000001e-05 tau=1.677721600000001e-05 prediction=39.185677224744801 rho=1.0361208938164481 accept=1
  MFCG it  52 cost=1.942727e+06 lam=4.194e-06 tau=0.00e+00 cg_it=1 shift=0 ckpt=2 alpha=0 acc mv=156
PCG_PREP o=52 rebuild=1 drift=0 previous_depth=2
POINT_SAFE o=52 frozen=317 slope=-52.483921880434174 candidate=1942695.288383224 original=inf current=1942726.7865319294 won=1 mode=1 camera_scale=1 keep_scale=0
ATTR_RADIUS o=52 raw_norm=15186.012188534109 norm=4.3267436468411908 radius=4.3267436468411899 next_radius=4.3267436468411899 lambda=4.1943040000000025e-06 next_lambda=4.1943040000000025e-06 rho=0.66486438492296562 accept=1
CLASSICAL_LM o=52 lambda=4.1943040000000025e-06 tau=4.1943040000000025e-06 prediction=47.375298511431282 rho=0.66486438492296562 accept=1
  MFCG it  53 cost=1.942695e+06 lam=4.194e-06 tau=0.00e+00 cg_it=0 shift=0 ckpt=1 alpha=0 acc mv=158
PCG_PREP o=53 rebuild=1 drift=0 previous_depth=1
POINT_SAFE o=53 frozen=161 slope=-63.466303864143057 candidate=1942990.8083174278 original=inf current=1942695.288383224 won=0 mode=1 camera_scale=1 keep_scale=0
ATTR_RADIUS o=53 raw_norm=9740.6871979293119 norm=4.3267436468411926 radius=4.3267436468411899 next_radius=1.0816859117102975 lambda=4.1943040000000025e-06 next_lambda=6.7108864000000039e-05 rho=-1 accept=0
CLASSICAL_LM o=53 lambda=4.1943040000000025e-06 tau=4.1943040000000025e-06 prediction=62.721351251258085 rho=-1 accept=0
  MFCG it  54  retry 1/8  lam=6.711e-05 tau_eff=4.194e-06  (assembly reused)
PCG_PREP o=53 rebuild=1 drift=0 previous_depth=1
POINT_SAFE o=53 frozen=269 slope=-42.569315632643956 candidate=1942819.9066306832 original=inf current=1942695.288383224 won=0 mode=1 camera_scale=1 keep_scale=0
ATTR_RADIUS o=53 raw_norm=3516.1869721555172 norm=1.0816859117102975 radius=1.0816859117102975 next_radius=0.27042147792757437 lambda=6.7108864000000039e-05 next_lambda=0.0010737418240000006 rho=-1 accept=0
CLASSICAL_LM o=53 lambda=6.7108864000000039e-05 tau=6.7108864000000039e-05 prediction=42.429052554817311 rho=-1 accept=0
  MFCG it  54  retry 2/8  lam=1.074e-03 tau_eff=6.711e-05  (assembly reused)
PCG_PREP o=53 rebuild=1 drift=0 previous_depth=1
POINT_SAFE o=53 frozen=834 slope=-27.354847729177408 candidate=1942724.3263259064 original=inf current=1942695.288383224 won=0 mode=1 camera_scale=1 keep_scale=0
ATTR_RADIUS o=53 raw_norm=1293.5683859661074 norm=0.27042147792757432 radius=0.27042147792757437 next_radius=0.067605369481893593 lambda=0.0010737418240000006 next_lambda=0.01717986918400001 rho=-1 accept=0
CLASSICAL_LM o=53 lambda=0.0010737418240000006 tau=0.0010737418240000006 prediction=27.347923565615272 rho=-1 accept=0
  MFCG it  54  retry 3/8  lam=1.718e-02 tau_eff=1.074e-03  (assembly reused)
PCG_PREP o=53 rebuild=1 drift=0 previous_depth=1
POINT_SAFE o=53 frozen=3754 slope=-21.258841187479025 candidate=1942682.7375581269 original=inf current=1942695.288383224 won=1 mode=1 camera_scale=1 keep_scale=0
ATTR_RADIUS o=53 raw_norm=458.4900367435834 norm=0.067605369481893579 radius=0.067605369481893593 next_radius=0.067605369481893593 lambda=0.01717986918400001 next_lambda=0.01717986918400001 rho=0.61429956404192521 accept=1
CLASSICAL_LM o=53 lambda=0.01717986918400001 tau=0.01717986918400001 prediction=20.431115097252285 rho=0.61429956404192521 accept=1
  MFCG it  54 cost=1.942683e+06 lam=1.718e-02 tau=0.00e+00 cg_it=0 shift=0 ckpt=1 alpha=0 acc mv=166
PCG_PREP o=54 rebuild=1 drift=0 previous_depth=1
POINT_SAFE o=54 frozen=4697 slope=-13.537530004648357 candidate=1942671.9288688854 original=inf current=1942682.7375581269 won=1 mode=1 camera_scale=1 keep_scale=0
ATTR_RADIUS o=54 raw_norm=633.9253251038067 norm=0.067605369481893607 radius=0.067605369481893593 next_radius=0.13521073896378719 lambda=0.01717986918400001 next_lambda=0.0042949672960000025 rho=0.79906202236310409 accept=1
CLASSICAL_LM o=54 lambda=0.01717986918400001 tau=0.01717986918400001 prediction=13.526721254459476 rho=0.79906202236310409 accept=1
  MFCG it  55 cost=1.942672e+06 lam=4.295e-03 tau=0.00e+00 cg_it=0 shift=0 ckpt=1 alpha=0 acc mv=168
PCG_PREP o=55 rebuild=1 drift=0 previous_depth=1
POINT_SAFE o=55 frozen=962 slope=-25.789385873189829 candidate=1942658.4486302938 original=inf current=1942671.9288688854 won=1 mode=1 camera_scale=1 keep_scale=0
ATTR_RADIUS o=55 raw_norm=710.91414241115717 norm=0.13521073896378721 radius=0.13521073896378719 next_radius=0.13521073896378719 lambda=0.0042949672960000025 next_lambda=0.0042949672960000025 rho=0.5235481714515644 accept=1
CLASSICAL_LM o=55 lambda=0.0042949672960000025 tau=0.0042949672960000025 prediction=25.74784771796449 rho=0.5235481714515644 accept=1
  MFCG it  56 cost=1.942658e+06 lam=4.295e-03 tau=0.00e+00 cg_it=0 shift=0 ckpt=1 alpha=0 acc mv=170
PCG_PREP o=56 rebuild=1 drift=0 previous_depth=1
POINT_SAFE o=56 frozen=698 slope=-20.729741654857946 candidate=1942642.238454516 original=inf current=1942658.4486302938 won=1 mode=1 camera_scale=1 keep_scale=0
ATTR_RADIUS o=56 raw_norm=844.62102719518327 norm=0.13521073896378724 radius=0.13521073896378719 next_radius=0.27042147792757437 lambda=0.0042949672960000025 next_lambda=0.0010737418240000006 rho=0.78305351894419883 accept=1
CLASSICAL_LM o=56 lambda=0.0042949672960000025 tau=0.0042949672960000025 prediction=20.701236104068428 rho=0.78305351894419883 accept=1
  MFCG it  57 cost=1.942642e+06 lam=1.074e-03 tau=0.00e+00 cg_it=0 shift=0 ckpt=1 alpha=0 acc mv=172
PCG_PREP o=57 rebuild=1 drift=0 previous_depth=1
POINT_SAFE o=57 frozen=673 slope=-24.40671484093215 candidate=1942661.7398981994 original=inf current=1942642.238454516 won=0 mode=1 camera_scale=1 keep_scale=0
ATTR_RADIUS o=57 raw_norm=1471.9653316019826 norm=0.27042147792757432 radius=0.27042147792757437 next_radius=0.067605369481893593 lambda=0.0010737418240000006 next_lambda=0.01717986918400001 rho=-1 accept=0
CLASSICAL_LM o=57 lambda=0.0010737418240000006 tau=0.0010737418240000006 prediction=24.390509769843785 rho=-1 accept=0
  MFCG it  58  retry 1/8  lam=1.718e-02 tau_eff=1.074e-03  (assembly reused)
PCG_PREP o=57 rebuild=1 drift=0 previous_depth=1
POINT_SAFE o=57 frozen=4962 slope=-12.320040218846922 candidate=1942631.850048112 original=inf current=1942642.238454516 won=1 mode=1 camera_scale=1 keep_scale=0
ATTR_RADIUS o=57 raw_norm=640.51284668536698 norm=0.067605369481893565 radius=0.067605369481893593 next_radius=0.13521073896378719 lambda=0.01717986918400001 next_lambda=0.0042949672960000025 rho=0.84346340251605767 accept=1
CLASSICAL_LM o=57 lambda=0.01717986918400001 tau=0.01717986918400001 prediction=12.316368882244978 rho=0.84346340251605767 accept=1
  MFCG it  58 cost=1.942632e+06 lam=4.295e-03 tau=0.00e+00 cg_it=0 shift=0 ckpt=1 alpha=0 acc mv=176
PCG_PREP o=58 rebuild=1 drift=0 previous_depth=1
POINT_SAFE o=58 frozen=907 slope=-22.786525753627078 candidate=1942627.416601433 original=inf current=1942631.850048112 won=1 mode=1 camera_scale=1 keep_scale=0
ATTR_RADIUS o=58 raw_norm=727.70080130543931 norm=0.13521073896378721 radius=0.13521073896378719 next_radius=0.033802684740946796 lambda=0.0042949672960000025 next_lambda=0.06871947673600004 rho=0.19458768336049551 accept=1
CLASSICAL_LM o=58 lambda=0.0042949672960000025 tau=0.0042949672960000025 prediction=22.783799069224845 rho=0.19458768336049551 accept=1
  MFCG it  59 cost=1.942627e+06 lam=6.872e-02 tau=0.00e+00 cg_it=0 shift=0 ckpt=1 alpha=0 acc mv=178
PCG_PREP o=59 rebuild=1 drift=0 previous_depth=1
POINT_SAFE o=59 frozen=9624 slope=-9.8919162472536364 candidate=1942618.043066991 original=1942609.7039433175 current=1942627.416601433 won=0 mode=1 camera_scale=1 keep_scale=0
ATTR_RADIUS o=59 raw_norm=381.92767328881894 norm=0.00026408347453864685 radius=0.033802684740946796 next_radius=0.033802684740946796 lambda=0.06871947673600004 next_lambda=0.0068719476736000045 rho=0.35268650446638572 accept=1
CLASSICAL_LM o=59 lambda=0.06871947673600004 tau=0.06871947673600004 prediction=50.222103457655784 rho=0.35268650446638572 accept=1
  MFCG it  60 cost=1.942610e+06 lam=6.872e-03 tau=0.00e+00 cg_it=0 shift=0 ckpt=1 alpha=0 acc mv=180
PCG_PREP o=60 rebuild=1 drift=0 previous_depth=1
POINT_SAFE o=60 frozen=11620 slope=-6.9183975281137329 candidate=1942604.1213003935 original=inf current=1942609.7039433175 won=1 mode=1 camera_scale=1 keep_scale=0
ATTR_RADIUS o=60 raw_norm=614.71523658462922 norm=0.033802684740946803 radius=0.033802684740946796 next_radius=0.067605369481893593 lambda=0.0068719476736000045 next_lambda=0.0017179869184000011 rho=0.80702630899556371 accept=1
CLASSICAL_LM o=60 lambda=0.0068719476736000045 tau=0.0068719476736000045 prediction=6.9175476212030702 rho=0.80702630899556371 accept=1
  MFCG: converged (OCA_FTOL: 8 outers < 1.0e-05 rel)
  [menu-backtrack] confirming stop with original retry policy at outer 61
  MFCG it  61 cost=1.942604e+06 lam=1.718e-03 tau=0.00e+00 cg_it=0 shift=0 ckpt=1 alpha=0 acc mv=182
PCG_PREP o=61 rebuild=1 drift=0 previous_depth=1
ATTR_RADIUS o=61 raw_norm=1185.1908018699726 norm=0.067605369481893537 radius=0.067605369481893593 next_radius=0.016901342370473398 lambda=0.0017179869184000011 next_lambda=0.027487790694400018 rho=-1 accept=0
CLASSICAL_LM o=61 lambda=0.0017179869184000011 tau=0.0017179869184000011 prediction=112.30693458382605 rho=-1 accept=0
  MFCG it  62  retry 1/8  lam=2.749e-02 tau_eff=1.718e-03  (assembly reused)
PCG_PREP o=61 rebuild=1 drift=0 previous_depth=1
ATTR_RADIUS o=61 raw_norm=439.86899921482467 norm=0.016901342370473395 radius=0.016901342370473398 next_radius=0.0042253355926183496 lambda=0.027487790694400018 next_lambda=0.43980465111040029 rho=-1 accept=0
CLASSICAL_LM o=61 lambda=0.027487790694400018 tau=0.027487790694400018 prediction=22.92971576486562 rho=-1 accept=0
  MFCG it  62  retry 2/8  lam=4.398e-01 tau_eff=2.749e-02  (assembly reused)
PCG_PREP o=61 rebuild=1 drift=0 previous_depth=1
ATTR_RADIUS o=61 raw_norm=239.52358609529446 norm=0.0042253355926183487 radius=0.0042253355926183496 next_radius=0.0010563338981545874 lambda=0.43980465111040029 next_lambda=7.0368744177664047 rho=-1 accept=0
CLASSICAL_LM o=61 lambda=0.43980465111040029 tau=0.43980465111040029 prediction=2.7528504304922499 rho=-1 accept=0
  MFCG it  62  retry 3/8  lam=7.037e+00 tau_eff=4.398e-01  (assembly reused)
PCG_PREP o=61 rebuild=1 drift=0 previous_depth=1
ATTR_RADIUS o=61 raw_norm=41.504157518048537 norm=0.0010563338981545872 radius=0.0010563338981545874 next_radius=0.0021126677963091748 lambda=7.0368744177664047 next_lambda=1.7592186044416012 rho=0.75015844799036047 accept=1
CLASSICAL_LM o=61 lambda=7.0368744177664047 tau=7.0368744177664047 prediction=0.54870243249989981 rho=0.75015844799036047 accept=1
  MFCG it  62 cost=1.942604e+06 lam=1.759e+00 tau=0.00e+00 cg_it=0 shift=0 ckpt=1 alpha=0 acc mv=190
PCG_PREP o=62 rebuild=1 drift=0 previous_depth=1
ATTR_RADIUS o=62 raw_norm=110.19989343287948 norm=0.0021126677963091761 radius=0.0021126677963091748 next_radius=0.0005281669490772937 lambda=1.7592186044416012 next_lambda=28.147497671065619 rho=-1 accept=0
CLASSICAL_LM o=62 lambda=1.7592186044416012 tau=1.7592186044416012 prediction=1.4118160996800602 rho=-1 accept=0
  MFCG it  63  retry 1/8  lam=2.815e+01 tau_eff=1.759e+00  (assembly reused)
PCG_PREP o=62 rebuild=1 drift=0 previous_depth=1
ATTR_RADIUS o=62 raw_norm=12.506598926204859 norm=0.00052816694907729391 radius=0.0005281669490772937 next_radius=0.0010563338981545874 lambda=28.147497671065619 next_lambda=7.0368744177664047 rho=0.95637907144357592 accept=1
CLASSICAL_LM o=62 lambda=28.147497671065619 tau=28.147497671065619 prediction=0.24887996086473069 rho=0.95637907144357592 accept=1
  MFCG it  63 cost=1.942603e+06 lam=7.037e+00 tau=0.00e+00 cg_it=0 shift=0 ckpt=1 alpha=0 acc mv=194
PCG_PREP o=63 rebuild=1 drift=0 previous_depth=1
ATTR_RADIUS o=63 raw_norm=40.822301228917773 norm=0.0010563338981545878 radius=0.0010563338981545874 next_radius=0.0021126677963091748 lambda=7.0368744177664047 next_lambda=1.7592186044416012 rho=0.91767746138465545 accept=1
CLASSICAL_LM o=63 lambda=7.0368744177664047 tau=7.0368744177664047 prediction=0.44747484075786675 rho=0.91767746138465545 accept=1
  MFCG it  64 cost=1.942603e+06 lam=1.759e+00 tau=0.00e+00 cg_it=0 shift=0 ckpt=1 alpha=0 acc mv=196
PCG_PREP o=64 rebuild=1 drift=0 previous_depth=1
ATTR_RADIUS o=64 raw_norm=113.73352601445175 norm=0.0021126677963091752 radius=0.0021126677963091748 next_radius=0.0021126677963091748 lambda=1.7592186044416012 next_lambda=1.7592186044416012 rho=0.41919570437437609 accept=1
CLASSICAL_LM o=64 lambda=1.7592186044416012 tau=1.7592186044416012 prediction=0.86167845221759054 rho=0.41919570437437609 accept=1
  MFCG it  65 cost=1.942603e+06 lam=1.759e+00 tau=0.00e+00 cg_it=0 shift=0 ckpt=1 alpha=0 acc mv=198
PCG_PREP o=65 rebuild=1 drift=0 previous_depth=1
ATTR_RADIUS o=65 raw_norm=106.13880539343172 norm=0.0021126677963091748 radius=0.0021126677963091748 next_radius=0.0005281669490772937 lambda=1.7592186044416012 next_lambda=28.147497671065619 rho=-1 accept=0
CLASSICAL_LM o=65 lambda=1.7592186044416012 tau=1.7592186044416012 prediction=6.5838270378019752 rho=-1 accept=0
  MFCG it  66  retry 1/8  lam=2.815e+01 tau_eff=1.759e+00  (assembly reused)
PCG_PREP o=65 rebuild=1 drift=0 previous_depth=1
ATTR_RADIUS o=65 raw_norm=12.683423732750969 norm=0.0005281669490772937 radius=0.0005281669490772937 next_radius=0.0010563338981545874 lambda=28.147497671065619 next_lambda=7.0368744177664047 rho=0.82384808785224461 accept=1
CLASSICAL_LM o=65 lambda=28.147497671065619 tau=28.147497671065619 prediction=0.61055309326556151 rho=0.82384808785224461 accept=1
  MFCG it  66 cost=1.942602e+06 lam=7.037e+00 tau=0.00e+00 cg_it=0 shift=0 ckpt=1 alpha=0 acc mv=202
PCG_PREP o=66 rebuild=1 drift=0 previous_depth=1
ATTR_RADIUS o=66 raw_norm=40.545463952157164 norm=0.0010563338981545874 radius=0.0010563338981545874 next_radius=0.0010563338981545874 lambda=7.0368744177664047 next_lambda=7.0368744177664047 rho=0.54020079051556613 accept=1
CLASSICAL_LM o=66 lambda=7.0368744177664047 tau=7.0368744177664047 prediction=0.74406386712265227 rho=0.54020079051556613 accept=1
  MFCG it  67 cost=1.942602e+06 lam=7.037e+00 tau=0.00e+00 cg_it=0 shift=0 ckpt=1 alpha=0 acc mv=204
PCG_PREP o=67 rebuild=1 drift=0 previous_depth=1
ATTR_RADIUS o=67 raw_norm=41.98174748394765 norm=0.0010563338981545872 radius=0.0010563338981545874 next_radius=0.0010563338981545874 lambda=7.0368744177664047 next_lambda=7.0368744177664047 rho=0.50267774223254635 accept=1
CLASSICAL_LM o=67 lambda=7.0368744177664047 tau=7.0368744177664047 prediction=0.7591515556729509 rho=0.50267774223254635 accept=1
  MFCG it  68 cost=1.942601e+06 lam=7.037e+00 tau=0.00e+00 cg_it=0 shift=0 ckpt=1 alpha=0 acc mv=206
PCG_PREP o=68 rebuild=1 drift=0 previous_depth=1
ATTR_RADIUS o=68 raw_norm=40.52048876581113 norm=0.0010563338981545874 radius=0.0010563338981545874 next_radius=0.0010563338981545874 lambda=7.0368744177664047 next_lambda=7.0368744177664047 rho=0.48246407634345662 accept=1
CLASSICAL_LM o=68 lambda=7.0368744177664047 tau=7.0368744177664047 prediction=0.82419527677971682 rho=0.48246407634345662 accept=1
  MFCG: converged (OCA_FTOL: 8 outers < 1.0e-05 rel)
  MFCG: accepts=69 rejects=18 total_matvecs=208 negcurv=0 cand_evals=87 mean_cg_per_outer=3.0
NUMERIC_REPAIR summary rebuilds=0 floor=9.9999999999999998e-17
  [retry-cache] builds=87 reuses=0
  [menu-backtrack] trials=70 rescues=58 evals=572 total_scored=659
POINT_SAFE summary calls=70 evals=70 wins=46 frozen=59571 seconds=0.834908733
  [scoring] menu_evals=87 alpha_evals=0 backtrack_evals=572 total_scored=659
RESULT algo=mfree_shifted_cg iters=69 final_cost=1942601.0156134702 solve_seconds=4.214063
DIAGNOSTICS median_reproj_err_px 2.704502 -> 0.570727 | cheirality_violations(obs) 751 -> 759 | cheirality_violations(pts, of 310854) 725 -> 731
