  [menu-backtrack] active=1 max_evals=8 warmup_accepts=3 confirm_stop=original armijo=1e-4
MIXED_STORAGE fragments=fp32 arithmetic=fp64 state=fp64 acceptance=fp64
STCG_CONFIG metric=actual_pcg_factor bootstrap=first_forcing_step floor=disabled variable_metric_radius=1
  [compact-fragments] active=2 saved_bytes=36105992 storage=fp32 camera_reads=contiguous
  MFCG score_init=11152062.77276247 precision=fp64
PCG_PREP o=0 rebuild=1 drift=0 previous_depth=0
ATTR_RADIUS o=0 raw_norm=3914.1141976181352 norm=3914.1141976181352 radius=3914.1141976181352 next_radius=7828.2283952362704 lambda=0.10000000000000001 next_lambda=0.025000000000000001 rho=0.999974388395106 accept=1
STCG o=0 retry=0 reason=0 depth=1 cap=128 next_iterate_norm=nan norm=3914.1141976181352 radius=3914.1141976181352 accept=1 metric_seconds=5.671e-05 grams=2
CLASSICAL_LM o=0 lambda=0.10000000000000001 tau=0.10000000000000001 prediction=8877594.9877400454 rho=0.999974388395106 accept=1
  MFCG it   1 cost=2.274695e+06 lam=2.500e-02 tau=0.00e+00 cg_it=0 shift=0 ckpt=1 alpha=0 acc mv=2
PCG_PREP o=1 rebuild=1 drift=0 previous_depth=1
ATTR_RADIUS o=1 raw_norm=1458.3110824512689 norm=1458.3110824512689 radius=7828.2283952362704 next_radius=7828.2283952362704 lambda=0.025000000000000001 next_lambda=0.0025000000000000005 rho=0.99701845569055048 accept=1
STCG o=1 retry=0 reason=0 depth=5 cap=128 next_iterate_norm=1458.3110824512692 norm=1458.3110824512689 radius=7828.2283952362704 accept=1 metric_seconds=0.000187281 grams=9
CLASSICAL_LM o=1 lambda=0.025000000000000001 tau=0.025000000000000001 prediction=770789.73816058366 rho=0.99701845569055048 accept=1
  MFCG it   2 cost=1.506204e+06 lam=2.500e-03 tau=0.00e+00 cg_it=4 shift=0 ckpt=5 alpha=0 acc mv=8
PCG_PREP o=2 rebuild=1 drift=0 previous_depth=5
ATTR_RADIUS o=2 raw_norm=1370.5283623178013 norm=1370.5283623178011 radius=7828.2283952362704 next_radius=7828.2283952362704 lambda=0.0025000000000000005 next_lambda=0.00025000000000000006 rho=0.99709034748464487 accept=1
STCG o=2 retry=0 reason=0 depth=7 cap=128 next_iterate_norm=1370.5283623178011 norm=1370.5283623178011 radius=7828.2283952362704 accept=1 metric_seconds=0.000353001 grams=18
CLASSICAL_LM o=2 lambda=0.0025000000000000005 tau=0.0025000000000000005 prediction=472663.072670475 rho=0.99709034748464487 accept=1
  MFCG it   3 cost=1.034916e+06 lam=2.500e-04 tau=0.00e+00 cg_it=6 shift=0 ckpt=7 alpha=0 acc mv=16
PCG_PREP o=3 rebuild=1 drift=0 previous_depth=7
ATTR_RADIUS o=3 raw_norm=3621.308071394355 norm=3621.308071394355 radius=7828.2283952362704 next_radius=7828.2283952362704 lambda=0.00025000000000000006 next_lambda=2.5000000000000008e-05 rho=0.90650476349930353 accept=1
STCG o=3 retry=0 reason=0 depth=12 cap=128 next_iterate_norm=3621.308071394355 norm=3621.308071394355 radius=7828.2283952362704 accept=1 metric_seconds=0.00060733 grams=32
CLASSICAL_LM o=3 lambda=0.00025000000000000006 tau=0.00025000000000000006 prediction=525884.5916656364 rho=0.90650476349930353 accept=1
  MFCG it   4 cost=5.581989e+05 lam=2.500e-05 tau=0.00e+00 cg_it=11 shift=0 ckpt=12 alpha=0 acc mv=29
PCG_PREP o=4 rebuild=1 drift=0 previous_depth=12
ATTR_RADIUS o=4 raw_norm=2264.5585159900434 norm=2264.5585159900434 radius=7828.2283952362704 next_radius=1957.0570988090676 lambda=2.5000000000000008e-05 next_lambda=0.00040000000000000013 rho=0.2141068181580848 accept=1
STCG o=4 retry=0 reason=0 depth=6 cap=128 next_iterate_norm=2264.5585159900429 norm=2264.5585159900434 radius=7828.2283952362704 accept=1 metric_seconds=0.00074953 grams=40
CLASSICAL_LM o=4 lambda=2.5000000000000008e-05 tau=2.5000000000000008e-05 prediction=265426.59344472853 rho=0.2141068181580848 accept=1
  MFCG it   5 cost=5.013692e+05 lam=4.000e-04 tau=0.00e+00 cg_it=5 shift=0 ckpt=6 alpha=0 acc mv=36
PCG_PREP o=5 rebuild=1 drift=0 previous_depth=6
POINT_SAFE o=5 frozen=6 slope=-393444.34381977597 candidate=317068.84360035317 original=355296.51120096183 current=501369.24192973046 won=1 mode=1 camera_scale=1 keep_scale=0
ATTR_RADIUS o=5 raw_norm=228.65039913199789 norm=228.65039913199786 radius=1957.0570988090676 next_radius=1957.0570988090676 lambda=0.00040000000000000013 next_lambda=4.0000000000000017e-05 rho=0.88130502619443229 accept=1
STCG o=5 retry=0 reason=0 depth=1 cap=128 next_iterate_norm=228.65039913199786 norm=228.65039913199786 radius=1957.0570988090676 accept=1 metric_seconds=0.00080554 grams=43
CLASSICAL_LM o=5 lambda=0.00040000000000000013 tau=0.00040000000000000013 prediction=209122.14596710718 rho=0.88130502619443229 accept=1
  MFCG it   6 cost=3.170688e+05 lam=4.000e-05 tau=0.00e+00 cg_it=0 shift=0 ckpt=1 alpha=0 acc mv=38
PCG_PREP o=6 rebuild=1 drift=0 previous_depth=1
ATTR_RADIUS o=6 raw_norm=731.50978150185244 norm=731.50978150185256 radius=1957.0570988090676 next_radius=489.2642747022669 lambda=4.0000000000000017e-05 next_lambda=0.00064000000000000027 rho=0.16803608342077994 accept=1
STCG o=6 retry=0 reason=0 depth=8 cap=128 next_iterate_norm=731.50978150185256 norm=731.50978150185256 radius=1957.0570988090676 accept=1 metric_seconds=0.00098413 grams=53
CLASSICAL_LM o=6 lambda=4.0000000000000017e-05 tau=4.0000000000000017e-05 prediction=59787.013747906582 rho=0.16803608342077994 accept=1
  MFCG it   7 cost=3.070225e+05 lam=6.400e-04 tau=0.00e+00 cg_it=7 shift=0 ckpt=8 alpha=0 acc mv=47
PCG_PREP o=7 rebuild=1 drift=0 previous_depth=8
ATTR_RADIUS o=7 raw_norm=140.38752925841897 norm=140.38752925841899 radius=489.2642747022669 next_radius=489.2642747022669 lambda=0.00064000000000000027 next_lambda=6.4000000000000024e-05 rho=0.89677528154248454 accept=1
STCG o=7 retry=0 reason=0 depth=2 cap=128 next_iterate_norm=140.38752925841897 norm=140.38752925841899 radius=489.2642747022669 accept=1 metric_seconds=0.00105619 grams=57
CLASSICAL_LM o=7 lambda=0.00064000000000000027 tau=0.00064000000000000027 prediction=36288.525576326923 rho=0.89677528154248454 accept=1
  MFCG it   8 cost=2.744798e+05 lam=6.400e-05 tau=0.00e+00 cg_it=1 shift=0 ckpt=2 alpha=0 acc mv=50
PCG_PREP o=8 rebuild=1 drift=0 previous_depth=2
ATTR_RADIUS o=8 raw_norm=212.62784032657413 norm=212.6278403265741 radius=489.2642747022669 next_radius=489.2642747022669 lambda=6.4000000000000024e-05 next_lambda=6.4000000000000031e-06 rho=0.65088154955098765 accept=1
STCG o=8 retry=0 reason=0 depth=15 cap=128 next_iterate_norm=212.62784032657413 norm=212.6278403265741 radius=489.2642747022669 accept=1 metric_seconds=0.001360449 grams=74
CLASSICAL_LM o=8 lambda=6.4000000000000024e-05 tau=6.4000000000000024e-05 prediction=8862.7043811150197 rho=0.65088154955098765 accept=1
  MFCG it   9 cost=2.687112e+05 lam=6.400e-06 tau=0.00e+00 cg_it=14 shift=0 ckpt=15 alpha=0 acc mv=66
PCG_PREP o=9 rebuild=1 drift=0 previous_depth=15
POINT_SAFE o=9 frozen=229 slope=-12743.365402487385 candidate=291386.71620639361 original=267162.732012789 current=268711.24446946592 won=0 mode=1 camera_scale=1 keep_scale=0
ATTR_RADIUS o=9 raw_norm=194.41204029742136 norm=48.603010074355332 radius=489.2642747022669 next_radius=489.2642747022669 lambda=6.4000000000000031e-06 next_lambda=6.4000000000000033e-07 rho=0.51872867607163253 accept=1
STCG o=9 retry=0 reason=0 depth=4 cap=128 next_iterate_norm=194.41204029742136 norm=48.603010074355332 radius=489.2642747022669 accept=1 metric_seconds=0.001467669 grams=80
CLASSICAL_LM o=9 lambda=6.4000000000000031e-06 tau=6.4000000000000031e-06 prediction=2985.2069648508982 rho=0.51872867607163253 accept=1
  MFCG it  10 cost=2.671627e+05 lam=6.400e-07 tau=0.00e+00 cg_it=3 shift=0 ckpt=4 alpha=0 acc mv=71
PCG_PREP o=10 rebuild=1 drift=0 previous_depth=4
POINT_SAFE o=10 frozen=1133 slope=-18588.899898851541 candidate=363776.91242282378 original=266586.38515558216 current=267162.732012789 won=0 mode=1 camera_scale=1 keep_scale=0
ATTR_RADIUS o=10 raw_norm=236.23877894611968 norm=29.529847368264978 radius=489.2642747022669 next_radius=489.2642747022669 lambda=6.4000000000000033e-07 next_lambda=6.400000000000003e-08 rho=0.26012990097628919 accept=1
STCG o=10 retry=0 reason=0 depth=2 cap=128 next_iterate_norm=236.23877894611968 norm=29.529847368264978 radius=489.2642747022669 accept=1 metric_seconds=0.001539358 grams=84
CLASSICAL_LM o=10 lambda=6.4000000000000033e-07 tau=6.4000000000000033e-07 prediction=2215.6117195438123 rho=0.26012990097628919 accept=1
  MFCG it  11 cost=2.665864e+05 lam=6.400e-08 tau=0.00e+00 cg_it=1 shift=0 ckpt=2 alpha=0 acc mv=74
PCG_PREP o=11 rebuild=1 drift=0 previous_depth=2
POINT_SAFE o=11 frozen=1030 slope=-19501.435654153036 candidate=405234.01984784962 original=266222.46966913185 current=266586.38515558216 won=0 mode=1 camera_scale=1 keep_scale=0
ATTR_RADIUS o=11 raw_norm=251.35845611490151 norm=15.709903507181345 radius=489.2642747022669 next_radius=489.2642747022669 lambda=6.400000000000003e-08 next_lambda=6.4000000000000035e-09 rho=0.30769334298705486 accept=1
STCG o=11 retry=0 reason=0 depth=2 cap=128 next_iterate_norm=251.35845611490157 norm=15.709903507181345 radius=489.2642747022669 accept=1 metric_seconds=0.001612898 grams=88
CLASSICAL_LM o=11 lambda=6.400000000000003e-08 tau=6.400000000000003e-08 prediction=1182.7213514515897 rho=0.30769334298705486 accept=1
  MFCG it  12 cost=2.662225e+05 lam=6.400e-09 tau=0.00e+00 cg_it=1 shift=0 ckpt=2 alpha=0 acc mv=77
PCG_PREP o=12 rebuild=1 drift=0 previous_depth=2
POINT_SAFE o=12 frozen=574 slope=-11862.650292933204 candidate=270262.83125973924 original=265630.82418056711 current=266222.46966913185 won=0 mode=1 camera_scale=1 keep_scale=0
ATTR_RADIUS o=12 raw_norm=100.75719244553157 norm=50.378596222765786 radius=489.2642747022669 next_radius=122.31606867556673 lambda=6.4000000000000035e-09 next_lambda=1.0240000000000006e-07 rho=0.1258019132653431 accept=1
STCG o=12 retry=0 reason=0 depth=1 cap=128 next_iterate_norm=100.75719244553183 norm=50.378596222765786 radius=489.2642747022669 accept=1 metric_seconds=0.001667718 grams=91
CLASSICAL_LM o=12 lambda=6.4000000000000035e-09 tau=6.4000000000000035e-09 prediction=4702.992770204005 rho=0.1258019132653431 accept=1
  MFCG it  13 cost=2.656308e+05 lam=1.024e-07 tau=0.00e+00 cg_it=0 shift=0 ckpt=1 alpha=0 acc mv=79
PCG_PREP o=13 rebuild=1 drift=0 previous_depth=1
POINT_SAFE o=13 frozen=126 slope=-8597.3006935544836 candidate=268962.70595270226 original=264744.23448764469 current=265630.82418056711 won=0 mode=1 camera_scale=1 keep_scale=0
ATTR_RADIUS o=13 raw_norm=96.553414015184842 norm=48.27670700759176 radius=122.31606867556673 next_radius=122.31606867556673 lambda=1.0240000000000006e-07 next_lambda=1.0240000000000006e-08 rho=0.27478611428943278 accept=1
STCG o=13 retry=0 reason=0 depth=1 cap=128 next_iterate_norm=96.553414015184927 norm=48.27670700759176 radius=122.31606867556673 accept=1 metric_seconds=0.001721078 grams=94
CLASSICAL_LM o=13 lambda=1.0240000000000006e-07 tau=1.0240000000000006e-07 prediction=3226.4719606194467 rho=0.27478611428943278 accept=1
  MFCG it  14 cost=2.647442e+05 lam=1.024e-08 tau=0.00e+00 cg_it=0 shift=0 ckpt=1 alpha=0 acc mv=81
PCG_PREP o=14 rebuild=1 drift=0 previous_depth=1
POINT_SAFE o=14 frozen=31 slope=-7922.5347756455412 candidate=269249.92932743503 original=264392.7113777505 current=264744.23448764469 won=0 mode=1 camera_scale=1 keep_scale=0
ATTR_RADIUS o=14 raw_norm=94.144334129859075 norm=47.072167064928799 radius=122.31606867556673 next_radius=30.579017168891681 lambda=1.0240000000000006e-08 next_lambda=1.638400000000001e-07 rho=0.11826883840908108 accept=1
STCG o=14 retry=0 reason=0 depth=1 cap=128 next_iterate_norm=94.144334129859672 norm=47.072167064928799 radius=122.31606867556673 accept=1 metric_seconds=0.001775988 grams=97
CLASSICAL_LM o=14 lambda=1.0240000000000006e-08 tau=1.0240000000000006e-08 prediction=2972.2377815050609 rho=0.11826883840908108 accept=1
  MFCG it  15 cost=2.643927e+05 lam=1.638e-07 tau=0.00e+00 cg_it=0 shift=0 ckpt=1 alpha=0 acc mv=83
PCG_PREP o=15 rebuild=1 drift=0 previous_depth=1
ATTR_RADIUS o=15 raw_norm=30.579017168891671 norm=30.579017168891671 radius=30.579017168891681 next_radius=30.579017168891681 lambda=1.638400000000001e-07 next_lambda=1.638400000000001e-07 rho=0.58323915990994235 accept=1
STCG o=15 retry=0 reason=1 depth=1 cap=128 next_iterate_norm=92.678422421285887 norm=30.579017168891671 radius=30.579017168891681 accept=1 metric_seconds=0.001831588 grams=100
CLASSICAL_LM o=15 lambda=1.638400000000001e-07 tau=1.638400000000001e-07 prediction=2631.5582402944874 rho=0.58323915990994235 accept=1
  MFCG it  16 cost=2.628579e+05 lam=1.638e-07 tau=0.00e+00 cg_it=0 shift=0 ckpt=1 alpha=0 acc mv=84
PCG_PREP o=16 rebuild=1 drift=0 previous_depth=1
ATTR_RADIUS o=16 raw_norm=30.579017168891326 norm=30.579017168891721 radius=30.579017168891681 next_radius=30.579017168891681 lambda=1.638400000000001e-07 next_lambda=1.638400000000001e-07 rho=0.26407473383006785 accept=1
STCG o=16 retry=0 reason=1 depth=1 cap=128 next_iterate_norm=86.555876911130341 norm=30.579017168891721 radius=30.579017168891681 accept=1 metric_seconds=0.001885927 grams=103
CLASSICAL_LM o=16 lambda=1.638400000000001e-07 tau=1.638400000000001e-07 prediction=1610.157582023794 rho=0.26407473383006785 accept=1
  MFCG it  17 cost=2.624327e+05 lam=1.638e-07 tau=0.00e+00 cg_it=0 shift=0 ckpt=1 alpha=0 acc mv=85
PCG_PREP o=17 rebuild=1 drift=0 previous_depth=1
ATTR_RADIUS o=17 raw_norm=30.579017168891824 norm=30.579017168891824 radius=30.579017168891681 next_radius=7.6447542922229204 lambda=1.638400000000001e-07 next_lambda=2.6214400000000015e-06 rho=0.1572904439455666 accept=1
STCG o=17 retry=0 reason=1 depth=1 cap=128 next_iterate_norm=82.550858859825112 norm=30.579017168891824 radius=30.579017168891681 accept=1 metric_seconds=0.001942747 grams=106
CLASSICAL_LM o=17 lambda=1.638400000000001e-07 tau=1.638400000000001e-07 prediction=1553.4332055039004 rho=0.1572904439455666 accept=1
  MFCG it  18 cost=2.621883e+05 lam=2.621e-06 tau=0.00e+00 cg_it=0 shift=0 ckpt=1 alpha=0 acc mv=86
PCG_PREP o=18 rebuild=1 drift=0 previous_depth=1
ATTR_RADIUS o=18 raw_norm=7.644754292222923 norm=7.644754292222923 radius=7.6447542922229204 next_radius=15.289508584445841 lambda=2.6214400000000015e-06 next_lambda=6.5536000000000038e-07 rho=0.90697472337871143 accept=1
STCG o=18 retry=0 reason=1 depth=1 cap=128 next_iterate_norm=73.490529422229571 norm=7.644754292222923 radius=7.6447542922229204 accept=1 metric_seconds=0.001998177 grams=109
CLASSICAL_LM o=18 lambda=2.6214400000000015e-06 tau=2.6214400000000015e-06 prediction=501.46659277537327 rho=0.90697472337871143 accept=1
  MFCG it  19 cost=2.617335e+05 lam=6.554e-07 tau=0.00e+00 cg_it=0 shift=0 ckpt=1 alpha=0 acc mv=87
PCG_PREP o=19 rebuild=1 drift=0 previous_depth=1
ATTR_RADIUS o=19 raw_norm=15.289508584445926 norm=15.289508584446089 radius=15.289508584445841 next_radius=15.289508584445841 lambda=6.5536000000000038e-07 next_lambda=6.5536000000000038e-07 rho=0.54798617502051716 accept=1
STCG o=19 retry=0 reason=1 depth=1 cap=128 next_iterate_norm=72.669713665097305 norm=15.289508584446089 radius=15.289508584445841 accept=1 metric_seconds=0.002053077 grams=112
CLASSICAL_LM o=19 lambda=6.5536000000000038e-07 tau=6.5536000000000038e-07 prediction=740.90635957367431 rho=0.54798617502051716 accept=1
  MFCG it  20 cost=2.613275e+05 lam=6.554e-07 tau=0.00e+00 cg_it=0 shift=0 ckpt=1 alpha=0 acc mv=88
PCG_PREP o=20 rebuild=1 drift=0 previous_depth=1
ATTR_RADIUS o=20 raw_norm=15.289508584445912 norm=15.289508584445912 radius=15.289508584445841 next_radius=15.289508584445841 lambda=6.5536000000000038e-07 next_lambda=6.5536000000000038e-07 rho=0.47994321816257479 accept=1
STCG o=20 retry=0 reason=1 depth=1 cap=128 next_iterate_norm=66.930868293856278 norm=15.289508584445912 radius=15.289508584445841 accept=1 metric_seconds=0.002107597 grams=115
CLASSICAL_LM o=20 lambda=6.5536000000000038e-07 tau=6.5536000000000038e-07 prediction=673.25287860985236 rho=0.47994321816257479 accept=1
  MFCG it  21 cost=2.610044e+05 lam=6.554e-07 tau=0.00e+00 cg_it=0 shift=0 ckpt=1 alpha=0 acc mv=89
PCG_PREP o=21 rebuild=1 drift=0 previous_depth=1
ATTR_RADIUS o=21 raw_norm=15.289508584445832 norm=15.289508584445832 radius=15.289508584445841 next_radius=15.289508584445841 lambda=6.5536000000000038e-07 next_lambda=6.5536000000000038e-07 rho=0.41282124315642077 accept=1
STCG o=21 retry=0 reason=1 depth=1 cap=128 next_iterate_norm=62.193918195185333 norm=15.289508584445832 radius=15.289508584445841 accept=1 metric_seconds=0.002163507 grams=118
CLASSICAL_LM o=21 lambda=6.5536000000000038e-07 tau=6.5536000000000038e-07 prediction=617.59266506008066 rho=0.41282124315642077 accept=1
  MFCG it  22 cost=2.607494e+05 lam=6.554e-07 tau=0.00e+00 cg_it=0 shift=0 ckpt=1 alpha=0 acc mv=90
PCG_PREP o=22 rebuild=1 drift=0 previous_depth=1
ATTR_RADIUS o=22 raw_norm=15.28950858444583 norm=15.28950858444583 radius=15.289508584445841 next_radius=15.289508584445841 lambda=6.5536000000000038e-07 next_lambda=6.5536000000000038e-07 rho=0.35427553010503432 accept=1
STCG o=22 retry=0 reason=1 depth=1 cap=128 next_iterate_norm=58.319867551001458 norm=15.28950858444583 radius=15.289508584445841 accept=1 metric_seconds=0.002218117 grams=121
CLASSICAL_LM o=22 lambda=6.5536000000000038e-07 tau=6.5536000000000038e-07 prediction=576.09507098311678 rho=0.35427553010503432 accept=1
  MFCG it  23 cost=2.605453e+05 lam=6.554e-07 tau=0.00e+00 cg_it=0 shift=0 ckpt=1 alpha=0 acc mv=91
PCG_PREP o=23 rebuild=1 drift=0 previous_depth=1
ATTR_RADIUS o=23 raw_norm=15.289508584445857 norm=15.289508584445855 radius=15.289508584445841 next_radius=15.289508584445841 lambda=6.5536000000000038e-07 next_lambda=6.5536000000000038e-07 rho=0.30931578414908184 accept=1
STCG o=23 retry=0 reason=1 depth=1 cap=128 next_iterate_norm=55.155693079803193 norm=15.289508584445855 radius=15.289508584445841 accept=1 metric_seconds=0.002273197 grams=124
CLASSICAL_LM o=23 lambda=6.5536000000000038e-07 tau=6.5536000000000038e-07 prediction=545.48484773018083 rho=0.30931578414908184 accept=1
  MFCG it  24 cost=2.603766e+05 lam=6.554e-07 tau=0.00e+00 cg_it=0 shift=0 ckpt=1 alpha=0 acc mv=92
PCG_PREP o=24 rebuild=1 drift=0 previous_depth=1
ATTR_RADIUS o=24 raw_norm=15.289508584446198 norm=15.289508584446198 radius=15.289508584445841 next_radius=15.289508584445841 lambda=6.5536000000000038e-07 next_lambda=6.5536000000000038e-07 rho=0.27941402069676119 accept=1
STCG o=24 retry=0 reason=1 depth=1 cap=128 next_iterate_norm=52.537201054449234 norm=15.289508584446198 radius=15.289508584445841 accept=1 metric_seconds=0.002328617 grams=127
CLASSICAL_LM o=24 lambda=6.5536000000000038e-07 tau=6.5536000000000038e-07 prediction=522.01658888614543 rho=0.27941402069676119 accept=1
  MFCG it  25 cost=2.602308e+05 lam=6.554e-07 tau=0.00e+00 cg_it=0 shift=0 ckpt=1 alpha=0 acc mv=93
PCG_PREP o=25 rebuild=1 drift=0 previous_depth=1
ATTR_RADIUS o=25 raw_norm=15.289508584445823 norm=15.289508584445823 radius=15.289508584445841 next_radius=15.289508584445841 lambda=6.5536000000000038e-07 next_lambda=6.5536000000000038e-07 rho=0.2627578083099571 accept=1
STCG o=25 retry=0 reason=1 depth=1 cap=128 next_iterate_norm=50.300879694392911 norm=15.289508584445823 radius=15.289508584445841 accept=1 metric_seconds=0.002385527 grams=130
CLASSICAL_LM o=25 lambda=6.5536000000000038e-07 tau=6.5536000000000038e-07 prediction=502.37800598341551 rho=0.2627578083099571 accept=1
  MFCG it  26 cost=2.600988e+05 lam=6.554e-07 tau=0.00e+00 cg_it=0 shift=0 ckpt=1 alpha=0 acc mv=94
PCG_PREP o=26 rebuild=1 drift=0 previous_depth=1
ATTR_RADIUS o=26 raw_norm=15.289508584446002 norm=15.289508584446002 radius=15.289508584445841 next_radius=15.289508584445841 lambda=6.5536000000000038e-07 next_lambda=6.5536000000000038e-07 rho=0.25600190028486741 accept=1
STCG o=26 retry=0 reason=1 depth=1 cap=128 next_iterate_norm=48.301783775250954 norm=15.289508584446002 radius=15.289508584445841 accept=1 metric_seconds=0.002440057 grams=133
CLASSICAL_LM o=26 lambda=6.5536000000000038e-07 tau=6.5536000000000038e-07 prediction=484.16935543019076 rho=0.25600190028486741 accept=1
  MFCG it  27 cost=2.599748e+05 lam=6.554e-07 tau=0.00e+00 cg_it=0 shift=0 ckpt=1 alpha=0 acc mv=95
PCG_PREP o=27 rebuild=1 drift=0 previous_depth=1
ATTR_RADIUS o=27 raw_norm=15.289508584445915 norm=15.289508584445915 radius=15.289508584445841 next_radius=15.289508584445841 lambda=6.5536000000000038e-07 next_lambda=6.5536000000000038e-07 rho=0.25580802075475578 accept=1
STCG o=27 retry=0 reason=1 depth=1 cap=128 next_iterate_norm=46.42823877952469 norm=15.289508584445915 radius=15.289508584445841 accept=1 metric_seconds=0.002493668 grams=136
CLASSICAL_LM o=27 lambda=6.5536000000000038e-07 tau=6.5536000000000038e-07 prediction=465.92602075704156 rho=0.25580802075475578 accept=1
  MFCG it  28 cost=2.598556e+05 lam=6.554e-07 tau=0.00e+00 cg_it=0 shift=0 ckpt=1 alpha=0 acc mv=96
PCG_PREP o=28 rebuild=1 drift=0 previous_depth=1
ATTR_RADIUS o=28 raw_norm=15.289508584445679 norm=15.289508584445654 radius=15.289508584445841 next_radius=15.289508584445841 lambda=6.5536000000000038e-07 next_lambda=6.5536000000000038e-07 rho=0.25953019470564503 accept=1
STCG o=28 retry=0 reason=1 depth=1 cap=128 next_iterate_norm=44.606103033747644 norm=15.289508584445654 radius=15.289508584445841 accept=1 metric_seconds=0.002548848 grams=139
CLASSICAL_LM o=28 lambda=6.5536000000000038e-07 tau=6.5536000000000038e-07 prediction=446.91050663392633 rho=0.25953019470564503 accept=1
  MFCG it  29 cost=2.597396e+05 lam=6.554e-07 tau=0.00e+00 cg_it=0 shift=0 ckpt=1 alpha=0 acc mv=97
PCG_PREP o=29 rebuild=1 drift=0 previous_depth=1
ATTR_RADIUS o=29 raw_norm=15.289508584445791 norm=15.289508584445791 radius=15.289508584445841 next_radius=15.289508584445841 lambda=6.5536000000000038e-07 next_lambda=6.5536000000000038e-07 rho=0.26529912538697481 accept=1
STCG o=29 retry=0 reason=1 depth=1 cap=128 next_iterate_norm=42.793989030196784 norm=15.289508584445791 radius=15.289508584445841 accept=1 metric_seconds=0.002603908 grams=142
CLASSICAL_LM o=29 lambda=6.5536000000000038e-07 tau=6.5536000000000038e-07 prediction=426.87654799549153 rho=0.26529912538697481 accept=1
  MFCG it  30 cost=2.596264e+05 lam=6.554e-07 tau=0.00e+00 cg_it=0 shift=0 ckpt=1 alpha=0 acc mv=98
PCG_PREP o=30 rebuild=1 drift=0 previous_depth=1
ATTR_RADIUS o=30 raw_norm=15.289508584446029 norm=15.289508584446031 radius=15.289508584445841 next_radius=15.289508584445841 lambda=6.5536000000000038e-07 next_lambda=6.5536000000000038e-07 rho=0.27189286231821991 accept=1
STCG o=30 retry=0 reason=1 depth=1 cap=128 next_iterate_norm=40.97516117414046 norm=15.289508584446031 radius=15.289508584445841 accept=1 metric_seconds=0.002658488 grams=145
CLASSICAL_LM o=30 lambda=6.5536000000000038e-07 tau=6.5536000000000038e-07 prediction=405.88467919939546 rho=0.27189286231821991 accept=1
  MFCG it  31 cost=2.595160e+05 lam=6.554e-07 tau=0.00e+00 cg_it=0 shift=0 ckpt=1 alpha=0 acc mv=99
PCG_PREP o=31 rebuild=1 drift=0 previous_depth=1
ATTR_RADIUS o=31 raw_norm=15.289508584445519 norm=15.289508584445546 radius=15.289508584445841 next_radius=15.289508584445841 lambda=6.5536000000000038e-07 next_lambda=6.5536000000000038e-07 rho=0.27859474438621196 accept=1
STCG o=31 retry=0 reason=1 depth=1 cap=128 next_iterate_norm=39.149778287245681 norm=15.289508584445546 radius=15.289508584445841 accept=1 metric_seconds=0.002713468 grams=148
CLASSICAL_LM o=31 lambda=6.5536000000000038e-07 tau=6.5536000000000038e-07 prediction=384.17251339103183 rho=0.27859474438621196 accept=1
  MFCG it  32 cost=2.594090e+05 lam=6.554e-07 tau=0.00e+00 cg_it=0 shift=0 ckpt=1 alpha=0 acc mv=100
PCG_PREP o=32 rebuild=1 drift=0 previous_depth=1
ATTR_RADIUS o=32 raw_norm=15.289508584445869 norm=15.289508584445869 radius=15.289508584445841 next_radius=15.289508584445841 lambda=6.5536000000000038e-07 next_lambda=6.5536000000000038e-07 rho=0.2850617954111071 accept=1
STCG o=32 retry=0 reason=1 depth=1 cap=128 next_iterate_norm=37.327828509608999 norm=15.289508584445869 radius=15.289508584445841 accept=1 metric_seconds=0.002768248 grams=151
CLASSICAL_LM o=32 lambda=6.5536000000000038e-07 tau=6.5536000000000038e-07 prediction=362.06190093889643 rho=0.2850617954111071 accept=1
  MFCG it  33 cost=2.593058e+05 lam=6.554e-07 tau=0.00e+00 cg_it=0 shift=0 ckpt=1 alpha=0 acc mv=101
PCG_PREP o=33 rebuild=1 drift=0 previous_depth=1
ATTR_RADIUS o=33 raw_norm=15.289508584445565 norm=15.289508584445565 radius=15.289508584445841 next_radius=15.289508584445841 lambda=6.5536000000000038e-07 next_lambda=6.5536000000000038e-07 rho=0.29120981246407701 accept=1
STCG o=33 retry=0 reason=1 depth=1 cap=128 next_iterate_norm=35.523789738511852 norm=15.289508584445565 radius=15.289508584445841 accept=1 metric_seconds=0.002823548 grams=154
CLASSICAL_LM o=33 lambda=6.5536000000000038e-07 tau=6.5536000000000038e-07 prediction=339.89346516358069 rho=0.29120981246407701 accept=1
  MFCG it  34 cost=2.592068e+05 lam=6.554e-07 tau=0.00e+00 cg_it=0 shift=0 ckpt=1 alpha=0 acc mv=102
PCG_PREP o=34 rebuild=1 drift=0 previous_depth=1
ATTR_RADIUS o=34 raw_norm=15.289508584445954 norm=15.289508584445981 radius=15.289508584445841 next_radius=15.289508584445841 lambda=6.5536000000000038e-07 next_lambda=6.5536000000000038e-07 rho=0.29714849818825823 accept=1
STCG o=34 retry=0 reason=1 depth=1 cap=128 next_iterate_norm=33.752765517086992 norm=15.289508584445981 radius=15.289508584445841 accept=1 metric_seconds=0.002877958 grams=157
CLASSICAL_LM o=34 lambda=6.5536000000000038e-07 tau=6.5536000000000038e-07 prediction=317.9822885133666 rho=0.29714849818825823 accept=1
  MFCG it  35 cost=2.591123e+05 lam=6.554e-07 tau=0.00e+00 cg_it=0 shift=0 ckpt=1 alpha=0 acc mv=103
PCG_PREP o=35 rebuild=1 drift=0 previous_depth=1
ATTR_RADIUS o=35 raw_norm=15.289508584445919 norm=15.289508584445892 radius=15.289508584445841 next_radius=15.289508584445841 lambda=6.5536000000000038e-07 next_lambda=6.5536000000000038e-07 rho=0.30307591516277599 accept=1
STCG o=35 retry=0 reason=1 depth=1 cap=128 next_iterate_norm=32.027497399778639 norm=15.289508584445892 radius=15.289508584445841 accept=1 metric_seconds=0.002934178 grams=160
CLASSICAL_LM o=35 lambda=6.5536000000000038e-07 tau=6.5536000000000038e-07 prediction=296.58605923649674 rho=0.30307591516277599 accept=1
  MFCG it  36 cost=2.590224e+05 lam=6.554e-07 tau=0.00e+00 cg_it=0 shift=0 ckpt=1 alpha=0 acc mv=104
PCG_PREP o=36 rebuild=1 drift=0 previous_depth=1
ATTR_RADIUS o=36 raw_norm=15.289508584445871 norm=15.289508584446214 radius=15.289508584445841 next_radius=15.289508584445841 lambda=6.5536000000000038e-07 next_lambda=6.5536000000000038e-07 rho=0.30924560813100371 accept=1
STCG o=36 retry=0 reason=1 depth=1 cap=128 next_iterate_norm=30.35715791386059 norm=15.289508584446214 radius=15.289508584445841 accept=1 metric_seconds=0.002989288 grams=163
CLASSICAL_LM o=36 lambda=6.5536000000000038e-07 tau=6.5536000000000038e-07 prediction=275.89360169814449 rho=0.30924560813100371 accept=1
  MFCG it  37 cost=2.589371e+05 lam=6.554e-07 tau=0.00e+00 cg_it=0 shift=0 ckpt=1 alpha=0 acc mv=105
PCG_PREP o=37 rebuild=1 drift=0 previous_depth=1
ATTR_RADIUS o=37 raw_norm=15.289508584446045 norm=15.28950858444602 radius=15.289508584445841 next_radius=15.289508584445841 lambda=6.5536000000000038e-07 next_lambda=6.5536000000000038e-07 rho=0.31588718690917383 accept=1
STCG o=37 retry=0 reason=1 depth=1 cap=128 next_iterate_norm=28.746627529049157 norm=15.28950858444602 radius=15.289508584445841 accept=1 metric_seconds=0.003048448 grams=166
CLASSICAL_LM o=37 lambda=6.5536000000000038e-07 tau=6.5536000000000038e-07 prediction=256.02039215656748 rho=0.31588718690917383 accept=1
  MFCG it  38 cost=2.588562e+05 lam=6.554e-07 tau=0.00e+00 cg_it=0 shift=0 ckpt=1 alpha=0 acc mv=106
PCG_PREP o=38 rebuild=1 drift=0 previous_depth=1
ATTR_RADIUS o=38 raw_norm=15.289508584445779 norm=15.289508584445779 radius=15.289508584445841 next_radius=15.289508584445841 lambda=6.5536000000000038e-07 next_lambda=6.5536000000000038e-07 rho=0.32319163580380211 accept=1
STCG o=38 retry=0 reason=1 depth=1 cap=128 next_iterate_norm=27.197037776112822 norm=15.289508584445779 radius=15.289508584445841 accept=1 metric_seconds=0.003102538 grams=169
CLASSICAL_LM o=38 lambda=6.5536000000000038e-07 tau=6.5536000000000038e-07 prediction=237.02011992611733 rho=0.32319163580380211 accept=1
  MFCG it  39 cost=2.587796e+05 lam=6.554e-07 tau=0.00e+00 cg_it=0 shift=0 ckpt=1 alpha=0 acc mv=107
PCG_PREP o=39 rebuild=1 drift=0 previous_depth=1
ATTR_RADIUS o=39 raw_norm=15.289508584445827 norm=15.289508584445803 radius=15.289508584445841 next_radius=15.289508584445841 lambda=6.5536000000000038e-07 next_lambda=6.5536000000000038e-07 rho=0.33130031994698178 accept=1
STCG o=39 retry=0 reason=1 depth=1 cap=128 next_iterate_norm=25.706644007617783 norm=15.289508584445803 radius=15.289508584445841 accept=1 metric_seconds=0.003159148 grams=172
CLASSICAL_LM o=39 lambda=6.5536000000000038e-07 tau=6.5536000000000038e-07 prediction=218.89873379284626 rho=0.33130031994698178 accept=1
  MFCG it  40 cost=2.587071e+05 lam=6.554e-07 tau=0.00e+00 cg_it=0 shift=0 ckpt=1 alpha=0 acc mv=108
PCG_PREP o=40 rebuild=1 drift=0 previous_depth=1
ATTR_RADIUS o=40 raw_norm=15.289508584445459 norm=15.289508584445459 radius=15.289508584445841 next_radius=15.289508584445841 lambda=6.5536000000000038e-07 next_lambda=6.5536000000000038e-07 rho=0.34031204081090316 accept=1
STCG o=40 retry=0 reason=1 depth=1 cap=128 next_iterate_norm=24.271880469176462 norm=15.289508584445459 radius=15.289508584445841 accept=1 metric_seconds=0.003214198 grams=175
CLASSICAL_LM o=40 lambda=6.5536000000000038e-07 tau=6.5536000000000038e-07 prediction=201.63075529898208 rho=0.34031204081090316 accept=1
  MFCG it  41 cost=2.586385e+05 lam=6.554e-07 tau=0.00e+00 cg_it=0 shift=0 ckpt=1 alpha=0 acc mv=109
PCG_PREP o=41 rebuild=1 drift=0 previous_depth=1
ATTR_RADIUS o=41 raw_norm=15.289508584445523 norm=15.289508584445525 radius=15.289508584445841 next_radius=15.289508584445841 lambda=6.5536000000000038e-07 next_lambda=6.5536000000000038e-07 rho=0.35031194604293941 accept=1
STCG o=41 retry=0 reason=1 depth=1 cap=128 next_iterate_norm=22.88836873615022 norm=15.289508584445525 radius=15.289508584445841 accept=1 metric_seconds=0.003269058 grams=178
CLASSICAL_LM o=41 lambda=6.5536000000000038e-07 tau=6.5536000000000038e-07 prediction=185.17386128636474 rho=0.35031194604293941 accept=1
  MFCG it  42 cost=2.585736e+05 lam=6.554e-07 tau=0.00e+00 cg_it=0 shift=0 ckpt=1 alpha=0 acc mv=110
PCG_PREP o=42 rebuild=1 drift=0 previous_depth=1
ATTR_RADIUS o=42 raw_norm=15.289508584445842 norm=15.289508584445842 radius=15.289508584445841 next_radius=15.289508584445841 lambda=6.5536000000000038e-07 next_lambda=6.5536000000000038e-07 rho=0.3613613828043124 accept=1
STCG o=42 retry=0 reason=1 depth=1 cap=128 next_iterate_norm=21.551529291871148 norm=15.289508584445842 radius=15.289508584445841 accept=1 metric_seconds=0.003322658 grams=181
CLASSICAL_LM o=42 lambda=6.5536000000000038e-07 tau=6.5536000000000038e-07 prediction=169.47841484445115 rho=0.3613613828043124 accept=1
  MFCG it  43 cost=2.585124e+05 lam=6.554e-07 tau=0.00e+00 cg_it=0 shift=0 ckpt=1 alpha=0 acc mv=111
PCG_PREP o=43 rebuild=1 drift=0 previous_depth=1
ATTR_RADIUS o=43 raw_norm=15.289508584445661 norm=15.289508584445661 radius=15.289508584445841 next_radius=15.289508584445841 lambda=6.5536000000000038e-07 next_lambda=6.5536000000000038e-07 rho=0.37357083096301769 accept=1
STCG o=43 retry=0 reason=1 depth=1 cap=128 next_iterate_norm=20.25729802281904 norm=15.289508584445661 radius=15.289508584445841 accept=1 metric_seconds=0.003376218 grams=184
CLASSICAL_LM o=43 lambda=6.5536000000000038e-07 tau=6.5536000000000038e-07 prediction=154.49785670137311 rho=0.37357083096301769 accept=1
  MFCG it  44 cost=2.584547e+05 lam=6.554e-07 tau=0.00e+00 cg_it=0 shift=0 ckpt=1 alpha=0 acc mv=112
PCG_PREP o=44 rebuild=1 drift=0 previous_depth=1
ATTR_RADIUS o=44 raw_norm=15.289508584445903 norm=15.289508584445928 radius=15.289508584445841 next_radius=15.289508584445841 lambda=6.5536000000000038e-07 next_lambda=6.5536000000000038e-07 rho=0.38706110177968289 accept=1
STCG o=44 retry=0 reason=1 depth=1 cap=128 next_iterate_norm=19.002183036675639 norm=15.289508584445928 radius=15.289508584445841 accept=1 metric_seconds=0.003430699 grams=187
CLASSICAL_LM o=44 lambda=6.5536000000000038e-07 tau=6.5536000000000038e-07 prediction=140.18770764953911 rho=0.38706110177968289 accept=1
  MFCG it  45 cost=2.584004e+05 lam=6.554e-07 tau=0.00e+00 cg_it=0 shift=0 ckpt=1 alpha=0 acc mv=113
PCG_PREP o=45 rebuild=1 drift=0 previous_depth=1
ATTR_RADIUS o=45 raw_norm=15.289508584445779 norm=15.289508584445802 radius=15.289508584445841 next_radius=15.289508584445841 lambda=6.5536000000000038e-07 next_lambda=6.5536000000000038e-07 rho=0.4020536454908582 accept=1
STCG o=45 retry=0 reason=1 depth=1 cap=128 next_iterate_norm=17.783555082919847 norm=15.289508584445802 radius=15.289508584445841 accept=1 metric_seconds=0.00348471 grams=190
CLASSICAL_LM o=45 lambda=6.5536000000000038e-07 tau=6.5536000000000038e-07 prediction=126.51205476153353 rho=0.4020536454908582 accept=1
  MFCG it  46 cost=2.583495e+05 lam=6.554e-07 tau=0.00e+00 cg_it=0 shift=0 ckpt=1 alpha=0 acc mv=114
PCG_PREP o=46 rebuild=1 drift=0 previous_depth=1
ATTR_RADIUS o=46 raw_norm=15.289508584445747 norm=15.289508584445748 radius=15.289508584445841 next_radius=15.289508584445841 lambda=6.5536000000000038e-07 next_lambda=6.5536000000000038e-07 rho=0.41883070636929787 accept=1
STCG o=46 retry=0 reason=1 depth=1 cap=128 next_iterate_norm=16.599433940877688 norm=15.289508584445748 radius=15.289508584445841 accept=1 metric_seconds=0.00354227 grams=193
CLASSICAL_LM o=46 lambda=6.5536000000000038e-07 tau=6.5536000000000038e-07 prediction=113.43796795673094 rho=0.41883070636929787 accept=1
  MFCG it  47 cost=2.583020e+05 lam=6.554e-07 tau=0.00e+00 cg_it=0 shift=0 ckpt=1 alpha=0 acc mv=115
PCG_PREP o=47 rebuild=1 drift=0 previous_depth=1
ATTR_RADIUS o=47 raw_norm=15.289508584445752 norm=15.289508584445752 radius=15.289508584445841 next_radius=15.289508584445841 lambda=6.5536000000000038e-07 next_lambda=6.5536000000000038e-07 rho=0.43783085313955616 accept=1
STCG o=47 retry=0 reason=1 depth=1 cap=128 next_iterate_norm=15.448687804606415 norm=15.289508584445752 radius=15.289508584445841 accept=1 metric_seconds=0.00359672 grams=196
CLASSICAL_LM o=47 lambda=6.5536000000000038e-07 tau=6.5536000000000038e-07 prediction=100.94015517983178 rho=0.43783085313955616 accept=1
  MFCG it  48 cost=2.582578e+05 lam=6.554e-07 tau=0.00e+00 cg_it=0 shift=0 ckpt=1 alpha=0 acc mv=116
PCG_PREP o=48 rebuild=1 drift=0 previous_depth=1
ATTR_RADIUS o=48 raw_norm=14.330819614736276 norm=14.330819614736276 radius=15.289508584445841 next_radius=15.289508584445841 lambda=6.5536000000000038e-07 next_lambda=6.5536000000000038e-07 rho=0.52069694464816307 accept=1
STCG o=48 retry=0 reason=0 depth=1 cap=128 next_iterate_norm=14.330819614736441 norm=14.330819614736276 radius=15.289508584445841 accept=1 metric_seconds=0.003651739 grams=199
CLASSICAL_LM o=48 lambda=6.5536000000000038e-07 tau=6.5536000000000038e-07 prediction=88.762428572429371 rho=0.52069694464816307 accept=1
  MFCG it  49 cost=2.582116e+05 lam=6.554e-07 tau=0.00e+00 cg_it=0 shift=0 ckpt=1 alpha=0 acc mv=118
PCG_PREP o=49 rebuild=1 drift=0 previous_depth=1
ATTR_RADIUS o=49 raw_norm=13.016657238676576 norm=13.016657238676576 radius=15.289508584445841 next_radius=15.289508584445841 lambda=6.5536000000000038e-07 next_lambda=6.5536000000000038e-07 rho=0.53688065783432926 accept=1
STCG o=49 retry=0 reason=0 depth=1 cap=128 next_iterate_norm=13.016657238676645 norm=13.016657238676576 radius=15.289508584445841 accept=1 metric_seconds=0.003708269 grams=202
CLASSICAL_LM o=49 lambda=6.5536000000000038e-07 tau=6.5536000000000038e-07 prediction=71.376208864469959 rho=0.53688065783432926 accept=1
  MFCG it  50 cost=2.581733e+05 lam=6.554e-07 tau=0.00e+00 cg_it=0 shift=0 ckpt=1 alpha=0 acc mv=120
PCG_PREP o=50 rebuild=1 drift=0 previous_depth=1
ATTR_RADIUS o=50 raw_norm=11.916697113380897 norm=11.916697113380897 radius=15.289508584445841 next_radius=15.289508584445841 lambda=6.5536000000000038e-07 next_lambda=6.5536000000000038e-08 rho=0.56798438674702312 accept=1
STCG o=50 retry=0 reason=0 depth=1 cap=128 next_iterate_norm=11.916697113380902 norm=11.916697113380897 radius=15.289508584445841 accept=1 metric_seconds=0.003761609 grams=205
CLASSICAL_LM o=50 lambda=6.5536000000000038e-07 tau=6.5536000000000038e-07 prediction=58.787770013252199 rho=0.56798438674702312 accept=1
  MFCG it  51 cost=2.581399e+05 lam=6.554e-08 tau=0.00e+00 cg_it=0 shift=0 ckpt=1 alpha=0 acc mv=122
PCG_PREP o=51 rebuild=1 drift=0 previous_depth=1
POINT_SAFE o=51 frozen=709 slope=-107.19938208449685 candidate=273181.76224003913 original=258139.12705488471 current=258139.90572483715 won=0 mode=1 camera_scale=1 keep_scale=0
ATTR_RADIUS o=51 raw_norm=11.272649407779806 norm=0.17613514699655947 radius=15.289508584445841 next_radius=15.289508584445841 lambda=6.5536000000000038e-08 next_lambda=6.5536000000000043e-09 rho=0.4677381010012146 accept=1
STCG o=51 retry=0 reason=0 depth=1 cap=128 next_iterate_norm=11.272649407779907 norm=0.17613514699655947 radius=15.289508584445841 accept=1 metric_seconds=0.003823319 grams=208
CLASSICAL_LM o=51 lambda=6.5536000000000038e-08 tau=6.5536000000000038e-08 prediction=1.6647563043875524 rho=0.4677381010012146 accept=1
  MFCG it  52 cost=2.581391e+05 lam=6.554e-09 tau=0.00e+00 cg_it=0 shift=0 ckpt=1 alpha=0 acc mv=124
PCG_PREP o=52 rebuild=1 drift=0 previous_depth=1
POINT_SAFE o=52 frozen=583 slope=-203.85653395366461 candidate=426311.45828969992 original=inf current=258139.12705488471 won=0 mode=1 camera_scale=1 keep_scale=0
ATTR_RADIUS o=52 raw_norm=15.289508584450367 norm=15.289508584450367 radius=15.289508584445841 next_radius=3.8223771461114602 lambda=6.5536000000000043e-09 next_lambda=1.0485760000000007e-07 rho=-1 accept=0
STCG o=52 retry=0 reason=1 depth=1 cap=128 next_iterate_norm=16.094794720761733 norm=15.289508584450367 radius=15.289508584445841 accept=0 metric_seconds=0.003877278 grams=211
CLASSICAL_LM o=52 lambda=6.5536000000000043e-09 tau=6.5536000000000043e-09 prediction=158.10805915344747 rho=-1 accept=0
  MFCG it  53  retry 1/8  lam=1.049e-07 tau_eff=6.554e-09  (assembly reused)
PCG_PREP o=52 rebuild=1 drift=0 previous_depth=1
POINT_SAFE o=52 frozen=171 slope=-45.045995509729934 candidate=258383.24079915669 original=258136.61522798846 current=258139.12705488471 won=0 mode=1 camera_scale=1 keep_scale=0
ATTR_RADIUS o=52 raw_norm=3.8223771461116915 norm=0.47779714326396144 radius=3.8223771461114602 next_radius=3.8223771461114602 lambda=1.0485760000000007e-07 next_lambda=1.0485760000000008e-08 rho=0.46076135472691909 accept=1
STCG o=52 retry=1 reason=1 depth=1 cap=128 next_iterate_norm=11.030931979942915 norm=0.47779714326396144 radius=3.8223771461114602 accept=1 metric_seconds=0.003931467 grams=214
CLASSICAL_LM o=52 lambda=1.0485760000000007e-07 tau=1.0485760000000007e-07 prediction=5.4514704206104669 rho=0.46076135472691909 accept=1
  MFCG it  53 cost=2.581366e+05 lam=1.049e-08 tau=0.00e+00 cg_it=0 shift=0 ckpt=1 alpha=0 acc mv=126
PCG_PREP o=53 rebuild=1 drift=0 previous_depth=1
POINT_SAFE o=53 frozen=121 slope=-56.37906937087191 candidate=272439.94946208881 original=258136.56299590706 current=258136.61522798846 won=0 mode=1 camera_scale=1 keep_scale=0
ATTR_RADIUS o=53 raw_norm=3.8223771461116902 norm=3.8223771461124563 radius=3.8223771461114602 next_radius=0.95559428652786504 lambda=1.0485760000000008e-08 next_lambda=1.6777216000000013e-07 rho=0.059537130380768855 accept=0
STCG o=53 retry=0 reason=1 depth=1 cap=128 next_iterate_norm=14.449069673472781 norm=3.8223771461124563 radius=3.8223771461114602 accept=0 metric_seconds=0.003988248 grams=217
CLASSICAL_LM o=53 lambda=1.0485760000000008e-08 tau=1.0485760000000008e-08 prediction=0.87730263545849374 rho=0.059537130380768855 accept=0
  MFCG it  54  retry 1/8  lam=1.678e-07 tau_eff=1.049e-08  (assembly reused)
PCG_PREP o=53 rebuild=1 drift=0 previous_depth=1
ATTR_RADIUS o=53 raw_norm=0.95559428652787515 norm=0.95559428652779044 radius=0.95559428652786504 next_radius=0.95559428652786504 lambda=1.6777216000000013e-07 next_lambda=1.6777216000000013e-07 rho=0.7107248666818814 accept=1
STCG o=53 retry=1 reason=1 depth=1 cap=128 next_iterate_norm=10.944847592211728 norm=0.95559428652779044 radius=0.95559428652786504 accept=1 metric_seconds=0.004039789 grams=220
CLASSICAL_LM o=53 lambda=1.6777216000000013e-07 tau=1.6777216000000013e-07 prediction=13.517880155440078 rho=0.7107248666818814 accept=1
  MFCG it  54 cost=2.581270e+05 lam=1.678e-07 tau=0.00e+00 cg_it=0 shift=0 ckpt=1 alpha=0 acc mv=128
PCG_PREP o=54 rebuild=1 drift=0 previous_depth=1
ATTR_RADIUS o=54 raw_norm=0.95559428652780554 norm=0.95559428652780554 radius=0.95559428652786504 next_radius=0.95559428652786504 lambda=1.6777216000000013e-07 next_lambda=1.6777216000000013e-07 rho=0.44201842591393076 accept=1
STCG o=54 retry=0 reason=1 depth=1 cap=128 next_iterate_norm=10.902679440473332 norm=0.95559428652780554 radius=0.95559428652786504 accept=1 metric_seconds=0.004099019 grams=223
CLASSICAL_LM o=54 lambda=1.6777216000000013e-07 tau=1.6777216000000013e-07 prediction=6.7273191757884732 rho=0.44201842591393076 accept=1
  MFCG it  55 cost=2.581240e+05 lam=1.678e-07 tau=0.00e+00 cg_it=0 shift=0 ckpt=1 alpha=0 acc mv=129
PCG_PREP o=55 rebuild=1 drift=0 previous_depth=1
ATTR_RADIUS o=55 raw_norm=0.95559428652786249 norm=0.95559428652786249 radius=0.95559428652786504 next_radius=0.95559428652786504 lambda=1.6777216000000013e-07 next_lambda=1.6777216000000013e-07 rho=0.4570647648268677 accept=1
STCG o=55 retry=0 reason=1 depth=1 cap=128 next_iterate_norm=10.831193356951816 norm=0.95559428652786249 radius=0.95559428652786504 accept=1 metric_seconds=0.004149879 grams=226
CLASSICAL_LM o=55 lambda=1.6777216000000013e-07 tau=1.6777216000000013e-07 prediction=6.6538473382348382 rho=0.4570647648268677 accept=1
  MFCG it  56 cost=2.581210e+05 lam=1.678e-07 tau=0.00e+00 cg_it=0 shift=0 ckpt=1 alpha=0 acc mv=130
PCG_PREP o=56 rebuild=1 drift=0 previous_depth=1
ATTR_RADIUS o=56 raw_norm=0.95559428652779232 norm=0.95559428652779221 radius=0.95559428652786504 next_radius=0.95559428652786504 lambda=1.6777216000000013e-07 next_lambda=1.6777216000000013e-07 rho=0.47022761843997674 accept=1
STCG o=56 retry=0 reason=1 depth=1 cap=128 next_iterate_norm=10.751583908119997 norm=0.95559428652779221 radius=0.95559428652786504 accept=1 metric_seconds=0.00420524 grams=229
CLASSICAL_LM o=56 lambda=1.6777216000000013e-07 tau=1.6777216000000013e-07 prediction=6.5704294895888706 rho=0.47022761843997674 accept=1
  MFCG it  57 cost=2.581179e+05 lam=1.678e-07 tau=0.00e+00 cg_it=0 shift=0 ckpt=1 alpha=0 acc mv=131
PCG_PREP o=57 rebuild=1 drift=0 previous_depth=1
ATTR_RADIUS o=57 raw_norm=0.95559428652787448 norm=0.95559428652787448 radius=0.95559428652786504 next_radius=0.95559428652786504 lambda=1.6777216000000013e-07 next_lambda=1.6777216000000013e-07 rho=0.48186451839560118 accept=1
STCG o=57 retry=0 reason=1 depth=1 cap=128 next_iterate_norm=10.665793255851023 norm=0.95559428652787448 radius=0.95559428652786504 accept=1 metric_seconds=0.00425903 grams=232
CLASSICAL_LM o=57 lambda=1.6777216000000013e-07 tau=1.6777216000000013e-07 prediction=6.4792162014891641 rho=0.48186451839560118 accept=1
  MFCG it  58 cost=2.581148e+05 lam=1.678e-07 tau=0.00e+00 cg_it=0 shift=0 ckpt=1 alpha=0 acc mv=132
PCG_PREP o=58 rebuild=1 drift=0 previous_depth=1
ATTR_RADIUS o=58 raw_norm=0.95559428652785305 norm=0.95559428652785294 radius=0.95559428652786504 next_radius=0.95559428652786504 lambda=1.6777216000000013e-07 next_lambda=1.6777216000000013e-07 rho=0.49226289785540722 accept=1
STCG o=58 retry=0 reason=1 depth=1 cap=128 next_iterate_norm=10.575552222731922 norm=0.95559428652785294 radius=0.95559428652786504 accept=1 metric_seconds=0.00431352 grams=235
CLASSICAL_LM o=58 lambda=1.6777216000000013e-07 tau=1.6777216000000013e-07 prediction=6.3819548801565906 rho=0.49226289785540722 accept=1
  MFCG it  59 cost=2.581116e+05 lam=1.678e-07 tau=0.00e+00 cg_it=0 shift=0 ckpt=1 alpha=0 acc mv=133
PCG_PREP o=59 rebuild=1 drift=0 previous_depth=1
ATTR_RADIUS o=59 raw_norm=0.95559428652783218 norm=0.95559428652783218 radius=0.95559428652786504 next_radius=0.95559428652786504 lambda=1.6777216000000013e-07 next_lambda=1.6777216000000013e-07 rho=0.50165310808672159 accept=1
STCG o=59 retry=0 reason=1 depth=1 cap=128 next_iterate_norm=10.482332299449638 norm=0.95559428652783218 radius=0.95559428652786504 accept=1 metric_seconds=0.004366628 grams=238
CLASSICAL_LM o=59 lambda=1.6777216000000013e-07 tau=1.6777216000000013e-07 prediction=6.2801092564995411 rho=0.50165310808672159 accept=1
  MFCG it  60 cost=2.581085e+05 lam=1.678e-07 tau=0.00e+00 cg_it=0 shift=0 ckpt=1 alpha=0 acc mv=134
PCG_PREP o=60 rebuild=1 drift=0 previous_depth=1
ATTR_RADIUS o=60 raw_norm=0.95559428652785483 norm=0.95559428652785483 radius=0.95559428652786504 next_radius=0.95559428652786504 lambda=1.6777216000000013e-07 next_lambda=1.6777216000000013e-07 rho=0.51022474536226625 accept=1
STCG o=60 retry=0 reason=1 depth=1 cap=128 next_iterate_norm=10.387343043904869 norm=0.95559428652785483 radius=0.95559428652786504 accept=1 metric_seconds=0.004419718 grams=241
CLASSICAL_LM o=60 lambda=1.6777216000000013e-07 tau=1.6777216000000013e-07 prediction=6.1749084690091154 rho=0.51022474536226625 accept=1
  MFCG it  61 cost=2.581053e+05 lam=1.678e-07 tau=0.00e+00 cg_it=0 shift=0 ckpt=1 alpha=0 acc mv=135
PCG_PREP o=61 rebuild=1 drift=0 previous_depth=1
ATTR_RADIUS o=61 raw_norm=0.95559428652782619 norm=0.9555942865278263 radius=0.95559428652786504 next_radius=0.95559428652786504 lambda=1.6777216000000013e-07 next_lambda=1.6777216000000013e-07 rho=0.5181316463413157 accept=1
STCG o=61 retry=0 reason=1 depth=1 cap=128 next_iterate_norm=10.291617819045161 norm=0.9555942865278263 radius=0.95559428652786504 accept=1 metric_seconds=0.004473188 grams=244
CLASSICAL_LM o=61 lambda=1.6777216000000013e-07 tau=1.6777216000000013e-07 prediction=6.0673863270847326 rho=0.5181316463413157 accept=1
  MFCG it  62 cost=2.581022e+05 lam=1.678e-07 tau=0.00e+00 cg_it=0 shift=0 ckpt=1 alpha=0 acc mv=136
PCG_PREP o=62 rebuild=1 drift=0 previous_depth=1
ATTR_RADIUS o=62 raw_norm=0.95559428652791178 norm=0.95559428652791145 radius=0.95559428652786504 next_radius=0.95559428652786504 lambda=1.6777216000000013e-07 next_lambda=1.6777216000000013e-07 rho=0.52550101612131195 accept=1
STCG o=62 retry=0 reason=1 depth=1 cap=128 next_iterate_norm=10.195981894826394 norm=0.95559428652791145 radius=0.95559428652786504 accept=1 metric_seconds=0.004526218 grams=247
CLASSICAL_LM o=62 lambda=1.6777216000000013e-07 tau=1.6777216000000013e-07 prediction=5.9584116231582316 rho=0.52550101612131195 accept=1
  MFCG it  63 cost=2.580991e+05 lam=1.678e-07 tau=0.00e+00 cg_it=0 shift=0 ckpt=1 alpha=0 acc mv=137
PCG_PREP o=63 rebuild=1 drift=0 previous_depth=1
ATTR_RADIUS o=63 raw_norm=0.95559428652786838 norm=0.95559428652786838 radius=0.95559428652786504 next_radius=0.95559428652786504 lambda=1.6777216000000013e-07 next_lambda=1.6777216000000013e-07 rho=0.53243979990313739 accept=1
STCG o=63 retry=0 reason=1 depth=1 cap=128 next_iterate_norm=10.101127654397068 norm=0.95559428652786838 radius=0.95559428652786504 accept=1 metric_seconds=0.004581078 grams=250
CLASSICAL_LM o=63 lambda=1.6777216000000013e-07 tau=1.6777216000000013e-07 prediction=5.8487140461292704 rho=0.53243979990313739 accept=1
  MFCG it  64 cost=2.580959e+05 lam=1.678e-07 tau=0.00e+00 cg_it=0 shift=0 ckpt=1 alpha=0 acc mv=138
PCG_PREP o=64 rebuild=1 drift=0 previous_depth=1
ATTR_RADIUS o=64 raw_norm=0.95559428652784806 norm=0.95559428652784817 radius=0.95559428652786504 next_radius=0.95559428652786504 lambda=1.6777216000000013e-07 next_lambda=1.6777216000000013e-07 rho=0.5390355039464364 accept=1
STCG o=64 retry=0 reason=1 depth=1 cap=128 next_iterate_norm=10.007659221784692 norm=0.95559428652784817 radius=0.95559428652786504 accept=1 metric_seconds=0.004634318 grams=253
CLASSICAL_LM o=64 lambda=1.6777216000000013e-07 tau=1.6777216000000013e-07 prediction=5.7389045023917067 rho=0.5390355039464364 accept=1
  MFCG it  65 cost=2.580929e+05 lam=1.678e-07 tau=0.00e+00 cg_it=0 shift=0 ckpt=1 alpha=0 acc mv=139
PCG_PREP o=65 rebuild=1 drift=0 previous_depth=1
ATTR_RADIUS o=65 raw_norm=0.95559428652787892 norm=0.95559428652787881 radius=0.95559428652786504 next_radius=0.95559428652786504 lambda=1.6777216000000013e-07 next_lambda=1.6777216000000013e-07 rho=0.54536172515842107 accept=1
STCG o=65 retry=0 reason=1 depth=1 cap=128 next_iterate_norm=9.9159920088697042 norm=0.95559428652787881 radius=0.95559428652786504 accept=1 metric_seconds=0.004687678 grams=256
CLASSICAL_LM o=65 lambda=1.6777216000000013e-07 tau=1.6777216000000013e-07 prediction=5.6294914445641906 rho=0.54536172515842107 accept=1
  MFCG it  66 cost=2.580898e+05 lam=1.678e-07 tau=0.00e+00 cg_it=0 shift=0 ckpt=1 alpha=0 acc mv=140
PCG_PREP o=66 rebuild=1 drift=0 previous_depth=1
ATTR_RADIUS o=66 raw_norm=0.95559428652785305 norm=0.95559428652785305 radius=0.95559428652786504 next_radius=0.95559428652786504 lambda=1.6777216000000013e-07 next_lambda=1.6777216000000013e-07 rho=0.55147897456860928 accept=1
STCG o=66 retry=0 reason=1 depth=1 cap=128 next_iterate_norm=9.8265236611408397 norm=0.95559428652785305 radius=0.95559428652786504 accept=1 metric_seconds=0.004740988 grams=259
CLASSICAL_LM o=66 lambda=1.6777216000000013e-07 tau=1.6777216000000013e-07 prediction=5.5208953167405639 rho=0.55147897456860928 accept=1
  MFCG it  67 cost=2.580867e+05 lam=1.678e-07 tau=0.00e+00 cg_it=0 shift=0 ckpt=1 alpha=0 acc mv=141
PCG_PREP o=67 rebuild=1 drift=0 previous_depth=1
ATTR_RADIUS o=67 raw_norm=0.95559428652784995 norm=0.95559428652784428 radius=0.95559428652786504 next_radius=0.95559428652786504 lambda=1.6777216000000013e-07 next_lambda=1.6777216000000013e-07 rho=0.55743709971386157 accept=1
STCG o=67 retry=0 reason=1 depth=1 cap=128 next_iterate_norm=9.7394824360968606 norm=0.95559428652784428 radius=0.95559428652786504 accept=1 metric_seconds=0.004794778 grams=262
CLASSICAL_LM o=67 lambda=1.6777216000000013e-07 tau=1.6777216000000013e-07 prediction=5.4134606499365159 rho=0.55743709971386157 accept=1
  MFCG it  68 cost=2.580837e+05 lam=1.678e-07 tau=0.00e+00 cg_it=0 shift=0 ckpt=1 alpha=0 acc mv=142
PCG_PREP o=68 rebuild=1 drift=0 previous_depth=1
ATTR_RADIUS o=68 raw_norm=0.9555942865278001 norm=0.9555942865278001 radius=0.95559428652786504 next_radius=0.95559428652786504 lambda=1.6777216000000013e-07 next_lambda=1.6777216000000013e-07 rho=0.56327750000956944 accept=1
STCG o=68 retry=0 reason=1 depth=1 cap=128 next_iterate_norm=9.6550887988880376 norm=0.9555942865278001 radius=0.95559428652786504 accept=1 metric_seconds=0.004846948 grams=265
CLASSICAL_LM o=68 lambda=1.6777216000000013e-07 tau=1.6777216000000013e-07 prediction=5.3074660098483983 rho=0.56327750000956944 accept=1
  MFCG it  69 cost=2.580807e+05 lam=1.678e-07 tau=0.00e+00 cg_it=0 shift=0 ckpt=1 alpha=0 acc mv=143
PCG_PREP o=69 rebuild=1 drift=0 previous_depth=1
ATTR_RADIUS o=69 raw_norm=0.95559428652793954 norm=0.95559428652793943 radius=0.95559428652786504 next_radius=0.95559428652786504 lambda=1.6777216000000013e-07 next_lambda=1.6777216000000013e-07 rho=0.56903282191724236 accept=1
STCG o=69 retry=0 reason=1 depth=1 cap=128 next_iterate_norm=9.5734769304448051 norm=0.95559428652793943 radius=0.95559428652786504 accept=1 metric_seconds=0.004900088 grams=268
CLASSICAL_LM o=69 lambda=1.6777216000000013e-07 tau=1.6777216000000013e-07 prediction=5.2031335012963096 rho=0.56903282191724236 accept=1
  MFCG it  70 cost=2.580778e+05 lam=1.678e-07 tau=0.00e+00 cg_it=0 shift=0 ckpt=1 alpha=0 acc mv=144
PCG_PREP o=70 rebuild=1 drift=0 previous_depth=1
ATTR_RADIUS o=70 raw_norm=0.95559428652785705 norm=0.95559428652785694 radius=0.95559428652786504 next_radius=0.95559428652786504 lambda=1.6777216000000013e-07 next_lambda=1.6777216000000013e-07 rho=0.57472920564443053 accept=1
STCG o=70 retry=0 reason=1 depth=1 cap=128 next_iterate_norm=9.4946914031963683 norm=0.95559428652785694 radius=0.95559428652786504 accept=1 metric_seconds=0.004953898 grams=271
CLASSICAL_LM o=70 lambda=1.6777216000000013e-07 tau=1.6777216000000013e-07 prediction=5.1006358426385345 rho=0.57472920564443053 accept=1
  MFCG it  71 cost=2.580748e+05 lam=1.678e-07 tau=0.00e+00 cg_it=0 shift=0 ckpt=1 alpha=0 acc mv=145
PCG_PREP o=71 rebuild=1 drift=0 previous_depth=1
ATTR_RADIUS o=71 raw_norm=0.95559428652784073 norm=0.95559428652784073 radius=0.95559428652786504 next_radius=0.95559428652786504 lambda=1.6777216000000013e-07 next_lambda=1.6777216000000013e-07 rho=0.58038808246417162 accept=1
STCG o=71 retry=0 reason=1 depth=1 cap=128 next_iterate_norm=9.4188102492601313 norm=0.95559428652784073 radius=0.95559428652786504 accept=1 metric_seconds=0.005007438 grams=274
CLASSICAL_LM o=71 lambda=1.6777216000000013e-07 tau=1.6777216000000013e-07 prediction=5.0001035784236674 rho=0.58038808246417162 accept=1
  MFCG it  72 cost=2.580719e+05 lam=1.678e-07 tau=0.00e+00 cg_it=0 shift=0 ckpt=1 alpha=0 acc mv=146
PCG_PREP o=72 rebuild=1 drift=0 previous_depth=1
ATTR_RADIUS o=72 raw_norm=0.95559428652787914 norm=0.95559428652787948 radius=0.95559428652786504 next_radius=0.95559428652786504 lambda=1.6777216000000013e-07 next_lambda=1.6777216000000013e-07 rho=0.58602375907442894 accept=1
STCG o=72 retry=0 reason=1 depth=1 cap=128 next_iterate_norm=9.3457735357482434 norm=0.95559428652787948 radius=0.95559428652786504 accept=1 metric_seconds=0.005060338 grams=277
CLASSICAL_LM o=72 lambda=1.6777216000000013e-07 tau=1.6777216000000013e-07 prediction=4.9016313766260273 rho=0.58602375907442894 accept=1
  MFCG it  73 cost=2.580691e+05 lam=1.678e-07 tau=0.00e+00 cg_it=0 shift=0 ckpt=1 alpha=0 acc mv=147
PCG_PREP o=73 rebuild=1 drift=0 previous_depth=1
ATTR_RADIUS o=73 raw_norm=0.95559428652784995 norm=0.95559428652785006 radius=0.95559428652786504 next_radius=0.95559428652786504 lambda=1.6777216000000013e-07 next_lambda=1.6777216000000013e-07 rho=0.59164791973951669 accept=1
STCG o=73 retry=0 reason=1 depth=1 cap=128 next_iterate_norm=9.2755506906057175 norm=0.95559428652785006 radius=0.95559428652786504 accept=1 metric_seconds=0.005114858 grams=280
CLASSICAL_LM o=73 lambda=1.6777216000000013e-07 tau=1.6777216000000013e-07 prediction=4.8052826182438526 rho=0.59164791973951669 accept=1
  MFCG it  74 cost=2.580662e+05 lam=1.678e-07 tau=0.00e+00 cg_it=0 shift=0 ckpt=1 alpha=0 acc mv=148
PCG_PREP o=74 rebuild=1 drift=0 previous_depth=1
ATTR_RADIUS o=74 raw_norm=0.9555942865278958 norm=0.95559428652789558 radius=0.95559428652786504 next_radius=0.95559428652786504 lambda=1.6777216000000013e-07 next_lambda=1.6777216000000013e-07 rho=0.59726771271983914 accept=1
STCG o=74 retry=0 reason=1 depth=1 cap=128 next_iterate_norm=9.2080415260296622 norm=0.95559428652789558 radius=0.95559428652786504 accept=1 metric_seconds=0.005169988 grams=283
CLASSICAL_LM o=74 lambda=1.6777216000000013e-07 tau=1.6777216000000013e-07 prediction=4.7110951126432443 rho=0.59726771271983914 accept=1
  MFCG it  75 cost=2.580634e+05 lam=1.678e-07 tau=0.00e+00 cg_it=0 shift=0 ckpt=1 alpha=0 acc mv=149
PCG_PREP o=75 rebuild=1 drift=0 previous_depth=1
ATTR_RADIUS o=75 raw_norm=0.95559428652780287 norm=0.95559428652780276 radius=0.95559428652786504 next_radius=0.95559428652786504 lambda=1.6777216000000013e-07 next_lambda=1.6777216000000013e-07 rho=0.60288728535953651 accept=1
STCG o=75 retry=0 reason=1 depth=1 cap=128 next_iterate_norm=9.1431413014695284 norm=0.95559428652780276 radius=0.95559428652786504 accept=1 metric_seconds=0.005224338 grams=286
CLASSICAL_LM o=75 lambda=1.6777216000000013e-07 tau=1.6777216000000013e-07 prediction=4.6190846734155526 rho=0.60288728535953651 accept=1
  MFCG it  76 cost=2.580606e+05 lam=1.678e-07 tau=0.00e+00 cg_it=0 shift=0 ckpt=1 alpha=0 acc mv=150
PCG_PREP o=76 rebuild=1 drift=0 previous_depth=1
ATTR_RADIUS o=76 raw_norm=0.95559428652787293 norm=0.95559428652787293 radius=0.95559428652786504 next_radius=0.95559428652786504 lambda=1.6777216000000013e-07 next_lambda=1.6777216000000013e-07 rho=0.60850933228128667 accept=1
STCG o=76 retry=0 reason=1 depth=1 cap=128 next_iterate_norm=9.0807843610347359 norm=0.95559428652787293 radius=0.95559428652786504 accept=1 metric_seconds=0.005277658 grams=289
CLASSICAL_LM o=76 lambda=1.6777216000000013e-07 tau=1.6777216000000013e-07 prediction=4.5292491044679402 rho=0.60850933228128667 accept=1
  MFCG it  77 cost=2.580579e+05 lam=1.678e-07 tau=0.00e+00 cg_it=0 shift=0 ckpt=1 alpha=0 acc mv=151
PCG_PREP o=77 rebuild=1 drift=0 previous_depth=1
ATTR_RADIUS o=77 raw_norm=0.95559428652782485 norm=0.95559428652782485 radius=0.95559428652786504 next_radius=0.95559428652786504 lambda=1.6777216000000013e-07 next_lambda=1.6777216000000013e-07 rho=0.61413237385653519 accept=1
STCG o=77 retry=0 reason=1 depth=1 cap=128 next_iterate_norm=9.0207590993267353 norm=0.95559428652782485 radius=0.95559428652786504 accept=1 metric_seconds=0.005330629 grams=292
CLASSICAL_LM o=77 lambda=1.6777216000000013e-07 tau=1.6777216000000013e-07 prediction=4.4415713779275272 rho=0.61413237385653519 accept=1
  MFCG it  78 cost=2.580551e+05 lam=1.678e-07 tau=0.00e+00 cg_it=0 shift=0 ckpt=1 alpha=0 acc mv=152
PCG_PREP o=78 rebuild=1 drift=0 previous_depth=1
ATTR_RADIUS o=78 raw_norm=0.95559428652780509 norm=0.95559428652780509 radius=0.95559428652786504 next_radius=0.95559428652786504 lambda=1.6777216000000013e-07 next_lambda=1.6777216000000013e-07 rho=0.61975509644325655 accept=1
STCG o=78 retry=0 reason=1 depth=1 cap=128 next_iterate_norm=8.9629607480246136 norm=0.95559428652780509 radius=0.95559428652786504 accept=1 metric_seconds=0.00538522 grams=295
CLASSICAL_LM o=78 lambda=1.6777216000000013e-07 tau=1.6777216000000013e-07 prediction=4.3560217438926374 rho=0.61975509644325655 accept=1
  MFCG it  79 cost=2.580524e+05 lam=1.678e-07 tau=0.00e+00 cg_it=0 shift=0 ckpt=1 alpha=0 acc mv=153
PCG_PREP o=79 rebuild=1 drift=0 previous_depth=1
ATTR_RADIUS o=79 raw_norm=0.95559428652787948 norm=0.9555942865278797 radius=0.95559428652786504 next_radius=0.95559428652786504 lambda=1.6777216000000013e-07 next_lambda=1.6777216000000013e-07 rho=0.62537307969138844 accept=1
STCG o=79 retry=0 reason=1 depth=1 cap=128 next_iterate_norm=8.907209207003655 norm=0.9555942865278797 radius=0.95559428652786504 accept=1 metric_seconds=0.00543847 grams=298
CLASSICAL_LM o=79 lambda=1.6777216000000013e-07 tau=1.6777216000000013e-07 prediction=4.2725618600759043 rho=0.62537307969138844 accept=1
  MFCG it  80 cost=2.580498e+05 lam=1.678e-07 tau=0.00e+00 cg_it=0 shift=0 ckpt=1 alpha=0 acc mv=154
PCG_PREP o=80 rebuild=1 drift=0 previous_depth=1
ATTR_RADIUS o=80 raw_norm=0.95559428652782363 norm=0.95559428652782374 radius=0.95559428652786504 next_radius=0.95559428652786504 lambda=1.6777216000000013e-07 next_lambda=1.6777216000000013e-07 rho=0.63098303764586228 accept=1
STCG o=80 retry=0 reason=1 depth=1 cap=128 next_iterate_norm=8.8533533058187199 norm=0.95559428652782374 radius=0.95559428652786504 accept=1 metric_seconds=0.00549369 grams=301
CLASSICAL_LM o=80 lambda=1.6777216000000013e-07 tau=1.6777216000000013e-07 prediction=4.1911452304743184 rho=0.63098303764586228 accept=1
  MFCG it  81 cost=2.580471e+05 lam=1.678e-07 tau=0.00e+00 cg_it=0 shift=0 ckpt=1 alpha=0 acc mv=155
PCG_PREP o=81 rebuild=1 drift=0 previous_depth=1
ATTR_RADIUS o=81 raw_norm=0.95559428652781719 norm=0.95559428652781719 radius=0.95559428652786504 next_radius=0.95559428652786504 lambda=1.6777216000000013e-07 next_lambda=1.6777216000000013e-07 rho=0.63657892184694465 accept=1
STCG o=81 retry=0 reason=1 depth=1 cap=128 next_iterate_norm=8.8012065620482414 norm=0.95559428652781719 radius=0.95559428652786504 accept=1 metric_seconds=0.00554677 grams=304
CLASSICAL_LM o=81 lambda=1.6777216000000013e-07 tau=1.6777216000000013e-07 prediction=4.1117198675467579 rho=0.63657892184694465 accept=1
  MFCG it  82 cost=2.580445e+05 lam=1.678e-07 tau=0.00e+00 cg_it=0 shift=0 ckpt=1 alpha=0 acc mv=156
PCG_PREP o=82 rebuild=1 drift=0 previous_depth=1
ATTR_RADIUS o=82 raw_norm=0.95559428652785294 norm=0.95559428652785294 radius=0.95559428652786504 next_radius=0.95559428652786504 lambda=1.6777216000000013e-07 next_lambda=1.6777216000000013e-07 rho=0.6421550690912623 accept=1
STCG o=82 retry=0 reason=1 depth=1 cap=128 next_iterate_norm=8.7505677036849807 norm=0.95559428652785294 radius=0.95559428652786504 accept=1 metric_seconds=0.00560092 grams=307
CLASSICAL_LM o=82 lambda=1.6777216000000013e-07 tau=1.6777216000000013e-07 prediction=4.0342294485334023 rho=0.6421550690912623 accept=1
  MFCG it  83 cost=2.580419e+05 lam=1.678e-07 tau=0.00e+00 cg_it=0 shift=0 ckpt=1 alpha=0 acc mv=157
PCG_PREP o=83 rebuild=1 drift=0 previous_depth=1
ATTR_RADIUS o=83 raw_norm=0.95559428652787859 norm=0.95559428652787859 radius=0.95559428652786504 next_radius=0.95559428652786504 lambda=1.6777216000000013e-07 next_lambda=1.6777216000000013e-07 rho=0.64770488852682095 accept=1
STCG o=83 retry=0 reason=1 depth=1 cap=128 next_iterate_norm=8.7013201461056191 norm=0.95559428652787859 radius=0.95559428652786504 accept=1 metric_seconds=0.00565441 grams=310
CLASSICAL_LM o=83 lambda=1.6777216000000013e-07 tau=1.6777216000000013e-07 prediction=3.958614871656049 rho=0.64770488852682095 accept=1
  MFCG it  84 cost=2.580394e+05 lam=1.678e-07 tau=0.00e+00 cg_it=0 shift=0 ckpt=1 alpha=0 acc mv=158
PCG_PREP o=84 rebuild=1 drift=0 previous_depth=1
ATTR_RADIUS o=84 raw_norm=0.9555942865278283 norm=0.9555942865278283 radius=0.95559428652786504 next_radius=0.95559428652786504 lambda=1.6777216000000013e-07 next_lambda=1.6777216000000013e-07 rho=0.65322285538050351 accept=1
STCG o=84 retry=0 reason=1 depth=1 cap=128 next_iterate_norm=8.6532287289489371 norm=0.9555942865278283 radius=0.95559428652786504 accept=1 metric_seconds=0.00570923 grams=313
CLASSICAL_LM o=84 lambda=1.6777216000000013e-07 tau=1.6777216000000013e-07 prediction=3.8848154884962955 rho=0.65322285538050351 accept=1
  MFCG it  85 cost=2.580368e+05 lam=1.678e-07 tau=0.00e+00 cg_it=0 shift=0 ckpt=1 alpha=0 acc mv=159
PCG_PREP o=85 rebuild=1 drift=0 previous_depth=1
ATTR_RADIUS o=85 raw_norm=0.95559428652787337 norm=0.95559428652787359 radius=0.95559428652786504 next_radius=0.95559428652786504 lambda=1.6777216000000013e-07 next_lambda=1.6777216000000013e-07 rho=0.6587015686926897 accept=1
STCG o=85 retry=0 reason=1 depth=1 cap=128 next_iterate_norm=8.606146787017158 norm=0.95559428652787359 radius=0.95559428652786504 accept=1 metric_seconds=0.00576394 grams=316
CLASSICAL_LM o=85 lambda=1.6777216000000013e-07 tau=1.6777216000000013e-07 prediction=3.8127691517576277 rho=0.6587015686926897 accept=1
  MFCG it  86 cost=2.580343e+05 lam=1.678e-07 tau=0.00e+00 cg_it=0 shift=0 ckpt=1 alpha=0 acc mv=160
PCG_PREP o=86 rebuild=1 drift=0 previous_depth=1
ATTR_RADIUS o=86 raw_norm=0.95559428652788647 norm=0.95559428652788647 radius=0.95559428652786504 next_radius=0.95559428652786504 lambda=1.6777216000000013e-07 next_lambda=1.6777216000000013e-07 rho=0.66413486003476041 accept=1
STCG o=86 retry=0 reason=1 depth=1 cap=128 next_iterate_norm=8.5599286191999173 norm=0.95559428652788647 radius=0.95559428652786504 accept=1 metric_seconds=0.00581836 grams=319
CLASSICAL_LM o=86 lambda=1.6777216000000013e-07 tau=1.6777216000000013e-07 prediction=3.7424139378933243 rho=0.66413486003476041 accept=1
  MFCG it  87 cost=2.580318e+05 lam=1.678e-07 tau=0.00e+00 cg_it=0 shift=0 ckpt=1 alpha=0 acc mv=161
PCG_PREP o=87 rebuild=1 drift=0 previous_depth=1
ATTR_RADIUS o=87 raw_norm=0.9555942865278666 norm=0.9555942865278666 radius=0.95559428652786504 next_radius=0.95559428652786504 lambda=1.6777216000000013e-07 next_lambda=1.6777216000000013e-07 rho=0.66951687984809538 accept=1
STCG o=87 retry=0 reason=1 depth=1 cap=128 next_iterate_norm=8.5143541318680391 norm=0.9555942865278666 radius=0.95559428652786504 accept=1 metric_seconds=0.00587206 grams=322
CLASSICAL_LM o=87 lambda=1.6777216000000013e-07 tau=1.6777216000000013e-07 prediction=3.6736883156429441 rho=0.66951687984809538 accept=1
  MFCG it  88 cost=2.580294e+05 lam=1.678e-07 tau=0.00e+00 cg_it=0 shift=0 ckpt=1 alpha=0 acc mv=162
PCG_PREP o=88 rebuild=1 drift=0 previous_depth=1
ATTR_RADIUS o=88 raw_norm=0.95559428652789413 norm=0.9555942865278646 radius=0.95559428652786504 next_radius=0.95559428652786504 lambda=1.6777216000000013e-07 next_lambda=1.6777216000000013e-07 rho=0.67484129687796834 accept=1
STCG o=88 retry=0 reason=1 depth=1 cap=128 next_iterate_norm=8.469265107847006 norm=0.9555942865278646 radius=0.95559428652786504 accept=1 metric_seconds=0.00592592 grams=325
CLASSICAL_LM o=88 lambda=1.6777216000000013e-07 tau=1.6777216000000013e-07 prediction=3.6065311590770146 rho=0.67484129687796834 accept=1
  MFCG it  89 cost=2.580269e+05 lam=1.678e-07 tau=0.00e+00 cg_it=0 shift=0 ckpt=1 alpha=0 acc mv=163
PCG_PREP o=89 rebuild=1 drift=0 previous_depth=1
ATTR_RADIUS o=89 raw_norm=0.95559428652783285 norm=0.95559428652783285 radius=0.95559428652786504 next_radius=0.95559428652786504 lambda=1.6777216000000013e-07 next_lambda=1.6777216000000013e-07 rho=0.68010225287095982 accept=1
STCG o=89 retry=0 reason=1 depth=1 cap=128 next_iterate_norm=8.4244749226150137 norm=0.95559428652783285 radius=0.95559428652786504 accept=1 metric_seconds=0.00597893 grams=328
CLASSICAL_LM o=89 lambda=1.6777216000000013e-07 tau=1.6777216000000013e-07 prediction=3.5408826648438341 rho=0.68010225287095982 accept=1
  MFCG it  90 cost=2.580245e+05 lam=1.678e-07 tau=0.00e+00 cg_it=0 shift=0 ckpt=1 alpha=0 acc mv=164
PCG_PREP o=90 rebuild=1 drift=0 previous_depth=1
ATTR_RADIUS o=90 raw_norm=0.95559428652783684 norm=0.95559428652783684 radius=0.95559428652786504 next_radius=0.95559428652786504 lambda=1.6777216000000013e-07 next_lambda=1.6777216000000013e-07 rho=0.68529433283954211 accept=1
STCG o=90 retry=0 reason=1 depth=1 cap=128 next_iterate_norm=8.3798942256997844 norm=0.95559428652783684 radius=0.95559428652786504 accept=1 metric_seconds=0.0060322 grams=331
CLASSICAL_LM o=90 lambda=1.6777216000000013e-07 tau=1.6777216000000013e-07 prediction=3.4766843329692616 rho=0.68529433283954211 accept=1
  MFCG: converged (OCA_FTOL: 8 outers < 1.0e-05 rel)
  [menu-backtrack] confirming stop with original retry policy at outer 91
  MFCG it  91 cost=2.580221e+05 lam=1.678e-07 tau=0.00e+00 cg_it=0 shift=0 ckpt=1 alpha=0 acc mv=165
PCG_PREP o=91 rebuild=1 drift=0 previous_depth=1
ATTR_RADIUS o=91 raw_norm=0.95559428652782907 norm=0.95559428652782907 radius=0.95559428652786504 next_radius=0.95559428652786504 lambda=1.6777216000000013e-07 next_lambda=1.6777216000000013e-07 rho=0.69041254719530309 accept=1
STCG o=91 retry=0 reason=1 depth=1 cap=128 next_iterate_norm=8.3353105115357415 norm=0.95559428652782907 radius=0.95559428652786504 accept=1 metric_seconds=0.00608623 grams=334
CLASSICAL_LM o=91 lambda=1.6777216000000013e-07 tau=1.6777216000000013e-07 prediction=3.4138798195637743 rho=0.69041254719530309 accept=1
  MFCG it  92 cost=2.580198e+05 lam=1.678e-07 tau=0.00e+00 cg_it=0 shift=0 ckpt=1 alpha=0 acc mv=166
PCG_PREP o=92 rebuild=1 drift=0 previous_depth=1
ATTR_RADIUS o=92 raw_norm=0.95559428652781098 norm=0.95559428652781075 radius=0.95559428652786504 next_radius=0.95559428652786504 lambda=1.6777216000000013e-07 next_lambda=1.6777216000000013e-07 rho=0.69545161615720374 accept=1
STCG o=92 retry=0 reason=1 depth=1 cap=128 next_iterate_norm=8.29058154246896 norm=0.95559428652781075 radius=0.95559428652786504 accept=1 metric_seconds=0.00613993 grams=337
CLASSICAL_LM o=92 lambda=1.6777216000000013e-07 tau=1.6777216000000013e-07 prediction=3.3524137071106668 rho=0.69545161615720374 accept=1
  MFCG it  93 cost=2.580174e+05 lam=1.678e-07 tau=0.00e+00 cg_it=0 shift=0 ckpt=1 alpha=0 acc mv=167
PCG_PREP o=93 rebuild=1 drift=0 previous_depth=1
ATTR_RADIUS o=93 raw_norm=0.95559428652786904 norm=0.95559428652786904 radius=0.95559428652786504 next_radius=0.95559428652786504 lambda=1.6777216000000013e-07 next_lambda=1.6777216000000013e-07 rho=0.70040722633400199 accept=1
STCG o=93 retry=0 reason=1 depth=1 cap=128 next_iterate_norm=8.2455696044314806 norm=0.95559428652786904 radius=0.95559428652786504 accept=1 metric_seconds=0.006194781 grams=340
CLASSICAL_LM o=93 lambda=1.6777216000000013e-07 tau=1.6777216000000013e-07 prediction=3.2922330194811034 rho=0.70040722633400199 accept=1
  MFCG it  94 cost=2.580151e+05 lam=1.678e-07 tau=0.00e+00 cg_it=0 shift=0 ckpt=1 alpha=0 acc mv=168
PCG_PREP o=94 rebuild=1 drift=0 previous_depth=1
ATTR_RADIUS o=94 raw_norm=0.95559428652785094 norm=0.95559428652787959 radius=0.95559428652786504 next_radius=0.95559428652786504 lambda=1.6777216000000013e-07 next_lambda=1.6777216000000013e-07 rho=0.70527593074520423 accept=1
STCG o=94 retry=0 reason=1 depth=1 cap=128 next_iterate_norm=8.2000988394093497 norm=0.95559428652787959 radius=0.95559428652786504 accept=1 metric_seconds=0.006247991 grams=343
CLASSICAL_LM o=94 lambda=1.6777216000000013e-07 tau=1.6777216000000013e-07 prediction=3.2332866453496893 rho=0.70527593074520423 accept=1
  MFCG it  95 cost=2.580129e+05 lam=1.678e-07 tau=0.00e+00 cg_it=0 shift=0 ckpt=1 alpha=0 acc mv=169
PCG_PREP o=95 rebuild=1 drift=0 previous_depth=1
ATTR_RADIUS o=95 raw_norm=0.95559428652790168 norm=0.95559428652790168 radius=0.95559428652786504 next_radius=0.95559428652786504 lambda=1.6777216000000013e-07 next_lambda=1.6777216000000013e-07 rho=0.71005322846418117 accept=1
STCG o=95 retry=0 reason=1 depth=1 cap=128 next_iterate_norm=8.1540608580726648 norm=0.95559428652790168 radius=0.95559428652786504 accept=1 metric_seconds=0.006303531 grams=346
CLASSICAL_LM o=95 lambda=1.6777216000000013e-07 tau=1.6777216000000013e-07 prediction=3.1755249673180845 rho=0.71005322846418117 accept=1
  MFCG it  96 cost=2.580106e+05 lam=1.678e-07 tau=0.00e+00 cg_it=0 shift=0 ckpt=1 alpha=0 acc mv=170
PCG_PREP o=96 rebuild=1 drift=0 previous_depth=1
ATTR_RADIUS o=96 raw_norm=0.9555942865279019 norm=0.9555942865279019 radius=0.95559428652786504 next_radius=0.95559428652786504 lambda=1.6777216000000013e-07 next_lambda=1.6777216000000013e-07 rho=0.71473590169050927 accept=1
STCG o=96 retry=0 reason=1 depth=1 cap=128 next_iterate_norm=8.1073246644401227 norm=0.9555942865279019 radius=0.95559428652786504 accept=1 metric_seconds=0.006357671 grams=349
CLASSICAL_LM o=96 lambda=1.6777216000000013e-07 tau=1.6777216000000013e-07 prediction=3.1189006706704983 rho=0.71473590169050927 accept=1
  MFCG it  97 cost=2.580084e+05 lam=1.678e-07 tau=0.00e+00 cg_it=0 shift=0 ckpt=1 alpha=0 acc mv=171
PCG_PREP o=97 rebuild=1 drift=0 previous_depth=1
ATTR_RADIUS o=97 raw_norm=0.95559428652787093 norm=0.95559428652789891 radius=0.95559428652786504 next_radius=0.95559428652786504 lambda=1.6777216000000013e-07 next_lambda=1.6777216000000013e-07 rho=0.7193209369371607 accept=1
STCG o=97 retry=0 reason=1 depth=1 cap=128 next_iterate_norm=8.0597575700824553 norm=0.95559428652789891 radius=0.95559428652786504 accept=1 metric_seconds=0.006412001 grams=352
CLASSICAL_LM o=97 lambda=1.6777216000000013e-07 tau=1.6777216000000013e-07 prediction=3.0633683719244367 rho=0.7193209369371607 accept=1
  MFCG it  98 cost=2.580062e+05 lam=1.678e-07 tau=0.00e+00 cg_it=0 shift=0 ckpt=1 alpha=0 acc mv=172
PCG_PREP o=98 rebuild=1 drift=0 previous_depth=1
ATTR_RADIUS o=98 raw_norm=0.95559428652786949 norm=0.95559428652786949 radius=0.95559428652786504 next_radius=0.95559428652786504 lambda=1.6777216000000013e-07 next_lambda=1.6777216000000013e-07 rho=0.72380529058898702 accept=1
STCG o=98 retry=0 reason=1 depth=1 cap=128 next_iterate_norm=8.011190700324919 norm=0.95559428652786949 radius=0.95559428652786504 accept=1 metric_seconds=0.006466971 grams=355
CLASSICAL_LM o=98 lambda=1.6777216000000013e-07 tau=1.6777216000000013e-07 prediction=3.0088845426448132 rho=0.72380529058898702 accept=1
  MFCG: converged (OCA_FTOL: 8 outers < 1.0e-05 rel)
  MFCG: accepts=99 rejects=2 total_matvecs=173 negcurv=0 cand_evals=101 mean_cg_per_outer=1.7
NUMERIC_REPAIR summary rebuilds=0 floor=9.9999999999999998e-17
STCG summary boundaries=82 curvature_boundaries=0 invalid=0 bootstraps=1 metric_seconds=0.006466971 grams=355
  [retry-cache] builds=101 reuses=0
  [menu-backtrack] trials=11 rescues=10 evals=47 total_scored=148
POINT_SAFE summary calls=11 evals=11 wins=1 frozen=4713 seconds=0.026504145
  [scoring] menu_evals=101 alpha_evals=0 backtrack_evals=47 total_scored=148
RESULT algo=mfree_shifted_cg iters=99 final_cost=258003.9950127629 solve_seconds=0.923092
DIAGNOSTICS median_reproj_err_px 3.252455 -> 0.371325 | cheirality_violations(obs) 0 -> 16 | cheirality_violations(pts, of 64053) 0 -> 8
