  [menu-backtrack] active=1 max_evals=8 warmup_accepts=3 confirm_stop=original armijo=1e-4
MIXED_STORAGE fragments=fp32 arithmetic=fp64 state=fp64 acceptance=fp64
  [compact-fragments] active=2 saved_bytes=36105992 storage=fp32 camera_reads=contiguous
  MFCG score_init=11152062.77276247 precision=fp64
PCG_PREP o=0 rebuild=1 drift=0 previous_depth=0
ATTR_RADIUS o=0 raw_norm=3225.3525896296687 norm=3225.3525896296687 radius=3225.3525896296687 next_radius=6450.7051792593375 lambda=0.10000000000000001 next_lambda=0.025000000000000001 rho=0.99997438839510677 accept=1
CLASSICAL_LM o=0 lambda=0.10000000000000001 tau=0.10000000000000001 prediction=8877594.9877400398 rho=0.99997438839510677 accept=1
  MFCG it   1 cost=2.274695e+06 lam=2.500e-02 tau=0.00e+00 cg_it=0 shift=0 ckpt=1 alpha=0 acc mv=2
PCG_PREP o=1 rebuild=1 drift=0 previous_depth=1
ATTR_RADIUS o=1 raw_norm=2725.144049807845 norm=2725.144049807845 radius=6450.7051792593375 next_radius=6450.7051792593375 lambda=0.025000000000000001 next_lambda=0.0025000000000000005 rho=0.99701845569055025 accept=1
CLASSICAL_LM o=1 lambda=0.025000000000000001 tau=0.025000000000000001 prediction=770789.73816058203 rho=0.99701845569055025 accept=1
  MFCG it   2 cost=1.506204e+06 lam=2.500e-03 tau=0.00e+00 cg_it=4 shift=0 ckpt=5 alpha=0 acc mv=8
PCG_PREP o=2 rebuild=1 drift=0 previous_depth=5
ATTR_RADIUS o=2 raw_norm=9578.8535291645821 norm=6450.7051792593384 radius=6450.7051792593375 next_radius=12901.410358518675 lambda=0.0025000000000000005 next_lambda=0.00062500000000000012 rho=0.99788045990932295 accept=1
CLASSICAL_LM o=2 lambda=0.0025000000000000005 tau=0.0025000000000000005 prediction=379875.54087330832 rho=0.99788045990932295 accept=1
  MFCG it   3 cost=1.127133e+06 lam=6.250e-04 tau=0.00e+00 cg_it=6 shift=0 ckpt=7 alpha=0 acc mv=16
PCG_PREP o=3 rebuild=1 drift=0 previous_depth=7
ATTR_RADIUS o=3 raw_norm=20859.307736754858 norm=12901.410358518677 radius=12901.410358518675 next_radius=25802.82071703735 lambda=0.00062500000000000012 next_lambda=0.00015625000000000003 rho=1.0093969216306176 accept=1
CLASSICAL_LM o=3 lambda=0.00062500000000000012 tau=0.00062500000000000012 prediction=304236.92171974346 rho=1.0093969216306176 accept=1
  MFCG it   4 cost=8.200374e+05 lam=1.563e-04 tau=0.00e+00 cg_it=5 shift=0 ckpt=6 alpha=0 acc mv=23
PCG_PREP o=4 rebuild=1 drift=0 previous_depth=6
ATTR_RADIUS o=4 raw_norm=36747.144697770636 norm=25802.820717037353 radius=25802.82071703735 next_radius=51605.6414340747 lambda=0.00015625000000000003 next_lambda=3.9062500000000008e-05 rho=0.98437153824896506 accept=1
CLASSICAL_LM o=4 lambda=0.00015625000000000003 tau=0.00015625000000000003 prediction=327617.41562937124 rho=0.98437153824896506 accept=1
  MFCG it   5 cost=4.975401e+05 lam=3.906e-05 tau=0.00e+00 cg_it=8 shift=0 ckpt=9 alpha=0 acc mv=33
PCG_PREP o=5 rebuild=1 drift=0 previous_depth=9
POINT_SAFE o=5 frozen=1464 slope=-317535.16448899364 candidate=381890.57165279251 original=373473.48942633491 current=497540.1090291916 won=0 mode=1 camera_scale=1 keep_scale=0
ATTR_RADIUS o=5 raw_norm=37463.339914681455 norm=18731.669957340728 radius=51605.6414340747 next_radius=51605.6414340747 lambda=3.9062500000000008e-05 next_lambda=3.9062500000000009e-06 rho=0.96839028986653175 accept=1
CLASSICAL_LM o=5 lambda=3.9062500000000008e-05 tau=3.9062500000000008e-05 prediction=128116.3399727564 rho=0.96839028986653175 accept=1
  MFCG it   6 cost=3.734735e+05 lam=3.906e-06 tau=0.00e+00 cg_it=6 shift=0 ckpt=7 alpha=0 acc mv=41
PCG_PREP o=6 rebuild=1 drift=0 previous_depth=7
POINT_SAFE o=6 frozen=670 slope=-179589.07889438129 candidate=403764.2629137609 original=368581.36648967344 current=373473.48942633491 won=0 mode=1 camera_scale=1 keep_scale=0
ATTR_RADIUS o=6 raw_norm=50229.773440418539 norm=50229.773440418539 radius=51605.6414340747 next_radius=12901.410358518675 lambda=3.9062500000000009e-06 next_lambda=6.2500000000000015e-05 rho=0.067438163784909674 accept=0
CLASSICAL_LM o=6 lambda=3.9062500000000009e-06 tau=3.9062500000000009e-06 prediction=72542.350830675481 rho=0.067438163784909674 accept=0
  MFCG it   7  retry 1/8  lam=6.250e-05 tau_eff=3.906e-06  (assembly reused)
PCG_PREP o=6 rebuild=1 drift=0 previous_depth=6
ATTR_RADIUS o=6 raw_norm=19848.981250899025 norm=12901.410358518673 radius=12901.410358518675 next_radius=25802.82071703735 lambda=6.2500000000000015e-05 next_lambda=1.5625000000000004e-05 rho=0.88264653693572026 accept=1
CLASSICAL_LM o=6 lambda=6.2500000000000015e-05 tau=6.2500000000000015e-05 prediction=68725.645274163588 rho=0.88264653693572026 accept=1
  MFCG it   7 cost=3.128130e+05 lam=1.563e-05 tau=0.00e+00 cg_it=5 shift=0 ckpt=6 alpha=0 acc mv=55
PCG_PREP o=7 rebuild=1 drift=0 previous_depth=6
POINT_SAFE o=7 frozen=179 slope=-71080.725049698434 candidate=285659.17702136887 original=290316.69211845752 current=312813.03662642167 won=1 mode=1 camera_scale=1 keep_scale=0
ATTR_RADIUS o=7 raw_norm=22599.918331373683 norm=22599.918331373683 radius=25802.82071703735 next_radius=25802.82071703735 lambda=1.5625000000000004e-05 next_lambda=1.5625000000000004e-05 rho=0.69104460361996378 accept=1
CLASSICAL_LM o=7 lambda=1.5625000000000004e-05 tau=1.5625000000000004e-05 prediction=39293.931915263049 rho=0.69104460361996378 accept=1
  MFCG it   8 cost=2.856592e+05 lam=1.563e-05 tau=0.00e+00 cg_it=5 shift=0 ckpt=6 alpha=0 acc mv=62
PCG_PREP o=8 rebuild=1 drift=0 previous_depth=6
POINT_SAFE o=8 frozen=172 slope=-35253.165058972969 candidate=271070.76670381927 original=280479.51155142288 current=285659.17702136887 won=1 mode=1 camera_scale=1 keep_scale=0
ATTR_RADIUS o=8 raw_norm=7069.8988562687737 norm=7069.8988562687737 radius=25802.82071703735 next_radius=25802.82071703735 lambda=1.5625000000000004e-05 next_lambda=1.5625000000000005e-06 rho=0.8145149353925063 accept=1
CLASSICAL_LM o=8 lambda=1.5625000000000004e-05 tau=1.5625000000000004e-05 prediction=17910.549805350831 rho=0.8145149353925063 accept=1
  MFCG it   9 cost=2.710708e+05 lam=1.563e-06 tau=0.00e+00 cg_it=0 shift=0 ckpt=1 alpha=0 acc mv=64
PCG_PREP o=9 rebuild=1 drift=0 previous_depth=1
POINT_SAFE o=9 frozen=444 slope=-15079.201023586324 candidate=301858.83013993601 original=265559.88875608676 current=271070.76670381927 won=0 mode=1 camera_scale=1 keep_scale=0
ATTR_RADIUS o=9 raw_norm=35180.327745613453 norm=3225.3525896296687 radius=25802.82071703735 next_radius=25802.82071703735 lambda=1.5625000000000005e-06 next_lambda=1.5625000000000007e-07 rho=1.5016300440573398 accept=1
CLASSICAL_LM o=9 lambda=1.5625000000000005e-06 tau=1.5625000000000005e-06 prediction=3669.9305328510609 rho=1.5016300440573398 accept=1
  MFCG it  10 cost=2.655599e+05 lam=1.563e-07 tau=0.00e+00 cg_it=1 shift=0 ckpt=2 alpha=0 acc mv=67
PCG_PREP o=10 rebuild=1 drift=0 previous_depth=2
POINT_SAFE o=10 frozen=296 slope=-17400.297719836002 candidate=291982.47513856215 original=262360.03900800337 current=265559.88875608676 won=0 mode=1 camera_scale=1 keep_scale=0
ATTR_RADIUS o=10 raw_norm=43905.70155084302 norm=6450.7051792593356 radius=25802.82071703735 next_radius=25802.82071703735 lambda=1.5625000000000007e-07 next_lambda=1.5625000000000006e-08 rho=0.62243398566654973 accept=1
CLASSICAL_LM o=10 lambda=1.5625000000000007e-07 tau=1.5625000000000007e-07 prediction=5140.866054504957 rho=0.62243398566654973 accept=1
  MFCG it  11 cost=2.623600e+05 lam=1.563e-08 tau=0.00e+00 cg_it=1 shift=0 ckpt=2 alpha=0 acc mv=70
PCG_PREP o=11 rebuild=1 drift=0 previous_depth=2
POINT_SAFE o=11 frozen=497 slope=-19032.100254413177 candidate=262959.41849255568 original=258725.32881657928 current=262360.03900800337 won=0 mode=1 camera_scale=1 keep_scale=0
ATTR_RADIUS o=11 raw_norm=15182.026754720786 norm=7591.013377360393 radius=25802.82071703735 next_radius=25802.82071703735 lambda=1.5625000000000006e-08 next_lambda=1.5625000000000008e-09 rho=0.50186717694892646 accept=1
CLASSICAL_LM o=11 lambda=1.5625000000000006e-08 tau=1.5625000000000006e-08 prediction=7242.3747923127994 rho=0.50186717694892646 accept=1
  MFCG it  12 cost=2.587253e+05 lam=1.563e-09 tau=0.00e+00 cg_it=0 shift=0 ckpt=1 alpha=0 acc mv=72
PCG_PREP o=12 rebuild=1 drift=0 previous_depth=1
POINT_SAFE o=12 frozen=126 slope=-14015.806518924137 candidate=262001.46985907297 original=257432.49670384516 current=258725.32881657928 won=0 mode=1 camera_scale=1 keep_scale=0
ATTR_RADIUS o=12 raw_norm=15537.830460122126 norm=7768.9152300610631 radius=25802.82071703735 next_radius=6450.7051792593375 lambda=1.5625000000000008e-09 next_lambda=2.5000000000000012e-08 rho=0.23591927120177936 accept=1
CLASSICAL_LM o=12 lambda=1.5625000000000008e-09 tau=1.5625000000000008e-09 prediction=5479.9767146973445 rho=0.23591927120177936 accept=1
  MFCG it  13 cost=2.574325e+05 lam=2.500e-08 tau=0.00e+00 cg_it=0 shift=0 ckpt=1 alpha=0 acc mv=74
PCG_PREP o=13 rebuild=1 drift=0 previous_depth=1
ATTR_RADIUS o=13 raw_norm=15523.970472359159 norm=6450.7051792593375 radius=6450.7051792593375 next_radius=6450.7051792593375 lambda=2.5000000000000012e-08 next_lambda=2.5000000000000012e-08 rho=0.47317514019746798 accept=1
CLASSICAL_LM o=13 lambda=2.5000000000000012e-08 tau=2.5000000000000012e-08 prediction=4870.4934447373544 rho=0.47317514019746798 accept=1
  MFCG it  14 cost=2.551279e+05 lam=2.500e-08 tau=0.00e+00 cg_it=0 shift=0 ckpt=1 alpha=0 acc mv=76
PCG_PREP o=14 rebuild=1 drift=0 previous_depth=1
ATTR_RADIUS o=14 raw_norm=16033.336146398125 norm=6450.7051792593356 radius=6450.7051792593375 next_radius=6450.7051792593375 lambda=2.5000000000000012e-08 next_lambda=2.5000000000000012e-08 rho=0.38322001635141251 accept=1
CLASSICAL_LM o=14 lambda=2.5000000000000012e-08 tau=2.5000000000000012e-08 prediction=3168.1225698588764 rho=0.38322001635141251 accept=1
  MFCG it  15 cost=2.539138e+05 lam=2.500e-08 tau=0.00e+00 cg_it=0 shift=0 ckpt=1 alpha=0 acc mv=78
PCG_PREP o=15 rebuild=1 drift=0 previous_depth=1
ATTR_RADIUS o=15 raw_norm=16480.978887155452 norm=6450.7051792593375 radius=6450.7051792593375 next_radius=6450.7051792593375 lambda=2.5000000000000012e-08 next_lambda=2.5000000000000012e-08 rho=0.28640511691956189 accept=1
CLASSICAL_LM o=15 lambda=2.5000000000000012e-08 tau=2.5000000000000012e-08 prediction=2477.0997301512534 rho=0.28640511691956189 accept=1
  MFCG it  16 cost=2.532044e+05 lam=2.500e-08 tau=0.00e+00 cg_it=0 shift=0 ckpt=1 alpha=0 acc mv=80
PCG_PREP o=16 rebuild=1 drift=0 previous_depth=1
ATTR_RADIUS o=16 raw_norm=16889.00866405437 norm=6450.7051792593356 radius=6450.7051792593375 next_radius=1612.6762948148344 lambda=2.5000000000000012e-08 next_lambda=4.0000000000000019e-07 rho=0.18904935064055481 accept=1
CLASSICAL_LM o=16 lambda=2.5000000000000012e-08 tau=2.5000000000000012e-08 prediction=2160.1608028357714 rho=0.18904935064055481 accept=1
  MFCG it  17 cost=2.527960e+05 lam=4.000e-07 tau=0.00e+00 cg_it=0 shift=0 ckpt=1 alpha=0 acc mv=82
PCG_PREP o=17 rebuild=1 drift=0 previous_depth=1
ATTR_RADIUS o=17 raw_norm=14617.445336993407 norm=1612.6762948148337 radius=1612.6762948148344 next_radius=3225.3525896296687 lambda=4.0000000000000019e-07 next_lambda=1.0000000000000005e-07 rho=0.79755776941871126 accept=1
CLASSICAL_LM o=17 lambda=4.0000000000000019e-07 tau=4.0000000000000019e-07 prediction=764.27662154853124 rho=0.79755776941871126 accept=1
  MFCG it  18 cost=2.521864e+05 lam=1.000e-07 tau=0.00e+00 cg_it=0 shift=0 ckpt=1 alpha=0 acc mv=84
PCG_PREP o=18 rebuild=1 drift=0 previous_depth=1
ATTR_RADIUS o=18 raw_norm=16964.737984477069 norm=3225.3525896296669 radius=3225.3525896296687 next_radius=3225.3525896296687 lambda=1.0000000000000005e-07 next_lambda=1.0000000000000005e-07 rho=0.494006146447936 accept=1
CLASSICAL_LM o=18 lambda=1.0000000000000005e-07 tau=1.0000000000000005e-07 prediction=941.95078614842851 rho=0.494006146447936 accept=1
  MFCG it  19 cost=2.517211e+05 lam=1.000e-07 tau=0.00e+00 cg_it=0 shift=0 ckpt=1 alpha=0 acc mv=86
PCG_PREP o=19 rebuild=1 drift=0 previous_depth=1
ATTR_RADIUS o=19 raw_norm=17469.361012997688 norm=3225.352589629671 radius=3225.3525896296687 next_radius=3225.3525896296687 lambda=1.0000000000000005e-07 next_lambda=1.0000000000000005e-07 rho=0.46605313508184265 accept=1
CLASSICAL_LM o=19 lambda=1.0000000000000005e-07 tau=1.0000000000000005e-07 prediction=812.56401117837686 rho=0.46605313508184265 accept=1
  MFCG it  20 cost=2.513424e+05 lam=1.000e-07 tau=0.00e+00 cg_it=0 shift=0 ckpt=1 alpha=0 acc mv=88
PCG_PREP o=20 rebuild=1 drift=0 previous_depth=1
ATTR_RADIUS o=20 raw_norm=17896.336381031335 norm=3225.3525896296692 radius=3225.3525896296687 next_radius=3225.3525896296687 lambda=1.0000000000000005e-07 next_lambda=1.0000000000000005e-07 rho=0.43515757028928143 accept=1
CLASSICAL_LM o=20 lambda=1.0000000000000005e-07 tau=1.0000000000000005e-07 prediction=711.49061489379596 rho=0.43515757028928143 accept=1
  MFCG it  21 cost=2.510328e+05 lam=1.000e-07 tau=0.00e+00 cg_it=0 shift=0 ckpt=1 alpha=0 acc mv=90
PCG_PREP o=21 rebuild=1 drift=0 previous_depth=1
ATTR_RADIUS o=21 raw_norm=18274.915794455199 norm=3225.3525896296683 radius=3225.3525896296687 next_radius=3225.3525896296687 lambda=1.0000000000000005e-07 next_lambda=1.0000000000000005e-07 rho=0.40550658426039504 accept=1
CLASSICAL_LM o=21 lambda=1.0000000000000005e-07 tau=1.0000000000000005e-07 prediction=634.79653413975484 rho=0.40550658426039504 accept=1
  MFCG it  22 cost=2.507754e+05 lam=1.000e-07 tau=0.00e+00 cg_it=0 shift=0 ckpt=1 alpha=0 acc mv=92
PCG_PREP o=22 rebuild=1 drift=0 previous_depth=1
ATTR_RADIUS o=22 raw_norm=18608.331372761444 norm=3225.3525896296687 radius=3225.3525896296687 next_radius=3225.3525896296687 lambda=1.0000000000000005e-07 next_lambda=1.0000000000000005e-07 rho=0.37708782186883161 accept=1
CLASSICAL_LM o=22 lambda=1.0000000000000005e-07 tau=1.0000000000000005e-07 prediction=575.78091638049432 rho=0.37708782186883161 accept=1
  MFCG it  23 cost=2.505583e+05 lam=1.000e-07 tau=0.00e+00 cg_it=0 shift=0 ckpt=1 alpha=0 acc mv=94
PCG_PREP o=23 rebuild=1 drift=0 previous_depth=1
ATTR_RADIUS o=23 raw_norm=18900.174712138782 norm=3225.3525896296683 radius=3225.3525896296687 next_radius=3225.3525896296687 lambda=1.0000000000000005e-07 next_lambda=1.0000000000000005e-07 rho=0.34998098921746068 accept=1
CLASSICAL_LM o=23 lambda=1.0000000000000005e-07 tau=1.0000000000000005e-07 prediction=529.84503167568084 rho=0.34998098921746068 accept=1
  MFCG it  24 cost=2.503728e+05 lam=1.000e-07 tau=0.00e+00 cg_it=0 shift=0 ckpt=1 alpha=0 acc mv=96
PCG_PREP o=24 rebuild=1 drift=0 previous_depth=1
ATTR_RADIUS o=24 raw_norm=19155.668472280824 norm=3225.3525896296674 radius=3225.3525896296687 next_radius=3225.3525896296687 lambda=1.0000000000000005e-07 next_lambda=1.0000000000000005e-07 rho=0.32429398842017643 accept=1
CLASSICAL_LM o=24 lambda=1.0000000000000005e-07 tau=1.0000000000000005e-07 prediction=493.79795732596051 rho=0.32429398842017643 accept=1
  MFCG it  25 cost=2.502127e+05 lam=1.000e-07 tau=0.00e+00 cg_it=0 shift=0 ckpt=1 alpha=0 acc mv=98
PCG_PREP o=25 rebuild=1 drift=0 previous_depth=1
ATTR_RADIUS o=25 raw_norm=19378.726133436005 norm=3225.3525896296669 radius=3225.3525896296687 next_radius=3225.3525896296687 lambda=1.0000000000000005e-07 next_lambda=1.0000000000000005e-07 rho=0.30016570919945246 accept=1
CLASSICAL_LM o=25 lambda=1.0000000000000005e-07 tau=1.0000000000000005e-07 prediction=465.37484448144744 rho=0.30016570919945246 accept=1
  MFCG it  26 cost=2.500730e+05 lam=1.000e-07 tau=0.00e+00 cg_it=0 shift=0 ckpt=1 alpha=0 acc mv=100
PCG_PREP o=26 rebuild=1 drift=0 previous_depth=1
ATTR_RADIUS o=26 raw_norm=19565.365204962221 norm=3225.3525896296701 radius=3225.3525896296687 next_radius=3225.3525896296687 lambda=1.0000000000000005e-07 next_lambda=1.0000000000000005e-07 rho=0.27773907292299754 accept=1
CLASSICAL_LM o=26 lambda=1.0000000000000005e-07 tau=1.0000000000000005e-07 prediction=442.93409528369045 rho=0.27773907292299754 accept=1
  MFCG it  27 cost=2.499500e+05 lam=1.000e-07 tau=0.00e+00 cg_it=0 shift=0 ckpt=1 alpha=0 acc mv=102
PCG_PREP o=27 rebuild=1 drift=0 previous_depth=1
ATTR_RADIUS o=27 raw_norm=19693.796506832874 norm=3225.3525896296687 radius=3225.3525896296687 next_radius=3225.3525896296687 lambda=1.0000000000000005e-07 next_lambda=1.0000000000000005e-07 rho=0.25688017629197007 accept=1
CLASSICAL_LM o=27 lambda=1.0000000000000005e-07 tau=1.0000000000000005e-07 prediction=425.08113979836997 rho=0.25688017629197007 accept=1
  MFCG it  28 cost=2.498408e+05 lam=1.000e-07 tau=0.00e+00 cg_it=0 shift=0 ckpt=1 alpha=0 acc mv=104
PCG_PREP o=28 rebuild=1 drift=0 previous_depth=1
ATTR_RADIUS o=28 raw_norm=19802.581283552423 norm=3225.352589629671 radius=3225.3525896296687 next_radius=806.33814740741718 lambda=1.0000000000000005e-07 next_lambda=1.6000000000000008e-06 rho=0.23753355793090655 accept=1
CLASSICAL_LM o=28 lambda=1.0000000000000005e-07 tau=1.0000000000000005e-07 prediction=410.84508060589064 rho=0.23753355793090655 accept=1
  MFCG it  29 cost=2.497432e+05 lam=1.600e-06 tau=0.00e+00 cg_it=0 shift=0 ckpt=1 alpha=0 acc mv=106
PCG_PREP o=29 rebuild=1 drift=0 previous_depth=1
ATTR_RADIUS o=29 raw_norm=4420.1701644353434 norm=806.33814740741718 radius=806.33814740741718 next_radius=1612.6762948148344 lambda=1.6000000000000008e-06 next_lambda=4.0000000000000019e-07 rho=0.92638574026057863 accept=1
CLASSICAL_LM o=29 lambda=1.6000000000000008e-06 tau=1.6000000000000008e-06 prediction=415.01471940966229 rho=0.92638574026057863 accept=1
  MFCG it  30 cost=2.493587e+05 lam=4.000e-07 tau=0.00e+00 cg_it=0 shift=0 ckpt=1 alpha=0 acc mv=108
PCG_PREP o=30 rebuild=1 drift=0 previous_depth=1
ATTR_RADIUS o=30 raw_norm=12507.876595782986 norm=1612.676294814835 radius=1612.6762948148344 next_radius=1612.6762948148344 lambda=4.0000000000000019e-07 next_lambda=4.0000000000000019e-07 rho=0.69548293378310622 accept=1
CLASSICAL_LM o=30 lambda=4.0000000000000019e-07 tau=4.0000000000000019e-07 prediction=231.73775674811486 rho=0.69548293378310622 accept=1
  MFCG it  31 cost=2.491976e+05 lam=4.000e-07 tau=0.00e+00 cg_it=0 shift=0 ckpt=1 alpha=0 acc mv=110
PCG_PREP o=31 rebuild=1 drift=0 previous_depth=1
ATTR_RADIUS o=31 raw_norm=12683.16709156618 norm=1612.6762948148339 radius=1612.6762948148344 next_radius=1612.6762948148344 lambda=4.0000000000000019e-07 next_lambda=4.0000000000000019e-07 rho=0.68824119796458527 accept=1
CLASSICAL_LM o=31 lambda=4.0000000000000019e-07 tau=4.0000000000000019e-07 prediction=203.34623849797791 rho=0.68824119796458527 accept=1
  MFCG it  32 cost=2.490576e+05 lam=4.000e-07 tau=0.00e+00 cg_it=0 shift=0 ckpt=1 alpha=0 acc mv=112
PCG_PREP o=32 rebuild=1 drift=0 previous_depth=1
ATTR_RADIUS o=32 raw_norm=12867.397282643706 norm=1612.6762948148344 radius=1612.6762948148344 next_radius=1612.6762948148344 lambda=4.0000000000000019e-07 next_lambda=4.0000000000000019e-07 rho=0.68142991116009333 accept=1
CLASSICAL_LM o=32 lambda=4.0000000000000019e-07 tau=4.0000000000000019e-07 prediction=179.68142251596475 rho=0.68142991116009333 accept=1
  MFCG it  33 cost=2.489352e+05 lam=4.000e-07 tau=0.00e+00 cg_it=0 shift=0 ckpt=1 alpha=0 acc mv=114
PCG_PREP o=33 rebuild=1 drift=0 previous_depth=1
ATTR_RADIUS o=33 raw_norm=13049.889043985972 norm=1612.6762948148341 radius=1612.6762948148344 next_radius=1612.6762948148344 lambda=4.0000000000000019e-07 next_lambda=4.0000000000000019e-07 rho=0.67575076032178916 accept=1
CLASSICAL_LM o=33 lambda=4.0000000000000019e-07 tau=4.0000000000000019e-07 prediction=160.29381639182026 rho=0.67575076032178916 accept=1
  MFCG it  34 cost=2.488268e+05 lam=4.000e-07 tau=0.00e+00 cg_it=0 shift=0 ckpt=1 alpha=0 acc mv=116
PCG_PREP o=34 rebuild=1 drift=0 previous_depth=1
ATTR_RADIUS o=34 raw_norm=13225.001079778202 norm=1612.676294814835 radius=1612.6762948148344 next_radius=1612.6762948148344 lambda=4.0000000000000019e-07 next_lambda=4.0000000000000019e-07 rho=0.67111656531952468 accept=1
CLASSICAL_LM o=34 lambda=4.0000000000000019e-07 tau=4.0000000000000019e-07 prediction=144.29309443263665 rho=0.67111656531952468 accept=1
  MFCG it  35 cost=2.487300e+05 lam=4.000e-07 tau=0.00e+00 cg_it=0 shift=0 ckpt=1 alpha=0 acc mv=118
PCG_PREP o=35 rebuild=1 drift=0 previous_depth=1
ATTR_RADIUS o=35 raw_norm=13387.525337389216 norm=1612.6762948148337 radius=1612.6762948148344 next_radius=1612.6762948148344 lambda=4.0000000000000019e-07 next_lambda=4.0000000000000019e-07 rho=0.66741095483072499 accept=1
CLASSICAL_LM o=35 lambda=4.0000000000000019e-07 tau=4.0000000000000019e-07 prediction=130.98899225050582 rho=0.66741095483072499 accept=1
  MFCG it  36 cost=2.486426e+05 lam=4.000e-07 tau=0.00e+00 cg_it=0 shift=0 ckpt=1 alpha=0 acc mv=120
PCG_PREP o=36 rebuild=1 drift=0 previous_depth=1
ATTR_RADIUS o=36 raw_norm=13532.126657874294 norm=1612.6762948148344 radius=1612.6762948148344 next_radius=1612.6762948148344 lambda=4.0000000000000019e-07 next_lambda=4.0000000000000019e-07 rho=0.66449136920794272 accept=1
CLASSICAL_LM o=36 lambda=4.0000000000000019e-07 tau=4.0000000000000019e-07 prediction=119.84890227267471 rho=0.66449136920794272 accept=1
  MFCG it  37 cost=2.485629e+05 lam=4.000e-07 tau=0.00e+00 cg_it=0 shift=0 ckpt=1 alpha=0 acc mv=122
PCG_PREP o=37 rebuild=1 drift=0 previous_depth=1
ATTR_RADIUS o=37 raw_norm=19536.321144828133 norm=1612.676294814835 radius=1612.6762948148344 next_radius=3225.3525896296687 lambda=4.0000000000000019e-07 next_lambda=1.0000000000000005e-07 rho=0.79065941441602083 accept=1
CLASSICAL_LM o=37 lambda=4.0000000000000019e-07 tau=4.0000000000000019e-07 prediction=181.04840547943823 rho=0.79065941441602083 accept=1
  MFCG it  38 cost=2.484198e+05 lam=1.000e-07 tau=0.00e+00 cg_it=1 shift=0 ckpt=2 alpha=0 acc mv=125
PCG_PREP o=38 rebuild=1 drift=0 previous_depth=2
POINT_SAFE o=38 frozen=574 slope=-109.07117413963937 candidate=248475.2778359534 original=248405.41728584401 current=248419.79811176285 won=0 mode=1 camera_scale=1 keep_scale=0
ATTR_RADIUS o=38 raw_norm=71750.529307503719 norm=1612.6762948148348 radius=3225.3525896296687 next_radius=3225.3525896296687 lambda=1.0000000000000005e-07 next_lambda=1.0000000000000005e-08 rho=0.26686031923658032 accept=1
CLASSICAL_LM o=38 lambda=1.0000000000000005e-07 tau=1.0000000000000005e-07 prediction=53.888963184849331 rho=0.26686031923658032 accept=1
  MFCG it  39 cost=2.484054e+05 lam=1.000e-08 tau=0.00e+00 cg_it=1 shift=0 ckpt=2 alpha=0 acc mv=128
PCG_PREP o=39 rebuild=1 drift=0 previous_depth=2
POINT_SAFE o=39 frozen=114 slope=-56.723329934930447 candidate=248521.69999294303 original=248402.07243602251 current=248405.41728584401 won=0 mode=1 camera_scale=1 keep_scale=0
ATTR_RADIUS o=39 raw_norm=179489.02121110904 norm=806.3381474074173 radius=3225.3525896296687 next_radius=806.33814740741718 lambda=1.0000000000000005e-08 next_lambda=1.6000000000000008e-07 rho=0.23744932627654006 accept=1
CLASSICAL_LM o=39 lambda=1.0000000000000005e-08 tau=1.0000000000000005e-08 prediction=14.086583752209693 rho=0.23744932627654006 accept=1
  MFCG it  40 cost=2.484021e+05 lam=1.600e-07 tau=0.00e+00 cg_it=1 shift=0 ckpt=2 alpha=0 acc mv=131
PCG_PREP o=40 rebuild=1 drift=0 previous_depth=2
ATTR_RADIUS o=40 raw_norm=22509.437780913824 norm=806.33814740741752 radius=806.33814740741718 next_radius=806.33814740741718 lambda=1.6000000000000008e-07 next_lambda=1.6000000000000008e-07 rho=0.68706306959847208 accept=1
CLASSICAL_LM o=40 lambda=1.6000000000000008e-07 tau=1.6000000000000008e-07 prediction=35.550958550503346 rho=0.68706306959847208 accept=1
  MFCG it  41 cost=2.483776e+05 lam=1.600e-07 tau=0.00e+00 cg_it=0 shift=0 ckpt=1 alpha=0 acc mv=133
PCG_PREP o=41 rebuild=1 drift=0 previous_depth=1
ATTR_RADIUS o=41 raw_norm=22525.170326676056 norm=806.33814740741752 radius=806.33814740741718 next_radius=806.33814740741718 lambda=1.6000000000000008e-07 next_lambda=1.6000000000000008e-07 rho=0.67818878450342956 accept=1
CLASSICAL_LM o=41 lambda=1.6000000000000008e-07 tau=1.6000000000000008e-07 prediction=33.757604502409684 rho=0.67818878450342956 accept=1
  MFCG it  42 cost=2.483548e+05 lam=1.600e-07 tau=0.00e+00 cg_it=0 shift=0 ckpt=1 alpha=0 acc mv=135
PCG_PREP o=42 rebuild=1 drift=0 previous_depth=1
ATTR_RADIUS o=42 raw_norm=22527.05130501746 norm=806.33814740741695 radius=806.33814740741718 next_radius=806.33814740741718 lambda=1.6000000000000008e-07 next_lambda=1.6000000000000008e-07 rho=0.67735798649886159 accept=1
CLASSICAL_LM o=42 lambda=1.6000000000000008e-07 tau=1.6000000000000008e-07 prediction=32.850709297836332 rho=0.67735798649886159 accept=1
  MFCG it  43 cost=2.483325e+05 lam=1.600e-07 tau=0.00e+00 cg_it=0 shift=0 ckpt=1 alpha=0 acc mv=137
PCG_PREP o=43 rebuild=1 drift=0 previous_depth=1
ATTR_RADIUS o=43 raw_norm=22526.322106526699 norm=806.3381474074173 radius=806.33814740741718 next_radius=806.33814740741718 lambda=1.6000000000000008e-07 next_lambda=1.6000000000000008e-07 rho=0.67669283715062545 accept=1
CLASSICAL_LM o=43 lambda=1.6000000000000008e-07 tau=1.6000000000000008e-07 prediction=31.992374822762851 rho=0.67669283715062545 accept=1
  MFCG it  44 cost=2.483109e+05 lam=1.600e-07 tau=0.00e+00 cg_it=0 shift=0 ckpt=1 alpha=0 acc mv=139
PCG_PREP o=44 rebuild=1 drift=0 previous_depth=1
ATTR_RADIUS o=44 raw_norm=22522.717230819559 norm=806.33814740741695 radius=806.33814740741718 next_radius=806.33814740741718 lambda=1.6000000000000008e-07 next_lambda=1.6000000000000008e-07 rho=0.67619162471333794 accept=1
CLASSICAL_LM o=44 lambda=1.6000000000000008e-07 tau=1.6000000000000008e-07 prediction=31.178463459028443 rho=0.67619162471333794 accept=1
  MFCG it  45 cost=2.482898e+05 lam=1.600e-07 tau=0.00e+00 cg_it=0 shift=0 ckpt=1 alpha=0 acc mv=141
PCG_PREP o=45 rebuild=1 drift=0 previous_depth=1
ATTR_RADIUS o=45 raw_norm=22516.450327920247 norm=806.33814740741695 radius=806.33814740741718 next_radius=806.33814740741718 lambda=1.6000000000000008e-07 next_lambda=1.6000000000000008e-07 rho=0.67585062720469502 accept=1
CLASSICAL_LM o=45 lambda=1.6000000000000008e-07 tau=1.6000000000000008e-07 prediction=30.406488759286269 rho=0.67585062720469502 accept=1
  MFCG it  46 cost=2.482692e+05 lam=1.600e-07 tau=0.00e+00 cg_it=0 shift=0 ckpt=1 alpha=0 acc mv=143
PCG_PREP o=46 rebuild=1 drift=0 previous_depth=1
ATTR_RADIUS o=46 raw_norm=22507.552807234464 norm=806.33814740741695 radius=806.33814740741718 next_radius=806.33814740741718 lambda=1.6000000000000008e-07 next_lambda=1.6000000000000008e-07 rho=0.67566832191481774 accept=1
CLASSICAL_LM o=46 lambda=1.6000000000000008e-07 tau=1.6000000000000008e-07 prediction=29.6738395101161 rho=0.67566832191481774 accept=1
  MFCG it  47 cost=2.482492e+05 lam=1.600e-07 tau=0.00e+00 cg_it=0 shift=0 ckpt=1 alpha=0 acc mv=145
PCG_PREP o=47 rebuild=1 drift=0 previous_depth=1
ATTR_RADIUS o=47 raw_norm=22496.146123619488 norm=806.33814740741718 radius=806.33814740741718 next_radius=806.33814740741718 lambda=1.6000000000000008e-07 next_lambda=1.6000000000000008e-07 rho=0.67564347837674588 accept=1
CLASSICAL_LM o=47 lambda=1.6000000000000008e-07 tau=1.6000000000000008e-07 prediction=28.978073531299081 rho=0.67564347837674588 accept=1
  MFCG it  48 cost=2.482296e+05 lam=1.600e-07 tau=0.00e+00 cg_it=0 shift=0 ckpt=1 alpha=0 acc mv=147
PCG_PREP o=48 rebuild=1 drift=0 previous_depth=1
ATTR_RADIUS o=48 raw_norm=22482.235190813844 norm=806.33814740741741 radius=806.33814740741718 next_radius=806.33814740741718 lambda=1.6000000000000008e-07 next_lambda=1.6000000000000008e-07 rho=0.67577186805616873 accept=1
CLASSICAL_LM o=48 lambda=1.6000000000000008e-07 tau=1.6000000000000008e-07 prediction=28.317087014989447 rho=0.67577186805616873 accept=1
  MFCG it  49 cost=2.482105e+05 lam=1.600e-07 tau=0.00e+00 cg_it=0 shift=0 ckpt=1 alpha=0 acc mv=149
PCG_PREP o=49 rebuild=1 drift=0 previous_depth=1
ATTR_RADIUS o=49 raw_norm=36677.14818775007 norm=806.33814740741752 radius=806.33814740741718 next_radius=1612.6762948148344 lambda=1.6000000000000008e-07 next_lambda=4.0000000000000021e-08 rho=0.79832948554193695 accept=1
CLASSICAL_LM o=49 lambda=1.6000000000000008e-07 tau=1.6000000000000008e-07 prediction=44.2117610446874 rho=0.79832948554193695 accept=1
  MFCG it  50 cost=2.481752e+05 lam=4.000e-08 tau=0.00e+00 cg_it=1 shift=0 ckpt=2 alpha=0 acc mv=152
PCG_PREP o=50 rebuild=1 drift=0 previous_depth=2
POINT_SAFE o=50 frozen=550 slope=-30.641842820839933 candidate=248179.79699711938 original=248168.73218302435 current=248175.15913201222 won=0 mode=1 camera_scale=1 keep_scale=0
ATTR_RADIUS o=50 raw_norm=120019.60409073826 norm=806.33814740741707 radius=1612.6762948148344 next_radius=1612.6762948148344 lambda=4.0000000000000021e-08 next_lambda=4.0000000000000019e-09 rho=0.42081167328568997 accept=1
CLASSICAL_LM o=50 lambda=4.0000000000000021e-08 tau=4.0000000000000021e-08 prediction=15.272744070280554 rho=0.42081167328568997 accept=1
  MFCG it  51 cost=2.481687e+05 lam=4.000e-09 tau=0.00e+00 cg_it=1 shift=0 ckpt=2 alpha=0 acc mv=155
PCG_PREP o=51 rebuild=1 drift=0 previous_depth=2
NUMERIC_REPAIR o=51 lambda=4.0000000000000019e-09 rayleigh=-3.9167929466841214e-08 next_lambda=1.7267171786736487e-07 cg=1 rebuild=1
PCG_PREP o=51 rebuild=1 drift=0 previous_depth=1
ATTR_RADIUS o=51 raw_norm=20697.056917447833 norm=1612.6762948148339 radius=1612.6762948148344 next_radius=1612.6762948148344 lambda=1.7267171786736487e-07 next_lambda=1.7267171786736487e-07 rho=0.38575680934737816 accept=1
CLASSICAL_LM o=51 lambda=1.7267171786736487e-07 tau=1.7267171786736487e-07 prediction=57.454057375902543 rho=0.38575680934737816 accept=1
  MFCG it  52 cost=2.481466e+05 lam=1.727e-07 tau=0.00e+00 cg_it=0 shift=0 ckpt=1 alpha=0 acc mv=159
PCG_PREP o=52 rebuild=1 drift=0 previous_depth=1
ATTR_RADIUS o=52 raw_norm=20095.384698894792 norm=1612.6762948148346 radius=1612.6762948148344 next_radius=1612.6762948148344 lambda=1.7267171786736487e-07 next_lambda=1.7267171786736487e-07 rho=0.39572867082164692 accept=1
CLASSICAL_LM o=52 lambda=1.7267171786736487e-07 tau=1.7267171786736487e-07 prediction=58.584110756683557 rho=0.39572867082164692 accept=1
  MFCG it  53 cost=2.481234e+05 lam=1.727e-07 tau=0.00e+00 cg_it=0 shift=0 ckpt=1 alpha=0 acc mv=161
PCG_PREP o=53 rebuild=1 drift=0 previous_depth=1
ATTR_RADIUS o=53 raw_norm=19525.772041203789 norm=1612.6762948148344 radius=1612.6762948148344 next_radius=1612.6762948148344 lambda=1.7267171786736487e-07 next_lambda=1.7267171786736487e-07 rho=0.40161989542981763 accept=1
CLASSICAL_LM o=53 lambda=1.7267171786736487e-07 tau=1.7267171786736487e-07 prediction=59.188083084314073 rho=0.40161989542981763 accept=1
  MFCG it  54 cost=2.480996e+05 lam=1.727e-07 tau=0.00e+00 cg_it=0 shift=0 ckpt=1 alpha=0 acc mv=163
PCG_PREP o=54 rebuild=1 drift=0 previous_depth=1
ATTR_RADIUS o=54 raw_norm=18983.641967722269 norm=1612.6762948148339 radius=1612.6762948148344 next_radius=1612.6762948148344 lambda=1.7267171786736487e-07 next_lambda=1.7267171786736487e-07 rho=0.40779771130654574 accept=1
CLASSICAL_LM o=54 lambda=1.7267171786736487e-07 tau=1.7267171786736487e-07 prediction=59.684947271638968 rho=0.40779771130654574 accept=1
  MFCG it  55 cost=2.480753e+05 lam=1.727e-07 tau=0.00e+00 cg_it=0 shift=0 ckpt=1 alpha=0 acc mv=165
PCG_PREP o=55 rebuild=1 drift=0 previous_depth=1
ATTR_RADIUS o=55 raw_norm=18466.713193014406 norm=1612.6762948148339 radius=1612.6762948148344 next_radius=1612.6762948148344 lambda=1.7267171786736487e-07 next_lambda=1.7267171786736487e-07 rho=0.41418804989954311 accept=1
CLASSICAL_LM o=55 lambda=1.7267171786736487e-07 tau=1.7267171786736487e-07 prediction=60.071598925477474 rho=0.41418804989954311 accept=1
  MFCG it  56 cost=2.480504e+05 lam=1.727e-07 tau=0.00e+00 cg_it=0 shift=0 ckpt=1 alpha=0 acc mv=167
PCG_PREP o=56 rebuild=1 drift=0 previous_depth=1
ATTR_RADIUS o=56 raw_norm=17973.220010516041 norm=1612.676294814835 radius=1612.6762948148344 next_radius=1612.6762948148344 lambda=1.7267171786736487e-07 next_lambda=1.7267171786736487e-07 rho=0.42073971239412417 accept=1
CLASSICAL_LM o=56 lambda=1.7267171786736487e-07 tau=1.7267171786736487e-07 prediction=60.346267661954158 rho=0.42073971239412417 accept=1
  MFCG it  57 cost=2.480250e+05 lam=1.727e-07 tau=0.00e+00 cg_it=0 shift=0 ckpt=1 alpha=0 acc mv=169
PCG_PREP o=57 rebuild=1 drift=0 previous_depth=1
ATTR_RADIUS o=57 raw_norm=17501.549425362089 norm=1612.6762948148348 radius=1612.6762948148344 next_radius=1612.6762948148344 lambda=1.7267171786736487e-07 next_lambda=1.7267171786736487e-07 rho=0.42741615101060404 accept=1
CLASSICAL_LM o=57 lambda=1.7267171786736487e-07 tau=1.7267171786736487e-07 prediction=60.509210018452407 rho=0.42741615101060404 accept=1
  MFCG it  58 cost=2.479991e+05 lam=1.727e-07 tau=0.00e+00 cg_it=0 shift=0 ckpt=1 alpha=0 acc mv=171
PCG_PREP o=58 rebuild=1 drift=0 previous_depth=1
ATTR_RADIUS o=58 raw_norm=17050.814918167449 norm=1612.676294814835 radius=1612.6762948148344 next_radius=1612.6762948148344 lambda=1.7267171786736487e-07 next_lambda=1.7267171786736487e-07 rho=0.43422685619507251 accept=1
CLASSICAL_LM o=58 lambda=1.7267171786736487e-07 tau=1.7267171786736487e-07 prediction=60.56419730768588 rho=0.43422685619507251 accept=1
  MFCG it  59 cost=2.479728e+05 lam=1.727e-07 tau=0.00e+00 cg_it=0 shift=0 ckpt=1 alpha=0 acc mv=173
PCG_PREP o=59 rebuild=1 drift=0 previous_depth=1
ATTR_RADIUS o=59 raw_norm=16619.890156999962 norm=1612.6762948148346 radius=1612.6762948148344 next_radius=1612.6762948148344 lambda=1.7267171786736487e-07 next_lambda=1.7267171786736487e-07 rho=0.44127026801311076 accept=1
CLASSICAL_LM o=59 lambda=1.7267171786736487e-07 tau=1.7267171786736487e-07 prediction=60.526848243498577 rho=0.44127026801311076 accept=1
  MFCG it  60 cost=2.479461e+05 lam=1.727e-07 tau=0.00e+00 cg_it=0 shift=0 ckpt=1 alpha=0 acc mv=175
PCG_PREP o=60 rebuild=1 drift=0 previous_depth=1
ATTR_RADIUS o=60 raw_norm=16208.360497497481 norm=1612.6762948148339 radius=1612.6762948148344 next_radius=1612.6762948148344 lambda=1.7267171786736487e-07 next_lambda=1.7267171786736487e-07 rho=0.44915818539767766 accept=1
CLASSICAL_LM o=60 lambda=1.7267171786736487e-07 tau=1.7267171786736487e-07 prediction=60.469586463355157 rho=0.44915818539767766 accept=1
  MFCG it  61 cost=2.479190e+05 lam=1.727e-07 tau=0.00e+00 cg_it=0 shift=0 ckpt=1 alpha=0 acc mv=177
PCG_PREP o=61 rebuild=1 drift=0 previous_depth=1
ATTR_RADIUS o=61 raw_norm=15819.075202162441 norm=1612.676294814835 radius=1612.6762948148344 next_radius=1612.6762948148344 lambda=1.7267171786736487e-07 next_lambda=1.7267171786736487e-07 rho=0.46277148967710668 accept=1
CLASSICAL_LM o=61 lambda=1.7267171786736487e-07 tau=1.7267171786736487e-07 prediction=60.950942488733816 rho=0.46277148967710668 accept=1
  MFCG it  62 cost=2.478908e+05 lam=1.727e-07 tau=0.00e+00 cg_it=0 shift=0 ckpt=1 alpha=0 acc mv=179
PCG_PREP o=62 rebuild=1 drift=0 previous_depth=1
ATTR_RADIUS o=62 raw_norm=15507.458594857799 norm=1612.6762948148346 radius=1612.6762948148344 next_radius=1612.6762948148344 lambda=1.7267171786736487e-07 next_lambda=1.7267171786736487e-07 rho=0.53379561626868821 accept=1
CLASSICAL_LM o=62 lambda=1.7267171786736487e-07 tau=1.7267171786736487e-07 prediction=69.953857053686747 rho=0.53379561626868821 accept=1
  MFCG it  63 cost=2.478534e+05 lam=1.727e-07 tau=0.00e+00 cg_it=0 shift=0 ckpt=1 alpha=0 acc mv=181
PCG_PREP o=63 rebuild=1 drift=0 previous_depth=1
ATTR_RADIUS o=63 raw_norm=15592.430311696309 norm=1612.6762948148346 radius=1612.6762948148344 next_radius=1612.6762948148344 lambda=1.7267171786736487e-07 next_lambda=1.7267171786736487e-07 rho=0.59219934988623968 accept=1
CLASSICAL_LM o=63 lambda=1.7267171786736487e-07 tau=1.7267171786736487e-07 prediction=79.633996866377828 rho=0.59219934988623968 accept=1
  MFCG it  64 cost=2.478063e+05 lam=1.727e-07 tau=0.00e+00 cg_it=0 shift=0 ckpt=1 alpha=0 acc mv=183
PCG_PREP o=64 rebuild=1 drift=0 previous_depth=1
ATTR_RADIUS o=64 raw_norm=15252.549207420161 norm=1612.6762948148344 radius=1612.6762948148344 next_radius=1612.6762948148344 lambda=1.7267171786736487e-07 next_lambda=1.7267171786736487e-07 rho=0.50846623940723479 accept=1
CLASSICAL_LM o=64 lambda=1.7267171786736487e-07 tau=1.7267171786736487e-07 prediction=62.597535106060299 rho=0.50846623940723479 accept=1
  MFCG it  65 cost=2.477744e+05 lam=1.727e-07 tau=0.00e+00 cg_it=0 shift=0 ckpt=1 alpha=0 acc mv=185
PCG_PREP o=65 rebuild=1 drift=0 previous_depth=1
ATTR_RADIUS o=65 raw_norm=10597.90385710073 norm=1612.6762948148346 radius=1612.6762948148344 next_radius=3225.3525896296687 lambda=1.7267171786736487e-07 next_lambda=1.7267171786736487e-07 rho=0.89661495682289361 accept=1
CLASSICAL_LM o=65 lambda=1.7267171786736487e-07 tau=1.7267171786736487e-07 prediction=231.97882698731073 rho=0.89661495682289361 accept=1
  MFCG it  66 cost=2.475664e+05 lam=1.727e-07 tau=0.00e+00 cg_it=1 shift=0 ckpt=2 alpha=0 acc mv=188
PCG_PREP o=66 rebuild=1 drift=0 previous_depth=2
POINT_SAFE o=66 frozen=1527 slope=-98.806560482149195 candidate=247589.47237230872 original=247548.63601597337 current=247566.44260654418 won=0 mode=1 camera_scale=1 keep_scale=0
ATTR_RADIUS o=66 raw_norm=15383.30940565862 norm=1612.6762948148346 radius=3225.3525896296687 next_radius=3225.3525896296687 lambda=1.7267171786736487e-07 next_lambda=1.7267171786736487e-07 rho=0.38228708599881911 accept=1
CLASSICAL_LM o=66 lambda=1.7267171786736487e-07 tau=1.7267171786736487e-07 prediction=46.579105658989739 rho=0.38228708599881911 accept=1
  MFCG it  67 cost=2.475486e+05 lam=1.727e-07 tau=0.00e+00 cg_it=0 shift=0 ckpt=1 alpha=0 acc mv=190
PCG_PREP o=67 rebuild=1 drift=0 previous_depth=1
POINT_SAFE o=67 frozen=1080 slope=-101.28284340067039 candidate=247570.33653667802 original=247529.87339636308 current=247548.63601597337 won=0 mode=1 camera_scale=1 keep_scale=0
ATTR_RADIUS o=67 raw_norm=14845.174614375797 norm=1612.6762948148344 radius=3225.3525896296687 next_radius=3225.3525896296687 lambda=1.7267171786736487e-07 next_lambda=1.7267171786736487e-07 rho=0.39343252792936778 accept=1
CLASSICAL_LM o=67 lambda=1.7267171786736487e-07 tau=1.7267171786736487e-07 prediction=47.689548469826029 rho=0.39343252792936778 accept=1
  MFCG it  68 cost=2.475299e+05 lam=1.727e-07 tau=0.00e+00 cg_it=0 shift=0 ckpt=1 alpha=0 acc mv=192
PCG_PREP o=68 rebuild=1 drift=0 previous_depth=1
POINT_SAFE o=68 frozen=848 slope=-103.31800203442563 candidate=247549.57120490499 original=247510.11959291133 current=247529.87339636308 won=0 mode=1 camera_scale=1 keep_scale=0
ATTR_RADIUS o=68 raw_norm=14342.412038485081 norm=1612.6762948148344 radius=3225.3525896296687 next_radius=3225.3525896296687 lambda=1.7267171786736487e-07 next_lambda=1.7267171786736487e-07 rho=0.40661102105138808 accept=1
CLASSICAL_LM o=68 lambda=1.7267171786736487e-07 tau=1.7267171786736487e-07 prediction=48.581574106553177 rho=0.40661102105138808 accept=1
  MFCG it  69 cost=2.475101e+05 lam=1.727e-07 tau=0.00e+00 cg_it=0 shift=0 ckpt=1 alpha=0 acc mv=194
PCG_PREP o=69 rebuild=1 drift=0 previous_depth=1
POINT_SAFE o=69 frozen=700 slope=-104.73529861483829 candidate=247527.63501145435 original=247489.5243407354 current=247510.11959291133 won=0 mode=1 camera_scale=1 keep_scale=0
ATTR_RADIUS o=69 raw_norm=13875.260721590439 norm=1612.6762948148339 radius=3225.3525896296687 next_radius=3225.3525896296687 lambda=1.7267171786736487e-07 next_lambda=1.7267171786736487e-07 rho=0.41906752689240789 accept=1
CLASSICAL_LM o=69 lambda=1.7267171786736487e-07 tau=1.7267171786736487e-07 prediction=49.145426105085633 rho=0.41906752689240789 accept=1
  MFCG it  70 cost=2.474895e+05 lam=1.727e-07 tau=0.00e+00 cg_it=0 shift=0 ckpt=1 alpha=0 acc mv=196
PCG_PREP o=70 rebuild=1 drift=0 previous_depth=1
POINT_SAFE o=70 frozen=647 slope=-105.56837177452059 candidate=247504.89867892873 original=247468.24140049843 current=247489.5243407354 won=0 mode=1 camera_scale=1 keep_scale=0
ATTR_RADIUS o=70 raw_norm=13441.583177766985 norm=1612.6762948148341 radius=3225.3525896296687 next_radius=3225.3525896296687 lambda=1.7267171786736487e-07 next_lambda=1.7267171786736487e-07 rho=0.43062448582007834 accept=1
CLASSICAL_LM o=70 lambda=1.7267171786736487e-07 tau=1.7267171786736487e-07 prediction=49.423432567790243 rho=0.43062448582007834 accept=1
  MFCG it  71 cost=2.474682e+05 lam=1.727e-07 tau=0.00e+00 cg_it=0 shift=0 ckpt=1 alpha=0 acc mv=198
PCG_PREP o=71 rebuild=1 drift=0 previous_depth=1
POINT_SAFE o=71 frozen=635 slope=-105.89316798923927 candidate=247481.59059136442 original=247446.4062515329 current=247468.24140049843 won=0 mode=1 camera_scale=1 keep_scale=0
ATTR_RADIUS o=71 raw_norm=13038.21765884944 norm=1612.6762948148341 radius=3225.3525896296687 next_radius=3225.3525896296687 lambda=1.7267171786736487e-07 next_lambda=1.7267171786736487e-07 rho=0.44142516142555793 accept=1
CLASSICAL_LM o=71 lambda=1.7267171786736487e-07 tau=1.7267171786736487e-07 prediction=49.465120871263956 rho=0.44142516142555793 accept=1
  MFCG it  72 cost=2.474464e+05 lam=1.727e-07 tau=0.00e+00 cg_it=0 shift=0 ckpt=1 alpha=0 acc mv=200
PCG_PREP o=72 rebuild=1 drift=0 previous_depth=1
POINT_SAFE o=72 frozen=635 slope=-105.78328845413668 candidate=247457.8420108179 original=247424.13639965866 current=247446.4062515329 won=0 mode=1 camera_scale=1 keep_scale=0
ATTR_RADIUS o=72 raw_norm=12663.532672641722 norm=1612.6762948148339 radius=3225.3525896296687 next_radius=3225.3525896296687 lambda=1.7267171786736487e-07 next_lambda=1.7267171786736487e-07 rho=0.45166011532446804 accept=1
CLASSICAL_LM o=72 lambda=1.7267171786736487e-07 tau=1.7267171786736487e-07 prediction=49.30666029308685 rho=0.45166011532446804 accept=1
  MFCG it  73 cost=2.474241e+05 lam=1.727e-07 tau=0.00e+00 cg_it=0 shift=0 ckpt=1 alpha=0 acc mv=202
PCG_PREP o=73 rebuild=1 drift=0 previous_depth=1
POINT_SAFE o=73 frozen=641 slope=-105.29964622309095 candidate=247433.77332948806 original=247401.53684844798 current=247424.13639965866 won=0 mode=1 camera_scale=1 keep_scale=0
ATTR_RADIUS o=73 raw_norm=12314.877485541643 norm=1612.6762948148348 radius=3225.3525896296687 next_radius=3225.3525896296687 lambda=1.7267171786736487e-07 next_lambda=1.7267171786736487e-07 rho=0.46142778757080938 accept=1
CLASSICAL_LM o=73 lambda=1.7267171786736487e-07 tau=1.7267171786736487e-07 prediction=48.977438765988119 rho=0.46142778757080938 accept=1
  MFCG it  74 cost=2.474015e+05 lam=1.727e-07 tau=0.00e+00 cg_it=0 shift=0 ckpt=1 alpha=0 acc mv=204
PCG_PREP o=74 rebuild=1 drift=0 previous_depth=1
POINT_SAFE o=74 frozen=661 slope=-104.49150871006843 candidate=247409.47944352988 original=247378.70029328784 current=247401.53684844798 won=0 mode=1 camera_scale=1 keep_scale=0
ATTR_RADIUS o=74 raw_norm=11990.756370816986 norm=1612.6762948148344 radius=3225.3525896296687 next_radius=3225.3525896296687 lambda=1.7267171786736487e-07 next_lambda=1.7267171786736487e-07 rho=0.47085094870696031 accept=1
CLASSICAL_LM o=74 lambda=1.7267171786736487e-07 tau=1.7267171786736487e-07 prediction=48.500603477297247 rho=0.47085094870696031 accept=1
  MFCG it  75 cost=2.473787e+05 lam=1.727e-07 tau=0.00e+00 cg_it=0 shift=0 ckpt=1 alpha=0 acc mv=206
PCG_PREP o=75 rebuild=1 drift=0 previous_depth=1
POINT_SAFE o=75 frozen=665 slope=-103.41116580135449 candidate=247385.06672604496 original=247355.71042470314 current=247378.70029328784 won=0 mode=1 camera_scale=1 keep_scale=0
ATTR_RADIUS o=75 raw_norm=11688.087821534027 norm=1612.6762948148339 radius=3225.3525896296687 next_radius=3225.3525896296687 lambda=1.7267171786736487e-07 next_lambda=1.7267171786736487e-07 rho=0.47993551638232657 accept=1
CLASSICAL_LM o=75 lambda=1.7267171786736487e-07 tau=1.7267171786736487e-07 prediction=47.901994747115062 rho=0.47993551638232657 accept=1
  MFCG it  76 cost=2.473557e+05 lam=1.727e-07 tau=0.00e+00 cg_it=0 shift=0 ckpt=1 alpha=0 acc mv=208
PCG_PREP o=76 rebuild=1 drift=0 previous_depth=1
POINT_SAFE o=76 frozen=671 slope=-102.10584877890598 candidate=247360.61592134458 original=247332.64017510676 current=247355.71042470314 won=0 mode=1 camera_scale=1 keep_scale=0
ATTR_RADIUS o=76 raw_norm=11404.802398550279 norm=1612.6762948148344 radius=3225.3525896296687 next_radius=3225.3525896296687 lambda=1.7267171786736487e-07 next_lambda=1.7267171786736487e-07 rho=0.48874121144226235 accept=1
CLASSICAL_LM o=76 lambda=1.7267171786736487e-07 tau=1.7267171786736487e-07 prediction=47.203405516588504 rho=0.48874121144226235 accept=1
  MFCG it  77 cost=2.473326e+05 lam=1.727e-07 tau=0.00e+00 cg_it=0 shift=0 ckpt=1 alpha=0 acc mv=210
PCG_PREP o=77 rebuild=1 drift=0 previous_depth=1
ATTR_RADIUS o=77 raw_norm=5870.2775420869457 norm=3225.3525896296687 radius=3225.3525896296687 next_radius=6450.7051792593375 lambda=1.7267171786736487e-07 next_lambda=1.7267171786736487e-07 rho=0.97566304025759631 accept=1
CLASSICAL_LM o=77 lambda=1.7267171786736487e-07 tau=1.7267171786736487e-07 prediction=458.9257932161953 rho=0.97566304025759631 accept=1
  MFCG it  78 cost=2.468849e+05 lam=1.727e-07 tau=0.00e+00 cg_it=1 shift=0 ckpt=2 alpha=0 acc mv=213
PCG_PREP o=78 rebuild=1 drift=0 previous_depth=2
POINT_SAFE o=78 frozen=63 slope=-433.91732204131807 candidate=246897.36753302693 original=246742.50954078595 current=246884.88324044482 won=0 mode=1 camera_scale=1 keep_scale=0
ATTR_RADIUS o=78 raw_norm=11368.318407204015 norm=3225.3525896296687 radius=6450.7051792593375 next_radius=6450.7051792593375 lambda=1.7267171786736487e-07 next_lambda=1.7267171786736487e-07 rho=0.76901698260274509 accept=1
CLASSICAL_LM o=78 lambda=1.7267171786736487e-07 tau=1.7267171786736487e-07 prediction=185.13726338917166 rho=0.76901698260274509 accept=1
  MFCG it  79 cost=2.467425e+05 lam=1.727e-07 tau=0.00e+00 cg_it=3 shift=0 ckpt=4 alpha=0 acc mv=218
PCG_PREP o=79 rebuild=1 drift=0 previous_depth=4
POINT_SAFE o=79 frozen=337 slope=-108.47069338380484 candidate=247109.98510226462 original=246735.81674197232 current=246742.50954078595 won=0 mode=1 camera_scale=1 keep_scale=0
ATTR_RADIUS o=79 raw_norm=11697.324152110745 norm=1612.6762948148344 radius=6450.7051792593375 next_radius=6450.7051792593375 lambda=1.7267171786736487e-07 next_lambda=1.7267171786736487e-07 rho=0.2671933592300425 accept=1
CLASSICAL_LM o=79 lambda=1.7267171786736487e-07 tau=1.7267171786736487e-07 prediction=25.04852228706828 rho=0.2671933592300425 accept=1
  MFCG it  80 cost=2.467358e+05 lam=1.727e-07 tau=0.00e+00 cg_it=0 shift=0 ckpt=1 alpha=0 acc mv=220
PCG_PREP o=80 rebuild=1 drift=0 previous_depth=1
POINT_SAFE o=80 frozen=347 slope=-107.74141940258018 candidate=247111.5957468597 original=246730.57006901642 current=246735.81674197232 won=0 mode=1 camera_scale=1 keep_scale=0
ATTR_RADIUS o=80 raw_norm=11027.386401943259 norm=1612.6762948148339 radius=6450.7051792593375 next_radius=1612.6762948148344 lambda=1.7267171786736487e-07 next_lambda=2.7627474858778379e-06 rho=0.21077887985442262 accept=1
CLASSICAL_LM o=80 lambda=1.7267171786736487e-07 tau=1.7267171786736487e-07 prediction=24.891834321912604 rho=0.21077887985442262 accept=1
  MFCG it  81 cost=2.467306e+05 lam=2.763e-06 tau=0.00e+00 cg_it=0 shift=0 ckpt=1 alpha=0 acc mv=222
PCG_PREP o=81 rebuild=1 drift=0 previous_depth=1
ATTR_RADIUS o=81 raw_norm=763.20465387777813 norm=763.20465387777836 radius=1612.6762948148344 next_radius=1612.6762948148344 lambda=2.7627474858778379e-06 next_lambda=2.7627474858778379e-07 rho=1.0188208526624629 accept=1
CLASSICAL_LM o=81 lambda=2.7627474858778379e-06 tau=2.7627474858778379e-06 prediction=79.409957563061695 rho=1.0188208526624629 accept=1
  MFCG it  82 cost=2.466497e+05 lam=2.763e-07 tau=0.00e+00 cg_it=0 shift=0 ckpt=1 alpha=0 acc mv=224
PCG_PREP o=82 rebuild=1 drift=0 previous_depth=1
ATTR_RADIUS o=82 raw_norm=6550.4301014766643 norm=1612.6762948148344 radius=1612.6762948148344 next_radius=3225.3525896296687 lambda=2.7627474858778379e-07 next_lambda=1.7267171786736487e-07 rho=0.99791305156914822 accept=1
CLASSICAL_LM o=82 lambda=2.7627474858778379e-07 tau=2.7627474858778379e-07 prediction=114.7188817649255 rho=0.99791305156914822 accept=1
  MFCG it  83 cost=2.465352e+05 lam=1.727e-07 tau=0.00e+00 cg_it=33 shift=0 ckpt=34 alpha=0 acc mv=259
PCG_PREP o=83 rebuild=1 drift=0 previous_depth=34
ATTR_RADIUS o=83 raw_norm=8675.4137439088754 norm=3225.3525896296669 radius=3225.3525896296687 next_radius=3225.3525896296687 lambda=1.7267171786736487e-07 next_lambda=1.7267171786736487e-07 rho=0.61855405936552332 accept=1
CLASSICAL_LM o=83 lambda=1.7267171786736487e-07 tau=1.7267171786736487e-07 prediction=82.536036258932015 rho=0.61855405936552332 accept=1
  MFCG it  84 cost=2.464841e+05 lam=1.727e-07 tau=0.00e+00 cg_it=5 shift=0 ckpt=6 alpha=0 acc mv=266
PCG_PREP o=84 rebuild=1 drift=0 previous_depth=6
POINT_SAFE o=84 frozen=4 slope=-39.434507488004257 candidate=246522.0164348112 original=246483.04579358126 current=246484.1330786956 won=0 mode=1 camera_scale=1 keep_scale=0
ATTR_RADIUS o=84 raw_norm=8647.0177870992338 norm=3225.3525896296696 radius=3225.3525896296687 next_radius=806.33814740741718 lambda=1.7267171786736487e-07 next_lambda=2.7627474858778379e-06 rho=0.063368742355869853 accept=0
CLASSICAL_LM o=84 lambda=1.7267171786736487e-07 tau=1.7267171786736487e-07 prediction=17.158066799397545 rho=0.063368742355869853 accept=0
  MFCG it  85  retry 1/8  lam=2.763e-06 tau_eff=1.727e-07  (assembly reused)
PCG_PREP o=84 rebuild=1 drift=0 previous_depth=1
ATTR_RADIUS o=84 raw_norm=620.20686039928853 norm=620.20686039928853 radius=806.33814740741718 next_radius=806.33814740741718 lambda=2.7627474858778379e-06 next_lambda=2.7627474858778379e-07 rho=1.0100380043053501 accept=1
CLASSICAL_LM o=84 lambda=2.7627474858778379e-06 tau=2.7627474858778379e-06 prediction=39.138508497091706 rho=1.0100380043053501 accept=1
  MFCG it  85 cost=2.464446e+05 lam=2.763e-07 tau=0.00e+00 cg_it=0 shift=0 ckpt=1 alpha=0 acc mv=270
PCG_PREP o=85 rebuild=1 drift=0 previous_depth=1
ATTR_RADIUS o=85 raw_norm=5016.588302569914 norm=806.3381474074173 radius=806.33814740741718 next_radius=1612.6762948148344 lambda=2.7627474858778379e-07 next_lambda=1.7267171786736487e-07 rho=0.99960954262377466 accept=1
CLASSICAL_LM o=85 lambda=2.7627474858778379e-07 tau=2.7627474858778379e-07 prediction=27.490064362962229 rho=0.99960954262377466 accept=1
  MFCG it  86 cost=2.464171e+05 lam=1.727e-07 tau=0.00e+00 cg_it=72 shift=0 ckpt=73 alpha=0 acc mv=344
PCG_PREP o=86 rebuild=1 drift=0 previous_depth=73
ATTR_RADIUS o=86 raw_norm=7230.7264973929059 norm=1612.6762948148344 radius=1612.6762948148344 next_radius=3225.3525896296687 lambda=1.7267171786736487e-07 next_lambda=1.7267171786736487e-07 rho=0.86222035985509338 accept=1
CLASSICAL_LM o=86 lambda=1.7267171786736487e-07 tau=1.7267171786736487e-07 prediction=18.734555438120694 rho=0.86222035985509338 accept=1
  MFCG it  87 cost=2.464010e+05 lam=1.727e-07 tau=0.00e+00 cg_it=6 shift=0 ckpt=7 alpha=0 acc mv=352
PCG_PREP o=87 rebuild=1 drift=0 previous_depth=7
POINT_SAFE o=87 frozen=37 slope=-8.0224630638801457 candidate=246435.101282299 original=246400.37100267425 current=246400.96905188556 won=0 mode=1 camera_scale=1 keep_scale=0
ATTR_RADIUS o=87 raw_norm=8093.0497741088047 norm=806.3381474074173 radius=3225.3525896296687 next_radius=3225.3525896296687 lambda=1.7267171786736487e-07 next_lambda=1.7267171786736487e-07 rho=0.30734025036858414 accept=1
CLASSICAL_LM o=87 lambda=1.7267171786736487e-07 tau=1.7267171786736487e-07 prediction=1.9458863933330823 rho=0.30734025036858414 accept=1
  MFCG it  88 cost=2.464004e+05 lam=1.727e-07 tau=0.00e+00 cg_it=0 shift=0 ckpt=1 alpha=0 acc mv=354
PCG_PREP o=88 rebuild=1 drift=0 previous_depth=1
POINT_SAFE o=88 frozen=20 slope=-8.5689457865303371 candidate=246435.34782515548 original=246399.78301056728 current=246400.37100267425 won=0 mode=1 camera_scale=1 keep_scale=0
ATTR_RADIUS o=88 raw_norm=7888.3192976393348 norm=806.33814740741695 radius=3225.3525896296687 next_radius=3225.3525896296687 lambda=1.7267171786736487e-07 next_lambda=1.7267171786736487e-07 rho=0.28366232948451009 accept=1
CLASSICAL_LM o=88 lambda=1.7267171786736487e-07 tau=1.7267171786736487e-07 prediction=2.072859332574525 rho=0.28366232948451009 accept=1
  MFCG it  89 cost=2.463998e+05 lam=1.727e-07 tau=0.00e+00 cg_it=0 shift=0 ckpt=1 alpha=0 acc mv=356
PCG_PREP o=89 rebuild=1 drift=0 previous_depth=1
POINT_SAFE o=89 frozen=20 slope=-9.1378318864516395 candidate=246435.39626906419 original=246399.18270748525 current=246399.78301056728 won=0 mode=1 camera_scale=1 keep_scale=0
ATTR_RADIUS o=89 raw_norm=7687.6866394763692 norm=806.33814740741718 radius=3225.3525896296687 next_radius=3225.3525896296687 lambda=1.7267171786736487e-07 next_lambda=1.7267171786736487e-07 rho=0.27227895042052891 accept=1
CLASSICAL_LM o=89 lambda=1.7267171786736487e-07 tau=1.7267171786736487e-07 prediction=2.2047355519082501 rho=0.27227895042052891 accept=1
  MFCG it  90 cost=2.463992e+05 lam=1.727e-07 tau=0.00e+00 cg_it=0 shift=0 ckpt=1 alpha=0 acc mv=358
PCG_PREP o=90 rebuild=1 drift=0 previous_depth=1
POINT_SAFE o=90 frozen=20 slope=-9.708760576528908 candidate=246435.2532897827 original=246398.5536569785 current=246399.18270748525 won=0 mode=1 camera_scale=1 keep_scale=0
ATTR_RADIUS o=90 raw_norm=7492.9633537768668 norm=806.33814740741707 radius=3225.3525896296687 next_radius=3225.3525896296687 lambda=1.7267171786736487e-07 next_lambda=1.7267171786736487e-07 rho=0.26920596928982893 accept=1
CLASSICAL_LM o=90 lambda=1.7267171786736487e-07 tau=1.7267171786736487e-07 prediction=2.3366885526497887 rho=0.26920596928982893 accept=1
  MFCG it  91 cost=2.463986e+05 lam=1.727e-07 tau=0.00e+00 cg_it=0 shift=0 ckpt=1 alpha=0 acc mv=360
PCG_PREP o=91 rebuild=1 drift=0 previous_depth=1
POINT_SAFE o=91 frozen=20 slope=-10.265425867296468 candidate=246434.92831742912 original=246397.88434233409 current=246398.5536569785 won=0 mode=1 camera_scale=1 keep_scale=0
ATTR_RADIUS o=91 raw_norm=7304.8573421713982 norm=806.33814740741775 radius=3225.3525896296687 next_radius=3225.3525896296687 lambda=1.7267171786736487e-07 next_lambda=1.7267171786736487e-07 rho=0.27154030734979118 accept=1
CLASSICAL_LM o=91 lambda=1.7267171786736487e-07 tau=1.7267171786736487e-07 prediction=2.4648813686200519 rho=0.27154030734979118 accept=1
  MFCG it  92 cost=2.463979e+05 lam=1.727e-07 tau=0.00e+00 cg_it=0 shift=0 ckpt=1 alpha=0 acc mv=362
PCG_PREP o=92 rebuild=1 drift=0 previous_depth=1
POINT_SAFE o=92 frozen=21 slope=-10.795039435011995 candidate=246434.43299486971 original=246397.1673231108 current=246397.88434233409 won=0 mode=1 camera_scale=1 keep_scale=0
ATTR_RADIUS o=92 raw_norm=7123.7091278161543 norm=806.33814740741684 radius=3225.3525896296687 next_radius=3225.3525896296687 lambda=1.7267171786736487e-07 next_lambda=1.7267171786736487e-07 rho=0.27723699113536071 accept=1
CLASSICAL_LM o=92 lambda=1.7267171786736487e-07 tau=1.7267171786736487e-07 prediction=2.5863043035907514 rho=0.27723699113536071 accept=1
  MFCG it  93 cost=2.463972e+05 lam=1.727e-07 tau=0.00e+00 cg_it=0 shift=0 ckpt=1 alpha=0 acc mv=364
PCG_PREP o=93 rebuild=1 drift=0 previous_depth=1
POINT_SAFE o=93 frozen=20 slope=-11.28769937428747 candidate=246433.77938572172 original=246396.39847880157 current=246397.1673231108 won=0 mode=1 camera_scale=1 keep_scale=0
ATTR_RADIUS o=93 raw_norm=6949.3400900717843 norm=806.33814740741718 radius=3225.3525896296687 next_radius=3225.3525896296687 lambda=1.7267171786736487e-07 next_lambda=1.7267171786736487e-07 rho=0.28489931882588831 accept=1
CLASSICAL_LM o=93 lambda=1.7267171786736487e-07 tau=1.7267171786736487e-07 prediction=2.6986526763291225 rho=0.28489931882588831 accept=1
  MFCG it  94 cost=2.463964e+05 lam=1.727e-07 tau=0.00e+00 cg_it=0 shift=0 ckpt=1 alpha=0 acc mv=366
PCG_PREP o=94 rebuild=1 drift=0 previous_depth=1
POINT_SAFE o=94 frozen=23 slope=-11.736152813487408 candidate=246432.98285947318 original=246395.57642985345 current=246396.39847880157 won=0 mode=1 camera_scale=1 keep_scale=0
ATTR_RADIUS o=94 raw_norm=6781.5255213265982 norm=806.33814740741684 radius=3225.3525896296687 next_radius=3225.3525896296687 lambda=1.7267171786736487e-07 next_lambda=1.7267171786736487e-07 rho=0.29356310144371156 accept=1
CLASSICAL_LM o=94 lambda=1.7267171786736487e-07 tau=1.7267171786736487e-07 prediction=2.8002461619820447 rho=0.29356310144371156 accept=1
  MFCG: converged (OCA_FTOL: 8 outers < 1.0e-05 rel)
  [menu-backtrack] confirming stop with original retry policy at outer 95
  MFCG it  95 cost=2.463956e+05 lam=1.727e-07 tau=0.00e+00 cg_it=0 shift=0 ckpt=1 alpha=0 acc mv=368
PCG_PREP o=95 rebuild=1 drift=0 previous_depth=1
ATTR_RADIUS o=95 raw_norm=6619.9767468626151 norm=3225.3525896296687 radius=3225.3525896296687 next_radius=806.33814740741718 lambda=1.7267171786736487e-07 next_lambda=2.7627474858778379e-06 rho=-1 accept=0
CLASSICAL_LM o=95 lambda=1.7267171786736487e-07 tau=1.7267171786736487e-07 prediction=9.8347780930549078 rho=-1 accept=0
  MFCG it  96  retry 1/8  lam=2.763e-06 tau_eff=1.727e-07  (assembly reused)
PCG_PREP o=95 rebuild=1 drift=0 previous_depth=1
ATTR_RADIUS o=95 raw_norm=495.85597405423454 norm=495.85597405423454 radius=806.33814740741718 next_radius=806.33814740741718 lambda=2.7627474858778379e-06 next_lambda=2.7627474858778379e-07 rho=1.0193978396783461 accept=1
CLASSICAL_LM o=95 lambda=2.7627474858778379e-06 tau=2.7627474858778379e-06 prediction=10.102748923653454 rho=1.0193978396783461 accept=1
  MFCG it  96 cost=2.463853e+05 lam=2.763e-07 tau=0.00e+00 cg_it=0 shift=0 ckpt=1 alpha=0 acc mv=372
PCG_PREP o=96 rebuild=1 drift=0 previous_depth=1
ATTR_RADIUS o=96 raw_norm=3750.2769104392187 norm=806.33814740741673 radius=806.33814740741718 next_radius=1612.6762948148344 lambda=2.7627474858778379e-07 next_lambda=1.7267171786736487e-07 rho=1.0014013791323686 accept=1
CLASSICAL_LM o=96 lambda=2.7627474858778379e-07 tau=2.7627474858778379e-07 prediction=18.352465927362076 rho=1.0014013791323686 accept=1
  MFCG it  97 cost=2.463669e+05 lam=1.727e-07 tau=0.00e+00 cg_it=65 shift=0 ckpt=66 alpha=0 acc mv=439
PCG_PREP o=97 rebuild=1 drift=0 previous_depth=66
ATTR_RADIUS o=97 raw_norm=5404.466603088159 norm=1612.6762948148335 radius=1612.6762948148344 next_radius=3225.3525896296687 lambda=1.7267171786736487e-07 next_lambda=1.7267171786736487e-07 rho=0.75564545218520984 accept=1
CLASSICAL_LM o=97 lambda=1.7267171786736487e-07 tau=1.7267171786736487e-07 prediction=9.8279722546437167 rho=0.75564545218520984 accept=1
  MFCG it  98 cost=2.463595e+05 lam=1.727e-07 tau=0.00e+00 cg_it=6 shift=0 ckpt=7 alpha=0 acc mv=447
PCG_PREP o=98 rebuild=1 drift=0 previous_depth=7
ATTR_RADIUS o=98 raw_norm=5820.9578231362466 norm=3225.352589629666 radius=3225.3525896296687 next_radius=806.33814740741718 lambda=1.7267171786736487e-07 next_lambda=2.7627474858778379e-06 rho=-1 accept=0
CLASSICAL_LM o=98 lambda=1.7267171786736487e-07 tau=1.7267171786736487e-07 prediction=5.6314724251928565 rho=-1 accept=0
  MFCG it  99  retry 1/8  lam=2.763e-06 tau_eff=1.727e-07  (assembly reused)
PCG_PREP o=98 rebuild=1 drift=0 previous_depth=1
ATTR_RADIUS o=98 raw_norm=458.83566233538005 norm=458.83566233538005 radius=806.33814740741718 next_radius=806.33814740741718 lambda=2.7627474858778379e-06 next_lambda=2.7627474858778379e-07 rho=1.0276310277599001 accept=1
CLASSICAL_LM o=98 lambda=2.7627474858778379e-06 tau=2.7627474858778379e-06 prediction=4.2156044077277963 rho=1.0276310277599001 accept=1
  MFCG it  99 cost=2.463551e+05 lam=2.763e-07 tau=0.00e+00 cg_it=0 shift=0 ckpt=1 alpha=0 acc mv=451
PCG_PREP o=99 rebuild=1 drift=0 previous_depth=1
ATTR_RADIUS o=99 raw_norm=3276.4869238101828 norm=806.33814740741707 radius=806.33814740741718 next_radius=1612.6762948148344 lambda=2.7627474858778379e-07 next_lambda=1.7267171786736487e-07 rho=0.99415979662510801 accept=1
CLASSICAL_LM o=99 lambda=2.7627474858778379e-07 tau=2.7627474858778379e-07 prediction=9.9122360732115382 rho=0.99415979662510801 accept=1
  MFCG it 100 cost=2.463453e+05 lam=1.727e-07 tau=0.00e+00 cg_it=65 shift=0 ckpt=66 alpha=0 acc mv=518
PCG_PREP o=100 rebuild=1 drift=0 previous_depth=66
ATTR_RADIUS o=100 raw_norm=4860.0289148415386 norm=1612.6762948148346 radius=1612.6762948148344 next_radius=1612.6762948148344 lambda=1.7267171786736487e-07 next_lambda=1.7267171786736487e-07 rho=0.40243401136574353 accept=1
CLASSICAL_LM o=100 lambda=1.7267171786736487e-07 tau=1.7267171786736487e-07 prediction=4.4868369307385807 rho=0.40243401136574353 accept=1
  MFCG it 101 cost=2.463435e+05 lam=1.727e-07 tau=0.00e+00 cg_it=5 shift=0 ckpt=6 alpha=0 acc mv=525
PCG_PREP o=101 rebuild=1 drift=0 previous_depth=6
ATTR_RADIUS o=101 raw_norm=5116.1057086950923 norm=1612.676294814835 radius=1612.6762948148344 next_radius=403.16907370370859 lambda=1.7267171786736487e-07 next_lambda=2.7627474858778379e-06 rho=-1 accept=0
CLASSICAL_LM o=101 lambda=1.7267171786736487e-07 tau=1.7267171786736487e-07 prediction=3.1481474844797948 rho=-1 accept=0
  MFCG it 102  retry 1/8  lam=2.763e-06 tau_eff=1.727e-07  (assembly reused)
PCG_PREP o=101 rebuild=1 drift=0 previous_depth=1
ATTR_RADIUS o=101 raw_norm=373.24067258738376 norm=373.24067258738376 radius=403.16907370370859 next_radius=806.33814740741718 lambda=2.7627474858778379e-06 next_lambda=6.9068687146945947e-07 rho=1.0093115609216896 accept=1
CLASSICAL_LM o=101 lambda=2.7627474858778379e-06 tau=2.7627474858778379e-06 prediction=3.6354263575812955 rho=1.0093115609216896 accept=1
  MFCG it 102 cost=2.463398e+05 lam=6.907e-07 tau=0.00e+00 cg_it=0 shift=0 ckpt=1 alpha=0 acc mv=529
PCG_PREP o=102 rebuild=1 drift=0 previous_depth=1
ATTR_RADIUS o=102 raw_norm=1360.0265667739777 norm=806.33814740741695 radius=806.33814740741718 next_radius=1612.6762948148344 lambda=6.9068687146945947e-07 next_lambda=1.7267171786736487e-07 rho=0.99456328193947618 accept=1
CLASSICAL_LM o=102 lambda=6.9068687146945947e-07 tau=6.9068687146945947e-07 prediction=8.8787001229513969 rho=0.99456328193947618 accept=1
  MFCG it 103 cost=2.463310e+05 lam=1.727e-07 tau=0.00e+00 cg_it=72 shift=0 ckpt=73 alpha=0 acc mv=603
PCG_PREP o=103 rebuild=1 drift=0 previous_depth=73
ATTR_RADIUS o=103 raw_norm=4561.0479448264305 norm=1612.6762948148335 radius=1612.6762948148344 next_radius=403.16907370370859 lambda=1.7267171786736487e-07 next_lambda=2.7627474858778379e-06 rho=-1 accept=0
CLASSICAL_LM o=103 lambda=1.7267171786736487e-07 tau=1.7267171786736487e-07 prediction=1.486891687792385 rho=-1 accept=0
  MFCG it 104  retry 1/8  lam=2.763e-06 tau_eff=1.727e-07  (assembly reused)
PCG_PREP o=103 rebuild=1 drift=0 previous_depth=1
ATTR_RADIUS o=103 raw_norm=399.55379605999485 norm=399.55379605999485 radius=403.16907370370859 next_radius=806.33814740741718 lambda=2.7627474858778379e-06 next_lambda=6.9068687146945947e-07 rho=1.0212921211714869 accept=1
CLASSICAL_LM o=103 lambda=2.7627474858778379e-06 tau=2.7627474858778379e-06 prediction=0.75877362609873944 rho=1.0212921211714869 accept=1
  MFCG it 104 cost=2.463302e+05 lam=6.907e-07 tau=0.00e+00 cg_it=0 shift=0 ckpt=1 alpha=0 acc mv=607
PCG_PREP o=104 rebuild=1 drift=0 previous_depth=1
ATTR_RADIUS o=104 raw_norm=1185.6154889208824 norm=806.33814740741695 radius=806.33814740741718 next_radius=1612.6762948148344 lambda=6.9068687146945947e-07 next_lambda=1.7267171786736487e-07 rho=0.96451805068347962 accept=1
CLASSICAL_LM o=104 lambda=6.9068687146945947e-07 tau=6.9068687146945947e-07 prediction=2.4589644118575014 rho=0.96451805068347962 accept=1
  MFCG it 105 cost=2.463278e+05 lam=1.727e-07 tau=0.00e+00 cg_it=72 shift=0 ckpt=73 alpha=0 acc mv=681
PCG_PREP o=105 rebuild=1 drift=0 previous_depth=73
ATTR_RADIUS o=105 raw_norm=4292.0030045768181 norm=1612.6762948148337 radius=1612.6762948148344 next_radius=403.16907370370859 lambda=1.7267171786736487e-07 next_lambda=2.7627474858778379e-06 rho=-1 accept=0
CLASSICAL_LM o=105 lambda=1.7267171786736487e-07 tau=1.7267171786736487e-07 prediction=1.3782553739394061 rho=-1 accept=0
  MFCG it 106  retry 1/8  lam=2.763e-06 tau_eff=1.727e-07  (assembly reused)
PCG_PREP o=105 rebuild=1 drift=0 previous_depth=1
ATTR_RADIUS o=105 raw_norm=329.05183232588382 norm=329.05183232588382 radius=403.16907370370859 next_radius=806.33814740741718 lambda=2.7627474858778379e-06 next_lambda=6.9068687146945947e-07 rho=1.0002037225823732 accept=1
CLASSICAL_LM o=105 lambda=2.7627474858778379e-06 tau=2.7627474858778379e-06 prediction=0.51783621997275753 rho=1.0002037225823732 accept=1
  MFCG it 106 cost=2.463273e+05 lam=6.907e-07 tau=0.00e+00 cg_it=0 shift=0 ckpt=1 alpha=0 acc mv=685
PCG_PREP o=106 rebuild=1 drift=0 previous_depth=1
ATTR_RADIUS o=106 raw_norm=1091.5168885753924 norm=806.3381474074173 radius=806.33814740741718 next_radius=1612.6762948148344 lambda=6.9068687146945947e-07 next_lambda=1.7267171786736487e-07 rho=0.86689708590096104 accept=1
CLASSICAL_LM o=106 lambda=6.9068687146945947e-07 tau=6.9068687146945947e-07 prediction=0.98613847461581483 rho=0.86689708590096104 accept=1
  MFCG it 107 cost=2.463265e+05 lam=1.727e-07 tau=0.00e+00 cg_it=69 shift=0 ckpt=70 alpha=0 acc mv=756
PCG_PREP o=107 rebuild=1 drift=0 previous_depth=70
ATTR_RADIUS o=107 raw_norm=4107.6613690373897 norm=1612.6762948148341 radius=1612.6762948148344 next_radius=403.16907370370859 lambda=1.7267171786736487e-07 next_lambda=2.7627474858778379e-06 rho=-1 accept=0
CLASSICAL_LM o=107 lambda=1.7267171786736487e-07 tau=1.7267171786736487e-07 prediction=1.310403422424403 rho=-1 accept=0
  MFCG it 108  retry 1/8  lam=2.763e-06 tau_eff=1.727e-07  (assembly reused)
PCG_PREP o=107 rebuild=1 drift=0 previous_depth=1
ATTR_RADIUS o=107 raw_norm=296.6507543611292 norm=296.6507543611292 radius=403.16907370370859 next_radius=403.16907370370859 lambda=2.7627474858778379e-06 next_lambda=2.7627474858778379e-07 rho=0.98923633443340653 accept=1
CLASSICAL_LM o=107 lambda=2.7627474858778379e-06 tau=2.7627474858778379e-06 prediction=0.42236427163152346 rho=0.98923633443340653 accept=1
  MFCG it 108 cost=2.463260e+05 lam=2.763e-07 tau=0.00e+00 cg_it=0 shift=0 ckpt=1 alpha=0 acc mv=760
PCG_PREP o=108 rebuild=1 drift=0 previous_depth=1
ATTR_RADIUS o=108 raw_norm=2531.6245785230108 norm=403.16907370370853 radius=403.16907370370859 next_radius=806.33814740741718 lambda=2.7627474858778379e-07 next_lambda=1.7267171786736487e-07 rho=0.93525361188813971 accept=1
CLASSICAL_LM o=108 lambda=2.7627474858778379e-07 tau=2.7627474858778379e-07 prediction=0.34244727624023574 rho=0.93525361188813971 accept=1
  MFCG it 109 cost=2.463257e+05 lam=1.727e-07 tau=0.00e+00 cg_it=25 shift=0 ckpt=26 alpha=0 acc mv=787
PCG_PREP o=109 rebuild=1 drift=0 previous_depth=26
ATTR_RADIUS o=109 raw_norm=3978.9970540179966 norm=806.3381474074173 radius=806.33814740741718 next_radius=806.33814740741718 lambda=1.7267171786736487e-07 next_lambda=1.7267171786736487e-07 rho=0.56721387802575174 accept=1
CLASSICAL_LM o=109 lambda=1.7267171786736487e-07 tau=1.7267171786736487e-07 prediction=0.60855360107857881 rho=0.56721387802575174 accept=1
  MFCG it 110 cost=2.463254e+05 lam=1.727e-07 tau=0.00e+00 cg_it=0 shift=0 ckpt=1 alpha=0 acc mv=789
PCG_PREP o=110 rebuild=1 drift=0 previous_depth=1
ATTR_RADIUS o=110 raw_norm=3951.4970446618663 norm=806.3381474074173 radius=806.33814740741718 next_radius=806.33814740741718 lambda=1.7267171786736487e-07 next_lambda=1.7267171786736487e-07 rho=0.33076275947632533 accept=1
CLASSICAL_LM o=110 lambda=1.7267171786736487e-07 tau=1.7267171786736487e-07 prediction=0.69837145319268379 rho=0.33076275947632533 accept=1
  MFCG: converged (OCA_FTOL: 8 outers < 1.0e-05 rel)
  MFCG: accepts=111 rejects=8 total_matvecs=791 negcurv=1 cand_evals=119 mean_cg_per_outer=7.1
NUMERIC_REPAIR summary rebuilds=1 floor=1.7267171786736487e-07
  [retry-cache] builds=120 reuses=0
  [menu-backtrack] trials=34 rescues=34 evals=84 total_scored=203
POINT_SAFE summary calls=34 evals=34 wins=2 frozen=14728 seconds=0.081829932
  [scoring] menu_evals=119 alpha_evals=0 backtrack_evals=84 total_scored=203
RESULT algo=mfree_shifted_cg iters=111 final_cost=246325.1475311138 solve_seconds=1.680380
DIAGNOSTICS median_reproj_err_px 3.252455 -> 0.360202 | cheirality_violations(obs) 0 -> 14 | cheirality_violations(pts, of 64053) 0 -> 7
