  [menu-backtrack] active=1 max_evals=8 warmup_accepts=3 confirm_stop=original armijo=1e-4
MIXED_STORAGE fragments=fp32 arithmetic=fp64 state=fp64 acceptance=fp64
  [compact-fragments] active=2 saved_bytes=3014714976 storage=fp32 camera_reads=contiguous
W5_CG_DOTS active n=123138
W5_PREP_FUSE active ncam=13682 npt=4456117 nobs=28987644 camera_rhs=1 min_cams=128
  MFCG score_init=1126369344.6739264 precision=fp64
PCG_PREP o=0 rebuild=1 drift=0 previous_depth=0
ATTR_RADIUS o=0 raw_norm=30783.333058426222 norm=30783.333058426222 radius=30783.333058426222 next_radius=61566.666116852444 lambda=0.10000000000000001 next_lambda=0.025000000000000001 rho=0.99050546890230884 accept=1
CLASSICAL_LM o=0 lambda=0.10000000000000001 tau=0.10000000000000001 prediction=1030370267.8695065 rho=0.99050546890230884 accept=1
  MFCG it   1 cost=1.057820e+08 lam=2.500e-02 tau=0.00e+00 cg_it=0 shift=0 ckpt=1 alpha=0 acc mv=2
PCG_PREP o=1 rebuild=1 drift=0 previous_depth=1
ATTR_RADIUS o=1 raw_norm=17709.313526680464 norm=17709.313526680464 radius=61566.666116852444 next_radius=61566.666116852444 lambda=0.025000000000000001 next_lambda=0.0025000000000000005 rho=0.98918876671718969 accept=1
CLASSICAL_LM o=1 lambda=0.025000000000000001 tau=0.025000000000000001 prediction=59371485.330220424 rho=0.98918876671718969 accept=1
  MFCG it   2 cost=4.705235e+07 lam=2.500e-03 tau=0.00e+00 cg_it=4 shift=0 ckpt=5 alpha=0 acc mv=8
PCG_PREP o=2 rebuild=1 drift=0 previous_depth=5
ATTR_RADIUS o=2 raw_norm=27384.753487611615 norm=27384.753487611615 radius=61566.666116852444 next_radius=61566.666116852444 lambda=0.0025000000000000005 next_lambda=0.00025000000000000006 rho=0.97442463077858121 accept=1
CLASSICAL_LM o=2 lambda=0.0025000000000000005 tau=0.0025000000000000005 prediction=14915515.006545674 rho=0.97442463077858121 accept=1
  MFCG it   3 cost=3.251831e+07 lam=2.500e-04 tau=0.00e+00 cg_it=6 shift=0 ckpt=7 alpha=0 acc mv=16
  MFCG: accepts=3 rejects=0 total_matvecs=16 negcurv=0 cand_evals=3 mean_cg_per_outer=5.3
NUMERIC_REPAIR summary rebuilds=0 floor=9.9999999999999998e-17
W5_CG_DOTS summary dot_pairs=26
W5_PREP_FUSE summary calls=3 camera_rhs=1
  [retry-cache] builds=3 reuses=0
  [menu-backtrack] trials=0 rescues=0 evals=0 total_scored=3
POINT_SAFE summary calls=0 evals=0 wins=0 frozen=0 seconds=0
  [scoring] menu_evals=3 alpha_evals=0 backtrack_evals=0 total_scored=3
RESULT algo=mfree_shifted_cg iters=3 final_cost=32518307.7997491583 solve_seconds=2.249328
DIAGNOSTICS median_reproj_err_px 1.841089 -> 0.566754 | cheirality_violations(obs) 13391 -> 13392 | cheirality_violations(pts, of 4456117) 11931 -> 11932

STDERR
[R10] --zero_k2: all k2 set to 0 at load
Loaded /workspace/bal/final-13682.txt: ncam=13682 npt=4456117 nobs=28987644 n=13450443
[R10] --dof9: refining f,k1 per camera (13682 cameras)
[R9] wrote /workspace/prism-ba-agent-consolidation/research/consolidation_cycle/PROFILE_final-13682_3.csv
