  [menu-backtrack] active=1 max_evals=8 warmup_accepts=3 confirm_stop=original armijo=1e-4
MIXED_STORAGE fragments=fp32 arithmetic=fp64 state=fp64 acceptance=fp64
  [compact-fragments] active=2 saved_bytes=171996448 storage=fp32 camera_reads=contiguous
  MFCG score_init=90993342.024340227 precision=fp64
PCG_PREP o=0 rebuild=1 drift=0 previous_depth=0
ATTR_RADIUS o=0 raw_norm=8861.1709887307607 norm=8861.1709887307607 radius=8861.1709887307607 next_radius=17722.341977461521 lambda=0.10000000000000001 next_lambda=0.025000000000000001 rho=0.99545080656082752 accept=1
CLASSICAL_LM o=0 lambda=0.10000000000000001 tau=0.10000000000000001 prediction=83412716.69905889 rho=0.99545080656082752 accept=1
  MFCG it   1 cost=7.960086e+06 lam=2.500e-02 tau=0.00e+00 cg_it=0 shift=0 ckpt=1 alpha=0 acc mv=2
PCG_PREP o=1 rebuild=1 drift=0 previous_depth=1
ATTR_RADIUS o=1 raw_norm=4659.7121206777838 norm=4659.7121206777838 radius=17722.341977461521 next_radius=17722.341977461521 lambda=0.025000000000000001 next_lambda=0.0025000000000000005 rho=0.99453896506500039 accept=1
CLASSICAL_LM o=1 lambda=0.025000000000000001 tau=0.025000000000000001 prediction=4259951.5107679665 rho=0.99453896506500039 accept=1
  MFCG it   2 cost=3.723398e+06 lam=2.500e-03 tau=0.00e+00 cg_it=4 shift=0 ckpt=5 alpha=0 acc mv=8
PCG_PREP o=2 rebuild=1 drift=0 previous_depth=5
ATTR_RADIUS o=2 raw_norm=6975.6779789559405 norm=6975.6779789559405 radius=17722.341977461521 next_radius=17722.341977461521 lambda=0.0025000000000000005 next_lambda=0.00025000000000000006 rho=0.87051061466540414 accept=1
CLASSICAL_LM o=2 lambda=0.0025000000000000005 tau=0.0025000000000000005 prediction=1234099.5580717567 rho=0.87051061466540414 accept=1
  MFCG it   3 cost=2.649101e+06 lam=2.500e-04 tau=0.00e+00 cg_it=9 shift=0 ckpt=10 alpha=0 acc mv=19
PCG_PREP o=3 rebuild=1 drift=0 previous_depth=10
ATTR_RADIUS o=3 raw_norm=10922.542500246536 norm=10922.542500246536 radius=17722.341977461521 next_radius=17722.341977461521 lambda=0.00025000000000000006 next_lambda=2.5000000000000008e-05 rho=0.71461554947743144 accept=1
CLASSICAL_LM o=3 lambda=0.00025000000000000006 tau=0.00025000000000000006 prediction=596515.31226691138 rho=0.71461554947743144 accept=1
  MFCG it   4 cost=2.222822e+06 lam=2.500e-05 tau=0.00e+00 cg_it=0 shift=0 ckpt=1 alpha=0 acc mv=21
PCG_PREP o=4 rebuild=1 drift=0 previous_depth=1
POINT_SAFE o=4 frozen=1341 slope=-336469.80090702628 candidate=2043410.240072228 original=2072225.5593815639 current=2222822.2595833247 won=1 mode=1 camera_scale=1 keep_scale=0
ATTR_RADIUS o=4 raw_norm=25300.156642903003 norm=17722.341977461532 radius=17722.341977461521 next_radius=35444.683954923043 lambda=2.5000000000000008e-05 next_lambda=6.250000000000002e-06 rho=0.91745236763379923 accept=1
CLASSICAL_LM o=4 lambda=2.5000000000000008e-05 tau=2.5000000000000008e-05 prediction=195554.58772624683 rho=0.91745236763379923 accept=1
  MFCG it   5 cost=2.043410e+06 lam=6.250e-06 tau=0.00e+00 cg_it=1 shift=0 ckpt=2 alpha=0 acc mv=24
PCG_PREP o=5 rebuild=1 drift=0 previous_depth=2
POINT_SAFE o=5 frozen=1597 slope=-207540.22638828401 candidate=2178480.2074265713 original=2002344.5484487098 current=2043410.240072228 won=0 mode=1 camera_scale=1 keep_scale=0
ATTR_RADIUS o=5 raw_norm=42981.157730731786 norm=4430.5854943653821 radius=35444.683954923043 next_radius=35444.683954923043 lambda=6.250000000000002e-06 next_lambda=6.2500000000000026e-07 rho=0.91587646097140329 accept=1
CLASSICAL_LM o=5 lambda=6.250000000000002e-06 tau=6.250000000000002e-06 prediction=44837.588226651074 rho=0.91587646097140329 accept=1
  MFCG it   6 cost=2.002345e+06 lam=6.250e-07 tau=0.00e+00 cg_it=7 shift=0 ckpt=8 alpha=0 acc mv=33
PCG_PREP o=6 rebuild=1 drift=0 previous_depth=8
POINT_SAFE o=6 frozen=1716 slope=-116980.48449743469 candidate=4315927.8501122687 original=1976601.3847989971 current=2002344.5484487098 won=0 mode=1 camera_scale=1 keep_scale=0
ATTR_RADIUS o=6 raw_norm=69288.105291567568 norm=8861.1709887307552 radius=35444.683954923043 next_radius=35444.683954923043 lambda=6.2500000000000026e-07 next_lambda=6.2500000000000024e-08 rho=0.44620404242054074 accept=1
CLASSICAL_LM o=6 lambda=6.2500000000000026e-07 tau=6.2500000000000026e-07 prediction=57693.703333709687 rho=0.44620404242054074 accept=1
  MFCG it   7 cost=1.976601e+06 lam=6.250e-08 tau=0.00e+00 cg_it=5 shift=0 ckpt=6 alpha=0 acc mv=40
PCG_PREP o=7 rebuild=1 drift=0 previous_depth=6
POINT_SAFE o=7 frozen=793 slope=-59266.238961101284 candidate=13072685.482267052 original=1976254.5170461393 current=1976601.3847989971 won=0 mode=1 camera_scale=1 keep_scale=0
ATTR_RADIUS o=7 raw_norm=76469.196678936569 norm=553.82318679567254 radius=35444.683954923043 next_radius=8861.1709887307607 lambda=6.2500000000000024e-08 next_lambda=1.0000000000000004e-06 rho=0.13086120377679955 accept=1
CLASSICAL_LM o=7 lambda=6.2500000000000024e-08 tau=6.2500000000000024e-08 prediction=2650.6538442773785 rho=0.13086120377679955 accept=1
  MFCG it   8 cost=1.976255e+06 lam=1.000e-06 tau=0.00e+00 cg_it=0 shift=0 ckpt=1 alpha=0 acc mv=42
PCG_PREP o=8 rebuild=1 drift=0 previous_depth=1
POINT_SAFE o=8 frozen=276 slope=-51027.573958121102 candidate=2005055.247837276 original=1975446.5412215318 current=1976254.5170461393 won=0 mode=1 camera_scale=1 keep_scale=0
ATTR_RADIUS o=8 raw_norm=30776.773477821538 norm=276.91159339783627 radius=8861.1709887307607 next_radius=2215.2927471826902 lambda=1.0000000000000004e-06 next_lambda=1.6000000000000006e-05 rho=0.16109363504346447 accept=1
CLASSICAL_LM o=8 lambda=1.0000000000000004e-06 tau=1.0000000000000004e-06 prediction=5015.5664088747972 rho=0.16109363504346447 accept=1
  MFCG it   9 cost=1.975447e+06 lam=1.600e-05 tau=0.00e+00 cg_it=0 shift=0 ckpt=1 alpha=0 acc mv=44
PCG_PREP o=9 rebuild=1 drift=0 previous_depth=1
POINT_SAFE o=9 frozen=43 slope=-45730.64755566961 candidate=1950776.898602973 original=1974266.5458958966 current=1975446.5412215318 won=1 mode=1 camera_scale=1 keep_scale=0
ATTR_RADIUS o=9 raw_norm=8862.999679286364 norm=2215.2927471826902 radius=2215.2927471826902 next_radius=4430.5854943653803 lambda=1.6000000000000006e-05 next_lambda=4.0000000000000015e-06 rho=0.93049580923164377 accept=1
CLASSICAL_LM o=9 lambda=1.6000000000000006e-05 tau=1.6000000000000006e-05 prediction=26512.36295081197 rho=0.93049580923164377 accept=1
  MFCG it  10 cost=1.950777e+06 lam=4.000e-06 tau=0.00e+00 cg_it=0 shift=0 ckpt=1 alpha=0 acc mv=46
PCG_PREP o=10 rebuild=1 drift=0 previous_depth=1
POINT_SAFE o=10 frozen=428 slope=-13758.042698544261 candidate=1940512.3376923881 original=1949594.5812689527 current=1950776.898602973 won=1 mode=1 camera_scale=1 keep_scale=0
ATTR_RADIUS o=10 raw_norm=30219.269314463138 norm=4430.5854943653794 radius=4430.5854943653803 next_radius=8861.1709887307607 lambda=4.0000000000000015e-06 next_lambda=1.0000000000000004e-06 rho=0.94026186151098279 accept=1
CLASSICAL_LM o=10 lambda=4.0000000000000015e-06 tau=4.0000000000000015e-06 prediction=10916.704516856526 rho=0.94026186151098279 accept=1
  MFCG it  11 cost=1.940512e+06 lam=1.000e-06 tau=0.00e+00 cg_it=1 shift=0 ckpt=2 alpha=0 acc mv=49
PCG_PREP o=11 rebuild=1 drift=0 previous_depth=2
POINT_SAFE o=11 frozen=528 slope=-13801.995014624601 candidate=1930094.1211730021 original=1939079.5102358595 current=1940512.3376923881 won=1 mode=1 camera_scale=1 keep_scale=0
ATTR_RADIUS o=11 raw_norm=45010.668297581942 norm=8861.1709887307607 radius=8861.1709887307607 next_radius=17722.341977461521 lambda=1.0000000000000004e-06 next_lambda=2.5000000000000009e-07 rho=0.90921757379995427 accept=1
CLASSICAL_LM o=11 lambda=1.0000000000000004e-06 tau=1.0000000000000004e-06 prediction=11458.441653128732 rho=0.90921757379995427 accept=1
  MFCG it  12 cost=1.930094e+06 lam=2.500e-07 tau=0.00e+00 cg_it=1 shift=0 ckpt=2 alpha=0 acc mv=52
PCG_PREP o=12 rebuild=1 drift=0 previous_depth=2
POINT_SAFE o=12 frozen=1218 slope=-31641.474136169007 candidate=1938948.2338556154 original=1927228.5910116062 current=1930094.1211730021 won=0 mode=1 camera_scale=1 keep_scale=0
ATTR_RADIUS o=12 raw_norm=65343.686746710133 norm=1107.6463735913458 radius=17722.341977461521 next_radius=17722.341977461521 lambda=2.5000000000000009e-07 next_lambda=2.5000000000000012e-08 rho=0.32466980425714659 accept=1
CLASSICAL_LM o=12 lambda=2.5000000000000009e-07 tau=2.5000000000000009e-07 prediction=8825.9829642991081 rho=0.32466980425714659 accept=1
  MFCG it  13 cost=1.927229e+06 lam=2.500e-08 tau=0.00e+00 cg_it=4 shift=0 ckpt=5 alpha=0 acc mv=58
PCG_PREP o=13 rebuild=1 drift=0 previous_depth=5
NUMERIC_REPAIR o=13 lambda=2.5000000000000012e-08 rayleigh=-1.8521507612983725e-07 next_lambda=8.40860304519349e-07 cg=2 rebuild=1
PCG_PREP o=13 rebuild=1 drift=0 previous_depth=2
POINT_SAFE o=13 frozen=1082 slope=-37577.168232540615 candidate=1922206.9002041628 original=1925498.6950873344 current=1927228.5910116062 won=1 mode=1 camera_scale=1 keep_scale=0
ATTR_RADIUS o=13 raw_norm=51646.164459847016 norm=17722.341977461525 radius=17722.341977461521 next_radius=4430.5854943653803 lambda=8.40860304519349e-07 next_lambda=1.3453764872309584e-05 rho=0.17920090503623809 accept=1
CLASSICAL_LM o=13 lambda=8.40860304519349e-07 tau=8.40860304519349e-07 prediction=28022.686640047137 rho=0.17920090503623809 accept=1
  MFCG it  14 cost=1.922207e+06 lam=1.345e-05 tau=0.00e+00 cg_it=4 shift=0 ckpt=5 alpha=0 acc mv=67
PCG_PREP o=14 rebuild=1 drift=0 previous_depth=5
POINT_SAFE o=14 frozen=418 slope=-59969.840609487655 candidate=1893836.3462730974 original=1920498.096525921 current=1922206.9002041628 won=1 mode=1 camera_scale=1 keep_scale=0
ATTR_RADIUS o=14 raw_norm=4430.8836663953552 norm=4430.5854943653803 radius=4430.5854943653803 next_radius=8861.1709887307607 lambda=1.3453764872309584e-05 next_lambda=3.363441218077396e-06 rho=0.93889635160903995 accept=1
CLASSICAL_LM o=14 lambda=1.3453764872309584e-05 tau=1.3453764872309584e-05 prediction=30216.917855144649 rho=0.93889635160903995 accept=1
  MFCG it  15 cost=1.893836e+06 lam=3.363e-06 tau=0.00e+00 cg_it=0 shift=0 ckpt=1 alpha=0 acc mv=69
PCG_PREP o=15 rebuild=1 drift=0 previous_depth=1
POINT_SAFE o=15 frozen=122 slope=-36569.572158161172 candidate=1866862.5162602994 original=1892739.9403616169 current=1893836.3462730974 won=1 mode=1 camera_scale=1 keep_scale=0
ATTR_RADIUS o=15 raw_norm=48934.523419855403 norm=8861.1709887307588 radius=8861.1709887307607 next_radius=17722.341977461521 lambda=3.363441218077396e-06 next_lambda=8.40860304519349e-07 rho=0.8322318343465952 accept=1
CLASSICAL_LM o=15 lambda=3.363441218077396e-06 tau=3.363441218077396e-06 prediction=32411.437413921885 rho=0.8322318343465952 accept=1
  MFCG it  16 cost=1.866863e+06 lam=8.409e-07 tau=0.00e+00 cg_it=30 shift=0 ckpt=31 alpha=0 acc mv=101
PCG_PREP o=16 rebuild=1 drift=0 previous_depth=31
POINT_SAFE o=16 frozen=908 slope=-29469.95916868309 candidate=2487138.358601172 original=1864214.7232310681 current=1866862.5162602994 won=0 mode=1 camera_scale=1 keep_scale=0
ATTR_RADIUS o=16 raw_norm=57957.4687758254 norm=1107.6463735913451 radius=17722.341977461521 next_radius=17722.341977461521 lambda=8.40860304519349e-07 next_lambda=8.40860304519349e-07 rho=0.30962346364607335 accept=1
CLASSICAL_LM o=16 lambda=8.40860304519349e-07 tau=8.40860304519349e-07 prediction=8551.6549619699072 rho=0.30962346364607335 accept=1
  MFCG it  17 cost=1.864215e+06 lam=8.409e-07 tau=0.00e+00 cg_it=5 shift=0 ckpt=6 alpha=0 acc mv=108
PCG_PREP o=17 rebuild=1 drift=0 previous_depth=6
POINT_SAFE o=17 frozen=1060 slope=-30312.992758104705 candidate=1948210.4378664866 original=1863095.3027906013 current=1864214.7232310681 won=0 mode=1 camera_scale=1 keep_scale=0
ATTR_RADIUS o=17 raw_norm=56793.375693429029 norm=553.82318679567254 radius=17722.341977461521 next_radius=17722.341977461521 lambda=8.40860304519349e-07 next_lambda=8.40860304519349e-07 rho=0.26004246065386516 accept=1
CLASSICAL_LM o=17 lambda=8.40860304519349e-07 tau=8.40860304519349e-07 prediction=4304.7602212812053 rho=0.26004246065386516 accept=1
  MFCG it  18 cost=1.863095e+06 lam=8.409e-07 tau=0.00e+00 cg_it=6 shift=0 ckpt=7 alpha=0 acc mv=116
PCG_PREP o=18 rebuild=1 drift=0 previous_depth=7
POINT_SAFE o=18 frozen=1056 slope=-29474.385664816957 candidate=1895673.169119426 original=1862841.0343734301 current=1863095.3027906013 won=0 mode=1 camera_scale=1 keep_scale=0
ATTR_RADIUS o=18 raw_norm=56692.352198313209 norm=17722.341977461525 radius=17722.341977461521 next_radius=4430.5854943653803 lambda=8.40860304519349e-07 next_lambda=1.3453764872309584e-05 rho=0.059587399103157822 accept=0
CLASSICAL_LM o=18 lambda=8.40860304519349e-07 tau=8.40860304519349e-07 prediction=4267.1507902369194 rho=0.059587399103157822 accept=0
  MFCG it  19  retry 1/8  lam=1.345e-05 tau_eff=8.409e-07  (assembly reused)
PCG_PREP o=18 rebuild=1 drift=0 previous_depth=7
POINT_SAFE o=18 frozen=82 slope=-18102.030054807678 candidate=1851191.7083781485 original=1862145.8082639503 current=1863095.3027906013 won=1 mode=1 camera_scale=1 keep_scale=0
ATTR_RADIUS o=18 raw_norm=20685.513443830634 norm=4430.5854943653803 radius=4430.5854943653803 next_radius=8861.1709887307607 lambda=1.3453764872309584e-05 next_lambda=3.363441218077396e-06 rho=0.94272618190778978 accept=1
CLASSICAL_LM o=18 lambda=1.3453764872309584e-05 tau=1.3453764872309584e-05 prediction=12626.778210788138 rho=0.94272618190778978 accept=1
  MFCG it  19 cost=1.851192e+06 lam=3.363e-06 tau=0.00e+00 cg_it=4 shift=0 ckpt=5 alpha=0 acc mv=130
PCG_PREP o=19 rebuild=1 drift=0 previous_depth=5
POINT_SAFE o=19 frozen=227 slope=-15194.49206840925 candidate=1841805.1559585659 original=1850934.7212305916 current=1851191.7083781485 won=1 mode=1 camera_scale=1 keep_scale=0
ATTR_RADIUS o=19 raw_norm=45464.513486592456 norm=8861.1709887307643 radius=8861.1709887307607 next_radius=8861.1709887307607 lambda=3.363441218077396e-06 next_lambda=3.363441218077396e-06 rho=0.73089153532543105 accept=1
CLASSICAL_LM o=19 lambda=3.363441218077396e-06 tau=3.363441218077396e-06 prediction=12842.606550920353 rho=0.73089153532543105 accept=1
  MFCG it  20 cost=1.841805e+06 lam=3.363e-06 tau=0.00e+00 cg_it=9 shift=0 ckpt=10 alpha=0 acc mv=141
PCG_PREP o=20 rebuild=1 drift=0 previous_depth=10
POINT_SAFE o=20 frozen=459 slope=-15539.878144729706 candidate=1833013.4662303801 original=1840259.6508599843 current=1841805.1559585659 won=1 mode=1 camera_scale=1 keep_scale=0
ATTR_RADIUS o=20 raw_norm=14769.765507349175 norm=8861.1709887307607 radius=8861.1709887307607 next_radius=17722.341977461521 lambda=3.363441218077396e-06 next_lambda=8.40860304519349e-07 rho=0.92860340927941931 accept=1
CLASSICAL_LM o=20 lambda=3.363441218077396e-06 tau=3.363441218077396e-06 prediction=9467.6474804329773 rho=0.92860340927941931 accept=1
  MFCG it  21 cost=1.833013e+06 lam=8.409e-07 tau=0.00e+00 cg_it=1 shift=0 ckpt=2 alpha=0 acc mv=144
PCG_PREP o=21 rebuild=1 drift=0 previous_depth=2
POINT_SAFE o=21 frozen=730 slope=-19519.889259710009 candidate=1839674.0101312126 original=1832008.2302840266 current=1833013.4662303801 won=0 mode=1 camera_scale=1 keep_scale=0
ATTR_RADIUS o=21 raw_norm=63415.122504408784 norm=1107.6463735913455 radius=17722.341977461521 next_radius=4430.5854943653803 lambda=8.40860304519349e-07 next_lambda=1.3453764872309584e-05 rho=0.13027264099566296 accept=1
CLASSICAL_LM o=21 lambda=8.40860304519349e-07 tau=8.40860304519349e-07 prediction=7716.4010698684706 rho=0.13027264099566296 accept=1
  MFCG it  22 cost=1.832008e+06 lam=1.345e-05 tau=0.00e+00 cg_it=9 shift=0 ckpt=10 alpha=0 acc mv=155
PCG_PREP o=22 rebuild=1 drift=0 previous_depth=10
POINT_SAFE o=22 frozen=50 slope=-15444.285113758113 candidate=1819072.8271050153 original=1830819.9921432422 current=1832008.2302840266 won=1 mode=1 camera_scale=1 keep_scale=0
ATTR_RADIUS o=22 raw_norm=21740.6414896276 norm=4430.5854943653794 radius=4430.5854943653803 next_radius=8861.1709887307607 lambda=1.3453764872309584e-05 next_lambda=3.363441218077396e-06 rho=1.0196491784477577 accept=1
CLASSICAL_LM o=22 lambda=1.3453764872309584e-05 tau=1.3453764872309584e-05 prediction=12686.131124729838 rho=1.0196491784477577 accept=1
  MFCG it  23 cost=1.819073e+06 lam=3.363e-06 tau=0.00e+00 cg_it=12 shift=0 ckpt=13 alpha=0 acc mv=169
PCG_PREP o=23 rebuild=1 drift=0 previous_depth=13
POINT_SAFE o=23 frozen=108 slope=-13421.512045383921 candidate=1807912.8087988133 original=1817006.4688589305 current=1819072.8271050153 won=1 mode=1 camera_scale=1 keep_scale=0
ATTR_RADIUS o=23 raw_norm=43019.606612467644 norm=8861.1709887307607 radius=8861.1709887307607 next_radius=17722.341977461521 lambda=3.363441218077396e-06 next_lambda=8.40860304519349e-07 rho=0.94704265013518774 accept=1
CLASSICAL_LM o=23 lambda=3.363441218077396e-06 tau=3.363441218077396e-06 prediction=11784.071503652935 rho=0.94704265013518774 accept=1
  MFCG it  24 cost=1.807913e+06 lam=8.409e-07 tau=0.00e+00 cg_it=14 shift=0 ckpt=15 alpha=0 acc mv=185
PCG_PREP o=24 rebuild=1 drift=0 previous_depth=15
POINT_SAFE o=24 frozen=1104 slope=-12482.784962470327 candidate=2165696.8028674042 original=1804623.7092265151 current=1807912.8087988133 won=0 mode=1 camera_scale=1 keep_scale=0
ATTR_RADIUS o=24 raw_norm=47296.128115747451 norm=2215.2927471826911 radius=17722.341977461521 next_radius=4430.5854943653803 lambda=8.40860304519349e-07 next_lambda=1.3453764872309584e-05 rho=0.23254190216153478 accept=1
CLASSICAL_LM o=24 lambda=8.40860304519349e-07 tau=8.40860304519349e-07 prediction=14144.115713018251 rho=0.23254190216153478 accept=1
  MFCG it  25 cost=1.804624e+06 lam=1.345e-05 tau=0.00e+00 cg_it=5 shift=0 ckpt=6 alpha=0 acc mv=192
PCG_PREP o=25 rebuild=1 drift=0 previous_depth=6
POINT_SAFE o=25 frozen=111 slope=-8531.4988561318896 candidate=1797417.0327894932 original=1802239.803384685 current=1804623.7092265151 won=1 mode=1 camera_scale=1 keep_scale=0
ATTR_RADIUS o=25 raw_norm=15173.542661761248 norm=4430.5854943653831 radius=4430.5854943653803 next_radius=8861.1709887307607 lambda=1.3453764872309584e-05 next_lambda=3.363441218077396e-06 rho=1.1573381267237897 accept=1
CLASSICAL_LM o=25 lambda=1.3453764872309584e-05 tau=1.3453764872309584e-05 prediction=6226.941177011684 rho=1.1573381267237897 accept=1
  MFCG it  26 cost=1.797417e+06 lam=3.363e-06 tau=0.00e+00 cg_it=4 shift=0 ckpt=5 alpha=0 acc mv=198
PCG_PREP o=26 rebuild=1 drift=0 previous_depth=5
POINT_SAFE o=26 frozen=810 slope=-7410.1822161717591 candidate=1794077.7465228844 original=1794579.0125302493 current=1797417.0327894932 won=1 mode=1 camera_scale=1 keep_scale=0
ATTR_RADIUS o=26 raw_norm=28740.682197935599 norm=8861.1709887307625 radius=8861.1709887307607 next_radius=8861.1709887307607 lambda=3.363441218077396e-06 next_lambda=3.363441218077396e-06 rho=0.6560325786146568 accept=1
CLASSICAL_LM o=26 lambda=3.363441218077396e-06 tau=3.363441218077396e-06 prediction=5090.1226180877011 rho=0.6560325786146568 accept=1
  MFCG it  27 cost=1.794078e+06 lam=3.363e-06 tau=0.00e+00 cg_it=5 shift=0 ckpt=6 alpha=0 acc mv=205
PCG_PREP o=27 rebuild=1 drift=0 previous_depth=6
POINT_SAFE o=27 frozen=589 slope=-12906.70871937743 candidate=2035336.0272699161 original=1788918.6667654789 current=1794077.7465228844 won=0 mode=1 camera_scale=1 keep_scale=0
ATTR_RADIUS o=27 raw_norm=12995.957132547164 norm=1107.6463735913449 radius=8861.1709887307607 next_radius=8861.1709887307607 lambda=3.363441218077396e-06 next_lambda=8.40860304519349e-07 rho=0.3988150455551272 accept=1
CLASSICAL_LM o=27 lambda=3.363441218077396e-06 tau=3.363441218077396e-06 prediction=12936.020882121706 rho=0.3988150455551272 accept=1
  MFCG it  28 cost=1.788919e+06 lam=8.409e-07 tau=0.00e+00 cg_it=0 shift=0 ckpt=1 alpha=0 acc mv=207
PCG_PREP o=28 rebuild=1 drift=0 previous_depth=1
POINT_SAFE o=28 frozen=461 slope=-8722.1429913865613 candidate=2110755.8473856887 original=1788238.3125589651 current=1788918.6667654789 won=0 mode=1 camera_scale=1 keep_scale=0
ATTR_RADIUS o=28 raw_norm=26810.54368163288 norm=138.45579669891819 radius=8861.1709887307607 next_radius=8861.1709887307607 lambda=8.40860304519349e-07 next_lambda=8.40860304519349e-07 rho=0.44986598952822721 accept=1
CLASSICAL_LM o=28 lambda=8.40860304519349e-07 tau=8.40860304519349e-07 prediction=1512.3486157007139 rho=0.44986598952822721 accept=1
  MFCG it  29 cost=1.788238e+06 lam=8.409e-07 tau=0.00e+00 cg_it=0 shift=0 ckpt=1 alpha=0 acc mv=209
PCG_PREP o=29 rebuild=1 drift=0 previous_depth=1
POINT_SAFE o=29 frozen=469 slope=-94523.916078784969 candidate=14632519872.71784 original=inf current=1788238.3125589651 won=0 mode=1 camera_scale=1 keep_scale=0
ATTR_RADIUS o=29 raw_norm=26814.098178631306 norm=8861.1709887307552 radius=8861.1709887307607 next_radius=2215.2927471826902 lambda=8.40860304519349e-07 next_lambda=1.3453764872309584e-05 rho=-1 accept=0
CLASSICAL_LM o=29 lambda=8.40860304519349e-07 tau=8.40860304519349e-07 prediction=48402.81768168322 rho=-1 accept=0
  MFCG it  30  retry 1/8  lam=1.345e-05 tau_eff=8.409e-07  (assembly reused)
PCG_PREP o=29 rebuild=1 drift=0 previous_depth=1
POINT_SAFE o=29 frozen=139 slope=-8752.0249043267431 candidate=1911779.1657026766 original=inf current=1788238.3125589651 won=0 mode=1 camera_scale=1 keep_scale=0
ATTR_RADIUS o=29 raw_norm=6104.9728828033412 norm=2215.2927471826897 radius=2215.2927471826902 next_radius=553.82318679567254 lambda=1.3453764872309584e-05 next_lambda=0.00021526023795695335 rho=-1 accept=0
CLASSICAL_LM o=29 lambda=1.3453764872309584e-05 tau=1.3453764872309584e-05 prediction=5566.1776301778109 rho=-1 accept=0
  MFCG it  30  retry 2/8  lam=2.153e-04 tau_eff=1.345e-05  (assembly reused)
PCG_PREP o=29 rebuild=1 drift=0 previous_depth=1
POINT_SAFE o=29 frozen=49 slope=-9242.7282690605225 candidate=1783528.6563591487 original=inf current=1788238.3125589651 won=1 mode=1 camera_scale=1 keep_scale=0
ATTR_RADIUS o=29 raw_norm=1651.184323922944 norm=553.82318679567231 radius=553.82318679567254 next_radius=1107.6463735913451 lambda=0.00021526023795695335 next_lambda=5.3815059489238336e-05 rho=0.76438367432391707 accept=1
CLASSICAL_LM o=29 lambda=0.00021526023795695335 tau=0.00021526023795695335 prediction=6161.3772742883129 rho=0.76438367432391707 accept=1
  MFCG it  30 cost=1.783529e+06 lam=5.382e-05 tau=0.00e+00 cg_it=0 shift=0 ckpt=1 alpha=0 acc mv=215
PCG_PREP o=30 rebuild=1 drift=0 previous_depth=1
POINT_SAFE o=30 frozen=98 slope=-2100.3319016640085 candidate=1782257.6728937889 original=1782848.2204473887 current=1783528.6563591487 won=1 mode=1 camera_scale=1 keep_scale=0
ATTR_RADIUS o=30 raw_norm=3833.2543325852589 norm=1107.6463735913446 radius=1107.6463735913451 next_radius=2215.2927471826902 lambda=5.3815059489238336e-05 next_lambda=1.3453764872309584e-05 rho=0.77733750905631571 accept=1
CLASSICAL_LM o=30 lambda=5.3815059489238336e-05 tau=5.3815059489238336e-05 prediction=1635.0471327477139 rho=0.77733750905631571 accept=1
  MFCG it  31 cost=1.782258e+06 lam=1.345e-05 tau=0.00e+00 cg_it=0 shift=0 ckpt=1 alpha=0 acc mv=217
PCG_PREP o=31 rebuild=1 drift=0 previous_depth=1
POINT_SAFE o=31 frozen=274 slope=-1663.35091820911 candidate=1780866.369640504 original=1779948.1699752719 current=1782257.6728937889 won=0 mode=1 camera_scale=1 keep_scale=0
ATTR_RADIUS o=31 raw_norm=10268.012178286664 norm=138.45579669891814 radius=2215.2927471826902 next_radius=2215.2927471826902 lambda=1.3453764872309584e-05 next_lambda=1.3453764872309586e-06 rho=0.4271330180840468 accept=1
CLASSICAL_LM o=31 lambda=1.3453764872309584e-05 tau=1.3453764872309584e-05 prediction=5406.9875676587108 rho=0.4271330180840468 accept=1
  MFCG it  32 cost=1.779948e+06 lam=1.345e-06 tau=0.00e+00 cg_it=1 shift=0 ckpt=2 alpha=0 acc mv=220
PCG_PREP o=32 rebuild=1 drift=0 previous_depth=2
POINT_SAFE o=32 frozen=464 slope=-1254.7678199440115 candidate=1779600.7084894506 original=1779896.9781927937 current=1779948.1699752719 won=1 mode=1 camera_scale=1 keep_scale=0
ATTR_RADIUS o=32 raw_norm=29810.851699373437 norm=2215.2927471826911 radius=2215.2927471826902 next_radius=2215.2927471826902 lambda=1.3453764872309586e-06 next_lambda=1.3453764872309586e-06 rho=0.29846118541237582 accept=1
CLASSICAL_LM o=32 lambda=1.3453764872309586e-06 tau=1.3453764872309586e-06 prediction=1164.1764584604523 rho=0.29846118541237582 accept=1
  MFCG it  33 cost=1.779601e+06 lam=1.345e-06 tau=0.00e+00 cg_it=2 shift=0 ckpt=3 alpha=0 acc mv=224
PCG_PREP o=33 rebuild=1 drift=0 previous_depth=3
POINT_SAFE o=33 frozen=207 slope=-693.16857189527059 candidate=1781316.9150043996 original=1779157.0640938638 current=1779600.7084894506 won=0 mode=1 camera_scale=1 keep_scale=0
ATTR_RADIUS o=33 raw_norm=23526.148117783559 norm=69.227898349459068 radius=2215.2927471826902 next_radius=553.82318679567254 lambda=1.3453764872309586e-06 next_lambda=2.1526023795695337e-05 rho=0.17124032429036687 accept=1
CLASSICAL_LM o=33 lambda=1.3453764872309586e-06 tau=1.3453764872309586e-06 prediction=2590.7705876247219 rho=0.17124032429036687 accept=1
  MFCG it  34 cost=1.779157e+06 lam=2.153e-05 tau=0.00e+00 cg_it=0 shift=0 ckpt=1 alpha=0 acc mv=226
PCG_PREP o=34 rebuild=1 drift=0 previous_depth=1
POINT_SAFE o=34 frozen=86 slope=-611.44259509539984 candidate=1778768.1672909008 original=1778978.4709717249 current=1779157.0640938638 won=1 mode=1 camera_scale=1 keep_scale=0
ATTR_RADIUS o=34 raw_norm=5399.313565358806 norm=553.82318679567277 radius=553.82318679567254 next_radius=553.82318679567254 lambda=2.1526023795695337e-05 next_lambda=2.1526023795695337e-05 rho=0.73625922666141985 accept=1
CLASSICAL_LM o=34 lambda=2.1526023795695337e-05 tau=2.1526023795695337e-05 prediction=528.20635569682395 rho=0.73625922666141985 accept=1
  MFCG it  35 cost=1.778768e+06 lam=2.153e-05 tau=0.00e+00 cg_it=0 shift=0 ckpt=1 alpha=0 acc mv=228
PCG_PREP o=35 rebuild=1 drift=0 previous_depth=1
POINT_SAFE o=35 frozen=154 slope=-465.5053677640355 candidate=1778338.7378668338 original=1778057.4182066212 current=1778768.1672909008 won=0 mode=1 camera_scale=1 keep_scale=0
ATTR_RADIUS o=35 raw_norm=8018.6613448140788 norm=17.30697458736477 radius=553.82318679567254 next_radius=553.82318679567254 lambda=2.1526023795695337e-05 next_lambda=2.1526023795695337e-06 rho=0.27715550697433944 accept=1
CLASSICAL_LM o=35 lambda=2.1526023795695337e-05 tau=2.1526023795695337e-05 prediction=2564.4415008699239 rho=0.27715550697433944 accept=1
  MFCG it  36 cost=1.778057e+06 lam=2.153e-06 tau=0.00e+00 cg_it=1 shift=0 ckpt=2 alpha=0 acc mv=231
PCG_PREP o=36 rebuild=1 drift=0 previous_depth=2
POINT_SAFE o=36 frozen=107 slope=-282.48126261588618 candidate=1777849.4630322936 original=1777934.9441151333 current=1778057.4182066212 won=1 mode=1 camera_scale=1 keep_scale=0
ATTR_RADIUS o=36 raw_norm=19896.378000560635 norm=553.82318679567254 radius=553.82318679567254 next_radius=1107.6463735913451 lambda=2.1526023795695337e-06 next_lambda=8.40860304519349e-07 rho=0.75866245805357613 accept=1
CLASSICAL_LM o=36 lambda=2.1526023795695337e-06 tau=2.1526023795695337e-06 prediction=274.10763788302484 rho=0.75866245805357613 accept=1
  MFCG it  37 cost=1.777849e+06 lam=8.409e-07 tau=0.00e+00 cg_it=1 shift=0 ckpt=2 alpha=0 acc mv=234
PCG_PREP o=37 rebuild=1 drift=0 previous_depth=2
POINT_SAFE o=37 frozen=358 slope=-351.75393251638542 candidate=1777575.2755167899 original=1777427.3317127982 current=1777849.4630322936 won=0 mode=1 camera_scale=1 keep_scale=0
ATTR_RADIUS o=37 raw_norm=31454.913613107456 norm=17.30697458736477 radius=1107.6463735913451 next_radius=1107.6463735913451 lambda=8.40860304519349e-07 next_lambda=8.40860304519349e-07 rho=0.3323377927563067 accept=1
CLASSICAL_LM o=37 lambda=8.40860304519349e-07 tau=8.40860304519349e-07 prediction=1270.1875281603011 rho=0.3323377927563067 accept=1
  MFCG it  38 cost=1.777427e+06 lam=8.409e-07 tau=0.00e+00 cg_it=1 shift=0 ckpt=2 alpha=0 acc mv=237
PCG_PREP o=38 rebuild=1 drift=0 previous_depth=2
POINT_SAFE o=38 frozen=362 slope=-365.02397884673087 candidate=1777347.6771383553 original=inf current=1777427.3317127982 won=1 mode=1 camera_scale=1 keep_scale=0
ATTR_RADIUS o=38 raw_norm=31447.384500959717 norm=1107.6463735913451 radius=1107.6463735913451 next_radius=276.91159339783627 lambda=8.40860304519349e-07 next_lambda=1.3453764872309584e-05 rho=0.22281824559248462 accept=1
CLASSICAL_LM o=38 lambda=8.40860304519349e-07 tau=8.40860304519349e-07 prediction=357.48676788600625 rho=0.22281824559248462 accept=1
  MFCG it  39 cost=1.777348e+06 lam=1.345e-05 tau=0.00e+00 cg_it=1 shift=0 ckpt=2 alpha=0 acc mv=240
PCG_PREP o=39 rebuild=1 drift=0 previous_depth=2
POINT_SAFE o=39 frozen=72 slope=-205.364229270555 candidate=1777153.5710127053 original=1776783.4235751354 current=1777347.6771383553 won=0 mode=1 camera_scale=1 keep_scale=0
ATTR_RADIUS o=39 raw_norm=9675.414110640917 norm=4.3267436468411917 radius=276.91159339783627 next_radius=276.91159339783627 lambda=1.3453764872309584e-05 next_lambda=1.3453764872309586e-06 rho=0.44683863430568038 accept=1
CLASSICAL_LM o=39 lambda=1.3453764872309584e-05 tau=1.3453764872309584e-05 prediction=1262.7680775559591 rho=0.44683863430568038 accept=1
  MFCG it  40 cost=1.776783e+06 lam=1.345e-06 tau=0.00e+00 cg_it=1 shift=0 ckpt=2 alpha=0 acc mv=243
PCG_PREP o=40 rebuild=1 drift=0 previous_depth=2
POINT_SAFE o=40 frozen=28 slope=-205.03748305888689 candidate=1776587.1303258103 original=inf current=1776783.4235751354 won=1 mode=1 camera_scale=1 keep_scale=0
ATTR_RADIUS o=40 raw_norm=24756.788031963613 norm=276.91159339783633 radius=276.91159339783627 next_radius=553.82318679567254 lambda=1.3453764872309586e-06 next_lambda=8.40860304519349e-07 rho=0.96951014477712616 accept=1
CLASSICAL_LM o=40 lambda=1.3453764872309586e-06 tau=1.3453764872309586e-06 prediction=202.46642119485273 rho=0.96951014477712616 accept=1
  MFCG it  41 cost=1.776587e+06 lam=8.409e-07 tau=0.00e+00 cg_it=1 shift=0 ckpt=2 alpha=0 acc mv=246
PCG_PREP o=41 rebuild=1 drift=0 previous_depth=2
POINT_SAFE o=41 frozen=523 slope=-1468.6200178214901 candidate=2076973.0798030971 original=inf current=1776587.1303258103 won=0 mode=1 camera_scale=1 keep_scale=0
ATTR_RADIUS o=41 raw_norm=31540.088087437387 norm=553.82318679567265 radius=553.82318679567254 next_radius=138.45579669891814 lambda=8.40860304519349e-07 next_lambda=1.3453764872309584e-05 rho=-1 accept=0
CLASSICAL_LM o=41 lambda=8.40860304519349e-07 tau=8.40860304519349e-07 prediction=1455.5931064019419 rho=-1 accept=0
  MFCG it  42  retry 1/8  lam=1.345e-05 tau_eff=8.409e-07  (assembly reused)
PCG_PREP o=41 rebuild=1 drift=0 previous_depth=1
POINT_SAFE o=41 frozen=126 slope=-1776.7755807111021 candidate=2111288.1566311582 original=inf current=1776587.1303258103 won=0 mode=1 camera_scale=1 keep_scale=0
ATTR_RADIUS o=41 raw_norm=6561.7904591568686 norm=138.45579669891808 radius=138.45579669891814 next_radius=34.613949174729534 lambda=1.3453764872309584e-05 next_lambda=0.00021526023795695335 rho=-1 accept=0
CLASSICAL_LM o=41 lambda=1.3453764872309584e-05 tau=1.3453764872309584e-05 prediction=1756.8635304296724 rho=-1 accept=0
  MFCG it  42  retry 2/8  lam=2.153e-04 tau_eff=1.345e-05  (assembly reused)
PCG_PREP o=41 rebuild=1 drift=0 previous_depth=1
POINT_SAFE o=41 frozen=43 slope=-2399.5615391085321 candidate=2155660.2289908002 original=inf current=1776587.1303258103 won=0 mode=1 camera_scale=1 keep_scale=0
ATTR_RADIUS o=41 raw_norm=1186.0133608718486 norm=34.613949174729534 radius=34.613949174729534 next_radius=8.6534872936823835 lambda=0.00021526023795695335 next_lambda=0.0034441638073112535 rho=-1 accept=0
CLASSICAL_LM o=41 lambda=0.00021526023795695335 tau=0.00021526023795695335 prediction=2364.3546715455946 rho=-1 accept=0
  MFCG it  42  retry 3/8  lam=3.444e-03 tau_eff=2.153e-04  (assembly reused)
PCG_PREP o=41 rebuild=1 drift=0 previous_depth=1
POINT_SAFE o=41 frozen=7 slope=-1575.7364454601952 candidate=2071557.5173852034 original=inf current=1776587.1303258103 won=0 mode=1 camera_scale=1 keep_scale=0
ATTR_RADIUS o=41 raw_norm=477.42985596913428 norm=8.6534872936823852 radius=8.6534872936823835 next_radius=2.1633718234205959 lambda=0.0034441638073112535 next_lambda=0.055106620916980056 rho=-1 accept=0
CLASSICAL_LM o=41 lambda=0.0034441638073112535 tau=0.0034441638073112535 prediction=1510.4862003564695 rho=-1 accept=0
  MFCG it  42  retry 4/8  lam=5.511e-02 tau_eff=3.444e-03  (assembly reused)
PCG_PREP o=41 rebuild=1 drift=0 previous_depth=1
POINT_SAFE o=41 frozen=47 slope=-582.39997217885195 candidate=1841146.7267654694 original=inf current=1776587.1303258103 won=0 mode=1 camera_scale=1 keep_scale=0
ATTR_RADIUS o=41 raw_norm=329.06306758064659 norm=2.1633718234205959 radius=2.1633718234205959 next_radius=0.54084295585514897 lambda=0.055106620916980056 next_lambda=0.8817059346716809 rho=-1 accept=0
CLASSICAL_LM o=41 lambda=0.055106620916980056 tau=0.055106620916980056 prediction=534.0352211137847 rho=-1 accept=0
  MFCG it  42  retry 5/8  lam=8.817e-01 tau_eff=5.511e-02  (assembly reused)
PCG_PREP o=41 rebuild=1 drift=0 previous_depth=1
POINT_SAFE o=41 frozen=783 slope=-232.19443416201617 candidate=1785428.1610742081 original=1776586.6776638471 current=1776587.1303258103 won=0 mode=1 camera_scale=1 keep_scale=0
ATTR_RADIUS o=41 raw_norm=130.63242987110272 norm=0.0084506711852367095 radius=0.54084295585514897 next_radius=0.13521073896378724 lambda=0.8817059346716809 next_lambda=14.107294954746894 rho=0.11407556532167788 accept=1
CLASSICAL_LM o=41 lambda=0.8817059346716809 tau=0.8817059346716809 prediction=3.9680887129795162 rho=0.11407556532167788 accept=1
  MFCG it  42 cost=1.776587e+06 lam=1.411e+01 tau=0.00e+00 cg_it=0 shift=0 ckpt=1 alpha=0 acc mv=258
PCG_PREP o=42 rebuild=1 drift=0 previous_depth=1
POINT_SAFE o=42 frozen=32411 slope=-60.379896067038239 candidate=1776607.5722222307 original=1776578.1458064546 current=1776586.6776638471 won=0 mode=1 camera_scale=1 keep_scale=0
ATTR_RADIUS o=42 raw_norm=24.30705721086407 norm=0.067605369481893607 radius=0.13521073896378724 next_radius=0.13521073896378724 lambda=14.107294954746894 next_lambda=1.4107294954746896 rho=0.26166263537783918 accept=1
CLASSICAL_LM o=42 lambda=14.107294954746894 tau=14.107294954746894 prediction=32.606326769574501 rho=0.26166263537783918 accept=1
  MFCG it  43 cost=1.776578e+06 lam=1.411e+00 tau=0.00e+00 cg_it=0 shift=0 ckpt=1 alpha=0 acc mv=260
PCG_PREP o=43 rebuild=1 drift=0 previous_depth=1
POINT_SAFE o=43 frozen=6289 slope=-93.360340693863634 candidate=1776514.8026410425 original=1776572.0204495881 current=1776578.1458064546 won=1 mode=1 camera_scale=1 keep_scale=0
ATTR_RADIUS o=43 raw_norm=113.56208389745366 norm=0.1352107389637873 radius=0.13521073896378724 next_radius=0.13521073896378724 lambda=1.4107294954746896 next_lambda=1.4107294954746896 rho=0.74824119206419637 accept=1
CLASSICAL_LM o=43 lambda=1.4107294954746896 tau=1.4107294954746896 prediction=84.656078927347977 rho=0.74824119206419637 accept=1
  MFCG it  44 cost=1.776515e+06 lam=1.411e+00 tau=0.00e+00 cg_it=0 shift=0 ckpt=1 alpha=0 acc mv=262
PCG_PREP o=44 rebuild=1 drift=0 previous_depth=1
POINT_SAFE o=44 frozen=4543 slope=-65.617352632641726 candidate=1776604.8137198719 original=1776509.5673633385 current=1776514.8026410425 won=0 mode=1 camera_scale=1 keep_scale=0
ATTR_RADIUS o=44 raw_norm=116.29403197082297 norm=0.016901342370473395 radius=0.13521073896378724 next_radius=0.13521073896378724 lambda=1.4107294954746896 next_lambda=0.14107294954746896 rho=0.45045417439514662 accept=1
CLASSICAL_LM o=44 lambda=1.4107294954746896 tau=1.4107294954746896 prediction=11.622220420074827 rho=0.45045417439514662 accept=1
  MFCG it  45 cost=1.776510e+06 lam=1.411e-01 tau=0.00e+00 cg_it=0 shift=0 ckpt=1 alpha=0 acc mv=264
PCG_PREP o=45 rebuild=1 drift=0 previous_depth=1
POINT_SAFE o=45 frozen=2928 slope=-68.914010989196456 candidate=1776584.2127275243 original=1776507.1679288384 current=1776509.5673633385 won=0 mode=1 camera_scale=1 keep_scale=0
ATTR_RADIUS o=45 raw_norm=223.26594829079849 norm=0.0021126677963091752 radius=0.13521073896378724 next_radius=0.13521073896378724 lambda=0.14107294954746896 next_lambda=0.014107294954746897 rho=0.43051698862501875 accept=1
CLASSICAL_LM o=45 lambda=0.14107294954746896 tau=0.14107294954746896 prediction=5.5733793637374482 rho=0.43051698862501875 accept=1
  MFCG it  46 cost=1.776507e+06 lam=1.411e-02 tau=0.00e+00 cg_it=0 shift=0 ckpt=1 alpha=0 acc mv=266
PCG_PREP o=46 rebuild=1 drift=0 previous_depth=1
POINT_SAFE o=46 frozen=1919 slope=-73.889817557991577 candidate=1777609.0122317455 original=inf current=1776507.1679288384 won=0 mode=1 camera_scale=1 keep_scale=0
ATTR_RADIUS o=46 raw_norm=248.18163937298004 norm=0.13521073896378727 radius=0.13521073896378724 next_radius=0.03380268474094681 lambda=0.014107294954746897 next_lambda=0.22571671927595036 rho=-1 accept=0
CLASSICAL_LM o=46 lambda=0.014107294954746897 tau=0.014107294954746897 prediction=60.498787878770301 rho=-1 accept=0
  MFCG it  47  retry 1/8  lam=2.257e-01 tau_eff=1.411e-02  (assembly reused)
PCG_PREP o=46 rebuild=1 drift=0 previous_depth=1
POINT_SAFE o=46 frozen=7864 slope=-35.05628330021014 candidate=1776535.040615587 original=1776506.1189949682 current=1776507.1679288384 won=0 mode=1 camera_scale=1 keep_scale=0
ATTR_RADIUS o=46 raw_norm=193.36870426850876 norm=0.0021126677963091778 radius=0.03380268474094681 next_radius=0.03380268474094681 lambda=0.22571671927595036 next_lambda=0.022571671927595037 rho=0.25831509843012657 accept=1
CLASSICAL_LM o=46 lambda=0.22571671927595036 tau=0.22571671927595036 prediction=4.0606758046038989 rho=0.25831509843012657 accept=1
  MFCG it  47 cost=1.776506e+06 lam=2.257e-02 tau=0.00e+00 cg_it=0 shift=0 ckpt=1 alpha=0 acc mv=270
PCG_PREP o=47 rebuild=1 drift=0 previous_depth=1
POINT_SAFE o=47 frozen=5982 slope=-36.086410426976812 candidate=1776492.1184435873 original=1776505.4625221675 current=1776506.1189949682 won=1 mode=1 camera_scale=1 keep_scale=0
ATTR_RADIUS o=47 raw_norm=269.73922253714699 norm=0.033802684740946803 radius=0.03380268474094681 next_radius=0.03380268474094681 lambda=0.022571671927595037 next_lambda=0.022571671927595037 rho=0.57714736726792049 accept=1
CLASSICAL_LM o=47 lambda=0.022571671927595037 tau=0.022571671927595037 prediction=24.258191538135009 rho=0.57714736726792049 accept=1
  MFCG it  48 cost=1.776492e+06 lam=2.257e-02 tau=0.00e+00 cg_it=0 shift=0 ckpt=1 alpha=0 acc mv=272
PCG_PREP o=48 rebuild=1 drift=0 previous_depth=1
POINT_SAFE o=48 frozen=33264 slope=-13.449103568512786 candidate=1776483.7958955877 original=1776490.4637985053 current=1776492.1184435873 won=1 mode=1 camera_scale=1 keep_scale=0
ATTR_RADIUS o=48 raw_norm=235.39329434212914 norm=0.03380268474094681 radius=0.03380268474094681 next_radius=0.03380268474094681 lambda=0.022571671927595037 next_lambda=0.022571671927595037 rho=0.61970069062544453 accept=1
CLASSICAL_LM o=48 lambda=0.022571671927595037 tau=0.022571671927595037 prediction=13.429947917722393 rho=0.61970069062544453 accept=1
  MFCG it  49 cost=1.776484e+06 lam=2.257e-02 tau=0.00e+00 cg_it=0 shift=0 ckpt=1 alpha=0 acc mv=274
PCG_PREP o=49 rebuild=1 drift=0 previous_depth=1
POINT_SAFE o=49 frozen=48497 slope=-9.0623053713881898 candidate=1776524.2559354713 original=1776483.7149467515 current=1776483.7958955877 won=0 mode=1 camera_scale=1 keep_scale=0
ATTR_RADIUS o=49 raw_norm=369.40584745852544 norm=0.00013204173726932353 radius=0.03380268474094681 next_radius=0.0084506711852367026 lambda=0.022571671927595037 next_lambda=0.36114675084152059 rho=0.15695239249094323 accept=1
CLASSICAL_LM o=49 lambda=0.022571671927595037 tau=0.022571671927595037 prediction=0.51575407603173684 rho=0.15695239249094323 accept=1
  MFCG it  50 cost=1.776484e+06 lam=3.611e-01 tau=0.00e+00 cg_it=0 shift=0 ckpt=1 alpha=0 acc mv=276
PCG_PREP o=50 rebuild=1 drift=0 previous_depth=1
POINT_SAFE o=50 frozen=93739 slope=-3.1160745347726877 candidate=1776485.4687631831 original=1776483.136236364 current=1776483.7149467515 won=0 mode=1 camera_scale=1 keep_scale=0
ATTR_RADIUS o=50 raw_norm=184.01431728030769 norm=0.0010563338981545876 radius=0.0084506711852367026 next_radius=0.0084506711852367026 lambda=0.36114675084152059 next_lambda=0.036114675084152059 rho=0.26303723015638664 accept=1
CLASSICAL_LM o=50 lambda=0.36114675084152059 tau=0.36114675084152059 prediction=2.2001082778921446 rho=0.26303723015638664 accept=1
  MFCG it  51 cost=1.776483e+06 lam=3.611e-02 tau=0.00e+00 cg_it=0 shift=0 ckpt=1 alpha=0 acc mv=278
PCG_PREP o=51 rebuild=1 drift=0 previous_depth=1
POINT_SAFE o=51 frozen=69053 slope=-3.6860129855544344 candidate=1776480.471558088 original=1776482.2167496663 current=1776483.136236364 won=1 mode=1 camera_scale=1 keep_scale=0
ATTR_RADIUS o=51 raw_norm=270.49401866894192 norm=0.0084506711852367078 radius=0.0084506711852367026 next_radius=0.0084506711852367026 lambda=0.036114675084152059 next_lambda=0.036114675084152059 rho=0.72403720792362969 accept=1
CLASSICAL_LM o=51 lambda=0.036114675084152059 tau=0.036114675084152059 prediction=3.6803057175645897 rho=0.72403720792362969 accept=1
  MFCG: converged (OCA_FTOL: 8 outers < 1.0e-05 rel)
  [menu-backtrack] confirming stop with original retry policy at outer 52
  MFCG it  52 cost=1.776480e+06 lam=3.611e-02 tau=0.00e+00 cg_it=0 shift=0 ckpt=1 alpha=0 acc mv=280
PCG_PREP o=52 rebuild=1 drift=0 previous_depth=1
ATTR_RADIUS o=52 raw_norm=290.10010359492094 norm=0.0084506711852367009 radius=0.0084506711852367026 next_radius=0.0021126677963091756 lambda=0.036114675084152059 next_lambda=0.57783480134643295 rho=-1 accept=0
CLASSICAL_LM o=52 lambda=0.036114675084152059 tau=0.036114675084152059 prediction=10.63957211677328 rho=-1 accept=0
  MFCG it  53  retry 1/8  lam=5.778e-01 tau_eff=3.611e-02  (assembly reused)
PCG_PREP o=52 rebuild=1 drift=0 previous_depth=1
ATTR_RADIUS o=52 raw_norm=177.81618223371046 norm=0.0021126677963091774 radius=0.0021126677963091756 next_radius=0.0021126677963091756 lambda=0.57783480134643295 next_lambda=0.57783480134643295 rho=0.74150619551189456 accept=1
CLASSICAL_LM o=52 lambda=0.57783480134643295 tau=0.57783480134643295 prediction=5.1034842312380349 rho=0.74150619551189456 accept=1
  MFCG it  53 cost=1.776477e+06 lam=5.778e-01 tau=0.00e+00 cg_it=0 shift=0 ckpt=1 alpha=0 acc mv=284
PCG_PREP o=53 rebuild=1 drift=0 previous_depth=1
ATTR_RADIUS o=53 raw_norm=158.98193682262178 norm=0.0021126677963091769 radius=0.0021126677963091756 next_radius=0.00052816694907729391 lambda=0.57783480134643295 next_lambda=9.2453568215429272 rho=-1 accept=0
CLASSICAL_LM o=53 lambda=0.57783480134643295 tau=0.57783480134643295 prediction=6.4625280999939996 rho=-1 accept=0
  MFCG it  54  retry 1/8  lam=9.245e+00 tau_eff=5.778e-01  (assembly reused)
PCG_PREP o=53 rebuild=1 drift=0 previous_depth=1
ATTR_RADIUS o=53 raw_norm=31.520297529549723 norm=0.00052816694907729413 radius=0.00052816694907729391 next_radius=0.00052816694907729391 lambda=9.2453568215429272 next_lambda=9.2453568215429272 rho=0.41361851248119064 accept=1
CLASSICAL_LM o=53 lambda=9.2453568215429272 tau=9.2453568215429272 prediction=0.55827635347107407 rho=0.41361851248119064 accept=1
  MFCG it  54 cost=1.776476e+06 lam=9.245e+00 tau=0.00e+00 cg_it=0 shift=0 ckpt=1 alpha=0 acc mv=288
PCG_PREP o=54 rebuild=1 drift=0 previous_depth=1
ATTR_RADIUS o=54 raw_norm=30.463319476012455 norm=0.00052816694907729391 radius=0.00052816694907729391 next_radius=0.00052816694907729391 lambda=9.2453568215429272 next_lambda=9.2453568215429272 rho=0.44738171503244445 accept=1
CLASSICAL_LM o=54 lambda=9.2453568215429272 tau=9.2453568215429272 prediction=0.31217751252557835 rho=0.44738171503244445 accept=1
  MFCG it  55 cost=1.776476e+06 lam=9.245e+00 tau=0.00e+00 cg_it=0 shift=0 ckpt=1 alpha=0 acc mv=290
PCG_PREP o=55 rebuild=1 drift=0 previous_depth=1
ATTR_RADIUS o=55 raw_norm=29.317947761013603 norm=0.00052816694907729424 radius=0.00052816694907729391 next_radius=0.00052816694907729391 lambda=9.2453568215429272 next_lambda=9.2453568215429272 rho=0.47160252125345875 accept=1
CLASSICAL_LM o=55 lambda=9.2453568215429272 tau=9.2453568215429272 prediction=0.31249912258610829 rho=0.47160252125345875 accept=1
  MFCG it  56 cost=1.776476e+06 lam=9.245e+00 tau=0.00e+00 cg_it=0 shift=0 ckpt=1 alpha=0 acc mv=292
PCG_PREP o=56 rebuild=1 drift=0 previous_depth=1
ATTR_RADIUS o=56 raw_norm=30.335320324682201 norm=0.00052816694907729402 radius=0.00052816694907729391 next_radius=0.00052816694907729391 lambda=9.2453568215429272 next_lambda=9.2453568215429272 rho=0.45761415919480869 accept=1
CLASSICAL_LM o=56 lambda=9.2453568215429272 tau=9.2453568215429272 prediction=0.27392096095406843 rho=0.45761415919480869 accept=1
  MFCG it  57 cost=1.776476e+06 lam=9.245e+00 tau=0.00e+00 cg_it=0 shift=0 ckpt=1 alpha=0 acc mv=294
PCG_PREP o=57 rebuild=1 drift=0 previous_depth=1
ATTR_RADIUS o=57 raw_norm=28.866690839293906 norm=0.00052816694907729391 radius=0.00052816694907729391 next_radius=0.00052816694907729391 lambda=9.2453568215429272 next_lambda=9.2453568215429272 rho=0.47098519824723128 accept=1
CLASSICAL_LM o=57 lambda=9.2453568215429272 tau=9.2453568215429272 prediction=0.29018124987908378 rho=0.47098519824723128 accept=1
  MFCG it  58 cost=1.776476e+06 lam=9.245e+00 tau=0.00e+00 cg_it=0 shift=0 ckpt=1 alpha=0 acc mv=296
PCG_PREP o=58 rebuild=1 drift=0 previous_depth=1
ATTR_RADIUS o=58 raw_norm=30.532181336328382 norm=0.00052816694907729413 radius=0.00052816694907729391 next_radius=0.00052816694907729391 lambda=9.2453568215429272 next_lambda=9.2453568215429272 rho=0.45253751101465961 accept=1
CLASSICAL_LM o=58 lambda=9.2453568215429272 tau=9.2453568215429272 prediction=0.2711795114298049 rho=0.45253751101465961 accept=1
  MFCG it  59 cost=1.776476e+06 lam=9.245e+00 tau=0.00e+00 cg_it=0 shift=0 ckpt=1 alpha=0 acc mv=298
PCG_PREP o=59 rebuild=1 drift=0 previous_depth=1
ATTR_RADIUS o=59 raw_norm=28.711533778657849 norm=0.00052816694907729359 radius=0.00052816694907729391 next_radius=0.00052816694907729391 lambda=9.2453568215429272 next_lambda=9.2453568215429272 rho=0.46840180699441436 accept=1
CLASSICAL_LM o=59 lambda=9.2453568215429272 tau=9.2453568215429272 prediction=0.28563318601420201 rho=0.46840180699441436 accept=1
  MFCG: converged (OCA_FTOL: 8 outers < 1.0e-05 rel)
  MFCG: accepts=60 rejects=11 total_matvecs=300 negcurv=1 cand_evals=71 mean_cg_per_outer=5.0
NUMERIC_REPAIR summary rebuilds=1 floor=8.40860304519349e-07
  [retry-cache] builds=72 reuses=0
  [menu-backtrack] trials=57 rescues=49 evals=363 total_scored=434
POINT_SAFE summary calls=57 evals=57 wins=25 frozen=328202 seconds=0.679076164
  [scoring] menu_evals=71 alpha_evals=0 backtrack_evals=363 total_scored=434
RESULT algo=mfree_shifted_cg iters=60 final_cost=1776475.6508104065 solve_seconds=3.884646
DIAGNOSTICS median_reproj_err_px 2.704502 -> 0.546525 | cheirality_violations(obs) 751 -> 766 | cheirality_violations(pts, of 310854) 725 -> 736
