  [menu-backtrack] active=1 max_evals=8 warmup_accepts=3 confirm_stop=original armijo=1e-4
MIXED_STORAGE fragments=fp32 arithmetic=fp64 state=fp64 acceptance=fp64
  [compact-fragments] active=2 saved_bytes=171996448 storage=fp32 camera_reads=contiguous
  MFCG score_init=90993342.024340227 precision=fp64
PCG_PREP o=0 rebuild=1 drift=0 previous_depth=0
ATTR_RADIUS o=0 raw_norm=8861.170988730757 norm=8861.170988730757 radius=8861.170988730757 next_radius=17722.341977461514 lambda=0.10000000000000001 next_lambda=0.025000000000000001 rho=0.99545080656082696 accept=1
CLASSICAL_LM o=0 lambda=0.10000000000000001 tau=0.10000000000000001 prediction=83412716.699058935 rho=0.99545080656082696 accept=1
  MFCG it   1 cost=7.960086e+06 lam=2.500e-02 tau=0.00e+00 cg_it=0 shift=0 ckpt=1 alpha=0 acc mv=2
PCG_PREP o=1 rebuild=1 drift=0 previous_depth=1
ATTR_RADIUS o=1 raw_norm=4659.7121206777811 norm=4659.7121206777811 radius=17722.341977461514 next_radius=17722.341977461514 lambda=0.025000000000000001 next_lambda=0.0025000000000000005 rho=0.99453896506499828 accept=1
CLASSICAL_LM o=1 lambda=0.025000000000000001 tau=0.025000000000000001 prediction=4259951.510767974 rho=0.99453896506499828 accept=1
  MFCG it   2 cost=3.723398e+06 lam=2.500e-03 tau=0.00e+00 cg_it=4 shift=0 ckpt=5 alpha=0 acc mv=8
PCG_PREP o=2 rebuild=1 drift=0 previous_depth=5
ATTR_RADIUS o=2 raw_norm=6975.677978955965 norm=6975.677978955965 radius=17722.341977461514 next_radius=17722.341977461514 lambda=0.0025000000000000005 next_lambda=0.00025000000000000006 rho=0.87051061466551116 accept=1
CLASSICAL_LM o=2 lambda=0.0025000000000000005 tau=0.0025000000000000005 prediction=1234099.5580717591 rho=0.87051061466551116 accept=1
  MFCG it   3 cost=2.649101e+06 lam=2.500e-04 tau=0.00e+00 cg_it=9 shift=0 ckpt=10 alpha=0 acc mv=19
PCG_PREP o=3 rebuild=1 drift=0 previous_depth=10
ATTR_RADIUS o=3 raw_norm=10922.542500246909 norm=10922.542500246911 radius=17722.341977461514 next_radius=17722.341977461514 lambda=0.00025000000000000006 next_lambda=2.5000000000000008e-05 rho=0.71461554949076989 accept=1
CLASSICAL_LM o=3 lambda=0.00025000000000000006 tau=0.00025000000000000006 prediction=596515.3122668576 rho=0.71461554949076989 accept=1
  MFCG it   4 cost=2.222822e+06 lam=2.500e-05 tau=0.00e+00 cg_it=0 shift=0 ckpt=1 alpha=0 acc mv=21
PCG_PREP o=4 rebuild=1 drift=0 previous_depth=1
POINT_SAFE o=4 frozen=1341 slope=-336469.80044004723 candidate=2043410.2371283679 original=2072225.4956335807 current=2222822.2595752738 won=1 mode=1 camera_scale=1 keep_scale=0
ATTR_RADIUS o=4 raw_norm=25300.156688550025 norm=17722.34197746151 radius=17722.341977461514 next_radius=35444.683954923028 lambda=2.5000000000000008e-05 next_lambda=6.250000000000002e-06 rho=0.91745238268875895 accept=1
CLASSICAL_LM o=4 lambda=2.5000000000000008e-05 tau=2.5000000000000008e-05 prediction=195554.58771724676 rho=0.91745238268875895 accept=1
  MFCG it   5 cost=2.043410e+06 lam=6.250e-06 tau=0.00e+00 cg_it=1 shift=0 ckpt=2 alpha=0 acc mv=24
PCG_PREP o=5 rebuild=1 drift=0 previous_depth=2
POINT_SAFE o=5 frozen=1597 slope=-207539.93617327869 candidate=2178470.5619990188 original=2002351.4161599616 current=2043410.2371283679 won=0 mode=1 camera_scale=1 keep_scale=0
ATTR_RADIUS o=5 raw_norm=42981.168578180754 norm=4430.5854943653776 radius=35444.683954923028 next_radius=35444.683954923028 lambda=6.250000000000002e-06 next_lambda=6.2500000000000026e-07 rho=0.91572324671865346 accept=1
CLASSICAL_LM o=5 lambda=6.250000000000002e-06 tau=6.250000000000002e-06 prediction=44837.587246511364 rho=0.91572324671865346 accept=1
  MFCG it   6 cost=2.002351e+06 lam=6.250e-07 tau=0.00e+00 cg_it=7 shift=0 ckpt=8 alpha=0 acc mv=33
PCG_PREP o=6 rebuild=1 drift=0 previous_depth=8
POINT_SAFE o=6 frozen=1715 slope=-116952.51490181901 candidate=4308131.6948489882 original=1973425.8799230542 current=2002351.4161599616 won=0 mode=1 camera_scale=1 keep_scale=0
ATTR_RADIUS o=6 raw_norm=69312.623107699197 norm=8861.1709887307552 radius=35444.683954923028 next_radius=35444.683954923028 lambda=6.2500000000000026e-07 next_lambda=6.2500000000000024e-08 rho=0.50138978637993326 accept=1
CLASSICAL_LM o=6 lambda=6.2500000000000026e-07 tau=6.2500000000000026e-07 prediction=57690.716928542963 rho=0.50138978637993326 accept=1
  MFCG it   7 cost=1.973426e+06 lam=6.250e-08 tau=0.00e+00 cg_it=5 shift=0 ckpt=6 alpha=0 acc mv=40
PCG_PREP o=7 rebuild=1 drift=0 previous_depth=6
POINT_SAFE o=7 frozen=800 slope=-52959.964272342171 candidate=13257091.078141581 original=1973384.9830586608 current=1973425.8799230542 won=0 mode=1 camera_scale=1 keep_scale=0
ATTR_RADIUS o=7 raw_norm=76124.766930864746 norm=35444.683954923006 radius=35444.683954923028 next_radius=8861.170988730757 lambda=6.2500000000000024e-08 next_lambda=1.0000000000000004e-06 rho=0.0080678974611511269 accept=0
CLASSICAL_LM o=7 lambda=6.2500000000000024e-08 tau=6.2500000000000024e-08 prediction=5069.0857922304331 rho=0.0080678974611511269 accept=0
  MFCG it   8  retry 1/8  lam=1.000e-06 tau_eff=6.250e-08  (assembly reused)
PCG_PREP o=7 rebuild=1 drift=0 previous_depth=1
POINT_SAFE o=7 frozen=282 slope=-45872.722223150136 candidate=2003425.2673573433 original=1972965.4763292451 current=1973425.8799230542 won=0 mode=1 camera_scale=1 keep_scale=0
ATTR_RADIUS o=7 raw_norm=30713.843705463467 norm=69.227898349459025 radius=8861.170988730757 next_radius=8861.170988730757 lambda=1.0000000000000004e-06 next_lambda=1.0000000000000005e-07 rho=0.37683524684169345 accept=1
CLASSICAL_LM o=7 lambda=1.0000000000000004e-06 tau=1.0000000000000004e-06 prediction=1221.7636159775793 rho=0.37683524684169345 accept=1
  MFCG it   8 cost=1.972965e+06 lam=1.000e-07 tau=0.00e+00 cg_it=0 shift=0 ckpt=1 alpha=0 acc mv=44
PCG_PREP o=8 rebuild=1 drift=0 previous_depth=1
POINT_SAFE o=8 frozen=170 slope=-39513.429023136858 candidate=2040952.7334489722 original=1972703.4227416101 current=1972965.4763292451 won=0 mode=1 camera_scale=1 keep_scale=0
ATTR_RADIUS o=8 raw_norm=67257.776962229167 norm=34.61394917472952 radius=8861.170988730757 next_radius=8861.170988730757 lambda=1.0000000000000005e-07 next_lambda=1.0000000000000005e-08 rho=0.44640791313438599 accept=1
CLASSICAL_LM o=8 lambda=1.0000000000000005e-07 tau=1.0000000000000005e-07 prediction=587.02720073906823 rho=0.44640791313438599 accept=1
  MFCG it   9 cost=1.972703e+06 lam=1.000e-08 tau=0.00e+00 cg_it=0 shift=0 ckpt=1 alpha=0 acc mv=46
PCG_PREP o=9 rebuild=1 drift=0 previous_depth=1
NUMERIC_REPAIR o=9 lambda=1.0000000000000005e-08 rayleigh=-2.1248872668744805e-07 next_lambda=8.8995490674979225e-07 cg=1 rebuild=1
PCG_PREP o=9 rebuild=1 drift=0 previous_depth=1
POINT_SAFE o=9 frozen=270 slope=-44509.368488225518 candidate=2007821.9527222652 original=inf current=1972703.4227416101 won=0 mode=1 camera_scale=1 keep_scale=0
ATTR_RADIUS o=9 raw_norm=32445.146719699063 norm=8861.1709887307552 radius=8861.170988730757 next_radius=2215.2927471826893 lambda=8.8995490674979225e-07 next_lambda=1.4239278507996676e-05 rho=-1 accept=0
CLASSICAL_LM o=9 lambda=8.8995490674979225e-07 tau=8.8995490674979225e-07 prediction=26183.78509794722 rho=-1 accept=0
  MFCG it  10  retry 1/8  lam=1.424e-05 tau_eff=8.900e-07  (assembly reused)
PCG_PREP o=9 rebuild=1 drift=0 previous_depth=1
POINT_SAFE o=9 frozen=46 slope=-41775.427245092942 candidate=1950619.1646023002 original=inf current=1972703.4227416101 won=1 mode=1 camera_scale=1 keep_scale=0
ATTR_RADIUS o=9 raw_norm=9407.6016300013653 norm=2215.2927471826888 radius=2215.2927471826893 next_radius=4430.5854943653785 lambda=1.4239278507996676e-05 next_lambda=3.559819626999169e-06 rho=0.90235761701519257 accept=1
CLASSICAL_LM o=9 lambda=1.4239278507996676e-05 tau=1.4239278507996676e-05 prediction=24473.953256315359 rho=0.90235761701519257 accept=1
  MFCG it  10 cost=1.950619e+06 lam=3.560e-06 tau=0.00e+00 cg_it=0 shift=0 ckpt=1 alpha=0 acc mv=52
PCG_PREP o=10 rebuild=1 drift=0 previous_depth=1
POINT_SAFE o=10 frozen=427 slope=-13892.147662247842 candidate=1940361.3129617216 original=1949718.4559405602 current=1950619.1646023002 won=1 mode=1 camera_scale=1 keep_scale=0
ATTR_RADIUS o=10 raw_norm=31194.603753659867 norm=4430.5854943653785 radius=4430.5854943653785 next_radius=8861.170988730757 lambda=3.559819626999169e-06 next_lambda=8.8995490674979225e-07 rho=0.93771346821057977 accept=1
CLASSICAL_LM o=10 lambda=3.559819626999169e-06 tau=3.559819626999169e-06 prediction=10939.217563072278 rho=0.93771346821057977 accept=1
  MFCG it  11 cost=1.940361e+06 lam=8.900e-07 tau=0.00e+00 cg_it=1 shift=0 ckpt=2 alpha=0 acc mv=55
PCG_PREP o=11 rebuild=1 drift=0 previous_depth=2
POINT_SAFE o=11 frozen=530 slope=-13733.575483777702 candidate=1930113.6525507804 original=1940310.3036059069 current=1940361.3129617216 won=1 mode=1 camera_scale=1 keep_scale=0
ATTR_RADIUS o=11 raw_norm=45914.069861290132 norm=8861.1709887307588 radius=8861.170988730757 next_radius=17722.341977461514 lambda=8.8995490674979225e-07 next_lambda=8.8995490674979225e-07 rho=0.89906828892531687 accept=1
CLASSICAL_LM o=11 lambda=8.8995490674979225e-07 tau=8.8995490674979225e-07 prediction=11398.089040811847 rho=0.89906828892531687 accept=1
  MFCG it  12 cost=1.930114e+06 lam=8.900e-07 tau=0.00e+00 cg_it=1 shift=0 ckpt=2 alpha=0 acc mv=58
PCG_PREP o=12 rebuild=1 drift=0 previous_depth=2
POINT_SAFE o=12 frozen=1222 slope=-36418.805796744724 candidate=1965732.4948042231 original=1928856.4509874841 current=1930113.6525507804 won=0 mode=1 camera_scale=1 keep_scale=0
ATTR_RADIUS o=12 raw_norm=47040.985922027146 norm=553.8231867956722 radius=17722.341977461514 next_radius=17722.341977461514 lambda=8.8995490674979225e-07 next_lambda=8.8995490674979225e-07 rho=0.27603041818839918 accept=1
CLASSICAL_LM o=12 lambda=8.8995490674979225e-07 tau=8.8995490674979225e-07 prediction=4554.5761642772841 rho=0.27603041818839918 accept=1
  MFCG it  13 cost=1.928856e+06 lam=8.900e-07 tau=0.00e+00 cg_it=3 shift=0 ckpt=4 alpha=0 acc mv=63
PCG_PREP o=13 rebuild=1 drift=0 previous_depth=4
POINT_SAFE o=13 frozen=1235 slope=-36423.719659062561 candidate=1970219.7215091635 original=1928113.5491388668 current=1928856.4509874841 won=0 mode=1 camera_scale=1 keep_scale=0
ATTR_RADIUS o=13 raw_norm=46314.975139196067 norm=553.82318679567231 radius=17722.341977461514 next_radius=4430.5854943653785 lambda=8.8995490674979225e-07 next_lambda=1.4239278507996676e-05 rho=0.16342785832207793 accept=1
CLASSICAL_LM o=13 lambda=8.8995490674979225e-07 tau=8.8995490674979225e-07 prediction=4545.7479296654401 rho=0.16342785832207793 accept=1
  MFCG it  14 cost=1.928114e+06 lam=1.424e-05 tau=0.00e+00 cg_it=3 shift=0 ckpt=4 alpha=0 acc mv=68
PCG_PREP o=14 rebuild=1 drift=0 previous_depth=4
POINT_SAFE o=14 frozen=175 slope=-17823.269921173531 candidate=1913051.8008565083 original=1926722.890605096 current=1928113.5491388668 won=1 mode=1 camera_scale=1 keep_scale=0
ATTR_RADIUS o=14 raw_norm=22290.599201695848 norm=4430.5854943653776 radius=4430.5854943653785 next_radius=8861.170988730757 lambda=1.4239278507996676e-05 next_lambda=3.559819626999169e-06 rho=0.98747129932014599 accept=1
CLASSICAL_LM o=14 lambda=1.4239278507996676e-05 tau=1.4239278507996676e-05 prediction=15252.846632330708 rho=0.98747129932014599 accept=1
  MFCG it  15 cost=1.913052e+06 lam=3.560e-06 tau=0.00e+00 cg_it=3 shift=0 ckpt=4 alpha=0 acc mv=73
PCG_PREP o=15 rebuild=1 drift=0 previous_depth=4
POINT_SAFE o=15 frozen=773 slope=-22210.514645915053 candidate=1895846.964417595 original=1911024.9360206921 current=1913051.8008565083 won=1 mode=1 camera_scale=1 keep_scale=0
ATTR_RADIUS o=15 raw_norm=40004.880516722151 norm=8861.1709887307552 radius=8861.170988730757 next_radius=17722.341977461514 lambda=3.559819626999169e-06 next_lambda=8.8995490674979225e-07 rho=0.90074072173926178 accept=1
CLASSICAL_LM o=15 lambda=3.559819626999169e-06 tau=3.559819626999169e-06 prediction=19100.764541534365 rho=0.90074072173926178 accept=1
  MFCG it  16 cost=1.895847e+06 lam=8.900e-07 tau=0.00e+00 cg_it=5 shift=0 ckpt=6 alpha=0 acc mv=80
PCG_PREP o=16 rebuild=1 drift=0 previous_depth=6
POINT_SAFE o=16 frozen=990 slope=-26918.713731708958 candidate=1904153.2336419879 original=1893556.2923609354 current=1895846.964417595 won=0 mode=1 camera_scale=1 keep_scale=0
ATTR_RADIUS o=16 raw_norm=53034.407004616456 norm=1107.6463735913444 radius=17722.341977461514 next_radius=17722.341977461514 lambda=8.8995490674979225e-07 next_lambda=8.8995490674979225e-07 rho=0.27230588678684697 accept=1
CLASSICAL_LM o=16 lambda=8.8995490674979225e-07 tau=8.8995490674979225e-07 prediction=8412.1283005999103 rho=0.27230588678684697 accept=1
  MFCG it  17 cost=1.893556e+06 lam=8.900e-07 tau=0.00e+00 cg_it=4 shift=0 ckpt=5 alpha=0 acc mv=86
PCG_PREP o=17 rebuild=1 drift=0 previous_depth=5
POINT_SAFE o=17 frozen=980 slope=-26180.838580733209 candidate=1902283.4079541378 original=1891798.9097898088 current=1893556.2923609354 won=0 mode=1 camera_scale=1 keep_scale=0
ATTR_RADIUS o=17 raw_norm=53046.864489047439 norm=553.8231867956722 radius=17722.341977461514 next_radius=17722.341977461514 lambda=8.8995490674979225e-07 next_lambda=8.8995490674979225e-07 rho=0.41829393847864815 accept=1
CLASSICAL_LM o=17 lambda=8.8995490674979225e-07 tau=8.8995490674979225e-07 prediction=4201.3101540946018 rho=0.41829393847864815 accept=1
  MFCG it  18 cost=1.891799e+06 lam=8.900e-07 tau=0.00e+00 cg_it=4 shift=0 ckpt=5 alpha=0 acc mv=92
PCG_PREP o=18 rebuild=1 drift=0 previous_depth=5
POINT_SAFE o=18 frozen=963 slope=-25864.818871926531 candidate=1900367.6195403775 original=1891559.8654764693 current=1891798.9097898088 won=0 mode=1 camera_scale=1 keep_scale=0
ATTR_RADIUS o=18 raw_norm=53089.994580353014 norm=138.45579669891805 radius=17722.341977461514 next_radius=4430.5854943653785 lambda=8.8995490674979225e-07 next_lambda=1.4239278507996676e-05 rho=0.22905296277237308 accept=1
CLASSICAL_LM o=18 lambda=8.8995490674979225e-07 tau=8.8995490674979225e-07 prediction=1043.620263393286 rho=0.22905296277237308 accept=1
  MFCG it  19 cost=1.891560e+06 lam=1.424e-05 tau=0.00e+00 cg_it=4 shift=0 ckpt=5 alpha=0 acc mv=98
PCG_PREP o=19 rebuild=1 drift=0 previous_depth=5
POINT_SAFE o=19 frozen=58 slope=-14483.066317993758 candidate=1879719.2803789037 original=1891324.8870311726 current=1891559.8654764693 won=1 mode=1 camera_scale=1 keep_scale=0
ATTR_RADIUS o=19 raw_norm=22966.418928991276 norm=4430.5854943653803 radius=4430.5854943653785 next_radius=8861.170988730757 lambda=1.4239278507996676e-05 next_lambda=3.559819626999169e-06 rho=0.98470187592951275 accept=1
CLASSICAL_LM o=19 lambda=1.4239278507996676e-05 tau=1.4239278507996676e-05 prediction=12024.537971341415 rho=0.98470187592951275 accept=1
  MFCG it  20 cost=1.879719e+06 lam=3.560e-06 tau=0.00e+00 cg_it=4 shift=0 ckpt=5 alpha=0 acc mv=104
PCG_PREP o=20 rebuild=1 drift=0 previous_depth=5
POINT_SAFE o=20 frozen=697 slope=-14530.952686591381 candidate=1869175.3769111659 original=1879561.5868556828 current=1879719.2803789037 won=1 mode=1 camera_scale=1 keep_scale=0
ATTR_RADIUS o=20 raw_norm=44050.401438241097 norm=8861.1709887307552 radius=8861.170988730757 next_radius=17722.341977461514 lambda=3.559819626999169e-06 next_lambda=8.8995490674979225e-07 rho=0.8415809766088802 accept=1
CLASSICAL_LM o=20 lambda=3.559819626999169e-06 tau=3.559819626999169e-06 prediction=12528.685605779863 rho=0.8415809766088802 accept=1
  MFCG it  21 cost=1.869175e+06 lam=8.900e-07 tau=0.00e+00 cg_it=5 shift=0 ckpt=6 alpha=0 acc mv=111
PCG_PREP o=21 rebuild=1 drift=0 previous_depth=6
POINT_SAFE o=21 frozen=1100 slope=-10329.781578585504 candidate=2464397.8477578498 original=1869046.8747493254 current=1869175.3769111659 won=0 mode=1 camera_scale=1 keep_scale=0
ATTR_RADIUS o=21 raw_norm=32245.237592725636 norm=69.227898349459039 radius=17722.341977461514 next_radius=17722.341977461514 lambda=8.8995490674979225e-07 next_lambda=8.8995490674979225e-07 rho=0.28071127467765539 accept=1
CLASSICAL_LM o=21 lambda=8.8995490674979225e-07 tau=8.8995490674979225e-07 prediction=457.77342569515019 rho=0.28071127467765539 accept=1
  MFCG it  22 cost=1.869047e+06 lam=8.900e-07 tau=0.00e+00 cg_it=0 shift=0 ckpt=1 alpha=0 acc mv=113
PCG_PREP o=22 rebuild=1 drift=0 previous_depth=1
POINT_SAFE o=22 frozen=1108 slope=-10352.424935709114 candidate=2497923.7328001964 original=inf current=1869046.8747493254 won=0 mode=1 camera_scale=1 keep_scale=0
ATTR_RADIUS o=22 raw_norm=32009.616479758701 norm=17722.341977461514 radius=17722.341977461514 next_radius=4430.5854943653785 lambda=8.8995490674979225e-07 next_lambda=1.4239278507996676e-05 rho=-1 accept=0
CLASSICAL_LM o=22 lambda=8.8995490674979225e-07 tau=8.8995490674979225e-07 prediction=6707.6014706436426 rho=-1 accept=0
  MFCG it  23  retry 1/8  lam=1.424e-05 tau_eff=8.900e-07  (assembly reused)
PCG_PREP o=22 rebuild=1 drift=0 previous_depth=1
POINT_SAFE o=22 frozen=366 slope=-10629.702590481455 candidate=1863335.1162559257 original=inf current=1869046.8747493254 won=1 mode=1 camera_scale=1 keep_scale=0
ATTR_RADIUS o=22 raw_norm=6729.8421355430055 norm=4430.5854943653776 radius=4430.5854943653785 next_radius=8861.170988730757 lambda=1.4239278507996676e-05 next_lambda=3.559819626999169e-06 rho=0.85302955148915016 accept=1
CLASSICAL_LM o=22 lambda=1.4239278507996676e-05 tau=1.4239278507996676e-05 prediction=6695.8506694505322 rho=0.85302955148915016 accept=1
  MFCG it  23 cost=1.863335e+06 lam=3.560e-06 tau=0.00e+00 cg_it=0 shift=0 ckpt=1 alpha=0 acc mv=117
PCG_PREP o=23 rebuild=1 drift=0 previous_depth=1
POINT_SAFE o=23 frozen=271 slope=-38529.082552052605 candidate=2198066.7752280016 original=inf current=1863335.1162559257 won=0 mode=1 camera_scale=1 keep_scale=0
ATTR_RADIUS o=23 raw_norm=48295.216653337578 norm=8861.1709887307588 radius=8861.170988730757 next_radius=2215.2927471826893 lambda=3.559819626999169e-06 next_lambda=5.6957114031986704e-05 rho=-1 accept=0
CLASSICAL_LM o=23 lambda=3.559819626999169e-06 tau=3.559819626999169e-06 prediction=34236.904676325874 rho=-1 accept=0
  MFCG it  24  retry 1/8  lam=5.696e-05 tau_eff=3.560e-06  (assembly reused)
PCG_PREP o=23 rebuild=1 drift=0 previous_depth=9
POINT_SAFE o=23 frozen=160 slope=-104121.80632143552 candidate=2137314.7318441444 original=inf current=1863335.1162559257 won=0 mode=1 camera_scale=1 keep_scale=0
ATTR_RADIUS o=23 raw_norm=6851.0547950399341 norm=2215.2927471826897 radius=2215.2927471826893 next_radius=553.82318679567231 lambda=5.6957114031986704e-05 next_lambda=0.00091131382451178726 rho=-1 accept=0
CLASSICAL_LM o=23 lambda=5.6957114031986704e-05 tau=5.6957114031986704e-05 prediction=57643.882376406691 rho=-1 accept=0
  MFCG it  24  retry 2/8  lam=9.113e-04 tau_eff=5.696e-05  (assembly reused)
PCG_PREP o=23 rebuild=1 drift=0 previous_depth=3
POINT_SAFE o=23 frozen=41 slope=-82839.99238718953 candidate=2348693.0621097554 original=inf current=1863335.1162559257 won=0 mode=1 camera_scale=1 keep_scale=0
ATTR_RADIUS o=23 raw_norm=749.83772555727546 norm=553.82318679567186 radius=553.82318679567231 next_radius=138.45579669891808 lambda=0.00091131382451178726 next_lambda=0.014581021192188596 rho=-1 accept=0
CLASSICAL_LM o=23 lambda=0.00091131382451178726 tau=0.00091131382451178726 prediction=52261.985103733401 rho=-1 accept=0
  MFCG it  24  retry 3/8  lam=1.458e-02 tau_eff=9.113e-04  (assembly reused)
PCG_PREP o=23 rebuild=1 drift=0 previous_depth=1
POINT_SAFE o=23 frozen=1 slope=-47958.916199374624 candidate=2339309.9822667073 original=inf current=1863335.1162559257 won=0 mode=1 camera_scale=1 keep_scale=0
ATTR_RADIUS o=23 raw_norm=316.51052600280951 norm=138.45579669891805 radius=138.45579669891808 next_radius=34.61394917472952 lambda=0.014581021192188596 next_lambda=0.23329633907501754 rho=-1 accept=0
CLASSICAL_LM o=23 lambda=0.014581021192188596 tau=0.014581021192188596 prediction=37467.512418020895 rho=-1 accept=0
  MFCG it  24  retry 4/8  lam=2.333e-01 tau_eff=1.458e-02  (assembly reused)
PCG_PREP o=23 rebuild=1 drift=0 previous_depth=1
POINT_SAFE o=23 frozen=2 slope=-14112.845490706148 candidate=2235119.3379253703 original=inf current=1863335.1162559257 won=0 mode=1 camera_scale=1 keep_scale=0
ATTR_RADIUS o=23 raw_norm=234.79684729424983 norm=34.613949174729527 radius=34.61394917472952 next_radius=8.6534872936823799 lambda=0.23329633907501754 next_lambda=3.7327414252002806 rho=-1 accept=0
CLASSICAL_LM o=23 lambda=0.23329633907501754 tau=0.23329633907501754 prediction=13089.825103153358 rho=-1 accept=0
  MFCG it  24  retry 5/8  lam=3.733e+00 tau_eff=2.333e-01  (assembly reused)
PCG_PREP o=23 rebuild=1 drift=0 previous_depth=1
POINT_SAFE o=23 frozen=1 slope=-3986.242556957618 candidate=2014024.0173821191 original=1863331.4249718171 current=1863335.1162559257 won=0 mode=1 camera_scale=1 keep_scale=0
ATTR_RADIUS o=23 raw_norm=76.974615873682438 norm=0.03380268474094681 radius=8.6534872936823799 next_radius=2.163371823420595 lambda=3.7327414252002806 next_lambda=59.72386280320449 rho=0.23633654587441111 accept=1
CLASSICAL_LM o=23 lambda=3.7327414252002806 tau=3.7327414252002806 prediction=15.618761351601105 rho=0.23633654587441111 accept=1
  MFCG it  24 cost=1.863331e+06 lam=5.972e+01 tau=0.00e+00 cg_it=0 shift=0 ckpt=1 alpha=0 acc mv=139
PCG_PREP o=24 rebuild=1 drift=0 previous_depth=1
POINT_SAFE o=24 frozen=48 slope=-989.41202137608093 candidate=1888648.5563235744 original=1863326.6143431952 current=1863331.4249718171 won=0 mode=1 camera_scale=1 keep_scale=0
ATTR_RADIUS o=24 raw_norm=7.3107450607476894 norm=2.1633718234205941 radius=2.163371823420595 next_radius=0.54084295585514874 lambda=59.72386280320449 next_lambda=955.58180485127184 rho=0.077640824614260889 accept=0
CLASSICAL_LM o=24 lambda=59.72386280320449 tau=59.72386280320449 prediction=61.960040297606291 rho=0.077640824614260889 accept=0
  MFCG it  25  retry 1/8  lam=9.556e+02 tau_eff=5.972e+01  (assembly reused)
PCG_PREP o=24 rebuild=1 drift=0 previous_depth=1
POINT_SAFE o=24 frozen=17442 slope=-214.97446958703833 candidate=1863855.8660106589 original=1863320.4017708593 current=1863331.4249718171 won=0 mode=1 camera_scale=1 keep_scale=0
ATTR_RADIUS o=24 raw_norm=0.47309356886596626 norm=0.11827339221649157 radius=0.54084295585514874 next_radius=0.13521073896378719 lambda=955.58180485127184 next_lambda=15289.308877620349 rho=0.20502934828287775 accept=1
CLASSICAL_LM o=24 lambda=955.58180485127184 tau=955.58180485127184 prediction=53.7640150062537 rho=0.20502934828287775 accept=1
  MFCG it  25 cost=1.863320e+06 lam=1.529e+04 tau=0.00e+00 cg_it=0 shift=0 ckpt=1 alpha=0 acc mv=143
PCG_PREP o=25 rebuild=1 drift=0 previous_depth=1
ATTR_RADIUS o=25 raw_norm=0.030177544433690359 norm=0.030177544433690359 radius=0.13521073896378719 next_radius=0.13521073896378719 lambda=15289.308877620349 next_lambda=1528.9308877620351 rho=0.94428765056193809 accept=1
CLASSICAL_LM o=25 lambda=15289.308877620349 tau=15289.308877620349 prediction=14.001892227152076 rho=0.94428765056193809 accept=1
  MFCG it  26 cost=1.863307e+06 lam=1.529e+03 tau=0.00e+00 cg_it=0 shift=0 ckpt=1 alpha=0 acc mv=145
PCG_PREP o=26 rebuild=1 drift=0 previous_depth=1
ATTR_RADIUS o=26 raw_norm=0.29915461603206173 norm=0.1352107389637873 radius=0.13521073896378719 next_radius=0.13521073896378719 lambda=1528.9308877620351 next_lambda=1528.9308877620351 rho=0.62908021921454504 accept=1
CLASSICAL_LM o=26 lambda=1528.9308877620351 tau=1528.9308877620351 prediction=62.542691122335988 rho=0.62908021921454504 accept=1
  MFCG it  27 cost=1.863268e+06 lam=1.529e+03 tau=0.00e+00 cg_it=0 shift=0 ckpt=1 alpha=0 acc mv=147
PCG_PREP o=27 rebuild=1 drift=0 previous_depth=1
POINT_SAFE o=27 frozen=27252 slope=-61.414304931693579 candidate=1863370.5001143026 original=1863262.3708713637 current=1863267.8355871032 won=0 mode=1 camera_scale=1 keep_scale=0
ATTR_RADIUS o=27 raw_norm=0.29487002119912703 norm=0.033802684740946783 radius=0.13521073896378719 next_radius=0.13521073896378719 lambda=1528.9308877620351 next_lambda=152.89308877620351 rho=0.35577591089941291 accept=1
CLASSICAL_LM o=27 lambda=1528.9308877620351 tau=1528.9308877620351 prediction=15.359993670353656 rho=0.35577591089941291 accept=1
  MFCG it  28 cost=1.863262e+06 lam=1.529e+02 tau=0.00e+00 cg_it=0 shift=0 ckpt=1 alpha=0 acc mv=149
PCG_PREP o=28 rebuild=1 drift=0 previous_depth=1
POINT_SAFE o=28 frozen=3035 slope=-64.916092274391247 candidate=1863271.7652138979 original=1863249.2685953972 current=1863262.3708713637 won=0 mode=1 camera_scale=1 keep_scale=0
ATTR_RADIUS o=28 raw_norm=2.9204163372629295 norm=0.067605369481893565 radius=0.13521073896378719 next_radius=0.13521073896378719 lambda=152.89308877620351 next_lambda=15.289308877620352 rho=0.39920973022297213 accept=1
CLASSICAL_LM o=28 lambda=152.89308877620351 tau=152.89308877620351 prediction=32.820532603540862 rho=0.39920973022297213 accept=1
  MFCG it  29 cost=1.863249e+06 lam=1.529e+01 tau=0.00e+00 cg_it=0 shift=0 ckpt=1 alpha=0 acc mv=151
PCG_PREP o=29 rebuild=1 drift=0 previous_depth=1
ATTR_RADIUS o=29 raw_norm=25.881681609783179 norm=0.13521073896378713 radius=0.13521073896378719 next_radius=0.033802684740946796 lambda=15.289308877620352 next_lambda=244.62894204192563 rho=0.22125947465309123 accept=1
CLASSICAL_LM o=29 lambda=15.289308877620352 tau=15.289308877620352 prediction=105.06804508096752 rho=0.22125947465309123 accept=1
  MFCG it  30 cost=1.863226e+06 lam=2.446e+02 tau=0.00e+00 cg_it=0 shift=0 ckpt=1 alpha=0 acc mv=153
PCG_PREP o=30 rebuild=1 drift=0 previous_depth=1
ATTR_RADIUS o=30 raw_norm=1.9061944452722881 norm=0.033802684740946817 radius=0.033802684740946796 next_radius=0.067605369481893593 lambda=244.62894204192563 next_lambda=61.157235510481406 rho=0.94547103447541803 accept=1
CLASSICAL_LM o=30 lambda=244.62894204192563 tau=244.62894204192563 prediction=23.419366774749875 rho=0.94547103447541803 accept=1
  MFCG it  31 cost=1.863204e+06 lam=6.116e+01 tau=0.00e+00 cg_it=0 shift=0 ckpt=1 alpha=0 acc mv=155
PCG_PREP o=31 rebuild=1 drift=0 previous_depth=1
ATTR_RADIUS o=31 raw_norm=7.3205522740520914 norm=0.067605369481893593 radius=0.067605369481893593 next_radius=0.13521073896378719 lambda=61.157235510481406 next_lambda=15.289308877620352 rho=0.82792344963115982 accept=1
CLASSICAL_LM o=31 lambda=61.157235510481406 tau=61.157235510481406 prediction=53.920736455815899 rho=0.82792344963115982 accept=1
  MFCG it  32 cost=1.863159e+06 lam=1.529e+01 tau=0.00e+00 cg_it=0 shift=0 ckpt=1 alpha=0 acc mv=157
PCG_PREP o=32 rebuild=1 drift=0 previous_depth=1
ATTR_RADIUS o=32 raw_norm=25.865792558280564 norm=0.13521073896378719 radius=0.13521073896378719 next_radius=0.033802684740946796 lambda=15.289308877620352 next_lambda=244.62894204192563 rho=0.10009070554925184 accept=1
CLASSICAL_LM o=32 lambda=15.289308877620352 tau=15.289308877620352 prediction=97.388829470567828 rho=0.10009070554925184 accept=1
  MFCG it  33 cost=1.863149e+06 lam=2.446e+02 tau=0.00e+00 cg_it=0 shift=0 ckpt=1 alpha=0 acc mv=159
PCG_PREP o=33 rebuild=1 drift=0 previous_depth=1
ATTR_RADIUS o=33 raw_norm=1.8932697395537887 norm=0.033802684740946776 radius=0.033802684740946796 next_radius=0.067605369481893593 lambda=244.62894204192563 next_lambda=61.157235510481406 rho=0.95264688672968356 accept=1
CLASSICAL_LM o=33 lambda=244.62894204192563 tau=244.62894204192563 prediction=23.129401128193201 rho=0.95264688672968356 accept=1
  MFCG it  34 cost=1.863127e+06 lam=6.116e+01 tau=0.00e+00 cg_it=0 shift=0 ckpt=1 alpha=0 acc mv=161
PCG_PREP o=34 rebuild=1 drift=0 previous_depth=1
ATTR_RADIUS o=34 raw_norm=7.2900987381955922 norm=0.067605369481893593 radius=0.067605369481893593 next_radius=0.13521073896378719 lambda=61.157235510481406 next_lambda=15.289308877620352 rho=0.84496304522504406 accept=1
CLASSICAL_LM o=34 lambda=61.157235510481406 tau=61.157235510481406 prediction=53.753110278284083 rho=0.84496304522504406 accept=1
  MFCG it  35 cost=1.863082e+06 lam=1.529e+01 tau=0.00e+00 cg_it=0 shift=0 ckpt=1 alpha=0 acc mv=163
PCG_PREP o=35 rebuild=1 drift=0 previous_depth=1
ATTR_RADIUS o=35 raw_norm=25.878796855911524 norm=0.13521073896378716 radius=0.13521073896378719 next_radius=0.13521073896378719 lambda=15.289308877620352 next_lambda=15.289308877620352 rho=0.25445674271274593 accept=1
CLASSICAL_LM o=35 lambda=15.289308877620352 tau=15.289308877620352 prediction=97.651930760861518 rho=0.25445674271274593 accept=1
  MFCG it  36 cost=1.863057e+06 lam=1.529e+01 tau=0.00e+00 cg_it=0 shift=0 ckpt=1 alpha=0 acc mv=165
PCG_PREP o=36 rebuild=1 drift=0 previous_depth=1
ATTR_RADIUS o=36 raw_norm=26.358369847026566 norm=0.13521073896378716 radius=0.13521073896378719 next_radius=0.13521073896378719 lambda=15.289308877620352 next_lambda=15.289308877620352 rho=0.44518001177705963 accept=1
CLASSICAL_LM o=36 lambda=15.289308877620352 tau=15.289308877620352 prediction=142.87959567372093 rho=0.44518001177705963 accept=1
  MFCG it  37 cost=1.862994e+06 lam=1.529e+01 tau=0.00e+00 cg_it=0 shift=0 ckpt=1 alpha=0 acc mv=167
PCG_PREP o=37 rebuild=1 drift=0 previous_depth=1
ATTR_RADIUS o=37 raw_norm=25.88654140393751 norm=0.13521073896378719 radius=0.13521073896378719 next_radius=0.13521073896378719 lambda=15.289308877620352 next_lambda=15.289308877620352 rho=0.26719462372658165 accept=1
CLASSICAL_LM o=37 lambda=15.289308877620352 tau=15.289308877620352 prediction=96.41077549856945 rho=0.26719462372658165 accept=1
  MFCG it  38 cost=1.862968e+06 lam=1.529e+01 tau=0.00e+00 cg_it=0 shift=0 ckpt=1 alpha=0 acc mv=169
PCG_PREP o=38 rebuild=1 drift=0 previous_depth=1
ATTR_RADIUS o=38 raw_norm=26.248336461639919 norm=0.13521073896378724 radius=0.13521073896378719 next_radius=0.13521073896378719 lambda=15.289308877620352 next_lambda=15.289308877620352 rho=0.41737750676719787 accept=1
CLASSICAL_LM o=38 lambda=15.289308877620352 tau=15.289308877620352 prediction=127.41624910750532 rho=0.41737750676719787 accept=1
  MFCG it  39 cost=1.862915e+06 lam=1.529e+01 tau=0.00e+00 cg_it=0 shift=0 ckpt=1 alpha=0 acc mv=171
PCG_PREP o=39 rebuild=1 drift=0 previous_depth=1
ATTR_RADIUS o=39 raw_norm=25.879665006776623 norm=0.13521073896378716 radius=0.13521073896378719 next_radius=0.13521073896378719 lambda=15.289308877620352 next_lambda=15.289308877620352 rho=0.26133449970931361 accept=1
CLASSICAL_LM o=39 lambda=15.289308877620352 tau=15.289308877620352 prediction=94.77470182741196 rho=0.26133449970931361 accept=1
  MFCG it  40 cost=1.862890e+06 lam=1.529e+01 tau=0.00e+00 cg_it=0 shift=0 ckpt=1 alpha=0 acc mv=173
PCG_PREP o=40 rebuild=1 drift=0 previous_depth=1
ATTR_RADIUS o=40 raw_norm=26.191985521090203 norm=0.13521073896378724 radius=0.13521073896378719 next_radius=0.13521073896378719 lambda=15.289308877620352 next_lambda=15.289308877620352 rho=0.39721311941921533 accept=1
CLASSICAL_LM o=40 lambda=15.289308877620352 tau=15.289308877620352 prediction=120.06470713313519 rho=0.39721311941921533 accept=1
  MFCG it  41 cost=1.862842e+06 lam=1.529e+01 tau=0.00e+00 cg_it=0 shift=0 ckpt=1 alpha=0 acc mv=175
PCG_PREP o=41 rebuild=1 drift=0 previous_depth=1
ATTR_RADIUS o=41 raw_norm=25.866090344478277 norm=0.13521073896378716 radius=0.13521073896378719 next_radius=0.13521073896378719 lambda=15.289308877620352 next_lambda=15.289308877620352 rho=0.25202418255230608 accept=1
CLASSICAL_LM o=41 lambda=15.289308877620352 tau=15.289308877620352 prediction=93.196046348094939 rho=0.25202418255230608 accept=1
  MFCG it  42 cost=1.862819e+06 lam=1.529e+01 tau=0.00e+00 cg_it=0 shift=0 ckpt=1 alpha=0 acc mv=177
PCG_PREP o=42 rebuild=1 drift=0 previous_depth=1
ATTR_RADIUS o=42 raw_norm=26.155000093838151 norm=0.13521073896378721 radius=0.13521073896378719 next_radius=0.13521073896378719 lambda=15.289308877620352 next_lambda=15.289308877620352 rho=0.38288875036603609 accept=1
CLASSICAL_LM o=42 lambda=15.289308877620352 tau=15.289308877620352 prediction=115.93004677434448 rho=0.38288875036603609 accept=1
  MFCG it  43 cost=1.862774e+06 lam=1.529e+01 tau=0.00e+00 cg_it=0 shift=0 ckpt=1 alpha=0 acc mv=179
PCG_PREP o=43 rebuild=1 drift=0 previous_depth=1
ATTR_RADIUS o=43 raw_norm=25.849800060255973 norm=0.13521073896378719 radius=0.13521073896378719 next_radius=0.033802684740946796 lambda=15.289308877620352 next_lambda=244.62894204192563 rho=0.24347292965061723 accept=1
CLASSICAL_LM o=43 lambda=15.289308877620352 tau=15.289308877620352 prediction=91.879591807619647 rho=0.24347292965061723 accept=1
  MFCG it  44 cost=1.862752e+06 lam=2.446e+02 tau=0.00e+00 cg_it=0 shift=0 ckpt=1 alpha=0 acc mv=181
PCG_PREP o=44 rebuild=1 drift=0 previous_depth=1
ATTR_RADIUS o=44 raw_norm=1.8633803845929127 norm=0.033802684740946824 radius=0.033802684740946796 next_radius=0.067605369481893593 lambda=244.62894204192563 next_lambda=61.157235510481406 rho=0.92298164007335493 accept=1
CLASSICAL_LM o=44 lambda=244.62894204192563 tau=244.62894204192563 prediction=18.861198941154981 rho=0.92298164007335493 accept=1
  MFCG it  45 cost=1.862735e+06 lam=6.116e+01 tau=0.00e+00 cg_it=0 shift=0 ckpt=1 alpha=0 acc mv=183
PCG_PREP o=45 rebuild=1 drift=0 previous_depth=1
ATTR_RADIUS o=45 raw_norm=7.1743319380014166 norm=0.067605369481893621 radius=0.067605369481893593 next_radius=0.067605369481893593 lambda=61.157235510481406 next_lambda=61.157235510481406 rho=0.73133902688728292 accept=1
CLASSICAL_LM o=45 lambda=61.157235510481406 tau=61.157235510481406 prediction=38.713449715845606 rho=0.73133902688728292 accept=1
  MFCG it  46 cost=1.862706e+06 lam=6.116e+01 tau=0.00e+00 cg_it=0 shift=0 ckpt=1 alpha=0 acc mv=185
PCG_PREP o=46 rebuild=1 drift=0 previous_depth=1
POINT_SAFE o=46 frozen=192 slope=-31.474526075892083 candidate=1862956.8193063347 original=1862705.4236468486 current=1862706.2124752863 won=0 mode=1 camera_scale=1 keep_scale=0
ATTR_RADIUS o=46 raw_norm=7.0435331693529939 norm=0.0042253355926183487 radius=0.067605369481893593 next_radius=0.067605369481893593 lambda=61.157235510481406 next_lambda=6.1157235510481414 rho=0.39980522737308061 accept=1
CLASSICAL_LM o=46 lambda=61.157235510481406 tau=61.157235510481406 prediction=1.9730318256848136 rho=0.39980522737308061 accept=1
  MFCG it  47 cost=1.862705e+06 lam=6.116e+00 tau=0.00e+00 cg_it=0 shift=0 ckpt=1 alpha=0 acc mv=187
PCG_PREP o=47 rebuild=1 drift=0 previous_depth=1
POINT_SAFE o=47 frozen=7 slope=-41.086878196247753 candidate=1862855.5797485465 original=1862703.5768726163 current=1862705.4236468486 won=0 mode=1 camera_scale=1 keep_scale=0
ATTR_RADIUS o=47 raw_norm=54.50658426672269 norm=0.0084506711852366957 radius=0.067605369481893593 next_radius=0.067605369481893593 lambda=6.1157235510481414 next_lambda=0.61157235510481422 rho=0.3418605923831432 accept=1
CLASSICAL_LM o=47 lambda=6.1157235510481414 tau=6.1157235510481414 prediction=5.4021266957590379 rho=0.3418605923831432 accept=1
  MFCG it  48 cost=1.862704e+06 lam=6.116e-01 tau=0.00e+00 cg_it=0 shift=0 ckpt=1 alpha=0 acc mv=189
PCG_PREP o=48 rebuild=1 drift=0 previous_depth=1
POINT_SAFE o=48 frozen=5 slope=-82.859243359884147 candidate=1862687.8753556325 original=1862699.0132391213 current=1862703.5768726163 won=1 mode=1 camera_scale=1 keep_scale=0
ATTR_RADIUS o=48 raw_norm=182.9771690649641 norm=0.067605369481893635 radius=0.067605369481893593 next_radius=0.016901342370473398 lambda=0.61157235510481422 next_lambda=9.7851576816770276 rho=0.2219192702839741 accept=1
CLASSICAL_LM o=48 lambda=0.61157235510481422 tau=0.61157235510481422 prediction=70.753283226398835 rho=0.2219192702839741 accept=1
  MFCG it  49 cost=1.862688e+06 lam=9.785e+00 tau=0.00e+00 cg_it=0 shift=0 ckpt=1 alpha=0 acc mv=191
PCG_PREP o=49 rebuild=1 drift=0 previous_depth=1
ATTR_RADIUS o=49 raw_norm=38.155489103802161 norm=0.016901342370473395 radius=0.016901342370473398 next_radius=0.016901342370473398 lambda=9.7851576816770276 next_lambda=9.7851576816770276 rho=0.25693102814160562 accept=1
CLASSICAL_LM o=49 lambda=9.7851576816770276 tau=9.7851576816770276 prediction=120.14106621440958 rho=0.25693102814160562 accept=1
  MFCG it  50 cost=1.862657e+06 lam=9.785e+00 tau=0.00e+00 cg_it=0 shift=0 ckpt=1 alpha=0 acc mv=193
PCG_PREP o=50 rebuild=1 drift=0 previous_depth=1
ATTR_RADIUS o=50 raw_norm=37.727351645560965 norm=0.016901342370473416 radius=0.016901342370473398 next_radius=0.0042253355926183496 lambda=9.7851576816770276 next_lambda=156.56252290683244 rho=0.21220040737260804 accept=1
CLASSICAL_LM o=50 lambda=9.7851576816770276 tau=9.7851576816770276 prediction=46.081427972725216 rho=0.21220040737260804 accept=1
  MFCG it  51 cost=1.862647e+06 lam=1.566e+02 tau=0.00e+00 cg_it=0 shift=0 ckpt=1 alpha=0 acc mv=195
PCG_PREP o=51 rebuild=1 drift=0 previous_depth=1
ATTR_RADIUS o=51 raw_norm=2.8351171998887872 norm=0.0042253355926183504 radius=0.0042253355926183496 next_radius=0.0084506711852366991 lambda=156.56252290683244 next_lambda=39.14063072670811 rho=0.94076197397394312 accept=1
CLASSICAL_LM o=51 lambda=156.56252290683244 tau=156.56252290683244 prediction=3.3948431295387977 rho=0.94076197397394312 accept=1
  MFCG it  52 cost=1.862644e+06 lam=3.914e+01 tau=0.00e+00 cg_it=0 shift=0 ckpt=1 alpha=0 acc mv=197
PCG_PREP o=52 rebuild=1 drift=0 previous_depth=1
ATTR_RADIUS o=52 raw_norm=10.861438423963593 norm=0.0084506711852367009 radius=0.0084506711852366991 next_radius=0.016901342370473398 lambda=39.14063072670811 next_lambda=9.7851576816770276 rho=0.78402737536259492 accept=1
CLASSICAL_LM o=52 lambda=39.14063072670811 tau=39.14063072670811 prediction=8.0050478552749151 rho=0.78402737536259492 accept=1
  MFCG it  53 cost=1.862638e+06 lam=9.785e+00 tau=0.00e+00 cg_it=0 shift=0 ckpt=1 alpha=0 acc mv=199
PCG_PREP o=53 rebuild=1 drift=0 previous_depth=1
POINT_SAFE o=53 frozen=244 slope=-9.0661170002722642 candidate=1862633.8121732473 original=1862635.2777167188 current=1862637.7589741964 won=1 mode=1 camera_scale=1 keep_scale=0
ATTR_RADIUS o=53 raw_norm=37.525187842859793 norm=0.016901342370473409 radius=0.016901342370473398 next_radius=0.016901342370473398 lambda=9.7851576816770276 next_lambda=9.7851576816770276 rho=0.43653438087100438 accept=1
CLASSICAL_LM o=53 lambda=9.7851576816770276 tau=9.7851576816770276 prediction=9.0412144426678118 rho=0.43653438087100438 accept=1
  MFCG it  54 cost=1.862634e+06 lam=9.785e+00 tau=0.00e+00 cg_it=0 shift=0 ckpt=1 alpha=0 acc mv=201
PCG_PREP o=54 rebuild=1 drift=0 previous_depth=1
ATTR_RADIUS o=54 raw_norm=37.392469009694629 norm=0 radius=0.016901342370473398 next_radius=0.0042253355926183496 lambda=9.7851576816770276 next_lambda=156.56252290683244 rho=0.090020873244886501 accept=0
CLASSICAL_LM o=54 lambda=9.7851576816770276 tau=9.7851576816770276 prediction=14.572178284258829 rho=0.090020873244886501 accept=0
  MFCG it  55  retry 1/8  lam=1.566e+02 tau_eff=9.785e+00  (assembly reused)
PCG_PREP o=54 rebuild=1 drift=0 previous_depth=1
ATTR_RADIUS o=54 raw_norm=2.8237513648447607 norm=0.0042253355926183496 radius=0.0042253355926183496 next_radius=0.0084506711852366991 lambda=156.56252290683244 next_lambda=39.14063072670811 rho=0.88795176926227282 accept=1
CLASSICAL_LM o=54 lambda=156.56252290683244 tau=156.56252290683244 prediction=2.3537593112691217 rho=0.88795176926227282 accept=1
  MFCG it  55 cost=1.862632e+06 lam=3.914e+01 tau=0.00e+00 cg_it=0 shift=0 ckpt=1 alpha=0 acc mv=205
PCG_PREP o=55 rebuild=1 drift=0 previous_depth=1
ATTR_RADIUS o=55 raw_norm=10.808238813616175 norm=0.0084506711852367043 radius=0.0084506711852366991 next_radius=0.0084506711852366991 lambda=39.14063072670811 next_lambda=39.14063072670811 rho=0.48547185175415358 accept=1
CLASSICAL_LM o=55 lambda=39.14063072670811 tau=39.14063072670811 prediction=4.7026468570527511 rho=0.48547185175415358 accept=1
  MFCG it  56 cost=1.862629e+06 lam=3.914e+01 tau=0.00e+00 cg_it=0 shift=0 ckpt=1 alpha=0 acc mv=207
PCG_PREP o=56 rebuild=1 drift=0 previous_depth=1
ATTR_RADIUS o=56 raw_norm=10.823360853386358 norm=0.0084506711852366991 radius=0.0084506711852366991 next_radius=0.0084506711852366991 lambda=39.14063072670811 next_lambda=39.14063072670811 rho=0.38192297321292457 accept=1
CLASSICAL_LM o=56 lambda=39.14063072670811 tau=39.14063072670811 prediction=4.528221701939426 rho=0.38192297321292457 accept=1
  MFCG it  57 cost=1.862628e+06 lam=3.914e+01 tau=0.00e+00 cg_it=0 shift=0 ckpt=1 alpha=0 acc mv=209
PCG_PREP o=57 rebuild=1 drift=0 previous_depth=1
ATTR_RADIUS o=57 raw_norm=10.814325678548833 norm=0.0084506711852366922 radius=0.0084506711852366991 next_radius=0.0084506711852366991 lambda=39.14063072670811 next_lambda=39.14063072670811 rho=0.56924363155235447 accept=1
CLASSICAL_LM o=57 lambda=39.14063072670811 tau=39.14063072670811 prediction=4.8577687692946574 rho=0.56924363155235447 accept=1
  MFCG: converged (OCA_FTOL: 8 outers < 1.0e-05 rel)
  [menu-backtrack] confirming stop with original retry policy at outer 58
  MFCG it  58 cost=1.862625e+06 lam=3.914e+01 tau=0.00e+00 cg_it=0 shift=0 ckpt=1 alpha=0 acc mv=211
PCG_PREP o=58 rebuild=1 drift=0 previous_depth=1
ATTR_RADIUS o=58 raw_norm=10.81504277076905 norm=0.0084506711852367026 radius=0.0084506711852366991 next_radius=0.0021126677963091748 lambda=39.14063072670811 next_lambda=626.25009162732977 rho=-1 accept=0
CLASSICAL_LM o=58 lambda=39.14063072670811 tau=39.14063072670811 prediction=4.3025185186071235 rho=-1 accept=0
  MFCG it  59  retry 1/8  lam=6.263e+02 tau_eff=3.914e+01  (assembly reused)
PCG_PREP o=58 rebuild=1 drift=0 previous_depth=1
ATTR_RADIUS o=58 raw_norm=0.71055666210011548 norm=0.0021126677963091752 radius=0.0021126677963091748 next_radius=0.0021126677963091748 lambda=626.25009162732977 next_lambda=626.25009162732977 rho=0.72655392966723553 accept=1
CLASSICAL_LM o=58 lambda=626.25009162732977 tau=626.25009162732977 prediction=0.97679789292095931 rho=0.72655392966723553 accept=1
  MFCG it  59 cost=1.862624e+06 lam=6.263e+02 tau=0.00e+00 cg_it=0 shift=0 ckpt=1 alpha=0 acc mv=215
PCG_PREP o=59 rebuild=1 drift=0 previous_depth=1
ATTR_RADIUS o=59 raw_norm=0.53865232531864438 norm=0.0021126677963091739 radius=0.0021126677963091748 next_radius=0.0005281669490772937 lambda=626.25009162732977 next_lambda=10020.001466037276 rho=-1 accept=0
CLASSICAL_LM o=59 lambda=626.25009162732977 tau=626.25009162732977 prediction=0.73725080301745327 rho=-1 accept=0
  MFCG it  60  retry 1/8  lam=1.002e+04 tau_eff=6.263e+02  (assembly reused)
PCG_PREP o=59 rebuild=1 drift=0 previous_depth=1
ATTR_RADIUS o=59 raw_norm=0.033790159215286504 norm=0.0005281669490772937 radius=0.0005281669490772937 next_radius=0.00013204173726932342 lambda=10020.001466037276 next_lambda=160320.02345659642 rho=-1 accept=0
CLASSICAL_LM o=59 lambda=10020.001466037276 tau=10020.001466037276 prediction=0.18023136280363808 rho=-1 accept=0
  MFCG it  60  retry 2/8  lam=1.603e+05 tau_eff=1.002e+04  (assembly reused)
PCG_PREP o=59 rebuild=1 drift=0 previous_depth=1
ATTR_RADIUS o=59 raw_norm=0.0021123733745186828 norm=0.0001320417372693234 radius=0.00013204173726932342 next_radius=0.00013204173726932342 lambda=160320.02345659642 next_lambda=160320.02345659642 rho=0.30676951866554136 accept=1
CLASSICAL_LM o=59 lambda=160320.02345659642 tau=160320.02345659642 prediction=0.044802502158430936 rho=0.30676951866554136 accept=1
  MFCG it  60 cost=1.862624e+06 lam=1.603e+05 tau=0.00e+00 cg_it=0 shift=0 ckpt=1 alpha=0 acc mv=221
PCG_PREP o=60 rebuild=1 drift=0 previous_depth=1
ATTR_RADIUS o=60 raw_norm=0.0027297109046247447 norm=0.00013204173726932345 radius=0.00013204173726932342 next_radius=0.00026408347453864685 lambda=160320.02345659642 next_lambda=40080.005864149105 rho=0.84024078320755902 accept=1
CLASSICAL_LM o=60 lambda=160320.02345659642 tau=160320.02345659642 prediction=0.057874960409724882 rho=0.84024078320755902 accept=1
  MFCG it  61 cost=1.862624e+06 lam=4.008e+04 tau=0.00e+00 cg_it=0 shift=0 ckpt=1 alpha=0 acc mv=223
PCG_PREP o=61 rebuild=1 drift=0 previous_depth=1
ATTR_RADIUS o=61 raw_norm=0.0099203046816158345 norm=0.00026408347453864679 radius=0.00026408347453864685 next_radius=6.6020868634661712e-05 lambda=40080.005864149105 next_lambda=641280.09382638568 rho=-1 accept=0
CLASSICAL_LM o=61 lambda=40080.005864149105 tau=40080.005864149105 prediction=0.10534738911389455 rho=-1 accept=0
  MFCG it  62  retry 1/8  lam=6.413e+05 tau_eff=4.008e+04  (assembly reused)
PCG_PREP o=61 rebuild=1 drift=0 previous_depth=1
ATTR_RADIUS o=61 raw_norm=0.00062004263704128844 norm=6.6020868634661739e-05 radius=6.6020868634661712e-05 next_radius=6.6020868634661712e-05 lambda=641280.09382638568 next_lambda=641280.09382638568 rho=0.66745575891081188 accept=1
CLASSICAL_LM o=61 lambda=641280.09382638568 tau=641280.09382638568 prediction=0.02627272500220126 rho=0.66745575891081188 accept=1
  MFCG it  62 cost=1.862624e+06 lam=6.413e+05 tau=0.00e+00 cg_it=0 shift=0 ckpt=1 alpha=0 acc mv=227
PCG_PREP o=62 rebuild=1 drift=0 previous_depth=1
ATTR_RADIUS o=62 raw_norm=0.00057086341155147054 norm=6.6020868634661698e-05 radius=6.6020868634661712e-05 next_radius=6.6020868634661712e-05 lambda=641280.09382638568 next_lambda=641280.09382638568 rho=0.59099304316380707 accept=1
CLASSICAL_LM o=62 lambda=641280.09382638568 tau=641280.09382638568 prediction=0.024190561706862401 rho=0.59099304316380707 accept=1
  MFCG it  63 cost=1.862624e+06 lam=6.413e+05 tau=0.00e+00 cg_it=0 shift=0 ckpt=1 alpha=0 acc mv=229
PCG_PREP o=63 rebuild=1 drift=0 previous_depth=1
ATTR_RADIUS o=63 raw_norm=0.00062974809211691909 norm=6.6020868634661671e-05 radius=6.6020868634661712e-05 next_radius=6.6020868634661712e-05 lambda=641280.09382638568 next_lambda=641280.09382638568 rho=0.69801539779533961 accept=1
CLASSICAL_LM o=63 lambda=641280.09382638568 tau=641280.09382638568 prediction=0.026683667437256774 rho=0.69801539779533961 accept=1
  MFCG it  64 cost=1.862624e+06 lam=6.413e+05 tau=0.00e+00 cg_it=0 shift=0 ckpt=1 alpha=0 acc mv=231
PCG_PREP o=64 rebuild=1 drift=0 previous_depth=1
ATTR_RADIUS o=64 raw_norm=0.00054041411686153707 norm=6.6020868634661766e-05 radius=6.6020868634661712e-05 next_radius=6.6020868634661712e-05 lambda=641280.09382638568 next_lambda=641280.09382638568 rho=0.61787755374573683 accept=1
CLASSICAL_LM o=64 lambda=641280.09382638568 tau=641280.09382638568 prediction=0.022901361840978407 rho=0.61787755374573683 accept=1
  MFCG it  65 cost=1.862624e+06 lam=6.413e+05 tau=0.00e+00 cg_it=0 shift=0 ckpt=1 alpha=0 acc mv=233
PCG_PREP o=65 rebuild=1 drift=0 previous_depth=1
ATTR_RADIUS o=65 raw_norm=0.00063508231559976543 norm=6.6020868634661712e-05 radius=6.6020868634661712e-05 next_radius=6.6020868634661712e-05 lambda=641280.09382638568 next_lambda=641280.09382638568 rho=0.71638315901712124 accept=1
CLASSICAL_LM o=65 lambda=641280.09382638568 tau=641280.09382638568 prediction=0.026909530147565922 rho=0.71638315901712124 accept=1
  MFCG: converged (OCA_FTOL: 8 outers < 1.0e-05 rel)
  MFCG: accepts=66 rejects=14 total_matvecs=235 negcurv=1 cand_evals=80 mean_cg_per_outer=3.6
NUMERIC_REPAIR summary rebuilds=1 floor=8.8995490674979225e-07
  [retry-cache] builds=81 reuses=0
  [menu-backtrack] trials=36 rescues=29 evals=234 total_scored=314
POINT_SAFE summary calls=36 evals=36 wins=11 frozen=65546 seconds=0.428577892
  [scoring] menu_evals=80 alpha_evals=0 backtrack_evals=234 total_scored=314
RESULT algo=mfree_shifted_cg iters=66 final_cost=1862624.0885049840 solve_seconds=3.392846
DIAGNOSTICS median_reproj_err_px 2.704502 -> 0.557772 | cheirality_violations(obs) 751 -> 759 | cheirality_violations(pts, of 310854) 725 -> 731
