[R10] --zero_k2: all k2 set to 0 at load
Loaded /workspace/bal/venice-52.txt: ncam=52 npt=64053 nobs=347173 n=192471
[R10] --dof9: refining f,k1 per camera (52 cameras)
  [menu-backtrack] active=1 max_evals=8 warmup_accepts=3 confirm_stop=original armijo=1e-4
MIXED_STORAGE fragments=fp32 arithmetic=fp64 state=fp64 acceptance=fp64
  [compact-fragments] active=2 saved_bytes=36105992 storage=fp32 camera_reads=contiguous
  MFCG score_init=11152062.77276247 precision=fp64
PCG_PREP o=0 rebuild=1 drift=0 previous_depth=0
ATTR_RADIUS o=0 raw_norm=3225.3525896296696 norm=3225.3525896296696 radius=3225.3525896296696 next_radius=6450.7051792593393 lambda=0.10000000000000001 next_lambda=0.025000000000000001 rho=0.99997438839510666 accept=1
CLASSICAL_LM o=0 lambda=0.10000000000000001 tau=0.10000000000000001 prediction=8877594.9877400436 rho=0.99997438839510666 accept=1
  MFCG it   1 cost=2.274695e+06 lam=2.500e-02 tau=0.00e+00 cg_it=0 shift=0 ckpt=1 alpha=0 acc mv=2
PCG_PREP o=1 rebuild=1 drift=0 previous_depth=1
ATTR_RADIUS o=1 raw_norm=2725.1440498078578 norm=2725.1440498078578 radius=6450.7051792593393 next_radius=6450.7051792593393 lambda=0.025000000000000001 next_lambda=0.0025000000000000005 rho=0.99701845569054781 accept=1
CLASSICAL_LM o=1 lambda=0.025000000000000001 tau=0.025000000000000001 prediction=770789.73816058203 rho=0.99701845569054781 accept=1
  MFCG it   2 cost=1.506204e+06 lam=2.500e-03 tau=0.00e+00 cg_it=4 shift=0 ckpt=5 alpha=0 acc mv=8
PCG_PREP o=2 rebuild=1 drift=0 previous_depth=5
ATTR_RADIUS o=2 raw_norm=9578.8535291645421 norm=6450.7051792593384 radius=6450.7051792593393 next_radius=12901.410358518679 lambda=0.0025000000000000005 next_lambda=0.00062500000000000012 rho=0.99788045990933616 accept=1
CLASSICAL_LM o=2 lambda=0.0025000000000000005 tau=0.0025000000000000005 prediction=379875.54087330797 rho=0.99788045990933616 accept=1
  MFCG it   3 cost=1.127133e+06 lam=6.250e-04 tau=0.00e+00 cg_it=6 shift=0 ckpt=7 alpha=0 acc mv=16
PCG_PREP o=3 rebuild=1 drift=0 previous_depth=7
ATTR_RADIUS o=3 raw_norm=20859.30773675302 norm=12901.41035851868 radius=12901.410358518679 next_radius=25802.820717037357 lambda=0.00062500000000000012 next_lambda=0.00015625000000000003 rho=1.0093969216306113 accept=1
CLASSICAL_LM o=3 lambda=0.00062500000000000012 tau=0.00062500000000000012 prediction=304236.92171974451 rho=1.0093969216306113 accept=1
  MFCG it   4 cost=8.200374e+05 lam=1.563e-04 tau=0.00e+00 cg_it=5 shift=0 ckpt=6 alpha=0 acc mv=23
PCG_PREP o=4 rebuild=1 drift=0 previous_depth=6
ATTR_RADIUS o=4 raw_norm=36747.144697764677 norm=25802.820717037353 radius=25802.820717037357 next_radius=51605.641434074714 lambda=0.00015625000000000003 next_lambda=3.9062500000000008e-05 rho=0.98437153824887114 accept=1
CLASSICAL_LM o=4 lambda=0.00015625000000000003 tau=0.00015625000000000003 prediction=327617.41562939581 rho=0.98437153824887114 accept=1
  MFCG it   5 cost=4.975401e+05 lam=3.906e-05 tau=0.00e+00 cg_it=8 shift=0 ckpt=9 alpha=0 acc mv=33
PCG_PREP o=5 rebuild=1 drift=0 previous_depth=9
POINT_SAFE o=5 frozen=1464 slope=-317535.16440329707 candidate=381890.5716570341 original=373473.48944652703 current=497540.10902919574 won=0 mode=1 camera_scale=1 keep_scale=0
ATTR_RADIUS o=5 raw_norm=37463.339904102359 norm=18731.669952051179 radius=51605.641434074714 next_radius=51605.641434074714 lambda=3.9062500000000008e-05 next_lambda=3.9062500000000009e-06 rho=0.96839028989450027 accept=1
CLASSICAL_LM o=5 lambda=3.9062500000000008e-05 tau=3.9062500000000008e-05 prediction=128116.33994820925 rho=0.96839028989450027 accept=1
  MFCG it   6 cost=3.734735e+05 lam=3.906e-06 tau=0.00e+00 cg_it=6 shift=0 ckpt=7 alpha=0 acc mv=41
PCG_PREP o=6 rebuild=1 drift=0 previous_depth=7
POINT_SAFE o=6 frozen=670 slope=-179589.07892664231 candidate=403764.26379175787 original=368581.36657468835 current=373473.48944652703 won=0 mode=1 camera_scale=1 keep_scale=0
FOLLOW_POINT o=6 mode=1 changed=64052 candidate=334010.05951526493 rho=-1 selected=0
ATTR_RADIUS o=6 raw_norm=50229.77360150763 norm=25114.886800753815 radius=51605.641434074714 next_radius=12901.410358518679 lambda=3.9062500000000009e-06 next_lambda=6.2500000000000015e-05 rho=0.067438162879966929 accept=0
CLASSICAL_LM o=6 lambda=3.9062500000000009e-06 tau=3.9062500000000009e-06 prediction=72542.350842892411 rho=0.067438162879966929 accept=0
  MFCG it   7  retry 1/8  lam=6.250e-05 tau_eff=3.906e-06  (assembly reused)
PCG_PREP o=6 rebuild=1 drift=0 previous_depth=6
ATTR_RADIUS o=6 raw_norm=19848.981232812359 norm=12901.410358518677 radius=12901.410358518679 next_radius=25802.820717037357 lambda=6.2500000000000015e-05 next_lambda=1.5625000000000004e-05 rho=0.8826465402243755 accept=1
CLASSICAL_LM o=6 lambda=6.2500000000000015e-05 tau=6.2500000000000015e-05 prediction=68725.645276791809 rho=0.8826465402243755 accept=1
  MFCG it   7 cost=3.128130e+05 lam=1.563e-05 tau=0.00e+00 cg_it=5 shift=0 ckpt=6 alpha=0 acc mv=55
PCG_PREP o=7 rebuild=1 drift=0 previous_depth=6
POINT_SAFE o=7 frozen=179 slope=-71080.711484177911 candidate=285659.26331867074 original=290316.69501854019 current=312813.03641827905 won=1 mode=1 camera_scale=1 keep_scale=0
ATTR_RADIUS o=7 raw_norm=22599.916449509943 norm=22599.916449509943 radius=25802.820717037357 next_radius=25802.820717037357 lambda=1.5625000000000004e-05 next_lambda=1.5625000000000004e-05 rho=0.69104239090218744 accept=1
CLASSICAL_LM o=7 lambda=1.5625000000000004e-05 tau=1.5625000000000004e-05 prediction=39293.932553338469 rho=0.69104239090218744 accept=1
  MFCG it   8 cost=2.856593e+05 lam=1.563e-05 tau=0.00e+00 cg_it=5 shift=0 ckpt=6 alpha=0 acc mv=62
PCG_PREP o=8 rebuild=1 drift=0 previous_depth=6
POINT_SAFE o=8 frozen=172 slope=-35253.127522995084 candidate=271070.83817997907 original=280479.57113276317 current=285659.26331867074 won=1 mode=1 camera_scale=1 keep_scale=0
ATTR_RADIUS o=8 raw_norm=7069.8937273582505 norm=7069.8937273582505 radius=25802.820717037357 next_radius=25802.820717037357 lambda=1.5625000000000004e-05 next_lambda=1.5625000000000005e-06 rho=0.81451549408706325 accept=1
CLASSICAL_LM o=8 lambda=1.5625000000000004e-05 tau=1.5625000000000004e-05 prediction=17910.555716368388 rho=0.81451549408706325 accept=1
  MFCG it   9 cost=2.710708e+05 lam=1.563e-06 tau=0.00e+00 cg_it=0 shift=0 ckpt=1 alpha=0 acc mv=64
PCG_PREP o=9 rebuild=1 drift=0 previous_depth=1
POINT_SAFE o=9 frozen=444 slope=-15079.218466749462 candidate=301859.1997091574 original=265559.93842563219 current=271070.83817997907 won=0 mode=1 camera_scale=1 keep_scale=0
ATTR_RADIUS o=9 raw_norm=35180.325483824017 norm=3225.3525896296692 radius=25802.820717037357 next_radius=25802.820717037357 lambda=1.5625000000000005e-06 next_lambda=1.5625000000000007e-07 rho=1.5016348657486676 accept=1
CLASSICAL_LM o=9 lambda=1.5625000000000005e-06 tau=1.5625000000000005e-06 prediction=3669.9332707617391 rho=1.5016348657486676 accept=1
  MFCG it  10 cost=2.655599e+05 lam=1.563e-07 tau=0.00e+00 cg_it=1 shift=0 ckpt=2 alpha=0 acc mv=67
PCG_PREP o=10 rebuild=1 drift=0 previous_depth=2
POINT_SAFE o=10 frozen=296 slope=-17400.165851478621 candidate=291982.51531998516 original=262360.0746500442 current=265559.93842563219 won=0 mode=1 camera_scale=1 keep_scale=0
ATTR_RADIUS o=10 raw_norm=43905.79052594582 norm=6450.7051792593384 radius=25802.820717037357 next_radius=25802.820717037357 lambda=1.5625000000000007e-07 next_lambda=1.5625000000000006e-08 rho=0.62243380915967106 accept=1
CLASSICAL_LM o=10 lambda=1.5625000000000007e-07 tau=1.5625000000000007e-07 prediction=5140.8900488680538 rho=0.62243380915967106 accept=1
  MFCG it  11 cost=2.623601e+05 lam=1.563e-08 tau=0.00e+00 cg_it=1 shift=0 ckpt=2 alpha=0 acc mv=70
PCG_PREP o=11 rebuild=1 drift=0 previous_depth=2
POINT_SAFE o=11 frozen=497 slope=-19031.680864502461 candidate=262959.22237119923 original=258725.33728029602 current=262360.0746500442 won=0 mode=1 camera_scale=1 keep_scale=0
ATTR_RADIUS o=11 raw_norm=15181.810262031078 norm=7590.9051310155392 radius=25802.820717037357 next_radius=25802.820717037357 lambda=1.5625000000000006e-08 next_lambda=1.5625000000000008e-09 rho=0.50187720238889721 accept=1
CLASSICAL_LM o=11 lambda=1.5625000000000006e-08 tau=1.5625000000000006e-08 prediction=7242.2842728203414 rho=0.50187720238889721 accept=1
  MFCG it  12 cost=2.587253e+05 lam=1.563e-09 tau=0.00e+00 cg_it=0 shift=0 ckpt=1 alpha=0 acc mv=72
PCG_PREP o=12 rebuild=1 drift=0 previous_depth=1
POINT_SAFE o=12 frozen=126 slope=-14015.684446580288 candidate=262001.61222230026 original=257433.8501893598 current=258725.33728029602 won=0 mode=1 camera_scale=1 keep_scale=0
FOLLOW_POINT o=12 mode=1 changed=64053 candidate=255358.95767017634 rho=-1 selected=0
ATTR_RADIUS o=12 raw_norm=15538.006339254869 norm=7769.0031696274345 radius=25802.820717037357 next_radius=6450.7051792593393 lambda=1.5625000000000008e-09 next_lambda=2.5000000000000012e-08 rho=0.23567459982361549 accept=1
CLASSICAL_LM o=12 lambda=1.5625000000000008e-09 tau=1.5625000000000008e-09 prediction=5479.9587732526179 rho=0.23567459982361549 accept=1
  MFCG it  13 cost=2.574339e+05 lam=2.500e-08 tau=0.00e+00 cg_it=0 shift=0 ckpt=1 alpha=0 acc mv=74
PCG_PREP o=13 rebuild=1 drift=0 previous_depth=1
ATTR_RADIUS o=13 raw_norm=15524.072776400924 norm=6450.7051792593402 radius=6450.7051792593393 next_radius=6450.7051792593393 lambda=2.5000000000000012e-08 next_lambda=2.5000000000000012e-08 rho=0.47310021866980462 accept=1
CLASSICAL_LM o=13 lambda=2.5000000000000012e-08 tau=2.5000000000000012e-08 prediction=4872.1028445652646 rho=0.47310021866980462 accept=1
  MFCG it  14 cost=2.551289e+05 lam=2.500e-08 tau=0.00e+00 cg_it=0 shift=0 ckpt=1 alpha=0 acc mv=76
PCG_PREP o=14 rebuild=1 drift=0 previous_depth=1
ATTR_RADIUS o=14 raw_norm=16033.334953106862 norm=6450.7051792593393 radius=6450.7051792593393 next_radius=6450.7051792593393 lambda=2.5000000000000012e-08 next_lambda=2.5000000000000012e-08 rho=0.38271040734418854 accept=1
CLASSICAL_LM o=14 lambda=2.5000000000000012e-08 tau=2.5000000000000012e-08 prediction=3169.2938124389348 rho=0.38271040734418854 accept=1
  MFCG it  15 cost=2.539159e+05 lam=2.500e-08 tau=0.00e+00 cg_it=0 shift=0 ckpt=1 alpha=0 acc mv=78
PCG_PREP o=15 rebuild=1 drift=0 previous_depth=1
ATTR_RADIUS o=15 raw_norm=16481.025453356651 norm=6450.705179259342 radius=6450.7051792593393 next_radius=6450.7051792593393 lambda=2.5000000000000012e-08 next_lambda=2.5000000000000012e-08 rho=0.28693253310804956 accept=1
CLASSICAL_LM o=15 lambda=2.5000000000000012e-08 tau=2.5000000000000012e-08 prediction=2479.2943155238372 rho=0.28693253310804956 accept=1
  MFCG it  16 cost=2.532045e+05 lam=2.500e-08 tau=0.00e+00 cg_it=0 shift=0 ckpt=1 alpha=0 acc mv=80
PCG_PREP o=16 rebuild=1 drift=0 previous_depth=1
FOLLOW_POINT o=16 mode=1 changed=64053 candidate=252670.19096571603 rho=0.26395399420050553 selected=1
ATTR_RADIUS o=16 raw_norm=16889.087689495937 norm=6450.7051792593402 radius=6450.7051792593393 next_radius=6450.7051792593393 lambda=2.5000000000000012e-08 next_lambda=2.5000000000000012e-08 rho=0.26395399420050553 accept=1
CLASSICAL_LM o=16 lambda=2.5000000000000012e-08 tau=2.5000000000000012e-08 prediction=2024.4223994075905 rho=0.26395399420050553 accept=1
  MFCG it  17 cost=2.526702e+05 lam=2.500e-08 tau=0.00e+00 cg_it=0 shift=0 ckpt=1 alpha=0 acc mv=82
PCG_PREP o=17 rebuild=1 drift=0 previous_depth=1
FOLLOW_POINT o=17 mode=1 changed=64053 candidate=252398.07256005745 rho=0.1494002887596986 selected=1
ATTR_RADIUS o=17 raw_norm=17041.160305872352 norm=6450.705179259342 radius=6450.7051792593393 next_radius=1612.6762948148348 lambda=2.5000000000000012e-08 next_lambda=4.0000000000000019e-07 rho=0.1494002887596986 accept=1
CLASSICAL_LM o=17 lambda=2.5000000000000012e-08 tau=2.5000000000000012e-08 prediction=1821.4048173378246 rho=0.1494002887596986 accept=1
  MFCG it  18 cost=2.523981e+05 lam=4.000e-07 tau=0.00e+00 cg_it=0 shift=0 ckpt=1 alpha=0 acc mv=84
PCG_PREP o=18 rebuild=1 drift=0 previous_depth=1
ATTR_RADIUS o=18 raw_norm=14180.717479209934 norm=1612.6762948148353 radius=1612.6762948148348 next_radius=3225.3525896296696 lambda=4.0000000000000019e-07 next_lambda=1.0000000000000005e-07 rho=0.75537629280845853 accept=1
CLASSICAL_LM o=18 lambda=4.0000000000000019e-07 tau=4.0000000000000019e-07 prediction=653.5731205547404 rho=0.75537629280845853 accept=1
  MFCG it  19 cost=2.519044e+05 lam=1.000e-07 tau=0.00e+00 cg_it=0 shift=0 ckpt=1 alpha=0 acc mv=86
PCG_PREP o=19 rebuild=1 drift=0 previous_depth=1
ATTR_RADIUS o=19 raw_norm=17181.248937854882 norm=3225.352589629671 radius=3225.3525896296696 next_radius=3225.3525896296696 lambda=1.0000000000000005e-07 next_lambda=1.0000000000000005e-07 rho=0.47061419975609142 accept=1
CLASSICAL_LM o=19 lambda=1.0000000000000005e-07 tau=1.0000000000000005e-07 prediction=915.5354643278414 rho=0.47061419975609142 accept=1
  MFCG it  20 cost=2.514735e+05 lam=1.000e-07 tau=0.00e+00 cg_it=0 shift=0 ckpt=1 alpha=0 acc mv=88
PCG_PREP o=20 rebuild=1 drift=0 previous_depth=1
ATTR_RADIUS o=20 raw_norm=17619.624307202354 norm=3225.352589629671 radius=3225.3525896296696 next_radius=3225.3525896296696 lambda=1.0000000000000005e-07 next_lambda=1.0000000000000005e-07 rho=0.44219226975100245 accept=1
CLASSICAL_LM o=20 lambda=1.0000000000000005e-07 tau=1.0000000000000005e-07 prediction=795.40808377530618 rho=0.44219226975100245 accept=1
  MFCG it  21 cost=2.511218e+05 lam=1.000e-07 tau=0.00e+00 cg_it=0 shift=0 ckpt=1 alpha=0 acc mv=90
PCG_PREP o=21 rebuild=1 drift=0 previous_depth=1
ATTR_RADIUS o=21 raw_norm=18003.140463309632 norm=3225.352589629671 radius=3225.3525896296696 next_radius=3225.3525896296696 lambda=1.0000000000000005e-07 next_lambda=1.0000000000000005e-07 rho=0.41068315847879272 accept=1
CLASSICAL_LM o=21 lambda=1.0000000000000005e-07 tau=1.0000000000000005e-07 prediction=699.81022967988929 rho=0.41068315847879272 accept=1
  MFCG it  22 cost=2.508344e+05 lam=1.000e-07 tau=0.00e+00 cg_it=0 shift=0 ckpt=1 alpha=0 acc mv=92
PCG_PREP o=22 rebuild=1 drift=0 previous_depth=1
ATTR_RADIUS o=22 raw_norm=18355.889744248543 norm=3225.3525896296692 radius=3225.3525896296696 next_radius=3225.3525896296696 lambda=1.0000000000000005e-07 next_lambda=1.0000000000000005e-07 rho=0.38064214563401028 accept=1
CLASSICAL_LM o=22 lambda=1.0000000000000005e-07 tau=1.0000000000000005e-07 prediction=626.87698143169814 rho=0.38064214563401028 accept=1
  MFCG it  23 cost=2.505958e+05 lam=1.000e-07 tau=0.00e+00 cg_it=0 shift=0 ckpt=1 alpha=0 acc mv=94
PCG_PREP o=23 rebuild=1 drift=0 previous_depth=1
ATTR_RADIUS o=23 raw_norm=18677.279416741119 norm=3225.3525896296705 radius=3225.3525896296696 next_radius=3225.3525896296696 lambda=1.0000000000000005e-07 next_lambda=1.0000000000000005e-07 rho=0.35216912659231137 accept=1
CLASSICAL_LM o=23 lambda=1.0000000000000005e-07 tau=1.0000000000000005e-07 prediction=570.59955544927391 rho=0.35216912659231137 accept=1
  MFCG it  24 cost=2.503948e+05 lam=1.000e-07 tau=0.00e+00 cg_it=0 shift=0 ckpt=1 alpha=0 acc mv=96
PCG_PREP o=24 rebuild=1 drift=0 previous_depth=1
ATTR_RADIUS o=24 raw_norm=18966.675958232812 norm=3225.3525896296701 radius=3225.3525896296696 next_radius=3225.3525896296696 lambda=1.0000000000000005e-07 next_lambda=1.0000000000000005e-07 rho=0.32540678712831311 accept=1
CLASSICAL_LM o=24 lambda=1.0000000000000005e-07 tau=1.0000000000000005e-07 prediction=526.81110557337934 rho=0.32540678712831311 accept=1
  MFCG it  25 cost=2.502234e+05 lam=1.000e-07 tau=0.00e+00 cg_it=0 shift=0 ckpt=1 alpha=0 acc mv=98
PCG_PREP o=25 rebuild=1 drift=0 previous_depth=1
ATTR_RADIUS o=25 raw_norm=19218.990543817588 norm=3225.3525896296705 radius=3225.3525896296696 next_radius=3225.3525896296696 lambda=1.0000000000000005e-07 next_lambda=1.0000000000000005e-07 rho=0.30050284743075328 accept=1
CLASSICAL_LM o=25 lambda=1.0000000000000005e-07 tau=1.0000000000000005e-07 prediction=492.55710405532909 rho=0.30050284743075328 accept=1
  MFCG it  26 cost=2.500754e+05 lam=1.000e-07 tau=0.00e+00 cg_it=0 shift=0 ckpt=1 alpha=0 acc mv=100
PCG_PREP o=26 rebuild=1 drift=0 previous_depth=1
ATTR_RADIUS o=26 raw_norm=19410.68155498536 norm=3225.3525896296674 radius=3225.3525896296696 next_radius=3225.3525896296696 lambda=1.0000000000000005e-07 next_lambda=1.0000000000000005e-07 rho=0.27737686097012931 accept=1
CLASSICAL_LM o=26 lambda=1.0000000000000005e-07 tau=1.0000000000000005e-07 prediction=465.54784829407851 rho=0.27737686097012931 accept=1
  MFCG it  27 cost=2.499463e+05 lam=1.000e-07 tau=0.00e+00 cg_it=0 shift=0 ckpt=1 alpha=0 acc mv=102
PCG_PREP o=27 rebuild=1 drift=0 previous_depth=1
ATTR_RADIUS o=27 raw_norm=19574.751936215929 norm=3225.3525896296687 radius=3225.3525896296696 next_radius=3225.3525896296696 lambda=1.0000000000000005e-07 next_lambda=1.0000000000000005e-07 rho=0.25597140096173721 accept=1
CLASSICAL_LM o=27 lambda=1.0000000000000005e-07 tau=1.0000000000000005e-07 prediction=444.11466724023813 rho=0.25597140096173721 accept=1
  MFCG it  28 cost=2.498326e+05 lam=1.000e-07 tau=0.00e+00 cg_it=0 shift=0 ckpt=1 alpha=0 acc mv=104
PCG_PREP o=28 rebuild=1 drift=0 previous_depth=1
FOLLOW_POINT o=28 mode=1 changed=64028 candidate=249724.03377013127 rho=0.25869633558707589 selected=1
ATTR_RADIUS o=28 raw_norm=19665.568877609669 norm=3225.352589629671 radius=3225.3525896296696 next_radius=3225.3525896296696 lambda=1.0000000000000005e-07 next_lambda=1.0000000000000005e-07 rho=0.25869633558707589 accept=1
CLASSICAL_LM o=28 lambda=1.0000000000000005e-07 tau=1.0000000000000005e-07 prediction=419.56008085993022 rho=0.25869633558707589 accept=1
  MFCG it  29 cost=2.497240e+05 lam=1.000e-07 tau=0.00e+00 cg_it=0 shift=0 ckpt=1 alpha=0 acc mv=106
PCG_PREP o=29 rebuild=1 drift=0 previous_depth=1
FOLLOW_POINT o=29 mode=1 changed=64033 candidate=249633.60899235634 rho=0.22683489163638923 selected=1
ATTR_RADIUS o=29 raw_norm=19726.900250769366 norm=3225.3525896296687 radius=3225.3525896296696 next_radius=806.33814740741741 lambda=1.0000000000000005e-07 next_lambda=1.6000000000000008e-06 rho=0.22683489163638923 accept=1
CLASSICAL_LM o=29 lambda=1.0000000000000005e-07 tau=1.0000000000000005e-07 prediction=398.63698711693235 rho=0.22683489163638923 accept=1
  MFCG it  30 cost=2.496336e+05 lam=1.600e-06 tau=0.00e+00 cg_it=0 shift=0 ckpt=1 alpha=0 acc mv=108
PCG_PREP o=30 rebuild=1 drift=0 previous_depth=1
ATTR_RADIUS o=30 raw_norm=3653.4596427463744 norm=806.33814740741775 radius=806.33814740741741 next_radius=1612.6762948148348 lambda=1.6000000000000008e-06 next_lambda=4.0000000000000019e-07 rho=0.93285690558123602 accept=1
CLASSICAL_LM o=30 lambda=1.6000000000000008e-06 tau=1.6000000000000008e-06 prediction=491.67963593494846 rho=0.93285690558123602 accept=1
  MFCG it  31 cost=2.491749e+05 lam=4.000e-07 tau=0.00e+00 cg_it=0 shift=0 ckpt=1 alpha=0 acc mv=110
PCG_PREP o=31 rebuild=1 drift=0 previous_depth=1
ATTR_RADIUS o=31 raw_norm=11366.399782827913 norm=1612.6762948148353 radius=1612.6762948148348 next_radius=1612.6762948148348 lambda=4.0000000000000019e-07 next_lambda=4.0000000000000019e-07 rho=0.70701328397705587 accept=1
CLASSICAL_LM o=31 lambda=4.0000000000000019e-07 tau=4.0000000000000019e-07 prediction=236.24099572314287 rho=0.70701328397705587 accept=1
  MFCG it  32 cost=2.490079e+05 lam=4.000e-07 tau=0.00e+00 cg_it=0 shift=0 ckpt=1 alpha=0 acc mv=112
PCG_PREP o=32 rebuild=1 drift=0 previous_depth=1
ATTR_RADIUS o=32 raw_norm=11551.361237924664 norm=1612.6762948148346 radius=1612.6762948148348 next_radius=1612.6762948148348 lambda=4.0000000000000019e-07 next_lambda=4.0000000000000019e-07 rho=0.69845087108972859 accept=1
CLASSICAL_LM o=32 lambda=4.0000000000000019e-07 tau=4.0000000000000019e-07 prediction=203.01844646457513 rho=0.69845087108972859 accept=1
  MFCG it  33 cost=2.488661e+05 lam=4.000e-07 tau=0.00e+00 cg_it=0 shift=0 ckpt=1 alpha=0 acc mv=114
PCG_PREP o=33 rebuild=1 drift=0 previous_depth=1
ATTR_RADIUS o=33 raw_norm=11753.836656860192 norm=1612.6762948148335 radius=1612.6762948148348 next_radius=1612.6762948148348 lambda=4.0000000000000019e-07 next_lambda=4.0000000000000019e-07 rho=0.69055771126313792 accept=1
CLASSICAL_LM o=33 lambda=4.0000000000000019e-07 tau=4.0000000000000019e-07 prediction=176.0852515498938 rho=0.69055771126313792 accept=1
TARGET reached outer=34 seconds=0.460369297 cost=248744.52128736657 threshold=248785.17234380782
  MFCG: accepts=34 rejects=1 total_matvecs=116 negcurv=0 cand_evals=35 mean_cg_per_outer=3.4
NUMERIC_REPAIR summary rebuilds=0 floor=9.9999999999999998e-17
  [retry-cache] builds=35 reuses=0
  [menu-backtrack] trials=8 rescues=8 evals=21 total_scored=56
FOLLOW_POINT summary calls=6 wins=4 changed=384272 seconds=0.0681457
POINT_SAFE summary calls=8 evals=8 wins=2 frozen=3848 seconds=0.01[R9] wrote /tmp/prism-ba-coarse/research/champion_point_followup/evidence/tolerance-1.01/venice-52-polish_gate-1/curve.csv
9273778
  [scoring] menu_evals=35 alpha_evals=0 backtrack_evals=21 total_scored=56
RESULT algo=mfree_shifted_cg iters=34 final_cost=248744.5212873666 solve_seconds=0.463289
DIAGNOSTICS median_reproj_err_px 3.252455 -> 0.366857 | cheirality_violations(obs) 0 -> 11 | cheirality_violations(pts, of 64053) 0 -> 7
