  [menu-backtrack] active=1 max_evals=8 warmup_accepts=3 confirm_stop=original armijo=1e-4
MIXED_STORAGE fragments=fp32 arithmetic=fp64 state=fp64 acceptance=fp64
  [compact-fragments] active=2 saved_bytes=58628336 storage=fp32 camera_reads=contiguous
  MFCG score_init=8169774.8087536013 precision=fp64
W2_DIRECTION arm=eta2_saved rep=0 gain=6115573.8532160074 rho=0.79853814624581165 norm=0 R=5834.2274119694293 guard=0 cert=0
PCG_PREP o=0 rebuild=1 drift=0 previous_depth=0
W2_DIRECTION arm=reference_raw rep=0 gain=6166994.304256605 rho=0.8048047863231147 norm=2495.4099271656182 R=5834.2274119694293 guard=0 cert=1
W2_DIRECTION arm=reference_clip rep=0 gain=6166994.304256605 rho=0.8048047863231147 norm=2495.4099271656182 R=5834.2274119694293 guard=0 cert=1
PCG_PREP o=0 rebuild=1 drift=0 previous_depth=0
W2_DIRECTION arm=lambda_coupled rep=0 gain=6166994.304256605 rho=0.80480478632311458 norm=2495.4099271656182 R=5834.2274119694293 guard=0 cert=1
PCG_PREP o=0 rebuild=1 drift=0 previous_depth=0
W2_DIRECTION arm=lambda_frozen_tau rep=0 gain=6166994.304256605 rho=0.80480478632311436 norm=2495.4099271656182 R=5834.2274119694293 guard=0 cert=1
PCG_PREP o=0 rebuild=1 drift=0 previous_depth=0
W2_DIRECTION arm=reference_raw rep=1 gain=6166994.304256605 rho=0.8048047863231147 norm=2495.4099271656182 R=5834.2274119694293 guard=0 cert=1
W2_DIRECTION arm=reference_clip rep=1 gain=6166994.304256605 rho=0.80480478632311447 norm=2495.4099271656182 R=5834.2274119694293 guard=0 cert=1
PCG_PREP o=0 rebuild=1 drift=0 previous_depth=0
W2_DIRECTION arm=lambda_coupled rep=1 gain=6166994.304256605 rho=0.80480478632311458 norm=2495.4099271656182 R=5834.2274119694293 guard=0 cert=1
PCG_PREP o=0 rebuild=1 drift=0 previous_depth=0
W2_DIRECTION arm=lambda_frozen_tau rep=1 gain=6166994.304256605 rho=0.8048047863231147 norm=2495.4099271656182 R=5834.2274119694293 guard=0 cert=1
PCG_PREP o=0 rebuild=1 drift=0 previous_depth=0
W2_DIRECTION arm=reference_raw rep=2 gain=6166994.304256605 rho=0.8048047863231147 norm=2495.4099271656182 R=5834.2274119694293 guard=0 cert=1
W2_DIRECTION arm=reference_clip rep=2 gain=6166994.304256605 rho=0.80480478632311458 norm=2495.4099271656182 R=5834.2274119694293 guard=0 cert=1
PCG_PREP o=0 rebuild=1 drift=0 previous_depth=0
W2_DIRECTION arm=lambda_coupled rep=2 gain=6166994.304256605 rho=0.80480478632311481 norm=2495.4099271656182 R=5834.2274119694293 guard=0 cert=1
PCG_PREP o=0 rebuild=1 drift=0 previous_depth=0
W2_DIRECTION arm=lambda_frozen_tau rep=2 gain=6166994.304256605 rho=0.8048047863231147 norm=2495.4099271656182 R=5834.2274119694293 guard=0 cert=1
W2_WITNESS_COMPLETE
  MFCG: accepts=0 rejects=0 total_matvecs=0 negcurv=0 cand_evals=0 mean_cg_per_outer=0.0
NUMERIC_REPAIR summary rebuilds=0 floor=9.9999999999999998e-17
  [retry-cache] builds=1 reuses=0
  [menu-backtrack] trials=0 rescues=0 evals=0 total_scored=0
POINT_SAFE summary calls=0 evals=0 wins=0 frozen=0 seconds=0
  [scoring] menu_evals=0 alpha_evals=0 backtrack_evals=0 total_scored=0
RESULT algo=mfree_shifted_cg iters=0 final_cost=8169774.8087536013 solve_seconds=2.275213
DIAGNOSTICS median_reproj_err_px 0.852127 -> 0.852127 | cheirality_violations(obs) 179 -> 179 | cheirality_violations(pts, of 126327) 123 -> 123
