INITIAL score=90993342.023143455 setup_seconds=1.260398052
RESULT exit=0 iters=10 final_score=2183295.456640658 runtime=10.714959835
TRACE iter=0 cost=90993342.023142397 seconds=1.392157078 accepted=1
TRACE iter=1 cost=10522625.840151332 seconds=2.283545017 accepted=1
TRACE iter=2 cost=3726901.1096909139 seconds=3.302130938 accepted=1
TRACE iter=3 cost=6386852791.7543087 seconds=4.554404974 accepted=0
TRACE iter=4 cost=4202404.2900053058 seconds=5.822979927 accepted=0
TRACE iter=5 cost=2183295.456640658 seconds=7.038213015 accepted=1
TRACE iter=6 cost=521797397.40422541 seconds=8.020183086 accepted=0
TRACE iter=7 cost=95435194.258839101 seconds=8.924011946 accepted=0
TRACE iter=8 cost=21403515.864399742 seconds=9.488053083 accepted=0
TRACE iter=9 cost=7103733.7236307207 seconds=9.973315001 accepted=0
CHECK final_score=2183295.4566406459
CERES 
Solver Summary (v 2.2.0-eigen-(3.4.0)-lapack-suitesparse-(7.6.1)-eigensparse)

                                     Original                  Reduced
Parameter blocks                       313922                   313922
Parameters                             957106                   957106
Residual blocks                       1653812                  1653812
Residuals                             3307624                  3307624

Minimizer                        TRUST_REGION
Trust region strategy     LEVENBERG_MARQUARDT
                                        Given                     Used
Linear solver                 ITERATIVE_SCHUR          ITERATIVE_SCHUR
Preconditioner                   SCHUR_JACOBI             SCHUR_JACOBI
Threads                                     8                        8
Linear solver ordering            310854,3068              310854,3068
Schur structure                         2,3,8                    2,3,d

Cost:
Initial                          9.099334e+07
Final                            2.183295e+06
Change                           8.881005e+07

Minimizer iterations                       10
Successful steps                            4
Unsuccessful steps                          6

Time (in seconds):
Preprocessor                         1.057468

  Residual only evaluation           0.657144 (10)
  Jacobian & residual evaluation     0.827366 (4)
  Linear solver                      7.282618 (10)
Minimizer                            9.424916

Postprocessor                        0.078189
Total                               10.560573

Termination:                      CONVERGENCE (Parameter tolerance reached. Relative step_norm: 7.222421e-09 <= 1.000000e-08.)

