[R10] --zero_k2: all k2 set to 0 at load
Loaded /workspace/bal/final-3068.txt: ncam=3068 npt=310854 nobs=1653812 n=950970
[R10] --dof9: refining f,k1 per camera (3068 cameras)
  [menu-backtrack] active=1 max_evals=8 warmup_accepts=3 confirm_stop=original armijo=1e-4
MIXED_STORAGE fragments=fp32 arithmetic=fp64 state=fp64 acceptance=fp64
  [compact-fragments] active=2 saved_bytes=171996448 storage=fp32 camera_reads=contiguous
  MFCG score_init=90993342.024340242 precision=fp64
PHASE_SWEEP o=0 mode=3 valid=1 depth=1 qualified=1 raw=0.76152214871405732 clipped=0.75398232545946298 selected=1 center=0.10000000000000001 tau=0.10000000000000001 worst_res=0.34104864249907779 eta=0.5
ATTR_RADIUS o=0 raw_norm=5630.6926161639312 norm=5473.8139129417305 radius=5473.8139129417295 next_radius=10947.627825883459 lambda=0.10000000000000001 next_lambda=0.0025000000000000005 rho=0.99676555933440458 accept=1
CLASSICAL_LM o=0 lambda=0.10000000000000001 tau=0.10000000000000001 prediction=73112093.535369694 rho=0.99676555933440458 accept=1
  MFCG it   1 cost=1.811773e+07 lam=2.500e-03 tau=0.00e+00 cg_it=0 shift=0 ckpt=1 alpha=0 acc mv=6
PHASE_SWEEP o=1 mode=3 valid=1 depth=7 qualified=1 raw=0.51264076114372337 clipped=0.51264076114372337 selected=1 center=0.0025000000000000005 tau=0.0025000000000000005 worst_res=0.15623294531087017 eta=0.16217087970017763
ATTR_RADIUS o=1 raw_norm=7500.7893968865355 norm=7500.7893968865346 radius=10947.627825883459 next_radius=10947.627825883459 lambda=0.0025000000000000005 next_lambda=2.5000000000000008e-05 rho=0.99753547576360924 accept=1
CLASSICAL_LM o=1 lambda=0.0025000000000000005 tau=0.0025000000000000005 prediction=14490381.002362501 rho=0.99753547576360924 accept=1
  MFCG it   2 cost=3.663056e+06 lam=2.500e-05 tau=0.00e+00 cg_it=6 shift=0 ckpt=7 alpha=0 acc mv=18
PHASE_SWEEP o=2 mode=3 valid=1 depth=115 qualified=1 raw=0.69303609931585486 clipped=0.51786831687309887 selected=3 center=2.5000000000000008e-05 tau=2.5000000000000008e-05 worst_res=0.053338439031661279 eta=0.053657060078754627
ATTR_RADIUS o=2 raw_norm=19687.694422958608 norm=10947.627825883454 radius=10947.627825883459 next_radius=21895.255651766918 lambda=2.5000000000000008e-05 next_lambda=6.2500000000000015e-05 rho=0.95184359583541822 accept=1
CLASSICAL_LM o=2 lambda=2.5000000000000008e-05 tau=2.5000000000000008e-05 prediction=1488270.7587277992 rho=0.95184359583541822 accept=1
  MFCG it   3 cost=2.246455e+06 lam=6.250e-05 tau=0.00e+00 cg_it=114 shift=0 ckpt=115 alpha=0 acc mv=138
PHASE_SWEEP o=3 mode=3 valid=1 depth=8 qualified=1 raw=0.079353679994816448 clipped=0.079353679994816448 selected=4 center=6.2500000000000015e-05 tau=6.2500000000000015e-05 worst_res=0.38861124439544564 eta=0.39269456280373566
ATTR_RADIUS o=3 raw_norm=1670.4001621742025 norm=1670.4001621742018 radius=21895.255651766918 next_radius=21895.255651766918 lambda=6.2500000000000015e-05 next_lambda=0.00062500000000000012 rho=0.66646194441888962 accept=1
CLASSICAL_LM o=3 lambda=6.2500000000000015e-05 tau=6.2500000000000015e-05 prediction=239996.47212163243 rho=0.66646194441888962 accept=1
  MFCG it   4 cost=2.086507e+06 lam=6.250e-04 tau=0.00e+00 cg_it=7 shift=0 ckpt=8 alpha=0 acc mv=151
PHASE_SWEEP o=4 mode=3 valid=1 depth=80 qualified=1 raw=0.97490560522811265 clipped=0.97490560522811265 selected=3 center=0.00062500000000000012 tau=0.00062500000000000012 worst_res=0.23082921919888882 eta=0.23385218251352394
ATTR_RADIUS o=4 raw_norm=2482.7075667942922 norm=2482.7075667942927 radius=21895.255651766918 next_radius=21895.255651766918 lambda=0.00062500000000000012 next_lambda=0.00062500000000000012 rho=0.52470170366951563 accept=1
CLASSICAL_LM o=4 lambda=0.00062500000000000012 tau=0.00062500000000000012 prediction=153171.79043642775 rho=0.52470170366951563 accept=1
  MFCG it   5 cost=2.006137e+06 lam=6.250e-04 tau=0.00e+00 cg_it=79 shift=0 ckpt=80 alpha=0 acc mv=236
PHASE_SWEEP o=5 mode=3 valid=1 depth=128 qualified=0 raw=0.99142069423821277 clipped=0.99142069423821277 selected=0 center=0.00062500000000000012 tau=0.00062500000000000012 worst_res=0.67668436704037627 eta=0.09787229677468734
ATTR_RADIUS o=5 raw_norm=17089.328419083729 norm=17089.328419083733 radius=21895.255651766918 next_radius=21895.255651766918 lambda=0.00062500000000000012 next_lambda=6.2500000000000016e-07 rho=0.44256634022248093 accept=1
CLASSICAL_LM o=5 lambda=0.00062500000000000012 tau=0.00062500000000000012 prediction=169477.12547483822 rho=0.44256634022248093 accept=1
  MFCG it   6 cost=1.931132e+06 lam=6.250e-07 tau=0.00e+00 cg_it=127 shift=0 ckpt=128 alpha=0 acc mv=369
PHASE_SWEEP o=6 mode=3 valid=1 depth=1 qualified=1 raw=2.3599636101504443e-05 clipped=2.3599636101504443e-05 selected=-1 center=6.2500000000000016e-07 tau=6.2500000000000016e-07 worst_res=0.46961180643259864 eta=0.5
POINT_SAFE o=6 frozen=91 slope=-55400.615559594102 candidate=1905344.9060488734 original=1912548.6875784856 current=1931132.2336635583 won=1 mode=1 camera_scale=1 keep_scale=0
ATTR_RADIUS o=6 raw_norm=43.628463065166855 norm=43.628463065166855 radius=21895.255651766918 next_radius=21895.255651766918 lambda=6.2500000000000016e-07 next_lambda=6.2500000000000024e-08 rho=0.92632257437657939 accept=1
CLASSICAL_LM o=6 lambda=6.2500000000000016e-07 tau=6.2500000000000016e-07 prediction=27838.388405939309 rho=0.92632257437657939 accept=1
  MFCG it   7 cost=1.905345e+06 lam=6.250e-08 tau=0.00e+00 cg_it=0 shift=0 ckpt=1 alpha=0 acc mv=375
PHASE_SWEEP o=7 mode=3 valid=1 depth=41 qualified=1 raw=0.0025133702134653786 clipped=0.0025133702134653786 selected=-1 center=6.2500000000000024e-08 tau=6.2500000000000024e-08 worst_res=0.47233899664883489 eta=0.5
POINT_SAFE o=7 frozen=724 slope=-54045.528903356309 candidate=1960826.9225891524 original=1886568.7258841889 current=1905344.9060488734 won=0 mode=1 camera_scale=1 keep_scale=0
ATTR_RADIUS o=7 raw_norm=3871.8548793760456 norm=241.93660383735988 radius=21895.255651766918 next_radius=21895.255651766918 lambda=6.2500000000000024e-08 next_lambda=6.250000000000003e-09 rho=1.5116507420385765 accept=1
CLASSICAL_LM o=7 lambda=6.2500000000000024e-08 tau=6.2500000000000024e-08 prediction=12420.977705050724 rho=1.5116507420385765 accept=1
PHASE_HANDOVER outer=8 reason=opening_cap flat_streak=0 accepted=8
  MFCG it   8 cost=1.886569e+06 lam=6.250e-09 tau=0.00e+00 cg_it=40 shift=0 ckpt=41 alpha=0 acc mv=421
PCG_PREP o=8 rebuild=1 drift=0 previous_depth=0
NUMERIC_REPAIR o=8 lambda=6.250000000000003e-09 rayleigh=-5.9714688935077491e-08 next_lambda=2.6385875574030999e-07 cg=1 rebuild=1
PCG_PREP o=8 rebuild=1 drift=0 previous_depth=1
POINT_SAFE o=8 frozen=2108 slope=-30732.220582986803 candidate=2118517.906731376 original=1875994.7346821174 current=1886568.7258841889 won=0 mode=1 camera_scale=1 keep_scale=0
ATTR_RADIUS o=8 raw_norm=85417.954175038889 norm=5473.8139129417295 radius=21895.255651766918 next_radius=21895.255651766918 lambda=2.6385875574030999e-07 next_lambda=2.6385875574030999e-07 rho=0.31204652420956486 accept=1
CLASSICAL_LM o=8 lambda=2.6385875574030999e-07 tau=2.6385875574030999e-07 prediction=33885.944504128616 rho=0.31204652420956486 accept=1
  MFCG it   9 cost=1.875995e+06 lam=2.639e-07 tau=0.00e+00 cg_it=6 shift=0 ckpt=7 alpha=0 acc mv=431
PCG_PREP o=9 rebuild=1 drift=0 previous_depth=7
POINT_SAFE o=9 frozen=2209 slope=-24313.555652320822 candidate=2207710.7406085348 original=1867692.1528126423 current=1875994.7346821174 won=0 mode=1 camera_scale=1 keep_scale=0
ATTR_RADIUS o=9 raw_norm=59638.744791528516 norm=2736.9069564708643 radius=21895.255651766918 next_radius=21895.255651766918 lambda=2.6385875574030999e-07 next_lambda=2.6385875574030999e-07 rho=0.51347236939403651 accept=1
CLASSICAL_LM o=9 lambda=2.6385875574030999e-07 tau=2.6385875574030999e-07 prediction=16169.481289272084 rho=0.51347236939403651 accept=1
  MFCG it  10 cost=1.867692e+06 lam=2.639e-07 tau=0.00e+00 cg_it=1 shift=0 ckpt=2 alpha=0 acc mv=434
PCG_PREP o=10 rebuild=1 drift=0 previous_depth=2
POINT_SAFE o=10 frozen=2027 slope=-23339.490440180336 candidate=2284499.9193188422 original=1867110.9113707256 current=1867692.1528126423 won=0 mode=1 camera_scale=1 keep_scale=0
ATTR_RADIUS o=10 raw_norm=59540.128336992209 norm=684.22673911771631 radius=21895.255651766918 next_radius=5473.8139129417295 lambda=2.6385875574030999e-07 next_lambda=4.2217400918449598e-06 rho=0.15243159304868822 accept=1
CLASSICAL_LM o=10 lambda=2.6385875574030999e-07 tau=2.6385875574030999e-07 prediction=3813.1297475256315 rho=0.15243159304868822 accept=1
  MFCG it  11 cost=1.867111e+06 lam=4.222e-06 tau=0.00e+00 cg_it=1 shift=0 ckpt=2 alpha=0 acc mv=437
PCG_PREP o=11 rebuild=1 drift=0 previous_depth=2
POINT_SAFE o=11 frozen=462 slope=-10671.846321697203 candidate=1858109.0803961197 original=1866465.8913054387 current=1867110.9113707256 won=1 mode=1 camera_scale=1 keep_scale=0
ATTR_RADIUS o=11 raw_norm=32591.443719746439 norm=5473.8139129417305 radius=5473.8139129417295 next_radius=10947.627825883459 lambda=4.2217400918449598e-06 next_lambda=1.05543502296124e-06 rho=0.99850748741490769 accept=1
CLASSICAL_LM o=11 lambda=4.2217400918449598e-06 tau=4.2217400918449598e-06 prediction=9015.2864030205856 rho=0.99850748741490769 accept=1
  MFCG it  12 cost=1.858109e+06 lam=1.055e-06 tau=0.00e+00 cg_it=1 shift=0 ckpt=2 alpha=0 acc mv=440
PCG_PREP o=12 rebuild=1 drift=0 previous_depth=2
POINT_SAFE o=12 frozen=1022 slope=-12134.79193377585 candidate=1854619.2541265909 original=1858080.2360178272 current=1858109.0803961197 won=1 mode=1 camera_scale=1 keep_scale=0
ATTR_RADIUS o=12 raw_norm=43489.312272023439 norm=10947.627825883463 radius=10947.627825883459 next_radius=10947.627825883459 lambda=1.05543502296124e-06 next_lambda=1.05543502296124e-06 rho=0.33495110339437323 accept=1
CLASSICAL_LM o=12 lambda=1.05543502296124e-06 tau=1.05543502296124e-06 prediction=10418.912593997005 rho=0.33495110339437323 accept=1
  MFCG it  13 cost=1.854619e+06 lam=1.055e-06 tau=0.00e+00 cg_it=1 shift=0 ckpt=2 alpha=0 acc mv=443
PCG_PREP o=13 rebuild=1 drift=0 previous_depth=2
POINT_SAFE o=13 frozen=509 slope=-15205.835288701983 candidate=2030935.9916277877 original=1854088.0765550693 current=1854619.2541265909 won=0 mode=1 camera_scale=1 keep_scale=0
ATTR_RADIUS o=13 raw_norm=27888.503308809646 norm=171.0566847794291 radius=10947.627825883459 next_radius=10947.627825883459 lambda=1.05543502296124e-06 next_lambda=2.6385875574030999e-07 rho=0.29516282198401883 accept=1
CLASSICAL_LM o=13 lambda=1.05543502296124e-06 tau=1.05543502296124e-06 prediction=1799.6086632833662 rho=0.29516282198401883 accept=1
  MFCG it  14 cost=1.854088e+06 lam=2.639e-07 tau=0.00e+00 cg_it=0 shift=0 ckpt=1 alpha=0 acc mv=445
PCG_PREP o=14 rebuild=1 drift=0 previous_depth=1
POINT_SAFE o=14 frozen=397 slope=-10993.559830575363 candidate=2138148.2217377531 original=1854067.9535403284 current=1854088.0765550693 won=0 mode=1 camera_scale=1 keep_scale=0
ATTR_RADIUS o=14 raw_norm=44921.192129822251 norm=10947.627825883459 radius=10947.627825883459 next_radius=2736.9069564708648 lambda=2.6385875574030999e-07 next_lambda=4.2217400918449598e-06 rho=0.023258154227791813 accept=0
CLASSICAL_LM o=14 lambda=2.6385875574030999e-07 tau=2.6385875574030999e-07 prediction=865.20256697039042 rho=0.023258154227791813 accept=0
  MFCG it  15  retry 1/8  lam=4.222e-06 tau_eff=2.639e-07  (assembly reused)
PCG_PREP o=14 rebuild=1 drift=0 previous_depth=1
POINT_SAFE o=14 frozen=136 slope=-9197.19558570144 candidate=1848877.5935148876 original=1854085.2940361788 current=1854088.0765550693 won=1 mode=1 camera_scale=1 keep_scale=0
ATTR_RADIUS o=14 raw_norm=14943.333703220416 norm=2736.9069564708657 radius=2736.9069564708648 next_radius=5473.8139129417295 lambda=4.2217400918449598e-06 next_lambda=1.05543502296124e-06 rho=0.78056732021959596 accept=1
CLASSICAL_LM o=14 lambda=4.2217400918449598e-06 tau=4.2217400918449598e-06 prediction=6675.251327093516 rho=0.78056732021959596 accept=1
  MFCG it  15 cost=1.848878e+06 lam=1.055e-06 tau=0.00e+00 cg_it=0 shift=0 ckpt=1 alpha=0 acc mv=449
PCG_PREP o=15 rebuild=1 drift=0 previous_depth=1
POINT_SAFE o=15 frozen=655 slope=-5445.1302379043327 candidate=1864989.2092952253 original=inf current=1848877.5935148876 won=0 mode=1 camera_scale=1 keep_scale=0
ATTR_RADIUS o=15 raw_norm=28373.063450016743 norm=5473.8139129417305 radius=5473.8139129417295 next_radius=1368.4534782354324 lambda=1.05543502296124e-06 next_lambda=1.6886960367379839e-05 rho=-1 accept=0
CLASSICAL_LM o=15 lambda=1.05543502296124e-06 tau=1.05543502296124e-06 prediction=4817.6084494920542 rho=-1 accept=0
  MFCG it  16  retry 1/8  lam=1.689e-05 tau_eff=1.055e-06  (assembly reused)
PCG_PREP o=15 rebuild=1 drift=0 previous_depth=1
POINT_SAFE o=15 frozen=216 slope=-4255.0923211727732 candidate=1845194.6421922122 original=inf current=1848877.5935148876 won=1 mode=1 camera_scale=1 keep_scale=0
ATTR_RADIUS o=15 raw_norm=8473.9899869757337 norm=1368.4534782354319 radius=1368.4534782354324 next_radius=2736.9069564708648 lambda=1.6886960367379839e-05 next_lambda=4.2217400918449598e-06 rho=0.96282014771191005 accept=1
CLASSICAL_LM o=15 lambda=1.6886960367379839e-05 tau=1.6886960367379839e-05 prediction=3825.1706005818264 rho=0.96282014771191005 accept=1
  MFCG it  16 cost=1.845195e+06 lam=4.222e-06 tau=0.00e+00 cg_it=0 shift=0 ckpt=1 alpha=0 acc mv=453
PCG_PREP o=16 rebuild=1 drift=0 previous_depth=1
POINT_SAFE o=16 frozen=645 slope=-4115.1999175141245 candidate=1842697.8903178375 original=inf current=1845194.6421922122 won=1 mode=1 camera_scale=1 keep_scale=0
ATTR_RADIUS o=16 raw_norm=15543.609887906125 norm=2736.9069564708652 radius=2736.9069564708648 next_radius=2736.9069564708648 lambda=4.2217400918449598e-06 next_lambda=4.2217400918449598e-06 rho=0.68417028014478598 accept=1
CLASSICAL_LM o=16 lambda=4.2217400918449598e-06 tau=4.2217400918449598e-06 prediction=3649.3135507820098 rho=0.68417028014478598 accept=1
  MFCG it  17 cost=1.842698e+06 lam=4.222e-06 tau=0.00e+00 cg_it=0 shift=0 ckpt=1 alpha=0 acc mv=455
PCG_PREP o=17 rebuild=1 drift=0 previous_depth=1
POINT_SAFE o=17 frozen=311 slope=-4890.8864426056343 candidate=2895777.9506881083 original=inf current=1842697.8903178375 won=0 mode=1 camera_scale=1 keep_scale=0
ATTR_RADIUS o=17 raw_norm=14702.285394760427 norm=2736.9069564708652 radius=2736.9069564708648 next_radius=684.22673911771619 lambda=4.2217400918449598e-06 next_lambda=6.7547841469519358e-05 rho=-1 accept=0
CLASSICAL_LM o=17 lambda=4.2217400918449598e-06 tau=4.2217400918449598e-06 prediction=4364.5305238184528 rho=-1 accept=0
  MFCG it  18  retry 1/8  lam=6.755e-05 tau_eff=4.222e-06  (assembly reused)
PCG_PREP o=17 rebuild=1 drift=0 previous_depth=1
POINT_SAFE o=17 frozen=172 slope=-11320.872664695309 candidate=2520084.8756283564 original=inf current=1842697.8903178375 won=0 mode=1 camera_scale=1 keep_scale=0
ATTR_RADIUS o=17 raw_norm=7957.3720187677036 norm=684.22673911771631 radius=684.22673911771619 next_radius=171.05668477942905 lambda=6.7547841469519358e-05 next_lambda=0.0010807654635123097 rho=-1 accept=0
CLASSICAL_LM o=17 lambda=6.7547841469519358e-05 tau=6.7547841469519358e-05 prediction=10729.15156635363 rho=-1 accept=0
  MFCG it  18  retry 2/8  lam=1.081e-03 tau_eff=6.755e-05  (assembly reused)
PCG_PREP o=17 rebuild=1 drift=0 previous_depth=2
POINT_SAFE o=17 frozen=42 slope=-19929.404933843671 candidate=2436729.5045342529 original=inf current=1842697.8903178375 won=0 mode=1 camera_scale=1 keep_scale=0
ATTR_RADIUS o=17 raw_norm=976.48707343897036 norm=171.0566847794291 radius=171.05668477942905 next_radius=42.764171194857262 lambda=0.0010807654635123097 next_lambda=0.017292247416196956 rho=-1 accept=0
CLASSICAL_LM o=17 lambda=0.0010807654635123097 tau=0.0010807654635123097 prediction=18140.380150372817 rho=-1 accept=0
  MFCG it  18  retry 3/8  lam=1.729e-02 tau_eff=1.081e-03  (assembly reused)
PCG_PREP o=17 rebuild=1 drift=0 previous_depth=1
POINT_SAFE o=17 frozen=6 slope=-13523.51640722457 candidate=2490276.3746098424 original=inf current=1842697.8903178375 won=0 mode=1 camera_scale=1 keep_scale=0
ATTR_RADIUS o=17 raw_norm=341.98949829837807 norm=42.764171194857248 radius=42.764171194857262 next_radius=10.691042798714316 lambda=0.017292247416196956 next_lambda=0.27667595865915129 rho=-1 accept=0
CLASSICAL_LM o=17 lambda=0.017292247416196956 tau=0.017292247416196956 prediction=12661.054905249746 rho=-1 accept=0
  MFCG it  18  retry 4/8  lam=2.767e-01 tau_eff=1.729e-02  (assembly reused)
PCG_PREP o=17 rebuild=1 drift=0 previous_depth=1
POINT_SAFE o=17 frozen=1 slope=-4409.6573635814466 candidate=3092379.3644468817 original=inf current=1842697.8903178375 won=0 mode=1 camera_scale=1 keep_scale=0
ATTR_RADIUS o=17 raw_norm=221.47037479183771 norm=10.691042798714314 radius=10.691042798714316 next_radius=2.6727606996785789 lambda=0.27667595865915129 next_lambda=4.4268153385464206 rho=-1 accept=0
CLASSICAL_LM o=17 lambda=0.27667595865915129 tau=0.27667595865915129 prediction=4297.2769228361922 rho=-1 accept=0
  MFCG it  18  retry 5/8  lam=4.427e+00 tau_eff=2.767e-01  (assembly reused)
PCG_PREP o=17 rebuild=1 drift=0 previous_depth=1
POINT_SAFE o=17 frozen=11 slope=-1240.3966007059723 candidate=15959600.49136205 original=1842696.894824777 current=1842697.8903178375 won=0 mode=1 camera_scale=1 keep_scale=0
ATTR_RADIUS o=17 raw_norm=68.528904712314187 norm=0.020880942966238897 radius=2.6727606996785789 next_radius=0.66819017491964472 lambda=4.4268153385464206 next_lambda=70.82904541674273 rho=0.10236643316721047 accept=1
CLASSICAL_LM o=17 lambda=4.4268153385464206 tau=4.4268153385464206 prediction=9.7247997184532355 rho=0.10236643316721047 accept=1
  MFCG it  18 cost=1.842697e+06 lam=7.083e+01 tau=0.00e+00 cg_it=0 shift=0 ckpt=1 alpha=0 acc mv=468
PCG_PREP o=18 rebuild=1 drift=0 previous_depth=1
POINT_SAFE o=18 frozen=3324 slope=-312.63717705348586 candidate=1843492.6035556062 original=1842696.2640207531 current=1842696.894824777 won=0 mode=1 camera_scale=1 keep_scale=0
ATTR_RADIUS o=18 raw_norm=6.3417901555715934 norm=0.66819017491964428 radius=0.66819017491964472 next_radius=0.16704754372991118 lambda=70.82904541674273 next_lambda=1133.2647266678837 rho=0.0080275558274648887 accept=0
CLASSICAL_LM o=18 lambda=70.82904541674273 tau=70.82904541674273 prediction=78.579836440385378 rho=0.0080275558274648887 accept=0
  MFCG it  19  retry 1/8  lam=1.133e+03 tau_eff=7.083e+01  (assembly reused)
PCG_PREP o=18 rebuild=1 drift=0 previous_depth=1
ATTR_RADIUS o=18 raw_norm=0.41007494302899261 norm=0 radius=0.16704754372991118 next_radius=0.041761885932477795 lambda=1133.2647266678837 next_lambda=18132.235626686139 rho=0.035855977394107993 accept=0
CLASSICAL_LM o=18 lambda=1133.2647266678837 tau=1133.2647266678837 prediction=77.983573823077464 rho=0.035855977394107993 accept=0
  MFCG it  19  retry 2/8  lam=1.813e+04 tau_eff=1.133e+03  (assembly reused)
PCG_PREP o=18 rebuild=1 drift=0 previous_depth=1
ATTR_RADIUS o=18 raw_norm=0.02568602145162012 norm=0.02568602145162012 radius=0.041761885932477795 next_radius=0.041761885932477795 lambda=18132.235626686139 next_lambda=1813.223562668614 rho=0.84807141003194297 accept=1
CLASSICAL_LM o=18 lambda=18132.235626686139 tau=18132.235626686139 prediction=11.977047506687482 rho=0.84807141003194297 accept=1
  MFCG it  19 cost=1.842687e+06 lam=1.813e+03 tau=0.00e+00 cg_it=0 shift=0 ckpt=1 alpha=0 acc mv=474
PCG_PREP o=19 rebuild=1 drift=0 previous_depth=1
POINT_SAFE o=19 frozen=75003 slope=-19.421283473640109 candidate=1842701.6341697015 original=1842685.7174926361 current=1842686.73743321 won=0 mode=1 camera_scale=1 keep_scale=0
ATTR_RADIUS o=19 raw_norm=0.25534259552158872 norm=0.020880942966238908 radius=0.041761885932477795 next_radius=0.010440471483119449 lambda=1813.223562668614 next_lambda=29011.577002697824 rho=0.10498829717941882 accept=1
CLASSICAL_LM o=19 lambda=1813.223562668614 tau=1813.223562668614 prediction=9.7148025194840173 rho=0.10498829717941882 accept=1
  MFCG it  20 cost=1.842686e+06 lam=2.901e+04 tau=0.00e+00 cg_it=0 shift=0 ckpt=1 alpha=0 acc mv=476
PCG_PREP o=20 rebuild=1 drift=0 previous_depth=1
ATTR_RADIUS o=20 raw_norm=0.016022746147653217 norm=0.010440471483119449 radius=0.010440471483119449 next_radius=0.020880942966238897 lambda=29011.577002697824 next_lambda=7252.8942506744561 rho=0.94372351118144537 accept=1
CLASSICAL_LM o=20 lambda=29011.577002697824 tau=29011.577002697824 prediction=4.8618558889448833 rho=0.94372351118144537 accept=1
  MFCG it  21 cost=1.842681e+06 lam=7.253e+03 tau=0.00e+00 cg_it=0 shift=0 ckpt=1 alpha=0 acc mv=478
PCG_PREP o=21 rebuild=1 drift=0 previous_depth=1
ATTR_RADIUS o=21 raw_norm=0.063961949651894043 norm=0.020880942966238894 radius=0.020880942966238897 next_radius=0.041761885932477795 lambda=7252.8942506744561 next_lambda=1813.223562668614 rho=0.80484039140870678 accept=1
CLASSICAL_LM o=21 lambda=7252.8942506744561 tau=7252.8942506744561 prediction=9.715193632728889 rho=0.80484039140870678 accept=1
  MFCG it  22 cost=1.842673e+06 lam=1.813e+03 tau=0.00e+00 cg_it=0 shift=0 ckpt=1 alpha=0 acc mv=480
PCG_PREP o=22 rebuild=1 drift=0 previous_depth=1
POINT_SAFE o=22 frozen=70327 slope=-19.398006880133718 candidate=1842954.8292620243 original=1842673.2000619923 current=1842673.3100646797 won=0 mode=1 camera_scale=1 keep_scale=0
ATTR_RADIUS o=22 raw_norm=0.25503856044507434 norm=0.041761885932477809 radius=0.041761885932477795 next_radius=0.010440471483119449 lambda=1813.223562668614 next_lambda=29011.577002697824 rho=0.090728292808630442 accept=0
CLASSICAL_LM o=22 lambda=1813.223562668614 tau=1813.223562668614 prediction=1.212440838777368 rho=0.090728292808630442 accept=0
  MFCG it  23  retry 1/8  lam=2.901e+04 tau_eff=1.813e+03  (assembly reused)
PCG_PREP o=22 rebuild=1 drift=0 previous_depth=1
POINT_SAFE o=22 frozen=113920 slope=-4.8387215711520861 candidate=1842686.3200960681 original=1842673.2017208082 current=1842673.3100646797 won=0 mode=1 camera_scale=1 keep_scale=0
ATTR_RADIUS o=22 raw_norm=0.015961604119470847 norm=0.010440471483119444 radius=0.010440471483119449 next_radius=0.0026101178707798622 lambda=29011.577002697824 next_lambda=464185.23204316519 rho=0.089563331918834921 accept=0
CLASSICAL_LM o=22 lambda=29011.577002697824 tau=29011.577002697824 prediction=1.2096900508499226 rho=0.089563331918834921 accept=0
  MFCG it  23  retry 2/8  lam=4.642e+05 tau_eff=2.901e+04  (assembly reused)
PCG_PREP o=22 rebuild=1 drift=0 previous_depth=1
ATTR_RADIUS o=22 raw_norm=0.00099768517279477751 norm=0.00099768517279477751 radius=0.0026101178707798622 next_radius=0.0026101178707798622 lambda=464185.23204316519 next_lambda=46418.523204316523 rho=0.65272472610830767 accept=1
CLASSICAL_LM o=22 lambda=464185.23204316519 tau=464185.23204316519 prediction=0.46226970355803049 rho=0.65272472610830767 accept=1
  MFCG it  23 cost=1.842673e+06 lam=4.642e+04 tau=0.00e+00 cg_it=0 shift=0 ckpt=1 alpha=0 acc mv=486
PCG_PREP o=23 rebuild=1 drift=0 previous_depth=1
POINT_SAFE o=23 frozen=118375 slope=-1.2111713431886268 candidate=1842676.3964041492 original=1842672.99481534 current=1842673.0083298141 won=0 mode=1 camera_scale=1 keep_scale=0
ATTR_RADIUS o=23 raw_norm=0.0099775033815470964 norm=0.0026101178707798609 radius=0.0026101178707798622 next_radius=0.00065252946769496555 lambda=46418.523204316523 next_lambda=742696.37126906437 rho=0.04463243553044148 accept=0
CLASSICAL_LM o=23 lambda=46418.523204316523 tau=46418.523204316523 prediction=0.30279490405787651 rho=0.04463243553044148 accept=0
  MFCG it  24  retry 1/8  lam=7.427e+05 tau_eff=4.642e+04  (assembly reused)
PCG_PREP o=23 rebuild=1 drift=0 previous_depth=1
ATTR_RADIUS o=23 raw_norm=0.0006236271990655611 norm=0 radius=0.00065252946769496555 next_radius=0.00016313236692374139 lambda=742696.37126906437 next_lambda=11883141.94030503 rho=0.085654690044904322 accept=0
CLASSICAL_LM o=23 lambda=742696.37126906437 tau=742696.37126906437 prediction=0.28898451215948218 rho=0.085654690044904322 accept=0
  MFCG it  24  retry 2/8  lam=1.188e+07 tau_eff=7.427e+05  (assembly reused)
PCG_PREP o=23 rebuild=1 drift=0 previous_depth=1
ATTR_RADIUS o=23 raw_norm=3.8976829786788442e-05 norm=3.8976829786788442e-05 radius=0.00016313236692374139 next_radius=0.00016313236692374139 lambda=11883141.94030503 next_lambda=1188314.194030503 rho=0.94238920494991441 accept=1
CLASSICAL_LM o=23 lambda=11883141.94030503 tau=11883141.94030503 prediction=0.018061622340838877 rho=0.94238920494991441 accept=1
  MFCG it  24 cost=1.842673e+06 lam=1.188e+06 tau=0.00e+00 cg_it=0 shift=0 ckpt=1 alpha=0 acc mv=492
PCG_PREP o=24 rebuild=1 drift=0 previous_depth=1
ATTR_RADIUS o=24 raw_norm=0.00038975667880159095 norm=0.00016313236692374141 radius=0.00016313236692374139 next_radius=0.00016313236692374139 lambda=1188314.194030503 next_lambda=1188314.194030503 rho=0.58040857419200276 accept=1
CLASSICAL_LM o=24 lambda=1188314.194030503 tau=1188314.194030503 prediction=0.075643574131890448 rho=0.58040857419200276 accept=1
  MFCG: converged (OCA_FTOL: 8 outers < 1.0e-05 rel)
  [menu-backtrack] confirming stop with original retry policy at outer 25
  MFCG it  25 cost=1.842673e+06 lam=1.188e+06 tau=0.00e+00 cg_it=0 shift=0 ckpt=1 alpha=0 acc mv=494
PCG_PREP o=25 rebuild=1 drift=0 previous_depth=1
ATTR_RADIUS o=25 raw_norm=0.00038972428814984566 norm=0.00016313236692374131 radius=0.00016313236692374139 next_radius=0.00016313236692374139 lambda=1188314.194030503 next_lambda=1188314.194030503 rho=0.33809609313041905 accept=1
CLASSICAL_LM o=25 lambda=1188314.194030503 tau=1188314.194030503 prediction=0.075637225294790833 rho=0.33809609313041905 accept=1
  MFCG it  26 cost=1.842673e+06 lam=1.188e+06 tau=0.00e+00 cg_it=0 shift=0 ckpt=1 alpha=0 acc mv=496
PCG_PREP o=26 rebuild=1 drift=0 previous_depth=1
ATTR_RADIUS o=26 raw_norm=0.00038977143491706646 norm=0.00016313236692374141 radius=0.00016313236692374139 next_radius=0.00032626473384748277 lambda=1188314.194030503 next_lambda=297078.54850762576 rho=0.80310776194700684 accept=1
CLASSICAL_LM o=26 lambda=1188314.194030503 tau=1188314.194030503 prediction=0.075646703416456448 rho=0.80310776194700684 accept=1
  MFCG it  27 cost=1.842673e+06 lam=2.971e+05 tau=0.00e+00 cg_it=0 shift=0 ckpt=1 alpha=0 acc mv=498
PCG_PREP o=27 rebuild=1 drift=0 previous_depth=1
ATTR_RADIUS o=27 raw_norm=0.0015586485074799922 norm=0.00032626473384748283 radius=0.00032626473384748277 next_radius=8.1566183461870693e-05 lambda=297078.54850762576 next_lambda=4753256.7761220122 rho=-1 accept=0
CLASSICAL_LM o=27 lambda=297078.54850762576 tau=297078.54850762576 prediction=0.15142680208079226 rho=-1 accept=0
  MFCG it  28  retry 1/8  lam=4.753e+06 tau_eff=2.971e+05  (assembly reused)
PCG_PREP o=27 rebuild=1 drift=0 previous_depth=1
ATTR_RADIUS o=27 raw_norm=9.7416348008008956e-05 norm=8.1566183461870693e-05 radius=8.1566183461870693e-05 next_radius=2.0391545865467673e-05 lambda=4753256.7761220122 next_lambda=76052108.417952195 rho=-1 accept=0
CLASSICAL_LM o=27 lambda=4753256.7761220122 tau=4753256.7761220122 prediction=0.037790796204395627 rho=-1 accept=0
  MFCG it  28  retry 2/8  lam=7.605e+07 tau_eff=4.753e+06  (assembly reused)
PCG_PREP o=27 rebuild=1 drift=0 previous_depth=1
ATTR_RADIUS o=27 raw_norm=6.0885249391751683e-06 norm=6.0885249391751683e-06 radius=2.0391545865467673e-05 next_radius=2.0391545865467673e-05 lambda=76052108.417952195 next_lambda=7605210.84179522 rho=0.70300156238226486 accept=1
CLASSICAL_LM o=27 lambda=76052108.417952195 tau=76052108.417952195 prediction=0.0028206356332321396 rho=0.70300156238226486 accept=1
  MFCG it  28 cost=1.842673e+06 lam=7.605e+06 tau=0.00e+00 cg_it=0 shift=0 ckpt=1 alpha=0 acc mv=504
PCG_PREP o=28 rebuild=1 drift=0 previous_depth=1
ATTR_RADIUS o=28 raw_norm=6.0736920731999896e-05 norm=2.0391545865467667e-05 radius=2.0391545865467673e-05 next_radius=5.0978864663669183e-06 lambda=7605210.84179522 next_lambda=121683373.46872352 rho=-1 accept=0
CLASSICAL_LM o=28 lambda=7605210.84179522 tau=7605210.84179522 prediction=0.0094329406194446925 rho=-1 accept=0
  MFCG it  29  retry 1/8  lam=1.217e+08 tau_eff=7.605e+06  (assembly reused)
PCG_PREP o=28 rebuild=1 drift=0 previous_depth=1
ATTR_RADIUS o=28 raw_norm=3.7960587435395459e-06 norm=3.7960587435395459e-06 radius=5.0978864663669183e-06 next_radius=1.2744716165917296e-06 lambda=121683373.46872352 next_lambda=1946933975.4995763 rho=-1 accept=0
CLASSICAL_LM o=28 lambda=121683373.46872352 tau=121683373.46872352 prediction=0.0017543233790944239 rho=-1 accept=0
  MFCG it  29  retry 2/8  lam=1.947e+09 tau_eff=1.217e+08  (assembly reused)
PCG_PREP o=28 rebuild=1 drift=0 previous_depth=1
ATTR_RADIUS o=28 raw_norm=2.3725367615008929e-07 norm=2.3725367615008929e-07 radius=1.2744716165917296e-06 next_radius=1.2744716165917296e-06 lambda=1946933975.4995763 next_lambda=194693397.54995763 rho=0.83009180605958521 accept=1
CLASSICAL_LM o=28 lambda=1946933975.4995763 tau=1946933975.4995763 prediction=0.00010964521443975955 rho=0.8300918060595852[R9] wrote /tmp/prism-ba-coarse/research/eta2_phase_hybrid/evidence/large/final-3068-menu_feedback-1/curve.csv
1 accept=1
  MFCG it  29 cost=1.842673e+06 lam=1.947e+08 tau=0.00e+00 cg_it=0 shift=0 ckpt=1 alpha=0 acc mv=510
PCG_PREP o=29 rebuild=1 drift=0 previous_depth=1
ATTR_RADIUS o=29 raw_norm=2.3090718984875047e-06 norm=1.2744716165917287e-06 radius=1.2744716165917296e-06 next_radius=3.186179041479324e-07 lambda=194693397.54995763 next_lambda=3115094360.7993221 rho=-1 accept=0
CLASSICAL_LM o=29 lambda=194693397.54995763 tau=194693397.54995763 prediction=0.00057348930336582481 rho=-1 accept=0
  MFCG it  30  retry 1/8  lam=3.115e+09 tau_eff=1.947e+08  (assembly reused)
PCG_PREP o=29 rebuild=1 drift=0 previous_depth=1
ATTR_RADIUS o=29 raw_norm=1.4431699531159265e-07 norm=1.4431699531159265e-07 radius=3.186179041479324e-07 next_radius=7.9654476036983099e-08 lambda=3115094360.7993221 next_lambda=49841509772.789154 rho=-1 accept=0
CLASSICAL_LM o=29 lambda=3115094360.7993221 tau=3115094360.7993221 prediction=6.4912832175350864e-05 rho=-1 accept=0
  MFCG it  30  retry 2/8  lam=4.984e+10 tau_eff=3.115e+09  (assembly reused)
PCG_PREP o=29 rebuild=1 drift=0 previous_depth=1
ATTR_RADIUS o=29 raw_norm=9.0198122134437731e-09 norm=9.0198122134437731e-09 radius=7.9654476036983099e-08 next_radius=7.9654476036983099e-08 lambda=49841509772.789154 next_lambda=4984150977.2789154 rho=0.92763773051400611 accept=1
CLASSICAL_LM o=29 lambda=49841509772.789154 tau=49841509772.789154 prediction=4.0570520152687184e-06 rho=0.92763773051400611 accept=1
  MFCG it  30 cost=1.842673e+06 lam=4.984e+09 tau=0.00e+00 cg_it=0 shift=0 ckpt=1 alpha=0 acc mv=516
PCG_PREP o=30 rebuild=1 drift=0 previous_depth=1
ATTR_RADIUS o=30 raw_norm=8.7908025171316113e-08 norm=7.9654476036983086e-08 radius=7.9654476036983099e-08 next_radius=1.9913619009245775e-08 lambda=4984150977.2789154 next_lambda=79746415636.462646 rho=-1 accept=0
CLASSICAL_LM o=30 lambda=4984150977.2789154 tau=4984150977.2789154 prediction=3.4921316191275168e-05 rho=-1 accept=0
  MFCG it  31  retry 1/8  lam=7.975e+10 tau_eff=4.984e+09  (assembly reused)
PCG_PREP o=30 rebuild=1 drift=0 previous_depth=1
ATTR_RADIUS o=30 raw_norm=5.4942515755794588e-09 norm=5.494251575579458e-09 radius=1.9913619009245775e-08 next_radius=1.9913619009245775e-08 lambda=79746415636.462646 next_lambda=7974641563.646265 rho=0.92442100446919451 accept=1
CLASSICAL_LM o=30 lambda=79746415636.462646 tau=79746415636.462646 prediction=2.408598933275486e-06 rho=0.92442100446919451 accept=1
  MFCG it  31 cost=1.842673e+06 lam=7.975e+09 tau=0.00e+00 cg_it=0 shift=0 ckpt=1 alpha=0 acc mv=520
PCG_PREP o=31 rebuild=1 drift=0 previous_depth=1
ATTR_RADIUS o=31 raw_norm=5.2346400493473427e-08 norm=1.9913619009245771e-08 radius=1.9913619009245775e-08 next_radius=1.9913619009245775e-08 lambda=7974641563.646265 next_lambda=7974641563.646265 rho=0.594107356961879 accept=1
CLASSICAL_LM o=31 lambda=7974641563.646265 tau=7974641563.646265 prediction=8.3259144436816864e-06 rho=0.594107356961879 accept=1
  MFCG it  32 cost=1.842673e+06 lam=7.975e+09 tau=0.00e+00 cg_it=0 shift=0 ckpt=1 alpha=0 acc mv=522
PCG_PREP o=32 rebuild=1 drift=0 previous_depth=1
ATTR_RADIUS o=32 raw_norm=5.4153246750850822e-08 norm=1.9913619009245771e-08 radius=1.9913619009245775e-08 next_radius=1.9913619009245775e-08 lambda=7974641563.646265 next_lambda=7974641563.646265 rho=0.69401672624772248 accept=1
CLASSICAL_LM o=32 lambda=7974641563.646265 tau=7974641563.646265 prediction=8.6128487808119466e-06 rho=0.69401672624772248 accept=1
  MFCG: converged (OCA_FTOL: 8 outers < 1.0e-05 rel)
  MFCG: accepts=33 rejects=20 total_matvecs=524 negcurv=1 cand_evals=85 mean_cg_per_outer=15.9
PHASE_SUMMARY mode=3 sweeps=8 failures=0 products=421 seconds=1.32238261 open=0
NUMERIC_REPAIR summary rebuilds=1 floor=2.6385875574030999e-07
  [retry-cache] builds=54 reuses=0
  [menu-backtrack] trials=24 rescues=18 evals=151 total_scored=236
POINT_SAFE summary calls=24 evals=24 wins=6 frozen=392693 seconds=0.286077288
  [scoring] menu_evals=85 alpha_evals=0 backtrack_evals=151 total_scored=236
RESULT algo=mfree_shifted_cg iters=33 final_cost=1842672.8589886113 solve_seconds=3.195205
DIAGNOSTICS median_reproj_err_px 2.704502 -> 0.553774 | cheirality_violations(obs) 751 -> 763 | cheirality_violations(pts, of 310854) 725 -> 731
