  [menu-backtrack] active=1 max_evals=8 warmup_accepts=3 confirm_stop=original armijo=1e-4
MIXED_STORAGE fragments=fp32 arithmetic=fp64 state=fp64 acceptance=fp64
  [compact-fragments] active=2 saved_bytes=171996448 storage=fp32 camera_reads=contiguous
  MFCG score_init=90993342.024340227 precision=fp64
PCG_PREP o=0 rebuild=1 drift=0 previous_depth=0
ATTR_RADIUS o=0 raw_norm=8861.1709887307607 norm=8861.1709887307588 radius=8861.1709887307607 next_radius=17722.341977461521 lambda=0.10000000000000001 next_lambda=0.025000000000000001 rho=0.99545080656082663 accept=1
CLASSICAL_LM o=0 lambda=0.10000000000000001 tau=0.10000000000000001 prediction=83412716.699058965 rho=0.99545080656082663 accept=1
  MFCG it   1 cost=7.960086e+06 lam=2.500e-02 tau=0.00e+00 cg_it=0 shift=0 ckpt=1 alpha=0 acc mv=2
PCG_PREP o=1 rebuild=1 drift=0 previous_depth=1
ATTR_RADIUS o=1 raw_norm=4659.7121206777847 norm=4659.7121206777847 radius=17722.341977461521 next_radius=17722.341977461521 lambda=0.025000000000000001 next_lambda=0.0025000000000000005 rho=0.99453896506499995 accept=1
CLASSICAL_LM o=1 lambda=0.025000000000000001 tau=0.025000000000000001 prediction=4259951.5107679665 rho=0.99453896506499995 accept=1
  MFCG it   2 cost=3.723398e+06 lam=2.500e-03 tau=0.00e+00 cg_it=4 shift=0 ckpt=5 alpha=0 acc mv=8
PCG_PREP o=2 rebuild=1 drift=0 previous_depth=5
ATTR_RADIUS o=2 raw_norm=6975.6779789560042 norm=6975.6779789560042 radius=17722.341977461521 next_radius=17722.341977461521 lambda=0.0025000000000000005 next_lambda=0.00025000000000000006 rho=0.87051061466545432 accept=1
CLASSICAL_LM o=2 lambda=0.0025000000000000005 tau=0.0025000000000000005 prediction=1234099.5580717572 rho=0.87051061466545432 accept=1
  MFCG it   3 cost=2.649101e+06 lam=2.500e-04 tau=0.00e+00 cg_it=9 shift=0 ckpt=10 alpha=0 acc mv=19
PCG_PREP o=3 rebuild=1 drift=0 previous_depth=10
ATTR_RADIUS o=3 raw_norm=10922.54250024664 norm=10922.54250024664 radius=17722.341977461521 next_radius=17722.341977461521 lambda=0.00025000000000000006 next_lambda=2.5000000000000008e-05 rho=0.71461554947557171 accept=1
CLASSICAL_LM o=3 lambda=0.00025000000000000006 tau=0.00025000000000000006 prediction=596515.31226688623 rho=0.71461554947557171 accept=1
  MFCG it   4 cost=2.222822e+06 lam=2.500e-05 tau=0.00e+00 cg_it=0 shift=0 ckpt=1 alpha=0 acc mv=21
PCG_PREP o=4 rebuild=1 drift=0 previous_depth=1
POINT_SAFE o=4 frozen=1341 slope=-336469.80093963962 candidate=2043410.2341506472 original=2072225.5020117429 current=2222822.2595843929 won=1 mode=1 camera_scale=1 keep_scale=0
ATTR_RADIUS o=4 raw_norm=25300.156643170685 norm=17722.341977461514 radius=17722.341977461521 next_radius=35444.683954923043 lambda=2.5000000000000008e-05 next_lambda=6.250000000000002e-06 rho=0.91745239780768695 accept=1
CLASSICAL_LM o=4 lambda=2.5000000000000008e-05 tau=2.5000000000000008e-05 prediction=195554.58775023377 rho=0.91745239780768695 accept=1
  MFCG it   5 cost=2.043410e+06 lam=6.250e-06 tau=0.00e+00 cg_it=1 shift=0 ckpt=2 alpha=0 acc mv=24
PCG_PREP o=5 rebuild=1 drift=0 previous_depth=2
POINT_SAFE o=5 frozen=1597 slope=-207541.10449234478 candidate=2178472.2530695703 original=2002349.2985813715 current=2043410.2341506472 won=0 mode=1 camera_scale=1 keep_scale=0
ATTR_RADIUS o=5 raw_norm=42981.159010775795 norm=4430.5854943653812 radius=35444.683954923043 next_radius=35444.683954923043 lambda=6.250000000000002e-06 next_lambda=6.2500000000000026e-07 rho=0.91577044393751972 accept=1
CLASSICAL_LM o=5 lambda=6.250000000000002e-06 tau=6.250000000000002e-06 prediction=44837.585490012934 rho=0.91577044393751972 accept=1
  MFCG it   6 cost=2.002349e+06 lam=6.250e-07 tau=0.00e+00 cg_it=7 shift=0 ckpt=8 alpha=0 acc mv=33
PCG_PREP o=6 rebuild=1 drift=0 previous_depth=8
POINT_SAFE o=6 frozen=1716 slope=-116978.65590868265 candidate=4315382.2163085928 original=1975753.7774411296 current=2002349.2985813715 won=0 mode=1 camera_scale=1 keep_scale=0
ATTR_RADIUS o=6 raw_norm=69289.314883602856 norm=8861.1709887307625 radius=35444.683954923043 next_radius=35444.683954923043 lambda=6.2500000000000026e-07 next_lambda=6.2500000000000024e-08 rho=0.46096390633797851 accept=1
CLASSICAL_LM o=6 lambda=6.2500000000000026e-07 tau=6.2500000000000026e-07 prediction=57695.452452067198 rho=0.46096390633797851 accept=1
  MFCG it   7 cost=1.975754e+06 lam=6.250e-08 tau=0.00e+00 cg_it=5 shift=0 ckpt=6 alpha=0 acc mv=40
PCG_PREP o=7 rebuild=1 drift=0 previous_depth=6
POINT_SAFE o=7 frozen=793 slope=-57627.728918372552 candidate=13067516.312542537 original=1975334.9451939489 current=1975753.7774411296 won=0 mode=1 camera_scale=1 keep_scale=0
ATTR_RADIUS o=7 raw_norm=76456.516104225782 norm=553.82318679567254 radius=35444.683954923043 next_radius=8861.1709887307607 lambda=6.2500000000000024e-08 next_lambda=1.0000000000000004e-06 rho=0.15959186365514808 accept=1
CLASSICAL_LM o=7 lambda=6.2500000000000024e-08 tau=6.2500000000000024e-08 prediction=2624.395991049139 rho=0.15959186365514808 accept=1
  MFCG it   8 cost=1.975335e+06 lam=1.000e-06 tau=0.00e+00 cg_it=0 shift=0 ckpt=1 alpha=0 acc mv=42
PCG_PREP o=8 rebuild=1 drift=0 previous_depth=1
POINT_SAFE o=8 frozen=275 slope=-49424.821795114702 candidate=2004619.8841190478 original=1974162.5283989571 current=1975334.9451939489 won=0 mode=1 camera_scale=1 keep_scale=0
ATTR_RADIUS o=8 raw_norm=30821.621719598501 norm=138.45579669891814 radius=8861.1709887307607 next_radius=8861.1709887307607 lambda=1.0000000000000004e-06 next_lambda=1.0000000000000005e-07 rho=0.46935570357129164 accept=1
CLASSICAL_LM o=8 lambda=1.0000000000000004e-06 tau=1.0000000000000004e-06 prediction=2497.9280875271984 rho=0.46935570357129164 accept=1
  MFCG it   9 cost=1.974163e+06 lam=1.000e-07 tau=0.00e+00 cg_it=0 shift=0 ckpt=1 alpha=0 acc mv=44
PCG_PREP o=9 rebuild=1 drift=0 previous_depth=1
POINT_SAFE o=9 frozen=161 slope=-42336.595014527949 candidate=2034442.6754034611 original=1974123.0992447287 current=1974162.5283989571 won=0 mode=1 camera_scale=1 keep_scale=0
ATTR_RADIUS o=9 raw_norm=69322.914044976307 norm=8861.1709887307588 radius=8861.1709887307607 next_radius=2215.2927471826902 lambda=1.0000000000000005e-07 next_lambda=1.6000000000000008e-06 rho=0.033049778782218306 accept=0
CLASSICAL_LM o=9 lambda=1.0000000000000005e-07 tau=1.0000000000000005e-07 prediction=1193.0232419477809 rho=0.033049778782218306 accept=0
  MFCG it  10  retry 1/8  lam=1.600e-06 tau_eff=1.000e-07  (assembly reused)
PCG_PREP o=9 rebuild=1 drift=0 previous_depth=1
POINT_SAFE o=9 frozen=32 slope=-40475.292561242808 candidate=1955581.7326095751 original=1973883.5724307594 current=1974162.5283989571 won=1 mode=1 camera_scale=1 keep_scale=0
ATTR_RADIUS o=9 raw_norm=25375.653692429591 norm=2215.2927471826906 radius=2215.2927471826902 next_radius=4430.5854943653803 lambda=1.6000000000000008e-06 next_lambda=4.0000000000000019e-07 rho=0.85052672770853632 accept=1
CLASSICAL_LM o=9 lambda=1.6000000000000008e-06 tau=1.6000000000000008e-06 prediction=21846.222092798635 rho=0.85052672770853632 accept=1
  MFCG it  10 cost=1.955582e+06 lam=4.000e-07 tau=0.00e+00 cg_it=0 shift=0 ckpt=1 alpha=0 acc mv=48
PCG_PREP o=10 rebuild=1 drift=0 previous_depth=1
POINT_SAFE o=10 frozen=496 slope=-8204.1204488745698 candidate=1960751.4687387433 original=1955331.4043686225 current=1955581.7326095751 won=0 mode=1 camera_scale=1 keep_scale=0
ATTR_RADIUS o=10 raw_norm=48304.166704155396 norm=34.613949174729527 radius=4430.5854943653803 next_radius=4430.5854943653803 lambda=4.0000000000000019e-07 next_lambda=4.0000000000000021e-08 rho=0.26995167128064101 accept=1
CLASSICAL_LM o=10 lambda=4.0000000000000019e-07 tau=4.0000000000000019e-07 prediction=927.30761682318609 rho=0.26995167128064101 accept=1
  MFCG it  11 cost=1.955331e+06 lam=4.000e-08 tau=0.00e+00 cg_it=0 shift=0 ckpt=1 alpha=0 acc mv=50
PCG_PREP o=11 rebuild=1 drift=0 previous_depth=1
POINT_SAFE o=11 frozen=291 slope=-6583.2616765491266 candidate=1966775.1412877413 original=inf current=1955331.4043686225 won=0 mode=1 camera_scale=1 keep_scale=0
ATTR_RADIUS o=11 raw_norm=88998.149728872813 norm=4430.5854943653821 radius=4430.5854943653803 next_radius=1107.6463735913451 lambda=4.0000000000000021e-08 next_lambda=6.4000000000000033e-07 rho=-1 accept=0
CLASSICAL_LM o=11 lambda=4.0000000000000021e-08 tau=4.0000000000000021e-08 prediction=4294.1274804061313 rho=-1 accept=0
  MFCG it  12  retry 1/8  lam=6.400e-07 tau_eff=4.000e-08  (assembly reused)
PCG_PREP o=11 rebuild=1 drift=0 previous_depth=1
POINT_SAFE o=11 frozen=88 slope=-5500.184892482639 candidate=1953341.0260865607 original=inf current=1955331.4043686225 won=1 mode=1 camera_scale=1 keep_scale=0
ATTR_RADIUS o=11 raw_norm=40357.267804262061 norm=1107.6463735913449 radius=1107.6463735913451 next_radius=1107.6463735913451 lambda=6.4000000000000033e-07 next_lambda=6.4000000000000033e-07 rho=0.59993757344430321 accept=1
CLASSICAL_LM o=11 lambda=6.4000000000000033e-07 tau=6.4000000000000033e-07 prediction=3317.6423184079167 rho=0.59993757344430321 accept=1
  MFCG it  12 cost=1.953341e+06 lam=6.400e-07 tau=0.00e+00 cg_it=0 shift=0 ckpt=1 alpha=0 acc mv=54
PCG_PREP o=12 rebuild=1 drift=0 previous_depth=1
POINT_SAFE o=12 frozen=284 slope=-2938.9427024812858 candidate=1952339.7090824952 original=1953181.6637587205 current=1953341.0260865607 won=1 mode=1 camera_scale=1 keep_scale=0
ATTR_RADIUS o=12 raw_norm=38879.565118168095 norm=1107.6463735913453 radius=1107.6463735913451 next_radius=1107.6463735913451 lambda=6.4000000000000033e-07 next_lambda=6.4000000000000033e-07 rho=0.49154087770931665 accept=1
CLASSICAL_LM o=12 lambda=6.4000000000000033e-07 tau=6.4000000000000033e-07 prediction=2037.0981325741243 rho=0.49154087770931665 accept=1
  MFCG it  13 cost=1.952340e+06 lam=6.400e-07 tau=0.00e+00 cg_it=0 shift=0 ckpt=1 alpha=0 acc mv=56
PCG_PREP o=13 rebuild=1 drift=0 previous_depth=1
POINT_SAFE o=13 frozen=92 slope=-2237.3323480452677 candidate=1951640.6274679629 original=1952138.599006772 current=1952339.7090824952 won=1 mode=1 camera_scale=1 keep_scale=0
ATTR_RADIUS o=13 raw_norm=38578.319913203486 norm=1107.6463735913449 radius=1107.6463735913451 next_radius=1107.6463735913451 lambda=6.4000000000000033e-07 next_lambda=6.4000000000000033e-07 rho=0.41582999256437714 accept=1
CLASSICAL_LM o=13 lambda=6.4000000000000033e-07 tau=6.4000000000000033e-07 prediction=1681.1716976476778 rho=0.41582999256437714 accept=1
  MFCG it  14 cost=1.951641e+06 lam=6.400e-07 tau=0.00e+00 cg_it=0 shift=0 ckpt=1 alpha=0 acc mv=58
PCG_PREP o=14 rebuild=1 drift=0 previous_depth=1
POINT_SAFE o=14 frozen=217 slope=-1625.9937644928223 candidate=1951024.7098489802 original=1951218.670026425 current=1951640.6274679629 won=1 mode=1 camera_scale=1 keep_scale=0
ATTR_RADIUS o=14 raw_norm=38306.541624910249 norm=1107.6463735913453 radius=1107.6463735913451 next_radius=1107.6463735913451 lambda=6.4000000000000033e-07 next_lambda=6.4000000000000033e-07 rho=0.42815030491075384 accept=1
CLASSICAL_LM o=14 lambda=6.4000000000000033e-07 tau=6.4000000000000033e-07 prediction=1438.5546662429965 rho=0.42815030491075384 accept=1
  MFCG it  15 cost=1.951025e+06 lam=6.400e-07 tau=0.00e+00 cg_it=0 shift=0 ckpt=1 alpha=0 acc mv=60
PCG_PREP o=15 rebuild=1 drift=0 previous_depth=1
POINT_SAFE o=15 frozen=94 slope=-1416.597856319737 candidate=1950341.5692082348 original=1950569.0103397048 current=1951024.7098489802 won=1 mode=1 camera_scale=1 keep_scale=0
ATTR_RADIUS o=15 raw_norm=37931.336924994466 norm=1107.6463735913449 radius=1107.6463735913451 next_radius=1107.6463735913451 lambda=6.4000000000000033e-07 next_lambda=6.4000000000000033e-07 rho=0.53980766115025014 accept=1
CLASSICAL_LM o=15 lambda=6.4000000000000033e-07 tau=6.4000000000000033e-07 prediction=1265.526019563586 rho=0.53980766115025014 accept=1
  MFCG it  16 cost=1.950342e+06 lam=6.400e-07 tau=0.00e+00 cg_it=0 shift=0 ckpt=1 alpha=0 acc mv=62
PCG_PREP o=16 rebuild=1 drift=0 previous_depth=1
POINT_SAFE o=16 frozen=220 slope=-1246.7634285546237 candidate=1949717.0091995173 original=1949607.9172355977 current=1950341.5692082348 won=0 mode=1 camera_scale=1 keep_scale=0
ATTR_RADIUS o=16 raw_norm=37547.790795187466 norm=17.306974587364756 radius=1107.6463735913451 next_radius=1107.6463735913451 lambda=6.4000000000000033e-07 next_lambda=6.400000000000003e-08 rho=0.42291972644756742 accept=1
CLASSICAL_LM o=16 lambda=6.4000000000000033e-07 tau=6.4000000000000033e-07 prediction=1734.7310299275023 rho=0.42291972644756742 accept=1
  MFCG it  17 cost=1.949608e+06 lam=6.400e-08 tau=0.00e+00 cg_it=0 shift=0 ckpt=1 alpha=0 acc mv=64
PCG_PREP o=17 rebuild=1 drift=0 previous_depth=1
POINT_SAFE o=17 frozen=134 slope=-727.9869760676944 candidate=1949909.7492020419 original=inf current=1949607.9172355977 won=0 mode=1 camera_scale=1 keep_scale=0
ATTR_RADIUS o=17 raw_norm=70578.193320107122 norm=1107.6463735913458 radius=1107.6463735913451 next_radius=276.91159339783627 lambda=6.400000000000003e-08 next_lambda=1.0240000000000005e-06 rho=-1 accept=0
CLASSICAL_LM o=17 lambda=6.400000000000003e-08 tau=6.400000000000003e-08 prediction=674.28633795148698 rho=-1 accept=0
  MFCG it  18  retry 1/8  lam=1.024e-06 tau_eff=6.400e-08  (assembly reused)
PCG_PREP o=17 rebuild=1 drift=0 previous_depth=1
POINT_SAFE o=17 frozen=51 slope=-453.01512641552699 candidate=1949262.0177318249 original=inf current=1949607.9172355977 won=1 mode=1 camera_scale=1 keep_scale=0
ATTR_RADIUS o=17 raw_norm=30285.540532430805 norm=276.91159339783621 radius=276.91159339783627 next_radius=553.82318679567254 lambda=1.0240000000000005e-06 next_lambda=2.5600000000000012e-07 rho=0.85959890510041304 accept=1
CLASSICAL_LM o=17 lambda=1.0240000000000005e-06 tau=1.0240000000000005e-06 prediction=402.39639873952569 rho=0.85959890510041304 accept=1
  MFCG it  18 cost=1.949262e+06 lam=2.560e-07 tau=0.00e+00 cg_it=0 shift=0 ckpt=1 alpha=0 acc mv=68
PCG_PREP o=18 rebuild=1 drift=0 previous_depth=1
POINT_SAFE o=18 frozen=522 slope=-441.73641357656237 candidate=1948994.2887306439 original=inf current=1949262.0177318249 won=1 mode=1 camera_scale=1 keep_scale=0
ATTR_RADIUS o=18 raw_norm=50323.855700883149 norm=553.82318679567243 radius=553.82318679567254 next_radius=553.82318679567254 lambda=2.5600000000000012e-07 next_lambda=2.5600000000000012e-07 rho=0.61559741358329434 accept=1
CLASSICAL_LM o=18 lambda=2.5600000000000012e-07 tau=2.5600000000000012e-07 prediction=434.90923657810634 rho=0.61559741358329434 accept=1
  MFCG it  19 cost=1.948994e+06 lam=2.560e-07 tau=0.00e+00 cg_it=0 shift=0 ckpt=1 alpha=0 acc mv=70
PCG_PREP o=19 rebuild=1 drift=0 previous_depth=1
POINT_SAFE o=19 frozen=183 slope=-433.44259280403168 candidate=1948714.4982917553 original=1948801.3462040846 current=1948994.2887306439 won=1 mode=1 camera_scale=1 keep_scale=0
ATTR_RADIUS o=19 raw_norm=50128.262385941751 norm=553.82318679567265 radius=553.82318679567254 next_radius=553.82318679567254 lambda=2.5600000000000012e-07 next_lambda=2.5600000000000012e-07 rho=0.65127741692742325 accept=1
CLASSICAL_LM o=19 lambda=2.5600000000000012e-07 tau=2.5600000000000012e-07 prediction=429.60254972233082 rho=0.65127741692742325 accept=1
  MFCG it  20 cost=1.948714e+06 lam=2.560e-07 tau=0.00e+00 cg_it=0 shift=0 ckpt=1 alpha=0 acc mv=72
PCG_PREP o=20 rebuild=1 drift=0 previous_depth=1
POINT_SAFE o=20 frozen=240 slope=-430.87367376535678 candidate=1948432.5189326007 original=1948512.2188889703 current=1948714.4982917553 won=1 mode=1 camera_scale=1 keep_scale=0
ATTR_RADIUS o=20 raw_norm=49896.889821822508 norm=553.82318679567243 radius=553.82318679567254 next_radius=553.82318679567254 lambda=2.5600000000000012e-07 next_lambda=2.5600000000000012e-07 rho=0.65923781545227467 accept=1
CLASSICAL_LM o=20 lambda=2.5600000000000012e-07 tau=2.5600000000000012e-07 prediction=427.73541284359663 rho=0.65923781545227467 accept=1
  MFCG it  21 cost=1.948433e+06 lam=2.560e-07 tau=0.00e+00 cg_it=0 shift=0 ckpt=1 alpha=0 acc mv=74
PCG_PREP o=21 rebuild=1 drift=0 previous_depth=1
POINT_SAFE o=21 frozen=132 slope=-429.31881148696738 candidate=1948146.4744918682 original=1948084.378776727 current=1948432.5189326007 won=0 mode=1 camera_scale=1 keep_scale=0
ATTR_RADIUS o=21 raw_norm=49704.790006468123 norm=4.3267436468411935 radius=553.82318679567254 next_radius=553.82318679567254 lambda=2.5600000000000012e-07 next_lambda=2.5600000000000014e-08 rho=0.4074527319810356 accept=1
CLASSICAL_LM o=21 lambda=2.5600000000000012e-07 tau=2.5600000000000012e-07 prediction=854.43078067256852 rho=0.4074527319810356 accept=1
  MFCG it  22 cost=1.948084e+06 lam=2.560e-08 tau=0.00e+00 cg_it=0 shift=0 ckpt=1 alpha=0 acc mv=76
PCG_PREP o=22 rebuild=1 drift=0 previous_depth=1
POINT_SAFE o=22 frozen=87 slope=-262.98571242625997 candidate=1947947.8150736336 original=inf current=1948084.378776727 won=1 mode=1 camera_scale=1 keep_scale=0
ATTR_RADIUS o=22 raw_norm=83340.676577433245 norm=553.82318679567254 radius=553.82318679567254 next_radius=553.82318679567254 lambda=2.5600000000000014e-08 next_lambda=2.5600000000000014e-08 rho=0.52272097796357531 accept=1
CLASSICAL_LM o=22 lambda=2.5600000000000014e-08 tau=2.5600000000000014e-08 prediction=261.25544764909182 rho=0.52272097796357531 accept=1
  MFCG it  23 cost=1.947948e+06 lam=2.560e-08 tau=0.00e+00 cg_it=0 shift=0 ckpt=1 alpha=0 acc mv=78
PCG_PREP o=23 rebuild=1 drift=0 previous_depth=1
POINT_SAFE o=23 frozen=252 slope=-254.87485667336361 candidate=1947783.0297631987 original=1947912.2941036017 current=1947947.8150736336 won=1 mode=1 camera_scale=1 keep_scale=0
ATTR_RADIUS o=23 raw_norm=84775.285123073641 norm=553.82318679567254 radius=553.82318679567254 next_radius=553.82318679567254 lambda=2.5600000000000014e-08 next_lambda=2.5600000000000014e-08 rho=0.64932030041108146 accept=1
CLASSICAL_LM o=23 lambda=2.5600000000000014e-08 tau=2.5600000000000014e-08 prediction=253.78123913660369 rho=0.64932030041108146 accept=1
  MFCG it  24 cost=1.947783e+06 lam=2.560e-08 tau=0.00e+00 cg_it=0 shift=0 ckpt=1 alpha=0 acc mv=80
PCG_PREP o=24 rebuild=1 drift=0 previous_depth=1
POINT_SAFE o=24 frozen=137 slope=-255.95253526991874 candidate=1947614.495205302 original=1947598.3181872496 current=1947783.0297631987 won=0 mode=1 camera_scale=1 keep_scale=0
ATTR_RADIUS o=24 raw_norm=83824.879709399451 norm=2.1633718234205976 radius=553.82318679567254 next_radius=553.82318679567254 lambda=2.5600000000000014e-08 next_lambda=2.5600000000000015e-09 rho=0.43437131191672651 accept=1
CLASSICAL_LM o=24 lambda=2.5600000000000014e-08 tau=2.5600000000000014e-08 prediction=425.23889327320501 rho=0.43437131191672651 accept=1
  MFCG it  25 cost=1.947598e+06 lam=2.560e-09 tau=0.00e+00 cg_it=0 shift=0 ckpt=1 alpha=0 acc mv=82
PCG_PREP o=25 rebuild=1 drift=0 previous_depth=1
POINT_SAFE o=25 frozen=54 slope=-70.866728641430313 candidate=1947610.6416612791 original=inf current=1947598.3181872496 won=0 mode=1 camera_scale=1 keep_scale=0
ATTR_RADIUS o=25 raw_norm=316945.89079140959 norm=553.8231867956722 radius=553.82318679567254 next_radius=138.45579669891814 lambda=2.5600000000000015e-09 next_lambda=4.0960000000000024e-08 rho=-1 accept=0
CLASSICAL_LM o=25 lambda=2.5600000000000015e-09 tau=2.5600000000000015e-09 prediction=70.5261359798521 rho=-1 accept=0
  MFCG it  26  retry 1/8  lam=4.096e-08 tau_eff=2.560e-09  (assembly reused)
PCG_PREP o=25 rebuild=1 drift=0 previous_depth=1
POINT_SAFE o=25 frozen=52 slope=-70.309993563152361 candidate=1947553.2249005085 original=inf current=1947598.3181872496 won=1 mode=1 camera_scale=1 keep_scale=0
ATTR_RADIUS o=25 raw_norm=76566.446425375747 norm=138.45579669891811 radius=138.45579669891814 next_radius=138.45579669891814 lambda=4.0960000000000024e-08 next_lambda=4.0960000000000024e-08 rho=0.64379940313310835 accept=1
CLASSICAL_LM o=25 lambda=4.0960000000000024e-08 tau=4.0960000000000024e-08 prediction=70.042448814970456 rho=0.64379940313310835 accept=1
  MFCG it  26 cost=1.947553e+06 lam=4.096e-08 tau=0.00e+00 cg_it=0 shift=0 ckpt=1 alpha=0 acc mv=86
PCG_PREP o=26 rebuild=1 drift=0 previous_depth=1
POINT_SAFE o=26 frozen=239 slope=-70.312339220296693 candidate=1947490.0101452374 original=inf current=1947553.2249005085 won=1 mode=1 camera_scale=1 keep_scale=0
ATTR_RADIUS o=26 raw_norm=75954.672025917913 norm=138.45579669891811 radius=138.45579669891814 next_radius=276.91159339783627 lambda=4.0960000000000024e-08 next_lambda=1.0240000000000006e-08 rho=0.90001510414942809 accept=1
CLASSICAL_LM o=26 lambda=4.0960000000000024e-08 tau=4.0960000000000024e-08 prediction=70.237438215926133 rho=0.90001510414942809 accept=1
  MFCG it  27 cost=1.947490e+06 lam=1.024e-08 tau=0.00e+00 cg_it=0 shift=0 ckpt=1 alpha=0 acc mv=88
PCG_PREP o=27 rebuild=1 drift=0 previous_depth=1
POINT_SAFE o=27 frozen=265 slope=-99.206361142324667 candidate=1947404.601535545 original=inf current=1947490.0101452374 won=1 mode=1 camera_scale=1 keep_scale=0
ATTR_RADIUS o=27 raw_norm=107973.69354481441 norm=276.91159339783616 radius=276.91159339783627 next_radius=553.82318679567254 lambda=1.0240000000000006e-08 next_lambda=2.5600000000000015e-09 rho=0.86215169658456503 accept=1
CLASSICAL_LM o=27 lambda=1.0240000000000006e-08 tau=1.0240000000000006e-08 prediction=99.064480219457039 rho=0.86215169658456503 accept=1
  MFCG it  28 cost=1.947405e+06 lam=2.560e-09 tau=0.00e+00 cg_it=0 shift=0 ckpt=1 alpha=0 acc mv=90
PCG_PREP o=28 rebuild=1 drift=0 previous_depth=1
NUMERIC_REPAIR o=28 lambda=2.5600000000000015e-09 rayleigh=-1.3767031045318574e-06 next_lambda=5.5170524181274294e-06 cg=1 rebuild=1
PCG_PREP o=28 rebuild=1 drift=0 previous_depth=1
POINT_SAFE o=28 frozen=779 slope=-1576.3416909741356 candidate=1945917.6708325851 original=inf current=1947404.601535545 won=1 mode=1 camera_scale=1 keep_scale=0
ATTR_RADIUS o=28 raw_norm=13525.321687854566 norm=553.82318679567243 radius=553.82318679567254 next_radius=1107.6463735913451 lambda=5.5170524181274294e-06 next_lambda=5.5170524181274294e-06 rho=0.9836427416261978 accept=1
CLASSICAL_LM o=28 lambda=5.5170524181274294e-06 tau=5.5170524181274294e-06 prediction=1511.6572715228215 rho=0.9836427416261978 accept=1
  MFCG it  29 cost=1.945918e+06 lam=5.517e-06 tau=0.00e+00 cg_it=0 shift=0 ckpt=1 alpha=0 acc mv=94
PCG_PREP o=29 rebuild=1 drift=0 previous_depth=1
POINT_SAFE o=29 frozen=289 slope=-2846.8062615366985 candidate=1943298.7816431518 original=1945728.889218515 current=1945917.6708325851 won=1 mode=1 camera_scale=1 keep_scale=0
ATTR_RADIUS o=29 raw_norm=13746.981124269814 norm=1107.6463735913451 radius=1107.6463735913451 next_radius=2215.2927471826902 lambda=5.5170524181274294e-06 next_lambda=5.5170524181274294e-06 rho=0.96740290313516886 accept=1
CLASSICAL_LM o=29 lambda=5.5170524181274294e-06 tau=5.5170524181274294e-06 prediction=2707.1338952425972 rho=0.96740290313516886 accept=1
  MFCG it  30 cost=1.943299e+06 lam=5.517e-06 tau=0.00e+00 cg_it=0 shift=0 ckpt=1 alpha=0 acc mv=96
PCG_PREP o=30 rebuild=1 drift=0 previous_depth=1
POINT_SAFE o=30 frozen=359 slope=-5291.64960342013 candidate=1938017.9946583055 original=1942880.3525733466 current=1943298.7816431518 won=1 mode=1 camera_scale=1 keep_scale=0
ATTR_RADIUS o=30 raw_norm=26809.402555931865 norm=2215.2927471826911 radius=2215.2927471826902 next_radius=4430.5854943653803 lambda=5.5170524181274294e-06 next_lambda=5.5170524181274294e-06 rho=1.0421034096753941 accept=1
CLASSICAL_LM o=30 lambda=5.5170524181274294e-06 tau=5.5170524181274294e-06 prediction=5067.4308670491218 rho=1.0421034096753941 accept=1
  MFCG it  31 cost=1.938018e+06 lam=5.517e-06 tau=0.00e+00 cg_it=1 shift=0 ckpt=2 alpha=0 acc mv=99
PCG_PREP o=31 rebuild=1 drift=0 previous_depth=2
POINT_SAFE o=31 frozen=264 slope=-10201.823391252216 candidate=1927810.2731579421 original=1937207.2468664644 current=1938017.9946583055 won=1 mode=1 camera_scale=1 keep_scale=0
ATTR_RADIUS o=31 raw_norm=25919.923273926663 norm=4430.5854943653785 radius=4430.5854943653803 next_radius=8861.1709887307607 lambda=5.5170524181274294e-06 next_lambda=5.5170524181274294e-06 rho=1.0962476888337558 accept=1
CLASSICAL_LM o=31 lambda=5.5170524181274294e-06 tau=5.5170524181274294e-06 prediction=9311.5101672167984 rho=1.0962476888337558 accept=1
  MFCG it  32 cost=1.927810e+06 lam=5.517e-06 tau=0.00e+00 cg_it=1 shift=0 ckpt=2 alpha=0 acc mv=102
PCG_PREP o=32 rebuild=1 drift=0 previous_depth=2
POINT_SAFE o=32 frozen=591 slope=-19644.938955424994 candidate=1914328.4404752725 original=1926225.8334731846 current=1927810.2731579421 won=1 mode=1 camera_scale=1 keep_scale=0
ATTR_RADIUS o=32 raw_norm=24187.468482062159 norm=8861.1709887307588 radius=8861.1709887307607 next_radius=17722.341977461521 lambda=5.5170524181274294e-06 next_lambda=5.5170524181274294e-06 rho=0.85538362127140199 accept=1
CLASSICAL_LM o=32 lambda=5.5170524181274294e-06 tau=5.5170524181274294e-06 prediction=15761.153647799412 rho=0.85538362127140199 accept=1
  MFCG it  33 cost=1.914328e+06 lam=5.517e-06 tau=0.00e+00 cg_it=1 shift=0 ckpt=2 alpha=0 acc mv=105
PCG_PREP o=33 rebuild=1 drift=0 previous_depth=2
POINT_SAFE o=33 frozen=939 slope=-49184.978672598489 candidate=1898510.4783064488 original=1903043.3429847276 current=1914328.4404752725 won=1 mode=1 camera_scale=1 keep_scale=0
ATTR_RADIUS o=33 raw_norm=32408.184897059367 norm=17722.341977461518 radius=17722.341977461521 next_radius=17722.341977461521 lambda=5.5170524181274294e-06 next_lambda=5.5170524181274294e-06 rho=0.47796158223537938 accept=1
CLASSICAL_LM o=33 lambda=5.5170524181274294e-06 tau=5.5170524181274294e-06 prediction=33094.630942605552 rho=0.47796158223537938 accept=1
  MFCG it  34 cost=1.898510e+06 lam=5.517e-06 tau=0.00e+00 cg_it=4 shift=0 ckpt=5 alpha=0 acc mv=111
PCG_PREP o=34 rebuild=1 drift=0 previous_depth=5
POINT_SAFE o=34 frozen=671 slope=-55021.383317687614 candidate=2011313.6764039025 original=1891256.1309077884 current=1898510.4783064488 won=0 mode=1 camera_scale=1 keep_scale=0
ATTR_RADIUS o=34 raw_norm=9380.4710424699151 norm=2345.1177606174788 radius=17722.341977461521 next_radius=4430.5854943653803 lambda=5.5170524181274294e-06 next_lambda=8.827283869003887e-05 rho=0.20769533115796823 accept=1
CLASSICAL_LM o=34 lambda=5.5170524181274294e-06 tau=5.5170524181274294e-06 prediction=34927.830867526296 rho=0.20769533115796823 accept=1
  MFCG it  35 cost=1.891256e+06 lam=8.827e-05 tau=0.00e+00 cg_it=0 shift=0 ckpt=1 alpha=0 acc mv=113
PCG_PREP o=35 rebuild=1 drift=0 previous_depth=1
POINT_SAFE o=35 frozen=128 slope=-34574.949169024709 candidate=1874009.4141740385 original=1890939.8090234871 current=1891256.1309077884 won=1 mode=1 camera_scale=1 keep_scale=0
ATTR_RADIUS o=35 raw_norm=2491.6100279974112 norm=2491.6100279974112 radius=4430.5854943653803 next_radius=4430.5854943653803 lambda=8.827283869003887e-05 next_lambda=8.827283869003887e-06 rho=0.97208861740978769 accept=1
CLASSICAL_LM o=35 lambda=8.827283869003887e-05 tau=8.827283869003887e-05 prediction=17741.918200529177 rho=0.97208861740978769 accept=1
  MFCG it  36 cost=1.874009e+06 lam=8.827e-06 tau=0.00e+00 cg_it=0 shift=0 ckpt=1 alpha=0 acc mv=115
PCG_PREP o=36 rebuild=1 drift=0 previous_depth=1
POINT_SAFE o=36 frozen=67 slope=-11043.445381253639 candidate=1864438.6749815799 original=1865302.5501537533 current=1874009.4141740385 won=1 mode=1 camera_scale=1 keep_scale=0
ATTR_RADIUS o=36 raw_norm=34599.72527012544 norm=4430.5854943653803 radius=4430.5854943653803 next_radius=8861.1709887307607 lambda=8.827283869003887e-06 next_lambda=5.5170524181274294e-06 rho=0.9663279813964254 accept=1
CLASSICAL_LM o=36 lambda=8.827283869003887e-06 tau=8.827283869003887e-06 prediction=9904.2347698842823 rho=0.9663279813964254 accept=1
  MFCG it  37 cost=1.864439e+06 lam=5.517e-06 tau=0.00e+00 cg_it=8 shift=0 ckpt=9 alpha=0 acc mv=125
PCG_PREP o=37 rebuild=1 drift=0 previous_depth=9
POINT_SAFE o=37 frozen=210 slope=-15231.235349579418 candidate=1852716.1732475744 original=1854006.1965561945 current=1864438.6749815799 won=1 mode=1 camera_scale=1 keep_scale=0
ATTR_RADIUS o=37 raw_norm=42426.465622288575 norm=8861.1709887307607 radius=8861.1709887307607 next_radius=17722.341977461521 lambda=5.5170524181274294e-06 next_lambda=5.5170524181274294e-06 rho=0.8708200992473214 accept=1
CLASSICAL_LM o=37 lambda=5.5170524181274294e-06 tau=5.5170524181274294e-06 prediction=13461.450584498069 rho=0.8708200992473214 accept=1
  MFCG it  38 cost=1.852716e+06 lam=5.517e-06 tau=0.00e+00 cg_it=8 shift=0 ckpt=9 alpha=0 acc mv=135
PCG_PREP o=38 rebuild=1 drift=0 previous_depth=9
POINT_SAFE o=38 frozen=439 slope=-32123.592172998462 candidate=1870809.6905682548 original=1839877.1007527499 current=1852716.1732475744 won=0 mode=1 camera_scale=1 keep_scale=0
ATTR_RADIUS o=38 raw_norm=39974.687571452705 norm=4430.5854943653831 radius=17722.341977461521 next_radius=17722.341977461521 lambda=5.5170524181274294e-06 next_lambda=5.5170524181274294e-06 rho=0.4043676665402402 accept=1
CLASSICAL_LM o=38 lambda=5.5170524181274294e-06 tau=5.5170524181274294e-06 prediction=31750.986928987684 rho=0.4043676665402402 accept=1
  MFCG it  39 cost=1.839877e+06 lam=5.517e-06 tau=0.00e+00 cg_it=9 shift=0 ckpt=10 alpha=0 acc mv=146
PCG_PREP o=39 rebuild=1 drift=0 previous_depth=10
POINT_SAFE o=39 frozen=284 slope=-49251.980816696378 candidate=1929118.9273028071 original=1836307.3518171511 current=1839877.1007527499 won=0 mode=1 camera_scale=1 keep_scale=0
ATTR_RADIUS o=39 raw_norm=35211.404843801349 norm=1107.6463735913449 radius=17722.341977461521 next_radius=17722.341977461521 lambda=5.5170524181274294e-06 next_lambda=5.5170524181274294e-06 rho=0.40604403889433682 accept=1
CLASSICAL_LM o=39 lambda=5.5170524181274294e-06 tau=5.5170524181274294e-06 prediction=8791.5314440260045 rho=0.40604403889433682 accept=1
  MFCG it  40 cost=1.836307e+06 lam=5.517e-06 tau=0.00e+00 cg_it=15 shift=0 ckpt=16 alpha=0 acc mv=163
PCG_PREP o=40 rebuild=1 drift=0 previous_depth=16
POINT_SAFE o=40 frozen=294 slope=-46821.685425345189 candidate=1876033.571756795 original=1833588.9837506919 current=1836307.3518171511 won=0 mode=1 camera_scale=1 keep_scale=0
ATTR_RADIUS o=40 raw_norm=35054.451981678678 norm=1107.6463735913453 radius=17722.341977461521 next_radius=17722.341977461521 lambda=5.5170524181274294e-06 next_lambda=5.5170524181274294e-06 rho=0.31665326711209224 accept=1
CLASSICAL_LM o=40 lambda=5.5170524181274294e-06 tau=5.5170524181274294e-06 prediction=8584.6834654540908 rho=0.31665326711209224 accept=1
  MFCG it  41 cost=1.833589e+06 lam=5.517e-06 tau=0.00e+00 cg_it=15 shift=0 ckpt=16 alpha=0 acc mv=180
PCG_PREP o=41 rebuild=1 drift=0 previous_depth=16
POINT_SAFE o=41 frozen=292 slope=-44384.929357838104 candidate=1865313.9654234766 original=1829339.4574467482 current=1833588.9837506919 won=0 mode=1 camera_scale=1 keep_scale=0
ATTR_RADIUS o=41 raw_norm=34902.129978940939 norm=1107.6463735913458 radius=17722.341977461521 next_radius=17722.341977461521 lambda=5.5170524181274294e-06 next_lambda=5.5170524181274294e-06 rho=0.50145106055749833 accept=1
CLASSICAL_LM o=41 lambda=5.5170524181274294e-06 tau=5.5170524181274294e-06 prediction=8474.4587023491695 rho=0.50145106055749833 accept=1
  MFCG it  42 cost=1.829339e+06 lam=5.517e-06 tau=0.00e+00 cg_it=15 shift=0 ckpt=16 alpha=0 acc mv=197
PCG_PREP o=42 rebuild=1 drift=0 previous_depth=16
POINT_SAFE o=42 frozen=295 slope=-42977.732260169789 candidate=1856647.2918941318 original=1828339.2824488801 current=1829339.4574467482 won=0 mode=1 camera_scale=1 keep_scale=0
ATTR_RADIUS o=42 raw_norm=34738.223166892043 norm=553.82318679567265 radius=17722.341977461521 next_radius=4430.5854943653803 lambda=5.5170524181274294e-06 next_lambda=8.827283869003887e-05 rho=0.24143549959236404 accept=1
CLASSICAL_LM o=42 lambda=5.5170524181274294e-06 tau=5.5170524181274294e-06 prediction=4142.617798777298 rho=0.24143549959236404 accept=1
  MFCG it  43 cost=1.828339e+06 lam=8.827e-05 tau=0.00e+00 cg_it=15 shift=0 ckpt=16 alpha=0 acc mv=214
PCG_PREP o=43 rebuild=1 drift=0 previous_depth=16
POINT_SAFE o=43 frozen=16 slope=-31816.969683987525 candidate=1806427.0805655506 original=1828309.1834342927 current=1828339.2824488801 won=1 mode=1 camera_scale=1 keep_scale=0
ATTR_RADIUS o=43 raw_norm=8850.3151018387289 norm=4430.5854943653803 radius=4430.5854943653803 next_radius=8861.1709887307607 lambda=8.827283869003887e-05 next_lambda=2.2068209672509718e-05 rho=0.89479324925965831 accept=1
CLASSICAL_LM o=43 lambda=8.827283869003887e-05 tau=8.827283869003887e-05 prediction=24488.564147594374 rho=0.89479324925965831 accept=1
  MFCG it  44 cost=1.806427e+06 lam=2.207e-05 tau=0.00e+00 cg_it=10 shift=0 ckpt=11 alpha=0 acc mv=226
PCG_PREP o=44 rebuild=1 drift=0 previous_depth=11
POINT_SAFE o=44 frozen=19 slope=-31002.112724863917 candidate=1784351.3702812563 original=1805362.9962381409 current=1806427.0805655506 won=1 mode=1 camera_scale=1 keep_scale=0
ATTR_RADIUS o=44 raw_norm=20806.46424656441 norm=8861.1709887307588 radius=8861.1709887307607 next_radius=17722.341977461521 lambda=2.2068209672509718e-05 next_lambda=5.5170524181274294e-06 rho=0.85376419740972032 accept=1
CLASSICAL_LM o=44 lambda=2.2068209672509718e-05 tau=2.2068209672509718e-05 prediction=25856.917344708265 rho=0.85376419740972032 accept=1
  MFCG it  45 cost=1.784351e+06 lam=5.517e-06 tau=0.00e+00 cg_it=20 shift=0 ckpt=21 alpha=0 acc mv=248
PCG_PREP o=45 rebuild=1 drift=0 previous_depth=21
POINT_SAFE o=45 frozen=1217 slope=-20394.106030050818 candidate=1810079.4077535309 original=inf current=1784351.3702812563 won=0 mode=1 camera_scale=1 keep_scale=0
ATTR_RADIUS o=45 raw_norm=21924.637025521835 norm=17722.341977461514 radius=17722.341977461521 next_radius=4430.5854943653803 lambda=5.5170524181274294e-06 next_lambda=8.827283869003887e-05 rho=-1 accept=0
CLASSICAL_LM o=45 lambda=5.5170524181274294e-06 tau=5.5170524181274294e-06 prediction=2520.6162614053974 rho=-1 accept=0
  MFCG it  46  retry 1/8  lam=8.827e-05 tau_eff=5.517e-06  (assembly reused)
PCG_PREP o=45 rebuild=1 drift=0 previous_depth=5
POINT_SAFE o=45 frozen=168 slope=-18757.756382811924 candidate=5161459539.1515341 original=inf current=1784351.3702812563 won=0 mode=1 camera_scale=1 keep_scale=0
ATTR_RADIUS o=45 raw_norm=4594.0400183613992 norm=4430.5854943653821 radius=4430.5854943653803 next_radius=1107.6463735913451 lambda=8.827283869003887e-05 next_lambda=0.0014123654190406219 rho=-1 accept=0
CLASSICAL_LM o=45 lambda=8.827283869003887e-05 tau=8.827283869003887e-05 prediction=12902.39616286118 rho=-1 accept=0
  MFCG it  46  retry 2/8  lam=1.412e-03 tau_eff=8.827e-05  (assembly reused)
PCG_PREP o=45 rebuild=1 drift=0 previous_depth=2
POINT_SAFE o=45 frozen=20 slope=-85750.695631610259 candidate=2453750.3405481442 original=inf current=1784351.3702812563 won=0 mode=1 camera_scale=1 keep_scale=0
ATTR_RADIUS o=45 raw_norm=826.6697216617348 norm=826.6697216617348 radius=1107.6463735913451 next_radius=276.91159339783627 lambda=0.0014123654190406219 next_lambda=0.022597846704649951 rho=-1 accept=0
CLASSICAL_LM o=45 lambda=0.0014123654190406219 tau=0.0014123654190406219 prediction=45969.647882840378 rho=-1 accept=0
  MFCG it  46  retry 3/8  lam=2.260e-02 tau_eff=1.412e-03  (assembly reused)
PCG_PREP o=45 rebuild=1 drift=0 previous_depth=2
POINT_SAFE o=45 frozen=3 slope=-86831.130801796098 candidate=2470725.7104163994 original=inf current=1784351.3702812563 won=0 mode=1 camera_scale=1 keep_scale=0
ATTR_RADIUS o=45 raw_norm=249.84590335343947 norm=249.84590335343947 radius=276.91159339783627 next_radius=69.227898349459068 lambda=0.022597846704649951 next_lambda=0.36156554727439921 rho=-1 accept=0
CLASSICAL_LM o=45 lambda=0.022597846704649951 tau=0.022597846704649951 prediction=44548.779760087891 rho=-1 accept=0
  MFCG it  46  retry 4/8  lam=3.616e-01 tau_eff=2.260e-02  (assembly reused)
PCG_PREP o=45 rebuild=1 drift=0 previous_depth=1
POINT_SAFE o=45 frozen=1 slope=-30076.621350956484 candidate=3118013.2775813602 original=1784302.7539436652 current=1784351.3702812563 won=0 mode=1 camera_scale=1 keep_scale=0
ATTR_RADIUS o=45 raw_norm=179.14487637586987 norm=0.54084295585514863 radius=69.227898349459068 next_radius=17.306974587364767 lambda=0.36156554727439921 next_lambda=5.7850487563903874 rho=0.19958442276485366 accept=1
CLASSICAL_LM o=45 lambda=0.36156554727439921 tau=0.36156554727439921 prediction=243.58783575190387 rho=0.19958442276485366 accept=1
  MFCG it  46 cost=1.784303e+06 lam=5.785e+00 tau=0.00e+00 cg_it=0 shift=0 ckpt=1 alpha=0 acc mv=264
PCG_PREP o=46 rebuild=1 drift=0 previous_depth=1
POINT_SAFE o=46 frozen=1 slope=-8653.4960205717307 candidate=1809668.6441240667 original=1784203.4793823569 current=1784302.7539436652 won=0 mode=1 camera_scale=1 keep_scale=0
ATTR_RADIUS o=46 raw_norm=53.056266311382331 norm=17.306974587364778 radius=17.306974587364767 next_radius=4.3267436468411917 lambda=5.7850487563903874 next_lambda=92.560780102246198 rho=0.087956182289655654 accept=0
CLASSICAL_LM o=46 lambda=5.7850487563903874 tau=5.7850487563903874 prediction=1128.6820178415112 rho=0.087956182289655654 accept=0
  MFCG it  47  retry 1/8  lam=9.256e+01 tau_eff=5.785e+00  (assembly reused)
PCG_PREP o=46 rebuild=1 drift=0 previous_depth=1
POINT_SAFE o=46 frozen=2 slope=-2027.6653439294473 candidate=1785349.7567751175 original=1784157.9315114843 current=1784302.7539436652 won=0 mode=1 camera_scale=1 keep_scale=0
ATTR_RADIUS o=46 raw_norm=4.7211869441421106 norm=2.1633718234205959 radius=4.3267436468411917 next_radius=1.0816859117102979 lambda=92.560780102246198 next_lambda=1480.9724816359392 rho=0.14133548714902874 accept=1
CLASSICAL_LM o=46 lambda=92.560780102246198 tau=92.560780102246198 prediction=1024.671404911642 rho=0.14133548714902874 accept=1
  MFCG it  47 cost=1.784158e+06 lam=1.481e+03 tau=0.00e+00 cg_it=0 shift=0 ckpt=1 alpha=0 acc mv=268
PCG_PREP o=47 rebuild=1 drift=0 previous_depth=1
ATTR_RADIUS o=47 raw_norm=0.31754234184664987 norm=0.31754234184664987 radius=1.0816859117102979 next_radius=1.0816859117102979 lambda=1480.9724816359392 next_lambda=148.09724816359392 rho=0.96915915243482631 accept=1
CLASSICAL_LM o=47 lambda=1480.9724816359392 tau=1480.9724816359392 prediction=159.65046194452327 rho=0.96915915243482631 accept=1
  MFCG it  48 cost=1.784003e+06 lam=1.481e+02 tau=0.00e+00 cg_it=0 shift=0 ckpt=1 alpha=0 acc mv=270
PCG_PREP o=48 rebuild=1 drift=0 previous_depth=1
ATTR_RADIUS o=48 raw_norm=3.0741285151853397 norm=1.0816859117102979 radius=1.0816859117102979 next_radius=2.1633718234205959 lambda=148.09724816359392 next_lambda=37.024312040898479 rho=0.85756917087274498 accept=1
CLASSICAL_LM o=48 lambda=148.09724816359392 tau=148.09724816359392 prediction=589.87148563301491 rho=0.85756917087274498 accept=1
  MFCG it  49 cost=1.783497e+06 lam=3.702e+01 tau=0.00e+00 cg_it=0 shift=0 ckpt=1 alpha=0 acc mv=272
PCG_PREP o=49 rebuild=1 drift=0 previous_depth=1
ATTR_RADIUS o=49 raw_norm=10.833250019226128 norm=0 radius=2.1633718234205959 next_radius=0.54084295585514897 lambda=37.024312040898479 next_lambda=592.38899265437567 rho=0.065277695537291069 accept=0
CLASSICAL_LM o=49 lambda=37.024312040898479 tau=37.024312040898479 prediction=1133.8175456560159 rho=0.065277695537291069 accept=0
  MFCG it  50  retry 1/8  lam=5.924e+02 tau_eff=3.702e+01  (assembly reused)
PCG_PREP o=49 rebuild=1 drift=0 previous_depth=1
ATTR_RADIUS o=49 raw_norm=0.72173999544991885 norm=0.54084295585514908 radius=0.54084295585514897 next_radius=1.0816859117102979 lambda=592.38899265437567 next_lambda=148.09724816359392 rho=0.78323169516424784 accept=1
CLASSICAL_LM o=49 lambda=592.38899265437567 tau=592.38899265437567 prediction=245.94590266434167 rho=0.78323169516424784 accept=1
  MFCG it  50 cost=1.783305e+06 lam=1.481e+02 tau=0.00e+00 cg_it=0 shift=0 ckpt=1 alpha=0 acc mv=276
PCG_PREP o=50 rebuild=1 drift=0 previous_depth=1
POINT_SAFE o=50 frozen=0 slope=-488.88603250943322 candidate=inf original=1783299.7592604277 current=1783304.7165779821 won=0 mode=1 camera_scale=1 keep_scale=0
ATTR_RADIUS o=50 raw_norm=2.7086497215123959 norm=0.033802684740946796 radius=1.0816859117102979 next_radius=1.0816859117102979 lambda=148.09724816359392 next_lambda=14.809724816359392 rho=0.32451977695249429 accept=1
CLASSICAL_LM o=50 lambda=148.09724816359392 tau=148.09724816359392 prediction=15.275856531596258 rho=0.32451977695249429 accept=1
  MFCG it  51 cost=1.783300e+06 lam=1.481e+01 tau=0.00e+00 cg_it=0 shift=0 ckpt=1 alpha=0 acc mv=278
PCG_PREP o=51 rebuild=1 drift=0 previous_depth=1
POINT_SAFE o=51 frozen=1 slope=-853.59431020904708 candidate=1784609.3730322919 original=1783248.4639146798 current=1783299.7592604277 won=0 mode=1 camera_scale=1 keep_scale=0
ATTR_RADIUS o=51 raw_norm=23.93916040217584 norm=0.27042147792757443 radius=1.0816859117102979 next_radius=0.27042147792757448 lambda=14.809724816359392 next_lambda=236.95559706175027 rho=0.22947470386991481 accept=1
CLASSICAL_LM o=51 lambda=14.809724816359392 tau=14.809724816359392 prediction=223.53377031449105 rho=0.22947470386991481 accept=1
  MFCG it  52 cost=1.783248e+06 lam=2.370e+02 tau=0.00e+00 cg_it=0 shift=0 ckpt=1 alpha=0 acc mv=280
PCG_PREP o=52 rebuild=1 drift=0 previous_depth=1
ATTR_RADIUS o=52 raw_norm=1.8260741065601569 norm=0.27042147792757459 radius=0.27042147792757448 next_radius=0.54084295585514897 lambda=236.95559706175027 next_lambda=59.238899265437567 rho=0.92605300468998086 accept=1
CLASSICAL_LM o=52 lambda=236.95559706175027 tau=236.95559706175027 prediction=155.22708235138003 rho=0.92605300468998086 accept=1
  MFCG it  53 cost=1.783105e+06 lam=5.924e+01 tau=0.00e+00 cg_it=0 shift=0 ckpt=1 alpha=0 acc mv=282
PCG_PREP o=53 rebuild=1 drift=0 previous_depth=1
ATTR_RADIUS o=53 raw_norm=6.8479427794770595 norm=0.54084295585514885 radius=0.54084295585514897 next_radius=1.0816859117102979 lambda=59.238899265437567 next_lambda=14.809724816359392 rho=0.75530761405801228 accept=1
CLASSICAL_LM o=53 lambda=59.238899265437567 tau=59.238899265437567 prediction=350.3233108110129 rho=0.75530761405801228 accept=1
  MFCG it  54 cost=1.782840e+06 lam=1.481e+01 tau=0.00e+00 cg_it=0 shift=0 ckpt=1 alpha=0 acc mv=284
PCG_PREP o=54 rebuild=1 drift=0 previous_depth=1
POINT_SAFE o=54 frozen=1 slope=-800.21247562075303 candidate=1784624.991384387 original=1782836.0689406861 current=1782840.1135446215 won=0 mode=1 camera_scale=1 keep_scale=0
ATTR_RADIUS o=54 raw_norm=23.788755284117919 norm=1.0816859117102977 radius=1.0816859117102979 next_radius=0.27042147792757448 lambda=14.809724816359392 next_lambda=236.95559706175027 rho=0.0194012056428619 accept=0
CLASSICAL_LM o=54 lambda=14.809724816359392 tau=14.809724816359392 prediction=208.47178314049557 rho=0.0194012056428619 accept=0
  MFCG it  55  retry 1/8  lam=2.370e+02 tau_eff=1.481e+01  (assembly reused)
PCG_PREP o=54 rebuild=1 drift=0 previous_depth=1
POINT_SAFE o=54 frozen=1 slope=-135.50474671455765 candidate=1782881.8236258989 original=1782817.7078716068 current=1782840.1135446215 won=0 mode=1 camera_scale=1 keep_scale=0
ATTR_RADIUS o=54 raw_norm=1.7093046808026864 norm=0.13521073896378719 radius=0.27042147792757448 next_radius=0.27042147792757448 lambda=236.95559706175027 next_lambda=23.695559706175029 rho=0.32402507585900697 accept=1
CLASSICAL_LM o=54 lambda=236.95559706175027 tau=236.95559706175027 prediction=69.147960093211836 rho=0.32402507585900697 accept=1
  MFCG it  55 cost=1.782818e+06 lam=2.370e+01 tau=0.00e+00 cg_it=0 shift=0 ckpt=1 alpha=0 acc mv=288
PCG_PREP o=55 rebuild=1 drift=0 previous_depth=1
ATTR_RADIUS o=55 raw_norm=15.784526674592039 norm=0.27042147792757454 radius=0.27042147792757448 next_radius=0.54084295585514897 lambda=23.695559706175029 next_lambda=5.9238899265437572 rho=0.83833867846050514 accept=1
CLASSICAL_LM o=55 lambda=23.695559706175029 tau=23.695559706175029 prediction=360.2604830907942 rho=0.83833867846050514 accept=1
  MFCG it  56 cost=1.782516e+06 lam=5.924e+00 tau=0.00e+00 cg_it=0 shift=0 ckpt=1 alpha=0 acc mv=290
PCG_PREP o=56 rebuild=1 drift=0 previous_depth=1
ATTR_RADIUS o=56 raw_norm=49.654451502670057 norm=0.54084295585514919 radius=0.54084295585514897 next_radius=0.13521073896378724 lambda=5.9238899265437572 next_lambda=94.782238824700116 rho=0.17932338008234855 accept=1
CLASSICAL_LM o=56 lambda=5.9238899265437572 tau=5.9238899265437572 prediction=906.84865021305097 rho=0.17932338008234855 accept=1
  MFCG it  57 cost=1.782353e+06 lam=9.478e+01 tau=0.00e+00 cg_it=0 shift=0 ckpt=1 alpha=0 acc mv=292
PCG_PREP o=57 rebuild=1 drift=0 previous_depth=1
ATTR_RADIUS o=57 raw_norm=4.8178948501445387 norm=0.1352107389637873 radius=0.13521073896378724 next_radius=0.27042147792757448 lambda=94.782238824700116 next_lambda=23.695559706175029 rho=0.95159624623937489 accept=1
CLASSICAL_LM o=57 lambda=94.782238824700116 tau=94.782238824700116 prediction=212.39432358690536 rho=0.95159624623937489 accept=1
  MFCG it  58 cost=1.782151e+06 lam=2.370e+01 tau=0.00e+00 cg_it=0 shift=0 ckpt=1 alpha=0 acc mv=294
PCG_PREP o=58 rebuild=1 drift=0 previous_depth=1
ATTR_RADIUS o=58 raw_norm=17.332983921631225 norm=0.27042147792757443 radius=0.27042147792757448 next_radius=0.54084295585514897 lambda=23.695559706175029 next_lambda=5.9238899265437572 rho=0.81745361700000974 accept=1
CLASSICAL_LM o=58 lambda=23.695559706175029 tau=23.695559706175029 prediction=595.62950368164638 rho=0.81745361700000974 accept=1
  MFCG it  59 cost=1.781664e+06 lam=5.924e+00 tau=0.00e+00 cg_it=0 shift=0 ckpt=1 alpha=0 acc mv=296
PCG_PREP o=59 rebuild=1 drift=0 previous_depth=1
ATTR_RADIUS o=59 raw_norm=50.593244258459926 norm=0.54084295585514885 radius=0.54084295585514897 next_radius=0.54084295585514897 lambda=5.9238899265437572 next_lambda=5.9238899265437572 rho=0.33211239980612761 accept=1
CLASSICAL_LM o=59 lambda=5.9238899265437572 tau=5.9238899265437572 prediction=916.06755957869996 rho=0.33211239980612761 accept=1
  MFCG it  60 cost=1.781360e+06 lam=5.924e+00 tau=0.00e+00 cg_it=0 shift=0 ckpt=1 alpha=0 acc mv=298
PCG_PREP o=60 rebuild=1 drift=0 previous_depth=1
ATTR_RADIUS o=60 raw_norm=51.874631634805411 norm=0 radius=0.54084295585514897 next_radius=0.13521073896378724 lambda=5.9238899265437572 next_lambda=94.782238824700116 rho=0.054654730969886704 accept=0
CLASSICAL_LM o=60 lambda=5.9238899265437572 tau=5.9238899265437572 prediction=1383.6828490439775 rho=0.054654730969886704 accept=0
  MFCG it  61  retry 1/8  lam=9.478e+01 tau_eff=5.924e+00  (assembly reused)
PCG_PREP o=60 rebuild=1 drift=0 previous_depth=1
ATTR_RADIUS o=60 raw_norm=4.6866066993420752 norm=0.13521073896378732 radius=0.13521073896378724 next_radius=0.27042147792757448 lambda=94.782238824700116 next_lambda=23.695559706175029 rho=0.91695729026678774 accept=1
CLASSICAL_LM o=60 lambda=94.782238824700116 tau=94.782238824700116 prediction=146.57151336874117 rho=0.91695729026678774 accept=1
  MFCG it  61 cost=1.781225e+06 lam=2.370e+01 tau=0.00e+00 cg_it=0 shift=0 ckpt=1 alpha=0 acc mv=302
PCG_PREP o=61 rebuild=1 drift=0 previous_depth=1
ATTR_RADIUS o=61 raw_norm=16.665555866865077 norm=0.27042147792757465 radius=0.27042147792757448 next_radius=0.27042147792757448 lambda=23.695559706175029 next_lambda=23.695559706175029 rho=0.722624928879393 accept=1
CLASSICAL_LM o=61 lambda=23.695559706175029 tau=23.695559706175029 prediction=337.6449260473554 rho=0.722624928879393 accept=1
  MFCG it  62 cost=1.780981e+06 lam=2.370e+01 tau=0.00e+00 cg_it=0 shift=0 ckpt=1 alpha=0 acc mv=304
PCG_PREP o=62 rebuild=1 drift=0 previous_depth=1
POINT_SAFE o=62 frozen=1 slope=-164.44875490178316 candidate=1781115.999893293 original=1780960.8289877048 current=1780981.4274219107 won=0 mode=1 camera_scale=1 keep_scale=0
ATTR_RADIUS o=62 raw_norm=15.312129583240287 norm=0.067605369481893635 radius=0.27042147792757448 next_radius=0.27042147792757448 lambda=23.695559706175029 next_lambda=2.3695559706175029 rho=0.48363726845017779 accept=1
CLASSICAL_LM o=62 lambda=23.695559706175029 tau=23.695559706175029 prediction=42.590667737152373 rho=0.48363726845017779 accept=1
  MFCG it  63 cost=1.780961e+06 lam=2.370e+00 tau=0.00e+00 cg_it=0 shift=0 ckpt=1 alpha=0 acc mv=306
PCG_PREP o=63 rebuild=1 drift=0 previous_depth=1
POINT_SAFE o=63 frozen=1 slope=-480.79470867606886 candidate=1780633.9959924757 original=1780825.8033008333 current=1780960.8289877048 won=1 mode=1 camera_scale=1 keep_scale=0
ATTR_RADIUS o=63 raw_norm=88.106242560205416 norm=0.27042147792757437 radius=0.27042147792757448 next_radius=0.54084295585514897 lambda=2.3695559706175029 next_lambda=0.59238899265437572 rho=0.78300462499445778 accept=1
CLASSICAL_LM o=63 lambda=2.3695559706175029 tau=2.3695559706175029 prediction=417.40876719787093 rho=0.78300462499445778 accept=1
  MFCG it  64 cost=1.780634e+06 lam=5.924e-01 tau=0.00e+00 cg_it=0 shift=0 ckpt=1 alpha=0 acc mv=308
PCG_PREP o=64 rebuild=1 drift=0 previous_depth=1
POINT_SAFE o=64 frozen=1 slope=-619.2628560177925 candidate=1780219.7515908112 original=1780624.6719954135 current=1780633.9959924757 won=1 mode=1 camera_scale=1 keep_scale=0
ATTR_RADIUS o=64 raw_norm=153.43543353431599 norm=0.5408429558551493 radius=0.54084295585514897 next_radius=1.0816859117102979 lambda=0.59238899265437572 next_lambda=0.14809724816359393 rho=0.78841790487232855 accept=1
CLASSICAL_LM o=64 lambda=0.59238899265437572 tau=0.59238899265437572 prediction=525.41221997178422 rho=0.78841790487232855 accept=1
  MFCG it  65 cost=1.780220e+06 lam=1.481e-01 tau=0.00e+00 cg_it=0 shift=0 ckpt=1 alpha=0 acc mv=310
PCG_PREP o=65 rebuild=1 drift=0 previous_depth=1
POINT_SAFE o=65 frozen=1 slope=-811.58557839895388 candidate=1780716.9076426718 original=1780216.7830277684 current=1780219.7515908112 won=0 mode=1 camera_scale=1 keep_scale=0
ATTR_RADIUS o=65 raw_norm=206.17975190339558 norm=1.0816859117102986 radius=1.0816859117102979 next_radius=0.27042147792757448 lambda=0.14809724816359393 next_lambda=2.3695559706175029 rho=0.032169560366752857 accept=0
CLASSICAL_LM o=65 lambda=0.14809724816359393 tau=0.14809724816359393 prediction=92.278632625701434 rho=0.032169560366752857 accept=0
  MFCG it  66  retry 1/8  lam=2.370e+00 tau_eff=1.481e-01  (assembly reused)
PCG_PREP o=65 rebuild=1 drift=0 previous_depth=1
POINT_SAFE o=65 frozen=1 slope=-154.14901557568061 candidate=1780125.4846797953 original=1780185.5710911795 current=1780219.7515908112 won=1 mode=1 camera_scale=1 keep_scale=0
ATTR_RADIUS o=65 raw_norm=87.702096434720687 norm=0.27042147792757437 radius=0.27042147792757448 next_radius=0.27042147792757448 lambda=2.3695559706175029 next_lambda=2.3695559706175029 rho=0.62309508254108992 accept=1
CLASSICAL_LM o=65 lambda=2.3695559706175029 tau=2.3695559706175029 prediction=151.28816396914738 rho=0.62309508254108992 accept=1
  MFCG it  66 cost=1.780125e+06 lam=2.370e+00 tau=0.00e+00 cg_it=0 shift=0 ckpt=1 alpha=0 acc mv=314
PCG_PREP o=66 rebuild=1 drift=0 previous_depth=1
POINT_SAFE o=66 frozen=2 slope=-144.91946745933143 candidate=1780051.1074009517 original=1780097.2686828615 current=1780125.4846797953 won=1 mode=1 camera_scale=1 keep_scale=0
ATTR_RADIUS o=66 raw_norm=87.793359790665605 norm=0.27042147792757465 radius=0.27042147792757448 next_radius=0.27042147792757448 lambda=2.3695559706175029 next_lambda=2.3695559706175029 rho=0.51893416296869022 accept=1
CLASSICAL_LM o=66 lambda=2.3695559706175029 tau=2.3695559706175029 prediction=143.32700398479895 rho=0.51893416296869022 accept=1
  MFCG it  67 cost=1.780051e+06 lam=2.370e+00 tau=0.00e+00 cg_it=0 shift=0 ckpt=1 alpha=0 acc mv=316
PCG_PREP o=67 rebuild=1 drift=0 previous_depth=1
POINT_SAFE o=67 frozen=1 slope=-139.60026054595096 candidate=1779955.6526852923 original=1780014.8695758043 current=1780051.1074009517 won=1 mode=1 camera_scale=1 keep_scale=0
ATTR_RADIUS o=67 raw_norm=87.592127474807143 norm=0.27042147792757459 radius=0.27042147792757448 next_radius=0.27042147792757448 lambda=2.3695559706175029 next_lambda=2.3695559706175029 rho=0.68881700541840574 accept=1
CLASSICAL_LM o=67 lambda=2.3695559706175029 tau=2.3695559706175029 prediction=138.57775709441799 rho=0.68881700541840574 accept=1
  MFCG it  68 cost=1.779956e+06 lam=2.370e+00 tau=0.00e+00 cg_it=0 shift=0 ckpt=1 alpha=0 acc mv=318
PCG_PREP o=68 rebuild=1 drift=0 previous_depth=1
POINT_SAFE o=68 frozen=3 slope=-134.8235365811322 candidate=1780025.4443417517 original=1779948.2573950398 current=1779955.6526852923 won=0 mode=1 camera_scale=1 keep_scale=0
ATTR_RADIUS o=68 raw_norm=87.523110441984855 norm=0.067605369481893607 radius=0.27042147792757448 next_radius=0.067605369481893621 lambda=2.3695559706175029 next_lambda=37.912895529880046 rho=0.1534012533628874 accept=1
CLASSICAL_LM o=68 lambda=2.3695559706175029 tau=2.3695559706175029 prediction=48.208799409385563 rho=0.1534012533628874 accept=1
  MFCG it  69 cost=1.779948e+06 lam=3.791e+01 tau=0.00e+00 cg_it=0 shift=0 ckpt=1 alpha=0 acc mv=320
PCG_PREP o=69 rebuild=1 drift=0 previous_depth=1
ATTR_RADIUS o=69 raw_norm=9.88738805052804 norm=0.067605369481893635 radius=0.067605369481893621 next_radius=0.13521073896378724 lambda=37.912895529880046 next_lambda=9.4782238824700116 rho=0.79199077948817331 accept=1
CLASSICAL_LM o=69 lambda=37.912895529880046 tau=37.912895529880046 prediction=39.179412664878825 rho=0.79199077948817331 accept=1
  MFCG it  70 cost=1.779917e+06 lam=9.478e+00 tau=0.00e+00 cg_it=0 shift=0 ckpt=1 alpha=0 acc mv=322
PCG_PREP o=70 rebuild=1 drift=0 previous_depth=1
POINT_SAFE o=70 frozen=14 slope=-60.303559500651758 candidate=1779947.0442394761 original=1779913.6905709007 current=1779917.2276614634 won=0 mode=1 camera_scale=1 keep_scale=0
ATTR_RADIUS o=70 raw_norm=33.449042420763085 norm=0.067605369481893579 radius=0.13521073896378724 next_radius=0.03380268474094681 lambda=9.4782238824700116 next_lambda=151.65158211952019 rho=0.10785640403472056 accept=1
CLASSICAL_LM o=70 lambda=9.4782238824700116 tau=9.4782238824700116 prediction=32.794441780304602 rho=0.10785640403472056 accept=1
  MFCG it  71 cost=1.779914e+06 lam=1.517e+02 tau=0.00e+00 cg_it=0 shift=0 ckpt=1 alpha=0 acc mv=324
PCG_PREP o=71 rebuild=1 drift=0 previous_depth=1
ATTR_RADIUS o=71 raw_norm=2.5936286371261961 norm=0.033802684740946831 radius=0.03380268474094681 next_radius=0.067605369481893621 lambda=151.65158211952019 next_lambda=37.912895529880046 rho=0.90586555158322435 accept=1
CLASSICAL_LM o=71 lambda=151.65158211952019 tau=151.65158211952019 prediction=17.180815859179816 rho=0.90586555158322435 accept=1
  MFCG it  72 cost=1.779898e+06 lam=3.791e+01 tau=0.00e+00 cg_it=0 shift=0 ckpt=1 alpha=0 acc mv=326
PCG_PREP o=72 rebuild=1 drift=0 previous_depth=1
ATTR_RADIUS o=72 raw_norm=9.8234293951985716 norm=0.067605369481893579 radius=0.067605369481893621 next_radius=0.067605369481893621 lambda=37.912895529880046 next_lambda=37.912895529880046 rho=0.63207106088405152 accept=1
CLASSICAL_LM o=72 lambda=37.912895529880046 tau=37.912895529880046 prediction=34.865906561107842 rho=0.63207106088405152 accept=1
  MFCG it  73 cost=1.779876e+06 lam=3.791e+01 tau=0.00e+00 cg_it=0 shift=0 ckpt=1 alpha=0 acc mv=328
PCG_PREP o=73 rebuild=1 drift=0 previous_depth=1
POINT_SAFE o=73 frozen=85 slope=-28.242779656178634 candidate=1779908.2417554448 original=1779872.770589726 current=1779876.089331117 won=0 mode=1 camera_scale=1 keep_scale=0
ATTR_RADIUS o=73 raw_norm=9.7220156014922061 norm=0.016901342370473405 radius=0.067605369481893621 next_radius=0.067605369481893621 lambda=37.912895529880046 next_lambda=3.7912895529880046 rho=0.4614993062378045 accept=1
CLASSICAL_LM o=73 lambda=37.912895529880046 tau=37.912895529880046 prediction=7.1912164245749679 rho=0.4614993062378045 accept=1
  MFCG it  74 cost=1.779873e+06 lam=3.791e+00 tau=0.00e+00 cg_it=0 shift=0 ckpt=1 alpha=0 acc mv=330
PCG_PREP o=74 rebuild=1 drift=0 previous_depth=1
POINT_SAFE o=74 frozen=6 slope=-44.280920132348342 candidate=1779870.4367131505 original=1779871.8015812098 current=1779872.770589726 won=1 mode=1 camera_scale=1 keep_scale=0
ATTR_RADIUS o=74 raw_norm=65.855541186730235 norm=0.033802684740946831 radius=0.067605369481893621 next_radius=0.016901342370473405 lambda=3.7912895529880046 next_lambda=60.660632847808074 rho=0.052995947068529309 accept=0
CLASSICAL_LM o=74 lambda=3.7912895529880046 tau=3.7912895529880046 prediction=44.038774749287803 rho=0.052995947068529309 accept=0
  MFCG it  75  retry 1/8  lam=6.066e+01 tau_eff=3.791e+00  (assembly reused)
PCG_PREP o=74 rebuild=1 drift=0 previous_depth=1
ATTR_RADIUS o=74 raw_norm=6.2204161199881165 norm=0.016901342370473402 radius=0.016901342370473405 next_radius=0.016901342370473405 lambda=60.660632847808074 next_lambda=60.660632847808074 rho=0.61722893793404321 accept=1
CLASSICAL_LM o=74 lambda=60.660632847808074 tau=60.660632847808074 prediction=8.6893940125929241 rho=0.61722893793404321 accept=1
  MFCG it  75 cost=1.779867e+06 lam=6.066e+01 tau=0.00e+00 cg_it=0 shift=0 ckpt=1 alpha=0 acc mv=334
PCG_PREP o=75 rebuild=1 drift=0 previous_depth=1
ATTR_RADIUS o=75 raw_norm=6.2038626291962151 norm=0.016901342370473412 radius=0.016901342370473405 next_radius=0.016901342370473405 lambda=60.660632847808074 next_lambda=60.660632847808074 rho=0.27055945734155706 accept=1
CLASSICAL_LM o=75 lambda=60.660632847808074 tau=60.660632847808074 prediction=7.9821596214334427 rho=0.27055945734155706 accept=1
  MFCG it  76 cost=1.779865e+06 lam=6.066e+01 tau=0.00e+00 cg_it=0 shift=0 ckpt=1 alpha=0 acc mv=336
PCG_PREP o=76 rebuild=1 drift=0 previous_depth=1
ATTR_RADIUS o=76 raw_norm=6.2337099963922364 norm=0.016901342370473402 radius=0.016901342370473405 next_radius=0.03380268474094681 lambda=60.660632847808074 next_lambda=15.165158211952019 rho=0.79090033925488179 accept=1
CLASSICAL_LM o=76 lambda=60.660632847808074 tau=60.660632847808074 prediction=9.3918945105063436 rho=0.79090033925488179 accept=1
  MFCG it  77 cost=1.779858e+06 lam=1.517e+01 tau=0.00e+00 cg_it=0 shift=0 ckpt=1 alpha=0 acc mv=338
PCG_PREP o=77 rebuild=1 drift=0 previous_depth=1
POINT_SAFE o=77 frozen=39 slope=-17.727713760030824 candidate=1779967.9413898136 original=1779857.7296444213 current=1779857.8195429582 won=0 mode=1 camera_scale=1 keep_scale=0
ATTR_RADIUS o=77 raw_norm=22.489554219285569 norm=0.03380268474094681 radius=0.03380268474094681 next_radius=0.0084506711852367026 lambda=15.165158211952019 next_lambda=242.6425313912323 rho=0.038980803267849286 accept=0
CLASSICAL_LM o=77 lambda=15.165158211952019 tau=15.165158211952019 prediction=2.3062258695742095 rho=0.038980803267849286 accept=0
  MFCG it  78  retry 1/8  lam=2.426e+02 tau_eff=1.517e+01  (assembly reused)
PCG_PREP o=77 rebuild=1 drift=0 previous_depth=1
POINT_SAFE o=77 frozen=1065 slope=-3.5845783785205465 candidate=1779862.2239059834 original=1779857.4229630386 current=1779857.8195429582 won=0 mode=1 camera_scale=1 keep_scale=0
ATTR_RADIUS o=77 raw_norm=1.5942488283810348 norm=0.0021126677963091756 radius=0.0084506711852367026 next_radius=0.0084506711852367026 lambda=242.6425313912323 next_lambda=24.26425313912323 rho=0.43614313864804166 accept=1
CLASSICAL_LM o=77 lambda=242.6425313912323 tau=242.6425313912323 prediction=0.90928845251373336 rho=0.43614313864804166 accept=1
  MFCG it  78 cost=1.779857e+06 lam=2.426e+01 tau=0.00e+00 cg_it=0 shift=0 ckpt=1 alpha=0 acc mv=342
PCG_PREP o=78 rebuild=1 drift=0 previous_depth=1
ATTR_RADIUS o=78 raw_norm=14.712287429262316 norm=0.0084506711852367043 radius=0.0084506711852367026 next_radius=0.0084506711852367026 lambda=24.26425313912323 next_lambda=24.26425313912323 rho=0.29764332746381078 accept=1
CLASSICAL_LM o=78 lambda=24.26425313912323 tau=24.26425313912323 prediction=6.4172743927549476 rho=0.29764332746381078 accept=1
  MFCG it  79 cost=1.779856e+06 lam=2.426e+01 tau=0.00e+00 cg_it=0 shift=0 ckpt=1 alpha=0 acc mv=344
PCG_PREP o=79 rebuild=1 drift=0 previous_depth=1
ATTR_RADIUS o=79 raw_norm=14.791531140303947 norm=0.0084506711852366974 radius=0.0084506711852367026 next_radius=0.016901342370473405 lambda=24.26425313912323 next_lambda=6.0660632847808076 rho=0.78542485038955945 accept=1
CLASSICAL_LM o=79 lambda=24.26425313912323 tau=24.26425313912323 prediction=9.757692760491631 rho=0.78542485038955945 accept=1
  MFCG it  80 cost=1.779848e+06 lam=6.066e+00 tau=0.00e+00 cg_it=0 shift=0 ckpt=1 alpha=0 acc mv=346
PCG_PREP o=80 rebuild=1 drift=0 previous_depth=1
POINT_SAFE o=80 frozen=10 slope=-17.614480241804827 candidate=1779871.9071716869 original=1779846.5010563827 current=1779847.8489697585 won=0 mode=1 camera_scale=1 keep_scale=0
ATTR_RADIUS o=80 raw_norm=47.484788672731959 norm=0.0042253355926183487 radius=0.016901342370473405 next_radius=0.016901342370473405 lambda=6.0660632847808076 next_lambda=0.60660632847808083 rho=0.29446254144315948 accept=1
CLASSICAL_LM o=80 lambda=6.0660632847808076 tau=6.0660632847808076 prediction=4.5775376698737649 rho=0.29446254144315948 accept=1
  MFCG: converged (OCA_FTOL: 8 outers < 1.0e-05 rel)
  [menu-backtrack] confirming stop with original retry policy at outer 81
  MFCG it  81 cost=1.779847e+06 lam=6.066e-01 tau=0.00e+00 cg_it=0 shift=0 ckpt=1 alpha=0 acc mv=348
PCG_PREP o=81 rebuild=1 drift=0 previous_depth=1
ATTR_RADIUS o=81 raw_norm=154.90384210293604 norm=0.016901342370473409 radius=0.016901342370473405 next_radius=0.0042253355926183513 lambda=0.60660632847808083 next_lambda=9.7057012556492932 rho=-1 accept=0
CLASSICAL_LM o=81 lambda=0.60660632847808083 tau=0.60660632847808083 prediction=179.43999391085447 rho=-1 accept=0
  MFCG it  82  retry 1/8  lam=9.706e+00 tau_eff=6.066e-01  (assembly reused)
PCG_PREP o=81 rebuild=1 drift=0 previous_depth=1
ATTR_RADIUS o=81 raw_norm=32.787073579038953 norm=0.0042253355926183487 radius=0.0042253355926183513 next_radius=0.0042253355926183513 lambda=9.7057012556492932 next_lambda=9.7057012556492932 rho=0.70201864684400539 accept=1
CLASSICAL_LM o=81 lambda=9.7057012556492932 tau=9.7057012556492932 prediction=13.605833574852458 rho=0.70201864684400539 accept=1
  MFCG it  82 cost=1.779837e+06 lam=9.706e+00 tau=0.00e+00 cg_it=0 shift=0 ckpt=1 alpha=0 acc mv=352
PCG_PREP o=82 rebuild=1 drift=0 previous_depth=1
ATTR_RADIUS o=82 raw_norm=32.823662565753594 norm=0.0042253355926183487 radius=0.0042253355926183513 next_radius=0.0042253355926183513 lambda=9.7057012556492932 next_lambda=9.7057012556492932 rho=0.72090902651176003 accept=1
CLASSICAL_LM o=82 lambda=9.7057012556492932 tau=9.7057012556492932 prediction=9.3984797033265401 rho=0.72090902651176003 accept=1
  MFCG it  83 cost=1.779830e+06 lam=9.706e+00 tau=0.00e+00 cg_it=0 shift=0 ckpt=1 alpha=0 acc mv=354
PCG_PREP o=83 rebuild=1 drift=0 previous_depth=1
ATTR_RADIUS o=83 raw_norm=32.756018620266936 norm=0.0042253355926183487 radius=0.0042253355926183513 next_radius=0.0042253355926183513 lambda=9.7057012556492932 next_lambda=9.7057012556492932 rho=0.74929797066199177 accept=1
CLASSICAL_LM o=83 lambda=9.7057012556492932 tau=9.7057012556492932 prediction=11.020815202151788 rho=0.74929797066199177 accept=1
  MFCG it  84 cost=1.779822e+06 lam=9.706e+00 tau=0.00e+00 cg_it=0 shift=0 ckpt=1 alpha=0 acc mv=356
PCG_PREP o=84 rebuild=1 drift=0 previous_depth=1
ATTR_RADIUS o=84 raw_norm=32.817665475902217 norm=0.0042253355926183513 radius=0.0042253355926183513 next_radius=0.0042253355926183513 lambda=9.7057012556492932 next_lambda=9.7057012556492932 rho=0.73459574878253164 accept=1
CLASSICAL_LM o=84 lambda=9.7057012556492932 tau=9.7057012556492932 prediction=9.1190013456098509 rho=0.73459574878253164 accept=1
  MFCG it  85 cost=1.779815e+06 lam=9.706e+00 tau=0.00e+00 cg_it=0 shift=0 ckpt=1 alpha=0 acc mv=358
PCG_PREP o=85 rebuild=1 drift=0 previous_depth=1
ATTR_RADIUS o=85 raw_norm=32.745391302052845 norm=0.0042253355926183478 radius=0.0042253355926183513 next_radius=0.0084506711852367026 lambda=9.7057012556492932 next_lambda=2.4264253139123233 rho=0.75254431918471465 accept=1
CLASSICAL_LM o=85 lambda=9.7057012556492932 tau=9.7057012556492932 prediction=10.30952056691685 rho=0.75254431918471465 accept=1
  MFCG it  86 cost=1.779807e+06 lam=2.426e+00 tau=0.00e+00 cg_it=0 shift=0 ckpt=1 alpha=0 acc mv=360
PCG_PREP o=86 rebuild=1 drift=0 previous_depth=1
ATTR_RADIUS o=86 raw_norm=86.301993561914472 norm=0.0084506711852367009 radius=0.0084506711852367026 next_radius=0.0084506711852367026 lambda=2.4264253139123233 next_lambda=2.4264253139123233 rho=0.37352868406970602 accept=1
CLASSICAL_LM o=86 lambda=2.4264253139123233 tau=2.4264253139123233 prediction=31.009388179314275 rho=0.37352868406970602 accept=1
  MFCG it  87 cost=1.779796e+06 lam=2.426e+00 tau=0.00e+00 cg_it=0 shift=0 ckpt=1 alpha=0 acc mv=362
PCG_PREP o=87 rebuild=1 drift=0 previous_depth=1
ATTR_RADIUS o=87 raw_norm=86.178552320653182 norm=0.0084506711852367026 radius=0.0084506711852367026 next_radius=0.0021126677963091756 lambda=2.4264253139123233 next_lambda=38.822805022597173 rho=-1 accept=0
CLASSICAL_LM o=87 lambda=2.4264253139123233 tau=2.4264253139123233 prediction=154.90405945480862 rho=-1 accept=0
  MFCG it  88  retry 1/8  lam=3.882e+01 tau_eff=2.426e+00  (assembly reused)
PCG_PREP o=87 rebuild=1 drift=0 previous_depth=1
ATTR_RADIUS o=87 raw_norm=9.6260740822095041 norm=0.0021126677963091739 radius=0.0021126677963091756 next_radius=0.0042253355926183513 lambda=38.822805022597173 next_lambda=9.7057012556492932 rho=0.86672187162783554 accept=1
CLASSICAL_LM o=87 lambda=38.822805022597173 tau=38.822805022597173 prediction=11.235785199984516 rho=0.86672187162783554 accept=1
  MFCG it  88 cost=1.779786e+06 lam=9.706e+00 tau=0.00e+00 cg_it=0 shift=0 ckpt=1 alpha=0 acc mv=366
PCG_PREP o=88 rebuild=1 drift=0 previous_depth=1
ATTR_RADIUS o=88 raw_norm=32.873403535439024 norm=0.0042253355926183513 radius=0.0042253355926183513 next_radius=0.0042253355926183513 lambda=9.7057012556492932 next_lambda=9.7057012556492932 rho=0.54587743174665715 accept=1
CLASSICAL_LM o=88 lambda=9.7057012556492932 tau=9.7057012556492932 prediction=23.203913599275925 rho=0.54587743174665715 accept=1
  MFCG: converged (OCA_FTOL: 8 outers < 1.0e-05 rel)
  MFCG: accepts=89 rejects=17 total_matvecs=368 negcurv=1 cand_evals=106 mean_cg_per_outer=4.1
NUMERIC_REPAIR summary rebuilds=1 floor=5.5170524181274294e-06
  [retry-cache] builds=107 reuses=0
  [menu-backtrack] trials=70 rescues=63 evals=414 total_scored=520
POINT_SAFE summary calls=70 evals=69 wins=33 frozen=18626 seconds=0.832353891
  [scoring] menu_evals=106 alpha_evals=0 backtrack_evals=414 total_scored=520
RESULT algo=mfree_shifted_cg iters=89 final_cost=1779773.4713439296 solve_seconds=6.557240
DIAGNOSTICS median_reproj_err_px 2.704502 -> 0.546256 | cheirality_violations(obs) 751 -> 760 | cheirality_violations(pts, of 310854) 725 -> 732
