[R10] --zero_k2: all k2 set to 0 at load
Loaded /workspace/bal/dubrovnik-88.txt: ncam=88 npt=64298 nobs=383937 n=193422
[R10] --dof9: refining f,k1 per camera (88 cameras)
  [menu-backtrack] active=1 max_evals=8 warmup_accepts=3 confirm_stop=original armijo=1e-4
MIXED_STORAGE fragments=fp32 arithmetic=fp64 state=fp64 acceptance=fp64
  [compact-fragments] active=2 saved_bytes=39929448 storage=fp32 camera_reads=contiguous
  MFCG score_init=30562787.847235739 precision=fp64
PCG_PREP o=0 rebuild=1 drift=0 previous_depth=0
ATTR_RADIUS o=0 raw_norm=5445.8560983987391 norm=5445.8560983987391 radius=5445.8560983987391 next_radius=10891.712196797478 lambda=0.10000000000000001 next_lambda=0.025000000000000001 rho=0.99642283532921239 accept=1
CLASSICAL_LM o=0 lambda=0.10000000000000001 tau=0.10000000000000001 prediction=28494581.339232981 rho=0.99642283532921239 accept=1
  MFCG it   1 cost=2.170136e+06 lam=2.500e-02 tau=0.00e+00 cg_it=0 shift=0 ckpt=1 alpha=0 acc mv=2
PCG_PREP o=1 rebuild=1 drift=0 previous_depth=1
ATTR_RADIUS o=1 raw_norm=2850.3640786061064 norm=2850.3640786061064 radius=10891.712196797478 next_radius=10891.712196797478 lambda=0.025000000000000001 next_lambda=0.0025000000000000005 rho=0.99898041080055555 accept=1
CLASSICAL_LM o=1 lambda=0.025000000000000001 tau=0.025000000000000001 prediction=1301657.1942207008 rho=0.99898041080055555 accept=1
  MFCG it   2 cost=8.698063e+05 lam=2.500e-03 tau=0.00e+00 cg_it=4 shift=0 ckpt=5 alpha=0 acc mv=8
PCG_PREP o=2 rebuild=1 drift=0 previous_depth=5
ATTR_RADIUS o=2 raw_norm=2272.889358021434 norm=2272.889358021434 radius=10891.712196797478 next_radius=10891.712196797478 lambda=0.0025000000000000005 next_lambda=0.00025000000000000006 rho=0.99190491987085272 accept=1
CLASSICAL_LM o=2 lambda=0.0025000000000000005 tau=0.0025000000000000005 prediction=304855.50474077265 rho=0.99190491987085272 accept=1
  MFCG it   3 cost=5.674186e+05 lam=2.500e-04 tau=0.00e+00 cg_it=9 shift=0 ckpt=10 alpha=0 acc mv=19
PCG_PREP o=3 rebuild=1 drift=0 previous_depth=10
ATTR_RADIUS o=3 raw_norm=2295.2916485715723 norm=2295.2916485715723 radius=10891.712196797478 next_radius=10891.712196797478 lambda=0.00025000000000000006 next_lambda=2.5000000000000008e-05 rho=0.98311495840323615 accept=1
CLASSICAL_LM o=3 lambda=0.00025000000000000006 tau=0.00025000000000000006 prediction=169689.65635673309 rho=0.98311495840323615 accept=1
  MFCG it   4 cost=4.005942e+05 lam=2.500e-05 tau=0.00e+00 cg_it=0 shift=0 ckpt=1 alpha=0 acc mv=21
PCG_PREP o=4 rebuild=1 drift=0 previous_depth=1
ATTR_RADIUS o=4 raw_norm=7330.2253398132625 norm=7330.2253398132625 radius=10891.712196797478 next_radius=10891.712196797478 lambda=2.5000000000000008e-05 next_lambda=2.5000000000000011e-06 rho=0.77434215249703442 accept=1
CLASSICAL_LM o=4 lambda=2.5000000000000008e-05 tau=2.5000000000000008e-05 prediction=37640.562392136999 rho=0.77434215249703442 accept=1
  MFCG it   5 cost=3.714475e+05 lam=2.500e-06 tau=0.00e+00 cg_it=7 shift=0 ckpt=8 alpha=0 acc mv=30
PCG_PREP o=5 rebuild=1 drift=0 previous_depth=8
ATTR_RADIUS o=5 raw_norm=732.61597187323616 norm=732.61597187323616 radius=10891.712196797478 next_radius=10891.712196797478 lambda=2.5000000000000011e-06 next_lambda=2.5000000000000009e-07 rho=0.93246850054813013 accept=1
CLASSICAL_LM o=5 lambda=2.5000000000000011e-06 tau=2.5000000000000011e-06 prediction=9528.1107669635585 rho=0.93246850054813013 accept=1
  MFCG it   6 cost=3.625628e+05 lam=2.500e-07 tau=0.00e+00 cg_it=0 shift=0 ckpt=1 alpha=0 acc mv=32
PCG_PREP o=6 rebuild=1 drift=0 previous_depth=1
POINT_SAFE o=6 frozen=56 slope=-10369.929822260749 candidate=370151.23022873292 original=360836.35785529995 current=362562.82735770679 won=0 mode=1 camera_scale=1 keep_scale=0
ATTR_RADIUS o=6 raw_norm=8283.2716797014982 norm=2070.8179199253746 radius=10891.712196797478 next_radius=10891.712196797478 lambda=2.5000000000000009e-07 next_lambda=2.5000000000000012e-08 rho=0.78419412967371749 accept=1
CLASSICAL_LM o=6 lambda=2.5000000000000009e-07 tau=2.5000000000000009e-07 prediction=2201.5843234189647 rho=0.78419412967371749 accept=1
  MFCG it   7 cost=3.608364e+05 lam=2.500e-08 tau=0.00e+00 cg_it=19 shift=0 ckpt=20 alpha=0 acc mv=53
PCG_PREP o=7 rebuild=1 drift=0 previous_depth=20
ATTR_RADIUS o=7 raw_norm=36559.382656128902 norm=10891.712196797478 radius=10891.712196797478 next_radius=10891.712196797478 lambda=2.5000000000000012e-08 next_lambda=2.5000000000000012e-08 rho=0.41416198078916366 accept=1
CLASSICAL_LM o=7 lambda=2.5000000000000012e-08 tau=2.5000000000000012e-08 prediction=2225.9969509931771 rho=0.41416198078916366 accept=1
  MFCG it   8 cost=3.599144e+05 lam=2.500e-08 tau=0.00e+00 cg_it=18 shift=0 ckpt=19 alpha=0 acc mv=73
PCG_PREP o=8 rebuild=1 drift=0 previous_depth=19
POINT_SAFE o=8 frozen=12 slope=-2507.6446652760255 candidate=360121.55428082641 original=359383.94805341476 current=359914.43454884598 won=0 mode=1 camera_scale=1 keep_scale=0
ATTR_RADIUS o=8 raw_norm=52000.035027500031 norm=5445.85609839874 radius=10891.712196797478 next_radius=10891.712196797478 lambda=2.5000000000000012e-08 next_lambda=2.5000000000000013e-09 rho=0.55931240462236098 accept=1
CLASSICAL_LM o=8 lambda=2.5000000000000012e-08 tau=2.5000000000000012e-08 prediction=948.46188113671064 rho=0.55931240462236098 accept=1
  MFCG it   9 cost=3.593839e+05 lam=2.500e-09 tau=0.00e+00 cg_it=0 shift=0 ckpt=1 alpha=0 acc mv=75
PCG_PREP o=9 rebuild=1 drift=0 previous_depth=1
POINT_SAFE o=9 frozen=2 slope=-1378.6578086737331 candidate=360138.34861365316 original=359238.26046698674 current=359383.94805341476 won=0 mode=1 camera_scale=1 keep_scale=0
ATTR_RADIUS o=9 raw_norm=191482.38766487484 norm=5445.8560983987381 radius=10891.712196797478 next_radius=10891.712196797478 lambda=2.5000000000000013e-09 next_lambda=2.5000000000000012e-10 rho=0.27978154145146822 accept=1
CLASSICAL_LM o=9 lambda=2.5000000000000013e-09 tau=2.5000000000000013e-09 prediction=520.7190784360123 rho=0.27978154145146822 accept=1
  MFCG it  10 cost=3.592383e+05 lam=2.500e-10 tau=0.00e+00 cg_it=0 shift=0 ckpt=1 alpha=0 acc mv=77
PCG_PREP o=10 rebuild=1 drift=0 previous_depth=1
POINT_SAFE o=10 frozen=0 slope=-939.77121274004503 candidate=inf original=359181.50605751877 current=359238.26046698674 won=0 mode=1 camera_scale=1 keep_scale=0
ATTR_RADIUS o=10 raw_norm=284512.10291022091 norm=2722.9280491993691 radius=10891.712196797478 next_radius=10891.712196797478 lambda=2.5000000000000012e-10 next_lambda=2.5000000000000014e-11 rho=0.27459582435516838 accept=1
CLASSICAL_LM o=10 lambda=2.5000000000000012e-10 tau=2.5000000000000012e-10 prediction=206.68343956523043 rho=0.27459582435516838 accept=1
  MFCG it  11 cost=3.591815e+05 lam=2.500e-11 tau=0.00e+00 cg_it=0 shift=0 ckpt=1 alpha=0 acc mv=79
PCG_PREP o=11 rebuild=1 drift=0 previous_depth=1
POINT_SAFE o=11 frozen=0 slope=-752.93659748114044 candidate=inf original=359164.25226213475 current=359181.50605751877 won=0 mode=1 camera_scale=1 keep_scale=0
ATTR_RADIUS o=11 raw_norm=296490.81636461074 norm=2722.9280491993691 radius=10891.712196797478 next_radius=2722.9280491993695 lambda=2.5000000000000014e-11 next_lambda=4.0000000000000022e-10 rho=0.10405708715538577 accept=1
CLASSICAL_LM o=11 lambda=2.5000000000000014e-11 tau=2.5000000000000014e-11 prediction=165.81086263021464 rho=0.10405708715538577 accept=1
  MFCG it  12 cost=3.591643e+05 lam=4.000e-10 tau=0.00e+00 cg_it=0 shift=0 ckpt=1 alpha=0 acc mv=81
PCG_PREP o=12 rebuild=1 drift=0 previous_depth=1
ATTR_RADIUS o=12 raw_norm=266927.04676789074 norm=2722.9280491993695 radius=2722.9280491993695 next_radius=2722.9280491993695 lambda=4.0000000000000022e-10 next_lambda=4.0000000000000022e-10 rho=0.53673606930384443 accept=1
CLASSICAL_LM o=12 lambda=4.0000000000000022e-10 tau=4.0000000000000022e-10 prediction=307.32387466313293 rho=0.53673606930384443 accept=1
  MFCG it  13 cost=3.589993e+05 lam=4.000e-10 tau=0.00e+00 cg_it=0 shift=0 ckpt=1 alpha=0 acc mv=83
PCG_PREP o=13 rebuild=1 drift=0 previous_depth=1
ATTR_RADIUS o=13 raw_norm=263631.6308249539 norm=2722.9280491993695 radius=2722.9280491993695 next_radius=2722.9280491993695 lambda=4.0000000000000022e-10 next_lambda=4.0000000000000022e-10 rho=0.26287059499912324 accept=1
CLASSICAL_LM o=13 lambda=4.0000000000000022e-10 tau=4.0000000000000022e-10 prediction=100.25450291999225 rho=0.26287059499912324 accept=1
  MFCG it  14 cost=3.589729e+05 lam=4.000e-10 tau=0.00e+00 cg_it=0 shift=0 ckpt=1 alpha=0 acc mv=85
PCG_PREP o=14 rebuild=1 drift=0 previous_depth=1
POINT_SAFE o=14 frozen=2 slope=-73.215749980072701 candidate=358988.45694221405 original=358960.86250874598 current=358972.94649281091 won=0 mode=1 camera_scale=1 keep_scale=0
ATTR_RADIUS o=14 raw_norm=260475.16325696322 norm=1361.4640245996848 radius=2722.9280491993695 next_radius=2722.9280491993695 lambda=4.0000000000000022e-10 next_lambda=4.0000000000000023e-11 rho=0.42434171020683015 accept=1
CLASSICAL_LM o=14 lambda=4.0000000000000022e-10 tau=4.0000000000000022e-10 prediction=28.477012215079885 rho=0.42434171020683015 accept=1
  MFCG it  15 cost=3.589609e+05 lam=4.000e-11 tau=0.00e+00 cg_it=0 shift=0 ckpt=1 alpha=0 acc mv=87
PCG_PREP o=15 rebuild=1 drift=0 previous_depth=1
POINT_SAFE o=15 frozen=2 slope=-34.976683882350557 candidate=358998.70417317119 original=358958.70328584645 current=358960.86250874598 won=0 mode=1 camera_scale=1 keep_scale=0
ATTR_RADIUS o=15 raw_norm=284432.21634737263 norm=680.73201229984261 radius=2722.9280491993695 next_radius=2722.9280491993695 lambda=4.0000000000000023e-11 next_lambda=4.0000000000000023e-12 rho=0.27335707890395811 accept=1
CLASSICAL_LM o=15 lambda=4.0000000000000023e-11 tau=4.0000000000000023e-11 prediction=7.8989097636915853 rho=0.27335707890395811 accept=1
  MFCG it  16 cost=3.589587e+05 lam=4.000e-12 tau=0.00e+00 cg_it=0 shift=0 ckpt=1 alpha=0 acc mv=89
PCG_PREP o=16 rebuild=1 drift=0 previous_depth=1
POINT_SAFE o=16 frozen=3 slope=-29.316738084728968 candidate=359000.73142756813 original=358958.51836569788 current=358958.70328584645 won=0 mode=1 camera_scale=1 keep_scale=0
ATTR_RADIUS o=16 raw_norm=286855.88285724662 norm=2722.92804919937 radius=2722.9280491993695 next_radius=680.73201229984238 lambda=4.0000000000000023e-12 next_lambda=6.4000000000000037e-11 rho=0.027754058574088893 accept=0
CLASSICAL_LM o=16 lambda=4.0000000000000023e-12 tau=4.0000000000000023e-12 prediction=6.6628146683882861 rho=0.027754058574088893 accept=0
  MFCG it  17  retry 1/8  lam=6.400e-11 tau_eff=4.000e-12  (assembly reused)
PCG_PREP o=16 rebuild=1 drift=0 previous_depth=1
ATTR_RADIUS o=16 raw_norm=282286.56197335955 norm=680.73201229984238 radius=680.73201229984238 next_radius=680.73201229984238 lambda=6.4000000000000037e-11 next_lambda=6.4000000000000037e-11 rho=0.50615809491124908 accept=1
CLASSICAL_LM o=16 lambda=6.4000000000000037e-11 tau=6.4000000000000037e-11 prediction=12.609193959120283 rho=0.50615809491124908 accept=1
  MFCG it  17 cost=3.589523e+05 lam=6.400e-11 tau=0.00e+00 cg_it=0 shift=0 ckpt=1 alpha=0 acc mv=93
PCG_PREP o=17 rebuild=1 drift=0 previous_depth=1
ATTR_RADIUS o=17 raw_norm=282122.53749457869 norm=680.73201229984238 radius=680.73201229984238 next_radius=680.73201229984238 lambda=6.4000000000000037e-11 next_lambda=6.4000000000000037e-11 rho=0.39812881786229759 accept=1
CLASSICAL_LM o=17 lambda=6.4000000000000037e-11 tau=6.4000000000000037e-11 prediction=5.4684403877233398 rho=0.39812881786229759 accept=1
  MFCG it  18 cost=3.589501e+05 lam=6.400e-11 tau=0.00e+00 cg_it=0 shift=0 ckpt=1 alpha=0 acc mv=95
PCG_PREP o=18 rebuild=1 drift=0 previous_depth=1
POINT_SAFE o=18 frozen=11 slope=-2.9923439476645006 candidate=358950.55235089955 original=358949.51880559861 current=358950.14389654662 won=0 mode=1 camera_scale=1 keep_scale=0
ATTR_RADIUS o=18 raw_norm=282012.06922747742 norm=340.36600614992119 radius=680.73201229984238 next_radius=680.73201229984238 lambda=6.4000000000000037e-11 next_lambda=6.4000000000000042e-12 rho=0.45600734809373583 accept=1
CLASSICAL_LM o=18 lambda=6.4000000000000037e-11 tau=6.4000000000000037e-11 prediction=1.3707913932266143 rho=0.45600734809373583 accept=1
  MFCG it  19 cost=3.589495e+05 lam=6.400e-12 tau=0.00e+00 cg_it=0 shift=0 ckpt=1 alpha=0 acc mv=97
PCG_PREP o=19 rebuild=1 drift=0 previous_depth=1
POINT_SAFE o=19 frozen=20 slope=-2.319836359395067 candidate=358950.33269299287 original=358949.17293753434 current=358949.51880559861 won=0 mode=1 camera_scale=1 keep_scale=0
ATTR_RADIUS o=19 raw_norm=286284.72355078318 norm=340.36600614992119 radius=680.73201229984238 next_radius=680.73201229984238 lambda=6.4000000000000042e-12 next_lambda=6.400000000000005e-13 rho=0.30955954223834331 accept=1
CLASSICAL_LM o=19 lambda=6.4000000000000042e-12 tau=6.4000000000000042e-12 prediction=1.1172909152286241 rho=0.30955954223834331 accept=1
  MFCG it  20 cost=3.589492e+05 lam=6.400e-13 tau=0.00e+00 cg_it=0 shift=0 ckpt=1 alpha=0 acc mv=99
PCG_PREP o=20 rebuild=1 drift=0 previous_depth=1
POINT_SAFE o=20 frozen=42 slope=-2.2075988379000866 candidate=358950.06745036237 original=358948.87724192668 current=358949.17293753434 won=0 mode=1 camera_scale=1 keep_scale=0
ATTR_RADIUS o=20 raw_norm=286731.46556361322 norm=340.36600614992125 radius=680.73201229984238 next_radius=680.73201229984238 lambda=6.400000000000005e-13 next_lambda=6.4000000000000055e-14 rho=0.27479719384826506 accept=1
CLASSICAL_LM o=20 lambda=6.400000000000005e-13 tau=6.400000000000005e-13 prediction=1.076050317421116 rho=0.27479719384826506 accept=1
  MFCG it  21 cost=3.589489e+05 lam=6.400e-14 tau=0.00e+00 cg_it=0 shift=0 ckpt=1 alpha=0 acc mv=101
PCG_PREP o=21 rebuild=1 drift=0 previous_depth=1
POINT_SAFE o=21 frozen=62 slope=-2.1593681478964806 candidate=358949.80293552822 original=358948.58721165307 current=358948.87724192668 won=0 mode=1 camera_scale=1 keep_scale=0
ATTR_RADIUS o=21 raw_norm=286797.67217879655 norm=340.36600614992119 radius=680.73201229984238 next_radius=680.73201229984238 lambda=6.4000000000000055e-14 next_lambda=6.4000000000000062e-15 rho=0.27329954504826337 accept=1
CLASSICAL_LM o=21 lambda=6.4000000000000055e-14 tau=6.4000000000000055e-14 prediction=1.0612175499876717 rho=0.27329954504826337 accept=1
  MFCG it  22 cost=3.589486e+05 lam=6.400e-15 tau=0.00e+00 cg_it=0 shift=0 ckpt=1 alpha=0 acc mv=103
PCG_PREP o=22 rebuild=1 drift=0 previous_depth=1
POINT_SAFE o=22 frozen=81 slope=-2.0623412213530661 candidate=358949.54252585862 original=358948.3173751001 current=358948.58721165307 won=0 mode=1 camera_scale=1 keep_scale=0
ATTR_RADIUS o=22 raw_norm=286969.04628547421 norm=340.36600614992125 radius=680.73201229984238 next_radius=680.73201229984238 lambda=6.4000000000000062e-15 next_lambda=6.4000000000000064e-16 rho=0.25628730427032359 accept=1
CLASSICAL_LM o=22 lambda=6.4000000000000062e-15 tau=6.4000000000000062e-15 prediction=1.0528674205429005 rho=0.25628730427032359 accept=1
  MFCG it  23 cost=3.589483e+05 lam=6.400e-16 tau=0.00e+00 cg_it=0 shift=0 ckpt=1 alpha=0 acc mv=105
PCG_PREP o=23 rebuild=1 drift=0 previous_depth=1
POINT_SAFE o=23 frozen=97 slope=-2.0750990411943371 candidate=358949.30120710883 original=358948.05231740722 current=358948.3173751001 won=0 mode=1 camera_scale=1 keep_scale=0
ATTR_RADIUS o=23 raw_norm=287642.07753374503 norm=340.36600614992125 radius=680.73201229984238 next_radius=680.73201229984238 lambda=6.4000000000000064e-16 next_lambda=9.9999999999999998e-17 rho=0.25120749110757468 accept=1
CLASSICAL_LM o=23 lambda=6.4000000000000064e-16 tau=6.4000000000000064e-16 prediction=1.0551345093957585 rho=0.25120749110757468 accept=1
  MFCG it  24 cost=3.589481e+05 lam=1.000e-16 tau=0.00e+00 cg_it=0 shift=0 ckpt=1 alpha=0 acc mv=107
PCG_PREP o=24 rebuild=1 drift=0 previous_depth=1
POINT_SAFE o=24 frozen=94 slope=-2.1183943490437551 candidate=358949.05833600723 original=358947.79029063083 current=358948.05231740722 won=0 mode=1 camera_scale=1 keep_scale=0
ATTR_RADIUS o=24 raw_norm=289252.527601821 norm=340.36600614992113 radius=680.73201229984238 next_radius=170.1830030749606 lambda=9.9999999999999998e-17 next_lambda=1.6e-15 rho=0.24764633751580942 accept=1
CLASSICAL_LM o=24 lambda=9.9999999999999998e-17 tau=9.9999999999999998e-17 prediction=1.0580684496022497 rho=0.24764633751580942 accept=1
  MFCG: converged (OCA_FTOL: 8 outers < 1.0e-05 rel)
  [menu-backtrack] confirming stop with original retry policy at outer 25
  MFCG it  25 cost=3.589478e+05 lam=1.600e-15 tau=0.00e+00 cg_it=0 shift=0 ckpt=1 alpha=0 acc mv=109
PCG_PREP o=25 rebuild=1 drift=0 previous_depth=1
ATTR_RADIUS o=25 raw_norm=287451.10306936939 norm=170.18300307496062 radius=170.1830030749606 next_radius=42.545750768740149 lambda=1.6e-15 next_lambda=2.5599999999999999e-14 rho=-1 accept=0
CLASSICAL_LM o=25 lambda=1.6e-15 tau=1.6e-15 prediction=0.57455257703380636 rho=-1 accept=0
  MFCG it  26  retry 1/8  lam=2.560e-14 tau_eff=1.600e-15  (assembly reused)
PCG_PREP o=25 rebuild=1 drift=0 previous_depth=1
ATTR_RADIUS o=25 raw_norm=287082.57081377786 norm=42.545750768740156 radius=42.545750768740149 next_radius=42.545750768740149 lambda=2.5599999999999999e-14 next_lambda=2.5599999999999999e-14 rho=0.554656415063841 accept=1
CLASSICAL_LM o=25 lambda=2.5599999999999999e-14 tau=2.5599999999999999e-14 prediction=0.20187788990670463 rho=0.554656415063841 accept=1
  MFCG it  26 cost=3.589477e+05 lam=2.560e-14 tau=0.00e+00 cg_it=0 shift=0 ckpt=1 alpha=0 acc mv=113
PCG_PREP o=26 rebuild=1 drift=0 previous_depth=1
ATTR_RADIUS o=26 raw_norm=287112.83477126254 norm=42.545750768740149 radius=42.545750768740149 next_radius=10.636437692185037 lambda=2.5599999999999999e-14 next_lambda=4.0959999999999999e-13 rho=-1 accept=0
CLASSICAL_LM o=26 lambda=2.5599999999999999e-14 tau=2.5599999999999999e-14 prediction=0.20326877795303486 rho=-1 accept=0
  MFCG it  27  retry 1/8  lam=4.096e-13 tau_eff=2.560e-14  (assembly reused)
PCG_PREP o=26 rebuild=1 drift=0 previous_depth=1
ATTR_RADIUS o=26 raw_norm=287051.11765148811 norm=10.636437692185037 radius=10.636437692185037 next_radius=10.636437692185037 lambda=4.0959999999999999e-13 next_lambda=4.0959999999999999e-13 rho=0.40604634569353426 accept=1
CLASSICAL_LM o=26 lambda=4.0959999999999999e-13 tau=4.0959999999999999e-13 prediction=0.10968520027670194 rho=0.40604634569353426 accept=1
  MFCG it  27 cost=3.589476e+05 lam=4.096e-13 tau=0.00e+00 cg_it=0 shift=0 ckpt=1 alpha=0 acc mv=117
PCG_PREP o=27 rebuild=1 drift=0 previous_depth=1
ATTR_RADIUS o=27 raw_norm=287056.98604870756 norm=10.636437692185041 radius=10.636437692185037 next_radius=2.6591094230462593 lambda=4.0959999999999999e-13 next_lambda=6.5535999999999999e-12 rho=-1 accept=0
CLASSICAL_LM o=27 lambda=4.0959999999999999e-13 tau=4.0959999999999999e-13 prediction=0.095636003558726645 rho=-1 accept=0
  MFCG it  28  retry 1/8  lam=6.554e-12 tau_eff=4.096e-13  (assembly reused)
PCG_PREP o=27 rebuild=1 drift=0 previous_depth=1
ATTR_RADIUS o=27 raw_norm=286600.63112147414 norm=2.6591094230462593 radius=2.6591094230462593 next_radius=5.3182188460925186 lambda=6.5535999999999999e-12 next_lambda=1.6384e-12 rho=0.98694255807171438 accept=1
CLASSICAL_LM o=27 lambda=6.5535999999999999e-12 tau=6.5535999999999999e-12 prediction=0.072244097572162311 rho=0.98694255807171438 accept=1
  MFCG it  28 cost=3.589476e+05 lam=1.638e-12 tau=0.00e+00 cg_it=0 shift=0 ckpt=1 alpha=0 acc mv=121
PCG_PREP o=28 rebuild=1 drift=0 previous_depth=1
ATTR_RADIUS o=28 raw_norm=286968.60375602363 norm=5.3182188460925168 radius=5.3182188460925186 next_radius=10.636437692185037 lambda=1.6384e-12 next_lambda=4.0959999999999999e-13 rho=0.98823672562015807 accept=1
CLASSICAL_LM o=28 lambda=1.6384e-12 tau=1.6384e-12 prediction=0.016507939641128403 rho=0.98823672562015807 accept=1
  MFCG it  29 cost=3.589475e+05 lam=4.096e-13 tau=0.00e+00 cg_it=0 shift=0 ckpt=1 alpha=0 acc mv=123
PCG_PREP o=29 rebuild=1 drift=0 previous_depth=1
ATTR_RADIUS o=29 raw_norm=287059.3825278749 norm=10.636437692185037 radius=10.636437692185037 next_radius=21.272875384370074 lambda=4.0959999999999999e-13 next_lambda=1.024e-13 rho=0.97711329429053595 accept=1
CLASSICAL_LM o=29 lambda=4.0959999999999999e-13 tau=4.0959999999999999e-13 prediction=0.031217385660559618 rho=0.97711329429053595 accept=1
  MFCG it  30 cost=3.589475e+05 lam=1.024e-13 tau=0.00e+00 cg_it=0 shift=0 ckpt=1 alpha=0 acc mv=125
PCG_PREP o=30 rebuild=1 drift=0 previous_depth=1
ATTR_RADIUS o=30 raw_norm=287078.33700180089 norm=21.272875384370071 radius=21.272875384370074 next_radius=42.545750768740149 lambda=1.024e-13 next_lambda=2.5599999999999999e-14 rho=0.95417321566514446 accept=1
CLASSICAL_LM o=30 lambda=1.024e-13 tau=1.024e-13 prediction=0.062400378287344536 rho=0.95417321566514446 accept=1
  MFCG it  31 cost=3.589475e+05 lam=2.560e-14 [R9] wrote /tmp/prism-ba-coarse/research/champion_point_followup/evidence/calibrate/dubrovnik-88-champion-0/curve.csv
tau=0.00e+00 cg_it=0 shift=0 ckpt=1 alpha=0 acc mv=127
PCG_PREP o=31 rebuild=1 drift=0 previous_depth=1
ATTR_RADIUS o=31 raw_norm=287137.10214892431 norm=42.545750768740149 radius=42.545750768740149 next_radius=85.091501537480298 lambda=2.5599999999999999e-14 next_lambda=6.3999999999999999e-15 rho=0.90821442738482772 accept=1
CLASSICAL_LM o=31 lambda=2.5599999999999999e-14 tau=2.5599999999999999e-14 prediction=0.12480131534432164 rho=0.90821442738482772 accept=1
  MFCG it  32 cost=3.589473e+05 lam=6.400e-15 tau=0.00e+00 cg_it=0 shift=0 ckpt=1 alpha=0 acc mv=129
PCG_PREP o=32 rebuild=1 drift=0 previous_depth=1
ATTR_RADIUS o=32 raw_norm=287263.30340789416 norm=85.091501537480298 radius=85.091501537480298 next_radius=170.1830030749606 lambda=6.3999999999999999e-15 next_lambda=1.6e-15 rho=0.81589455577411518 accept=1
CLASSICAL_LM o=32 lambda=6.3999999999999999e-15 tau=6.3999999999999999e-15 prediction=0.24961525592094833 rho=0.81589455577411518 accept=1
  MFCG: converged (OCA_FTOL: 8 outers < 1.0e-05 rel)
  MFCG: accepts=33 rejects=4 total_matvecs=131 negcurv=0 cand_evals=37 mean_cg_per_outer=4.0
NUMERIC_REPAIR summary rebuilds=0 floor=9.9999999999999998e-17
  [retry-cache] builds=37 reuses=0
  [menu-backtrack] trials=15 rescues=15 evals=33 total_scored=70
POINT_SAFE summary calls=15 evals=13 wins=0 frozen=484 seconds=0.036001065
  [scoring] menu_evals=37 alpha_evals=0 backtrack_evals=33 total_scored=70
RESULT algo=mfree_shifted_cg iters=33 final_cost=358947.1391161871 solve_seconds=0.427650
DIAGNOSTICS median_reproj_err_px 4.948600 -> 0.656383 | cheirality_violations(obs) 0 -> 40 | cheirality_violations(pts, of 64298) 0 -> 20
