  [menu-backtrack] active=1 max_evals=8 warmup_accepts=3 confirm_stop=original armijo=1e-4
MIXED_STORAGE fragments=fp32 arithmetic=fp64 state=fp64 acceptance=fp64
  [compact-fragments] active=2 saved_bytes=39929448 storage=fp32 camera_reads=contiguous
  MFCG score_init=30562787.847235736 precision=fp64
PCG_PREP o=0 rebuild=1 drift=0 previous_depth=0
ATTR_RADIUS o=0 raw_norm=5445.85609839873 norm=5445.85609839873 radius=5445.85609839873 next_radius=10891.71219679746 lambda=0.10000000000000001 next_lambda=0.025000000000000001 rho=0.99642283532921205 accept=1
CLASSICAL_LM o=0 lambda=0.10000000000000001 tau=0.10000000000000001 prediction=28494581.339232981 rho=0.99642283532921205 accept=1
  MFCG it   1 cost=2.170136e+06 lam=2.500e-02 tau=0.00e+00 cg_it=0 shift=0 ckpt=1 alpha=0 acc mv=2
PCG_PREP o=1 rebuild=1 drift=0 previous_depth=1
ATTR_RADIUS o=1 raw_norm=2850.3640786061146 norm=2850.3640786061146 radius=10891.71219679746 next_radius=10891.71219679746 lambda=0.025000000000000001 next_lambda=0.0025000000000000005 rho=0.998980410800555 accept=1
CLASSICAL_LM o=1 lambda=0.025000000000000001 tau=0.025000000000000001 prediction=1301657.194220705 rho=0.998980410800555 accept=1
  MFCG it   2 cost=8.698063e+05 lam=2.500e-03 tau=0.00e+00 cg_it=4 shift=0 ckpt=5 alpha=0 acc mv=8
PCG_PREP o=2 rebuild=1 drift=0 previous_depth=5
ATTR_RADIUS o=2 raw_norm=2272.8893580214226 norm=2272.8893580214226 radius=10891.71219679746 next_radius=10891.71219679746 lambda=0.0025000000000000005 next_lambda=0.00025000000000000006 rho=0.99190491987085505 accept=1
CLASSICAL_LM o=2 lambda=0.0025000000000000005 tau=0.0025000000000000005 prediction=304855.50474077254 rho=0.99190491987085505 accept=1
  MFCG it   3 cost=5.674186e+05 lam=2.500e-04 tau=0.00e+00 cg_it=9 shift=0 ckpt=10 alpha=0 acc mv=19
PCG_PREP o=3 rebuild=1 drift=0 previous_depth=10
ATTR_RADIUS o=3 raw_norm=2295.2916485711635 norm=2295.2916485711635 radius=10891.71219679746 next_radius=10891.71219679746 lambda=0.00025000000000000006 next_lambda=2.5000000000000008e-05 rho=0.98311495840322827 accept=1
CLASSICAL_LM o=3 lambda=0.00025000000000000006 tau=0.00025000000000000006 prediction=169689.65635673303 rho=0.98311495840322827 accept=1
  MFCG it   4 cost=4.005942e+05 lam=2.500e-05 tau=0.00e+00 cg_it=0 shift=0 ckpt=1 alpha=0 acc mv=21
PCG_PREP o=4 rebuild=1 drift=0 previous_depth=1
ATTR_RADIUS o=4 raw_norm=7330.2253398312432 norm=7330.2253398312432 radius=10891.71219679746 next_radius=10891.71219679746 lambda=2.5000000000000008e-05 next_lambda=2.5000000000000011e-06 rho=0.77434215249899974 accept=1
CLASSICAL_LM o=4 lambda=2.5000000000000008e-05 tau=2.5000000000000008e-05 prediction=37640.562392141743 rho=0.77434215249899974 accept=1
  MFCG it   5 cost=3.714475e+05 lam=2.500e-06 tau=0.00e+00 cg_it=7 shift=0 ckpt=8 alpha=0 acc mv=30
PCG_PREP o=5 rebuild=1 drift=0 previous_depth=8
ATTR_RADIUS o=5 raw_norm=732.61844135791387 norm=732.61844135791387 radius=10891.71219679746 next_radius=10891.71219679746 lambda=2.5000000000000011e-06 next_lambda=2.5000000000000009e-07 rho=0.93246850154774863 accept=1
CLASSICAL_LM o=5 lambda=2.5000000000000011e-06 tau=2.5000000000000011e-06 prediction=9528.1107702430709 rho=0.93246850154774863 accept=1
  MFCG it   6 cost=3.625628e+05 lam=2.500e-07 tau=0.00e+00 cg_it=0 shift=0 ckpt=1 alpha=0 acc mv=32
PCG_PREP o=6 rebuild=1 drift=0 previous_depth=1
POINT_SAFE o=6 frozen=56 slope=-10369.932990461391 candidate=370151.12466230319 original=360836.36000970128 current=362562.82734504755 won=0 mode=1 camera_scale=1 keep_scale=0
ATTR_RADIUS o=6 raw_norm=8283.1415211219046 norm=2070.7853802804761 radius=10891.71219679746 next_radius=10891.71219679746 lambda=2.5000000000000009e-07 next_lambda=2.5000000000000012e-08 rho=0.78419315393328071 accept=1
CLASSICAL_LM o=6 lambda=2.5000000000000009e-07 tau=2.5000000000000009e-07 prediction=2201.5842993359765 rho=0.78419315393328071 accept=1
  MFCG it   7 cost=3.608364e+05 lam=2.500e-08 tau=0.00e+00 cg_it=19 shift=0 ckpt=20 alpha=0 acc mv=53
PCG_PREP o=7 rebuild=1 drift=0 previous_depth=20
ATTR_RADIUS o=7 raw_norm=36553.062274101103 norm=10891.712196797458 radius=10891.71219679746 next_radius=10891.71219679746 lambda=2.5000000000000012e-08 next_lambda=2.5000000000000012e-08 rho=0.41383439512121772 accept=1
CLASSICAL_LM o=7 lambda=2.5000000000000012e-08 tau=2.5000000000000012e-08 prediction=2226.1945903317137 rho=0.41383439512121772 accept=1
  MFCG it   8 cost=3.599151e+05 lam=2.500e-08 tau=0.00e+00 cg_it=18 shift=0 ckpt=19 alpha=0 acc mv=73
PCG_PREP o=8 rebuild=1 drift=0 previous_depth=19
POINT_SAFE o=8 frozen=12 slope=-2509.4418615412928 candidate=360121.30053121445 original=359384.19934409246 current=359915.08411798923 won=0 mode=1 camera_scale=1 keep_scale=0
ATTR_RADIUS o=8 raw_norm=52006.807064193541 norm=5445.8560983987309 radius=10891.71219679746 next_radius=10891.71219679746 lambda=2.5000000000000012e-08 next_lambda=2.5000000000000013e-09 rho=0.55933352123613167 accept=1
CLASSICAL_LM o=8 lambda=2.5000000000000012e-08 tau=2.5000000000000012e-08 prediction=949.13813268962417 rho=0.55933352123613167 accept=1
  MFCG it   9 cost=3.593842e+05 lam=2.500e-09 tau=0.00e+00 cg_it=0 shift=0 ckpt=1 alpha=0 acc mv=75
PCG_PREP o=9 rebuild=1 drift=0 previous_depth=1
POINT_SAFE o=9 frozen=2 slope=-1379.8872135831245 candidate=360137.64664229337 original=359238.34581107856 current=359384.19934409246 won=0 mode=1 camera_scale=1 keep_scale=0
ATTR_RADIUS o=9 raw_norm=191486.91168202183 norm=5445.85609839873 radius=10891.71219679746 next_radius=10891.71219679746 lambda=2.5000000000000013e-09 next_lambda=2.5000000000000012e-10 rho=0.27985171334433334 accept=1
CLASSICAL_LM o=9 lambda=2.5000000000000013e-09 tau=2.5000000000000013e-09 prediction=521.18149026458968 rho=0.27985171334433334 accept=1
  MFCG it  10 cost=3.592383e+05 lam=2.500e-10 tau=0.00e+00 cg_it=0 shift=0 ckpt=1 alpha=0 acc mv=77
PCG_PREP o=10 rebuild=1 drift=0 previous_depth=1
POINT_SAFE o=10 frozen=0 slope=-940.82419447195196 candidate=inf original=359181.57485760609 current=359238.34581107856 won=0 mode=1 camera_scale=1 keep_scale=0
ATTR_RADIUS o=10 raw_norm=284505.44924152247 norm=2722.928049199365 radius=10891.71219679746 next_radius=10891.71219679746 lambda=2.5000000000000012e-10 next_lambda=2.5000000000000014e-11 rho=0.2743688142564909 accept=1
CLASSICAL_LM o=10 lambda=2.5000000000000012e-10 tau=2.5000000000000012e-10 prediction=206.91474585518716 rho=0.2743688142564909 accept=1
  MFCG it  11 cost=3.591816e+05 lam=2.500e-11 tau=0.00e+00 cg_it=0 shift=0 ckpt=1 alpha=0 acc mv=79
PCG_PREP o=11 rebuild=1 drift=0 previous_depth=1
POINT_SAFE o=11 frozen=0 slope=-753.89285683087417 candidate=inf original=359164.30023676058 current=359181.57485760609 won=0 mode=1 camera_scale=1 keep_scale=0
ATTR_RADIUS o=11 raw_norm=296492.807912216 norm=2722.928049199365 radius=10891.71219679746 next_radius=2722.928049199365 lambda=2.5000000000000014e-11 next_lambda=4.0000000000000022e-10 rho=0.10405351161713453 accept=1
CLASSICAL_LM o=11 lambda=2.5000000000000014e-11 tau=2.5000000000000014e-11 prediction=166.01670214714613 rho=0.10405351161713453 accept=1
  MFCG it  12 cost=3.591643e+05 lam=4.000e-10 tau=0.00e+00 cg_it=0 shift=0 ckpt=1 alpha=0 acc mv=81
PCG_PREP o=12 rebuild=1 drift=0 previous_depth=1
ATTR_RADIUS o=12 raw_norm=266955.75092502963 norm=2722.928049199365 radius=2722.928049199365 next_radius=2722.928049199365 lambda=4.0000000000000022e-10 next_lambda=4.0000000000000022e-10 rho=0.54053618128134573 accept=1
CLASSICAL_LM o=12 lambda=4.0000000000000022e-10 tau=4.0000000000000022e-10 prediction=307.74946738570748 rho=0.54053618128134573 accept=1
  MFCG it  13 cost=3.589980e+05 lam=4.000e-10 tau=0.00e+00 cg_it=0 shift=0 ckpt=1 alpha=0 acc mv=83
PCG_PREP o=13 rebuild=1 drift=0 previous_depth=1
ATTR_RADIUS o=13 raw_norm=263651.17326886102 norm=2722.928049199365 radius=2722.928049199365 next_radius=2722.928049199365 lambda=4.0000000000000022e-10 next_lambda=4.0000000000000022e-10 rho=0.25690112622522604 accept=1
CLASSICAL_LM o=13 lambda=4.0000000000000022e-10 tau=4.0000000000000022e-10 prediction=99.322460462667195 rho=0.25690112622522604 accept=1
  MFCG it  14 cost=3.589724e+05 lam=4.000e-10 tau=0.00e+00 cg_it=0 shift=0 ckpt=1 alpha=0 acc mv=85
PCG_PREP o=14 rebuild=1 drift=0 previous_depth=1
POINT_SAFE o=14 frozen=2 slope=-73.098571937363587 candidate=358987.79019449331 original=358960.27380008221 current=358972.43446291622 won=0 mode=1 camera_scale=1 keep_scale=0
ATTR_RADIUS o=14 raw_norm=260485.44198393013 norm=1361.4640245996823 radius=2722.928049199365 next_radius=2722.928049199365 lambda=4.0000000000000022e-10 next_lambda=4.0000000000000023e-11 rho=0.42770779467479486 accept=1
CLASSICAL_LM o=14 lambda=4.0000000000000022e-10 tau=4.0000000000000022e-10 prediction=28.432174922729615 rho=0.42770779467479486 accept=1
  MFCG it  15 cost=3.589603e+05 lam=4.000e-11 tau=0.00e+00 cg_it=0 shift=0 ckpt=1 alpha=0 acc mv=87
PCG_PREP o=15 rebuild=1 drift=0 previous_depth=1
POINT_SAFE o=15 frozen=2 slope=-34.718352667825968 candidate=358998.10803328134 original=358958.13250436331 current=358960.27380008221 won=0 mode=1 camera_scale=1 keep_scale=0
ATTR_RADIUS o=15 raw_norm=284445.36062332889 norm=680.73201229984124 radius=2722.928049199365 next_radius=2722.928049199365 lambda=4.0000000000000023e-11 next_lambda=4.0000000000000023e-12 rho=0.27304598478164999 accept=1
CLASSICAL_LM o=15 lambda=4.0000000000000023e-11 tau=4.0000000000000023e-11 prediction=7.8422530937952164 rho=0.27304598478164999 accept=1
  MFCG it  16 cost=3.589581e+05 lam=4.000e-12 tau=0.00e+00 cg_it=0 shift=0 ckpt=1 alpha=0 acc mv=89
PCG_PREP o=16 rebuild=1 drift=0 previous_depth=1
POINT_SAFE o=16 frozen=3 slope=-29.101766287035105 candidate=359000.13859209389 original=358957.9579788004 current=358958.13250436331 won=0 mode=1 camera_scale=1 keep_scale=0
ATTR_RADIUS o=16 raw_norm=286867.49301633606 norm=2722.9280491993645 radius=2722.928049199365 next_radius=680.73201229984124 lambda=4.0000000000000023e-12 next_lambda=6.4000000000000037e-11 rho=0.026380385385886756 accept=0
CLASSICAL_LM o=16 lambda=4.0000000000000023e-12 tau=4.0000000000000023e-12 prediction=6.6157321189101062 rho=0.026380385385886756 accept=0
  MFCG it  17  retry 1/8  lam=6.400e-11 tau_eff=4.000e-12  (assembly reused)
PCG_PREP o=16 rebuild=1 drift=0 previous_depth=1
ATTR_RADIUS o=16 raw_norm=282297.84943234496 norm=680.73201229984124 radius=680.73201229984124 next_radius=680.73201229984124 lambda=6.4000000000000037e-11 next_lambda=6.4000000000000037e-11 rho=0.50359926562738866 accept=1
CLASSICAL_LM o=16 lambda=6.4000000000000037e-11 tau=6.4000000000000037e-11 prediction=12.502349082465333 rho=0.50359926562738866 accept=1
  MFCG it  17 cost=3.589518e+05 lam=6.400e-11 tau=0.00e+00 cg_it=0 shift=0 ckpt=1 alpha=0 acc mv=93
PCG_PREP o=17 rebuild=1 drift=0 previous_depth=1
ATTR_RADIUS o=17 raw_norm=282118.62665444089 norm=680.73201229984124 radius=680.73201229984124 next_radius=680.73201229984124 lambda=6.4000000000000037e-11 next_lambda=6.4000000000000037e-11 rho=0.39814873459753064 accept=1
CLASSICAL_LM o=17 lambda=6.4000000000000037e-11 tau=6.4000000000000037e-11 prediction=5.4482689062537251 rho=0.39814873459753064 accept=1
  MFCG it  18 cost=3.589497e+05 lam=6.400e-11 tau=0.00e+00 cg_it=0 shift=0 ckpt=1 alpha=0 acc mv=95
PCG_PREP o=18 rebuild=1 drift=0 previous_depth=1
POINT_SAFE o=18 frozen=11 slope=-2.971036383456275 candidate=358950.08441844006 original=358949.04914111301 current=358949.66710917599 won=0 mode=1 camera_scale=1 keep_scale=0
ATTR_RADIUS o=18 raw_norm=282030.7995065421 norm=340.36600614992062 radius=680.73201229984124 next_radius=680.73201229984124 lambda=6.4000000000000037e-11 next_lambda=6.4000000000000042e-12 rho=0.45352209325708931 accept=1
CLASSICAL_LM o=18 lambda=6.4000000000000037e-11 tau=6.4000000000000037e-11 prediction=1.3625974835063008 rho=0.45352209325708931 accept=1
  MFCG it  19 cost=3.589490e+05 lam=6.400e-12 tau=0.00e+00 cg_it=0 shift=0 ckpt=1 alpha=0 acc mv=97
PCG_PREP o=19 rebuild=1 drift=0 previous_depth=1
POINT_SAFE o=19 frozen=20 slope=-2.3127650149538406 candidate=358949.86473171361 original=358948.70537606883 current=358949.04914111301 won=0 mode=1 camera_scale=1 keep_scale=0
ATTR_RADIUS o=19 raw_norm=286307.27531658049 norm=340.36600614992062 radius=680.73201229984124 next_radius=680.73201229984124 lambda=6.4000000000000042e-12 next_lambda=6.400000000000005e-13 rho=0.30846069653598912 accept=1
CLASSICAL_LM o=19 lambda=6.4000000000000042e-12 tau=6.4000000000000042e-12 prediction=1.114453309734093 rho=0.30846069653598912 accept=1
  MFCG it  20 cost=3.589487e+05 lam=6.400e-13 tau=0.00e+00 cg_it=0 shift=0 ckpt=1 alpha=0 acc mv=99
PCG_PREP o=20 rebuild=1 drift=0 previous_depth=1
POINT_SAFE o=20 frozen=43 slope=-2.2043827872653785 candidate=358949.59967319563 original=358948.41041472962 current=358948.70537606883 won=0 mode=1 camera_scale=1 keep_scale=0
ATTR_RADIUS o=20 raw_norm=286736.47974909481 norm=340.36600614992057 radius=680.73201229984124 next_radius=680.73201229984124 lambda=6.400000000000005e-13 next_lambda=6.4000000000000055e-14 rho=0.27447942683602672 accept=1
CLASSICAL_LM o=20 lambda=6.400000000000005e-13 tau=6.400000000000005e-13 prediction=1.0746209383052663 rho=0.27447942683602672 accept=1
  MFCG it  21 cost=3.589484e+05 lam=6.400e-14 tau=0.00e+00 cg_it=0 shift=0 ckpt=1 alpha=0 acc mv=101
PCG_PREP o=21 rebuild=1 drift=0 previous_depth=1
POINT_SAFE o=21 frozen=61 slope=-2.1677991558322063 candidate=358949.33442793851 original=358948.12526592391 current=358948.41041472962 won=0 mode=1 camera_scale=1 keep_scale=0
ATTR_RADIUS o=21 raw_norm=286816.21593607968 norm=340.36600614992057 radius=680.73201229984124 next_radius=680.73201229984124 lambda=6.4000000000000055e-14 next_lambda=6.4000000000000062e-15 rho=0.26900108052157756 accept=1
CLASSICAL_LM o=21 lambda=6.4000000000000055e-14 tau=6.4000000000000055e-14 prediction=1.0600284770341568 rho=0.26900108052157756 accept=1
  MFCG it  22 cost=3.589481e+05 lam=6.400e-15 tau=0.00e+00 cg_it=0 shift=0 ckpt=1 alpha=0 acc mv=103
PCG_PREP o=22 rebuild=1 drift=0 previous_depth=1
POINT_SAFE o=22 frozen=82 slope=-2.0852517387931453 candidate=358949.07567494694 original=358947.84886447911 current=358948.12526592391 won=0 mode=1 camera_scale=1 keep_scale=0
ATTR_RADIUS o=22 raw_norm=286968.79268325149 norm=340.36600614992062 radius=680.73201229984124 next_radius=680.73201229984124 lambda=6.4000000000000062e-15 next_lambda=6.4000000000000064e-16 rho=0.26241945393280686 accept=1
CLASSICAL_LM o=22 lambda=6.4000000000000062e-15 tau=6.4000000000000062e-15 prediction=1.0532810760085516 rho=0.26241945393280686 accept=1
  MFCG it  23 cost=3.589478e+05 lam=6.400e-16 tau=0.00e+00 cg_it=0 shift=0 ckpt=1 alpha=0 acc mv=105
PCG_PREP o=23 rebuild=1 drift=0 previous_depth=1
POINT_SAFE o=23 frozen=91 slope=-2.1096743340712361 candidate=358948.83170502738 original=358947.58978102566 current=358947.84886447911 won=0 mode=1 camera_scale=1 keep_scale=0
ATTR_RADIUS o=23 raw_norm=287459.33901246538 norm=340.36600614992062 radius=680.73201229984124 next_radius=170.18300307496031 lambda=6.4000000000000064e-16 next_lambda=1.024000000000001e-14 rho=0.24591953420529236 accept=1
CLASSICAL_LM o=23 lambda=6.4000000000000064e-16 tau=6.4000000000000064e-16 prediction=1.0535293761297511 rho=0.24591953420529236 accept=1
  MFCG it  24 cost=3.589476e+05 lam=1.024e-14 tau=0.00e+00 cg_it=0 shift=0 ckpt=1 alpha=0 acc mv=107
PCG_PREP o=24 rebuild=1 drift=0 previous_depth=1
ATTR_RADIUS o=24 raw_norm=287096.33287940628 norm=170.18300307496034 radius=170.18300307496031 next_radius=170.18300307496031 lambda=1.024000000000001e-14 next_lambda=1.024000000000001e-14 rho=0.55704577715924597 accept=1
CLASSICAL_LM o=24 lambda=1.024000000000001e-14 tau=1.024000000000001e-14 prediction=0.57915042492369795 rho=0.55704577715924597 accept=1
  MFCG: converged (OCA_FTOL: 8 outers < 1.0e-05 rel)
  [menu-backtrack] confirming stop with original retry policy at outer 25
  MFCG it  25 cost=3.589473e+05 lam=1.024e-14 tau=0.00e+00 cg_it=0 shift=0 ckpt=1 alpha=0 acc mv=109
PCG_PREP o=25 rebuild=1 drift=0 previous_depth=1
ATTR_RADIUS o=25 raw_norm=287109.75950993417 norm=170.18300307496034 radius=170.18300307496031 next_radius=170.18300307496031 lambda=1.024000000000001e-14 next_lambda=1.024000000000001e-14 rho=0.5449424815520848 accept=1
CLASSICAL_LM o=25 lambda=1.024000000000001e-14 tau=1.024000000000001e-14 prediction=0.57222670194093339 rho=0.5449424815520848 accept=1
  MFCG it  26 cost=3.589470e+05 lam=1.024e-14 tau=0.00e+00 cg_it=0 shift=0 ckpt=1 alpha=0 acc mv=111
PCG_PREP o=26 rebuild=1 drift=0 previous_depth=1
ATTR_RADIUS o=26 raw_norm=287154.20935398538 norm=170.18300307496034 radius=170.18300307496031 next_radius=170.18300307496031 lambda=1.024000000000001e-14 next_lambda=1.024000000000001e-14 rho=0.54289344768077608 accept=1
CLASSICAL_LM o=26 lambda=1.024000000000001e-14 tau=1.024000000000001e-14 prediction=0.57571400240918735 rho=0.54289344768077608 accept=1
  MFCG it  27 cost=3.589466e+05 lam=1.024e-14 tau=0.00e+00 cg_it=0 shift=0 ckpt=1 alpha=0 acc mv=113
PCG_PREP o=27 rebuild=1 drift=0 previous_depth=1
ATTR_RADIUS o=27 raw_norm=287221.63174168131 norm=170.18300307496031 radius=170.18300307496031 next_radius=170.18300307496031 lambda=1.024000000000001e-14 next_lambda=1.024000000000001e-14 rho=0.5417143442987874 accept=1
CLASSICAL_LM o=27 lambda=1.024000000000001e-14 tau=1.024000000000001e-14 prediction=0.57806007892902156 rho=0.5417143442987874 accept=1
  MFCG it  28 cost=3.589463e+05 lam=1.024e-14 tau=0.00e+00 cg_it=0 shift=0 ckpt=1 alpha=0 acc mv=115
PCG_PREP o=28 rebuild=1 drift=0 previous_depth=1
ATTR_RADIUS o=28 raw_norm=287291.76423946169 norm=170.18300307496034 radius=170.18300307496031 next_radius=170.18300307496031 lambda=1.024000000000001e-14 next_lambda=1.024000000000001e-14 rho=0.54338419649563308 accept=1
CLASSICAL_LM o=28 lambda=1.024000000000001e-14 tau=1.024000000000001e-14 prediction=0.57940398782574198 rho=0.54338419649563308 accept=1
  MFCG it  29 cost=3.589460e+05 lam=1.024e-14 tau=0.00e+00 cg_it=0 shift=0 ckpt=1 alpha=0 acc mv=117
PCG_PREP o=29 rebuild=1 drift=0 previous_depth=1
ATTR_RADIUS o=29 raw_norm=287340.7520200712 norm=170.18300307496034 radius=170.18300307496031 next_radius=170.18300307496031 lambda=1.024000000000001e-14 next_lambda=1.024000000000001e-14 rho=0.53662831170865111 accept=1
CLASSICAL_LM o=29 lambda=1.024000000000001e-14 tau=1.024000000000001e-14 prediction=0.57859411678442496 rho=0.53662831170865111 accept=1
  MFCG it  30 cost=3.589457e+05 lam=1.024e-14 tau=0.00e+00 cg_it=0 shift=0 ckpt=1 alpha=0 acc mv=119
PCG_PREP o=30 rebuild=1 drift=0 previous_depth=1
ATTR_RADIUS o=30 raw_norm=287414.59834569547 norm=170.18300307496031 radius=170.18300307496031 next_radius=170.18300307496031 lambda=1.024000000000001e-14 next_lambda=1.024000000000001e-14 rho=0.5470307253757829 accept=1
CLASSICAL_LM o=30 lambda=1.024000000000001e-14 tau=1.024000000000001e-14 prediction=0.58171283160696263 rho=0.5470307253757829 accept=1
  MFCG it  31 cost=3.589454e+05 lam=1.024e-14 tau=0.00e+00 cg_it=0 shift=0 ckpt=1 alpha=0 acc mv=121
PCG_PREP o=31 rebuild=1 drift=0 previous_depth=1
ATTR_RADIUS o=31 raw_norm=287468.12134879461 norm=170.18300307496031 radius=170.18300307496031 next_radius=42.545750768740078 lambda=1.024000000000001e-14 next_lambda=1.6384000000000016e-13 rho=-1 accept=0
CLASSICAL_LM o=31 lambda=1.024000000000001e-14 tau=1.024000000000001e-14 prediction=0.57684120706503861 rho=-1 accept=0
  MFCG it  32  retry 1/8  lam=1.638e-13 tau_eff=1.024e-14  (assembly reused)
PCG_PREP o=31 rebuild=1 drift=0 previous_depth=1
ATTR_RADIUS o=31 raw_norm=287419.96950122289 norm=42.545750768740078 radius=42.545750768740078 next_radius=10.636437692185019 lambda=1.6384000000000016e-13 next_lambda=2.6214400000000026e-12 rho=-1 accept=0
CLASSICAL_LM o=31 lambda=1.6384000000000016e-13 tau=1.6384000000000016e-13 prediction=0.20189301257130041 rho=-1 accept=0
  MFCG it  32  retry 2/8  lam=2.621e-12 tau_eff=1.638e-13  (assembly reused)
PCG_PREP o=31 rebuild=1 drift=0 previous_depth=1
ATTR_RADIUS o=31 raw_norm=287236.8010937639 norm=10.636437692185021 radius=10.636437692185019 next_radius=21.272875384370039 lambda=2.6214400000000026e-12 next_lambda=6.5536000000000065e-13 rho=0.96815730284000401 accept=1
CLASSICAL_LM o=31 lambda=2.6214400000000026e-12 tau=2.6214400000000026e-12 prediction=0.10814149025008127 rho=0.96815730284000401 accept=1
  MFCG it  32 cost=3.589453e+05 lam=6.554e-13 tau=0.00e+00 cg_it=0 shift=0 ckpt=1 alpha=0 acc mv=127
PCG_PREP o=32 rebuild=1 drift=0 previous_depth=1
ATTR_RADIUS o=32 raw_norm=287393.72322896129 norm=21.272875384370035 radius=21.272875384370039 next_radius=42.545750768740078 lambda=6.5536000000000065e-13 next_lambda=1.6384000000000016e-13 rho=0.95370171106413459 accept=1
CLASSICAL_LM o=32 lambda=6.5536000000000065e-13 tau=6.5536000000000065e-13 prediction=0.065240558313166636 rho=0.95370171106413459 accept=1
  MFCG: converged (OCA_FTOL: 8 outers < 1.0e-05 rel)
  MFCG: accepts=33 rejects=3 total_matvecs=129 negcurv=0 cand_evals=36 mean_cg_per_outer=3.9
NUMERIC_REPAIR summary rebuilds=0 floor=9.9999999999999998e-17
  [retry-cache] builds=36 reuses=0
  [menu-backtrack] trials=14 rescues=14 evals=31 total_scored=67
POINT_SAFE summary calls=14 evals=12 wins=0 frozen=385 seconds=0.033511491
  [scoring] menu_evals=36 alpha_evals=0 backtrack_evals=31 total_scored=67
RESULT algo=mfree_shifted_cg iters=33 final_cost=358945.2191805396 solve_seconds=0.419392
DIAGNOSTICS median_reproj_err_px 4.948600 -> 0.656433 | cheirality_violations(obs) 0 -> 30 | cheirality_violations(pts, of 64298) 0 -> 15
