[R10] --zero_k2: all k2 set to 0 at load
Loaded /workspace/bal/final-1936.txt: ncam=1936 npt=649673 nobs=5213733 n=1960635
[R10] --dof9: refining f,k1 per camera (1936 cameras)
  [menu-backtrack] active=1 max_evals=8 warmup_accepts=3 confirm_stop=original armijo=1e-4
MIXED_STORAGE fragments=fp32 arithmetic=fp64 state=fp64 acceptance=fp64
  [compact-fragments] active=2 saved_bytes=542228232 storage=fp32 camera_reads=contiguous
  MFCG score_init=183424245.80393216 precision=fp64
PCG_PREP o=0 rebuild=1 drift=0 previous_depth=0
ATTR_RADIUS o=0 raw_norm=11011.077910569087 norm=11011.077910569085 radius=11011.077910569087 next_radius=22022.155821138174 lambda=0.10000000000000001 next_lambda=0.025000000000000001 rho=0.9946011066677598 accept=1
CLASSICAL_LM o=0 lambda=0.10000000000000001 tau=0.10000000000000001 prediction=167095927.1234768 rho=0.9946011066677598 accept=1
  MFCG it   1 cost=1.723045e+07 lam=2.500e-02 tau=0.00e+00 cg_it=0 shift=0 ckpt=1 alpha=0 acc mv=2
PCG_PREP o=1 rebuild=1 drift=0 previous_depth=1
ATTR_RADIUS o=1 raw_norm=8378.0809268413377 norm=8378.0809268413377 radius=22022.155821138174 next_radius=22022.155821138174 lambda=0.025000000000000001 next_lambda=0.0025000000000000005 rho=0.99349308447114748 accept=1
CLASSICAL_LM o=1 lambda=0.025000000000000001 tau=0.025000000000000001 prediction=9986053.8452865779 rho=0.99349308447114748 accept=1
  MFCG it   2 cost=7.309376e+06 lam=2.500e-03 tau=0.00e+00 cg_it=4 shift=0 ckpt=5 alpha=0 acc mv=8
PCG_PREP o=2 rebuild=1 drift=0 previous_depth=5
ATTR_RADIUS o=2 raw_norm=5307.2501702996078 norm=5307.2501702996078 radius=22022.155821138174 next_radius=22022.155821138174 lambda=0.0025000000000000005 next_lambda=0.00025000000000000006 rho=0.9972787691792202 accept=1
CLASSICAL_LM o=2 lambda=0.0025000000000000005 tau=0.0025000000000000005 prediction=1822451.2034074746 rho=0.9972787691792202 accept=1
  MFCG it   3 cost=5.491884e+06 lam=2.500e-04 tau=0.00e+00 cg_it=3 shift=0 ckpt=4 alpha=0 acc mv=13
PCG_PREP o=3 rebuild=1 drift=0 previous_depth=4
ATTR_RADIUS o=3 raw_norm=4341.634433089409 norm=4341.634433089409 radius=22022.155821138174 next_radius=22022.155821138174 lambda=0.00025000000000000006 next_lambda=2.5000000000000008e-05 rho=0.99747094451518725 accept=1
CLASSICAL_LM o=3 lambda=0.00025000000000000006 tau=0.00025000000000000006 prediction=394542.52796181053 rho=0.99747094451518725 accept=1
TARGET reached outer=4 seconds=0.502660811 cost=5098339.7297571823 threshold=5125687.3522614688
  MFCG: accepts=4 rejects=0 total_matvecs=16 negcurv=0 cand_evals=4 mean_cg_per_outer=4.0
NUMERIC_REPAIR summary rebuilds=0 floor=9.9999999999999998e-17
  [retry-cache] builds=4 reuses=0
  [menu-backtrack] trials=0 rescues=0 evals=0 total_scored=4
POINT_SAFE summary calls=0 evals=0 wins=0 frozen=0 seconds=0
  [scoring] menu_evals=4 alpha_evals=0 backtrack_evals=0 total_scored=4
RESULT algo=mfree_shifted_cg iters=4 final_cost=5098339.7297571823 solve_seconds=0.519213
DIAGNOSTICS median_reproj_err_px 2.845630 -> 0.638770 | cheirality_violations(obs) 1 -> 1 | cheirality_violations(pts, of 649673) 1 -> 1
