[R10] --zero_k2: all k2 set to 0 at load
Loaded /workspace/bal/muell-gba146.txt: ncam=493 npt=313987 nobs=2118671 n=944919
[R10] --dof9: refining f,k1 per camera (493 cameras)
  [menu-backtrack] active=1 max_evals=8 warmup_accepts=3 confirm_stop=original armijo=1e-4
MIXED_STORAGE fragments=fp32 arithmetic=fp64 state=fp64 acceptance=fp64
  [compact-fragments] active=2 saved_bytes=220341784 storage=fp32 camera_reads=contiguous
  MFCG score_init=2442177.0302083218 precision=fp64
PCG_GRAM enabled=1 fresh_schur_blocks=1
PCG_PREP o=0 rebuild=1 drift=0 previous_depth=0
ATTR_RADIUS o=0 raw_norm=893.15778578065215 norm=893.15778578065215 radius=893.15778578065215 next_radius=1786.3155715613043 lambda=0.10000000000000001 next_lambda=0.025000000000000001 rho=0.99668274946008606 accept=1
CLASSICAL_LM o=0 lambda=0.10000000000000001 tau=0.10000000000000001 prediction=148064.31619814152 rho=0.99668274946008606 accept=1
  MFCG it   1 cost=2.294604e+06 lam=2.500e-02 tau=0.00e+00 cg_it=0 shift=0 ckpt=1 alpha=0 acc mv=2
PCG_PREP o=1 rebuild=1 drift=0 previous_depth=1
ATTR_RADIUS o=1 raw_norm=1573.2352685414637 norm=1573.2352685414637 radius=1786.3155715613043 next_radius=3572.6311431226086 lambda=0.025000000000000001 next_lambda=0.0062500000000000003 rho=0.9985244955891418 accept=1
CLASSICAL_LM o=1 lambda=0.025000000000000001 tau=0.025000000000000001 prediction=114763.66645720683 rho=0.9985244955891418 accept=1
  MFCG it   2 cost=2.180010e+06 lam=6.250e-03 tau=0.00e+00 cg_it=0 shift=0 ckpt=1 alpha=0 acc mv=4
PCG_PREP o=2 rebuild=1 drift=0 previous_depth=1
ATTR_RADIUS o=2 raw_norm=2221.7294493540267 norm=2221.7294493540267 radius=3572.6311431226086 next_radius=3572.6311431226086 lambda=0.0062500000000000003 next_lambda=0.00062500000000000012 rho=1.002541045148494 accept=1
CLASSICAL_LM o=2 lambda=0.0062500000000000003 tau=0.0062500000000000003 prediction=80092.080743260682 rho=1.002541045148494 accept=1
  MFCG it   3 cost=2.099714e+06 lam=6.250e-04 tau=0.00e+00 cg_it=1 shift=0 ckpt=2 alpha=0 acc mv=7
PCG_PREP o=3 rebuild=1 drift=0 previous_depth=2
ATTR_RADIUS o=3 raw_norm=4679.748794310939 norm=3572.631143122609 radius=3572.6311431226086 next_radius=7145.2622862452172 lambda=0.00062500000000000012 next_lambda=0.00015625000000000003 rho=1.0065135692690919 accept=1
CLASSICAL_LM o=3 lambda=0.00062500000000000012 tau=0.00062500000000000012 prediction=59358.227992840213 rho=1.0065135692690919 accept=1
  MFCG it   4 cost=2.039969e+06 lam=1.563e-04 tau=0.00e+00 cg_it=2 shift=0 ckpt=3 alpha=0 acc mv=11
PCG_PREP o=4 rebuild=1 drift=0 previous_depth=3
ATTR_RADIUS o=4 raw_norm=7137.9888339022655 norm=7137.9888339022655 radius=7145.2622862452172 next_radius=14290.524572490434 lambda=0.00015625000000000003 next_lambda=3.9062500000000008e-05 rho=1.0041384235269593 accept=1
CLASSICAL_LM o=4 lambda=0.00015625000000000003 tau=0.00015625000000000003 prediction=36586.732671246209 rho=1.0041384235269593 accept=1
  MFCG it   5 cost=2.003231e+06 lam=3.906e-05 tau=0.00e+00 cg_it=6 shift=0 ckpt=7 alpha=0 acc mv=19
PCG_PREP o=5 rebuild=1 drift=0 previous_depth=7
PCG_PREP o=5 rebuild=1 drift=0 previous_depth=8
PCG_UPGRADE outer=5 after_iterations=8 relative=0.71450184196960198 tolerance=0.5
ATTR_RADIUS o=5 raw_norm=8904.3170707245499 norm=8904.3170707245499 radius=14290.524572490434 next_radius=14290.524572490434 lambda=3.9062500000000008e-05 next_lambda=3.9062500000000009e-06 rho=0.78289294794934705 accept=1
CLASSICAL_LM o=5 lambda=3.9062500000000008e-05 tau=3.9062500000000008e-05 prediction=13921.112400724354 rho=0.78289294794934705 accept=1
  MFCG it   6 cost=1.992332e+06 lam=3.906e-06 tau=0.00e+00 cg_it=10 shift=0 ckpt=11 alpha=0 acc mv=32
PCG_PREP o=6 rebuild=1 drift=0 previous_depth=11
PCG_PREP o=6 rebuild=1 drift=0 previous_depth=8
PCG_UPGRADE outer=6 after_iterations=8 relative=1.525650238473766 tolerance=0.5
ATTR_RADIUS o=6 raw_norm=28095.499457281745 norm=14290.524572490436 radius=14290.524572490434 next_radius=14290.524572490434 lambda=3.9062500000000009e-06 next_lambda=3.9062500000000009e-06 rho=0.58414462360010633 accept=1
CLASSICAL_LM o=6 lambda=3.9062500000000009e-06 tau=3.9062500000000009e-06 prediction=16383.269186482312 rho=0.58414462360010633 accept=1
  MFCG it   7 cost=1.982762e+06 lam=3.906e-06 tau=0.00e+00 cg_it=50 shift=0 ckpt=51 alpha=0 acc mv=85
PCG_PREP o=7 rebuild=1 drift=0 previous_depth=51
PCG_PREP o=7 rebuild=1 drift=0 previous_depth=8
PCG_UPGRADE outer=7 after_iterations=8 relative=1.1799157512936969 tolerance=0.5
ATTR_RADIUS o=7 raw_norm=19677.042449833807 norm=14290.524572490438 radius=14290.524572490434 next_radius=14290.524572490434 lambda=3.9062500000000009e-06 next_lambda=3.9062500000000009e-06 rho=0.72133028456610659 accept=1
CLASSICAL_LM o=7 lambda=3.9062500000000009e-06 tau=3.9062500000000009e-06 prediction=13297.491524304089 rho=0.72133028456610659 accept=1
  MFCG it   8 cost=1.973170e+06 lam=3.906e-06 tau=0.00e+00 cg_it=49 shift=0 ckpt=50 alpha=0 acc mv=137
PCG_PREP o=8 rebuild=1 drift=0 previous_depth=50
PCG_PREP o=8 rebuild=1 drift=0 previous_depth=8
PCG_UPGRADE outer=8 after_iterations=8 relative=0.85105021601449371 tolerance=0.5
ATTR_RADIUS o=8 raw_norm=4107.5636281466741 norm=4107.5636281466741 radius=14290.524572490434 next_radius=14290.524572490434 lambda=3.9062500000000009e-06 next_lambda=3.9062500000000012e-07 rho=0.92418303187813078 accept=1
CLASSICAL_LM o=8 lambda=3.9062500000000009e-06 tau=3.9062500000000009e-06 prediction=4598.6184373501492 rho=0.92418303187813078 accept=1
  MFCG it   9 cost=1.968920e+06 lam=3.906e-07 tau=0.00e+00 cg_it=11 shift=0 ckpt=12 alpha=0 acc mv=151
PCG_PREP o=9 rebuild=1 drift=0 previous_depth=12
PCG_PREP o=9 rebuild=1 drift=0 previous_depth=8
PCG_UPGRADE outer=9 after_iterations=8 relative=1.8008052379767487 tolerance=0.44735925437802293
ATTR_RADIUS o=9 raw_norm=54179.172047770269 norm=14290.524572490436 radius=14290.524572490434 next_radius=14290.524572490434 lambda=3.9062500000000012e-07 next_lambda=3.9062500000000012e-07 rho=0.7154524094277942 accept=1
CLASSICAL_LM o=9 lambda=3.9062500000000012e-07 tau=3.9062500000000012e-07 prediction=4561.799905740334 rho=0.7154524094277942 accept=1
  MFCG it  10 cost=1.965656e+06 lam=3.906e-07 tau=0.00e+00 cg_it=128 shift=0 ckpt=128 alpha=0 acc mv=280
PCG_PREP o=10 rebuild=1 drift=0 previous_depth=128
PCG_PREP o=10 rebuild=1 drift=0 previous_depth=8
PCG_UPGRADE outer=10 after_iterations=8 relative=1.539638936929193 tolerance=0.5
ATTR_RADIUS o=10 raw_norm=50550.291703997507 norm=14290.524572490434 radius=14290.524572490434 next_radius=14290.524572490434 lambda=3.9062500000000012e-07 next_lambda=3.9062500000000012e-07 rho=0.67581712735372168 accept=1
CLASSICAL_LM o=10 lambda=3.9062500000000012e-07 tau=3.9062500000000012e-07 prediction=5079.6023634948651 rho=0.67581712735372168 accept=1
  MFCG it  11 cost=1.962224e+06 lam=3.906e-07 tau=0.00e+00 cg_it=128 shift=0 ckpt=128 alpha=0 acc mv=409
PCG_PREP o=11 rebuild=1 drift=0 previous_depth=128
PCG_PREP o=11 rebuild=1 drift=0 previous_depth=8
PCG_UPGRADE outer=11 after_iterations=8 relative=1.088923300677928 tolerance=0.5
ATTR_RADIUS o=11 raw_norm=53267.54403784751 norm=14290.524572490436 radius=14290.524572490434 next_radius=14290.524572490434 lambda=3.9062500000000012e-07 next_lambda=3.9062500000000012e-07 rho=0.62418958292938587 accept=1
CLASSICAL_LM o=11 lambda=3.9062500000000012e-07 tau=3.9062500000000012e-07 prediction=5272.0079847936886 rho=0.62418958292938587 accept=1
  MFCG it  12 cost=1.958933e+06 lam=3.906e-07 tau=0.00e+00 cg_it=128 shift=0 ckpt=128 alpha=0 acc mv=538
PCG_PREP o=12 rebuild=1 drift=0 previous_depth=128
PCG_PREP o=12 rebuild=1 drift=0 previous_depth=8
PCG_UPGRADE outer=12 after_iterations=8 relative=0.76527230712326022 tolerance=0.5
ATTR_RADIUS o=12 raw_norm=742.96197830790641 norm=742.96197830790641 radius=14290.524572490434 next_radius=14290.524572490434 lambda=3.9062500000000012e-07 next_lambda=3.9062500000000016e-08 rho=1.0043233893430943 accept=1
CLASSICAL_LM o=12 lambda=3.9062500000000012e-07 tau=3.9062500000000012e-07 prediction=2219.4304316812809 rho=1.0043233893430943 accept=1
  MFCG it  13 cost=1.956704e+06 lam=3.906e-08 tau=0.00e+00 cg_it=8 shift=0 ckpt=9 alpha=0 acc mv=549
PCG_PREP o=13 rebuild=1 drift=0 previous_depth=9
PCG_PREP o=13 rebuild=1 drift=0 previous_depth=8
PCG_UPGRADE outer=13 after_iterations=8 relative=1.7270596647110092 tolerance=0.41454494757092025
ATTR_RADIUS o=13 raw_norm=67475.772940709619 norm=14290.524572490436 radius=14290.524572490434 next_radius=14290.524572490434 lambda=3.9062500000000016e-08 next_lambda=3.9062500000000016e-08 rho=0.44619278597905293 accept=1
CLASSICAL_LM o=13 lambda=3.9062500000000016e-08 tau=3.9062500000000016e-08 prediction=3528.4648136016363 rho=0.44619278597905293 accept=1
  MFCG it  14 cost=1.955129e+06 lam=3.906e-08 tau=0.00e+00 cg_it=128 shift=0 ckpt=128 alpha=0 acc mv=678
PCG_PREP o=14 rebuild=1 drift=0 previous_depth=128
PCG_PREP o=14 rebuild=1 drift=0 previous_depth=8
PCG_UPGRADE outer=14 after_iterations=8 relative=1.1273919335766851 tolerance=0.5
ATTR_RADIUS o=14 raw_norm=67800.854030905757 norm=14290.524572490431 radius=14290.524572490434 next_radius=28581.049144980869 lambda=3.9062500000000016e-08 next_lambda=9.7656250000000041e-09 rho=0.76694291763638478 accept=1
CLASSICAL_LM o=14 lambda=3.9062500000000016e-08 tau=3.9062500000000016e-08 prediction=5574.3579391155381 rho=0.76694291763638478 accept=1
  MFCG it  15 cost=1.950854e+06 lam=9.766e-09 tau=0.00e+00 cg_it=128 shift=0 ckpt=128 alpha=0 acc mv=807
PCG_PREP o=15 rebuild=1 drift=0 previous_depth=128
PCG_PREP o=15 rebuild=1 drift=0 previous_depth=8
PCG_UPGRADE outer=15 after_iterations=8 relative=0.74504940260320474 tolerance=0.5
ATTR_RADIUS o=15 raw_norm=592.84433656283193 norm=592.84433656283193 radius=28581.049144980869 next_radius=28581.049144980869 lambda=9.7656250000000041e-09 next_lambda=9.7656250000000037e-10 rho=1.0064164833016058 accept=1
CLASSICAL_LM o=15 lambda=9.7656250000000041e-09 tau=9.7656250000000041e-09 prediction=1586.8029400329194 rho=1.0064164833016058 accept=1
  MFCG it  16 cost=1.949257e+06 lam=9.766e-10 tau=0.00e+00 cg_it=9 shift=0 ckpt=10 alpha=0 acc mv=819
PCG_PREP o=16 rebuild=1 drift=0 previous_depth=10
PCG_PREP o=16 rebuild=1 drift=0 previous_depth=8
PCG_UPGRADE outer=16 after_iterations=8 relative=1.6865359442517092 tolerance=0.5
POINT_SAFE o=16 frozen=22 slope=-7019.9110282889333 candidate=1965452.0522162025 original=1947362.2808916154 current=1949257.1902509579 won=0 mode=1 camera_scale=1 keep_scale=0
ATTR_RADIUS o=16 raw_norm=58746.895945058008 norm=14290.524572490436 radius=28581.049144980869 next_radius=28581.049144980869 lambda=9.7656250000000037e-10 next_lambda=9.7656250000000047e-11 rho=0.61372777021129976 accept=1
CLASSICAL_LM o=16 lambda=9.7656250000000037e-10 tau=9.7656250000000037e-10 prediction=3087.540520921877 rho=0.61372777021129976 accept=1
  MFCG it  17 cost=1.947362e+06 lam=9.766e-11 tau=0.00e+00 cg_it=128 shift=0 ckpt=128 alpha=0 acc mv=948
PCG_PREP o=17 rebuild=1 drift=0 previous_depth=128
PCG_PREP o=17 rebuild=1 drift=0 previous_depth=8
PCG_UPGRADE outer=17 after_iterations=8 relative=0.81563312046543612 tolerance=0.5
ATTR_RADIUS o=17 raw_norm=524.76527927589575 norm=524.76527927589575 radius=28581.049144980869 next_radius=28581.049144980869 lambda=9.7656250000000047e-11 next_lambda=9.7656250000000051e-12 rho=1.0035051108626405 accept=1
CLASSICAL_LM o=17 lambda=9.7656250000000047e-11 tau=9.7656250000000047e-11 prediction=1470.1752931700325 rho=1.0035051108626405 accept=1
TARGET reached outer=18 seconds=4.384500720 cost=1945886.9524710553 threshold=1946488.7462621939
  MFCG: accepts=18 rejects=0 total_matvecs=961 negcurv=0 cand_evals=18 mean_cg_per_outer=53.4
NUMERIC_REPAIR summary rebuilds=0 floor=9.9999999999999998e-17
  [retry-cache] builds=18 reuses=0
  [menu-backtrack] trials=1 rescues=1 evals=2 total_scored=20
POINT_SAFE summary calls=1 evals=1 wins=0 frozen=22 seconds=0.012035617
  [scoring] menu_evals=18 alpha_evals=0 backtrack_evals=2 total_scored=20
RESULT algo=mfree_shifted_cg iters=18 final_cost=1945886.9524710553 solve_seconds=4.393180
DIAGNOSTICS median_reproj_err_px 1.064960 -> 0.946933 | cheirality_violations(obs) 0 -> 0 | cheirality_violations(pts, of 313987) 0 -> 0
