  [menu-backtrack] active=1 max_evals=8 warmup_accepts=3 confirm_stop=original armijo=1e-4
MIXED_STORAGE fragments=fp32 arithmetic=fp64 state=fp64 acceptance=fp64
  [compact-fragments] active=2 saved_bytes=36105992 storage=fp32 camera_reads=contiguous
  MFCG score_init=246403.69473567873 precision=fp64
W2_DIRECTION arm=eta2_saved rep=0 gain=0.95692077442072332 rho=0.70805451754357851 norm=0 R=1612.6762948148341 guard=0 cert=0
PCG_PREP o=0 rebuild=1 drift=0 previous_depth=0
W2_DIRECTION arm=reference_raw rep=0 gain=1.2992380470095668 rho=0.79187680804897187 norm=866.34974654281109 R=1612.6762948148341 guard=0 cert=1
W2_DIRECTION arm=reference_clip rep=0 gain=1.2992380470095668 rho=0.79187680804897442 norm=866.34974654281109 R=1612.6762948148341 guard=0 cert=1
PCG_PREP o=0 rebuild=1 drift=0 previous_depth=0
W2_DIRECTION arm=lambda_coupled rep=0 gain=1.2992380470095668 rho=0.7918768080489732 norm=866.34974654281109 R=1612.6762948148341 guard=0 cert=1
PCG_PREP o=0 rebuild=1 drift=0 previous_depth=0
W2_DIRECTION arm=lambda_frozen_tau rep=0 gain=1.2992380470095668 rho=0.79187680804897076 norm=866.34974654281109 R=1612.6762948148341 guard=0 cert=1
PCG_PREP o=0 rebuild=1 drift=0 previous_depth=0
W2_DIRECTION arm=reference_raw rep=1 gain=1.2992380470095668 rho=0.79187680804897165 norm=866.34974654281109 R=1612.6762948148341 guard=0 cert=1
W2_DIRECTION arm=reference_clip rep=1 gain=1.2992380470095668 rho=0.79187680804897254 norm=866.34974654281109 R=1612.6762948148341 guard=0 cert=1
PCG_PREP o=0 rebuild=1 drift=0 previous_depth=0
W2_DIRECTION arm=lambda_coupled rep=1 gain=1.2992380470386706 rho=0.7918768080667109 norm=866.34974654281109 R=1612.6762948148341 guard=0 cert=1
PCG_PREP o=0 rebuild=1 drift=0 previous_depth=0
W2_DIRECTION arm=lambda_frozen_tau rep=1 gain=1.2992380470095668 rho=0.79187680804897498 norm=866.34974654281109 R=1612.6762948148341 guard=0 cert=1
PCG_PREP o=0 rebuild=1 drift=0 previous_depth=0
W2_DIRECTION arm=reference_raw rep=2 gain=1.2992380470095668 rho=0.7918768080489742 norm=866.34974654281109 R=1612.6762948148341 guard=0 cert=1
W2_DIRECTION arm=reference_clip rep=2 gain=1.2992380470386706 rho=0.79187680806671579 norm=866.34974654281109 R=1612.6762948148341 guard=0 cert=1
PCG_PREP o=0 rebuild=1 drift=0 previous_depth=0
W2_DIRECTION arm=lambda_coupled rep=2 gain=1.2992380470095668 rho=0.79187680804897553 norm=866.34974654281109 R=1612.6762948148341 guard=0 cert=1
PCG_PREP o=0 rebuild=1 drift=0 previous_depth=0
W2_DIRECTION arm=lambda_frozen_tau rep=2 gain=1.2992380470095668 rho=0.79187680804897254 norm=866.34974654281109 R=1612.6762948148341 guard=0 cert=1
W2_WITNESS_COMPLETE
  MFCG: accepts=0 rejects=0 total_matvecs=0 negcurv=0 cand_evals=0 mean_cg_per_outer=0.0
NUMERIC_REPAIR summary rebuilds=0 floor=9.9999999999999998e-17
  [retry-cache] builds=1 reuses=0
  [menu-backtrack] trials=0 rescues=0 evals=0 total_scored=0
POINT_SAFE summary calls=0 evals=0 wins=0 frozen=0 seconds=0
  [scoring] menu_evals=0 alpha_evals=0 backtrack_evals=0 total_scored=0
RESULT algo=mfree_shifted_cg iters=0 final_cost=246403.6947356787 solve_seconds=4.833401
DIAGNOSTICS median_reproj_err_px 0.360500 -> 0.360500 | cheirality_violations(obs) 13 -> 13 | cheirality_violations(pts, of 64053) 7 -> 7
