[R10] --zero_k2: all k2 set to 0 at load
Loaded /workspace/bal/ladybug-49.txt: ncam=49 npt=7776 nobs=31843 n=23622
[R10] --dof9: refining f,k1 per camera (49 cameras)
  [menu-backtrack] active=1 max_evals=8 warmup_accepts=3 confirm_stop=original armijo=1e-4
MIXED_STORAGE fragments=fp32 arithmetic=fp64 state=fp64 acceptance=fp64
  [compact-fragments] active=2 saved_bytes=3311672 storage=fp32 camera_reads=contiguous
  MFCG score_init=850912.46064130263 precision=fp64
PHASE_SWEEP o=0 mode=1 valid=1 depth=2 qualified=1 raw=0.93047469416437556 clipped=0.92064167453796275 selected=2 center=0.10000000000000001 tau=0.10000000000000001 worst_res=0.42102602223455127 eta=0.5
ATTR_RADIUS o=0 raw_norm=335.06826966703778 norm=335.06826966703773 radius=335.06826966703778 next_radius=670.13653933407556 lambda=0.10000000000000001 next_lambda=0.025000000000000001 rho=0.99727488095427752 accept=1
CLASSICAL_LM o=0 lambda=0.10000000000000001 tau=0.10000000000000001 prediction=813233.94092382246 rho=0.99727488095427752 accept=1
  MFCG it   1 cost=3.989468e+04 lam=2.500e-02 tau=0.00e+00 cg_it=1 shift=0 ckpt=2 alpha=0 acc mv=7
PHASE_SWEEP o=1 mode=1 valid=1 depth=15 qualified=1 raw=0.97735352090308369 clipped=0.97735352090308369 selected=2 center=0.025000000000000001 tau=0.025000000000000001 worst_res=0.11821982384163966 eta=0.12184083181747149
ATTR_RADIUS o=1 raw_norm=333.24330121966506 norm=333.24330121966494 radius=670.13653933407556 next_radius=670.13653933407556 lambda=0.025000000000000001 next_lambda=0.0025000000000000005 rho=0.99815136810541982 accept=1
CLASSICAL_LM o=1 lambda=0.025000000000000001 tau=0.025000000000000001 prediction=14772.832619910301 rho=0.99815136810541982 accept=1
  MFCG it   2 cost=2.514916e+04 lam=2.500e-03 tau=0.00e+00 cg_it=14 shift=0 ckpt=15 alpha=0 acc mv=27
PHASE_SWEEP o=2 mode=1 valid=1 depth=56 qualified=1 raw=0.97701994474280818 clipped=0.97079727445542352 selected=2 center=0.0025000000000000005 tau=0.0025000000000000005 worst_res=0.078095683600738389 eta=0.085944232034708148
ATTR_RADIUS o=2 raw_norm=513.6403964904224 norm=513.64039649042263 radius=670.13653933407556 next_radius=670.13653933407556 lambda=0.0025000000000000005 next_lambda=0.00025000000000000006 rho=1.0018886243817557 accept=1
CLASSICAL_LM o=2 lambda=0.0025000000000000005 tau=0.0025000000000000005 prediction=6356.3194998621202 rho=1.0018886243817557 accept=1
  MFCG it   3 cost=1.878083e+04 lam=2.500e-04 tau=0.00e+00 cg_it=55 shift=0 ckpt=56 alpha=0 acc mv=88
PHASE_SWEEP o=3 mode=1 valid=1 depth=2 qualified=1 raw=0.059222814828203518 clipped=0.059222814828203518 selected=2 center=0.00025000000000000006 tau=0.00025000000000000006 worst_res=0.46949195065181387 eta=0.5
ATTR_RADIUS o=3 raw_norm=41.336159662119975 norm=41.336159662119975 radius=670.13653933407556 next_radius=670.13653933407556 lambda=0.00025000000000000006 next_lambda=2.5000000000000008e-05 rho=0.97433821888597438 accept=1
CLASSICAL_LM o=3 lambda=0.00025000000000000006 tau=0.00025000000000000006 prediction=3130.1904298735117 rho=0.97433821888597438 accept=1
  MFCG it   4 cost=1.573097e+04 lam=2.500e-05 tau=0.00e+00 cg_it=1 shift=0 ckpt=2 alpha=0 acc mv=95
PHASE_SWEEP o=4 mode=1 valid=1 depth=9 qualified=1 raw=0.074056134556229461 clipped=0.074056134556229461 selected=2 center=2.5000000000000008e-05 tau=2.5000000000000008e-05 worst_res=0.49944786379429579 eta=0.5
ATTR_RADIUS o=4 raw_norm=196.81115210750079 norm=196.81115210750073 radius=670.13653933407556 next_radius=670.13653933407556 lambda=2.5000000000000008e-05 next_lambda=2.5000000000000011e-06 rho=0.56010093834498265 accept=1
CLASSICAL_LM o=4 lambda=2.5000000000000008e-05 tau=2.5000000000000008e-05 prediction=1439.643345275399 rho=0.56010093834498265 accept=1
  MFCG it   5 cost=1.492462e+04 lam=2.500e-06 tau=0.00e+00 cg_it=8 shift=0 ckpt=9 alpha=0 acc mv=109
PHASE_SWEEP o=5 mode=1 valid=1 depth=15 qualified=1 raw=0.032435372930386508 clipped=0.032435372930386508 selected=2 center=2.5000000000000011e-06 tau=2.5000000000000011e-06 worst_res=0.44800526425948761 eta=0.46810913813117017
ATTR_RADIUS o=5 raw_norm=283.17453616334745 norm=283.17453616334751 radius=670.13653933407556 next_radius=670.13653933407556 lambda=2.5000000000000011e-06 next_lambda=2.5000000000000009e-07 rho=0.85711800193789889[R9] wrote /tmp/prism-ba-coarse/research/eta2_phase_hybrid/evidence/small/ladybug-49-shared_center-1/curve.csv
 accept=1
CLASSICAL_LM o=5 lambda=2.5000000000000011e-06 tau=2.5000000000000011e-06 prediction=1039.7415970335419 rho=0.85711800193789889 accept=1
  MFCG it   6 cost=1.403344e+04 lam=2.500e-07 tau=0.00e+00 cg_it=14 shift=0 ckpt=15 alpha=0 acc mv=129
PHASE_SWEEP o=6 mode=1 valid=1 depth=54 qualified=1 raw=0.024808427116071011 clipped=0.015887585859787775 selected=-1 center=2.5000000000000009e-07 tau=2.5000000000000009e-07 worst_res=0.37879732286348117 eta=0.38229168902778171
POINT_SAFE o=6 frozen=0 slope=-849.38667149892342 candidate=inf original=13979.89530303354 current=14033.440731347127 won=0 mode=1 camera_scale=1 keep_scale=0
ATTR_RADIUS o=6 raw_norm=676.2189989559073 norm=167.53413483351881 radius=670.13653933407556 next_radius=670.13653933407556 lambda=2.5000000000000009e-07 next_lambda=2.5000000000000012e-08 rho=0.28642566978723644 accept=1
CLASSICAL_LM o=6 lambda=2.5000000000000009e-07 tau=2.5000000000000009e-07 prediction=186.9435388014019 rho=0.28642566978723644 accept=1
  MFCG it   7 cost=1.397990e+04 lam=2.500e-08 tau=0.00e+00 cg_it=53 shift=0 ckpt=54 alpha=0 acc mv=188
PHASE_SWEEP o=7 mode=1 valid=1 depth=55 qualified=1 raw=0.0033622047134186975 clipped=0.0033622047134186975 selected=-1 center=2.5000000000000012e-08 tau=2.5000000000000012e-08 worst_res=0.45265982637869856 eta=0.5
POINT_SAFE o=7 frozen=1 slope=-832.50649032755291 candidate=27818.706374961854 original=13975.140075281846 current=13979.89530303354 won=0 mode=1 camera_scale=1 keep_scale=0
ATTR_RADIUS o=7 raw_norm=664.42339030486062 norm=664.42339030486073 radius=670.13653933407556 next_radius=167.53413483351889 lambda=2.5000000000000012e-08 next_lambda=4.0000000000000019e-07 rho=0.048711289246518359 accept=0
CLASSICAL_LM o=7 lambda=2.5000000000000012e-08 tau=2.5000000000000012e-08 prediction=97.620650679724363 rho=0.048711289246518359 accept=0
  MFCG it   8  retry 1/8  lam=4.000e-07 tau_eff=2.500e-08  (assembly reused)
PHASE_SWEEP o=7 mode=1 valid=1 depth=35 qualified=1 raw=0.025478496229431904 clipped=0.0028076546609524192 selected=2 center=4.0000000000000019e-07 tau=4.0000000000000019e-07 worst_res=0.48900439129368001 eta=0.5
ATTR_RADIUS o=7 raw_norm=378.57704934093567 norm=167.53413483351889 radius=167.53413483351889 next_radius=167.53413483351889 lambda=4.0000000000000019e-07 next_lambda=4.0000000000000019e-07 rho=0.28483917741828113 accept=1
CLASSICAL_LM o=7 lambda=4.0000000000000019e-07 tau=4.0000000000000019e-07 prediction=311.86643199615605 rho=0.28483917741828113 accept=1
PHASE_HANDOVER outer=8 reason=opening_cap flat_streak=0 accepted=8
  MFCG it   8 cost=1.389106e+04 lam=4.000e-07 tau=0.00e+00 cg_it=34 shift=0 ckpt=35 alpha=0 acc mv=288
PCG_PREP o=8 rebuild=1 drift=0 previous_depth=0
ATTR_RADIUS o=8 raw_norm=540.80021064248581 norm=167.53413483351889 radius=167.53413483351889 next_radius=167.53413483351889 lambda=4.0000000000000019e-07 next_lambda=4.0000000000000019e-07 rho=0.73465224700804344 accept=1
CLASSICAL_LM o=8 lambda=4.0000000000000019e-07 tau=4.0000000000000019e-07 prediction=258.81423922529768 rho=0.73465224700804344 accept=1
TARGET reached outer=9 seconds=0.095493286 cost=13700.925062674838 threshold=13713.770267554755
  MFCG: accepts=9 rejects=1 total_matvecs=304 negcurv=0 cand_evals=10 mean_cg_per_outer=33.8
PHASE_SUMMARY mode=1 sweeps=9 failures=0 products=288 seconds=0.066490623 open=0
NUMERIC_REPAIR summary rebuilds=0 floor=9.9999999999999998e-17
  [retry-cache] builds=10 reuses=0
  [menu-backtrack] trials=2 rescues=2 evals=6 total_scored=16
POINT_SAFE summary calls=2 evals=1 wins=0 frozen=1 seconds=0.00074404
  [scoring] menu_evals=10 alpha_evals=0 backtrack_evals=6 total_scored=16
RESULT algo=mfree_shifted_cg iters=9 final_cost=13700.9250626748 solve_seconds=0.096163
DIAGNOSTICS median_reproj_err_px 1.479478 -> 0.388656 | cheirality_violations(obs) 31 -> 33 | cheirality_violations(pts, of 7776) 10 -> 11
