  [menu-backtrack] active=1 max_evals=8 warmup_accepts=3 confirm_stop=original armijo=1e-4
MIXED_STORAGE fragments=fp32 arithmetic=fp64 state=fp64 acceptance=fp64
  [compact-fragments] active=2 saved_bytes=55578432 storage=fp32 camera_reads=contiguous
  MFCG score_init=4545737.6927971561 precision=fp64
PCG_PREP o=0 rebuild=1 drift=0 previous_depth=0
GEODESIC attempt=0 outer=0 accepts_before=0 cg=1 products=2 relative=0.041078113410029982 certified=1 cutoff=0 guard=0.072668642404180431 admitted=1 won=0 cost=855941.98709749302 prediction=3695010.7275885721 rho=0.99858863146188692 seconds=0.006379584
ATTR_RADIUS o=0 raw_norm=1979.0057242013663 norm=1979.0057242013663 radius=1979.0057242013663 next_radius=3958.0114484027326 lambda=0.10000000000000001 next_lambda=0.025000000000000001 rho=0.99704261247634385 accept=1
CLASSICAL_LM o=0 lambda=0.10000000000000001 tau=0.10000000000000001 prediction=3707235.9066126416 rho=0.99704261247634385 accept=1
  MFCG it   1 cost=8.494655e+05 lam=2.500e-02 tau=0.00e+00 cg_it=0 shift=0 ckpt=1 alpha=0 acc mv=4
PCG_PREP o=1 rebuild=1 drift=0 previous_depth=1
GEODESIC attempt=1 outer=1 accepts_before=1 cg=1 products=2 relative=0.21669544085643874 certified=1 cutoff=0 guard=0.019821188242222215 admitted=1 won=1 cost=512283.40245506575 prediction=337360.47540834558 rho=0.99947131192172112 seconds=0.006353254
ATTR_RADIUS o=1 raw_norm=1438.6475574827082 norm=1432.6684005742986 radius=3958.0114484027326 next_radius=3958.0114484027326 lambda=0.025000000000000001 next_lambda=0.0025000000000000005 rho=0.99947131192172101 accept=1
CLASSICAL_LM o=1 lambda=0.025000000000000001 tau=0.025000000000000001 prediction=337360.47540834564 rho=0.99947131192172101 accept=1
  MFCG it   2 cost=5.122834e+05 lam=2.500e-03 tau=0.00e+00 cg_it=4 shift=0 ckpt=5 alpha=0 acc mv=12
PCG_PREP o=2 rebuild=1 drift=0 previous_depth=5
GEODESIC attempt=2 outer=2 accepts_before=2 cg=1 products=2 relative=0.29438480698939201 certified=1 cutoff=0 guard=0.043176739805188387 admitted=1 won=1 cost=378816.57321484346 prediction=133430.70392466336 rho=1.000270742149268 seconds=0.006312604
ATTR_RADIUS o=2 raw_norm=1913.4322451414055 norm=1914.7645433931918 radius=3958.0114484027326 next_radius=3958.0114484027326 lambda=0.0025000000000000005 next_lambda=0.00025000000000000006 rho=1.000270742149268 accept=1
CLASSICAL_LM o=2 lambda=0.0025000000000000005 tau=0.0025000000000000005 prediction=133430.70392466336 rho=1.000270742149268 accept=1
  MFCG it   3 cost=3.788166e+05 lam=2.500e-04 tau=0.00e+00 cg_it=3 shift=0 ckpt=4 alpha=0 acc mv=19
PCG_PREP o=3 rebuild=1 drift=0 previous_depth=4
GEODESIC attempt=3 outer=3 accepts_before=3 cg=1 products=2 relative=0.38352818798395771 certified=1 cutoff=0 guard=0.15489855511800671 admitted=1 won=0 cost=342822.82946195657 prediction=34734.730566955172 rho=1.0362465222957415 seconds=0.006301464
ATTR_RADIUS o=3 raw_norm=1990.9933716492135 norm=1990.9933716492135 radius=3958.0114484027326 next_radius=3958.0114484027326 lambda=0.00025000000000000006 next_lambda=2.5000000000000008e-05 rho=1.0315710488330174 accept=1
CLASSICAL_LM o=3 lambda=0.00025000000000000006 tau=0.00025000000000000006 prediction=35319.772556340664 rho=1.0315710488330174 accept=1
  MFCG it   4 cost=3.423817e+05 lam=2.500e-05 tau=0.00e+00 cg_it=0 shift=0 ckpt=1 alpha=0 acc mv=23
PCG_PREP o=4 rebuild=1 drift=0 previous_depth=1
GEODESIC attempt=4 outer=4 accepts_before=4 cg=1 products=2 relative=0.4128181719006554 certified=1 cutoff=0 guard=0.099138399582709882 admitted=1 won=1 cost=319629.11687723018 prediction=22225.528955119004 rho=1.0237147364668198 seconds=0.006344593
ATTR_RADIUS o=4 raw_norm=4328.4076347935879 norm=3903.0474009368463 radius=3958.0114484027326 next_radius=7916.0228968054653 lambda=2.5000000000000008e-05 next_lambda=6.250000000000002e-06 rho=1.0237147364668202 accept=1
CLASSICAL_LM o=4 lambda=2.5000000000000008e-05 tau=2.5000000000000008e-05 prediction=22225.528955118996 rho=1.0237147364668202 accept=1
  MFCG it   5 cost=3.196291e+05 lam=6.250e-06 tau=0.00e+00 cg_it=6 shift=0 ckpt=7 alpha=0 acc mv=33
PCG_PREP o=5 rebuild=1 drift=0 previous_depth=7
GEODESIC attempt=5 outer=5 accepts_before=5 cg=1 products=2 relative=0.45800023282565999 certified=1 cutoff=0 guard=0.24557209269149341 admitted=1 won=0 cost=312037.66072044696 prediction=-27058.394033831104 rho=-1 seconds=0.006313574
POINT_SAFE o=5 frozen=2 slope=-15707.191476909777 candidate=314100.83820988424 original=314144.33185206226 current=319629.11687723018 won=1 mode=1 camera_scale=1 keep_scale=0
ATTR_RADIUS o=5 raw_norm=4373.4502298531006 norm=4373.4502298531006 radius=7916.0228968054653 next_radius=7916.0228968054653 lambda=6.250000000000002e-06 next_lambda=6.2500000000000026e-07 rho=0.8816093075708471 accept=1
CLASSICAL_LM o=5 lambda=6.250000000000002e-06 tau=6.250000000000002e-06 prediction=6270.6673124610534 rho=0.8816093075708471 accept=1
  MFCG it   6 cost=3.141008e+05 lam=6.250e-07 tau=0.00e+00 cg_it=8 shift=0 ckpt=9 alpha=0 acc mv=45
PCG_PREP o=6 rebuild=1 drift=0 previous_depth=9
GEODESIC attempt=6 outer=6 accepts_before=6 cg=4 products=5 relative=0.33404559001117734 certified=1 cutoff=0 guard=0.094031588027907093 admitted=1 won=0 cost=311047.55724336416 prediction=-28100.421606713524 rho=-1 seconds=0.009351835
ATTR_RADIUS o=6 raw_norm=4716.4081374867083 norm=4716.4081374867083 radius=7916.0228968054653 next_radius=7916.0228968054653 lambda=6.2500000000000026e-07 next_lambda=6.2500000000000024e-08 rho=0.31486288491155329 accept=1
CLASSICAL_LM o=6 lambda=6.2500000000000026e-07 tau=6.2500000000000026e-07 prediction=3377.2874929440477 rho=0.31486288491155329 accept=1
  MFCG it   7 cost=3.130375e+05 lam=6.250e-08 tau=0.00e+00 cg_it=4 shift=0 ckpt=5 alpha=0 acc mv=56
PCG_PREP o=7 rebuild=1 drift=0 previous_depth=5
GEODESIC attempt=7 outer=7 accepts_before=7 cg=1 products=2 relative=0.16533502494703295 certified=1 cutoff=0 guard=0.031943007461155637 admitted=1 won=1 cost=306799.28793455323 prediction=4357.4629913874633 rho=1.4316054558482076 seconds=0.006314564
ATTR_RADIUS o=7 raw_norm=7997.8102515847568 norm=7916.0228968054653 radius=7916.0228968054653 next_radius=15832.045793610931 lambda=6.2500000000000024e-08 next_lambda=1.5625000000000006e-08 rho=1.431605455848207 accept=1
CLASSICAL_LM o=7 lambda=6.2500000000000024e-08 tau=6.2500000000000024e-08 prediction=4357.4629913874651 rho=1.431605455848207 accept=1
  MFCG it   8 cost=3.067993e+05 lam=1.563e-08 tau=0.00e+00 cg_it=34 shift=0 ckpt=35 alpha=0 acc mv=94
PCG_PREP o=8 rebuild=1 drift=0 previous_depth=35
GEODESIC attempt=8 outer=8 accepts_before=8 cg=4 products=5 relative=0.35167705685212047 certified=1 cutoff=0 guard=0.2543377308867803 admitted=1 won=0 cost=306521.37658615533 prediction=287.04167429700135 rho=0.96819163655778961 seconds=0.009255046
ATTR_RADIUS o=8 raw_norm=396.6183244317798 norm=396.6183244317798 radius=15832.045793610931 next_radius=15832.045793610931 lambda=1.5625000000000006e-08 next_lambda=1.5625000000000008e-09 rho=0.70686924641671678 accept=1
CLASSICAL_LM o=8 lambda=1.5625000000000006e-08 tau=1.5625000000000006e-08 prediction=462.79746396338078 rho=0.70686924641671678 accept=1
  MFCG it   9 cost=3.064722e+05 lam=1.563e-09 tau=0.00e+00 cg_it=6 shift=0 ckpt=7 alpha=0 acc mv=107
PCG_PREP o=9 rebuild=1 drift=0 previous_depth=7
GEODESIC attempt=9 outer=9 accepts_before=9 cg=1 products=2 relative=0.27355731929613347 certified=1 cutoff=0 guard=0.022496573124046661 admitted=1 won=1 cost=305617.54855612572 prediction=907.75786001783695 rho=0.9414427805839648 seconds=0.006319514
ATTR_RADIUS o=9 raw_norm=3556.9435228850957 norm=3558.3477986737948 radius=15832.045793610931 next_radius=15832.045793610931 lambda=1.5625000000000008e-09 next_lambda=1.5625000000000008e-10 rho=0.94144278058396413 accept=1
CLASSICAL_LM o=9 lambda=1.5625000000000008e-09 tau=1.5625000000000008e-09 prediction=907.75786001783763 rho=0.94144278058396413 accept=1
TARGET reached outer=10 seconds=0.315669648 cost=305617.54855612572 threshold=306349.5931045434
  MFCG: accepts=10 rejects=0 total_matvecs=153 negcurv=0 cand_evals=20 mean_cg_per_outer=15.3
NUMERIC_REPAIR summary rebuilds=0 floor=9.9999999999999998e-17
  [retry-cache] builds=10 reuses=0
  [menu-backtrack] trials=1 rescues=1 evals=2 total_scored=22
POINT_SAFE summary calls=1 evals=1 wins=1 frozen=2 seconds=0.003812942
  [scoring] menu_evals=20 alpha_evals=0 backtrack_evals=2 total_scored=22
RESULT algo=mfree_shifted_cg iters=10 final_cost=305617.5485561257 solve_seconds=0.321071
DIAGNOSTICS median_reproj_err_px 1.058298 -> 0.367374 | cheirality_violations(obs) 0 -> 2 | cheirality_violations(pts, of 100368) 0 -> 2
