  [menu-backtrack] active=1 max_evals=8 warmup_accepts=3 confirm_stop=original armijo=1e-4
MIXED_STORAGE fragments=fp32 arithmetic=fp64 state=fp64 acceptance=fp64
  [compact-fragments] active=2 saved_bytes=171996448 storage=fp32 camera_reads=contiguous
  MFCG score_init=90993342.024340227 precision=fp64
PCG_PREP o=0 rebuild=1 drift=0 previous_depth=0
ATTR_RADIUS o=0 raw_norm=8861.1709887307607 norm=8861.1709887307607 radius=8861.1709887307607 next_radius=17722.341977461521 lambda=0.10000000000000001 next_lambda=0.025000000000000001 rho=0.99545080656082663 accept=1
CLASSICAL_LM o=0 lambda=0.10000000000000001 tau=0.10000000000000001 prediction=83412716.699058965 rho=0.99545080656082663 accept=1
  MFCG it   1 cost=7.960086e+06 lam=2.500e-02 tau=0.00e+00 cg_it=0 shift=0 ckpt=1 alpha=0 acc mv=2
PCG_PREP o=1 rebuild=1 drift=0 previous_depth=1
ATTR_RADIUS o=1 raw_norm=4659.7121206777829 norm=4659.7121206777829 radius=17722.341977461521 next_radius=17722.341977461521 lambda=0.025000000000000001 next_lambda=0.0025000000000000005 rho=0.99453896506499995 accept=1
CLASSICAL_LM o=1 lambda=0.025000000000000001 tau=0.025000000000000001 prediction=4259951.5107679646 rho=0.99453896506499995 accept=1
  MFCG it   2 cost=3.723398e+06 lam=2.500e-03 tau=0.00e+00 cg_it=4 shift=0 ckpt=5 alpha=0 acc mv=8
PCG_PREP o=2 rebuild=1 drift=0 previous_depth=5
ATTR_RADIUS o=2 raw_norm=6975.6779789559605 norm=6975.6779789559605 radius=17722.341977461521 next_radius=17722.341977461521 lambda=0.0025000000000000005 next_lambda=0.00025000000000000006 rho=0.87051061466542423 accept=1
CLASSICAL_LM o=2 lambda=0.0025000000000000005 tau=0.0025000000000000005 prediction=1234099.558071756 rho=0.87051061466542423 accept=1
  MFCG it   3 cost=2.649101e+06 lam=2.500e-04 tau=0.00e+00 cg_it=9 shift=0 ckpt=10 alpha=0 acc mv=19
PCG_PREP o=3 rebuild=1 drift=0 previous_depth=10
ATTR_RADIUS o=3 raw_norm=10922.542500247142 norm=10922.542500247142 radius=17722.341977461521 next_radius=17722.341977461521 lambda=0.00025000000000000006 next_lambda=2.5000000000000008e-05 rho=0.714615549480765 accept=1
CLASSICAL_LM o=3 lambda=0.00025000000000000006 tau=0.00025000000000000006 prediction=596515.31226690533 rho=0.714615549480765 accept=1
  MFCG it   4 cost=2.222822e+06 lam=2.500e-05 tau=0.00e+00 cg_it=0 shift=0 ckpt=1 alpha=0 acc mv=21
PCG_PREP o=4 rebuild=1 drift=0 previous_depth=1
POINT_SAFE o=4 frozen=1341 slope=-336469.80091621412 candidate=2043410.2400756064 original=2072225.5593114805 current=2222822.2595813214 won=1 mode=1 camera_scale=1 keep_scale=0
ATTR_RADIUS o=4 raw_norm=25300.156643182821 norm=17722.341977461521 radius=17722.341977461521 next_radius=35444.683954923043 lambda=2.5000000000000008e-05 next_lambda=6.250000000000002e-06 rho=0.91745236760754345 accept=1
CLASSICAL_LM o=4 lambda=2.5000000000000008e-05 tau=2.5000000000000008e-05 prediction=195554.58772597738 rho=0.91745236760754345 accept=1
  MFCG it   5 cost=2.043410e+06 lam=6.250e-06 tau=0.00e+00 cg_it=1 shift=0 ckpt=2 alpha=0 acc mv=24
PCG_PREP o=5 rebuild=1 drift=0 previous_depth=2
POINT_SAFE o=5 frozen=1597 slope=-207540.45058536023 candidate=2178480.8976185564 original=2002344.3880002142 current=2043410.2400756064 won=0 mode=1 camera_scale=1 keep_scale=0
ATTR_RADIUS o=5 raw_norm=42981.157329430673 norm=4430.5854943653794 radius=35444.683954923043 next_radius=35444.683954923043 lambda=6.250000000000002e-06 next_lambda=6.2500000000000026e-07 rho=0.91588004841462978 accept=1
CLASSICAL_LM o=5 lambda=6.250000000000002e-06 tau=6.250000000000002e-06 prediction=44837.587789445053 rho=0.91588004841462978 accept=1
  MFCG it   6 cost=2.002344e+06 lam=6.250e-07 tau=0.00e+00 cg_it=7 shift=0 ckpt=8 alpha=0 acc mv=33
PCG_PREP o=6 rebuild=1 drift=0 previous_depth=8
POINT_SAFE o=6 frozen=1717 slope=-116975.88633532877 candidate=4314226.09403155 original=1973436.3145897856 current=2002344.3880002142 won=0 mode=1 camera_scale=1 keep_scale=0
ATTR_RADIUS o=6 raw_norm=69292.130557235228 norm=8861.1709887307607 radius=35444.683954923043 next_radius=35444.683954923043 lambda=6.2500000000000026e-07 next_lambda=6.2500000000000024e-08 rho=0.5010706468473114 accept=1
CLASSICAL_LM o=6 lambda=6.2500000000000026e-07 tau=6.2500000000000026e-07 prediction=57692.609998840337 rho=0.5010706468473114 accept=1
  MFCG it   7 cost=1.973436e+06 lam=6.250e-08 tau=0.00e+00 cg_it=5 shift=0 ckpt=6 alpha=0 acc mv=40
PCG_PREP o=7 rebuild=1 drift=0 previous_depth=6
POINT_SAFE o=7 frozen=799 slope=-53118.199713305621 candidate=13497367.341003982 original=1973367.4052419621 current=1973436.3145897856 won=0 mode=1 camera_scale=1 keep_scale=0
ATTR_RADIUS o=7 raw_norm=75786.653558572085 norm=35444.68395492305 radius=35444.683954923043 next_radius=8861.1709887307607 lambda=6.2500000000000024e-08 next_lambda=1.0000000000000004e-06 rho=0.026966843397266183 accept=0
CLASSICAL_LM o=7 lambda=6.2500000000000024e-08 tau=6.2500000000000024e-08 prediction=2555.336077287192 rho=0.026966843397266183 accept=0
  MFCG it   8  retry 1/8  lam=1.000e-06 tau_eff=6.250e-08  (assembly reused)
PCG_PREP o=7 rebuild=1 drift=0 previous_depth=1
POINT_SAFE o=7 frozen=282 slope=-45919.19036507541 candidate=2003305.6971375227 original=1973032.4725942791 current=1973436.3145897856 won=0 mode=1 camera_scale=1 keep_scale=0
ATTR_RADIUS o=7 raw_norm=30727.969286785305 norm=69.22789834945911 radius=8861.1709887307607 next_radius=8861.1709887307607 lambda=1.0000000000000004e-06 next_lambda=1.0000000000000005e-07 rho=0.33051336711211149 accept=1
CLASSICAL_LM o=7 lambda=1.0000000000000004e-06 tau=1.0000000000000004e-06 prediction=1221.8628221761528 rho=0.33051336711211149 accept=1
  MFCG it   8 cost=1.973032e+06 lam=1.000e-07 tau=0.00e+00 cg_it=0 shift=0 ckpt=1 alpha=0 acc mv=44
PCG_PREP o=8 rebuild=1 drift=0 previous_depth=1
POINT_SAFE o=8 frozen=171 slope=-39545.541323934107 candidate=2040054.6785574935 original=1972829.6264850807 current=1973032.4725942791 won=0 mode=1 camera_scale=1 keep_scale=0
ATTR_RADIUS o=8 raw_norm=67469.450652963511 norm=69.227898349459068 radius=8861.1709887307607 next_radius=2215.2927471826902 lambda=1.0000000000000005e-07 next_lambda=1.6000000000000008e-06 rho=0.17297304839971556 accept=1
CLASSICAL_LM o=8 lambda=1.0000000000000005e-07 tau=1.0000000000000005e-07 prediction=1172.7035574331701 rho=0.17297304839971556 accept=1
  MFCG it   9 cost=1.972830e+06 lam=1.600e-06 tau=0.00e+00 cg_it=0 shift=0 ckpt=1 alpha=0 acc mv=46
PCG_PREP o=9 rebuild=1 drift=0 previous_depth=1
POINT_SAFE o=9 frozen=29 slope=-37043.522086522185 candidate=1956047.6978648689 original=1972320.3472355097 current=1972829.6264850807 won=1 mode=1 camera_scale=1 keep_scale=0
ATTR_RADIUS o=9 raw_norm=25191.325611504551 norm=2215.2927471826906 radius=2215.2927471826902 next_radius=4430.5854943653803 lambda=1.6000000000000008e-06 next_lambda=4.0000000000000019e-07 rho=0.83289547433403366 accept=1
CLASSICAL_LM o=9 lambda=1.6000000000000008e-06 tau=1.6000000000000008e-06 prediction=20148.901197512532 rho=0.83289547433403366 accept=1
  MFCG it  10 cost=1.956048e+06 lam=4.000e-07 tau=0.00e+00 cg_it=0 shift=0 ckpt=1 alpha=0 acc mv=48
PCG_PREP o=10 rebuild=1 drift=0 previous_depth=1
POINT_SAFE o=10 frozen=509 slope=-8465.0141208957302 candidate=1962063.3320159439 original=1955913.1901334042 current=1956047.6978648689 won=0 mode=1 camera_scale=1 keep_scale=0
ATTR_RADIUS o=10 raw_norm=46520.306200465559 norm=4430.5854943653812 radius=4430.5854943653803 next_radius=1107.6463735913451 lambda=4.0000000000000019e-07 next_lambda=6.4000000000000031e-06 rho=0.072381061231251875 accept=0
CLASSICAL_LM o=10 lambda=4.0000000000000019e-07 tau=4.0000000000000019e-07 prediction=1858.3277058476622 rho=0.072381061231251875 accept=0
  MFCG it  11  retry 1/8  lam=6.400e-06 tau_eff=4.000e-07  (assembly reused)
PCG_PREP o=10 rebuild=1 drift=0 previous_depth=1
POINT_SAFE o=10 frozen=234 slope=-7657.814239886522 candidate=1951681.1386772955 original=1955982.5669977874 current=1956047.6978648689 won=1 mode=1 camera_scale=1 keep_scale=0
ATTR_RADIUS o=10 raw_norm=13495.946034257549 norm=1107.6463735913455 radius=1107.6463735913451 next_radius=2215.2927471826902 lambda=6.4000000000000031e-06 next_lambda=1.6000000000000008e-06 rho=0.81987248739424079 accept=1
CLASSICAL_LM o=10 lambda=6.4000000000000031e-06 tau=6.4000000000000031e-06 prediction=5325.9003744001639 rho=0.81987248739424079 accept=1
  MFCG it  11 cost=1.951681e+06 lam=1.600e-06 tau=0.00e+00 cg_it=0 shift=0 ckpt=1 alpha=0 acc mv=52
PCG_PREP o=11 rebuild=1 drift=0 previous_depth=1
POINT_SAFE o=11 frozen=527 slope=-4844.6474405800082 candidate=1949725.7773727905 original=1951243.5287200392 current=1951681.1386772955 won=1 mode=1 camera_scale=1 keep_scale=0
ATTR_RADIUS o=11 raw_norm=27231.371269962638 norm=2215.2927471826897 radius=2215.2927471826902 next_radius=2215.2927471826902 lambda=1.6000000000000008e-06 next_lambda=1.6000000000000008e-06 rho=0.51474136822166683 accept=1
CLASSICAL_LM o=11 lambda=1.6000000000000008e-06 tau=1.6000000000000008e-06 prediction=3798.7257780745886 rho=0.51474136822166683 accept=1
  MFCG it  12 cost=1.949726e+06 lam=1.600e-06 tau=0.00e+00 cg_it=0 shift=0 ckpt=1 alpha=0 acc mv=54
PCG_PREP o=12 rebuild=1 drift=0 previous_depth=1
POINT_SAFE o=12 frozen=280 slope=-4212.9002684219668 candidate=1948145.6416115819 original=1949076.0336375083 current=1949725.7773727905 won=1 mode=1 camera_scale=1 keep_scale=0
ATTR_RADIUS o=12 raw_norm=26143.328780942848 norm=2215.2927471826897 radius=2215.2927471826902 next_radius=2215.2927471826902 lambda=1.6000000000000008e-06 next_lambda=1.6000000000000008e-06 rho=0.45104243493843255 accept=1
CLASSICAL_LM o=12 lambda=1.6000000000000008e-06 tau=1.6000000000000008e-06 prediction=3503.2973370327973 rho=0.45104243493843255 accept=1
  MFCG it  13 cost=1.948146e+06 lam=1.600e-06 tau=0.00e+00 cg_it=0 shift=0 ckpt=1 alpha=0 acc mv=56
PCG_PREP o=13 rebuild=1 drift=0 previous_depth=1
POINT_SAFE o=13 frozen=168 slope=-3571.0746233200089 candidate=1946748.9212880959 original=1947345.1805624897 current=1948145.6416115819 won=1 mode=1 camera_scale=1 keep_scale=0
ATTR_RADIUS o=13 raw_norm=25489.998847380553 norm=2215.2927471826893 radius=2215.2927471826902 next_radius=2215.2927471826902 lambda=1.6000000000000008e-06 next_lambda=1.6000000000000008e-06 rho=0.43166671855942568 accept=1
CLASSICAL_LM o=13 lambda=1.6000000000000008e-06 tau=1.6000000000000008e-06 prediction=3235.645148060541 rho=0.43166671855942568 accept=1
  MFCG it  14 cost=1.946749e+06 lam=1.600e-06 tau=0.00e+00 cg_it=0 shift=0 ckpt=1 alpha=0 acc mv=58
PCG_PREP o=14 rebuild=1 drift=0 previous_depth=1
POINT_SAFE o=14 frozen=158 slope=-3478.3167927296072 candidate=1945479.8901732357 original=1946500.377607188 current=1946748.9212880959 won=1 mode=1 camera_scale=1 keep_scale=0
ATTR_RADIUS o=14 raw_norm=25061.667566474447 norm=2215.2927471826897 radius=2215.2927471826902 next_radius=2215.2927471826902 lambda=1.6000000000000008e-06 next_lambda=1.6000000000000008e-06 rho=0.40290937370334207 accept=1
CLASSICAL_LM o=14 lambda=1.6000000000000008e-06 tau=1.6000000000000008e-06 prediction=3149.6688776334581 rho=0.40290937370334207 accept=1
  MFCG it  15 cost=1.945480e+06 lam=1.600e-06 tau=0.00e+00 cg_it=0 shift=0 ckpt=1 alpha=0 acc mv=60
PCG_PREP o=15 rebuild=1 drift=0 previous_depth=1
POINT_SAFE o=15 frozen=119 slope=-3411.7430281446109 candidate=1944604.7472671305 original=1944747.3349371848 current=1945479.8901732357 won=1 mode=1 camera_scale=1 keep_scale=0
ATTR_RADIUS o=15 raw_norm=24704.47830097796 norm=2215.2927471826902 radius=2215.2927471826902 next_radius=2215.2927471826902 lambda=1.6000000000000008e-06 next_lambda=1.6000000000000008e-06 rho=0.27891498295031769 accept=1
CLASSICAL_LM o=15 lambda=1.6000000000000008e-06 tau=1.6000000000000008e-06 prediction=3137.6690375254329 rho=0.27891498295031769 accept=1
  MFCG it  16 cost=1.944605e+06 lam=1.600e-06 tau=0.00e+00 cg_it=0 shift=0 ckpt=1 alpha=0 acc mv=62
PCG_PREP o=16 rebuild=1 drift=0 previous_depth=1
POINT_SAFE o=16 frozen=130 slope=-3546.9761712502345 candidate=1944333.3249365226 original=1943365.8832165119 current=1944604.7472671305 won=0 mode=1 camera_scale=1 keep_scale=0
ATTR_RADIUS o=16 raw_norm=24342.913540166759 norm=69.227898349459068 radius=2215.2927471826902 next_radius=2215.2927471826902 lambda=1.6000000000000008e-06 next_lambda=1.6000000000000008e-07 rho=0.35114309968232699 accept=1
CLASSICAL_LM o=16 lambda=1.6000000000000008e-06 tau=1.6000000000000008e-06 prediction=3528.0888382525081 rho=0.35114309968232699 accept=1
  MFCG it  17 cost=1.943366e+06 lam=1.600e-07 tau=0.00e+00 cg_it=0 shift=0 ckpt=1 alpha=0 acc mv=64
PCG_PREP o=17 rebuild=1 drift=0 previous_depth=1
POINT_SAFE o=17 frozen=119 slope=-1813.307609406163 candidate=1947137.9751445926 original=1943227.7930092004 current=1943365.8832165119 won=0 mode=1 camera_scale=1 keep_scale=0
ATTR_RADIUS o=17 raw_norm=53599.639795891177 norm=8.6534872936823852 radius=2215.2927471826902 next_radius=2215.2927471826902 lambda=1.6000000000000008e-07 next_lambda=1.6000000000000008e-08 rho=0.32006297838887021 accept=1
CLASSICAL_LM o=17 lambda=1.6000000000000008e-07 tau=1.6000000000000008e-07 prediction=431.44698586095365 rho=0.32006297838887021 accept=1
  MFCG it  18 cost=1.943228e+06 lam=1.600e-08 tau=0.00e+00 cg_it=0 shift=0 ckpt=1 alpha=0 acc mv=66
PCG_PREP o=18 rebuild=1 drift=0 previous_depth=1
POINT_SAFE o=18 frozen=123 slope=-1349.7720743192619 candidate=1952684.0955867213 original=inf current=1943227.7930092004 won=0 mode=1 camera_scale=1 keep_scale=0
ATTR_RADIUS o=18 raw_norm=81804.84629704371 norm=2215.2927471826906 radius=2215.2927471826902 next_radius=553.82318679567254 lambda=1.6000000000000008e-08 next_lambda=2.5600000000000012e-07 rho=-1 accept=0
CLASSICAL_LM o=18 lambda=1.6000000000000008e-08 tau=1.6000000000000008e-08 prediction=1179.0962641800029 rho=-1 accept=0
  MFCG it  19  retry 1/8  lam=2.560e-07 tau_eff=1.600e-08  (assembly reused)
PCG_PREP o=18 rebuild=1 drift=0 previous_depth=1
POINT_SAFE o=18 frozen=11 slope=-720.95482877072402 candidate=1942922.2792411856 original=inf current=1943227.7930092004 won=1 mode=1 camera_scale=1 keep_scale=0
ATTR_RADIUS o=18 raw_norm=47534.130590191533 norm=553.82318679567277 radius=553.82318679567254 next_radius=553.82318679567254 lambda=2.5600000000000012e-07 next_lambda=2.5600000000000012e-07 rho=0.53220586901624167 accept=1
CLASSICAL_LM o=18 lambda=2.5600000000000012e-07 tau=2.5600000000000012e-07 prediction=574.05185812674176 rho=0.53220586901624167 accept=1
  MFCG it  19 cost=1.942922e+06 lam=2.560e-07 tau=0.00e+00 cg_it=0 shift=0 ckpt=1 alpha=0 acc mv=70
PCG_PREP o=19 rebuild=1 drift=0 previous_depth=1
POINT_SAFE o=19 frozen=242 slope=-448.72647347300563 candidate=1942653.912082582 original=1942713.4538448057 current=1942922.2792411856 won=1 mode=1 camera_scale=1 keep_scale=0
ATTR_RADIUS o=19 raw_norm=45983.915596664949 norm=553.82318679567254 radius=553.82318679567254 next_radius=553.82318679567254 lambda=2.5600000000000012e-07 next_lambda=2.5600000000000012e-07 rho=0.6054387269252961 accept=1
CLASSICAL_LM o=19 lambda=2.5600000000000012e-07 tau=2.5600000000000012e-07 prediction=443.26064169452269 rho=0.6054387269252961 accept=1
  MFCG it  20 cost=1.942654e+06 lam=2.560e-07 tau=0.00e+00 cg_it=0 shift=0 ckpt=1 alpha=0 acc mv=72
PCG_PREP o=20 rebuild=1 drift=0 previous_depth=1
POINT_SAFE o=20 frozen=107 slope=-444.27879057104269 candidate=1942375.8828564233 original=1942395.8042580828 current=1942653.912082582 won=1 mode=1 camera_scale=1 keep_scale=0
ATTR_RADIUS o=20 raw_norm=45782.836320705122 norm=553.82318679567265 radius=553.82318679567254 next_radius=553.82318679567254 lambda=2.5600000000000012e-07 next_lambda=2.5600000000000012e-07 rho=0.63134948747023023 accept=1
CLASSICAL_LM o=20 lambda=2.5600000000000012e-07 tau=2.5600000000000012e-07 prediction=440.37293397162279 rho=0.63134948747023023 accept=1
  MFCG it  21 cost=1.942376e+06 lam=2.560e-07 tau=0.00e+00 cg_it=0 shift=0 ckpt=1 alpha=0 acc mv=74
PCG_PREP o=21 rebuild=1 drift=0 previous_depth=1
POINT_SAFE o=21 frozen=205 slope=-442.6979623296906 candidate=1942093.9311865694 original=1941986.1327285636 current=1942375.8828564233 won=0 mode=1 camera_scale=1 keep_scale=0
ATTR_RADIUS o=21 raw_norm=45544.700611905384 norm=4.3267436468411917 radius=553.82318679567254 next_radius=553.82318679567254 lambda=2.5600000000000012e-07 next_lambda=2.5600000000000014e-08 rho=0.45828530289344327 accept=1
CLASSICAL_LM o=21 lambda=2.5600000000000012e-07 tau=2.5600000000000012e-07 prediction=850.45303743957936 rho=0.45828530289344327 accept=1
  MFCG it  22 cost=1.941986e+06 lam=2.560e-08 tau=0.00e+00 cg_it=0 shift=0 ckpt=1 alpha=0 acc mv=76
PCG_PREP o=22 rebuild=1 drift=0 previous_depth=1
POINT_SAFE o=22 frozen=134 slope=-332.55142263490598 candidate=1942449.0743516623 original=inf current=1941986.1327285636 won=0 mode=1 camera_scale=1 keep_scale=0
ATTR_RADIUS o=22 raw_norm=76479.671832714346 norm=553.82318679567277 radius=553.82318679567254 next_radius=138.45579669891814 lambda=2.5600000000000014e-08 next_lambda=4.0960000000000023e-07 rho=-1 accept=0
CLASSICAL_LM o=22 lambda=2.5600000000000014e-08 tau=2.5600000000000014e-08 prediction=299.98673040160048 rho=-1 accept=0
  MFCG it  23  retry 1/8  lam=4.096e-07 tau_eff=2.560e-08  (assembly reused)
PCG_PREP o=22 rebuild=1 drift=0 previous_depth=1
POINT_SAFE o=22 frozen=42 slope=-190.02753158672564 candidate=1941896.74146362 original=inf current=1941986.1327285636 won=1 mode=1 camera_scale=1 keep_scale=0
ATTR_RADIUS o=22 raw_norm=39152.964155872738 norm=138.45579669891814 radius=138.45579669891814 next_radius=138.45579669891814 lambda=4.0960000000000023e-07 next_lambda=4.0960000000000023e-07 rho=0.56215807476583235 accept=1
CLASSICAL_LM o=22 lambda=4.0960000000000023e-07 tau=4.0960000000000023e-07 prediction=159.01446400262927 rho=0.56215807476583235 accept=1
  MFCG it  23 cost=1.941897e+06 lam=4.096e-07 tau=0.00e+00 cg_it=0 shift=0 ckpt=1 alpha=0 acc mv=80
PCG_PREP o=23 rebuild=1 drift=0 previous_depth=1
POINT_SAFE o=23 frozen=189 slope=-186.28029167988703 candidate=1941753.7965425723 original=inf current=1941896.74146362 won=1 mode=1 camera_scale=1 keep_scale=0
ATTR_RADIUS o=23 raw_norm=38987.699894850237 norm=138.45579669891814 radius=138.45579669891814 next_radius=276.91159339783627 lambda=4.0960000000000023e-07 next_lambda=1.0240000000000006e-07 rho=0.91121016836960222 accept=1
CLASSICAL_LM o=23 lambda=4.0960000000000023e-07 tau=4.0960000000000023e-07 prediction=156.87371147693199 rho=0.91121016836960222 accept=1
  MFCG it  24 cost=1.941754e+06 lam=1.024e-07 tau=0.00e+00 cg_it=0 shift=0 ckpt=1 alpha=0 acc mv=82
PCG_PREP o=24 rebuild=1 drift=0 previous_depth=1
POINT_SAFE o=24 frozen=283 slope=-176.90735010386268 candidate=1941614.9803989017 original=1889176.402712726 current=1941753.7965425723 won=0 mode=1 camera_scale=1 keep_scale=0
ATTR_RADIUS o=24 raw_norm=57760.181672053433 norm=69.227898349459082 radius=276.91159339783627 next_radius=276.91159339783627 lambda=1.0240000000000006e-07 next_lambda=1.0240000000000006e-08 rho=2.219838370312091 accept=1
CLASSICAL_LM o=24 lambda=1.0240000000000006e-07 tau=1.0240000000000006e-07 prediction=23685.235165321672 rho=2.219838370312091 accept=1
  MFCG it  25 cost=1.889176e+06 lam=1.024e-08 tau=0.00e+00 cg_it=0 shift=0 ckpt=1 alpha=0 acc mv=84
PCG_PREP o=25 rebuild=1 drift=0 previous_depth=1
ATTR_RADIUS o=25 raw_norm=130884.04285856438 norm=276.91159339783627 radius=276.91159339783627 next_radius=553.82318679567254 lambda=1.0240000000000006e-08 next_lambda=2.5600000000000015e-09 rho=0.8025090936122935 accept=1
CLASSICAL_LM o=25 lambda=1.0240000000000006e-08 tau=1.0240000000000006e-08 prediction=1539.6671883088047 rho=0.8025090936122935 accept=1
  MFCG it  26 cost=1.887941e+06 lam=2.560e-09 tau=0.00e+00 cg_it=0 shift=0 ckpt=1 alpha=0 acc mv=86
PCG_PREP o=26 rebuild=1 drift=0 previous_depth=1
POINT_SAFE o=26 frozen=231 slope=-280.05006648622975 candidate=1887767.5320670591 original=1887902.2482591132 current=1887940.8057929717 won=1 mode=1 camera_scale=1 keep_scale=0
ATTR_RADIUS o=26 raw_norm=229036.51300118535 norm=553.82318679567265 radius=553.82318679567254 next_radius=1107.6463735913451 lambda=2.5600000000000015e-09 next_lambda=6.4000000000000037e-10 rho=0.92877380251840291 accept=1
CLASSICAL_LM o=26 lambda=2.5600000000000015e-09 tau=2.5600000000000015e-09 prediction=186.56181455897612 rho=0.92877380251840291 accept=1
  MFCG it  27 cost=1.887768e+06 lam=6.400e-10 tau=0.00e+00 cg_it=0 shift=0 ckpt=1 alpha=0 acc mv=88
PCG_PREP o=27 rebuild=1 drift=0 previous_depth=1
NUMERIC_REPAIR o=27 lambda=6.4000000000000037e-10 rayleigh=-5.6916489415757398e-07 next_lambda=2.2792195766302958e-06 cg=1 rebuild=1
PCG_PREP o=27 rebuild=1 drift=0 previous_depth=1
ATTR_RADIUS o=27 raw_norm=18768.38196736684 norm=1107.6463735913453 radius=1107.6463735913451 next_radius=1107.6463735913451 lambda=2.2792195766302958e-06 next_lambda=2.2792195766302958e-06 rho=0.50195243110938847 accept=1
CLASSICAL_LM o=27 lambda=2.2792195766302958e-06 tau=2.2792195766302958e-06 prediction=2040.410468436753 rho=0.50195243110938847 accept=1
  MFCG it  28 cost=1.886743e+06 lam=2.279e-06 tau=0.00e+00 cg_it=0 shift=0 ckpt=1 alpha=0 acc mv=92
PCG_PREP o=28 rebuild=1 drift=0 previous_depth=1
POINT_SAFE o=28 frozen=203 slope=-1988.9194024287356 candidate=1885615.4151515746 original=1886033.9700571506 current=1886743.3430719662 won=1 mode=1 camera_scale=1 keep_scale=0
ATTR_RADIUS o=28 raw_norm=19190.844038949119 norm=1107.6463735913451 radius=1107.6463735913451 next_radius=1107.6463735913451 lambda=2.2792195766302958e-06 next_lambda=2.2792195766302958e-06 rho=0.59102114487069357 accept=1
CLASSICAL_LM o=28 lambda=2.2792195766302958e-06 tau=2.2792195766302958e-06 prediction=1908.4391991395228 rho=0.59102114487069357 accept=1
  MFCG it  29 cost=1.885615e+06 lam=2.279e-06 tau=0.00e+00 cg_it=0 shift=0 ckpt=1 alpha=0 acc mv=94
PCG_PREP o=29 rebuild=1 drift=0 previous_depth=1
POINT_SAFE o=29 frozen=67 slope=-1940.6827202132627 candidate=1884566.5820514243 original=1884907.0597580359 current=1885615.4151515746 won=1 mode=1 camera_scale=1 keep_scale=0
ATTR_RADIUS o=29 raw_norm=19282.941114694142 norm=1107.6463735913449 radius=1107.6463735913451 next_radius=1107.6463735913451 lambda=2.2792195766302958e-06 next_lambda=2.2792195766302958e-06 rho=0.56393497535379666 accept=1
CLASSICAL_LM o=29 lambda=2.2792195766302958e-06 tau=2.2792195766302958e-06 prediction=1859.8475817044891 rho=0.56393497535379666 accept=1
  MFCG it  30 cost=1.884567e+06 lam=2.279e-06 tau=0.00e+00 cg_it=0 shift=0 ckpt=1 alpha=0 acc mv=96
PCG_PREP o=30 rebuild=1 drift=0 previous_depth=1
POINT_SAFE o=30 frozen=160 slope=-1896.2705728325482 candidate=1883589.2591088412 original=1883862.1060652051 current=1884566.5820514243 won=1 mode=1 camera_scale=1 keep_scale=0
ATTR_RADIUS o=30 raw_norm=19345.218816108303 norm=1107.6463735913453 radius=1107.6463735913451 next_radius=1107.6463735913451 lambda=2.2792195766302958e-06 next_lambda=2.2792195766302958e-06 rho=0.53805055324995588 accept=1
CLASSICAL_LM o=30 lambda=2.2792195766302958e-06 tau=2.2792195766302958e-06 prediction=1816.414715457229 rho=0.53805055324995588 accept=1
  MFCG it  31 cost=1.883589e+06 lam=2.279e-06 tau=0.00e+00 cg_it=0 shift=0 ckpt=1 alpha=0 acc mv=98
PCG_PREP o=31 rebuild=1 drift=0 previous_depth=1
POINT_SAFE o=31 frozen=67 slope=-1860.7564421194941 candidate=1882666.5522471019 original=1882886.9416117556 current=1883589.2591088412 won=1 mode=1 camera_scale=1 keep_scale=0
ATTR_RADIUS o=31 raw_norm=19339.03139460758 norm=1107.6463735913449 radius=1107.6463735913451 next_radius=1107.6463735913451 lambda=2.2792195766302958e-06 next_lambda=2.2792195766302958e-06 rho=0.51778299751121737 accept=1
CLASSICAL_LM o=31 lambda=2.2792195766302958e-06 tau=2.2792195766302958e-06 prediction=1782.0339141578129 rho=0.51778299751121737 accept=1
  MFCG it  32 cost=1.882667e+06 lam=2.279e-06 tau=0.00e+00 cg_it=0 shift=0 ckpt=1 alpha=0 acc mv=100
PCG_PREP o=32 rebuild=1 drift=0 previous_depth=1
POINT_SAFE o=32 frozen=158 slope=-1831.2653456703565 candidate=1881783.432083935 original=1881964.6488643982 current=1882666.5522471019 won=1 mode=1 camera_scale=1 keep_scale=0
ATTR_RADIUS o=32 raw_norm=19279.76609477077 norm=1107.6463735913453 radius=1107.6463735913451 next_radius=1107.6463735913451 lambda=2.2792195766302958e-06 next_lambda=2.2792195766302958e-06 rho=0.5036027509850961 accept=1
CLASSICAL_LM o=32 lambda=2.2792195766302958e-06 tau=2.2792195766302958e-06 prediction=1753.6047240397838 rho=0.5036027509850961 accept=1
  MFCG it  33 cost=1.881783e+06 lam=2.279e-06 tau=0.00e+00 cg_it=0 shift=0 ckpt=1 alpha=0 acc mv=102
PCG_PREP o=33 rebuild=1 drift=0 previous_depth=1
POINT_SAFE o=33 frozen=73 slope=-1808.4548813987883 candidate=1880921.7294755068 original=1881078.3271608914 current=1881783.432083935 won=1 mode=1 camera_scale=1 keep_scale=0
ATTR_RADIUS o=33 raw_norm=19149.91230898822 norm=1107.6463735913446 radius=1107.6463735913451 next_radius=1107.6463735913451 lambda=2.2792195766302958e-06 next_lambda=2.2792195766302958e-06 rho=0.49754903387676064 accept=1
CLASSICAL_LM o=33 lambda=2.2792195766302958e-06 tau=2.2792195766302958e-06 prediction=1731.8948480596077 rho=0.49754903387676064 accept=1
  MFCG it  34 cost=1.880922e+06 lam=2.279e-06 tau=0.00e+00 cg_it=0 shift=0 ckpt=1 alpha=0 acc mv=104
PCG_PREP o=34 rebuild=1 drift=0 previous_depth=1
POINT_SAFE o=34 frozen=159 slope=-1789.1799523429604 candidate=1880067.2551970391 original=1880210.939050813 current=1880921.7294755068 won=1 mode=1 camera_scale=1 keep_scale=0
ATTR_RADIUS o=34 raw_norm=18970.688926022001 norm=1107.6463735913446 radius=1107.6463735913451 next_radius=1107.6463735913451 lambda=2.2792195766302958e-06 next_lambda=2.2792195766302958e-06 rho=0.49862124153229415 accept=1
CLASSICAL_LM o=34 lambda=2.2792195766302958e-06 tau=2.2792195766302958e-06 prediction=1713.6740421283591 rho=0.49862124153229415 accept=1
  MFCG it  35 cost=1.880067e+06 lam=2.279e-06 tau=0.00e+00 cg_it=0 shift=0 ckpt=1 alpha=0 acc mv=106
PCG_PREP o=35 rebuild=1 drift=0 previous_depth=1
POINT_SAFE o=35 frozen=93 slope=-1772.9225388550383 candidate=1879206.0064034935 original=1879347.9634147754 current=1880067.2551970391 won=1 mode=1 camera_scale=1 keep_scale=0
ATTR_RADIUS o=35 raw_norm=18743.45706472946 norm=1107.646373591346 radius=1107.6463735913451 next_radius=1107.6463735913451 lambda=2.2792195766302958e-06 next_lambda=2.2792195766302958e-06 rho=0.50705735001330288 accept=1
CLASSICAL_LM o=35 lambda=2.2792195766302958e-06 tau=2.2792195766302958e-06 prediction=1698.5234382719223 rho=0.50705735001330288 accept=1
  MFCG it  36 cost=1.879206e+06 lam=2.279e-06 tau=0.00e+00 cg_it=0 shift=0 ckpt=1 alpha=0 acc mv=108
PCG_PREP o=36 rebuild=1 drift=0 previous_depth=1
POINT_SAFE o=36 frozen=155 slope=-1757.787707103919 candidate=1878327.1243932673 original=1878476.3454972757 current=1879206.0064034935 won=1 mode=1 camera_scale=1 keep_scale=0
ATTR_RADIUS o=36 raw_norm=18482.512465007512 norm=1107.6463735913453 radius=1107.6463735913451 next_radius=1107.6463735913451 lambda=2.2792195766302958e-06 next_lambda=2.2792195766302958e-06 rho=0.52175585883081765 accept=1
CLASSICAL_LM o=36 lambda=2.2792195766302958e-06 tau=2.2792195766302958e-06 prediction=1684.4698441826611 rho=0.52175585883081765 accept=1
  MFCG it  37 cost=1.878327e+06 lam=2.279e-06 tau=0.00e+00 cg_it=0 shift=0 ckpt=1 alpha=0 acc mv=110
PCG_PREP o=37 rebuild=1 drift=0 previous_depth=1
POINT_SAFE o=37 frozen=98 slope=-1742.0475590618685 candidate=1877422.7884115491 original=1877586.1649133433 current=1878327.1243932673 won=1 mode=1 camera_scale=1 keep_scale=0
ATTR_RADIUS o=37 raw_norm=18198.483955832045 norm=1107.6463735913453 radius=1107.6463735913451 next_radius=1107.6463735913451 lambda=2.2792195766302958e-06 next_lambda=2.2792195766302958e-06 rho=0.54152910451755387 accept=1
CLASSICAL_LM o=37 lambda=2.2792195766302958e-06 tau=2.2792195766302958e-06 prediction=1669.9674572873307 rho=0.54152910451755387 accept=1
  MFCG it  38 cost=1.877423e+06 lam=2.279e-06 tau=0.00e+00 cg_it=0 shift=0 ckpt=1 alpha=0 acc mv=112
PCG_PREP o=38 rebuild=1 drift=0 previous_depth=1
POINT_SAFE o=38 frozen=177 slope=-1722.5050511009204 candidate=1876490.3981632029 original=1876671.5218843846 current=1877422.7884115491 won=1 mode=1 camera_scale=1 keep_scale=0
ATTR_RADIUS o=38 raw_norm=17911.694480051225 norm=1107.6463735913446 radius=1107.6463735913451 next_radius=1107.6463735913451 lambda=2.2792195766302958e-06 next_lambda=2.2792195766302958e-06 rho=0.56448945334194389 accept=1
CLASSICAL_LM o=38 lambda=2.2792195766302958e-06 tau=2.2792195766302958e-06 prediction=1651.7407771325354 rho=0.56448945334194389 accept=1
  MFCG it  39 cost=1.876490e+06 lam=2.279e-06 tau=0.00e+00 cg_it=0 shift=0 ckpt=1 alpha=0 acc mv=114
PCG_PREP o=39 rebuild=1 drift=0 previous_depth=1
POINT_SAFE o=39 frozen=106 slope=-1700.7542746198521 candidate=1875525.3571904693 original=1875728.6635353656 current=1876490.3981632029 won=1 mode=1 camera_scale=1 keep_scale=0
ATTR_RADIUS o=39 raw_norm=17597.975837495731 norm=1107.6463735913453 radius=1107.6463735913451 next_radius=1107.6463735913451 lambda=2.2792195766302958e-06 next_lambda=2.2792195766302958e-06 rho=0.59147888238461555 accept=1
CLASSICAL_LM o=39 lambda=2.2792195766302958e-06 tau=2.2792195766302958e-06 prediction=1631.5729968971386 rho=0.59147888238461555 accept=1
  MFCG it  40 cost=1.875525e+06 lam=2.279e-06 tau=0.00e+00 cg_it=0 shift=0 ckpt=1 alpha=0 acc mv=116
PCG_PREP o=40 rebuild=1 drift=0 previous_depth=1
POINT_SAFE o=40 frozen=289 slope=-2119.2448168206288 candidate=1873587.0182854896 original=1874402.7687742456 current=1875525.3571904693 won=1 mode=1 camera_scale=1 keep_scale=0
ATTR_RADIUS o=40 raw_norm=30559.700692179089 norm=1107.6463735913451 radius=1107.6463735913451 next_radius=2215.2927471826902 lambda=2.2792195766302958e-06 next_lambda=2.2792195766302958e-06 rho=0.93758209212807475 accept=1
CLASSICAL_LM o=40 lambda=2.2792195766302958e-06 tau=2.2792195766302958e-06 prediction=2067.3804686052595 rho=0.93758209212807475 accept=1
  MFCG it  41 cost=1.873587e+06 lam=2.279e-06 tau=0.00e+00 cg_it=1 shift=0 ckpt=2 alpha=0 acc mv=119
PCG_PREP o=41 rebuild=1 drift=0 previous_depth=2
POINT_SAFE o=41 frozen=285 slope=-4089.5586404853047 candidate=1870123.9285925429 original=1871573.6067811952 current=1873587.0182854896 won=1 mode=1 camera_scale=1 keep_scale=0
ATTR_RADIUS o=41 raw_norm=30446.071913170774 norm=2215.2927471826911 radius=2215.2927471826902 next_radius=4430.5854943653803 lambda=2.2792195766302958e-06 next_lambda=2.2792195766302958e-06 rho=0.88222378035640991 accept=1
CLASSICAL_LM o=41 lambda=2.2792195766302958e-06 tau=2.2792195766302958e-06 prediction=3925.4095956784358 rho=0.88222378035640991 accept=1
  MFCG it  42 cost=1.870124e+06 lam=2.279e-06 tau=0.00e+00 cg_it=1 shift=0 ckpt=2 alpha=0 acc mv=122
PCG_PREP o=42 rebuild=1 drift=0 previous_depth=2
POINT_SAFE o=42 frozen=615 slope=-5931.0912835142835 candidate=1882126.9068351758 original=1869183.8479563887 current=1870123.9285925429 won=0 mode=1 camera_scale=1 keep_scale=0
ATTR_RADIUS o=42 raw_norm=16743.688745404943 norm=1107.6463735913455 radius=4430.5854943653803 next_radius=4430.5854943653803 lambda=2.2792195766302958e-06 next_lambda=2.2792195766302958e-06 rho=0.58531330348771748 accept=1
CLASSICAL_LM o=42 lambda=2.2792195766302958e-06 tau=2.2792195766302958e-06 prediction=1606.1152728845996 rho=0.58531330348771748 accept=1
  MFCG it  43 cost=1.869184e+06 lam=2.279e-06 tau=0.00e+00 cg_it=0 shift=0 ckpt=1 alpha=0 acc mv=124
PCG_PREP o=43 rebuild=1 drift=0 previous_depth=1
POINT_SAFE o=43 frozen=424 slope=-10560.058556408587 candidate=1859918.7451808413 original=1864510.195707401 current=1869183.8479563887 won=1 mode=1 camera_scale=1 keep_scale=0
ATTR_RADIUS o=43 raw_norm=43211.063492076559 norm=4430.5854943653812 radius=4430.5854943653803 next_radius=8861.1709887307607 lambda=2.2792195766302958e-06 next_lambda=2.2792195766302958e-06 rho=0.92743839142565698 accept=1
CLASSICAL_LM o=43 lambda=2.2792195766302958e-06 tau=2.2792195766302958e-06 prediction=9989.9927167184851 rho=0.92743839142565698 accept=1
  MFCG it  44 cost=1.859919e+06 lam=2.279e-06 tau=0.00e+00 cg_it=4 shift=0 ckpt=5 alpha=0 acc mv=130
PCG_PREP o=44 rebuild=1 drift=0 previous_depth=5
POINT_SAFE o=44 frozen=777 slope=-11512.676107160192 candidate=2001884.7401349379 original=1859876.3746947758 current=1859918.7451808413 won=0 mode=1 camera_scale=1 keep_scale=0
ATTR_RADIUS o=44 raw_norm=15681.462358660714 norm=8861.1709887307625 radius=8861.1709887307607 next_radius=2215.2927471826902 lambda=2.2792195766302958e-06 next_lambda=3.6467513226084734e-05 rho=0.015532745883801135 accept=0
CLASSICAL_LM o=44 lambda=2.2792195766302958e-06 tau=2.2792195766302958e-06 prediction=2727.8168575267855 rho=0.015532745883801135 accept=0
  MFCG it  45  retry 1/8  lam=3.647e-05 tau_eff=2.279e-06  (assembly reused)
PCG_PREP o=44 rebuild=1 drift=0 previous_depth=1
POINT_SAFE o=44 frozen=342 slope=-9261.9469252742801 candidate=1853754.3214577353 original=1856139.779478539 current=1859918.7451808413 won=1 mode=1 camera_scale=1 keep_scale=0
ATTR_RADIUS o=44 raw_norm=4680.0656375802337 norm=2215.2927471826902 radius=2215.2927471826902 next_radius=4430.5854943653803 lambda=3.6467513226084734e-05 next_lambda=9.1168783065211834e-06 rho=0.88889922501831597 accept=1
CLASSICAL_LM o=44 lambda=3.6467513226084734e-05 tau=3.6467513226084734e-05 prediction=6934.8960485132839 rho=0.88889922501831597 accept=1
  MFCG it  45 cost=1.853754e+06 lam=9.117e-06 tau=0.00e+00 cg_it=0 shift=0 ckpt=1 alpha=0 acc mv=134
PCG_PREP o=45 rebuild=1 drift=0 previous_depth=1
ATTR_RADIUS o=45 raw_norm=34796.456665838065 norm=4430.5854943653785 radius=4430.5854943653803 next_radius=4430.5854943653803 lambda=9.1168783065211834e-06 next_lambda=9.1168783065211834e-06 rho=0.70550213309075804 accept=1
CLASSICAL_LM o=45 lambda=9.1168783065211834e-06 tau=9.1168783065211834e-06 prediction=13948.819220371308 rho=0.70550213309075804 accept=1
  MFCG it  46 cost=1.843913e+06 lam=9.117e-06 tau=0.00e+00 cg_it=8 shift=0 ckpt=9 alpha=0 acc mv=144
PCG_PREP o=46 rebuild=1 drift=0 previous_depth=9
ATTR_RADIUS o=46 raw_norm=34066.314561276136 norm=4430.5854943653812 radius=4430.5854943653803 next_radius=8861.1709887307607 lambda=9.1168783065211834e-06 next_lambda=2.2792195766302958e-06 rho=0.94779059534189225 accept=1
CLASSICAL_LM o=46 lambda=9.1168783065211834e-06 tau=9.1168783065211834e-06 prediction=21292.05130738514 rho=0.94779059534189225 accept=1
  MFCG it  47 cost=1.823733e+06 lam=2.279e-06 tau=0.00e+00 cg_it=16 shift=0 ckpt=17 alpha=0 acc mv=162
PCG_PREP o=47 rebuild=1 drift=0 previous_depth=17
ATTR_RADIUS o=47 raw_norm=59530.96546350111 norm=8861.1709887307607 radius=8861.1709887307607 next_radius=17722.341977461521 lambda=2.2792195766302958e-06 next_lambda=2.2792195766302958e-06 rho=0.80489085181891062 accept=1
CLASSICAL_LM o=47 lambda=2.2792195766302958e-06 tau=2.2792195766302958e-06 prediction=20414.223314638512 rho=0.80489085181891062 accept=1
  MFCG it  48 cost=1.807302e+06 lam=2.279e-06 tau=0.00e+00 cg_it=19 shift=0 ckpt=20 alpha=0 acc mv=183
PCG_PREP o=48 rebuild=1 drift=0 previous_depth=20
ATTR_RADIUS o=48 raw_norm=55138.126368776357 norm=0 radius=17722.341977461521 next_radius=4430.5854943653803 lambda=2.2792195766302958e-06 next_lambda=3.6467513226084734e-05 rho=0.054223954656611797 accept=0
CLASSICAL_LM o=48 lambda=2.2792195766302958e-06 tau=2.2792195766302958e-06 prediction=33068.857922835989 rho=0.054223954656611797 accept=0
  MFCG it  49  retry 1/8  lam=3.647e-05 tau_eff=2.279e-06  (assembly reused)
PCG_PREP o=48 rebuild=1 drift=0 previous_depth=19
ATTR_RADIUS o=48 raw_norm=14021.326547069186 norm=4430.5854943653794 radius=4430.5854943653803 next_radius=8861.1709887307607 lambda=3.6467513226084734e-05 next_lambda=9.1168783065211834e-06 rho=0.93219293440699913 accept=1
CLASSICAL_LM o=48 lambda=3.6467513226084734e-05 tau=3.6467513226084734e-05 prediction=21719.227271076394 rho=0.93219293440699913 accept=1
  MFCG it  49 cost=1.787055e+06 lam=9.117e-06 tau=0.00e+00 cg_it=12 shift=0 ckpt=13 alpha=0 acc mv=217
PCG_PREP o=49 rebuild=1 drift=0 previous_depth=13
ATTR_RADIUS o=49 raw_norm=28559.906862650143 norm=8861.1709887307607 radius=8861.1709887307607 next_radius=17722.341977461521 lambda=9.1168783065211834e-06 next_lambda=2.2792195766302958e-06 rho=0.83093889546144117 accept=1
CLASSICAL_LM o=49 lambda=9.1168783065211834e-06 tau=9.1168783065211834e-06 prediction=25340.980013236651 rho=0.83093889546144117 accept=1
  MFCG it  50 cost=1.765998e+06 lam=2.279e-06 tau=0.00e+00 cg_it=23 shift=0 ckpt=24 alpha=0 acc mv=242
PCG_PREP o=50 rebuild=1 drift=0 previous_depth=24
POINT_SAFE o=50 frozen=1024 slope=-22460.208687312486 candidate=1796834.4956052995 original=1765258.3749823421 current=1765998.4560210619 won=0 mode=1 camera_scale=1 keep_scale=0
ATTR_RADIUS o=50 raw_norm=33467.564631692876 norm=17722.341977461518 radius=17722.341977461521 next_radius=4430.5854943653803 lambda=2.2792195766302958e-06 next_lambda=3.6467513226084734e-05 rho=0.077880777378074903 accept=0
CLASSICAL_LM o=50 lambda=2.2792195766302958e-06 tau=2.2792195766302958e-06 prediction=9502.74334226266 rho=0.077880777378074903 accept=0
  MFCG it  51  retry 1/8  lam=3.647e-05 tau_eff=2.279e-06  (assembly reused)
PCG_PREP o=50 rebuild=1 drift=0 previous_depth=6
ATTR_RADIUS o=50 raw_norm=8568.1375853130667 norm=4430.5854943653812 radius=4430.5854943653803 next_radius=8861.1709887307607 lambda=3.6467513226084734e-05 next_lambda=9.1168783065211834e-06 rho=1.0291267807296902 accept=1
CLASSICAL_LM o=50 lambda=3.6467513226084734e-05 tau=3.6467513226084734e-05 prediction=10157.301750613211 rho=1.0291267807296902 accept=1
  MFCG it  51 cost=1.755545e+06 lam=9.117e-06 tau=0.00e+00 cg_it=3 shift=0 ckpt=4 alpha=0 acc mv=254
PCG_PREP o=51 rebuild=1 drift=0 previous_depth=4
POINT_SAFE o=51 frozen=52 slope=-19342.735416516691 candidate=1741042.1456524988 original=1746911.4769145553 current=1755545.3047695532 won=1 mode=1 camera_scale=1 keep_scale=0
ATTR_RADIUS o=51 raw_norm=30938.202311521432 norm=8861.170988730757 radius=8861.1709887307607 next_radius=17722.341977461521 lambda=9.1168783065211834e-06 next_lambda=2.2792195766302958e-06 rho=0.88418794329026995 accept=1
CLASSICAL_LM o=51 lambda=9.1168783065211834e-06 tau=9.1168783065211834e-06 prediction=16402.801267663504 rho=0.88418794329026995 accept=1
TARGET reached outer=52 seconds=3.093652263 cost=1741042.1456524988 threshold=1744796.9841897595
  MFCG: accepts=52 rejects=7 total_matvecs=283 negcurv=1 cand_evals=59 mean_cg_per_outer=5.4
NUMERIC_REPAIR summary rebuilds=1 floor=2.2792195766302958e-06
  [retry-cache] builds=60 reuses=0
  [menu-backtrack] trials=46 rescues=44 evals=219 total_scored=278
POINT_SAFE summary calls=46 evals=46 wins=31 frozen=15071 seconds=0.54491338
  [scoring] menu_evals=59 alpha_evals=0 backtrack_evals=219 total_scored=278
RESULT algo=mfree_shifted_cg iters=52 final_cost=1741042.1456524988 solve_seconds=3.101578
DIAGNOSTICS median_reproj_err_px 2.704502 -> 0.546009 | cheirality_violations(obs) 751 -> 765 | cheirality_violations(pts, of 310854) 725 -> 735
