  [menu-backtrack] active=1 max_evals=8 warmup_accepts=3 confirm_stop=original armijo=1e-4
MIXED_STORAGE fragments=fp32 arithmetic=fp64 state=fp64 acceptance=fp64
  [compact-fragments] active=2 saved_bytes=39929448 storage=fp32 camera_reads=contiguous
  MFCG score_init=30562787.847235732 precision=fp64
PCG_PREP o=0 rebuild=1 drift=0 previous_depth=0
ATTR_RADIUS o=0 raw_norm=5445.8560983987327 norm=5445.8560983987327 radius=5445.8560983987327 next_radius=10891.712196797465 lambda=0.10000000000000001 next_lambda=0.025000000000000001 rho=0.99642283532921172 accept=1
CLASSICAL_LM o=0 lambda=0.10000000000000001 tau=0.10000000000000001 prediction=28494581.339232985 rho=0.99642283532921172 accept=1
  MFCG it   1 cost=2.170136e+06 lam=2.500e-02 tau=0.00e+00 cg_it=0 shift=0 ckpt=1 alpha=0 acc mv=2
PCG_PREP o=1 rebuild=1 drift=0 previous_depth=1
ATTR_RADIUS o=1 raw_norm=2850.3640786061237 norm=2850.3640786061237 radius=10891.712196797465 next_radius=10891.712196797465 lambda=0.025000000000000001 next_lambda=0.0025000000000000005 rho=0.99898041080055611 accept=1
CLASSICAL_LM o=1 lambda=0.025000000000000001 tau=0.025000000000000001 prediction=1301657.1942207054 rho=0.99898041080055611 accept=1
  MFCG it   2 cost=8.698063e+05 lam=2.500e-03 tau=0.00e+00 cg_it=4 shift=0 ckpt=5 alpha=0 acc mv=8
PCG_PREP o=2 rebuild=1 drift=0 previous_depth=5
ATTR_RADIUS o=2 raw_norm=2272.889358021424 norm=2272.889358021424 radius=10891.712196797465 next_radius=10891.712196797465 lambda=0.0025000000000000005 next_lambda=0.00025000000000000006 rho=0.9919049198708535 accept=1
CLASSICAL_LM o=2 lambda=0.0025000000000000005 tau=0.0025000000000000005 prediction=304855.50474077242 rho=0.9919049198708535 accept=1
  MFCG it   3 cost=5.674186e+05 lam=2.500e-04 tau=0.00e+00 cg_it=9 shift=0 ckpt=10 alpha=0 acc mv=19
PCG_PREP o=3 rebuild=1 drift=0 previous_depth=10
ATTR_RADIUS o=3 raw_norm=2295.2916485703272 norm=2295.2916485703272 radius=10891.712196797465 next_radius=10891.712196797465 lambda=0.00025000000000000006 next_lambda=2.5000000000000008e-05 rho=0.98311495840323337 accept=1
CLASSICAL_LM o=3 lambda=0.00025000000000000006 tau=0.00025000000000000006 prediction=169689.65635673222 rho=0.98311495840323337 accept=1
  MFCG it   4 cost=4.005942e+05 lam=2.500e-05 tau=0.00e+00 cg_it=0 shift=0 ckpt=1 alpha=0 acc mv=21
PCG_PREP o=4 rebuild=1 drift=0 previous_depth=1
ATTR_RADIUS o=4 raw_norm=7330.2253397966915 norm=7330.2253397966915 radius=10891.712196797465 next_radius=10891.712196797465 lambda=2.5000000000000008e-05 next_lambda=2.5000000000000011e-06 rho=0.77434215250138794 accept=1
CLASSICAL_LM o=4 lambda=2.5000000000000008e-05 tau=2.5000000000000008e-05 prediction=37640.562392143518 rho=0.77434215250138794 accept=1
  MFCG it   5 cost=3.714475e+05 lam=2.500e-06 tau=0.00e+00 cg_it=7 shift=0 ckpt=8 alpha=0 acc mv=30
PCG_PREP o=5 rebuild=1 drift=0 previous_depth=8
ATTR_RADIUS o=5 raw_norm=732.61586394358028 norm=732.61586394358017 radius=10891.712196797465 next_radius=10891.712196797465 lambda=2.5000000000000011e-06 next_lambda=2.5000000000000009e-07 rho=0.93246850054276631 accept=1
CLASSICAL_LM o=5 lambda=2.5000000000000011e-06 tau=2.5000000000000011e-06 prediction=9528.110766535212 rho=0.93246850054276631 accept=1
  MFCG it   6 cost=3.625628e+05 lam=2.500e-07 tau=0.00e+00 cg_it=0 shift=0 ckpt=1 alpha=0 acc mv=32
PCG_PREP o=6 rebuild=1 drift=0 previous_depth=1
POINT_SAFE o=6 frozen=56 slope=-10369.929274928163 candidate=370151.38404749375 original=360836.35770852014 current=362562.82735798985 won=0 mode=1 camera_scale=1 keep_scale=0
ATTR_RADIUS o=6 raw_norm=8283.5874876320504 norm=2070.8968719080126 radius=10891.712196797465 next_radius=10891.712196797465 lambda=2.5000000000000009e-07 next_lambda=2.5000000000000012e-08 rho=0.78419415669167536 accept=1
CLASSICAL_LM o=6 lambda=2.5000000000000009e-07 tau=2.5000000000000009e-07 prediction=2201.5844351012111 rho=0.78419415669167536 accept=1
  MFCG it   7 cost=3.608364e+05 lam=2.500e-08 tau=0.00e+00 cg_it=19 shift=0 ckpt=20 alpha=0 acc mv=53
PCG_PREP o=7 rebuild=1 drift=0 previous_depth=20
ATTR_RADIUS o=7 raw_norm=36554.786877859246 norm=10891.712196797465 radius=10891.712196797465 next_radius=10891.712196797465 lambda=2.5000000000000012e-08 next_lambda=2.5000000000000012e-08 rho=0.41381928190819878 accept=1
CLASSICAL_LM o=7 lambda=2.5000000000000012e-08 tau=2.5000000000000012e-08 prediction=2226.1405091058959 rho=0.41381928190819878 accept=1
  MFCG it   8 cost=3.599151e+05 lam=2.500e-08 tau=0.00e+00 cg_it=18 shift=0 ckpt=19 alpha=0 acc mv=73
PCG_PREP o=8 rebuild=1 drift=0 previous_depth=19
POINT_SAFE o=8 frozen=12 slope=-2509.2190260651478 candidate=360122.09044375253 original=359384.38086243864 current=359915.13784161519 won=0 mode=1 camera_scale=1 keep_scale=0
ATTR_RADIUS o=8 raw_norm=51998.881923851906 norm=5445.8560983987318 radius=10891.712196797465 next_radius=10891.712196797465 lambda=2.5000000000000012e-08 next_lambda=2.5000000000000013e-09 rho=0.55924616794541093 accept=1
CLASSICAL_LM o=8 lambda=2.5000000000000012e-08 tau=2.5000000000000012e-08 prediction=949.05787397071617 rho=0.55924616794541093 accept=1
  MFCG it   9 cost=3.593844e+05 lam=2.500e-09 tau=0.00e+00 cg_it=0 shift=0 ckpt=1 alpha=0 acc mv=75
PCG_PREP o=9 rebuild=1 drift=0 previous_depth=1
POINT_SAFE o=9 frozen=2 slope=-1379.6521197274185 candidate=360138.74765008106 original=359238.63960957632 current=359384.38086243864 won=0 mode=1 camera_scale=1 keep_scale=0
ATTR_RADIUS o=9 raw_norm=191482.70571890575 norm=5445.8560983987327 radius=10891.712196797465 next_radius=10891.712196797465 lambda=2.5000000000000013e-09 next_lambda=2.5000000000000012e-10 rho=0.27968320612975889 accept=1
CLASSICAL_LM o=9 lambda=2.5000000000000013e-09 tau=2.5000000000000013e-09 prediction=521.09404379005832 rho=0.27968320612975889 accept=1
  MFCG it  10 cost=3.592386e+05 lam=2.500e-10 tau=0.00e+00 cg_it=0 shift=0 ckpt=1 alpha=0 acc mv=77
PCG_PREP o=10 rebuild=1 drift=0 previous_depth=1
POINT_SAFE o=10 frozen=0 slope=-940.51852358329279 candidate=inf original=359181.87552114809 current=359238.63960957632 won=0 mode=1 camera_scale=1 keep_scale=0
ATTR_RADIUS o=10 raw_norm=284515.0327501382 norm=2722.9280491993663 radius=10891.712196797465 next_radius=10891.712196797465 lambda=2.5000000000000012e-10 next_lambda=2.5000000000000014e-11 rho=0.27442330811556465 accept=1
CLASSICAL_LM o=10 lambda=2.5000000000000012e-10 tau=2.5000000000000012e-10 prediction=206.84864131266005 rho=0.27442330811556465 accept=1
  MFCG it  11 cost=3.591819e+05 lam=2.500e-11 tau=0.00e+00 cg_it=0 shift=0 ckpt=1 alpha=0 acc mv=79
PCG_PREP o=11 rebuild=1 drift=0 previous_depth=1
POINT_SAFE o=11 frozen=0 slope=-753.70279543990364 candidate=inf original=359164.62147445843 current=359181.87552114809 won=0 mode=1 camera_scale=1 keep_scale=0
ATTR_RADIUS o=11 raw_norm=296488.44272554928 norm=2722.9280491993659 radius=10891.712196797465 next_radius=2722.9280491993663 lambda=2.5000000000000014e-11 next_lambda=4.0000000000000022e-10 rho=0.1039557016180163 accept=1
CLASSICAL_LM o=11 lambda=2.5000000000000014e-11 tau=2.5000000000000014e-11 prediction=165.97499147339215 rho=0.1039557016180163 accept=1
  MFCG it  12 cost=3.591646e+05 lam=4.000e-10 tau=0.00e+00 cg_it=0 shift=0 ckpt=1 alpha=0 acc mv=81
PCG_PREP o=12 rebuild=1 drift=0 previous_depth=1
ATTR_RADIUS o=12 raw_norm=266945.99988020881 norm=2722.9280491993668 radius=2722.9280491993663 next_radius=2722.9280491993663 lambda=4.0000000000000022e-10 next_lambda=4.0000000000000022e-10 rho=0.53697219092138981 accept=1
CLASSICAL_LM o=12 lambda=4.0000000000000022e-10 tau=4.0000000000000022e-10 prediction=307.60349389609559 rho=0.53697219092138981 accept=1
  MFCG it  13 cost=3.589994e+05 lam=4.000e-10 tau=0.00e+00 cg_it=0 shift=0 ckpt=1 alpha=0 acc mv=83
PCG_PREP o=13 rebuild=1 drift=0 previous_depth=1
ATTR_RADIUS o=13 raw_norm=263631.37317605212 norm=2722.9280491993663 radius=2722.9280491993663 next_radius=2722.9280491993663 lambda=4.0000000000000022e-10 next_lambda=4.0000000000000022e-10 rho=0.26428990706225758 accept=1
CLASSICAL_LM o=13 lambda=4.0000000000000022e-10 tau=4.0000000000000022e-10 prediction=100.32815366111127 rho=0.26428990706225758 accept=1
  MFCG it  14 cost=3.589729e+05 lam=4.000e-10 tau=0.00e+00 cg_it=0 shift=0 ckpt=1 alpha=0 acc mv=85
PCG_PREP o=14 rebuild=1 drift=0 previous_depth=1
POINT_SAFE o=14 frozen=2 slope=-73.022370194119404 candidate=358988.4586414427 original=358960.86112969276 current=358972.93123399914 won=0 mode=1 camera_scale=1 keep_scale=0
ATTR_RADIUS o=14 raw_norm=260486.9244654327 norm=1361.4640245996832 radius=2722.9280491993663 next_radius=2722.9280491993663 lambda=4.0000000000000022e-10 next_lambda=4.0000000000000023e-11 rho=0.42493092172266611 accept=1
CLASSICAL_LM o=14 lambda=4.0000000000000022e-10 tau=4.0000000000000022e-10 prediction=28.404862271394649 rho=0.42493092172266611 accept=1
  MFCG it  15 cost=3.589609e+05 lam=4.000e-11 tau=0.00e+00 cg_it=0 shift=0 ckpt=1 alpha=0 acc mv=87
PCG_PREP o=15 rebuild=1 drift=0 previous_depth=1
POINT_SAFE o=15 frozen=2 slope=-34.81060503765552 candidate=358998.7293134752 original=358958.71549466287 current=358960.86112969276 won=0 mode=1 camera_scale=1 keep_scale=0
ATTR_RADIUS o=15 raw_norm=284440.67740090343 norm=680.73201229984147 radius=2722.9280491993663 next_radius=2722.9280491993663 lambda=4.0000000000000023e-11 next_lambda=4.0000000000000023e-12 rho=0.27288758810092967 accept=1
CLASSICAL_LM o=15 lambda=4.0000000000000023e-11 tau=4.0000000000000023e-11 prediction=7.8627065628559976 rho=0.27288758810092967 accept=1
  MFCG it  16 cost=3.589587e+05 lam=4.000e-12 tau=0.00e+00 cg_it=0 shift=0 ckpt=1 alpha=0 acc mv=89
PCG_PREP o=16 rebuild=1 drift=0 previous_depth=1
POINT_SAFE o=16 frozen=3 slope=-29.168610192414903 candidate=359000.74539062218 original=358958.52585521393 current=358958.71549466287 won=0 mode=1 camera_scale=1 keep_scale=0
ATTR_RADIUS o=16 raw_norm=286864.54941923596 norm=2722.9280491993668 radius=2722.9280491993663 next_radius=680.73201229984159 lambda=4.0000000000000023e-12 next_lambda=6.4000000000000037e-11 rho=0.028600692452235649 accept=0
CLASSICAL_LM o=16 lambda=4.0000000000000023e-12 tau=4.0000000000000023e-12 prediction=6.6305894258207454 rho=0.028600692452235649 accept=0
  MFCG it  17  retry 1/8  lam=6.400e-11 tau_eff=4.000e-12  (assembly reused)
PCG_PREP o=16 rebuild=1 drift=0 previous_depth=1
ATTR_RADIUS o=16 raw_norm=282293.79249419377 norm=680.73201229984159 radius=680.73201229984159 next_radius=680.73201229984159 lambda=6.4000000000000037e-11 next_lambda=6.4000000000000037e-11 rho=0.5090156738270496 accept=1
CLASSICAL_LM o=16 lambda=6.4000000000000037e-11 tau=6.4000000000000037e-11 prediction=12.538808613638286 rho=0.5090156738270496 accept=1
  MFCG it  17 cost=3.589523e+05 lam=6.400e-11 tau=0.00e+00 cg_it=0 shift=0 ckpt=1 alpha=0 acc mv=93
PCG_PREP o=17 rebuild=1 drift=0 previous_depth=1
ATTR_RADIUS o=17 raw_norm=282130.59442256676 norm=680.73201229984159 radius=680.73201229984159 next_radius=680.73201229984159 lambda=6.4000000000000037e-11 next_lambda=6.4000000000000037e-11 rho=0.39257432665464115 accept=1
CLASSICAL_LM o=17 lambda=6.4000000000000037e-11 tau=6.4000000000000037e-11 prediction=5.3981780329035072 rho=0.39257432665464115 accept=1
  MFCG it  18 cost=3.589502e+05 lam=6.400e-11 tau=0.00e+00 cg_it=0 shift=0 ckpt=1 alpha=0 acc mv=95
PCG_PREP o=18 rebuild=1 drift=0 previous_depth=1
POINT_SAFE o=18 frozen=11 slope=-2.9670285048610681 candidate=358950.63503057964 original=358949.59772217908 current=358950.21385844098 won=0 mode=1 camera_scale=1 keep_scale=0
ATTR_RADIUS o=18 raw_norm=282020.18248103058 norm=340.36600614992091 radius=680.73201229984159 next_radius=680.73201229984159 lambda=6.4000000000000037e-11 next_lambda=6.4000000000000042e-12 rho=0.4525806099178924 accept=1
CLASSICAL_LM o=18 lambda=6.4000000000000037e-11 tau=6.4000000000000037e-11 prediction=1.3613845763610242 rho=0.4525806099178924 accept=1
  MFCG it  19 cost=3.589496e+05 lam=6.400e-12 tau=0.00e+00 cg_it=0 shift=0 ckpt=1 alpha=0 acc mv=97
PCG_PREP o=19 rebuild=1 drift=0 previous_depth=1
POINT_SAFE o=19 frozen=20 slope=-2.3129886283702876 candidate=358950.41417591955 original=358949.25366240443 current=358949.59772217908 won=0 mode=1 camera_scale=1 keep_scale=0
ATTR_RADIUS o=19 raw_norm=286301.3335626137 norm=340.36600614992079 radius=680.73201229984159 next_radius=680.73201229984159 lambda=6.4000000000000042e-12 next_lambda=6.400000000000005e-13 rho=0.3086202092738784 accept=1
CLASSICAL_LM o=19 lambda=6.4000000000000042e-12 tau=6.4000000000000042e-12 prediction=1.1148322900228318 rho=0.3086202092738784 accept=1
  MFCG it  20 cost=3.589493e+05 lam=6.400e-13 tau=0.00e+00 cg_it=0 shift=0 ckpt=1 alpha=0 acc mv=99
PCG_PREP o=20 rebuild=1 drift=0 previous_depth=1
POINT_SAFE o=20 frozen=42 slope=-2.2043997873723113 candidate=358950.14848031936 original=358948.95805144886 current=358949.25366240443 won=0 mode=1 camera_scale=1 keep_scale=0
ATTR_RADIUS o=20 raw_norm=286736.63864043477 norm=340.36600614992074 radius=680.73201229984159 next_radius=680.73201229984159 lambda=6.400000000000005e-13 next_lambda=6.4000000000000055e-14 rho=0.27500025991325394 accept=1
CLASSICAL_LM o=20 lambda=6.400000000000005e-13 tau=6.400000000000005e-13 prediction=1.0749479133595969 rho=0.27500025991325394 accept=1
  MFCG it  21 cost=3.589490e+05 lam=6.400e-14 tau=0.00e+00 cg_it=0 shift=0 ckpt=1 alpha=0 acc mv=101
PCG_PREP o=21 rebuild=1 drift=0 previous_depth=1
POINT_SAFE o=21 frozen=62 slope=-2.1671803085135175 candidate=358949.88227452221 original=358948.67187444062 current=358948.95805144886 won=0 mode=1 camera_scale=1 keep_scale=0
ATTR_RADIUS o=21 raw_norm=286813.06641775579 norm=340.36600614992079 radius=680.73201229984159 next_radius=680.73201229984159 lambda=6.4000000000000055e-14 next_lambda=6.4000000000000062e-15 rho=0.26994981591459094 accept=1
CLASSICAL_LM o=21 lambda=6.4000000000000055e-14 tau=6.4000000000000055e-14 prediction=1.0601118851242282 rho=0.26994981591459094 accept=1
  MFCG it  22 cost=3.589487e+05 lam=6.400e-15 tau=0.00e+00 cg_it=0 shift=0 ckpt=1 alpha=0 acc mv=103
PCG_PREP o=22 rebuild=1 drift=0 previous_depth=1
POINT_SAFE o=22 frozen=73 slope=-2.1351511307704554 candidate=358949.62489361799 original=358948.40136723861 current=358948.67187444062 won=0 mode=1 camera_scale=1 keep_scale=0
ATTR_RADIUS o=22 raw_norm=286939.62792620255 norm=340.36600614992079 radius=680.73201229984159 next_radius=680.73201229984159 lambda=6.4000000000000062e-15 next_lambda=6.4000000000000064e-16 rho=0.25670788613217671 accept=1
CLASSICAL_LM o=22 lambda=6.4000000000000062e-15 tau=6.4000000000000062e-15 prediction=1.0537549355954359 rho=0.25670788613217671 accept=1
  MFCG it  23 cost=3.589484e+05 lam=6.400e-16 tau=0.00e+00 cg_it=0 shift=0 ckpt=1 alpha=0 acc mv=105
PCG_PREP o=23 rebuild=1 drift=0 previous_depth=1
POINT_SAFE o=23 frozen=92 slope=-2.084239366270038 candidate=358949.38385503209 original=358948.13437957515 current=358948.40136723861 won=0 mode=1 camera_scale=1 keep_scale=0
ATTR_RADIUS o=23 raw_norm=287622.31256715622 norm=340.36600614992079 radius=680.73201229984159 next_radius=680.73201229984159 lambda=6.4000000000000064e-16 next_lambda=9.9999999999999998e-17 rho=0.25257183645170822 accept=1
CLASSICAL_LM o=23 lambda=6.4000000000000064e-16 tau=6.4000000000000064e-16 prediction=1.057076145985673 rho=0.25257183645170822 accept=1
  MFCG it  24 cost=3.589481e+05 lam=1.000e-16 tau=0.00e+00 cg_it=0 shift=0 ckpt=1 alpha=0 acc mv=107
PCG_PREP o=24 rebuild=1 drift=0 previous_depth=1
POINT_SAFE o=24 frozen=99 slope=-2.1488363645655175 candidate=358949.13983455277 original=358947.8724375235 current=358948.13437957515 won=0 mode=1 camera_scale=1 keep_scale=0
ATTR_RADIUS o=24 raw_norm=289679.38014703064 norm=340.36600614992079 radius=680.73201229984159 next_radius=680.73201229984159 lambda=9.9999999999999998e-17 next_lambda=9.9999999999999998e-17 rho=0.26969738074947264 accept=1
CLASSICAL_LM o=24 lambda=9.9999999999999998e-17 tau=9.9999999999999998e-17 prediction=0.97124432915954784 rho=0.26969738074947264 accept=1
  MFCG: converged (OCA_FTOL: 8 outers < 1.0e-05 rel)
  [menu-backtrack] confirming stop with original retry policy at outer 25
  MFCG it  25 cost=3.589479e+05 lam=1.000e-16 tau=0.00e+00 cg_it=0 shift=0 ckpt=1 alpha=0 acc mv=109
PCG_PREP o=25 rebuild=1 drift=0 previous_depth=1
ATTR_RADIUS o=25 raw_norm=290344.0356497069 norm=680.73201229984159 radius=680.73201229984159 next_radius=170.1830030749604 lambda=9.9999999999999998e-17 next_lambda=1.6e-15 rho=-1 accept=0
CLASSICAL_LM o=25 lambda=9.9999999999999998e-17 tau=9.9999999999999998e-17 prediction=1.9579914358053034 rho=-1 accept=0
  MFCG it  26  retry 1/8  lam=1.600e-15 tau_eff=1.000e-16  (assembly reused)
PCG_PREP o=25 rebuild=1 drift=0 previous_depth=1
ATTR_RADIUS o=25 raw_norm=287576.87617841444 norm=170.1830030749604 radius=170.1830030749604 next_radius=42.545750768740099 lambda=1.6e-15 next_lambda=2.5599999999999999e-14 rho=-1 accept=0
CLASSICAL_LM o=25 lambda=1.6e-15 tau=1.6e-15 prediction=0.57499292930378543 rho=-1 accept=0
  MFCG it  26  retry 2/8  lam=2.560e-14 tau_eff=1.600e-15  (assembly reused)
PCG_PREP o=25 rebuild=1 drift=0 previous_depth=1
ATTR_RADIUS o=25 raw_norm=287097.67026828625 norm=42.545750768740092 radius=42.545750768740099 next_radius=42.545750768740099 lambda=2.5599999999999999e-14 next_lambda=2.5599999999999999e-14 rho=0.53550953777356813 accept=1
CLASSICAL_LM o=25 lambda=2.5599999999999999e-14 tau=2.5599999999999999e-14 prediction=0.20278557336559502 rho=0.53550953777356813 accept=1
  MFCG it  26 cost=3.589478e+05 lam=2.560e-14 tau=0.00e+00 cg_it=0 shift=0 ckpt=1 alpha=0 acc mv=115
PCG_PREP o=26 rebuild=1 drift=0 previous_depth=1
ATTR_RADIUS o=26 raw_norm=287134.50110213697 norm=42.545750768740113 radius=42.545750768740099 next_radius=42.545750768740099 lambda=2.5599999999999999e-14 next_lambda=2.5599999999999999e-14 rho=0.58590771433084032 accept=1
CLASSICAL_LM o=26 lambda=2.5599999999999999e-14 tau=2.5599999999999999e-14 prediction=0.20760079952227162 rho=0.58590771433084032 accept=1
  MFCG it  27 cost=3.589476e+05 lam=2.560e-14 tau=0.00e+00 cg_it=0 shift=0 ckpt=1 alpha=0 acc mv=117
PCG_PREP o=27 rebuild=1 drift=0 previous_depth=1
ATTR_RADIUS o=27 raw_norm=287143.15795424156 norm=42.545750768740106 radius=42.545750768740099 next_radius=10.636437692185025 lambda=2.5599999999999999e-14 next_lambda=4.0959999999999999e-13 rho=0.23503028015902339 accept=1
CLASSICAL_LM o=27 lambda=2.5599999999999999e-14 tau=2.5599999999999999e-14 prediction=0.19936188463936169 rho=0.23503028015902339 accept=1
  MFCG it  28 cost=3.589476e+05 lam=4.096e-13 tau=0.00e+00 cg_it=0 shift=0 ckpt=1 alpha=0 acc mv=119
PCG_PREP o=28 rebuild=1 drift=0 previous_depth=1
ATTR_RADIUS o=28 raw_norm=287084.37387259293 norm=10.636437692185023 radius=10.636437692185025 next_radius=2.6591094230462562 lambda=4.0959999999999999e-13 next_lambda=6.5535999999999999e-12 rho=-1 accept=0
CLASSICAL_LM o=28 lambda=4.0959999999999999e-13 tau=4.0959999999999999e-13 prediction=0.17226941859783307 rho=-1 accept=0
  MFCG it  29  retry 1/8  lam=6.554e-12 tau_eff=4.096e-13  (assembly reused)
PCG_PREP o=28 rebuild=1 drift=0 previous_depth=1
ATTR_RADIUS o=28 raw_norm=286628.20990596758 norm=2.6591094230462557 radius=2.6591094230462562 next_radius=5.3182188460925124 lambda=6.5535999999999999e-12 next_lambda=1.6384e-12 rho=0.93075883215419142 accept=1
CLASSICAL_LM o=28 lambda=6.5535999999999999e-12 tau=6.5535999999999999e-12 prediction=0.14886580465963936 rho=0.93075883215419142 accept=1
  MFCG it  29 cost=3.589475e+05 lam=1.638e-12 tau=0.00e+00 cg_it=0 shift=0 ckpt=1 alpha=0 acc mv=123
PCG_PREP o=29 rebuild=1 drift=0 previous_depth=1
ATTR_RADIUS o=29 raw_norm=286999.35738958098 norm=5.3182188460925115 radius=5.3182188460925124 next_radius=1.3295547115231281 lambda=1.6384e-12 next_lambda=2.6214399999999999e-11 rho=-1 accept=0
CLASSICAL_LM o=29 lambda=1.6384e-12 tau=1.6384e-12 prediction=0.025883363449207226 rho=-1 accept=0
  MFCG it  30  retry 1/8  lam=2.621e-11 tau_eff=1.638e-12  (assembly reused)
PCG_PREP o=29 rebuild=1 drift=0 previous_depth=1
ATTR_RADIUS o=29 raw_norm=285193.16066207801 norm=1.3295547115231281 radius=1.3295547115231281 next_radius=2.6591094230462562 lambda=2.6214399999999999e-11 next_lambda=6.5535999999999999e-12 rho=0.99733149756527562 accept=1
CLASSICAL_LM o=29 lambda=2.6214399999999999e-11 tau=2.6214399999999999e-11 prediction=0.014192074530503191 rho=0.99733149756527562 accept=1
  MFCG it  30 cost=3.589474e+05 lam=6.554e-12 tau=0.00e+00 cg_it=0 shift=0 ckpt=1 alpha=0 acc mv=127
PCG_PREP o=30 rebuild=1 drift=0 previous_depth=1
ATTR_RADIUS o=30 raw_norm=286643.50463460298 norm=2.6591094230462562 radius=2.6591094230462562 next_radius=5.3182188460925124 lambda=6.5535999999999999e-12 next_lambda=1.6384e-12 rho=0.99429123087754645 accept=1
CLASSICAL_LM o=30 lambda=6.5535999999999999e-12 tau=6.5535999999999999e-12 prediction=0.0078408588504689809 rho=0.99429123087754645 accept=1
  MFCG it  31 cost=3.589474e+05 lam=1.638e-12 tau=0.00e+00 cg_it=0 shift=0 ckpt=1 alpha=0 acc mv=129
PCG_PREP o=31 rebuild=1 drift=0 previous_depth=1
ATTR_RADIUS o=31 raw_norm=287005.16112458752 norm=5.3182188460925124 radius=5.3182188460925124 next_radius=10.636437692185025 lambda=1.6384e-12 next_lambda=4.0959999999999999e-13 rho=0.9885385525517314 accept=1
CLASSICAL_LM o=31 lambda=1.6384e-12 tau=1.6384e-12 prediction=0.015612335889055456 rho=0.9885385525517314 accept=1
  MFCG it  32 cost=3.589474e+05 lam=4.096e-13 tau=0.00e+00 cg_it=0 shift=0 ckpt=1 alpha=0 acc mv=131
PCG_PREP o=32 rebuild=1 drift=0 previous_depth=1
ATTR_RADIUS o=32 raw_norm=287090.15147284738 norm=10.636437692185021 radius=10.636437692185025 next_radius=21.27287538437005 lambda=4.0959999999999999e-13 next_lambda=1.024e-13 rho=0.97706853898332302 accept=1
CLASSICAL_LM o=32 lambda=4.0959999999999999e-13 tau=4.0959999999999999e-13 prediction=0.031217628944708479 rho=0.97706853898332302 accept=1
  MFCG: converged (OCA_FTOL: 8 outers < 1.0e-05 rel)
  MFCG: accepts=33 rejects=5 total_matvecs=133 negcurv=0 cand_evals=38 mean_cg_per_outer=4.0
NUMERIC_REPAIR summary rebuilds=0 floor=9.9999999999999998e-17
  [retry-cache] builds=38 reuses=0
  [menu-backtrack] trials=15 rescues=15 evals=33 total_scored=71
POINT_SAFE summary calls=15 evals=13 wins=0 frozen=476 seconds=0.035957618
  [scoring] menu_evals=38 alpha_evals=0 backtrack_evals=33 total_scored=71
RESULT algo=mfree_shifted_cg iters=33 final_cost=358947.3889093036 solve_seconds=0.433777
DIAGNOSTICS median_reproj_err_px 4.948600 -> 0.656403 | cheirality_violations(obs) 0 -> 33 | cheirality_violations(pts, of 64298) 0 -> 11
