  [menu-backtrack] active=1 max_evals=8 warmup_accepts=3 confirm_stop=original armijo=1e-4
MIXED_STORAGE fragments=fp32 arithmetic=fp64 state=fp64 acceptance=fp64
  [compact-fragments] active=2 saved_bytes=55578432 storage=fp32 camera_reads=contiguous
  MFCG score_init=4545737.6927971579 precision=fp64
PCG_PREP o=0 rebuild=1 drift=0 previous_depth=0
E2_CAP o=0 retry=0 touched=0 ncam=394 raw=1963.055150472391 capped=1963.0551504723871 radius=1963.0551504723899 median=57.040190386101173 global_scale=1
ATTR_RADIUS o=0 raw_norm=1963.0551504723899 norm=1963.0551504723899 radius=1963.0551504723899 next_radius=3926.1103009447797 lambda=0.10000000000000001 next_lambda=0.025000000000000001 rho=0.99609836552505826 accept=1
CLASSICAL_LM o=0 lambda=0.10000000000000001 tau=0.10000000000000001 prediction=3795930.7848652457 rho=0.99609836552505826 accept=1
  MFCG it   1 cost=7.646172e+05 lam=2.500e-02 tau=0.00e+00 cg_it=1 shift=0 ckpt=2 alpha=0 acc mv=3
PCG_PREP o=1 rebuild=1 drift=0 previous_depth=2
E2_CAP o=1 retry=0 touched=0 ncam=394 raw=1318.5981053395203 capped=1318.5981053395201 radius=3926.1103009447797 median=44.130653001693062 global_scale=1
ATTR_RADIUS o=1 raw_norm=1318.5981053395199 norm=1318.5981053395199 radius=3926.1103009447797 next_radius=3926.1103009447797 lambda=0.025000000000000001 next_lambda=0.0025000000000000005 rho=0.99808104639871476 accept=1
CLASSICAL_LM o=1 lambda=0.025000000000000001 tau=0.025000000000000001 prediction=258768.95643926994 rho=0.99808104639871476 accept=1
  MFCG it   2 cost=5.063449e+05 lam=2.500e-03 tau=0.00e+00 cg_it=7 shift=0 ckpt=8 alpha=0 acc mv=12
PCG_PREP o=2 rebuild=1 drift=0 previous_depth=8
E2_CAP o=2 retry=0 touched=0 ncam=394 raw=1645.3117830449755 capped=1645.3117830449789 radius=3926.1103009447797 median=40.60408146849975 global_scale=1
ATTR_RADIUS o=2 raw_norm=1645.3117830449767 norm=1645.3117830449767 radius=3926.1103009447797 next_radius=3926.1103009447797 lambda=0.0025000000000000005 next_lambda=0.00025000000000000006 rho=0.99939486733749494 accept=1
CLASSICAL_LM o=2 lambda=0.0025000000000000005 tau=0.0025000000000000005 prediction=121819.41499647692 rho=0.99939486733749494 accept=1
  MFCG it   3 cost=3.845992e+05 lam=2.500e-04 tau=0.00e+00 cg_it=1 shift=0 ckpt=2 alpha=0 acc mv=15
PCG_PREP o=3 rebuild=1 drift=0 previous_depth=2
E2_CAP o=3 retry=0 touched=0 ncam=394 raw=2282.3177793718464 capped=2282.3177793718442 radius=3926.1103009447797 median=41.151342444480022 global_scale=1
ATTR_RADIUS o=3 raw_norm=2282.317779371846 norm=2282.317779371846 radius=3926.1103009447797 next_radius=3926.1103009447797 lambda=0.00025000000000000006 next_lambda=2.5000000000000008e-05 rho=1.0318231086100236 accept=1
CLASSICAL_LM o=3 lambda=0.00025000000000000006 tau=0.00025000000000000006 prediction=43221.561123161664 rho=1.0318231086100236 accept=1
  MFCG it   4 cost=3.400021e+05 lam=2.500e-05 tau=0.00e+00 cg_it=1 shift=0 ckpt=2 alpha=0 acc mv=18
PCG_PREP o=4 rebuild=1 drift=0 previous_depth=2
E2_CAP o=4 retry=0 touched=0 ncam=394 raw=4984.3657565372223 capped=4984.3657565372168 radius=3926.1103009447797 median=102.14931002923298 global_scale=0.78768503210172969
ATTR_RADIUS o=4 raw_norm=4984.3657565372214 norm=3926.1103009447843 radius=3926.1103009447797 next_radius=7852.2206018895595 lambda=2.5000000000000008e-05 next_lambda=6.250000000000002e-06 rho=0.90419493480492918 accept=1
CLASSICAL_LM o=4 lambda=2.5000000000000008e-05 tau=2.5000000000000008e-05 prediction=22390.612800347895 rho=0.90419493480492918 accept=1
  MFCG it   5 cost=3.197567e+05 lam=6.250e-06 tau=0.00e+00 cg_it=8 shift=0 ckpt=9 alpha=0 acc mv=28
PCG_PREP o=5 rebuild=1 drift=0 previous_depth=9
E2_CAP o=5 retry=0 touched=0 ncam=394 raw=4238.8626705491961 capped=4238.8626705491924 radius=7852.2206018895595 median=105.77029614887283 global_scale=1
ATTR_RADIUS o=5 raw_norm=4238.8626705491979 norm=4238.8626705491979 radius=7852.2206018895595 next_radius=7852.2206018895595 lambda=6.250000000000002e-06 next_lambda=6.2500000000000026e-07 rho=0.74811678651217717 accept=1
CLASSICAL_LM o=5 lambda=6.250000000000002e-06 tau=6.250000000000002e-06 prediction=9508.8386423018619 rho=0.74811678651217717 accept=1
  MFCG it   6 cost=3.126429e+05 lam=6.250e-07 tau=0.00e+00 cg_it=10 shift=0 ckpt=11 alpha=0 acc mv=40
PCG_PREP o=6 rebuild=1 drift=0 previous_depth=11
E2_CAP o=6 retry=0 touched=5 ncam=394 raw=4980.155660874565 capped=544.69956094988891 radius=7852.2206018895595 median=6.2077255619843523 global_scale=1
ATTR_RADIUS o=6 raw_norm=4980.1556608745641 norm=544.69956094988856 radius=7852.2206018895595 next_radius=7852.2206018895595 lambda=6.2500000000000026e-07 next_lambda=6.2500000000000024e-08 rho=0.93441339052383332 accept=1
CLASSICAL_LM o=6 lambda=6.2500000000000026e-07 tau=6.2500000000000026e-07 prediction=2107.1282686113391 rho=0.93441339052383332 accept=1
TARGET reached outer=7 seconds=0.125909643 cost=310674.01852207485 threshold=310921.97509117844
  MFCG: accepts=7 rejects=0 total_matvecs=44 negcurv=0 cand_evals=7 mean_cg_per_outer=6.3
NUMERIC_REPAIR summary rebuilds=0 floor=9.9999999999999998e-17
  [retry-cache] builds=7 reuses=0
  [menu-backtrack] trials=0 rescues=0 evals=0 total_scored=7
POINT_SAFE summary calls=0 evals=0 wins=0 frozen=0 seconds=0
  [scoring] menu_evals=7 alpha_evals=0 backtrack_evals=0 total_scored=7
RESULT algo=mfree_shifted_cg iters=7 final_cost=310674.0185220749 solve_seconds=0.129882
DIAGNOSTICS median_reproj_err_px 1.058298 -> 0.376814 | cheirality_violations(obs) 0 -> 2 | cheirality_violations(pts, of 100368) 0 -> 2
