  [menu-backtrack] active=1 max_evals=8 warmup_accepts=3 confirm_stop=original armijo=1e-4
MIXED_STORAGE fragments=fp32 arithmetic=fp64 state=fp64 acceptance=fp64
TRACK_TAU rule=1,1,0.3 classes=le2,3to5,ge6 scope=all_attempts
  [compact-fragments] active=2 saved_bytes=171996448 storage=fp32 camera_reads=contiguous
  MFCG score_init=90993342.024340257 precision=fp64
PCG_PREP o=0 rebuild=1 drift=0 previous_depth=0
ATTR_RADIUS o=0 raw_norm=8818.6627176946859 norm=8818.6627176946877 radius=8818.6627176946859 next_radius=17637.325435389372 lambda=0.10000000000000001 next_lambda=0.025000000000000001 rho=0.99552962083920638 accept=1
CLASSICAL_LM o=0 lambda=0.10000000000000001 tau=0.10000000000000001 prediction=83471602.149306774 rho=0.99552962083920638 accept=1
  MFCG it   1 cost=7.894890e+06 lam=2.500e-02 tau=0.00e+00 cg_it=0 shift=0 ckpt=1 alpha=0 acc mv=2
PCG_PREP o=1 rebuild=1 drift=0 previous_depth=1
ATTR_RADIUS o=1 raw_norm=4755.1103345526317 norm=4755.1103345526317 radius=17637.325435389372 next_radius=17637.325435389372 lambda=0.025000000000000001 next_lambda=0.0025000000000000005 rho=0.99530635725805761 accept=1
CLASSICAL_LM o=1 lambda=0.025000000000000001 tau=0.025000000000000001 prediction=4317984.2636208273 rho=0.99530635725805761 accept=1
  MFCG it   2 cost=3.597172e+06 lam=2.500e-03 tau=0.00e+00 cg_it=4 shift=0 ckpt=5 alpha=0 acc mv=8
PCG_PREP o=2 rebuild=1 drift=0 previous_depth=5
ATTR_RADIUS o=2 raw_norm=7017.6395938015103 norm=7017.6395938015103 radius=17637.325435389372 next_radius=17637.325435389372 lambda=0.0025000000000000005 next_lambda=0.00025000000000000006 rho=0.81805216277293957 accept=1
CLASSICAL_LM o=2 lambda=0.0025000000000000005 tau=0.0025000000000000005 prediction=1158106.7842131415 rho=0.81805216277293957 accept=1
  MFCG it   3 cost=2.649781e+06 lam=2.500e-04 tau=0.00e+00 cg_it=10 shift=0 ckpt=11 alpha=0 acc mv=20
PCG_PREP o=3 rebuild=1 drift=0 previous_depth=11
ATTR_RADIUS o=3 raw_norm=10942.546699051394 norm=10942.546699051394 radius=17637.325435389372 next_radius=4409.3313588473429 lambda=0.00025000000000000006 next_lambda=0.004000000000000001 rho=0.10958020276351309 accept=1
CLASSICAL_LM o=3 lambda=0.00025000000000000006 tau=0.00025000000000000006 prediction=609475.96599765052 rho=0.10958020276351309 accept=1
  MFCG it   4 cost=2.582994e+06 lam=4.000e-03 tau=0.00e+00 cg_it=0 shift=0 ckpt=1 alpha=0 acc mv=22
PCG_PREP o=4 rebuild=1 drift=0 previous_depth=1
ATTR_RADIUS o=4 raw_norm=1149.167026573901 norm=1149.167026573901 radius=4409.3313588473429 next_radius=4409.3313588473429 lambda=0.004000000000000001 next_lambda=0.00040000000000000013 rho=0.51706249470026711 accept=1
CLASSICAL_LM o=4 lambda=0.004000000000000001 tau=0.004000000000000001 prediction=562353.48663034779 rho=0.51706249470026711 accept=1
  MFCG it   5 cost=2.292222e+06 lam=4.000e-04 tau=0.00e+00 cg_it=0 shift=0 ckpt=1 alpha=0 acc mv=24
PCG_PREP o=5 rebuild=1 drift=0 previous_depth=1
ATTR_RADIUS o=5 raw_norm=9743.1702584455434 norm=4409.331358847342 radius=4409.3313588473429 next_radius=4409.3313588473429 lambda=0.00040000000000000013 next_lambda=0.00040000000000000013 rho=0.66095821365796303 accept=1
CLASSICAL_LM o=5 lambda=0.00040000000000000013 tau=0.00040000000000000013 prediction=356024.20145985624 rho=0.66095821365796303 accept=1
  MFCG it   6 cost=2.056905e+06 lam=4.000e-04 tau=0.00e+00 cg_it=25 shift=0 ckpt=26 alpha=0 acc mv=51
PCG_PREP o=6 rebuild=1 drift=0 previous_depth=26
POINT_SAFE o=6 frozen=112 slope=-50314.032155077104 candidate=2015537.8933459036 original=2044247.6961021386 current=2056905.1212802625 won=1 mode=1 camera_scale=1 keep_scale=0
ATTR_RADIUS o=6 raw_norm=6196.5104209605488 norm=4409.3313588473429 radius=4409.3313588473429 next_radius=8818.6627176946859 lambda=0.00040000000000000013 next_lambda=0.00010000000000000003 rho=1.0178088011588191 accept=1
CLASSICAL_LM o=6 lambda=0.00040000000000000013 tau=0.00040000000000000013 prediction=40643.41739554669 rho=1.0178088011588191 accept=1
  MFCG it   7 cost=2.015538e+06 lam=1.000e-04 tau=0.00e+00 cg_it=2 shift=0 ckpt=3 alpha=0 acc mv=55
PCG_PREP o=7 rebuild=1 drift=0 previous_depth=3
POINT_SAFE o=7 frozen=239 slope=-168561.13471744547 candidate=1940109.9239249597 original=1970141.6652420382 current=2015537.8933459036 won=1 mode=1 camera_scale=1 keep_scale=0
ATTR_RADIUS o=7 raw_norm=13209.772039229736 norm=8818.6627176946859 radius=8818.6627176946859 next_radius=17637.325435389372 lambda=0.00010000000000000003 next_lambda=2.5000000000000008e-05 rho=0.75272128479758893 accept=1
CLASSICAL_LM o=7 lambda=0.00010000000000000003 tau=0.00010000000000000003 prediction=100207.03671376436 rho=0.75272128479758893 accept=1
  MFCG it   8 cost=1.940110e+06 lam=2.500e-05 tau=0.00e+00 cg_it=5 shift=0 ckpt=6 alpha=0 acc mv=62
PCG_PREP o=8 rebuild=1 drift=0 previous_depth=6
POINT_SAFE o=8 frozen=881 slope=-101057.54096986441 candidate=1925301.5693497295 original=1921497.2846484785 current=1940109.9239249597 won=0 mode=1 camera_scale=1 keep_scale=0
ATTR_RADIUS o=8 raw_norm=23852.472453361057 norm=8818.662717694684 radius=17637.325435389372 next_radius=4409.3313588473429 lambda=2.5000000000000008e-05 next_lambda=0.00040000000000000013 rho=0.20839763916055953 accept=1
CLASSICAL_LM o=8 lambda=2.5000000000000008e-05 tau=2.5000000000000008e-05 prediction=89313.100433643413 rho=0.20839763916055953 accept=1
  MFCG it   9 cost=1.921497e+06 lam=4.000e-04 tau=0.00e+00 cg_it=6 shift=0 ckpt=7 alpha=0 acc mv=70
PCG_PREP o=9 rebuild=1 drift=0 previous_depth=7
POINT_SAFE o=9 frozen=182 slope=-42102.671083667403 candidate=1902332.233531853 original=1884635.1800267175 current=1921497.2846484785 won=0 mode=1 camera_scale=1 keep_scale=0
ATTR_RADIUS o=9 raw_norm=2131.4503764043802 norm=1065.7251882021901 radius=4409.3313588473429 next_radius=4409.3313588473429 lambda=0.00040000000000000013 next_lambda=4.0000000000000017e-05 rho=0.50253385758643276 accept=1
CLASSICAL_LM o=9 lambda=0.00040000000000000013 tau=0.00040000000000000013 prediction=73352.479768830206 rho=0.50253385758643276 accept=1
  MFCG it  10 cost=1.884635e+06 lam=4.000e-05 tau=0.00e+00 cg_it=0 shift=0 ckpt=1 alpha=0 acc mv=72
PCG_PREP o=10 rebuild=1 drift=0 previous_depth=1
POINT_SAFE o=10 frozen=23 slope=-38592.329198471445 candidate=1858387.1702751771 original=1880855.3675410619 current=1884635.1800267175 won=1 mode=1 camera_scale=1 keep_scale=0
ATTR_RADIUS o=10 raw_norm=18738.565128465034 norm=4409.3313588473438 radius=4409.3313588473429 next_radius=8818.6627176946859 lambda=4.0000000000000017e-05 next_lambda=1.0000000000000004e-05 rho=0.92363313139755554 accept=1
CLASSICAL_LM o=10 lambda=4.0000000000000017e-05 tau=4.0000000000000017e-05 prediction=28418.220242732452 rho=0.92363313139755554 accept=1
  MFCG it  11 cost=1.858387e+06 lam=1.000e-05 tau=0.00e+00 cg_it=22 shift=0 ckpt=23 alpha=0 acc mv=96
PCG_PREP o=11 rebuild=1 drift=0 previous_depth=23
POINT_SAFE o=11 frozen=88 slope=-29466.185699030495 candidate=1845087.9465655917 original=1854336.4648496145 current=1858387.1702751771 won=1 mode=1 camera_scale=1 keep_scale=0
ATTR_RADIUS o=11 raw_norm=35456.110947046371 norm=8818.6627176946877 radius=8818.6627176946859 next_radius=8818.6627176946859 lambda=1.0000000000000004e-05 next_lambda=1.0000000000000004e-05 rho=0.55324482309840017 accept=1
CLASSICAL_LM o=11 lambda=1.0000000000000004e-05 tau=1.0000000000000004e-05 prediction=24038.586814250186 rho=0.55324482309840017 accept=1
  MFCG it  12 cost=1.845088e+06 lam=1.000e-05 tau=0.00e+00 cg_it=25 shift=0 ckpt=26 alpha=0 acc mv=123
PCG_PREP o=12 rebuild=1 drift=0 previous_depth=26
POINT_SAFE o=12 frozen=730 slope=-28683.016598728958 candidate=1831399.435198776 original=1841697.3508005943 current=1845087.9465655917 won=1 mode=1 camera_scale=1 keep_scale=0
ATTR_RADIUS o=12 raw_norm=22243.410094498257 norm=8818.662717694684 radius=8818.6627176946859 next_radius=17637.325435389372 lambda=1.0000000000000004e-05 next_lambda=2.5000000000000011e-06 rho=0.77102227830383385 accept=1
CLASSICAL_LM o=12 lambda=1.0000000000000004e-05 tau=1.0000000000000004e-05 prediction=17753.717048136437 rho=0.77102227830383385 accept=1
  MFCG it  13 cost=1.831399e+06 lam=2.500e-06 tau=0.00e+00 cg_it=2 shift=0 ckpt=3 alpha=0 acc mv=127
PCG_PREP o=13 rebuild=1 drift=0 previous_depth=3
POINT_SAFE o=13 frozen=1245 slope=-20434.798752860872 candidate=1851952.1262514056 original=1830967.3336188232 current=1831399.435198776 won=0 mode=1 camera_scale=1 keep_scale=0
ATTR_RADIUS o=13 raw_norm=33651.653706100988 norm=17637.325435389364 radius=17637.325435389372 next_radius=4409.3313588473429 lambda=2.5000000000000011e-06 next_lambda=4.0000000000000017e-05 rho=0.029340467052379294 accept=0
CLASSICAL_LM o=13 lambda=2.5000000000000011e-06 tau=2.5000000000000011e-06 prediction=14727.15411044256 rho=0.029340467052379294 accept=0
  MFCG it  14  retry 1/8  lam=4.000e-05 tau_eff=2.500e-06  (assembly reused)
PCG_PREP o=13 rebuild=1 drift=0 previous_depth=3
POINT_SAFE o=13 frozen=352 slope=-12700.354298691413 candidate=1823974.9850440884 original=1830692.5718584987 current=1831399.435198776 won=1 mode=1 camera_scale=1 keep_scale=0
ATTR_RADIUS o=13 raw_norm=5734.8454702964873 norm=4409.3313588473411 radius=4409.3313588473429 next_radius=8818.6627176946859 lambda=4.0000000000000017e-05 next_lambda=1.0000000000000004e-05 rho=0.97981064555928965 accept=1
CLASSICAL_LM o=13 lambda=4.0000000000000017e-05 tau=4.0000000000000017e-05 prediction=7577.4336483653233 rho=0.97981064555928965 accept=1
  MFCG it  14 cost=1.823975e+06 lam=1.000e-05 tau=0.00e+00 cg_it=0 shift=0 ckpt=1 alpha=0 acc mv=133
PCG_PREP o=14 rebuild=1 drift=0 previous_depth=1
POINT_SAFE o=14 frozen=66 slope=-24795.741631886405 candidate=1807705.1637043238 original=1820191.8332162388 current=1823974.9850440884 won=1 mode=1 camera_scale=1 keep_scale=0
ATTR_RADIUS o=14 raw_norm=29950.697055589993 norm=8818.6627176946859 radius=8818.6627176946859 next_radius=17637.325435389372 lambda=1.0000000000000004e-05 next_lambda=2.5000000000000011e-06 rho=0.78359066340865546 accept=1
CLASSICAL_LM o=14 lambda=1.0000000000000004e-05 tau=1.0000000000000004e-05 prediction=20763.163855207462 rho=0.78359066340865546 accept=1
  MFCG it  15 cost=1.807705e+06 lam=2.500e-06 tau=0.00e+00 cg_it=47 shift=0 ckpt=48 alpha=0 acc mv=182
PCG_PREP o=15 rebuild=1 drift=0 previous_depth=48
POINT_SAFE o=15 frozen=1270 slope=-21068.85972500332 candidate=1828131.2958705823 original=1803625.781435054 current=1807705.1637043238 won=0 mode=1 camera_scale=1 keep_scale=0
ATTR_RADIUS o=15 raw_norm=38140.339965460684 norm=1102.3328397118353 radius=17637.325435389372 next_radius=17637.325435389372 lambda=2.5000000000000011e-06 next_lambda=2.5000000000000009e-07 rho=0.53996406840981515 accept=1
CLASSICAL_LM o=15 lambda=2.5000000000000011e-06 tau=2.5000000000000011e-06 prediction=7554.9143136199737 rho=0.53996406840981515 accept=1
  MFCG it  16 cost=1.803626e+06 lam=2.500e-07 tau=0.00e+00 cg_it=5 shift=0 ckpt=6 alpha=0 acc mv=189
PCG_PREP o=16 rebuild=1 drift=0 previous_depth=6
POINT_SAFE o=16 frozen=1102 slope=-17215.438608792392 candidate=1812074.4304572865 original=inf current=1803625.781435054 won=0 mode=1 camera_scale=1 keep_scale=0
ATTR_RADIUS o=16 raw_norm=76663.325151907149 norm=17637.325435389372 radius=17637.325435389372 next_radius=4409.3313588473429 lambda=2.5000000000000009e-07 next_lambda=4.0000000000000015e-06 rho=-1 accept=0
CLASSICAL_LM o=16 lambda=2.5000000000000009e-07 tau=2.5000000000000009e-07 prediction=10223.02161251436 rho=-1 accept=0
  MFCG it  17  retry 1/8  lam=4.000e-06 tau_eff=2.500e-07  (assembly reused)
PCG_PREP o=16 rebuild=1 drift=0 previous_depth=8
POINT_SAFE o=16 frozen=244 slope=-11942.688569366881 candidate=1796490.2353030294 original=inf current=1803625.781435054 won=1 mode=1 camera_scale=1 keep_scale=0
ATTR_RADIUS o=16 raw_norm=32083.965856938794 norm=4409.3313588473447 radius=4409.3313588473429 next_radius=8818.6627176946859 lambda=4.0000000000000015e-06 next_lambda=1.0000000000000004e-06 rho=0.97166789509610818 accept=1
CLASSICAL_LM o=16 lambda=4.0000000000000015e-06 tau=4.0000000000000015e-06 prediction=7343.6059460612614 rho=0.97166789509610818 accept=1
  MFCG it  17 cost=1.796490e+06 lam=1.000e-06 tau=0.00e+00 cg_it=5 shift=0 ckpt=6 alpha=0 acc mv=205
PCG_PREP o=17 rebuild=1 drift=0 previous_depth=6
POINT_SAFE o=17 frozen=754 slope=-7161.6827938700117 candidate=1795951.8155261236 original=inf current=1796490.2353030294 won=1 mode=1 camera_scale=1 keep_scale=0
ATTR_RADIUS o=17 raw_norm=48342.434883128466 norm=0 radius=8818.6627176946859 next_radius=2204.6656794236715 lambda=1.0000000000000004e-06 next_lambda=1.6000000000000006e-05 rho=0.094505289506681481 accept=0
CLASSICAL_LM o=17 lambda=1.0000000000000004e-06 tau=1.0000000000000004e-06 prediction=5697.2448813854771 rho=0.094505289506681481 accept=0
  MFCG it  18  retry 1/8  lam=1.600e-05 tau_eff=1.000e-06  (assembly reused)
PCG_PREP o=17 rebuild=1 drift=0 previous_depth=7
POINT_SAFE o=17 frozen=121 slope=-100728.21938635594 candidate=9433142356.9661522 original=inf current=1796490.2353030294 won=0 mode=1 camera_scale=1 keep_scale=0
ATTR_RADIUS o=17 raw_norm=15314.18969511815 norm=2204.6656794236728 radius=2204.6656794236715 next_radius=551.16641985591787 lambda=1.6000000000000006e-05 next_lambda=0.0002560000000000001 rho=-1 accept=0
CLASSICAL_LM o=17 lambda=1.6000000000000006e-05 tau=1.6000000000000006e-05 prediction=51693.160169215364 rho=-1 accept=0
  MFCG it  18  retry 2/8  lam=2.560e-04 tau_eff=1.600e-05  (assembly reused)
PCG_PREP o=17 rebuild=1 drift=0 previous_depth=4
POINT_SAFE o=17 frozen=52 slope=-18306.332659652398 candidate=2514353.6902937833 original=inf current=1796490.2353030294 won=0 mode=1 camera_scale=1 keep_scale=0
ATTR_RADIUS o=17 raw_norm=3026.8835447519627 norm=551.16641985591787 radius=551.16641985591787 next_radius=137.79160496397947 lambda=0.0002560000000000001 next_lambda=0.0040960000000000015 rho=-1 accept=0
CLASSICAL_LM o=17 lambda=0.0002560000000000001 tau=0.0002560000000000001 prediction=16364.441773138566 rho=-1 accept=0
  MFCG it  18  retry 3/8  lam=4.096e-03 tau_eff=2.560e-04  (assembly reused)
PCG_PREP o=17 rebuild=1 drift=0 previous_depth=3
POINT_SAFE o=17 frozen=17 slope=-55324.912359722526 candidate=2174744.1306439908 original=1768202.9222877542 current=1796490.2353030294 won=0 mode=1 camera_scale=1 keep_scale=0
ATTR_RADIUS o=17 raw_norm=506.13360140762626 norm=68.895802481989747 radius=137.79160496397947 next_radius=137.79160496397947 lambda=0.0040960000000000015 next_lambda=0.0004096000000000002 rho=1.1865228111536854 accept=1
CLASSICAL_LM o=17 lambda=0.0040960000000000015 tau=0.0040960000000000015 prediction=23840.513430812778 rho=1.1865228111536854 accept=1
  MFCG it  18 cost=1.768203e+06 lam=4.096e-04 tau=0.00e+00 cg_it=0 shift=0 ckpt=1 alpha=0 acc mv=224
PCG_PREP o=18 rebuild=1 drift=0 previous_depth=1
ATTR_RADIUS o=18 raw_norm=3254.9432076929784 norm=137.79160496397947 radius=137.79160496397947 next_radius=275.58320992795893 lambda=0.0004096000000000002 next_lambda=0.00010240000000000005 rho=0.99929461970631828 accept=1
CLASSICAL_LM o=18 lambda=0.0004096000000000002 tau=0.0004096000000000002 prediction=22184.273392452142 rho=0.99929461970631828 accept=1
  MFCG it  19 cost=1.746034e+06 lam=1.024e-04 tau=0.00e+00 cg_it=62 shift=0 ckpt=63 alpha=0 acc mv=288
PCG_PREP o=19 rebuild=1 drift=0 previous_depth=63
ATTR_RADIUS o=19 raw_norm=5455.7833729233325 norm=275.58320992795899 radius=275.58320992795893 next_radius=551.16641985591787 lambda=0.00010240000000000005 next_lambda=2.5600000000000012e-05 rho=1.0323384338386354 accept=1
CLASSICAL_LM o=19 lambda=0.00010240000000000005 tau=0.00010240000000000005 prediction=553.00293641136409 rho=1.0323384338386354 accept=1
  MFCG it  20 cost=1.745463e+06 lam=2.560e-05 tau=0.00e+00 cg_it=2 shift=0 ckpt=3 alpha=0 acc mv=292
PCG_PREP o=20 rebuild=1 drift=0 previous_depth=3
ATTR_RADIUS o=20 raw_norm=13076.305151937417 norm=551.16641985591787 radius=551.16641985591787 next_radius=1102.3328397118357 lambda=2.5600000000000012e-05 next_lambda=6.4000000000000031e-06 rho=1.0966325615523622 accept=1
CLASSICAL_LM o=20 lambda=2.5600000000000012e-05 tau=2.5600000000000012e-05 prediction=805.46023449970517 rho=1.0966325615523622 accept=1
TARGET reached outer=21 seconds=1.795218578 cost=1744580.1171391117 threshold=1744796.9841897595
  MFCG: accepts=21 rejects=5 total_matvecs=298 negcurv=0 cand_evals=26 mean_cg_per_outer=14.2
NUMERIC_REPAIR summary rebuilds=0 floor=9.9999999999999998e-17
  [retry-cache] builds=26 reuses=0
  [menu-backtrack] trials=17 rescues=14 evals=88 total_scored=114
POINT_SAFE summary calls=17 evals=17 wins=9 frozen=7478 seconds=0.20236991
  [scoring] menu_evals=26 alpha_evals=0 backtrack_evals=88 total_scored=114
RESULT algo=mfree_shifted_cg iters=21 final_cost=1744580.1171391117 solve_seconds=1.803329
DIAGNOSTICS median_reproj_err_px 2.704502 -> 0.546389 | cheirality_violations(obs) 751 -> 755 | cheirality_violations(pts, of 310854) 725 -> 729
