[R10] --zero_k2: all k2 set to 0 at load
Loaded /workspace/bal/venice-52.txt: ncam=52 npt=64053 nobs=347173 n=192471
[R10] --dof9: refining f,k1 per camera (52 cameras)
  [menu-backtrack] active=1 max_evals=8 warmup_accepts=3 confirm_stop=original armijo=1e-4
MIXED_STORAGE fragments=fp32 arithmetic=fp64 state=fp64 acceptance=fp64
  [compact-fragments] active=2 saved_bytes=36105992 storage=fp32 camera_reads=contiguous
  MFCG score_init=11152062.772762472 precision=fp64
PCG_PREP o=0 rebuild=1 drift=0 previous_depth=0
ATTR_RADIUS o=0 raw_norm=3225.352589629671 norm=3225.352589629671 radius=3225.352589629671 next_radius=6450.705179259342 lambda=0.10000000000000001 next_lambda=0.025000000000000001 rho=0.99997438839510666 accept=1
CLASSICAL_LM o=0 lambda=0.10000000000000001 tau=0.10000000000000001 prediction=8877594.9877400436 rho=0.99997438839510666 accept=1
  MFCG it   1 cost=2.274695e+06 lam=2.500e-02 tau=0.00e+00 cg_it=0 shift=0 ckpt=1 alpha=0 acc mv=2
PCG_PREP o=1 rebuild=1 drift=0 previous_depth=1
ATTR_RADIUS o=1 raw_norm=2725.1440498078478 norm=2725.1440498078478 radius=6450.705179259342 next_radius=6450.705179259342 lambda=0.025000000000000001 next_lambda=0.0025000000000000005 rho=0.99701845569055003 accept=1
CLASSICAL_LM o=1 lambda=0.025000000000000001 tau=0.025000000000000001 prediction=770789.73816058307 rho=0.99701845569055003 accept=1
  MFCG it   2 cost=1.506204e+06 lam=2.500e-03 tau=0.00e+00 cg_it=4 shift=0 ckpt=5 alpha=0 acc mv=8
PCG_PREP o=2 rebuild=1 drift=0 previous_depth=5
ATTR_RADIUS o=2 raw_norm=9578.8535291653334 norm=6450.705179259342 radius=6450.705179259342 next_radius=12901.410358518684 lambda=0.0025000000000000005 next_lambda=0.00062500000000000012 rho=0.9978804599093285 accept=1
CLASSICAL_LM o=2 lambda=0.0025000000000000005 tau=0.0025000000000000005 prediction=379875.54087330343 rho=0.9978804599093285 accept=1
  MFCG it   3 cost=1.127133e+06 lam=6.250e-04 tau=0.00e+00 cg_it=6 shift=0 ckpt=7 alpha=0 acc mv=16
PCG_PREP o=3 rebuild=1 drift=0 previous_depth=7
ATTR_RADIUS o=3 raw_norm=20859.307736756014 norm=12901.410358518688 radius=12901.410358518684 next_radius=25802.820717037368 lambda=0.00062500000000000012 next_lambda=0.00015625000000000003 rho=1.0093969216306173 accept=1
CLASSICAL_LM o=3 lambda=0.00062500000000000012 tau=0.00062500000000000012 prediction=304236.92171974387 rho=1.0093969216306173 accept=1
  MFCG it   4 cost=8.200374e+05 lam=1.563e-04 tau=0.00e+00 cg_it=5 shift=0 ckpt=6 alpha=0 acc mv=23
PCG_PREP o=4 rebuild=1 drift=0 previous_depth=6
ATTR_RADIUS o=4 raw_norm=36747.14469775484 norm=25802.820717037368 radius=25802.820717037368 next_radius=51605.641434074736 lambda=0.00015625000000000003 next_lambda=3.9062500000000008e-05 rho=0.98437153824892332 accept=1
CLASSICAL_LM o=4 lambda=0.00015625000000000003 tau=0.00015625000000000003 prediction=327617.41562942386 rho=0.98437153824892332 accept=1
  MFCG it   5 cost=4.975401e+05 lam=3.906e-05 tau=0.00e+00 cg_it=8 shift=0 ckpt=9 alpha=0 acc mv=33
PCG_PREP o=5 rebuild=1 drift=0 previous_depth=9
POINT_SAFE o=5 frozen=1464 slope=-317535.16444519267 candidate=381890.57166037435 original=373473.48943679978 current=497540.10902915639 won=0 mode=1 camera_scale=1 keep_scale=0
ATTR_RADIUS o=5 raw_norm=37463.339909369977 norm=18731.669954684989 radius=51605.641434074736 next_radius=51605.641434074736 lambda=3.9062500000000008e-05 next_lambda=3.9062500000000009e-06 rho=0.96839028987206099 accept=1
CLASSICAL_LM o=5 lambda=3.9062500000000008e-05 tau=3.9062500000000008e-05 prediction=128116.33996118206 rho=0.96839028987206099 accept=1
  MFCG it   6 cost=3.734735e+05 lam=3.906e-06 tau=0.00e+00 cg_it=6 shift=0 ckpt=7 alpha=0 acc mv=41
PCG_PREP o=6 rebuild=1 drift=0 previous_depth=7
POINT_SAFE o=6 frozen=670 slope=-179589.0785423147 candidate=403764.26332690474 original=368581.36666230287 current=373473.48943679978 won=0 mode=1 camera_scale=1 keep_scale=0
ATTR_RADIUS o=6 raw_norm=50229.773433383802 norm=50229.773433383802 radius=51605.641434074736 next_radius=12901.410358518684 lambda=3.9062500000000009e-06 next_lambda=6.2500000000000015e-05 rho=0.067438161638015484 accept=0
CLASSICAL_LM o=6 lambda=3.9062500000000009e-06 tau=3.9062500000000009e-06 prediction=72542.350735420623 rho=0.067438161638015484 accept=0
  MFCG it   7  retry 1/8  lam=6.250e-05 tau_eff=3.906e-06  (assembly reused)
PCG_PREP o=6 rebuild=1 drift=0 previous_depth=6
ATTR_RADIUS o=6 raw_norm=19848.981213443498 norm=12901.410358518682 radius=12901.410358518684 next_radius=25802.820717037368 lambda=6.2500000000000015e-05 next_lambda=1.5625000000000004e-05 rho=0.88264653654472636 accept=1
CLASSICAL_LM o=6 lambda=6.2500000000000015e-05 tau=6.2500000000000015e-05 prediction=68725.645281037912 rho=0.88264653654472636 accept=1
  MFCG it   7 cost=3.128130e+05 lam=1.563e-05 tau=0.00e+00 cg_it=5 shift=0 ckpt=6 alpha=0 acc mv=55
PCG_PREP o=7 rebuild=1 drift=0 previous_depth=6
POINT_SAFE o=7 frozen=179 slope=-71080.730453321128 candidate=285659.22660902882 original=290316.69054575445 current=312813.03665769025 won=1 mode=1 camera_scale=1 keep_scale=0
ATTR_RADIUS o=7 raw_norm=22599.921273426968 norm=22599.921273426968 radius=25802.820717037368 next_radius=25802.820717037368 lambda=1.5625000000000004e-05 next_lambda=1.5625000000000004e-05 rho=0.691043301083205 accept=1
CLASSICAL_LM o=7 lambda=1.5625000000000004e-05 tau=1.5625000000000004e-05 prediction=39293.934267357836 rho=0.691043301083205 accept=1
  MFCG it   8 cost=2.856592e+05 lam=1.563e-05 tau=0.00e+00 cg_it=5 shift=0 ckpt=6 alpha=0 acc mv=62
PCG_PREP o=8 rebuild=1 drift=0 previous_depth=6
POINT_SAFE o=8 frozen=172 slope=-35253.174168302859 candidate=271070.80736581399 original=280479.54209118191 current=285659.22660902882 won=1 mode=1 camera_scale=1 keep_scale=0
ATTR_RADIUS o=8 raw_norm=7069.8982717684185 norm=7069.8982717684185 radius=25802.820717037368 next_radius=25802.820717037368 lambda=1.5625000000000004e-05 next_lambda=1.5625000000000005e-06 rho=0.81451494727383422 accept=1
CLASSICAL_LM o=8 lambda=1.5625000000000004e-05 tau=1.5625000000000004e-05 prediction=17910.560502348035 rho=0.81451494727383422 accept=1
  MFCG it   9 cost=2.710708e+05 lam=1.563e-06 tau=0.00e+00 cg_it=0 shift=0 ckpt=1 alpha=0 acc mv=64
PCG_PREP o=9 rebuild=1 drift=0 previous_depth=1
POINT_SAFE o=9 frozen=444 slope=-15079.206234341229 candidate=301859.00517746789 original=265559.91904637276 current=271070.80736581399 won=0 mode=1 camera_scale=1 keep_scale=0
ATTR_RADIUS o=9 raw_norm=35180.350007067143 norm=3225.352589629671 radius=25802.820717037368 next_radius=25802.820717037368 lambda=1.5625000000000005e-06 next_lambda=1.5625000000000007e-07 rho=1.5016327098769027 accept=1
CLASSICAL_LM o=9 lambda=1.5625000000000005e-06 tau=1.5625000000000005e-06 prediction=3669.9309246486728 rho=1.5016327098769027 accept=1
  MFCG it  10 cost=2.655599e+05 lam=1.563e-07 tau=0.00e+00 cg_it=1 shift=0 ckpt=2 alpha=0 acc mv=67
PCG_PREP o=10 rebuild=1 drift=0 previous_depth=2
POINT_SAFE o=10 frozen=296 slope=-17400.262784121031 candidate=291982.4794713934 original=262360.05798605544 current=265559.91904637276 won=0 mode=1 camera_scale=1 keep_scale=0
ATTR_RADIUS o=10 raw_norm=43905.700251174538 norm=6450.7051792593429 radius=25802.820717037368 next_radius=25802.820717037368 lambda=1.5625000000000007e-07 next_lambda=1.5625000000000006e-08 rho=0.62243382058160868 accept=1
CLASSICAL_LM o=10 lambda=1.5625000000000007e-07 tau=1.5625000000000007e-07 prediction=5140.8855921860595 rho=0.62243382058160868 accept=1
  MFCG it  11 cost=2.623601e+05 lam=1.563e-08 tau=0.00e+00 cg_it=1 shift=0 ckpt=2 alpha=0 acc mv=70
PCG_PREP o=11 rebuild=1 drift=0 previous_depth=2
POINT_SAFE o=11 frozen=497 slope=-19031.902155685435 candidate=262959.35721537843 original=258725.33688311427 current=262360.05798605544 won=0 mode=1 camera_scale=1 keep_scale=0
ATTR_RADIUS o=11 raw_norm=15181.950532841691 norm=7590.9752664208454 radius=25802.820717037368 next_radius=25802.820717037368 lambda=1.5625000000000006e-08 next_lambda=1.5625000000000008e-09 rho=0.50187151314374123 accept=1
CLASSICAL_LM o=11 lambda=1.5625000000000006e-08 tau=1.5625000000000006e-08 prediction=7242.333959489245 rho=0.50187151314374123 accept=1
  MFCG it  12 cost=2.587253e+05 lam=1.563e-09 tau=0.00e+00 cg_it=0 shift=0 ckpt=1 alpha=0 acc mv=72
PCG_PREP o=12 rebuild=1 drift=0 previous_depth=1
POINT_SAFE o=12 frozen=126 slope=-14016.430647054925 candidate=262001.85231495451 original=257433.22431249896 current=258725.33688311427 won=0 mode=1 camera_scale=1 keep_scale=0
ATTR_RADIUS o=12 raw_norm=15538.185326896544 norm=7769.0926634482721 radius=25802.820717037368 next_radius=6450.705179259342 lambda=1.5625000000000008e-09 next_lambda=2.5000000000000012e-08 rho=0.23577774801854637 accept=1
CLASSICAL_LM o=12 lambda=1.5625000000000008e-09 tau=1.5625000000000008e-09 prediction=5480.2142334215214 rho=0.23577774801854637 accept=1
  MFCG it  13 cost=2.574332e+05 lam=2.500e-08 tau=0.00e+00 cg_it=0 shift=0 ckpt=1 alpha=0 acc mv=74
PCG_PREP o=13 rebuild=1 drift=0 previous_depth=1
ATTR_RADIUS o=13 raw_norm=15524.018234846182 norm=6450.7051792593402 radius=6450.705179259342 next_radius=6450.705179259342 lambda=2.5000000000000012e-08 next_lambda=2.5000000000000012e-08 rho=0.47306465522170438 accept=1
CLASSICAL_LM o=13 lambda=2.5000000000000012e-08 tau=2.5000000000000012e-08 prediction=4871.4817475992222 rho=0.47306465522170438 accept=1
  MFCG it  14 cost=2.551287e+05 lam=2.500e-08 tau=0.00e+00 cg_it=0 shift=0 ckpt=1 alpha=0 acc mv=76
PCG_PREP o=14 rebuild=1 drift=0 previous_depth=1
ATTR_RADIUS o=14 raw_norm=16033.333529484638 norm=6450.7051792593384 radius=6450.705179259342 next_radius=6450.705179259342 lambda=2.5000000000000012e-08 next_lambda=2.5000000000000012e-08 rho=0.38306260745809223 accept=1
CLASSICAL_LM o=14 lambda=2.5000000000000012e-08 tau=2.5000000000000012e-08 prediction=3169.087100482634 rho=0.38306260745809223 accept=1
  MFCG it  15 cost=2.539147e+05 lam=2.500e-08 tau=0.00e+00 cg_it=0 shift=0 ckpt=1 alpha=0 acc mv=78
PCG_PREP o=15 rebuild=1 drift=0 previous_depth=1
ATTR_RADIUS o=15 raw_norm=16480.979846587525 norm=6450.7051792593384 radius=6450.705179259342 next_radius=6450.705179259342 lambda=2.5000000000000012e-08 next_lambda=2.5000000000000012e-08 rho=0.28668716201130157 accept=1
CLASSICAL_LM o=15 lambda=2.5000000000000012e-08 tau=2.5000000000000012e-08 prediction=2478.1019860756396 rho=0.28668716201130157 accept=1
  MFCG it  16 cost=2.532043e+05 lam=2.500e-08 tau=0.00e+00 cg_it=0 shift=0 ckpt=1 alpha=0 acc mv=80
PCG_PREP o=16 rebuild=1 drift=0 previous_depth=1
ATTR_RADIUS o=16 raw_norm=16889.018195835775 norm=6450.7051792593429 radius=6450.705179259342 next_radius=1612.6762948148355 lambda=2.5000000000000012e-08 next_lambda=4.0000000000000019e-07 rho=0.18902980340502562 accept=1
CLASSICAL_LM o=16 lambda=2.5000000000000012e-08 tau=2.5000000000000012e-08 prediction=2160.153297685617 rho=0.18902980340502562 accept=1
  MFCG it  17 cost=2.527960e+05 lam=4.000e-07 tau=0.00e+00 cg_it=0 shift=0 ckpt=1 alpha=0 acc mv=82
PCG_PREP o=17 rebuild=1 drift=0 previous_depth=1
ATTR_RADIUS o=17 raw_norm=14617.466941637706 norm=1612.676294814836 radius=1612.6762948148355 next_radius=3225.352589629671 lambda=4.0000000000000019e-07 next_lambda=1.0000000000000005e-07 rho=0.79756445485885374 accept=1
CLASSICAL_LM o=17 lambda=4.0000000000000019e-07 tau=4.0000000000000019e-07 prediction=764.3068603598972 rho=0.79756445485885374 accept=1
  MFCG it  18 cost=2.521864e+05 lam=1.000e-07 tau=0.00e+00 cg_it=0 shift=0 ckpt=1 alpha=0 acc mv=84
PCG_PREP o=18 rebuild=1 drift=0 previous_depth=1
ATTR_RADIUS o=18 raw_norm=16964.742975815254 norm=3225.3525896296715 radius=3225.352589629671 next_radius=3225.352589629671 lambda=1.0000000000000005e-07 next_lambda=1.0000000000000005e-07 rho=0.49400591772699698 accept=1
CLASSICAL_LM o=18 lambda=1.0000000000000005e-07 tau=1.0000000000000005e-07 prediction=941.95299984544374 rho=0.49400591772699698 accept=1
  MFCG it  19 cost=2.517211e+05 lam=1.000e-07 tau=0.00e+00 cg_it=0 shift=0 ckpt=1 alpha=0 acc mv=86
PCG_PREP o=19 rebuild=1 drift=0 previous_depth=1
ATTR_RADIUS o=19 raw_norm=17469.390950456778 norm=3225.3525896296705 radius=3225.352589629671 next_radius=3225.352589629671 lambda=1.0000000000000005e-07 next_lambda=1.0000000000000005e-07 rho=0.46605315429213712 accept=1
CLASSICAL_LM o=19 lambda=1.0000000000000005e-07 tau=1.0000000000000005e-07 prediction=812.56635283758249 rho=0.46605315429213712 accept=1
  MFCG it  20 cost=2.513424e+05 lam=1.000e-07 tau=0.00e+00 cg_it=0 shift=0 ckpt=1 alpha=0 acc mv=88
PCG_PREP o=20 rebuild=1 drift=0 previous_depth=1
ATTR_RADIUS o=20 raw_norm=17896.38172419367 norm=3225.3525896296715 radius=3225.352589629671 next_radius=3225.352589629671 lambda=1.0000000000000005e-07 next_lambda=1.0000000000000005e-07 rho=0.43515818986468963 accept=1
CLASSICAL_LM o=20 lambda=1.0000000000000005e-07 tau=1.0000000000000005e-07 prediction=711.49333995473489 rho=0.43515818986468963 accept=1
  MFCG it  21 cost=2.510327e+05 lam=1.000e-07 tau=0.00e+00 cg_it=0 shift=0 ckpt=1 alpha=0 acc mv=90
PCG_PREP o=21 rebuild=1 drift=0 previous_depth=1
ATTR_RADIUS o=21 raw_norm=18274.960726763329 norm=3225.3525896296701 radius=3225.352589629671 next_radius=3225.352589629671 lambda=1.0000000000000005e-07 next_lambda=1.0000000000000005e-07 rho=0.40550768566597173 accept=1
CLASSICAL_LM o=21 lambda=1.0000000000000005e-07 tau=1.0000000000000005e-07 prediction=634.79925189689402 rho=0.40550768566597173 accept=1
  MFCG it  22 cost=2.507753e+05 lam=1.000e-07 tau=0.00e+00 cg_it=0 shift=0 ckpt=1 alpha=0 acc mv=92
PCG_PREP o=22 rebuild=1 drift=0 previous_depth=1
ATTR_RADIUS o=22 raw_norm=18608.397010996905 norm=3225.352589629671 radius=3225.352589629671 next_radius=3225.352589629671 lambda=1.0000000000000005e-07 next_lambda=1.0000000000000005e-07 rho=0.37708950926930795 accept=1
CLASSICAL_LM o=22 lambda=1.0000000000000005e-07 tau=1.0000000000000005e-07 prediction=575.78375251631746 rho=0.37708950926930795 accept=1
  MFCG it  23 cost=2.505582e+05 lam=1.000e-07 tau=0.00e+00 cg_it=0 shift=0 ckpt=1 alpha=0 acc mv=94
PCG_PREP o=23 rebuild=1 drift=0 previous_depth=1
ATTR_RADIUS o=23 raw_norm=18900.24393655633 norm=3225.3525896296724 radius=3225.352589629671 next_radius=3225.352589629671 lambda=1.0000000000000005e-07 next_lambda=1.0000000000000005e-07 rho=0.34998346883179615 accept=1
CLASSICAL_LM o=23 lambda=1.0000000000000005e-07 tau=1.0000000000000005e-07 prediction=529.84810404277641 rho=0.34998346883179615 accept=1
  MFCG it  24 cost=2.503728e+05 lam=1.000e-07 tau=0.00e+00 cg_it=0 shift=0 ckpt=1 alpha=0 acc mv=96
PCG_PREP o=24 rebuild=1 drift=0 previous_depth=1
ATTR_RADIUS o=24 raw_norm=19155.758174734485 norm=3225.3525896296724 radius=3225.352589629671 next_radius=3225.352589629671 lambda=1.0000000000000005e-07 next_lambda=1.0000000000000005e-07 rho=0.32429715561285793 accept=1
CLASSICAL_LM o=24 lambda=1.0000000000000005e-07 tau=1.0000000000000005e-07 prediction=493.80116580197591 rho=0.32429715561285793 accept=1
  MFCG it  25 cost=2.502126e+05 lam=1.000e-07 tau=0.00e+00 cg_it=0 shift=0 ckpt=1 alpha=0 acc mv=98
PCG_PREP o=25 rebuild=1 drift=0 previous_depth=1
ATTR_RADIUS o=25 raw_norm=19378.820190095117 norm=3225.352589629671 radius=3225.352589629671 next_radius=3225.352589629671 lambda=1.0000000000000005e-07 next_lambda=1.0000000000000005e-07 rho=0.30016985839105198 accept=1
CLASSICAL_LM o=25 lambda=1.0000000000000005e-07 tau=1.0000000000000005e-07 prediction=465.37840622556439 rho=0.30016985839105198 accept=1
  MFCG it  26 cost=2.500729e+05 lam=1.000e-07 tau=0.00e+00 cg_it=0 shift=0 ckpt=1 alpha=0 acc mv=100
PCG_PREP o=26 rebuild=1 drift=0 previous_depth=1
ATTR_RADIUS o=26 raw_norm=19565.371803639886 norm=3225.3525896296728 radius=3225.352589629671 next_radius=3225.352589629671 lambda=1.0000000000000005e-07 next_lambda=1.0000000000000005e-07 rho=0.2777433626491933 accept=1
CLASSICAL_LM o=26 lambda=1.0000000000000005e-07 tau=1.0000000000000005e-07 prediction=442.93752896604838 rho=0.2777433626491933 accept=1
  MFCG it  27 cost=2.499499e+05 lam=1.000e-07 tau=0.00e+00 cg_it=0 shift=0 ckpt=1 alpha=0 acc mv=102
PCG_PREP o=27 rebuild=1 drift=0 previous_depth=1
ATTR_RADIUS o=27 raw_norm=19693.827900243781 norm=3225.3525896296719 radius=3225.352589629671 next_radius=3225.352589629671 lambda=1.0000000000000005e-07 next_lambda=1.0000000000000005e-07 rho=0.25688414497038475 accept=1
CLASSICAL_LM o=27 lambda=1.0000000000000005e-07 tau=1.0000000000000005e-07 prediction=425.08304167421949 rho=0.25688414497038475 accept=1
  MFCG it  28 cost=2.498407e+05 lam=1.000e-07 tau=0.00e+00 cg_it=0 shift=0 ckpt=1 alpha=0 acc mv=104
PCG_PREP o=28 rebuild=1 drift=0 previous_depth=1
ATTR_RADIUS o=28 raw_norm=19802.489098625407 norm=3225.352589629671 radius=3225.352589629671 next_radius=806.33814740741775 lambda=1.0000000000000005e-07 next_lambda=1.6000000000000008e-06 rho=0.23753538659910384 accept=1
CLASSICAL_LM o=28 lambda=1.0000000000000005e-07 tau=1.0000000000000005e-07 prediction=410.84573462168908 rho=0.23753538659910384 accept=1
  MFCG it  29 cost=2.497431e+05 lam=1.600e-06 tau=0.00e+00 cg_it=0 shift=0 ckpt=1 alpha=0 acc mv=106
PCG_PREP o=29 rebuild=1 drift=0 previous_depth=1
ATTR_RADIUS o=29 raw_norm=4420.1157297902437 norm=806.33814740741764 radius=806.33814740741775 next_radius=1612.6762948148355 lambda=1.6000000000000008e-06 next_lambda=4.0000000000000019e-07 rho=0.92638545124510219 accept=1
CLASSICAL_LM o=29 lambda=1.6000000000000008e-06 tau=1.6000000000000008e-06 prediction=415.01764915431482 rho=0.92638545124510219 accept=1
  MFCG it  30 cost=2.493587e+05 lam=4.000e-07 tau=0.00e+00 cg_it=0 shift=0 ckpt=1 alpha=0 acc mv=108
PCG_PREP o=30 rebuild=1 drift=0 previous_depth=1
ATTR_RADIUS o=30 raw_norm=12507.722096600266 norm=1612.6762948148346 radius=1612.6762948148355 next_radius=1612.6762948148355 lambda=4.0000000000000019e-07 next_lambda=4.0000000000000019e-07 rho=0.69548048374880667 accept=1
CLASSICAL_LM o=30 lambda=4.0000000000000019e-07 tau=4.0000000000000019e-07 prediction=231.73592088590988 rho=0.69548048374880667 accept=1
  MFCG it  31 cost=2.491975e+05 lam=4.000e-07 tau=0.00e+00 cg_it=0 shift=0 ckpt=1 alpha=0 acc mv=110
PCG_PREP o=31 rebuild=1 drift=0 previous_depth=1
ATTR_RADIUS o=31 raw_norm=12682.960164887381 norm=1612.6762948148346 radius=1612.6762948148355 next_radius=1612.6762948148355 lambda=4.0000000000000019e-07 next_lambda=4.0000000000000019e-07 rho=0.68823681590882257 accept=1
CLASSICAL_LM o=31 lambda=4.0000000000000019e-07 tau=4.0000000000000019e-07 prediction=203.34321132775392 rho=0.68823681590882257 accept=1
  MFCG it  32 cost=2.490575e+05 lam=4.000e-07 tau=0.00e+00 cg_it=0 shift=0 ckpt=1 alpha=0 acc mv=112
PCG_PREP o=32 rebuild=1 drift=0 previous_depth=1
ATTR_RADIUS o=32 raw_norm=12867.054090155616 norm=1612.6762948148362 radius=1612.6762948148355 next_radius=1612.6762948148355 lambda=4.0000000000000019e-07 next_lambda=4.0000000000000019e-07 rho=0.68142165415119971 accept=1
CLASSICAL_LM o=32 lambda=4.0000000000000019e-07 tau=4.0000000000000019e-07 prediction=179.67795340996332 rho=0.68142165415119971 accept=1
  MFCG it  33 cost=2.489351e+05 lam=4.000e-07 tau=0.00e+00 cg_it=0 shift=0 ckpt=1 alpha=0 acc mv=114
PCG_PREP o=33 rebuild=1 drift=0 previous_depth=1
ATTR_RADIUS o=33 raw_norm=13049.662977389738 norm=1612.6762948148357 radius=1612.6762948148355 next_radius=1612.6762948148355 lambda=4.0000000000000019e-07 next_lambda=4.0000000000000019e-07 rho=0.67574365756749011 accept=1
CLASSICAL_LM o=33 lambda=4.0000000000000019e-07 tau=4.0000000000000019e-07 prediction=160.28951288717934 rho=0.67574365756749011 accept=1
  MFCG it  34 cost=2.488268e+05 lam=4.000e-07 tau=0.00e+00 cg_it=0 shift=0 ckpt=1 alpha=0 acc mv=116
PCG_PREP o=34 rebuild=1 drift=0 previous_depth=1
ATTR_RADIUS o=34 raw_norm=13224.871249491565 norm=1612.6762948148357 radius=1612.6762948148355 next_radius=1612.6762948148355 lambda=4.0000000000000019e-07 next_lambda=4.0000000000000019e-07 rho=0.67110978274383581 accept=1
CLASSICAL_LM o=34 lambda=4.0000000000000019e-07 tau=4.0000000000000019e-07 prediction=144.28782624006271 rho=0.67110978274383581 accept=1
  MFCG it  35 cost=2.487300e+05 lam=4.000e-07 tau=0.00e+00 cg_it=0 shift=0 ckpt=1 alpha=0 acc mv=118
PCG_PREP o=35 rebuild=1 drift=0 previous_depth=1
ATTR_RADIUS o=35 raw_norm=13387.025746626014 norm=1612.6762948148355 radius=1612.6762948148355 next_radius=1612.6762948148355 lambda=4.0000000000000019e-07 next_lambda=4.0000000000000019e-07 rho=0.66739518932472186 accept=1
CLASSICAL_LM o=35 lambda=4.0000000000000019e-07 tau=4.0000000000000019e-07 prediction=130.98475240208447 rho=0.66739518932472186 accept=1
  MFCG it  36 cost=2.486425e+05 lam=4.000e-07 tau=0.00e+00 cg_it=0 shift=0 ckpt=1 alpha=0 acc mv=120
PCG_PREP o=36 rebuild=1 drift=0 previous_depth=1
ATTR_RADIUS o=36 raw_norm=13531.941606216047 norm=1612.6762948148357 radius=1612.6762948148355 next_radius=1612.6762948148355 lambda=4.0000000000000019e-07 next_lambda=4.0000000000000019e-07 rho=0.6644815597111452 accept=1
CLASSICAL_LM o=36 lambda=4.0000000000000019e-07 tau=4.0000000000000019e-07 prediction=119.84336304897133 rho=0.6644815597111452 accept=1
  MFCG it  37 cost=2.485629e+05 lam=4.000e-07 tau=0.00e+00 cg_it=0 shift=0 ckpt=1 alpha=0 acc mv=122
PCG_PREP o=37 rebuild=1 drift=0 previous_depth=1
ATTR_RADIUS o=37 raw_norm=19536.178571148412 norm=1612.6762948148355 radius=1612.6762948148355 next_radius=3225.352589629671 lambda=4.0000000000000019e-07 next_lambda=1.0000000000000005e-07 rho=0.79063583567654283 accept=1
CLASSICAL_LM o=37 lambda=4.0000000000000019e-07 tau=4.0000000000000019e-07 prediction=181.04366334080316 rho=0.79063583567654283 accept=1
  MFCG it  38 cost=2.484198e+05 lam=1.000e-07 tau=0.00e+00 cg_it=1 shift=0 ckpt=2 alpha=0 acc mv=125
PCG_PREP o=38 rebuild=1 drift=0 previous_depth=2
POINT_SAFE o=38 frozen=574 slope=-109.06842670553425 candidate=248475.26473347974 original=248405.38955117099 current=248419.76496890429 won=0 mode=1 camera_scale=1 keep_scale=0
ATTR_RADIUS o=38 raw_norm=71748.099285734221 norm=1612.676294814835 radius=3225.352589629671 next_radius=3225.352589629671 lambda=1.0000000000000005e-07 next_lambda=1.0000000000000005e-08 rho=0.2667668572819028 accept=1
CLASSICAL_LM o=38 lambda=1.0000000000000005e-07 tau=1.0000000000000005e-07 prediction=53.887570141863542 rho=0.2667668572819028 accept=1
  MFCG it  39 cost=2.484054e+05 lam=1.000e-08 tau=0.00e+00 cg_it=1 shift=0 ckpt=2 alpha=0 acc mv=128
PCG_PREP o=39 rebuild=1 drift=0 previous_depth=2
POINT_SAFE o=39 frozen=114 slope=-56.701033166257247 candidate=248521.40206741885 original=248402.03877938946 current=248405.38955117099 won=0 mode=1 camera_scale=1 keep_scale=0
ATTR_RADIUS o=39 raw_norm=179893.93694369812 norm=806.33814740741798 radius=3225.352589629671 next_radius=806.33814740741775 lambda=1.0000000000000005e-08 next_lambda=1.6000000000000008e-07 rho=0.23796288524702855 accept=1
CLASSICAL_LM o=39 lambda=1.0000000000000005e-08 tau=1.0000000000000005e-08 prediction=14.081068894606631 rho=0.23796288524702855 accept=1
  MFCG it  40 cost=2.484020e+05 lam=1.600e-07 tau=0.00e+00 cg_it=1 shift=0 ckpt=2 alpha=0 acc mv=131
PCG_PREP o=40 rebuild=1 drift=0 previous_depth=2
ATTR_RADIUS o=40 raw_norm=22500.580020202618 norm=806.33814740741809 radius=806.33814740741775 next_radius=806.33814740741775 lambda=1.6000000000000008e-07 next_lambda=1.6000000000000008e-07 rho=0.68699005862104967 accept=1
CLASSICAL_LM o=40 lambda=1.6000000000000008e-07 tau=1.6000000000000008e-07 prediction=35.563906958607959 rho=0.68699005862104967 accept=1
  MFCG it  41 cost=2.483776e+05 lam=1.600e-07 tau=0.00e+00 cg_it=0 shift=0 ckpt=1 alpha=0 acc mv=133
PCG_PREP o=41 rebuild=1 drift=0 previous_depth=1
ATTR_RADIUS o=41 raw_norm=22515.479659453093 norm=806.33814740741775 radius=806.33814740741775 next_radius=806.33814740741775 lambda=1.6000000000000008e-07 next_lambda=1.6000000000000008e-07 rho=0.67805886179616448 accept=1
CLASSICAL_LM o=41 lambda=1.6000000000000008e-07 tau=1.6000000000000008e-07 prediction=33.765723618161971 rho=0.67805886179616448 accept=1
  MFCG it  42 cost=2.483547e+05 lam=1.600e-07 tau=0.00e+00 cg_it=0 shift=0 ckpt=1 alpha=0 acc mv=135
PCG_PREP o=42 rebuild=1 drift=0 previous_depth=1
ATTR_RADIUS o=42 raw_norm=22516.485535645323 norm=806.33814740741775 radius=806.33814740741775 next_radius=806.33814740741775 lambda=1.6000000000000008e-07 next_lambda=1.6000000000000008e-07 rho=0.67721901226797143 accept=1
CLASSICAL_LM o=42 lambda=1.6000000000000008e-07 tau=1.6000000000000008e-07 prediction=32.859320863955084 rho=0.67721901226797143 accept=1
  MFCG it  43 cost=2.483325e+05 lam=1.600e-07 tau=0.00e+00 cg_it=0 shift=0 ckpt=1 alpha=0 acc mv=137
PCG_PREP o=43 rebuild=1 drift=0 previous_depth=1
ATTR_RADIUS o=43 raw_norm=22514.808180882061 norm=806.33814740741775 radius=806.33814740741775 next_radius=806.33814740741775 lambda=1.6000000000000008e-07 next_lambda=1.6000000000000008e-07 rho=0.67654450737651728 accept=1
CLASSICAL_LM o=43 lambda=1.6000000000000008e-07 tau=1.6000000000000008e-07 prediction=32.001561208325128 rho=0.67654450737651728 accept=1
  MFCG it  44 cost=2.483108e+05 lam=1.600e-07 tau=0.00e+00 cg_it=0 shift=0 ckpt=1 alpha=0 acc mv=139
PCG_PREP o=44 rebuild=1 drift=0 previous_depth=1
ATTR_RADIUS o=44 raw_norm=22510.267116187806 norm=806.33814740741718 radius=806.33814740741775 next_radius=806.33814740741775 lambda=1.6000000000000008e-07 next_lambda=1.6000000000000008e-07 rho=0.6760345496961081 accept=1
CLASSICAL_LM o=44 lambda=1.6000000000000008e-07 tau=1.6000000000000008e-07 prediction=31.188315826509971 rho=0.6760345496961081 accept=1
  MFCG it  45 cost=2.482897e+05 lam=1.600e-07 tau=0.00e+00 cg_it=0 shift=0 ckpt=1 alpha=0 acc mv=141
PCG_PREP o=45 rebuild=1 drift=0 previous_depth=1
ATTR_RADIUS o=45 raw_norm=22502.999277168365 norm=806.33814740741786 radius=806.33814740741775 next_radius=806.33814740741775 lambda=1.6000000000000008e-07 next_lambda=1.6000000000000008e-07 rho=0.6756865272286301 accept=1
CLASSICAL_LM o=45 lambda=1.6000000000000008e-07 tau=1.6000000000000008e-07 prediction=30.417109604338226 rho=0.6756865272286301 accept=1
  MFCG it  46 cost=2.482692e+05 lam=1.600e-07 tau=0.00e+00 cg_it=0 shift=0 ckpt=1 alpha=0 acc mv=143
PCG_PREP o=46 rebuild=1 drift=0 previous_depth=1
ATTR_RADIUS o=46 raw_norm=22493.056116649641 norm=806.33814740741775 radius=806.33814740741775 next_radius=806.33814740741775 lambda=1.6000000000000008e-07 next_lambda=1.6000000000000008e-07 rho=0.67549957545447947 accept=1
CLASSICAL_LM o=46 lambda=1.6000000000000008e-07 tau=1.6000000000000008e-07 prediction=29.685449268507277 rho=0.67549957545447947 accept=1
  MFCG it  47 cost=2.482491e+05 lam=1.600e-07 tau=0.00e+00 cg_it=0 shift=0 ckpt=1 alpha=0 acc mv=145
PCG_PREP o=47 rebuild=1 drift=0 previous_depth=1
ATTR_RADIUS o=47 raw_norm=22480.500758187802 norm=806.33814740741786 radius=806.33814740741775 next_radius=806.33814740741775 lambda=1.6000000000000008e-07 next_lambda=1.6000000000000008e-07 rho=0.67547327017164172 accept=1
CLASSICAL_LM o=47 lambda=1.6000000000000008e-07 tau=1.6000000000000008e-07 prediction=28.991136111311004 rho=0.67547327017164172 accept=1
  MFCG it  48 cost=2.482295e+05 lam=1.600e-07 tau=0.00e+00 cg_it=0 shift=0 ckpt=1 alpha=0 acc mv=147
PCG_PREP o=48 rebuild=1 drift=0 previous_depth=1
ATTR_RADIUS o=48 raw_norm=22465.415183899586 norm=806.33814740741786 radius=806.33814740741775 next_radius=806.33814740741775 lambda=1.6000000000000008e-07 next_lambda=1.6000000000000008e-07 rho=0.6756090828444693 accept=1
CLASSICAL_LM o=48 lambda=1.6000000000000008e-07 tau=1.6000000000000008e-07 prediction=28.332287717980705 rho=0.6756090828444693 accept=1
  MFCG it  49 cost=2.482104e+05 lam=1.600e-07 tau=0.00e+00 cg_it=0 shift=0 ckpt=1 alpha=0 acc mv=149
PCG_PREP o=49 rebuild=1 drift=0 previous_depth=1
ATTR_RADIUS o=49 raw_norm=36518.922700155541 norm=806.33814740741798 radius=806.33814740741775 next_radius=1612.6762948148355 lambda=1.6000000000000008e-07 next_lambda=4.0000000000000021e-08 rho=0.79756070670078838 accept=1
CLASSICAL_LM o=49 lambda=1.6000000000000008e-07 tau=1.6000000000000008e-07 prediction=44.341392717081192 rho=0.79756070670078838 accept=1
  MFCG it  50 cost=2.481750e+05 lam=4.000e-08 tau=0.00e+00 cg_it=1 shift=0 ckpt=2 alpha=0 acc mv=152
PCG_PREP o=50 rebuild=1 drift=0 previous_depth=2
POINT_SAFE o=50 frozen=547 slope=-30.721649960517119 candidate=248179.68699218179 original=248168.58768272313 current=248175.02958392951 won=0 mode=1 camera_scale=1 keep_scale=0
ATTR_RADIUS o=50 raw_norm=119620.56091092556 norm=806.33814740741775 radius=1612.6762948148355 next_radius=1612.6762948148355 lambda=4.0000000000000021e-08 next_lambda=4.0000000000000019e-09 rho=0.42069091553310972 accept=1
CLASSICAL_LM o=50 lambda=4.0000000000000021e-08 tau=4.0000000000000021e-08 prediction=15.312670106566967 rho=0.42069091553310972 accept=1
  MFCG it  51 cost=2.481686e+05 lam=4.000e-09 tau=0.00e+00 cg_it=1 shift=0 ckpt=2 alpha=0 acc mv=155
PCG_PREP o=51 rebuild=1 drift=0 previous_depth=2
NUMERIC_REPAIR o=51 lambda=4.0000000000000019e-09 rayleigh=-3.5704608501877869e-07 next_lambda=1.4441843400751147e-06 cg=1 rebuild=1
PCG_PREP o=51 rebuild=1 drift=0 previous_depth=1
ATTR_RADIUS o=51 raw_norm=3552.8588238173738 norm=1612.6762948148362 radius=1612.6762948148355 next_radius=3225.352589629671 lambda=1.4441843400751147e-06 next_lambda=1.4441843400751147e-06 rho=0.90431835115216841 accept=1
CLASSICAL_LM o=51 lambda=1.4441843400751147e-06 tau=1.4441843400751147e-06 prediction=251.1100896405357 rho=0.90431835115216841 accept=1
  MFCG it  52 cost=2.479415e+05 lam=1.444e-06 tau=0.00e+00 cg_it=0 shift=0 ckpt=1 alpha=0 acc mv=159
PCG_PREP o=52 rebuild=1 drift=0 previous_depth=1
ATTR_RADIUS o=52 raw_norm=5366.3217118507564 norm=3225.3525896296719 radius=3225.352589629671 next_radius=6450.705179259342 lambda=1.4441843400751147e-06 next_lambda=1.4441843400751147e-06 rho=0.96484555138239136 accept=1
CLASSICAL_LM o=52 lambda=1.4441843400751147e-06 tau=1.4441843400751147e-06 prediction=643.51977614915597 rho=0.96484555138239136 accept=1
  MFCG it  53 cost=2.473206e+05 lam=1.444e-06 tau=0.00e+00 cg_it=1 shift=0 ckpt=2 alpha=0 acc mv=162
PCG_PREP o=53 rebuild=1 drift=0 previous_depth=2
ATTR_RADIUS o=53 raw_norm=8385.632859654339 norm=6450.7051792593447 radius=6450.705179259342 next_radius=6450.705179259342 lambda=1.4441843400751147e-06 next_lambda=1.4441843400751147e-06 rho=0.25893895924264215 accept=1
CLASSICAL_LM o=53 lambda=1.4441843400751147e-06 tau=1.4441843400751147e-06 prediction=466.65413842151543 rho=0.25893895924264215 accept=1
  MFCG it  54 cost=2.471998e+05 lam=1.444e-06 tau=0.00e+00 cg_it=2 shift=0 ckpt=3 alpha=0 acc mv=166
PCG_PREP o=54 rebuild=1 drift=0 previous_depth=3
ATTR_RADIUS o=54 raw_norm=3929.0498319128151 norm=3929.0498319128151 radius=6450.705179259342 next_radius=6450.705179259342 lambda=1.4441843400751147e-06 next_lambda=1.4441843400751147e-06 rho=0.7529224650769003 accept=1
CLASSICAL_LM o=54 lambda=1.4441843400751147e-06 tau=1.4441843400751147e-06 prediction=423.46480786314442 rho=0.7529224650769003 accept=1
  MFCG it  55 cost=2.468809e+05 lam=1.444e-06 tau=0.00e+00 cg_it=0 shift=0 ckpt=1 alpha=0 acc mv=168
PCG_PREP o=55 rebuild=1 drift=0 previous_depth=1
ATTR_RADIUS o=55 raw_norm=3569.8780925886804 norm=3569.8780925886804 radius=6450.705179259342 next_radius=6450.705179259342 lambda=1.4441843400751147e-06 next_lambda=1.4441843400751147e-06 rho=0.50197310858746791 accept=1
CLASSICAL_LM o=55 lambda=1.4441843400751147e-06 tau=1.4441843400751147e-06 prediction=134.30889005248184 rho=0.50197310858746791 accept=1
  MFCG it  56 cost=2.468135e+05 lam=1.444e-06 tau=0.00e+00 cg_it=0 shift=0 ckpt=1 alpha=0 acc mv=170
PCG_PREP o=56 rebuild=1 drift=0 previous_depth=1
ATTR_RADIUS o=56 raw_norm=3286.255434677671 norm=3286.255434677671 radius=6450.705179259342 next_radius=6450.705179259342 lambda=1.4441843400751147e-06 next_lambda=1.4441843400751147e-06 rho=0.52828476998860641 accept=1
CLASSICAL_LM o=56 lambda=1.4441843400751147e-06 tau=1.4441843400751147e-06 prediction=92.841493879076566 rho=0.52828476998860641 accept=1
  MFCG it  57 cost=2.467645e+05 lam=1.444e-06 tau=0.00e+00 cg_it=0 shift=0 ckpt=1 alpha=0 acc mv=172
PCG_PREP o=57 rebuild=1 drift=0 previous_depth=1
ATTR_RADIUS o=57 raw_norm=3079.6478065628271 norm=3079.6478065628271 radius=6450.705179259342 next_radius=6450.705179259342 lambda=1.4441843400751147e-06 next_lambda=1.4441843400751147e-06 rho=0.53004038336684045 accept=1
CLASSICAL_LM o=57 lambda=1.4441843400751147e-06 tau=1.4441843400751147e-06 prediction=67.02486184477678 rho=0.53004038336684045 accept=1
  MFCG it  58 cost=2.467289e+05 lam=1.444e-06 tau=0.00e+00 cg_it=0 shift=0 ckpt=1 alpha=0 acc mv=174
PCG_PREP o=58 rebuild=1 drift=0 previous_depth=1
ATTR_RADIUS o=58 raw_norm=2899.8104478435453 norm=2899.8104478435453 radius=6450.705179259342 next_radius=6450.705179259342 lambda=1.4441843400751147e-06 next_lambda=1.4441843400751147e-06 rho=0.55872360779293262 accept=1
CLASSICAL_LM o=58 lambda=1.4441843400751147e-06 tau[R9] wrote /tmp/prism-ba-coarse/research/champion_point_followup/evidence/conditional/venice-52-champion-3/curve.csv
=1.4441843400751147e-06 prediction=52.665884178092853 rho=0.55872360779293262 accept=1
  MFCG it  59 cost=2.466995e+05 lam=1.444e-06 tau=0.00e+00 cg_it=0 shift=0 ckpt=1 alpha=0 acc mv=176
PCG_PREP o=59 rebuild=1 drift=0 previous_depth=1
ATTR_RADIUS o=59 raw_norm=2751.8341231296858 norm=2751.8341231296858 radius=6450.705179259342 next_radius=6450.705179259342 lambda=1.4441843400751147e-06 next_lambda=1.4441843400751147e-06 rho=0.59026232134554346 accept=1
CLASSICAL_LM o=59 lambda=1.4441843400751147e-06 tau=1.4441843400751147e-06 prediction=43.059578994063585 rho=0.59026232134554346 accept=1
  MFCG it  60 cost=2.466741e+05 lam=1.444e-06 tau=0.00e+00 cg_it=0 shift=0 ckpt=1 alpha=0 acc mv=178
PCG_PREP o=60 rebuild=1 drift=0 previous_depth=1
ATTR_RADIUS o=60 raw_norm=2623.8969891906227 norm=2623.8969891906227 radius=6450.705179259342 next_radius=6450.705179259342 lambda=1.4441843400751147e-06 next_lambda=1.4441843400751147e-06 rho=0.63799252498807846 accept=1
CLASSICAL_LM o=60 lambda=1.4441843400751147e-06 tau=1.4441843400751147e-06 prediction=37.702509341967243 rho=0.63799252498807846 accept=1
  MFCG it  61 cost=2.466500e+05 lam=1.444e-06 tau=0.00e+00 cg_it=0 shift=0 ckpt=1 alpha=0 acc mv=180
PCG_PREP o=61 rebuild=1 drift=0 previous_depth=1
ATTR_RADIUS o=61 raw_norm=2530.2195727365802 norm=2530.2195727365802 radius=6450.705179259342 next_radius=6450.705179259342 lambda=1.4441843400751147e-06 next_lambda=1.4441843400751147e-06 rho=0.73583731371992023 accept=1
CLASSICAL_LM o=61 lambda=1.4441843400751147e-06 tau=1.4441843400751147e-06 prediction=43.138684214164513 rho=0.73583731371992023 accept=1
  MFCG it  62 cost=2.466183e+05 lam=1.444e-06 tau=0.00e+00 cg_it=0 shift=0 ckpt=1 alpha=0 acc mv=182
PCG_PREP o=62 rebuild=1 drift=0 previous_depth=1
ATTR_RADIUS o=62 raw_norm=1527.5035212941677 norm=1527.5035212941677 radius=6450.705179259342 next_radius=6450.705179259342 lambda=1.4441843400751147e-06 next_lambda=1.4441843400751147e-06 rho=0.78371881445393621 accept=1
CLASSICAL_LM o=62 lambda=1.4441843400751147e-06 tau=1.4441843400751147e-06 prediction=117.44338104093895 rho=0.78371881445393621 accept=1
TARGET reached outer=63 seconds=0.671543382 cost=246526.26216169496 threshold=246568.27476846694
  MFCG: accepts=63 rejects=1 total_matvecs=185 negcurv=1 cand_evals=64 mean_cg_per_outer=2.9
NUMERIC_REPAIR summary rebuilds=1 floor=1.4441843400751147e-06
  [retry-cache] builds=65 reuses=0
  [menu-backtrack] trials=11 rescues=11 evals=28 total_scored=92
POINT_SAFE summary calls=11 evals=11 wins=2 frozen=5083 seconds=0.026492482
  [scoring] menu_evals=64 alpha_evals=0 backtrack_evals=28 total_scored=92
RESULT algo=mfree_shifted_cg iters=63 final_cost=246526.2621616950 solve_seconds=0.674494
DIAGNOSTICS median_reproj_err_px 3.252455 -> 0.360270 | cheirality_violations(obs) 0 -> 14 | cheirality_violations(pts, of 64053) 0 -> 7
