  [menu-backtrack] active=1 max_evals=8 warmup_accepts=3 confirm_stop=original armijo=1e-4
MIXED_STORAGE fragments=fp32 arithmetic=fp64 state=fp64 acceptance=fp64
  [compact-fragments] active=2 saved_bytes=36105992 storage=fp32 camera_reads=contiguous
  MFCG score_init=11152062.77276247 precision=fp64
PCG_PREP o=0 rebuild=1 drift=0 previous_depth=0
ATTR_RADIUS o=0 raw_norm=3104.2454053620127 norm=3104.2454053620127 radius=3104.2454053620127 next_radius=6208.4908107240253 lambda=0.10000000000000001 next_lambda=0.025000000000000001 rho=0.99944779658081762 accept=1
CLASSICAL_LM o=0 lambda=0.10000000000000001 tau=0.10000000000000001 prediction=9052081.1126991697 rho=0.99944779658081762 accept=1
  MFCG it   1 cost=2.104980e+06 lam=2.500e-02 tau=0.00e+00 cg_it=1 shift=0 ckpt=2 alpha=0 acc mv=3
PCG_PREP o=1 rebuild=1 drift=0 previous_depth=2
ATTR_RADIUS o=1 raw_norm=2676.9295338215543 norm=2676.9295338215543 radius=6208.4908107240253 next_radius=6208.4908107240253 lambda=0.025000000000000001 next_lambda=0.0025000000000000005 rho=0.99568870257701358 accept=1
CLASSICAL_LM o=1 lambda=0.025000000000000001 tau=0.025000000000000001 prediction=602145.25532400166 rho=0.99568870257701358 accept=1
  MFCG it   2 cost=1.505431e+06 lam=2.500e-03 tau=0.00e+00 cg_it=8 shift=0 ckpt=9 alpha=0 acc mv=13
PCG_PREP o=2 rebuild=1 drift=0 previous_depth=9
ATTR_RADIUS o=2 raw_norm=9509.8885634197122 norm=6208.4908107240253 radius=6208.4908107240253 next_radius=12416.981621448051 lambda=0.0025000000000000005 next_lambda=0.00062500000000000012 rho=0.99792924443341857 accept=1
CLASSICAL_LM o=2 lambda=0.0025000000000000005 tau=0.0025000000000000005 prediction=368617.81415895611 rho=0.99792924443341857 accept=1
  MFCG it   3 cost=1.137577e+06 lam=6.250e-04 tau=0.00e+00 cg_it=4 shift=0 ckpt=5 alpha=0 acc mv=19
PCG_PREP o=3 rebuild=1 drift=0 previous_depth=5
ATTR_RADIUS o=3 raw_norm=20705.323241869675 norm=12416.981621448051 radius=12416.981621448051 next_radius=24833.963242896101 lambda=0.00062500000000000012 next_lambda=0.00015625000000000003 rho=1.0088692245356177 accept=1
CLASSICAL_LM o=3 lambda=0.00062500000000000012 tau=0.00062500000000000012 prediction=297877.17023041099 rho=1.0088692245356177 accept=1
  MFCG it   4 cost=8.370574e+05 lam=1.563e-04 tau=0.00e+00 cg_it=4 shift=0 ckpt=5 alpha=0 acc mv=25
PCG_PREP o=4 rebuild=1 drift=0 previous_depth=5
ATTR_RADIUS o=4 raw_norm=37365.840330426458 norm=24833.963242896101 radius=24833.963242896101 next_radius=49667.926485792203 lambda=0.00015625000000000003 next_lambda=3.9062500000000008e-05 rho=0.99302849863168119 accept=1
CLASSICAL_LM o=4 lambda=0.00015625000000000003 tau=0.00015625000000000003 prediction=325383.79332467873 rho=0.99302849863168119 accept=1
  MFCG it   5 cost=5.139420e+05 lam=3.906e-05 tau=0.00e+00 cg_it=7 shift=0 ckpt=8 alpha=0 acc mv=34
PCG_PREP o=5 rebuild=1 drift=0 previous_depth=8
POINT_SAFE o=5 frozen=1976 slope=-351584.63190905261 candidate=362161.64649080235 original=379898.14135146566 current=513942.03589813848 won=1 mode=1 camera_scale=1 keep_scale=0
ATTR_RADIUS o=5 raw_norm=39475.240517147729 norm=39475.240517147729 radius=49667.926485792203 next_radius=49667.926485792203 lambda=3.9062500000000008e-05 next_lambda=3.9062500000000009e-06 rho=0.76575174129363643 accept=1
CLASSICAL_LM o=5 lambda=3.9062500000000008e-05 tau=3.9062500000000008e-05 prediction=198210.96214671771 rho=0.76575174129363643 accept=1
  MFCG it   6 cost=3.621616e+05 lam=3.906e-06 tau=0.00e+00 cg_it=7 shift=0 ckpt=8 alpha=0 acc mv=43
PCG_PREP o=6 rebuild=1 drift=0 previous_depth=8
POINT_SAFE o=6 frozen=108 slope=-156669.04843441845 candidate=291189.53921184392 original=312477.34220148547 current=362161.64649080235 won=1 mode=1 camera_scale=1 keep_scale=0
ATTR_RADIUS o=6 raw_norm=9202.2892766852201 norm=9202.2892766852201 radius=49667.926485792203 next_radius=49667.926485792203 lambda=3.9062500000000009e-06 next_lambda=3.9062500000000012e-07 rho=0.90425517501921582 accept=1
CLASSICAL_LM o=6 lambda=3.9062500000000009e-06 tau=3.9062500000000009e-06 prediction=78486.813500901713 rho=0.90425517501921582 accept=1
  MFCG it   7 cost=2.911895e+05 lam=3.906e-07 tau=0.00e+00 cg_it=0 shift=0 ckpt=1 alpha=0 acc mv=45
PCG_PREP o=7 rebuild=1 drift=0 previous_depth=1
POINT_SAFE o=7 frozen=259 slope=-41914.218051599237 candidate=382906.71945046249 original=284969.42004018376 current=291189.53921184392 won=0 mode=1 camera_scale=1 keep_scale=0
ATTR_RADIUS o=7 raw_norm=41535.125751703825 norm=10383.781437925956 radius=49667.926485792203 next_radius=49667.926485792203 lambda=3.9062500000000012e-07 next_lambda=3.9062500000000016e-08 rho=0.51273933917740921 accept=1
CLASSICAL_LM o=7 lambda=3.9062500000000012e-07 tau=3.9062500000000012e-07 prediction=12131.152607949169 rho=0.51273933917740921 accept=1
  MFCG it   8 cost=2.849694e+05 lam=3.906e-08 tau=0.00e+00 cg_it=1 shift=0 ckpt=2 alpha=0 acc mv=48
PCG_PREP o=8 rebuild=1 drift=0 previous_depth=2
ATTR_RADIUS o=8 raw_norm=10045.857806302931 norm=10045.857806302931 radius=49667.926485792203 next_radius=49667.926485792203 lambda=3.9062500000000016e-08 next_lambda=3.9062500000000015e-09 rho=0.32166807218181137 accept=1
CLASSICAL_LM o=8 lambda=3.9062500000000016e-08 tau=3.9062500000000016e-08 prediction=18319.544320705918 rho=0.32166807218181137 accept=1
  MFCG it   9 cost=2.790766e+05 lam=3.906e-09 tau=0.00e+00 cg_it=0 shift=0 ckpt=1 alpha=0 acc mv=50
PCG_PREP o=9 rebuild=1 drift=0 previous_depth=1
ATTR_RADIUS o=9 raw_norm=12356.812777644567 norm=12356.812777644567 radius=49667.926485792203 next_radius=49667.926485792203 lambda=3.9062500000000015e-09 next_lambda=3.9062500000000019e-10 rho=0.49744272313483329 accept=1
CLASSICAL_LM o=9 lambda=3.9062500000000015e-09 tau=3.9062500000000015e-09 prediction=16253.866914196724 rho=0.49744272313483329 accept=1
  MFCG it  10 cost=2.709912e+05 lam=3.906e-10 tau=0.00e+00 cg_it=0 shift=0 ckpt=1 alpha=0 acc mv=52
PCG_PREP o=10 rebuild=1 drift=0 previous_depth=1
ATTR_RADIUS o=10 raw_norm=11023.233607702654 norm=11023.233607702654 radius=49667.926485792203 next_radius=49667.926485792203 lambda=3.9062500000000019e-10 next_lambda=3.906250000000002e-11 rho=0.35173582490027266 accept=1
CLASSICAL_LM o=10 lambda=3.9062500000000019e-10 tau=3.9062500000000019e-10 prediction=9901.2714847791631 rho=0.35173582490027266 accept=1
  MFCG it  11 cost=2.675086e+05 lam=3.906e-11 tau=0.00e+00 cg_it=0 shift=0 ckpt=1 alpha=0 acc mv=54
PCG_PREP o=11 rebuild=1 drift=0 previous_depth=1
ATTR_RADIUS o=11 raw_norm=10334.793911680199 norm=10334.793911680197 radius=49667.926485792203 next_radius=49667.926485792203 lambda=3.906250000000002e-11 next_lambda=3.9062500000000019e-12 rho=0.30119120756992951 accept=1
CLASSICAL_LM o=11 lambda=3.906250000000002e-11 tau=3.906250000000002e-11 prediction=7215.9662200728644 rho=0.30119120756992951 accept=1
  MFCG it  12 cost=2.653352e+05 lam=3.906e-12 tau=0.00e+00 cg_it=0 shift=0 ckpt=1 alpha=0 acc mv=56
PCG_PREP o=12 rebuild=1 drift=0 previous_depth=1
ATTR_RADIUS o=12 raw_norm=8596.2275577744149 norm=8596.2275577744149 radius=49667.926485792203 next_radius=49667.926485792203 lambda=3.9062500000000019e-12 next_lambda=3.9062500000000022e-13 rho=0.34188170687244857 accept=1
CLASSICAL_LM o=12 lambda=3.9062500000000019e-12 tau=3.9062500000000019e-12 prediction=5875.5341215803055 rho=0.34188170687244857 accept=1
  MFCG it  13 cost=2.633265e+05 lam=3.906e-13 tau=0.00e+00 cg_it=0 shift=0 ckpt=1 alpha=0 acc mv=58
PCG_PREP o=13 rebuild=1 drift=0 previous_depth=1
ATTR_RADIUS o=13 raw_norm=7239.3216563552451 norm=7239.3216563552451 radius=49667.926485792203 next_radius=49667.926485792203 lambda=3.9062500000000022e-13 next_lambda=3.9062500000000023e-14 rho=0.31334227262000869 accept=1
CLASSICAL_LM o=13 lambda=3.9062500000000022e-13 tau=3.9062500000000022e-13 prediction=4520.3679607976264 rho=0.31334227262000869 accept=1
  MFCG it  14 cost=2.619101e+05 lam=3.906e-14 tau=0.00e+00 cg_it=0 shift=0 ckpt=1 alpha=0 acc mv=60
PCG_PREP o=14 rebuild=1 drift=0 previous_depth=1
ATTR_RADIUS o=14 raw_norm=6817.7765231112044 norm=6817.7765231112044 radius=49667.926485792203 next_radius=12416.981621448051 lambda=3.9062500000000023e-14 next_lambda=6.2500000000000037e-13 rho=0.20062367529993208 accept=1
CLASSICAL_LM o=14 lambda=3.9062500000000023e-14 tau=3.9062500000000023e-14 prediction=3699.8032335459734 rho=0.20062367529993208 accept=1
  MFCG it  15 cost=2.611678e+05 lam=6.250e-13 tau=0.00e+00 cg_it=0 shift=0 ckpt=1 alpha=0 acc mv=62
PCG_PREP o=15 rebuild=1 drift=0 previous_depth=1
POINT_SAFE o=15 frozen=185 slope=-3377.5551185108288 candidate=264213.17793364305 original=260884.54982005394 current=261167.79411636718 won=0 mode=1 camera_scale=1 keep_scale=0
ATTR_RADIUS o=15 raw_norm=65577.537813669056 norm=6208.4908107240253 radius=12416.981621448051 next_radius=3104.2454053620127 lambda=6.2500000000000037e-13 next_lambda=1.0000000000000006e-11 rho=0.10985519094452398 accept=1
CLASSICAL_LM o=15 lambda=6.2500000000000037e-13 tau=6.2500000000000037e-13 prediction=2578.3423967308977 rho=0.10985519094452398 accept=1
  MFCG it  16 cost=2.608845e+05 lam=1.000e-11 tau=0.00e+00 cg_it=1 shift=0 ckpt=2 alpha=0 acc mv=65
PCG_PREP o=16 rebuild=1 drift=0 previous_depth=2
ATTR_RADIUS o=16 raw_norm=6543.4707116102336 norm=3104.2454053620136 radius=3104.2454053620127 next_radius=776.06135134050317 lambda=1.0000000000000006e-11 next_lambda=1.6000000000000009e-10 rho=0.23060106362732319 accept=1
CLASSICAL_LM o=16 lambda=1.0000000000000006e-11 tau=1.0000000000000006e-11 prediction=3178.961853395188 rho=0.23060106362732319 accept=1
  MFCG it  17 cost=2.601515e+05 lam=1.600e-10 tau=0.00e+00 cg_it=0 shift=0 ckpt=1 alpha=0 acc mv=67
PCG_PREP o=17 rebuild=1 drift=0 previous_depth=1
ATTR_RADIUS o=17 raw_norm=7622.9364974372365 norm=776.06135134050317 radius=776.06135134050317 next_radius=776.06135134050317 lambda=1.6000000000000009e-10 next_lambda=1.6000000000000009e-10 rho=0.71695945159635432 accept=1
CLASSICAL_LM o=17 lambda=1.6000000000000009e-10 tau=1.6000000000000009e-10 prediction=2342.4052239083207 rho=0.71695945159635432 accept=1
  MFCG it  18 cost=2.584721e+05 lam=1.600e-10 tau=0.00e+00 cg_it=0 shift=0 ckpt=1 alpha=0 acc mv=69
PCG_PREP o=18 rebuild=1 drift=0 previous_depth=1
ATTR_RADIUS o=18 raw_norm=8104.3208784784983 norm=776.06135134050362 radius=776.06135134050317 next_radius=776.06135134050317 lambda=1.6000000000000009e-10 next_lambda=1.6000000000000009e-10 rho=0.64804187245634115 accept=1
CLASSICAL_LM o=18 lambda=1.6000000000000009e-10 tau=1.6000000000000009e-10 prediction=785.14027973217298 rho=0.64804187245634115 accept=1
  MFCG it  19 cost=2.579633e+05 lam=1.600e-10 tau=0.00e+00 cg_it=0 shift=0 ckpt=1 alpha=0 acc mv=71
PCG_PREP o=19 rebuild=1 drift=0 previous_depth=1
POINT_SAFE o=19 frozen=25 slope=-74.088086687651739 candidate=257910.77319488247 original=257816.13765788582 current=257963.26449366205 won=0 mode=1 camera_scale=1 keep_scale=0
ATTR_RADIUS o=19 raw_norm=114943.11097077408 norm=388.03067567025141 radius=776.06135134050317 next_radius=776.06135134050317 lambda=1.6000000000000009e-10 next_lambda=1.6000000000000009e-11 rho=0.65906348558971461 accept=1
CLASSICAL_LM o=19 lambda=1.6000000000000009e-10 tau=1.6000000000000009e-10 prediction=223.23621167479087 rho=0.65906348558971461 accept=1
  MFCG it  20 cost=2.578161e+05 lam=1.600e-11 tau=0.00e+00 cg_it=2 shift=0 ckpt=3 alpha=0 acc mv=75
PCG_PREP o=20 rebuild=1 drift=0 previous_depth=3
ATTR_RADIUS o=20 raw_norm=8732.0753902492015 norm=776.06135134050271 radius=776.06135134050317 next_radius=194.01533783512579 lambda=1.6000000000000009e-11 next_lambda=2.5600000000000015e-10 rho=0.17703113754607852 accept=1
CLASSICAL_LM o=20 lambda=1.6000000000000009e-11 tau=1.6000000000000009e-11 prediction=256.49282146589832 rho=0.17703113754607852 accept=1
  MFCG it  21 cost=2.577707e+05 lam=2.560e-10 tau=0.00e+00 cg_it=0 shift=0 ckpt=1 alpha=0 acc mv=77
PCG_PREP o=21 rebuild=1 drift=0 previous_depth=1
POINT_SAFE o=21 frozen=2 slope=-18.2309205890908 candidate=257755.71676133762 original=257568.42832611542 current=257770.73044192931 won=0 mode=1 camera_scale=1 keep_scale=0
ATTR_RADIUS o=21 raw_norm=119469.09592223822 norm=97.007668917562867 radius=194.01533783512579 next_radius=194.01533783512579 lambda=2.5600000000000015e-10 next_lambda=2.5600000000000017e-11 rho=1.305101522903678 accept=1
CLASSICAL_LM o=21 lambda=2.5600000000000015e-10 tau=2.5600000000000015e-10 prediction=155.0087194471981 rho=1.305101522903678 accept=1
  MFCG it  22 cost=2.575684e+05 lam=2.560e-11 tau=0.00e+00 cg_it=2 shift=0 ckpt=3 alpha=0 acc mv=81
PCG_PREP o=22 rebuild=1 drift=0 previous_depth=3
ATTR_RADIUS o=22 raw_norm=119887.53318520226 norm=194.01533783512579 radius=194.01533783512579 next_radius=388.03067567025158 lambda=2.5600000000000017e-11 next_lambda=6.4000000000000042e-12 rho=0.95084578837669964 accept=1
CLASSICAL_LM o=22 lambda=2.5600000000000017e-11 tau=2.5600000000000017e-11 prediction=14.870304658695751 rho=0.95084578837669964 accept=1
  MFCG it  23 cost=2.575543e+05 lam=6.400e-12 tau=0.00e+00 cg_it=2 shift=0 ckpt=3 alpha=0 acc mv=85
PCG_PREP o=23 rebuild=1 drift=0 previous_depth=3
ATTR_RADIUS o=23 raw_norm=120530.83709133096 norm=388.03067567025158 radius=388.03067567025158 next_radius=776.06135134050317 lambda=6.4000000000000042e-12 next_lambda=1.6000000000000011e-12 rho=0.8985180434669191 accept=1
CLASSICAL_LM o=23 lambda=6.4000000000000042e-12 tau=6.4000000000000042e-12 prediction=25.701407988417369 rho=0.8985180434669191 accept=1
  MFCG it  24 cost=2.575312e+05 lam=1.600e-12 tau=0.00e+00 cg_it=2 shift=0 ckpt=3 alpha=0 acc mv=89
PCG_PREP o=24 rebuild=1 drift=0 previous_depth=3
ATTR_RADIUS o=24 raw_norm=121853.38206546221 norm=776.06135134050317 radius=776.06135134050317 next_radius=1552.1227026810063 lambda=1.6000000000000011e-12 next_lambda=4.0000000000000026e-13 rho=0.79646279456783631 accept=1
CLASSICAL_LM o=24 lambda=1.6000000000000011e-12 tau=1.6000000000000011e-12 prediction=50.446516269123592 rho=0.79646279456783631 accept=1
  MFCG it  25 cost=2.574910e+05 lam=4.000e-13 tau=0.00e+00 cg_it=2 shift=0 ckpt=3 alpha=0 acc mv=93
PCG_PREP o=25 rebuild=1 drift=0 previous_depth=3
ATTR_RADIUS o=25 raw_norm=124494.42269290371 norm=1552.1227026810063 radius=1552.1227026810063 next_radius=1552.1227026810063 lambda=4.0000000000000026e-13 next_lambda=4.0000000000000026e-13 rho=0.58158400427922408 accept=1
CLASSICAL_LM o=25 lambda=4.0000000000000026e-13 tau=4.0000000000000026e-13 prediction=97.911582992050626 rho=0.58158400427922408 accept=1
  MFCG it  26 cost=2.574341e+05 lam=4.000e-13 tau=0.00e+00 cg_it=2 shift=0 ckpt=3 alpha=0 acc mv=97
PCG_PREP o=26 rebuild=1 drift=0 previous_depth=3
ATTR_RADIUS o=26 raw_norm=129666.00238705731 norm=1552.1227026810068 radius=1552.1227026810063 next_radius=1552.1227026810063 lambda=4.0000000000000026e-13 next_lambda=4.0000000000000026e-13 rho=0.53501882051971095 accept=1
CLASSICAL_LM o=26 lambda=4.0000000000000026e-13 tau=4.0000000000000026e-13 prediction=93.694723112836812 rho=0.53501882051971095 accept=1
  MFCG it  27 cost=2.573839e+05 lam=4.000e-13 tau=0.00e+00 cg_it=2 shift=0 ckpt=3 alpha=0 acc mv=101
PCG_PREP o=27 rebuild=1 drift=0 previous_depth=3
ATTR_RADIUS o=27 raw_norm=9753.9482587972361 norm=1552.1227026810059 radius=1552.1227026810063 next_radius=3104.2454053620127 lambda=4.0000000000000026e-13 next_lambda=1.0000000000000007e-13 rho=0.76114418196061917 accept=1
CLASSICAL_LM o=27 lambda=4.0000000000000026e-13 tau=4.0000000000000026e-13 prediction=197.6795361269875 rho=0.76114418196061917 accept=1
  MFCG it  28 cost=2.572335e+05 lam=1.000e-13 tau=0.00e+00 cg_it=0 shift=0 ckpt=1 alpha=0 acc mv=103
PCG_PREP o=28 rebuild=1 drift=0 previous_depth=1
ATTR_RADIUS o=28 raw_norm=141856.57287989123 norm=0 radius=3104.2454053620127 next_radius=776.06135134050317 lambda=1.0000000000000007e-13 next_lambda=1.6000000000000011e-12 rho=0.011382397505971273 accept=0
CLASSICAL_LM o=28 lambda=1.0000000000000007e-13 tau=1.0000000000000007e-13 prediction=165.4031484029459 rho=0.011382397505971273 accept=0
  MFCG it  29  retry 1/8  lam=1.600e-12 tau_eff=1.000e-13  (assembly reused)
PCG_PREP o=28 rebuild=1 drift=0 previous_depth=3
ATTR_RADIUS o=28 raw_norm=141859.98576713819 norm=776.06135134050317 radius=776.06135134050317 next_radius=1552.1227026810063 lambda=1.6000000000000011e-12 next_lambda=4.0000000000000026e-13 rho=0.75958158122729524 accept=1
CLASSICAL_LM o=28 lambda=1.6000000000000011e-12 tau=1.6000000000000011e-12 prediction=42.431349901640004 rho=0.75958158122729524 accept=1
  MFCG it  29 cost=2.572013e+05 lam=4.000e-13 tau=0.00e+00 cg_it=2 shift=0 ckpt=3 alpha=0 acc mv=111
PCG_PREP o=29 rebuild=1 drift=0 previous_depth=3
ATTR_RADIUS o=29 raw_norm=144944.83172715481 norm=1552.1227026810061 radius=1552.1227026810063 next_radius=1552.1227026810063 lambda=4.0000000000000026e-13 next_lambda=4.0000000000000026e-13 rho=0.49521747435446362 accept=1
CLASSICAL_LM o=29 lambda=4.0000000000000026e-13 tau=4.0000000000000026e-13 prediction=80.664055170523127 rho=0.49521747435446362 accept=1
  MFCG it  30 cost=2.571613e+05 lam=4.000e-13 tau=0.00e+00 cg_it=2 shift=0 ckpt=3 alpha=0 acc mv=115
PCG_PREP o=30 rebuild=1 drift=0 previous_depth=3
ATTR_RADIUS o=30 raw_norm=10964.270817067209 norm=1552.1227026810054 radius=1552.1227026810063 next_radius=1552.1227026810063 lambda=4.0000000000000026e-13 next_lambda=4.0000000000000026e-13 rho=0.73265985923073795 accept=1
CLASSICAL_LM o=30 lambda=4.0000000000000026e-13 tau=4.0000000000000026e-13 prediction=163.94006701558149 rho=0.73265985923073795 accept=1
  MFCG it  31 cost=2.570412e+05 lam=4.000e-13 tau=0.00e+00 cg_it=0 shift=0 ckpt=1 alpha=0 acc mv=117
PCG_PREP o=31 rebuild=1 drift=0 previous_depth=1
ATTR_RADIUS o=31 raw_norm=158108.19011869206 norm=1552.1227026810063 radius=1552.1227026810063 next_radius=1552.1227026810063 lambda=4.0000000000000026e-13 next_lambda=4.0000000000000026e-13 rho=0.46008664705872571 accept=1
CLASSICAL_LM o=31 lambda=4.0000000000000026e-13 tau=4.0000000000000026e-13 prediction=72.925181548678808 rho=0.46008664705872571 accept=1
  MFCG it  32 cost=2.570076e+05 lam=4.000e-13 tau=0.00e+00 cg_it=2 shift=0 ckpt=3 alpha=0 acc mv=121
PCG_PREP o=32 rebuild=1 drift=0 previous_depth=3
ATTR_RADIUS o=32 raw_norm=164494.02587048634 norm=1552.1227026810061 radius=1552.1227026810063 next_radius=1552.1227026810063 lambda=4.0000000000000026e-13 next_lambda=4.0000000000000026e-13 rho=0.40030020838972508 accept=1
CLASSICAL_LM o=32 lambda=4.0000000000000026e-13 tau=4.0000000000000026e-13 prediction=70.331388009633457 rho=0.40030020838972508 accept=1
  MFCG it  33 cost=2.569795e+05 lam=4.000e-13 tau=0.00e+00 cg_it=2 shift=0 ckpt=3 alpha=0 acc mv=125
PCG_PREP o=33 rebuild=1 drift=0 previous_depth=3
ATTR_RADIUS o=33 raw_norm=12124.575829400386 norm=1552.1227026810047 radius=1552.1227026810063 next_radius=1552.1227026810063 lambda=4.0000000000000026e-13 next_lambda=4.0000000000000026e-13 rho=0.68277117826718148 accept=1
CLASSICAL_LM o=33 lambda=4.0000000000000026e-13 tau=4.0000000000000026e-13 prediction=147.11676420263603 rho=0.68277117826718148 accept=1
  MFCG it  34 cost=2.568790e+05 lam=4.000e-13 tau=0.00e+00 cg_it=0 shift=0 ckpt=1 alpha=0 acc mv=127
PCG_PREP o=34 rebuild=1 drift=0 previous_depth=1
ATTR_RADIUS o=34 raw_norm=178978.94385774957 norm=1552.1227026810063 radius=1552.1227026810063 next_radius=1552.1227026810063 lambda=4.0000000000000026e-13 next_lambda=4.0000000000000026e-13 rho=0.35714907842774019 accept=1
CLASSICAL_LM o=34 lambda=4.0000000000000026e-13 tau=4.0000000000000026e-13 prediction=64.936327431645452 rho=0.35714907842774019 accept=1
  MFCG it  35 cost=2.568558e+05 lam=4.000e-13 tau=0.00e+00 cg_it=2 shift=0 ckpt=3 alpha=0 acc mv=131
PCG_PREP o=35 rebuild=1 drift=0 previous_depth=3
ATTR_RADIUS o=35 raw_norm=13192.723249040255 norm=1552.1227026810066 radius=1552.1227026810063 next_radius=1552.1227026810063 lambda=4.0000000000000026e-13 next_lambda=4.0000000000000026e-13 rho=0.65631647427055706 accept=1
CLASSICAL_LM o=35 lambda=4.0000000000000026e-13 tau=4.0000000000000026e-13 prediction=131.51999737804002 rho=0.65631647427055706 accept=1
  MFCG it  36 cost=2.567695e+05 lam=4.000e-13 tau=0.00e+00 cg_it=0 shift=0 ckpt=1 alpha=0 acc mv=133
PCG_PREP o=36 rebuild=1 drift=0 previous_depth=1
ATTR_RADIUS o=36 raw_norm=194334.31040679273 norm=1552.1227026810063 radius=1552.1227026810063 next_radius=1552.1227026810063 lambda=4.0000000000000026e-13 next_lambda=4.0000000000000026e-13 rho=0.26046729583359829 accept=1
CLASSICAL_LM o=36 lambda=4.0000000000000026e-13 tau=4.0000000000000026e-13 prediction=58.880502885832428 rho=0.26046729583359829 accept=1
  MFCG it  37 cost=2.567542e+05 lam=4.000e-13 tau=0.00e+00 cg_it=2 shift=0 ckpt=3 alpha=0 acc mv=137
PCG_PREP o=37 rebuild=1 drift=0 previous_depth=3
ATTR_RADIUS o=37 raw_norm=14261.890779603526 norm=1552.1227026810056 radius=1552.1227026810063 next_radius=1552.1227026810063 lambda=4.0000000000000026e-13 next_lambda=4.0000000000000026e-13 rho=0.60965972415643788 accept=1
CLASSICAL_LM o=37 lambda=4.0000000000000026e-13 tau=4.0000000000000026e-13 prediction=121.6532107290837 rho=0.60965972415643788 accept=1
  MFCG it  38 cost=2.566800e+05 lam=4.000e-13 tau=0.00e+00 cg_it=0 shift=0 ckpt=1 alpha=0 acc mv=139
PCG_PREP o=38 rebuild=1 drift=0 previous_depth=1
ATTR_RADIUS o=38 raw_norm=210569.31705108748 norm=1552.1227026810068 radius=1552.1227026810063 next_radius=388.03067567025158 lambda=4.0000000000000026e-13 next_lambda=6.4000000000000042e-12 rho=0.2122928082655697 accept=1
CLASSICAL_LM o=38 lambda=4.0000000000000026e-13 tau=4.0000000000000026e-13 prediction=56.532612091423474 rho=0.2122928082655697 accept=1
  MFCG it  39 cost=2.566680e+05 lam=6.400e-12 tau=0.00e+00 cg_it=2 shift=0 ckpt=3 alpha=0 acc mv=143
PCG_PREP o=39 rebuild=1 drift=0 previous_depth=3
ATTR_RADIUS o=39 raw_norm=15334.482768773752 norm=388.0306756702517 radius=388.03067567025158 next_radius=776.06135134050317 lambda=6.4000000000000042e-12 next_lambda=1.6000000000000011e-12 rho=0.79623112187040612 accept=1
CLASSICAL_LM o=39 lambda=6.4000000000000042e-12 tau=6.4000000000000042e-12 prediction=34.1119715618361 rho=0.79623112187040612 accept=1
  MFCG it  40 cost=2.566409e+05 lam=1.600e-12 tau=0.00e+00 cg_it=0 shift=0 ckpt=1 alpha=0 acc mv=145
PCG_PREP o=40 rebuild=1 drift=0 previous_depth=1
ATTR_RADIUS o=40 raw_norm=15720.723866205644 norm=776.06135134050339 radius=776.06135134050317 next_radius=776.06135134050317 lambda=1.6000000000000011e-12 next_lambda=1.6000000000000011e-12 rho=0.73642294984937351 accept=1
CLASSICAL_LM o=40 lambda=1.6000000000000011e-12 tau=1.6000000000000011e-12 prediction=56.381808370095904 rho=0.73642294984937351 accept=1
  MFCG it  41 cost=2.565993e+05 lam=1.600e-12 tau=0.00e+00 cg_it=0 shift=0 ckpt=1 alpha=0 acc mv=147
PCG_PREP o=41 rebuild=1 drift=0 previous_depth=1
ATTR_RADIUS o=41 raw_norm=225863.85579966372 norm=776.06135134050339 radius=776.06135134050317 next_radius=776.06135134050317 lambda=1.6000000000000011e-12 next_lambda=1.6000000000000011e-12 rho=0.31165602427321243 accept=1
CLASSICAL_LM o=41 lambda=1.6000000000000011e-12 tau=1.6000000000000011e-12 prediction=27.060490133496231 rho=0.31165602427321243 accept=1
  MFCG it  42 cost=2.565909e+05 lam=1.600e-12 tau=0.00e+00 cg_it=2 shift=0 ckpt=3 alpha=0 acc mv=151
PCG_PREP o=42 rebuild=1 drift=0 previous_depth=3
ATTR_RADIUS o=42 raw_norm=230271.92090437171 norm=776.06135134050294 radius=776.06135134050317 next_radius=776.06135134050317 lambda=1.6000000000000011e-12 next_lambda=1.6000000000000011e-12 rho=0.39508241197897309 accept=1
CLASSICAL_LM o=42 lambda=1.6000000000000011e-12 tau=1.6000000000000011e-12 prediction=31.534706849884643 rho=0.39508241197897309 accept=1
  MFCG it  43 cost=2.565785e+05 lam=1.600e-12 tau=0.00e+00 cg_it=2 shift=0 ckpt=3 alpha=0 acc mv=155
PCG_PREP o=43 rebuild=1 drift=0 previous_depth=3
ATTR_RADIUS o=43 raw_norm=16816.705063978905 norm=776.06135134050328 radius=776.06135134050317 next_radius=776.06135134050317 lambda=1.6000000000000011e-12 next_lambda=1.6000000000000011e-12 rho=0.6318248211336629 accept=1
CLASSICAL_LM o=43 lambda=1.6000000000000011e-12 tau=1.6000000000000011e-12 prediction=57.301602008148699 rho=0.6318248211336629 accept=1
  MFCG it  44 cost=2.565422e+05 lam=1.600e-12 tau=0.00e+00 cg_it=0 shift=0 ckpt=1 alpha=0 acc mv=157
PCG_PREP o=44 rebuild=1 drift=0 previous_depth=1
ATTR_RADIUS o=44 raw_norm=239677.71874775222 norm=776.06135134050305 radius=776.06135134050317 next_radius=776.06135134050317 lambda=1.6000000000000011e-12 next_lambda=1.6000000000000011e-12 rho=0.36068016100457495 accept=1
CLASSICAL_LM o=44 lambda=1.6000000000000011e-12 tau=1.6000000000000011e-12 prediction=31.846855670486974 rho=0.36068016100457495 accept=1
  MFCG it  45 cost=2.565308e+05 lam=1.600e-12 tau=0.00e+00 cg_it=2 shift=0 ckpt=3 alpha=0 acc mv=161
PCG_PREP o=45 rebuild=1 drift=0 previous_depth=3
ATTR_RADIUS o=45 raw_norm=244250.23643184392 norm=776.06135134050328 radius=776.06135134050317 next_radius=776.06135134050317 lambda=1.6000000000000011e-12 next_lambda=1.6000000000000011e-12 rho=0.42083769026643009 accept=1
CLASSICAL_LM o=45 lambda=1.6000000000000011e-12 tau=1.6000000000000011e-12 prediction=31.74304112362783 rho=0.42083769026643009 accept=1
  MFCG it  46 cost=2.565174e+05 lam=1.600e-12 tau=0.00e+00 cg_it=2 shift=0 ckpt=3 alpha=0 acc mv=165
PCG_PREP o=46 rebuild=1 drift=0 previous_depth=3
ATTR_RADIUS o=46 raw_norm=17945.486977297867 norm=776.06135134050294 radius=776.06135134050317 next_radius=776.06135134050317 lambda=1.6000000000000011e-12 next_lambda=1.6000000000000011e-12 rho=0.6572296776198765 accept=1
CLASSICAL_LM o=46 lambda=1.6000000000000011e-12 tau=1.6000000000000011e-12 prediction=53.018439316556695 rho=0.6572296776198765 accept=1
  MFCG it  47 cost=2.564826e+05 lam=1.600e-12 tau=0.00e+00 cg_it=0 shift=0 ckpt=1 alpha=0 acc mv=167
PCG_PREP o=47 rebuild=1 drift=0 previous_depth=1
ATTR_RADIUS o=47 raw_norm=253932.68706087372 norm=776.06135134050317 radius=776.06135134050317 next_radius=776.06135134050317 lambda=1.6000000000000011e-12 next_lambda=1.6000000000000011e-12 rho=0.27826933905278384 accept=1
CLASSICAL_LM o=47 lambda=1.6000000000000011e-12 tau=1.6000000000000011e-12 prediction=27.562257847980213 rho=0.27826933905278384 accept=1
  MFCG it  48 cost=2.564749e+05 lam=1.600e-12 tau=0.00e+00 cg_it=2 shift=0 ckpt=3 alpha=0 acc mv=171
PCG_PREP o=48 rebuild=1 drift=0 previous_depth=3
ATTR_RADIUS o=48 raw_norm=258654.2885263646 norm=776.06135134050305 radius=776.06135134050317 next_radius=776.06135134050317 lambda=1.6000000000000011e-12 next_lambda=1.6000000000000011e-12 rho=0.36668137938910172 accept=1
CLASSICAL_LM o=48 lambda=1.6000000000000011e-12 tau=1.6000000000000011e-12 prediction=29.858479255147046 rho=0.36668137938910172 accept=1
  MFCG it  49 cost=2.564639e+05 lam=1.600e-12 tau=0.00e+00 cg_it=2 shift=0 ckpt=3 alpha=0 acc mv=175
PCG_PREP o=49 rebuild=1 drift=0 previous_depth=3
ATTR_RADIUS o=49 raw_norm=19105.215244849256 norm=776.06135134050305 radius=776.06135134050317 next_radius=776.06135134050317 lambda=1.6000000000000011e-12 next_lambda=1.6000000000000011e-12 rho=0.58946545920117788 accept=1
CLASSICAL_LM o=49 lambda=1.6000000000000011e-12 tau=1.6000000000000011e-12 prediction=50.44139985913489 rho=0.58946545920117788 accept=1
  MFCG it  50 cost=2.564342e+05 lam=1.600e-12 tau=0.00e+00 cg_it=0 shift=0 ckpt=1 alpha=0 acc mv=177
PCG_PREP o=50 rebuild=1 drift=0 previous_depth=1
ATTR_RADIUS o=50 raw_norm=268615.27665354038 norm=776.06135134050362 radius=776.06135134050317 next_radius=776.06135134050317 lambda=1.6000000000000011e-12 next_lambda=1.6000000000000011e-12 rho=0.33329054554915211 accept=1
CLASSICAL_LM o=50 lambda=1.6000000000000011e-12 tau=1.6000000000000011e-12 prediction=28.819109505359716 rho=0.33329054554915211 accept=1
  MFCG it  51 cost=2.564246e+05 lam=1.600e-12 tau=0.00e+00 cg_it=2 shift=0 ckpt=3 alpha=0 acc mv=181
PCG_PREP o=51 rebuild=1 drift=0 previous_depth=3
ATTR_RADIUS o=51 raw_norm=273452.11737570178 norm=776.06135134050339 radius=776.06135134050317 next_radius=194.01533783512579 lambda=1.6000000000000011e-12 next_lambda=2.5600000000000017e-11 rho=0.19057084441398864 accept=1
CLASSICAL_LM o=51 lambda=1.6000000000000011e-12 tau=1.6000000000000011e-12 prediction=27.857588383926114 rho=0.19057084441398864 accept=1
  MFCG it  52 cost=2.564193e+05 lam=2.560e-11 tau=0.00e+00 cg_it=2 shift=0 ckpt=3 alpha=0 acc mv=185
PCG_PREP o=52 rebuild=1 drift=0 previous_depth=3
POINT_SAFE o=52 frozen=1 slope=-32.664414568347524 candidate=256400.63138059652 original=256403.96435210333 current=256419.29014557874 won=1 mode=1 camera_scale=1 keep_scale=0
ATTR_RADIUS o=52 raw_norm=20293.749785521617 norm=194.01533783512585 radius=194.01533783512579 next_radius=388.03067567025158 lambda=2.5600000000000017e-11 next_lambda=6.4000000000000042e-12 rho=0.88061237858566377 accept=1
CLASSICAL_LM o=52 lambda=2.5600000000000017e-11 tau=2.5600000000000017e-11 prediction=21.188397342523402 rho=0.88061237858566377 accept=1
  MFCG it  53 cost=2.564006e+05 lam=6.400e-12 tau=0.00e+00 cg_it=0 shift=0 ckpt=1 alpha=0 acc mv=187
PCG_PREP o=53 rebuild=1 drift=0 previous_depth=1
ATTR_RADIUS o=53 raw_norm=279647.57422894402 norm=388.03067567025147 radius=388.03067567025158 next_radius=388.03067567025158 lambda=6.4000000000000042e-12 next_lambda=6.4000000000000042e-12 rho=0.74457062489808723 accept=1
CLASSICAL_LM o=53 lambda=6.4000000000000042e-12 tau=6.4000000000000042e-12 prediction=12.118842560387909 rho=0.74457062489808723 accept=1
  MFCG it  54 cost=2.563916e+05 lam=6.400e-12 tau=0.00e+00 cg_it=2 shift=0 ckpt=3 alpha=0 acc mv=191
PCG_PREP o=54 rebuild=1 drift=0 previous_depth=3
ATTR_RADIUS o=54 raw_norm=20711.077112247651 norm=388.03067567025147 radius=388.03067567025158 next_radius=776.06135134050317 lambda=6.4000000000000042e-12 next_lambda=1.6000000000000011e-12 rho=0.84876047050134806 accept=1
CLASSICAL_LM o=54 lambda=6.4000000000000042e-12 tau=6.4000000000000042e-12 prediction=19.520304236671418 rho=0.84876047050134806 accept=1
  MFCG it  55 cost=2.563750e+05 lam=1.600e-12 tau=0.00e+00 cg_it=0 shift=0 ckpt=1 alpha=0 acc mv=193
PCG_PREP o=55 rebuild=1 drift=0 previous_depth=1
ATTR_RADIUS o=55 raw_norm=284967.49739372981 norm=776.06135134050271 radius=776.06135134050317 next_radius=776.06135134050317 lambda=1.6000000000000011e-12 next_lambda=1.6000000000000011e-12 rho=0.38815966623798753 accept=1
CLASSICAL_LM o=55 lambda=1.6000000000000011e-12 tau=1.6000000000000011e-12 prediction=17.449318119989552 rho=0.38815966623798753 accept=1
  MFCG it  56 cost=2.563683e+05 lam=1.600e-12 tau=0.00e+00 cg_it=2 shift=0 ckpt=3 alpha=0 acc mv=197
PCG_PREP o=56 rebuild=1 drift=0 previous_depth=3
ATTR_RADIUS o=56 raw_norm=21388.134263563654 norm=776.06135134050305 radius=776.06135134050317 next_radius=776.06135134050317 lambda=1.6000000000000011e-12 next_lambda=1.6000000000000011e-12 rho=0.62355412581734537 accept=1
CLASSICAL_LM o=56 lambda=1.6000000000000011e-12 tau=1.6000000000000011e-12 prediction=37.173105861666173 rho=0.62355412581734537 accept=1
  MFCG it  57 cost=2.563451e+05 lam=1.600e-12 tau=0.00e+00 cg_it=0 shift=0 ckpt=1 alpha=0 acc mv=199
PCG_PREP o=57 rebuild=1 drift=0 previous_depth=1
ATTR_RADIUS o=57 raw_norm=295254.73784211167 norm=776.06135134050339 radius=776.06135134050317 next_radius=776.06135134050317 lambda=1.6000000000000011e-12 next_lambda=1.6000000000000011e-12 rho=0.36589642030149794 accept=1
CLASSICAL_LM o=57 lambda=1.6000000000000011e-12 tau=1.6000000000000011e-12 prediction=20.169637035009238 rho=0.36589642030149794 accept=1
  MFCG it  58 cost=2.563377e+05 lam=1.600e-12 tau=0.00e+00 cg_it=2 shift=0 ckpt=3 alpha=0 acc mv=203
PCG_PREP o=58 rebuild=1 drift=0 previous_depth=3
POINT_SAFE o=58 frozen=55 slope=-16.134006502263979 candidate=256331.24265820658 original=256330.44504099095 current=256337.70742079313 won=0 mode=1 camera_scale=1 keep_scale=0
ATTR_RADIUS o=58 raw_norm=300251.90551882883 norm=388.03067567025158 radius=776.06135134050317 next_radius=776.06135134050317 lambda=1.6000000000000011e-12 next_lambda=1.6000000000000013e-13 rho=0.68804380767094797 accept=1
CLASSICAL_LM o=58 lambda=1.6000000000000011e-12 tau=1.6000000000000011e-12 prediction=10.555112510589684 rho=0.68804380767094797 accept=1
  MFCG it  59 cost=2.563304e+05 lam=1.600e-13 tau=0.00e+00 cg_it=2 shift=0 ckpt=3 alpha=0 acc mv=207
PCG_PREP o=59 rebuild=1 drift=0 previous_depth=3
ATTR_RADIUS o=59 raw_norm=22572.880510179748 norm=776.06135134050328 radius=776.06135134050317 next_radius=776.06135134050317 lambda=1.6000000000000013e-13 next_lambda=1.6000000000000013e-13 rho=0.66611587923277737 accept=1
CLASSICAL_LM o=59 lambda=1.6000000000000013e-13 tau=1.6000000000000013e-13 prediction=35.480674999336408 rho=0.66611587923277737 accept=1
  MFCG it  60 cost=2.563068e+05 lam=1.600e-13 tau=0.00e+00 cg_it=0 shift=0 ckpt=1 alpha=0 acc mv=209
PCG_PREP o=60 rebuild=1 drift=0 previous_depth=1
ATTR_RADIUS o=60 raw_norm=308148.17615810625 norm=776.06135134050328 radius=776.06135134050317 next_radius=776.06135134050317 lambda=1.6000000000000013e-13 next_lambda=1.6000000000000013e-13 rho=0.30413203543696393 accept=1
CLASSICAL_LM o=60 lambda=1.6000000000000013e-13 tau=1.6000000000000013e-13 prediction=17.227122429731157 rho=0.30413203543696393 accept=1
  MFCG it  61 cost=2.563016e+05 lam=1.600e-13 tau=0.00e+00 cg_it=2 shift=0 ckpt=3 alpha=0 acc mv=213
PCG_PREP o=61 rebuild=1 drift=0 previous_depth=3
ATTR_RADIUS o=61 raw_norm=313170.54384383059 norm=776.06135134050351 radius=776.06135134050317 next_radius=776.06135134050317 lambda=1.6000000000000013e-13 next_lambda=1.6000000000000013e-13 rho=0.31340025951070655 accept=1
CLASSICAL_LM o=61 lambda=1.6000000000000013e-13 tau=1.6000000000000013e-13 prediction=17.786446091482496 rho=0.31340025951070655 accept=1
  MFCG it  62 cost=2.562960e+05 lam=1.600e-13 tau=0.00e+00 cg_it=2 shift=0 ckpt=3 alpha=0 acc mv=217
PCG_PREP o=62 rebuild=1 drift=0 previous_depth=3
ATTR_RADIUS o=62 raw_norm=23851.860161332101 norm=776.06135134050294 radius=776.06135134050317 next_radius=776.06135134050317 lambda=1.6000000000000013e-13 next_lambda=1.6000000000000013e-13 rho=0.62766136511353909 accept=1
CLASSICAL_LM o=62 lambda=1.6000000000000013e-13 tau=1.6000000000000013e-13 prediction=34.64929431456202 rho=0.62766136511353909 accept=1
  MFCG it  63 cost=2.562742e+05 lam=1.600e-13 tau=0.00e+00 cg_it=0 shift=0 ckpt=1 alpha=0 acc mv=219
PCG_PREP o=63 rebuild=1 drift=0 previous_depth=1
ATTR_RADIUS o=63 raw_norm=323554.7818054817 norm=776.06135134050282 radius=776.06135134050317 next_radius=776.06135134050317 lambda=1.6000000000000013e-13 next_lambda=1.6000000000000013e-13 rho=0.29760947715437991 accept=1
CLASSICAL_LM o=63 lambda=1.6000000000000013e-13 tau=1.6000000000000013e-13 prediction=17.24455000236517 rho=0.29760947715437991 accept=1
  MFCG it  64 cost=2.562691e+05 lam=1.600e-13 tau=0.00e+00 cg_it=2 shift=0 ckpt=3 alpha=0 acc mv=223
PCG_PREP o=64 rebuild=1 drift=0 previous_depth=3
ATTR_RADIUS o=64 raw_norm=24871.018691986883 norm=776.06135134050282 radius=776.06135134050317 next_radius=776.06135134050317 lambda=1.6000000000000013e-13 next_lambda=1.6000000000000013e-13 rho=0.61399612365007628 accept=1
CLASSICAL_LM o=64 lambda=1.6000000000000013e-13 tau=1.6000000000000013e-13 prediction=33.029347651237281 rho=0.61399612365007628 accept=1
  MFCG it  65 cost=2.562488e+05 lam=1.600e-13 tau=0.00e+00 cg_it=0 shift=0 ckpt=1 alpha=0 acc mv=225
PCG_PREP o=65 rebuild=1 drift=0 previous_depth=1
NUMERIC_REPAIR o=65 lambda=1.6000000000000013e-13 rayleigh=-1.3212753272988375e-08 next_lambda=5.2851653091953501e-08 cg=1 rebuild=1
PCG_PREP o=65 rebuild=1 drift=0 previous_depth=1
ATTR_RADIUS o=65 raw_norm=15101.791216134663 norm=776.06135134050305 radius=776.06135134050317 next_radius=1552.1227026810063 lambda=5.2851653091953501e-08 next_lambda=5.2851653091953501e-08 rho=0.79465256885522262 accept=1
CLASSICAL_LM o=65 lambda=5.2851653091953501e-08 tau=5.2851653091953501e-08 prediction=49.835818380624602 rho=0.79465256885522262 accept=1
  MFCG it  66 cost=2.562092e+05 lam=5.285e-08 tau=0.00e+00 cg_it=0 shift=0 ckpt=1 alpha=0 acc mv=229
PCG_PREP o=66 rebuild=1 drift=0 previous_depth=1
ATTR_RADIUS o=66 raw_norm=97979.368671326811 norm=1552.1227026810054 radius=1552.1227026810063 next_radius=1552.1227026810063 lambda=5.2851653091953501e-08 next_lambda=5.2851653091953501e-08 rho=0.38713698511883293 accept=1
CLASSICAL_LM o=66 lambda=5.2851653091953501e-08 tau=5.2851653091953501e-08 prediction=59.394986529153066 rho=0.38713698511883293 accept=1
  MFCG it  67 cost=2.561862e+05 lam=5.285e-08 tau=0.00e+00 cg_it=1 shift=0 ckpt=2 alpha=0 acc mv=232
PCG_PREP o=67 rebuild=1 drift=0 previous_depth=2
ATTR_RADIUS o=67 raw_norm=16020.830926342298 norm=1552.1227026810059 radius=1552.1227026810063 next_radius=1552.1227026810063 lambda=5.2851653091953501e-08 next_lambda=5.2851653091953501e-08 rho=0.55541829164918144 accept=1
CLASSICAL_LM o=67 lambda=5.2851653091953501e-08 tau=5.2851653091953501e-08 prediction=86.831162123954144 rho=0.55541829164918144 accept=1
  MFCG it  68 cost=2.561380e+05 lam=5.285e-08 tau=0.00e+00 cg_it=0 shift=0 ckpt=1 alpha=0 acc mv=234
PCG_PREP o=68 rebuild=1 drift=0 previous_depth=1
ATTR_RADIUS o=68 raw_norm=16675.871311065563 norm=1552.1227026810066 radius=1552.1227026810063 next_radius=1552.1227026810063 lambda=5.2851653091953501e-08 next_lambda=5.2851653091953501e-08 rho=0.5415763685085272 accept=1
CLASSICAL_LM o=68 lambda=5.2851653091953501e-08 tau=5.2851653091953501e-08 prediction=80.342435195635261 rho=0.5415763685085272 accept=1
  MFCG it  69 cost=2.560945e+05 lam=5.285e-08 tau=0.00e+00 cg_it=0 shift=0 ckpt=1 alpha=0 acc mv=236
PCG_PREP o=69 rebuild=1 drift=0 previous_depth=1
ATTR_RADIUS o=69 raw_norm=91310.12775210946 norm=1552.1227026810068 radius=1552.1227026810063 next_radius=1552.1227026810063 lambda=5.2851653091953501e-08 next_lambda=5.2851653091953501e-08 rho=0.40024877343237897 accept=1
CLASSICAL_LM o=69 lambda=5.2851653091953501e-08 tau=5.2851653091953501e-08 prediction=60.067156521267947 rho=0.40024877343237897 accept=1
  MFCG it  70 cost=2.560705e+05 lam=5.285e-08 tau=0.00e+00 cg_it=1 shift=0 ckpt=2 alpha=0 acc mv=239
PCG_PREP o=70 rebuild=1 drift=0 previous_depth=2
ATTR_RADIUS o=70 raw_norm=17515.180758309471 norm=1552.1227026810059 radius=1552.1227026810063 next_radius=1552.1227026810063 lambda=5.2851653091953501e-08 next_lambda=5.2851653091953501e-08 rho=0.50273892729896785 accept=1
CLASSICAL_LM o=70 lambda=5.2851653091953501e-08 tau=5.2851653091953501e-08 prediction=76.623181796956473 rho=0.50273892729896785 accept=1
  MFCG it  71 cost=2.560319e+05 lam=5.285e-08 tau=0.00e+00 cg_it=0 shift=0 ckpt=1 alpha=0 acc mv=241
PCG_PREP o=71 rebuild=1 drift=0 previous_depth=1
ATTR_RADIUS o=71 raw_norm=17919.65324759627 norm=1552.1227026810066 radius=1552.1227026810063 next_radius=1552.1227026810063 lambda=5.2851653091953501e-08 next_lambda=5.2851653091953501e-08 rho=0.49288629367896863 accept=1
CLASSICAL_LM o=71 lambda=5.2851653091953501e-08 tau=5.2851653091953501e-08 prediction=72.716523098330399 rho=0.49288629367896863 accept=1
  MFCG it  72 cost=2.559961e+05 lam=5.285e-08 tau=0.00e+00 cg_it=0 shift=0 ckpt=1 alpha=0 acc mv=243
PCG_PREP o=72 rebuild=1 drift=0 previous_depth=1
ATTR_RADIUS o=72 raw_norm=18287.711569872907 norm=1552.1227026810063 radius=1552.1227026810063 next_radius=1552.1227026810063 lambda=5.2851653091953501e-08 next_lambda=5.2851653091953501e-08 rho=0.48342548323820217 accept=1
CLASSICAL_LM o=72 lambda=5.2851653091953501e-08 tau=5.2851653091953501e-08 prediction=69.364996800243375 rho=0.48342548323820217 accept=1
  MFCG it  73 cost=2.559626e+05 lam=5.285e-08 tau=0.00e+00 cg_it=0 shift=0 ckpt=1 alpha=0 acc mv=245
PCG_PREP o=73 rebuild=1 drift=0 previous_depth=1
ATTR_RADIUS o=73 raw_norm=18601.657145125053 norm=1552.1227026810059 radius=1552.1227026810063 next_radius=1552.1227026810063 lambda=5.2851653091953501e-08 next_lambda=5.2851653091953501e-08 rho=0.47508409994323181 accept=1
CLASSICAL_LM o=73 lambda=5.2851653091953501e-08 tau=5.2851653091953501e-08 prediction=66.574370489142723 rho=0.47508409994323181 accept=1
  MFCG it  74 cost=2.559309e+05 lam=5.285e-08 tau=0.00e+00 cg_it=0 shift=0 ckpt=1 alpha=0 acc mv=247
PCG_PREP o=74 rebuild=1 drift=0 previous_depth=1
ATTR_RADIUS o=74 raw_norm=18864.48585935243 norm=1552.1227026810066 radius=1552.1227026810063 next_radius=1552.1227026810063 lambda=5.2851653091953501e-08 next_lambda=5.2851653091953501e-08 rho=0.46780220666600847 accept=1
CLASSICAL_LM o=74 lambda=5.2851653091953501e-08 tau=5.2851653091953501e-08 prediction=64.242523871583757 rho=0.46780220666600847 accept=1
  MFCG it  75 cost=2.559009e+05 lam=5.285e-08 tau=0.00e+00 cg_it=0 shift=0 ckpt=1 alpha=0 acc mv=249
PCG_PREP o=75 rebuild=1 drift=0 previous_depth=1
ATTR_RADIUS o=75 raw_norm=71758.249242171281 norm=1552.1227026810056 radius=1552.1227026810063 next_radius=1552.1227026810063 lambda=5.2851653091953501e-08 next_lambda=5.2851653091953501e-08 rho=0.4936930521280074 accept=1
CLASSICAL_LM o=75 lambda=5.2851653091953501e-08 tau=5.2851653091953501e-08 prediction=67.949653570259201 rho=0.4936930521280074 accept=1
  MFCG it  76 cost=2.558673e+05 lam=5.285e-08 tau=0.00e+00 cg_it=1 shift=0 ckpt=2 alpha=0 acc mv=252
PCG_PREP o=76 rebuild=1 drift=0 previous_depth=2
ATTR_RADIUS o=76 raw_norm=19265.914348892682 norm=1552.122702681007 radius=1552.1227026810063 next_radius=1552.1227026810063 lambda=5.2851653091953501e-08 next_lambda=5.2851653091953501e-08 rho=0.43105880005507707 accept=1
CLASSICAL_LM o=76 lambda=5.2851653091953501e-08 tau=5.2851653091953501e-08 prediction=63.474298473182017 rho=0.43105880005507707 accept=1
  MFCG it  77 cost=2.558400e+05 lam=5.285e-08 tau=0.00e+00 cg_it=0 shift=0 ckpt=1 alpha=0 acc mv=254
PCG_PREP o=77 rebuild=1 drift=0 previous_depth=1
ATTR_RADIUS o=77 raw_norm=19298.732931574697 norm=1552.1227026810061 radius=1552.1227026810063 next_radius=1552.1227026810063 lambda=5.2851653091953501e-08 next_lambda=5.2851653091953501e-08 rho=0.42873770118177895 accept=1
CLASSICAL_LM o=77 lambda=5.2851653091953501e-08 tau=5.2851653091953501e-08 prediction=62.182094247911181 rho=0.42873770118177895 accept=1
  MFCG it  78 cost=2.558133e+05 lam=5.285e-08 tau=0.00e+00 cg_it=0 shift=0 ckpt=1 alpha=0 acc mv=256
PCG_PREP o=78 rebuild=1 drift=0 previous_depth=1
ATTR_RADIUS o=78 raw_norm=19314.588302430395 norm=1552.1227026810061 radius=1552.1227026810063 next_radius=1552.1227026810063 lambda=5.2851653091953501e-08 next_lambda=5.2851653091953501e-08 rho=0.42641756777702317 accept=1
CLASSICAL_LM o=78 lambda=5.2851653091953501e-08 tau=5.2851653091953501e-08 prediction=60.978245858322651 rho=0.42641756777702317 accept=1
  MFCG it  79 cost=2.557873e+05 lam=5.285e-08 tau=0.00e+00 cg_it=0 shift=0 ckpt=1 alpha=0 acc mv=258
PCG_PREP o=79 rebuild=1 drift=0 previous_depth=1
ATTR_RADIUS o=79 raw_norm=19298.970074872985 norm=1552.1227026810059 radius=1552.1227026810063 next_radius=1552.1227026810063 lambda=5.2851653091953501e-08 next_lambda=5.2851653091953501e-08 rho=0.42488647893830112 accept=1
CLASSICAL_LM o=79 lambda=5.2851653091953501e-08 tau=5.2851653091953501e-08 prediction=59.940585386654973 rho=0.42488647893830112 accept=1
  MFCG it  80 cost=2.557618e+05 lam=5.285e-08 tau=0.00e+00 cg_it=0 shift=0 ckpt=1 alpha=0 acc mv=260
PCG_PREP o=80 rebuild=1 drift=0 previous_depth=1
ATTR_RADIUS o=80 raw_norm=19251.262191620492 norm=1552.1227026810059 radius=1552.1227026810063 next_radius=1552.1227026810063 lambda=5.2851653091953501e-08 next_lambda=5.2851653091953501e-08 rho=0.4240927476676612 accept=1
CLASSICAL_LM o=80 lambda=5.2851653091953501e-08 tau=5.2851653091953501e-08 prediction=59.043097070537918 rho=0.4240927476676612 accept=1
  MFCG it  81 cost=2.557368e+05 lam=5.285e-08 tau=0.00e+00 cg_it=0 shift=0 ckpt=1 alpha=0 acc mv=262
PCG_PREP o=81 rebuild=1 drift=0 previous_depth=1
ATTR_RADIUS o=81 raw_norm=19176.679809506713 norm=1552.1227026810066 radius=1552.1227026810063 next_radius=1552.1227026810063 lambda=5.2851653091953501e-08 next_lambda=5.2851653091953501e-08 rho=0.42398931486891245 accept=1
CLASSICAL_LM o=81 lambda=5.2851653091953501e-08 tau=5.2851653091953501e-08 prediction=58.263931461058078 rho=0.42398931486891245 accept=1
  MFCG it  82 cost=2.557121e+05 lam=5.285e-08 tau=0.00e+00 cg_it=0 shift=0 ckpt=1 alpha=0 acc mv=264
PCG_PREP o=82 rebuild=1 drift=0 previous_depth=1
ATTR_RADIUS o=82 raw_norm=19078.448810276641 norm=1552.1227026810059 radius=1552.1227026810063 next_radius=1552.1227026810063 lambda=5.2851653091953501e-08 next_lambda=5.2851653091953501e-08 rho=0.42452948259102063 accept=1
CLASSICAL_LM o=82 lambda=5.2851653091953501e-08 tau=5.2851653091953501e-08 prediction=57.58411511295175 rho=0.42452948259102063 accept=1
  MFCG it  83 cost=2.556877e+05 lam=5.285e-08 tau=0.00e+00 cg_it=0 shift=0 ckpt=1 alpha=0 acc mv=266
PCG_PREP o=83 rebuild=1 drift=0 previous_depth=1
ATTR_RADIUS o=83 raw_norm=18956.787310787153 norm=1552.1227026810072 radius=1552.1227026810063 next_radius=1552.1227026810063 lambda=5.2851653091953501e-08 next_lambda=5.2851653091953501e-08 rho=0.42566559099117424 accept=1
CLASSICAL_LM o=83 lambda=5.2851653091953501e-08 tau=5.2851653091953501e-08 prediction=56.986951938050623 rho=0.42566559099117424 accept=1
  MFCG it  84 cost=2.556634e+05 lam=5.285e-08 tau=0.00e+00 cg_it=0 shift=0 ckpt=1 alpha=0 acc mv=268
PCG_PREP o=84 rebuild=1 drift=0 previous_depth=1
ATTR_RADIUS o=84 raw_norm=18817.098224769721 norm=1552.1227026810059 radius=1552.1227026810063 next_radius=1552.1227026810063 lambda=5.2851653091953501e-08 next_lambda=5.2851653091953501e-08 rho=0.42735302779504936 accept=1
CLASSICAL_LM o=84 lambda=5.2851653091953501e-08 tau=5.2851653091953501e-08 prediction=56.458012814937611 rho=0.42735302779504936 accept=1
  MFCG it  85 cost=2.556393e+05 lam=5.285e-08 tau=0.00e+00 cg_it=0 shift=0 ckpt=1 alpha=0 acc mv=270
PCG_PREP o=85 rebuild=1 drift=0 previous_depth=1
ATTR_RADIUS o=85 raw_norm=18657.444461663039 norm=1552.1227026810068 radius=1552.1227026810063 next_radius=1552.1227026810063 lambda=5.2851653091953501e-08 next_lambda=5.2851653091953501e-08 rho=0.4295481967576818 accept=1
CLASSICAL_LM o=85 lambda=5.2851653091953501e-08 tau=5.2851653091953501e-08 prediction=55.984583370132974 rho=0.4295481967576818 accept=1
  MFCG it  86 cost=2.556152e+05 lam=5.285e-08 tau=0.00e+00 cg_it=0 shift=0 ckpt=1 alpha=0 acc mv=272
PCG_PREP o=86 rebuild=1 drift=0 previous_depth=1
ATTR_RADIUS o=86 raw_norm=18482.707593756022 norm=1552.1227026810059 radius=1552.1227026810063 next_radius=1552.1227026810063 lambda=5.2851653091953501e-08 next_lambda=5.2851653091953501e-08 rho=0.43220507455008883 accept=1
CLASSICAL_LM o=86 lambda=5.2851653091953501e-08 tau=5.2851653091953501e-08 prediction=55.555060817709034 rho=0.43220507455008883 accept=1
  MFCG it  87 cost=2.555912e+05 lam=5.285e-08 tau=0.00e+00 cg_it=0 shift=0 ckpt=1 alpha=0 acc mv=274
PCG_PREP o=87 rebuild=1 drift=0 previous_depth=1
ATTR_RADIUS o=87 raw_norm=18296.628292026016 norm=1552.1227026810061 radius=1552.1227026810063 next_radius=1552.1227026810063 lambda=5.2851653091953501e-08 next_lambda=5.2851653091953501e-08 rho=0.43528641547319025 accept=1
CLASSICAL_LM o=87 lambda=5.2851653091953501e-08 tau=5.2851653091953501e-08 prediction=55.159870548880875 rho=0.43528641547319025 accept=1
  MFCG it  88 cost=2.555672e+05 lam=5.285e-08 tau=0.00e+00 cg_it=0 shift=0 ckpt=1 alpha=0 acc mv=276
PCG_PREP o=88 rebuild=1 drift=0 previous_depth=1
ATTR_RADIUS o=88 raw_norm=18099.810968944479 norm=1552.1227026810059 radius=1552.1227026810063 next_radius=1552.1227026810063 lambda=5.2851653091953501e-08 next_lambda=5.2851653091953501e-08 rho=0.43875251735609605 accept=1
CLASSICAL_LM o=88 lambda=5.2851653091953501e-08 tau=5.2851653091953501e-08 prediction=54.790155459787307 rho=0.43875251735609605 accept=1
  MFCG it  89 cost=2.555432e+05 lam=5.285e-08 tau=0.00e+00 cg_it=0 shift=0 ckpt=1 alpha=0 acc mv=278
PCG_PREP o=89 rebuild=1 drift=0 previous_depth=1
ATTR_RADIUS o=89 raw_norm=26992.509243387838 norm=1552.1227026810072 radius=1552.1227026810063 next_radius=3104.2454053620127 lambda=5.2851653091953501e-08 next_lambda=5.2851653091953501e-08 rho=0.78565169471807061 accept=1
CLASSICAL_LM o=89 lambda=5.2851653091953501e-08 tau=5.2851653091953501e-08 prediction=142.08138375779501 rho=0.78565169471807061 accept=1
  MFCG it  90 cost=2.554315e+05 lam=5.285e-08 tau=0.00e+00 cg_it=1 shift=0 ckpt=2 alpha=0 acc mv=281
PCG_PREP o=90 rebuild=1 drift=0 previous_depth=2
POINT_SAFE o=90 frozen=1423 slope=-105.12716946321933 candidate=255458.63840784619 original=255413.63098119976 current=255431.53669701779 won=0 mode=1 camera_scale=1 keep_scale=0
ATTR_RADIUS o=90 raw_norm=18902.360584387989 norm=1552.1227026810059 radius=3104.2454053620127 next_radius=3104.2454053620127 lambda=5.2851653091953501e-08 next_lambda=5.2851653091953501e-08 rho=0.35727254968252581 accept=1
CLASSICAL_LM o=90 lambda=5.2851653091953501e-08 tau=5.2851653091953501e-08 prediction=50.11780455546684 rho=0.35727254968252581 accept=1
  MFCG it  91 cost=2.554136e+05 lam=5.285e-08 tau=0.00e+00 cg_it=0 shift=0 ckpt=1 alpha=0 acc mv=283
PCG_PREP o=91 rebuild=1 drift=0 previous_depth=1
POINT_SAFE o=91 frozen=957 slope=-107.18559343604714 candidate=255439.45835123162 original=255394.84039637266 current=255413.63098119976 won=0 mode=1 camera_scale=1 keep_scale=0
ATTR_RADIUS o=91 raw_norm=18462.963200289039 norm=1552.1227026810061 radius=3104.2454053620127 next_radius=3104.2454053620127 lambda=5.2851653091953501e-08 next_lambda=5.2851653091953501e-08 rho=0.36811197197411832 accept=1
CLASSICAL_LM o=91 lambda=5.2851653091953501e-08 tau=5.2851653091953501e-08 prediction=51.045840009857208 rho=0.36811197197411832 accept=1
  MFCG it  92 cost=2.553948e+05 lam=5.285e-08 tau=0.00e+00 cg_it=0 shift=0 ckpt=1 alpha=0 acc mv=285
PCG_PREP o=92 rebuild=1 drift=0 previous_depth=1
POINT_SAFE o=92 frozen=737 slope=-108.71881722848445 candidate=255418.98355599094 original=255375.23433526521 current=255394.84039637266 won=0 mode=1 camera_scale=1 keep_scale=0
ATTR_RADIUS o=92 raw_norm=18049.990526014451 norm=1552.1227026810056 radius=3104.2454053620127 next_radius=3104.2454053620127 lambda=5.2851653091953501e-08 next_lambda=5.2851653091953501e-08 rho=0.37896900338042833 accept=1
CLASSICAL_LM o=92 lambda=5.2851653091953501e-08 tau=5.2851653091953501e-08 prediction=51.735263128547672 rho=0.37896900338042833 accept=1
  MFCG it  93 cost=2.553752e+05 lam=5.285e-08 tau=0.00e+00 cg_it=0 shift=0 ckpt=1 alpha=0 acc mv=287
PCG_PREP o=93 rebuild=1 drift=0 previous_depth=1
POINT_SAFE o=93 frozen=625 slope=-109.84282628536886 candidate=255397.55126158558 original=255354.9198613991 current=255375.23433526521 won=0 mode=1 camera_scale=1 keep_scale=0
ATTR_RADIUS o=93 raw_norm=17656.533734876131 norm=1552.1227026810063 radius=3104.2454053620127 next_radius=3104.2454053620127 lambda=5.2851653091953501e-08 next_lambda=5.2851653091953501e-08 rho=0.38911615217416939 accept=1
CLASSICAL_LM o=93 lambda=5.2851653091953501e-08 tau=5.2851653091953501e-08 prediction=52.206709365829404 rho=0.38911615217416939 accept=1
  MFCG it  94 cost=2.553549e+05 lam=5.285e-08 tau=0.00e+00 cg_it=0 shift=0 ckpt=1 alpha=0 acc mv=289
PCG_PREP o=94 rebuild=1 drift=0 previous_depth=1
POINT_SAFE o=94 frozen=591 slope=-110.61692555640848 candidate=255375.42556991839 original=255333.98663762305 current=255354.9198613991 won=0 mode=1 camera_scale=1 keep_scale=0
ATTR_RADIUS o=94 raw_norm=17281.242718801444 norm=1552.1227026810066 radius=3104.2454053620127 next_radius=3104.2454053620127 lambda=5.2851653091953501e-08 next_lambda=5.2851653091953501e-08 rho=0.39866170190258227 accept=1
CLASSICAL_LM o=94 lambda=5.2851653091953501e-08 tau=5.2851653091953501e-08 prediction=52.508740308264976 rho=0.39866170190258227 accept=1
  MFCG it  95 cost=2.553340e+05 lam=5.285e-08 tau=0.00e+00 cg_it=0 shift=0 ckpt=1 alpha=0 acc mv=291
PCG_PREP o=95 rebuild=1 drift=0 previous_depth=1
POINT_SAFE o=95 frozen=580 slope=-111.10382807976312 candidate=255352.72353222346 original=255312.50586193355 current=255333.98663762305 won=0 mode=1 camera_scale=1 keep_scale=0
ATTR_RADIUS o=95 raw_norm=16922.154494306254 norm=1552.1227026810061 radius=3104.2454053620127 next_radius=3104.2454053620127 lambda=5.2851653091953501e-08 next_lambda=5.2851653091953501e-08 rho=0.40777963563285663 accept=1
CLASSICAL_LM o=95 lambda=5.2851653091953501e-08 tau=5.2851653091953501e-08 prediction=52.677411553829145 rho=0.40777963563285663 accept=1
  MFCG it  96 cost=2.553125e+05 lam=5.285e-08 tau=0.00e+00 cg_it=0 shift=0 ckpt=1 alpha=0 acc mv=293
PCG_PREP o=96 rebuild=1 drift=0 previous_depth=1
POINT_SAFE o=96 frozen=586 slope=-111.35212231366737 candidate=255329.5154552988 original=255290.53735711655 current=255312.50586193355 won=0 mode=1 camera_scale=1 keep_scale=0
ATTR_RADIUS o=96 raw_norm=16578.99559229282 norm=1552.1227026810072 radius=3104.2454053620127 next_radius=3104.2454053620127 lambda=5.2851653091953501e-08 next_lambda=5.2851653091953501e-08 rho=0.41658391525524774 accept=1
CLASSICAL_LM o=96 lambda=5.2851653091953501e-08 tau=5.2851653091953501e-08 prediction=52.734884887554401 rho=0.41658391525524774 accept=1
  MFCG it  97 cost=2.552905e+05 lam=5.285e-08 tau=0.00e+00 cg_it=0 shift=0 ckpt=1 alpha=0 acc mv=295
PCG_PREP o=97 rebuild=1 drift=0 previous_depth=1
POINT_SAFE o=97 frozen=595 slope=-111.39310568865719 candidate=255305.85882719234 original=255268.13431990671 current=255290.53735711655 won=0 mode=1 camera_scale=1 keep_scale=0
ATTR_RADIUS o=97 raw_norm=16250.112076781392 norm=1552.1227026810063 radius=3104.2454053620127 next_radius=3104.2454053620127 lambda=5.2851653091953501e-08 next_lambda=5.2851653091953501e-08 rho=0.4251438490101182 accept=1
CLASSICAL_LM o=97 lambda=5.2851653091953501e-08 tau=5.2851653091953501e-08 prediction=52.695193078793409 rho=0.4251438490101182 accept=1
  MFCG it  98 cost=2.552681e+05 lam=5.285e-08 tau=0.00e+00 cg_it=0 shift=0 ckpt=1 alpha=0 acc mv=297
PCG_PREP o=98 rebuild=1 drift=0 previous_depth=1
POINT_SAFE o=98 frozen=600 slope=-111.24851346861465 candidate=255281.80604878839 original=255245.34550195007 current=255268.13431990671 won=0 mode=1 camera_scale=1 keep_scale=0
ATTR_RADIUS o=98 raw_norm=15935.685617385612 norm=1552.1227026810063 radius=3104.2454053620127 next_radius=3104.2454053620127 lambda=5.2851653091953501e-08 next_lambda=5.2851653091953501e-08 rho=0.43350716737849088 accept=1
CLASSICAL_LM o=98 lambda=5.2851653091953501e-08 tau=5.2851653091953501e-08 prediction=52.56849176092053 rho=0.43350716737849088 accept=1
  MFCG it  99 cost=2.552453e+05 lam=5.285e-08 tau=0.00e+00 cg_it=0 shift=0 ckpt=1 alpha=0 acc mv=299
PCG_PREP o=99 rebuild=1 drift=0 previous_depth=1
POINT_SAFE o=99 frozen=605 slope=-110.93568699666223 candidate=255257.40831295465 original=255222.2166180448 current=255245.34550195007 won=0 mode=1 camera_scale=1 keep_scale=0
ATTR_RADIUS o=99 raw_norm=15636.360096915743 norm=1552.1227026810066 radius=3104.2454053620127 next_radius=3104.2454053620127 lambda=5.2851653091953501e-08 next_lambda=5.2851653091953501e-08 rho=0.44170575550812047 accept=1
CLASSICAL_LM o=99 lambda=5.2851653091953501e-08 tau=5.2851653091953501e-08 prediction=52.362650060254929 rho=0.44170575550812047 accept=1
  MFCG it 100 cost=2.552222e+05 lam=5.285e-08 tau=0.00e+00 cg_it=0 shift=0 ckpt=1 alpha=0 acc mv=301
PCG_PREP o=100 rebuild=1 drift=0 previous_depth=1
POINT_SAFE o=100 frozen=613 slope=-110.46910897985501 candidate=255232.71207486172 original=255198.79028711992 current=255222.2166180448 won=0 mode=1 camera_scale=1 keep_scale=0
ATTR_RADIUS o=100 raw_norm=15347.157013335653 norm=1552.1227026810063 radius=3104.2454053620127 next_radius=3104.2454053620127 lambda=5.2851653091953501e-08 next_lambda=5.2851653091953501e-08 rho=0.44977029236885091 accept=1
CLASSICAL_LM o=100 lambda=5.2851653091953501e-08 tau=5.2851653091953501e-08 prediction=52.085100599900208 rho=0.44977029236885091 accept=1
  MFCG it 101 cost=2.551988e+05 lam=5.285e-08 tau=0.00e+00 cg_it=0 shift=0 ckpt=1 alpha=0 acc mv=303
PCG_PREP o=101 rebuild=1 drift=0 previous_depth=1
POINT_SAFE o=101 frozen=615 slope=-109.86141537725128 candidate=255207.762354134 original=255175.1071201216 current=255198.79028711992 won=0 mode=1 camera_scale=1 keep_scale=0
ATTR_RADIUS o=101 raw_norm=15071.380025385944 norm=1552.1227026810072 radius=3104.2454053620127 next_radius=3104.2454053620127 lambda=5.2851653091953501e-08 next_lambda=5.2851653091953501e-08 rho=0.45771707361652653 accept=1
CLASSICAL_LM o=101 lambda=5.2851653091953501e-08 tau=5.2851653091953501e-08 prediction=51.74193484021918 rho=0.45771707361652653 accept=1
  MFCG it 102 cost=2.551751e+05 lam=5.285e-08 tau=0.00e+00 cg_it=0 shift=0 ckpt=1 alpha=0 acc mv=305
PCG_PREP o=102 rebuild=1 drift=0 previous_depth=1
ATTR_RADIUS o=102 raw_norm=8431.1190804460566 norm=3104.2454053620122 radius=3104.2454053620127 next_radius=6208.4908107240253 lambda=5.2851653091953501e-08 next_lambda=5.2851653091953501e-08 rho=0.94678263599456569 accept=1
CLASSICAL_LM o=102 lambda=5.2851653091953501e-08 tau=5.2851653091953501e-08 prediction=607.39739099432973 rho=0.94678263599456569 accept=1
  MFCG it 103 cost=2.546000e+05 lam=5.285e-08 tau=0.00e+00 cg_it=1 shift=0 ckpt=2 alpha=0 acc mv=308
PCG_PREP o=103 rebuild=1 drift=0 previous_depth=2
POINT_SAFE o=103 frozen=1217 slope=-119.4900962582421 candidate=254967.65882777673 original=254592.0483109027 current=254600.03381717976 won=0 mode=1 camera_scale=1 keep_scale=0
ATTR_RADIUS o=103 raw_norm=21119.585144108925 norm=1552.1227026810063 radius=6208.4908107240253 next_radius=6208.4908107240253 lambda=5.2851653091953501e-08 next_lambda=5.2851653091953501e-08 rho=0.28562874149844991 accept=1
CLASSICAL_LM o=103 lambda=5.2851653091953501e-08 tau=5.2851653091953501e-08 prediction=27.957642620881209 rho=0.28562874149844991 accept=1
  MFCG it 104 cost=2.545920e+05 lam=5.285e-08 tau=0.00e+00 cg_it=0 shift=0 ckpt=1 alpha=0 acc mv=310
PCG_PREP o=104 rebuild=1 drift=0 previous_depth=1
POINT_SAFE o=104 frozen=1000 slope=-114.26326835416336 candidate=254974.30719095943 original=254586.73330315665 current=254592.0483109027 won=0 mode=1 camera_scale=1 keep_scale=0
ATTR_RADIUS o=104 raw_norm=19725.726920104233 norm=1552.1227026810068 radius=6208.4908107240253 next_radius=1552.1227026810063 lambda=5.2851653091953501e-08 next_lambda=8.4562644947125601e-07 rho=0.19721855906907335 accept=1
CLASSICAL_LM o=104 lambda=5.2851653091953501e-08 tau=5.2851653091953501e-08 prediction=26.949835609454468 rho=0.19721855906907335 accept=1
  MFCG it 105 cost=2.545867e+05 lam=8.456e-07 tau=0.00e+00 cg_it=0 shift=0 ckpt=1 alpha=0 acc mv=312
PCG_PREP o=105 rebuild=1 drift=0 previous_depth=1
ATTR_RADIUS o=105 raw_norm=1401.3536358788017 norm=1401.3536358788017 radius=1552.1227026810063 next_radius=3104.2454053620127 lambda=8.4562644947125601e-07 next_lambda=2.11406612367814e-07 rho=1.0525784142945127 accept=1
CLASSICAL_LM o=105 lambda=8.4562644947125601e-07 tau=8.4562644947125601e-07 prediction=152.63573194769805 rho=1.0525784142945127 accept=1
  MFCG it 106 cost=2.544261e+05 lam=2.114e-07 tau=0.00e+00 cg_it=0 shift=0 ckpt=1 alpha=0 acc mv=314
PCG_PREP o=106 rebuild=1 drift=0 previous_depth=1
NUMERIC_REPAIR o=106 lambda=2.11406612367814e-07 rayleigh=-2.3568847315974822e-05 next_lambda=9.5121015713370546e-05 cg=6 rebuild=2
PCG_PREP o=106 rebuild=1 drift=0 previous_depth=6
ATTR_RADIUS o=106 raw_norm=1482.5594354908267 norm=1482.5594354908267 radius=3104.2454053620127 next_radius=3104.2454053620127 lambda=9.5121015713370546e-05 next_lambda=9.5121015713370546e-05 rho=0.99872979730513034 accept=1
CLASSICAL_LM o=106 lambda=9.5121015713370546e-05 tau=9.5121015713370546e-05 prediction=510.70701770900718 rho=0.99872979730513034 accept=1
  MFCG it 107 cost=2.539160e+05 lam=9.512e-05 tau=0.00e+00 cg_it=6 shift=0 ckpt=7 alpha=0 acc mv=329
PCG_PREP o=107 rebuild=1 drift=0 previous_depth=7
ATTR_RADIUS o=107 raw_norm=725.69009434697443 norm=725.69009434697443 radius=3104.2454053620127 next_radius=3104.2454053620127 lambda=9.5121015713370546e-05 next_lambda=9.5121015713370546e-05 rho=0.99887904361890378 accept=1
CLASSICAL_LM o=107 lambda=9.5121015713370546e-05 tau=9.5121015713370546e-05 prediction=75.888301054759324 rho=0.99887904361890378 accept=1
  MFCG it 108 cost=2.538402e+05 lam=9.512e-05 tau=0.00e+00 cg_it=57 shift=0 ckpt=58 alpha=0 acc mv=388
PCG_PREP o=108 rebuild=1 drift=0 previous_depth=58
ATTR_RADIUS o=108 raw_norm=491.39522711697219 norm=491.39522711697219 radius=3104.2454053620127 next_radius=3104.2454053620127 lambda=9.5121015713370546e-05 next_lambda=9.5121015713370546e-05 rho=0.99911603537223659 accept=1
CLASSICAL_LM o=108 lambda=9.5121015713370546e-05 tau=9.5121015713370546e-05 prediction=28.313607475209743 rho=0.99911603537223659 accept=1
  MFCG it 109 cost=2.538119e+05 lam=9.512e-05 tau=0.00e+00 cg_it=17 shift=0 ckpt=18 alpha=0 acc mv=407
PCG_PREP o=109 rebuild=1 drift=0 previous_depth=18
ATTR_RADIUS o=109 raw_norm=398.33679857556257 norm=398.33679857556257 radius=3104.2454053620127 next_radius=3104.2454053620127 lambda=9.5121015713370546e-05 next_lambda=9.5121015713370546e-05 rho=1.0005849237002782 accept=1
CLASSICAL_LM o=109 lambda=9.5121015713370546e-05 tau=9.5121015713370546e-05 prediction=17.196832588228034 rho=1.0005849237002782 accept=1
  MFCG it 110 cost=2.537947e+05 lam=9.512e-05 tau=0.00e+00 cg_it=14 shift=0 ckpt=15 alpha=0 acc mv=423
PCG_PREP o=110 rebuild=1 drift=0 previous_depth=15
ATTR_RADIUS o=110 raw_norm=349.00186194390545 norm=349.00186194390551 radius=3104.2454053620127 next_radius=3104.2454053620127 lambda=9.5121015713370546e-05 next_lambda=9.5121015713370546e-05 rho=1.0029522787324874 accept=1
CLASSICAL_LM o=110 lambda=9.5121015713370546e-05 tau=9.5121015713370546e-05 prediction=12.780874413771583 rho=1.0029522787324874 accept=1
  MFCG it 111 cost=2.537819e+05 lam=9.512e-05 tau=0.00e+00 cg_it=11 shift=0 ckpt=12 alpha=0 acc mv=436
PCG_PREP o=111 rebuild=1 drift=0 previous_depth=12
ATTR_RADIUS o=111 raw_norm=318.40038656804887 norm=318.40038656804887 radius=3104.2454053620127 next_radius=3104.2454053620127 lambda=9.5121015713370546e-05 next_lambda=9.5121015713370546e-05 rho=1.0049133157203327 accept=1
CLASSICAL_LM o=111 lambda=9.5121015713370546e-05 tau=9.5121015713370546e-05 prediction=10.474194948851418 rho=1.0049133157203327 accept=1
  MFCG it 112 cost=2.537714e+05 lam=9.512e-05 tau=0.00e+00 cg_it=14 shift=0 ckpt=15 alpha=0 acc mv=452
PCG_PREP o=112 rebuild=1 drift=0 previous_depth=15
ATTR_RADIUS o=112 raw_norm=293.44965048241772 norm=293.44965048241772 radius=3104.2454053620127 next_radius=3104.2454053620127 lambda=9.5121015713370546e-05 next_lambda=9.5121015713370546e-05 rho=1.0069062821061849 accept=1
CLASSICAL_LM o=112 lambda=9.5121015713370546e-05 tau=9.5121015713370546e-05 prediction=8.8241439606986507 rho=1.0069062821061849 accept=1
  MFCG it 113 cost=2.537625e+05 lam=9.512e-05 tau=0.00e+00 cg_it=11 shift=0 ckpt=12 alpha=0 acc mv=465
PCG_PREP o=113 rebuild=1 drift=0 previous_depth=12
ATTR_RADIUS o=113 raw_norm=273.50445410390449 norm=273.50445410390449 radius=3104.2454053620127 next_radius=3104.2454053620127 lambda=9.5121015713370546e-05 next_lambda=9.5121015713370546e-05 rho=1.0081964413770368 accept=1
CLASSICAL_LM o=113 lambda=9.5121015713370546e-05 tau=9.5121015713370546e-05 prediction=7.6188702574417473 rho=1.0081964413770368 accept=1
  MFCG it 114 cost=2.537548e+05 lam=9.512e-05 tau=0.00e+00 cg_it=9 shift=0 ckpt=10 alpha=0 acc mv=476
PCG_PREP o=114 rebuild=1 drift=0 previous_depth=10
ATTR_RADIUS o=114 raw_norm=257.12604534907769 norm=257.12604534907769 radius=3104.2454053620127 next_radius=3104.2454053620127 lambda=9.5121015713370546e-05 next_lambda=9.5121015713370546e-05 rho=1.009028219424853 accept=1
CLASSICAL_LM o=114 lambda=9.5121015713370546e-05 tau=9.5121015713370546e-05 prediction=6.6997055652158171 rho=1.009028219424853 accept=1
  MFCG it 115 cost=2.537480e+05 lam=9.512e-05 tau=0.00e+00 cg_it=9 shift=0 ckpt=10 alpha=0 acc mv=487
PCG_PREP o=115 rebuild=1 drift=0 previous_depth=10
ATTR_RADIUS o=115 raw_norm=242.41784587242731 norm=242.41784587242731 radius=3104.2454053620127 next_radius=3104.2454053620127 lambda=9.5121015713370546e-05 next_lambda=9.5121015713370546e-05 rho=1.009878708592794 accept=1
CLASSICAL_LM o=115 lambda=9.5121015713370546e-05 tau=9.5121015713370546e-05 prediction=5.9357441544870353 rho=1.009878708592794 accept=1
  MFCG it 116 cost=2.537420e+05 lam=9.512e-05 tau=0.00e+00 cg_it=9 shift=0 ckpt=10 alpha=0 acc mv=498
PCG_PREP o=116 rebuild=1 drift=0 previous_depth=10
ATTR_RADIUS o=116 raw_norm=229.2893617942479 norm=229.2893617942479 radius=3104.2454053620127 next_radius=3104.2454053620127 lambda=9.5121015713370546e-05 next_lambda=9.5121015713370546e-05 rho=1.0105542285689642 accept=1
CLASSICAL_LM o=116 lambda=9.5121015713370546e-05 tau=9.5121015713370546e-05 prediction=5.2953319572058852 rho=1.0105542285689642 accept=1
  MFCG it 117 cost=2.537367e+05 lam=9.512e-05 tau=0.00e+00 cg_it=9 shift=0 ckpt=10 alpha=0 acc mv=509
PCG_PREP o=117 rebuild=1 drift=0 previous_depth=10
ATTR_RADIUS o=117 raw_norm=217.38240458083772 norm=217.38240458083772 radius=3104.2454053620127 next_radius=3104.2454053620127 lambda=9.5121015713370546e-05 next_lambda=9.5121015713370546e-05 rho=1.0107942507351577 accept=1
CLASSICAL_LM o=117 lambda=9.5121015713370546e-05 tau=9.5121015713370546e-05 prediction=4.7474925107335944 rho=1.0107942507351577 accept=1
  MFCG it 118 cost=2.537319e+05 lam=9.512e-05 tau=0.00e+00 cg_it=8 shift=0 ckpt=9 alpha=0 acc mv=519
PCG_PREP o=118 rebuild=1 drift=0 previous_depth=9
ATTR_RADIUS o=118 raw_norm=205.54420804331025 norm=205.54420804331025 radius=3104.2454053620127 next_radius=3104.2454053620127 lambda=9.5121015713370546e-05 next_lambda=9.5121015713370546e-05 rho=1.0124837185655766 accept=1
CLASSICAL_LM o=118 lambda=9.5121015713370546e-05 tau=9.5121015713370546e-05 prediction=4.2409931643851193 rho=1.0124837185655766 accept=1
  MFCG it 119 cost=2.537276e+05 lam=9.512e-05 tau=0.00e+00 cg_it=3 shift=0 ckpt=4 alpha=0 acc mv=524
PCG_PREP o=119 rebuild=1 drift=0 previous_depth=4
ATTR_RADIUS o=119 raw_norm=197.14874982765147 norm=197.14874982765147 radius=3104.2454053620127 next_radius=3104.2454053620127 lambda=9.5121015713370546e-05 next_lambda=9.5121015713370546e-05 rho=1.0117040169787057 accept=1
CLASSICAL_LM o=119 lambda=9.5121015713370546e-05 tau=9.5121015713370546e-05 prediction=3.8920207734298522 rho=1.0117040169787057 accept=1
  MFCG it 120 cost=2.537237e+05 lam=9.512e-05 tau=0.00e+00 cg_it=9 shift=0 ckpt=10 alpha=0 acc mv=535
PCG_PREP o=120 rebuild=1 drift=0 previous_depth=10
ATTR_RADIUS o=120 raw_norm=187.99392940654874 norm=187.99392940654874 radius=3104.2454053620127 next_radius=3104.2454053620127 lambda=9.5121015713370546e-05 next_lambda=9.5121015713370546e-05 rho=1.011674498416578 accept=1
CLASSICAL_LM o=120 lambda=9.5121015713370546e-05 tau=9.5121015713370546e-05 prediction=3.5304817895813754 rho=1.011674498416578 accept=1
  MFCG it 121 cost=2.537201e+05 lam=9.512e-05 tau=0.00e+00 cg_it=8 shift=0 ckpt=9 alpha=0 acc mv=545
PCG_PREP o=121 rebuild=1 drift=0 previous_depth=9
ATTR_RADIUS o=121 raw_norm=178.91514123681961 norm=178.91514123681961 radius=3104.2454053620127 next_radius=3104.2454053620127 lambda=9.5121015713370546e-05 next_lambda=9.5121015713370546e-05 rho=1.0129665456998782 accept=1
CLASSICAL_LM o=121 lambda=9.5121015713370546e-05 tau=9.5121015713370546e-05 prediction=3.196914019301063 rho=1.0129665456998782 accept=1
  MFCG it 122 cost=2.537169e+05 lam=9.512e-05 tau=0.00e+00 cg_it=3 shift=0 ckpt=4 alpha=0 acc mv=550
PCG_PREP o=122 rebuild=1 drift=0 previous_depth=4
ATTR_RADIUS o=122 raw_norm=171.86843141669661 norm=171.86843141669661 radius=3104.2454053620127 next_radius=3104.2454053620127 lambda=9.5121015713370546e-05 next_lambda=9.5121015713370546e-05 rho=1.0122430803433538 accept=1
CLASSICAL_LM o=122 lambda=9.5121015713370546e-05 tau=9.5121015713370546e-05 prediction=2.9446197959156688 rho=1.0122430803433538 accept=1
  MFCG it 123 cost=2.537139e+05 lam=9.512e-05 tau=0.00e+00 cg_it=9 shift=0 ckpt=10 alpha=0 acc mv=561
PCG_PREP o=123 rebuild=1 drift=0 previous_depth=10
ATTR_RADIUS o=123 raw_norm=164.51062595734498 norm=164.51062595734498 radius=3104.2454053620127 next_radius=3104.2454053620127 lambda=9.5121015713370546e-05 next_lambda=9.5121015713370546e-05 rho=1.0122016359728827 accept=1
CLASSICAL_LM o=123 lambda=9.5121015713370546e-05 tau=9.5121015713370546e-05 prediction=2.6934559114846612 rho=1.0122016359728827 accept=1
  MFCG it 124 cost=2.537112e+05 lam=9.512e-05 tau=0.00e+00 cg_it=8 shift=0 ckpt=9 alpha=0 acc mv=571
PCG_PREP o=124 rebuild=1 drift=0 previous_depth=9
ATTR_RADIUS o=124 raw_norm=157.26842699872554 norm=157.26842699872554 radius=3104.2454053620127 next_radius=3104.2454053620127 lambda=9.5121015713370546e-05 next_lambda=9.5121015713370546e-05 rho=1.0132121051430669 accept=1
CLASSICAL_LM o=124 lambda=9.5121015713370546e-05 tau=9.5121015713370546e-05 prediction=2.4619340276168331 rho=1.0132121051430669 accept=1
  MFCG it 125 cost=2.537087e+05 lam=9.512e-05 tau=0.00e+00 cg_it=3 shift=0 ckpt=4 alpha=0 acc mv=576
PCG_PREP o=125 rebuild=1 drift=0 previous_depth=4
ATTR_RADIUS o=125 raw_norm=151.30695560919978 norm=151.30695560919978 radius=3104.2454053620127 next_radius=3104.2454053620127 lambda=9.5121015713370546e-05 next_lambda=9.5121015713370546e-05 rho=1.0123340153495488 accept=1
CLASSICAL_LM o=125 lambda=9.5121015713370546e-05 tau=9.5121015713370546e-05 prediction=2.2747336444809729 rho=1.0123340153495488 accept=1
  MFCG it 126 cost=2.537064e+05 lam=9.512e-05 tau=0.00e+00 cg_it=8 shift=0 ckpt=9 alpha=0 acc mv=586
PCG_PREP o=126 rebuild=1 drift=0 previous_depth=9
ATTR_RADIUS o=126 raw_norm=144.94806269475046 norm=144.94806269475046 radius=3104.2454053620127 next_radius=3104.2454053620127 lambda=9.5121015713370546e-05 next_lambda=9.5121015713370546e-05 rho=1.013264159497882 accept=1
CLASSICAL_LM o=126 lambda=9.5121015713370546e-05 tau=9.5121015713370546e-05 prediction=2.0878823867003979 rho=1.013264159497882 accept=1
  MFCG it 127 cost=2.537042e+05 lam=9.512e-05 tau=0.00e+00 cg_it=3 shift=0 ckpt=4 alpha=0 acc mv=591
PCG_PREP o=127 rebuild=1 drift=0 previous_depth=4
ATTR_RADIUS o=127 raw_norm=139.60256126749471 norm=139.60256126749471 radius=3104.2454053620127 next_radius=3104.2454053620127 lambda=9.5121015713370546e-05 next_lambda=9.5121015713370546e-05 rho=1.012424284263483 accept=1
CLASSICAL_LM o=127 lambda=9.5121015713370546e-05 tau=9.5121015713370546e-05 prediction=1.9337638195782973 rho=1.012424284263483 accept=1
  MFCG it 128 cost=2.537023e+05 lam=9.512e-05 tau=0.00e+00 cg_it=8 shift=0 ckpt=9 alpha=0 acc mv=601
PCG_PREP o=128 rebuild=1 drift=0 previous_depth=9
ATTR_RADIUS o=128 raw_norm=134.01715402112035 norm=134.01715402112035 radius=3104.2454053620127 next_radius=3104.2454053620127 lambda=9.5121015713370546e-05 next_lambda=9.5121015713370546e-05 rho=1.0132040871037864 accept=1
CLASSICAL_LM o=128 lambda=9.5121015713370546e-05 tau=9.5121015713370546e-05 prediction=1.7822387394914145 rho=1.0132040871037864 accept=1
  MFCG it 129 cost=2.537005e+05 lam=9.512e-05 tau=0.00e+00 cg_it=4 shift=0 ckpt=5 alpha=0 acc mv=607
PCG_PREP o=129 rebuild=1 drift=0 previous_depth=5
ATTR_RADIUS o=129 raw_norm=129.04833364919708 norm=129.0483336491971 radius=3104.2454053620127 next_radius=3104.2454053620127 lambda=9.5121015713370546e-05 next_lambda=9.5121015713370546e-05 rho=1.0128318795203581 accept=1
CLASSICAL_LM o=129 lambda=9.5121015713370546e-05 tau=9.5121015713370546e-05 prediction=1.6508444434660239 rho=1.0128318795203581 accept=1
  MFCG it 130 cost=2.536988e+05 lam=9.512e-05 tau=0.00e+00 cg_it=5 shift=0 ckpt=6 alpha=0 acc mv=614
PCG_PREP o=130 rebuild=1 drift=0 previous_depth=6
ATTR_RADIUS o=130 raw_norm=124.09001440295275 norm=124.09001440295275 radius=3104.2454053620127 next_radius=3104.2454053620127 lambda=9.5121015713370546e-05 next_lambda=9.5121015713370546e-05 rho=1.0132813066627158 accept=1
CLASSICAL_LM o=130 lambda=9.5121015713370546e-05 tau=9.5121015713370546e-05 prediction=1.5269344162792431 rho=1.0132813066627158 accept=1
  MFCG it 131 cost=2.536973e+05 lam=9.512e-05 tau=0.00e+00 cg_it=3 shift=0 ckpt=4 alpha=0 acc mv=619
PCG_PREP o=131 rebuild=1 drift=0 previous_depth=4
ATTR_RADIUS o=131 raw_norm=119.76252055446213 norm=119.76252055446213 radius=3104.2454053620127 next_radius=3104.2454053620127 lambda=9.5121015713370546e-05 next_lambda=9.5121015713370546e-05 rho=1.0124051698797332 accept=1
CLASSICAL_LM o=131 lambda=9.5121015713370546e-05 tau=9.5121015713370546e-05 prediction=1.420488212955995 rho=1.0124051698797332 accept=1
  MFCG: converged (OCA_FTOL: 8 outers < 1.0e-05 rel)
  [menu-backtrack] confirming stop with original retry policy at outer 132
  MFCG it 132 cost=2.536958e+05 lam=9.512e-05 tau=0.00e+00 cg_it=7 shift=0 ckpt=8 alpha=0 acc mv=628
PCG_PREP o=132 rebuild=1 drift=0 previous_depth=8
ATTR_RADIUS o=132 raw_norm=115.22275526199842 norm=115.22275526199842 radius=3104.2454053620127 next_radius=3104.2454053620127 lambda=9.5121015713370546e-05 next_lambda=9.5121015713370546e-05 rho=1.0131928965618677 accept=1
CLASSICAL_LM o=132 lambda=9.5121015713370546e-05 tau=9.5121015713370546e-05 prediction=1.3154487304255955 rho=1.0131928965618677 accept=1
  MFCG it 133 cost=2.536945e+05 lam=9.512e-05 tau=0.00e+00 cg_it=3 shift=0 ckpt=4 alpha=0 acc mv=633
PCG_PREP o=133 rebuild=1 drift=0 previous_depth=4
ATTR_RADIUS o=133 raw_norm=111.27333520877836 norm=111.27333520877836 radius=3104.2454053620127 next_radius=3104.2454053620127 lambda=9.5121015713370546e-05 next_lambda=9.5121015713370546e-05 rho=1.0124949951929574 accept=1
CLASSICAL_LM o=133 lambda=9.5121015713370546e-05 tau=9.5121015713370546e-05 prediction=1.2254304008737353 rho=1.0124949951929574 accept=1
  MFCG it 134 cost=2.536932e+05 lam=9.512e-05 tau=0.00e+00 cg_it=7 shift=0 ckpt=8 alpha=0 acc mv=642
PCG_PREP o=134 rebuild=1 drift=0 previous_depth=8
ATTR_RADIUS o=134 raw_norm=107.1635392967427 norm=107.1635392967427 radius=3104.2454053620127 next_radius=3104.2454053620127 lambda=9.5121015713370546e-05 next_lambda=9.5121015713370546e-05 rho=1.0132072786014634 accept=1
CLASSICAL_LM o=134 lambda=9.5121015713370546e-05 tau=9.5121015713370546e-05 prediction=1.1372368831116797 rho=1.0132072786014634 accept=1
  MFCG it 135 cost=2.536921e+05 lam=9.512e-05 tau=0.00e+00 cg_it=3 shift=0 ckpt=4 alpha=0 acc mv=647
PCG_PREP o=135 rebuild=1 drift=0 previous_depth=4
ATTR_RADIUS o=135 raw_norm=103.5708212247188 norm=103.5708212247188 radius=3104.2454053620127 next_radius=3104.2454053620127 lambda=9.5121015713370546e-05 next_lambda=9.5121015713370546e-05 rho=1.0125278355001146 accept=1
CLASSICAL_LM o=135 lambda=9.5121015713370546e-05 tau=9.5121015713370546e-05 prediction=1.06113965385307 rho=1.0125278355001146 accept=1
  MFCG it 136 cost=2.536910e+05 lam=9.512e-05 tau=0.00e+00 cg_it=7 shift=0 ckpt=8 alpha=0 acc mv=656
PCG_PREP o=136 rebuild=1 drift=0 previous_depth=8
ATTR_RADIUS o=136 raw_norm=99.871546329017136 norm=99.871546329017136 radius=3104.2454053620127 next_radius=3104.2454053620127 lambda=9.5121015713370546e-05 next_lambda=9.5121015713370546e-05 rho=1.01313882951098 accept=1
CLASSICAL_LM o=136 lambda=9.5121015713370546e-05 tau=9.5121015713370546e-05 prediction=0.98708306143538627 rho=1.01313882951098 accept=1
  MFCG it 137 cost=2.536900e+05 lam=9.512e-05 tau=0.00e+00 cg_it=4 shift=0 ckpt=5 alpha=0 acc mv=662
PCG_PREP o=137 rebuild=1 drift=0 previous_depth=5
ATTR_RADIUS o=137 raw_norm=96.515301623383664 norm=96.515301623383664 radius=3104.2454053620127 next_radius=3104.2454053620127 lambda=9.5121015713370546e-05 next_lambda=9.5121015713370546e-05 rho=1.0127759461651906 accept=1
CLASSICAL_LM o=137 lambda=9.5121015713370546e-05 tau=9.5121015713370546e-05 prediction=0.92121300327752986 rho=1.0127759461651906 accept=1
  MFCG it 138 cost=2.536891e+05 lam=9.512e-05 tau=0.00e+00 cg_it=5 shift=0 ckpt=6 alpha=0 acc mv=669
PCG_PREP o=138 rebuild=1 drift=0 previous_depth=6
ATTR_RADIUS o=138 raw_norm=93.187165785221325 norm=93.187165785221325 radius=3104.2454053620127 next_radius=3104.2454053620127 lambda=9.5121015713370546e-05 next_lambda=9.5121015713370546e-05 rho=1.0130879186197042 accept=1
CLASSICAL_LM o=138 lambda=9.5121015713370546e-05 tau=9.5121015713370546e-05 prediction=0.85897631435701571 rho=1.0130879186197042 accept=1
  MFCG it 139 cost=2.536882e+05 lam=9.512e-05 tau=0.00e+00 cg_it=4 shift=0 ckpt=5 alpha=0 acc mv=675
PCG_PREP o=139 rebuild=1 drift=0 previous_depth=5
ATTR_RADIUS o=139 raw_norm=90.126258108190612 norm=90.126258108190612 radius=3104.2454053620127 next_radius=3104.2454053620127 lambda=9.5121015713370546e-05 next_lambda=9.5121015713370546e-05 rho=1.0126290218498204 accept=1
CLASSICAL_LM o=139 lambda=9.5121015713370546e-05 tau=9.5121015713370546e-05 prediction=0.80298105596564706 rho=1.0126290218498204 accept=1
  MFCG: converged (OCA_FTOL: 8 outers < 1.0e-05 rel)
  MFCG: accepts=140 rejects=1 total_matvecs=682 negcurv=2 cand_evals=141 mean_cg_per_outer=4.9
NUMERIC_REPAIR summary rebuilds=2 floor=9.5121015713370546e-05
  [retry-cache] builds=143 reuses=0
  [menu-backtrack] trials=22 rescues=22 evals=47 total_scored=188
POINT_SAFE summary calls=22 evals=22 wins=3 frozen=13355 seconds=0.052947907
  [scoring] menu_evals=141 alpha_evals=0 backtrack_evals=47 total_scored=188
RESULT algo=mfree_shifted_cg iters=140 final_cost=253687.4010875048 solve_seconds=1.734493
DIAGNOSTICS median_reproj_err_px 3.252455 -> 0.370019 | cheirality_violations(obs) 0 -> 10 | cheirality_violations(pts, of 64053) 0 -> 5
