  [menu-backtrack] active=1 max_evals=8 warmup_accepts=3 confirm_stop=original armijo=1e-4
MIXED_STORAGE fragments=fp32 arithmetic=fp64 state=fp64 acceptance=fp64
  [compact-fragments] active=2 saved_bytes=39929448 storage=fp32 camera_reads=contiguous
  MFCG score_init=30562787.847235736 precision=fp64
PCG_PREP o=0 rebuild=1 drift=0 previous_depth=0
ATTR_RADIUS o=0 raw_norm=5445.85609839873 norm=5445.85609839873 radius=5445.85609839873 next_radius=10891.71219679746 lambda=0.10000000000000001 next_lambda=0.025000000000000001 rho=0.9964228353292125 accept=1
CLASSICAL_LM o=0 lambda=0.10000000000000001 tau=0.10000000000000001 prediction=28494581.33923297 rho=0.9964228353292125 accept=1
  MFCG it   1 cost=2.170136e+06 lam=2.500e-02 tau=0.00e+00 cg_it=0 shift=0 ckpt=1 alpha=0 acc mv=2
PCG_PREP o=1 rebuild=1 drift=0 previous_depth=1
ATTR_RADIUS o=1 raw_norm=2850.3640786061196 norm=2850.3640786061196 radius=10891.71219679746 next_radius=10891.71219679746 lambda=0.025000000000000001 next_lambda=0.0025000000000000005 rho=0.99898041080055533 accept=1
CLASSICAL_LM o=1 lambda=0.025000000000000001 tau=0.025000000000000001 prediction=1301657.1942207047 rho=0.99898041080055533 accept=1
  MFCG it   2 cost=8.698063e+05 lam=2.500e-03 tau=0.00e+00 cg_it=4 shift=0 ckpt=5 alpha=0 acc mv=8
PCG_PREP o=2 rebuild=1 drift=0 previous_depth=5
ATTR_RADIUS o=2 raw_norm=2272.8893580214062 norm=2272.8893580214062 radius=10891.71219679746 next_radius=10891.71219679746 lambda=0.0025000000000000005 next_lambda=0.00025000000000000006 rho=0.99190491987085427 accept=1
CLASSICAL_LM o=2 lambda=0.0025000000000000005 tau=0.0025000000000000005 prediction=304855.50474077149 rho=0.99190491987085427 accept=1
  MFCG it   3 cost=5.674186e+05 lam=2.500e-04 tau=0.00e+00 cg_it=9 shift=0 ckpt=10 alpha=0 acc mv=19
PCG_PREP o=3 rebuild=1 drift=0 previous_depth=10
ATTR_RADIUS o=3 raw_norm=2295.2916485711098 norm=2295.2916485711098 radius=10891.71219679746 next_radius=10891.71219679746 lambda=0.00025000000000000006 next_lambda=2.5000000000000008e-05 rho=0.9831149584032326 accept=1
CLASSICAL_LM o=3 lambda=0.00025000000000000006 tau=0.00025000000000000006 prediction=169689.65635673358 rho=0.9831149584032326 accept=1
  MFCG it   4 cost=4.005942e+05 lam=2.500e-05 tau=0.00e+00 cg_it=0 shift=0 ckpt=1 alpha=0 acc mv=21
PCG_PREP o=4 rebuild=1 drift=0 previous_depth=1
ATTR_RADIUS o=4 raw_norm=7330.225339813117 norm=7330.225339813117 radius=10891.71219679746 next_radius=10891.71219679746 lambda=2.5000000000000008e-05 next_lambda=2.5000000000000011e-06 rho=0.77434215250036709 accept=1
CLASSICAL_LM o=4 lambda=2.5000000000000008e-05 tau=2.5000000000000008e-05 prediction=37640.562392143154 rho=0.77434215250036709 accept=1
  MFCG it   5 cost=3.714475e+05 lam=2.500e-06 tau=0.00e+00 cg_it=7 shift=0 ckpt=8 alpha=0 acc mv=30
PCG_PREP o=5 rebuild=1 drift=0 previous_depth=8
ATTR_RADIUS o=5 raw_norm=732.61597061525617 norm=732.61597061525617 radius=10891.71219679746 next_radius=10891.71219679746 lambda=2.5000000000000011e-06 next_lambda=2.5000000000000009e-07 rho=0.93246850055112529 accept=1
CLASSICAL_LM o=5 lambda=2.5000000000000011e-06 tau=2.5000000000000011e-06 prediction=9528.1107666917505 rho=0.93246850055112529 accept=1
  MFCG it   6 cost=3.625628e+05 lam=2.500e-07 tau=0.00e+00 cg_it=0 shift=0 ckpt=1 alpha=0 acc mv=32
PCG_PREP o=6 rebuild=1 drift=0 previous_depth=1
POINT_SAFE o=6 frozen=56 slope=-10369.928352631088 candidate=370151.20320795727 original=360836.35747898067 current=362562.82735780219 won=0 mode=1 camera_scale=1 keep_scale=0
ATTR_RADIUS o=6 raw_norm=8283.2632738118336 norm=2070.8158184529584 radius=10891.71219679746 next_radius=10891.71219679746 lambda=2.5000000000000009e-07 next_lambda=2.5000000000000012e-08 rho=0.78419434489999429 accept=1
CLASSICAL_LM o=6 lambda=2.5000000000000009e-07 tau=2.5000000000000009e-07 prediction=2201.5841991843085 rho=0.78419434489999429 accept=1
  MFCG it   7 cost=3.608364e+05 lam=2.500e-08 tau=0.00e+00 cg_it=19 shift=0 ckpt=20 alpha=0 acc mv=53
PCG_PREP o=7 rebuild=1 drift=0 previous_depth=20
ATTR_RADIUS o=7 raw_norm=36565.741199526296 norm=10891.71219679746 radius=10891.71219679746 next_radius=10891.71219679746 lambda=2.5000000000000012e-08 next_lambda=2.5000000000000012e-08 rho=0.41438458886902824 accept=1
CLASSICAL_LM o=7 lambda=2.5000000000000012e-08 tau=2.5000000000000012e-08 prediction=2225.8060502716953 rho=0.41438458886902824 accept=1
  MFCG it   8 cost=3.599140e+05 lam=2.500e-08 tau=0.00e+00 cg_it=18 shift=0 ckpt=19 alpha=0 acc mv=73
PCG_PREP o=8 rebuild=1 drift=0 previous_depth=19
POINT_SAFE o=8 frozen=12 slope=-2506.6486384215759 candidate=360120.86004626739 original=359383.67102812242 current=359914.01775393664 won=0 mode=1 camera_scale=1 keep_scale=0
ATTR_RADIUS o=8 raw_norm=52007.051882387321 norm=5445.856098398729 radius=10891.71219679746 next_radius=10891.71219679746 lambda=2.5000000000000012e-08 next_lambda=2.5000000000000013e-09 rho=0.55938831390256805 accept=1
CLASSICAL_LM o=8 lambda=2.5000000000000012e-08 tau=2.5000000000000012e-08 prediction=948.08331284981523 rho=0.55938831390256805 accept=1
  MFCG it   9 cost=3.593837e+05 lam=2.500e-09 tau=0.00e+00 cg_it=0 shift=0 ckpt=1 alpha=0 acc mv=75
PCG_PREP o=9 rebuild=1 drift=0 previous_depth=1
POINT_SAFE o=9 frozen=2 slope=-1378.1680278192841 candidate=360137.3036209328 original=359237.96187679598 current=359383.67102812242 won=0 mode=1 camera_scale=1 keep_scale=0
ATTR_RADIUS o=9 raw_norm=191479.71792269603 norm=5445.85609839873 radius=10891.71219679746 next_radius=10891.71219679746 lambda=2.5000000000000013e-09 next_lambda=2.5000000000000012e-10 rho=0.2799243582945003 accept=1
CLASSICAL_LM o=9 lambda=2.5000000000000013e-09 tau=2.5000000000000013e-09 prediction=520.53044691862613 rho=0.2799243582945003 accept=1
  MFCG it  10 cost=3.592380e+05 lam=2.500e-10 tau=0.00e+00 cg_it=0 shift=0 ckpt=1 alpha=0 acc mv=77
PCG_PREP o=10 rebuild=1 drift=0 previous_depth=1
POINT_SAFE o=10 frozen=0 slope=-939.45608676200675 candidate=inf original=359181.21404652932 current=359237.96187679598 won=0 mode=1 camera_scale=1 keep_scale=0
ATTR_RADIUS o=10 raw_norm=284504.10130755743 norm=2722.9280491993645 radius=10891.71219679746 next_radius=10891.71219679746 lambda=2.5000000000000012e-10 next_lambda=2.5000000000000014e-11 rho=0.27465675730147343 accept=1
CLASSICAL_LM o=10 lambda=2.5000000000000012e-10 tau=2.5000000000000012e-10 prediction=206.61363231769425 rho=0.27465675730147343 accept=1
  MFCG it  11 cost=3.591812e+05 lam=2.500e-11 tau=0.00e+00 cg_it=0 shift=0 ckpt=1 alpha=0 acc mv=79
PCG_PREP o=11 rebuild=1 drift=0 previous_depth=1
POINT_SAFE o=11 frozen=0 slope=-752.70587867672043 candidate=inf original=359163.94897285249 current=359181.21404652932 won=0 mode=1 camera_scale=1 keep_scale=0
ATTR_RADIUS o=11 raw_norm=296480.81541749201 norm=2722.9280491993654 radius=10891.71219679746 next_radius=2722.928049199365 lambda=2.5000000000000014e-11 next_lambda=4.0000000000000022e-10 rho=0.10415835270020156 accept=1
CLASSICAL_LM o=11 lambda=2.5000000000000014e-11 tau=2.5000000000000014e-11 prediction=165.7579371144665 rho=0.10415835270020156 accept=1
  MFCG it  12 cost=3.591639e+05 lam=4.000e-10 tau=0.00e+00 cg_it=0 shift=0 ckpt=1 alpha=0 acc mv=81
PCG_PREP o=12 rebuild=1 drift=0 previous_depth=1
ATTR_RADIUS o=12 raw_norm=266922.93809764116 norm=2722.9280491993645 radius=2722.928049199365 next_radius=2722.928049199365 lambda=4.0000000000000022e-10 next_lambda=4.0000000000000022e-10 rho=0.53145583230216586 accept=1
CLASSICAL_LM o=12 lambda=4.0000000000000022e-10 tau=4.0000000000000022e-10 prediction=307.23102367536234 rho=0.53145583230216586 accept=1
  MFCG it  13 cost=3.590007e+05 lam=4.000e-10 tau=0.00e+00 cg_it=0 shift=0 ckpt=1 alpha=0 acc mv=83
PCG_PREP o=13 rebuild=1 drift=0 previous_depth=1
ATTR_RADIUS o=13 raw_norm=263628.52589227044 norm=2722.928049199365 radius=2722.928049199365 next_radius=2722.928049199365 lambda=4.0000000000000022e-10 next_lambda=4.0000000000000022e-10 rho=0.27538178908641842 accept=1
CLASSICAL_LM o=13 lambda=4.0000000000000022e-10 tau=4.0000000000000022e-10 prediction=101.84885938444522 rho=0.27538178908641842 accept=1
  MFCG it  14 cost=3.589726e+05 lam=4.000e-10 tau=0.00e+00 cg_it=0 shift=0 ckpt=1 alpha=0 acc mv=85
PCG_PREP o=14 rebuild=1 drift=0 previous_depth=1
POINT_SAFE o=14 frozen=2 slope=-73.087392721690975 candidate=358988.01518357696 original=358960.48488142603 current=358972.62193234236 won=0 mode=1 camera_scale=1 keep_scale=0
ATTR_RADIUS o=14 raw_norm=260465.37291918401 norm=1361.4640245996825 radius=2722.928049199365 next_radius=2722.928049199365 lambda=4.0000000000000022e-10 next_lambda=4.0000000000000023e-11 rho=0.4269415969407408 accept=1
CLASSICAL_LM o=14 lambda=4.0000000000000022e-10 tau=4.0000000000000022e-10 prediction=28.427895064085273 rho=0.4269415969407408 accept=1
  MFCG it  15 cost=3.589605e+05 lam=4.000e-11 tau=0.00e+00 cg_it=0 shift=0 ckpt=1 alpha=0 acc mv=87
PCG_PREP o=15 rebuild=1 drift=0 previous_depth=1
POINT_SAFE o=15 frozen=2 slope=-34.755953750326348 candidate=358998.33617394278 original=358958.35141534678 current=358960.48488142603 won=0 mode=1 camera_scale=1 keep_scale=0
ATTR_RADIUS o=15 raw_norm=284423.33366903075 norm=680.73201229984102 radius=2722.928049199365 next_radius=2722.928049199365 lambda=4.0000000000000023e-11 next_lambda=4.0000000000000023e-12 rho=0.27176410380213445 accept=1
CLASSICAL_LM o=15 lambda=4.0000000000000023e-11 tau=4.0000000000000023e-11 prediction=7.8504337011424328 rho=0.27176410380213445 accept=1
  MFCG it  16 cost=3.589584e+05 lam=4.000e-12 tau=0.00e+00 cg_it=0 shift=0 ckpt=1 alpha=0 acc mv=89
PCG_PREP o=16 rebuild=1 drift=0 previous_depth=1
POINT_SAFE o=16 frozen=3 slope=-29.14658122143782 candidate=359000.34916791215 original=358958.17023785337 current=358958.35141534678 won=0 mode=1 camera_scale=1 keep_scale=0
ATTR_RADIUS o=16 raw_norm=286849.25775939616 norm=2722.928049199365 radius=2722.928049199365 next_radius=680.73201229984124 lambda=4.0000000000000023e-12 next_lambda=6.4000000000000037e-11 rho=0.027345757792787095 accept=0
CLASSICAL_LM o=16 lambda=4.0000000000000023e-12 tau=4.0000000000000023e-12 prediction=6.6254332679500356 rho=0.027345757792787095 accept=0
  MFCG it  17  retry 1/8  lam=6.400e-11 tau_eff=4.000e-12  (assembly reused)
PCG_PREP o=16 rebuild=1 drift=0 previous_depth=1
ATTR_RADIUS o=16 raw_norm=282279.38794680056 norm=680.73201229984113 radius=680.73201229984124 next_radius=680.73201229984124 lambda=6.4000000000000037e-11 next_lambda=6.4000000000000037e-11 rho=0.50615123979181342 accept=1
CLASSICAL_LM o=16 lambda=6.4000000000000037e-11 tau=6.4000000000000037e-11 prediction=12.527051590372643 rho=0.50615123979181342 accept=1
  MFCG it  17 cost=3.589520e+05 lam=6.400e-11 tau=0.00e+00 cg_it=0 shift=0 ckpt=1 alpha=0 acc mv=93
PCG_PREP o=17 rebuild=1 drift=0 previous_depth=1
ATTR_RADIUS o=17 raw_norm=282105.94861843891 norm=680.73201229984147 radius=680.73201229984124 next_radius=680.73201229984124 lambda=6.4000000000000037e-11 next_lambda=6.4000000000000037e-11 rho=0.39608243001728688 accept=1
CLASSICAL_LM o=17 lambda=6.4000000000000037e-11 tau=6.4000000000000037e-11 prediction=5.4285182670953818 rho=0.39608243001728688 accept=1
  MFCG it  18 cost=3.589499e+05 lam=6.400e-11 tau=0.00e+00 cg_it=0 shift=0 ckpt=1 alpha=0 acc mv=95
PCG_PREP o=18 rebuild=1 drift=0 previous_depth=1
POINT_SAFE o=18 frozen=11 slope=-2.9694803475813325 candidate=358950.27777342702 original=358949.24256530765 current=358949.86069194676 won=0 mode=1 camera_scale=1 keep_scale=0
ATTR_RADIUS o=18 raw_norm=282000.30455926264 norm=340.36600614992074 radius=680.73201229984124 next_radius=680.73201229984124 lambda=6.4000000000000037e-11 next_lambda=6.4000000000000042e-12 rho=0.45384386366075669 accept=1
CLASSICAL_LM o=18 lambda=6.4000000000000037e-11 tau=6.4000000000000037e-11 prediction=1.3619808233626784 rho=0.45384386366075669 accept=1
  MFCG it  19 cost=3.589492e+05 lam=6.400e-12 tau=0.00e+00 cg_it=0 shift=0 ckpt=1 alpha=0 acc mv=97
PCG_PREP o=19 rebuild=1 drift=0 previous_depth=1
POINT_SAFE o=19 frozen=20 slope=-2.3102937876608607 candidate=358950.05780570093 original=358948.89860942471 current=358949.24256530765 won=0 mode=1 camera_scale=1 keep_scale=0
ATTR_RADIUS o=19 raw_norm=286279.4763026617 norm=340.36600614992062 radius=680.73201229984124 next_radius=680.73201229984124 lambda=6.4000000000000042e-12 next_lambda=6.400000000000005e-13 rho=0.30889852813892205 accept=1
CLASSICAL_LM o=19 lambda=6.4000000000000042e-12 tau=6.4000000000000042e-12 prediction=1.1134914918943355 rho=0.30889852813892205 accept=1
  MFCG it  20 cost=3.589489e+05 lam=6.400e-13 tau=0.00e+00 cg_it=0 shift=0 ckpt=1 alpha=0 acc mv=99
PCG_PREP o=20 rebuild=1 drift=0 previous_depth=1
POINT_SAFE o=20 frozen=43 slope=-2.2016016129924316 candidate=358949.79310211248 original=358948.60377065989 current=358948.89860942471 won=0 mode=1 camera_scale=1 keep_scale=0
ATTR_RADIUS o=20 raw_norm=286724.91773632052 norm=340.36600614992062 radius=680.73201229984124 next_radius=680.73201229984124 lambda=6.400000000000005e-13 next_lambda=6.4000000000000055e-14 rho=0.2746301529374035 accept=1
CLASSICAL_LM o=20 lambda=6.400000000000005e-13 tau=6.400000000000005e-13 prediction=1.073584825510336 rho=0.2746301529374035 accept=1
  MFCG it  21 cost=3.589486e+05 lam=6.400e-14 tau=0.00e+00 cg_it=0 shift=0 ckpt=1 alpha=0 acc mv=101
PCG_PREP o=21 rebuild=1 drift=0 previous_depth=1
POINT_SAFE o=21 frozen=61 slope=-2.1648103380704242 candidate=358949.52611969167 original=358948.31716558879 current=358948.60377065989 won=0 mode=1 camera_scale=1 keep_scale=0
ATTR_RADIUS o=21 raw_norm=286795.30325266073 norm=340.36600614992062 radius=680.73201229984124 next_radius=680.73201229984124 lambda=6.4000000000000055e-14 next_lambda=6.4000000000000062e-15 rho=0.2706673414710053 accept=1
CLASSICAL_LM o=21 lambda=6.4000000000000055e-14 tau=6.4000000000000055e-14 prediction=1.0588830907496289 rho=0.2706673414710053 accept=1
  MFCG it  22 cost=3.589483e+05 lam=6.400e-15 tau=0.00e+00 cg_it=0 shift=0 ckpt=1 alpha=0 acc mv=103
PCG_PREP o=22 rebuild=1 drift=0 previous_depth=1
POINT_SAFE o=22 frozen=81 slope=-2.0425964949385915 candidate=358949.27300812013 original=358948.04384637182 current=358948.31716558879 won=0 mode=1 camera_scale=1 keep_scale=0
ATTR_RADIUS o=22 raw_norm=286958.48551888496 norm=340.36600614992057 radius=680.73201229984124 next_radius=680.73201229984124 lambda=6.4000000000000062e-15 next_lambda=6.4000000000000064e-16 rho=0.26000801006820012 accept=1
CLASSICAL_LM o=22 lambda=6.4000000000000062e-15 tau=6.4000000000000062e-15 prediction=1.0511953723935876 rho=0.26000801006820012 accept=1
  MFCG it  23 cost=3.589480e+05 lam=6.400e-16 tau=0.00e+00 cg_it=0 shift=0 ckpt=1 alpha=0 acc mv=105
PCG_PREP o=23 rebuild=1 drift=0 previous_depth=1
POINT_SAFE o=23 frozen=88 slope=-2.0922800200710903 candidate=358949.02225858148 original=358947.77488259476 current=358948.04384637182 won=0 mode=1 camera_scale=1 keep_scale=0
ATTR_RADIUS o=23 raw_norm=287381.65250615485 norm=340.36600614992057 radius=680.73201229984124 next_radius=680.73201229984124 lambda=6.4000000000000064e-16 next_lambda=9.9999999999999998e-17 rho=0.25566087420094324 accept=1
CLASSICAL_LM o=23 lambda=6.4000000000000064e-16 tau=6.4000000000000064e-16 prediction=1.0520333934292396 rho=0.25566087420094324 accept=1
  MFCG it  24 cost=3.589478e+05 lam=1.000e-16 tau=0.00e+00 cg_it=0 shift=0 ckpt=1 alpha=0 acc mv=107
PCG_PREP o=24 rebuild=1 drift=0 previous_depth=1
POINT_SAFE o=24 frozen=92 slope=-2.1411438515654275 candidate=358948.77513447945 original=358947.5086466599 current=358947.77488259476 won=0 mode=1 camera_scale=1 keep_scale=0
ATTR_RADIUS o=24 raw_norm=289234.62135150866 norm=340.36600614992057 radius=680.73201229984124 next_radius=680.73201229984124 lambda=9.9999999999999998e-17 next_lambda=9.9999999999999998e-17 rho=0.25643032717171016 accept=1
CLASSICAL_LM o=24 lambda=9.9999999999999998e-17 tau=9.9999999999999998e-17 prediction=1.0382388768049025 rho=0.25643032717171016 accept=1
  MFCG: converged (OCA_FTOL: 8 outers < 1.0e-05 rel)
  [menu-backtrack] confirming stop with original retry policy at outer 25
  MFCG it  25 cost=3.589475e+05 lam=1.000e-16 tau=0.00e+00 cg_it=0 shift=0 ckpt=1 alpha=0 acc mv=109
PCG_PREP o=25 rebuild=1 drift=0 previous_depth=1
ATTR_RADIUS o=25 raw_norm=289846.73580453126 norm=680.73201229984124 radius=680.73201229984124 next_radius=170.18300307496031 lambda=9.9999999999999998e-17 next_lambda=1.6e-15 rho=-1 accept=0
CLASSICAL_LM o=25 lambda=9.9999999999999998e-17 tau=9.9999999999999998e-17 prediction=2.013631792027256 rho=-1 accept=0
  MFCG it  26  retry 1/8  lam=1.600e-15 tau_eff=1.000e-16  (assembly reused)
PCG_PREP o=25 rebuild=1 drift=0 previous_depth=1
ATTR_RADIUS o=25 raw_norm=287446.04564029328 norm=170.18300307496028 radius=170.18300307496031 next_radius=170.18300307496031 lambda=1.6e-15 next_lambda=1.6e-15 rho=0.55657449950536486 accept=1
CLASSICAL_LM o=25 lambda=1.6e-15 tau=1.6e-15 prediction=0.5631397148095223 rho=0.55657449950536486 accept=1
  MFCG it  26 cost=3.589472e+05 lam=1.600e-15 tau=0.00e+00 cg_it=0 shift=0 ckpt=1 alpha=0 acc mv=113
PCG_PREP o=26 rebuild=1 drift=0 previous_depth=1
ATTR_RADIUS o=26 raw_norm=287525.41774113179 norm=170.18300307496034 radius=170.18300307496031 next_radius=170.18300307496031 lambda=1.6e-15 next_lambda=1.6e-15 rho=0.55609767224044704 accept=1
CLASSICAL_LM o=26 lambda=1.6e-15 tau=1.6e-15 prediction=0.56492526597230031 rho=0.55609767224044704 accept=1
  MFCG it  27 cost=3.589469e+05 lam=1.600e-15 tau=0.00e+00 cg_it=0 shift=0 ckpt=1 alpha=0 acc mv=115
PCG_PREP o=27 rebuild=1 drift=0 previous_depth=1
ATTR_RADIUS o=27 raw_norm=287573.66991262266 norm=170.18300307496031 radius=170.18300307496031 next_radius=170.18300307496031 lambda=1.6e-15 next_lambda=1.6e-15 rho=0.43631337259800834 accept=1
CLASSICAL_LM o=27 lambda=1.6e-15 tau=1.6e-15 prediction=0.56492734011877133 rho=0.43631337259800834 accept=1
  MFCG it  28 cost=3.589466e+05 lam=1.600e-15 tau=0.00e+00 cg_it=0 shift=0 ckpt=1 alpha=0 acc mv=117
PCG_PREP o=28 rebuild=1 drift=0 previous_depth=1
ATTR_RADIUS o=28 raw_norm=287789.16073251638 norm=170.18300307496034 radius=170.18300307496031 next_radius=170.18300307496031 lambda=1.6e-15 next_lambda=1.6e-15 rho=0.49424002355645458 accept=1
CLASSICAL_LM o=28 lambda=1.6e-15 tau=1.6e-15 prediction=0.63231507314895108 rho=0.49424002355645458 accept=1
  MFCG it  29 cost=3.589463e+05 lam=1.600e-15 tau=0.00e+00 cg_it=0 shift=0 ckpt=1 alpha=0 acc mv=119
PCG_PREP o=29 rebuild=1 drift=0 previous_depth=1
ATTR_RADIUS o=29 raw_norm=287783.6710963223 norm=170.18300307496031 radius=170.18300307496031 next_radius=170.18300307496031 lambda=1.6e-15 next_lambda=1.6e-15 rho=0.50151798973443873 accept=1
CLASSICAL_LM o=29 lambda=1.6e-15 tau=1.6e-15 prediction=0.61866224798338165 rho=0.50151798973443873 accept=1
  MFCG it  30 cost=3.589460e+05 lam=1.600e-15 tau=0.00e+00 cg_it=0 shift=0 ckpt=1 alpha=0 acc mv=121
PCG_PREP o=30 rebuild=1 drift=0 previous_depth=1
ATTR_RADIUS o=30 raw_norm=288022.47142641566 norm=170.18300307496031 radius=170.18300307496031 next_radius=170.18300307496031 lambda=1.6e-15 next_lambda=1.6e-15 rho=0.49174575004829946 accept=1
CLASSICAL_LM o=30 lambda=1.6e-15 tau=1.6e-15 prediction=0.6370457907495215 rho=0.49174575004829946 accept=1
  MFCG it  31 cost=3.589457e+05 lam=1.600e-15 tau=0.00e+00 cg_it=0 shift=0 ckpt=1 alpha=0 acc mv=123
PCG_PREP o=31 rebuild=1 drift=0 previous_depth=1
ATTR_RADIUS o=31 raw_norm=287755.44720255269 norm=170.18300307496031 radius=170.18300307496031 next_radius=170.18300307496031 lambda=1.6e-15 next_lambda=1.6e-15 rho=0.4914214516583853 accept=1
CLASSICAL_LM o=31 lambda=1.6e-15 tau=1.6e-15 prediction=0.63748401269340127 rho=0.4914214516583853 accept=1
  MFCG it  32 cost=3.589454e+05 lam=1.600e-15 tau=0.00e+00 cg_it=0 shift=0 ckpt=1 alpha=0 acc mv=125
PCG_PREP o=32 rebuild=1 drift=0 previous_depth=1
ATTR_RADIUS o=32 raw_norm=288165.08414706128 norm=170.18300307496031 radius=170.18300307496031 next_radius=170.18300307496031 lambda=1.6e-15 next_lambda=1.6e-15 rho=0.49040149967103164 accept=1
CLASSICAL_LM o=32 lambda=1.6e-15 tau=1.6e-15 prediction=0.63661597532022718 rho=0.49040149967103164 accept=1
  MFCG: converged (OCA_FTOL: 8 outers < 1.0e-05 rel)
  MFCG: accepts=33 rejects=2 total_matvecs=127 negcurv=0 cand_evals=35 mean_cg_per_outer=3.8
NUMERIC_REPAIR summary rebuilds=0 floor=9.9999999999999998e-17
  [retry-cache] builds=35 reuses=0
  [menu-backtrack] trials=15 rescues=15 evals=33 total_scored=68
POINT_SAFE summary calls=15 evals=13 wins=0 frozen=473 seconds=0.035923549
  [scoring] menu_evals=35 alpha_evals=0 backtrack_evals=33 total_scored=68
RESULT algo=mfree_shifted_cg iters=33 final_cost=358945.0730575048 solve_seconds=0.417962
DIAGNOSTICS median_reproj_err_px 4.948600 -> 0.656435 | cheirality_violations(obs) 0 -> 22 | cheirality_violations(pts, of 64298) 0 -> 11
