  [menu-backtrack] active=1 max_evals=8 warmup_accepts=3 confirm_stop=original armijo=1e-4
MIXED_STORAGE fragments=fp32 arithmetic=fp64 state=fp64 acceptance=fp64
TRACK_TAU rule=1,1,0.3 classes=le2,3to5,ge6 scope=all_attempts
  [compact-fragments] active=2 saved_bytes=171996448 storage=fp32 camera_reads=contiguous
  MFCG score_init=90993342.024340242 precision=fp64
PCG_PREP o=0 rebuild=1 drift=0 previous_depth=0
ATTR_RADIUS o=0 raw_norm=8818.6627176946895 norm=8818.6627176946895 radius=8818.6627176946895 next_radius=17637.325435389379 lambda=0.10000000000000001 next_lambda=0.025000000000000001 rho=0.99552962083920515 accept=1
CLASSICAL_LM o=0 lambda=0.10000000000000001 tau=0.10000000000000001 prediction=83471602.149306878 rho=0.99552962083920515 accept=1
  MFCG it   1 cost=7.894890e+06 lam=2.500e-02 tau=0.00e+00 cg_it=0 shift=0 ckpt=1 alpha=0 acc mv=2
PCG_PREP o=1 rebuild=1 drift=0 previous_depth=1
ATTR_RADIUS o=1 raw_norm=4755.1103345526262 norm=4755.1103345526262 radius=17637.325435389379 next_radius=17637.325435389379 lambda=0.025000000000000001 next_lambda=0.0025000000000000005 rho=0.99530635725805827 accept=1
CLASSICAL_LM o=1 lambda=0.025000000000000001 tau=0.025000000000000001 prediction=4317984.2636208143 rho=0.99530635725805827 accept=1
  MFCG it   2 cost=3.597172e+06 lam=2.500e-03 tau=0.00e+00 cg_it=4 shift=0 ckpt=5 alpha=0 acc mv=8
PCG_PREP o=2 rebuild=1 drift=0 previous_depth=5
ATTR_RADIUS o=2 raw_norm=7017.6395938015394 norm=7017.6395938015394 radius=17637.325435389379 next_radius=17637.325435389379 lambda=0.0025000000000000005 next_lambda=0.00025000000000000006 rho=0.81805216277287152 accept=1
CLASSICAL_LM o=2 lambda=0.0025000000000000005 tau=0.0025000000000000005 prediction=1158106.7842131371 rho=0.81805216277287152 accept=1
  MFCG it   3 cost=2.649781e+06 lam=2.500e-04 tau=0.00e+00 cg_it=10 shift=0 ckpt=11 alpha=0 acc mv=20
PCG_PREP o=3 rebuild=1 drift=0 previous_depth=11
ATTR_RADIUS o=3 raw_norm=10942.546699052875 norm=10942.546699052875 radius=17637.325435389379 next_radius=4409.3313588473447 lambda=0.00025000000000000006 next_lambda=0.004000000000000001 rho=0.10958020276330904 accept=1
CLASSICAL_LM o=3 lambda=0.00025000000000000006 tau=0.00025000000000000006 prediction=609475.96599769755 rho=0.10958020276330904 accept=1
  MFCG it   4 cost=2.582994e+06 lam=4.000e-03 tau=0.00e+00 cg_it=0 shift=0 ckpt=1 alpha=0 acc mv=22
PCG_PREP o=4 rebuild=1 drift=0 previous_depth=1
ATTR_RADIUS o=4 raw_norm=1149.1670267304769 norm=1149.1670267304769 radius=4409.3313588473447 next_radius=4409.3313588473447 lambda=0.004000000000000001 next_lambda=0.00040000000000000013 rho=0.51706249462825105 accept=1
CLASSICAL_LM o=4 lambda=0.004000000000000001 tau=0.004000000000000001 prediction=562353.48662699747 rho=0.51706249462825105 accept=1
  MFCG it   5 cost=2.292222e+06 lam=4.000e-04 tau=0.00e+00 cg_it=0 shift=0 ckpt=1 alpha=0 acc mv=24
PCG_PREP o=5 rebuild=1 drift=0 previous_depth=1
ATTR_RADIUS o=5 raw_norm=9743.1705333255013 norm=4409.3313588473466 radius=4409.3313588473447 next_radius=4409.3313588473447 lambda=0.00040000000000000013 next_lambda=0.00040000000000000013 rho=0.6609574785659037 accept=1
CLASSICAL_LM o=5 lambda=0.00040000000000000013 tau=0.00040000000000000013 prediction=356024.20131529885 rho=0.6609574785659037 accept=1
  MFCG it   6 cost=2.056905e+06 lam=4.000e-04 tau=0.00e+00 cg_it=25 shift=0 ckpt=26 alpha=0 acc mv=51
PCG_PREP o=6 rebuild=1 drift=0 previous_depth=26
POINT_SAFE o=6 frozen=112 slope=-50314.233604150082 candidate=2015537.645796109 original=2044244.3610747897 current=2056905.3831288051 won=1 mode=1 camera_scale=1 keep_scale=0
ATTR_RADIUS o=6 raw_norm=6196.5119352860165 norm=4409.3313588473457 radius=4409.3313588473447 next_radius=8818.6627176946895 lambda=0.00040000000000000013 next_lambda=0.00010000000000000003 rho=1.0178162536688184 accept=1
CLASSICAL_LM o=6 lambda=0.00040000000000000013 tau=0.00040000000000000013 prediction=40643.620283702519 rho=1.0178162536688184 accept=1
  MFCG it   7 cost=2.015538e+06 lam=1.000e-04 tau=0.00e+00 cg_it=2 shift=0 ckpt=3 alpha=0 acc mv=55
PCG_PREP o=7 rebuild=1 drift=0 previous_depth=3
POINT_SAFE o=7 frozen=239 slope=-168561.59332658935 candidate=1940109.3510714166 original=1970143.0565308903 current=2015537.645796109 won=1 mode=1 camera_scale=1 keep_scale=0
ATTR_RADIUS o=7 raw_norm=13209.776679854504 norm=8818.6627176946913 radius=8818.6627176946895 next_radius=17637.325435389379 lambda=0.00010000000000000003 next_lambda=2.5000000000000008e-05 rho=0.75272237416777799 accept=1
CLASSICAL_LM o=7 lambda=0.00010000000000000003 tau=0.00010000000000000003 prediction=100207.32385972596 rho=0.75272237416777799 accept=1
  MFCG it   8 cost=1.940109e+06 lam=2.500e-05 tau=0.00e+00 cg_it=5 shift=0 ckpt=6 alpha=0 acc mv=62
PCG_PREP o=8 rebuild=1 drift=0 previous_depth=6
POINT_SAFE o=8 frozen=881 slope=-101056.84688341148 candidate=1925298.698281361 original=1921608.3212648495 current=1940109.3510714166 won=0 mode=1 camera_scale=1 keep_scale=0
ATTR_RADIUS o=8 raw_norm=23852.309828350335 norm=8818.6627176946895 radius=17637.325435389379 next_radius=4409.3313588473447 lambda=2.5000000000000008e-05 next_lambda=0.00040000000000000013 rho=0.20714907483527234 accept=1
CLASSICAL_LM o=8 lambda=2.5000000000000008e-05 tau=2.5000000000000008e-05 prediction=89312.63545965332 rho=0.20714907483527234 accept=1
  MFCG it   9 cost=1.921608e+06 lam=4.000e-04 tau=0.00e+00 cg_it=6 shift=0 ckpt=7 alpha=0 acc mv=70
PCG_PREP o=9 rebuild=1 drift=0 previous_depth=7
POINT_SAFE o=9 frozen=182 slope=-42102.047331336216 candidate=1902443.407637117 original=1884585.0765386173 current=1921608.3212648495 won=0 mode=1 camera_scale=1 keep_scale=0
ATTR_RADIUS o=9 raw_norm=2131.5288410484472 norm=1065.7644205242236 radius=4409.3313588473447 next_radius=4409.3313588473447 lambda=0.00040000000000000013 next_lambda=4.0000000000000017e-05 rho=0.50415828324871415 accept=1
CLASSICAL_LM o=9 lambda=0.00040000000000000013 tau=0.00040000000000000013 prediction=73435.75610354048 rho=0.50415828324871415 accept=1
  MFCG it  10 cost=1.884585e+06 lam=4.000e-05 tau=0.00e+00 cg_it=0 shift=0 ckpt=1 alpha=0 acc mv=72
PCG_PREP o=10 rebuild=1 drift=0 previous_depth=1
POINT_SAFE o=10 frozen=23 slope=-38602.78291561368 candidate=1858326.6718342237 original=1880926.2919822519 current=1884585.0765386173 won=1 mode=1 camera_scale=1 keep_scale=0
ATTR_RADIUS o=10 raw_norm=18738.284454123001 norm=4409.3313588473475 radius=4409.3313588473447 next_radius=8818.6627176946895 lambda=4.0000000000000017e-05 next_lambda=1.0000000000000004e-05 rho=0.92366025677906805 accept=1
CLASSICAL_LM o=10 lambda=4.0000000000000017e-05 tau=4.0000000000000017e-05 prediction=28428.639764105799 rho=0.92366025677906805 accept=1
  MFCG it  11 cost=1.858327e+06 lam=1.000e-05 tau=0.00e+00 cg_it=22 shift=0 ckpt=23 alpha=0 acc mv=96
PCG_PREP o=11 rebuild=1 drift=0 previous_depth=23
POINT_SAFE o=11 frozen=88 slope=-29470.195403450536 candidate=1845016.2675954266 original=1854379.9321758207 current=1858326.6718342237 won=1 mode=1 camera_scale=1 keep_scale=0
ATTR_RADIUS o=11 raw_norm=35455.529321728842 norm=8818.6627176946859 radius=8818.6627176946895 next_radius=8818.6627176946895 lambda=1.0000000000000004e-05 next_lambda=1.0000000000000004e-05 rho=0.55362155628867671 accept=1
CLASSICAL_LM o=11 lambda=1.0000000000000004e-05 tau=1.0000000000000004e-05 prediction=24042.424084831946 rho=0.55362155628867671 accept=1
  MFCG it  12 cost=1.845016e+06 lam=1.000e-05 tau=0.00e+00 cg_it=25 shift=0 ckpt=26 alpha=0 acc mv=123
PCG_PREP o=12 rebuild=1 drift=0 previous_depth=26
POINT_SAFE o=12 frozen=730 slope=-28673.218461401721 candidate=1831333.2066805607 original=1841875.9121983466 current=1845016.2675954266 won=1 mode=1 camera_scale=1 keep_scale=0
ATTR_RADIUS o=12 raw_norm=22243.892805109583 norm=8818.6627176946877 radius=8818.6627176946895 next_radius=17637.325435389379 lambda=1.0000000000000004e-05 next_lambda=2.5000000000000011e-06 rho=0.7709716270406084 accept=1
CLASSICAL_LM o=12 lambda=1.0000000000000004e-05 tau=1.0000000000000004e-05 prediction=17747.813842888951 rho=0.7709716270406084 accept=1
  MFCG it  13 cost=1.831333e+06 lam=2.500e-06 tau=0.00e+00 cg_it=2 shift=0 ckpt=3 alpha=0 acc mv=127
PCG_PREP o=13 rebuild=1 drift=0 previous_depth=3
POINT_SAFE o=13 frozen=1245 slope=-20432.50359321561 candidate=1851908.05067394 original=1831313.2390180235 current=1831333.2066805607 won=0 mode=1 camera_scale=1 keep_scale=0
ATTR_RADIUS o=13 raw_norm=33650.044379031206 norm=17637.325435389368 radius=17637.325435389379 next_radius=4409.3313588473447 lambda=2.5000000000000011e-06 next_lambda=4.0000000000000017e-05 rho=0.0013572580610797256 accept=0
CLASSICAL_LM o=13 lambda=2.5000000000000011e-06 tau=2.5000000000000011e-06 prediction=14711.76566183218 rho=0.0013572580610797256 accept=0
  MFCG it  14  retry 1/8  lam=4.000e-05 tau_eff=2.500e-06  (assembly reused)
PCG_PREP o=13 rebuild=1 drift=0 previous_depth=3
POINT_SAFE o=13 frozen=352 slope=-12698.528567284317 candidate=1823911.7058818995 original=1830922.1160495018 current=1831333.2066805607 won=1 mode=1 camera_scale=1 keep_scale=0
ATTR_RADIUS o=13 raw_norm=5734.7602527323716 norm=4409.3313588473457 radius=4409.3313588473447 next_radius=8818.6627176946895 lambda=4.0000000000000017e-05 next_lambda=1.0000000000000004e-05 rho=0.97954901862595722 accept=1
CLASSICAL_LM o=13 lambda=4.0000000000000017e-05 tau=4.0000000000000017e-05 prediction=7576.4465662694693 rho=0.97954901862595722 accept=1
  MFCG it  14 cost=1.823912e+06 lam=1.000e-05 tau=0.00e+00 cg_it=0 shift=0 ckpt=1 alpha=0 acc mv=133
PCG_PREP o=14 rebuild=1 drift=0 previous_depth=1
POINT_SAFE o=14 frozen=66 slope=-24792.583898124583 candidate=1807624.2699770196 original=1820237.6471150417 current=1823911.7058818995 won=1 mode=1 camera_scale=1 keep_scale=0
ATTR_RADIUS o=14 raw_norm=29950.050987492035 norm=8818.6627176946913 radius=8818.6627176946895 next_radius=17637.325435389379 lambda=1.0000000000000004e-05 next_lambda=2.5000000000000011e-06 rho=0.78455721126241129 accept=1
CLASSICAL_LM o=14 lambda=1.0000000000000004e-05 tau=1.0000000000000004e-05 prediction=20760.035942658811 rho=0.78455721126241129 accept=1
  MFCG it  15 cost=1.807624e+06 lam=2.500e-06 tau=0.00e+00 cg_it=47 shift=0 ckpt=48 alpha=0 acc mv=182
PCG_PREP o=15 rebuild=1 drift=0 previous_depth=48
POINT_SAFE o=15 frozen=1270 slope=-21024.481588281778 candidate=1828048.9806585552 original=1803626.3258133789 current=1807624.2699770196 won=0 mode=1 camera_scale=1 keep_scale=0
ATTR_RADIUS o=15 raw_norm=38144.244252775054 norm=1102.3328397118364 radius=17637.325435389379 next_radius=17637.325435389379 lambda=2.5000000000000011e-06 next_lambda=2.5000000000000009e-07 rho=0.52987458973659818 accept=1
CLASSICAL_LM o=15 lambda=2.5000000000000011e-06 tau=2.5000000000000011e-06 prediction=7545.0762144078572 rho=0.52987458973659818 accept=1
  MFCG it  16 cost=1.803626e+06 lam=2.500e-07 tau=0.00e+00 cg_it=5 shift=0 ckpt=6 alpha=0 acc mv=189
PCG_PREP o=16 rebuild=1 drift=0 previous_depth=6
POINT_SAFE o=16 frozen=1100 slope=-17177.864560788821 candidate=1812078.912189065 original=1803553.7055742072 current=1803626.3258133789 won=0 mode=1 camera_scale=1 keep_scale=0
ATTR_RADIUS o=16 raw_norm=76655.144598276194 norm=68.895802481989762 radius=17637.325435389379 next_radius=4409.3313588473447 lambda=2.5000000000000009e-07 next_lambda=4.0000000000000015e-06 rho=0.16149232309244252 accept=1
CLASSICAL_LM o=16 lambda=2.5000000000000009e-07 tau=2.5000000000000009e-07 prediction=449.68229932574189 rho=0.16149232309244252 accept=1
  MFCG it  17 cost=1.803554e+06 lam=4.000e-06 tau=0.00e+00 cg_it=7 shift=0 ckpt=8 alpha=0 acc mv=198
PCG_PREP o=17 rebuild=1 drift=0 previous_depth=8
POINT_SAFE o=17 frozen=243 slope=-11855.717753072659 candidate=1796432.3948715548 original=1803520.3453228523 current=1803553.7055742072 won=1 mode=1 camera_scale=1 keep_scale=0
ATTR_RADIUS o=17 raw_norm=32139.380532814197 norm=4409.3313588473466 radius=4409.3313588473447 next_radius=8818.6627176946895 lambda=4.0000000000000015e-06 next_lambda=1.0000000000000004e-06 rho=0.9758077329921796 accept=1
CLASSICAL_LM o=17 lambda=4.0000000000000015e-06 tau=4.0000000000000015e-06 prediction=7297.8625418512747 rho=0.9758077329921796 accept=1
  MFCG it  18 cost=1.796432e+06 lam=1.000e-06 tau=0.00e+00 cg_it=5 shift=0 ckpt=6 alpha=0 acc mv=205
PCG_PREP o=18 rebuild=1 drift=0 previous_depth=6
POINT_SAFE o=18 frozen=755 slope=-6800.2852853078284 candidate=1793059.3655293856 original=inf current=1796432.3948715548 won=1 mode=1 camera_scale=1 keep_scale=0
ATTR_RADIUS o=18 raw_norm=48310.789617846625 norm=8818.6627176946822 radius=8818.6627176946895 next_radius=8818.6627176946895 lambda=1.0000000000000004e-06 next_lambda=1.0000000000000004e-06 rho=0.62978964964184703 accept=1
CLASSICAL_LM o=18 lambda=1.0000000000000004e-06 tau=1.0000000000000004e-06 prediction=5355.8030750225444 rho=0.62978964964184703 accept=1
  MFCG it  19 cost=1.793059e+06 lam=1.000e-06 tau=0.00e+00 cg_it=6 shift=0 ckpt=7 alpha=0 acc mv=213
PCG_PREP o=19 rebuild=1 drift=0 previous_depth=7
POINT_SAFE o=19 frozen=488 slope=-9431.8313591217484 candidate=1790409.7926117878 original=inf current=1793059.3655293856 won=1 mode=1 camera_scale=1 keep_scale=0
ATTR_RADIUS o=19 raw_norm=32944.049085562736 norm=8818.6627176946877 radius=8818.6627176946895 next_radius=8818.6627176946895 lambda=1.0000000000000004e-06 next_lambda=1.0000000000000004e-06 rho=0.41196776599340484 accept=1
CLASSICAL_LM o=19 lambda=1.0000000000000004e-06 tau=1.0000000000000004e-06 prediction=6431.5054145285985 rho=0.41196776599340484 accept=1
  MFCG it  20 cost=1.790410e+06 lam=1.000e-06 tau=0.00e+00 cg_it=2 shift=0 ckpt=3 alpha=0 acc mv=217
PCG_PREP o=20 rebuild=1 drift=0 previous_depth=3
POINT_SAFE o=20 frozen=487 slope=-8231.4745471799652 candidate=2094505.2287487381 original=inf current=1790409.7926117878 won=0 mode=1 camera_scale=1 keep_scale=0
ATTR_RADIUS o=20 raw_norm=21718.625851390807 norm=8818.6627176946931 radius=8818.6627176946895 next_radius=2204.6656794236724 lambda=1.0000000000000004e-06 next_lambda=1.6000000000000006e-05 rho=-1 accept=0
CLASSICAL_LM o=20 lambda=1.0000000000000004e-06 tau=1.0000000000000004e-06 prediction=5671.7515845830048 rho=-1 accept=0
  MFCG it  21  retry 1/8  lam=1.600e-05 tau_eff=1.000e-06  (assembly reused)
PCG_PREP o=20 rebuild=1 drift=0 previous_depth=1
POINT_SAFE o=20 frozen=162 slope=-8267.7738325767714 candidate=1785407.9800583671 original=inf current=1790409.7926117878 won=1 mode=1 camera_scale=1 keep_scale=0
ATTR_RADIUS o=20 raw_norm=5110.5674544711092 norm=2204.6656794236724 radius=2204.6656794236724 next_radius=4409.3313588473447 lambda=1.6000000000000006e-05 next_lambda=4.0000000000000015e-06 rho=0.86905304194597788 accept=1
CLASSICAL_LM o=20 lambda=1.6000000000000006e-05 tau=1.6000000000000006e-05 prediction=5755.4744210096051 rho=0.86905304194597788 accept=1
  MFCG it  21 cost=1.785408e+06 lam=4.000e-06 tau=0.00e+00 cg_it=0 shift=0 ckpt=1 alpha=0 acc mv=221
PCG_PREP o=21 rebuild=1 drift=0 previous_depth=1
POINT_SAFE o=21 frozen=416 slope=-3726.2453965031036 candidate=1785271.3984203509 original=1784081.2878145243 current=1785407.9800583671 won=0 mode=1 camera_scale=1 keep_scale=0
ATTR_RADIUS o=21 raw_norm=26102.204671311221 norm=137.79160496397947 radius=4409.3313588473447 next_radius=4409.3313588473447 lambda=4.0000000000000015e-06 next_lambda=4.0000000000000019e-07 rho=0.41666690680206009 accept=1
CLASSICAL_LM o=21 lambda=4.0000000000000015e-06 tau=4.0000000000000015e-06 prediction=3184.0595501699545 rho=0.41666690680206009 accept=1
  MFCG it  22 cost=1.784081e+06 lam=4.000e-07 tau=0.00e+00 cg_it=4 shift=0 ckpt=5 alpha=0 acc mv=227
PCG_PREP o=22 rebuild=1 drift=0 previous_depth=5
POINT_SAFE o=22 frozen=421 slope=-2845.8513326914749 candidate=1825853.6377599917 original=1784060.1437939391 current=1784081.2878145243 won=0 mode=1 camera_scale=1 keep_scale=0
ATTR_RADIUS o=22 raw_norm=48961.683784847257 norm=4409.3313588473429 radius=4409.3313588473447 next_radius=1102.3328397118362 lambda=4.0000000000000019e-07 next_lambda=6.4000000000000031e-06 rho=0.05425849772291693 accept=0
CLASSICAL_LM o=22 lambda=4.0000000000000019e-07 tau=4.0000000000000019e-07 prediction=389.69049038340592 rho=0.05425849772291693 accept=0
  MFCG it  23  retry 1/8  lam=6.400e-06 tau_eff=4.000e-07  (assembly reused)
PCG_PREP o=22 rebuild=1 drift=0 previous_depth=5
POINT_SAFE o=22 frozen=124 slope=-1325.0258409430207 candidate=1783701.6328772907 original=1784066.2270754431 current=1784081.2878145243 won=1 mode=1 camera_scale=1 keep_scale=0
ATTR_RADIUS o=22 raw_norm=17731.980323745443 norm=1102.3328397118357 radius=1102.3328397118362 next_radius=1102.3328397118362 lambda=6.4000000000000031e-06 next_lambda=6.4000000000000031e-06 rho=0.33414460574245008 accept=1
CLASSICAL_LM o=22 lambda=6.4000000000000031e-06 tau=6.4000000000000031e-06 prediction=1136.1995097600682 rho=0.33414460574245008 accept=1
  MFCG it  23 cost=1.783702e+06 lam=6.400e-06 tau=0.00e+00 cg_it=2 shift=0 ckpt=3 alpha=0 acc mv=237
PCG_PREP o=23 rebuild=1 drift=0 previous_depth=3
POINT_SAFE o=23 frozen=262 slope=-965.62997241240282 candidate=1782792.618029763 original=1782139.052284007 current=1783701.6328772907 won=0 mode=1 camera_scale=1 keep_scale=0
ATTR_RADIUS o=23 raw_norm=18324.794350325461 norm=34.447901240994881 radius=1102.3328397118362 next_radius=1102.3328397118362 lambda=6.4000000000000031e-06 next_lambda=6.4000000000000033e-07 rho=0.51065368597487426 accept=1
CLASSICAL_LM o=23 lambda=6.4000000000000031e-06 tau=6.4000000000000031e-06 prediction=3059.961449804629 rho=0.51065368597487426 accept=1
  MFCG it  24 cost=1.782139e+06 lam=6.400e-07 tau=0.00e+00 cg_it=2 shift=0 ckpt=3 alpha=0 acc mv=241
PCG_PREP o=24 rebuild=1 drift=0 previous_depth=3
POINT_SAFE o=24 frozen=185 slope=-3078.5383958000211 candidate=3111661.9553530128 original=inf current=1782139.052284007 won=0 mode=1 camera_scale=1 keep_scale=0
ATTR_RADIUS o=24 raw_norm=42964.846221200896 norm=1102.3328397118366 radius=1102.3328397118362 next_radius=275.58320992795905 lambda=6.4000000000000033e-07 next_lambda=1.0240000000000005e-05 rho=-1 accept=0
CLASSICAL_LM o=24 lambda=6.4000000000000033e-07 tau=6.4000000000000033e-07 prediction=2977.3152576734783 rho=-1 accept=0
  MFCG it  25  retry 1/8  lam=1.024e-05 tau_eff=6.400e-07  (assembly reused)
PCG_PREP o=24 rebuild=1 drift=0 previous_depth=5
POINT_SAFE o=24 frozen=25 slope=-1445.1776388266524 candidate=18376488871.040352 original=inf current=1782139.052284007 won=0 mode=1 camera_scale=1 keep_scale=0
ATTR_RADIUS o=24 raw_norm=15957.855090530365 norm=275.5832099279591 radius=275.58320992795905 next_radius=68.895802481989762 lambda=1.0240000000000005e-05 next_lambda=0.00016384000000000008 rho=-1 accept=0
CLASSICAL_LM o=24 lambda=1.0240000000000005e-05 tau=1.0240000000000005e-05 prediction=1395.573066448145 rho=-1 accept=0
  MFCG it  25  retry 2/8  lam=1.638e-04 tau_eff=1.024e-05  (assembly reused)
PCG_PREP o=24 rebuild=1 drift=0 previous_depth=3
POINT_SAFE o=24 frozen=10 slope=-2717.9954808554699 candidate=3344891.8138438915 original=inf current=1782139.052284007 won=0 mode=1 camera_scale=1 keep_scale=0
ATTR_RADIUS o=24 raw_norm=3141.191728297335 norm=68.895802481989776 radius=68.895802481989762 next_radius=17.22395062049744 lambda=0.00016384000000000008 next_lambda=0.0026214400000000014 rho=-1 accept=0
CLASSICAL_LM o=24 lambda=0.00016384000000000008 tau=0.00016384000000000008 prediction=2479.8013263289167 rho=-1 accept=0
  MFCG it  25  retry 3/8  lam=2.621e-03 tau_eff=1.638e-04  (assembly reused)
PCG_PREP o=24 rebuild=1 drift=0 previous_depth=2
POINT_SAFE o=24 frozen=5 slope=-4124.57948964972 candidate=2865205.2236533291 original=inf current=1782139.052284007 won=0 mode=1 camera_scale=1 keep_scale=0
ATTR_RADIUS o=24 raw_norm=448.75483054018639 norm=17.223950620497437 radius=17.22395062049744 next_radius=4.3059876551243601 lambda=0.0026214400000000014 next_lambda=0.041943040000000022 rho=-1 accept=0
CLASSICAL_LM o=24 lambda=0.0026214400000000014 tau=0.0026214400000000014 prediction=3863.735016393412 rho=-1 accept=0
  MFCG it  25  retry 4/8  lam=4.194e-02 tau_eff=2.621e-03  (assembly reused)
PCG_PREP o=24 rebuild=1 drift=0 previous_depth=1
POINT_SAFE o=24 frozen=2 slope=-1973.1357364258395 candidate=202374976.48171252 original=inf current=1782139.052284007 won=0 mode=1 camera_scale=1 keep_scale=0
ATTR_RADIUS o=24 raw_norm=251.25357548487048 norm=4.3059876551243601 radius=4.3059876551243601 next_radius=1.07649691378109 lambda=0.041943040000000022 next_lambda=0.67108864000000035 rho=-1 accept=0
CLASSICAL_LM o=24 lambda=0.041943040000000022 tau=0.041943040000000022 prediction=1782.7439251080884 rho=-1 accept=0
  MFCG it  25  retry 5/8  lam=6.711e-01 tau_eff=4.194e-02  (assembly reused)
PCG_PREP o=24 rebuild=1 drift=0 previous_depth=1
POINT_SAFE o=24 frozen=162 slope=-707.66680659774897 candidate=1861877.4052127441 original=1782138.2339322276 current=1782139.052284007 won=0 mode=1 camera_scale=1 keep_scale=0
ATTR_RADIUS o=24 raw_norm=167.35558338635323 norm=1.0764969137810891 radius=1.07649691378109 next_radius=0.26912422844527251 lambda=0.67108864000000035 next_lambda=10.737418240000006 rho=0.066502652887746039 accept=0
CLASSICAL_LM o=24 lambda=0.67108864000000035 tau=0.67108864000000035 prediction=12.305550889033839 rho=0.066502652887746039 accept=0
  MFCG it  25  retry 6/8  lam=1.074e+01 tau_eff=6.711e-01  (assembly reused)
PCG_PREP o=24 rebuild=1 drift=0 previous_depth=1
POINT_SAFE o=24 frozen=8865 slope=-168.1175747138989 candidate=1783563.6919337639 original=1782134.4768444877 current=1782139.052284007 won=0 mode=1 camera_scale=1 keep_scale=0
ATTR_RADIUS o=24 raw_norm=33.14695924724839 norm=0.016820264277829528 radius=0.26912422844527251 next_radius=0.26912422844527251 lambda=10.737418240000006 next_lambda=1.0737418240000005 rho=0.42296353304665124 accept=1
CLASSICAL_LM o=24 lambda=10.737418240000006 tau=10.737418240000006 prediction=10.817574475727319 rho=0.42296353304665124 accept=1
  MFCG it  25 cost=1.782134e+06 lam=1.074e+00 tau=0.00e+00 cg_it=0 shift=0 ckpt=1 alpha=0 acc mv=262
PCG_PREP o=25 rebuild=1 drift=0 previous_depth=1
POINT_SAFE o=25 frozen=2322 slope=-336.5171368199214 candidate=1782250.625565486 original=1782128.6081435545 current=1782134.4768444877 won=0 mode=1 camera_scale=1 keep_scale=0
ATTR_RADIUS o=25 raw_norm=139.55439578500585 norm=0.016820264277829535 radius=0.26912422844527251 next_radius=0.067281057111318127 lambda=1.0737418240000005 next_lambda=17.179869184000008 rho=0.16805775689399369 accept=1
CLASSICAL_LM o=25 lambda=1.0737418240000005 tau=1.0737418240000005 prediction=34.920738213106361 rho=0.16805775689399369 accept=1
  MFCG it  26 cost=1.782129e+06 lam=1.718e+01 tau=0.00e+00 cg_it=0 shift=0 ckpt=1 alpha=0 acc mv=264
PCG_PREP o=26 rebuild=1 drift=0 previous_depth=1
POINT_SAFE o=26 frozen=36745 slope=-61.404727191744158 candidate=1782073.2466365276 original=1782097.1560067313 current=1782128.6081435545 won=1 mode=1 camera_scale=1 keep_scale=0
ATTR_RADIUS o=26 raw_norm=22.252270674164393 norm=0.067281057111318099 radius=0.067281057111318127 next_radius=0.13456211422263625 lambda=17.179869184000008 next_lambda=4.294967296000002 rho=0.92610296555593763 accept=1
CLASSICAL_LM o=26 lambda=17.179869184000008 tau=17.179869184000008 prediction=59.77899767733809 rho=0.92610296555593763 accept=1
  MFCG it  27 cost=1.782073e+06 lam=4.295e+00 tau=0.00e+00 cg_it=0 shift=0 ckpt=1 alpha=0 acc mv=266
PCG_PREP o=27 rebuild=1 drift=0 previous_depth=1
POINT_SAFE o=27 frozen=6781 slope=-137.92906484928596 candidate=1782050.4874594109 original=1782067.5940242824 current=1782073.2466365276 won=1 mode=1 camera_scale=1 keep_scale=0
ATTR_RADIUS o=27 raw_norm=66.914854974112231 norm=0.1345621142226362 radius=0.13456211422263625 next_radius=0.033640528555659063 lambda=4.294967296000002 next_lambda=68.719476736000033 rho=0.18114580499469324 accept=1
CLASSICAL_LM o=27 lambda=4.294967296000002 tau=4.294967296000002 prediction=125.64010034537597 rho=0.18114580499469324 accept=1
  MFCG it  28 cost=1.782050e+06 lam=6.872e+01 tau=0.00e+00 cg_it=0 shift=0 ckpt=1 alpha=0 acc mv=268
PCG_PREP o=28 rebuild=1 drift=0 previous_depth=1
ATTR_RADIUS o=28 raw_norm=6.4137585256712777 norm=0.033640528555659056 radius=0.033640528555659063 next_radius=0.033640528555659063 lambda=68.719476736000033 next_lambda=68.719476736000033 rho=0.64993604540650751 accept=1
CLASSICAL_LM o=28 lambda=68.719476736000033 tau=68.719476736000033 prediction=122.04133283980772 rho=0.64993604540650751 accept=1
  MFCG it  29 cost=1.781971e+06 lam=6.872e+01 tau=0.00e+00 cg_it=0 shift=0 ckpt=1 alpha=0 acc mv=270
PCG_PREP o=29 rebuild=1 drift=0 previous_depth=1
ATTR_RADIUS o=29 raw_norm=6.0410545553623622 norm=0.033640528555659056 radius=0.033640528555659063 next_radius=0.033640528555659063 lambda=68.719476736000033 next_lambda=68.719476736000033 rho=0.56815044864522957 accept=1
CLASSICAL_LM o=29 lambda=68.719476736000033 tau=68.719476736000033 prediction=23.199240444698816 rho=0.56815044864522957 accept=1
  MFCG it  30 cost=1.781958e+06 lam=6.872e+01 tau=0.00e+00 cg_it=0 shift=0 ckpt=1 alpha=0 acc mv=272
PCG_PREP o=30 rebuild=1 drift=0 previous_depth=1
ATTR_RADIUS o=30 raw_norm=6.0099914747335887 norm=0 radius=0.033640528555659063 next_radius=0.0084101321389147658 lambda=68.719476736000033 next_lambda=1099.5116277760005 rho=0.028055278650550727 accept=0
CLASSICAL_LM o=30 lambda=68.719476736000033 tau=68.719476736000033 prediction=19.23998445241541 rho=0.028055278650550727 accept=0
  MFCG it  31  retry 1/8  lam=1.100e+03 tau_eff=6.872e+01  (assembly reused)
PCG_PREP o=30 rebuild=1 drift=0 previous_depth=1
ATTR_RADIUS o=30 raw_norm=0.38670238516065364 norm=0.0084101321389147658 radius=0.0084101321389147658 next_radius=0.016820264277829532 lambda=1099.5116277760005 next_lambda=274.87790694400013 rho=0.77985110207978481 accept=1
CLASSICAL_LM o=30 lambda=1099.5116277760005 tau=1099.5116277760005 prediction=3.9044715425981926 rho=0.77985110207978481 accept=1
  MFCG it  31 cost=1.781955e+06 lam=2.749e+02 tau=0.00e+00 cg_it=0 shift=0 ckpt=1 alpha=0 acc mv=276
PCG_PREP o=31 rebuild=1 drift=0 previous_depth=1
POINT_SAFE o=31 frozen=68506 slope=-6.8895494387475873 candidate=1782021.7506734817 original=1781954.7905368481 current=1781954.9428328665 won=0 mode=1 camera_scale=1 keep_scale=0
ATTR_RADIUS o=31 raw_norm=1.3135669444251319 norm=0.0010512665173643464 radius=0.016820264277829532 next_radius=0.016820264277829532 lambda=274.87790694400013 next_lambda=27.487790694400015 rho=0.35106182692922755 accept=1
CLASSICAL_LM o=31 lambda=274.87790694400013 tau=274.87790694400013 prediction=0.43381537563686545 rho=0.35106182692922755 accept=1
  MFCG it  32 cost=1.781955e+06 lam=2.749e+01 tau=0.00e+00 cg_it=0 shift=0 ckpt=1 alpha=0 acc mv=278
PCG_PREP o=32 rebuild=1 drift=0 previous_depth=1
POINT_SAFE o=32 frozen=22258 slope=-14.37727387180804 candidate=1781958.6102482679 original=1781953.0709085944 current=1781954.7905368481 won=0 mode=1 camera_scale=1 keep_scale=0
ATTR_RADIUS o=32 raw_norm=13.926999641692202 norm=0.0084101321389147693 radius=0.016820264277829532 next_radius=0.0042050660694573829 lambda=27.487790694400015 next_lambda=439.80465111040024 rho=0.23180599875306415 accept=1
CLASSICAL_LM o=32 lambda=27.487790694400015 tau=27.487790694400015 prediction=7.4183941009684808 rho=0.23180599875306415 accept=1
  MFCG it  33 cost=1.781953e+06 lam=4.398e+02 tau=0.00e+00 cg_it=0 shift=0 ckpt=1 alpha=0 acc mv=280
PCG_PREP o=33 rebuild=1 drift=0 previous_depth=1
ATTR_RADIUS o=33 raw_norm=0.96892702732793756 norm=0.0042050660694573838 radius=0.0042050660694573829 next_radius=0.0084101321389147658 lambda=439.80465111040024 next_lambda=109.95116277760006 rho=0.93505756887102387 accept=1
CLASSICAL_LM o=33 lambda=439.80465111040024 tau=439.80465111040024 prediction=3.1798120570782062 rho=0.93505756887102387 accept=1
  MFCG it  34 cost=1.781950e+06 lam=1.100e+02 tau=0.00e+00 cg_it=0 shift=0 ckpt=1 alpha=0 acc mv=282
PCG_PREP o=34 rebuild=1 drift=0 previous_depth=1
ATTR_RADIUS o=34 raw_norm=3.809821829516737 norm=0.0084101321389147658 radius=0.0084101321389147658 next_radius=0.016820264277829532 lambda=109.95116277760006 next_lambda=27.487790694400015 rho=0.78138284416852044 accept=1
CLASSICAL_LM o=34 lambda=109.95116277760006 tau=109.95116277760006 prediction=7.5670315331825213 rho=0.78138284416852044 accept=1
  MFCG it  35 cost=1.781944e+06 lam=2.749e+01 tau=0.00e+00 cg_it=0 shift=0 ckpt=1 alpha=0 acc mv=284
PCG_PREP o=35 rebuild=1 drift=0 previous_depth=1
POINT_SAFE o=35 frozen=21723 slope=-13.36833470810874 candidate=1781975.0237754059 original=1781943.8689038004 current=1781944.1848526415 won=0 mode=1 camera_scale=1 keep_scale=0
ATTR_RADIUS o=35 raw_norm=13.683987159693467 norm=0.016820264277829532 radius=0.016820264277829532 next_radius=0.0042050660694573829 lambda=27.487790694400015 next_lambda=439.80465111040024 rho=0.092625731794555063 accept=0
CLASSICAL_LM o=35 lambda=27.487790694400015 tau=27.487790694400015 prediction=3.4110266665725684 rho=0.092625731794555063 accept=0
  MFCG it  36  retry 1/8  lam=4.398e+02 tau_eff=2.749e+01  (assembly reused)
PCG_PREP o=35 rebuild=1 drift=0 previous_depth=1
POINT_SAFE o=35 frozen=80078 slope=-2.125822882756212 candidate=1781944.6982573548 original=1781943.7934126973 current=1781944.1848526415 won=0 mode=1 camera_scale=1 keep_scale=0
ATTR_RADIUS o=35 raw_norm=0.90757752318236062 norm=0.0021025330347286915 radius=0.0042050660694573829 next_radius=0.0042050660694573829 lambda=439.80465111040024 next_lambda=43.980465111040026 rho=0.36419867729238437 accept=1
CLASSICAL_LM o=35 lambda=439.80465111040024 tau=439.80465111040024 prediction=1.0747978196488803 rho=0.36419867729238437 accept=1
  MFCG it  36 cost=1.781944e+06 lam=4.398e+01 tau=0.00e+00 cg_it=0 shift=0 ckpt=1 alpha=0 acc mv=288
PCG_PREP o=36 rebuild=1 drift=0 previous_depth=1
ATTR_RADIUS o=36 raw_norm=9.0989494573557614 norm=0.0042050660694573838 radius=0.0042050660694573829 next_radius=0.0042050660694573829 lambda=43.980465111040026 next_lambda=43.980465111040026 rho=0.73259884764275462 accept=1
CLASSICAL_LM o=36 lambda=43.980465111040026 tau=43.980465111040026 prediction=6.5608496114669244 rho=0.73259884764275462 accept=1
  MFCG: converged (OCA_FTOL: 8 outers < 1.0e-05 rel)
  [menu-backtrack] confirming stop with original retry policy at outer 37
  MFCG it  37 cost=1.781939e+06 lam=4.398e+01 tau=0.00e+00 cg_it=0 shift=0 ckpt=1 alpha=0 acc mv=290
PCG_PREP o=37 rebuild=1 drift=0 previous_depth=1
ATTR_RADIUS o=37 raw_norm=9.2005395736499107 norm=0.0042050660694573829 radius=0.0042050660694573829 next_radius=0.0042050660694573829 lambda=43.980465111040026 next_lambda=43.980465111040026 rho=0.69710842225981484 accept=1
CLASSICAL_LM o=37 lambda=43.980465111040026 tau=43.980465111040026 prediction=6.8965588193361311 rho=0.69710842225981484 accept=1
  MFCG it  38 cost=1.781934e+06 lam=4.398e+01 tau=0.00e+00 cg_it=0 shift=0 ckpt=1 alpha=0 acc mv=292
PCG_PREP o=38 rebuild=1 drift=0 previous_depth=1
ATTR_RADIUS o=38 raw_norm=9.1387799079838405 norm=0.004205066069457382 radius=0.0042050660694573829 next_radius=0.0042050660694573829 lambda=43.980465111040026 next_lambda=43.980465111040026 rho=0.70467261672794346 accept=1
CLASSICAL_LM o=38 lambda=43.980465111040026 tau=43.980465111040026 prediction=6.2795182185962481 rho=0.70467261672794346 accept=1
  MFCG it  39 cost=1.781930e+06 lam=4.398e+01 tau=0.00e+00 cg_it=0 shift=0 ckpt=1 alpha=0 acc mv=294
PCG_PREP o=39 rebuild=1 drift=0 previous_depth=1
ATTR_RADIUS o=39 raw_norm=9.1844679026975644 norm=0.0042050660694573812 radius=0.0042050660694573829 next_radius=0.0042050660694573829 lambda=43.980465111040026 next_lambda=43.980465111040026 rho=0.66590830919300281 accept=1
CLASSICAL_LM o=39 lambda=43.980465111040026 tau=43.980465111040026 prediction=5.990323017417535 rho=0.66590830919300281 accept=1
  MFCG it  40 cost=1.781926e+06 lam=4.398e+01 tau=0.00e+00 cg_it=0 shift=0 ckpt=1 alpha=0 acc mv=296
PCG_PREP o=40 rebuild=1 drift=0 previous_depth=1
ATTR_RADIUS o=40 raw_norm=9.151609830967347 norm=0.0042050660694573864 radius=0.0042050660694573829 next_radius=0.0042050660694573829 lambda=43.980465111040026 next_lambda=43.980465111040026 rho=0.67545051945256873 accept=1
CLASSICAL_LM o=40 lambda=43.980465111040026 tau=43.980465111040026 prediction=5.9392940622287842 rho=0.67545051945256873 accept=1
  MFCG it  41 cost=1.781922e+06 lam=4.398e+01 tau=0.00e+00 cg_it=0 shift=0 ckpt=1 alpha=0 acc mv=298
PCG_PREP o=41 rebuild=1 drift=0 previous_depth=1
ATTR_RADIUS o=41 raw_norm=9.1776649388503735 norm=0.0042050660694573838 radius=0.0042050660694573829 next_radius=0.0042050660694573829 lambda=43.980465111040026 next_lambda=43.980465111040026 rho=0.63340226471416106 accept=1
CLASSICAL_LM o=41 lambda=43.980465111040026 tau=43.980465111040026 prediction=5.4029270928408923 rho=0.63340226471416106 accept=1
  MFCG it  42 cost=1.781918e+06 lam=4.398e+01 tau=0.00e+00 cg_it=0 shift=0 ckpt=1 alpha=0 acc mv=300
PCG_PREP o=42 rebuild=1 drift=0 previous_depth=1
ATTR_RADIUS o=42 raw_norm=9.1558335830437478 norm=0.0042050660694573803 radius=0.0042050660694573829 next_radius=0.0042050660694573829 lambda=43.980465111040026 next_lambda=43.980465111040026 rho=0.64809063519155108 accept=1
CLASSICAL_LM o=42 lambda=43.980465111040026 tau=43.980465111040026 prediction=5.571355609364951 rho=0.64809063519155108 accept=1
  MFCG it  43 cost=1.781915e+06 lam=4.398e+01 tau=0.00e+00 cg_it=0 shift=0 ckpt=1 alpha=0 acc mv=302
PCG_PREP o=43 rebuild=1 drift=0 previous_depth=1
ATTR_RADIUS o=43 raw_norm=9.1751693441464521 norm=0.0042050660694573829 radius=0.0042050660694573829 next_radius=0.0042050660694573829 lambda=43.980465111040026 next_lambda=43.980465111040026 rho=0.60203647704603724 accept=1
CLASSICAL_LM o=43 lambda=43.980465111040026 tau=43.980465111040026 prediction=4.9595479382117551 rho=0.60203647704603724 accept=1
  MFCG it  44 cost=1.781912e+06 lam=4.398e+01 tau=0.00e+00 cg_it=0 shift=0 ckpt=1 alpha=0 acc mv=304
PCG_PREP o=44 rebuild=1 drift=0 previous_depth=1
ATTR_RADIUS o=44 raw_norm=9.1569813128940627 norm=0.0042050660694573812 radius=0.0042050660694573829 next_radius=0.0042050660694573829 lambda=43.980465111040026 next_lambda=43.980465111040026 rho=0.62213238049436825 accept=1
CLASSICAL_LM o=44 lambda=43.980465111040026 tau=43.980465111040026 prediction=5.2213578394092446 rho=0.62213238049436825 accept=1
  MFCG: converged (OCA_FTOL: 8 outers < 1.0e-05 rel)
  MFCG: accepts=45 rejects=11 total_matvecs=306 negcurv=0 cand_evals=56 mean_cg_per_outer=6.8
NUMERIC_REPAIR summary rebuilds=0 floor=9.9999999999999998e-17
  [retry-cache] builds=56 reuses=0
  [menu-backtrack] trials=35 rescues=29 evals=204 total_scored=260
POINT_SAFE summary calls=35 evals=35 wins=14 frozen=257313 seconds=0.416955672
  [scoring] menu_evals=56 alpha_evals=0 backtrack_evals=204 total_scored=260
RESULT algo=mfree_shifted_cg iters=45 final_cost=1781908.4864087254 solve_seconds=2.882998
DIAGNOSTICS median_reproj_err_px 2.704502 -> 0.545216 | cheirality_violations(obs) 751 -> 756 | cheirality_violations(pts, of 310854) 725 -> 729
