  [menu-backtrack] active=1 max_evals=8 warmup_accepts=3 confirm_stop=original armijo=1e-4
MIXED_STORAGE fragments=fp32 arithmetic=fp64 state=fp64 acceptance=fp64
  [compact-fragments] active=2 saved_bytes=171996448 storage=fp32 camera_reads=contiguous
  MFCG score_init=90993342.024340227 precision=fp64
PCG_PREP o=0 rebuild=1 drift=0 previous_depth=0
ATTR_RADIUS o=0 raw_norm=8861.1709887307625 norm=8861.1709887307625 radius=8861.1709887307625 next_radius=17722.341977461525 lambda=0.10000000000000001 next_lambda=0.025000000000000001 rho=0.99545080656082663 accept=1
CLASSICAL_LM o=0 lambda=0.10000000000000001 tau=0.10000000000000001 prediction=83412716.699058965 rho=0.99545080656082663 accept=1
  MFCG it   1 cost=7.960086e+06 lam=2.500e-02 tau=0.00e+00 cg_it=0 shift=0 ckpt=1 alpha=0 acc mv=2
PCG_PREP o=1 rebuild=1 drift=0 previous_depth=1
ATTR_RADIUS o=1 raw_norm=4659.7121206777847 norm=4659.7121206777847 radius=17722.341977461525 next_radius=17722.341977461525 lambda=0.025000000000000001 next_lambda=0.0025000000000000005 rho=0.99453896506499995 accept=1
CLASSICAL_LM o=1 lambda=0.025000000000000001 tau=0.025000000000000001 prediction=4259951.5107679646 rho=0.99453896506499995 accept=1
  MFCG it   2 cost=3.723398e+06 lam=2.500e-03 tau=0.00e+00 cg_it=4 shift=0 ckpt=5 alpha=0 acc mv=8
PCG_PREP o=2 rebuild=1 drift=0 previous_depth=5
ATTR_RADIUS o=2 raw_norm=6975.6779789559951 norm=6975.6779789559951 radius=17722.341977461525 next_radius=17722.341977461525 lambda=0.0025000000000000005 next_lambda=0.00025000000000000006 rho=0.87051061466547719 accept=1
CLASSICAL_LM o=2 lambda=0.0025000000000000005 tau=0.0025000000000000005 prediction=1234099.5580717591 rho=0.87051061466547719 accept=1
  MFCG it   3 cost=2.649101e+06 lam=2.500e-04 tau=0.00e+00 cg_it=9 shift=0 ckpt=10 alpha=0 acc mv=19
PCG_PREP o=3 rebuild=1 drift=0 previous_depth=10
ATTR_RADIUS o=3 raw_norm=10922.542500247711 norm=10922.542500247711 radius=17722.341977461525 next_radius=17722.341977461525 lambda=0.00025000000000000006 next_lambda=2.5000000000000008e-05 rho=0.7146155494797547 accept=1
CLASSICAL_LM o=3 lambda=0.00025000000000000006 tau=0.00025000000000000006 prediction=596515.3122668768 rho=0.7146155494797547 accept=1
  MFCG it   4 cost=2.222822e+06 lam=2.500e-05 tau=0.00e+00 cg_it=0 shift=0 ckpt=1 alpha=0 acc mv=21
PCG_PREP o=4 rebuild=1 drift=0 previous_depth=1
POINT_SAFE o=4 frozen=1341 slope=-336469.80095496349 candidate=2043410.2329150864 original=2072225.4899148631 current=2222822.2595818741 won=1 mode=1 camera_scale=1 keep_scale=0
ATTR_RADIUS o=4 raw_norm=25300.156643399136 norm=17722.341977461521 radius=17722.341977461525 next_radius=35444.68395492305 lambda=2.5000000000000008e-05 next_lambda=6.250000000000002e-06 rho=0.91745240409363915 accept=1
CLASSICAL_LM o=4 lambda=2.5000000000000008e-05 tau=2.5000000000000008e-05 prediction=195554.58775437044 rho=0.91745240409363915 accept=1
  MFCG it   5 cost=2.043410e+06 lam=6.250e-06 tau=0.00e+00 cg_it=1 shift=0 ckpt=2 alpha=0 acc mv=24
PCG_PREP o=5 rebuild=1 drift=0 previous_depth=2
POINT_SAFE o=5 frozen=1597 slope=-207541.13560805595 candidate=2178490.4793431056 original=2002349.4184568869 current=2043410.2329150864 won=0 mode=1 camera_scale=1 keep_scale=0
ATTR_RADIUS o=5 raw_norm=42981.158975310842 norm=4430.5854943653812 radius=35444.68395492305 next_radius=35444.68395492305 lambda=6.250000000000002e-06 next_lambda=6.2500000000000026e-07 rho=0.91576775363452856 accept=1
CLASSICAL_LM o=5 lambda=6.250000000000002e-06 tau=6.250000000000002e-06 prediction=44837.584961073437 rho=0.91576775363452856 accept=1
  MFCG it   6 cost=2.002349e+06 lam=6.250e-07 tau=0.00e+00 cg_it=7 shift=0 ckpt=8 alpha=0 acc mv=33
PCG_PREP o=6 rebuild=1 drift=0 previous_depth=8
POINT_SAFE o=6 frozen=1715 slope=-116971.3299874356 candidate=4313352.8495942233 original=1975147.1668192658 current=2002349.4184568869 won=0 mode=1 camera_scale=1 keep_scale=0
ATTR_RADIUS o=6 raw_norm=69296.520342973599 norm=8861.1709887307607 radius=35444.68395492305 next_radius=35444.68395492305 lambda=6.2500000000000026e-07 next_lambda=6.2500000000000024e-08 rho=0.47149248564202034 accept=1
CLASSICAL_LM o=6 lambda=6.2500000000000026e-07 tau=6.2500000000000026e-07 prediction=57693.924009372939 rho=0.47149248564202034 accept=1
  MFCG it   7 cost=1.975147e+06 lam=6.250e-08 tau=0.00e+00 cg_it=5 shift=0 ckpt=6 alpha=0 acc mv=40
PCG_PREP o=7 rebuild=1 drift=0 previous_depth=6
POINT_SAFE o=7 frozen=800 slope=-56446.9084486137 candidate=13276862.922906788 original=1974941.6998207262 current=1975147.1668192658 won=0 mode=1 camera_scale=1 keep_scale=0
ATTR_RADIUS o=7 raw_norm=76085.971108084079 norm=35444.683954923064 radius=35444.68395492305 next_radius=8861.1709887307625 lambda=6.2500000000000024e-08 next_lambda=1.0000000000000004e-06 rho=0.078816892701541685 accept=0
CLASSICAL_LM o=7 lambda=6.2500000000000024e-08 tau=6.2500000000000024e-08 prediction=2606.890369526242 rho=0.078816892701541685 accept=0
  MFCG it   8  retry 1/8  lam=1.000e-06 tau_eff=6.250e-08  (assembly reused)
PCG_PREP o=7 rebuild=1 drift=0 previous_depth=1
POINT_SAFE o=7 frozen=282 slope=-49353.732942676681 candidate=2003492.199815053 original=1974720.2035545323 current=1975147.1668192658 won=0 mode=1 camera_scale=1 keep_scale=0
ATTR_RADIUS o=7 raw_norm=30695.056438175459 norm=69.227898349459082 radius=8861.1709887307625 next_radius=8861.1709887307625 lambda=1.0000000000000004e-06 next_lambda=1.0000000000000005e-07 rho=0.34196188412307543 accept=1
CLASSICAL_LM o=7 lambda=1.0000000000000004e-06 tau=1.0000000000000004e-06 prediction=1248.5697516506975 rho=0.34196188412307543 accept=1
  MFCG it   8 cost=1.974720e+06 lam=1.000e-07 tau=0.00e+00 cg_it=0 shift=0 ckpt=1 alpha=0 acc mv=44
PCG_PREP o=8 rebuild=1 drift=0 previous_depth=1
POINT_SAFE o=8 frozen=171 slope=-42932.898880757763 candidate=2041081.9001384394 original=1974465.7232235824 current=1974720.2035545323 won=0 mode=1 camera_scale=1 keep_scale=0
ATTR_RADIUS o=8 raw_norm=67227.024879216769 norm=69.227898349459082 radius=8861.1709887307625 next_radius=2215.2927471826906 lambda=1.0000000000000005e-07 next_lambda=1.6000000000000008e-06 rho=0.21222629189317471 accept=1
CLASSICAL_LM o=8 lambda=1.0000000000000005e-07 tau=1.0000000000000005e-07 prediction=1199.0989838241915 rho=0.21222629189317471 accept=1
  MFCG it   9 cost=1.974466e+06 lam=1.600e-06 tau=0.00e+00 cg_it=0 shift=0 ckpt=1 alpha=0 acc mv=46
PCG_PREP o=9 rebuild=1 drift=0 previous_depth=1
POINT_SAFE o=9 frozen=29 slope=-40362.742870666167 candidate=1956023.0504904911 original=1973985.2312711054 current=1974465.7232235824 won=1 mode=1 camera_scale=1 keep_scale=0
ATTR_RADIUS o=9 raw_norm=25174.636321457339 norm=2215.2927471826906 radius=2215.2927471826906 next_radius=4430.5854943653812 lambda=1.6000000000000008e-06 next_lambda=4.0000000000000019e-07 rho=0.84562825162685407 accept=1
CLASSICAL_LM o=9 lambda=1.6000000000000008e-06 tau=1.6000000000000008e-06 prediction=21809.433042960092 rho=0.84562825162685407 accept=1
  MFCG it  10 cost=1.956023e+06 lam=4.000e-07 tau=0.00e+00 cg_it=0 shift=0 ckpt=1 alpha=0 acc mv=48
PCG_PREP o=10 rebuild=1 drift=0 previous_depth=1
POINT_SAFE o=10 frozen=508 slope=-8463.316173890209 candidate=1962025.7024815592 original=1955990.0253830492 current=1956023.0504904911 won=0 mode=1 camera_scale=1 keep_scale=0
ATTR_RADIUS o=10 raw_norm=46534.862148107757 norm=4430.5854943653821 radius=4430.5854943653812 next_radius=1107.6463735913453 lambda=4.0000000000000019e-07 next_lambda=6.4000000000000031e-06 rho=0.017779043192348184 accept=0
CLASSICAL_LM o=10 lambda=4.0000000000000019e-07 tau=4.0000000000000019e-07 prediction=1857.5300754176226 rho=0.017779043192348184 accept=0
  MFCG it  11  retry 1/8  lam=6.400e-06 tau_eff=4.000e-07  (assembly reused)
PCG_PREP o=10 rebuild=1 drift=0 previous_depth=1
POINT_SAFE o=10 frozen=234 slope=-7658.5009121913881 candidate=1951655.3471241521 original=1955571.484366318 current=1956023.0504904911 won=1 mode=1 camera_scale=1 keep_scale=0
ATTR_RADIUS o=10 raw_norm=13493.45797243899 norm=1107.6463735913451 radius=1107.6463735913453 next_radius=2215.2927471826906 lambda=6.4000000000000031e-06 next_lambda=1.6000000000000008e-06 rho=0.81999125037771425 accept=1
CLASSICAL_LM o=10 lambda=6.4000000000000031e-06 tau=6.4000000000000031e-06 prediction=5326.5243553843648 rho=0.81999125037771425 accept=1
  MFCG it  11 cost=1.951655e+06 lam=1.600e-06 tau=0.00e+00 cg_it=0 shift=0 ckpt=1 alpha=0 acc mv=52
PCG_PREP o=11 rebuild=1 drift=0 previous_depth=1
POINT_SAFE o=11 frozen=526 slope=-4848.7952285961392 candidate=1949699.3925790705 original=1951279.7305648432 current=1951655.3471241521 won=1 mode=1 camera_scale=1 keep_scale=0
ATTR_RADIUS o=11 raw_norm=27178.510522752214 norm=2215.2927471826902 radius=2215.2927471826906 next_radius=2215.2927471826906 lambda=1.6000000000000008e-06 next_lambda=1.6000000000000008e-06 rho=0.51437356962230019 accept=1
CLASSICAL_LM o=11 lambda=1.6000000000000008e-06 tau=1.6000000000000008e-06 prediction=3802.595352085903 rho=0.51437356962230019 accept=1
  MFCG it  12 cost=1.949699e+06 lam=1.600e-06 tau=0.00e+00 cg_it=0 shift=0 ckpt=1 alpha=0 acc mv=54
PCG_PREP o=12 rebuild=1 drift=0 previous_depth=1
POINT_SAFE o=12 frozen=279 slope=-4207.165157231364 candidate=1948113.4633614735 original=1949091.965751532 current=1949699.3925790705 won=1 mode=1 camera_scale=1 keep_scale=0
ATTR_RADIUS o=12 raw_norm=26211.721464199654 norm=2215.2927471826902 radius=2215.2927471826906 next_radius=2215.2927471826906 lambda=1.6000000000000008e-06 next_lambda=1.6000000000000008e-06 rho=0.45344623038275383 accept=1
CLASSICAL_LM o=12 lambda=1.6000000000000008e-06 tau=1.6000000000000008e-06 prediction=3497.5022645095573 rho=0.45344623038275383 accept=1
  MFCG it  13 cost=1.948113e+06 lam=1.600e-06 tau=0.00e+00 cg_it=0 shift=0 ckpt=1 alpha=0 acc mv=56
PCG_PREP o=13 rebuild=1 drift=0 previous_depth=1
POINT_SAFE o=13 frozen=168 slope=-3560.5589198604293 candidate=1946709.0597909999 original=1947341.8010500523 current=1948113.4633614735 won=1 mode=1 camera_scale=1 keep_scale=0
ATTR_RADIUS o=13 raw_norm=25574.782579838444 norm=2215.2927471826906 radius=2215.2927471826906 next_radius=2215.2927471826906 lambda=1.6000000000000008e-06 next_lambda=1.6000000000000008e-06 rho=0.43527856670436643 accept=1
CLASSICAL_LM o=13 lambda=1.6000000000000008e-06 tau=1.6000000000000008e-06 prediction=3226.4477920584268 rho=0.43527856670436643 accept=1
  MFCG it  14 cost=1.946709e+06 lam=1.600e-06 tau=0.00e+00 cg_it=0 shift=0 ckpt=1 alpha=0 acc mv=58
PCG_PREP o=14 rebuild=1 drift=0 previous_depth=1
POINT_SAFE o=14 frozen=158 slope=-3467.3465091812868 candidate=1945429.8425661859 original=1946516.6852041245 current=1946709.0597909999 won=1 mode=1 camera_scale=1 keep_scale=0
ATTR_RADIUS o=14 raw_norm=25141.654288192374 norm=2215.2927471826906 radius=2215.2927471826906 next_radius=2215.2927471826906 lambda=1.6000000000000008e-06 next_lambda=1.6000000000000008e-06 rho=0.40734263590549413 accept=1
CLASSICAL_LM o=14 lambda=1.6000000000000008e-06 tau=1.6000000000000008e-06 prediction=3140.3960991473123 rho=0.40734263590549413 accept=1
  MFCG it  15 cost=1.945430e+06 lam=1.600e-06 tau=0.00e+00 cg_it=0 shift=0 ckpt=1 alpha=0 acc mv=60
PCG_PREP o=15 rebuild=1 drift=0 previous_depth=1
POINT_SAFE o=15 frozen=120 slope=-3408.4201073944751 candidate=1944552.7846842441 original=1944694.3354864393 current=1945429.8425661859 won=1 mode=1 camera_scale=1 keep_scale=0
ATTR_RADIUS o=15 raw_norm=24710.919519392832 norm=2215.2927471826897 radius=2215.2927471826906 next_radius=2215.2927471826906 lambda=1.6000000000000008e-06 next_lambda=1.6000000000000008e-06 rho=0.2797103550710674 accept=1
CLASSICAL_LM o=15 lambda=1.6000000000000008e-06 tau=1.6000000000000008e-06 prediction=3135.5931807349339 rho=0.2797103550710674 accept=1
  MFCG it  16 cost=1.944553e+06 lam=1.600e-06 tau=0.00e+00 cg_it=0 shift=0 ckpt=1 alpha=0 acc mv=62
PCG_PREP o=16 rebuild=1 drift=0 previous_depth=1
POINT_SAFE o=16 frozen=131 slope=-3549.8159728065089 candidate=1944290.1302530777 original=1943264.4171570854 current=1944552.7846842441 won=0 mode=1 camera_scale=1 keep_scale=0
ATTR_RADIUS o=16 raw_norm=24307.218255468779 norm=69.227898349459096 radius=2215.2927471826906 next_radius=2215.2927471826906 lambda=1.6000000000000008e-06 next_lambda=1.6000000000000008e-07 rho=0.36543038547604872 accept=1
CLASSICAL_LM o=16 lambda=1.6000000000000008e-06 tau=1.6000000000000008e-06 prediction=3525.6168571760463 rho=0.36543038547604872 accept=1
  MFCG it  17 cost=1.943264e+06 lam=1.600e-07 tau=0.00e+00 cg_it=0 shift=0 ckpt=1 alpha=0 acc mv=64
PCG_PREP o=17 rebuild=1 drift=0 previous_depth=1
POINT_SAFE o=17 frozen=120 slope=-1817.1344897881561 candidate=1945793.853769908 original=1943173.2751885422 current=1943264.4171570854 won=0 mode=1 camera_scale=1 keep_scale=0
ATTR_RADIUS o=17 raw_norm=53409.477536757462 norm=8.6534872936823817 radius=2215.2927471826906 next_radius=553.82318679567265 lambda=1.6000000000000008e-07 next_lambda=2.5600000000000013e-06 rho=0.21158802686364395 accept=1
CLASSICAL_LM o=17 lambda=1.6000000000000008e-07 tau=1.6000000000000008e-07 prediction=430.75201321250211 rho=0.21158802686364395 accept=1
  MFCG it  18 cost=1.943173e+06 lam=2.560e-06 tau=0.00e+00 cg_it=0 shift=0 ckpt=1 alpha=0 acc mv=66
PCG_PREP o=18 rebuild=1 drift=0 previous_depth=1
POINT_SAFE o=18 frozen=43 slope=-1386.6955949632054 candidate=1942197.7166463516 original=inf current=1943173.2751885422 won=1 mode=1 camera_scale=1 keep_scale=0
ATTR_RADIUS o=18 raw_norm=18846.128647287485 norm=553.82318679567265 radius=553.82318679567265 next_radius=1107.6463735913453 lambda=2.5600000000000013e-06 next_lambda=6.4000000000000033e-07 rho=0.81288026400687374 accept=1
CLASSICAL_LM o=18 lambda=2.5600000000000013e-06 tau=2.5600000000000013e-06 prediction=1200.1257569987404 rho=0.81288026400687374 accept=1
  MFCG it  19 cost=1.942198e+06 lam=6.400e-07 tau=0.00e+00 cg_it=0 shift=0 ckpt=1 alpha=0 acc mv=68
PCG_PREP o=19 rebuild=1 drift=0 previous_depth=1
POINT_SAFE o=19 frozen=419 slope=-1201.9447835211072 candidate=1941876.3108665072 original=1942101.182912796 current=1942197.7166463516 won=1 mode=1 camera_scale=1 keep_scale=0
ATTR_RADIUS o=19 raw_norm=34693.298716005294 norm=1107.6463735913449 radius=1107.6463735913453 next_radius=1107.6463735913453 lambda=6.4000000000000033e-07 next_lambda=6.4000000000000033e-07 rho=0.27941398659515349 accept=1
CLASSICAL_LM o=19 lambda=6.4000000000000033e-07 tau=6.4000000000000033e-07 prediction=1150.2852228727968 rho=0.27941398659515349 accept=1
  MFCG it  20 cost=1.941876e+06 lam=6.400e-07 tau=0.00e+00 cg_it=0 shift=0 ckpt=1 alpha=0 acc mv=70
PCG_PREP o=20 rebuild=1 drift=0 previous_depth=1
POINT_SAFE o=20 frozen=136 slope=-1178.655027657572 candidate=1941503.9307855845 original=1941524.6814693764 current=1941876.3108665072 won=1 mode=1 camera_scale=1 keep_scale=0
ATTR_RADIUS o=20 raw_norm=34117.392826248724 norm=1107.6463735913458 radius=1107.6463735913453 next_radius=1107.6463735913453 lambda=6.4000000000000033e-07 next_lambda=6.4000000000000033e-07 rho=0.32459735857073546 accept=1
CLASSICAL_LM o=20 lambda=6.4000000000000033e-07 tau=6.4000000000000033e-07 prediction=1147.2061342778654 rho=0.32459735857073546 accept=1
  MFCG it  21 cost=1.941504e+06 lam=6.400e-07 tau=0.00e+00 cg_it=0 shift=0 ckpt=1 alpha=0 acc mv=72
PCG_PREP o=21 rebuild=1 drift=0 previous_depth=1
POINT_SAFE o=21 frozen=163 slope=-1200.1333625725008 candidate=1941100.8370244035 original=1940762.0568191193 current=1941503.9307855845 won=0 mode=1 camera_scale=1 keep_scale=0
ATTR_RADIUS o=21 raw_norm=33494.971434548541 norm=17.306974587364774 radius=1107.6463735913453 next_radius=1107.6463735913453 lambda=6.4000000000000033e-07 next_lambda=6.400000000000003e-08 rho=0.435128082263191 accept=1
CLASSICAL_LM o=21 lambda=6.4000000000000033e-07 tau=6.4000000000000033e-07 prediction=1704.9553837265544 rho=0.435128082263191 accept=1
  MFCG it  22 cost=1.940762e+06 lam=6.400e-08 tau=0.00e+00 cg_it=0 shift=0 ckpt=1 alpha=0 acc mv=74
PCG_PREP o=22 rebuild=1 drift=0 previous_depth=1
POINT_SAFE o=22 frozen=142 slope=-683.51851918058583 candidate=1941411.5254788941 original=inf current=1940762.0568191193 won=0 mode=1 camera_scale=1 keep_scale=0
ATTR_RADIUS o=22 raw_norm=61598.603658190317 norm=1107.6463735913449 radius=1107.6463735913453 next_radius=276.91159339783633 lambda=6.400000000000003e-08 next_lambda=1.0240000000000005e-06 rho=-1 accept=0
CLASSICAL_LM o=22 lambda=6.400000000000003e-08 tau=6.400000000000003e-08 prediction=663.79282948274272 rho=-1 accept=0
  MFCG it  23  retry 1/8  lam=1.024e-06 tau_eff=6.400e-08  (assembly reused)
PCG_PREP o=22 rebuild=1 drift=0 previous_depth=1
POINT_SAFE o=22 frozen=37 slope=-379.49368339290942 candidate=1940485.6487573709 original=inf current=1940762.0568191193 won=1 mode=1 camera_scale=1 keep_scale=0
ATTR_RADIUS o=22 raw_norm=27731.736920530449 norm=276.91159339783633 radius=276.91159339783633 next_radius=553.82318679567265 lambda=1.0240000000000005e-06 next_lambda=2.5600000000000012e-07 rho=0.75781418259577926 accept=1
CLASSICAL_LM o=22 lambda=1.0240000000000005e-06 tau=1.0240000000000005e-06 prediction=364.74384894932422 rho=0.75781418259577926 accept=1
  MFCG it  23 cost=1.940486e+06 lam=2.560e-07 tau=0.00e+00 cg_it=0 shift=0 ckpt=1 alpha=0 acc mv=78
PCG_PREP o=23 rebuild=1 drift=0 previous_depth=1
POINT_SAFE o=23 frozen=449 slope=-452.49752057223543 candidate=1940216.5089001299 original=1940472.3756255 current=1940485.6487573709 won=1 mode=1 camera_scale=1 keep_scale=0
ATTR_RADIUS o=23 raw_norm=43872.185978134607 norm=553.82318679567288 radius=553.82318679567265 next_radius=553.82318679567265 lambda=2.5600000000000012e-07 next_lambda=2.5600000000000012e-07 rho=0.59956902468921891 accept=1
CLASSICAL_LM o=23 lambda=2.5600000000000012e-07 tau=2.5600000000000012e-07 prediction=448.88886209633449 rho=0.59956902468921891 accept=1
  MFCG it  24 cost=1.940217e+06 lam=2.560e-07 tau=0.00e+00 cg_it=0 shift=0 ckpt=1 alpha=0 acc mv=80
PCG_PREP o=24 rebuild=1 drift=0 previous_depth=1
POINT_SAFE o=24 frozen=163 slope=-450.77553430298468 candidate=1939930.1870507961 original=1940155.7916724337 current=1940216.5089001299 won=1 mode=1 camera_scale=1 keep_scale=0
ATTR_RADIUS o=24 raw_norm=43737.082919578934 norm=553.82318679567265 radius=553.82318679567265 next_radius=553.82318679567265 lambda=2.5600000000000012e-07 next_lambda=2.5600000000000012e-07 rho=0.64061277401675054 accept=1
CLASSICAL_LM o=24 lambda=2.5600000000000012e-07 tau=2.5600000000000012e-07 prediction=446.94995314959834 rho=0.64061277401675054 accept=1
  MFCG it  25 cost=1.939930e+06 lam=2.560e-07 tau=0.00e+00 cg_it=0 shift=0 ckpt=1 alpha=0 acc mv=82
PCG_PREP o=25 rebuild=1 drift=0 previous_depth=1
POINT_SAFE o=25 frozen=175 slope=-446.66377470530119 candidate=1939640.1153039325 original=1939628.1113056089 current=1939930.1870507961 won=0 mode=1 camera_scale=1 keep_scale=0
ATTR_RADIUS o=25 raw_norm=43669.900019019478 norm=4.3267436468411917 radius=553.82318679567265 next_radius=553.82318679567265 lambda=2.5600000000000012e-07 next_lambda=2.5600000000000014e-08 rho=0.35955573706358368 accept=1
CLASSICAL_LM o=25 lambda=2.5600000000000012e-07 tau=2.5600000000000012e-07 prediction=840.13607362859341 rho=0.35955573706358368 accept=1
  MFCG it  26 cost=1.939628e+06 lam=2.560e-08 tau=0.00e+00 cg_it=0 shift=0 ckpt=1 alpha=0 acc mv=84
PCG_PREP o=26 rebuild=1 drift=0 previous_depth=1
POINT_SAFE o=26 frozen=118 slope=-270.45592077910163 candidate=1939467.3427924749 original=inf current=1939628.1113056089 won=1 mode=1 camera_scale=1 keep_scale=0
ATTR_RADIUS o=26 raw_norm=74329.124000355776 norm=553.82318679567243 radius=553.82318679567265 next_radius=553.82318679567265 lambda=2.5600000000000014e-08 next_lambda=2.5600000000000014e-08 rho=0.59942035503743407 accept=1
CLASSICAL_LM o=26 lambda=2.5600000000000014e-08 tau=2.5600000000000014e-08 prediction=268.20662959292088 rho=0.59942035503743407 accept=1
  MFCG it  27 cost=1.939467e+06 lam=2.560e-08 tau=0.00e+00 cg_it=0 shift=0 ckpt=1 alpha=0 acc mv=86
PCG_PREP o=27 rebuild=1 drift=0 previous_depth=1
POINT_SAFE o=27 frozen=210 slope=-257.42755650973118 candidate=1939283.8932540377 original=1939386.2144645317 current=1939467.3427924749 won=1 mode=1 camera_scale=1 keep_scale=0
ATTR_RADIUS o=27 raw_norm=76437.638133437882 norm=553.82318679567254 radius=553.82318679567265 next_radius=553.82318679567265 lambda=2.5600000000000014e-08 next_lambda=2.5600000000000014e-08 rho=0.71608396298453569 accept=1
CLASSICAL_LM o=27 lambda=2.5600000000000014e-08 tau=2.5600000000000014e-08 prediction=256.18439724944051 rho=0.71608396298453569 accept=1
  MFCG it  28 cost=1.939284e+06 lam=2.560e-08 tau=0.00e+00 cg_it=0 shift=0 ckpt=1 alpha=0 acc mv=88
PCG_PREP o=28 rebuild=1 drift=0 previous_depth=1
POINT_SAFE o=28 frozen=140 slope=-257.65124060018542 candidate=1939104.9876620192 original=1939083.6960161948 current=1939283.8932540377 won=0 mode=1 camera_scale=1 keep_scale=0
ATTR_RADIUS o=28 raw_norm=75588.378954679531 norm=2.1633718234205959 radius=553.82318679567265 next_radius=553.82318679567265 lambda=2.5600000000000014e-08 next_lambda=2.5600000000000015e-09 rho=0.47861146826414036 accept=1
CLASSICAL_LM o=28 lambda=2.5600000000000014e-08 tau=2.5600000000000014e-08 prediction=418.28759049388776 rho=0.47861146826414036 accept=1
  MFCG it  29 cost=1.939084e+06 lam=2.560e-09 tau=0.00e+00 cg_it=0 shift=0 ckpt=1 alpha=0 acc mv=90
PCG_PREP o=29 rebuild=1 drift=0 previous_depth=1
NUMERIC_REPAIR o=29 lambda=2.5600000000000015e-09 rayleigh=-4.4732300460067331e-08 next_lambda=1.8916920184026934e-07 cg=1 rebuild=1
PCG_PREP o=29 rebuild=1 drift=0 previous_depth=1
POINT_SAFE o=29 frozen=442 slope=-416.21022667667728 candidate=1940670.3452183555 original=inf current=1939083.6960161948 won=0 mode=1 camera_scale=1 keep_scale=0
ATTR_RADIUS o=29 raw_norm=46784.501628824713 norm=553.82318679567265 radius=553.82318679567265 next_radius=138.45579669891816 lambda=1.8916920184026934e-07 next_lambda=3.0267072294443095e-06 rho=-1 accept=0
CLASSICAL_LM o=29 lambda=1.8916920184026934e-07 tau=1.8916920184026934e-07 prediction=413.3916416928725 rho=-1 accept=0
  MFCG it  30  retry 1/8  lam=3.027e-06 tau_eff=1.892e-07  (assembly reused)
PCG_PREP o=29 rebuild=1 drift=0 previous_depth=1
POINT_SAFE o=29 frozen=124 slope=-308.49121310212723 candidate=1938803.4263564188 original=inf current=1939083.6960161948 won=1 mode=1 camera_scale=1 keep_scale=0
ATTR_RADIUS o=29 raw_norm=17027.47514468275 norm=138.45579669891811 radius=138.45579669891816 next_radius=276.91159339783633 lambda=3.0267072294443095e-06 next_lambda=7.5667680736107737e-07 rho=0.91239695159169421 accept=1
CLASSICAL_LM o=29 lambda=3.0267072294443095e-06 tau=3.0267072294443095e-06 prediction=307.17952234175254 rho=0.91239695159169421 accept=1
  MFCG it  30 cost=1.938803e+06 lam=7.567e-07 tau=0.00e+00 cg_it=0 shift=0 ckpt=1 alpha=0 acc mv=96
PCG_PREP o=30 rebuild=1 drift=0 previous_depth=1
POINT_SAFE o=30 frozen=263 slope=-318.81450342812121 candidate=1938570.2462986889 original=inf current=1938803.4263564188 won=1 mode=1 camera_scale=1 keep_scale=0
ATTR_RADIUS o=30 raw_norm=29650.451000866509 norm=276.91159339783638 radius=276.91159339783633 next_radius=276.91159339783633 lambda=7.5667680736107737e-07 next_lambda=7.5667680736107737e-07 rho=0.73529243162501357 accept=1
CLASSICAL_LM o=30 lambda=7.5667680736107737e-07 tau=7.5667680736107737e-07 prediction=317.12560567840177 rho=0.73529243162501357 accept=1
  MFCG it  31 cost=1.938570e+06 lam=7.567e-07 tau=0.00e+00 cg_it=0 shift=0 ckpt=1 alpha=0 acc mv=98
PCG_PREP o=31 rebuild=1 drift=0 previous_depth=1
POINT_SAFE o=31 frozen=117 slope=-316.19796973156042 candidate=1938304.3427546187 original=inf current=1938570.2462986889 won=1 mode=1 camera_scale=1 keep_scale=0
ATTR_RADIUS o=31 raw_norm=29613.628182249529 norm=276.91159339783627 radius=276.91159339783633 next_radius=553.82318679567265 lambda=7.5667680736107737e-07 next_lambda=1.8916920184026934e-07 rho=0.84564525263183954 accept=1
CLASSICAL_LM o=31 lambda=7.5667680736107737e-07 tau=7.5667680736107737e-07 prediction=314.4386410763226 rho=0.84564525263183954 accept=1
  MFCG it  32 cost=1.938304e+06 lam=1.892e-07 tau=0.00e+00 cg_it=0 shift=0 ckpt=1 alpha=0 acc mv=100
PCG_PREP o=32 rebuild=1 drift=0 previous_depth=1
POINT_SAFE o=32 frozen=416 slope=-412.06104331586636 candidate=1938033.8863633438 original=1938205.1618139476 current=1938304.3427546187 won=1 mode=1 camera_scale=1 keep_scale=0
ATTR_RADIUS o=32 raw_norm=45650.476569030376 norm=553.82318679567277 radius=553.82318679567265 next_radius=553.82318679567265 lambda=1.8916920184026934e-07 next_lambda=1.8916920184026934e-07 rho=0.66115090933968212 accept=1
CLASSICAL_LM o=32 lambda=1.8916920184026934e-07 tau=1.8916920184026934e-07 prediction=409.06907553835879 rho=0.66115090933968212 accept=1
  MFCG it  33 cost=1.938034e+06 lam=1.892e-07 tau=0.00e+00 cg_it=0 shift=0 ckpt=1 alpha=0 acc mv=102
PCG_PREP o=33 rebuild=1 drift=0 previous_depth=1
POINT_SAFE o=33 frozen=140 slope=-410.17663874455565 candidate=1937754.8721813387 original=1937953.0793275377 current=1938033.8863633438 won=1 mode=1 camera_scale=1 keep_scale=0
ATTR_RADIUS o=33 raw_norm=45558.378365721641 norm=553.823186795673 radius=553.82318679567265 next_radius=553.82318679567265 lambda=1.8916920184026934e-07 next_lambda=1.8916920184026934e-07 rho=0.68546950117786187 accept=1
CLASSICAL_LM o=33 lambda=1.8916920184026934e-07 tau=1.8916920184026934e-07 prediction=407.04098654373325 rho=0.68546950117786187 accept=1
  MFCG it  34 cost=1.937755e+06 lam=1.892e-07 tau=0.00e+00 cg_it=0 shift=0 ckpt=1 alpha=0 acc mv=104
PCG_PREP o=34 rebuild=1 drift=0 previous_depth=1
POINT_SAFE o=34 frozen=183 slope=-407.53859649959497 candidate=1937469.0423846 original=1937472.4066676779 current=1937754.8721813387 won=1 mode=1 camera_scale=1 keep_scale=0
ATTR_RADIUS o=34 raw_norm=45505.87773865318 norm=553.82318679567254 radius=553.82318679567265 next_radius=553.82318679567265 lambda=1.8916920184026934e-07 next_lambda=1.8916920184026934e-07 rho=0.70695384575156661 accept=1
CLASSICAL_LM o=34 lambda=1.8916920184026934e-07 tau=1.8916920184026934e-07 prediction=404.31182099988791 rho=0.70695384575156661 accept=1
  MFCG it  35 cost=1.937469e+06 lam=1.892e-07 tau=0.00e+00 cg_it=0 shift=0 ckpt=1 alpha=0 acc mv=106
PCG_PREP o=35 rebuild=1 drift=0 previous_depth=1
POINT_SAFE o=35 frozen=156 slope=-405.06310668743282 candidate=1937180.4009796192 original=1937080.7335739508 current=1937469.0423846 won=0 mode=1 camera_scale=1 keep_scale=0
ATTR_RADIUS o=35 raw_norm=45413.381073204946 norm=4.3267436468411953 radius=553.82318679567265 next_radius=553.82318679567265 lambda=1.8916920184026934e-07 next_lambda=1.8916920184026934e-07 rho=0.46561263822677063 accept=1
CLASSICAL_LM o=35 lambda=1.8916920184026934e-07 tau=1.8916920184026934e-07 prediction=833.97394909217667 rho=0.46561263822677063 accept=1
  MFCG it  36 cost=1.937081e+06 lam=1.892e-07 tau=0.00e+00 cg_it=0 shift=0 ckpt=1 alpha=0 acc mv=108
PCG_PREP o=36 rebuild=1 drift=0 previous_depth=1
POINT_SAFE o=36 frozen=165 slope=-412.56488245249739 candidate=1937321.1193477879 original=inf current=1937080.7335739508 won=0 mode=1 camera_scale=1 keep_scale=0
ATTR_RADIUS o=36 raw_norm=44716.146140530989 norm=553.82318679567265 radius=553.82318679567265 next_radius=138.45579669891816 lambda=1.8916920184026934e-07 next_lambda=3.0267072294443095e-06 rho=-1 accept=0
CLASSICAL_LM o=36 lambda=1.8916920184026934e-07 tau=1.8916920184026934e-07 prediction=409.30713710089822 rho=-1 accept=0
  MFCG it  37  retry 1/8  lam=3.027e-06 tau_eff=1.892e-07  (assembly reused)
PCG_PREP o=36 rebuild=1 drift=0 previous_depth=1
POINT_SAFE o=36 frozen=84 slope=-274.5896349264093 candidate=1936847.5845588744 original=inf current=1937080.7335739508 won=1 mode=1 camera_scale=1 keep_scale=0
ATTR_RADIUS o=36 raw_norm=16775.181343319662 norm=138.45579669891814 radius=138.45579669891816 next_radius=276.91159339783633 lambda=3.0267072294443095e-06 next_lambda=7.5667680736107737e-07 rho=0.85441853814237823 accept=1
CLASSICAL_LM o=36 lambda=3.0267072294443095e-06 tau=3.0267072294443095e-06 prediction=272.87448091114226 rho=0.85441853814237823 accept=1
  MFCG it  37 cost=1.936848e+06 lam=7.567e-07 tau=0.00e+00 cg_it=0 shift=0 ckpt=1 alpha=0 acc mv=112
PCG_PREP o=37 rebuild=1 drift=0 previous_depth=1
POINT_SAFE o=37 frozen=302 slope=-310.74183817248382 candidate=1936586.2421322975 original=inf current=1936847.5845588744 won=1 mode=1 camera_scale=1 keep_scale=0
ATTR_RADIUS o=37 raw_norm=28967.382653988596 norm=276.91159339783633 radius=276.91159339783633 next_radius=553.82318679567265 lambda=7.5667680736107737e-07 next_lambda=1.8916920184026934e-07 rho=0.84559416302278434 accept=1
CLASSICAL_LM o=37 lambda=7.5667680736107737e-07 tau=7.5667680736107737e-07 prediction=309.06365961970653 rho=0.84559416302278434 accept=1
  MFCG it  38 cost=1.936586e+06 lam=1.892e-07 tau=0.00e+00 cg_it=0 shift=0 ckpt=1 alpha=0 acc mv=114
PCG_PREP o=38 rebuild=1 drift=0 previous_depth=1
POINT_SAFE o=38 frozen=362 slope=-401.45769183204254 candidate=1936322.282161114 original=inf current=1936586.2421322975 won=1 mode=1 camera_scale=1 keep_scale=0
ATTR_RADIUS o=38 raw_norm=45035.607220688187 norm=553.82318679567243 radius=553.82318679567265 next_radius=553.82318679567265 lambda=1.8916920184026934e-07 next_lambda=1.8916920184026934e-07 rho=0.66237348988901523 accept=1
CLASSICAL_LM o=38 lambda=1.8916920184026934e-07 tau=1.8916920184026934e-07 prediction=398.50624340003918 rho=0.66237348988901523 accept=1
  MFCG it  39 cost=1.936322e+06 lam=1.892e-07 tau=0.00e+00 cg_it=0 shift=0 ckpt=1 alpha=0 acc mv=116
PCG_PREP o=39 rebuild=1 drift=0 previous_depth=1
POINT_SAFE o=39 frozen=193 slope=-398.27378727180292 candidate=1936040.10323757 original=1936118.7325884232 current=1936322.282161114 won=1 mode=1 camera_scale=1 keep_scale=0
ATTR_RADIUS o=39 raw_norm=45066.272320532378 norm=553.82318679567254 radius=553.82318679567265 next_radius=553.82318679567265 lambda=1.8916920184026934e-07 next_lambda=1.8916920184026934e-07 rho=0.71395868118196104 accept=1
CLASSICAL_LM o=39 lambda=1.8916920184026934e-07 tau=1.8916920184026934e-07 prediction=395.23144823571596 rho=0.71395868118196104 accept=1
  MFCG it  40 cost=1.936040e+06 lam=1.892e-07 tau=0.00e+00 cg_it=0 shift=0 ckpt=1 alpha=0 acc mv=118
PCG_PREP o=40 rebuild=1 drift=0 previous_depth=1
POINT_SAFE o=40 frozen=134 slope=-395.90405442767945 candidate=1935752.7332234292 original=1935809.2371102113 current=1936040.10323757 won=1 mode=1 camera_scale=1 keep_scale=0
ATTR_RADIUS o=40 raw_norm=44975.108387808112 norm=553.82318679567277 radius=553.82318679567265 next_radius=553.82318679567265 lambda=1.8916920184026934e-07 next_lambda=1.8916920184026934e-07 rho=0.73161981097880657 accept=1
CLASSICAL_LM o=40 lambda=1.8916920184026934e-07 tau=1.8916920184026934e-07 prediction=392.78599325568638 rho=0.73161981097880657 accept=1
  MFCG it  41 cost=1.935753e+06 lam=1.892e-07 tau=0.00e+00 cg_it=0 shift=0 ckpt=1 alpha=0 acc mv=120
PCG_PREP o=41 rebuild=1 drift=0 previous_depth=1
POINT_SAFE o=41 frozen=331 slope=-719.63626452280027 candidate=1935196.7729475661 original=1935396.1714724854 current=1935752.7332234292 won=1 mode=1 camera_scale=1 keep_scale=0
ATTR_RADIUS o=41 raw_norm=67730.542468535015 norm=553.82318679567243 radius=553.82318679567265 next_radius=1107.6463735913453 lambda=1.8916920184026934e-07 next_lambda=1.8916920184026934e-07 rho=0.8884688209792615 accept=1
CLASSICAL_LM o=41 lambda=1.8916920184026934e-07 tau=1.8916920184026934e-07 prediction=625.75102551183568 rho=0.8884688209792615 accept=1
  MFCG it  42 cost=1.935197e+06 lam=1.892e-07 tau=0.00e+00 cg_it=1 shift=0 ckpt=2 alpha=0 acc mv=123
PCG_PREP o=42 rebuild=1 drift=0 previous_depth=2
POINT_SAFE o=42 frozen=205 slope=-1238.986433704029 candidate=1933981.9236268285 original=1935098.1462211304 current=1935196.7729475661 won=1 mode=1 camera_scale=1 keep_scale=0
ATTR_RADIUS o=42 raw_norm=65437.440992804557 norm=1107.6463735913449 radius=1107.6463735913453 next_radius=2215.2927471826906 lambda=1.8916920184026934e-07 next_lambda=1.8916920184026934e-07 rho=1.0475500015035315 accept=1
CLASSICAL_LM o=42 lambda=1.8916920184026934e-07 tau=1.8916920184026934e-07 prediction=1159.705330527413 rho=1.0475500015035315 accept=1
  MFCG it  43 cost=1.933982e+06 lam=1.892e-07 tau=0.00e+00 cg_it=1 shift=0 ckpt=2 alpha=0 acc mv=126
PCG_PREP o=43 rebuild=1 drift=0 previous_depth=2
POINT_SAFE o=43 frozen=270 slope=-2216.8394846920173 candidate=1931788.3922437378 original=1933460.1943788205 current=1933981.9236268285 won=1 mode=1 camera_scale=1 keep_scale=0
ATTR_RADIUS o=43 raw_norm=64050.881462763275 norm=2215.2927471826906 radius=2215.2927471826906 next_radius=4430.5854943653812 lambda=1.8916920184026934e-07 next_lambda=1.8916920184026934e-07 rho=1.0102039001098253 accept=1
CLASSICAL_LM o=43 lambda=1.8916920184026934e-07 tau=1.8916920184026934e-07 prediction=2171.3748906059268 rho=1.0102039001098253 accept=1
  MFCG it  44 cost=1.931788e+06 lam=1.892e-07 tau=0.00e+00 cg_it=1 shift=0 ckpt=2 alpha=0 acc mv=129
PCG_PREP o=44 rebuild=1 drift=0 previous_depth=2
POINT_SAFE o=44 frozen=255 slope=-4307.9848686517998 candidate=1927781.7378484558 original=1930919.0767081918 current=1931788.3922437378 won=1 mode=1 camera_scale=1 keep_scale=0
ATTR_RADIUS o=44 raw_norm=63657.888997879236 norm=4430.5854943653803 radius=4430.5854943653812 next_radius=8861.1709887307625 lambda=1.8916920184026934e-07 next_lambda=1.8916920184026934e-07 rho=0.96622528076462555 accept=1
CLASSICAL_LM o=44 lambda=1.8916920184026934e-07 tau=1.8916920184026934e-07 prediction=4146.7083040006537 rho=0.96622528076462555 accept=1
  MFCG it  45 cost=1.927782e+06 lam=1.892e-07 tau=0.00e+00 cg_it=1 shift=0 ckpt=2 alpha=0 acc mv=132
PCG_PREP o=45 rebuild=1 drift=0 previous_depth=2
POINT_SAFE o=45 frozen=765 slope=-14316.284710223523 candidate=1934217.3807631168 original=1925145.8052024851 current=1927781.7378484558 won=0 mode=1 camera_scale=1 keep_scale=0
ATTR_RADIUS o=45 raw_norm=59544.690333893777 norm=553.82318679567254 radius=8861.1709887307625 next_radius=8861.1709887307625 lambda=1.8916920184026934e-07 next_lambda=1.8916920184026934e-07 rho=0.36233120380644146 accept=1
CLASSICAL_LM o=45 lambda=1.8916920184026934e-07 tau=1.8916920184026934e-07 prediction=7274.9258641793567 rho=0.36233120380644146 accept=1
  MFCG it  46 cost=1.925146e+06 lam=1.892e-07 tau=0.00e+00 cg_it=3 shift=0 ckpt=4 alpha=0 acc mv=137
PCG_PREP o=46 rebuild=1 drift=0 previous_depth=4
POINT_SAFE o=46 frozen=796 slope=-5891.771863171236 candidate=1988081.9622262048 original=1924796.1670965417 current=1925145.8052024851 won=0 mode=1 camera_scale=1 keep_scale=0
ATTR_RADIUS o=46 raw_norm=40364.861831224742 norm=69.22789834945911 radius=8861.1709887307625 next_radius=8861.1709887307625 lambda=1.8916920184026934e-07 next_lambda=1.8916920184026934e-07 rho=0.41801814478129851 accept=1
CLASSICAL_LM o=46 lambda=1.8916920184026934e-07 tau=1.8916920184026934e-07 prediction=836.41849117879644 rho=0.41801814478129851 accept=1
  MFCG it  47 cost=1.924796e+06 lam=1.892e-07 tau=0.00e+00 cg_it=0 shift=0 ckpt=1 alpha=0 acc mv=139
PCG_PREP o=47 rebuild=1 drift=0 previous_depth=1
POINT_SAFE o=47 frozen=796 slope=-5924.60591413579 candidate=2075732.996047813 original=inf current=1924796.1670965417 won=0 mode=1 camera_scale=1 keep_scale=0
ATTR_RADIUS o=47 raw_norm=40139.920829475137 norm=8861.1709887307643 radius=8861.1709887307625 next_radius=2215.2927471826906 lambda=1.8916920184026934e-07 next_lambda=3.0267072294443095e-06 rho=-1 accept=0
CLASSICAL_LM o=47 lambda=1.8916920184026934e-07 tau=1.8916920184026934e-07 prediction=5160.1013649852139 rho=-1 accept=0
  MFCG it  48  retry 1/8  lam=3.027e-06 tau_eff=1.892e-07  (assembly reused)
PCG_PREP o=47 rebuild=1 drift=0 previous_depth=1
POINT_SAFE o=47 frozen=397 slope=-3921.051233350347 candidate=1931737.5849570902 original=inf current=1924796.1670965417 won=0 mode=1 camera_scale=1 keep_scale=0
ATTR_RADIUS o=47 raw_norm=14943.407270186743 norm=2215.2927471826902 radius=2215.2927471826906 next_radius=553.82318679567265 lambda=3.0267072294443095e-06 next_lambda=4.8427315671108952e-05 rho=-1 accept=0
CLASSICAL_LM o=47 lambda=3.0267072294443095e-06 tau=3.0267072294443095e-06 prediction=3557.6849584686561 rho=-1 accept=0
  MFCG it  48  retry 2/8  lam=4.843e-05 tau_eff=3.027e-06  (assembly reused)
PCG_PREP o=47 rebuild=1 drift=0 previous_depth=1
POINT_SAFE o=47 frozen=69 slope=-3271.564780652192 candidate=1921768.6892988218 original=inf current=1924796.1670965417 won=1 mode=1 camera_scale=1 keep_scale=0
ATTR_RADIUS o=47 raw_norm=4454.7462808399814 norm=553.82318679567277 radius=553.82318679567265 next_radius=1107.6463735913453 lambda=4.8427315671108952e-05 next_lambda=1.2106828917777238e-05 rho=0.99529527456709999 accept=1
CLASSICAL_LM o=47 lambda=4.8427315671108952e-05 tau=4.8427315671108952e-05 prediction=3041.7885778033792 rho=0.99529527456709999 accept=1
  MFCG it  48 cost=1.921769e+06 lam=1.211e-05 tau=0.00e+00 cg_it=0 shift=0 ckpt=1 alpha=0 acc mv=145
PCG_PREP o=48 rebuild=1 drift=0 previous_depth=1
POINT_SAFE o=48 frozen=134 slope=-4323.3207948238523 candidate=1917547.0416562851 original=1921649.4570558579 current=1921768.6892988218 won=1 mode=1 camera_scale=1 keep_scale=0
ATTR_RADIUS o=48 raw_norm=24810.273941333682 norm=1107.6463735913451 radius=1107.6463735913453 next_radius=2215.2927471826906 lambda=1.2106828917777238e-05 next_lambda=3.0267072294443095e-06 rho=1.0017828404751665 accept=1
CLASSICAL_LM o=48 lambda=1.2106828917777238e-05 tau=1.2106828917777238e-05 prediction=4214.1345129592873 rho=1.0017828404751665 accept=1
  MFCG it  49 cost=1.917547e+06 lam=3.027e-06 tau=0.00e+00 cg_it=4 shift=0 ckpt=5 alpha=0 acc mv=151
PCG_PREP o=49 rebuild=1 drift=0 previous_depth=5
POINT_SAFE o=49 frozen=127 slope=-5486.9782144380315 candidate=1912547.5290544732 original=1917441.1122611917 current=1917547.0416562851 won=1 mode=1 camera_scale=1 keep_scale=0
ATTR_RADIUS o=49 raw_norm=39463.18610521598 norm=2215.2927471826915 radius=2215.2927471826906 next_radius=4430.5854943653812 lambda=3.0267072294443095e-06 next_lambda=7.5667680736107737e-07 rho=0.93857160598863421 accept=1
CLASSICAL_LM o=49 lambda=3.0267072294443095e-06 tau=3.0267072294443095e-06 prediction=5326.7247484497702 rho=0.93857160598863421 accept=1
  MFCG it  50 cost=1.912548e+06 lam=7.567e-07 tau=0.00e+00 cg_it=4 shift=0 ckpt=5 alpha=0 acc mv=157
PCG_PREP o=50 rebuild=1 drift=0 previous_depth=5
POINT_SAFE o=50 frozen=393 slope=-7913.1308079972951 candidate=1911805.2076320802 original=1912166.5562072836 current=1912547.5290544732 won=1 mode=1 camera_scale=1 keep_scale=0
ATTR_RADIUS o=50 raw_norm=53713.601219229102 norm=138.45579669891814 radius=4430.5854943653812 next_radius=1107.6463735913453 lambda=7.5667680736107737e-07 next_lambda=1.2106828917777238e-05 rho=0.098453384207697975 accept=0
CLASSICAL_LM o=50 lambda=7.5667680736107737e-07 tau=7.5667680736107737e-07 prediction=7539.826369268947 rho=0.098453384207697975 accept=0
  MFCG it  51  retry 1/8  lam=1.211e-05 tau_eff=7.567e-07  (assembly reused)
PCG_PREP o=50 rebuild=1 drift=0 previous_depth=5
POINT_SAFE o=50 frozen=35 slope=-3824.7444397307199 candidate=1908795.0856733071 original=1912228.7864877258 current=1912547.5290544732 won=1 mode=1 camera_scale=1 keep_scale=0
ATTR_RADIUS o=50 raw_norm=24528.180840611705 norm=1107.6463735913458 radius=1107.6463735913453 next_radius=2215.2927471826906 lambda=1.2106828917777238e-05 next_lambda=3.0267072294443095e-06 rho=1.0077352889696698 accept=1
CLASSICAL_LM o=50 lambda=1.2106828917777238e-05 tau=1.2106828917777238e-05 prediction=3723.6399501328015 rho=1.0077352889696698 accept=1
  MFCG it  51 cost=1.908795e+06 lam=3.027e-06 tau=0.00e+00 cg_it=4 shift=0 ckpt=5 alpha=0 acc mv=169
PCG_PREP o=51 rebuild=1 drift=0 previous_depth=5
POINT_SAFE o=51 frozen=141 slope=-4893.5297632648344 candidate=1904081.1954882306 original=1907913.432983801 current=1908795.0856733071 won=1 mode=1 camera_scale=1 keep_scale=0
ATTR_RADIUS o=51 raw_norm=39632.128525435786 norm=2215.2927471826911 radius=2215.2927471826906 next_radius=4430.5854943653812 lambda=3.0267072294443095e-06 next_lambda=7.5667680736107737e-07 rho=0.99134744372113581 accept=1
CLASSICAL_LM o=51 lambda=3.0267072294443095e-06 tau=3.0267072294443095e-06 prediction=4755.0333789961524 rho=0.99134744372113581 accept=1
  MFCG it  52 cost=1.904081e+06 lam=7.567e-07 tau=0.00e+00 cg_it=4 shift=0 ckpt=5 alpha=0 acc mv=175
PCG_PREP o=52 rebuild=1 drift=0 previous_depth=5
POINT_SAFE o=52 frozen=413 slope=-7002.4532593206795 candidate=1907256.1639991286 original=1902633.98258904 current=1904081.1954882306 won=0 mode=1 camera_scale=1 keep_scale=0
ATTR_RADIUS o=52 raw_norm=55228.755431373269 norm=138.45579669891819 radius=4430.5854943653812 next_radius=4430.5854943653812 lambda=7.5667680736107737e-07 next_lambda=1.8916920184026934e-07 rho=0.43421915139373007 accept=1
CLASSICAL_LM o=52 lambda=7.5667680736107737e-07 tau=7.5667680736107737e-07 prediction=3332.9089574824857 rho=0.43421915139373007 accept=1
  MFCG it  53 cost=1.902634e+06 lam=1.892e-07 tau=0.00e+00 cg_it=4 shift=0 ckpt=5 alpha=0 acc mv=181
PCG_PREP o=53 rebuild=1 drift=0 previous_depth=5
POINT_SAFE o=53 frozen=434 slope=-5119.1757689633241 candidate=14458986.950627921 original=inf current=1902633.98258904 won=0 mode=1 camera_scale=1 keep_scale=0
ATTR_RADIUS o=53 raw_norm=77286.228124312023 norm=4430.585494365384 radius=4430.5854943653812 next_radius=1107.6463735913453 lambda=1.8916920184026934e-07 next_lambda=3.0267072294443095e-06 rho=-1 accept=0
CLASSICAL_LM o=53 lambda=1.8916920184026934e-07 tau=1.8916920184026934e-07 prediction=4931.6948228798528 rho=-1 accept=0
  MFCG it  54  retry 1/8  lam=3.027e-06 tau_eff=1.892e-07  (assembly reused)
PCG_PREP o=53 rebuild=1 drift=0 previous_depth=5
POINT_SAFE o=53 frozen=29 slope=-2384.1544041767756 candidate=1900310.6000403895 original=inf current=1902633.98258904 won=1 mode=1 camera_scale=1 keep_scale=0
ATTR_RADIUS o=53 raw_norm=39556.264088880431 norm=1107.6463735913446 radius=1107.6463735913453 next_radius=2215.2927471826906 lambda=3.0267072294443095e-06 next_lambda=7.5667680736107737e-07 rho=0.99823189314069627 accept=1
CLASSICAL_LM o=53 lambda=3.0267072294443095e-06 tau=3.0267072294443095e-06 prediction=2327.4978134995567 rho=0.99823189314069627 accept=1
  MFCG it  54 cost=1.900311e+06 lam=7.567e-07 tau=0.00e+00 cg_it=4 shift=0 ckpt=5 alpha=0 acc mv=193
PCG_PREP o=54 rebuild=1 drift=0 previous_depth=5
POINT_SAFE o=54 frozen=421 slope=-3774.8067656842827 candidate=1896889.4491962462 original=1900134.5950042475 current=1900310.6000403895 won=1 mode=1 camera_scale=1 keep_scale=0
ATTR_RADIUS o=54 raw_norm=57766.584834174151 norm=2215.292747182692 radius=2215.2927471826906 next_radius=4430.5854943653812 lambda=7.5667680736107737e-07 next_lambda=1.8916920184026934e-07 rho=0.92540457156979339 accept=1
CLASSICAL_LM o=54 lambda=7.5667680736107737e-07 tau=7.5667680736107737e-07 prediction=3696.9245119892053 rho=0.92540457156979339 accept=1
  MFCG it  55 cost=1.896889e+06 lam=1.892e-07 tau=0.00e+00 cg_it=5 shift=0 ckpt=6 alpha=0 acc mv=200
PCG_PREP o=55 rebuild=1 drift=0 previous_depth=6
POINT_SAFE o=55 frozen=412 slope=-4684.63167008035 candidate=1891974.8733829753 original=1896532.1929630612 current=1896889.4491962462 won=1 mode=1 camera_scale=1 keep_scale=0
ATTR_RADIUS o=55 raw_norm=79011.5552623564 norm=4430.5854943653785 radius=4430.5854943653812 next_radius=8861.1709887307625 lambda=1.8916920184026934e-07 next_lambda=1.8916920184026934e-07 rho=1.0864986752230119 accept=1
CLASSICAL_LM o=55 lambda=1.8916920184026934e-07 tau=1.8916920184026934e-07 prediction=4523.3150535246805 rho=1.0864986752230119 accept=1
  MFCG it  56 cost=1.891975e+06 lam=1.892e-07 tau=0.00e+00 cg_it=4 shift=0 ckpt=5 alpha=0 acc mv=206
PCG_PREP o=56 rebuild=1 drift=0 previous_depth=5
POINT_SAFE o=56 frozen=549 slope=-9734.8781819037413 candidate=1886672.8264003149 original=inf current=1891974.8733829753 won=1 mode=1 camera_scale=1 keep_scale=0
ATTR_RADIUS o=56 raw_norm=73278.720821655559 norm=8861.1709887307697 radius=8861.1709887307625 next_radius=8861.1709887307625 lambda=1.8916920184026934e-07 next_lambda=1.8916920184026934e-07 rho=0.59315090451951014 accept=1
CLASSICAL_LM o=56 lambda=1.8916920184026934e-07 tau=1.8916920184026934e-07 prediction=8938.7825969100031 rho=0.59315090451951014 accept=1
  MFCG it  57 cost=1.886673e+06 lam=1.892e-07 tau=0.00e+00 cg_it=4 shift=0 ckpt=5 alpha=0 acc mv=212
PCG_PREP o=57 rebuild=1 drift=0 previous_depth=5
POINT_SAFE o=57 frozen=283 slope=-7079.3557527752155 candidate=1975222.0598541556 original=1886130.6854680858 current=1886672.8264003149 won=0 mode=1 camera_scale=1 keep_scale=0
ATTR_RADIUS o=57 raw_norm=32529.594656802015 norm=138.45579669891816 radius=8861.1709887307625 next_radius=8861.1709887307625 lambda=1.8916920184026934e-07 next_lambda=1.8916920184026934e-07 rho=0.33446108663430729 accept=1
CLASSICAL_LM o=57 lambda=1.8916920184026934e-07 tau=1.8916920184026934e-07 prediction=1620.9387396444124 rho=0.33446108663430729 accept=1
  MFCG it  58 cost=1.886131e+06 lam=1.892e-07 tau=0.00e+00 cg_it=0 shift=0 ckpt=1 alpha=0 acc mv=214
PCG_PREP o=58 rebuild=1 drift=0 previous_depth=1
POINT_SAFE o=58 frozen=294 slope=-7150.6302130679233 candidate=3296159.4971159794 original=1886054.0063986701 current=1886130.6854680858 won=0 mode=1 camera_scale=1 keep_scale=0
ATTR_RADIUS o=58 raw_norm=31570.330097165708 norm=34.613949174729527 radius=8861.1709887307625 next_radius=2215.2927471826906 lambda=1.8916920184026934e-07 next_lambda=3.0267072294443095e-06 rho=0.18962501197723317 accept=1
CLASSICAL_LM o=58 lambda=1.8916920184026934e-07 tau=1.8916920184026934e-07 prediction=404.37212694743266 rho=0.18962501197723317 accept=1
  MFCG it  59 cost=1.886054e+06 lam=3.027e-06 tau=0.00e+00 cg_it=0 shift=0 ckpt=1 alpha=0 acc mv=216
PCG_PREP o=59 rebuild=1 drift=0 previous_depth=1
POINT_SAFE o=59 frozen=86 slope=-4999.5127468398359 candidate=1885624.6100001952 original=inf current=1886054.0063986701 won=1 mode=1 camera_scale=1 keep_scale=0
ATTR_RADIUS o=59 raw_norm=13014.23098033946 norm=2215.2927471826915 radius=2215.2927471826906 next_radius=553.82318679567265 lambda=3.0267072294443095e-06 next_lambda=4.8427315671108952e-05 rho=0.11406968188030814 accept=1
CLASSICAL_LM o=59 lambda=3.0267072294443095e-06 tau=3.0267072294443095e-06 prediction=3764.334145557521 rho=0.11406968188030814 accept=1
  MFCG it  60 cost=1.885625e+06 lam=4.843e-05 tau=0.00e+00 cg_it=0 shift=0 ckpt=1 alpha=0 acc mv=218
PCG_PREP o=60 rebuild=1 drift=0 previous_depth=1
POINT_SAFE o=60 frozen=113 slope=-3572.1958078893595 candidate=1882697.1862854313 original=1885459.9540561987 current=1885624.6100001952 won=1 mode=1 camera_scale=1 keep_scale=0
ATTR_RADIUS o=60 raw_norm=3618.7218243253815 norm=553.82318679567254 radius=553.82318679567265 next_radius=1107.6463735913453 lambda=4.8427315671108952e-05 next_lambda=1.2106828917777238e-05 rho=0.96735814894439554 accept=1
CLASSICAL_LM o=60 lambda=4.8427315671108952e-05 tau=4.8427315671108952e-05 prediction=3026.2046357478102 rho=0.96735814894439554 accept=1
  MFCG it  61 cost=1.882697e+06 lam=1.211e-05 tau=0.00e+00 cg_it=0 shift=0 ckpt=1 alpha=0 acc mv=220
PCG_PREP o=61 rebuild=1 drift=0 previous_depth=1
POINT_SAFE o=61 frozen=393 slope=-2468.6377042061199 candidate=1881020.7114633317 original=1882522.4469076123 current=1882697.1862854313 won=1 mode=1 camera_scale=1 keep_scale=0
ATTR_RADIUS o=61 raw_norm=7018.9332367997722 norm=1107.6463735913453 radius=1107.6463735913453 next_radius=1107.6463735913453 lambda=1.2106828917777238e-05 next_lambda=1.2106828917777238e-05 rho=0.74430614968652298 accept=1
CLASSICAL_LM o=61 lambda=1.2106828917777238e-05 tau=1.2106828917777238e-05 prediction=2252.3995304964615 rho=0.74430614968652298 accept=1
  MFCG it  62 cost=1.881021e+06 lam=1.211e-05 tau=0.00e+00 cg_it=0 shift=0 ckpt=1 alpha=0 acc mv=222
PCG_PREP o=62 rebuild=1 drift=0 previous_depth=1
POINT_SAFE o=62 frozen=227 slope=-2200.3982906964443 candidate=1879461.535389706 original=1880894.0952826701 current=1881020.7114633317 won=1 mode=1 camera_scale=1 keep_scale=0
ATTR_RADIUS o=62 raw_norm=6906.4659106765366 norm=1107.6463735913453 radius=1107.6463735913453 next_radius=2215.2927471826906 lambda=1.2106828917777238e-05 next_lambda=3.0267072294443095e-06 rho=0.77449014054220944 accept=1
CLASSICAL_LM o=62 lambda=1.2106828917777238e-05 tau=1.2106828917777238e-05 prediction=2013.1645220610903 rho=0.77449014054220944 accept=1
  MFCG it  63 cost=1.879462e+06 lam=3.027e-06 tau=0.00e+00 cg_it=0 shift=0 ckpt=1 alpha=0 acc mv=224
PCG_PREP o=63 rebuild=1 drift=0 previous_depth=1
POINT_SAFE o=63 frozen=80 slope=-4285.4332054705565 candidate=1875340.5238920136 original=1879369.1438807591 current=1879461.535389706 won=1 mode=1 camera_scale=1 keep_scale=0
ATTR_RADIUS o=63 raw_norm=52482.543693247557 norm=2215.292747182692 radius=2215.2927471826906 next_radius=4430.5854943653812 lambda=3.0267072294443095e-06 next_lambda=7.5667680736107737e-07 rho=0.98381888533224504 accept=1
CLASSICAL_LM o=63 lambda=3.0267072294443095e-06 tau=3.0267072294443095e-06 prediction=4188.7908019784891 rho=0.98381888533224504 accept=1
  MFCG it  64 cost=1.875341e+06 lam=7.567e-07 tau=0.00e+00 cg_it=8 shift=0 ckpt=9 alpha=0 acc mv=234
PCG_PREP o=64 rebuild=1 drift=0 previous_depth=9
POINT_SAFE o=64 frozen=182 slope=-6321.1665180663431 candidate=1869623.948571922 original=1875135.0597159287 current=1875340.5238920136 won=1 mode=1 camera_scale=1 keep_scale=0
ATTR_RADIUS o=64 raw_norm=71193.415340090913 norm=4430.5854943653812 radius=4430.5854943653812 next_radius=8861.1709887307625 lambda=7.5667680736107737e-07 next_lambda=1.8916920184026934e-07 rho=0.93606514838774713 accept=1
CLASSICAL_LM o=64 lambda=7.5667680736107737e-07 tau=7.5667680736107737e-07 prediction=6107.0271977731854 rho=0.93606514838774713 accept=1
  MFCG it  65 cost=1.869624e+06 lam=1.892e-07 tau=0.00e+00 cg_it=8 shift=0 ckpt=9 alpha=0 acc mv=244
PCG_PREP o=65 rebuild=1 drift=0 previous_depth=9
POINT_SAFE o=65 frozen=492 slope=-10217.779415852285 candidate=1861509.9005413854 original=1868881.2994671746 current=1869623.948571922 won=1 mode=1 camera_scale=1 keep_scale=0
ATTR_RADIUS o=65 raw_norm=85520.448310360589 norm=8861.1709887307607 radius=8861.1709887307625 next_radius=17722.341977461525 lambda=1.8916920184026934e-07 next_lambda=1.8916920184026934e-07 rho=0.8653611087837314 accept=1
CLASSICAL_LM o=65 lambda=1.8916920184026934e-07 tau=1.8916920184026934e-07 prediction=9376.4879749922547 rho=0.8653611087837314 accept=1
  MFCG it  66 cost=1.861510e+06 lam=1.892e-07 tau=0.00e+00 cg_it=8 shift=0 ckpt=9 alpha=0 acc mv=254
PCG_PREP o=66 rebuild=1 drift=0 previous_depth=9
POINT_SAFE o=66 frozen=893 slope=-8946.6273699525664 candidate=2024129.9446411894 original=1860900.7526768588 current=1861509.9005413854 won=0 mode=1 camera_scale=1 keep_scale=0
ATTR_RADIUS o=66 raw_norm=30407.92641847708 norm=276.91159339783644 radius=17722.341977461525 next_radius=17722.341977461525 lambda=1.8916920184026934e-07 next_lambda=1.8916920184026934e-07 rho=0.37244110778659029 accept=1
CLASSICAL_LM o=66 lambda=1.8916920184026934e-07 tau=1.8916920184026934e-07 prediction=1635.5548616713027 rho=0.37244110778659029 accept=1
  MFCG it  67 cost=1.860901e+06 lam=1.892e-07 tau=0.00e+00 cg_it=0 shift=0 ckpt=1 alpha=0 acc mv=256
PCG_PREP o=67 rebuild=1 drift=0 previous_depth=1
POINT_SAFE o=67 frozen=894 slope=-8830.5991806371858 candidate=2017987.5792017921 original=1860764.823706341 current=1860900.7526768588 won=0 mode=1 camera_scale=1 keep_scale=0
ATTR_RADIUS o=67 raw_norm=30404.216368508678 norm=69.227898349459082 radius=17722.341977461525 next_radius=17722.341977461525 lambda=1.8916920184026934e-07 next_lambda=1.8916920184026934e-07 rho=0.33393712016400595 accept=1
CLASSICAL_LM o=67 lambda=1.8916920184026934e-07 tau=1.8916920184026934e-07 prediction=407.04959799337348 rho=0.33393712016400595 accept=1
  MFCG it  68 cost=1.860765e+06 lam=1.892e-07 tau=0.00e+00 cg_it=0 shift=0 ckpt=1 alpha=0 acc mv=258
PCG_PREP o=68 rebuild=1 drift=0 previous_depth=1
POINT_SAFE o=68 frozen=897 slope=-8823.4108730550142 candidate=2018156.9616148903 original=inf current=1860764.823706341 won=0 mode=1 camera_scale=1 keep_scale=0
ATTR_RADIUS o=68 raw_norm=30326.776831443014 norm=17722.341977461532 radius=17722.341977461525 next_radius=4430.5854943653812 lambda=1.8916920184026934e-07 next_lambda=3.0267072294443095e-06 rho=-1 accept=0
CLASSICAL_LM o=68 lambda=1.8916920184026934e-07 tau=1.8916920184026934e-07 prediction=5595.6279397400522 rho=-1 accept=0
  MFCG it  69  retry 1/8  lam=3.027e-06 tau_eff=1.892e-07  (assembly reused)
PCG_PREP o=68 rebuild=1 drift=0 previous_depth=1
POINT_SAFE o=68 frozen=559 slope=-6485.1497478306601 candidate=1864887.953117297 original=inf current=1860764.823706341 won=0 mode=1 camera_scale=1 keep_scale=0
ATTR_RADIUS o=68 raw_norm=11320.822463558688 norm=4430.5854943653831 radius=4430.5854943653812 next_radius=1107.6463735913453 lambda=3.0267072294443095e-06 next_lambda=4.8427315671108952e-05 rho=-1 accept=0
CLASSICAL_LM o=68 lambda=3.0267072294443095e-06 tau=3.0267072294443095e-06 prediction=4477.0689970563089 rho=-1 accept=0
  MFCG it  69  retry 2/8  lam=4.843e-05 tau_eff=3.027e-06  (assembly reused)
PCG_PREP o=68 rebuild=1 drift=0 previous_depth=1
POINT_SAFE o=68 frozen=115 slope=-6062.3698838426462 candidate=1866546.6537372717 original=inf current=1860764.823706341 won=0 mode=1 camera_scale=1 keep_scale=0
ATTR_RADIUS o=68 raw_norm=3191.1134754889599 norm=1107.646373591346 radius=1107.6463735913453 next_radius=276.91159339783633 lambda=4.8427315671108952e-05 next_lambda=0.00077483705073774323 rho=-1 accept=0
CLASSICAL_LM o=68 lambda=4.8427315671108952e-05 tau=4.8427315671108952e-05 prediction=4373.743280923326 rho=-1 accept=0
  MFCG it  69  retry 3/8  lam=7.748e-04 tau_eff=4.843e-05  (assembly reused)
PCG_PREP o=68 rebuild=1 drift=0 previous_depth=1
POINT_SAFE o=68 frozen=13 slope=-17256.099691211843 candidate=3409987.4790459694 original=inf current=1860764.823706341 won=0 mode=1 camera_scale=1 keep_scale=0
ATTR_RADIUS o=68 raw_norm=2053.1925568555794 norm=276.9115933978365 radius=276.91159339783633 next_radius=69.227898349459082 lambda=0.00077483705073774323 next_lambda=0.012397392811803892 rho=-1 accept=0
CLASSICAL_LM o=68 lambda=0.00077483705073774323 tau=0.00077483705073774323 prediction=15181.200332591827 rho=-1 accept=0
  MFCG it  69  retry 4/8  lam=1.240e-02 tau_eff=7.748e-04  (assembly reused)
PCG_PREP o=68 rebuild=1 drift=0 previous_depth=3
POINT_SAFE o=68 frozen=2 slope=-22107.823905582347 candidate=3339487.3664577333 original=inf current=1860764.823706341 won=0 mode=1 camera_scale=1 keep_scale=0
ATTR_RADIUS o=68 raw_norm=344.29598973389409 norm=69.227898349459068 radius=69.227898349459082 next_radius=17.30697458736477 lambda=0.012397392811803892 next_lambda=0.19835828498886227 rho=-1 accept=0
CLASSICAL_LM o=68 lambda=0.012397392811803892 tau=0.012397392811803892 prediction=19142.183773494162 rho=-1 accept=0
  MFCG it  69  retry 5/8  lam=1.984e-01 tau_eff=1.240e-02  (assembly reused)
PCG_PREP o=68 rebuild=1 drift=0 previous_depth=1
POINT_SAFE o=68 frozen=1 slope=-8590.0302334301377 candidate=76229643.579121426 original=1860706.5683651215 current=1860764.823706341 won=0 mode=1 camera_scale=1 keep_scale=0
ATTR_RADIUS o=68 raw_norm=223.51671219618279 norm=0.27042147792757448 radius=17.30697458736477 next_radius=17.30697458736477 lambda=0.19835828498886227 next_lambda=0.019835828498886227 rho=0.30708363410803036 accept=1
CLASSICAL_LM o=68 lambda=0.19835828498886227 tau=0.19835828498886227 prediction=189.70513159613395 rho=0.30708363410803036 accept=1
  MFCG it  69 cost=1.860707e+06 lam=1.984e-02 tau=0.00e+00 cg_it=0 shift=0 ckpt=1 alpha=0 acc mv=272
PCG_PREP o=69 rebuild=1 drift=0 previous_depth=1
POINT_SAFE o=69 frozen=2 slope=-7713.9920543352191 candidate=1919059.4443002194 original=1860686.4944683607 current=1860706.5683651215 won=0 mode=1 camera_scale=1 keep_scale=0
ATTR_RADIUS o=69 raw_norm=301.64733484479802 norm=0.067605369481893607 radius=17.30697458736477 next_radius=4.3267436468411926 lambda=0.019835828498886227 next_lambda=0.31737325598217964 rho=0.14501290308180037 accept=1
CLASSICAL_LM o=69 lambda=0.019835828498886227 tau=0.019835828498886227 prediction=138.42834902419676 rho=0.14501290308180037 accept=1
  MFCG it  70 cost=1.860686e+06 lam=3.174e-01 tau=0.00e+00 cg_it=0 shift=0 ckpt=1 alpha=0 acc mv=274
PCG_PREP o=70 rebuild=1 drift=0 previous_depth=1
POINT_SAFE o=70 frozen=1 slope=-3304.0366781724383 candidate=1882487.4469407226 original=1860614.86342272 current=1860686.4944683607 won=0 mode=1 camera_scale=1 keep_scale=0
ATTR_RADIUS o=70 raw_norm=205.71046022221628 norm=0.13521073896378727 radius=4.3267436468411926 next_radius=4.3267436468411926 lambda=0.31737325598217964 next_lambda=0.031737325598217965 rho=0.44420287892236848 accept=1
CLASSICAL_LM o=70 lambda=0.31737325598217964 tau=0.31737325598217964 prediction=161.25749975879319 rho=0.44420287892236848 accept=1
  MFCG it  71 cost=1.860615e+06 lam=3.174e-02 tau=0.00e+00 cg_it=0 shift=0 ckpt=1 alpha=0 acc mv=276
PCG_PREP o=71 rebuild=1 drift=0 previous_depth=1
POINT_SAFE o=71 frozen=1 slope=-3396.7190395076159 candidate=1870576.9785161498 original=1860590.0321840963 current=1860614.86342272 won=0 mode=1 camera_scale=1 keep_scale=0
ATTR_RADIUS o=71 raw_norm=277.91989834079266 norm=0.016901342370473409 radius=4.3267436468411926 next_radius=4.3267436468411926 lambda=0.031737325598217965 next_lambda=0.0031737325598217968 rho=0.38373194726623239 accept=1
CLASSICAL_LM o=71 lambda=0.031737325598217965 tau=0.031737325598217965 prediction=64.70985488857572 rho=0.38373194726623239 accept=1
  MFCG it  72 cost=1.860590e+06 lam=3.174e-03 tau=0.00e+00 cg_it=0 shift=0 ckpt=1 alpha=0 acc mv=278
PCG_PREP o=72 rebuild=1 drift=0 previous_depth=1
POINT_SAFE o=72 frozen=1 slope=-2977.6589993322496 candidate=2231737.7123070769 original=inf current=1860590.0321840963 won=0 mode=1 camera_scale=1 keep_scale=0
ATTR_RADIUS o=72 raw_norm=455.70837833623494 norm=4.3267436468411935 radius=4.3267436468411926 next_radius=1.0816859117102982 lambda=0.0031737325598217968 next_lambda=0.05077972095714875 rho=-1 accept=0
CLASSICAL_LM o=72 lambda=0.0031737325598217968 tau=0.0031737325598217968 prediction=1999.2962667138011 rho=-1 accept=0
  MFCG it  73  retry 1/8  lam=5.078e-02 tau_eff=3.174e-03  (assembly reused)
PCG_PREP o=72 rebuild=1 drift=0 previous_depth=1
POINT_SAFE o=72 frozen=1 slope=-2195.3559760830467 candidate=1868461.7253213609 original=1860576.5672946805 current=1860590.0321840963 won=0 mode=1 camera_scale=1 keep_scale=0
ATTR_RADIUS o=72 raw_norm=268.11836330602426 norm=0.0084506711852367078 radius=1.0816859117102982 next_radius=1.0816859117102982 lambda=0.05077972095714875 next_lambda=0.0050779720957148753 rho=0.45034985413621237 accept=1
CLASSICAL_LM o=72 lambda=0.05077972095714875 tau=0.05077972095714875 prediction=29.898731601898231 rho=0.45034985413621237 accept=1
  MFCG it  73 cost=1.860577e+06 lam=5.078e-03 tau=0.00e+00 cg_it=0 shift=0 ckpt=1 alpha=0 acc mv=282
PCG_PREP o=73 rebuild=1 drift=0 previous_depth=1
POINT_SAFE o=73 frozen=1 slope=-2229.3722247166497 candidate=1861958.5737211898 original=inf current=1860576.5672946805 won=0 mode=1 camera_scale=1 keep_scale=0
ATTR_RADIUS o=73 raw_norm=394.0037780282421 norm=1.0816859117102977 radius=1.0816859117102982 next_radius=0.27042147792757454 lambda=0.0050779720957148753 next_lambda=0.081247553531438005 rho=-1 accept=0
CLASSICAL_LM o=73 lambda=0.0050779720957148753 tau=0.0050779720957148753 prediction=1284.691256954608 rho=-1 accept=0
  MFCG it  74  retry 1/8  lam=8.125e-02 tau_eff=5.078e-03  (assembly reused)
PCG_PREP o=73 rebuild=1 drift=0 previous_depth=1
POINT_SAFE o=73 frozen=2 slope=-1824.4938376540561 candidate=1859819.1468978203 original=1860554.999234207 current=1860576.5672946805 won=1 mode=1 camera_scale=1 keep_scale=0
ATTR_RADIUS o=73 raw_norm=254.44533590333614 norm=0.27042147792757465 radius=0.27042147792757454 next_radius=0.27042147792757454 lambda=0.081247553531438005 next_lambda=0.081247553531438005 rho=0.7369613463355329 accept=1
CLASSICAL_LM o=73 lambda=0.081247553531438005 tau=0.081247553531438005 prediction=1027.7613617409122 rho=0.7369613463355329 accept=1
  MFCG it  74 cost=1.859819e+06 lam=8.125e-02 tau=0.00e+00 cg_it=0 shift=0 ckpt=1 alpha=0 acc mv=286
PCG_PREP o=74 rebuild=1 drift=0 previous_depth=1
POINT_SAFE o=74 frozen=2 slope=-136.63386733943236 candidate=1859696.7315210619 original=1859645.5558095651 current=1859819.1468978203 won=0 mode=1 camera_scale=1 keep_scale=0
ATTR_RADIUS o=74 raw_norm=234.73866515104635 norm=0.0042253355926183513 radius=0.27042147792757454 next_radius=0.27042147792757454 lambda=0.081247553531438005 next_lambda=0.0081247553531438015 rho=0.31550755647172857 accept=1
CLASSICAL_LM o=74 lambda=0.081247553531438005 tau=0.081247553531438005 prediction=550.19629385872952 rho=0.31550755647172857 accept=1
  MFCG it  75 cost=1.859646e+06 lam=8.125e-03 tau=0.00e+00 cg_it=0 shift=0 ckpt=1 alpha=0 acc mv=288
PCG_PREP o=75 rebuild=1 drift=0 previous_depth=1
POINT_SAFE o=75 frozen=1 slope=-164.24533975871475 candidate=1859537.887085218 original=inf current=1859645.5558095651 won=1 mode=1 camera_scale=1 keep_scale=0
ATTR_RADIUS o=75 raw_norm=400.0280263348439 norm=0.27042147792757459 radius=0.27042147792757454 next_radius=0.54084295585514908 lambda=0.0081247553531438015 next_lambda=0.0020311888382859504 rho=0.79010132224255958 accept=1
CLASSICAL_LM o=75 lambda=0.0081247553531438015 tau=0.0081247553531438015 prediction=136.27204678197549 rho=0.79010132224255958 accept=1
  MFCG it  76 cost=1.859538e+06 lam=2.031e-03 tau=0.00e+00 cg_it=0 shift=0 ckpt=1 alpha=0 acc mv=290
PCG_PREP o=76 rebuild=1 drift=0 previous_depth=1
POINT_SAFE o=76 frozen=9 slope=-170.38145503784096 candidate=3105376.9242994646 original=inf current=1859537.887085218 won=0 mode=1 camera_scale=1 keep_scale=0
ATTR_RADIUS o=76 raw_norm=473.10681650493672 norm=0.54084295585514908 radius=0.54084295585514908 next_radius=0.13521073896378727 lambda=0.0020311888382859504 next_lambda=0.032499021412575206 rho=-1 accept=0
CLASSICAL_LM o=76 lambda=0.0020311888382859504 tau=0.0020311888382859504 prediction=156.4155738643739 rho=-1 accept=0
  MFCG it  77  retry 1/8  lam=3.250e-02 tau_eff=2.031e-03  (assembly reused)
PCG_PREP o=76 rebuild=1 drift=0 previous_depth=1
POINT_SAFE o=76 frozen=85 slope=-57.741489359330984 candidate=15354824457394.629 original=inf current=1859537.887085218 won=0 mode=1 camera_scale=1 keep_scale=0
ATTR_RADIUS o=76 raw_norm=293.70047589073101 norm=0.13521073896378727 radius=0.13521073896378727 next_radius=0.033802684740946817 lambda=0.032499021412575206 next_lambda=0.5199843426012033 rho=-1 accept=0
CLASSICAL_LM o=76 lambda=0.032499021412575206 tau=0.032499021412575206 prediction=55.38760616181829 rho=-1 accept=0
  MFCG it  77  retry 2/8  lam=5.200e-01 tau_eff=3.250e-02  (assembly reused)
PCG_PREP o=76 rebuild=1 drift=0 previous_depth=1
POINT_SAFE o=76 frozen=1653 slope=-16.966391160568197 candidate=1898415.9948967244 original=inf current=1859537.887085218 won=0 mode=1 camera_scale=1 keep_scale=0
ATTR_RADIUS o=76 raw_norm=184.56077592061186 norm=0.033802684740946796 radius=0.033802684740946817 next_radius=0.0084506711852367043 lambda=0.5199843426012033 next_lambda=8.3197494816192528 rho=-1 accept=0
CLASSICAL_LM o=76 lambda=0.5199843426012033 tau=0.5199843426012033 prediction=15.722084802304572 rho=-1 accept=0
  MFCG it  77  retry 3/8  lam=8.320e+00 tau_eff=5.200e-01  (assembly reused)
PCG_PREP o=76 rebuild=1 drift=0 previous_depth=1
POINT_SAFE o=76 frozen=17729 slope=-4.5903767178997672 candidate=1860529.5278522698 original=1859537.8825842449 current=1859537.887085218 won=0 mode=1 camera_scale=1 keep_scale=0
ATTR_RADIUS o=76 raw_norm=40.911518842888476 norm=3.3010434317330869e-05 radius=0.0084506711852367043 next_radius=0.0084506711852367043 lambda=8.3197494816192528 next_lambda=0.8319749481619253 rho=0.25103964389566419 accept=1
CLASSICAL_LM o=76 lambda=8.3197494816192528 tau=8.3197494816192528 prediction=0.017929331672594504 rho=0.25103964389566419 accept=1
  MFCG it  77 cost=1.859538e+06 lam=8.320e-01 tau=0.00e+00 cg_it=0 shift=0 ckpt=1 alpha=0 acc mv=298
PCG_PREP o=77 rebuild=1 drift=0 previous_depth=1
POINT_SAFE o=77 frozen=6117 slope=-3.9164606599923832 candidate=1859687.2884588195 original=1859537.8733740088 current=1859537.8825842449 won=0 mode=1 camera_scale=1 keep_scale=0
ATTR_RADIUS o=77 raw_norm=158.17476717455949 norm=0.0084506711852367095 radius=0.0084506711852367043 next_radius=0.0021126677963091761 lambda=0.8319749481619253 next_lambda=13.311599170590805 rho=0.041343938460856718 accept=0
CLASSICAL_LM o=77 lambda=0.8319749481619253 tau=0.8319749481619253 prediction=0.22277113600226686 rho=0.041343938460856718 accept=0
  MFCG it  78  retry 1/8  lam=1.331e+01 tau_eff=8.320e-01  (assembly reused)
PCG_PREP o=77 rebuild=1 drift=0 previous_depth=1
POINT_SAFE o=77 frozen=26405 slope=-0.94072001814855066 candidate=1859544.805261702 original=1859537.8252824205 current=1859537.8825842449 won=0 mode=1 camera_scale=1 keep_scale=0
ATTR_RADIUS o=77 raw_norm=27.991620443222011 norm=0.00026408347453864723 radius=0.0021126677963091761 next_radius=0.0021126677963091761 lambda=13.311599170590805 next_lambda=1.3311599170590807 rho=0.27617238544985101 accept=1
CLASSICAL_LM o=77 lambda=13.311599170590805 tau=13.311599170590805 prediction=0.20748571350980624 rho=0.27617238544985101 accept=1
  MFCG it  78 cost=1.859538e+06 lam=1.331e+00 tau=0.00e+00 cg_it=0 shift=0 ckpt=1 alpha=0 acc mv=302
PCG_PREP o=78 rebuild=1 drift=0 previous_depth=1
POINT_SAFE o=78 frozen=9966 slope=-1.1456280934147018 candidate=1859537.4218420386 original=1859537.3793032295 current=1859537.8252824205 won=0 mode=1 camera_scale=1 keep_scale=0
ATTR_RADIUS o=78 raw_norm=130.45366082690887 norm=0.00052816694907729435 radius=0.0021126677963091761 next_radius=0.0021126677963091761 lambda=1.3311599170590807 next_lambda=0.13311599170590807 rho=0.42264248656973818 accept=1
CLASSICAL_LM o=78 lambda=1.3311599170590807 tau=1.3311599170590807 prediction=1.0552161819082519 rho=0.42264248656973818 accept=1
  MFCG it  79 cost=1.859537e+06 lam=1.331e-01 tau=0.00e+00 cg_it=0 shift=0 ckpt=1 alpha=0 acc mv=304
PCG_PREP o=79 rebuild=1 drift=0 previous_depth=1
POINT_SAFE o=79 frozen=4520 slope=-3.1922292850618113 candidate=1859534.6191384709 original=1859537.1306133531 current=1859537.3793032295 won=1 mode=1 camera_scale=1 keep_scale=0
ATTR_RADIUS o=79 raw_norm=241.194969572096 norm=0.0021126677963091761 radius=0.0021126677963091761 next_radius=0.0042253355926183522 lambda=0.13311599170590807 next_lambda=0.033278997926477018 rho=0.88359335377230963 accept=1
CLASSICAL_LM o=79 lambda=0.13311599170590807 tau=0.13311599170590807 prediction=3.1237952921128831 rho=0.88359335377230963 accept=1
  MFCG it  80 cost=1.859535e+06 lam=3.328e-02 tau=0.00e+00 cg_it=0 shift=0 ckpt=1 alpha=0 acc mv=306
PCG_PREP o=80 rebuild=1 drift=0 previous_depth=1
POINT_SAFE o=80 frozen=5211 slope=-9.0097477570733204 candidate=1859545.1714281165 original=1859534.6037528552 current=1859534.6191384709 won=0 mode=1 camera_scale=1 keep_scale=0
ATTR_RADIUS o=80 raw_norm=282.42828739842275 norm=0.0042253355926183522 radius=0.0042253355926183522 next_radius=0.001056333898154588 lambda=0.033278997926477018 next_lambda=0.53246396682363228 rho=0.082323937312404727 accept=0
CLASSICAL_LM o=80 lambda=0.033278997926477018 tau=0.033278997926477018 prediction=0.18689115391800176 rho=0.082323937312404727 accept=0
  MFCG it  81  retry 1/8  lam=5.325e-01 tau_eff=3.328e-02  (assembly reused)
PCG_PREP o=80 rebuild=1 drift=0 previous_depth=1
POINT_SAFE o=80 frozen=11163 slope=-0.98145822621739254 candidate=1859534.6691068392 original=1859534.4155281351 current=1859534.6191384709 won=0 mode=1 camera_scale=1 keep_scale=0
ATTR_RADIUS o=80 raw_norm=182.74582886229467 norm=0.00013204173726932351 radius=0.001056333898154588 next_radius=0.001056333898154588 lambda=0.53246396682363228 next_lambda=0.05324639668236323 rho=0.51210581911223363 accept=1
CLASSICAL_LM o=80 lambda=0.53246396682363228 tau=0.53246396682363228 prediction=0.3975942629640451 rho=0.51210581911223363 accept=1
  MFCG it  81 cost=1.859534e+06 lam=5.325e-02 tau=0.00e+00 cg_it=0 shift=0 ckpt=1 alpha=0 acc mv=310
PCG_PREP o=81 rebuild=1 drift=0 previous_depth=1
POINT_SAFE o=81 frozen=6678 slope=-5.3620105029739218 candidate=1859529.5388350612 original=1859534.3331548257 current=1859534.4155281351 won=1 mode=1 camera_scale=1 keep_scale=0
ATTR_RADIUS o=81 raw_norm=265.96919838360168 norm=0.001056333898154588 radius=0.001056333898154588 next_radius=0.0021126677963091761 lambda=0.05324639668236323 next_lambda=0.013311599170590807 rho=0.95509165181832534 accept=1
CLASSICAL_LM o=81 lambda=0.05324639668236323 tau=0.05324639668236323 prediction=5.1059948692972092 rho=0.95509165181832534 accept=1
  MFCG it  82 cost=1.859530e+06 lam=1.331e-02 tau=0.00e+00 cg_it=0 shift=0 ckpt=1 alpha=0 acc mv=312
PCG_PREP o=82 rebuild=1 drift=0 previous_depth=1
POINT_SAFE o=82 frozen=10476 slope=-13.835251623908334 candidate=1859519.8226861609 original=inf current=1859529.5388350612 won=1 mode=1 camera_scale=1 keep_scale=0
ATTR_RADIUS o=82 raw_norm=313.65158734940144 norm=0.0021126677963091761 radius=0.0021126677963091761 next_radius=0.0042253355926183522 lambda=0.013311599170590807 next_lambda=0.0033278997926477019 rho=0.78571665202304164 accept=1
CLASSICAL_LM o=82 lambda=0.013311599170590807 tau=0.013311599170590807 prediction=12.365970449164999 rho=0.78571665202304164 accept=1
  MFCG it  83 cost=1.859520e+06 lam=3.328e-03 tau=0.00e+00 cg_it=0 shift=0 ckpt=1 alpha=0 acc mv=314
PCG_PREP o=83 rebuild=1 drift=0 previous_depth=1
POINT_SAFE o=83 frozen=18074 slope=-23.936092717878495 candidate=1859500.2539415625 original=inf current=1859519.8226861609 won=1 mode=1 camera_scale=1 keep_scale=0
ATTR_RADIUS o=83 raw_norm=437.65856790341888 norm=0.0042253355926183513 radius=0.0042253355926183522 next_radius=0.0084506711852367043 lambda=0.0033278997926477019 next_lambda=0.00083197494816192547 rho=0.97770163372393848 accept=1
CLASSICAL_LM o=83 lambda=0.0033278997926477019 tau=0.0033278997926477019 prediction=20.01504745766599 rho=0.97770163372393848 accept=1
  MFCG it  84 cost=1.859500e+06 lam=8.320e-04 tau=0.00e+00 cg_it=0 shift=0 ckpt=1 alpha=0 acc mv=316
PCG_PREP o=84 rebuild=1 drift=0 previous_depth=1
POINT_SAFE o=84 frozen=30473 slope=-26.615396793276425 candidate=1859482.8541919806 original=inf current=1859500.2539415625 won=1 mode=1 camera_scale=1 keep_scale=0
ATTR_RADIUS o=84 raw_norm=838.19938393597351 norm=0.0084506711852367061 radius=0.0084506711852367043 next_radius=0.016901342370473409 lambda=0.00083197494816192547 next_lambda=0.00020799373704048137 rho=0.7980129496687367 accept=1
CLASSICAL_LM o=84 lambda=0.00083197494816192547 tau=0.00083197494816192547 prediction=21.803843645842711 rho=0.7980129496687367 accept=1
  MFCG it  85 cost=1.859483e+06 lam=2.080e-04 tau=0.00e+00 cg_it=0 shift=0 ckpt=1 alpha=0 acc mv=318
PCG_PREP o=85 rebuild=1 drift=0 previous_depth=1
POINT_SAFE o=85 frozen=46657 slope=-8.5565401733305801 candidate=1859476.8481177904 original=inf current=1859482.8541919806 won=1 mode=1 camera_scale=1 keep_scale=0
ATTR_RADIUS o=85 raw_norm=1777.6463569090208 norm=0.016901342370473412 radius=0.016901342370473409 next_radius=0.033802684740946817 lambda=0.00020799373704048137 next_lambda=5.1998434260120342e-05 rho=0.93071820533970695 accept=1
CLASSICAL_LM o=85 lambda=0.00020799373704048137 tau=0.00020799373704048137 prediction=6.4531607479920163 rho=0.93071820533970695 accept=1
  MFCG it  86 cost=1.859477e+06 lam=5.200e-05 tau=0.00e+00 cg_it=0 shift=0 ckpt=1 alpha=0 acc mv=320
PCG_PREP o=86 rebuild=1 drift=0 previous_depth=1
POINT_SAFE o=86 frozen=61504 slope=-5.8661013313217385 candidate=1859604.7201882044 original=inf current=1859476.8481177904 won=0 mode=1 camera_scale=1 keep_scale=0
ATTR_RADIUS o=86 raw_norm=2049.6201744913387 norm=0.033802684740946831 radius=0.033802684740946817 next_radius=0.0084506711852367043 lambda=5.1998434260120342e-05 next_lambda=0.00083197494816192547 rho=-1 accept=0
CLASSICAL_LM o=86 lambda=5.1998434260120342e-05 tau=5.1998434260120342e-05 prediction=4.7617544102428804 rho=-1 accept=0
  MFCG it  87  retry 1/8  lam=8.320e-04 tau_eff=5.200e-05  (assembly reused)
PCG_PREP o=86 rebuild=1 drift=0 previous_depth=1
POINT_SAFE o=86 frozen=67750 slope=-2.0353067346287537 candidate=1859556.1394512185 original=inf current=1859476.8481177904 won=0 mode=1 camera_scale=1 keep_scale=0
ATTR_RADIUS o=86 raw_norm=645.11552864096438 norm=0.0084506711852367095 radius=0.0084506711852367043 next_radius=0.0021126677963091761 lambda=0.00083197494816192547 next_lambda=0.013311599170590807 rho=-1 accept=0
CLASSICAL_LM o=86 lambda=0.00083197494816192547 tau=0.00083197494816192547 prediction=1.9768666011800926 rho=-1 accept=0
  MFCG it  87  retry 2/8  lam=1.331e-02 tau_eff=8.320e-04  (assembly reused)
PCG_PREP o=86 rebuild=1 drift=0 previous_depth=1
POINT_SAFE o=86 frozen=83527 slope=-0.73985050849615408 candidate=1859493.2656474605 original=inf current=1859476.8481177904 won=0 mode=1 camera_scale=1 keep_scale=0
ATTR_RADIUS o=86 raw_norm=308.43231121252211 norm=0.0021126677963091769 radius=0.0021126677963091761 next_radius=0.00052816694907729402 lambda=0.013311599170590807 next_lambda=0.21298558672945292 rho=-1 accept=0
CLASSICAL_LM o=86 lambda=0.013311599170590807 tau=0.013311599170590807 prediction=0.73852611313120708 rho=-1 accept=0
  MFCG it  87  retry 3/8  lam=2.130e-01 tau_eff=1.331e-02  (assembly reused)
PCG_PREP o=86 rebuild=1 drift=0 previous_depth=1
POINT_SAFE o=86 frozen=109351 slope=-0.21160823907041304 candidate=1859477.6763694899 original=1859476.8260955375 current=1859476.8481177904 won=0 mode=1 camera_scale=1 keep_scale=0
ATTR_RADIUS o=86 raw_norm=223.16951901528196 norm=3.3010434317330869e-05 radius=0.00052816694907729402 next_radius=0.00013204173726932351 lambda=0.21298558672945292 next_lambda=3.4077693876712467 rho=0.14885643341612231 accept=1
CLASSICAL_LM o=86 lambda=0.21298558672945292 tau=0.21298558672945292 prediction=0.14794290308451924 rho=0.14885643341612231 accept=1
  MFCG it  87 cost=1.859477e+06 lam=3.408e+00 tau=0.00e+00 cg_it=0 shift=0 ckpt=1 alpha=0 acc mv=328
PCG_PREP o=87 rebuild=1 drift=0 previous_depth=1
ATTR_RADIUS o=87 raw_norm=78.502494531201393 norm=0.00013204173726932345 radius=0.00013204173726932351 next_radius=3.3010434317330876e-05 lambda=3.4077693876712467 next_lambda=54.524310202739947 rho=0.13069653986703486 accept=1
CLASSICAL_LM o=87 lambda=3.4077693876712467 tau=3.4077693876712467 prediction=0.89086684174042119 rho=0.13069653986703486 accept=1
  MFCG it  88 cost=1.859477e+06 lam=5.452e+01 tau=0.00e+00 cg_it=0 shift=0 ckpt=1 alpha=0 acc mv=330
PCG_PREP o=88 rebuild=1 drift=0 previous_depth=1
ATTR_RADIUS o=88 raw_norm=7.6418902148234826 norm=3.3010434317330869e-05 radius=3.3010434317330876e-05 next_radius=6.6020868634661753e-05 lambda=54.524310202739947 next_lambda=13.631077550684987 rho=0.87455294161133135 accept=1
CLASSICAL_LM o=88 lambda=54.524310202739947 tau=54.524310202739947 prediction=0.24185090703805767 rho=0.87455294161133135 accept=1
  MFCG it  89 cost=1.859476e+06 lam=1.363e+01 tau=0.00e+00 cg_it=0 shift=0 ckpt=1 alpha=0 acc mv=332
PCG_PREP o=89 rebuild=1 drift=0 previous_depth=1
ATTR_RADIUS o=89 raw_norm=27.401005437124958 norm=6.602086863466178e-05 radius=6.6020868634661753e-05 next_radius=6.6020868634661753e-05 lambda=13.631077550684987 next_lambda=13.631077550684987 rho=0.50632925922975358 accept=1
CLASSICAL_LM o=89 lambda=13.631077550684987 tau=13.631077550684987 prediction=0.4743099747941385 rho=0.50632925922975358 accept=1
  MFCG it  90 cost=1.859476e+06 lam=1.363e+01 tau=0.00e+00 cg_it=0 shift=0 ckpt=1 alpha=0 acc mv=334
PCG_PREP o=90 rebuild=1 drift=0 previous_depth=1
ATTR_RADIUS o=90 raw_norm=27.307735631445279 norm=6.6020868634661766e-05 radius=6.6020868634661753e-05 next_radius=6.6020868634661753e-05 lambda=13.631077550684987 next_lambda=13.631077550684987 rho=0.49111916033444236 accept=1
CLASSICAL_LM o=90 lambda=13.631077550684987 tau=13.631077550684987 prediction=0.043810045287977814 rho=0.49111916033444236 accept=1
  MFCG it  91 cost=1.859476e+06 lam=1.363e+01 tau=0.00e+00 cg_it=0 shift=0 ckpt=1 alpha=0 acc mv=336
PCG_PREP o=91 rebuild=1 drift=0 previous_depth=1
ATTR_RADIUS o=91 raw_norm=27.426980207657419 norm=6.6020868634661739e-05 radius=6.6020868634661753e-05 next_radius=6.6020868634661753e-05 lambda=13.631077550684987 next_lambda=13.631077550684987 rho=0.28560857675445706 accept=1
CLASSICAL_LM o=91 lambda=13.631077550684987 tau=13.631077550684987 prediction=0.054267825608531793 rho=0.28560857675445706 accept=1
  MFCG: converged (OCA_FTOL: 8 outers < 1.0e-05 rel)
  [menu-backtrack] confirming stop with original retry policy at outer 92
  MFCG it  92 cost=1.859476e+06 lam=1.363e+01 tau=0.00e+00 cg_it=0 shift=0 ckpt=1 alpha=0 acc mv=338
PCG_PREP o=92 rebuild=1 drift=0 previous_depth=1
ATTR_RADIUS o=92 raw_norm=27.339590717105519 norm=6.6020868634661753e-05 radius=6.6020868634661753e-05 next_radius=6.6020868634661753e-05 lambda=13.631077550684987 next_lambda=13.631077550684987 rho=0.4804754094694989 accept=1
CLASSICAL_LM o=92 lambda=13.631077550684987 tau=13.631077550684987 prediction=0.054016330869169259 rho=0.4804754094694989 accept=1
  MFCG it  93 cost=1.859476e+06 lam=1.363e+01 tau=0.00e+00 cg_it=0 shift=0 ckpt=1 alpha=0 acc mv=340
PCG_PREP o=93 rebuild=1 drift=0 previous_depth=1
ATTR_RADIUS o=93 raw_norm=27.440369170668966 norm=6.6020868634661712e-05 radius=6.6020868634661753e-05 next_radius=1.6505217158665438e-05 lambda=13.631077550684987 next_lambda=218.09724081095979 rho=-1 accept=0
CLASSICAL_LM o=93 lambda=13.631077550684987 tau=13.631077550684987 prediction=0.038984748575014522 rho=-1 accept=0
  MFCG it  94  retry 1/8  lam=2.181e+02 tau_eff=1.363e+01  (assembly reused)
PCG_PREP o=93 rebuild=1 drift=0 previous_depth=1
ATTR_RADIUS o=93 raw_norm=1.965277362305337 norm=1.6505217158665435e-05 radius=1.6505217158665438e-05 next_radius=3.3010434317330876e-05 lambda=218.09724081095979 next_lambda=54.524310202739947 rho=0.78317233508728745 accept=1
CLASSICAL_LM o=93 lambda=218.09724081095979 tau=218.09724081095979 prediction=0.0079167864058204036 rho=0.78317233508728745 accept=1
  MFCG it  94 cost=1.859476e+06 lam=5.452e+01 tau=0.00e+00 cg_it=0 shift=0 ckpt=1 alpha=0 acc mv=344
PCG_PREP o=94 rebuild=1 drift=0 previous_depth=1
ATTR_RADIUS o=94 raw_norm=7.3395884139163767 norm=3.3010434317330883e-05 radius=3.3010434317330876e-05 next_radius=8.2526085793327191e-06 lambda=54.524310202739947 next_lambda=872.38896324383916 rho=-1 accept=0
CLASSICAL_LM o=94 lambda=54.524310202739947 tau=54.524310202739947 prediction=0.014757238114212689 rho=-1 accept=0
  MFCG it  95  retry 1/8  lam=8.724e+02 tau_eff=5.452e+01  (assembly reused)
PCG_PREP o=94 rebuild=1 drift=0 previous_depth=1
ATTR_RADIUS o=94 raw_norm=0.47337307488317504 norm=8.2526085793327225e-06 radius=8.2526085793327191e-06 next_radius=2.0631521448331798e-06 lambda=872.38896324383916 next_lambda=13958.223411901427 rho=-1 accept=0
CLASSICAL_LM o=94 lambda=872.38896324383916 tau=872.38896324383916 prediction=0.0034889994864977262 rho=-1 accept=0
  MFCG it  95  retry 2/8  lam=1.396e+04 tau_eff=8.724e+02  (assembly reused)
PCG_PREP o=94 rebuild=1 drift=0 previous_depth=1
ATTR_RADIUS o=94 raw_norm=0.029645271874832263 norm=2.0631521448331798e-06 radius=2.0631521448331798e-06 next_radius=5.1578803620829494e-07 lambda=13958.223411901427 next_lambda=223331.57459042282 rho=0.15817212726002219 accept=1
CLASSICAL_LM o=94 lambda=13958.223411901427 tau=13958.223411901427 prediction=0.00085846184315347014 rho=0.15817212726002219 accept=1
  MFCG it  95 cost=1.859476e+06 lam=2.233e+05 tau=0.00e+00 cg_it=0 shift=0 ckpt=1 alpha=0 acc mv=350
PCG_PREP o=95 rebuild=1 drift=0 previous_depth=1
ATTR_RADIUS o=95 raw_norm=0.0019255560236365356 norm=5.1578803620829484e-07 radius=5.1578803620829494e-07 next_radius=1.0315760724165899e-06 lambda=223331.57459042282 next_lambda=55832.893647605706 rho=0.94851858127495337 accept=1
CLASSICAL_LM o=95 lambda=223331.57459042282 tau=223331.57459042282 prediction=0.00022203336015035133 rho=0.94851858127495337 accept=1
  MFCG it  96 cost=1.859476e+06 lam=5.583e+04 tau=0.00e+00 cg_it=0 shift=0 ckpt=1 alpha=0 acc mv=352
PCG_PREP o=96 rebuild=1 drift=0 previous_depth=1
ATTR_RADIUS o=96 raw_norm=0.0076813679149616331 norm=1.0315760724165897e-06 radius=1.0315760724165899e-06 next_radius=2.0631521448331798e-06 lambda=55832.893647605706 next_lambda=13958.223411901427 rho=0.89628859552238938 accept=1
CLASSICAL_LM o=96 lambda=55832.893647605706 tau=55832.893647605706 prediction=0.00044331903086282062 rho=0.89628859552238938 accept=1
  MFCG it  97 cost=1.859476e+06 lam=1.396e+04 tau=0.00e+00 cg_it=0 shift=0 ckpt=1 alpha=0 acc mv=354
PCG_PREP o=97 rebuild=1 drift=0 previous_depth=1
ATTR_RADIUS o=97 raw_norm=0.030233054408183298 norm=2.0631521448331798e-06 radius=2.0631521448331798e-06 next_radius=2.0631521448331798e-06 lambda=13958.223411901427 next_lambda=13958.223411901427 rho=0.51394083124393819 accept=1
CLASSICAL_LM o=97 lambda=13958.223411901427 tau=13958.223411901427 prediction=0.00087440735537314357 rho=0.51394083124393819 accept=1
  MFCG it  98 cost=1.859476e+06 lam=1.396e+04 tau=0.00e+00 cg_it=0 shift=0 ckpt=1 alpha=0 acc mv=356
PCG_PREP o=98 rebuild=1 drift=0 previous_depth=1
ATTR_RADIUS o=98 raw_norm=0.030302090869690095 norm=2.0631521448331793e-06 radius=2.0631521448331798e-06 next_radius=2.0631521448331798e-06 lambda=13958.223411901427 next_lambda=13958.223411901427 rho=0.5315084410301697 accept=1
CLASSICAL_LM o=98 lambda=13958.223411901427 tau=13958.223411901427 prediction=0.00087769012576990695 rho=0.5315084410301697 accept=1
  MFCG it  99 cost=1.859476e+06 lam=1.396e+04 tau=0.00e+00 cg_it=0 shift=0 ckpt=1 alpha=0 acc mv=358
PCG_PREP o=99 rebuild=1 drift=0 previous_depth=1
ATTR_RADIUS o=99 raw_norm=0.030182022444590811 norm=2.0631521448331789e-06 radius=2.0631521448331798e-06 next_radius=2.0631521448331798e-06 lambda=13958.223411901427 next_lambda=13958.223411901427 rho=0.48455116021302352 accept=1
CLASSICAL_LM o=99 lambda=13958.223411901427 tau=13958.223411901427 prediction=0.00087294152205494627 rho=0.48455116021302352 accept=1
  MFCG: converged (OCA_FTOL: 8 outers < 1.0e-05 rel)
W8_BOUNDARY outer=99 cost=1859476.1867422401 seconds=6.5006549900000001 lambda=13958.223411901427 radius=2.0631521448331798e-06 ratio=14629.082261420541
  MFCG it 100 cost=1.859476e+06 lam=1.396e+04 tau=0.00e+00 cg_it=0 shift=0 ckpt=1 alpha=0 acc mv=360
PCG_PREP o=100 rebuild=1 drift=0 previous_depth=1
W8_ROOT attempt=128 outer=100 lambda=13958.223411901427 next=274340810.33744562 raw=0.030412546849284371 radius=2.0631521448331798e-06
PCG_PREP o=100 rebuild=1 drift=0 previous_depth=1
ATTR_RADIUS o=100 raw_norm=1.547585921306392e-06 norm=1.547585921306392e-06 radius=2.0631521448331798e-06 next_radius=2.0631521448331798e-06 lambda=274340810.33744562 next_lambda=27434081.033744562 rho=0.69300552126977222 accept=1
CLASSICAL_LM o=100 lambda=274340810.33744562 tau=274340810.33744562 prediction=0.00065705258479539146 rho=0.69300552126977222 accept=1
W8_PROGRESS outer=100 phase=1 cost=1859476.186286899 gain=2.448759883424636e-10
  MFCG it 101 cost=1.859476e+06 lam=2.743e+07 tau=0.00e+00 cg_it=0 shift=0 ckpt=1 alpha=0 acc mv=364
PCG_PREP o=101 rebuild=1 drift=0 previous_depth=1
GEODESIC attempt=130 outer=101 accepts_before=101 cg=1 products=2 relative=3.0363074831622716e-16 certified=1 cutoff=0 guard=1.9915686325932387e-07 admitted=1 won=0 cost=1859476.1870815346 prediction=0.00074334500048523248 rho=-1.0689997503843605 seconds=0.019097571
ATTR_RADIUS o=101 raw_norm=1.313310936093733e-05 norm=2.063152144833181e-06 radius=2.0631521448331798e-06 next_radius=5.1578803620829494e-07 lambda=27434081.033744562 next_lambda=438945296.539913 rho=-1 accept=0
CLASSICAL_LM o=101 lambda=27434081.033744562 tau=27434081.033744562 prediction=0.00074334500048550006 rho=-1 accept=0
  MFCG it 102  retry 1/8  lam=4.389e+08 tau_eff=2.743e+07  (assembly reused)
PCG_PREP o=101 rebuild=1 drift=0 previous_depth=1
GEODESIC attempt=131 outer=101 accepts_before=101 cg=1 products=2 relative=8.4011753400937999e-17 certified=1 cutoff=0 guard=3.1118517999445519e-09 admitted=1 won=1 cost=1859476.1862010809 prediction=0.00018583588066359234 rho=0.46179518893424371 seconds=0.01897339
ATTR_RADIUS o=101 raw_norm=8.2081940611803788e-07 norm=5.1578803620829505e-07 radius=5.1578803620829494e-07 next_radius=5.1578803620829494e-07 lambda=438945296.539913 next_lambda=438945296.539913 rho=0.46179518893424371 accept=1
CLASSICAL_LM o=101 lambda=438945296.539913 tau=438945296.539913 prediction=0.00018583588066359234 rho=0.46179518893424371 accept=1
W8_PROGRESS outer=101 phase=2 cost=1859476.1862010809 gain=2.910277574447916e-10
  MFCG it 102 cost=1.859476e+06 lam=4.389e+08 tau=0.00e+00 cg_it=0 shift=0 ckpt=1 alpha=0 acc mv=372
PCG_PREP o=102 rebuild=1 drift=0 previous_depth=1
GEODESIC attempt=132 outer=102 accepts_before=102 cg=1 products=2 relative=1.3346570629800994e-16 certified=1 cutoff=0 guard=1.7519787133006173e-09 admitted=1 won=1 cost=1859476.1860385551 prediction=0.00021295226235846772 rho=0.76320297886525612 seconds=0.01908311
ATTR_RADIUS o=102 raw_norm=9.4058986478106053e-07 norm=5.1578803620829452e-07 radius=5.1578803620829494e-07 next_radius=1.0315760724165899e-06 lambda=438945296.539913 next_lambda=109736324.13497825 rho=0.76320297886525601 accept=1
CLASSICAL_LM o=102 lambda=438945296.539913 tau=438945296.539913 prediction=0.00021295226235846775 rho=0.76320297886525601 accept=1
W8_PROGRESS outer=102 phase=2 cost=1859476.1860385551 gain=3.7843183508066584e-10
W8_EXHAUSTED outer=102 gain=3.7843183508066584e-10
  MFCG: accepts=103 rejects=28 total_matvecs=376 negcurv=1 cand_evals=134 mean_cg_per_outer=3.7
NUMERIC_REPAIR summary rebuilds=1 floor=1.8916920184026934e-07
  [retry-cache] builds=133 reuses=0
  [menu-backtrack] trials=107 rescues=88 evals=838 total_scored=972
POINT_SAFE summary calls=107 evals=107 wins=56 frozen=543311 seconds=1.27441409
  [scoring] menu_evals=134 alpha_evals=0 backtrack_evals=838 total_scored=972
RESULT algo=mfree_shifted_cg iters=103 final_cost=1859476.1860385551 solve_seconds=6.715248
DIAGNOSTICS median_reproj_err_px 2.704502 -> 0.558210 | cheirality_violations(obs) 751 -> 759 | cheirality_violations(pts, of 310854) 725 -> 731
