========= COMPUTE-SANITIZER
  [menu-backtrack] active=1 max_evals=8 warmup_accepts=3 confirm_stop=original armijo=1e-4
MIXED_STORAGE fragments=fp32 arithmetic=fp64 state=fp64 acceptance=fp64
OPEN_UNCLIP_CONFIG accepted_outers=3 operator=production forcing=production clipping=off_strict_ball_retained
  [compact-fragments] active=2 saved_bytes=9984 storage=fp32 camera_reads=contiguous
  MFCG score_init=364516.19390409789 precision=fp64
OPEN_UNCLIP_ATTEMPT outer=0 retry=0 accepts_before=0
PCG_PREP o=0 rebuild=1 drift=0 previous_depth=0
ATTR_RADIUS o=0 raw_norm=245.38404495694635 norm=245.38404495694635 radius=245.38404495694635 next_radius=61.346011239236589 lambda=0.10000000000000001 next_lambda=1.6000000000000001 rho=-1 accept=0
CLASSICAL_LM o=0 lambda=0.10000000000000001 tau=0.10000000000000001 prediction=355912.55825184693 rho=-1 accept=0
  MFCG it   1  retry 1/8  lam=1.600e+00 tau_eff=1.000e-01  (assembly reused)
OPEN_UNCLIP_ATTEMPT outer=0 retry=1 accepts_before=0
PCG_PREP o=0 rebuild=1 drift=0 previous_depth=1
ATTR_RADIUS o=0 raw_norm=232.40563932231086 norm=232.40563932231086 radius=61.346011239236589 next_radius=15.336502809809147 lambda=1.6000000000000001 next_lambda=25.600000000000001 rho=0.82893784303817142 accept=0
CLASSICAL_LM o=0 lambda=1.6000000000000001 tau=1.6000000000000001 prediction=295385.55094277562 rho=0.82893784303817142 accept=0
  MFCG it   1  retry 2/8  lam=2.560e+01 tau_eff=1.600e+00  (assembly reused)
OPEN_UNCLIP_ATTEMPT outer=0 retry=2 accepts_before=0
PCG_PREP o=0 rebuild=1 drift=0 previous_depth=1
ATTR_RADIUS o=0 raw_norm=46.100138558572418 norm=46.100138558572418 radius=15.336502809809147 next_radius=3.8341257024522868 lambda=25.600000000000001 next_lambda=409.60000000000002 rho=0.93208826015848678 accept=0
CLASSICAL_LM o=0 lambda=25.600000000000001 tau=25.600000000000001 prediction=81402.546455563584 rho=0.93208826015848678 accept=0
  MFCG it   1  retry 3/8  lam=4.096e+02 tau_eff=2.560e+01  (assembly reused)
OPEN_UNCLIP_ATTEMPT outer=0 retry=3 accepts_before=0
PCG_PREP o=0 rebuild=1 drift=0 previous_depth=1
ATTR_RADIUS o=0 raw_norm=3.3791394560622741 norm=3.3791394560622736 radius=3.8341257024522868 next_radius=7.6682514049045736 lambda=409.60000000000002 next_lambda=102.40000000000001 rho=0.99429569726106926 accept=1
CLASSICAL_LM o=0 lambda=409.60000000000002 tau=409.60000000000002 prediction=6371.3695787587139 rho=0.99429569726106926 accept=1
  MFCG it   1 cost=3.581812e+05 lam=1.024e+02 tau=0.00e+00 cg_it=0 shift=0 ckpt=1 alpha=0 acc mv=8
OPEN_UNCLIP_ATTEMPT outer=1 retry=0 accepts_before=1
PCG_PREP o=1 rebuild=1 drift=0 previous_depth=1
ATTR_RADIUS o=1 raw_norm=12.899970164551867 norm=12.899970164551867 radius=7.6682514049045736 next_radius=1.9170628512261434 lambda=102.40000000000001 next_lambda=1638.4000000000001 rho=0.97869694571948185 accept=0
CLASSICAL_LM o=1 lambda=102.40000000000001 tau=102.40000000000001 prediction=23705.540901824919 rho=0.97869694571948185 accept=0
  MFCG it   2  retry 1/8  lam=1.638e+03 tau_eff=1.024e+02  (assembly reused)
OPEN_UNCLIP_ATTEMPT outer=1 retry=1 accepts_before=1
PCG_PREP o=1 rebuild=1 drift=0 previous_depth=1
ATTR_RADIUS o=1 raw_norm=0.84152153522408246 norm=0.84152153522408246 radius=1.9170628512261434 next_radius=1.9170628512261434 lambda=1638.4000000000001 next_lambda=163.84000000000003 rho=0.99855525893104125 accept=1
CLASSICAL_LM o=1 lambda=1638.4000000000001 tau=1638.4000000000001 prediction=1574.9763579791768 rho=0.99855525893104125 accept=1
  MFCG it   2 cost=3.566085e+05 lam=1.638e+02 tau=0.00e+00 cg_it=0 shift=0 ckpt=1 alpha=0 acc mv=12
OPEN_UNCLIP_ATTEMPT outer=2 retry=0 accepts_before=2
PCG_PREP o=2 rebuild=1 drift=0 previous_depth=1
ATTR_RADIUS o=2 raw_norm=8.1738990003407075 norm=8.1738990003407057 radius=1.9170628512261434 next_radius=0.47926571280653585 lambda=163.84000000000003 next_lambda=2621.4400000000005 rho=0.98626526594374075 accept=0
CLASSICAL_LM o=2 lambda=163.84000000000003 tau=163.84000000000003 prediction=15086.327796766891 rho=0.98626526594374075 accept=0
  MFCG it   3  retry 1/8  lam=2.621e+03 tau_eff=1.638e+02  (assembly reused)
OPEN_UNCLIP_ATTEMPT outer=2 retry=1 accepts_before=2
PCG_PREP o=2 rebuild=1 drift=0 previous_depth=1
ATTR_RADIUS o=2 raw_norm=0.52485795100677446 norm=0.52485795100677446 radius=0.47926571280653585 next_radius=0.11981642820163396 lambda=2621.4400000000005 next_lambda=41943.040000000008 rho=0.99909600382344244 accept=0
CLASSICAL_LM o=2 lambda=2621.4400000000005 tau=2621.4400000000005 prediction=980.01718125993796 rho=0.99909600382344244 accept=0
  MFCG it   3  retry 2/8  lam=4.194e+04 tau_eff=2.621e+03  (assembly reused)
OPEN_UNCLIP_ATTEMPT outer=2 retry=2 accepts_before=2
PCG_PREP o=2 rebuild=1 drift=0 previous_depth=1
ATTR_RADIUS o=2 raw_norm=0.03285992051104953 norm=0.03285992051104953 radius=0.11981642820163396 next_radius=0.11981642820163396 lambda=41943.040000000008 next_lambda=4194.304000000001 rho=0.9999433131128227 accept=1
CLASSICAL_LM o=2 lambda=41943.040000000008 tau=41943.040000000008 prediction=61.401783037665922 rho=0.9999433131128227 accept=1
  MFCG it   3 cost=3.565471e+05 lam=4.194e+03 tau=0.00e+00 cg_it=0 shift=0 ckpt=1 alpha=0 acc mv=18
OPEN_UNCLIP_HANDOFF outer=3 accepts=3 previous_rhs_norm=1378.3698994238521
PCG_PREP o=3 rebuild=1 drift=0 previous_depth=1
ATTR_RADIUS o=3 raw_norm=0.32822033799418521 norm=0.11981642820163396 radius=0.11981642820163396 next_radius=0.23963285640326792 lambda=4194.304000000001 next_lambda=1048.5760000000002 rho=0.99969471212019567 accept=1
CLASSICAL_LM o=3 lambda=4194.304000000001 tau=4194.304000000001 prediction=326.05409897141811 rho=0.99969471212019567 accept=1
  MFCG it   4 cost=3.562211e+05 lam=1.049e+03 tau=0.00e+00 cg_it=0 shift=0 ckpt=1 alpha=0 acc mv=20
PCG_PREP o=4 rebuild=1 drift=0 previous_depth=1
ATTR_RADIUS o=4 raw_norm=1.30757758684661 norm=0.23963285640326801 radius=0.23963285640326792 next_radius=0.47926571280653585 lambda=1048.5760000000002 next_lambda=262.14400000000006 rho=0.99908471772008656 accept=1
CLASSICAL_LM o=4 lambda=1048.5760000000002 tau=1048.5760000000002 prediction=971.92444919152013 rho=0.99908471772008656 accept=1
  MFCG it   5 cost=3.552501e+05 lam=2.621e+02 tau=0.00e+00 cg_it=0 shift=0 ckpt=1 alpha=0 acc mv=22
PCG_PREP o=5 rebuild=1 drift=0 previous_depth=1
ATTR_RADIUS o=5 raw_norm=5.1506137075005114 norm=0.47926571280653579 radius=0.47926571280653585 next_radius=0.9585314256130717 lambda=262.14400000000006 next_lambda=65.536000000000016 rho=0.99697760434975058 accept=1
CLASSICAL_LM o=5 lambda=262.14400000000006 tau=262.14400000000006 prediction=3202.6357305376869 rho=0.99697760434975058 accept=1
  MFCG it   6 cost=3.520571e+05 lam=6.554e+01 tau=0.00e+00 cg_it=0 shift=0 ckpt=1 alpha=0 acc mv=24
PCG_PREP o=6 rebuild=1 drift=0 previous_depth=1
ATTR_RADIUS o=6 raw_norm=19.440210190711525 norm=0.95853142561307181 radius=0.9585314256130717 next_radius=1.9170628512261434 lambda=65.536000000000016 next_lambda=16.384000000000004 rho=0.98945872442834637 accept=1
CLASSICAL_LM o=6 lambda=65.536000000000016 tau=65.536000000000016 prediction=11155.877492123616 rho=0.98945872442834637 accept=1
  MFCG it   7 cost=3.410188e+05 lam=1.638e+01 tau=0.00e+00 cg_it=0 shift=0 ckpt=1 alpha=0 acc mv=26
PCG_PREP o=7 rebuild=1 drift=0 previous_depth=1
ATTR_RADIUS o=7 raw_norm=63.440180668955811 norm=1.9170628512261436 radius=1.9170628512261434 next_radius=3.8341257024522868 lambda=16.384000000000004 next_lambda=4.096000000000001 rho=0.96430168478459344 accept=1
CLASSICAL_LM o=7 lambda=16.384000000000004 tau=16.384000000000004 prediction=37538.003577804629 rho=0.96430168478459344 accept=1
  MFCG it   8 cost=3.048209e+05 lam=4.096e+00 tau=0.00e+00 cg_it=0 shift=0 ckpt=1 alpha=0 acc mv=28
  MFCG: accepts=8 rejects=6 total_matvecs=28 negcurv=0 cand_evals=14 mean_cg_per_outer=3.5
NUMERIC_REPAIR summary rebuilds=0 floor=9.9999999999999998e-17
  [retry-cache] builds=14 reuses=0
  [menu-backtrack] trials=0 rescues=0 evals=0 total_scored=14
POINT_SAFE summary calls=0 evals=0 wins=0 frozen=0 seconds=0
  [scoring] menu_evals=14 alpha_evals=0 backtrack_evals=0 total_scored=14
RESULT algo=mfree_shifted_cg iters=8 final_cost=304820.8833913925 solve_seconds=0.121898
DIAGNOSTICS median_reproj_err_px 33.770689 -> 32.989666 | cheirality_violations(obs) 0 -> 0 | cheirality_violations(pts, of 24) 0 -> 0
========= ERROR SUMMARY: 0 errors
