[R10] --zero_k2: all k2 set to 0 at load
Loaded /workspace/bal/dubrovnik-88.txt: ncam=88 npt=64298 nobs=383937 n=193422
[R10] --dof9: refining f,k1 per camera (88 cameras)
  [menu-backtrack] active=1 max_evals=8 warmup_accepts=3 confirm_stop=original armijo=1e-4
MIXED_STORAGE fragments=fp32 arithmetic=fp64 state=fp64 acceptance=fp64
  [compact-fragments] active=2 saved_bytes=39929448 storage=fp32 camera_reads=contiguous
  MFCG score_init=30562787.847235736 precision=fp64
PCG_PREP o=0 rebuild=1 drift=0 previous_depth=0
ATTR_RADIUS o=0 raw_norm=5445.8560983987336 norm=5445.8560983987336 radius=5445.8560983987336 next_radius=10891.712196797467 lambda=0.10000000000000001 next_lambda=0.025000000000000001 rho=0.99642283532921261 accept=1
CLASSICAL_LM o=0 lambda=0.10000000000000001 tau=0.10000000000000001 prediction=28494581.339232974 rho=0.99642283532921261 accept=1
  MFCG it   1 cost=2.170136e+06 lam=2.500e-02 tau=0.00e+00 cg_it=0 shift=0 ckpt=1 alpha=0 acc mv=2
PCG_PREP o=1 rebuild=1 drift=0 previous_depth=1
ATTR_RADIUS o=1 raw_norm=2850.3640786061183 norm=2850.3640786061183 radius=10891.712196797467 next_radius=10891.712196797467 lambda=0.025000000000000001 next_lambda=0.0025000000000000005 rho=0.998980410800555 accept=1
CLASSICAL_LM o=1 lambda=0.025000000000000001 tau=0.025000000000000001 prediction=1301657.1942206982 rho=0.998980410800555 accept=1
  MFCG it   2 cost=8.698063e+05 lam=2.500e-03 tau=0.00e+00 cg_it=4 shift=0 ckpt=5 alpha=0 acc mv=8
PCG_PREP o=2 rebuild=1 drift=0 previous_depth=5
ATTR_RADIUS o=2 raw_norm=2272.8893580214058 norm=2272.8893580214058 radius=10891.712196797467 next_radius=10891.712196797467 lambda=0.0025000000000000005 next_lambda=0.00025000000000000006 rho=0.99190491987085505 accept=1
CLASSICAL_LM o=2 lambda=0.0025000000000000005 tau=0.0025000000000000005 prediction=304855.50474077265 rho=0.99190491987085505 accept=1
  MFCG it   3 cost=5.674186e+05 lam=2.500e-04 tau=0.00e+00 cg_it=9 shift=0 ckpt=10 alpha=0 acc mv=19
PCG_PREP o=3 rebuild=1 drift=0 previous_depth=10
ATTR_RADIUS o=3 raw_norm=2295.2916485709538 norm=2295.2916485709538 radius=10891.712196797467 next_radius=10891.712196797467 lambda=0.00025000000000000006 next_lambda=2.5000000000000008e-05 rho=0.9831149584032246 accept=1
CLASSICAL_LM o=3 lambda=0.00025000000000000006 tau=0.00025000000000000006 prediction=169689.65635673283 rho=0.9831149584032246 accept=1
  MFCG it   4 cost=4.005942e+05 lam=2.500e-05 tau=0.00e+00 cg_it=0 shift=0 ckpt=1 alpha=0 acc mv=21
PCG_PREP o=4 rebuild=1 drift=0 previous_depth=1
ATTR_RADIUS o=4 raw_norm=7330.2253398259054 norm=7330.2253398259054 radius=10891.712196797467 next_radius=10891.712196797467 lambda=2.5000000000000008e-05 next_lambda=2.5000000000000011e-06 rho=0.7743421524997528 accept=1
CLASSICAL_LM o=4 lambda=2.5000000000000008e-05 tau=2.5000000000000008e-05 prediction=37640.562392147229 rho=0.7743421524997528 accept=1
  MFCG it   5 cost=3.714475e+05 lam=2.500e-06 tau=0.00e+00 cg_it=7 shift=0 ckpt=8 alpha=0 acc mv=30
PCG_PREP o=5 rebuild=1 drift=0 previous_depth=8
ATTR_RADIUS o=5 raw_norm=732.61832395832926 norm=732.61832395832926 radius=10891.712196797467 next_radius=10891.712196797467 lambda=2.5000000000000011e-06 next_lambda=2.5000000000000009e-07 rho=0.93246850154890226 accept=1
CLASSICAL_LM o=5 lambda=2.5000000000000011e-06 tau=2.5000000000000011e-06 prediction=9528.1107699232871 rho=0.93246850154890226 accept=1
  MFCG it   6 cost=3.625628e+05 lam=2.500e-07 tau=0.00e+00 cg_it=0 shift=0 ckpt=1 alpha=0 acc mv=32
PCG_PREP o=6 rebuild=1 drift=0 previous_depth=1
POINT_SAFE o=6 frozen=56 slope=-10369.934163570881 candidate=370151.27094826207 original=360836.36021588504 current=362562.82734530262 won=0 mode=1 camera_scale=1 keep_scale=0
ATTR_RADIUS o=6 raw_norm=8283.4015480901162 norm=2070.850387022529 radius=10891.712196797467 next_radius=10891.712196797467 lambda=2.5000000000000009e-07 next_lambda=2.5000000000000012e-08 rho=0.7841929683191704 accept=1
CLASSICAL_LM o=6 lambda=2.5000000000000009e-07 tau=2.5000000000000009e-07 prediction=2201.5845578392104 rho=0.7841929683191704 accept=1
  MFCG it   7 cost=3.608364e+05 lam=2.500e-08 tau=0.00e+00 cg_it=19 shift=0 ckpt=20 alpha=0 acc mv=53
PCG_PREP o=7 rebuild=1 drift=0 previous_depth=20
ATTR_RADIUS o=7 raw_norm=36562.9819992798[R9] wrote /tmp/prism-ba-coarse/research/champion_point_followup/evidence/conditional/dubrovnik-88-champion-0/curve.csv
88 norm=10891.712196797465 radius=10891.712196797467 next_radius=10891.712196797467 lambda=2.5000000000000012e-08 next_lambda=2.5000000000000012e-08 rho=0.41442959852964195 accept=1
CLASSICAL_LM o=7 lambda=2.5000000000000012e-08 tau=2.5000000000000012e-08 prediction=2225.8957961383285 rho=0.41442959852964195 accept=1
  MFCG it   8 cost=3.599139e+05 lam=2.500e-08 tau=0.00e+00 cg_it=18 shift=0 ckpt=19 alpha=0 acc mv=73
PCG_PREP o=8 rebuild=1 drift=0 previous_depth=19
POINT_SAFE o=8 frozen=12 slope=-2506.7211583719641 candidate=360120.16806750605 original=359383.45320967643 current=359913.88311472262 won=0 mode=1 camera_scale=1 keep_scale=0
ATTR_RADIUS o=8 raw_norm=52012.116893007718 norm=5445.8560983987336 radius=10891.712196797467 next_radius=10891.712196797467 lambda=2.5000000000000012e-08 next_lambda=2.5000000000000013e-09 rho=0.55946136986434702 accept=1
CLASSICAL_LM o=8 lambda=2.5000000000000012e-08 tau=2.5000000000000012e-08 prediction=948.10818694202021 rho=0.55946136986434702 accept=1
  MFCG it   9 cost=3.593835e+05 lam=2.500e-09 tau=0.00e+00 cg_it=0 shift=0 ckpt=1 alpha=0 acc mv=75
PCG_PREP o=9 rebuild=1 drift=0 previous_depth=1
POINT_SAFE o=9 frozen=2 slope=-1378.2873252630311 candidate=360136.48291328235 original=359237.66895250033 current=359383.45320967643 won=0 mode=1 camera_scale=1 keep_scale=0
ATTR_RADIUS o=9 raw_norm=191484.72565865499 norm=5445.8560983987345 radius=10891.712196797467 next_radius=10891.712196797467 lambda=2.5000000000000013e-09 next_lambda=2.5000000000000012e-10 rho=0.28004517524394756 accept=1
CLASSICAL_LM o=9 lambda=2.5000000000000013e-09 tau=2.5000000000000013e-09 prediction=520.57407184075419 rho=0.28004517524394756 accept=1
TARGET reached outer=10 seconds=0.164309774 cost=359237.66895250033 threshold=359304.65431295318
  MFCG: accepts=10 rejects=0 total_matvecs=77 negcurv=0 cand_evals=10 mean_cg_per_outer=7.7
NUMERIC_REPAIR summary rebuilds=0 floor=9.9999999999999998e-17
  [retry-cache] builds=10 reuses=0
  [menu-backtrack] trials=3 rescues=3 evals=7 total_scored=17
POINT_SAFE summary calls=3 evals=3 wins=0 frozen=70 seconds=0.007292724
  [scoring] menu_evals=10 alpha_evals=0 backtrack_evals=7 total_scored=17
RESULT algo=mfree_shifted_cg iters=10 final_cost=359237.6689525003 solve_seconds=0.167337
DIAGNOSTICS median_reproj_err_px 4.948600 -> 0.656341 | cheirality_violations(obs) 0 -> 13 | cheirality_violations(pts, of 64298) 0 -> 1
