  [menu-backtrack] active=1 max_evals=8 warmup_accepts=3 confirm_stop=original armijo=1e-4
MIXED_STORAGE fragments=fp32 arithmetic=fp64 state=fp64 acceptance=fp64
  [compact-fragments] active=2 saved_bytes=17253496 storage=fp32 camera_reads=contiguous
  MFCG score_init=20163569.015917197 precision=fp64
PCG_PREP o=0 rebuild=1 drift=0 previous_depth=0
ATTR_RADIUS o=0 raw_norm=3758.8701055429483 norm=3758.8701055429487 radius=3758.8701055429483 next_radius=7517.7402110858966 lambda=0.10000000000000001 next_lambda=0.025000000000000001 rho=0.99764036291228708 accept=1
CLASSICAL_LM o=0 lambda=0.10000000000000001 tau=0.10000000000000001 prediction=19362660.566865459 rho=0.99764036291228708 accept=1
  MFCG it   1 cost=8.465973e+05 lam=2.500e-02 tau=0.00e+00 cg_it=0 shift=0 ckpt=1 alpha=0 acc mv=2
PCG_PREP o=1 rebuild=1 drift=0 previous_depth=1
ATTR_RADIUS o=1 raw_norm=2096.4842053471025 norm=2096.4842053471025 radius=7517.7402110858966 next_radius=7517.7402110858966 lambda=0.025000000000000001 next_lambda=0.0025000000000000005 rho=1.0003472922668215 accept=1
CLASSICAL_LM o=1 lambda=0.025000000000000001 tau=0.025000000000000001 prediction=673858.28976049775 rho=1.0003472922668215 accept=1
  MFCG it   2 cost=1.725050e+05 lam=2.500e-03 tau=0.00e+00 cg_it=5 shift=0 ckpt=6 alpha=0 acc mv=9
PCG_PREP o=2 rebuild=1 drift=0 previous_depth=6
ATTR_RADIUS o=2 raw_norm=1808.937294687277 norm=1808.937294687277 radius=7517.7402110858966 next_radius=7517.7402110858966 lambda=0.0025000000000000005 next_lambda=0.00025000000000000006 rho=0.99587232551003091 accept=1
CLASSICAL_LM o=2 lambda=0.0025000000000000005 tau=0.0025000000000000005 prediction=52348.98419022344 rho=0.99587232551003091 accept=1
  MFCG it   3 cost=1.203721e+05 lam=2.500e-04 tau=0.00e+00 cg_it=22 shift=0 ckpt=23 alpha=0 acc mv=33
PCG_PREP o=3 rebuild=1 drift=0 previous_depth=23
ATTR_RADIUS o=3 raw_norm=2805.2543849705294 norm=2805.2543849705294 radius=7517.7402110858966 next_radius=7517.7402110858966 lambda=0.00025000000000000006 next_lambda=2.5000000000000008e-05 rho=0.99671243153698552 accept=1
CLASSICAL_LM o=3 lambda=0.00025000000000000006 tau=0.00025000000000000006 prediction=10682.60976861507 rho=0.99671243153698552 accept=1
  MFCG it   4 cost=1.097246e+05 lam=2.500e-05 tau=0.00e+00 cg_it=8 shift=0 ckpt=9 alpha=0 acc mv=43
PCG_PREP o=4 rebuild=1 drift=0 previous_depth=9
POINT_SAFE o=4 frozen=0 slope=-7880.3706458903907 candidate=inf original=106778.31837334017 current=109724.59092739997 won=0 mode=1 camera_scale=1 keep_scale=0
ATTR_RADIUS o=4 raw_norm=4556.3018003929565 norm=2278.1509001964782 radius=7517.7402110858966 next_radius=7517.7402110858966 lambda=2.5000000000000008e-05 next_lambda=2.5000000000000011e-06 rho=0.94100659846686352 accept=1
CLASSICAL_LM o=4 lambda=2.5000000000000008e-05 tau=2.5000000000000008e-05 prediction=3130.9796964867442 rho=0.94100659846686352 accept=1
  MFCG it   5 cost=1.067783e+05 lam=2.500e-06 tau=0.00e+00 cg_it=45 shift=0 ckpt=46 alpha=0 acc mv=90
PCG_PREP o=5 rebuild=1 drift=0 previous_depth=46
ATTR_RADIUS o=5 raw_norm=4017.5000154803874 norm=4017.5000154803874 radius=7517.7402110858966 next_radius=7517.7402110858966 lambda=2.5000000000000011e-06 next_lambda=2.5000000000000009e-07 rho=0.43045745724829193 accept=1
CLASSICAL_LM o=5 lambda=2.5000000000000011e-06 tau=2.5000000000000011e-06 prediction=1273.6492366889863 rho=0.43045745724829193 accept=1
  MFCG it   6 cost=1.062301e+05 lam=2.500e-07 tau=0.00e+00 cg_it=10 shift=0 ckpt=11 alpha=0 acc mv=102
PCG_PREP o=6 rebuild=1 drift=0 previous_depth=11
ATTR_RADIUS o=6 raw_norm=235.53212507922788 norm=235.53212507922788 radius=7517.7402110858966 next_radius=7517.7402110858966 lambda=2.5000000000000009e-07 next_lambda=2.5000000000000012e-08 rho=0.99863913436757823 accept=1
CLASSICAL_LM o=6 lambda=2.5000000000000009e-07 tau=2.5000000000000009e-07 prediction=738.00024295103935 rho=0.99863913436757823 accept=1
  MFCG it   7 cost=1.054931e+05 lam=2.500e-08 tau=0.00e+00 cg_it=0 shift=0 ckpt=1 alpha=0 acc mv=104
PCG_PREP o=7 rebuild=1 drift=0 previous_depth=1
POINT_SAFE o=7 frozen=0 slope=-2552.1512807206136 candidate=inf original=104518.28364542175 current=105493.07063770511 won=0 mode=1 camera_scale=1 keep_scale=0
ATTR_RADIUS o=7 raw_norm=14379.333332513308 norm=3758.8701055429483 radius=7517.7402110858966 next_radius=7517.7402110858966 lambda=2.5000000000000012e-08 next_lambda=2.5000000000000013e-09 rho=0.87844972485767181 accept=1
CLASSICAL_LM o=7 lambda=2.5000000000000012e-08 tau=2.5000000000000012e-08 prediction=1109.6673659284261 rho=0.87844972485767181 accept=1
  MFCG it   8 cost=1.045183e+05 lam=2.500e-09 tau=0.00e+00 cg_it=128 shift=0 ckpt=128 alpha=0 acc mv=232
PCG_PREP o=8 rebuild=1 drift=0 previous_depth=128
POINT_SAFE o=8 frozen=0 slope=-1738.1681635201676 candidate=inf original=103827.71091588405 current=104518.28364542175 won=0 mode=1 camera_scale=1 keep_scale=0
ATTR_RADIUS o=8 raw_norm=15510.113855635982 norm=3758.8701055429478 radius=7517.7402110858966 next_radius=7517.7402110858966 lambda=2.5000000000000013e-09 next_lambda=2.5000000000000012e-10 rho=0.92384356597261696 accept=1
CLASSICAL_LM o=8 lambda=2.5000000000000013e-09 tau=2.5000000000000013e-09 prediction=747.49963627301906 rho=0.92384356597261696 accept=1
  MFCG it   9 cost=1.038277e+05 lam=2.500e-10 tau=0.00e+00 cg_it=115 shift=0 ckpt=116 alpha=0 acc mv=349
PCG_PREP o=9 rebuild=1 drift=0 previous_depth=116
POINT_SAFE o=9 frozen=0 slope=-1069.5894728051371 candidate=inf original=103407.65812570621 current=103827.71091588405 won=0 mode=1 camera_scale=1 keep_scale=0
ATTR_RADIUS o=9 raw_norm=15235.727634673871 norm=3758.8701055429478 radius=7517.7402110858966 next_radius=7517.7402110858966 lambda=2.5000000000000012e-10 next_lambda=2.5000000000000014e-11 rho=0.91715396142977401 accept=1
CLASSICAL_LM o=9 lambda=2.5000000000000012e-10 tau=2.5000000000000012e-10 prediction=457.99593944184664 rho=0.91715396142977401 accept=1
  MFCG it  10 cost=1.034077e+05 lam=2.500e-11 tau=0.00e+00 cg_it=111 shift=0 ckpt=112 alpha=0 acc mv=462
PCG_PREP o=10 rebuild=1 drift=0 previous_depth=112
ATTR_RADIUS o=10 raw_norm=59.344702447938673 norm=59.344702447938666 radius=7517.7402110858966 next_radius=7517.7402110858966 lambda=2.5000000000000014e-11 next_lambda=2.5000000000000015e-12 rho=1.0002429796095273 accept=1
CLASSICAL_LM o=10 lambda=2.5000000000000014e-11 tau=2.5000000000000014e-11 prediction=61.363061537336421 rho=1.0002429796095273 accept=1
  MFCG it  11 cost=1.033463e+05 lam=2.500e-12 tau=0.00e+00 cg_it=0 shift=0 ckpt=1 alpha=0 acc mv=464
PCG_PREP o=11 rebuild=1 drift=0 previous_depth=1
ATTR_RADIUS o=11 raw_norm=15343.175142214704 norm=7517.7402110858984 radius=7517.7402110858966 next_radius=1879.4350527714741 lambda=2.5000000000000015e-12 next_lambda=4.0000000000000023e-11 rho=0.14248338773449859 accept=1
CLASSICAL_LM o=11 lambda=2.5000000000000015e-12 tau=2.5000000000000015e-12 prediction=443.15505241495669 rho=0.14248338773449859 accept=1
  MFCG it  12 cost=1.032831e+05 lam=4.000e-11 tau=0.00e+00 cg_it=128 shift=0 ckpt=128 alpha=0 acc mv=592
PCG_PREP o=12 rebuild=1 drift=0 previous_depth=128
ATTR_RADIUS o=12 raw_norm=23.235769616277199 norm=23.235769616277199 radius=1879.4350527714741 next_radius=1879.4350527714741 lambda=4.0000000000000023e-11 next_lambda=4.0000000000000023e-12 rho=0.99996179070370295 accept=1
CLASSICAL_LM o=12 lambda=4.0000000000000023e-11 tau=4.0000000000000023e-11 prediction=378.07272867880079 rho=0.99996179070370295 accept=1
TARGET reached outer=13 seconds=0.317996644 cost=102905.07963825051 threshold=103088.39569543337
  MFCG: accepts=13 rejects=0 total_matvecs=594 negcurv=0 cand_evals=13 mean_cg_per_outer=45.7
NUMERIC_REPAIR summary rebuilds=0 floor=9.9999999999999998e-17
  [retry-cache] builds=13 reuses=0
  [menu-backtrack] trials=4 rescues=4 evals=4 total_scored=17
POINT_SAFE summary calls=4 evals=0 wins=0 frozen=0 seconds=0.006072012
  [scoring] menu_evals=13 alpha_evals=0 backtrack_evals=4 total_scored=17
RESULT algo=mfree_shifted_cg iters=13 final_cost=102905.0796382505 solve_seconds=0.339078
DIAGNOSTICS median_reproj_err_px 3.953929 -> 0.545205 | cheirality_violations(obs) 211 -> 211 | cheirality_violations(pts, of 44033) 211 -> 211
