[R10] --zero_k2: all k2 set to 0 at load
Loaded /workspace/bal/muell-gba146.txt: ncam=493 npt=313987 nobs=2118671 n=944919
[R10] --dof9: refining f,k1 per camera (493 cameras)
  [menu-backtrack] active=1 max_evals=8 warmup_accepts=3 confirm_stop=original armijo=1e-4
MIXED_STORAGE fragments=fp32 arithmetic=fp64 state=fp64 acceptance=fp64
  [compact-fragments] active=2 saved_bytes=220341784 storage=fp32 camera_reads=contiguous
  MFCG score_init=2442177.0302083218 precision=fp64
PCG_PREP o=0 rebuild=1 drift=0 previous_depth=0
ATTR_RADIUS o=0 raw_norm=893.15778578065272 norm=893.15778578065272 radius=893.15778578065272 next_radius=1786.3155715613054 lambda=0.10000000000000001 next_lambda=0.025000000000000001 rho=0.99668274946008573 accept=1
CLASSICAL_LM o=0 lambda=0.10000000000000001 tau=0.10000000000000001 prediction=148064.31619814158 rho=0.99668274946008573 accept=1
  MFCG it   1 cost=2.294604e+06 lam=2.500e-02 tau=0.00e+00 cg_it=0 shift=0 ckpt=1 alpha=0 acc mv=2
PCG_PREP o=1 rebuild=1 drift=0 previous_depth=1
ATTR_RADIUS o=1 raw_norm=1573.2352685414708 norm=1573.2352685414708 radius=1786.3155715613054 next_radius=3572.6311431226109 lambda=0.025000000000000001 next_lambda=0.0062500000000000003 rho=0.99852449558917034 accept=1
CLASSICAL_LM o=1 lambda=0.025000000000000001 tau=0.025000000000000001 prediction=114763.66645720728 rho=0.99852449558917034 accept=1
  MFCG it   2 cost=2.180010e+06 lam=6.250e-03 tau=0.00e+00 cg_it=0 shift=0 ckpt=1 alpha=0 acc mv=4
PCG_PREP o=2 rebuild=1 drift=0 previous_depth=1
ATTR_RADIUS o=2 raw_norm=2221.7294493539994 norm=2221.7294493539994 radius=3572.6311431226109 next_radius=3572.6311431226109 lambda=0.0062500000000000003 next_lambda=0.00062500000000000012 rho=1.002541045148462 accept=1
CLASSICAL_LM o=2 lambda=0.0062500000000000003 tau=0.0062500000000000003 prediction=80092.080743259983 rho=1.002541045148462 accept=1
  MFCG it   3 cost=2.099714e+06 lam=6.250e-04 tau=0.00e+00 cg_it=1 shift=0 ckpt=2 alpha=0 acc mv=7
PCG_PREP o=3 rebuild=1 drift=0 previous_depth=2
ATTR_RADIUS o=3 raw_norm=4679.7487943096849 norm=3572.6311431226104 radius=3572.6311431226109 next_radius=7145.2622862452217 lambda=0.00062500000000000012 next_lambda=0.00015625000000000003 rho=1.0065135692691451 accept=1
CLASSICAL_LM o=3 lambda=0.00062500000000000012 tau=0.00062500000000000012 prediction=59358.227992846558 rho=1.0065135692691451 accept=1
  MFCG it   4 cost=2.039969e+06 lam=1.563e-04 tau=0.00e+00 cg_it=2 shift=0 ckpt=3 alpha=0 acc mv=11
PCG_PREP o=4 rebuild=1 drift=0 previous_depth=3
ATTR_RADIUS o=4 raw_norm=7137.9888338991823 norm=7137.9888338991823 radius=7145.2622862452217 next_radius=14290.524572490443 lambda=0.00015625000000000003 next_lambda=3.9062500000000008e-05 rho=1.004138423526884 accept=1
CLASSICAL_LM o=4 lambda=0.00015625000000000003 tau=0.00015625000000000003 prediction=36586.732671237354 rho=1.004138423526884 accept=1
  MFCG it   5 cost=2.003231e+06 lam=3.906e-05 tau=0.00e+00 cg_it=6 shift=0 ckpt=7 alpha=0 acc mv=19
PCG_PREP o=5 rebuild=1 drift=0 previous_depth=7
ATTR_RADIUS o=5 raw_norm=11580.353854840389 norm=11580.353854840389 radius=14290.524572490443 next_radius=14290.524572490443 lambda=3.9062500000000008e-05 next_lambda=3.9062500000000008e-05 rho=0.73352529798510824 accept=1
CLASSICAL_LM o=5 lambda=3.9062500000000008e-05 tau=3.9062500000000008e-05 prediction=19736.18187825695 rho=0.73352529798510824 accept=1
  MFCG it   6 cost=1.988754e+06 lam=3.906e-05 tau=0.00e+00 cg_it=21 shift=0 ckpt=22 alpha=0 acc mv=42
PCG_PREP o=6 rebuild=1 drift=0 previous_depth=22
ATTR_RADIUS o=6 raw_norm=6097.1755093345982 norm=6097.1755093345992 radius=14290.524572490443 next_radius=14290.524572490443 lambda=3.9062500000000008e-05 next_lambda=3.9062500000000009e-06 rho=0.89718060122857746 accept=1
CLASSICAL_LM o=6 lambda=3.9062500000000008e-05 tau=3.9062500000000008e-05 prediction=9003.0612766079394 rho=0.89718060122857746 accept=1
  MFCG it   7 cost=1.980677e+06 lam=3.906e-06 tau=0.00e+00 cg_it=8 shift=0 ckpt=9 alpha=0 acc mv=52
PCG_PREP o=7 rebuild=1 drift=0 previous_depth=9
ATTR_RADIUS o=7 raw_norm=31503.295662317221 norm=14290.524572490447 radius=14290.524572490443 next_radius=28581.049144980887 lambda=3.9062500000000009e-06 next_lambda=9.7656250000000023e-07 rho=0.87137349388531815 accept=1
CLASSICAL_LM o=7 lambda=3.9062500000000009e-06 tau=3.9062500000000009e-06 prediction=9821.8443899778322 rho=0.87137349388531815 accept=1
  MFCG it   8 cost=1.972118e+06 lam=9.766e-07 tau=0.00e+00 cg_it=109 shift=0 ckpt=110 alpha=0 acc mv=163
PCG_PREP o=8 rebuild=1 drift=0 previous_depth=110
POINT_SAFE o=8 frozen=2 slope=-13850.805851872545 candidate=1980357.7888850062 original=1968274.3752955799 current=1972118.088471479 won=0 mode=1 camera_scale=1 keep_scale=0
ATTR_RADIUS o=8 raw_norm=50783.866242051263 norm=14290.524572490443 radius=28581.049144980887 next_radius=28581.049144980887 lambda=9.7656250000000023e-07 next_lambda=9.7656250000000031e-08 rho=0.64949916159856858 accept=1
CLASSICAL_LM o=8 lambda=9.7656250000000023e-07 tau=9.7656250000000023e-07 prediction=5917.9647998911096 rho=0.64949916159856858 accept=1
  MFCG it   9 cost=1.968274e+06 lam=9.766e-08 tau=0.00e+00 cg_it=128 shift=0 ckpt=128 alpha=0 acc mv=291
PCG_PREP o=9 rebuild=1 drift=0 previous_depth=128
POINT_SAFE o=9 frozen=1 slope=-13695.872685059381 candidate=1979845.8540952555 original=1965501.1369270571 current=1968274.3752955799 won=0 mode=1 camera_scale=1 keep_scale=0
ATTR_RADIUS o=9 raw_norm=61355.833427933183 norm=14290.524572490442 radius=28581.049144980887 next_radius=28581.049144980887 lambda=9.7656250000000031e-08 next_lambda=9.7656250000000041e-09 rho=0.48502442444003807 accept=1
CLASSICAL_LM o=9 lambda=9.7656250000000031e-08 tau=9.7656250000000031e-08 prediction=5717.7293117239451 rho=0.48502442444003807 accept=1
  MFCG it  10 cost=1.965501e+06 lam=9.766e-09 tau=0.00e+00 cg_it=128 shift=0 ckpt=128 alpha=0 acc mv=419
PCG_PREP o=10 rebuild=1 drift=0 previous_depth=128
POINT_SAFE o=10 frozen=1 slope=-15378.580276019406 candidate=1983092.3760112065 original=1963247.5669417612 current=1965501.1369270571 won=0 mode=1 camera_scale=1 keep_scale=0
ATTR_RADIUS o=10 raw_norm=64624.375729890831 norm=14290.524572490445 radius=28581.049144980887 next_radius=28581.049144980887 lambda=9.7656250000000041e-09 next_lambda=9.7656250000000037e-10 rho=0.35638335052309816 accept=1
CLASSICAL_LM o=10 lambda=9.7656250000000041e-09 tau=9.7656250000000041e-09 prediction=6323.4435110060476 rho=0.35638335052309816 accept=1
  MFCG it  11 cost=1.963248e+06 lam=9.766e-10 tau=0.00e+00 cg_it=128 shift=0 ckpt=128 alpha=0 acc mv=547
PCG_PREP o=11 rebuild=1 drift=0 previous_depth=128
POINT_SAFE o=11 frozen=3 slope=-18286.320206343429 candidate=1983304.0269624714 original=1960700.723893638 current=1963247.5669417612 won=0 mode=1 camera_scale=1 keep_scale=0
ATTR_RADIUS o=11 raw_norm=70339.184884045957 norm=14290.524572490443 radius=28581.049144980887 next_radius=28581.049144980887 lambda=9.7656250000000037e-10 next_lambda=9.7656250000000047e-11 rho=0.34169898716953118 accept=1
CLASSICAL_LM o=11 lambda=9.7656250000000037e-10 tau=9.7656250000000037e-10 prediction=7453.4697021492248 rho=0.34169898716953118 accept=1
  MFCG it  12 cost=1.960701e+06 lam=9.766e-11 tau=0.00e+00 cg_it=128 shift=0 ckpt=128 alpha=0 acc mv=675
FIXED_CAPTURE outer=12 cost=1960700.723893638 tau=9.7656250000000047e-11 lambda=9.7656250000000047e-11 eta=0.5
