  [menu-backtrack] active=1 max_evals=8 warmup_accepts=3 confirm_stop=original armijo=1e-4
MIXED_STORAGE fragments=fp32 arithmetic=fp64 state=fp64 acceptance=fp64
  [compact-fragments] active=2 saved_bytes=171996448 storage=fp32 camera_reads=contiguous
  MFCG score_init=90993342.024340227 precision=fp64
PCG_PREP o=0 rebuild=1 drift=0 previous_depth=0
ATTR_RADIUS o=0 raw_norm=8861.1709887307607 norm=8861.1709887307607 radius=8861.1709887307607 next_radius=17722.341977461521 lambda=0.10000000000000001 next_lambda=0.025000000000000001 rho=0.99545080656082663 accept=1
CLASSICAL_LM o=0 lambda=0.10000000000000001 tau=0.10000000000000001 prediction=83412716.69905898 rho=0.99545080656082663 accept=1
  MFCG it   1 cost=7.960086e+06 lam=2.500e-02 tau=0.00e+00 cg_it=0 shift=0 ckpt=1 alpha=0 acc mv=2
PCG_PREP o=1 rebuild=1 drift=0 previous_depth=1
ATTR_RADIUS o=1 raw_norm=4659.7121206777829 norm=4659.7121206777829 radius=17722.341977461521 next_radius=17722.341977461521 lambda=0.025000000000000001 next_lambda=0.0025000000000000005 rho=0.9945389650649995 accept=1
CLASSICAL_LM o=1 lambda=0.025000000000000001 tau=0.025000000000000001 prediction=4259951.5107679609 rho=0.9945389650649995 accept=1
  MFCG it   2 cost=3.723398e+06 lam=2.500e-03 tau=0.00e+00 cg_it=4 shift=0 ckpt=5 alpha=0 acc mv=8
PCG_PREP o=2 rebuild=1 drift=0 previous_depth=5
ATTR_RADIUS o=2 raw_norm=6975.677978956106 norm=6975.677978956106 radius=17722.341977461521 next_radius=17722.341977461521 lambda=0.0025000000000000005 next_lambda=0.00025000000000000006 rho=0.87051061466538826 accept=1
CLASSICAL_LM o=2 lambda=0.0025000000000000005 tau=0.0025000000000000005 prediction=1234099.5580717605 rho=0.87051061466538826 accept=1
  MFCG it   3 cost=2.649101e+06 lam=2.500e-04 tau=0.00e+00 cg_it=9 shift=0 ckpt=10 alpha=0 acc mv=19
PCG_PREP o=3 rebuild=1 drift=0 previous_depth=10
ATTR_RADIUS o=3 raw_norm=10922.54250024606 norm=10922.54250024606 radius=17722.341977461521 next_radius=17722.341977461521 lambda=0.00025000000000000006 next_lambda=2.5000000000000008e-05 rho=0.71461554947833683 accept=1
CLASSICAL_LM o=3 lambda=0.00025000000000000006 tau=0.00025000000000000006 prediction=596515.31226691219 rho=0.71461554947833683 accept=1
  MFCG it   4 cost=2.222822e+06 lam=2.500e-05 tau=0.00e+00 cg_it=0 shift=0 ckpt=1 alpha=0 acc mv=21
PCG_PREP o=4 rebuild=1 drift=0 previous_depth=1
POINT_SAFE o=4 frozen=1341 slope=-336469.79998589226 candidate=2043410.2461232098 original=2072225.5825486106 current=2222822.2595828017 won=1 mode=1 camera_scale=1 keep_scale=0
ATTR_RADIUS o=4 raw_norm=25300.156685844562 norm=17722.341977461525 radius=17722.341977461521 next_radius=35444.683954923043 lambda=2.5000000000000008e-05 next_lambda=6.250000000000002e-06 rho=0.91745233686562477 accept=1
CLASSICAL_LM o=4 lambda=2.5000000000000008e-05 tau=2.5000000000000008e-05 prediction=195554.58768848237 rho=0.91745233686562477 accept=1
  MFCG it   5 cost=2.043410e+06 lam=6.250e-06 tau=0.00e+00 cg_it=1 shift=0 ckpt=2 alpha=0 acc mv=24
PCG_PREP o=5 rebuild=1 drift=0 previous_depth=2
POINT_SAFE o=5 frozen=1597 slope=-207540.70082541526 candidate=2178501.4047010196 original=2002349.3613791498 current=2043410.2461232098 won=0 mode=1 camera_scale=1 keep_scale=0
ATTR_RADIUS o=5 raw_norm=42981.162331348896 norm=4430.5854943653785 radius=35444.683954923043 next_radius=35444.683954923043 lambda=6.250000000000002e-06 next_lambda=6.2500000000000026e-07 rho=0.91576929301474819 accept=1
CLASSICAL_LM o=5 lambda=6.250000000000002e-06 tau=6.250000000000002e-06 prediction=44837.586341081565 rho=0.91576929301474819 accept=1
  MFCG it   6 cost=2.002349e+06 lam=6.250e-07 tau=0.00e+00 cg_it=7 shift=0 ckpt=8 alpha=0 acc mv=33
PCG_PREP o=6 rebuild=1 drift=0 previous_depth=8
POINT_SAFE o=6 frozen=1716 slope=-116947.59725071744 candidate=4307074.7505201399 original=1973437.9976553652 current=2002349.3613791498 won=0 mode=1 camera_scale=1 keep_scale=0
ATTR_RADIUS o=6 raw_norm=69317.836814087306 norm=8861.1709887307588 radius=35444.683954923043 next_radius=35444.683954923043 lambda=6.2500000000000026e-07 next_lambda=6.2500000000000024e-08 rho=0.50116209576603266 accept=1
CLASSICAL_LM o=6 lambda=6.2500000000000026e-07 tau=6.2500000000000026e-07 prediction=57688.647980436937 rho=0.50116209576603266 accept=1
  MFCG it   7 cost=1.973438e+06 lam=6.250e-08 tau=0.00e+00 cg_it=5 shift=0 ckpt=6 alpha=0 acc mv=40
PCG_PREP o=7 rebuild=1 drift=0 previous_depth=6
POINT_SAFE o=7 frozen=799 slope=-53060.971599606441 candidate=13241863.422216386 original=1973220.9879038893 current=1973437.9976553652 won=0 mode=1 camera_scale=1 keep_scale=0
ATTR_RADIUS o=7 raw_norm=76154.76295525959 norm=35444.68395492305 radius=35444.683954923043 next_radius=8861.1709887307607 lambda=6.2500000000000024e-08 next_lambda=1.0000000000000004e-06 rho=0.0849786196900124 accept=0
CLASSICAL_LM o=7 lambda=6.2500000000000024e-08 tau=6.2500000000000024e-08 prediction=2553.6982392453133 rho=0.0849786196900124 accept=0
  MFCG it   8  retry 1/8  lam=1.000e-06 tau_eff=6.250e-08  (assembly reused)
PCG_PREP o=7 rebuild=1 drift=0 previous_depth=1
POINT_SAFE o=7 frozen=282 slope=-45968.061824991462 candidate=2003223.4406484489 original=1973128.724970181 current=1973437.9976553652 won=0 mode=1 camera_scale=1 keep_scale=0
ATTR_RADIUS o=7 raw_norm=30742.399052860703 norm=69.227898349459053 radius=8861.1709887307607 next_radius=8861.1709887307607 lambda=1.0000000000000004e-06 next_lambda=1.0000000000000005e-07 rho=0.25311526105242227 accept=1
CLASSICAL_LM o=7 lambda=1.0000000000000004e-06 tau=1.0000000000000004e-06 prediction=1221.8650266215695 rho=0.25311526105242227 accept=1
  MFCG it   8 cost=1.973129e+06 lam=1.000e-07 tau=0.00e+00 cg_it=0 shift=0 ckpt=1 alpha=0 acc mv=44
PCG_PREP o=8 rebuild=1 drift=0 previous_depth=1
POINT_SAFE o=8 frozen=172 slope=-39622.331488248019 candidate=2041446.7901292846 original=1972669.3478263228 current=1973128.724970181 won=0 mode=1 camera_scale=1 keep_scale=0
ATTR_RADIUS o=8 raw_norm=67180.930975861644 norm=69.227898349459082 radius=8861.1709887307607 next_radius=8861.1709887307607 lambda=1.0000000000000005e-07 next_lambda=1.0000000000000005e-08 rho=0.3911577155845995 accept=1
CLASSICAL_LM o=8 lambda=1.0000000000000005e-07 tau=1.0000000000000005e-07 prediction=1174.4038927410074 rho=0.3911577155845995 accept=1
  MFCG it   9 cost=1.972669e+06 lam=1.000e-08 tau=0.00e+00 cg_it=0 shift=0 ckpt=1 alpha=0 acc mv=46
PCG_PREP o=9 rebuild=1 drift=0 previous_depth=1
POINT_SAFE o=9 frozen=125 slope=-36972.155249172705 candidate=1982735.9526803901 original=1972512.0169513107 current=1972669.3478263228 won=0 mode=1 camera_scale=1 keep_scale=0
ATTR_RADIUS o=9 raw_norm=115761.04856428115 norm=34.613949174729541 radius=8861.1709887307607 next_radius=8861.1709887307607 lambda=1.0000000000000005e-08 next_lambda=1.0000000000000005e-09 rho=0.2726607599492844 accept=1
CLASSICAL_LM o=9 lambda=1.0000000000000005e-08 tau=1.0000000000000005e-08 prediction=577.02059893530782 rho=0.2726607599492844 accept=1
  MFCG it  10 cost=1.972512e+06 lam=1.000e-09 tau=0.00e+00 cg_it=0 shift=0 ckpt=1 alpha=0 acc mv=48
PCG_PREP o=10 rebuild=1 drift=0 previous_depth=1
NUMERIC_REPAIR o=10 lambda=1.0000000000000005e-09 rayleigh=-1.7885896651244819e-07 next_lambda=7.1943586604979275e-07 cg=1 rebuild=1
PCG_PREP o=10 rebuild=1 drift=0 previous_depth=1
POINT_SAFE o=10 frozen=260 slope=-43232.415270922778 candidate=2016882.078827901 original=1972395.9335539851 current=1972512.0169513107 won=0 mode=1 camera_scale=1 keep_scale=0
ATTR_RADIUS o=10 raw_norm=35525.553103905208 norm=34.613949174729541 radius=8861.1709887307607 next_radius=2215.2927471826902 lambda=7.1943586604979275e-07 next_lambda=1.1510973856796684e-05 rho=0.19337167802751326 accept=1
CLASSICAL_LM o=10 lambda=7.1943586604979275e-07 tau=7.1943586604979275e-07 prediction=600.31230276171789 rho=0.19337167802751326 accept=1
  MFCG it  11 cost=1.972396e+06 lam=1.151e-05 tau=0.00e+00 cg_it=0 shift=0 ckpt=1 alpha=0 acc mv=52
PCG_PREP o=11 rebuild=1 drift=0 previous_depth=1
POINT_SAFE o=11 frozen=49 slope=-40454.887169487352 candidate=1950973.26910699 original=1972118.0909950691 current=1972395.9335539851 won=1 mode=1 camera_scale=1 keep_scale=0
ATTR_RADIUS o=11 raw_norm=10335.111018834896 norm=2215.2927471826888 radius=2215.2927471826902 next_radius=4430.5854943653803 lambda=1.1510973856796684e-05 next_lambda=2.877743464199171e-06 rho=0.9093089066821316 accept=1
CLASSICAL_LM o=11 lambda=1.1510973856796684e-05 tau=1.1510973856796684e-05 prediction=23559.28143842968 rho=0.9093089066821316 accept=1
  MFCG it  12 cost=1.950973e+06 lam=2.878e-06 tau=0.00e+00 cg_it=0 shift=0 ckpt=1 alpha=0 acc mv=54
PCG_PREP o=12 rebuild=1 drift=0 previous_depth=1
POINT_SAFE o=12 frozen=440 slope=-13428.404139281247 candidate=1941075.2225822692 original=1950359.1029305493 current=1950973.26910699 won=1 mode=1 camera_scale=1 keep_scale=0
ATTR_RADIUS o=12 raw_norm=32947.186966576526 norm=4430.5854943653794 radius=4430.5854943653803 next_radius=8861.1709887307607 lambda=2.877743464199171e-06 next_lambda=7.1943586604979275e-07 rho=0.93508182712685717 accept=1
CLASSICAL_LM o=12 lambda=2.877743464199171e-06 tau=2.877743464199171e-06 prediction=10585.219643433324 rho=0.93508182712685717 accept=1
  MFCG it  13 cost=1.941075e+06 lam=7.194e-07 tau=0.00e+00 cg_it=1 shift=0 ckpt=2 alpha=0 acc mv=57
PCG_PREP o=13 rebuild=1 drift=0 previous_depth=2
POINT_SAFE o=13 frozen=526 slope=-13162.91110176586 candidate=1931636.6868200388 original=1940323.1191443913 current=1941075.2225822692 won=1 mode=1 camera_scale=1 keep_scale=0
ATTR_RADIUS o=13 raw_norm=49297.351764649349 norm=8861.1709887307643 radius=8861.1709887307607 next_radius=17722.341977461521 lambda=7.1943586604979275e-07 next_lambda=7.1943586604979275e-07 rho=0.85937232338198677 accept=1
CLASSICAL_LM o=13 lambda=7.1943586604979275e-07 tau=7.1943586604979275e-07 prediction=10983.057640355282 rho=0.85937232338198677 accept=1
  MFCG it  14 cost=1.931637e+06 lam=7.194e-07 tau=0.00e+00 cg_it=1 shift=0 ckpt=2 alpha=0 acc mv=60
PCG_PREP o=14 rebuild=1 drift=0 previous_depth=2
POINT_SAFE o=14 frozen=1246 slope=-36217.823013694033 candidate=2020563.1061543911 original=1930804.9638483191 current=1931636.6868200388 won=0 mode=1 camera_scale=1 keep_scale=0
ATTR_RADIUS o=14 raw_norm=48547.449694437608 norm=553.82318679567231 radius=17722.341977461521 next_radius=4430.5854943653803 lambda=7.1943586604979275e-07 next_lambda=1.1510973856796684e-05 rho=0.18334914189687423 accept=1
CLASSICAL_LM o=14 lambda=7.1943586604979275e-07 tau=7.1943586604979275e-07 prediction=4536.2795981204918 rho=0.18334914189687423 accept=1
  MFCG it  15 cost=1.930805e+06 lam=1.151e-05 tau=0.00e+00 cg_it=3 shift=0 ckpt=4 alpha=0 acc mv=65
PCG_PREP o=15 rebuild=1 drift=0 previous_depth=4
POINT_SAFE o=15 frozen=187 slope=-17498.540392185867 candidate=1916127.7429828967 original=1929747.8672864011 current=1930804.9638483191 won=1 mode=1 camera_scale=1 keep_scale=0
ATTR_RADIUS o=15 raw_norm=24252.592114858795 norm=4430.5854943653812 radius=4430.5854943653803 next_radius=8861.1709887307607 lambda=1.1510973856796684e-05 next_lambda=2.877743464199171e-06 rho=0.98411286450499802 accept=1
CLASSICAL_LM o=15 lambda=1.1510973856796684e-05 tau=1.1510973856796684e-05 prediction=14914.164213070149 rho=0.98411286450499802 accept=1
  MFCG it  16 cost=1.916128e+06 lam=2.878e-06 tau=0.00e+00 cg_it=3 shift=0 ckpt=4 alpha=0 acc mv=70
PCG_PREP o=16 rebuild=1 drift=0 previous_depth=4
POINT_SAFE o=16 frozen=728 slope=-20110.306353604319 candidate=1901356.0151647623 original=1914348.3245846452 current=1916127.7429828967 won=1 mode=1 camera_scale=1 keep_scale=0
ATTR_RADIUS o=16 raw_norm=40614.723951235537 norm=8861.1709887307625 radius=8861.1709887307607 next_radius=17722.341977461521 lambda=2.877743464199171e-06 next_lambda=7.1943586604979275e-07 rho=0.85947607426733974 accept=1
CLASSICAL_LM o=16 lambda=2.877743464199171e-06 tau=2.877743464199171e-06 prediction=17186.898228349906 rho=0.85947607426733974 accept=1
  MFCG it  17 cost=1.901356e+06 lam=7.194e-07 tau=0.00e+00 cg_it=4 shift=0 ckpt=5 alpha=0 acc mv=76
PCG_PREP o=17 rebuild=1 drift=0 previous_depth=5
POINT_SAFE o=17 frozen=1172 slope=-13270.040291344374 candidate=2430335.4578657653 original=1900653.4663371367 current=1901356.0151647623 won=0 mode=1 camera_scale=1 keep_scale=0
ATTR_RADIUS o=17 raw_norm=29800.800891831357 norm=17722.341977461514 radius=17722.341977461521 next_radius=4430.5854943653803 lambda=7.1943586604979275e-07 next_lambda=1.1510973856796684e-05 rho=0.092896955361658498 accept=0
CLASSICAL_LM o=17 lambda=7.1943586604979275e-07 tau=7.1943586604979275e-07 prediction=7562.6679570980032 rho=0.092896955361658498 accept=0
  MFCG it  18  retry 1/8  lam=1.151e-05 tau_eff=7.194e-07  (assembly reused)
PCG_PREP o=17 rebuild=1 drift=0 previous_depth=1
POINT_SAFE o=17 frozen=408 slope=-13884.550955789211 candidate=1893641.7728111206 original=1901310.5009638285 current=1901356.0151647623 won=1 mode=1 camera_scale=1 keep_scale=0
ATTR_RADIUS o=17 raw_norm=6463.2513297515934 norm=4430.5854943653794 radius=4430.5854943653803 next_radius=8861.1709887307607 lambda=1.1510973856796684e-05 next_lambda=2.877743464199171e-06 rho=0.8807266957411849 accept=1
CLASSICAL_LM o=17 lambda=1.1510973856796684e-05 tau=1.1510973856796684e-05 prediction=8758.9514328842488 rho=0.8807266957411849 accept=1
  MFCG it  18 cost=1.893642e+06 lam=2.878e-06 tau=0.00e+00 cg_it=0 shift=0 ckpt=1 alpha=0 acc mv=80
PCG_PREP o=18 rebuild=1 drift=0 previous_depth=1
POINT_SAFE o=18 frozen=235 slope=-19754.81042225724 candidate=1878472.3202370815 original=1891691.018069817 current=1893641.7728111206 won=1 mode=1 camera_scale=1 keep_scale=0
ATTR_RADIUS o=18 raw_norm=55476.637703336921 norm=8861.170988730757 radius=8861.1709887307607 next_radius=17722.341977461521 lambda=2.877743464199171e-06 next_lambda=7.1943586604979275e-07 rho=0.87643268375415451 accept=1
CLASSICAL_LM o=18 lambda=2.877743464199171e-06 tau=2.877743464199171e-06 prediction=17308.177633291285 rho=0.87643268375415451 accept=1
  MFCG it  19 cost=1.878472e+06 lam=7.194e-07 tau=0.00e+00 cg_it=9 shift=0 ckpt=10 alpha=0 acc mv=91
PCG_PREP o=19 rebuild=1 drift=0 previous_depth=10
POINT_SAFE o=19 frozen=884 slope=-27998.763201603157 candidate=1913510.438731319 original=1876090.0879100203 current=1878472.3202370815 won=0 mode=1 camera_scale=1 keep_scale=0
ATTR_RADIUS o=19 raw_norm=73142.266955861967 norm=1107.6463735913444 radius=17722.341977461521 next_radius=17722.341977461521 lambda=7.1943586604979275e-07 next_lambda=7.1943586604979275e-07 rho=0.28198724010932419 accept=1
CLASSICAL_LM o=19 lambda=7.1943586604979275e-07 tau=7.1943586604979275e-07 prediction=8448.014619873109 rho=0.28198724010932419 accept=1
  MFCG it  20 cost=1.876090e+06 lam=7.194e-07 tau=0.00e+00 cg_it=9 shift=0 ckpt=10 alpha=0 acc mv=102
PCG_PREP o=20 rebuild=1 drift=0 previous_depth=10
POINT_SAFE o=20 frozen=908 slope=-27456.76873633471 candidate=2072508.0374491906 original=1874630.3252562024 current=1876090.0879100203 won=0 mode=1 camera_scale=1 keep_scale=0
ATTR_RADIUS o=20 raw_norm=72234.003666129312 norm=553.82318679567231 radius=17722.341977461521 next_radius=17722.341977461521 lambda=7.1943586604979275e-07 next_lambda=7.1943586604979275e-07 rho=0.34638837289700636 accept=1
CLASSICAL_LM o=20 lambda=7.1943586604979275e-07 tau=7.1943586604979275e-07 prediction=4214.2368740879419 rho=0.34638837289700636 accept=1
  MFCG it  21 cost=1.874630e+06 lam=7.194e-07 tau=0.00e+00 cg_it=9 shift=0 ckpt=10 alpha=0 acc mv=113
PCG_PREP o=21 rebuild=1 drift=0 previous_depth=10
POINT_SAFE o=21 frozen=900 slope=-26953.525178257645 candidate=1909945.9126702964 original=1874301.0006193777 current=1874630.3252562024 won=0 mode=1 camera_scale=1 keep_scale=0
ATTR_RADIUS o=21 raw_norm=72011.238985803357 norm=276.91159339783633 radius=17722.341977461521 next_radius=4430.5854943653803 lambda=7.1943586604979275e-07 next_lambda=1.1510973856796684e-05 rho=0.1571916573564931 accept=1
CLASSICAL_LM o=21 lambda=7.1943586604979275e-07 tau=7.1943586604979275e-07 prediction=2095.0516227320541 rho=0.1571916573564931 accept=1
  MFCG it  22 cost=1.874301e+06 lam=1.151e-05 tau=0.00e+00 cg_it=9 shift=0 ckpt=10 alpha=0 acc mv=124
PCG_PREP o=22 rebuild=1 drift=0 previous_depth=10
POINT_SAFE o=22 frozen=36 slope=-15502.431234066371 candidate=1861997.7555617664 original=1873814.5820976405 current=1874301.0006193777 won=1 mode=1 camera_scale=1 keep_scale=0
ATTR_RADIUS o=22 raw_norm=29432.990271069484 norm=4430.5854943653803 radius=4430.5854943653803 next_radius=8861.1709887307607 lambda=1.1510973856796684e-05 next_lambda=2.877743464199171e-06 rho=0.94737147593905602 accept=1
CLASSICAL_LM o=22 lambda=1.1510973856796684e-05 tau=1.1510973856796684e-05 prediction=12986.716794925671 rho=0.94737147593905602 accept=1
  MFCG it  23 cost=1.861998e+06 lam=2.878e-06 tau=0.00e+00 cg_it=9 shift=0 ckpt=10 alpha=0 acc mv=135
PCG_PREP o=23 rebuild=1 drift=0 previous_depth=10
POINT_SAFE o=23 frozen=66 slope=-20346.477681145279 candidate=1852020.741139763 original=1861738.7088080118 current=1861997.7555617664 won=1 mode=1 camera_scale=1 keep_scale=0
ATTR_RADIUS o=23 raw_norm=50363.216151938555 norm=8861.1709887307607 radius=8861.1709887307607 next_radius=8861.1709887307607 lambda=2.877743464199171e-06 next_lambda=2.877743464199171e-06 rho=0.55890880771826423 accept=1
CLASSICAL_LM o=23 lambda=2.877743464199171e-06 tau=2.877743464199171e-06 prediction=17850.88065213072 rho=0.55890880771826423 accept=1
  MFCG it  24 cost=1.852021e+06 lam=2.878e-06 tau=0.00e+00 cg_it=15 shift=0 ckpt=16 alpha=0 acc mv=152
PCG_PREP o=24 rebuild=1 drift=0 previous_depth=16
POINT_SAFE o=24 frozen=269 slope=-32665.164826516411 candidate=1834480.8188641197 original=1850902.5624111544 current=1852020.741139763 won=1 mode=1 camera_scale=1 keep_scale=0
ATTR_RADIUS o=24 raw_norm=44875.708154704684 norm=8861.1709887307552 radius=8861.1709887307607 next_radius=17722.341977461521 lambda=2.877743464199171e-06 next_lambda=7.1943586604979275e-07 rho=0.77516698300350051 accept=1
CLASSICAL_LM o=24 lambda=2.877743464199171e-06 tau=2.877743464199171e-06 prediction=22627.282456848556 rho=0.77516698300350051 accept=1
  MFCG it  25 cost=1.834481e+06 lam=7.194e-07 tau=0.00e+00 cg_it=14 shift=0 ckpt=15 alpha=0 acc mv=168
PCG_PREP o=25 rebuild=1 drift=0 previous_depth=15
POINT_SAFE o=25 frozen=1009 slope=-15066.853924376934 candidate=3908072.992748274 original=1831961.7316585707 current=1834480.8188641197 won=0 mode=1 camera_scale=1 keep_scale=0
ATTR_RADIUS o=25 raw_norm=32670.556943153922 norm=1107.6463735913453 radius=17722.341977461521 next_radius=17722.341977461521 lambda=7.1943586604979275e-07 next_lambda=7.1943586604979275e-07 rho=0.3444867983106415 accept=1
CLASSICAL_LM o=25 lambda=7.1943586604979275e-07 tau=7.1943586604979275e-07 prediction=7312.5798082903975 rho=0.3444867983106415 accept=1
  MFCG it  26 cost=1.831962e+06 lam=7.194e-07 tau=0.00e+00 cg_it=0 shift=0 ckpt=1 alpha=0 acc mv=170
PCG_PREP o=26 rebuild=1 drift=0 previous_depth=1
POINT_SAFE o=26 frozen=973 slope=-14326.705215982447 candidate=4411541.5737770405 original=1831333.6371418021 current=1831961.7316585707 won=0 mode=1 camera_scale=1 keep_scale=0
ATTR_RADIUS o=26 raw_norm=31814.382660081217 norm=276.91159339783621 radius=17722.341977461521 next_radius=17722.341977461521 lambda=7.1943586604979275e-07 next_lambda=7.1943586604979275e-07 rho=0.35014882276754677 accept=1
CLASSICAL_LM o=26 lambda=7.1943586604979275e-07 tau=7.1943586604979275e-07 prediction=1793.7930272167696 rho=0.35014882276754677 accept=1
  MFCG it  27 cost=1.831334e+06 lam=7.194e-07 tau=0.00e+00 cg_it=0 shift=0 ckpt=1 alpha=0 acc mv=172
PCG_PREP o=27 rebuild=1 drift=0 previous_depth=1
POINT_SAFE o=27 frozen=974 slope=-13998.67025494422 candidate=4517409.0523247421 original=1831144.6323889431 current=1831333.6371418021 won=0 mode=1 camera_scale=1 keep_scale=0
ATTR_RADIUS o=27 raw_norm=31724.074559700668 norm=69.227898349459082 radius=17722.341977461521 next_radius=17722.341977461521 lambda=7.1943586604979275e-07 next_lambda=7.1943586604979275e-07 rho=0.42348922938901079 accept=1
CLASSICAL_LM o=27 lambda=7.1943586604979275e-07 tau=7.1943586604979275e-07 prediction=446.30356510292887 rho=0.42348922938901079 accept=1
  MFCG it  28 cost=1.831145e+06 lam=7.194e-07 tau=0.00e+00 cg_it=0 shift=0 ckpt=1 alpha=0 acc mv=174
PCG_PREP o=28 rebuild=1 drift=0 previous_depth=1
POINT_SAFE o=28 frozen=972 slope=-13993.998402363337 candidate=4583961.097721396 original=inf current=1831144.6323889431 won=0 mode=1 camera_scale=1 keep_scale=0
ATTR_RADIUS o=28 raw_norm=31629.640826203991 norm=17722.341977461518 radius=17722.341977461521 next_radius=4430.5854943653803 lambda=7.1943586604979275e-07 next_lambda=1.1510973856796684e-05 rho=-1 accept=0
CLASSICAL_LM o=28 lambda=7.1943586604979275e-07 tau=7.1943586604979275e-07 prediction=8355.2179825814674 rho=-1 accept=0
  MFCG it  29  retry 1/8  lam=1.151e-05 tau_eff=7.194e-07  (assembly reused)
PCG_PREP o=28 rebuild=1 drift=0 previous_depth=1
POINT_SAFE o=28 frozen=530 slope=-14255.861653350985 candidate=1829631.2910014647 original=inf current=1831144.6323889431 won=1 mode=1 camera_scale=1 keep_scale=0
ATTR_RADIUS o=28 raw_norm=6591.8082945257038 norm=4430.5854943653812 radius=4430.5854943653803 next_radius=1107.6463735913451 lambda=1.1510973856796684e-05 next_lambda=0.00018417558170874694 rho=0.18136324199480922 accept=1
CLASSICAL_LM o=28 lambda=1.1510973856796684e-05 tau=1.1510973856796684e-05 prediction=8344.2563709889746 rho=0.18136324199480922 accept=1
  MFCG it  29 cost=1.829631e+06 lam=1.842e-04 tau=0.00e+00 cg_it=0 shift=0 ckpt=1 alpha=0 acc mv=178
PCG_PREP o=29 rebuild=1 drift=0 previous_depth=1
POINT_SAFE o=29 frozen=117 slope=-11767.885558379106 candidate=1822351.3823778694 original=1826593.7976359115 current=1829631.2910014647 won=1 mode=1 camera_scale=1 keep_scale=0
ATTR_RADIUS o=29 raw_norm=1875.648665713938 norm=1107.6463735913449 radius=1107.6463735913451 next_radius=2215.2927471826902 lambda=0.00018417558170874694 next_lambda=4.6043895427186736e-05 rho=0.98844304062463162 accept=1
CLASSICAL_LM o=29 lambda=0.00018417558170874694 tau=0.00018417558170874694 prediction=7365.0259290558897 rho=0.98844304062463162 accept=1
  MFCG it  30 cost=1.822351e+06 lam=4.604e-05 tau=0.00e+00 cg_it=0 shift=0 ckpt=1 alpha=0 acc mv=180
PCG_PREP o=30 rebuild=1 drift=0 previous_depth=1
POINT_SAFE o=30 frozen=15 slope=-11518.187469469352 candidate=1811403.1778305746 original=1819419.2094544221 current=1822351.3823778694 won=1 mode=1 camera_scale=1 keep_scale=0
ATTR_RADIUS o=30 raw_norm=15162.271732787061 norm=2215.2927471826897 radius=2215.2927471826902 next_radius=4430.5854943653803 lambda=4.6043895427186736e-05 next_lambda=1.1510973856796684e-05 rho=1.004493034848146 accept=1
CLASSICAL_LM o=30 lambda=4.6043895427186736e-05 tau=4.6043895427186736e-05 prediction=10899.233909521306 rho=1.004493034848146 accept=1
  MFCG it  31 cost=1.811403e+06 lam=1.151e-05 tau=0.00e+00 cg_it=25 shift=0 ckpt=26 alpha=0 acc mv=207
PCG_PREP o=31 rebuild=1 drift=0 previous_depth=26
POINT_SAFE o=31 frozen=176 slope=-5147.9897925137029 candidate=1807607.4536561398 original=1810725.0924758224 current=1811403.1778305746 won=1 mode=1 camera_scale=1 keep_scale=0
ATTR_RADIUS o=31 raw_norm=17458.035774123207 norm=4430.5854943653812 radius=4430.5854943653803 next_radius=8861.1709887307607 lambda=1.1510973856796684e-05 next_lambda=2.877743464199171e-06 rho=0.84064533124604646 accept=1
CLASSICAL_LM o=31 lambda=1.1510973856796684e-05 tau=1.1510973856796684e-05 prediction=4515.2504074561066 rho=0.84064533124604646 accept=1
  MFCG it  32 cost=1.807607e+06 lam=2.878e-06 tau=0.00e+00 cg_it=3 shift=0 ckpt=4 alpha=0 acc mv=212
PCG_PREP o=32 rebuild=1 drift=0 previous_depth=4
POINT_SAFE o=32 frozen=747 slope=-8442.3394050771749 candidate=1808573.2690333647 original=1805734.5832659893 current=1807607.4536561398 won=0 mode=1 camera_scale=1 keep_scale=0
ATTR_RADIUS o=32 raw_norm=31268.680607903108 norm=8861.1709887307588 radius=8861.1709887307607 next_radius=2215.2927471826902 lambda=2.877743464199171e-06 next_lambda=4.6043895427186736e-05 rho=0.078588116730014188 accept=0
CLASSICAL_LM o=32 lambda=2.877743464199171e-06 tau=2.877743464199171e-06 prediction=23831.470559151101 rho=0.078588116730014188 accept=0
  MFCG it  33  retry 1/8  lam=4.604e-05 tau_eff=2.878e-06  (assembly reused)
PCG_PREP o=32 rebuild=1 drift=0 previous_depth=6
POINT_SAFE o=32 frozen=23 slope=-9446.7191725454977 candidate=1799154.1986871734 original=1801828.1468580088 current=1807607.4536561398 won=1 mode=1 camera_scale=1 keep_scale=0
ATTR_RADIUS o=32 raw_norm=13497.701069329869 norm=2215.2927471826897 radius=2215.2927471826902 next_radius=4430.5854943653803 lambda=4.6043895427186736e-05 next_lambda=1.1510973856796684e-05 rho=1.0168240253603458 accept=1
CLASSICAL_LM o=32 lambda=4.6043895427186736e-05 tau=4.6043895427186736e-05 prediction=8313.3902800641063 rho=1.0168240253603458 accept=1
  MFCG it  33 cost=1.799154e+06 lam=1.151e-05 tau=0.00e+00 cg_it=17 shift=0 ckpt=18 alpha=0 acc mv=238
PCG_PREP o=33 rebuild=1 drift=0 previous_depth=18
POINT_SAFE o=33 frozen=17 slope=-10305.475299241503 candidate=1789871.3991107796 original=1793167.0724586418 current=1799154.1986871734 won=1 mode=1 camera_scale=1 keep_scale=0
ATTR_RADIUS o=33 raw_norm=27048.821443096534 norm=4430.5854943653776 radius=4430.5854943653803 next_radius=8861.1709887307607 lambda=1.1510973856796684e-05 next_lambda=2.877743464199171e-06 rho=0.97607434520747249 accept=1
CLASSICAL_LM o=33 lambda=1.1510973856796684e-05 tau=1.1510973856796684e-05 prediction=9510.340705062441 rho=0.97607434520747249 accept=1
  MFCG it  34 cost=1.789871e+06 lam=2.878e-06 tau=0.00e+00 cg_it=21 shift=0 ckpt=22 alpha=0 acc mv=261
PCG_PREP o=34 rebuild=1 drift=0 previous_depth=22
POINT_SAFE o=34 frozen=758 slope=-6968.4197591134689 candidate=1790544.3656555242 original=1787305.7989192768 current=1789871.3991107796 won=0 mode=1 camera_scale=1 keep_scale=0
ATTR_RADIUS o=34 raw_norm=30872.65549631208 norm=2215.2927471826888 radius=8861.1709887307607 next_radius=2215.2927471826902 lambda=2.877743464199171e-06 next_lambda=4.6043895427186736e-05 rho=0.11159684149828156 accept=1
CLASSICAL_LM o=34 lambda=2.877743464199171e-06 tau=2.877743464199171e-06 prediction=22989.899687638906 rho=0.11159684149828156 accept=1
  MFCG it  35 cost=1.787306e+06 lam=4.604e-05 tau=0.00e+00 cg_it=5 shift=0 ckpt=6 alpha=0 acc mv=268
PCG_PREP o=35 rebuild=1 drift=0 previous_depth=6
POINT_SAFE o=35 frozen=11 slope=-7843.8767981683441 candidate=1780211.9010469906 original=1781784.2466735851 current=1787305.7989192768 won=1 mode=1 camera_scale=1 keep_scale=0
ATTR_RADIUS o=35 raw_norm=12500.687715557509 norm=2215.2927471826906 radius=2215.2927471826902 next_radius=4430.5854943653803 lambda=4.6043895427186736e-05 next_lambda=1.1510973856796684e-05 rho=1.0165258080766943 accept=1
CLASSICAL_LM o=35 lambda=4.6043895427186736e-05 tau=4.6043895427186736e-05 prediction=6978.5713416446115 rho=1.0165258080766943 accept=1
  MFCG it  36 cost=1.780212e+06 lam=1.151e-05 tau=0.00e+00 cg_it=17 shift=0 ckpt=18 alpha=0 acc mv=287
PCG_PREP o=36 rebuild=1 drift=0 previous_depth=18
POINT_SAFE o=36 frozen=28 slope=-7785.2752986848236 candidate=1773115.4260915078 original=1775152.2005431456 current=1780211.9010469906 won=1 mode=1 camera_scale=1 keep_scale=0
ATTR_RADIUS o=36 raw_norm=26467.257474188275 norm=4430.5854943653794 radius=4430.5854943653803 next_radius=8861.1709887307607 lambda=1.1510973856796684e-05 next_lambda=2.877743464199171e-06 rho=1.0001342029145575 accept=1
CLASSICAL_LM o=36 lambda=1.1510973856796684e-05 tau=1.1510973856796684e-05 prediction=7095.522715654125 rho=1.0001342029145575 accept=1
  MFCG it  37 cost=1.773115e+06 lam=2.878e-06 tau=0.00e+00 cg_it=24 shift=0 ckpt=25 alpha=0 acc mv=313
PCG_PREP o=37 rebuild=1 drift=0 previous_depth=25
POINT_SAFE o=37 frozen=774 slope=-5671.7399650932721 candidate=1771888.8562642792 original=1767147.3267865477 current=1773115.4260915078 won=0 mode=1 camera_scale=1 keep_scale=0
ATTR_RADIUS o=37 raw_norm=27693.459300707673 norm=1107.6463735913451 radius=8861.1709887307607 next_radius=8861.1709887307607 lambda=2.877743464199171e-06 next_lambda=7.1943586604979275e-07 rho=0.51009257897817795 accept=1
CLASSICAL_LM o=37 lambda=2.877743464199171e-06 tau=2.877743464199171e-06 prediction=11700.031623505403 rho=0.51009257897817795 accept=1
  MFCG it  38 cost=1.767147e+06 lam=7.194e-07 tau=0.00e+00 cg_it=4 shift=0 ckpt=5 alpha=0 acc mv=319
PCG_PREP o=38 rebuild=1 drift=0 previous_depth=5
POINT_SAFE o=38 frozen=352 slope=-16900.485904880894 candidate=1932421.7638531113 original=1766976.695655925 current=1767147.3267865477 won=0 mode=1 camera_scale=1 keep_scale=0
ATTR_RADIUS o=38 raw_norm=76364.741203665457 norm=34.613949174729527 radius=8861.1709887307607 next_radius=8861.1709887307607 lambda=7.1943586604979275e-07 next_lambda=7.1943586604979275e-07 rho=0.48444638211412705 accept=1
CLASSICAL_LM o=38 lambda=7.1943586604979275e-07 tau=7.1943586604979275e-07 prediction=352.21881496578533 rho=0.48444638211412705 accept=1
  MFCG it  39 cost=1.766977e+06 lam=7.194e-07 tau=0.00e+00 cg_it=28 shift=0 ckpt=29 alpha=0 acc mv=349
PCG_PREP o=39 rebuild=1 drift=0 previous_depth=29
POINT_SAFE o=39 frozen=741 slope=-19279.40403706305 candidate=2363305.2579921316 original=inf current=1766976.695655925 won=0 mode=1 camera_scale=1 keep_scale=0
ATTR_RADIUS o=39 raw_norm=55518.006352983444 norm=8861.1709887307625 radius=8861.1709887307607 next_radius=2215.2927471826902 lambda=7.1943586604979275e-07 next_lambda=1.1510973856796684e-05 rho=-1 accept=0
CLASSICAL_LM o=39 lambda=7.1943586604979275e-07 tau=7.1943586604979275e-07 prediction=16992.809411326391 rho=-1 accept=0
  MFCG it  40  retry 1/8  lam=1.151e-05 tau_eff=7.194e-07  (assembly reused)
PCG_PREP o=39 rebuild=1 drift=0 previous_depth=10
POINT_SAFE o=39 frozen=65 slope=-12153.896026670178 candidate=2602656.896685469 original=inf current=1766976.695655925 won=0 mode=1 camera_scale=1 keep_scale=0
ATTR_RADIUS o=39 raw_norm=15248.494678591667 norm=2215.2927471826897 radius=2215.2927471826902 next_radius=553.82318679567254 lambda=1.1510973856796684e-05 next_lambda=0.00018417558170874694 rho=-1 accept=0
CLASSICAL_LM o=39 lambda=1.1510973856796684e-05 tau=1.1510973856796684e-05 prediction=11122.289148086358 rho=-1 accept=0
  MFCG it  40  retry 2/8  lam=1.842e-04 tau_eff=1.151e-05  (assembly reused)
PCG_PREP o=39 rebuild=1 drift=0 previous_depth=5
POINT_SAFE o=39 frozen=99 slope=-10531.17050034095 candidate=2775327.4674325534 original=inf current=1766976.695655925 won=0 mode=1 camera_scale=1 keep_scale=0
ATTR_RADIUS o=39 raw_norm=3726.2851842678738 norm=553.82318679567254 radius=553.82318679567254 next_radius=138.45579669891814 lambda=0.00018417558170874694 next_lambda=0.0029468093073399511 rho=-1 accept=0
CLASSICAL_LM o=39 lambda=0.00018417558170874694 tau=0.00018417558170874694 prediction=9660.9489016617754 rho=-1 accept=0
  MFCG it  40  retry 3/8  lam=2.947e-03 tau_eff=1.842e-04  (assembly reused)
PCG_PREP o=39 rebuild=1 drift=0 previous_depth=1
POINT_SAFE o=39 frozen=22 slope=-30752.859736423103 candidate=2393756.9824442472 original=1752040.3773714169 current=1766976.695655925 won=0 mode=1 camera_scale=1 keep_scale=0
ATTR_RADIUS o=39 raw_norm=384.33026265271997 norm=17.30697458736476 radius=138.45579669891814 next_radius=138.45579669891814 lambda=0.0029468093073399511 next_lambda=0.00029468093073399516 rho=3.084966063246195 accept=1
CLASSICAL_LM o=39 lambda=0.0029468093073399511 tau=0.0029468093073399511 prediction=4841.6475184142355 rho=3.084966063246195 accept=1
  MFCG it  40 cost=1.752040e+06 lam=2.947e-04 tau=0.00e+00 cg_it=0 shift=0 ckpt=1 alpha=0 acc mv=370
PCG_PREP o=40 rebuild=1 drift=0 previous_depth=1
ATTR_RADIUS o=40 raw_norm=3795.8011134013723 norm=138.45579669891814 radius=138.45579669891814 next_radius=276.91159339783627 lambda=0.00029468093073399516 next_lambda=7.3670232683498789e-05 rho=0.99946983029992342 accept=1
CLASSICAL_LM o=40 lambda=0.00029468093073399516 tau=0.00029468093073399516 prediction=27519.189743754225 rho=0.99946983029992342 accept=1
TARGET reached outer=41 seconds=3.315364641 cost=1724535.7774682355 threshold=1744796.9841897595
  MFCG: accepts=41 rejects=7 total_matvecs=463 negcurv=1 cand_evals=48 mean_cg_per_outer=11.3
NUMERIC_REPAIR summary rebuilds=1 floor=7.1943586604979275e-07
  [retry-cache] builds=49 reuses=0
  [menu-backtrack] trials=43 rescues=39 evals=261 total_scored=309
POINT_SAFE summary calls=43 evals=43 wins=19 frozen=22749 seconds=0.511852515
  [scoring] menu_evals=48 alpha_evals=0 backtrack_evals=261 total_scored=309
RESULT algo=mfree_shifted_cg iters=41 final_cost=1724535.7774682355 solve_seconds=3.323419
DIAGNOSTICS median_reproj_err_px 2.704502 -> 0.544049 | cheirality_violations(obs) 751 -> 764 | cheirality_violations(pts, of 310854) 725 -> 736
