  [menu-backtrack] active=1 max_evals=8 warmup_accepts=3 confirm_stop=original armijo=1e-4
MIXED_STORAGE fragments=fp32 arithmetic=fp64 state=fp64 acceptance=fp64
  [compact-fragments] active=2 saved_bytes=171996448 storage=fp32 camera_reads=contiguous
  MFCG score_init=90993342.024340242 precision=fp64
PCG_PREP o=0 rebuild=1 drift=0 previous_depth=0
ATTR_RADIUS o=0 raw_norm=8654.3112787736609 norm=8654.3112787736609 radius=8654.3112787736609 next_radius=17308.622557547322 lambda=0.10000000000000001 next_lambda=0.025000000000000001 rho=0.99507286850801346 accept=1
CLASSICAL_LM o=0 lambda=0.10000000000000001 tau=0.10000000000000001 prediction=84864420.877438039 rho=0.99507286850801346 accept=1
  MFCG it   1 cost=6.547059e+06 lam=2.500e-02 tau=0.00e+00 cg_it=1 shift=0 ckpt=2 alpha=0 acc mv=3
PCG_PREP o=1 rebuild=1 drift=0 previous_depth=2
ATTR_RADIUS o=1 raw_norm=4520.1218016453986 norm=4520.1218016453986 radius=17308.622557547322 next_radius=17308.622557547322 lambda=0.025000000000000001 next_lambda=0.0025000000000000005 rho=0.99296682315352036 accept=1
CLASSICAL_LM o=1 lambda=0.025000000000000001 tau=0.025000000000000001 prediction=2867069.0824532313 rho=0.99296682315352036 accept=1
  MFCG it   2 cost=3.700155e+06 lam=2.500e-03 tau=0.00e+00 cg_it=4 shift=0 ckpt=5 alpha=0 acc mv=9
PCG_PREP o=2 rebuild=1 drift=0 previous_depth=5
ATTR_RADIUS o=2 raw_norm=6968.9240849360203 norm=6968.9240849360203 radius=17308.622557547322 next_radius=17308.622557547322 lambda=0.0025000000000000005 next_lambda=0.00025000000000000006 rho=0.82396369454813068 accept=1
CLASSICAL_LM o=2 lambda=0.0025000000000000005 tau=0.0025000000000000005 prediction=1214583.7570763589 rho=0.82396369454813068 accept=1
  MFCG it   3 cost=2.699382e+06 lam=2.500e-04 tau=0.00e+00 cg_it=10 shift=0 ckpt=11 alpha=0 acc mv=21
PCG_PREP o=3 rebuild=1 drift=0 previous_depth=11
ATTR_RADIUS o=3 raw_norm=10916.630822876594 norm=10916.630822876594 radius=17308.622557547322 next_radius=17308.622557547322 lambda=0.00025000000000000006 next_lambda=2.5000000000000008e-05 rho=0.55635784352921036 accept=1
CLASSICAL_LM o=3 lambda=0.00025000000000000006 tau=0.00025000000000000006 prediction=649723.47305924341 rho=0.55635784352921036 accept=1
  MFCG it   4 cost=2.337903e+06 lam=2.500e-05 tau=0.00e+00 cg_it=0 shift=0 ckpt=1 alpha=0 acc mv=23
PCG_PREP o=4 rebuild=1 drift=0 previous_depth=1
ATTR_RADIUS o=4 raw_norm=11563.92394499301 norm=11563.923944993008 radius=17308.622557547322 next_radius=17308.622557547322 lambda=2.5000000000000008e-05 next_lambda=2.5000000000000011e-06 rho=0.33597831768836006 accept=1
CLASSICAL_LM o=4 lambda=2.5000000000000008e-05 tau=2.5000000000000008e-05 prediction=366496.96446450922 rho=0.33597831768836006 accept=1
  MFCG it   5 cost=2.214768e+06 lam=2.500e-06 tau=0.00e+00 cg_it=0 shift=0 ckpt=1 alpha=0 acc mv=25
PCG_PREP o=5 rebuild=1 drift=0 previous_depth=1
ATTR_RADIUS o=5 raw_norm=55365.641898260154 norm=0 radius=17308.622557547322 next_radius=4327.1556393868304 lambda=2.5000000000000011e-06 next_lambda=4.0000000000000017e-05 rho=0.0086493453232186525 accept=0
CLASSICAL_LM o=5 lambda=2.5000000000000011e-06 tau=2.5000000000000011e-06 prediction=312177.86889691453 rho=0.0086493453232186525 accept=0
  MFCG it   6  retry 1/8  lam=4.000e-05 tau_eff=2.500e-06  (assembly reused)
PCG_PREP o=5 rebuild=1 drift=0 previous_depth=7
ATTR_RADIUS o=5 raw_norm=19503.043925671951 norm=4327.1556393868304 radius=4327.1556393868304 next_radius=4327.1556393868304 lambda=4.0000000000000017e-05 next_lambda=4.0000000000000017e-05 rho=0.61337018188019066 accept=1
CLASSICAL_LM o=5 lambda=4.0000000000000017e-05 tau=4.0000000000000017e-05 prediction=278563.88095279341 rho=0.61337018188019066 accept=1
  MFCG it   6 cost=2.043905e+06 lam=4.000e-05 tau=0.00e+00 cg_it=3 shift=0 ckpt=4 alpha=0 acc mv=38
PCG_PREP o=6 rebuild=1 drift=0 previous_depth=4
POINT_SAFE o=6 frozen=105 slope=-67282.657479202986 candidate=2000701.1573066348 original=2035166.7038890144 current=2043905.3469270822 won=1 mode=1 camera_scale=1 keep_scale=0
ATTR_RADIUS o=6 raw_norm=19328.45641910825 norm=4327.1556393868295 radius=4327.1556393868304 next_radius=8654.3112787736609 lambda=4.0000000000000017e-05 next_lambda=1.0000000000000004e-05 rho=0.9207487462648567 accept=1
CLASSICAL_LM o=6 lambda=4.0000000000000017e-05 tau=4.0000000000000017e-05 prediction=46922.88726507753 rho=0.9207487462648567 accept=1
  MFCG it   7 cost=2.000701e+06 lam=1.000e-05 tau=0.00e+00 cg_it=4 shift=0 ckpt=5 alpha=0 acc mv=44
PCG_PREP o=7 rebuild=1 drift=0 previous_depth=5
POINT_SAFE o=7 frozen=604 slope=-94636.500661527461 candidate=1954447.9621119832 original=1966294.1355010334 current=2000701.1573066348 won=1 mode=1 camera_scale=1 keep_scale=0
ATTR_RADIUS o=7 raw_norm=33936.232115218139 norm=8654.3112787736609 radius=8654.3112787736609 next_radius=17308.622557547322 lambda=1.0000000000000004e-05 next_lambda=2.5000000000000011e-06 rho=0.75287183141982805 accept=1
CLASSICAL_LM o=7 lambda=1.0000000000000004e-05 tau=1.0000000000000004e-05 prediction=61435.683026450199 rho=0.75287183141982805 accept=1
  MFCG it   8 cost=1.954448e+06 lam=2.500e-06 tau=0.00e+00 cg_it=6 shift=0 ckpt=7 alpha=0 acc mv=52
PCG_PREP o=8 rebuild=1 drift=0 previous_depth=7
POINT_SAFE o=8 frozen=883 slope=-70714.360589947813 candidate=1934936.7352761533 original=1927077.9714736186 current=1954447.9621119832 won=0 mode=1 camera_scale=1 keep_scale=0
ATTR_RADIUS o=8 raw_norm=56781.460119468378 norm=4327.1556393868295 radius=17308.622557547322 next_radius=17308.622557547322 lambda=2.5000000000000011e-06 next_lambda=2.5000000000000009e-07 rho=0.61153458534486616 accept=1
CLASSICAL_LM o=8 lambda=2.5000000000000011e-06 tau=2.5000000000000011e-06 prediction=44756.243218737429 rho=0.61153458534486616 accept=1
  MFCG it   9 cost=1.927078e+06 lam=2.500e-07 tau=0.00e+00 cg_it=7 shift=0 ckpt=8 alpha=0 acc mv=61
PCG_PREP o=9 rebuild=1 drift=0 previous_depth=8
POINT_SAFE o=9 frozen=966 slope=-46411.323163732974 candidate=1912412.8243588093 original=1926220.2734665086 current=1927077.9714736186 won=1 mode=1 camera_scale=1 keep_scale=0
ATTR_RADIUS o=9 raw_norm=88983.774118068759 norm=17308.622557547322 radius=17308.622557547322 next_radius=17308.622557547322 lambda=2.5000000000000009e-07 next_lambda=2.5000000000000009e-07 rho=0.45820253044623055 accept=1
CLASSICAL_LM o=9 lambda=2.5000000000000009e-07 tau=2.5000000000000009e-07 prediction=32005.818694469879 rho=0.45820253044623055 accept=1
  MFCG it  10 cost=1.912413e+06 lam=2.500e-07 tau=0.00e+00 cg_it=7 shift=0 ckpt=8 alpha=0 acc mv=70
PCG_PREP o=10 rebuild=1 drift=0 previous_depth=8
POINT_SAFE o=10 frozen=728 slope=-34932.260779488119 candidate=2910041.3111831681 original=1911709.0347036989 current=1912412.8243588093 won=0 mode=1 camera_scale=1 keep_scale=0
ATTR_RADIUS o=10 raw_norm=55628.221555937256 norm=270.44722746167673 radius=17308.622557547322 next_radius=17308.622557547322 lambda=2.5000000000000009e-07 next_lambda=2.5000000000000012e-08 rho=0.32552970927199043 accept=1
CLASSICAL_LM o=10 lambda=2.5000000000000009e-07 tau=2.5000000000000009e-07 prediction=2161.982869963781 rho=0.32552970927199043 accept=1
  MFCG it  11 cost=1.911709e+06 lam=2.500e-08 tau=0.00e+00 cg_it=0 shift=0 ckpt=1 alpha=0 acc mv=72
PCG_PREP o=11 rebuild=1 drift=0 previous_depth=1
POINT_SAFE o=11 frozen=526 slope=-30543.060276234926 candidate=2562463.2453975664 original=1911318.1499114293 current=1911709.0347036989 won=0 mode=1 camera_scale=1 keep_scale=0
ATTR_RADIUS o=11 raw_norm=91737.092619061121 norm=135.22361373083851 radius=17308.622557547322 next_radius=17308.622557547322 lambda=2.5000000000000012e-08 next_lambda=2.5000000000000013e-09 rho=0.37279773903780661 accept=1
CLASSICAL_LM o=11 lambda=2.5000000000000012e-08 tau=2.5000000000000012e-08 prediction=1048.5170679375615 rho=0.37279773903780661 accept=1
  MFCG it  12 cost=1.911318e+06 lam=2.500e-09 tau=0.00e+00 cg_it=0 shift=0 ckpt=1 alpha=0 acc mv=74
PCG_PREP o=12 rebuild=1 drift=0 previous_depth=1
POINT_SAFE o=12 frozen=431 slope=-28375.947656235043 candidate=2093196.3503909786 original=1911159.5732639236 current=1911318.1499114293 won=0 mode=1 camera_scale=1 keep_scale=0
ATTR_RADIUS o=12 raw_norm=134660.33888914058 norm=67.611806865419268 radius=17308.622557547322 next_radius=17308.622557547322 lambda=2.5000000000000013e-09 next_lambda=2.5000000000000012e-10 rho=0.307566755901172 accept=1
CLASSICAL_LM o=12 lambda=2.5000000000000013e-09 tau=2.5000000000000013e-09 prediction=515.58448519899207 rho=0.307566755901172 accept=1
  MFCG it  13 cost=1.911160e+06 lam=2.500e-10 tau=0.00e+00 cg_it=0 shift=0 ckpt=1 alpha=0 acc mv=76
PCG_PREP o=13 rebuild=1 drift=0 previous_depth=1
NUMERIC_REPAIR o=13 lambda=2.5000000000000012e-10 rayleigh=-3.7361176715579233e-08 next_lambda=1.5044470686231693e-07 cg=1 rebuild=1
PCG_PREP o=13 rebuild=1 drift=0 previous_depth=1
POINT_SAFE o=13 frozen=685 slope=-32355.796753035451 candidate=2982067.8669561567 original=inf current=1911159.5732639236 won=0 mode=1 camera_scale=1 keep_scale=0
ATTR_RADIUS o=13 raw_norm=64323.961724768706 norm=17308.622557547329 radius=17308.622557547322 next_radius=4327.1556393868304 lambda=1.5044470686231693e-07 next_lambda=2.4071153097970709e-06 rho=-1 accept=0
CLASSICAL_LM o=13 lambda=1.5044470686231693e-07 tau=1.5044470686231693e-07 prediction=19356.784934983105 rho=-1 accept=0
  MFCG it  14  retry 1/8  lam=2.407e-06 tau_eff=1.504e-07  (assembly reused)
PCG_PREP o=13 rebuild=1 drift=0 previous_depth=1
POINT_SAFE o=13 frozen=301 slope=-30220.814386659589 candidate=1897524.9936625543 original=inf current=1911159.5732639236 won=1 mode=1 camera_scale=1 keep_scale=0
ATTR_RADIUS o=13 raw_norm=19988.534764095064 norm=4327.1556393868304 radius=4327.1556393868304 next_radius=8654.3112787736609 lambda=2.4071153097970709e-06 next_lambda=6.0177882744926772e-07 rho=0.76794319867331495 accept=1
CLASSICAL_LM o=13 lambda=2.4071153097970709e-06 tau=2.4071153097970709e-06 prediction=17754.671992569489 rho=0.76794319867331495 accept=1
  MFCG it  14 cost=1.897525e+06 lam=6.018e-07 tau=0.00e+00 cg_it=0 shift=0 ckpt=1 alpha=0 acc mv=82
PCG_PREP o=14 rebuild=1 drift=0 previous_depth=1
POINT_SAFE o=14 frozen=512 slope=-10148.684397603854 candidate=1989905.992040585 original=1880876.4086298721 current=1897524.9936625543 won=0 mode=1 camera_scale=1 keep_scale=0
ATTR_RADIUS o=14 raw_norm=35827.425735169723 norm=1081.7889098467074 radius=8654.3112787736609 next_radius=8654.3112787736609 lambda=6.0177882744926772e-07 next_lambda=1.5044470686231693e-07 rho=1.2432031482178978 accept=1
CLASSICAL_LM o=14 lambda=6.0177882744926772e-07 tau=6.0177882744926772e-07 prediction=13391.685064944952 rho=1.2432031482178978 accept=1
  MFCG it  15 cost=1.880876e+06 lam=1.504e-07 tau=0.00e+00 cg_it=0 shift=0 ckpt=1 alpha=0 acc mv=84
PCG_PREP o=15 rebuild=1 drift=0 previous_depth=1
POINT_SAFE o=15 frozen=356 slope=-78671.792053917525 candidate=1929362.0053112532 original=1866436.7596938761 current=1880876.4086298721 won=0 mode=1 camera_scale=1 keep_scale=0
ATTR_RADIUS o=15 raw_norm=57758.023090913921 norm=2163.5778196934166 radius=8654.3112787736609 next_radius=8654.3112787736609 lambda=1.5044470686231693e-07 next_lambda=1.5044470686231693e-07 rho=0.83180597632915088 accept=1
CLASSICAL_LM o=15 lambda=1.5044470686231693e-07 tau=1.5044470686231693e-07 prediction=17359.395516391596 rho=0.83180597632915088 accept=1
  MFCG it  16 cost=1.866437e+06 lam=1.504e-07 tau=0.00e+00 cg_it=0 shift=0 ckpt=1 alpha=0 acc mv=86
PCG_PREP o=16 rebuild=1 drift=0 previous_depth=1
POINT_SAFE o=16 frozen=338 slope=-48660.622153680364 candidate=1939350.6791009409 original=1861620.0586480428 current=1866436.7596938761 won=0 mode=1 camera_scale=1 keep_scale=0
ATTR_RADIUS o=16 raw_norm=54746.596919899384 norm=4327.1556393868304 radius=8654.3112787736609 next_radius=8654.3112787736609 lambda=1.5044470686231693e-07 next_lambda=1.5044470686231693e-07 rho=0.25624010239779499 accept=1
CLASSICAL_LM o=16 lambda=1.5044470686231693e-07 tau=1.5044470686231693e-07 prediction=18797.608183732696 rho=0.25624010239779499 accept=1
  MFCG it  17 cost=1.861620e+06 lam=1.504e-07 tau=0.00e+00 cg_it=0 shift=0 ckpt=1 alpha=0 acc mv=88
PCG_PREP o=17 rebuild=1 drift=0 previous_depth=1
POINT_SAFE o=17 frozen=318 slope=-25758.839957288168 candidate=2001894.4057231818 original=1860739.1634553082 current=1861620.0586480428 won=0 mode=1 camera_scale=1 keep_scale=0
ATTR_RADIUS o=17 raw_norm=48283.576617151281 norm=2163.5778196934148 radius=8654.3112787736609 next_radius=2163.5778196934152 lambda=1.5044470686231693e-07 next_lambda=2.4071153097970709e-06 rho=0.15009599430554921 accept=1
CLASSICAL_LM o=17 lambda=1.5044470686231693e-07 tau=1.5044470686231693e-07 prediction=5868.8787586258504 rho=0.15009599430554921 accept=1
  MFCG it  18 cost=1.860739e+06 lam=2.407e-06 tau=0.00e+00 cg_it=0 shift=0 ckpt=1 alpha=0 acc mv=90
PCG_PREP o=18 rebuild=1 drift=0 previous_depth=1
ATTR_RADIUS o=18 raw_norm=17025.262997173981 norm=2163.5778196934152 radius=2163.5778196934152 next_radius=2163.5778196934152 lambda=2.4071153097970709e-06 next_lambda=2.4071153097970709e-06 rho=0.42915678408971414 accept=1
CLASSICAL_LM o=18 lambda=2.4071153097970709e-06 tau=2.4071153097970709e-06 prediction=12097.224660212498 rho=0.42915678408971414 accept=1
  MFCG it  19 cost=1.855548e+06 lam=2.407e-06 tau=0.00e+00 cg_it=0 shift=0 ckpt=1 alpha=0 acc mv=92
PCG_PREP o=19 rebuild=1 drift=0 previous_depth=1
POINT_SAFE o=19 frozen=181 slope=-7530.51892793965 candidate=1858795.9956677079 original=1854405.2962776057 current=1855547.5574237206 won=0 mode=1 camera_scale=1 keep_scale=0
ATTR_RADIUS o=19 raw_norm=19544.80334196175 norm=1081.7889098467072 radius=2163.5778196934152 next_radius=2163.5778196934152 lambda=2.4071153097970709e-06 next_lambda=2.4071153097970709e-07 rho=0.32544218551954951 accept=1
CLASSICAL_LM o=19 lambda=2.4071153097970709e-06 tau=2.4071153097970709e-06 prediction=3509.8742478371478 rho=0.32544218551954951 accept=1
  MFCG it  20 cost=1.854405e+06 lam=2.407e-07 tau=0.00e+00 cg_it=0 shift=0 ckpt=1 alpha=0 acc mv=94
PCG_PREP o=20 rebuild=1 drift=0 previous_depth=1
POINT_SAFE o=20 frozen=219 slope=-4049.0042768075709 candidate=1855813.2767899949 original=1853757.6298398389 current=1854405.2962776057 won=0 mode=1 camera_scale=1 keep_scale=0
ATTR_RADIUS o=20 raw_norm=37214.720065348192 norm=1081.7889098467081 radius=2163.5778196934152 next_radius=2163.5778196934152 lambda=2.4071153097970709e-07 next_lambda=1.5044470686231693e-07 rho=0.34072591644286371 accept=1
CLASSICAL_LM o=20 lambda=2.4071153097970709e-07 tau=2.4071153097970709e-07 prediction=1900.8428960388596 rho=0.34072591644286371 accept=1
  MFCG it  21 cost=1.853758e+06 lam=1.504e-07 tau=0.00e+00 cg_it=0 shift=0 ckpt=1 alpha=0 acc mv=96
PCG_PREP o=21 rebuild=1 drift=0 previous_depth=1
POINT_SAFE o=21 frozen=231 slope=-3276.9985980245106 candidate=1854111.0086742803 original=1853036.4413309516 current=1853757.6298398389 won=0 mode=1 camera_scale=1 keep_scale=0
ATTR_RADIUS o=21 raw_norm=41127.44332030903 norm=1081.7889098467078 radius=2163.5778196934152 next_radius=2163.5778196934152 lambda=1.5044470686231693e-07 next_lambda=1.5044470686231693e-07 rho=0.4575997371923195 accept=1
CLASSICAL_LM o=21 lambda=1.5044470686231693e-07 tau=1.5044470686231693e-07 prediction=1576.0247444902034 rho=0.4575997371923195 accept=1
  MFCG it  22 cost=1.853036e+06 lam=1.504e-07 tau=0.00e+00 cg_it=0 shift=0 ckpt=1 alpha=0 acc mv=98
PCG_PREP o=22 rebuild=1 drift=0 previous_depth=1
POINT_SAFE o=22 frozen=263 slope=-3116.0268582544804 candidate=1853097.7618413207 original=1852277.8497935883 current=1853036.4413309516 won=0 mode=1 camera_scale=1 keep_scale=0
ATTR_RADIUS o=22 raw_norm=40106.643926446159 norm=1081.7889098467069 radius=2163.5778196934152 next_radius=2163.5778196934152 lambda=1.5044470686231693e-07 next_lambda=1.5044470686231693e-07 rho=0.49957134205763948 accept=1
CLASSICAL_LM o=22 lambda=1.5044470686231693e-07 tau=1.5044470686231693e-07 prediction=1518.484895948729 rho=0.49957134205763948 accept=1
  MFCG it  23 cost=1.852278e+06 lam=1.504e-07 tau=0.00e+00 cg_it=0 shift=0 ckpt=1 alpha=0 acc mv=100
PCG_PREP o=23 rebuild=1 drift=0 previous_depth=1
ATTR_RADIUS o=23 raw_norm=39409.57579134273 norm=0 radius=2163.5778196934152 next_radius=540.89445492335381 lambda=1.5044470686231693e-07 next_lambda=2.4071153097970709e-06 rho=0.052794453119114272 accept=0
CLASSICAL_LM o=23 lambda=1.5044470686231693e-07 tau=1.5044470686231693e-07 prediction=2913.3936944302127 rho=0.052794453119114272 accept=0
  MFCG it  24  retry 1/8  lam=2.407e-06 tau_eff=1.504e-07  (assembly reused)
PCG_PREP o=23 rebuild=1 drift=0 previous_depth=1
ATTR_RADIUS o=23 raw_norm=17623.152514527279 norm=540.89445492335369 radius=540.89445492335381 next_radius=540.89445492335381 lambda=2.4071153097970709e-06 next_lambda=2.4071153097970709e-06 rho=0.70426543204564662 accept=1
CLASSICAL_LM o=23 lambda=2.4071153097970709e-06 tau=2.4071153097970709e-06 prediction=1639.4026990087116 rho=0.70426543204564662 accept=1
  MFCG it  24 cost=1.851123e+06 lam=2.407e-06 tau=0.00e+00 cg_it=0 shift=0 ckpt=1 alpha=0 acc mv=104
PCG_PREP o=24 rebuild=1 drift=0 previous_depth=1
ATTR_RADIUS o=24 raw_norm=17142.737244673219 norm=540.89445492335346 radius=540.89445492335381 next_radius=540.89445492335381 lambda=2.4071153097970709e-06 next_lambda=2.4071153097970709e-06 rho=0.70866319468111261 accept=1
CLASSICAL_LM o=24 lambda=2.4071153097970709e-06 tau=2.4071153097970709e-06 prediction=1588.6293639274036 rho=0.70866319468111261 accept=1
  MFCG it  25 cost=1.849997e+06 lam=2.407e-06 tau=0.00e+00 cg_it=0 shift=0 ckpt=1 alpha=0 acc mv=106
PCG_PREP o=25 rebuild=1 drift=0 previous_depth=1
ATTR_RADIUS o=25 raw_norm=16961.093525929133 norm=540.89445492335392 radius=540.89445492335381 next_radius=540.89445492335381 lambda=2.4071153097970709e-06 next_lambda=2.4071153097970709e-06 rho=0.71380479214723103 accept=1
CLASSICAL_LM o=25 lambda=2.4071153097970709e-06 tau=2.4071153097970709e-06 prediction=1547.6021731262801 rho=0.71380479214723103 accept=1
  MFCG it  26 cost=1.848893e+06 lam=2.407e-06 tau=0.00e+00 cg_it=0 shift=0 ckpt=1 alpha=0 acc mv=108
PCG_PREP o=26 rebuild=1 drift=0 previous_depth=1
ATTR_RADIUS o=26 raw_norm=16793.011558698287 norm=540.89445492335415 radius=540.89445492335381 next_radius=540.89445492335381 lambda=2.4071153097970709e-06 next_lambda=2.4071153097970709e-06 rho=0.71926345844548212 accept=1
CLASSICAL_LM o=26 lambda=2.4071153097970709e-06 tau=2.4071153097970709e-06 prediction=1506.0825669334658 rho=0.71926345844548212 accept=1
  MFCG it  27 cost=1.847810e+06 lam=2.407e-06 tau=0.00e+00 cg_it=0 shift=0 ckpt=1 alpha=0 acc mv=110
PCG_PREP o=27 rebuild=1 drift=0 previous_depth=1
ATTR_RADIUS o=27 raw_norm=16629.077051200809 norm=540.89445492335381 radius=540.89445492335381 next_radius=540.89445492335381 lambda=2.4071153097970709e-06 next_lambda=2.4071153097970709e-06 rho=0.72498939203826818 accept=1
CLASSICAL_LM o=27 lambda=2.4071153097970709e-06 tau=2.4071153097970709e-06 prediction=1464.7267728321083 rho=0.72498939203826818 accept=1
  MFCG it  28 cost=1.846748e+06 lam=2.407e-06 tau=0.00e+00 cg_it=0 shift=0 ckpt=1 alpha=0 acc mv=112
PCG_PREP o=28 rebuild=1 drift=0 previous_depth=1
ATTR_RADIUS o=28 raw_norm=16466.620754297554 norm=540.89445492335369 radius=540.89445492335381 next_radius=540.89445492335381 lambda=2.4071153097970709e-06 next_lambda=2.4071153097970709e-06 rho=0.73089731744536968 accept=1
CLASSICAL_LM o=28 lambda=2.4071153097970709e-06 tau=2.4071153097970709e-06 prediction=1423.7485747880719 rho=0.73089731744536968 accept=1
  MFCG it  29 cost=1.845707e+06 lam=2.407e-06 tau=0.00e+00 cg_it=0 shift=0 ckpt=1 alpha=0 acc mv=114
PCG_PREP o=29 rebuild=1 drift=0 previous_depth=1
ATTR_RADIUS o=29 raw_norm=16304.534853246143 norm=540.89445492335369 radius=540.89445492335381 next_radius=540.89445492335381 lambda=2.4071153097970709e-06 next_lambda=2.4071153097970709e-06 rho=0.73694614414371296 accept=1
CLASSICAL_LM o=29 lambda=2.4071153097970709e-06 tau=2.4071153097970709e-06 prediction=1383.2486324147419 rho=0.73694614414371296 accept=1
  MFCG it  30 cost=1.844688e+06 lam=2.407e-06 tau=0.00e+00 cg_it=0 shift=0 ckpt=1 alpha=0 acc mv=116
PCG_PREP o=30 rebuild=1 drift=0 previous_depth=1
ATTR_RADIUS o=30 raw_norm=16142.171858120555 norm=540.89445492335392 radius=540.89445492335381 next_radius=540.89445492335381 lambda=2.4071153097970709e-06 next_lambda=2.4071153097970709e-06 rho=0.7431101958573072 accept=1
CLASSICAL_LM o=30 lambda=2.4071153097970709e-06 tau=2.4071153097970709e-06 prediction=1343.2914805284133 rho=0.7431101958573072 accept=1
  MFCG it  31 cost=1.843689e+06 lam=2.407e-06 tau=0.00e+00 cg_it=0 shift=0 ckpt=1 alpha=0 acc mv=118
PCG_PREP o=31 rebuild=1 drift=0 previous_depth=1
ATTR_RADIUS o=31 raw_norm=15979.081337510557 norm=540.89445492335381 radius=540.89445492335381 next_radius=540.89445492335381 lambda=2.4071153097970709e-06 next_lambda=2.4071153097970709e-06 rho=0.74936828761272811 accept=1
CLASSICAL_LM o=31 lambda=2.4071153097970709e-06 tau=2.4071153097970709e-06 prediction=1303.9152787249279 rho=0.74936828761272811 accept=1
  MFCG it  32 cost=1.842712e+06 lam=2.407e-06 tau=0.00e+00 cg_it=0 shift=0 ckpt=1 alpha=0 acc mv=120
PCG_PREP o=32 rebuild=1 drift=0 previous_depth=1
ATTR_RADIUS o=32 raw_norm=15814.72142503758 norm=540.89445492335381 radius=540.89445492335381 next_radius=1081.7889098467076 lambda=2.4071153097970709e-06 next_lambda=6.0177882744926772e-07 rho=0.75569787619615947 accept=1
CLASSICAL_LM o=32 lambda=2.4071153097970709e-06 tau=2.4071153097970709e-06 prediction=1265.1418826631266 rho=0.75569787619615947 accept=1
  MFCG it  33 cost=1.841756e+06 lam=6.018e-07 tau=0.00e+00 cg_it=0 shift=0 ckpt=1 alpha=0 acc mv=122
PCG_PREP o=33 rebuild=1 drift=0 previous_depth=1
ATTR_RADIUS o=33 raw_norm=23524.074140136345 norm=1081.7889098467076 radius=1081.7889098467076 next_radius=1081.7889098467076 lambda=6.0177882744926772e-07 next_lambda=6.0177882744926772e-07 rho=0.5537132783662333 accept=1
CLASSICAL_LM o=33 lambda=6.0177882744926772e-07 tau=6.0177882744926772e-07 prediction=1643.8789548941947 rho=0.5537132783662333 accept=1
  MFCG it  34 cost=1.840846e+06 lam=6.018e-07 tau=0.00e+00 cg_it=0 shift=0 ckpt=1 alpha=0 acc mv=124
PCG_PREP o=34 rebuild=1 drift=0 previous_depth=1
ATTR_RADIUS o=34 raw_norm=23203.677833318274 norm=1081.7889098467081 radius=1081.7889098467076 next_radius=1081.7889098467076 lambda=6.0177882744926772e-07 next_lambda=6.0177882744926772e-07 rho=0.572378140032345 accept=1
CLASSICAL_LM o=34 lambda=6.0177882744926772e-07 tau=6.0177882744926772e-07 prediction=1610.4611697066252 rho=0.572378140032345 accept=1
  MFCG it  35 cost=1.839924e+06 lam=6.018e-07 tau=0.00e+00 cg_it=0 shift=0 ckpt=1 alpha=0 acc mv=126
PCG_PREP o=35 rebuild=1 drift=0 previous_depth=1
ATTR_RADIUS o=35 raw_norm=22789.73646445381 norm=1081.7889098467072 radius=1081.7889098467076 next_radius=1081.7889098467076 lambda=6.0177882744926772e-07 next_lambda=6.0177882744926772e-07 rho=0.59564699266390775 accept=1
CLASSICAL_LM o=35 lambda=6.0177882744926772e-07 tau=6.0177882744926772e-07 prediction=1574.80053944528 rho=0.59564699266390775 accept=1
  MFCG it  36 cost=1.838986e+06 lam=6.018e-07 tau=0.00e+00 cg_it=0 shift=0 ckpt=1 alpha=0 acc mv=128
PCG_PREP o=36 rebuild=1 drift=0 previous_depth=1
ATTR_RADIUS o=36 raw_norm=22386.722811038202 norm=1081.7889098467076 radius=1081.7889098467076 next_radius=1081.7889098467076 lambda=6.0177882744926772e-07 next_lambda=6.0177882744926772e-07 rho=0.61858726927268293 accept=1
CLASSICAL_LM o=36 lambda=6.0177882744926772e-07 tau=6.0177882744926772e-07 prediction=1536.0981353603247 rho=0.61858726927268293 accept=1
  MFCG it  37 cost=1.838036e+06 lam=6.018e-07 tau=0.00e+00 cg_it=0 shift=0 ckpt=1 alpha=0 acc mv=130
PCG_PREP o=37 rebuild=1 drift=0 previous_depth=1
ATTR_RADIUS o=37 raw_norm=21992.607128427971 norm=1081.7889098467076 radius=1081.7889098467076 next_radius=1081.7889098467076 lambda=6.0177882744926772e-07 next_lambda=6.0177882744926772e-07 rho=0.64089267146171269 accept=1
CLASSICAL_LM o=37 lambda=6.0177882744926772e-07 tau=6.0177882744926772e-07 prediction=1494.6871014867538 rho=0.64089267146171269 accept=1
  MFCG it  38 cost=1.837078e+06 lam=6.018e-07 tau=0.00e+00 cg_it=0 shift=0 ckpt=1 alpha=0 acc mv=132
PCG_PREP o=38 rebuild=1 drift=0 previous_depth=1
ATTR_RADIUS o=38 raw_norm=21611.320190476632 norm=1081.7889098467076 radius=1081.7889098467076 next_radius=1081.7889098467076 lambda=6.0177882744926772e-07 next_lambda=6.0177882744926772e-07 rho=0.66271643888697529 accept=1
CLASSICAL_LM o=38 lambda=6.0177882744926772e-07 tau=6.0177882744926772e-07 prediction=1450.623740318259 rho=0.66271643888697529 accept=1
  MFCG it  39 cost=1.836117e+06 lam=6.018e-07 tau=0.00e+00 cg_it=0 shift=0 ckpt=1 alpha=0 acc mv=134
PCG_PREP o=39 rebuild=1 drift=0 previous_depth=1
ATTR_RADIUS o=39 raw_norm=21248.985562325663 norm=1081.7889098467081 radius=1081.7889098467076 next_radius=1081.7889098467076 lambda=6.0177882744926772e-07 next_lambda=6.0177882744926772e-07 rho=0.68422157499114222 accept=1
CLASSICAL_LM o=39 lambda=6.0177882744926772e-07 tau=6.0177882744926772e-07 prediction=1403.9123861330274 rho=0.68422157499114222 accept=1
  MFCG it  40 cost=1.835156e+06 lam=6.018e-07 tau=0.00e+00 cg_it=0 shift=0 ckpt=1 alpha=0 acc mv=136
PCG_PREP o=40 rebuild=1 drift=0 previous_depth=1
ATTR_RADIUS o=40 raw_norm=20894.171985758039 norm=1081.7889098467078 radius=1081.7889098467076 next_radius=1081.7889098467076 lambda=6.0177882744926772e-07 next_lambda=6.0177882744926772e-07 rho=0.70525876071283233 accept=1
CLASSICAL_LM o=40 lambda=6.0177882744926772e-07 tau=6.0177882744926772e-07 prediction=1355.706881346782 rho=0.70525876071283233 accept=1
  MFCG it  41 cost=1.834200e+06 lam=6.018e-07 tau=0.00e+00 cg_it=0 shift=0 ckpt=1 alpha=0 acc mv=138
PCG_PREP o=41 rebuild=1 drift=0 previous_depth=1
ATTR_RADIUS o=41 raw_norm=20558.155761831938 norm=1081.7889098467074 radius=1081.7889098467076 next_radius=1081.7889098467076 lambda=6.0177882744926772e-07 next_lambda=6.0177882744926772e-07 rho=0.72601572665391223 accept=1
CLASSICAL_LM o=41 lambda=6.0177882744926772e-07 tau=6.0177882744926772e-07 prediction=1305.7671466379538 rho=0.72601572665391223 accept=1
  MFCG it  42 cost=1.833252e+06 lam=6.018e-07 tau=0.00e+00 cg_it=0 shift=0 ckpt=1 alpha=0 acc mv=140
PCG_PREP o=42 rebuild=1 drift=0 previous_depth=1
ATTR_RADIUS o=42 raw_norm=20247.446655705284 norm=1081.7889098467076 radius=1081.7889098467076 next_radius=1081.7889098467076 lambda=6.0177882744926772e-07 next_lambda=6.0177882744926772e-07 rho=0.7465682007706077 accept=1
CLASSICAL_LM o=42 lambda=6.0177882744926772e-07 tau=6.0177882744926772e-07 prediction=1254.2257280281895 rho=0.7465682007706077 accept=1
  MFCG it  43 cost=1.832316e+06 lam=6.018e-07 tau=0.00e+00 cg_it=0 shift=0 ckpt=1 alpha=0 acc mv=142
PCG_PREP o=43 rebuild=1 drift=0 previous_depth=1
ATTR_RADIUS o=43 raw_norm=19965.263013320589 norm=1081.7889098467074 radius=1081.7889098467076 next_radius=2163.5778196934152 lambda=6.0177882744926772e-07 next_lambda=1.5044470686231693e-07 rho=0.76692026104422195 accept=1
CLASSICAL_LM o=43 lambda=6.0177882744926772e-07 tau=6.0177882744926772e-07 prediction=1201.4736054594946 rho=0.76692026104422195 accept=1
  MFCG it  44 cost=1.831394e+06 lam=1.504e-07 tau=0.00e+00 cg_it=0 shift=0 ckpt=1 alpha=0 acc mv=144
PCG_PREP o=44 rebuild=1 drift=0 previous_depth=1
ATTR_RADIUS o=44 raw_norm=36505.117243467801 norm=2163.5778196934152 radius=2163.5778196934152 next_radius=2163.5778196934152 lambda=1.5044470686231693e-07 next_lambda=1.5044470686231693e-07 rho=0.73497029098864963 accept=1
CLASSICAL_LM o=44 lambda=1.5044470686231693e-07 tau=1.5044470686231693e-07 prediction=1249.3781857227864 rho=0.73497029098864963 accept=1
  MFCG it  45 cost=1.830476e+06 lam=1.504e-07 tau=0.00e+00 cg_it=0 shift=0 ckpt=1 alpha=0 acc mv=146
PCG_PREP o=45 rebuild=1 drift=0 previous_depth=1
ATTR_RADIUS o=45 raw_norm=35908.661424712838 norm=2163.5778196934143 radius=2163.5778196934152 next_radius=4327.1556393868304 lambda=1.5044470686231693e-07 next_lambda=1.5044470686231693e-07 rho=0.75810328885285694 accept=1
CLASSICAL_LM o=45 lambda=1.5044470686231693e-07 tau=1.5044470686231693e-07 prediction=1199.2504957965266 rho=0.75810328885285694 accept=1
  MFCG it  46 cost=1.829567e+06 lam=1.504e-07 tau=0.00e+00 cg_it=0 shift=0 ckpt=1 alpha=0 acc mv=148
PCG_PREP o=46 rebuild=1 drift=0 previous_depth=1
ATTR_RADIUS o=46 raw_norm=35822.360951217466 norm=4327.1556393868341 radius=4327.1556393868304 next_radius=4327.1556393868304 lambda=1.5044470686231693e-07 next_lambda=1.5044470686231693e-07 rho=0.55737298156883119 accept=1
CLASSICAL_LM o=46 lambda=1.5044470686231693e-07 tau=1.5044470686231693e-07 prediction=2191.0706037080672 rho=0.55737298156883119 accept=1
  MFCG it  47 cost=1.828345e+06 lam=1.504e-07 tau=0.00e+00 cg_it=0 shift=0 ckpt=1 alpha=0 acc mv=150
PCG_PREP o=47 rebuild=1 drift=0 previous_depth=1
ATTR_RADIUS o=47 raw_norm=35706.83291391105 norm=4327.1556393868286 radius=4327.1556393868304 next_radius=4327.1556393868304 lambda=1.5044470686231693e-07 next_lambda=1.5044470686231693e-07 rho=0.6471557506073774 accept=1
CLASSICAL_LM o=47 lambda=1.5044470686231693e-07 tau=1.5044470686231693e-07 prediction=2077.7110510596726 rho=0.6471557506073774 accept=1
  MFCG it  48 cost=1.827001e+06 lam=1.504e-07 tau=0.00e+00 cg_it=0 shift=0 ckpt=1 alpha=0 acc mv=152
PCG_PREP o=48 rebuild=1 drift=0 previous_depth=1
ATTR_RADIUS o=48 raw_norm=35073.00118575299 norm=4327.1556393868295 radius=4327.1556393868304 next_radius=4327.1556393868304 lambda=1.5044470686231693e-07 next_lambda=1.5044470686231693e-07 rho=0.72684675983694047 accept=1
CLASSICAL_LM o=48 lambda=1.5044470686231693e-07 tau=1.5044470686231693e-07 prediction=1931.148014307782 rho=0.72684675983694047 accept=1
  MFCG it  49 cost=1.825597e+06 lam=1.504e-07 tau=0.00e+00 cg_it=0 shift=0 ckpt=1 alpha=0 acc mv=154
PCG_PREP o=49 rebuild=1 drift=0 previous_depth=1
ATTR_RADIUS o=49 raw_norm=75653.213638491507 norm=4327.1556393868304 radius=4327.1556393868304 next_radius=8654.3112787736609 lambda=1.5044470686231693e-07 next_lambda=1.5044470686231693e-07 rho=0.96382067788514636 accept=1
CLASSICAL_LM o=49 lambda=1.5044470686231693e-07 tau=1.5044470686231693e-07 prediction=4650.3350272644138 rho=0.96382067788514636 accept=1
  MFCG it  50 cost=1.821115e+06 lam=1.504e-07 tau=0.00e+00 cg_it=6 shift=0 ckpt=7 alpha=0 acc mv=162
PCG_PREP o=50 rebuild=1 drift=0 previous_depth=7
ATTR_RADIUS o=50 raw_norm=89134.574378600853 norm=8654.3112787736627 radius=8654.3112787736609 next_radius=17308.622557547322 lambda=1.5044470686231693e-07 next_lambda=1.5044470686231693e-07 rho=0.88348072951964052 accept=1
CLASSICAL_LM o=50 lambda=1.5044470686231693e-07 tau=1.5044470686231693e-07 prediction=8039.6905340696539 rho=0.88348072951964052 accept=1
  MFCG it  51 cost=1.814012e+06 lam=1.504e-07 tau=0.00e+00 cg_it=7 shift=0 ckpt=8 alpha=0 acc mv=171
PCG_PREP o=51 rebuild=1 drift=0 previous_depth=8
POINT_SAFE o=51 frozen=690 slope=-16956.03657223158 candidate=1812988.8516024889 original=1808272.3909909264 current=1814012.2414430575 won=0 mode=1 camera_scale=1 keep_scale=0
ATTR_RADIUS o=51 raw_norm=88987.704946468817 norm=8654.3112787736591 radius=17308.622557547322 next_radius=17308.622557547322 lambda=1.5044470686231693e-07 next_lambda=1.5044470686231693e-07 rho=0.74703677053616324 accept=1
CLASSICAL_LM o=51 lambda=1.5044470686231693e-07 tau=1.5044470686231693e-07 prediction=7683.4911995182247 rho=0.74703677053616324 accept=1
  MFCG it  52 cost=1.808272e+06 lam=1.504e-07 tau=0.00e+00 cg_it=7 shift=0 ckpt=8 alpha=0 acc mv=180
PCG_PREP o=52 rebuild=1 drift=0 previous_depth=8
ATTR_RADIUS o=52 raw_norm=34033.781706496353 norm=17308.622557547318 radius=17308.622557547322 next_radius=17308.622557547322 lambda=1.5044470686231693e-07 next_lambda=1.5044470686231693e-07 rho=0.3988580209382408 accept=1
CLASSICAL_LM o=52 lambda=1.5044470686231693e-07 tau=1.5044470686231693e-07 prediction=6387.0730173234315 rho=0.3988580209382408 accept=1
  MFCG it  53 cost=1.805725e+06 lam=1.504e-07 tau=0.00e+00 cg_it=0 shift=0 ckpt=1 alpha=0 acc mv=182
PCG_PREP o=53 rebuild=1 drift=0 previous_depth=1
POINT_SAFE o=53 frozen=763 slope=-17916.993329416786 candidate=1818124.6163330302 original=1799778.6956163608 current=1805724.8556876488 won=0 mode=1 camera_scale=1 keep_scale=0
ATTR_RADIUS o=53 raw_norm=69119.757969110666 norm=8654.3112787736609 radius=17308.622557547322 next_radius=17308.622557547322 lambda=1.5044470686231693e-07 next_lambda=1.5044470686231693e-07 rho=0.72447748707504811 accept=1
CLASSICAL_LM o=53 lambda=1.5044470686231693e-07 tau=1.5044470686231693e-07 prediction=8207.5153160308546 rho=0.72447748707504811 accept=1
  MFCG it  54 cost=1.799779e+06 lam=1.504e-07 tau=0.00e+00 cg_it=6 shift=0 ckpt=7 alpha=0 acc mv=190
PCG_PREP o=54 rebuild=1 drift=0 previous_depth=7
POINT_SAFE o=54 frozen=583 slope=-20239.562392981843 candidate=1814719.3655306271 original=1795515.8101096652 current=1799778.6956163608 won=0 mode=1 camera_scale=1 keep_scale=0
ATTR_RADIUS o=54 raw_norm=65390.246949949178 norm=8654.3112787736627 radius=17308.622557547322 next_radius=17308.622557547322 lambda=1.5044470686231693e-07 next_lambda=1.5044470686231693e-07 rho=0.49992555470068784 accept=1
CLASSICAL_LM o=54 lambda=1.5044470686231693e-07 tau=1.5044470686231693e-07 prediction=8527.0406095720573 rho=0.49992555470068784 accept=1
  MFCG it  55 cost=1.795516e+06 lam=1.504e-07 tau=0.00e+00 cg_it=6 shift=0 ckpt=7 alpha=0 acc mv=198
PCG_PREP o=55 rebuild=1 drift=0 previous_depth=7
ATTR_RADIUS o=55 raw_norm=32088.845870762387 norm=17308.622557547318 radius=17308.622557547322 next_radius=34617.245115094644 lambda=1.5044470686231693e-07 next_lambda=1.5044470686231693e-07 rho=0.83907808402872464 accept=1
CLASSICAL_LM o=55 lambda=1.5044470686231693e-07 tau=1.5044470686231693e-07 prediction=8612.0609033759611 rho=0.83907808402872464 accept=1
  MFCG it  56 cost=1.788290e+06 lam=1.504e-07 tau=0.00e+00 cg_it=0 shift=0 ckpt=1 alpha=0 acc mv=200
PCG_PREP o=56 rebuild=1 drift=0 previous_depth=1
POINT_SAFE o=56 frozen=802 slope=-41027.797829271716 candidate=1926426.2746545046 original=1784855.2333508562 current=1788289.6185473218 won=0 mode=1 camera_scale=1 keep_scale=0
ATTR_RADIUS o=56 raw_norm=81573.281204777988 norm=17308.622557547325 radius=34617.245115094644 next_radius=8654.3112787736609 lambda=1.5044470686231693e-07 next_lambda=2.4071153097970709e-06 rho=0.18783304252131353 accept=1
CLASSICAL_LM o=56 lambda=1.5044470686231693e-07 tau=1.5044470686231693e-07 prediction=18284.244083816251 rho=0.18783304252131353 accept=1
  MFCG it  57 cost=1.784855e+06 lam=2.407e-06 tau=0.00e+00 cg_it=13 shift=0 ckpt=14 alpha=0 acc mv=215
PCG_PREP o=57 rebuild=1 drift=0 previous_depth=14
ATTR_RADIUS o=57 raw_norm=6994.8137049777397 norm=6994.8137049777397 radius=8654.3112787736609 next_radius=8654.3112787736609 lambda=2.4071153097970709e-06 next_lambda=2.4071153097970709e-06 rho=0.51279749442006672 accept=1
CLASSICAL_LM o=57 lambda=2.4071153097970709e-06 tau=2.4071153097970709e-06 prediction=18701.169824676606 rho=0.51279749442006672 accept=1
  MFCG it  58 cost=1.775265e+06 lam=2.407e-06 tau=0.00e+00 cg_it=0 shift=0 ckpt=1 alpha=0 acc mv=217
PCG_PREP o=58 rebuild=1 drift=0 previous_depth=1
POINT_SAFE o=58 frozen=62 slope=-43205.172715578665 candidate=1754298.0519790489 original=1760874.2197393156 current=1775265.3203220379 won=1 mode=1 camera_scale=1 keep_scale=0
ATTR_RADIUS o=58 raw_norm=43070.50528001364 norm=8654.3112787736609 radius=8654.3112787736609 next_radius=8654.3112787736609 lambda=2.4071153097970709e-06 next_lambda=2.4071153097970709e-06 rho=0.70347135370483693 accept=1
CLASSICAL_LM o=58 lambda=2.4071153097970709e-06 tau=2.4071153097970709e-06 prediction=29805.433060727722 rho=0.70347135370483693 accept=1
  MFCG it  59 cost=1.754298e+06 lam=2.407e-06 tau=0.00e+00 cg_it=49 shift=0 ckpt=50 alpha=0 acc mv=268
PCG_PREP o=59 rebuild=1 drift=0 previous_depth=50
POINT_SAFE o=59 frozen=133 slope=-29716.989020093311 candidate=1739164.1708419384 original=1745741.5312596571 current=1754298.0519790489 won=1 mode=1 camera_scale=1 keep_scale=0
ATTR_RADIUS o=59 raw_norm=40729.327757285799 norm=8654.3112787736645 radius=8654.3112787736609 next_radius=17308.622557547322 lambda=2.4071153097970709e-06 next_lambda=6.0177882744926772e-07 rho=0.80203272748652144 accept=1
CLASSICAL_LM o=59 lambda=2.4071153097970709e-06 tau=2.4071153097970709e-06 prediction=18869.405971173237 rho=0.80203272748652144 accept=1
TARGET reached outer=60 seconds=3.083613723 cost=1739164.1708419384 threshold=1744796.9841897595
  MFCG: accepts=60 rejects=3 total_matvecs=288 negcurv=1 cand_evals=63 mean_cg_per_outer=4.8
NUMERIC_REPAIR summary rebuilds=1 floor=1.5044470686231693e-07
  [retry-cache] builds=64 reuses=0
  [menu-backtrack] trials=23 rescues=22 evals=89 total_scored=152
POINT_SAFE summary calls=23 evals=23 wins=6 frozen=10680 seconds=0.273721871
  [scoring] menu_evals=63 alpha_evals=0 backtrack_evals=89 total_scored=152
RESULT algo=mfree_shifted_cg iters=60 final_cost=1739164.1708419384 solve_seconds=3.092127
DIAGNOSTICS median_reproj_err_px 2.704502 -> 0.545168 | cheirality_violations(obs) 751 -> 792 | cheirality_violations(pts, of 310854) 725 -> 748
