  [menu-backtrack] active=1 max_evals=8 warmup_accepts=3 confirm_stop=original armijo=1e-4
MIXED_STORAGE fragments=fp32 arithmetic=fp64 state=fp64 acceptance=fp64
  [compact-fragments] active=2 saved_bytes=171996448 storage=fp32 camera_reads=contiguous
  MFCG score_init=90993342.024340227 precision=fp64
PCG_PREP o=0 rebuild=1 drift=0 previous_depth=0
ATTR_RADIUS o=0 raw_norm=8861.1709887307625 norm=8861.1709887307625 radius=8861.1709887307625 next_radius=17722.341977461525 lambda=0.10000000000000001 next_lambda=0.025000000000000001 rho=0.99545080656082641 accept=1
CLASSICAL_LM o=0 lambda=0.10000000000000001 tau=0.10000000000000001 prediction=83412716.699058995 rho=0.99545080656082641 accept=1
  MFCG it   1 cost=7.960086e+06 lam=2.500e-02 tau=0.00e+00 cg_it=0 shift=0 ckpt=1 alpha=0 acc mv=2
PCG_PREP o=1 rebuild=1 drift=0 previous_depth=1
ATTR_RADIUS o=1 raw_norm=4659.7121206777838 norm=4659.7121206777838 radius=17722.341977461525 next_radius=17722.341977461525 lambda=0.025000000000000001 next_lambda=0.0025000000000000005 rho=0.99453896506499762 accept=1
CLASSICAL_LM o=1 lambda=0.025000000000000001 tau=0.025000000000000001 prediction=4259951.5107679628 rho=0.99453896506499762 accept=1
  MFCG it   2 cost=3.723398e+06 lam=2.500e-03 tau=0.00e+00 cg_it=4 shift=0 ckpt=5 alpha=0 acc mv=8
PCG_PREP o=2 rebuild=1 drift=0 previous_depth=5
ATTR_RADIUS o=2 raw_norm=6975.6779789560305 norm=6975.6779789560305 radius=17722.341977461525 next_radius=17722.341977461525 lambda=0.0025000000000000005 next_lambda=0.00025000000000000006 rho=0.87051061466528812 accept=1
CLASSICAL_LM o=2 lambda=0.0025000000000000005 tau=0.0025000000000000005 prediction=1234099.5580717591 rho=0.87051061466528812 accept=1
  MFCG it   3 cost=2.649101e+06 lam=2.500e-04 tau=0.00e+00 cg_it=9 shift=0 ckpt=10 alpha=0 acc mv=19
PCG_PREP o=3 rebuild=1 drift=0 previous_depth=10
ATTR_RADIUS o=3 raw_norm=10922.542500248377 norm=10922.542500248377 radius=17722.341977461525 next_radius=17722.341977461525 lambda=0.00025000000000000006 next_lambda=2.5000000000000008e-05 rho=0.71461554945498629 accept=1
CLASSICAL_LM o=3 lambda=0.00025000000000000006 tau=0.00025000000000000006 prediction=596515.31226696901 rho=0.71461554945498629 accept=1
  MFCG it   4 cost=2.222822e+06 lam=2.500e-05 tau=0.00e+00 cg_it=0 shift=0 ckpt=1 alpha=0 acc mv=21
PCG_PREP o=4 rebuild=1 drift=0 previous_depth=1
POINT_SAFE o=4 frozen=1341 slope=-336469.80042810552 candidate=2043410.2473165463 original=2072225.5949973764 current=2222822.2595968181 won=1 mode=1 camera_scale=1 keep_scale=0
ATTR_RADIUS o=4 raw_norm=25300.156688882224 norm=17722.341977461525 radius=17722.341977461525 next_radius=35444.68395492305 lambda=2.5000000000000008e-05 next_lambda=6.250000000000002e-06 rho=0.91745233077662491 accept=1
CLASSICAL_LM o=4 lambda=2.5000000000000008e-05 tau=2.5000000000000008e-05 prediction=195554.58770092097 rho=0.91745233077662491 accept=1
  MFCG it   5 cost=2.043410e+06 lam=6.250e-06 tau=0.00e+00 cg_it=1 shift=0 ckpt=2 alpha=0 acc mv=24
PCG_PREP o=5 rebuild=1 drift=0 previous_depth=2
POINT_SAFE o=5 frozen=1597 slope=-207540.80961805559 candidate=2178473.8164356761 original=2002353.067181475 current=2043410.2473165463 won=0 mode=1 camera_scale=1 keep_scale=0
ATTR_RADIUS o=5 raw_norm=42981.168318112526 norm=4430.5854943653821 radius=35444.68395492305 next_radius=35444.68395492305 lambda=6.250000000000002e-06 next_lambda=6.2500000000000026e-07 rho=0.91568663875466272 accept=1
CLASSICAL_LM o=5 lambda=6.250000000000002e-06 tau=6.250000000000002e-06 prediction=44837.587879309016 rho=0.91568663875466272 accept=1
  MFCG it   6 cost=2.002353e+06 lam=6.250e-07 tau=0.00e+00 cg_it=7 shift=0 ckpt=8 alpha=0 acc mv=33
PCG_PREP o=6 rebuild=1 drift=0 previous_depth=8
POINT_SAFE o=6 frozen=1716 slope=-116981.59506459149 candidate=4315787.9490094781 original=1978599.3547332427 current=2002353.067181475 won=0 mode=1 camera_scale=1 keep_scale=0
ATTR_RADIUS o=6 raw_norm=69287.280418823226 norm=4430.5854943653803 radius=35444.68395492305 next_radius=35444.68395492305 lambda=6.2500000000000026e-07 next_lambda=6.2500000000000024e-08 rho=0.77751859971603232 accept=1
CLASSICAL_LM o=6 lambda=6.2500000000000026e-07 tau=6.2500000000000026e-07 prediction=30550.66779998285 rho=0.77751859971603232 accept=1
  MFCG it   7 cost=1.978599e+06 lam=6.250e-08 tau=0.00e+00 cg_it=5 shift=0 ckpt=6 alpha=0 acc mv=40
PCG_PREP o=7 rebuild=1 drift=0 previous_depth=6
POINT_SAFE o=7 frozen=1452 slope=-83742.341559362801 candidate=4749878.3490468897 original=1972905.1927634932 current=1978599.3547332427 won=0 mode=1 camera_scale=1 keep_scale=0
ATTR_RADIUS o=7 raw_norm=91594.815608043515 norm=2215.2927471826902 radius=35444.68395492305 next_radius=35444.68395492305 lambda=6.2500000000000024e-08 next_lambda=6.250000000000003e-09 rho=0.46721813408593832 accept=1
CLASSICAL_LM o=7 lambda=6.2500000000000024e-08 tau=6.2500000000000024e-08 prediction=12187.373636276985 rho=0.46721813408593832 accept=1
  MFCG it   8 cost=1.972905e+06 lam=6.250e-09 tau=0.00e+00 cg_it=4 shift=0 ckpt=5 alpha=0 acc mv=46
PCG_PREP o=8 rebuild=1 drift=0 previous_depth=5
NUMERIC_REPAIR o=8 lambda=6.250000000000003e-09 rayleigh=-1.5503624055405257e-07 next_lambda=6.4514496221621026e-07 cg=1 rebuild=1
PCG_PREP o=8 rebuild=1 drift=0 previous_depth=1
POINT_SAFE o=8 frozen=1829 slope=-94661.302854552181 candidate=5219183.3733852087 original=1971621.5860942507 current=1972905.1927634932 won=0 mode=1 camera_scale=1 keep_scale=0
ATTR_RADIUS o=8 raw_norm=58338.970306789161 norm=2215.2927471826897 radius=35444.68395492305 next_radius=8861.1709887307625 lambda=6.4514496221621026e-07 next_lambda=1.0322319395459364e-05 rho=0.10083260341694925 accept=1
CLASSICAL_LM o=8 lambda=6.4514496221621026e-07 tau=6.4514496221621026e-07 prediction=12730.075647602773 rho=0.10083260341694925 accept=1
  MFCG it   9 cost=1.971622e+06 lam=1.032e-05 tau=0.00e+00 cg_it=3 shift=0 ckpt=4 alpha=0 acc mv=53
PCG_PREP o=9 rebuild=1 drift=0 previous_depth=4
POINT_SAFE o=9 frozen=252 slope=-57788.915453310008 candidate=1934095.5501960835 original=1960718.6617258324 current=1971621.5860942507 won=1 mode=1 camera_scale=1 keep_scale=0
ATTR_RADIUS o=9 raw_norm=26798.940018455425 norm=8861.1709887307643 radius=8861.1709887307625 next_radius=17722.341977461525 lambda=1.0322319395459364e-05 next_lambda=2.580579848864841e-06 rho=0.94098697114071206 accept=1
CLASSICAL_LM o=9 lambda=1.0322319395459364e-05 tau=1.0322319395459364e-05 prediction=39879.442594913096 rho=0.94098697114071206 accept=1
  MFCG it  10 cost=1.934096e+06 lam=2.581e-06 tau=0.00e+00 cg_it=3 shift=0 ckpt=4 alpha=0 acc mv=58
PCG_PREP o=10 rebuild=1 drift=0 previous_depth=4
POINT_SAFE o=10 frozen=952 slope=-47098.815087937284 candidate=1945775.2494353633 original=1929661.6548983201 current=1934095.5501960835 won=0 mode=1 camera_scale=1 keep_scale=0
ATTR_RADIUS o=10 raw_norm=45850.997623201714 norm=4430.5854943653803 radius=17722.341977461525 next_radius=4430.5854943653812 lambda=2.580579848864841e-06 next_lambda=4.1289277581837457e-05 rho=0.11789600152623213 accept=1
CLASSICAL_LM o=10 lambda=2.580579848864841e-06 tau=2.580579848864841e-06 prediction=37608.529893839121 rho=0.11789600152623213 accept=1
  MFCG it  11 cost=1.929662e+06 lam=4.129e-05 tau=0.00e+00 cg_it=5 shift=0 ckpt=6 alpha=0 acc mv=65
PCG_PREP o=11 rebuild=1 drift=0 previous_depth=6
POINT_SAFE o=11 frozen=471 slope=-19428.987369801522 candidate=1917609.7746855244 original=1914495.9599863498 current=1929661.6548983201 won=0 mode=1 camera_scale=1 keep_scale=0
ATTR_RADIUS o=11 raw_norm=5822.9632966835816 norm=1107.646373591346 radius=4430.5854943653812 next_radius=4430.5854943653812 lambda=4.1289277581837457e-05 next_lambda=4.1289277581837457e-06 rho=0.45576119050620117 accept=1
CLASSICAL_LM o=11 lambda=4.1289277581837457e-05 tau=4.1289277581837457e-05 prediction=33275.529439279766 rho=0.45576119050620117 accept=1
  MFCG it  12 cost=1.914496e+06 lam=4.129e-06 tau=0.00e+00 cg_it=0 shift=0 ckpt=1 alpha=0 acc mv=67
PCG_PREP o=12 rebuild=1 drift=0 previous_depth=1
POINT_SAFE o=12 frozen=79 slope=-14943.76630427588 candidate=1903241.4806479362 original=1913504.2910646535 current=1914495.9599863498 won=1 mode=1 camera_scale=1 keep_scale=0
ATTR_RADIUS o=12 raw_norm=39349.924861438798 norm=4430.5854943653803 radius=4430.5854943653812 next_radius=8861.1709887307625 lambda=4.1289277581837457e-06 next_lambda=1.0322319395459364e-06 rho=0.94135562179045484 accept=1
CLASSICAL_LM o=12 lambda=4.1289277581837457e-06 tau=4.1289277581837457e-06 prediction=11955.608569062979 rho=0.94135562179045484 accept=1
  MFCG it  13 cost=1.903241e+06 lam=1.032e-06 tau=0.00e+00 cg_it=5 shift=0 ckpt=6 alpha=0 acc mv=74
PCG_PREP o=13 rebuild=1 drift=0 previous_depth=6
POINT_SAFE o=13 frozen=612 slope=-14754.335536946477 candidate=1911590.4023792071 original=1901833.0693414586 current=1903241.4806479362 won=0 mode=1 camera_scale=1 keep_scale=0
ATTR_RADIUS o=13 raw_norm=60969.548266376776 norm=276.91159339783633 radius=8861.1709887307625 next_radius=8861.1709887307625 lambda=1.0322319395459364e-06 next_lambda=6.4514496221621026e-07 rho=0.36573940448063758 accept=1
CLASSICAL_LM o=13 lambda=1.0322319395459364e-06 tau=1.0322319395459364e-06 prediction=3850.8601731815293 rho=0.36573940448063758 accept=1
  MFCG it  14 cost=1.901833e+06 lam=6.451e-07 tau=0.00e+00 cg_it=5 shift=0 ckpt=6 alpha=0 acc mv=81
PCG_PREP o=14 rebuild=1 drift=0 previous_depth=6
POINT_SAFE o=14 frozen=596 slope=-13275.48244997748 candidate=1919936.8568860763 original=1901666.3487494795 current=1901833.0693414586 won=0 mode=1 camera_scale=1 keep_scale=0
ATTR_RADIUS o=14 raw_norm=69441.102773922656 norm=69.227898349459053 radius=8861.1709887307625 next_radius=2215.2927471826906 lambda=6.4514496221621026e-07 next_lambda=1.0322319395459364e-05 rho=0.17610341076899236 accept=1
CLASSICAL_LM o=14 lambda=6.4514496221621026e-07 tau=6.4514496221621026e-07 prediction=946.71983495993049 rho=0.17610341076899236 accept=1
  MFCG it  15 cost=1.901666e+06 lam=1.032e-05 tau=0.00e+00 cg_it=5 shift=0 ckpt=6 alpha=0 acc mv=88
PCG_PREP o=15 rebuild=1 drift=0 previous_depth=6
POINT_SAFE o=15 frozen=26 slope=-7908.5367474260847 candidate=1895162.8468658805 original=1901489.0919219295 current=1901666.3487494795 won=1 mode=1 camera_scale=1 keep_scale=0
ATTR_RADIUS o=15 raw_norm=27919.249052625011 norm=2215.2927471826911 radius=2215.2927471826906 next_radius=4430.5854943653812 lambda=1.0322319395459364e-05 next_lambda=2.580579848864841e-06 rho=0.94905394709257695 accept=1
CLASSICAL_LM o=15 lambda=1.0322319395459364e-05 tau=1.0322319395459364e-05 prediction=6852.615600538229 rho=0.94905394709257695 accept=1
  MFCG it  16 cost=1.895163e+06 lam=2.581e-06 tau=0.00e+00 cg_it=5 shift=0 ckpt=6 alpha=0 acc mv=95
PCG_PREP o=16 rebuild=1 drift=0 previous_depth=6
POINT_SAFE o=16 frozen=585 slope=-7928.0242461760517 candidate=1888455.1211316788 original=1895040.4855723081 current=1895162.8468658805 won=1 mode=1 camera_scale=1 keep_scale=0
ATTR_RADIUS o=16 raw_norm=47371.055275901708 norm=4430.585494365384 radius=4430.5854943653812 next_radius=8861.1709887307625 lambda=2.580579848864841e-06 next_lambda=6.4514496221621026e-07 rho=0.91043067361384333 accept=1
CLASSICAL_LM o=16 lambda=2.580579848864841e-06 tau=2.580579848864841e-06 prediction=7367.6403142001218 rho=0.91043067361384333 accept=1
  MFCG it  17 cost=1.888455e+06 lam=6.451e-07 tau=0.00e+00 cg_it=5 shift=0 ckpt=6 alpha=0 acc mv=102
PCG_PREP o=17 rebuild=1 drift=0 previous_depth=6
POINT_SAFE o=17 frozen=718 slope=-7242.2096739997851 candidate=1883223.6624589863 original=1888266.2630699824 current=1888455.1211316788 won=1 mode=1 camera_scale=1 keep_scale=0
ATTR_RADIUS o=17 raw_norm=35862.981551406185 norm=8861.1709887307607 radius=8861.1709887307625 next_radius=17722.341977461525 lambda=6.4514496221621026e-07 next_lambda=6.4514496221621026e-07 rho=0.85933688080081982 accept=1
CLASSICAL_LM o=17 lambda=6.4514496221621026e-07 tau=6.4514496221621026e-07 prediction=6087.7855816188339 rho=0.85933688080081982 accept=1
  MFCG it  18 cost=1.883224e+06 lam=6.451e-07 tau=0.00e+00 cg_it=1 shift=0 ckpt=2 alpha=0 acc mv=105
PCG_PREP o=18 rebuild=1 drift=0 previous_depth=2
POINT_SAFE o=18 frozen=932 slope=-19563.941630323588 candidate=2237940.4026281214 original=1883042.5041059274 current=1883223.6624589863 won=0 mode=1 camera_scale=1 keep_scale=0
ATTR_RADIUS o=18 raw_norm=71735.859681568778 norm=138.45579669891816 radius=17722.341977461525 next_radius=4430.5854943653812 lambda=6.4514496221621026e-07 next_lambda=1.0322319395459364e-05 rho=0.18325873907028822 accept=1
CLASSICAL_LM o=18 lambda=6.4514496221621026e-07 tau=6.4514496221621026e-07 prediction=988.53868567420125 rho=0.18325873907028822 accept=1
  MFCG it  19 cost=1.883043e+06 lam=1.032e-05 tau=0.00e+00 cg_it=5 shift=0 ckpt=6 alpha=0 acc mv=112
PCG_PREP o=19 rebuild=1 drift=0 previous_depth=6
POINT_SAFE o=19 frozen=113 slope=-11298.399217054928 candidate=1873292.4657286482 original=1882815.9243249253 current=1883042.5041059274 won=1 mode=1 camera_scale=1 keep_scale=0
ATTR_RADIUS o=19 raw_norm=28208.132982735005 norm=4430.5854943653794 radius=4430.5854943653812 next_radius=8861.1709887307625 lambda=1.0322319395459364e-05 next_lambda=2.580579848864841e-06 rho=0.98684128756358769 accept=1
CLASSICAL_LM o=19 lambda=1.0322319395459364e-05 tau=1.0322319395459364e-05 prediction=9880.0470756052891 rho=0.98684128756358769 accept=1
  MFCG it  20 cost=1.873292e+06 lam=2.581e-06 tau=0.00e+00 cg_it=5 shift=0 ckpt=6 alpha=0 acc mv=119
PCG_PREP o=20 rebuild=1 drift=0 previous_depth=6
POINT_SAFE o=20 frozen=770 slope=-11351.359946425342 candidate=1866921.3390528867 original=1873238.6168645925 current=1873292.4657286482 won=1 mode=1 camera_scale=1 keep_scale=0
ATTR_RADIUS o=20 raw_norm=50536.676212410675 norm=8861.1709887307625 radius=8861.1709887307625 next_radius=8861.1709887307625 lambda=2.580579848864841e-06 next_lambda=2.580579848864841e-06 rho=0.6352381219925709 accept=1
CLASSICAL_LM o=20 lambda=2.580579848864841e-06 tau=2.580579848864841e-06 prediction=10029.509337029442 rho=0.6352381219925709 accept=1
  MFCG it  21 cost=1.866921e+06 lam=2.581e-06 tau=0.00e+00 cg_it=5 shift=0 ckpt=6 alpha=0 acc mv=126
PCG_PREP o=21 rebuild=1 drift=0 previous_depth=6
POINT_SAFE o=21 frozen=691 slope=-11184.192561848016 candidate=1946813.8378106214 original=1865857.4140285568 current=1866921.3390528867 won=0 mode=1 camera_scale=1 keep_scale=0
ATTR_RADIUS o=21 raw_norm=16449.280623659011 norm=276.91159339783644 radius=8861.1709887307625 next_radius=8861.1709887307625 lambda=2.580579848864841e-06 next_lambda=6.4514496221621026e-07 rho=0.29477424455042683 accept=1
CLASSICAL_LM o=21 lambda=2.580579848864841e-06 tau=2.580579848864841e-06 prediction=3609.2875955039981 rho=0.29477424455042683 accept=1
  MFCG it  22 cost=1.865857e+06 lam=6.451e-07 tau=0.00e+00 cg_it=0 shift=0 ckpt=1 alpha=0 acc mv=128
PCG_PREP o=22 rebuild=1 drift=0 previous_depth=1
POINT_SAFE o=22 frozen=537 slope=-7264.0117628761964 candidate=2042255.4445857264 original=1865740.6586786266 current=1865857.4140285568 won=0 mode=1 camera_scale=1 keep_scale=0
ATTR_RADIUS o=22 raw_norm=32393.927151481625 norm=8861.1709887307607 radius=8861.1709887307625 next_radius=2215.2927471826906 lambda=6.4514496221621026e-07 next_lambda=1.0322319395459364e-05 rho=0.067234595241497525 accept=0
CLASSICAL_LM o=22 lambda=6.4514496221621026e-07 tau=6.4514496221621026e-07 prediction=1736.5368157683354 rho=0.067234595241497525 accept=0
  MFCG it  23  retry 1/8  lam=1.032e-05 tau_eff=6.451e-07  (assembly reused)
PCG_PREP o=22 rebuild=1 drift=0 previous_depth=1
POINT_SAFE o=22 frozen=191 slope=-7171.9685874968563 candidate=1863984.8157508848 original=1865722.256558236 current=1865857.4140285568 won=1 mode=1 camera_scale=1 keep_scale=0
ATTR_RADIUS o=22 raw_norm=7422.5245633228596 norm=2215.2927471826902 radius=2215.2927471826906 next_radius=2215.2927471826906 lambda=1.0322319395459364e-05 next_lambda=1.0322319395459364e-05 rho=0.37258839112963593 accept=1
CLASSICAL_LM o=22 lambda=1.0322319395459364e-05 tau=1.0322319395459364e-05 prediction=5025.9168622900588 rho=0.37258839112963593 accept=1
  MFCG it  23 cost=1.863985e+06 lam=1.032e-05 tau=0.00e+00 cg_it=0 shift=0 ckpt=1 alpha=0 acc mv=132
PCG_PREP o=23 rebuild=1 drift=0 previous_depth=1
POINT_SAFE o=23 frozen=196 slope=-2864.6052344173108 candidate=1862054.778727117 original=1859491.03641181 current=1863984.8157508848 won=0 mode=1 camera_scale=1 keep_scale=0
ATTR_RADIUS o=23 raw_norm=8522.890855742764 norm=276.91159339783644 radius=2215.2927471826906 next_radius=2215.2927471826906 lambda=1.0322319395459364e-05 next_lambda=1.0322319395459364e-06 rho=0.33880527566972729 accept=1
CLASSICAL_LM o=23 lambda=1.0322319395459364e-05 tau=1.0322319395459364e-05 prediction=13263.604972478241 rho=0.33880527566972729 accept=1
  MFCG it  24 cost=1.859491e+06 lam=1.032e-06 tau=0.00e+00 cg_it=0 shift=0 ckpt=1 alpha=0 acc mv=134
PCG_PREP o=24 rebuild=1 drift=0 previous_depth=1
POINT_SAFE o=24 frozen=244 slope=-2333.4034879970845 candidate=1858240.5883558558 original=1858859.1918211819 current=1859491.03641181 won=1 mode=1 camera_scale=1 keep_scale=0
ATTR_RADIUS o=24 raw_norm=59998.868512516674 norm=2215.2927471826906 radius=2215.2927471826906 next_radius=2215.2927471826906 lambda=1.0322319395459364e-06 next_lambda=1.0322319395459364e-06 rho=0.57550191206291967 accept=1
CLASSICAL_LM o=24 lambda=1.0322319395459364e-06 tau=1.0322319395459364e-06 prediction=2172.7956584399199 rho=0.57550191206291967 accept=1
  MFCG it  25 cost=1.858241e+06 lam=1.032e-06 tau=0.00e+00 cg_it=5 shift=0 ckpt=6 alpha=0 acc mv=141
PCG_PREP o=25 rebuild=1 drift=0 previous_depth=6
POINT_SAFE o=25 frozen=381 slope=-1058.4271537057421 candidate=1859555.0551301539 original=1856880.1524243774 current=1858240.5883558558 won=0 mode=1 camera_scale=1 keep_scale=0
ATTR_RADIUS o=25 raw_norm=28881.267792067516 norm=69.227898349459082 radius=2215.2927471826906 next_radius=2215.2927471826906 lambda=1.0322319395459364e-06 next_lambda=6.4514496221621026e-07 rho=0.42611005961515624 accept=1
CLASSICAL_LM o=25 lambda=1.0322319395459364e-06 tau=1.0322319395459364e-06 prediction=3192.6867267744856 rho=0.42611005961515624 accept=1
  MFCG it  26 cost=1.856880e+06 lam=6.451e-07 tau=0.00e+00 cg_it=0 shift=0 ckpt=1 alpha=0 acc mv=143
PCG_PREP o=26 rebuild=1 drift=0 previous_depth=1
POINT_SAFE o=26 frozen=358 slope=-929.82175012984635 candidate=1865530.3352245288 original=inf current=1856880.1524243774 won=0 mode=1 camera_scale=1 keep_scale=0
ATTR_RADIUS o=26 raw_norm=34522.392316339552 norm=2215.2927471826888 radius=2215.2927471826906 next_radius=553.82318679567265 lambda=6.4514496221621026e-07 next_lambda=1.0322319395459364e-05 rho=-1 accept=0
CLASSICAL_LM o=26 lambda=6.4514496221621026e-07 tau=6.4514496221621026e-07 prediction=827.02310282482756 rho=-1 accept=0
  MFCG it  27  retry 1/8  lam=1.032e-05 tau_eff=6.451e-07  (assembly reused)
PCG_PREP o=26 rebuild=1 drift=0 previous_depth=1
POINT_SAFE o=26 frozen=171 slope=-902.89285436192858 candidate=1856287.2394094048 original=inf current=1856880.1524243774 won=1 mode=1 camera_scale=1 keep_scale=0
ATTR_RADIUS o=26 raw_norm=7991.0068218541483 norm=553.82318679567265 radius=553.82318679567265 next_radius=553.82318679567265 lambda=1.0322319395459364e-05 next_lambda=1.0322319395459364e-05 rho=0.73976089851258064 accept=1
CLASSICAL_LM o=26 lambda=1.0322319395459364e-05 tau=1.0322319395459364e-05 prediction=801.49277444203699 rho=0.73976089851258064 accept=1
  MFCG it  27 cost=1.856287e+06 lam=1.032e-05 tau=0.00e+00 cg_it=0 shift=0 ckpt=1 alpha=0 acc mv=147
PCG_PREP o=27 rebuild=1 drift=0 previous_depth=1
POINT_SAFE o=27 frozen=152 slope=-676.24366031786496 candidate=1855677.3138126649 original=1856152.3217854411 current=1856287.2394094048 won=1 mode=1 camera_scale=1 keep_scale=0
ATTR_RADIUS o=27 raw_norm=8454.7153368038344 norm=553.82318679567277 radius=553.82318679567265 next_radius=1107.6463735913453 lambda=1.0322319395459364e-05 next_lambda=2.580579848864841e-06 rho=0.93590863036722538 accept=1
CLASSICAL_LM o=27 lambda=1.0322319395459364e-05 tau=1.0322319395459364e-05 prediction=651.69352749802681 rho=0.93590863036722538 accept=1
  MFCG it  28 cost=1.855677e+06 lam=2.581e-06 tau=0.00e+00 cg_it=0 shift=0 ckpt=1 alpha=0 acc mv=149
PCG_PREP o=28 rebuild=1 drift=0 previous_depth=1
POINT_SAFE o=28 frozen=301 slope=-1008.6033720341811 candidate=1854582.6010369721 original=1855040.4265752435 current=1855677.3138126649 won=1 mode=1 camera_scale=1 keep_scale=0
ATTR_RADIUS o=28 raw_norm=20844.092174435333 norm=1107.6463735913453 radius=1107.6463735913453 next_radius=2215.2927471826906 lambda=2.580579848864841e-06 next_lambda=6.4514496221621026e-07 rho=1.1199289903351628 accept=1
CLASSICAL_LM o=28 lambda=2.580579848864841e-06 tau=2.580579848864841e-06 prediction=977.4840950989161 rho=1.1199289903351628 accept=1
  MFCG it  29 cost=1.854583e+06 lam=6.451e-07 tau=0.00e+00 cg_it=1 shift=0 ckpt=2 alpha=0 acc mv=152
PCG_PREP o=29 rebuild=1 drift=0 previous_depth=2
POINT_SAFE o=29 frozen=250 slope=-1925.5231284575909 candidate=1853262.2284618956 original=1853658.404406443 current=1854582.6010369721 won=1 mode=1 camera_scale=1 keep_scale=0
ATTR_RADIUS o=29 raw_norm=54290.17680253357 norm=2215.2927471826915 radius=2215.2927471826906 next_radius=2215.2927471826906 lambda=6.4514496221621026e-07 next_lambda=6.4514496221621026e-07 rho=0.70487358993373006 accept=1
CLASSICAL_LM o=29 lambda=6.4514496221621026e-07 tau=6.4514496221621026e-07 prediction=1873.2047759097725 rho=0.70487358993373006 accept=1
  MFCG it  30 cost=1.853262e+06 lam=6.451e-07 tau=0.00e+00 cg_it=4 shift=0 ckpt=5 alpha=0 acc mv=158
PCG_PREP o=30 rebuild=1 drift=0 previous_depth=5
POINT_SAFE o=30 frozen=86 slope=-2015.4080851643478 candidate=1851739.9226347106 original=1852036.2782414029 current=1853262.2284618956 won=1 mode=1 camera_scale=1 keep_scale=0
ATTR_RADIUS o=30 raw_norm=55764.339319695653 norm=2215.2927471826897 radius=2215.2927471826906 next_radius=4430.5854943653812 lambda=6.4514496221621026e-07 next_lambda=6.4514496221621026e-07 rho=0.8053558631264145 accept=1
CLASSICAL_LM o=30 lambda=6.4514496221621026e-07 tau=6.4514496221621026e-07 prediction=1890.2275340436602 rho=0.8053558631264145 accept=1
  MFCG it  31 cost=1.851740e+06 lam=6.451e-07 tau=0.00e+00 cg_it=4 shift=0 ckpt=5 alpha=0 acc mv=164
PCG_PREP o=31 rebuild=1 drift=0 previous_depth=5
POINT_SAFE o=31 frozen=494 slope=-3981.5467815075854 candidate=1850080.622880216 original=1849133.825193218 current=1851739.9226347106 won=0 mode=1 camera_scale=1 keep_scale=0
ATTR_RADIUS o=31 raw_norm=60979.036547230578 norm=276.91159339783627 radius=4430.5854943653812 next_radius=4430.5854943653812 lambda=6.4514496221621026e-07 next_lambda=6.4514496221621026e-07 rho=0.40660076145500212 accept=1
CLASSICAL_LM o=31 lambda=6.4514496221621026e-07 tau=6.4514496221621026e-07 prediction=6409.4750638606838 rho=0.40660076145500212 accept=1
  MFCG it  32 cost=1.849134e+06 lam=6.451e-07 tau=0.00e+00 cg_it=5 shift=0 ckpt=6 alpha=0 acc mv=171
PCG_PREP o=32 rebuild=1 drift=0 previous_depth=6
POINT_SAFE o=32 frozen=507 slope=-4108.9133244691402 candidate=1847558.3784847525 original=1849107.4418008698 current=1849133.825193218 won=1 mode=1 camera_scale=1 keep_scale=0
ATTR_RADIUS o=32 raw_norm=59318.680594843405 norm=4430.5854943653812 radius=4430.5854943653812 next_radius=4430.5854943653812 lambda=6.4514496221621026e-07 next_lambda=6.4514496221621026e-07 rho=0.40537911668048537 accept=1
CLASSICAL_LM o=32 lambda=6.4514496221621026e-07 tau=6.4514496221621026e-07 prediction=3886.35389352631 rho=0.40537911668048537 accept=1
  MFCG it  33 cost=1.847558e+06 lam=6.451e-07 tau=0.00e+00 cg_it=5 shift=0 ckpt=6 alpha=0 acc mv=178
PCG_PREP o=33 rebuild=1 drift=0 previous_depth=6
POINT_SAFE o=33 frozen=389 slope=-3214.6526368514465 candidate=1870140.4994421757 original=1847055.0243888872 current=1847558.3784847525 won=0 mode=1 camera_scale=1 keep_scale=0
ATTR_RADIUS o=33 raw_norm=29245.269651212231 norm=69.227898349459068 radius=4430.5854943653812 next_radius=4430.5854943653812 lambda=6.4514496221621026e-07 next_lambda=6.4514496221621026e-07 rho=0.32425934744778195 accept=1
CLASSICAL_LM o=33 lambda=6.4514496221621026e-07 tau=6.4514496221621026e-07 prediction=1552.3194622672611 rho=0.32425934744778195 accept=1
  MFCG it  34 cost=1.847055e+06 lam=6.451e-07 tau=0.00e+00 cg_it=0 shift=0 ckpt=1 alpha=0 acc mv=180
PCG_PREP o=34 rebuild=1 drift=0 previous_depth=1
POINT_SAFE o=34 frozen=393 slope=-3188.1838102474899 candidate=3055195.1444863374 original=1847043.0396295208 current=1847055.0243888872 won=0 mode=1 camera_scale=1 keep_scale=0
ATTR_RADIUS o=34 raw_norm=29110.224880919392 norm=4430.5854943653812 radius=4430.5854943653812 next_radius=1107.6463735913453 lambda=6.4514496221621026e-07 next_lambda=1.0322319395459364e-05 rho=0.030999715953413932 accept=0
CLASSICAL_LM o=34 lambda=6.4514496221621026e-07 tau=6.4514496221621026e-07 prediction=386.60868326610409 rho=0.030999715953413932 accept=0
  MFCG it  35  retry 1/8  lam=1.032e-05 tau_eff=6.451e-07  (assembly reused)
PCG_PREP o=34 rebuild=1 drift=0 previous_depth=1
POINT_SAFE o=34 frozen=164 slope=-3052.9987203574829 candidate=1845143.0237802325 original=1847045.352425745 current=1847055.0243888872 won=1 mode=1 camera_scale=1 keep_scale=0
ATTR_RADIUS o=34 raw_norm=7001.7194149158877 norm=1107.6463735913455 radius=1107.6463735913453 next_radius=2215.2927471826906 lambda=1.0322319395459364e-05 next_lambda=2.580579848864841e-06 rho=0.80654414349651371 accept=1
CLASSICAL_LM o=34 lambda=1.0322319395459364e-05 tau=1.0322319395459364e-05 prediction=2370.6087559768603 rho=0.80654414349651371 accept=1
  MFCG it  35 cost=1.845143e+06 lam=2.581e-06 tau=0.00e+00 cg_it=0 shift=0 ckpt=1 alpha=0 acc mv=184
PCG_PREP o=35 rebuild=1 drift=0 previous_depth=1
POINT_SAFE o=35 frozen=413 slope=-1665.7998444529303 candidate=1846672.3630422279 original=1844439.1890137193 current=1845143.0237802325 won=0 mode=1 camera_scale=1 keep_scale=0
ATTR_RADIUS o=35 raw_norm=16528.948600958152 norm=34.613949174729534 radius=2215.2927471826906 next_radius=2215.2927471826906 lambda=2.580579848864841e-06 next_lambda=6.4514496221621026e-07 rho=0.46352474767039353 accept=1
CLASSICAL_LM o=35 lambda=2.580579848864841e-06 tau=2.580579848864841e-06 prediction=1518.4405364558661 rho=0.46352474767039353 accept=1
  MFCG it  36 cost=1.844439e+06 lam=6.451e-07 tau=0.00e+00 cg_it=0 shift=0 ckpt=1 alpha=0 acc mv=186
PCG_PREP o=36 rebuild=1 drift=0 previous_depth=1
POINT_SAFE o=36 frozen=322 slope=-1050.2932047502611 candidate=1862433.4905261176 original=inf current=1844439.1890137193 won=0 mode=1 camera_scale=1 keep_scale=0
ATTR_RADIUS o=36 raw_norm=30159.448049147337 norm=2215.2927471826902 radius=2215.2927471826906 next_radius=553.82318679567265 lambda=6.4514496221621026e-07 next_lambda=1.0322319395459364e-05 rho=-1 accept=0
CLASSICAL_LM o=36 lambda=6.4514496221621026e-07 tau=6.4514496221621026e-07 prediction=949.09294255745453 rho=-1 accept=0
  MFCG it  37  retry 1/8  lam=1.032e-05 tau_eff=6.451e-07  (assembly reused)
PCG_PREP o=36 rebuild=1 drift=0 previous_depth=1
POINT_SAFE o=36 frozen=76 slope=-988.31538348615516 candidate=1844371.0542371916 original=inf current=1844439.1890137193 won=1 mode=1 camera_scale=1 keep_scale=0
ATTR_RADIUS o=36 raw_norm=7521.7939474797904 norm=0 radius=553.82318679567265 next_radius=138.45579669891816 lambda=1.0322319395459364e-05 next_lambda=0.00016515711032734983 rho=0.075021328059543813 accept=0
CLASSICAL_LM o=36 lambda=1.0322319395459364e-05 tau=1.0322319395459364e-05 prediction=908.20541691400786 rho=0.075021328059543813 accept=0
  MFCG it  37  retry 2/8  lam=1.652e-04 tau_eff=1.032e-05  (assembly reused)
PCG_PREP o=36 rebuild=1 drift=0 previous_depth=1
POINT_SAFE o=36 frozen=33 slope=-1540.0036257334068 candidate=1876025.8829847765 original=inf current=1844439.1890137193 won=0 mode=1 camera_scale=1 keep_scale=0
ATTR_RADIUS o=36 raw_norm=2290.9211545673802 norm=138.45579669891816 radius=138.45579669891816 next_radius=34.613949174729541 lambda=0.00016515711032734983 next_lambda=0.0026425137652375972 rho=-1 accept=0
CLASSICAL_LM o=36 lambda=0.00016515711032734983 tau=0.00016515711032734983 prediction=1464.4283653146597 rho=-1 accept=0
  MFCG it  37  retry 3/8  lam=2.643e-03 tau_eff=1.652e-04  (assembly reused)
PCG_PREP o=36 rebuild=1 drift=0 previous_depth=1
POINT_SAFE o=36 frozen=5 slope=-6004.9375703439928 candidate=2733012.5650097067 original=inf current=1844439.1890137193 won=0 mode=1 camera_scale=1 keep_scale=0
ATTR_RADIUS o=36 raw_norm=588.57852771688511 norm=34.613949174729541 radius=34.613949174729541 next_radius=8.6534872936823852 lambda=0.0026425137652375972 next_lambda=0.042280220243801556 rho=-1 accept=0
CLASSICAL_LM o=36 lambda=0.0026425137652375972 tau=0.0026425137652375972 prediction=5785.3068765453581 rho=-1 accept=0
  MFCG it  37  retry 4/8  lam=4.228e-02 tau_eff=2.643e-03  (assembly reused)
PCG_PREP o=36 rebuild=1 drift=0 previous_depth=1
POINT_SAFE o=36 frozen=2 slope=-3220.9247517415774 candidate=282053240.1972934 original=1844432.3894562717 current=1844439.1890137193 won=0 mode=1 camera_scale=1 keep_scale=0
ATTR_RADIUS o=36 raw_norm=268.52528221259598 norm=0.033802684740946838 radius=8.6534872936823852 next_radius=2.1633718234205963 lambda=0.042280220243801556 next_lambda=0.67648352390082489 rho=0.24742519807190111 accept=1
CLASSICAL_LM o=36 lambda=0.042280220243801556 tau=0.042280220243801556 prediction=27.481265047589734 rho=0.24742519807190111 accept=1
  MFCG it  37 cost=1.844432e+06 lam=6.765e-01 tau=0.00e+00 cg_it=0 shift=0 ckpt=1 alpha=0 acc mv=196
PCG_PREP o=37 rebuild=1 drift=0 previous_depth=1
POINT_SAFE o=37 frozen=8 slope=-948.39747695624351 candidate=1857496.6152099117 original=1844430.585590543 current=1844432.3894562717 won=0 mode=1 camera_scale=1 keep_scale=0
ATTR_RADIUS o=37 raw_norm=168.60306354018871 norm=2.1633718234205976 radius=2.1633718234205963 next_radius=0.54084295585514908 lambda=0.67648352390082489 next_lambda=10.823736382413198 rho=0.052120519455784449 accept=0
CLASSICAL_LM o=37 lambda=0.67648352390082489 tau=0.67648352390082489 prediction=34.609511714427263 rho=0.052120519455784449 accept=0
  MFCG it  38  retry 1/8  lam=1.082e+01 tau_eff=6.765e-01  (assembly reused)
PCG_PREP o=37 rebuild=1 drift=0 previous_depth=1
POINT_SAFE o=37 frozen=567 slope=-248.75208992576017 candidate=1845135.7106844252 original=1844418.8406218945 current=1844432.3894562717 won=0 mode=1 camera_scale=1 keep_scale=0
ATTR_RADIUS o=37 raw_norm=33.432857581743349 norm=0.067605369481893635 radius=0.54084295585514908 next_radius=0.54084295585514908 lambda=10.823736382413198 next_lambda=1.0823736382413198 rho=0.40941476747491035 accept=1
CLASSICAL_LM o=37 lambda=10.823736382413198 tau=10.823736382413198 prediction=33.093174583722288 rho=0.40941476747491035 accept=1
  MFCG it  38 cost=1.844419e+06 lam=1.082e+00 tau=0.00e+00 cg_it=0 shift=0 ckpt=1 alpha=0 acc mv=200
PCG_PREP o=38 rebuild=1 drift=0 previous_depth=1
POINT_SAFE o=38 frozen=78 slope=-277.6655419193911 candidate=1844965.6939936038 original=1844413.9715640186 current=1844418.8406218945 won=0 mode=1 camera_scale=1 keep_scale=0
ATTR_RADIUS o=38 raw_norm=142.29881365229531 norm=0.54084295585514885 radius=0.54084295585514908 next_radius=0.13521073896378727 lambda=1.0823736382413198 next_lambda=17.317978211861117 rho=0.093072592085334818 accept=0
CLASSICAL_LM o=38 lambda=1.0823736382413198 tau=1.0823736382413198 prediction=52.314626322653965 rho=0.093072592085334818 accept=0
  MFCG it  39  retry 1/8  lam=1.732e+01 tau_eff=1.082e+00  (assembly reused)
PCG_PREP o=38 rebuild=1 drift=0 previous_depth=1
ATTR_RADIUS o=38 raw_norm=22.375858218608382 norm=0.13521073896378727 radius=0.13521073896378727 next_radius=0.033802684740946817 lambda=17.317978211861117 next_lambda=277.08765138977788 rho=0.19787693935041162 accept=1
CLASSICAL_LM o=38 lambda=17.317978211861117 tau=17.317978211861117 prediction=75.293408075601235 rho=0.19787693935041162 accept=1
  MFCG it  39 cost=1.844404e+06 lam=2.771e+02 tau=0.00e+00 cg_it=0 shift=0 ckpt=1 alpha=0 acc mv=204
PCG_PREP o=39 rebuild=1 drift=0 previous_depth=1
ATTR_RADIUS o=39 raw_norm=1.6155145737713426 norm=0.033802684740946824 radius=0.033802684740946817 next_radius=0.067605369481893635 lambda=277.08765138977788 next_lambda=69.271912847444469 rho=0.94036113052115977 accept=1
CLASSICAL_LM o=39 lambda=277.08765138977788 tau=277.08765138977788 prediction=19.172479266114053 rho=0.94036113052115977 accept=1
  MFCG it  40 cost=1.844386e+06 lam=6.927e+01 tau=0.00e+00 cg_it=0 shift=0 ckpt=1 alpha=0 acc mv=206
PCG_PREP o=40 rebuild=1 drift=0 previous_depth=1
ATTR_RADIUS o=40 raw_norm=6.2291619163476106 norm=0.067605369481893635 radius=0.067605369481893635 next_radius=0.13521073896378727 lambda=69.271912847444469 next_lambda=17.317978211861117 rho=0.80456378505323356 accept=1
CLASSICAL_LM o=40 lambda=69.271912847444469 tau=69.271912847444469 prediction=40.92544665024711 rho=0.80456378505323356 accept=1
  MFCG it  41 cost=1.844353e+06 lam=1.732e+01 tau=0.00e+00 cg_it=0 shift=0 ckpt=1 alpha=0 acc mv=208
PCG_PREP o=41 rebuild=1 drift=0 previous_depth=1
POINT_SAFE o=41 frozen=1558 slope=-64.812850557697629 candidate=1844398.2728962512 original=1844344.3803782235 current=1844352.9856062117 won=0 mode=1 camera_scale=1 keep_scale=0
ATTR_RADIUS o=41 raw_norm=22.273589121041965 norm=0.033802684740946838 radius=0.13521073896378727 next_radius=0.13521073896378727 lambda=17.317978211861117 next_lambda=1.7317978211861118 rho=0.48802294146135855 accept=1
CLASSICAL_LM o=41 lambda=17.317978211861117 tau=17.317978211861117 prediction=17.632834969695086 rho=0.48802294146135855 accept=1
  MFCG it  42 cost=1.844344e+06 lam=1.732e+00 tau=0.00e+00 cg_it=0 shift=0 ckpt=1 alpha=0 acc mv=210
PCG_PREP o=42 rebuild=1 drift=0 previous_depth=1
POINT_SAFE o=42 frozen=158 slope=-87.482725522975258 candidate=1844376.7333797275 original=1844342.3739364357 current=1844344.3803782235 won=0 mode=1 camera_scale=1 keep_scale=0
ATTR_RADIUS o=42 raw_norm=115.35124447804567 norm=0.1352107389637873 radius=0.13521073896378727 next_radius=0.033802684740946817 lambda=1.7317978211861118 next_lambda=27.708765138977789 rho=0.066210183056672256 accept=0
CLASSICAL_LM o=42 lambda=1.7317978211861118 tau=1.7317978211861118 prediction=30.304126875758385 rho=0.066210183056672256 accept=0
  MFCG it  43  retry 1/8  lam=2.771e+01 tau_eff=1.732e+00  (assembly reused)
PCG_PREP o=42 rebuild=1 drift=0 previous_depth=1
ATTR_RADIUS o=42 raw_norm=14.574481011431272 norm=0.033802684740946817 radius=0.033802684740946817 next_radius=0.033802684740946817 lambda=27.708765138977789 next_lambda=27.708765138977789 rho=0.55644578951100965 accept=1
CLASSICAL_LM o=42 lambda=27.708765138977789 tau=27.708765138977789 prediction=20.418998521704239 rho=0.55644578951100965 accept=1
  MFCG it  43 cost=1.844333e+06 lam=2.771e+01 tau=0.00e+00 cg_it=0 shift=0 ckpt=1 alpha=0 acc mv=214
PCG_PREP o=43 rebuild=1 drift=0 previous_depth=1
ATTR_RADIUS o=43 raw_norm=14.562630586264213 norm=0.033802684740946803 radius=0.033802684740946817 next_radius=0.033802684740946817 lambda=27.708765138977789 next_lambda=27.708765138977789 rho=0.43299723687939695 accept=1
CLASSICAL_LM o=43 lambda=27.708765138977789 tau=27.708765138977789 prediction=21.224861650188682 rho=0.43299723687939695 accept=1
  MFCG it  44 cost=1.844324e+06 lam=2.771e+01 tau=0.00e+00 cg_it=0 shift=0 ckpt=1 alpha=0 acc mv=216
PCG_PREP o=44 rebuild=1 drift=0 previous_depth=1
ATTR_RADIUS o=44 raw_norm=14.587196009786116 norm=0.033802684740946803 radius=0.033802684740946817 next_radius=0.033802684740946817 lambda=27.708765138977789 next_lambda=27.708765138977789 rho=0.63992621821452433 accept=1
CLASSICAL_LM o=44 lambda=27.708765138977789 tau=27.708765138977789 prediction=21.011842553802094 rho=0.63992621821452433 accept=1
  MFCG it  45 cost=1.844310e+06 lam=2.771e+01 tau=0.00e+00 cg_it=0 shift=0 ckpt=1 alpha=0 acc mv=218
PCG_PREP o=45 rebuild=1 drift=0 previous_depth=1
POINT_SAFE o=45 frozen=2876 slope=-17.156559979640775 candidate=1844317.9997638003 original=1844308.6895789336 current=1844310.3819770792 won=0 mode=1 camera_scale=1 keep_scale=0
ATTR_RADIUS o=45 raw_norm=14.499273472100292 norm=0.016901342370473429 radius=0.033802684740946817 next_radius=0.0084506711852367043 lambda=27.708765138977789 next_lambda=443.34024222364462 rho=0.18425936372985036 accept=1
CLASSICAL_LM o=45 lambda=27.708765138977789 tau=27.708765138977789 prediction=9.1848691502230899 rho=0.18425936372985036 accept=1
  MFCG it  46 cost=1.844309e+06 lam=4.433e+02 tau=0.00e+00 cg_it=0 shift=0 ckpt=1 alpha=0 acc mv=220
PCG_PREP o=46 rebuild=1 drift=0 previous_depth=1
ATTR_RADIUS o=46 raw_norm=0.98303279337545724 norm=0.0084506711852367095 radius=0.0084506711852367043 next_radius=0.016901342370473409 lambda=443.34024222364462 next_lambda=110.83506055591116 rho=0.93450916308740095 accept=1
CLASSICAL_LM o=46 lambda=443.34024222364462 tau=443.34024222364462 prediction=4.0704411043242237 rho=0.93450916308740095 accept=1
  MFCG it  47 cost=1.844305e+06 lam=1.108e+02 tau=0.00e+00 cg_it=0 shift=0 ckpt=1 alpha=0 acc mv=222
PCG_PREP o=47 rebuild=1 drift=0 previous_depth=1
ATTR_RADIUS o=47 raw_norm=3.8642681195321291 norm=0.016901342370473402 radius=0.016901342370473409 next_radius=0.033802684740946817 lambda=110.83506055591116 next_lambda=27.708765138977789 rho=0.76633994596525978 accept=1
CLASSICAL_LM o=47 lambda=110.83506055591116 tau=110.83506055591116 prediction=8.4535483461239576 rho=0.76633994596525978 accept=1
  MFCG it  48 cost=1.844298e+06 lam=2.771e+01 tau=0.00e+00 cg_it=0 shift=0 ckpt=1 alpha=0 acc mv=224
PCG_PREP o=48 rebuild=1 drift=0 previous_depth=1
POINT_SAFE o=48 frozen=2559 slope=-15.481505710294265 candidate=1845739.5709794359 original=1844298.3629604599 current=1844298.4074226411 won=0 mode=1 camera_scale=1 keep_scale=0
ATTR_RADIUS o=48 raw_norm=13.06813205217045 norm=0.00026408347453864701 radius=0.033802684740946817 next_radius=0.033802684740946817 lambda=27.708765138977789 next_lambda=2.7708765138977789 rho=0.36762478802852616 accept=1
CLASSICAL_LM o=48 lambda=27.708765138977789 tau=27.708765138977789 prediction=0.12094445916046072 rho=0.36762478802852616 accept=1
  MFCG: converged (OCA_FTOL: 8 outers < 1.0e-05 rel)
  [menu-backtrack] confirming stop with original retry policy at outer 49
  MFCG it  49 cost=1.844298e+06 lam=2.771e+00 tau=0.00e+00 cg_it=0 shift=0 ckpt=1 alpha=0 acc mv=226
PCG_PREP o=49 rebuild=1 drift=0 previous_depth=1
ATTR_RADIUS o=49 raw_norm=85.124658280444564 norm=0.033802684740946831 radius=0.033802684740946817 next_radius=0.0084506711852367043 lambda=2.7708765138977789 next_lambda=44.334024222364462 rho=-1 accept=0
CLASSICAL_LM o=49 lambda=2.7708765138977789 tau=2.7708765138977789 prediction=28.030918213957985 rho=-1 accept=0
  MFCG it  50  retry 1/8  lam=4.433e+01 tau_eff=2.771e+00  (assembly reused)
PCG_PREP o=49 rebuild=1 drift=0 previous_depth=1
ATTR_RADIUS o=49 raw_norm=9.1399741742459977 norm=0.008450671185236713 radius=0.0084506711852367043 next_radius=0.0021126677963091761 lambda=44.334024222364462 next_lambda=709.3443875578314 rho=-1 accept=0
CLASSICAL_LM o=49 lambda=44.334024222364462 tau=44.334024222364462 prediction=5.2679680189924847 rho=-1 accept=0
  MFCG it  50  retry 2/8  lam=7.093e+02 tau_eff=4.433e+01  (assembly reused)
PCG_PREP o=49 rebuild=1 drift=0 previous_depth=1
ATTR_RADIUS o=49 raw_norm=0.60181294238342842 norm=0.0021126677963091765 radius=0.0021126677963091761 next_radius=0.00052816694907729402 lambda=709.3443875578314 next_lambda=11349.510200925302 rho=-1 accept=0
CLASSICAL_LM o=49 lambda=709.3443875578314 tau=709.3443875578314 prediction=1.0143476944182583 rho=-1 accept=0
  MFCG it  50  retry 3/8  lam=1.135e+04 tau_eff=7.093e+02  (assembly reused)
PCG_PREP o=49 rebuild=1 drift=0 previous_depth=1
ATTR_RADIUS o=49 raw_norm=0.037741359544655552 norm=0.00052816694907729359 radius=0.00052816694907729402 next_radius=0.00052816694907729402 lambda=11349.510200925302 next_lambda=11349.510200925302 rho=0.72113310196303826 accept=1
CLASSICAL_LM o=49 lambda=11349.510200925302 tau=11349.510200925302 prediction=0.2331397282201936 rho=0.72113310196303826 accept=1
  MFCG it  50 cost=1.844298e+06 lam=1.135e+04 tau=0.00e+00 cg_it=0 shift=0 ckpt=1 alpha=0 acc mv=234
PCG_PREP o=50 rebuild=1 drift=0 previous_depth=1
ATTR_RADIUS o=50 raw_norm=0.031683208881788001 norm=0.00052816694907729424 radius=0.00052816694907729402 next_radius=0.00013204173726932351 lambda=11349.510200925302 next_lambda=181592.16321480484 rho=-1 accept=0
CLASSICAL_LM o=50 lambda=11349.510200925302 tau=11349.510200925302 prediction=0.19642274268784771 rho=-1 accept=0
  MFCG it  51  retry 1/8  lam=1.816e+05 tau_eff=1.135e+04  (assembly reused)
PCG_PREP o=50 rebuild=1 drift=0 previous_depth=1
ATTR_RADIUS o=50 raw_norm=0.0019804771443134423 norm=0.00013204173726932342 radius=0.00013204173726932351 next_radius=0.00013204173726932351 lambda=181592.16321480484 next_lambda=181592.16321480484 rho=0.59705202401570101 accept=1
CLASSICAL_LM o=50 lambda=181592.16321480484 tau=181592.16321480484 prediction=0.047892379991529337 rho=0.59705202401570101 accept=1
  MFCG it  51 cost=1.844298e+06 lam=1.816e+05 tau=0.00e+00 cg_it=0 shift=0 ckpt=1 alpha=0 acc mv=238
PCG_PREP o=51 rebuild=1 drift=0 previous_depth=1
ATTR_RADIUS o=51 raw_norm=0.0022280084272177994 norm=0.00013204173726932356 radius=0.00013204173726932351 next_radius=0.00026408347453864701 lambda=181592.16321480484 next_lambda=45398.040803701209 rho=0.75296705335617131 accept=1
CLASSICAL_LM o=51 lambda=181592.16321480484 tau=181592.16321480484 prediction=0.053838275520205064 rho=0.75296705335617131 accept=1
  MFCG it  52 cost=1.844298e+06 lam=4.540e+04 tau=0.00e+00 cg_it=0 shift=0 ckpt=1 alpha=0 acc mv=240
PCG_PREP o=52 rebuild=1 drift=0 previous_depth=1
ATTR_RADIUS o=52 raw_norm=0.007166732133873044 norm=0.00026408347453864717 radius=0.00026408347453864701 next_radius=0.00026408347453864701 lambda=45398.040803701209 next_lambda=45398.040803701209 rho=0.57423017098623719 accept=1
CLASSICAL_LM o=52 lambda=45398.040803701209 tau=45398.040803701209 prediction=0.087547654418601129 rho=0.57423017098623719 accept=1
  MFCG it  53 cost=1.844298e+06 lam=4.540e+04 tau=0.00e+00 cg_it=0 shift=0 ckpt=1 alpha=0 acc mv=242
PCG_PREP o=53 rebuild=1 drift=0 previous_depth=1
ATTR_RADIUS o=53 raw_norm=0.0093559448984628681 norm=0.00026408347453864696 radius=0.00026408347453864701 next_radius=0.00052816694907729402 lambda=45398.040803701209 next_lambda=11349.510200925302 rho=0.79939275631399098 accept=1
CLASSICAL_LM o=53 lambda=45398.040803701209 tau=45398.040803701209 prediction=0.11386642788236485 rho=0.79939275631399098 accept=1
  MFCG it  54 cost=1.844298e+06 lam=1.135e+04 tau=0.00e+00 cg_it=0 shift=0 ckpt=1 alpha=0 acc mv=244
PCG_PREP o=54 rebuild=1 drift=0 previous_depth=1
ATTR_RADIUS o=54 raw_norm=0.028894137836592445 norm=0 radius=0.00052816694907729402 next_radius=0.00013204173726932351 lambda=11349.510200925302 next_lambda=181592.16321480484 rho=0.063978689825892693 accept=0
CLASSICAL_LM o=54 lambda=11349.510200925302 tau=11349.510200925302 prediction=0.17977840066284775 rho=0.063978689825892693 accept=0
  MFCG it  55  retry 1/8  lam=1.816e+05 tau_eff=1.135e+04  (assembly reused)
PCG_PREP o=54 rebuild=1 drift=0 previous_depth=1
ATTR_RADIUS o=54 raw_norm=0.001806260270128078 norm=0.00013204173726932345 radius=0.00013204173726932351 next_radius=0.00026408347453864701 lambda=181592.16321480484 next_lambda=45398.040803701209 rho=0.759251855956522 accept=1
CLASSICAL_LM o=54 lambda=181592.16321480484 tau=181592.16321480484 prediction=0.04371923462336099 rho=0.759251855956522 accept=1
  MFCG it  55 cost=1.844298e+06 lam=4.540e+04 tau=0.00e+00 cg_it=0 shift=0 ckpt=1 alpha=0 acc mv=248
PCG_PREP o=55 rebuild=1 drift=0 previous_depth=1
ATTR_RADIUS o=55 raw_norm=0.0087464823314901199 norm=0.00026408347453864696 radius=0.00026408347453864701 next_radius=0.00026408347453864701 lambda=45398.040803701209 next_lambda=45398.040803701209 rho=0.39799097917747528 accept=1
CLASSICAL_LM o=55 lambda=45398.040803701209 tau=45398.040803701209 prediction=0.1064756156878548 rho=0.39799097917747528 accept=1
  MFCG it  56 cost=1.844298e+06 lam=4.540e+04 tau=0.00e+00 cg_it=0 shift=0 ckpt=1 alpha=0 acc mv=250
PCG_PREP o=56 rebuild=1 drift=0 previous_depth=1
ATTR_RADIUS o=56 raw_norm=0.0093547112003757472 norm=0.00026408347453864701 radius=0.00026408347453864701 next_radius=0.00052816694907729402 lambda=45398.040803701209 next_lambda=11349.510200925302 rho=0.79851760914641845 accept=1
CLASSICAL_LM o=56 lambda=45398.040803701209 tau=45398.040803701209 prediction=0.11385107451500226 rho=0.79851760914641845 accept=1
  MFCG: converged (OCA_FTOL: 8 outers < 1.0e-05 rel)
  MFCG: accepts=57 rejects=15 total_matvecs=252 negcurv=1 cand_evals=72 mean_cg_per_outer=4.4
NUMERIC_REPAIR summary rebuilds=1 floor=6.4514496221621026e-07
  [retry-cache] builds=73 reuses=0
  [menu-backtrack] trials=47 rescues=43 evals=304 total_scored=376
POINT_SAFE summary calls=47 evals=47 wins=18 frozen=28201 seconds=0.560764862
  [scoring] menu_evals=72 alpha_evals=0 backtrack_evals=304 total_scored=376
RESULT algo=mfree_shifted_cg iters=57 final_cost=1844297.8179241598 solve_seconds=3.531518
DIAGNOSTICS median_reproj_err_px 2.704502 -> 0.555770 | cheirality_violations(obs) 751 -> 760 | cheirality_violations(pts, of 310854) 725 -> 732
