  [menu-backtrack] active=1 max_evals=8 warmup_accepts=3 confirm_stop=original armijo=1e-4
MIXED_STORAGE fragments=fp32 arithmetic=fp64 state=fp64 acceptance=fp64
  [compact-fragments] active=2 saved_bytes=36105992 storage=fp32 camera_reads=contiguous
  MFCG score_init=11152062.77276247 precision=fp64
PCG_PREP o=0 rebuild=1 drift=0 previous_depth=0
E2_CAP o=0 retry=0 touched=0 ncam=52 raw=3104.2454053620154 capped=3104.2454053620145 radius=3104.2454053620154 median=305.60028916264457 global_scale=1
ATTR_RADIUS o=0 raw_norm=3104.2454053620154 norm=3104.2454053620154 radius=3104.2454053620154 next_radius=6208.4908107240308 lambda=0.10000000000000001 next_lambda=0.025000000000000001 rho=0.99944779658081739 accept=1
CLASSICAL_LM o=0 lambda=0.10000000000000001 tau=0.10000000000000001 prediction=9052081.1126991697 rho=0.99944779658081739 accept=1
  MFCG it   1 cost=2.104980e+06 lam=2.500e-02 tau=0.00e+00 cg_it=1 shift=0 ckpt=2 alpha=0 acc mv=3
PCG_PREP o=1 rebuild=1 drift=0 previous_depth=2
E2_CAP o=1 retry=0 touched=0 ncam=52 raw=2676.9295338215593 capped=2676.9295338215588 radius=6208.4908107240308 median=291.23422265370357 global_scale=1
ATTR_RADIUS o=1 raw_norm=2676.9295338215593 norm=2676.9295338215593 radius=6208.4908107240308 next_radius=6208.4908107240308 lambda=0.025000000000000001 next_lambda=0.0025000000000000005 rho=0.99568870257701547 accept=1
CLASSICAL_LM o=1 lambda=0.025000000000000001 tau=0.025000000000000001 prediction=602145.25532400236 rho=0.99568870257701547 accept=1
  MFCG it   2 cost=1.505431e+06 lam=2.500e-03 tau=0.00e+00 cg_it=8 shift=0 ckpt=9 alpha=0 acc mv=13
PCG_PREP o=2 rebuild=1 drift=0 previous_depth=9
E2_CAP o=2 retry=0 touched=0 ncam=52 raw=9509.888563420127 capped=9509.888563420127 radius=6208.4908107240308 median=1110.7313800384054 global_scale=0.65284580038141005
ATTR_RADIUS o=2 raw_norm=9509.888563420127 norm=9509.888563420127 radius=6208.4908107240308 next_radius=1552.1227026810077 lambda=0.0025000000000000005 next_lambda=0.040000000000000008 rho=0.99719873945067961 accept=0
CLASSICAL_LM o=2 lambda=0.0025000000000000005 tau=0.0025000000000000005 prediction=466617.20987416297 rho=0.99719873945067961 accept=0
  MFCG it   3  retry 1/8  lam=4.000e-02 tau_eff=2.500e-03  (assembly reused)
PCG_PREP o=2 rebuild=1 drift=0 previous_depth=5
E2_CAP o=2 retry=1 touched=0 ncam=52 raw=1174.9805593604431 capped=1174.9805593604437 radius=1552.1227026810077 median=141.13098246206789 global_scale=1
ATTR_RADIUS o=2 raw_norm=1174.9805593604428 norm=1174.9805593604428 radius=1552.1227026810077 next_radius=1552.1227026810077 lambda=0.040000000000000008 next_lambda=0.004000000000000001 rho=0.9986288804571688 accept=1
CLASSICAL_LM o=2 lambda=0.040000000000000008 tau=0.040000000000000008 prediction=110175.27288178721 rho=0.9986288804571688 accept=1
  MFCG it   3 cost=1.395407e+06 lam=4.000e-03 tau=0.00e+00 cg_it=1 shift=0 ckpt=2 alpha=0 acc mv=22
PCG_PREP o=3 rebuild=1 drift=0 previous_depth=2
E2_CAP o=3 retry=0 touched=0 ncam=52 raw=6352.2440295758479 capped=6352.2440295758497 radius=1552.1227026810077 median=749.35222119241666 global_scale=0.24434242378825072
ATTR_RADIUS o=3 raw_norm=6352.2440295758506 norm=1552.1227026810075 radius=1552.1227026810077 next_radius=3104.2454053620154 lambda=0.004000000000000001 next_lambda=0.0010000000000000002 rho=0.99935116992945328 accept=1
CLASSICAL_LM o=3 lambda=0.004000000000000001 tau=0.004000000000000001 prediction=130395.46565964867 rho=0.99935116992945328 accept=1
  MFCG it   4 cost=1.265096e+06 lam=1.000e-03 tau=0.00e+00 cg_it=2 shift=0 ckpt=3 alpha=0 acc mv=26
PCG_PREP o=4 rebuild=1 drift=0 previous_depth=3
E2_CAP o=4 retry=0 touched=0 ncam=52 raw=16318.759101695221 capped=16318.759101695226 radius=3104.2454053620154 median=1780.2721496258685 global_scale=0.19022557940937679
ATTR_RADIUS o=4 raw_norm=16318.759101695221 norm=3104.2454053620145 radius=3104.2454053620154 next_radius=6208.4908107240308 lambda=0.0010000000000000002 next_lambda=0.00025000000000000006 rho=1.001913169536566 accept=1
CLASSICAL_LM o=4 lambda=0.0010000000000000002 tau=0.0010000000000000002 prediction=118967.35531055396 rho=1.001913169536566 accept=1
  MFCG it   5 cost=1.145901e+06 lam=2.500e-04 tau=0.00e+00 cg_it=4 shift=0 ckpt=5 alpha=0 acc mv=32
PCG_PREP o=5 rebuild=1 drift=0 previous_depth=5
E2_CAP o=5 retry=0 touched=0 ncam=52 raw=36069.27326070991 capped=36069.273260709902 radius=6208.4908107240308 median=3643.1586582045315 global_scale=0.17212686171547881
ATTR_RADIUS o=5 raw_norm=36069.273260709902 norm=6208.4908107240317 radius=6208.4908107240308 next_radius=12416.981621448062 lambda=0.00025000000000000006 next_lambda=6.2500000000000015e-05 rho=1.0071856336565501 accept=1
CLASSICAL_LM o=5 lambda=0.00025000000000000006 tau=0.00025000000000000006 prediction=145946.99765330669 rho=1.0071856336565501 accept=1
  MFCG it   6 cost=9.989053e+05 lam=6.250e-05 tau=0.00e+00 cg_it=6 shift=0 ckpt=7 alpha=0 acc mv=40
PCG_PREP o=6 rebuild=1 drift=0 previous_depth=7
E2_CAP o=6 retry=0 touched=0 ncam=52 raw=58714.594859575533 capped=58714.59485957554 radius=12416.981621448062 median=5962.3122670313369 global_scale=0.2114803253117061
ATTR_RADIUS o=6 raw_norm=58714.59485957554 norm=12416.981621448062 radius=12416.981621448062 next_radius=24833.963242896123 lambda=6.2500000000000015e-05 next_lambda=1.5625000000000004e-05 rho=0.75688517095343111 accept=1
CLASSICAL_LM o=6 lambda=6.2500000000000015e-05 tau=6.2500000000000015e-05 prediction=204587.28157967189 rho=0.75688517095343111 accept=1
  MFCG it   7 cost=8.440562e+05 lam=1.563e-05 tau=0.00e+00 cg_it=7 shift=0 ckpt=8 alpha=0 acc mv=49
PCG_PREP o=7 rebuild=1 drift=0 previous_depth=8
E2_CAP o=7 retry=0 touched=0 ncam=52 raw=68685.803092271948 capped=68685.803092271963 radius=24833.963242896123 median=4468.3300417801329 global_scale=0.36155889754298098
ATTR_RADIUS o=7 raw_norm=68685.803092271963 norm=24833.963242896123 radius=24833.963242896123 next_radius=49667.926485792246 lambda=1.5625000000000004e-05 next_lambda=3.9062500000000009e-06 rho=0.86387764953308577 accept=1
CLASSICAL_LM o=7 lambda=1.5625000000000004e-05 tau=1.5625000000000004e-05 prediction=310066.56275793276 rho=0.86387764953308577 accept=1
  MFCG it   8 cost=5.761966e+05 lam=3.906e-06 tau=0.00e+00 cg_it=7 shift=0 ckpt=8 alpha=0 acc mv=58
PCG_PREP o=8 rebuild=1 drift=0 previous_depth=8
E2_CAP o=8 retry=0 touched=0 ncam=52 raw=65867.386696764923 capped=65867.386696764923 radius=49667.926485792246 median=3352.9342406820015 global_scale=0.75405946670466106
POINT_SAFE o=8 frozen=1087 slope=-444812.32673584734 candidate=424214.05449216987 original=435962.22592421423 current=576196.61922577047 won=1 mode=1 camera_scale=1 keep_scale=0
ATTR_RADIUS o=8 raw_norm=65867.386696764923 norm=49667.926485792246 radius=49667.926485792246 next_radius=49667.926485792246 lambda=3.9062500000000009e-06 next_lambda=3.9062500000000009e-06 rho=0.60880319628012236 accept=1
CLASSICAL_LM o=8 lambda=3.9062500000000009e-06 tau=3.9062500000000009e-06 prediction=249641.53549494577 rho=0.60880319628012236 accept=1
  MFCG it   9 cost=4.242141e+05 lam=3.906e-06 tau=0.00e+00 cg_it=7 shift=0 ckpt=8 alpha=0 acc mv=67
PCG_PREP o=9 rebuild=1 drift=0 previous_depth=8
E2_CAP o=9 retry=0 touched=1 ncam=52 raw=10982.659125990096 capped=7855.712152420565 radius=49667.926485792246 median=231.04469303116105 global_scale=1
POINT_SAFE o=9 frozen=54 slope=-240792.23259634251 candidate=312873.55937757815 original=390853.9019582849 current=424214.05449216987 won=1 mode=1 camera_scale=1 keep_scale=0
ATTR_RADIUS o=9 raw_norm=10982.659125990098 norm=7855.7121524205659 radius=49667.926485792246 next_radius=49667.926485792246 lambda=3.9062500000000009e-06 next_lambda=3.9062500000000012e-07 rho=0.89015098050722707 accept=1
CLASSICAL_LM o=9 lambda=3.9062500000000009e-06 tau=3.9062500000000009e-06 prediction=125080.4611271085 rho=0.89015098050722707 accept=1
  MFCG it  10 cost=3.128736e+05 lam=3.906e-07 tau=0.00e+00 cg_it=0 shift=0 ckpt=1 alpha=0 acc mv=69
PCG_PREP o=10 rebuild=1 drift=0 previous_depth=1
E2_CAP o=10 retry=0 touched=1 ncam=52 raw=45994.572187186212 capped=15713.147972833352 radius=49667.926485792246 median=371.59356121435246 global_scale=1
POINT_SAFE o=10 frozen=141 slope=-46056.140981764314 candidate=298918.67466904689 original=286000.77273499907 current=312873.55937757815 won=0 mode=1 camera_scale=1 keep_scale=0
ATTR_RADIUS o=10 raw_norm=45994.572187186204 norm=3928.2869932083377 radius=49667.926485792246 next_radius=49667.926485792246 lambda=3.9062500000000012e-07 next_lambda=3.9062500000000016e-08 rho=1.2290017312101724 accept=1
CLASSICAL_LM o=10 lambda=3.9062500000000012e-07 tau=3.9062500000000012e-07 prediction=21865.540104746637 rho=1.2290017312101724 accept=1
  MFCG it  11 cost=2.860008e+05 lam=3.906e-08 tau=0.00e+00 cg_it=1 shift=0 ckpt=2 alpha=0 acc mv=72
PCG_PREP o=11 rebuild=1 drift=0 previous_depth=2
E2_CAP o=11 retry=0 touched=1 ncam=52 raw=16413.060118319892 capped=4166.6643947041421 radius=49667.926485792246 median=104.12491757113162 global_scale=1
ATTR_RADIUS o=11 raw_norm=16413.060118319892 norm=4166.6643947041439 radius=49667.926485792246 next_radius=49667.926485792246 lambda=3.9062500000000016e-08 next_lambda=3.9062500000000015e-09 rho=0.71015569383581933 accept=1
CLASSICAL_LM o=11 lambda=3.9062500000000016e-08 tau=3.9062500000000016e-08 prediction=22311.033466953333 rho=0.71015569383581933 accept=1
  MFCG it  12 cost=2.701565e+05 lam=3.906e-09 tau=0.00e+00 cg_it=0 shift=0 ckpt=1 alpha=0 acc mv=74
PCG_PREP o=12 rebuild=1 drift=0 previous_depth=1
E2_CAP o=12 retry=0 touched=1 ncam=52 raw=59762.606265665338 capped=13336.828828352334 radius=49667.926485792246 median=322.31933875027164 global_scale=1
ATTR_RADIUS o=12 raw_norm=59762.606265665338 norm=13336.828828352336 radius=49667.926485792246 next_radius=49667.926485792246 lambda=3.9062500000000015e-09 next_lambda=3.9062500000000019e-10 rho=0.65766312158865381 accept=1
CLASSICAL_LM o=12 lambda=3.9062500000000015e-09 tau=3.9062500000000015e-09 prediction=14907.581429432154 rho=0.65766312158865381 accept=1
  MFCG it  13 cost=2.603523e+05 lam=3.906e-10 tau=0.00e+00 cg_it=1 shift=0 ckpt=2 alpha=0 acc mv=77
PCG_PREP o=13 rebuild=1 drift=0 previous_depth=2
E2_CAP o=13 retry=0 touched=1 ncam=52 raw=17351.41465375611 capped=1408.8070290512185 radius=49667.926485792246 median=41.585967330572146 global_scale=1
ATTR_RADIUS o=13 raw_norm=17351.41465375611 norm=1408.807029051218 radius=49667.926485792246 next_radius=49667.926485792246 lambda=3.9062500000000019e-10 next_lambda=3.906250000000002e-11 rho=0.82963906367769957 accept=1
CLASSICAL_LM o=13 lambda=3.9062500000000019e-10 tau=3.9062500000000019e-10 prediction=3999.2597754881735 rho=0.82963906367769957 accept=1
  MFCG it  14 cost=2.570344e+05 lam=3.906e-11 tau=0.00e+00 cg_it=0 shift=0 ckpt=1 alpha=0 acc mv=79
PCG_PREP o=14 rebuild=1 drift=0 previous_depth=1
E2_CAP o=14 retry=0 touched=1 ncam=52 raw=17233.294230818803 capped=1137.7888632047163 radius=49667.926485792246 median=34.27986648994343 global_scale=1
ATTR_RADIUS o=14 raw_norm=17233.294230818799 norm=1137.7888632047163 radius=49667.926485792246 next_radius=49667.926485792246 lambda=3.906250000000002e-11 next_lambda=3.9062500000000019e-12 rho=0.80048137838451294 accept=1
CLASSICAL_LM o=14 lambda=3.906250000000002e-11 tau=3.906250000000002e-11 prediction=2100.9626270571939 rho=0.80048137838451294 accept=1
  MFCG it  15 cost=2.553526e+05 lam=3.906e-12 tau=0.00e+00 cg_it=0 shift=0 ckpt=1 alpha=0 acc mv=81
PCG_PREP o=15 rebuild=1 drift=0 previous_depth=1
E2_CAP o=15 retry=0 touched=1 ncam=52 raw=17427.381416691351 capped=1152.4514027048601 radius=49667.926485792246 median=34.782777283752964 global_scale=1
ATTR_RADIUS o=15 raw_norm=17427.381416691354 norm=1152.4514027048599 radius=49667.926485792246 next_radius=49667.926485792246 lambda=3.9062500000000019e-12 next_lambda=3.9062500000000022e-13 rho=0.79485944493231153 accept=1
CLASSICAL_LM o=15 lambda=3.9062500000000019e-12 tau=3.9062500000000019e-12 prediction=1566.3270418459633 rho=0.79485944493231153 accept=1
  MFCG it  16 cost=2.541076e+05 lam=3.906e-13 tau=0.00e+00 cg_it=0 shift=0 ckpt=1 alpha=0 acc mv=83
PCG_PREP o=16 rebuild=1 drift=0 previous_depth=1
E2_CAP o=16 retry=0 touched=1 ncam=52 raw=17785.317310471157 capped=939.82917269106849 radius=49667.926485792246 median=26.283629213869666 global_scale=1
ATTR_RADIUS o=16 raw_norm=17785.31731047115 norm=939.82917269106838 radius=49667.926485792246 next_radius=49667.926485792246 lambda=3.9062500000000022e-13 next_lambda=3.9062500000000023e-14 rho=0.80307740214529899 accept=1
CLASSICAL_LM o=16 lambda=3.9062500000000022e-13 tau=3.9062500000000022e-13 prediction=1167.1621130294329 rho=0.80307740214529899 accept=1
  MFCG it  17 cost=2.531702e+05 lam=3.906e-14 tau=0.00e+00 cg_it=0 shift=0 ckpt=1 alpha=0 acc mv=85
PCG_PREP o=17 rebuild=1 drift=0 previous_depth=1
E2_CAP o=17 retry=0 touched=1 ncam=52 raw=18150.108846540206 capped=973.83334138682108 radius=49667.926485792246 median=27.426316140370812 global_scale=1
ATTR_RADIUS o=17 raw_norm=18150.108846540203 norm=973.83334138682119 radius=49667.926485792246 next_radius=49667.926485792246 lambda=3.9062500000000023e-14 next_lambda=3.9062500000000023e-15 rho=0.77903025616749477 accept=1
CLASSICAL_LM o=17 lambda=3.9062500000000023e-14 tau=3.9062500000000023e-14 prediction=1053.7983952071852 rho=0.77903025616749477 accept=1
  MFCG it  18 cost=2.523493e+05 lam=3.906e-15 tau=0.00e+00 cg_it=0 shift=0 ckpt=1 alpha=0 acc mv=87
PCG_PREP o=18 rebuild=1 drift=0 previous_depth=1
E2_CAP o=18 retry=0 touched=1 ncam=52 raw=18611.04197527677 capped=900.32856925357419 radius=49667.926485792246 median=24.442903725902823 global_scale=1
ATTR_RADIUS o=18 raw_norm=18611.041975276774 norm=900.3285692535743 radius=49667.926485792246 next_radius=49667.926485792246 lambda=3.9062500000000023e-15 next_lambda=3.9062500000000026e-16 rho=0.75501014598181926 accept=1
CLASSICAL_LM o=18 lambda=3.9062500000000023e-15 tau=3.9062500000000023e-15 prediction=921.67984052998167 rho=0.75501014598181926 accept=1
  MFCG it  19 cost=2.516534e+05 lam=3.906e-16 tau=0.00e+00 cg_it=0 shift=0 ckpt=1 alpha=0 acc mv=89
PCG_PREP o=19 rebuild=1 drift=0 previous_depth=1
E2_CAP o=19 retry=0 touched=1 ncam=52 raw=19100.611981581598 capped=879.80875328170532 radius=49667.926485792246 median=23.723898380514008 global_scale=1
ATTR_RADIUS o=19 raw_norm=19100.611981581591 norm=879.80875328170532 radius=49667.926485792246 next_radius=49667.926485792246 lambda=3.9062500000000026e-16 next_lambda=9.9999999999999998e-17 rho=0.74455398479347457 accept=1
CLASSICAL_LM o=19 lambda=3.9062500000000026e-16 tau=3.9062500000000026e-16 prediction=820.09161156765185 rho=0.74455398479347457 accept=1
  MFCG it  20 cost=2.510428e+05 lam=1.000e-16 tau=0.00e+00 cg_it=0 shift=0 ckpt=1 alpha=0 acc mv=91
PCG_PREP o=20 rebuild=1 drift=0 previous_depth=1
E2_CAP o=20 retry=0 touched=1 ncam=52 raw=19648.917147316151 capped=879.14647311720341 radius=49667.926485792246 median=23.848254002122101 global_scale=1
ATTR_RADIUS o=20 raw_norm=19648.917147316155 norm=879.14647311720341 radius=49667.926485792246 next_radius=49667.926485792246 lambda=9.9999999999999998e-17 next_lambda=9.9999999999999998e-17 rho=0.72656124346907669 accept=1
CLASSICAL_LM o=20 lambda=9.9999999999999998e-17 tau=9.9999999999999998e-17 prediction=782.92059858250218 rho=0.72656124346907669 accept=1
  MFCG it  21 cost=2.504740e+05 lam=1.000e-16 tau=0.00e+00 cg_it=0 shift=0 ckpt=1 alpha=0 acc mv=93
PCG_PREP o=21 rebuild=1 drift=0 previous_depth=1
E2_CAP o=21 retry=0 touched=1 ncam=52 raw=21317.071077103537 capped=1074.3336502817936 radius=49667.926485792246 median=25.561780871610637 global_scale=1
ATTR_RADIUS o=21 raw_norm=21317.071077103541 norm=0 radius=49667.926485792246 next_radius=12416.981621448062 lambda=9.9999999999999998e-17 next_lambda=1.6e-15 rho=-1 accept=0
CLASSICAL_LM o=21 lambda=9.9999999999999998e-17 tau=9.9999999999999998e-17 prediction=-218.62300091302927 rho=-1 accept=0
  MFCG it  22  retry 1/8  lam=1.600e-15 tau_eff=1.000e-16  (assembly reused)
PCG_PREP o=21 rebuild=1 drift=0 previous_depth=1
E2_CAP o=21 retry=1 touched=1 ncam=52 raw=20258.902567003086 capped=817.47663128029092 radius=12416.981621448062 median=21.652909888725809 global_scale=1
ATTR_RADIUS o=21 raw_norm=20258.902567003086 norm=817.4766312802908 radius=12416.981621448062 next_radius=12416.981621448062 lambda=1.6e-15 next_lambda=1.6000000000000001e-16 rho=0.65829784771111011 accept=1
CLASSICAL_LM o=21 lambda=1.6e-15 tau=1.6e-15 prediction=716.37543460689835 rho=0.65829784771111011 accept=1
  MFCG it  22 cost=2.500024e+05 lam=1.600e-16 tau=0.00e+00 cg_it=0 shift=0 ckpt=1 alpha=0 acc mv=97
PCG_PREP o=22 rebuild=1 drift=0 previous_depth=1
NUMERIC_REPAIR o=22 lambda=1.6000000000000001e-16 rayleigh=-8.3757387350930988e-06 next_lambda=3.3502954941012393e-05 cg=1 rebuild=1
PCG_PREP o=22 rebuild=1 drift=0 previous_depth=1
E2_CAP o=22 retry=0 touched=1 ncam=52 raw=2296.5850788847192 capped=571.91417036598682 radius=12416.981621448062 median=16.998655153965224 global_scale=1
ATTR_RADIUS o=22 raw_norm=2296.5850788847192 norm=571.91417036598682 radius=12416.981621448062 next_radius=12416.981621448062 lambda=3.3502954941012393e-05 next_lambda=3.3502954941012393e-05 rho=0.97752202827459567 accept=1
CLASSICAL_LM o=22 lambda=3.3502954941012393e-05 tau=3.3502954941012393e-05 prediction=1104.4152075995937 rho=0.97752202827459567 accept=1
  MFCG it  23 cost=2.489228e+05 lam=3.350e-05 tau=0.00e+00 cg_it=0 shift=0 ckpt=1 alpha=0 acc mv=101
PCG_PREP o=23 rebuild=1 drift=0 previous_depth=1
E2_CAP o=23 retry=0 touched=1 ncam=52 raw=2393.3717205600592 capped=538.98476082768696 radius=12416.981621448062 median=15.581320769220243 global_scale=1
ATTR_RADIUS o=23 raw_norm=2393.3717205600597 norm=538.98476082768696 radius=12416.981621448062 next_radius=12416.981621448062 lambda=3.3502954941012393e-05 next_lambda=3.3502954941012393e-05 rho=0.97587927955488174 accept=1
CLASSICAL_LM o=23 lambda=3.3502954941012393e-05 tau=3.3502954941012393e-05 prediction=573.73565730324901 rho=0.97587927955488174 accept=1
  MFCG it  24 cost=2.483629e+05 lam=3.350e-05 tau=0.00e+00 cg_it=0 shift=0 ckpt=1 alpha=0 acc mv=103
PCG_PREP o=24 rebuild=1 drift=0 previous_depth=1
E2_CAP o=24 retry=0 touched=1 ncam=52 raw=2507.0500708628192 capped=546.03474096046125 radius=12416.981621448062 median=15.688618799095238 global_scale=1
ATTR_RADIUS o=24 raw_norm=2507.0500708628197 norm=546.03474096046125 radius=12416.981621448062 next_radius=12416.981621448062 lambda=3.3502954941012393e-05 next_lambda=3.3502954941012393e-05 rho=0.97812958084761203 accept=1
CLASSICAL_LM o=24 lambda=3.3502954941012393e-05 tau=3.3502954941012393e-05 prediction=438.27769022657276 rho=0.97812958084761203 accept=1
  MFCG it  25 cost=2.479342e+05 lam=3.350e-05 tau=0.00e+00 cg_it=0 shift=0 ckpt=1 alpha=0 acc mv=105
PCG_PREP o=25 rebuild=1 drift=0 previous_depth=1
E2_CAP o=25 retry=0 touched=1 ncam=52 raw=2647.6691921375104 capped=553.84530903285963 radius=12416.981621448062 median=15.813003762055775 global_scale=1
ATTR_RADIUS o=25 raw_norm=2647.6691921375095 norm=553.84530903285975 radius=12416.981621448062 next_radius=12416.981621448062 lambda=3.3502954941012393e-05 next_lambda=3.3502954941012393e-05 rho=0.98090582010112826 accept=1
CLASSICAL_LM o=25 lambda=3.3502954941012393e-05 tau=3.3502954941012393e-05 prediction=354.28260843711246 rho=0.98090582010112826 accept=1
  MFCG it  26 cost=2.475867e+05 lam=3.350e-05 tau=0.00e+00 cg_it=0 shift=0 ckpt=1 alpha=0 acc mv=107
PCG_PREP o=26 rebuild=1 drift=0 previous_depth=1
E2_CAP o=26 retry=0 touched=1 ncam=52 raw=2804.9039078243081 capped=563.1678883964114 radius=12416.981621448062 median=16.004404894563937 global_scale=1
ATTR_RADIUS o=26 raw_norm=2804.9039078243081 norm=563.1678883964114 radius=12416.981621448062 next_radius=12416.981621448062 lambda=3.3502954941012393e-05 next_lambda=3.3502954941012393e-05 rho=0.98371413986280443 accept=1
CLASSICAL_LM o=26 lambda=3.3502954941012393e-05 tau=3.3502954941012393e-05 prediction=300.64918495369454 rho=0.98371413986280443 accept=1
  MFCG it  27 cost=2.472909e+05 lam=3.350e-05 tau=0.00e+00 cg_it=0 shift=0 ckpt=1 alpha=0 acc mv=109
PCG_PREP o=27 rebuild=1 drift=0 previous_depth=1
E2_CAP o=27 retry=0 touched=0 ncam=52 raw=2907.8354882736389 capped=2907.8354882736376 radius=12416.981621448062 median=101.13834669382561 global_scale=1
ATTR_RADIUS o=27 raw_norm=2907.835488273638 norm=2907.835488273638 radius=12416.981621448062 next_radius=12416.981621448062 lambda=3.3502954941012393e-05 next_lambda=3.3502954941012393e-05 rho=0.9695587023038138 accept=1
CLASSICAL_LM o=27 lambda=3.3502954941012393e-05 tau=3.3502954941012393e-05 prediction=1122.3341905184466 rho=0.9695587023038138 accept=1
  MFCG it  28 cost=2.462028e+05 lam=3.350e-05 tau=0.00e+00 cg_it=1 shift=0 ckpt=2 alpha=0 acc mv=112
PCG_PREP o=28 rebuild=1 drift=0 previous_depth=2
E2_CAP o=28 retry=0 touched=1 ncam=52 raw=3102.5352296588903 capped=462.08964085365602 radius=12416.981621448062 median=13.720950992515677 global_scale=1
ATTR_RADIUS o=28 raw_norm=3102.5352296588903 norm=462.08964085365614 radius=12416.981621448062 next_radius=12416.981621448062 lambda=3.3502954941012393e-05 next_lambda=3.3502954941012393e-05 rho=0.9899000353321955 accept=1
CLASSICAL_LM o=28 lambda=3.3502954941012393e-05 tau=3.3502954941012393e-05 prediction=233.26821739399503 rho=0.9899000353321955 accept=1
  MFCG it  29 cost=2.459719e+05 lam=3.350e-05 tau=0.00e+00 cg_it=0 shift=0 ckpt=1 alpha=0 acc mv=114
PCG_PREP o=29 rebuild=1 drift=0 previous_depth=1
E2_CAP o=29 retry=0 touched=0 ncam=52 raw=3541.4429618027884 capped=3541.4429618027893 radius=12416.981621448062 median=243.99019362428135 global_scale=1
ATTR_RADIUS o=29 raw_norm=3541.442961802788 norm=3541.442961802788 radius=12416.981621448062 next_radius=12416.981621448062 lambda=3.3502954941012393e-05 next_lambda=3.3502954941012393e-05 rho=0.98873477625727657 accept=1
CLASSICAL_LM o=29 lambda=3.3502954941012393e-05 tau=3.3502954941012393e-05 prediction=1407.7042791022091 rho=0.98873477625727657 accept=1
  MFCG it  30 cost=2.445800e+05 lam=3.350e-05 tau=0.00e+00 cg_it=3 shift=0 ckpt=4 alpha=0 acc mv=119
PCG_PREP o=30 rebuild=1 drift=0 previous_depth=4
E2_CAP o=30 retry=0 touched=0 ncam=52 raw=4095.8424540290393 capped=4095.8424540290375 radius=12416.981621448062 median=391.71443332234219 global_scale=1
ATTR_RADIUS o=30 raw_norm=4095.8424540290393 norm=4095.8424540290393 radius=12416.981621448062 next_radius=12416.981621448062 lambda=3.3502954941012393e-05 next_lambda=3.3502954941012393e-05 rho=0.99295526521452526 accept=1
CLASSICAL_LM o=30 lambda=3.3502954941012393e-05 tau=3.3502954941012393e-05 prediction=853.27940973249611 rho=0.99295526521452526 accept=1
TARGET reached outer=31 seconds=0.390080588 cost=243732.74908654089 threshold=243740.26999999999
  MFCG: accepts=31 rejects=2 total_matvecs=143 negcurv=1 cand_evals=33 mean_cg_per_outer=4.6
NUMERIC_REPAIR summary rebuilds=1 floor=3.3502954941012393e-05
  [retry-cache] builds=34 reuses=0
  [menu-backtrack] trials=3 rescues=3 evals=7 total_scored=40
POINT_SAFE summary calls=3 evals=3 wins=2 frozen=1282 seconds=0.00722998
  [scoring] menu_evals=33 alpha_evals=0 backtrack_evals=7 total_scored=40
RESULT algo=mfree_shifted_cg iters=31 final_cost=243732.7490865409 solve_seconds=0.393428
DIAGNOSTICS median_reproj_err_px 3.252455 -> 0.359669 | cheirality_violations(obs) 0 -> 0 | cheirality_violations(pts, of 64053) 0 -> 0
