  [menu-backtrack] active=1 max_evals=8 warmup_accepts=3 confirm_stop=original armijo=1e-4
MIXED_STORAGE fragments=fp32 arithmetic=fp64 state=fp64 acceptance=fp64
  [compact-fragments] active=2 saved_bytes=36105992 storage=fp32 camera_reads=contiguous
  MFCG score_init=11152062.77276247 precision=fp64
PCG_PREP o=0 rebuild=1 drift=0 previous_depth=0
ATTR_RADIUS o=0 raw_norm=3225.3525896296701 norm=3225.3525896296701 radius=3225.3525896296701 next_radius=6450.7051792593402 lambda=0.10000000000000001 next_lambda=0.025000000000000001 rho=0.999974388395106 accept=1
CLASSICAL_LM o=0 lambda=0.10000000000000001 tau=0.10000000000000001 prediction=8877594.9877400454 rho=0.999974388395106 accept=1
  MFCG it   1 cost=2.274695e+06 lam=2.500e-02 tau=0.00e+00 cg_it=0 shift=0 ckpt=1 alpha=0 acc mv=2
PCG_PREP o=1 rebuild=1 drift=0 previous_depth=1
ATTR_RADIUS o=1 raw_norm=2725.1440498078482 norm=2725.1440498078478 radius=6450.7051792593402 next_radius=6450.7051792593402 lambda=0.025000000000000001 next_lambda=0.0025000000000000005 rho=0.99701845569054948 accept=1
CLASSICAL_LM o=1 lambda=0.025000000000000001 tau=0.025000000000000001 prediction=770789.7381605861 rho=0.99701845569054948 accept=1
  MFCG it   2 cost=1.506204e+06 lam=2.500e-03 tau=0.00e+00 cg_it=4 shift=0 ckpt=5 alpha=0 acc mv=8
PCG_PREP o=2 rebuild=1 drift=0 previous_depth=5
ATTR_RADIUS o=2 raw_norm=9578.8535291649605 norm=6450.7051792593411 radius=6450.7051792593402 next_radius=12901.41035851868 lambda=0.0025000000000000005 next_lambda=0.00062500000000000012 rho=0.99788045990932916 accept=1
CLASSICAL_LM o=2 lambda=0.0025000000000000005 tau=0.0025000000000000005 prediction=379875.54087330552 rho=0.99788045990932916 accept=1
  MFCG it   3 cost=1.127133e+06 lam=6.250e-04 tau=0.00e+00 cg_it=6 shift=0 ckpt=7 alpha=0 acc mv=16
PCG_PREP o=3 rebuild=1 drift=0 previous_depth=7
ATTR_RADIUS o=3 raw_norm=20859.307736733499 norm=12901.41035851868 radius=12901.41035851868 next_radius=25802.820717037361 lambda=0.00062500000000000012 next_lambda=0.00015625000000000003 rho=1.0093969216304999 accept=1
CLASSICAL_LM o=3 lambda=0.00062500000000000012 tau=0.00062500000000000012 prediction=304236.92171968956 rho=1.0093969216304999 accept=1
  MFCG it   4 cost=8.200374e+05 lam=1.563e-04 tau=0.00e+00 cg_it=5 shift=0 ckpt=6 alpha=0 acc mv=23
PCG_PREP o=4 rebuild=1 drift=0 previous_depth=6
ATTR_RADIUS o=4 raw_norm=36747.144698152762 norm=25802.820717037357 radius=25802.820717037361 next_radius=51605.641434074721 lambda=0.00015625000000000003 next_lambda=3.9062500000000008e-05 rho=0.98437153825722157 accept=1
CLASSICAL_LM o=4 lambda=0.00015625000000000003 tau=0.00015625000000000003 prediction=327617.41563049605 rho=0.98437153825722157 accept=1
  MFCG it   5 cost=4.975401e+05 lam=3.906e-05 tau=0.00e+00 cg_it=8 shift=0 ckpt=9 alpha=0 acc mv=33
PCG_PREP o=5 rebuild=1 drift=0 previous_depth=9
POINT_SAFE o=5 frozen=1464 slope=-317535.1642585682 candidate=381890.57175844471 original=373473.4895041922 current=497540.10902546986 won=0 mode=1 camera_scale=1 keep_scale=0
ATTR_RADIUS o=5 raw_norm=37463.33989555938 norm=18731.66994777969 radius=51605.641434074721 next_radius=51605.641434074721 lambda=3.9062500000000008e-05 next_lambda=3.9062500000000009e-06 rho=0.96839028966562057 accept=1
CLASSICAL_LM o=5 lambda=3.9062500000000008e-05 tau=3.9062500000000008e-05 prediction=128116.33991509471 rho=0.96839028966562057 accept=1
  MFCG it   6 cost=3.734735e+05 lam=3.906e-06 tau=0.00e+00 cg_it=6 shift=0 ckpt=7 alpha=0 acc mv=41
PCG_PREP o=6 rebuild=1 drift=0 previous_depth=7
POINT_SAFE o=6 frozen=670 slope=-179589.07992117584 candidate=403764.28923151444 original=368581.37676017353 current=373473.4895041922 won=0 mode=1 camera_scale=1 keep_scale=0
ATTR_RADIUS o=6 raw_norm=50229.77366450314 norm=50229.773664503133 radius=51605.641434074721 next_radius=12901.41035851868 lambda=3.9062500000000009e-06 next_lambda=6.2500000000000015e-05 rho=0.067438022828393493 accept=0
CLASSICAL_LM o=6 lambda=3.9062500000000009e-06 tau=3.9062500000000009e-06 prediction=72542.351315183245 rho=0.067438022828393493 accept=0
  MFCG it   7  retry 1/8  lam=6.250e-05 tau_eff=3.906e-06  (assembly reused)
PCG_PREP o=6 rebuild=1 drift=0 previous_depth=6
ATTR_RADIUS o=6 raw_norm=19848.981314690438 norm=12901.410358518682 radius=12901.41035851868 next_radius=25802.820717037361 lambda=6.2500000000000015e-05 next_lambda=1.5625000000000004e-05 rho=0.88264652927077381 accept=1
CLASSICAL_LM o=6 lambda=6.2500000000000015e-05 tau=6.2500000000000015e-05 prediction=68725.645360297669 rho=0.88264652927077381 accept=1
  MFCG it   7 cost=3.128130e+05 lam=1.563e-05 tau=0.00e+00 cg_it=5 shift=0 ckpt=6 alpha=0 acc mv=55
PCG_PREP o=7 rebuild=1 drift=0 previous_depth=6
POINT_SAFE o=7 frozen=179 slope=-71080.75289447869 candidate=285659.20105447836 original=290316.68179697008 current=312813.0371550314 won=1 mode=1 camera_scale=1 keep_scale=0
ATTR_RADIUS o=7 raw_norm=22599.915802684325 norm=22599.915802684325 radius=25802.820717037361 next_radius=25802.820717037361 lambda=1.5625000000000004e-05 next_lambda=1.5625000000000004e-05 rho=0.69104370026217909 accept=1
CLASSICAL_LM o=7 lambda=1.5625000000000004e-05 tau=1.5625000000000004e-05 prediction=39293.949268694574 rho=0.69104370026217909 accept=1
  MFCG it   8 cost=2.856592e+05 lam=1.563e-05 tau=0.00e+00 cg_it=5 shift=0 ckpt=6 alpha=0 acc mv=62
PCG_PREP o=8 rebuild=1 drift=0 previous_depth=6
POINT_SAFE o=8 frozen=172 slope=-35253.139877887552 candidate=271070.78118560329 original=280479.5432322204 current=285659.20105447836 won=1 mode=1 camera_scale=1 keep_scale=0
ATTR_RADIUS o=8 raw_norm=7069.8982091421676 norm=7069.8982091421676 radius=25802.820717037361 next_radius=25802.820717037361 lambda=1.5625000000000004e-05 next_lambda=1.5625000000000005e-06 rho=0.81451556421093485 accept=1
CLASSICAL_LM o=8 lambda=1.5625000000000004e-05 tau=1.5625000000000004e-05 prediction=17910.547704521337 rho=0.81451556421093485 accept=1
  MFCG it   9 cost=2.710708e+05 lam=1.563e-06 tau=0.00e+00 cg_it=0 shift=0 ckpt=1 alpha=0 acc mv=64
PCG_PREP o=9 rebuild=1 drift=0 previous_depth=1
POINT_SAFE o=9 frozen=444 slope=-15079.165074984521 candidate=301858.9011986921 original=265559.9086055691 current=271070.78118560329 won=0 mode=1 camera_scale=1 keep_scale=0
ATTR_RADIUS o=9 raw_norm=35180.400912923244 norm=3225.3525896296687 radius=25802.820717037361 next_radius=25802.820717037361 lambda=1.5625000000000005e-06 next_lambda=1.5625000000000007e-07 rho=1.5016342947629657 accept=1
CLASSICAL_LM o=9 lambda=1.5625000000000005e-06 tau=1.5625000000000005e-06 prediction=3669.9165697358349 rho=1.5016342947629657 accept=1
  MFCG it  10 cost=2.655599e+05 lam=1.563e-07 tau=0.00e+00 cg_it=1 shift=0 ckpt=2 alpha=0 acc mv=67
PCG_PREP o=10 rebuild=1 drift=0 previous_depth=2
POINT_SAFE o=10 frozen=296 slope=-17400.140376407515 candidate=291982.51958427508 original=262360.07403104415 current=265559.9086055691 won=0 mode=1 camera_scale=1 keep_scale=0
ATTR_RADIUS o=10 raw_norm=43906.21990985189 norm=6450.7051792593393 radius=25802.820717037361 next_radius=25802.820717037361 lambda=1.5625000000000007e-07 next_lambda=1.5625000000000006e-08 rho=0.62243357179240133 accept=1
CLASSICAL_LM o=10 lambda=1.5625000000000007e-07 tau=1.5625000000000007e-07 prediction=5140.8450950203342 rho=0.62243357179240133 accept=1
  MFCG it  11 cost=2.623601e+05 lam=1.563e-08 tau=0.00e+00 cg_it=1 shift=0 ckpt=2 alpha=0 acc mv=70
PCG_PREP o=11 rebuild=1 drift=0 previous_depth=2
POINT_SAFE o=11 frozen=497 slope=-19032.023220035735 candidate=262959.41538676096 original=258725.35487780583 current=262360.07403104415 won=0 mode=1 camera_scale=1 keep_scale=0
ATTR_RADIUS o=11 raw_norm=15181.99529143146 norm=7590.99764571573 radius=25802.820717037361 next_radius=25802.820717037361 lambda=1.5625000000000006e-08 next_lambda=1.5625000000000008e-09 rho=0.50186950994932034 accept=1
CLASSICAL_LM o=11 lambda=1.5625000000000006e-08 tau=1.5625000000000006e-08 prediction=7242.3589821293499 rho=0.50186950994932034 accept=1
  MFCG it  12 cost=2.587254e+05 lam=1.563e-09 tau=0.00e+00 cg_it=0 shift=0 ckpt=1 alpha=0 acc mv=72
PCG_PREP o=12 rebuild=1 drift=0 previous_depth=1
POINT_SAFE o=12 frozen=126 slope=-14016.078737219159 candidate=262001.75335370874 original=257433.67048996221 current=258725.35487780583 won=0 mode=1 camera_scale=1 keep_scale=0
ATTR_RADIUS o=12 raw_norm=15538.099924620778 norm=7769.0499623103888 radius=25802.820717037361 next_radius=6450.7051792593402 lambda=1.5625000000000008e-09 next_lambda=2.5000000000000012e-08 rho=0.23570551227464673 accept=1
CLASSICAL_LM o=12 lambda=1.5625000000000008e-09 tau=1.5625000000000008e-09 prediction=5480.0771325981295 rho=0.23570551227464673 accept=1
  MFCG it  13 cost=2.574337e+05 lam=2.500e-08 tau=0.00e+00 cg_it=0 shift=0 ckpt=1 alpha=0 acc mv=74
PCG_PREP o=13 rebuild=1 drift=0 previous_depth=1
ATTR_RADIUS o=13 raw_norm=15524.113131415481 norm=6450.7051792593356 radius=6450.7051792593402 next_radius=6450.7051792593402 lambda=2.5000000000000012e-08 next_lambda=2.5000000000000012e-08 rho=0.47299405976270031 accept=1
CLASSICAL_LM o=13 lambda=2.5000000000000012e-08 tau=2.5000000000000012e-08 prediction=4871.9654681769616 rho=0.47299405976270031 accept=1
  MFCG it  14 cost=2.551293e+05 lam=2.500e-08 tau=0.00e+00 cg_it=0 shift=0 ckpt=1 alpha=0 acc mv=76
PCG_PREP o=14 rebuild=1 drift=0 previous_depth=1
ATTR_RADIUS o=14 raw_norm=16033.38486945007 norm=6450.7051792593384 radius=6450.7051792593402 next_radius=6450.7051792593402 lambda=2.5000000000000012e-08 next_lambda=2.5000000000000012e-08 rho=0.38314840192614014 accept=1
CLASSICAL_LM o=14 lambda=2.5000000000000012e-08 tau=2.5000000000000012e-08 prediction=3169.7024576528129 rho=0.38314840192614014 accept=1
  MFCG it  15 cost=2.539148e+05 lam=2.500e-08 tau=0.00e+00 cg_it=0 shift=0 ckpt=1 alpha=0 acc mv=78
PCG_PREP o=15 rebuild=1 drift=0 previous_depth=1
ATTR_RADIUS o=15 raw_norm=16481.007088320304 norm=6450.7051792593384 radius=6450.7051792593402 next_radius=6450.7051792593402 lambda=2.5000000000000012e-08 next_lambda=2.5000000000000012e-08 rho=0.28682743136170247 accept=1
CLASSICAL_LM o=15 lambda=2.5000000000000012e-08 tau=2.5000000000000012e-08 prediction=2478.168005117961 rho=0.28682743136170247 accept=1
  MFCG it  16 cost=2.532040e+05 lam=2.500e-08 tau=0.00e+00 cg_it=0 shift=0 ckpt=1 alpha=0 acc mv=80
PCG_PREP o=16 rebuild=1 drift=0 previous_depth=1
ATTR_RADIUS o=16 raw_norm=16889.056595373706 norm=6450.7051792593438 radius=6450.7051792593402 next_radius=1612.676294814835 lambda=2.5000000000000012e-08 next_lambda=4.0000000000000019e-07 rho=0.1889482115598273 accept=1
CLASSICAL_LM o=16 lambda=2.5000000000000012e-08 tau=2.5000000000000012e-08 prediction=2159.8451578656009 rho=0.1889482115598273 accept=1
  MFCG it  17 cost=2.527959e+05 lam=4.000e-07 tau=0.00e+00 cg_it=0 shift=0 ckpt=1 alpha=0 acc mv=82
PCG_PREP o=17 rebuild=1 drift=0 previous_depth=1
ATTR_RADIUS o=17 raw_norm=14617.484117589134 norm=1612.6762948148355 radius=1612.676294814835 next_radius=3225.3525896296701 lambda=4.0000000000000019e-07 next_lambda=1.0000000000000005e-07 rho=0.79754521745727336 accept=1
CLASSICAL_LM o=17 lambda=4.0000000000000019e-07 tau=4.0000000000000019e-07 prediction=764.23474462433762 rho=0.79754521745727336 accept=1
  MFCG it  18 cost=2.521864e+05 lam=1.000e-07 tau=0.00e+00 cg_it=0 shift=0 ckpt=1 alpha=0 acc mv=84
PCG_PREP o=18 rebuild=1 drift=0 previous_depth=1
ATTR_RADIUS o=18 raw_norm=16964.777534771783 norm=3225.3525896296692 radius=3225.3525896296701 next_radius=3225.3525896296701 lambda=1.0000000000000005e-07 next_lambda=1.0000000000000005e-07 rho=0.49400706444289 accept=1
CLASSICAL_LM o=18 lambda=1.0000000000000005e-07 tau=1.0000000000000005e-07 prediction=941.95419201918014 rho=0.49400706444289 accept=1
  MFCG it  19 cost=2.517210e+05 lam=1.000e-07 tau=0.00e+00 cg_it=0 shift=0 ckpt=1 alpha=0 acc mv=86
PCG_PREP o=19 rebuild=1 drift=0 previous_depth=1
ATTR_RADIUS o=19 raw_norm=17469.416431317921 norm=3225.3525896296692 radius=3225.3525896296701 next_radius=3225.3525896296701 lambda=1.0000000000000005e-07 next_lambda=1.0000000000000005e-07 rho=0.46605475749176389 accept=1
CLASSICAL_LM o=19 lambda=1.0000000000000005e-07 tau=1.0000000000000005e-07 prediction=812.56799840095084 rho=0.46605475749176389 accept=1
  MFCG it  20 cost=2.513423e+05 lam=1.000e-07 tau=0.00e+00 cg_it=0 shift=0 ckpt=1 alpha=0 acc mv=88
PCG_PREP o=20 rebuild=1 drift=0 previous_depth=1
ATTR_RADIUS o=20 raw_norm=17896.407626847533 norm=3225.352589629671 radius=3225.3525896296701 next_radius=3225.3525896296701 lambda=1.0000000000000005e-07 next_lambda=1.0000000000000005e-07 rho=0.43515989885669504 accept=1
CLASSICAL_LM o=20 lambda=1.0000000000000005e-07 tau=1.0000000000000005e-07 prediction=711.4947012467527 rho=0.43515989885669504 accept=1
  MFCG it  21 cost=2.510327e+05 lam=1.000e-07 tau=0.00e+00 cg_it=0 shift=0 ckpt=1 alpha=0 acc mv=90
PCG_PREP o=21 rebuild=1 drift=0 previous_depth=1
ATTR_RADIUS o=21 raw_norm=18275.014466148892 norm=3225.3525896296692 radius=3225.3525896296701 next_radius=3225.3525896296701 lambda=1.0000000000000005e-07 next_lambda=1.0000000000000005e-07 rho=0.40550990120086994 accept=1
CLASSICAL_LM o=21 lambda=1.0000000000000005e-07 tau=1.0000000000000005e-07 prediction=634.80106822312996 rho=0.40550990120086994 accept=1
  MFCG it  22 cost=2.507753e+05 lam=1.000e-07 tau=0.00e+00 cg_it=0 shift=0 ckpt=1 alpha=0 acc mv=92
PCG_PREP o=22 rebuild=1 drift=0 previous_depth=1
ATTR_RADIUS o=22 raw_norm=18608.434155653933 norm=3225.3525896296692 radius=3225.3525896296701 next_radius=3225.3525896296701 lambda=1.0000000000000005e-07 next_lambda=1.0000000000000005e-07 rho=0.37709231416008038 accept=1
CLASSICAL_LM o=22 lambda=1.0000000000000005e-07 tau=1.0000000000000005e-07 prediction=575.78589833851515 rho=0.37709231416008038 accept=1
  MFCG it  23 cost=2.505582e+05 lam=1.000e-07 tau=0.00e+00 cg_it=0 shift=0 ckpt=1 alpha=0 acc mv=94
PCG_PREP o=23 rebuild=1 drift=0 previous_depth=1
ATTR_RADIUS o=23 raw_norm=18900.316025499596 norm=3225.352589629671 radius=3225.3525896296701 next_radius=3225.3525896296701 lambda=1.0000000000000005e-07 next_lambda=1.0000000000000005e-07 rho=0.34998647925283355 accept=1
CLASSICAL_LM o=23 lambda=1.0000000000000005e-07 tau=1.0000000000000005e-07 prediction=529.85012147223688 rho=0.34998647925283355 accept=1
  MFCG it  24 cost=2.503727e+05 lam=1.000e-07 tau=0.00e+00 cg_it=0 shift=0 ckpt=1 alpha=0 acc mv=96
PCG_PREP o=24 rebuild=1 drift=0 previous_depth=1
ATTR_RADIUS o=24 raw_norm=19155.823088659079 norm=3225.3525896296705 radius=3225.3525896296701 next_radius=3225.3525896296701 lambda=1.0000000000000005e-07 next_lambda=1.0000000000000005e-07 rho=0.32430078269900819 accept=1
CLASSICAL_LM o=24 lambda=1.0000000000000005e-07 tau=1.0000000000000005e-07 prediction=493.80348166712014 rho=0.32430078269900819 accept=1
  MFCG it  25 cost=2.502126e+05 lam=1.000e-07 tau=0.00e+00 cg_it=0 shift=0 ckpt=1 alpha=0 acc mv=98
PCG_PREP o=25 rebuild=1 drift=0 previous_depth=1
ATTR_RADIUS o=25 raw_norm=19378.901994957178 norm=3225.352589629671 radius=3225.3525896296701 next_radius=3225.3525896296701 lambda=1.0000000000000005e-07 next_lambda=1.0000000000000005e-07 rho=0.30017367314208693 accept=1
CLASSICAL_LM o=25 lambda=1.0000000000000005e-07 tau=1.0000000000000005e-07 prediction=465.38061371083307 rho=0.30017367314208693 accept=1
  MFCG it  26 cost=2.500729e+05 lam=1.000e-07 tau=0.00e+00 cg_it=0 shift=0 ckpt=1 alpha=0 acc mv=100
PCG_PREP o=26 rebuild=1 drift=0 previous_depth=1
ATTR_RADIUS o=26 raw_norm=19565.377530198573 norm=3225.3525896296692 radius=3225.3525896296701 next_radius=3225.3525896296701 lambda=1.0000000000000005e-07 next_lambda=1.0000000000000005e-07 rho=0.27774804694429378 accept=1
CLASSICAL_LM o=26 lambda=1.0000000000000005e-07 tau=1.0000000000000005e-07 prediction=442.94026972017616 rho=0.27774804694429378 accept=1
  MFCG it  27 cost=2.499499e+05 lam=1.000e-07 tau=0.00e+00 cg_it=0 shift=0 ckpt=1 alpha=0 acc mv=102
PCG_PREP o=27 rebuild=1 drift=0 previous_depth=1
ATTR_RADIUS o=27 raw_norm=19693.848677874234 norm=3225.3525896296701 radius=3225.3525896296701 next_radius=3225.3525896296701 lambda=1.0000000000000005e-07 next_lambda=1.0000000000000005e-07 rho=0.25688838899276434 accept=1
CLASSICAL_LM o=27 lambda=1.0000000000000005e-07 tau=1.0000000000000005e-07 prediction=425.08472555392842 rho=0.25688838899276434 accept=1
  MFCG it  28 cost=2.498407e+05 lam=1.000e-07 tau=0.00e+00 cg_it=0 shift=0 ckpt=1 alpha=0 acc mv=104
PCG_PREP o=28 rebuild=1 drift=0 previous_depth=1
ATTR_RADIUS o=28 raw_norm=19802.461861762658 norm=3225.3525896296696 radius=3225.3525896296701 next_radius=806.33814740741752 lambda=1.0000000000000005e-07 next_lambda=1.6000000000000008e-06 rho=0.23753895280178461 accept=1
CLASSICAL_LM o=28 lambda=1.0000000000000005e-07 tau=1.0000000000000005e-07 prediction=410.84677514611747 rho=0.23753895280178461 accept=1
  MFCG it  29 cost=2.497431e+05 lam=1.600e-06 tau=0.00e+00 cg_it=0 shift=0 ckpt=1 alpha=0 acc mv=106
PCG_PREP o=29 rebuild=1 drift=0 previous_depth=1
ATTR_RADIUS o=29 raw_norm=4420.1150254225231 norm=806.33814740741741 radius=806.33814740741752 next_radius=1612.676294814835 lambda=1.6000000000000008e-06 next_lambda=4.0000000000000019e-07 rho=0.92638564736578932 accept=1
CLASSICAL_LM o=29 lambda=1.6000000000000008e-06 tau=1.6000000000000008e-06 prediction=415.01745474748702 rho=0.92638564736578932 accept=1
  MFCG it  30 cost=2.493586e+05 lam=4.000e-07 tau=0.00e+00 cg_it=0 shift=0 ckpt=1 alpha=0 acc mv=108
PCG_PREP o=30 rebuild=1 drift=0 previous_depth=1
ATTR_RADIUS o=30 raw_norm=12507.662112162148 norm=1612.6762948148355 radius=1612.676294814835 next_radius=1612.676294814835 lambda=4.0000000000000019e-07 next_lambda=4.0000000000000019e-07 rho=0.69547997966940567 accept=1
CLASSICAL_LM o=30 lambda=4.0000000000000019e-07 tau=4.0000000000000019e-07 prediction=231.73495072548508 rho=0.69547997966940567 accept=1
  MFCG it  31 cost=2.491975e+05 lam=4.000e-07 tau=0.00e+00 cg_it=0 shift=0 ckpt=1 alpha=0 acc mv=110
PCG_PREP o=31 rebuild=1 drift=0 previous_depth=1
ATTR_RADIUS o=31 raw_norm=12682.996155430348 norm=1612.6762948148346 radius=1612.676294814835 next_radius=1612.676294814835 lambda=4.0000000000000019e-07 next_lambda=4.0000000000000019e-07 rho=0.68823697869291256 accept=1
CLASSICAL_LM o=31 lambda=4.0000000000000019e-07 tau=4.0000000000000019e-07 prediction=203.34151991331288 rho=0.68823697869291256 accept=1
  MFCG it  32 cost=2.490575e+05 lam=4.000e-07 tau=0.00e+00 cg_it=0 shift=0 ckpt=1 alpha=0 acc mv=112
PCG_PREP o=32 rebuild=1 drift=0 previous_depth=1
ATTR_RADIUS o=32 raw_norm=12867.005306496303 norm=1612.676294814835 radius=1612.676294814835 next_radius=1612.676294814835 lambda=4.0000000000000019e-07 next_lambda=4.0000000000000019e-07 rho=0.68142045046413924 accept=1
CLASSICAL_LM o=32 lambda=4.0000000000000019e-07 tau=4.0000000000000019e-07 prediction=179.67592097334312 rho=0.68142045046413924 accept=1
  MFCG it  33 cost=2.489351e+05 lam=4.000e-07 tau=0.00e+00 cg_it=0 shift=0 ckpt=1 alpha=0 acc mv=114
PCG_PREP o=33 rebuild=1 drift=0 previous_depth=1
ATTR_RADIUS o=33 raw_norm=13049.538378150115 norm=1612.6762948148348 radius=1612.676294814835 next_radius=1612.676294814835 lambda=4.0000000000000019e-07 next_lambda=4.0000000000000019e-07 rho=0.67573998514216116 accept=1
CLASSICAL_LM o=33 lambda=4.0000000000000019e-07 tau=4.0000000000000019e-07 prediction=160.28738377256471 rho=0.67573998514216116 accept=1
  MFCG it  34 cost=2.488268e+05 lam=4.000e-07 tau=0.00e+00 cg_it=0 shift=0 ckpt=1 alpha=0 acc mv=116
PCG_PREP o=34 rebuild=1 drift=0 previous_depth=1
ATTR_RADIUS o=34 raw_norm=13224.771193521927 norm=1612.676294814835 radius=1612.676294814835 next_radius=1612.676294814835 lambda=4.0000000000000019e-07 next_lambda=4.0000000000000019e-07 rho=0.67110630109853986 accept=1
CLASSICAL_LM o=34 lambda=4.0000000000000019e-07 tau=4.0000000000000019e-07 prediction=144.28538970794304 rho=0.67110630109853986 accept=1
  MFCG it  35 cost=2.487299e+05 lam=4.000e-07 tau=0.00e+00 cg_it=0 shift=0 ckpt=1 alpha=0 acc mv=118
PCG_PREP o=35 rebuild=1 drift=0 previous_depth=1
ATTR_RADIUS o=35 raw_norm=13387.034188407084 norm=1612.6762948148357 radius=1612.676294814835 next_radius=1612.676294814835 lambda=4.0000000000000019e-07 next_lambda=4.0000000000000019e-07 rho=0.66739305693621409 accept=1
CLASSICAL_LM o=35 lambda=4.0000000000000019e-07 tau=4.0000000000000019e-07 prediction=130.98165839041741 rho=0.66739305693621409 accept=1
  MFCG it  36 cost=2.486425e+05 lam=4.000e-07 tau=0.00e+00 cg_it=0 shift=0 ckpt=1 alpha=0 acc mv=120
PCG_PREP o=36 rebuild=1 drift=0 previous_depth=1
ATTR_RADIUS o=36 raw_norm=13531.846481008368 norm=1612.6762948148355 radius=1612.676294814835 next_radius=1612.676294814835 lambda=4.0000000000000019e-07 next_lambda=4.0000000000000019e-07 rho=0.66447631451950484 accept=1
CLASSICAL_LM o=36 lambda=4.0000000000000019e-07 tau=4.0000000000000019e-07 prediction=119.84069707250093 rho=0.66447631451950484 accept=1
  MFCG it  37 cost=2.485629e+05 lam=4.000e-07 tau=0.00e+00 cg_it=0 shift=0 ckpt=1 alpha=0 acc mv=122
PCG_PREP o=37 rebuild=1 drift=0 previous_depth=1
ATTR_RADIUS o=37 raw_norm=19536.326630147705 norm=1612.676294814836 radius=1612.676294814835 next_radius=3225.3525896296701 lambda=4.0000000000000019e-07 next_lambda=1.0000000000000005e-07 rho=0.79063089608301929 accept=1
CLASSICAL_LM o=37 lambda=4.0000000000000019e-07 tau=4.0000000000000019e-07 prediction=181.04055239720032 rho=0.79063089608301929 accept=1
  MFCG it  38 cost=2.484198e+05 lam=1.000e-07 tau=0.00e+00 cg_it=1 shift=0 ckpt=2 alpha=0 acc mv=125
PCG_PREP o=38 rebuild=1 drift=0 previous_depth=2
POINT_SAFE o=38 frozen=574 slope=-109.06006037244893 candidate=248475.22901468925 original=248405.37240628232 current=248419.75045018565 won=0 mode=1 camera_scale=1 keep_scale=0
ATTR_RADIUS o=38 raw_norm=71759.750500394381 norm=1612.676294814835 radius=3225.3525896296701 next_radius=3225.3525896296701 lambda=1.0000000000000005e-07 next_lambda=1.0000000000000005e-08 rho=0.26683569555271547 accept=1
CLASSICAL_LM o=38 lambda=1.0000000000000005e-07 tau=1.0000000000000005e-07 prediction=53.883510126134716 rho=0.26683569555271547 accept=1
DEPTH_TRIGGER kind=2 outer=39 cost=248405.37240628232 seconds=0.44100941500000002 ratio=22.248652978629455 rho=0.26683569555271547
  MFCG it  39 cost=2.484054e+05 lam=1.000e-08 tau=0.00e+00 cg_it=1 shift=0 ckpt=2 alpha=0 acc mv=128
DEPTH_BEGIN kind=2 o=39 cost=248405.37240628232 lambda=1.0000000000000005e-08 radius=12901.41035851868 seconds=0.44101386599999998
PCG_PREP o=39 rebuild=1 drift=0 previous_depth=2
ATTR_RADIUS o=39 raw_norm=322322.48612916371 norm=12901.41035851868 radius=12901.41035851868 next_radius=3225.3525896296701 lambda=1.0000000000000005e-08 next_lambda=1.6000000000000008e-07 rho=-1 accept=0
CLASSICAL_LM o=39 lambda=1.0000000000000005e-08 tau=1.0000000000000005e-08 prediction=219.82659352033261 rho=-1 accept=0
DEPTH_RESULT kind=2 o=39 cost=248405.37240628232 candidate=248405.37240628232 accept=0 cg=18 residual=0.29760677520311968 eta=0.001 cap_hit=0 trunc=1 rho=-1 products=20 seconds=0.025551738000000046
DEPTH_RESTORE o=39 cost=248405.37240628232 lambda=1.0000000000000005e-08 radius=3225.3525896296701
PCG_PREP o=39 rebuild=1 drift=0 previous_depth=2
POINT_SAFE o=39 frozen=114 slope=-56.657016921490097 candidate=248520.97544156545 original=248402.00032580062 current=248405.37240628232 won=0 mode=1 camera_scale=1 keep_scale=0
ATTR_RADIUS o=39 raw_norm=180275.60585762185 norm=806.3381474074173 radius=3225.3525896296701 next_radius=806.33814740741752 lambda=1.0000000000000005e-08 next_lambda=1.6000000000000008e-07 rho=0.23966272416663695 accept=1
CLASSICAL_LM o=39 lambda=1.0000000000000005e-08 tau=1.0000000000000005e-08 prediction=14.070108288320649 rho=0.23966272416663695 accept=1
  MFCG it  40 cost=2.484020e+05 lam=1.600e-07 tau=0.00e+00 cg_it=1 shift=0 ckpt=2 alpha=0 acc mv=151
PCG_PREP o=40 rebuild=1 drift=0 previous_depth=2
ATTR_RADIUS o=40 raw_norm=22507.631760314791 norm=806.33814740741741 radius=806.33814740741752 next_radius=806.33814740741752 lambda=1.6000000000000008e-07 next_lambda=1.6000000000000008e-07 rho=0.68700717381870069 accept=1
CLASSICAL_LM o=40 lambda=1.6000000000000008e-07 tau=1.6000000000000008e-07 prediction=35.548146280302674 rho=0.68700717381870069 accept=1
  MFCG it  41 cost=2.483776e+05 lam=1.600e-07 tau=0.00e+00 cg_it=0 shift=0 ckpt=1 alpha=0 acc mv=153
PCG_PREP o=41 rebuild=1 drift=0 previous_depth=1
ATTR_RADIUS o=41 raw_norm=22523.260910962945 norm=806.3381474074173 radius=806.33814740741752 next_radius=806.33814740741752 lambda=1.6000000000000008e-07 next_lambda=1.6000000000000008e-07 rho=0.67814382481001456 accept=1
CLASSICAL_LM o=41 lambda=1.6000000000000008e-07 tau=1.6000000000000008e-07 prediction=33.756448288428324 rho=0.67814382481001456 accept=1
  MFCG it  42 cost=2.483547e+05 lam=1.600e-07 tau=0.00e+00 cg_it=0 shift=0 ckpt=1 alpha=0 acc mv=155
PCG_PREP o=42 rebuild=1 drift=0 previous_depth=1
ATTR_RADIUS o=42 raw_norm=22524.85438678211 norm=806.33814740741752 radius=806.33814740741752 next_radius=806.33814740741752 lambda=1.6000000000000008e-07 next_lambda=1.6000000000000008e-07 rho=0.67731417099969859 accept=1
CLASSICAL_LM o=42 lambda=1.6000000000000008e-07 tau=1.6000000000000008e-07 prediction=32.850139180523882 rho=0.67731417099969859 accept=1
  MFCG it  43 cost=2.483324e+05 lam=1.600e-07 tau=0.00e+00 cg_it=0 shift=0 ckpt=1 alpha=0 acc mv=157
PCG_PREP o=43 rebuild=1 drift=0 previous_depth=1
ATTR_RADIUS o=43 raw_norm=22523.931920138137 norm=806.33814740741764 radius=806.33814740741752 next_radius=806.33814740741752 lambda=1.6000000000000008e-07 next_lambda=1.6000000000000008e-07 rho=0.67665213548132042 accept=1
CLASSICAL_LM o=43 lambda=1.6000000000000008e-07 tau=1.6000000000000008e-07 prediction=31.992479080164152 rho=0.67665213548132042 accept=1
  MFCG it  44 cost=2.483108e+05 lam=1.600e-07 tau=0.00e+00 cg_it=0 shift=0 ckpt=1 alpha=0 acc mv=159
PCG_PREP o=44 rebuild=1 drift=0 previous_depth=1
ATTR_RADIUS o=44 raw_norm=22520.24774172208 norm=806.33814740741718 radius=806.33814740741752 next_radius=806.33814740741752 lambda=1.6000000000000008e-07 next_lambda=1.6000000000000008e-07 rho=0.67615754484503665 accept=1
CLASSICAL_LM o=44 lambda=1.6000000000000008e-07 tau=1.6000000000000008e-07 prediction=31.17940658940903 rho=0.67615754484503665 accept=1
  MFCG it  45 cost=2.482897e+05 lam=1.600e-07 tau=0.00e+00 cg_it=0 shift=0 ckpt=1 alpha=0 acc mv=161
PCG_PREP o=45 rebuild=1 drift=0 previous_depth=1
ATTR_RADIUS o=45 raw_norm=22513.826871994443 norm=806.33814740741741 radius=806.33814740741752 next_radius=806.33814740741752 lambda=1.6000000000000008e-07 next_lambda=1.6000000000000008e-07 rho=0.67582715648041469 accept=1
CLASSICAL_LM o=45 lambda=1.6000000000000008e-07 tau=1.6000000000000008e-07 prediction=30.408735748972354 rho=0.67582715648041469 accept=1
  MFCG it  46 cost=2.482692e+05 lam=1.600e-07 tau=0.00e+00 cg_it=0 shift=0 ckpt=1 alpha=0 acc mv=163
PCG_PREP o=46 rebuild=1 drift=0 previous_depth=1
ATTR_RADIUS o=46 raw_norm=22504.811589082361 norm=806.33814740741775 radius=806.33814740741752 next_radius=806.33814740741752 lambda=1.6000000000000008e-07 next_lambda=1.6000000000000008e-07 rho=0.67566678672162128 accept=1
CLASSICAL_LM o=46 lambda=1.6000000000000008e-07 tau=1.6000000000000008e-07 prediction=29.677944748203611 rho=0.67566678672162128 accept=1
  MFCG it  47 cost=2.482491e+05 lam=1.600e-07 tau=0.00e+00 cg_it=0 shift=0 ckpt=1 alpha=0 acc mv=165
PCG_PREP o=47 rebuild=1 drift=0 previous_depth=1
ATTR_RADIUS o=47 raw_norm=22493.248850108437 norm=806.33814740741764 radius=806.33814740741752 next_radius=806.33814740741752 lambda=1.6000000000000008e-07 next_lambda=1.6000000000000008e-07 rho=0.67567916108094428 accept=1
CLASSICAL_LM o=47 lambda=1.6000000000000008e-07 tau=1.6000000000000008e-07 prediction=28.985711873816612 rho=0.67567916108094428 accept=1
  MFCG it  48 cost=2.482295e+05 lam=1.600e-07 tau=0.00e+00 cg_it=0 shift=0 ckpt=1 alpha=0 acc mv=167
PCG_PREP o=48 rebuild=1 drift=0 previous_depth=1
ATTR_RADIUS o=48 raw_norm=22479.410754815268 norm=806.3381474074173 radius=806.33814740741752 next_radius=806.33814740741752 lambda=1.6000000000000008e-07 next_lambda=1.6000000000000008e-07 rho=0.675889141260962 accept=1
CLASSICAL_LM o=48 lambda=1.6000000000000008e-07 tau=1.6000000000000008e-07 prediction=28.331432098295124 rho=0.675889141260962 accept=1
  MFCG it  49 cost=2.482104e+05 lam=1.600e-07 tau=0.00e+00 cg_it=0 shift=0 ckpt=1 alpha=0 acc mv=169
PCG_PREP o=49 rebuild=1 drift=0 previous_depth=1
ATTR_RADIUS o=49 raw_norm=36614.984265353589 norm=806.33814740741741 radius=806.33814740741752 next_radius=1612.676294814835 lambda=1.6000000000000008e-07 next_lambda=4.0000000000000021e-08 rho=0.79817265650389768 accept=1
CLASSICAL_LM o=49 lambda=1.6000000000000008e-07 tau=1.6000000000000008e-07 prediction=44.283732692065826 rho=0.79817265650389768 accept=1
  MFCG it  50 cost=2.481750e+05 lam=4.000e-08 tau=0.00e+00 cg_it=1 shift=0 ckpt=2 alpha=0 acc mv=172
PCG_PREP o=50 rebuild=1 drift=0 previous_depth=2
POINT_SAFE o=50 frozen=547 slope=-30.957229787896239 candidate=248179.3160641065 original=248168.43154123257 current=248175.02346791685 won=0 mode=1 camera_scale=1 keep_scale=0
ATTR_RADIUS o=50 raw_norm=119905.1859333805 norm=806.33814740741798 radius=1612.676294814835 next_radius=1612.676294814835 lambda=4.0000000000000021e-08 next_lambda=4.0000000000000019e-09 rho=0.42716502715482108 accept=1
CLASSICAL_LM o=50 lambda=4.0000000000000021e-08 tau=4.0000000000000021e-08 prediction=15.431803320110719 rho=0.42716502715482108 accept=1
  MFCG it  51 cost=2.481684e+05 lam=4.000e-09 tau=0.00e+00 cg_it=1 shift=0 ckpt=2 alpha=0 acc mv=175
PCG_PREP o=51 rebuild=1 drift=0 previous_depth=2
NUMERIC_REPAIR o=51 lambda=4.0000000000000019e-09 rayleigh=-3.0437301748005778e-07 next_lambda=1.2334920699202311e-06 cg=1 rebuild=1
PCG_PREP o=51 rebuild=1 drift=0 previous_depth=1
ATTR_RADIUS o=51 raw_norm=4096.2228789662149 norm=1612.6762948148346 radius=1612.676294814835 next_radius=3225.3525896296701 lambda=1.2334920699202311e-06 next_lambda=1.2334920699202311e-06 rho=0.88092885621468087 accept=1
CLASSICAL_LM o=51 lambda=1.2334920699202311e-06 tau=1.2334920699202311e-06 prediction=226.89341368350352 rho=0.88092885621468087 accept=1
  MFCG it  52 cost=2.479686e+05 lam=1.233e-06 tau=0.00e+00 cg_it=0 shift=0 ckpt=1 alpha=0 acc mv=179
PCG_PREP o=52 rebuild=1 drift=0 previous_depth=1
ATTR_RADIUS o=52 raw_norm=5487.827056314979 norm=3225.3525896296696 radius=3225.3525896296701 next_radius=6450.7051792593402 lambda=1.2334920699202311e-06 next_lambda=1.2334920699202311e-06 rho=0.96210919693863939 accept=1
CLASSICAL_LM o=52 lambda=1.2334920699202311e-06 tau=1.2334920699202311e-06 prediction=652.16302412931759 rho=0.96210919693863939 accept=1
  MFCG it  53 cost=2.473411e+05 lam=1.233e-06 tau=0.00e+00 cg_it=1 shift=0 ckpt=2 alpha=0 acc mv=182
PCG_PREP o=53 rebuild=1 drift=0 previous_depth=2
ATTR_RADIUS o=53 raw_norm=9183.5671847851936 norm=6450.7051792593402 radius=6450.7051792593402 next_radius=1612.676294814835 lambda=1.2334920699202311e-06 next_lambda=1.9735873118723697e-05 rho=0.24009972597303625 accept=1
CLASSICAL_LM o=53 lambda=1.2334920699202311e-06 tau=1.2334920699202311e-06 prediction=469.38448402005531 rho=0.24009972597303625 accept=1
  MFCG it  54 cost=2.472284e+05 lam=1.974e-05 tau=0.00e+00 cg_it=2 shift=0 ckpt=3 alpha=0 acc mv=186
PCG_PREP o=54 rebuild=1 drift=0 previous_depth=3
ATTR_RADIUS o=54 raw_norm=421.36076006289284 norm=421.36076006289284 radius=1612.676294814835 next_radius=1612.676294814835 lambda=1.9735873118723697e-05 next_lambda=1.9735873118723697e-06 rho=0.99830432831481875 accept=1
CLASSICAL_LM o=54 lambda=1.9735873118723697e-05 tau=1.9735873118723697e-05 prediction=412.43886070270042 rho=0.99830432831481875 accept=1
  MFCG it  55 cost=2.468167e+05 lam=1.974e-06 tau=0.00e+00 cg_it=0 shift=0 ckpt=1 alpha=0 acc mv=188
PCG_PREP o=55 rebuild=1 drift=0 previous_depth=1
ATTR_RADIUS o=55 raw_norm=4001.1081694429599 norm=1612.6762948148348 radius=1612.676294814835 next_radius=3225.3525896296701 lambda=1.9735873118723697e-06 next_lambda=1.2334920699202311e-06 rho=0.98631322371086227 accept=1
CLASSICAL_LM o=55 lambda=1.9735873118723697e-06 tau=1.9735873118723697e-06 prediction=180.71813226932878 rho=0.98631322371086227 accept=1
  MFCG it  56 cost=2.466384e+05 lam=1.233e-06 tau=0.00e+00 cg_it=73 shift=0 ckpt=74 alpha=0 acc mv=263
PCG_PREP o=56 rebuild=1 drift=0 previous_depth=74
ATTR_RADIUS o=56 raw_norm=5009.1587713412073 norm=3225.3525896296705 radius=3225.3525896296701 next_radius=6450.7051792593402 lambda=1.2334920699202311e-06 next_lambda=1.2334920699202311e-06 rho=0.79989375109680361 accept=1
CLASSICAL_LM o=56 lambda=1.2334920699202311e-06 tau=1.2334920699202311e-06 prediction=117.0047840064303 rho=0.79989375109680361 accept=1
  MFCG it  57 cost=2.465448e+05 lam=1.233e-06 tau=0.00e+00 cg_it=4 shift=0 ckpt=5 alpha=0 acc mv=269
PCG_PREP o=57 rebuild=1 drift=0 previous_depth=5
POINT_SAFE o=57 frozen=280 slope=-103.64730706080283 candidate=246581.14474382071 original=246524.17101588688 current=246544.82787742489 won=0 mode=1 camera_scale=1 keep_scale=0
ATTR_RADIUS o=57 raw_norm=4298.5387827794984 norm=2149.2693913897492 radius=6450.7051792593402 next_radius=6450.7051792593402 lambda=1.2334920699202311e-06 next_lambda=1.2334920699202311e-06 rho=0.49357284765652598 accept=1
CLASSICAL_LM o=57 lambda=1.2334920699202311e-06 tau=1.2334920699202311e-06 prediction=41.851697547966054 rho=0.49357284765652598 accept=1
  MFCG it  58 cost=2.465242e+05 lam=1.233e-06 tau=0.00e+00 cg_it=0 shift=0 ckpt=1 alpha=0 acc mv=271
PCG_PREP o=58 rebuild=1 drift=0 previous_depth=1
POINT_SAFE o=58 frozen=170 slope=-85.140554533081513 candidate=246549.8940981683 original=246508.33569872667 current=246524.17101588688 won=0 mode=1 camera_scale=1 keep_scale=0
ATTR_RADIUS o=58 raw_norm=3959.1536463775574 norm=1979.5768231887787 radius=6450.7051792593402 next_radius=6450.7051792593402 lambda=1.2334920699202311e-06 next_lambda=1.2334920699202311e-06 rho=0.46047940214455846 accept=1
CLASSICAL_LM o=58 lambda=1.2334920699202311e-06 tau=1.2334920699202311e-06 prediction=34.388763289862482 rho=0.46047940214455846 accept=1
  MFCG it  59 cost=2.465083e+05 lam=1.233e-06 tau=0.00e+00 cg_it=0 shift=0 ckpt=1 alpha=0 acc mv=273
PCG_PREP o=59 rebuild=1 drift=0 previous_depth=1
POINT_SAFE o=59 frozen=106 slope=-72.489591165474948 candidate=246525.81654368574 original=246494.5747513079 current=246508.33569872667 won=0 mode=1 camera_scale=1 keep_scale=0
ATTR_RADIUS o=59 raw_norm=3697.3429882179034 norm=1848.6714941089517 radius=6450.7051792593402 next_radius=6450.7051792593402 lambda=1.2334920699202311e-06 next_lambda=1.2334920699202311e-06 rho=0.46931391390330923 accept=1
CLASSICAL_LM o=59 lambda=1.2334920699202311e-06 tau=1.2334920699202311e-06 prediction=29.321413687327016 rho=0.46931391390330923 accept=1
  MFCG it  60 cost=2.464946e+05 lam=1.233e-06 tau=0.00e+00 cg_it=0 shift=0 ckpt=1 alpha=0 acc mv=275
PCG_PREP o=60 rebuild=1 drift=0 previous_depth=1
POINT_SAFE o=60 frozen=44 slope=-61.568230138724608 candidate=246506.63338233135 original=246482.43339297673 current=246494.5747513079 won=0 mode=1 camera_scale=1 keep_scale=0
ATTR_RADIUS o=60 raw_norm=3484.3382585714126 norm=1742.1691292857063 radius=6450.7051792593402 next_radius=6450.7051792593402 lambda=1.2334920699202311e-06 next_lambda=1.2334920699202311e-06 rho=0.48590228902984678 accept=1
CLASSICAL_LM o=60 lambda=1.2334920699202311e-06 tau=1.2334920699202311e-06 prediction=24.987242507968894 rho=0.48590228902984678 accept=1
  MFCG it  61 cost=2.464824e+05 lam=1.233e-06 tau=0.00e+00 cg_it=0 shift=0 ckpt=1 alpha=0 acc mv=277
PCG_PREP o=61 rebuild=1 drift=0 previous_depth=1
POINT_SAFE o=61 frozen=13 slope=-52.054701518400279 candidate=246490.93526146049 original=246471.7692592614 current=246482.43339297673 won=0 mode=1 camera_scale=1 keep_scale=0
ATTR_RADIUS o=61 raw_norm=3302.7465101170583 norm=1651.3732550585291 radius=6450.7051792593402 next_radius=6450.7051792593402 lambda=1.2334920699202311e-06 next_lambda=1.2334920699202311e-06 rho=0.5023736318102775 accept=1
CLASSICAL_LM o=61 lambda=1.2334920699202311e-06 tau=1.2334920699202311e-06 prediction=21.227494916282215 rho=0.5023736318102775 accept=1
  MFCG it  62 cost=2.464718e+05 lam=1.233e-06 tau=0.00e+00 cg_it=0 shift=0 ckpt=1 alpha=0 acc mv=279
PCG_PREP o=62 rebuild=1 drift=0 previous_depth=1
POINT_SAFE o=62 frozen=7 slope=-44.008142389763051 candidate=246477.85231104979 original=246462.42565867217 current=246471.7692592614 won=0 mode=1 camera_scale=1 keep_scale=0
ATTR_RADIUS o=62 raw_norm=3143.4885054032247 norm=1571.7442527016124 radius=6450.7051792593402 next_radius=6450.7051792593402 lambda=1.2334920699202311e-06 next_lambda=1.2334920699202311e-06 rho=0.51762732943034728 accept=1
CLASSICAL_LM o=62 lambda=1.2334920699202311e-06 tau=1.2334920699202311e-06 prediction=18.050825483870273 rho=0.51762732943034728 accept=1
  MFCG it  63 cost=2.464624e+05 lam=1.233e-06 tau=0.00e+00 cg_it=0 shift=0 ckpt=1 alpha=0 acc mv=281
PCG_PREP o=63 rebuild=1 drift=0 previous_depth=1
POINT_SAFE o=63 frozen=9 slope=-37.364493979044468 candidate=246466.78263766758 original=246454.22050387409 current=246462.42565867217 won=0 mode=1 camera_scale=1 keep_scale=0
ATTR_RADIUS o=63 raw_norm=3001.4352947017696 norm=1500.7176473508848 radius=6450.7051792593402 next_radius=6450.7051792593402 lambda=1.2334920699202311e-06 next_lambda=1.2334920699202311e-06 rho=0.53201206465862816 accept=1
CLASSICAL_LM o=63 lambda=1.2334920699202311e-06 tau=1.2334920699202311e-06 prediction=15.42287354582052 rho=0.53201206465862816 accept=1
  MFCG it  64 cost=2.464542e+05 lam=1.233e-06 tau=0.00e+00 cg_it=0 shift=0 ckpt=1 alpha=0 acc mv=283
PCG_PREP o=64 rebuild=1 drift=0 previous_depth=1
POINT_SAFE o=64 frozen=4 slope=-31.941754511865778 candidate=246457.29082202929 original=246446.97472236975 current=246454.22050387409 won=0 mode=1 camera_scale=1 keep_scale=0
ATTR_RADIUS o=64 raw_norm=2873.3548653165631 norm=1436.6774326582815 radius=6450.7051792593402 next_radius=6450.7051792593402 lambda=1.2334920699202311e-06 next_lambda=1.2334920699202311e-06 rho=0.5459703033182165 accept=1
CLASSICAL_LM o=64 lambda=1.2334920699202311e-06 tau=1.2334920699202311e-06 prediction=13.271383920165682 rho=0.5459703033182165 accept=1
  MFCG it  65 cost=2.464470e+05 lam=1.233e-06 tau=0.00e+00 cg_it=0 shift=0 ckpt=1 alpha=0 acc mv=285
PCG_PREP o=65 rebuild=1 drift=0 previous_depth=1
POINT_SAFE o=65 frozen=3 slope=-27.528804154732217 candidate=246449.0544643733 original=246440.52976612432 current=246446.97472236975 won=0 mode=1 camera_scale=1 keep_scale=0
ATTR_RADIUS o=65 raw_norm=2757.0330085443602 norm=1378.5165042721801 radius=6450.7051792593402 next_radius=6450.7051792593402 lambda=1.2334920699202311e-06 next_lambda=1.2334920699202311e-06 rho=0.55976397382664089 accept=1
CLASSICAL_LM o=65 lambda=1.2334920699202311e-06 tau=1.2334920699202311e-06 prediction=11.513703179870408 rho=0.55976397382664089 accept=1
  MFCG it  66 cost=2.464405e+05 lam=1.233e-06 tau=0.00e+00 cg_it=0 shift=0 ckpt=1 alpha=0 acc mv=287
PCG_PREP o=66 rebuild=1 drift=0 previous_depth=1
POINT_SAFE o=66 frozen=4 slope=-23.928022320733842 candidate=246441.82992167925 original=246434.75278577555 current=246440.52976612432 won=0 mode=1 camera_scale=1 keep_scale=0
ATTR_RADIUS o=66 raw_norm=2650.8173166376268 norm=1325.4086583188134 radius=6450.7051792593402 next_radius=6450.7051792593402 lambda=1.2334920699202311e-06 next_lambda=1.2334920699202311e-06 rho=0.57350084902820964 accept=1
CLASSICAL_LM o=66 lambda=1.2334920699202311e-06 tau=1.2334920699202311e-06 prediction=10.073185346742591 rho=0.57350084902820964 accept=1
  MFCG it  67 cost=2.464348e+05 lam=1.233e-06 tau=0.00e+00 cg_it=0 shift=0 ckpt=1 alpha=0 acc mv=289
PCG_PREP o=67 rebuild=1 drift=0 previous_depth=1
POINT_SAFE o=67 frozen=7 slope=-20.972275494126567 candidate=246435.43084030753 original=246429.53553024749 current=246434.75278577555 won=0 mode=1 camera_scale=1 keep_scale=0
ATTR_RADIUS o=67 raw_norm=2553.3946272803137 norm=1276.6973136401568 radius=6450.7051792593402 next_radius=6450.7051792593402 lambda=1.2334920699202311e-06 next_lambda=1.2334920699202311e-06 rho=0.58718822654554881 accept=1
CLASSICAL_LM o=67 lambda=1.2334920699202311e-06 tau=1.2334920699202311e-06 prediction=8.8851500970125841 rho=0.58718822654554881 accept=1
  MFCG it  68 cost=2.464295e+05 lam=1.233e-06 tau=0.00e+00 cg_it=0 shift=0 ckpt=1 alpha=0 acc mv=291
PCG_PREP o=68 rebuild=1 drift=0 previous_depth=1
POINT_SAFE o=68 frozen=11 slope=-18.527054843920087 candidate=246429.7132308158 original=246424.79086780988 current=246429.53553024749 won=0 mode=1 camera_scale=1 keep_scale=0
ATTR_RADIUS o=68 raw_norm=2463.6626182455479 norm=1231.831309122774 radius=6450.7051792593402 next_radius=6450.7051792593402 lambda=1.2334920699202311e-06 next_lambda=1.2334920699202311e-06 rho=0.60077882567422658 accept=1
CLASSICAL_LM o=68 lambda=1.2334920699202311e-06 tau=1.2334920699202311e-06 prediction=7.8975194112281883 rho=0.60077882567422658 accept=1
  MFCG it  69 cost=2.464248e+05 lam=1.233e-06 tau=0.00e+00 cg_it=0 shift=0 ckpt=1 alpha=0 acc mv=293
PCG_PREP o=69 rebuild=1 drift=0 previous_depth=1
ATTR_RADIUS o=69 raw_norm=2380.6962135307263 norm=0 radius=6450.7051792593402 next_radius=1612.676294814835 lambda=1.2334920699202311e-06 next_lambda=1.9735873118723697e-05 rho=0.019201832735218159 accept=0
CLASSICAL_LM o=69 lambda=1.2334920699202311e-06 tau=1.2334920699202311e-06 prediction=11.791020832588766 rho=0.019201832735218159 accept=0
  MFCG it  70  retry 1/8  lam=1.974e-05 tau_eff=1.233e-06  (assembly reused)
PCG_PREP o=69 rebuild=1 drift=0 previous_depth=1
ATTR_RADIUS o=69 raw_norm=198.15792589033902 norm=198.15792589033902 radius=1612.676294814835 next_radius=1612.676294814835 lambda=1.9735873118723697e-05 next_lambda=1.9735873118723697e-06 rho=1.0069503942306128 accept=1
CLASSICAL_LM o=69 lambda=1.9735873118723697e-05 tau=1.9735873118723697e-05 prediction=6.4761987975305919 rho=1.0069503942306128 accept=1
  MFCG it  70 cost=2.464183e+05 lam=1.974e-06 tau=0.00e+00 cg_it=0 shift=0 ckpt=1 alpha=0 acc mv=297
PCG_PREP o=70 rebuild=1 drift=0 previous_depth=1
ATTR_RADIUS o=70 raw_norm=1815.0310904189155 norm=1612.6762948148357 radius=1612.676294814835 next_radius=3225.3525896296701 lambda=1.9735873118723697e-06 next_lambda=1.2334920699202311e-06 rho=0.98347666910183096 accept=1
CLASSICAL_LM o=70 lambda=1.9735873118723697e-06 tau=1.9735873118723697e-06 prediction=31.033758535758263 rho=0.98347666910183096 accept=1
  MFCG it  71 cost=2.463877e+05 lam=1.233e-06 tau=0.00e+00 cg_it=29 shift=0 ckpt=30 alpha=0 acc mv=328
PCG_PREP o=71 rebuild=1 drift=0 previous_depth=30
POINT_SAFE o=71 frozen=125 slope=-6.9356580823058946 candidate=246387.79963122521 original=246385.51076114806 current=246387.74867940313 won=0 mode=1 camera_scale=1 keep_scale=0
ATTR_RADIUS o=71 raw_norm=1996.849403943645 norm=998.42470197182251 radius=3225.3525896296701 next_radius=3225.3525896296701 lambda=1.2334920699202311e-06 next_lambda=1.2334920699202311e-06 rho=0.69200926598321233 accept=1
CLASSICAL_LM o=71 lambda=1.2334920699202311e-06 tau=1.2334920699202311e-06 prediction=3.2339426147498429 rho=0.69200926598321233 accept=1
  MFCG it  72 cost=2.463855e+05 lam=1.233e-06 tau=0.00e+00 cg_it=0 shift=0 ckpt=1 alpha=0 acc mv=330
PCG_PREP o=72 rebuild=1 drift=0 previous_depth=1
ATTR_RADIUS o=72 raw_norm=1949.1869007966666 norm=0 radius=3225.3525896296701 next_radius=806.33814740741752 lambda=1.2334920699202311e-06 next_lambda=1.9735873118723697e-05 rho=0.028304324389856732 accept=0
CLASSICAL_LM o=72 lambda=1.2334920699202311e-06 tau=1.2334920699202311e-06 prediction=5.9185508302667564 rho=0.028304324389856732 accept=0
  MFCG it  73  retry 1/8  lam=1.974e-05 tau_eff=1.233e-06  (assembly reused)
PCG_PREP o=72 rebuild=1 drift=0 previous_depth=1
ATTR_RADIUS o=72 raw_norm=153.43075397125489 norm=153.43075397125489 radius=806.33814740741752 next_radius=806.33814740741752 lambda=1.9735873118723697e-05 next_lambda=1.9735873118723697e-06 rho=1.0100741878780743 accept=1
CLASSICAL_LM o=72 lambda=1.9735873118723697e-05 tau=1.9735873118723697e-05 prediction=1.8082868745014871 rho=1.0100741878780743 accept=1
  MFCG it  73 cost=2.463837e+05 lam=1.974e-06 tau=0.00e+00 cg_it=0 shift=0 ckpt=1 alpha=0 acc mv=334
PCG_PREP o=73 rebuild=1 drift=0 previous_depth=1
ATTR_RADIUS o=73 raw_norm=1281.231925930741 norm=806.33814740741798 radius=806.33814740741752 next_radius=1612.676294814835 lambda=1.9735873118723697e-06 next_lambda=1.2334920699202311e-06 rho=0.96849219677191012 accept=1
CLASSICAL_LM o=73 lambda=1.9735873118723697e-06 tau=1.9735873118723697e-06 prediction=6.5382833197880057 rho=0.96849219677191012 accept=1
  MFCG it  74 cost=2.463774e+05 lam=1.233e-06 tau=0.00e+00 cg_it=90 shift=0 ckpt=91 alpha=0 acc mv=426
PCG_PREP o=74 rebuild=1 drift=0 previous_depth=91
ATTR_RADIUS o=74 raw_norm=1808.9285769514809 norm=1612.6762948148348 radius=1612.676294814835 next_radius=1612.676294814835 lambda=1.2334920699202311e-06 next_lambda=1.2334920699202311e-06 rho=0.28289409254875852 accept=1
CLASSICAL_LM o=74 lambda=1.2334920699202311e-06 tau=1.2334920699202311e-06 prediction=3.9599552211315814 rho=0.28289409254875852 accept=1
  MFCG it  75 cost=2.463762e+05 lam=1.233e-06 tau=0.00e+00 cg_it=0 shift=0 ckpt=1 alpha=0 acc mv=428
PCG_PREP o=75 rebuild=1 drift=0 previous_depth=1
ATTR_RADIUS o=75 raw_norm=1818.6920047909534 norm=1612.6762948148348 radius=1612.676294814835 next_radius=1612.676294814835 lambda=1.2334920699202311e-06 next_lambda=1.2334920699202311e-06 rho=0.40085294865954957 accept=1
CLASSICAL_LM o=75 lambda=1.2334920699202311e-06 tau=1.2334920699202311e-06 prediction=6.0953000791804826 rho=0.40085294865954957 accept=1
  MFCG it  76 cost=2.463738e+05 lam=1.233e-06 tau=0.00e+00 cg_it=0 shift=0 ckpt=1 alpha=0 acc mv=430
PCG_PREP o=76 rebuild=1 drift=0 previous_depth=1
ATTR_RADIUS o=76 raw_norm=1758.1895030225808 norm=1612.6762948148355 radius=1612.676294814835 next_radius=1612.676294814835 lambda=1.2334920699202311e-06 next_lambda=1.2334920699202311e-06 rho=0.45705127341214918 accept=1
CLASSICAL_LM o=76 lambda=1.2334920699202311e-06 tau=1.2334920699202311e-06 prediction=6.8005677232266395 rho=0.45705127341214918 accept=1
  MFCG it  77 cost=2.463707e+05 lam=1.233e-06 tau=0.00e+00 cg_it=0 shift=0 ckpt=1 alpha=0 acc mv=432
PCG_PREP o=77 rebuild=1 drift=0 previous_depth=1
ATTR_RADIUS o=77 raw_norm=1683.117932360519 norm=1612.676294814835 radius=1612.676294814835 next_radius=1612.676294814835 lambda=1.2334920699202311e-06 next_lambda=1.2334920699202311e-06 rho=0.47671692394102916 accept=1
CLASSICAL_LM o=77 lambda=1.2334920699202311e-06 tau=1.2334920699202311e-06 prediction=6.7032653301985494 rho=0.47671692394102916 accept=1
  MFCG it  78 cost=2.463675e+05 lam=1.233e-06 tau=0.00e+00 cg_it=0 shift=0 ckpt=1 alpha=0 acc mv=434
PCG_PREP o=78 rebuild=1 drift=0 previous_depth=1
ATTR_RADIUS o=78 raw_norm=1606.941141842658 norm=1606.941141842658 radius=1612.676294814835 next_radius=1612.676294814835 lambda=1.2334920699202311e-06 next_lambda=1.2334920699202311e-06 rho=0.4887580603009688 accept=1
CLASSICAL_LM o=78 lambda=1.2334920699202311e-06 tau=1.2334920699202311e-06 prediction=6.3555315047358771 rho=0.4887580603009688 accept=1
  MFCG it  79 cost=2.463644e+05 lam=1.233e-06 tau=0.00e+00 cg_it=0 shift=0 ckpt=1 alpha=0 acc mv=436
PCG_PREP o=79 rebuild=1 drift=0 previous_depth=1
ATTR_RADIUS o=79 raw_norm=1532.9546161354249 norm=1532.9546161354249 radius=1612.676294814835 next_radius=1612.676294814835 lambda=1.2334920699202311e-06 next_lambda=1.2334920699202311e-06 rho=0.53040319617508391 accept=1
CLASSICAL_LM o=79 lambda=1.2334920699202311e-06 tau=1.2334920699202311e-06 prediction=5.8182437751210223 rho=0.53040319617508391 accept=1
  MFCG it  80 cost=2.463613e+05 lam=1.233e-06 tau=0.00e+00 cg_it=0 shift=0 ckpt=1 alpha=0 acc mv=438
PCG_PREP o=80 rebuild=1 drift=0 previous_depth=1
ATTR_RADIUS o=80 raw_norm=1461.9432771894853 norm=1461.9432771894853 radius=1612.676294814835 next_radius=1612.676294814835 lambda=1.2334920699202311e-06 next_lambda=1.2334920699202311e-06 rho=0.55120614205954266 accept=1
CLASSICAL_LM o=80 lambda=1.2334920699202311e-06 tau=1.2334920699202311e-06 prediction=5.0810749841872305 rho=0.55120614205954266 accept=1
  MFCG it  81 cost=2.463585e+05 lam=1.233e-06 tau=0.00e+00 cg_it=0 shift=0 ckpt=1 alpha=0 acc mv=440
PCG_PREP o=81 rebuild=1 drift=0 previous_depth=1
ATTR_RADIUS o=81 raw_norm=1396.1597965086155 norm=1396.1597965086155 radius=1612.676294814835 next_radius=1612.676294814835 lambda=1.2334920699202311e-06 next_lambda=1.2334920699202311e-06 rho=0.56892622559054684 accept=1
CLASSICAL_LM o=81 lambda=1.2334920699202311e-06 tau=1.2334920699202311e-06 prediction=4.4346098282210882 rho=0.56892622559054684 accept=1
  MFCG it  82 cost=2.463560e+05 lam=1.233e-06 tau=0.00e+00 cg_it=0 shift=0 ckpt=1 alpha=0 acc mv=442
PCG_PREP o=82 rebuild=1 drift=0 previous_depth=1
ATTR_RADIUS o=82 raw_norm=1335.6204105858665 norm=1335.6204105858665 radius=1612.676294814835 next_radius=1612.676294814835 lambda=1.2334920699202311e-06 next_lambda=1.2334920699202311e-06 rho=0.58566244537020673 accept=1
CLASSICAL_LM o=82 lambda=1.2334920699202311e-06 tau=1.2334920699202311e-06 prediction=3.8932797549281641 rho=0.58566244537020673 accept=1
  MFCG it  83 cost=2.463537e+05 lam=1.233e-06 tau=0.00e+00 cg_it=0 shift=0 ckpt=1 alpha=0 acc mv=444
PCG_PREP o=83 rebuild=1 drift=0 previous_depth=1
ATTR_RADIUS o=83 raw_norm=1279.8661389721181 norm=1279.8661389721181 radius=1612.676294814835 next_radius=1612.676294814835 lambda=1.2334920699202311e-06 next_lambda=1.2334920699202311e-06 rho=0.60174763905574524 accept=1
CLASSICAL_LM o=83 lambda=1.2334920699202311e-06 tau=1.2334920699202311e-06 prediction=3.4409618721029473 rho=0.60174763905574524 accept=1
  MFCG it  84 cost=2.463516e+05 lam=1.233e-06 tau=0.00e+00 cg_it=0 shift=0 ckpt=1 alpha=0 acc mv=446
PCG_PREP o=84 rebuild=1 drift=0 previous_depth=1
ATTR_RADIUS o=84 raw_norm=1228.3942664515375 norm=1228.3942664515375 radius=1612.676294814835 next_radius=1612.676294814835 lambda=1.2334920699202311e-06 next_lambda=1.2334920699202311e-06 rho=0.61721364449498295 accept=1
CLASSICAL_LM o=84 lambda=1.2334920699202311e-06 tau=1.2334920699202311e-06 prediction=3.0606234926118683 rho=0.61721364449498295 accept=1
  MFCG it  85 cost=2.463497e+05 lam=1.233e-06 tau=0.00e+00 cg_it=0 shift=0 ckpt=1 alpha=0 acc mv=448
PCG_PREP o=85 rebuild=1 drift=0 previous_depth=1
ATTR_RADIUS o=85 raw_norm=1180.7460844844957 norm=1180.7460844844957 radius=1612.676294814835 next_radius=1612.676294814835 lambda=1.2334920699202311e-06 next_lambda=1.2334920699202311e-06 rho=0.63205926643502741 accept=1
CLASSICAL_LM o=85 lambda=1.2334920699202311e-06 tau=1.2334920699202311e-06 prediction=2.7383805626069222 rho=0.63205926643502741 accept=1
  MFCG it  86 cost=2.463480e+05 lam=1.233e-06 tau=0.00e+00 cg_it=0 shift=0 ckpt=1 alpha=0 acc mv=450
PCG_PREP o=86 rebuild=1 drift=0 previous_depth=1
ATTR_RADIUS o=86 raw_norm=1136.5194999769658 norm=1136.5194999769658 radius=1612.676294814835 next_radius=1612.676294814835 lambda=1.2334920699202311e-06 next_lambda=1.2334920699202311e-06 rho=0.64629356402004567 accept=1
CLASSICAL_LM o=86 lambda=1.2334920699202311e-06 tau=1.2334920699202311e-06 prediction=2.4633752989059925 rho=0.64629356402004567 accept=1
  MFCG it  87 cost=2.463464e+05 lam=1.233e-06 tau=0.00e+00 cg_it=0 shift=0 ckpt=1 alpha=0 acc mv=452
PCG_PREP o=87 rebuild=1 drift=0 previous_depth=1
ATTR_RADIUS o=87 raw_norm=1095.3654230850386 norm=1095.3654230850386 radius=1612.676294814835 next_radius=1612.676294814835 lambda=1.2334920699202311e-06 next_lambda=1.2334920699202311e-06 rho=0.65993634972254966 accept=1
CLASSICAL_LM o=87 lambda=1.2334920699202311e-06 tau=1.2334920699202311e-06 prediction=2.2271239341338562 rho=0.65993634972254966 accept=1
  MFCG it  88 cost=2.463449e+05 lam=1.233e-06 tau=0.00e+00 cg_it=0 shift=0 ckpt=1 alpha=0 acc mv=454
PCG_PREP o=88 rebuild=1 drift=0 previous_depth=1
ATTR_RADIUS o=88 raw_norm=1056.9818570982029 norm=1056.9818570982029 radius=1612.676294814835 next_radius=1612.676294814835 lambda=1.2334920699202311e-06 next_lambda=1.2334920699202311e-06 rho=0.67301116060153621 accept=1
CLASSICAL_LM o=88 lambda=1.2334920699202311e-06 tau=1.2334920699202311e-06 prediction=2.0229336567280138 rho=0.67301116060153621 accept=1
  MFCG it  89 cost=2.463436e+05 lam=1.233e-06 tau=0.00e+00 cg_it=0 shift=0 ckpt=1 alpha=0 acc mv=456
PCG_PREP o=89 rebuild=1 drift=0 previous_depth=1
ATTR_RADIUS o=89 raw_norm=1021.1061540176437 norm=1021.1061540176437 radius=1612.676294814835 next_radius=1612.676294814835 lambda=1.2334920699202311e-06 next_lambda=1.2334920699202311e-06 rho=0.68554092688321788 accept=1
CLASSICAL_LM o=89 lambda=1.2334920699202311e-06 tau=1.2334920699202311e-06 prediction=1.8454656122668829 rho=0.68554092688321788 accept=1
  MFCG: converged (OCA_FTOL: 8 outers < 1.0e-05 rel)
  [menu-backtrack] confirming stop with original retry policy at outer 90
  MFCG it  90 cost=2.463423e+05 lam=1.233e-06 tau=0.00e+00 cg_it=0 shift=0 ckpt=1 alpha=0 acc mv=458
PCG_PREP o=90 rebuild=1 drift=0 previous_depth=1
ATTR_RADIUS o=90 raw_norm=987.50872236565783 norm=987.50872236565783 radius=1612.676294814835 next_radius=1612.676294814835 lambda=1.2334920699202311e-06 next_lambda=1.2334920699202311e-06 rho=0.69754574457548035 accept=1
CLASSICAL_LM o=90 lambda=1.2334920699202311e-06 tau=1.2334920699202311e-06 prediction=1.6904111459095204 rho=0.69754574457548035 accept=1
  MFCG it  91 cost=2.463411e+05 lam=1.233e-06 tau=0.00e+00 cg_it=0 shift=0 ckpt=1 alpha=0 acc mv=460
PCG_PREP o=91 rebuild=1 drift=0 previous_depth=1
ATTR_RADIUS o=91 raw_norm=955.98779498181364 norm=955.98779498181364 radius=1612.676294814835 next_radius=1612.676294814835 lambda=1.2334920699202311e-06 next_lambda=1.2334920699202311e-06 rho=0.70904171688988304 accept=1
CLASSICAL_LM o=91 lambda=1.2334920699202311e-06 tau=1.2334920699202311e-06 prediction=1.5542617722695393 rho=0.70904171688988304 accept=1
  MFCG it  92 cost=2.463400e+05 lam=1.233e-06 tau=0.00e+00 cg_it=0 shift=0 ckpt=1 alpha=0 acc mv=462
PCG_PREP o=92 rebuild=1 drift=0 previous_depth=1
ATTR_RADIUS o=92 raw_norm=926.3656936237104 norm=926.3656936237104 radius=1612.676294814835 next_radius=1612.676294814835 lambda=1.2334920699202311e-06 next_lambda=1.2334920699202311e-06 rho=0.72004283858169393 accept=1
CLASSICAL_LM o=92 lambda=1.2334920699202311e-06 tau=1.2334920699202311e-06 prediction=1.4341429250157658 rho=0.72004283858169393 accept=1
  MFCG it  93 cost=2.463390e+05 lam=1.233e-06 tau=0.00e+00 cg_it=0 shift=0 ckpt=1 alpha=0 acc mv=464
PCG_PREP o=93 rebuild=1 drift=0 previous_depth=1
ATTR_RADIUS o=93 raw_norm=898.48491422448024 norm=898.48491422448024 radius=1612.676294814835 next_radius=1612.676294814835 lambda=1.2334920699202311e-06 next_lambda=1.2334920699202311e-06 rho=0.73056251665520588 accept=1
CLASSICAL_LM o=93 lambda=1.2334920699202311e-06 tau=1.2334920699202311e-06 prediction=1.3276860875306871 rho=0.73056251665520588 accept=1
  MFCG it  94 cost=2.463380e+05 lam=1.233e-06 tau=0.00e+00 cg_it=0 shift=0 ckpt=1 alpha=0 acc mv=466
PCG_PREP o=94 rebuild=1 drift=0 previous_depth=1
ATTR_RADIUS o=94 raw_norm=872.20419723586576 norm=872.20419723586576 radius=1612.676294814835 next_radius=1612.676294814835 lambda=1.2334920699202311e-06 next_lambda=1.2334920699202311e-06 rho=0.74061444021531386 accept=1
CLASSICAL_LM o=94 lambda=1.2334920699202311e-06 tau=1.2334920699202311e-06 prediction=1.2329293516936444 rho=0.74061444021531386 accept=1
  MFCG it  95 cost=2.463371e+05 lam=1.233e-06 tau=0.00e+00 cg_it=0 shift=0 ckpt=1 alpha=0 acc mv=468
PCG_PREP o=95 rebuild=1 drift=0 previous_depth=1
ATTR_RADIUS o=95 raw_norm=847.39770599658254 norm=847.39770599658254 radius=1612.676294814835 next_radius=1612.676294814835 lambda=1.2334920699202311e-06 next_lambda=1.2334920699202311e-06 rho=0.75021272446544118 accept=1
CLASSICAL_LM o=95 lambda=1.2334920699202311e-06 tau=1.2334920699202311e-06 prediction=1.1482418640504302 rho=0.75021272446544118 accept=1
  MFCG it  96 cost=2.463363e+05 lam=1.233e-06 tau=0.00e+00 cg_it=0 shift=0 ckpt=1 alpha=0 acc mv=470
PCG_PREP o=96 rebuild=1 drift=0 previous_depth=1
ATTR_RADIUS o=96 raw_norm=823.95205274248872 norm=823.95205274248872 radius=1612.676294814835 next_radius=1612.676294814835 lambda=1.2334920699202311e-06 next_lambda=1.2334920699202311e-06 rho=0.75937337152061513 accept=1
CLASSICAL_LM o=96 lambda=1.2334920699202311e-06 tau=1.2334920699202311e-06 prediction=1.0722624465113226 rho=0.75937337152061513 accept=1
  MFCG it  97 cost=2.463354e+05 lam=1.233e-06 tau=0.00e+00 cg_it=0 shift=0 ckpt=1 alpha=0 acc mv=472
PCG_PREP o=97 rebuild=1 drift=0 previous_depth=1
ATTR_RADIUS o=97 raw_norm=801.76451108808442 norm=801.76451108808442 radius=1612.676294814835 next_radius=1612.676294814835 lambda=1.2334920699202311e-06 next_lambda=1.2334920699202311e-06 rho=0.76811316050979883 accept=1
CLASSICAL_LM o=97 lambda=1.2334920699202311e-06 tau=1.2334920699202311e-06 prediction=1.0038482366367421 rho=0.76811316050979883 accept=1
  MFCG: converged (OCA_FTOL: 8 outers < 1.0e-05 rel)
  MFCG: accepts=98 rejects=4 total_matvecs=474 negcurv=2 cand_evals=102 mean_cg_per_outer=4.8
DEPTH_SUMMARY calls=1 wins=0 failures=1 seconds=0.025551738000000046 stop_spent=0 declip_spent=1
NUMERIC_REPAIR summary rebuilds=1 floor=1.2334920699202311e-06
  [retry-cache] builds=103 reuses=0
  [menu-backtrack] trials=24 rescues=24 evals=54 total_scored=156
POINT_SAFE summary calls=24 evals=24 wins=2 frozen=5866 seconds=0.057851223
  [scoring] menu_evals=102 alpha_evals=0 backtrack_evals=54 total_scored=156
RESULT algo=mfree_shifted_cg iters=98 final_cost=246334.6659441570 solve_seconds=1.234951
DIAGNOSTICS median_reproj_err_px 3.252455 -> 0.360274 | cheirality_violations(obs) 0 -> 13 | cheirality_violations(pts, of 64053) 0 -> 7
