  [menu-backtrack] active=1 max_evals=8 warmup_accepts=3 confirm_stop=original armijo=1e-4
MIXED_STORAGE fragments=fp32 arithmetic=fp64 state=fp64 acceptance=fp64
  [compact-fragments] active=2 saved_bytes=171996448 storage=fp32 camera_reads=contiguous
  MFCG score_init=90993342.024340242 precision=fp64
PCG_PREP o=0 rebuild=1 drift=0 previous_depth=0
ATTR_RADIUS o=0 raw_norm=8654.3112787736609 norm=8654.3112787736609 radius=8654.3112787736609 next_radius=17308.622557547322 lambda=0.10000000000000001 next_lambda=0.025000000000000001 rho=0.99507286850801446 accept=1
CLASSICAL_LM o=0 lambda=0.10000000000000001 tau=0.10000000000000001 prediction=84864420.877437949 rho=0.99507286850801446 accept=1
  MFCG it   1 cost=6.547059e+06 lam=2.500e-02 tau=0.00e+00 cg_it=1 shift=0 ckpt=2 alpha=0 acc mv=3
PCG_PREP o=1 rebuild=1 drift=0 previous_depth=2
ATTR_RADIUS o=1 raw_norm=4520.1218016453977 norm=4520.1218016453977 radius=17308.622557547322 next_radius=17308.622557547322 lambda=0.025000000000000001 next_lambda=0.0025000000000000005 rho=0.99296682315352081 accept=1
CLASSICAL_LM o=1 lambda=0.025000000000000001 tau=0.025000000000000001 prediction=2867069.0824532332 rho=0.99296682315352081 accept=1
  MFCG it   2 cost=3.700155e+06 lam=2.500e-03 tau=0.00e+00 cg_it=4 shift=0 ckpt=5 alpha=0 acc mv=9
PCG_PREP o=2 rebuild=1 drift=0 previous_depth=5
ATTR_RADIUS o=2 raw_norm=6968.9240849360503 norm=6968.9240849360503 radius=17308.622557547322 next_radius=17308.622557547322 lambda=0.0025000000000000005 next_lambda=0.00025000000000000006 rho=0.82396369454832297 accept=1
CLASSICAL_LM o=2 lambda=0.0025000000000000005 tau=0.0025000000000000005 prediction=1214583.7570763626 rho=0.82396369454832297 accept=1
  MFCG it   3 cost=2.699382e+06 lam=2.500e-04 tau=0.00e+00 cg_it=10 shift=0 ckpt=11 alpha=0 acc mv=21
PCG_PREP o=3 rebuild=1 drift=0 previous_depth=11
ATTR_RADIUS o=3 raw_norm=10916.630822875559 norm=10916.630822875559 radius=17308.622557547322 next_radius=17308.622557547322 lambda=0.00025000000000000006 next_lambda=2.5000000000000008e-05 rho=0.55635784350239936 accept=1
CLASSICAL_LM o=3 lambda=0.00025000000000000006 tau=0.00025000000000000006 prediction=649723.47305911756 rho=0.55635784350239936 accept=1
  MFCG it   4 cost=2.337903e+06 lam=2.500e-05 tau=0.00e+00 cg_it=0 shift=0 ckpt=1 alpha=0 acc mv=23
PCG_PREP o=4 rebuild=1 drift=0 previous_depth=1
ATTR_RADIUS o=4 raw_norm=11563.923947137262 norm=11563.923947137262 radius=17308.622557547322 next_radius=17308.622557547322 lambda=2.5000000000000008e-05 next_lambda=2.5000000000000011e-06 rho=0.33598935235904931 accept=1
CLASSICAL_LM o=4 lambda=2.5000000000000008e-05 tau=2.5000000000000008e-05 prediction=366496.96448191098 rho=0.33598935235904931 accept=1
  MFCG it   5 cost=2.214764e+06 lam=2.500e-06 tau=0.00e+00 cg_it=0 shift=0 ckpt=1 alpha=0 acc mv=25
PCG_PREP o=5 rebuild=1 drift=0 previous_depth=1
ATTR_RADIUS o=5 raw_norm=55365.665752536952 norm=0 radius=17308.622557547322 next_radius=4327.1556393868304 lambda=2.5000000000000011e-06 next_lambda=4.0000000000000017e-05 rho=0.0090127123254137697 accept=0
CLASSICAL_LM o=5 lambda=2.5000000000000011e-06 tau=2.5000000000000011e-06 prediction=312173.80257370201 rho=0.0090127123254137697 accept=0
  MFCG it   6  retry 1/8  lam=4.000e-05 tau_eff=2.500e-06  (assembly reused)
PCG_PREP o=5 rebuild=1 drift=0 previous_depth=7
ATTR_RADIUS o=5 raw_norm=19503.044923569538 norm=4327.1556393868286 radius=4327.1556393868304 next_radius=4327.1556393868304 lambda=4.0000000000000017e-05 next_lambda=4.0000000000000017e-05 rho=0.61335447510297558 accept=1
CLASSICAL_LM o=5 lambda=4.0000000000000017e-05 tau=4.0000000000000017e-05 prediction=278559.83620849665 rho=0.61335447510297558 accept=1
  MFCG it   6 cost=2.043908e+06 lam=4.000e-05 tau=0.00e+00 cg_it=3 shift=0 ckpt=4 alpha=0 acc mv=38
PCG_PREP o=6 rebuild=1 drift=0 previous_depth=4
POINT_SAFE o=6 frozen=105 slope=-67282.740739499684 candidate=2000704.0723891901 original=2035158.0393666849 current=2043908.1589680091 won=1 mode=1 camera_scale=1 keep_scale=0
ATTR_RADIUS o=6 raw_norm=19328.446718275754 norm=4327.1556393868332 radius=4327.1556393868304 next_radius=8654.3112787736609 lambda=4.0000000000000017e-05 next_lambda=1.0000000000000004e-05 rho=0.92074499270943488 accept=1
CLASSICAL_LM o=6 lambda=4.0000000000000017e-05 tau=4.0000000000000017e-05 prediction=46922.966642136438 rho=0.92074499270943488 accept=1
  MFCG it   7 cost=2.000704e+06 lam=1.000e-05 tau=0.00e+00 cg_it=4 shift=0 ckpt=5 alpha=0 acc mv=44
PCG_PREP o=7 rebuild=1 drift=0 previous_depth=5
POINT_SAFE o=7 frozen=604 slope=-94636.560481847147 candidate=1954448.1206218463 original=1966286.3360083774 current=2000704.0723891901 won=1 mode=1 camera_scale=1 keep_scale=0
ATTR_RADIUS o=7 raw_norm=33936.139121885681 norm=8654.3112787736591 radius=8654.3112787736609 next_radius=17308.622557547322 lambda=1.0000000000000004e-05 next_lambda=2.5000000000000011e-06 rho=0.75291580916429512 accept=1
CLASSICAL_LM o=7 lambda=1.0000000000000004e-05 tau=1.0000000000000004e-05 prediction=61435.755770204843 rho=0.75291580916429512 accept=1
  MFCG it   8 cost=1.954448e+06 lam=2.500e-06 tau=0.00e+00 cg_it=6 shift=0 ckpt=7 alpha=0 acc mv=52
PCG_PREP o=8 rebuild=1 drift=0 previous_depth=7
POINT_SAFE o=8 frozen=883 slope=-70715.364943421751 candidate=1934943.1894746786 original=1927064.9714210783 current=1954448.1206218463 won=0 mode=1 camera_scale=1 keep_scale=0
ATTR_RADIUS o=8 raw_norm=56778.814626686646 norm=4327.1556393868304 radius=17308.622557547322 next_radius=17308.622557547322 lambda=2.5000000000000011e-06 next_lambda=2.5000000000000009e-07 rho=0.61182263944786752 accept=1
CLASSICAL_LM o=8 lambda=2.5000000000000011e-06 tau=2.5000000000000011e-06 prediction=44756.678545729519 rho=0.61182263944786752 accept=1
  MFCG it   9 cost=1.927065e+06 lam=2.500e-07 tau=0.00e+00 cg_it=7 shift=0 ckpt=8 alpha=0 acc mv=61
PCG_PREP o=9 rebuild=1 drift=0 previous_depth=8
POINT_SAFE o=9 frozen=964 slope=-46377.65699844843 candidate=1912344.1870945445 original=1926282.6468616584 current=1927064.9714210783 won=1 mode=1 camera_scale=1 keep_scale=0
ATTR_RADIUS o=9 raw_norm=89120.930004503971 norm=17308.622557547325 radius=17308.622557547322 next_radius=17308.622557547322 lambda=2.5000000000000009e-07 next_lambda=2.5000000000000009e-07 rho=0.46028853819274496 accept=1
CLASSICAL_LM o=9 lambda=2.5000000000000009e-07 tau=2.5000000000000009e-07 prediction=31981.64434928746 rho=0.46028853819274496 accept=1
  MFCG it  10 cost=1.912344e+06 lam=2.500e-07 tau=0.00e+00 cg_it=7 shift=0 ckpt=8 alpha=0 acc mv=70
PCG_PREP o=10 rebuild=1 drift=0 previous_depth=8
POINT_SAFE o=10 frozen=727 slope=-34790.650465261686 candidate=2903033.3852682235 original=1911621.976049908 current=1912344.1870945445 won=0 mode=1 camera_scale=1 keep_scale=0
ATTR_RADIUS o=10 raw_norm=55734.914966106371 norm=270.44722746167679 radius=17308.622557547322 next_radius=17308.622557547322 lambda=2.5000000000000009e-07 next_lambda=2.5000000000000012e-08 rho=0.33447652138013434 accept=1
CLASSICAL_LM o=10 lambda=2.5000000000000009e-07 tau=2.5000000000000009e-07 prediction=2159.2279232531191 rho=0.33447652138013434 accept=1
  MFCG it  11 cost=1.911622e+06 lam=2.500e-08 tau=0.00e+00 cg_it=0 shift=0 ckpt=1 alpha=0 acc mv=72
PCG_PREP o=11 rebuild=1 drift=0 previous_depth=1
POINT_SAFE o=11 frozen=526 slope=-30275.841292010671 candidate=2499644.6252647322 original=1911337.3378064991 current=1911621.976049908 won=0 mode=1 camera_scale=1 keep_scale=0
ATTR_RADIUS o=11 raw_norm=94293.01131245037 norm=135.22361373083842 radius=17308.622557547322 next_radius=17308.622557547322 lambda=2.5000000000000012e-08 next_lambda=2.5000000000000013e-09 rho=0.27216316412446712 accept=1
CLASSICAL_LM o=11 lambda=2.5000000000000012e-08 tau=2.5000000000000012e-08 prediction=1045.8367660610434 rho=0.27216316412446712 accept=1
  MFCG it  12 cost=1.911337e+06 lam=2.500e-09 tau=0.00e+00 cg_it=0 shift=0 ckpt=1 alpha=0 acc mv=74
PCG_PREP o=12 rebuild=1 drift=0 previous_depth=1
POINT_SAFE o=12 frozen=469 slope=-28821.186930833392 candidate=2204169.1606953205 original=1911182.6336259642 current=1911337.3378064991 won=0 mode=1 camera_scale=1 keep_scale=0
ATTR_RADIUS o=12 raw_norm=119120.1579957145 norm=135.22361373083848 radius=17308.622557547322 next_radius=4327.1556393868304 lambda=2.5000000000000013e-09 next_lambda=4.0000000000000021e-08 rho=0.14965598625478208 accept=1
CLASSICAL_LM o=12 lambda=2.5000000000000013e-09 tau=2.5000000000000013e-09 prediction=1033.7319903231446 rho=0.14965598625478208 accept=1
  MFCG it  13 cost=1.911183e+06 lam=4.000e-08 tau=0.00e+00 cg_it=0 shift=0 ckpt=1 alpha=0 acc mv=76
PCG_PREP o=13 rebuild=1 drift=0 previous_depth=1
POINT_SAFE o=13 frozen=232 slope=-25179.784700463169 candidate=1906278.3873020119 original=1910821.1710468575 current=1911182.6336259642 won=1 mode=1 camera_scale=1 keep_scale=0
ATTR_RADIUS o=13 raw_norm=87662.752462959528 norm=4327.1556393868304 radius=4327.1556393868304 next_radius=4327.1556393868304 lambda=4.0000000000000021e-08 next_lambda=4.0000000000000021e-08 rho=0.36698640912995528 accept=1
CLASSICAL_LM o=13 lambda=4.0000000000000021e-08 tau=4.0000000000000021e-08 prediction=13363.563886682115 rho=0.36698640912995528 accept=1
  MFCG it  14 cost=1.906278e+06 lam=4.000e-08 tau=0.00e+00 cg_it=0 shift=0 ckpt=1 alpha=0 acc mv=78
PCG_PREP o=14 rebuild=1 drift=0 previous_depth=1
POINT_SAFE o=14 frozen=315 slope=-6158.8182110142516 candidate=1910355.0528614654 original=1906182.369407814 current=1906278.3873020119 won=0 mode=1 camera_scale=1 keep_scale=0
ATTR_RADIUS o=14 raw_norm=73442.798650776851 norm=33.805903432709592 radius=4327.1556393868304 next_radius=1081.7889098467076 lambda=4.0000000000000021e-08 next_lambda=6.4000000000000033e-07 rho=0.11232581490490215 accept=1
CLASSICAL_LM o=14 lambda=4.0000000000000021e-08 tau=4.0000000000000021e-08 prediction=854.81591457177512 rho=0.11232581490490215 accept=1
  MFCG it  15 cost=1.906182e+06 lam=6.400e-07 tau=0.00e+00 cg_it=0 shift=0 ckpt=1 alpha=0 acc mv=80
PCG_PREP o=15 rebuild=1 drift=0 previous_depth=1
POINT_SAFE o=15 frozen=147 slope=-4812.7669931177634 candidate=1903870.6959271303 original=1906000.0759209958 current=1906182.369407814 won=1 mode=1 camera_scale=1 keep_scale=0
ATTR_RADIUS o=15 raw_norm=31535.830014180014 norm=1081.7889098467074 radius=1081.7889098467076 next_radius=1081.7889098467076 lambda=6.4000000000000033e-07 next_lambda=6.4000000000000033e-07 rho=0.73372526728513954 accept=1
CLASSICAL_LM o=15 lambda=6.4000000000000033e-07 tau=6.4000000000000033e-07 prediction=3150.5981649468599 rho=0.73372526728513954 accept=1
  MFCG it  16 cost=1.903871e+06 lam=6.400e-07 tau=0.00e+00 cg_it=0 shift=0 ckpt=1 alpha=0 acc mv=82
PCG_PREP o=16 rebuild=1 drift=0 previous_depth=1
POINT_SAFE o=16 frozen=264 slope=-1873.716959684167 candidate=1903008.582931347 original=inf current=1903870.6959271303 won=1 mode=1 camera_scale=1 keep_scale=0
ATTR_RADIUS o=16 raw_norm=30711.179779528931 norm=1081.7889098467081 radius=1081.7889098467076 next_radius=1081.7889098467076 lambda=6.4000000000000033e-07 next_lambda=6.4000000000000033e-07 rho=0.51542380345256722 accept=1
CLASSICAL_LM o=16 lambda=6.4000000000000033e-07 tau=6.4000000000000033e-07 prediction=1672.6293780156591 rho=0.51542380345256722 accept=1
  MFCG it  17 cost=1.903009e+06 lam=6.400e-07 tau=0.00e+00 cg_it=0 shift=0 ckpt=1 alpha=0 acc mv=84
PCG_PREP o=17 rebuild=1 drift=0 previous_depth=1
POINT_SAFE o=17 frozen=164 slope=-1609.2914088898765 candidate=1903335.4480142563 original=inf current=1903008.582931347 won=0 mode=1 camera_scale=1 keep_scale=0
ATTR_RADIUS o=17 raw_norm=30239.793477842624 norm=1081.7889098467069 radius=1081.7889098467076 next_radius=270.4472274616769 lambda=6.4000000000000033e-07 next_lambda=1.0240000000000005e-05 rho=-1 accept=0
CLASSICAL_LM o=17 lambda=6.4000000000000033e-07 tau=6.4000000000000033e-07 prediction=1540.1683292030584 rho=-1 accept=0
  MFCG it  18  retry 1/8  lam=1.024e-05 tau_eff=6.400e-07  (assembly reused)
PCG_PREP o=17 rebuild=1 drift=0 previous_depth=1
POINT_SAFE o=17 frozen=86 slope=-1512.8370746099297 candidate=1904220.1786878204 original=inf current=1903008.582931347 won=0 mode=1 camera_scale=1 keep_scale=0
ATTR_RADIUS o=17 raw_norm=8644.0959658237534 norm=270.4472274616769 radius=270.4472274616769 next_radius=67.611806865419226 lambda=1.0240000000000005e-05 next_lambda=0.00016384000000000008 rho=-1 accept=0
CLASSICAL_LM o=17 lambda=1.0240000000000005e-05 tau=1.0240000000000005e-05 prediction=1433.9651798829977 rho=-1 accept=0
  MFCG it  18  retry 2/8  lam=1.638e-04 tau_eff=1.024e-05  (assembly reused)
PCG_PREP o=17 rebuild=1 drift=0 previous_depth=1
POINT_SAFE o=17 frozen=46 slope=-1739.2883766677314 candidate=1941863.9196048565 original=inf current=1903008.582931347 won=0 mode=1 camera_scale=1 keep_scale=0
ATTR_RADIUS o=17 raw_norm=3398.9370345852485 norm=67.611806865419226 radius=67.611806865419226 next_radius=16.902951716354806 lambda=0.00016384000000000008 next_lambda=0.0026214400000000014 rho=-1 accept=0
CLASSICAL_LM o=17 lambda=0.00016384000000000008 tau=0.00016384000000000008 prediction=1672.9017313086761 rho=-1 accept=0
  MFCG it  18  retry 3/8  lam=2.621e-03 tau_eff=1.638e-04  (assembly reused)
PCG_PREP o=17 rebuild=1 drift=0 previous_depth=1
POINT_SAFE o=17 frozen=6 slope=-2948.6114141943731 candidate=2034870.2632021538 original=1869983.3237369535 current=1903008.582931347 won=0 mode=1 camera_scale=1 keep_scale=0
ATTR_RADIUS o=17 raw_norm=799.88164890938356 norm=4.2257379290887034 radius=16.902951716354806 next_radius=16.902951716354806 lambda=0.0026214400000000014 next_lambda=0.00026214400000000012 rho=6.8834305884801301 accept=1
CLASSICAL_LM o=17 lambda=0.0026214400000000014 tau=0.0026214400000000014 prediction=4797.7906902501982 rho=6.8834305884801301 accept=1
  MFCG it  18 cost=1.869983e+06 lam=2.621e-04 tau=0.00e+00 cg_it=0 shift=0 ckpt=1 alpha=0 acc mv=92
PCG_PREP o=18 rebuild=1 drift=0 previous_depth=1
ATTR_RADIUS o=18 raw_norm=2400.3708297280541 norm=16.902951716354806 radius=16.902951716354806 next_radius=33.805903432709613 lambda=0.00026214400000000012 next_lambda=6.5536000000000031e-05 rho=0.99867510321402819 accept=1
CLASSICAL_LM o=18 lambda=0.00026214400000000012 tau=0.00026214400000000012 prediction=19052.623469869352 rho=0.99867510321402819 accept=1
  MFCG it  19 cost=1.850956e+06 lam=6.554e-05 tau=0.00e+00 cg_it=0 shift=0 ckpt=1 alpha=0 acc mv=94
PCG_PREP o=19 rebuild=1 drift=0 previous_depth=1
ATTR_RADIUS o=19 raw_norm=4401.4885757511765 norm=33.805903432709613 radius=33.805903432709613 next_radius=67.611806865419226 lambda=6.5536000000000031e-05 next_lambda=1.6384000000000008e-05 rho=1.0042127293516299 accept=1
CLASSICAL_LM o=19 lambda=6.5536000000000031e-05 tau=6.5536000000000031e-05 prediction=323.84337331534169 rho=1.0042127293516299 accept=1
  MFCG it  20 cost=1.850631e+06 lam=1.638e-05 tau=0.00e+00 cg_it=0 shift=0 ckpt=1 alpha=0 acc mv=96
PCG_PREP o=20 rebuild=1 drift=0 previous_depth=1
ATTR_RADIUS o=20 raw_norm=7274.6522682622517 norm=67.61180686541924 radius=67.611806865419226 next_radius=135.22361373083845 lambda=1.6384000000000008e-05 next_lambda=4.0960000000000019e-06 rho=1.0267148748320021 accept=1
CLASSICAL_LM o=20 lambda=1.6384000000000008e-05 tau=1.6384000000000008e-05 prediction=388.62768024111443 rho=1.0267148748320021 accept=1
  MFCG it  21 cost=1.850232e+06 lam=4.096e-06 tau=0.00e+00 cg_it=0 shift=0 ckpt=1 alpha=0 acc mv=98
PCG_PREP o=21 rebuild=1 drift=0 previous_depth=1
POINT_SAFE o=21 frozen=228 slope=-438.80632394557847 candidate=1849775.551301399 original=1849978.8818990034 current=1850231.7255688093 won=1 mode=1 camera_scale=1 keep_scale=0
ATTR_RADIUS o=21 raw_norm=12921.887186314514 norm=135.22361373083842 radius=135.22361373083845 next_radius=270.4472274616769 lambda=4.0960000000000019e-06 next_lambda=1.0240000000000005e-06 rho=1.0530996817491318 accept=1
CLASSICAL_LM o=21 lambda=4.0960000000000019e-06 tau=4.0960000000000019e-06 prediction=433.17292305380261 rho=1.0530996817491318 accept=1
  MFCG it  22 cost=1.849776e+06 lam=1.024e-06 tau=0.00e+00 cg_it=0 shift=0 ckpt=1 alpha=0 acc mv=100
PCG_PREP o=22 rebuild=1 drift=0 previous_depth=1
POINT_SAFE o=22 frozen=127 slope=-445.37174176276756 candidate=1849382.8507833101 original=1849527.7419793878 current=1849775.551301399 won=1 mode=1 camera_scale=1 keep_scale=0
ATTR_RADIUS o=22 raw_norm=24997.914533729359 norm=270.44722746167707 radius=270.4472274616769 next_radius=540.89445492335381 lambda=1.0240000000000005e-06 next_lambda=2.5600000000000012e-07 rho=0.89384195474738659 accept=1
CLASSICAL_LM o=22 lambda=1.0240000000000005e-06 tau=1.0240000000000005e-06 prediction=439.33999294077006 rho=0.89384195474738659 accept=1
  MFCG it  23 cost=1.849383e+06 lam=2.560e-07 tau=0.00e+00 cg_it=0 shift=0 ckpt=1 alpha=0 acc mv=102
PCG_PREP o=23 rebuild=1 drift=0 previous_depth=1
POINT_SAFE o=23 frozen=540 slope=-539.01509032066201 candidate=1849038.4358483879 original=1849147.2597782612 current=1849382.8507833101 won=1 mode=1 camera_scale=1 keep_scale=0
ATTR_RADIUS o=23 raw_norm=40895.030085913495 norm=540.89445492335403 radius=540.89445492335381 next_radius=540.89445492335381 lambda=2.5600000000000012e-07 next_lambda=2.5600000000000012e-07 rho=0.64506152442015585 accept=1
CLASSICAL_LM o=23 lambda=2.5600000000000012e-07 tau=2.5600000000000012e-07 prediction=533.92571387951909 rho=0.64506152442015585 accept=1
  MFCG it  24 cost=1.849038e+06 lam=2.560e-07 tau=0.00e+00 cg_it=0 shift=0 ckpt=1 alpha=0 acc mv=104
PCG_PREP o=24 rebuild=1 drift=0 previous_depth=1
POINT_SAFE o=24 frozen=179 slope=-536.38505418797592 candidate=1848691.9973322458 original=1848803.8942283278 current=1849038.4358483879 won=1 mode=1 camera_scale=1 keep_scale=0
ATTR_RADIUS o=24 raw_norm=40497.61667830449 norm=540.89445492335381 radius=540.89445492335381 next_radius=540.89445492335381 lambda=2.5600000000000012e-07 next_lambda=2.5600000000000012e-07 rho=0.65146538829118383 accept=1
CLASSICAL_LM o=24 lambda=2.5600000000000012e-07 tau=2.5600000000000012e-07 prediction=531.78345675554579 rho=0.65146538829118383 accept=1
  MFCG it  25 cost=1.848692e+06 lam=2.560e-07 tau=0.00e+00 cg_it=0 shift=0 ckpt=1 alpha=0 acc mv=106
PCG_PREP o=25 rebuild=1 drift=0 previous_depth=1
POINT_SAFE o=25 frozen=275 slope=-535.88822187455003 candidate=1848346.7032800261 original=1848458.6846650918 current=1848691.9973322458 won=1 mode=1 camera_scale=1 keep_scale=0
ATTR_RADIUS o=25 raw_norm=40139.227099958734 norm=540.89445492335369 radius=540.89445492335381 next_radius=540.89445492335381 lambda=2.5600000000000012e-07 next_lambda=2.5600000000000012e-07 rho=0.65040095898200478 accept=1
CLASSICAL_LM o=25 lambda=2.5600000000000012e-07 tau=2.5600000000000012e-07 prediction=530.8941314603295 rho=0.65040095898200478 accept=1
  MFCG it  26 cost=1.848347e+06 lam=2.560e-07 tau=0.00e+00 cg_it=0 shift=0 ckpt=1 alpha=0 acc mv=108
PCG_PREP o=26 rebuild=1 drift=0 previous_depth=1
POINT_SAFE o=26 frozen=171 slope=-534.62925173660346 candidate=1848001.1247572734 original=1848114.780246794 current=1848346.7032800261 won=1 mode=1 camera_scale=1 keep_scale=0
ATTR_RADIUS o=26 raw_norm=39766.945444444318 norm=540.89445492335392 radius=540.89445492335381 next_radius=540.89445492335381 lambda=2.5600000000000012e-07 next_lambda=2.5600000000000012e-07 rho=0.65217855216177745 accept=1
CLASSICAL_LM o=26 lambda=2.5600000000000012e-07 tau=2.5600000000000012e-07 prediction=529.88329899419091 rho=0.65217855216177745 accept=1
  MFCG it  27 cost=1.848001e+06 lam=2.560e-07 tau=0.00e+00 cg_it=0 shift=0 ckpt=1 alpha=0 acc mv=110
PCG_PREP o=27 rebuild=1 drift=0 previous_depth=1
POINT_SAFE o=27 frozen=233 slope=-535.12493610336901 candidate=1847653.0059345453 original=1847769.5527629151 current=1848001.1247572734 won=1 mode=1 camera_scale=1 keep_scale=0
ATTR_RADIUS o=27 raw_norm=39337.938978415878 norm=540.89445492335381 radius=540.89445492335381 next_radius=540.89445492335381 lambda=2.5600000000000012e-07 next_lambda=2.5600000000000012e-07 rho=0.65630480952125481 accept=1
CLASSICAL_LM o=27 lambda=2.5600000000000012e-07 tau=2.5600000000000012e-07 prediction=530.42247699203676 rho=0.65630480952125481 accept=1
  MFCG it  28 cost=1.847653e+06 lam=2.560e-07 tau=0.00e+00 cg_it=0 shift=0 ckpt=1 alpha=0 acc mv=112
PCG_PREP o=28 rebuild=1 drift=0 previous_depth=1
POINT_SAFE o=28 frozen=168 slope=-534.950718188731 candidate=1847303.865752721 original=1847422.4390836773 current=1847653.0059345453 won=1 mode=1 camera_scale=1 keep_scale=0
ATTR_RADIUS o=28 raw_norm=38968.566904295658 norm=540.89445492335369 radius=540.89445492335381 next_radius=540.89445492335381 lambda=2.5600000000000012e-07 next_lambda=2.5600000000000012e-07 rho=0.65858998944769376 accept=1
CLASSICAL_LM o=28 lambda=2.5600000000000012e-07 tau=2.5600000000000012e-07 prediction=530.13284049022332 rho=0.65858998944769376 accept=1
  MFCG it  29 cost=1.847304e+06 lam=2.560e-07 tau=0.00e+00 cg_it=0 shift=0 ckpt=1 alpha=0 acc mv=114
PCG_PREP o=29 rebuild=1 drift=0 previous_depth=1
POINT_SAFE o=29 frozen=242 slope=-535.5786449605389 candidate=1846951.8887775587 original=1847073.6844428254 current=1847303.865752721 won=1 mode=1 camera_scale=1 keep_scale=0
ATTR_RADIUS o=29 raw_norm=38531.912108382799 norm=540.89445492335358 radius=540.89445492335381 next_radius=540.89445492335381 lambda=2.5600000000000012e-07 next_lambda=2.5600000000000012e-07 rho=0.66321472944139681 accept=1
CLASSICAL_LM o=29 lambda=2.5600000000000012e-07 tau=2.5600000000000012e-07 prediction=530.71344699889119 rho=0.66321472944139681 accept=1
  MFCG it  30 cost=1.846952e+06 lam=2.560e-07 tau=0.00e+00 cg_it=0 shift=0 ckpt=1 alpha=0 acc mv=116
PCG_PREP o=30 rebuild=1 drift=0 previous_depth=1
POINT_SAFE o=30 frozen=136 slope=-535.57355757476557 candidate=1846598.3965986324 original=1846722.6749093477 current=1846951.8887775587 won=1 mode=1 camera_scale=1 keep_scale=0
ATTR_RADIUS o=30 raw_norm=38141.49058124303 norm=540.89445492335381 radius=540.89445492335381 next_radius=540.89445492335381 lambda=2.5600000000000012e-07 next_lambda=2.5600000000000012e-07 rho=0.66609082094578087 accept=1
CLASSICAL_LM o=30 lambda=2.5600000000000012e-07 tau=2.5600000000000012e-07 prediction=530.69666749696626 rho=0.66609082094578087 accept=1
  MFCG it  31 cost=1.846598e+06 lam=2.560e-07 tau=0.00e+00 cg_it=0 shift=0 ckpt=1 alpha=0 acc mv=118
PCG_PREP o=31 rebuild=1 drift=0 previous_depth=1
POINT_SAFE o=31 frozen=244 slope=-535.60625270412743 candidate=1846243.1228916638 original=1846370.1853349013 current=1846598.3965986324 won=1 mode=1 camera_scale=1 keep_scale=0
ATTR_RADIUS o=31 raw_norm=37748.523375748817 norm=540.89445492335381 radius=540.89445492335381 next_radius=540.89445492335381 lambda=2.5600000000000012e-07 next_lambda=2.5600000000000012e-07 rho=0.66955977660215327 accept=1
CLASSICAL_LM o=31 lambda=2.5600000000000012e-07 tau=2.5600000000000012e-07 prediction=530.60789997207598 rho=0.66955977660215327 accept=1
  MFCG it  32 cost=1.846243e+06 lam=2.560e-07 tau=0.00e+00 cg_it=0 shift=0 ckpt=1 alpha=0 acc mv=120
PCG_PREP o=32 rebuild=1 drift=0 previous_depth=1
POINT_SAFE o=32 frozen=149 slope=-535.96876278213824 candidate=1845885.0180801915 original=1846015.6112823763 current=1846243.1228916638 won=1 mode=1 camera_scale=1 keep_scale=0
ATTR_RADIUS o=32 raw_norm=37317.723875825854 norm=540.89445492335392 radius=540.89445492335381 next_radius=540.89445492335381 lambda=2.5600000000000012e-07 next_lambda=2.5600000000000012e-07 rho=0.67451574570150852 accept=1
CLASSICAL_LM o=32 lambda=2.5600000000000012e-07 tau=2.5600000000000012e-07 prediction=530.90652628118733 rho=0.67451574570150852 accept=1
  MFCG it  33 cost=1.845885e+06 lam=2.560e-07 tau=0.00e+00 cg_it=0 shift=0 ckpt=1 alpha=0 acc mv=122
PCG_PREP o=33 rebuild=1 drift=0 previous_depth=1
ATTR_RADIUS o=33 raw_norm=36875.581916347764 norm=0 radius=540.89445492335381 next_radius=135.22361373083845 lambda=2.5600000000000012e-07 next_lambda=4.0960000000000019e-06 rho=0.0065706713246535273 accept=0
CLASSICAL_LM o=33 lambda=2.5600000000000012e-07 tau=2.5600000000000012e-07 prediction=576.24125212994977 rho=0.0065706713246535273 accept=0
  MFCG it  34  retry 1/8  lam=4.096e-06 tau_eff=2.560e-07  (assembly reused)
PCG_PREP o=33 rebuild=1 drift=0 previous_depth=1
POINT_SAFE o=33 frozen=105 slope=-380.33032624600651 candidate=1845513.9526967057 original=1845661.9717403324 current=1845885.0180801915 won=1 mode=1 camera_scale=1 keep_scale=0
ATTR_RADIUS o=33 raw_norm=12599.635554400784 norm=135.22361373083845 radius=135.22361373083845 next_radius=270.4472274616769 lambda=4.0960000000000019e-06 next_lambda=1.0240000000000005e-06 rho=0.98367582910350893 accept=1
CLASSICAL_LM o=33 lambda=4.0960000000000019e-06 tau=4.0960000000000019e-06 prediction=377.22324012365789 rho=0.98367582910350893 accept=1
  MFCG it  34 cost=1.845514e+06 lam=1.024e-06 tau=0.00e+00 cg_it=0 shift=0 ckpt=1 alpha=0 acc mv=126
PCG_PREP o=34 rebuild=1 drift=0 previous_depth=1
POINT_SAFE o=34 frozen=232 slope=-410.89761658643602 candidate=1845151.4298019088 original=1845282.1443251721 current=1845513.9526967057 won=1 mode=1 camera_scale=1 keep_scale=0
ATTR_RADIUS o=34 raw_norm=23370.971413478841 norm=270.44722746167685 radius=270.4472274616769 next_radius=540.89445492335381 lambda=1.0240000000000005e-06 next_lambda=2.5600000000000012e-07 rho=0.88815177270173284 accept=1
CLASSICAL_LM o=34 lambda=1.0240000000000005e-06 tau=1.0240000000000005e-06 prediction=408.17673953870616 rho=0.88815177270173284 accept=1
  MFCG it  35 cost=1.845151e+06 lam=2.560e-07 tau=0.00e+00 cg_it=0 shift=0 ckpt=1 alpha=0 acc mv=128
PCG_PREP o=35 rebuild=1 drift=0 previous_depth=1
POINT_SAFE o=35 frozen=439 slope=-521.91309891757271 candidate=1844800.3147797789 original=1844933.3953918547 current=1845151.4298019088 won=1 mode=1 camera_scale=1 keep_scale=0
ATTR_RADIUS o=35 raw_norm=36840.138751139115 norm=540.89445492335426 radius=540.89445492335381 next_radius=540.89445492335381 lambda=2.5600000000000012e-07 next_lambda=2.5600000000000012e-07 rho=0.67876750691328114 accept=1
CLASSICAL_LM o=35 lambda=2.5600000000000012e-07 tau=2.5600000000000012e-07 prediction=517.28319130441685 rho=0.67876750691328114 accept=1
  MFCG it  36 cost=1.844800e+06 lam=2.560e-07 tau=0.00e+00 cg_it=0 shift=0 ckpt=1 alpha=0 acc mv=130
PCG_PREP o=36 rebuild=1 drift=0 previous_depth=1
ATTR_RADIUS o=36 raw_norm=36414.48013947389 norm=0 radius=540.89445492335381 next_radius=135.22361373083845 lambda=2.5600000000000012e-07 next_lambda=4.0960000000000019e-06 rho=0.016973534196376407 accept=0
CLASSICAL_LM o=36 lambda=2.5600000000000012e-07 tau=2.5600000000000012e-07 prediction=563.48959675392189 rho=0.016973534196376407 accept=0
  MFCG it  37  retry 1/8  lam=4.096e-06 tau_eff=2.560e-07  (assembly reused)
PCG_PREP o=36 rebuild=1 drift=0 previous_depth=1
POINT_SAFE o=36 frozen=67 slope=-365.56941176714037 candidate=1844443.9775941405 original=1844583.9813372779 current=1844800.3147797789 won=1 mode=1 camera_scale=1 keep_scale=0
ATTR_RADIUS o=36 raw_norm=12606.269417993537 norm=135.22361373083842 radius=135.22361373083845 next_radius=270.4472274616769 lambda=4.0960000000000019e-06 next_lambda=1.0240000000000005e-06 rho=0.98251327269959099 accept=1
CLASSICAL_LM o=36 lambda=4.0960000000000019e-06 tau=4.0960000000000019e-06 prediction=362.67925893703745 rho=0.98251327269959099 accept=1
  MFCG it  37 cost=1.844444e+06 lam=1.024e-06 tau=0.00e+00 cg_it=0 shift=0 ckpt=1 alpha=0 acc mv=134
PCG_PREP o=37 rebuild=1 drift=0 previous_depth=1
POINT_SAFE o=37 frozen=274 slope=-398.09208404698114 candidate=1844093.0991456551 original=1844218.3693694798 current=1844443.9775941405 won=1 mode=1 camera_scale=1 keep_scale=0
ATTR_RADIUS o=37 raw_norm=23229.104899732843 norm=270.4472274616769 radius=270.4472274616769 next_radius=540.89445492335381 lambda=1.0240000000000005e-06 next_lambda=2.5600000000000012e-07 rho=0.88732707021186596 accept=1
CLASSICAL_LM o=37 lambda=1.0240000000000005e-06 tau=1.0240000000000005e-06 prediction=395.43304860700124 rho=0.88732707021186596 accept=1
  MFCG it  38 cost=1.844093e+06 lam=2.560e-07 tau=0.00e+00 cg_it=0 shift=0 ckpt=1 alpha=0 acc mv=136
PCG_PREP o=38 rebuild=1 drift=0 previous_depth=1
ATTR_RADIUS o=38 raw_norm=36381.394627802059 norm=0 radius=540.89445492335381 next_radius=135.22361373083845 lambda=2.5600000000000012e-07 next_lambda=4.0960000000000019e-06 rho=0.013498977612410784 accept=0
CLASSICAL_LM o=38 lambda=2.5600000000000012e-07 tau=2.5600000000000012e-07 prediction=550.60913471500101 rho=0.013498977612410784 accept=0
  MFCG it  39  retry 1/8  lam=4.096e-06 tau_eff=2.560e-07  (assembly reused)
PCG_PREP o=38 rebuild=1 drift=0 previous_depth=1
POINT_SAFE o=38 frozen=54 slope=-353.21499800275825 candidate=1843748.7577990007 original=1843882.4503790692 current=1844093.0991456551 won=1 mode=1 camera_scale=1 keep_scale=0
ATTR_RADIUS o=38 raw_norm=12668.237564878733 norm=135.22361373083845 radius=135.22361373083845 next_radius=270.4472274616769 lambda=4.0960000000000019e-06 next_lambda=1.0240000000000005e-06 rho=0.98125635437026482 accept=1
CLASSICAL_LM o=38 lambda=4.0960000000000019e-06 tau=4.0960000000000019e-06 prediction=350.9188451322982 rho=0.98125635437026482 accept=1
  MFCG it  39 cost=1.843749e+06 lam=1.024e-06 tau=0.00e+00 cg_it=0 shift=0 ckpt=1 alpha=0 acc mv=140
PCG_PREP o=39 rebuild=1 drift=0 previous_depth=1
POINT_SAFE o=39 frozen=265 slope=-387.25780609478386 candidate=1843407.628582882 original=1843528.389035125 current=1843748.7577990007 won=1 mode=1 camera_scale=1 keep_scale=0
ATTR_RADIUS o=39 raw_norm=23256.128339414561 norm=270.4472274616769 radius=270.4472274616769 next_radius=540.89445492335381 lambda=1.0240000000000005e-06 next_lambda=2.5600000000000012e-07 rho=0.8868096418910808 accept=1
CLASSICAL_LM o=39 lambda=1.0240000000000005e-06 tau=1.0240000000000005e-06 prediction=384.67017046778307 rho=0.8868096418910808 accept=1
  MFCG it  40 cost=1.843408e+06 lam=2.560e-07 tau=0.00e+00 cg_it=0 shift=0 ckpt=1 alpha=0 acc mv=142
PCG_PREP o=40 rebuild=1 drift=0 previous_depth=1
ATTR_RADIUS o=40 raw_norm=36327.539488705588 norm=0 radius=540.89445492335381 next_radius=135.22361373083845 lambda=2.5600000000000012e-07 next_lambda=4.0960000000000019e-06 rho=0.0093373486271126713 accept=0
CLASSICAL_LM o=40 lambda=2.5600000000000012e-07 tau=2.5600000000000012e-07 prediction=538.71926617944473 rho=0.0093373486271126713 accept=0
  MFCG it  41  retry 1/8  lam=4.096e-06 tau_eff=2.560e-07  (assembly reused)
PCG_PREP o=40 rebuild=1 drift=0 previous_depth=1
POINT_SAFE o=40 frozen=54 slope=-342.8661415160887 candidate=1843073.5405880371 original=1843201.7288585096 current=1843407.628582882 won=1 mode=1 camera_scale=1 keep_scale=0
ATTR_RADIUS o=40 raw_norm=12705.216807971869 norm=135.22361373083848 radius=135.22361373083845 next_radius=270.4472274616769 lambda=4.0960000000000019e-06 next_lambda=1.0240000000000005e-06 rho=0.9807858526083757 accept=1
CLASSICAL_LM o=40 lambda=4.0960000000000019e-06 tau=4.0960000000000019e-06 prediction=340.63296687690467 rho=0.9807858526083757 accept=1
  MFCG it  41 cost=1.843074e+06 lam=1.024e-06 tau=0.00e+00 cg_it=0 shift=0 ckpt=1 alpha=0 acc mv=146
PCG_PREP o=41 rebuild=1 drift=0 previous_depth=1
POINT_SAFE o=41 frozen=274 slope=-377.0316860608192 candidate=1842741.6146673001 original=1842858.1569547863 current=1843073.5405880371 won=1 mode=1 camera_scale=1 keep_scale=0
ATTR_RADIUS o=41 raw_norm=23261.779118444258 norm=270.4472274616769 radius=270.4472274616769 next_radius=540.89445492335381 lambda=1.0240000000000005e-06 next_lambda=2.5600000000000012e-07 rho=0.88629436783145243 accept=1
CLASSICAL_LM o=41 lambda=1.0240000000000005e-06 tau=1.0240000000000005e-06 prediction=374.50979356792965 rho=0.88629436783145243 accept=1
  MFCG it  42 cost=1.842742e+06 lam=2.560e-07 tau=0.00e+00 cg_it=0 shift=0 ckpt=1 alpha=0 acc mv=148
PCG_PREP o=42 rebuild=1 drift=0 previous_depth=1
ATTR_RADIUS o=42 raw_norm=36253.746770818972 norm=0 radius=540.89445492335381 next_radius=135.22361373083845 lambda=2.5600000000000012e-07 next_lambda=4.0960000000000019e-06 rho=0.0033907697801551606 accept=0
CLASSICAL_LM o=42 lambda=2.5600000000000012e-07 tau=2.5600000000000012e-07 prediction=527.25749188621944 rho=0.0033907697801551606 accept=0
  MFCG it  43  retry 1/8  lam=4.096e-06 tau_eff=2.560e-07  (assembly reused)
PCG_PREP o=42 rebuild=1 drift=0 previous_depth=1
POINT_SAFE o=42 frozen=51 slope=-333.69898204313625 candidate=1842416.6494916715 original=1842539.8825875313 current=1842741.6146673001 won=1 mode=1 camera_scale=1 keep_scale=0
ATTR_RADIUS o=42 raw_norm=12704.788225812463 norm=135.22361373083842 radius=135.22361373083845 next_radius=270.4472274616769 lambda=4.0960000000000019e-06 next_lambda=1.0240000000000005e-06 rho=0.98019563462132508 accept=1
CLASSICAL_LM o=42 lambda=4.0960000000000019e-06 tau=4.0960000000000019e-06 prediction=331.53093540781231 rho=0.98019563462132508 accept=1
  MFCG it  43 cost=1.842417e+06 lam=1.024e-06 tau=0.00e+00 cg_it=0 shift=0 ckpt=1 alpha=0 acc mv=152
PCG_PREP o=43 rebuild=1 drift=0 previous_depth=1
POINT_SAFE o=43 frozen=277 slope=-367.29824369381146 candidate=1842093.4563757926 original=1842206.0512694912 current=1842416.6494916715 won=1 mode=1 camera_scale=1 keep_scale=0
ATTR_RADIUS o=43 raw_norm=23243.084408958235 norm=270.44722746167685 radius=270.4472274616769 next_radius=540.89445492335381 lambda=1.0240000000000005e-06 next_lambda=2.5600000000000012e-07 rho=0.88581880839479088 accept=1
CLASSICAL_LM o=43 lambda=1.0240000000000005e-06 tau=1.0240000000000005e-06 prediction=364.85239737064808 rho=0.88581880839479088 accept=1
  MFCG it  44 cost=1.842093e+06 lam=2.560e-07 tau=0.00e+00 cg_it=0 shift=0 ckpt=1 alpha=0 acc mv=154
PCG_PREP o=44 rebuild=1 drift=0 previous_depth=1
POINT_SAFE o=44 frozen=381 slope=-472.91599578950508 candidate=1841769.6183988261 original=1841910.4255998419 current=1842093.4563757926 won=1 mode=1 camera_scale=1 keep_scale=0
ATTR_RADIUS o=44 raw_norm=36172.565373522135 norm=540.89445492335403 radius=540.89445492335381 next_radius=540.89445492335381 lambda=2.5600000000000012e-07 next_lambda=2.5600000000000012e-07 rho=0.69099262662419214 accept=1
CLASSICAL_LM o=44 lambda=2.5600000000000012e-07 tau=2.5600000000000012e-07 prediction=468.65619760461436 rho=0.69099262662419214 accept=1
  MFCG it  45 cost=1.841770e+06 lam=2.560e-07 tau=0.00e+00 cg_it=0 shift=0 ckpt=1 alpha=0 acc mv=156
PCG_PREP o=45 rebuild=1 drift=0 previous_depth=1
ATTR_RADIUS o=45 raw_norm=35734.816252563825 norm=0 radius=540.89445492335381 next_radius=135.22361373083845 lambda=2.5600000000000012e-07 next_lambda=4.0960000000000019e-06 rho=0.0099758822061329737 accept=0
CLASSICAL_LM o=45 lambda=2.5600000000000012e-07 tau=2.5600000000000012e-07 prediction=517.43795414934482 rho=0.0099758822061329737 accept=0
  MFCG it  46  retry 1/8  lam=4.096e-06 tau_eff=2.560e-07  (assembly reused)
PCG_PREP o=45 rebuild=1 drift=0 previous_depth=1
POINT_SAFE o=45 frozen=95 slope=-323.75492337029522 candidate=1841454.9093345474 original=1841572.2518688797 current=1841769.6183988261 won=1 mode=1 camera_scale=1 keep_scale=0
ATTR_RADIUS o=45 raw_norm=12627.685007997687 norm=135.22361373083839 radius=135.22361373083845 next_radius=270.4472274616769 lambda=4.0960000000000019e-06 next_lambda=1.0240000000000005e-06 rho=0.97992422265469226 accept=1
CLASSICAL_LM o=45 lambda=4.0960000000000019e-06 tau=4.0960000000000019e-06 prediction=321.15653129400135 rho=0.97992422265469226 accept=1
  MFCG it  46 cost=1.841455e+06 lam=1.024e-06 tau=0.00e+00 cg_it=0 shift=0 ckpt=1 alpha=0 acc mv=160
PCG_PREP o=46 rebuild=1 drift=0 previous_depth=1
POINT_SAFE o=46 frozen=255 slope=-356.41575688251299 candidate=1841141.3712928712 original=1841249.0953481218 current=1841454.9093345474 won=1 mode=1 camera_scale=1 keep_scale=0
ATTR_RADIUS o=46 raw_norm=23030.17962049675 norm=270.4472274616769 radius=270.4472274616769 next_radius=540.89445492335381 lambda=1.0240000000000005e-06 next_lambda=2.5600000000000012e-07 rho=0.88560465393774079 accept=1
CLASSICAL_LM o=46 lambda=1.0240000000000005e-06 tau=1.0240000000000005e-06 prediction=354.03838527953803 rho=0.88560465393774079 accept=1
  MFCG it  47 cost=1.841141e+06 lam=2.560e-07 tau=0.00e+00 cg_it=0 shift=0 ckpt=1 alpha=0 acc mv=162
PCG_PREP o=47 rebuild=1 drift=0 previous_depth=1
ATTR_RADIUS o=47 raw_norm=35668.796546856553 norm=0 radius=540.89445492335381 next_radius=135.22361373083845 lambda=2.5600000000000012e-07 next_lambda=4.0960000000000019e-06 rho=0.0019086209990757533 accept=0
CLASSICAL_LM o=47 lambda=2.5600000000000012e-07 tau=2.5600000000000012e-07 prediction=506.69758770374352 rho=0.0019086209990757533 accept=0
  MFCG it  48  retry 1/8  lam=4.096e-06 tau_eff=2.560e-07  (assembly reused)
PCG_PREP o=47 rebuild=1 drift=0 previous_depth=1
POINT_SAFE o=47 frozen=87 slope=-313.94235723027811 candidate=1840835.8495189387 original=1840948.3600988949 current=1841141.3712928712 won=1 mode=1 camera_scale=1 keep_scale=0
ATTR_RADIUS o=47 raw_norm=12637.240875115684 norm=135.22361373083845 radius=135.22361373083845 next_radius=270.4472274616769 lambda=4.0960000000000019e-06 next_lambda=1.0240000000000005e-06 rho=0.97948747068046238 accept=1
CLASSICAL_LM o=47 lambda=4.0960000000000019e-06 tau=4.0960000000000019e-06 prediction=311.92004295905065 rho=0.97948747068046238 accept=1
  MFCG it  48 cost=1.840836e+06 lam=1.024e-06 tau=0.00e+00 cg_it=0 shift=0 ckpt=1 alpha=0 acc mv=166
PCG_PREP o=48 rebuild=1 drift=0 previous_depth=1
POINT_SAFE o=48 frozen=240 slope=-346.92782087972802 candidate=1840530.7013670667 original=1840645.1324224507 current=1840835.8495189387 won=1 mode=1 camera_scale=1 keep_scale=0
ATTR_RADIUS o=48 raw_norm=23017.348020183166 norm=270.44722746167685 radius=270.4472274616769 next_radius=540.89445492335381 lambda=1.0240000000000005e-06 next_lambda=2.5600000000000012e-07 rho=0.88544410995862199 accept=1
CLASSICAL_LM o=48 lambda=1.0240000000000005e-06 tau=1.0240000000000005e-06 prediction=344.62723105836807 rho=0.88544410995862199 accept=1
  MFCG it  49 cost=1.840531e+06 lam=2.560e-07 tau=0.00e+00 cg_it=0 shift=0 ckpt=1 alpha=0 acc mv=168
PCG_PREP o=49 rebuild=1 drift=0 previous_depth=1
POINT_SAFE o=49 frozen=405 slope=-449.58611415824504 candidate=1840218.1057753309 original=1840371.3426373666 current=1840530.7013670667 won=1 mode=1 camera_scale=1 keep_scale=0
ATTR_RADIUS o=49 raw_norm=35607.573017294446 norm=540.89445492335403 radius=540.89445492335381 next_radius=540.89445492335381 lambda=2.5600000000000012e-07 next_lambda=2.5600000000000012e-07 rho=0.7016657045004171 accept=1
CLASSICAL_LM o=49 lambda=2.5600000000000012e-07 tau=2.5600000000000012e-07 prediction=445.50501717674797 rho=0.7016657045004171 accept=1
  MFCG it  50 cost=1.840218e+06 lam=2.560e-07 tau=0.00e+00 cg_it=0 shift=0 ckpt=1 alpha=0 acc mv=170
PCG_PREP o=50 rebuild=1 drift=0 previous_depth=1
ATTR_RADIUS o=50 raw_norm=35191.16448245733 norm=0 radius=540.89445492335381 next_radius=135.22361373083845 lambda=2.5600000000000012e-07 next_lambda=4.0960000000000019e-06 rho=0.0049795550635845839 accept=0
CLASSICAL_LM o=50 lambda=2.5600000000000012e-07 tau=2.5600000000000012e-07 prediction=495.57089851045089 rho=0.0049795550635845839 accept=0
  MFCG it  51  retry 1/8  lam=4.096e-06 tau_eff=2.560e-07  (assembly reused)
PCG_PREP o=50 rebuild=1 drift=0 previous_depth=1
POINT_SAFE o=50 frozen=75 slope=-303.66774285651906 candidate=1839923.3947769133 original=1840028.8761113014 current=1840218.1057753309 won=1 mode=1 camera_scale=1 keep_scale=0
ATTR_RADIUS o=50 raw_norm=12577.822136594064 norm=135.22361373083837 radius=135.22361373083845 next_radius=270.4472274616769 lambda=4.0960000000000019e-06 next_lambda=1.0240000000000005e-06 rho=0.97833006138281964 accept=1
CLASSICAL_LM o=50 lambda=4.0960000000000019e-06 tau=4.0960000000000019e-06 prediction=301.23882527029559 rho=0.97833006138281964 accept=1
  MFCG it  51 cost=1.839923e+06 lam=1.024e-06 tau=0.00e+00 cg_it=0 shift=0 ckpt=1 alpha=0 acc mv=174
PCG_PREP o=51 rebuild=1 drift=0 previous_depth=1
POINT_SAFE o=51 frozen=259 slope=-336.44431157855649 candidate=1839627.2233877489 original=1839792.0316805984 current=1839923.3947769133 won=1 mode=1 camera_scale=1 keep_scale=0
ATTR_RADIUS o=51 raw_norm=22815.963778605241 norm=270.4472274616769 radius=270.4472274616769 next_radius=540.89445492335381 lambda=1.0240000000000005e-06 next_lambda=2.5600000000000012e-07 rho=0.88619588520773274 accept=1
CLASSICAL_LM o=51 lambda=1.0240000000000005e-06 tau=1.0240000000000005e-06 prediction=334.20533101998967 rho=0.88619588520773274 accept=1
  MFCG it  52 cost=1.839627e+06 lam=2.560e-07 tau=0.00e+00 cg_it=0 shift=0 ckpt=1 alpha=0 acc mv=176
PCG_PREP o=52 rebuild=1 drift=0 previous_depth=1
POINT_SAFE o=52 frozen=379 slope=-437.99650181267936 candidate=1839318.8340895518 original=1839516.1716541795 current=1839627.2233877489 won=1 mode=1 camera_scale=1 keep_scale=0
ATTR_RADIUS o=52 raw_norm=35137.887297417263 norm=540.89445492335381 radius=540.89445492335381 next_radius=540.89445492335381 lambda=2.5600000000000012e-07 next_lambda=2.5600000000000012e-07 rho=0.71059115058527555 accept=1
CLASSICAL_LM o=52 lambda=2.5600000000000012e-07 tau=2.5600000000000012e-07 prediction=433.98978152642519 rho=0.71059115058527555 accept=1
  MFCG it  53 cost=1.839319e+06 lam=2.560e-07 tau=0.00e+00 cg_it=0 shift=0 ckpt=1 alpha=0 acc mv=178
PCG_PREP o=53 rebuild=1 drift=0 previous_depth=1
ATTR_RADIUS o=53 raw_norm=34731.930227628276 norm=0 radius=540.89445492335381 next_radius=135.22361373083845 lambda=2.5600000000000012e-07 next_lambda=4.0960000000000019e-06 rho=0.0056795244023475876 accept=0
CLASSICAL_LM o=53 lambda=2.5600000000000012e-07 tau=2.5600000000000012e-07 prediction=484.15078401812821 rho=0.0056795244023475876 accept=0
  MFCG it  54  retry 1/8  lam=4.096e-06 tau_eff=2.560e-07  (assembly reused)
PCG_PREP o=53 rebuild=1 drift=0 previous_depth=1
POINT_SAFE o=53 frozen=93 slope=-292.66701683208282 candidate=1839035.0158350314 original=1839134.445237532 current=1839318.8340895518 won=1 mode=1 camera_scale=1 keep_scale=0
ATTR_RADIUS o=53 raw_norm=12535.849558953078 norm=135.22361373083845 radius=135.22361373083845 next_radius=270.4472274616769 lambda=4.0960000000000019e-06 next_lambda=1.0240000000000005e-06 rho=0.97757779233768893 accept=1
CLASSICAL_LM o=53 lambda=4.0960000000000019e-06 tau=4.0960000000000019e-06 prediction=290.32805035568725 rho=0.97757779233768893 accept=1
  MFCG it  54 cost=1.839035e+06 lam=1.024e-06 tau=0.00e+00 cg_it=0 shift=0 ckpt=1 alpha=0 acc mv=182
PCG_PREP o=54 rebuild=1 drift=0 previous_depth=1
POINT_SAFE o=54 frozen=256 slope=-326.16505526872896 candidate=1838747.504379486 original=1838844.783427208 current=1839035.0158350314 won=1 mode=1 camera_scale=1 keep_scale=0
ATTR_RADIUS o=54 raw_norm=22614.696824847848 norm=270.44722746167696 radius=270.4472274616769 next_radius=540.89445492335381 lambda=1.0240000000000005e-06 next_lambda=2.5600000000000012e-07 rho=0.88740678380873783 accept=1
CLASSICAL_LM o=54 lambda=1.0240000000000005e-06 tau=1.0240000000000005e-06 prediction=323.99059911559328 rho=0.88740678380873783 accept=1
  MFCG it  55 cost=1.838748e+06 lam=2.560e-07 tau=0.00e+00 cg_it=0 shift=0 ckpt=1 alpha=0 acc mv=184
PCG_PREP o=55 rebuild=1 drift=0 previous_depth=1
POINT_SAFE o=55 frozen=374 slope=-426.37088935427192 candidate=1838443.3138168077 original=1838613.1339332899 current=1838747.504379486 won=1 mode=1 camera_scale=1 keep_scale=0
ATTR_RADIUS o=55 raw_norm=34688.920628213775 norm=540.89445492335369 radius=540.89445492335381 next_radius=540.89445492335381 lambda=2.5600000000000012e-07 next_lambda=2.5600000000000012e-07 rho=0.72007992461455961 accept=1
CLASSICAL_LM o=55 lambda=2.5600000000000012e-07 tau=2.5600000000000012e-07 prediction=422.4399990613453 rho=0.72007992461455961 accept=1
  MFCG it  56 cost=1.838443e+06 lam=2.560e-07 tau=0.00e+00 cg_it=0 shift=0 ckpt=1 alpha=0 acc mv=186
PCG_PREP o=56 rebuild=1 drift=0 previous_depth=1
POINT_SAFE o=56 frozen=202 slope=-426.31258137328609 candidate=1838136.5344029258 original=1838312.2331654888 current=1838443.3138168077 won=1 mode=1 camera_scale=1 keep_scale=0
ATTR_RADIUS o=56 raw_norm=34292.288646917092 norm=540.89445492335369 radius=540.89445492335381 next_radius=540.89445492335381 lambda=2.5600000000000012e-07 next_lambda=2.5600000000000012e-07 rho=0.7267580279115915 accept=1
CLASSICAL_LM o=56 lambda=2.5600000000000012e-07 tau=2.5600000000000012e-07 prediction=422.12043362424822 rho=0.7267580279115915 accept=1
  MFCG it  57 cost=1.838137e+06 lam=2.560e-07 tau=0.00e+00 cg_it=0 shift=0 ckpt=1 alpha=0 acc mv=188
PCG_PREP o=57 rebuild=1 drift=0 previous_depth=1
POINT_SAFE o=57 frozen=167 slope=-425.41871367589965 candidate=1837828.3508973338 original=1838010.5172784263 current=1838136.5344029258 won=1 mode=1 camera_scale=1 keep_scale=0
ATTR_RADIUS o=57 raw_norm=33922.389088851713 norm=540.89445492335403 radius=540.89445492335381 next_radius=540.89445492335381 lambda=2.5600000000000012e-07 next_lambda=2.5600000000000012e-07 rho=0.7318483214245356 accept=1
CLASSICAL_LM o=57 lambda=2.5600000000000012e-07 tau=2.5600000000000012e-07 prediction=421.1029752614042 rho=0.7318483214245356 accept=1
  MFCG it  58 cost=1.837828e+06 lam=2.560e-07 tau=0.00e+00 cg_it=0 shift=0 ckpt=1 alpha=0 acc mv=190
PCG_PREP o=58 rebuild=1 drift=0 previous_depth=1
POINT_SAFE o=58 frozen=207 slope=-424.01203182206717 candidate=1837519.0376808438 original=1837708.0907182039 current=1837828.3508973338 won=1 mode=1 camera_scale=1 keep_scale=0
ATTR_RADIUS o=58 raw_norm=33566.441695479327 norm=540.89445492335369 radius=540.89445492335381 next_radius=540.89445492335381 lambda=2.5600000000000012e-07 next_lambda=2.5600000000000012e-07 rho=0.73697049937594694 accept=1
CLASSICAL_LM o=58 lambda=2.5600000000000012e-07 tau=2.5600000000000012e-07 prediction=419.70908842605405 rho=0.73697049937594694 accept=1
  MFCG it  59 cost=1.837519e+06 lam=2.560e-07 tau=0.00e+00 cg_it=0 shift=0 ckpt=1 alpha=0 acc mv=192
PCG_PREP o=59 rebuild=1 drift=0 previous_depth=1
POINT_SAFE o=59 frozen=143 slope=-422.82786977164488 candidate=1837208.1875408441 original=1837404.8854811236 current=1837519.0376808438 won=1 mode=1 camera_scale=1 keep_scale=0
ATTR_RADIUS o=59 raw_norm=33194.009899838173 norm=540.89445492335369 radius=540.89445492335381 next_radius=540.89445492335381 lambda=2.5600000000000012e-07 next_lambda=2.5600000000000012e-07 rho=0.74282690225705494 accept=1
CLASSICAL_LM o=59 lambda=2.5600000000000012e-07 tau=2.5600000000000012e-07 prediction=418.46914678945296 rho=0.74282690225705494 accept=1
  MFCG it  60 cost=1.837208e+06 lam=2.560e-07 tau=0.00e+00 cg_it=0 shift=0 ckpt=1 alpha=0 acc mv=194
PCG_PREP o=60 rebuild=1 drift=0 previous_depth=1
ATTR_RADIUS o=60 raw_norm=32835.703835911394 norm=0 radius=540.89445492335381 next_radius=135.22361373083845 lambda=2.5600000000000012e-07 next_lambda=4.0960000000000019e-06 rho=0.01732102873317877 accept=0
CLASSICAL_LM o=60 lambda=2.5600000000000012e-07 tau=2.5600000000000012e-07 prediction=468.64709244253021 rho=0.01732102873317877 accept=0
  MFCG it  61  retry 1/8  lam=4.096e-06 tau_eff=2.560e-07  (assembly reused)
PCG_PREP o=60 rebuild=1 drift=0 previous_depth=1
POINT_SAFE o=60 frozen=76 slope=-271.54110236470751 candidate=1836945.6046498565 original=1837032.9076338494 current=1837208.1875408441 won=1 mode=1 camera_scale=1 keep_scale=0
ATTR_RADIUS o=60 raw_norm=12312.839826195914 norm=135.22361373083842 radius=135.22361373083845 next_radius=270.4472274616769 lambda=4.0960000000000019e-06 next_lambda=1.0240000000000005e-06 rho=0.9758701192191348 accept=1
CLASSICAL_LM o=60 lambda=4.0960000000000019e-06 tau=4.0960000000000019e-06 prediction=269.07565445055423 rho=0.9758701192191348 accept=1
  MFCG it  61 cost=1.836946e+06 lam=1.024e-06 tau=0.00e+00 cg_it=0 shift=0 ckpt=1 alpha=0 acc mv=198
PCG_PREP o=61 rebuild=1 drift=0 previous_depth=1
POINT_SAFE o=61 frozen=283 slope=-309.37284598525008 candidate=1836671.0543236246 original=1836766.5326138379 current=1836945.6046498565 won=1 mode=1 camera_scale=1 keep_scale=0
ATTR_RADIUS o=61 raw_norm=21678.351889851194 norm=270.4472274616769 radius=270.4472274616769 next_radius=540.89445492335381 lambda=1.0240000000000005e-06 next_lambda=2.5600000000000012e-07 rho=0.89393914747899472 accept=1
CLASSICAL_LM o=61 lambda=1.0240000000000005e-06 tau=1.0240000000000005e-06 prediction=307.12417842548763 rho=0.89393914747899472 accept=1
  MFCG it  62 cost=1.836671e+06 lam=2.560e-07 tau=0.00e+00 cg_it=0 shift=0 ckpt=1 alpha=0 acc mv=200
PCG_PREP o=62 rebuild=1 drift=0 previous_depth=1
ATTR_RADIUS o=62 raw_norm=32797.912710632321 norm=0 radius=540.89445492335381 next_radius=135.22361373083845 lambda=2.5600000000000012e-07 next_lambda=4.0960000000000019e-06 rho=0.039706453118665302 accept=0
CLASSICAL_LM o=62 lambda=2.5600000000000012e-07 tau=2.5600000000000012e-07 prediction=457.3484896941207 rho=0.039706453118665302 accept=0
  MFCG it  63  retry 1/8  lam=4.096e-06 tau_eff=2.560e-07  (assembly reused)
PCG_PREP o=62 rebuild=1 drift=0 previous_depth=1
POINT_SAFE o=62 frozen=64 slope=-262.18089063510865 candidate=1836416.926001857 original=1836499.8550169393 current=1836671.0543236246 won=1 mode=1 camera_scale=1 keep_scale=0
ATTR_RADIUS o=62 raw_norm=12324.654188544564 norm=135.22361373083851 radius=135.22361373083845 next_radius=270.4472274616769 lambda=4.0960000000000019e-06 next_lambda=1.0240000000000005e-06 rho=0.97551446223059435 accept=1
CLASSICAL_LM o=62 lambda=4.0960000000000019e-06 tau=4.0960000000000019e-06 prediction=260.50697514669997 rho=0.97551446223059435 accept=1
  MFCG it  63 cost=1.836417e+06 lam=1.024e-06 tau=0.00e+00 cg_it=0 shift=0 ckpt=1 alpha=0 acc mv=204
PCG_PREP o=63 rebuild=1 drift=0 previous_depth=1
POINT_SAFE o=63 frozen=274 slope=-300.90783296758525 candidate=1836149.365775933 original=1836242.5887018563 current=1836416.926001857 won=1 mode=1 camera_scale=1 keep_scale=0
ATTR_RADIUS o=63 raw_norm=21667.070458204191 norm=270.44722746167696 radius=270.4472274616769 next_radius=540.89445492335381 lambda=1.0240000000000005e-06 next_lambda=2.5600000000000012e-07 rho=0.89526874578149584 accept=1
CLASSICAL_LM o=63 lambda=1.0240000000000005e-06 tau=1.0240000000000005e-06 prediction=298.86023295770622 rho=0.89526874578149584 accept=1
  MFCG it  64 cost=1.836149e+06 lam=2.560e-07 tau=0.00e+00 cg_it=0 shift=0 ckpt=1 alpha=0 acc mv=206
PCG_PREP o=64 rebuild=1 drift=0 previous_depth=1
ATTR_RADIUS o=64 raw_norm=32782.18965384359 norm=0 radius=540.89445492335381 next_radius=135.22361373083845 lambda=2.5600000000000012e-07 next_lambda=4.0960000000000019e-06 rho=0.033727326130884507 accept=0
CLASSICAL_LM o=64 lambda=2.5600000000000012e-07 tau=2.5600000000000012e-07 prediction=447.18347227300291 rho=0.033727326130884507 accept=0
  MFCG it  65  retry 1/8  lam=4.096e-06 tau_eff=2.560e-07  (assembly reused)
PCG_PREP o=64 rebuild=1 drift=0 previous_depth=1
POINT_SAFE o=64 frozen=69 slope=-255.03446195398408 candidate=1835902.1308550744 original=1835981.2042426048 current=1836149.365775933 won=1 mode=1 camera_scale=1 keep_scale=0
ATTR_RADIUS o=64 raw_norm=12324.695624226057 norm=135.22361373083842 radius=135.22361373083845 next_radius=270.4472274616769 lambda=4.0960000000000019e-06 next_lambda=1.0240000000000005e-06 rho=0.97561283982041769 accept=1
CLASSICAL_LM o=64 lambda=4.0960000000000019e-06 tau=4.0960000000000019e-06 prediction=253.4149928819584 rho=0.97561283982041769 accept=1
  MFCG it  65 cost=1.835902e+06 lam=1.024e-06 tau=0.00e+00 cg_it=0 shift=0 ckpt=1 alpha=0 acc mv=210
PCG_PREP o=65 rebuild=1 drift=0 previous_depth=1
POINT_SAFE o=65 frozen=270 slope=-293.00501563351281 candidate=1835641.1669276911 original=1835732.3964291674 current=1835902.1308550744 won=1 mode=1 camera_scale=1 keep_scale=0
ATTR_RADIUS o=65 raw_norm=21656.659969104039 norm=270.44722746167702 radius=270.4472274616769 next_radius=540.89445492335381 lambda=1.0240000000000005e-06 next_lambda=2.5600000000000012e-07 rho=0.89674240454991239 accept=1
CLASSICAL_LM o=65 lambda=1.0240000000000005e-06 tau=1.0240000000000005e-06 prediction=291.01325649285343 rho=0.89674240454991239 accept=1
  MFCG it  66 cost=1.835641e+06 lam=2.560e-07 tau=0.00e+00 cg_it=0 shift=0 ckpt=1 alpha=0 acc mv=212
PCG_PREP o=66 rebuild=1 drift=0 previous_depth=1
ATTR_RADIUS o=66 raw_norm=32772.388531981356 norm=0 radius=540.89445492335381 next_radius=135.22361373083845 lambda=2.5600000000000012e-07 next_lambda=4.0960000000000019e-06 rho=0.027701443685584155 accept=0
CLASSICAL_LM o=66 lambda=2.5600000000000012e-07 tau=2.5600000000000012e-07 prediction=437.34443796593899 rho=0.027701443685584155 accept=0
  MFCG it  67  retry 1/8  lam=4.096e-06 tau_eff=2.560e-07  (assembly reused)
PCG_PREP o=66 rebuild=1 drift=0 previous_depth=1
POINT_SAFE o=66 frozen=65 slope=-248.14858712882955 candidate=1835400.5663129825 original=1835475.9075329599 current=1835641.1669276911 won=1 mode=1 camera_scale=1 keep_scale=0
ATTR_RADIUS o=66 raw_norm=12325.473770963672 norm=135.22361373083845 radius=135.22361373083845 next_radius=270.4472274616769 lambda=4.0960000000000019e-06 next_lambda=1.0240000000000005e-06 rho=0.97575584483486222 accept=1
CLASSICAL_LM o=66 lambda=4.0960000000000019e-06 tau=4.0960000000000019e-06 prediction=246.57870714505935 rho=0.97575584483486222 accept=1
  MFCG it  67 cost=1.835401e+06 lam=1.024e-06 tau=0.00e+00 cg_it=0 shift=0 ckpt=1 alpha=0 acc mv=216
PCG_PREP o=67 rebuild=1 drift=0 previous_depth=1
POINT_SAFE o=67 frozen=269 slope=-285.37579582602598 candidate=1835145.9458007519 original=1835235.4083113093 current=1835400.5663129825 won=1 mode=1 camera_scale=1 keep_scale=0
ATTR_RADIUS o=67 raw_norm=21648.241052768703 norm=270.4472274616769 radius=270.4472274616769 next_radius=540.89445492335381 lambda=1.0240000000000005e-06 next_lambda=2.5600000000000012e-07 rho=0.89832936530247565 accept=1
CLASSICAL_LM o=67 lambda=1.0240000000000005e-06 tau=1.0240000000000005e-06 prediction=283.43781475385873 rho=0.89832936530247565 accept=1
  MFCG it  68 cost=1.835146e+06 lam=2.560e-07 tau=0.00e+00 cg_it=0 shift=0 ckpt=1 alpha=0 acc mv=218
PCG_PREP o=68 rebuild=1 drift=0 previous_depth=1
ATTR_RADIUS o=68 raw_norm=32768.954194736347 norm=0 radius=540.89445492335381 next_radius=135.22361373083845 lambda=2.5600000000000012e-07 next_lambda=4.0960000000000019e-06 rho=0.021663104665316978 accept=0
CLASSICAL_LM o=68 lambda=2.5600000000000012e-07 tau=2.5600000000000012e-07 prediction=427.84147833084029 rho=0.021663104665316978 accept=0
  MFCG it  69  retry 1/8  lam=4.096e-06 tau_eff=2.560e-07  (assembly reused)
PCG_PREP o=68 rebuild=1 drift=0 previous_depth=1
POINT_SAFE o=68 frozen=62 slope=-241.51273867887573 candidate=1834911.7284138498 original=1834983.4574337357 current=1835145.9458007519 won=1 mode=1 camera_scale=1 keep_scale=0
ATTR_RADIUS o=68 raw_norm=12327.283903376419 norm=135.22361373083848 radius=135.22361373083845 next_radius=270.4472274616769 lambda=4.0960000000000019e-06 next_lambda=1.0240000000000005e-06 rho=0.97594325637208501 accept=1
CLASSICAL_LM o=68 lambda=4.0960000000000019e-06 tau=4.0960000000000019e-06 prediction=239.99078365759019 rho=0.97594325637208501 accept=1
  MFCG it  69 cost=1.834912e+06 lam=1.024e-06 tau=0.00e+00 cg_it=0 shift=0 ckpt=1 alpha=0 acc mv=222
PCG_PREP o=69 rebuild=1 drift=0 previous_depth=1
POINT_SAFE o=69 frozen=267 slope=-278.0189275248996 candidate=1834663.2009766703 original=1834751.1330924814 current=1834911.7284138498 won=1 mode=1 camera_scale=1 keep_scale=0
ATTR_RADIUS o=69 raw_norm=21642.324190619001 norm=270.4472274616769 radius=270.4472274616769 next_radius=540.89445492335381 lambda=1.0240000000000005e-06 next_lambda=2.5600000000000012e-07 rho=0.90002849314904365 accept=1
CLASSICAL_LM o=69 lambda=1.0240000000000005e-06 tau=1.0240000000000005e-06 prediction=276.13285476110627 rho=0.90002849314904365 accept=1
  MFCG it  70 cost=1.834663e+06 lam=2.560e-07 tau=0.00e+00 cg_it=0 shift=0 ckpt=1 alpha=0 acc mv=224
PCG_PREP o=70 rebuild=1 drift=0 previous_depth=1
ATTR_RADIUS o=70 raw_norm=32774.814857910351 norm=0 radius=540.89445492335381 next_radius=135.22361373083845 lambda=2.5600000000000012e-07 next_lambda=4.0960000000000019e-06 rho=0.015644907890643232 accept=0
CLASSICAL_LM o=70 lambda=2.5600000000000012e-07 tau=2.5600000000000012e-07 prediction=418.66679288016292 rho=0.015644907890643232 accept=0
  MFCG it  71  retry 1/8  lam=4.096e-06 tau_eff=2.560e-07  (assembly reused)
PCG_PREP o=70 rebuild=1 drift=0 previous_depth=1
POINT_SAFE o=70 frozen=72 slope=-235.12486354123854 candidate=1834435.1183552933 original=1834503.353387322 current=1834663.2009766703 won=1 mode=1 camera_scale=1 keep_scale=0
ATTR_RADIUS o=70 raw_norm=12330.203734874356 norm=135.22361373083848 radius=135.22361373083845 next_radius=270.4472274616769 lambda=4.0960000000000019e-06 next_lambda=1.0240000000000005e-06 rho=0.97617488979482347 accept=1
CLASSICAL_LM o=70 lambda=4.0960000000000019e-06 tau=4.0960000000000019e-06 prediction=233.64934271655034 rho=0.97617488979482347 accept=1
  MFCG it  71 cost=1.834435e+06 lam=1.024e-06 tau=0.00e+00 cg_it=0 shift=0 ckpt=1 alpha=0 acc mv=228
PCG_PREP o=71 rebuild=1 drift=0 previous_depth=1
POINT_SAFE o=71 frozen=262 slope=-270.93615229724503 candidate=1834192.4334484746 original=1834279.0793925575 current=1834435.1183552933 won=1 mode=1 camera_scale=1 keep_scale=0
ATTR_RADIUS o=71 raw_norm=21639.298318390334 norm=270.4472274616769 radius=270.4472274616769 next_radius=540.89445492335381 lambda=1.0240000000000005e-06 next_lambda=2.5600000000000012e-07 rho=0.90183984230753123 accept=1
CLASSICAL_LM o=71 lambda=1.0240000000000005e-06 tau=1.0240000000000005e-06 prediction=269.0997840566846 rho=0.90183984230753123 accept=1
  MFCG it  72 cost=1.834192e+06 lam=2.560e-07 tau=0.00e+00 cg_it=0 shift=0 ckpt=1 alpha=0 acc mv=230
PCG_PREP o=72 rebuild=1 drift=0 previous_depth=1
ATTR_RADIUS o=72 raw_norm=32790.001442834473 norm=0 radius=540.89445492335381 next_radius=135.22361373083845 lambda=2.5600000000000012e-07 next_lambda=4.0960000000000019e-06 rho=0.0096205261723258453 accept=0
CLASSICAL_LM o=72 lambda=2.5600000000000012e-07 tau=2.5600000000000012e-07 prediction=409.83683755494769 rho=0.0096205261723258453 accept=0
  MFCG it  73  retry 1/8  lam=4.096e-06 tau_eff=2.560e-07  (assembly reused)
PCG_PREP o=72 rebuild=1 drift=0 previous_depth=1
POINT_SAFE o=72 frozen=70 slope=-228.98230330252238 candidate=1833970.2407186502 original=1834035.0983145393 current=1834192.4334484746 won=1 mode=1 camera_scale=1 keep_scale=0
ATTR_RADIUS o=72 raw_norm=12334.313680706378 norm=135.22361373083848 radius=135.22361373083845 next_radius=270.4472274616769 lambda=4.0960000000000019e-06 next_lambda=1.0240000000000005e-06 rho=0.97644830641937297 accept=1
CLASSICAL_LM o=72 lambda=4.0960000000000019e-06 tau=4.0960000000000019e-06 prediction=227.55196395314994 rho=0.97644830641937297 accept=1
  MFCG it  73 cost=1.833970e+06 lam=1.024e-06 tau=0.00e+00 cg_it=0 shift=0 ckpt=1 alpha=0 acc mv=234
PCG_PREP o=73 rebuild=1 drift=0 previous_depth=1
POINT_SAFE o=73 frozen=269 slope=-264.12738382127094 candidate=1833733.1490183175 original=1833818.7665389085 current=1833970.2407186502 won=1 mode=1 camera_scale=1 keep_scale=0
ATTR_RADIUS o=73 raw_norm=21639.624892847452 norm=270.44722746167685 radius=270.4472274616769 next_radius=540.89445492335381 lambda=1.0240000000000005e-06 next_lambda=2.5600000000000012e-07 rho=0.90376649143816024 accept=1
CLASSICAL_LM o=73 lambda=1.0240000000000005e-06 tau=1.0240000000000005e-06 prediction=262.33734330581541 rho=0.90376649143816024 accept=1
  MFCG it  74 cost=1.833733e+06 lam=2.560e-07 tau=0.00e+00 cg_it=0 shift=0 ckpt=1 alpha=0 acc mv=236
PCG_PREP o=74 rebuild=1 drift=0 previous_depth=1
ATTR_RADIUS o=74 raw_norm=32814.079258274462 norm=0 radius=540.89445492335381 next_radius=135.22361373083845 lambda=2.5600000000000012e-07 next_lambda=4.0960000000000019e-06 rho=0.0035189252866116966 accept=0
CLASSICAL_LM o=74 lambda=2.5600000000000012e-07 tau=2.5600000000000012e-07 prediction=401.34212987879903 rho=0.0035189252866116966 accept=0
  MFCG it  75  retry 1/8  lam=4.096e-06 tau_eff=2.560e-07  (assembly reused)
PCG_PREP o=74 rebuild=1 drift=0 previous_depth=1
POINT_SAFE o=74 frozen=66 slope=-223.08109576915328 candidate=1833516.6061543303 original=1833578.1991614536 current=1833733.1490183175 won=1 mode=1 camera_scale=1 keep_scale=0
ATTR_RADIUS o=74 raw_norm=12339.585643744756 norm=135.22361373083848 radius=135.22361373083845 next_radius=270.4472274616769 lambda=4.0960000000000019e-06 next_lambda=1.0240000000000005e-06 rho=0.97676055239255277 accept=1
CLASSICAL_LM o=74 lambda=4.0960000000000019e-06 tau=4.0960000000000019e-06 prediction=221.69493173811799 rho=0.97676055239255277 accept=1
  MFCG it  75 cost=1.833517e+06 lam=1.024e-06 tau=0.00e+00 cg_it=0 shift=0 ckpt=1 alpha=0 acc mv=240
PCG_PREP o=75 rebuild=1 drift=0 previous_depth=1
POINT_SAFE o=75 frozen=263 slope=-257.58910784936216 candidate=1833284.8692993606 original=1833369.7189023595 current=1833516.6061543303 won=1 mode=1 camera_scale=1 keep_scale=0
ATTR_RADIUS o=75 raw_norm=21643.211607533995 norm=270.44722746167685 radius=270.4472274616769 next_radius=540.89445492335381 lambda=1.0240000000000005e-06 next_lambda=2.5600000000000012e-07 rho=0.90578352960750785 accept=1
CLASSICAL_LM o=75 lambda=1.0240000000000005e-06 tau=1.0240000000000005e-06 prediction=255.84132123728546 rho=0.90578352960750785 accept=1
  MFCG it  76 cost=1.833285e+06 lam=2.560e-07 tau=0.00e+00 cg_it=0 shift=0 ckpt=1 alpha=0 acc mv=242
PCG_PREP o=76 rebuild=1 drift=0 previous_depth=1
POINT_SAFE o=76 frozen=356 slope=-341.21969597424669 candidate=1833017.8417753556 original=1833168.5074117356 current=1833284.8692993606 won=1 mode=1 camera_scale=1 keep_scale=0
ATTR_RADIUS o=76 raw_norm=32846.743767068358 norm=540.89445492335369 radius=540.89445492335381 next_radius=1081.7889098467076 lambda=2.5600000000000012e-07 next_lambda=6.400000000000003e-08 rho=0.79015668818038431 accept=1
CLASSICAL_LM o=76 lambda=2.5600000000000012e-07 tau=2.5600000000000012e-07 prediction=337.94249672156627 rho=0.79015668818038431 accept=1
  MFCG it  77 cost=1.833018e+06 lam=6.400e-08 tau=0.00e+00 cg_it=0 shift=0 ckpt=1 alpha=0 acc mv=244
PCG_PREP o=77 rebuild=1 drift=0 previous_depth=1
ATTR_RADIUS o=77 raw_norm=62764.196817894161 norm=1081.7889098467074 radius=1081.7889098467076 next_radius=1081.7889098467076 lambda=6.400000000000003e-08 next_lambda=6.400000000000003e-08 rho=0.52299242100656662 accept=1
CLASSICAL_LM o=77 lambda=6.400000000000003e-08 tau=6.400000000000003e-08 prediction=672.71218658255975 rho=0.52299242100656662 accept=1
  MFCG it  78 cost=1.832666e+06 lam=6.400e-08 tau=0.00e+00 cg_it=1 shift=0 ckpt=2 alpha=0 acc mv=247
PCG_PREP o=78 rebuild=1 drift=0 previous_depth=2
ATTR_RADIUS o=78 raw_norm=61707.782506543947 norm=1081.7889098467076 radius=1081.7889098467076 next_radius=2163.5778196934152 lambda=6.400000000000003e-08 next_lambda=1.6000000000000008e-08 rho=0.78803474260049999 accept=1
CLASSICAL_LM o=78 lambda=6.400000000000003e-08 tau=6.400000000000003e-08 prediction=930.22532989703188 rho=0.78803474260049999 accept=1
  MFCG it  79 cost=1.831933e+06 lam=1.600e-08 tau=0.00e+00 cg_it=1 shift=0 ckpt=2 alpha=0 acc mv=250
PCG_PREP o=79 rebuild=1 drift=0 previous_depth=2
ATTR_RADIUS o=79 raw_norm=128882.03773136418 norm=2163.5778196934166 radius=2163.5778196934152 next_radius=4327.1556393868304 lambda=1.6000000000000008e-08 next_lambda=4.0000000000000019e-09 rho=0.78198590686227198 accept=1
CLASSICAL_LM o=79 lambda=1.6000000000000008e-08 tau=1.6000000000000008e-08 prediction=761.69283073752638 rho=0.78198590686227198 accept=1
  MFCG it  80 cost=1.831337e+06 lam=4.000e-09 tau=0.00e+00 cg_it=1 shift=0 ckpt=2 alpha=0 acc mv=253
PCG_PREP o=80 rebuild=1 drift=0 previous_depth=2
NUMERIC_REPAIR o=80 lambda=4.0000000000000019e-09 rayleigh=-3.8871720826416637e-07 next_lambda=1.5708688330566654e-06 cg=1 rebuild=1
PCG_PREP o=80 rebuild=1 drift=0 previous_depth=1
ATTR_RADIUS o=80 raw_norm=24591.194444862293 norm=4327.1556393868332 radius=4327.1556393868304 next_radius=8654.3112787736609 lambda=1.5708688330566654e-06 next_lambda=1.5708688330566654e-06 rho=0.99736737225783767 accept=1
CLASSICAL_LM o=80 lambda=1.5708688330566654e-06 tau=1.5708688330566654e-06 prediction=5257.4225040138344 rho=0.99736737225783767 accept=1
  MFCG it  81 cost=1.826094e+06 lam=1.571e-06 tau=0.00e+00 cg_it=1 shift=0 ckpt=2 alpha=0 acc mv=258
PCG_PREP o=81 rebuild=1 drift=0 previous_depth=2
ATTR_RADIUS o=81 raw_norm=24730.560896326311 norm=8654.3112787736627 radius=8654.3112787736609 next_radius=17308.622557547322 lambda=1.5708688330566654e-06 next_lambda=1.5708688330566654e-06 rho=0.94391846692803361 accept=1
CLASSICAL_LM o=81 lambda=1.5708688330566654e-06 tau=1.5708688330566654e-06 prediction=7960.3055809985399 rho=0.94391846692803361 accept=1
  MFCG it  82 cost=1.818580e+06 lam=1.571e-06 tau=0.00e+00 cg_it=1 shift=0 ckpt=2 alpha=0 acc mv=261
PCG_PREP o=82 rebuild=1 drift=0 previous_depth=2
POINT_SAFE o=82 frozen=960 slope=-22644.117519061339 candidate=1840255.7218487824 original=1812598.981694493 current=1818579.8743548812 won=0 mode=1 camera_scale=1 keep_scale=0
ATTR_RADIUS o=82 raw_norm=51290.221970749444 norm=8654.3112787736645 radius=17308.622557547322 next_radius=17308.622557547322 lambda=1.5708688330566654e-06 next_lambda=1.5708688330566654e-06 rho=0.58098099258216351 accept=1
CLASSICAL_LM o=82 lambda=1.5708688330566654e-06 tau=1.5708688330566654e-06 prediction=10294.47217163895 rho=0.58098099258216351 accept=1
  MFCG it  83 cost=1.812599e+06 lam=1.571e-06 tau=0.00e+00 cg_it=5 shift=0 ckpt=6 alpha=0 acc mv=268
PCG_PREP o=83 rebuild=1 drift=0 previous_depth=6
POINT_SAFE o=83 frozen=623 slope=-15912.513455028049 candidate=2576115.3051309101 original=1811931.6382094347 current=1812598.981694493 won=0 mode=1 camera_scale=1 keep_scale=0
ATTR_RADIUS o=83 raw_norm=12695.628960536918 norm=1586.9536200671148 radius=17308.622557547322 next_radius=17308.622557547322 lambda=1.5708688330566654e-06 next_lambda=1.5708688330566654e-06 rho=0.35707920427644585 accept=1
CLASSICAL_LM o=83 lambda=1.5708688330566654e-06 tau=1.5708688330566654e-06 prediction=1868.8948476025982 rho=0.35707920427644585 accept=1
  MFCG it  84 cost=1.811932e+06 lam=1.571e-06 tau=0.00e+00 cg_it=0 shift=0 ckpt=1 alpha=0 acc mv=270
PCG_PREP o=84 rebuild=1 drift=0 previous_depth=1
POINT_SAFE o=84 frozen=582 slope=-15286.968021991148 candidate=2383281.3715281654 original=1811289.656051456 current=1811931.6382094347 won=0 mode=1 camera_scale=1 keep_scale=0
ATTR_RADIUS o=84 raw_norm=12240.416068542187 norm=1530.0520085677733 radius=17308.622557547322 next_radius=17308.622557547322 lambda=1.5708688330566654e-06 next_lambda=1.5708688330566654e-06 rho=0.35802919842775999 accept=1
CLASSICAL_LM o=84 lambda=1.5708688330566654e-06 tau=1.5708688330566654e-06 prediction=1793.1000063622701 rho=0.35802919842775999 accept=1
  MFCG it  85 cost=1.811290e+06 lam=1.571e-06 tau=0.00e+00 cg_it=0 shift=0 ckpt=1 alpha=0 acc mv=272
PCG_PREP o=85 rebuild=1 drift=0 previous_depth=1
POINT_SAFE o=85 frozen=553 slope=-14698.385157146142 candidate=2201328.397321491 original=1810573.9109850787 current=1811289.656051456 won=0 mode=1 camera_scale=1 keep_scale=0
ATTR_RADIUS o=85 raw_norm=11717.875204614313 norm=1464.7344005767891 radius=17308.622557547322 next_radius=17308.622557547322 lambda=1.5708688330566654e-06 next_lambda=1.5708688330566654e-06 rho=0.41557467326890352 accept=1
CLASSICAL_LM o=85 lambda=1.5708688330566654e-06 tau=1.5708688330566654e-06 prediction=1722.3019409419142 rho=0.41557467326890352 accept=1
  MFCG it  86 cost=1.810574e+06 lam=1.571e-06 tau=0.00e+00 cg_it=0 shift=0 ckpt=1 alpha=0 acc mv=274
PCG_PREP o=86 rebuild=1 drift=0 previous_depth=1
POINT_SAFE o=86 frozen=535 slope=-13970.884111732157 candidate=2059018.3453197575 original=1809759.8083294719 current=1810573.9109850787 won=0 mode=1 camera_scale=1 keep_scale=0
ATTR_RADIUS o=86 raw_norm=11184.288479467778 norm=1398.0360599334722 radius=17308.622557547322 next_radius=17308.622557547322 lambda=1.5708688330566654e-06 next_lambda=1.5708688330566654e-06 rho=0.49804918291477424 accept=1
CLASSICAL_LM o=86 lambda=1.5708688330566654e-06 tau=1.5708688330566654e-06 prediction=1634.5828555372182 rho=0.49804918291477424 accept=1
  MFCG it  87 cost=1.809760e+06 lam=1.571e-06 tau=0.00e+00 cg_it=0 shift=0 ckpt=1 alpha=0 acc mv=276
PCG_PREP o=87 rebuild=1 drift=0 previous_depth=1
POINT_SAFE o=87 frozen=524 slope=-13096.88226915937 candidate=1959745.1242200357 original=1809516.5585738725 current=1809759.8083294719 won=0 mode=1 camera_scale=1 keep_scale=0
ATTR_RADIUS o=87 raw_norm=10686.522791084235 norm=10686.522791084235 radius=17308.622557547322 next_radius=4327.1556393868304 lambda=1.5708688330566654e-06 next_lambda=2.5133901328906647e-05 rho=0.085318726498576664 accept=0
CLASSICAL_LM o=87 lambda=1.5708688330566654e-06 tau=1.5708688330566654e-06 prediction=2851.0711022317146 rho=0.085318726498576664 accept=0
  MFCG it  88  retry 1/8  lam=2.513e-05 tau_eff=1.571e-06  (assembly reused)
PCG_PREP o=87 rebuild=1 drift=0 previous_depth=1
ATTR_RADIUS o=87 raw_norm=3126.6433457421017 norm=3126.6433457421017 radius=4327.1556393868304 next_radius=4327.1556393868304 lambda=2.5133901328906647e-05 next_lambda=2.513390132890665e-06 rho=1.0155318409453578 accept=1
CLASSICAL_LM o=87 lambda=2.5133901328906647e-05 tau=2.5133901328906647e-05 prediction=6380.5683766716993 rho=1.0155318409453578 accept=1
  MFCG it  88 cost=1.803280e+06 lam=2.513e-06 tau=0.00e+00 cg_it=0 shift=0 ckpt=1 alpha=0 acc mv=280
PCG_PREP o=88 rebuild=1 drift=0 previous_depth=1
ATTR_RADIUS o=88 raw_norm=49865.904101140834 norm=4327.1556393868304 radius=4327.1556393868304 next_radius=8654.3112787736609 lambda=2.513390132890665e-06 next_lambda=1.5708688330566654e-06 rho=0.96049513457859526 accept=1
CLASSICAL_LM o=88 lambda=2.513390132890665e-06 tau=2.513390132890665e-06 prediction=12875.876706290563 rho=0.96049513457859526 accept=1
  MFCG it  89 cost=1.790913e+06 lam=1.571e-06 tau=0.00e+00 cg_it=35 shift=0 ckpt=36 alpha=0 acc mv=317
PCG_PREP o=89 rebuild=1 drift=0 previous_depth=36
POINT_SAFE o=89 frozen=53 slope=-20597.168540355655 candidate=1776811.6113824081 original=1781853.0836206244 current=1790912.9210498068 won=1 mode=1 camera_scale=1 keep_scale=0
ATTR_RADIUS o=89 raw_norm=56736.847632195721 norm=8654.3112787736591 radius=8654.3112787736609 next_radius=17308.622557547322 lambda=1.5708688330566654e-06 next_lambda=1.5708688330566654e-06 rho=0.7605925619424827 accept=1
CLASSICAL_LM o=89 lambda=1.5708688330566654e-06 tau=1.5708688330566654e-06 prediction=18539.899511224845 rho=0.7605925619424827 accept=1
  MFCG it  90 cost=1.776812e+06 lam=1.571e-06 tau=0.00e+00 cg_it=29 shift=0 ckpt=30 alpha=0 acc mv=348
PCG_PREP o=90 rebuild=1 drift=0 previous_depth=30
ATTR_RADIUS o=90 raw_norm=53441.632690393388 norm=17308.622557547318 radius=17308.622557547322 next_radius=17308.622557547322 lambda=1.5708688330566654e-06 next_lambda=1.5708688330566654e-06 rho=0.29078323529485828 accept=1
CLASSICAL_LM o=90 lambda=1.5708688330566654e-06 tau=1.5708688330566654e-06 prediction=31952.13539250796 rho=0.29078323529485828 accept=1
  MFCG it  91 cost=1.767520e+06 lam=1.571e-06 tau=0.00e+00 cg_it=29 shift=0 ckpt=30 alpha=0 acc mv=379
PCG_PREP o=91 rebuild=1 drift=0 previous_depth=30
POINT_SAFE o=91 frozen=999 slope=-59234.402115341712 candidate=1756532.5773882475 original=1765287.8927536409 current=1767520.4660783953 won=1 mode=1 camera_scale=1 keep_scale=0
ATTR_RADIUS o=91 raw_norm=19120.170161402599 norm=17308.622557547322 radius=17308.622557547322 next_radius=17308.622557547322 lambda=1.5708688330566654e-06 next_lambda=1.5708688330566654e-06 rho=0.39043773605707782 accept=1
CLASSICAL_LM o=91 lambda=1.5708688330566654e-06 tau=1.5708688330566654e-06 prediction=28142.486433589682 rho=0.39043773605707782 accept=1
  MFCG it  92 cost=1.756533e+06 lam=1.571e-06 tau=0.00e+00 cg_it=2 shift=0 ckpt=3 alpha=0 acc mv=383
PCG_PREP o=92 rebuild=1 drift=0 previous_depth=3
POINT_SAFE o=92 frozen=585 slope=-47828.180271992169 candidate=1736387.8161075511 original=1746077.1332487327 current=1756532.5773882475 won=1 mode=1 camera_scale=1 keep_scale=0
ATTR_RADIUS o=92 raw_norm=10695.223526638118 norm=10695.223526638116 radius=17308.622557547322 next_radius=17308.622557547322 lambda=1.5708688330566654e-06 next_lambda=1.5708688330566654e-06 rho=0.84712040309634795 accept=1
CLASSICAL_LM o=92 lambda=1.5708688330566654e-06 tau=1.5708688330566654e-06 prediction=23780.281064019175 rho=0.84712040309634795 accept=1
TARGET reached outer=93 seconds=5.420195488 cost=1736387.8161075511 threshold=1744796.9841897595
  MFCG: accepts=93 rejects=22 total_matvecs=385 negcurv=1 cand_evals=115 mean_cg_per_outer=4.1
NUMERIC_REPAIR summary rebuilds=1 floor=1.5708688330566654e-06
  [retry-cache] builds=116 reuses=0
  [menu-backtrack] trials=80 rescues=77 evals=243 total_scored=358
POINT_SAFE summary calls=80 evals=80 wins=65 frozen=22411 seconds=0.95208807
  [scoring] menu_evals=115 alpha_evals=0 backtrack_evals=243 total_scored=358
RESULT algo=mfree_shifted_cg iters=93 final_cost=1736387.8161075511 solve_seconds=5.435509
DIAGNOSTICS median_reproj_err_px 2.704502 -> 0.545190 | cheirality_violations(obs) 751 -> 786 | cheirality_violations(pts, of 310854) 725 -> 742
