  [menu-backtrack] active=1 max_evals=8 warmup_accepts=3 confirm_stop=original armijo=1e-4
MIXED_STORAGE fragments=fp32 arithmetic=fp64 state=fp64 acceptance=fp64
  [compact-fragments] active=2 saved_bytes=36105992 storage=fp32 camera_reads=contiguous
  MFCG score_init=11152062.772762474 precision=fp64
PCG_PREP o=0 rebuild=1 drift=0 previous_depth=0
ATTR_RADIUS o=0 raw_norm=3225.3525896296692 norm=3225.3525896296692 radius=3225.3525896296692 next_radius=6450.7051792593384 lambda=0.10000000000000001 next_lambda=0.025000000000000001 rho=0.99997438839510677 accept=1
CLASSICAL_LM o=0 lambda=0.10000000000000001 tau=0.10000000000000001 prediction=8877594.9877400436 rho=0.99997438839510677 accept=1
  MFCG it   1 cost=2.274695e+06 lam=2.500e-02 tau=0.00e+00 cg_it=0 shift=0 ckpt=1 alpha=0 acc mv=2
PCG_PREP o=1 rebuild=1 drift=0 previous_depth=1
ATTR_RADIUS o=1 raw_norm=2725.1440498078509 norm=2725.1440498078509 radius=6450.7051792593384 next_radius=6450.7051792593384 lambda=0.025000000000000001 next_lambda=0.0025000000000000005 rho=0.99701845569054781 accept=1
CLASSICAL_LM o=1 lambda=0.025000000000000001 tau=0.025000000000000001 prediction=770789.73816058366 rho=0.99701845569054781 accept=1
  MFCG it   2 cost=1.506204e+06 lam=2.500e-03 tau=0.00e+00 cg_it=4 shift=0 ckpt=5 alpha=0 acc mv=8
PCG_PREP o=2 rebuild=1 drift=0 previous_depth=5
ATTR_RADIUS o=2 raw_norm=9578.8535291650405 norm=6450.7051792593375 radius=6450.7051792593384 next_radius=12901.410358518677 lambda=0.0025000000000000005 next_lambda=0.00062500000000000012 rho=0.99788045990933161 accept=1
CLASSICAL_LM o=2 lambda=0.0025000000000000005 tau=0.0025000000000000005 prediction=379875.54087330389 rho=0.99788045990933161 accept=1
  MFCG it   3 cost=1.127133e+06 lam=6.250e-04 tau=0.00e+00 cg_it=6 shift=0 ckpt=7 alpha=0 acc mv=16
PCG_PREP o=3 rebuild=1 drift=0 previous_depth=7
ATTR_RADIUS o=3 raw_norm=20859.307736754228 norm=12901.410358518675 radius=12901.410358518677 next_radius=25802.820717037353 lambda=0.00062500000000000012 next_lambda=0.00015625000000000003 rho=1.0093969216306125 accept=1
CLASSICAL_LM o=3 lambda=0.00062500000000000012 tau=0.00062500000000000012 prediction=304236.92171974556 rho=1.0093969216306125 accept=1
  MFCG it   4 cost=8.200374e+05 lam=1.563e-04 tau=0.00e+00 cg_it=5 shift=0 ckpt=6 alpha=0 acc mv=23
PCG_PREP o=4 rebuild=1 drift=0 previous_depth=6
ATTR_RADIUS o=4 raw_norm=36747.144697770644 norm=25802.820717037353 radius=25802.820717037353 next_radius=51605.641434074707 lambda=0.00015625000000000003 next_lambda=3.9062500000000008e-05 rho=0.98437153824890022 accept=1
CLASSICAL_LM o=4 lambda=0.00015625000000000003 tau=0.00015625000000000003 prediction=327617.41562937532 rho=0.98437153824890022 accept=1
  MFCG it   5 cost=4.975401e+05 lam=3.906e-05 tau=0.00e+00 cg_it=8 shift=0 ckpt=9 alpha=0 acc mv=33
PCG_PREP o=5 rebuild=1 drift=0 previous_depth=9
POINT_SAFE o=5 frozen=1464 slope=-317535.16437582753 candidate=381890.5717135907 original=373473.48946320359 current=497540.10902921011 won=0 mode=1 camera_scale=1 keep_scale=0
ATTR_RADIUS o=5 raw_norm=37463.339903331223 norm=18731.669951665612 radius=51605.641434074707 next_radius=51605.641434074707 lambda=3.9062500000000008e-05 next_lambda=3.9062500000000009e-06 rho=0.96839028979413855 accept=1
CLASSICAL_LM o=5 lambda=3.9062500000000008e-05 tau=3.9062500000000008e-05 prediction=128116.33994428087 rho=0.96839028979413855 accept=1
  MFCG it   6 cost=3.734735e+05 lam=3.906e-06 tau=0.00e+00 cg_it=6 shift=0 ckpt=7 alpha=0 acc mv=41
PCG_PREP o=6 rebuild=1 drift=0 previous_depth=7
POINT_SAFE o=6 frozen=670 slope=-179589.07889472015 candidate=403764.26357716473 original=368581.36645164271 current=373473.48946320359 won=0 mode=1 camera_scale=1 keep_scale=0
ATTR_RADIUS o=6 raw_norm=50229.773514577522 norm=50229.773514577522 radius=51605.641434074707 next_radius=12901.410358518677 lambda=3.9062500000000009e-06 next_lambda=6.2500000000000015e-05 rho=0.067438164802133105 accept=0
CLASSICAL_LM o=6 lambda=3.9062500000000009e-06 tau=3.9062500000000009e-06 prediction=72542.35084709982 rho=0.067438164802133105 accept=0
  MFCG it   7  retry 1/8  lam=6.250e-05 tau_eff=3.906e-06  (assembly reused)
PCG_PREP o=6 rebuild=1 drift=0 previous_depth=6
ATTR_RADIUS o=6 raw_norm=19848.981245749874 norm=12901.410358518675 radius=12901.410358518677 next_radius=25802.820717037353 lambda=6.2500000000000015e-05 next_lambda=1.5625000000000004e-05 rho=0.88264653983746721 accept=1
CLASSICAL_LM o=6 lambda=6.2500000000000015e-05 tau=6.2500000000000015e-05 prediction=68725.645307725092 rho=0.88264653983746721 accept=1
  MFCG it   7 cost=3.128130e+05 lam=1.563e-05 tau=0.00e+00 cg_it=5 shift=0 ckpt=6 alpha=0 acc mv=55
PCG_PREP o=7 rebuild=1 drift=0 previous_depth=6
POINT_SAFE o=7 frozen=179 slope=-71080.694647478478 candidate=285659.05505572958 original=290316.64373810746 current=312813.03643424297 won=1 mode=1 camera_scale=1 keep_scale=0
ATTR_RADIUS o=7 raw_norm=22599.896691801237 norm=22599.896691801237 radius=25802.820717037353 next_radius=25802.820717037353 lambda=1.5625000000000004e-05 next_lambda=1.5625000000000004e-05 rho=0.691046626217652 accept=1
CLASSICAL_LM o=7 lambda=1.5625000000000004e-05 tau=1.5625000000000004e-05 prediction=39293.993123353983 rho=0.691046626217652 accept=1
  MFCG it   8 cost=2.856591e+05 lam=1.563e-05 tau=0.00e+00 cg_it=5 shift=0 ckpt=6 alpha=0 acc mv=62
PCG_PREP o=8 rebuild=1 drift=0 previous_depth=6
POINT_SAFE o=8 frozen=172 slope=-35253.05084761764 candidate=271070.6955956163 original=280479.45908141462 current=285659.05505572958 won=1 mode=1 camera_scale=1 keep_scale=0
ATTR_RADIUS o=8 raw_norm=7069.9024720597836 norm=7069.9024720597836 radius=25802.820717037353 next_radius=25802.820717037353 lambda=1.5625000000000004e-05 next_lambda=1.5625000000000005e-06 rho=0.81451467408333222 accept=1
CLASSICAL_LM o=8 lambda=1.5625000000000004e-05 tau=1.5625000000000004e-05 prediction=17910.493112393895 rho=0.81451467408333222 accept=1
  MFCG it   9 cost=2.710707e+05 lam=1.563e-06 tau=0.00e+00 cg_it=0 shift=0 ckpt=1 alpha=0 acc mv=64
PCG_PREP o=9 rebuild=1 drift=0 previous_depth=1
POINT_SAFE o=9 frozen=444 slope=-15079.085375471939 candidate=301858.62561625731 original=265559.82839156257 current=271070.6955956163 won=0 mode=1 camera_scale=1 keep_scale=0
ATTR_RADIUS o=9 raw_norm=35180.496656249263 norm=3225.3525896296692 radius=25802.820717037353 next_radius=25802.820717037353 lambda=1.5625000000000005e-06 next_lambda=1.5625000000000007e-07 rho=1.5016461791456595 accept=1
CLASSICAL_LM o=9 lambda=1.5625000000000005e-06 tau=1.5625000000000005e-06 prediction=3669.8839450908904 rho=1.5016461791456595 accept=1
  MFCG it  10 cost=2.655598e+05 lam=1.563e-07 tau=0.00e+00 cg_it=1 shift=0 ckpt=2 alpha=0 acc mv=67
PCG_PREP o=10 rebuild=1 drift=0 previous_depth=2
POINT_SAFE o=10 frozen=296 slope=-17400.099266327619 candidate=291982.31494481472 original=262360.06107131491 current=265559.82839156257 won=0 mode=1 camera_scale=1 keep_scale=0
ATTR_RADIUS o=10 raw_norm=43906.472665151443 norm=6450.705179259342 radius=25802.820717037353 next_radius=25802.820717037353 lambda=1.5625000000000007e-07 next_lambda=1.5625000000000006e-08 rho=0.62242838699765857 accept=1
CLASSICAL_LM o=10 lambda=1.5625000000000007e-07 tau=1.5625000000000007e-07 prediction=5140.7798665514511 rho=0.62242838699765857 accept=1
  MFCG it  11 cost=2.623601e+05 lam=1.563e-08 tau=0.00e+00 cg_it=1 shift=0 ckpt=2 alpha=0 acc mv=70
PCG_PREP o=11 rebuild=1 drift=0 previous_depth=2
POINT_SAFE o=11 frozen=497 slope=-19032.004857542157 candidate=262959.51101702411 original=258725.38432036358 current=262360.06107131491 won=0 mode=1 camera_scale=1 keep_scale=0
ATTR_RADIUS o=11 raw_norm=15182.084561623926 norm=7591.0422808119629 radius=25802.820717037353 next_radius=25802.820717037353 lambda=1.5625000000000006e-08 next_lambda=1.5625000000000008e-09 rho=0.50186542810690304 accept=1
CLASSICAL_LM o=11 lambda=1.5625000000000006e-08 tau=1.5625000000000006e-08 prediction=7242.3333973447207 rho=0.50186542810690304 accept=1
  MFCG it  12 cost=2.587254e+05 lam=1.563e-09 tau=0.00e+00 cg_it=0 shift=0 ckpt=1 alpha=0 acc mv=72
PCG_PREP o=12 rebuild=1 drift=0 previous_depth=1
POINT_SAFE o=12 frozen=126 slope=-14015.896687039647 candidate=262001.66482875284 original=257432.32517096226 current=258725.38432036358 won=0 mode=1 camera_scale=1 keep_scale=0
ATTR_RADIUS o=12 raw_norm=15537.959433886248 norm=7768.979716943124 radius=25802.820717037353 next_radius=6450.7051792593384 lambda=1.5625000000000008e-09 next_lambda=2.5000000000000012e-08 rho=0.23595794226630515 accept=1
CLASSICAL_LM o=12 lambda=1.5625000000000008e-09 tau=1.5625000000000008e-09 prediction=5480.0407944817453 rho=0.23595794226630515 accept=1
  MFCG it  13 cost=2.574323e+05 lam=2.500e-08 tau=0.00e+00 cg_it=0 shift=0 ckpt=1 alpha=0 acc mv=74
PCG_PREP o=13 rebuild=1 drift=0 previous_depth=1
ATTR_RADIUS o=13 raw_norm=15524.055333105565 norm=6450.7051792593375 radius=6450.7051792593384 next_radius=6450.7051792593384 lambda=2.5000000000000012e-08 next_lambda=2.5000000000000012e-08 rho=0.47327197228916129 accept=1
CLASSICAL_LM o=13 lambda=2.5000000000000012e-08 tau=2.5000000000000012e-08 prediction=4870.3919796346472 rho=0.47327197228916129 accept=1
  MFCG it  14 cost=2.551273e+05 lam=2.500e-08 tau=0.00e+00 cg_it=0 shift=0 ckpt=1 alpha=0 acc mv=76
PCG_PREP o=14 rebuild=1 drift=0 previous_depth=1
ATTR_RADIUS o=14 raw_norm=16033.343191519234 norm=6450.7051792593384 radius=6450.7051792593384 next_radius=6450.7051792593384 lambda=2.5000000000000012e-08 next_lambda=2.5000000000000012e-08 rho=0.38275635648288564 accept=1
CLASSICAL_LM o=14 lambda=2.5000000000000012e-08 tau=2.5000000000000012e-08 prediction=3167.4867517156736 rho=0.38275635648288564 accept=1
  MFCG it  15 cost=2.539149e+05 lam=2.500e-08 tau=0.00e+00 cg_it=0 shift=0 ckpt=1 alpha=0 acc mv=78
PCG_PREP o=15 rebuild=1 drift=0 previous_depth=1
ATTR_RADIUS o=15 raw_norm=16480.980512736369 norm=6450.7051792593338 radius=6450.7051792593384 next_radius=6450.7051792593384 lambda=2.5000000000000012e-08 next_lambda=2.5000000000000012e-08 rho=0.28669726900816728 accept=1
CLASSICAL_LM o=15 lambda=2.5000000000000012e-08 tau=2.5000000000000012e-08 prediction=2478.1922046782443 rho=0.28669726900816728 accept=1
  MFCG it  16 cost=2.532044e+05 lam=2.500e-08 tau=0.00e+00 cg_it=0 shift=0 ckpt=1 alpha=0 acc mv=80
PCG_PREP o=16 rebuild=1 drift=0 previous_depth=1
ATTR_RADIUS o=16 raw_norm=16888.999908297559 norm=6450.7051792593375 radius=6450.7051792593384 next_radius=1612.6762948148346 lambda=2.5000000000000012e-08 next_lambda=4.0000000000000019e-07 rho=0.18905133326081858 accept=1
CLASSICAL_LM o=16 lambda=2.5000000000000012e-08 tau=2.5000000000000012e-08 prediction=2160.2197725873816 rho=0.18905133326081858 accept=1
  MFCG it  17 cost=2.527960e+05 lam=4.000e-07 tau=0.00e+00 cg_it=0 shift=0 ckpt=1 alpha=0 acc mv=82
PCG_PREP o=17 rebuild=1 drift=0 previous_depth=1
ATTR_RADIUS o=17 raw_norm=14617.443874567303 norm=1612.6762948148344 radius=1612.6762948148346 next_radius=3225.3525896296692 lambda=4.0000000000000019e-07 next_lambda=1.0000000000000005e-07 rho=0.79756851477636659 accept=1
CLASSICAL_LM o=17 lambda=4.0000000000000019e-07 tau=4.0000000000000019e-07 prediction=764.31832860434133 rho=0.79756851477636659 accept=1
  MFCG it  18 cost=2.521864e+05 lam=1.000e-07 tau=0.00e+00 cg_it=0 shift=0 ckpt=1 alpha=0 acc mv=84
PCG_PREP o=18 rebuild=1 drift=0 previous_depth=1
ATTR_RADIUS o=18 raw_norm=16964.749095044022 norm=3225.3525896296692 radius=3225.3525896296692 next_radius=3225.3525896296692 lambda=1.0000000000000005e-07 next_lambda=1.0000000000000005e-07 rho=0.49400632687452428 accept=1
CLASSICAL_LM o=18 lambda=1.0000000000000005e-07 tau=1.0000000000000005e-07 prediction=941.95237803949237 rho=0.49400632687452428 accept=1
  MFCG it  19 cost=2.517211e+05 lam=1.000e-07 tau=0.00e+00 cg_it=0 shift=0 ckpt=1 alpha=0 acc mv=86
PCG_PREP o=19 rebuild=1 drift=0 previous_depth=1
ATTR_RADIUS o=19 raw_norm=17469.381691544579 norm=3225.3525896296692 radius=3225.3525896296692 next_radius=3225.3525896296692 lambda=1.0000000000000005e-07 next_lambda=1.0000000000000005e-07 rho=0.46605318667424206 accept=1
CLASSICAL_LM o=19 lambda=1.0000000000000005e-07 tau=1.0000000000000005e-07 prediction=812.56516139252733 rho=0.46605318667424206 accept=1
  MFCG it  20 cost=2.513424e+05 lam=1.000e-07 tau=0.00e+00 cg_it=0 shift=0 ckpt=1 alpha=0 acc mv=88
PCG_PREP o=20 rebuild=1 drift=0 previous_depth=1
ATTR_RADIUS o=20 raw_norm=17896.350107511917 norm=3225.3525896296687 radius=3225.3525896296692 next_radius=3225.3525896296692 lambda=1.0000000000000005e-07 next_lambda=1.0000000000000005e-07 rho=0.43515756174302694 accept=1
CLASSICAL_LM o=20 lambda=1.0000000000000005e-07 tau=1.0000000000000005e-07 prediction=711.49155792399017 rho=0.43515756174302694 accept=1
  MFCG it  21 cost=2.510328e+05 lam=1.000e-07 tau=0.00e+00 cg_it=0 shift=0 ckpt=1 alpha=0 acc mv=90
PCG_PREP o=21 rebuild=1 drift=0 previous_depth=1
ATTR_RADIUS o=21 raw_norm=18274.922236719412 norm=3225.3525896296678 radius=3225.3525896296692 next_radius=3225.3525896296692 lambda=1.0000000000000005e-07 next_lambda=1.0000000000000005e-07 rho=0.40550643846727669 accept=1
CLASSICAL_LM o=21 lambda=1.0000000000000005e-07 tau=1.0000000000000005e-07 prediction=634.79720647086128 rho=0.40550643846727669 accept=1
  MFCG it  22 cost=2.507754e+05 lam=1.000e-07 tau=0.00e+00 cg_it=0 shift=0 ckpt=1 alpha=0 acc mv=92
PCG_PREP o=22 rebuild=1 drift=0 previous_depth=1
ATTR_RADIUS o=22 raw_norm=18608.331616040556 norm=3225.3525896296674 radius=3225.3525896296692 next_radius=3225.3525896296692 lambda=1.0000000000000005e-07 next_lambda=1.0000000000000005e-07 rho=0.37708744906537628 accept=1
CLASSICAL_LM o=22 lambda=1.0000000000000005e-07 tau=1.0000000000000005e-07 prediction=575.78130971968926 rho=0.37708744906537628 accept=1
  MFCG it  23 cost=2.505583e+05 lam=1.000e-07 tau=0.00e+00 cg_it=0 shift=0 ckpt=1 alpha=0 acc mv=94
PCG_PREP o=23 rebuild=1 drift=0 previous_depth=1
ATTR_RADIUS o=23 raw_norm=18900.179309657142 norm=3225.3525896296701 radius=3225.3525896296692 next_radius=3225.3525896296692 lambda=1.0000000000000005e-07 next_lambda=1.0000000000000005e-07 rho=0.34998032783101152 accept=1
CLASSICAL_LM o=23 lambda=1.0000000000000005e-07 tau=1.0000000000000005e-07 prediction=529.84513845615038 rho=0.34998032783101152 accept=1
  MFCG it  24 cost=2.503728e+05 lam=1.000e-07 tau=0.00e+00 cg_it=0 shift=0 ckpt=1 alpha=0 acc mv=96
PCG_PREP o=24 rebuild=1 drift=0 previous_depth=1
ATTR_RADIUS o=24 raw_norm=19155.653282809384 norm=3225.3525896296696 radius=3225.3525896296692 next_radius=3225.3525896296692 lambda=1.0000000000000005e-07 next_lambda=1.0000000000000005e-07 rho=0.32429305003542858 accept=1
CLASSICAL_LM o=24 lambda=1.0000000000000005e-07 tau=1.0000000000000005e-07 prediction=493.79788628038978 rho=0.32429305003542858 accept=1
  MFCG it  25 cost=2.502127e+05 lam=1.000e-07 tau=0.00e+00 cg_it=0 shift=0 ckpt=1 alpha=0 acc mv=98
PCG_PREP o=25 rebuild=1 drift=0 previous_depth=1
ATTR_RADIUS o=25 raw_norm=19378.728382284196 norm=3225.3525896296692 radius=3225.3525896296692 next_radius=3225.3525896296692 lambda=1.0000000000000005e-07 next_lambda=1.0000000000000005e-07 rho=0.30016411257362041 accept=1
CLASSICAL_LM o=25 lambda=1.0000000000000005e-07 tau=1.0000000000000005e-07 prediction=465.37433349177485 rho=0.30016411257362041 accept=1
  MFCG it  26 cost=2.500730e+05 lam=1.000e-07 tau=0.00e+00 cg_it=0 shift=0 ckpt=1 alpha=0 acc mv=100
PCG_PREP o=26 rebuild=1 drift=0 previous_depth=1
ATTR_RADIUS o=26 raw_norm=19565.38463169054 norm=3225.3525896296683 radius=3225.3525896296692 next_radius=3225.3525896296692 lambda=1.0000000000000005e-07 next_lambda=1.0000000000000005e-07 rho=0.27773768490746592 accept=1
CLASSICAL_LM o=26 lambda=1.0000000000000005e-07 tau=1.0000000000000005e-07 prediction=442.93378237138222 rho=0.27773768490746592 accept=1
  MFCG it  27 cost=2.499500e+05 lam=1.000e-07 tau=0.00e+00 cg_it=0 shift=0 ckpt=1 alpha=0 acc mv=102
PCG_PREP o=27 rebuild=1 drift=0 previous_depth=1
ATTR_RADIUS o=27 raw_norm=19693.83894365816 norm=3225.3525896296701 radius=3225.3525896296692 next_radius=3225.3525896296692 lambda=1.0000000000000005e-07 next_lambda=1.0000000000000005e-07 rho=0.25687888512520368 accept=1
CLASSICAL_LM o=27 lambda=1.0000000000000005e-07 tau=1.0000000000000005e-07 prediction=425.08130232693065 rho=0.25687888512520368 accept=1
  MFCG it  28 cost=2.498408e+05 lam=1.000e-07 tau=0.00e+00 cg_it=0 shift=0 ckpt=1 alpha=0 acc mv=104
PCG_PREP o=28 rebuild=1 drift=0 previous_depth=1
ATTR_RADIUS o=28 raw_norm=19802.592969560694 norm=3225.3525896296705 radius=3225.3525896296692 next_radius=806.3381474074173 lambda=1.0000000000000005e-07 next_lambda=1.6000000000000008e-06 rho=0.23753231274017042 accept=1
CLASSICAL_LM o=28 lambda=1.0000000000000005e-07 tau=1.0000000000000005e-07 prediction=410.84509828412178 rho=0.23753231274017042 accept=1
  MFCG it  29 cost=2.497432e+05 lam=1.600e-06 tau=0.00e+00 cg_it=0 shift=0 ckpt=1 alpha=0 acc mv=106
PCG_PREP o=29 rebuild=1 drift=0 previous_depth=1
ATTR_RADIUS o=29 raw_norm=4420.1527107842721 norm=806.33814740741718 radius=806.3381474074173 next_radius=1612.6762948148346 lambda=1.6000000000000008e-06 next_lambda=4.0000000000000019e-07 rho=0.92638561966095001 accept=1
CLASSICAL_LM o=29 lambda=1.6000000000000008e-06 tau=1.6000000000000008e-06 prediction=415.01818557564911 rho=0.92638561966095001 accept=1
  MFCG it  30 cost=2.493587e+05 lam=4.000e-07 tau=0.00e+00 cg_it=0 shift=0 ckpt=1 alpha=0 acc mv=108
PCG_PREP o=30 rebuild=1 drift=0 previous_depth=1
ATTR_RADIUS o=30 raw_norm=12507.922713730919 norm=1612.6762948148339 radius=1612.6762948148346 next_radius=1612.6762948148346 lambda=4.0000000000000019e-07 next_lambda=4.0000000000000019e-07 rho=0.69548382095609296 accept=1
CLASSICAL_LM o=30 lambda=4.0000000000000019e-07 tau=4.0000000000000019e-07 prediction=231.73929927527894 rho=0.69548382095609296 accept=1
  MFCG it  31 cost=2.491976e+05 lam=4.000e-07 tau=0.00e+00 cg_it=0 shift=0 ckpt=1 alpha=0 acc mv=110
PCG_PREP o=31 rebuild=1 drift=0 previous_depth=1
ATTR_RADIUS o=31 raw_norm=12683.276359035433 norm=1612.6762948148341 radius=1612.6762948148346 next_radius=1612.6762948148346 lambda=4.0000000000000019e-07 next_lambda=4.0000000000000019e-07 rho=0.68824364689159334 accept=1
CLASSICAL_LM o=31 lambda=4.0000000000000019e-07 tau=4.0000000000000019e-07 prediction=203.34781306230968 rho=0.68824364689159334 accept=1
  MFCG it  32 cost=2.490576e+05 lam=4.000e-07 tau=0.00e+00 cg_it=0 shift=0 ckpt=1 alpha=0 acc mv=112
PCG_PREP o=32 rebuild=1 drift=0 previous_depth=1
ATTR_RADIUS o=32 raw_norm=12867.417023756467 norm=1612.6762948148344 radius=1612.6762948148346 next_radius=1612.6762948148346 lambda=4.0000000000000019e-07 next_lambda=4.0000000000000019e-07 rho=0.6814312598595933 accept=1
CLASSICAL_LM o=32 lambda=4.0000000000000019e-07 tau=4.0000000000000019e-07 prediction=179.68325902509159 rho=0.6814312598595933 accept=1
  MFCG it  33 cost=2.489352e+05 lam=4.000e-07 tau=0.00e+00 cg_it=0 shift=0 ckpt=1 alpha=0 acc mv=114
PCG_PREP o=33 rebuild=1 drift=0 previous_depth=1
ATTR_RADIUS o=33 raw_norm=13049.99726193951 norm=1612.6762948148346 radius=1612.6762948148346 next_radius=1612.6762948148346 lambda=4.0000000000000019e-07 next_lambda=4.0000000000000019e-07 rho=0.67575411257175289 accept=1
CLASSICAL_LM o=33 lambda=4.0000000000000019e-07 tau=4.0000000000000019e-07 prediction=160.29572963547378 rho=0.67575411257175289 accept=1
  MFCG it  34 cost=2.488269e+05 lam=4.000e-07 tau=0.00e+00 cg_it=0 shift=0 ckpt=1 alpha=0 acc mv=116
PCG_PREP o=34 rebuild=1 drift=0 previous_depth=1
ATTR_RADIUS o=34 raw_norm=13225.111994099616 norm=1612.6762948148344 radius=1612.6762948148346 next_radius=1612.6762948148346 lambda=4.0000000000000019e-07 next_lambda=4.0000000000000019e-07 rho=0.67112042648834036 accept=1
CLASSICAL_LM o=34 lambda=4.0000000000000019e-07 tau=4.0000000000000019e-07 prediction=144.29497785164162 rho=0.67112042648834036 accept=1
  MFCG it  35 cost=2.487300e+05 lam=4.000e-07 tau=0.00e+00 cg_it=0 shift=0 ckpt=1 alpha=0 acc mv=118
PCG_PREP o=35 rebuild=1 drift=0 previous_depth=1
ATTR_RADIUS o=35 raw_norm=13387.601038784307 norm=1612.6762948148348 radius=1612.6762948148346 next_radius=1612.6762948148346 lambda=4.0000000000000019e-07 next_lambda=4.0000000000000019e-07 rho=0.66741469312274881 accept=1
CLASSICAL_LM o=35 lambda=4.0000000000000019e-07 tau=4.0000000000000019e-07 prediction=130.99107353902153 rho=0.66741469312274881 accept=1
  MFCG it  36 cost=2.486426e+05 lam=4.000e-07 tau=0.00e+00 cg_it=0 shift=0 ckpt=1 alpha=0 acc mv=120
PCG_PREP o=36 rebuild=1 drift=0 previous_depth=1
ATTR_RADIUS o=36 raw_norm=13532.44528251364 norm=1612.6762948148344 radius=1612.6762948148346 next_radius=1612.6762948148346 lambda=4.0000000000000019e-07 next_lambda=4.0000000000000019e-07 rho=0.66450108338583447 accept=1
CLASSICAL_LM o=36 lambda=4.0000000000000019e-07 tau=4.0000000000000019e-07 prediction=119.84989348947353 rho=0.66450108338583447 accept=1
  MFCG it  37 cost=2.485630e+05 lam=4.000e-07 tau=0.00e+00 cg_it=0 shift=0 ckpt=1 alpha=0 acc mv=122
PCG_PREP o=37 rebuild=1 drift=0 previous_depth=1
ATTR_RADIUS o=37 raw_norm=19533.239590606368 norm=1612.6762948148355 radius=1612.6762948148346 next_radius=3225.3525896296692 lambda=4.0000000000000019e-07 next_lambda=1.0000000000000005e-07 rho=0.79063801428772096 accept=1
CLASSICAL_LM o=37 lambda=4.0000000000000019e-07 tau=4.0000000000000019e-07 prediction=181.07212636399331 rho=0.79063801428772096 accept=1
  MFCG it  38 cost=2.484198e+05 lam=1.000e-07 tau=0.00e+00 cg_it=1 shift=0 ckpt=2 alpha=0 acc mv=125
PCG_PREP o=38 rebuild=1 drift=0 previous_depth=2
POINT_SAFE o=38 frozen=574 slope=-109.07587997299103 candidate=248475.25404504358 original=248405.40685093956 current=248419.79307874665 won=0 mode=1 camera_scale=1 keep_scale=0
ATTR_RADIUS o=38 raw_norm=71753.455638155341 norm=1612.6762948148335 radius=3225.3525896296692 next_radius=3225.3525896296692 lambda=1.0000000000000005e-07 next_lambda=1.0000000000000005e-08 rho=0.26694907407092294 accept=1
CLASSICAL_LM o=38 lambda=1.0000000000000005e-07 tau=1.0000000000000005e-07 prediction=53.891281912692314 rho=0.26694907407092294 accept=1
  MFCG it  39 cost=2.484054e+05 lam=1.000e-08 tau=0.00e+00 cg_it=1 shift=0 ckpt=2 alpha=0 acc mv=128
PCG_PREP o=39 rebuild=1 drift=0 previous_depth=2
POINT_SAFE o=39 frozen=113 slope=-56.667521151335507 candidate=248521.03743308512 original=248402.03434145692 current=248405.40685093956 won=0 mode=1 camera_scale=1 keep_scale=0
ATTR_RADIUS o=39 raw_norm=180268.51854453952 norm=806.33814740741695 radius=3225.3525896296692 next_radius=806.3381474074173 lambda=1.0000000000000005e-08 next_lambda=1.6000000000000008e-07 rho=0.23964878202464257 accept=1
CLASSICAL_LM o=39 lambda=1.0000000000000005e-08 tau=1.0000000000000005e-08 prediction=14.072716974167751 rho=0.23964878202464257 accept=1
  MFCG it  40 cost=2.484020e+05 lam=1.600e-07 tau=0.00e+00 cg_it=1 shift=0 ckpt=2 alpha=0 acc mv=131
PCG_PREP o=40 rebuild=1 drift=0 previous_depth=2
ATTR_RADIUS o=40 raw_norm=22513.333300299921 norm=806.33814740741718 radius=806.3381474074173 next_radius=806.3381474074173 lambda=1.6000000000000008e-07 next_lambda=1.6000000000000008e-07 rho=0.68706734004243852 accept=1
CLASSICAL_LM o=40 lambda=1.6000000000000008e-07 tau=1.6000000000000008e-07 prediction=35.551005190361408 rho=0.68706734004243852 accept=1
  MFCG it  41 cost=2.483776e+05 lam=1.600e-07 tau=0.00e+00 cg_it=0 shift=0 ckpt=1 alpha=0 acc mv=133
PCG_PREP o=41 rebuild=1 drift=0 previous_depth=1
ATTR_RADIUS o=41 raw_norm=22528.797804833623 norm=806.33814740741741 radius=806.3381474074173 next_radius=806.3381474074173 lambda=1.6000000000000008e-07 next_lambda=1.6000000000000008e-07 rho=0.67820039319283876 accept=1
CLASSICAL_LM o=41 lambda=1.6000000000000008e-07 tau=1.6000000000000008e-07 prediction=33.760099574176856 rho=0.67820039319283876 accept=1
  MFCG it  42 cost=2.483547e+05 lam=1.600e-07 tau=0.00e+00 cg_it=0 shift=0 ckpt=1 alpha=0 acc mv=135
PCG_PREP o=42 rebuild=1 drift=0 previous_depth=1
ATTR_RADIUS o=42 raw_norm=22530.610087940287 norm=806.33814740741764 radius=806.3381474074173 next_radius=806.3381474074173 lambda=1.6000000000000008e-07 next_lambda=1.6000000000000008e-07 rho=0.67737038721311582 accept=1
CLASSICAL_LM o=42 lambda=1.6000000000000008e-07 tau=1.6000000000000008e-07 prediction=32.854138510663191 rho=0.67737038721311582 accept=1
  MFCG it  43 cost=2.483325e+05 lam=1.600e-07 tau=0.00e+00 cg_it=0 shift=0 ckpt=1 alpha=0 acc mv=137
PCG_PREP o=43 rebuild=1 drift=0 previous_depth=1
ATTR_RADIUS o=43 raw_norm=22529.784337320558 norm=806.33814740741718 radius=806.3381474074173 next_radius=806.3381474074173 lambda=1.6000000000000008e-07 next_lambda=1.6000000000000008e-07 rho=0.67670465921766521 accept=1
CLASSICAL_LM o=43 lambda=1.6000000000000008e-07 tau=1.6000000000000008e-07 prediction=31.996765047736751 rho=0.67670465921766521 accept=1
  MFCG it  44 cost=2.483108e+05 lam=1.600e-07 tau=0.00e+00 cg_it=0 shift=0 ckpt=1 alpha=0 acc mv=139
PCG_PREP o=44 rebuild=1 drift=0 previous_depth=1
ATTR_RADIUS o=44 raw_norm=22526.181685498996 norm=806.33814740741695 radius=806.3381474074173 next_radius=806.3381474074173 lambda=1.6000000000000008e-07 next_lambda=1.6000000000000008e-07 rho=0.67620447862581678 accept=1
CLASSICAL_LM o=44 lambda=1.6000000000000008e-07 tau=1.6000000000000008e-07 prediction=31.18382956447045 rho=0.67620447862581678 accept=1
  MFCG it  45 cost=2.482897e+05 lam=1.600e-07 tau=0.00e+00 cg_it=0 shift=0 ckpt=1 alpha=0 acc mv=141
PCG_PREP o=45 rebuild=1 drift=0 previous_depth=1
ATTR_RADIUS o=45 raw_norm=22520.376343634052 norm=806.3381474074173 radius=806.3381474074173 next_radius=806.3381474074173 lambda=1.6000000000000008e-07 next_lambda=1.6000000000000008e-07 rho=0.67587234672144469 accept=1
CLASSICAL_LM o=45 lambda=1.6000000000000008e-07 tau=1.6000000000000008e-07 prediction=30.412374164451414 rho=0.67587234672144469 accept=1
  MFCG it  46 cost=2.482692e+05 lam=1.600e-07 tau=0.00e+00 cg_it=0 shift=0 ckpt=1 alpha=0 acc mv=143
PCG_PREP o=46 rebuild=1 drift=0 previous_depth=1
ATTR_RADIUS o=46 raw_norm=22511.111204613066 norm=806.33814740741718 radius=806.3381474074173 next_radius=806.3381474074173 lambda=1.6000000000000008e-07 next_lambda=1.6000000000000008e-07 rho=0.67568780454296207 accept=1
CLASSICAL_LM o=46 lambda=1.6000000000000008e-07 tau=1.6000000000000008e-07 prediction=29.681043877880789 rho=0.67568780454296207 accept=1
  MFCG it  47 cost=2.482491e+05 lam=1.600e-07 tau=0.00e+00 cg_it=0 shift=0 ckpt=1 alpha=0 acc mv=145
PCG_PREP o=47 rebuild=1 drift=0 previous_depth=1
ATTR_RADIUS o=47 raw_norm=22500.990295200765 norm=806.33814740741741 radius=806.3381474074173 next_radius=806.3381474074173 lambda=1.6000000000000008e-07 next_lambda=1.6000000000000008e-07 rho=0.67568575322006796 accept=1
CLASSICAL_LM o=47 lambda=1.6000000000000008e-07 tau=1.6000000000000008e-07 prediction=28.985019307627393 rho=0.67568575322006796 accept=1
  MFCG it  48 cost=2.482295e+05 lam=1.600e-07 tau=0.00e+00 cg_it=0 shift=0 ckpt=1 alpha=0 acc mv=147
PCG_PREP o=48 rebuild=1 drift=0 previous_depth=1
ATTR_RADIUS o=48 raw_norm=22487.237881446163 norm=806.33814740741695 radius=806.3381474074173 next_radius=806.3381474074173 lambda=1.6000000000000008e-07 next_lambda=1.6000000000000008e-07 rho=0.67582201493767569 accept=1
CLASSICAL_LM o=48 lambda=1.6000000000000008e-07 tau=1.6000000000000008e-07 prediction=28.325120546783033 rho=0.67582201493767569 accept=1
  MFCG it  49 cost=2.482104e+05 lam=1.600e-07 tau=0.00e+00 cg_it=0 shift=0 ckpt=1 alpha=0 acc mv=149
PCG_PREP o=49 rebuild=1 drift=0 previous_depth=1
ATTR_RADIUS o=49 raw_norm=36671.315914300743 norm=806.33814740741718 radius=806.3381474074173 next_radius=1612.6762948148346 lambda=1.6000000000000008e-07 next_lambda=4.0000000000000021e-08 rho=0.798230786182347 accept=1
CLASSICAL_LM o=49 lambda=1.6000000000000008e-07 tau=1.6000000000000008e-07 prediction=44.327423057201443 rho=0.798230786182347 accept=1
  MFCG it  50 cost=2.481750e+05 lam=4.000e-08 tau=0.00e+00 cg_it=1 shift=0 ckpt=2 alpha=0 acc mv=152
PCG_PREP o=50 rebuild=1 drift=0 previous_depth=2
POINT_SAFE o=50 frozen=547 slope=-30.68301439471394 candidate=248179.62195753685 original=248168.55714575847 current=248174.99784788417 won=0 mode=1 camera_scale=1 keep_scale=0
ATTR_RADIUS o=50 raw_norm=120128.70847321498 norm=806.33814740741741 radius=1612.6762948148346 next_radius=1612.6762948148346 lambda=4.0000000000000021e-08 next_lambda=4.0000000000000019e-09 rho=0.42114431198624841 accept=1
CLASSICAL_LM o=50 lambda=4.0000000000000021e-08 tau=4.0000000000000021e-08 prediction=15.293337562403904 rho=0.42114431198624841 accept=1
  MFCG it  51 cost=2.481686e+05 lam=4.000e-09 tau=0.00e+00 cg_it=1 shift=0 ckpt=2 alpha=0 acc mv=155
PCG_PREP o=51 rebuild=1 drift=0 previous_depth=2
POINT_SAFE o=51 frozen=117 slope=-18.769962172075068 candidate=248185.4749367625 original=248168.17263042051 current=248168.55714575847 won=0 mode=1 camera_scale=1 keep_scale=0
ATTR_RADIUS o=51 raw_norm=248119.61285285049 norm=1612.6762948148346 radius=1612.6762948148346 next_radius=403.16907370370865 lambda=4.0000000000000019e-09 next_lambda=6.400000000000003e-08 rho=0.041104285316743407 accept=0
CLASSICAL_LM o=51 lambda=4.0000000000000019e-09 tau=4.0000000000000019e-09 prediction=9.3546289639421438 rho=0.041104285316743407 accept=0
  MFCG it  52  retry 1/8  lam=6.400e-08 tau_eff=4.000e-09  (assembly reused)
PCG_PREP o=51 rebuild=1 drift=0 previous_depth=2
ATTR_RADIUS o=51 raw_norm=36928.831619204415 norm=403.16907370370876 radius=403.16907370370865 next_radius=403.16907370370865 lambda=6.400000000000003e-08 next_lambda=6.400000000000003e-08 rho=0.74421929030769585 accept=1
CLASSICAL_LM o=51 lambda=6.400000000000003e-08 tau=6.400000000000003e-08 prediction=9.1246635921217276 rho=0.74421929030769585 accept=1
  MFCG it  52 cost=2.481618e+05 lam=6.400e-08 tau=0.00e+00 cg_it=0 shift=0 ckpt=1 alpha=0 acc mv=160
PCG_PREP o=52 rebuild=1 drift=0 previous_depth=1
ATTR_RADIUS o=52 raw_norm=36984.164236479897 norm=403.16907370370865 radius=403.16907370370865 next_radius=403.16907370370865 lambda=6.400000000000003e-08 next_lambda=6.400000000000003e-08 rho=0.74239374603996833 accept=1
CLASSICAL_LM o=52 lambda=6.400000000000003e-08 tau=6.400000000000003e-08 prediction=8.987270277157803 rho=0.74239374603996833 accept=1
  MFCG it  53 cost=2.481551e+05 lam=6.400e-08 tau=0.00e+00 cg_it=0 shift=0 ckpt=1 alpha=0 acc mv=162
PCG_PREP o=53 rebuild=1 drift=0 previous_depth=1
ATTR_RADIUS o=53 raw_norm=84198.007732980841 norm=403.16907370370865 radius=403.16907370370865 next_radius=806.3381474074173 lambda=6.400000000000003e-08 next_lambda=1.6000000000000008e-08 rho=0.78205020854899643 accept=1
CLASSICAL_LM o=53 lambda=6.400000000000003e-08 tau=6.400000000000003e-08 prediction=10.389276084683724 rho=0.78205020854899643 accept=1
  MFCG it  54 cost=2.481470e+05 lam=1.600e-08 tau=0.00e+00 cg_it=1 shift=0 ckpt=2 alpha=0 acc mv=165
PCG_PREP o=54 rebuild=1 drift=0 previous_depth=2
ATTR_RADIUS o=54 raw_norm=184605.41666067703 norm=806.3381474074173 radius=806.3381474074173 next_radius=806.3381474074173 lambda=1.6000000000000008e-08 next_lambda=1.6000000000000008e-08 rho=0.35071142622144086 accept=1
CLASSICAL_LM o=54 lambda=1.6000000000000008e-08 tau=1.6000000000000008e-08 prediction=13.686162380991405 rho=0.35071142622144086 accept=1
  MFCG it  55 cost=2.481422e+05 lam=1.600e-08 tau=0.00e+00 cg_it=1 shift=0 ckpt=2 alpha=0 acc mv=168
PCG_PREP o=55 rebuild=1 drift=0 previous_depth=2
ATTR_RADIUS o=55 raw_norm=184625.21152012108 norm=806.33814740741764 radius=806.3381474074173 next_radius=1612.6762948148346 lambda=1.6000000000000008e-08 next_lambda=4.0000000000000019e-09 rho=0.76537595579231532 accept=1
CLASSICAL_LM o=55 lambda=1.6000000000000008e-08 tau=1.6000000000000008e-08 prediction=51.14229337218994 rho=0.76537595579231532 accept=1
  MFCG it  56 cost=2.481030e+05 lam=4.000e-09 tau=0.00e+00 cg_it=1 shift=0 ckpt=2 alpha=0 acc mv=171
PCG_PREP o=56 rebuild=1 drift=0 previous_depth=2
POINT_SAFE o=56 frozen=232 slope=-38.959248082905418 candidate=248109.44059270257 original=248095.24924844987 current=248103.02639111993 won=0 mode=1 camera_scale=1 keep_scale=0
ATTR_RADIUS o=56 raw_norm=305968.75082786579 norm=806.33814740741741 radius=1612.6762948148346 next_radius=1612.6762948148346 lambda=4.0000000000000019e-09 next_lambda=4.0000000000000022e-10 rho=0.44767661141986775 accept=1
CLASSICAL_LM o=56 lambda=4.0000000000000019e-09 tau=4.0000000000000019e-09 prediction=17.372233598260792 rho=0.44767661141986775 accept=1
  MFCG it  57 cost=2.480952e+05 lam=4.000e-10 tau=0.00e+00 cg_it=1 shift=0 ckpt=2 alpha=0 acc mv=174
PCG_PREP o=57 rebuild=1 drift=0 previous_depth=2
POINT_SAFE o=57 frozen=123 slope=-25.841324103576461 candidate=248109.69801133315 original=248092.57050291254 current=248095.24924844987 won=0 mode=1 camera_scale=1 keep_scale=0
ATTR_RADIUS o=57 raw_norm=349416.69508139149 norm=806.33814740741752 radius=1612.6762948148346 next_radius=403.16907370370865 lambda=4.0000000000000022e-10 next_lambda=6.4000000000000035e-09 rho=0.21832109582871745 accept=1
CLASSICAL_LM o=57 lambda=4.0000000000000022e-10 tau=4.0000000000000022e-10 prediction=12.26975124487511 rho=0.21832109582871745 accept=1
  MFCG it  58 cost=2.480926e+05 lam=6.400e-09 tau=0.00e+00 cg_it=1 shift=0 ckpt=2 alpha=0 acc mv=177
PCG_PREP o=58 rebuild=1 drift=0 previous_depth=2
ATTR_RADIUS o=58 raw_norm=287951.40946453199 norm=403.16907370370859 radius=403.16907370370865 next_radius=403.16907370370865 lambda=6.4000000000000035e-09 next_lambda=6.4000000000000035e-09 rho=0.63635229475365951 accept=1
CLASSICAL_LM o=58 lambda=6.4000000000000035e-09 tau=6.4000000000000035e-09 prediction=6.698811755738511 rho=0.63635229475365951 accept=1
  MFCG it  59 cost=2.480883e+05 lam=6.400e-09 tau=0.00e+00 cg_it=1 shift=0 ckpt=2 alpha=0 acc mv=180
PCG_PREP o=59 rebuild=1 drift=0 previous_depth=2
ATTR_RADIUS o=59 raw_norm=288029.95315377973 norm=403.16907370370865 radius=403.16907370370865 next_radius=403.16907370370865 lambda=6.4000000000000035e-09 next_lambda=6.4000000000000035e-09 rho=0.58445018563101714 accept=1
CLASSICAL_LM o=59 lambda=6.4000000000000035e-09 tau=6.4000000000000035e-09 prediction=5.9341391965074095 rho=0.58445018563101714 accept=1
  MFCG it  60 cost=2.480848e+05 lam=6.400e-09 tau=0.00e+00 cg_it=1 shift=0 ckpt=2 alpha=0 acc mv=183
PCG_PREP o=60 rebuild=1 drift=0 previous_depth=2
ATTR_RADIUS o=60 raw_norm=288827.66271127097 norm=403.16907370370876 radius=403.16907370370865 next_radius=403.16907370370865 lambda=6.4000000000000035e-09 next_lambda=6.4000000000000035e-09 rho=0.57898375364133459 accept=1
CLASSICAL_LM o=60 lambda=6.4000000000000035e-09 tau=6.4000000000000035e-09 prediction=5.8899670904734815 rho=0.57898375364133459 accept=1
  MFCG it  61 cost=2.480814e+05 lam=6.400e-09 tau=0.00e+00 cg_it=1 shift=0 ckpt=2 alpha=0 acc mv=186
PCG_PREP o=61 rebuild=1 drift=0 previous_depth=2
ATTR_RADIUS o=61 raw_norm=289815.56863389182 norm=403.1690737037087 radius=403.16907370370865 next_radius=403.16907370370865 lambda=6.4000000000000035e-09 next_lambda=6.4000000000000035e-09 rho=0.57424058582328574 accept=1
CLASSICAL_LM o=61 lambda=6.4000000000000035e-09 tau=6.4000000000000035e-09 prediction=5.8541052944011991 rho=0.57424058582328574 accept=1
  MFCG it  62 cost=2.480781e+05 lam=6.400e-09 tau=0.00e+00 cg_it=1 shift=0 ckpt=2 alpha=0 acc mv=189
PCG_PREP o=62 rebuild=1 drift=0 previous_depth=2
ATTR_RADIUS o=62 raw_norm=290789.39813131536 norm=403.16907370370853 radius=403.16907370370865 next_radius=403.16907370370865 lambda=6.4000000000000035e-09 next_lambda=6.4000000000000035e-09 rho=0.56946128476638391 accept=1
CLASSICAL_LM o=62 lambda=6.4000000000000035e-09 tau=6.4000000000000035e-09 prediction=5.8183656701959494 rho=0.56946128476638391 accept=1
  MFCG it  63 cost=2.480748e+05 lam=6.400e-09 tau=0.00e+00 cg_it=1 shift=0 ckpt=2 alpha=0 acc mv=192
PCG_PREP o=63 rebuild=1 drift=0 previous_depth=2
ATTR_RADIUS o=63 raw_norm=291730.62042062642 norm=403.16907370370876 radius=403.16907370370865 next_radius=403.16907370370865 lambda=6.4000000000000035e-09 next_lambda=6.4000000000000035e-09 rho=0.5646738431049072 accept=1
CLASSICAL_LM o=63 lambda=6.4000000000000035e-09 tau=6.4000000000000035e-09 prediction=5.7832906828636981 rho=0.5646738431049072 accept=1
  MFCG it  64 cost=2.480715e+05 lam=6.400e-09 tau=0.00e+00 cg_it=1 shift=0 ckpt=2 alpha=0 acc mv=195
PCG_PREP o=64 rebuild=1 drift=0 previous_depth=2
ATTR_RADIUS o=64 raw_norm=292656.51627416373 norm=403.16907370370865 radius=403.16907370370865 next_radius=403.16907370370865 lambda=6.4000000000000035e-09 next_lambda=6.4000000000000035e-09 rho=0.55985797310406726 accept=1
CLASSICAL_LM o=64 lambda=6.4000000000000035e-09 tau=6.4000000000000035e-09 prediction=5.7485704599198266 rho=0.55985797310406726 accept=1
  MFCG it  65 cost=2.480683e+05 lam=6.400e-09 tau=0.00e+00 cg_it=1 shift=0 ckpt=2 alpha=0 acc mv=198
PCG_PREP o=65 rebuild=1 drift=0 previous_depth=2
ATTR_RADIUS o=65 raw_norm=293553.03514937236 norm=403.16907370370848 radius=403.16907370370865 next_radius=403.16907370370865 lambda=6.4000000000000035e-09 next_lambda=6.4000000000000035e-09 rho=0.5550412330242146 accept=1
CLASSICAL_LM o=65 lambda=6.4000000000000035e-09 tau=6.4000000000000035e-09 prediction=5.7145723361339931 rho=0.5550412330242146 accept=1
  MFCG it  66 cost=2.480651e+05 lam=6.400e-09 tau=0.00e+00 cg_it=1 shift=0 ckpt=2 alpha=0 acc mv=201
PCG_PREP o=66 rebuild=1 drift=0 previous_depth=2
ATTR_RADIUS o=66 raw_norm=294414.55581744789 norm=403.16907370370888 radius=403.16907370370865 next_radius=403.16907370370865 lambda=6.4000000000000035e-09 next_lambda=6.4000000000000035e-09 rho=0.55022070419427271 accept=1
CLASSICAL_LM o=66 lambda=6.4000000000000035e-09 tau=6.4000000000000035e-09 prediction=5.6812292127611332 rho=0.55022070419427271 accept=1
  MFCG it  67 cost=2.480620e+05 lam=6.400e-09 tau=0.00e+00 cg_it=1 shift=0 ckpt=2 alpha=0 acc mv=204
PCG_PREP o=67 rebuild=1 drift=0 previous_depth=2
ATTR_RADIUS o=67 raw_norm=295250.93405933667 norm=403.16907370370859 radius=403.16907370370865 next_radius=403.16907370370865 lambda=6.4000000000000035e-09 next_lambda=6.4000000000000035e-09 rho=0.54538828548089469 accept=1
CLASSICAL_LM o=67 lambda=6.4000000000000035e-09 tau=6.4000000000000035e-09 prediction=5.6484209706213546 rho=0.54538828548089469 accept=1
  MFCG it  68 cost=2.480589e+05 lam=6.400e-09 tau=0.00e+00 cg_it=1 shift=0 ckpt=2 alpha=0 acc mv=207
PCG_PREP o=68 rebuild=1 drift=0 previous_depth=2
ATTR_RADIUS o=68 raw_norm=296051.10907720256 norm=403.16907370370876 radius=403.16907370370865 next_radius=403.16907370370865 lambda=6.4000000000000035e-09 next_lambda=6.4000000000000035e-09 rho=0.54057602775853675 accept=1
CLASSICAL_LM o=68 lambda=6.4000000000000035e-09 tau=6.4000000000000035e-09 prediction=5.6165292976150472 rho=0.54057602775853675 accept=1
  MFCG it  69 cost=2.480559e+05 lam=6.400e-09 tau=0.00e+00 cg_it=1 shift=0 ckpt=2 alpha=0 acc mv=210
PCG_PREP o=69 rebuild=1 drift=0 previous_depth=2
ATTR_RADIUS o=69 raw_norm=296824.32701159682 norm=403.16907370370859 radius=403.16907370370865 next_radius=403.16907370370865 lambda=6.4000000000000035e-09 next_lambda=6.4000000000000035e-09 rho=0.5357464268237776 accept=1
CLASSICAL_LM o=69 lambda=6.4000000000000035e-09 tau=6.4000000000000035e-09 prediction=5.585062408873573 rho=0.5357464268237776 accept=1
  MFCG it  70 cost=2.480529e+05 lam=6.400e-09 tau=0.00e+00 cg_it=1 shift=0 ckpt=2 alpha=0 acc mv=213
PCG_PREP o=70 rebuild=1 drift=0 previous_depth=2
ATTR_RADIUS o=70 raw_norm=297564.81009736075 norm=403.16907370370848 radius=403.16907370370865 next_radius=403.16907370370865 lambda=6.4000000000000035e-09 next_lambda=6.4000000000000035e-09 rho=0.5309212406536109 accept=1
CLASSICAL_LM o=70 lambda=6.4000000000000035e-09 tau=6.4000000000000035e-09 prediction=5.554269417910473 rho=0.5309212406536109 accept=1
  MFCG it  71 cost=2.480499e+05 lam=6.400e-09 tau=0.00e+00 cg_it=1 shift=0 ckpt=2 alpha=0 acc mv=216
PCG_PREP o=71 rebuild=1 drift=0 previous_depth=2
ATTR_RADIUS o=71 raw_norm=298265.29834269575 norm=403.16907370370876 radius=403.16907370370865 next_radius=403.16907370370865 lambda=6.4000000000000035e-09 next_lambda=6.4000000000000035e-09 rho=0.52611586107652952 accept=1
CLASSICAL_LM o=71 lambda=6.4000000000000035e-09 tau=6.4000000000000035e-09 prediction=5.5243162940992381 rho=0.52611586107652952 accept=1
  MFCG it  72 cost=2.480470e+05 lam=6.400e-09 tau=0.00e+00 cg_it=1 shift=0 ckpt=2 alpha=0 acc mv=219
PCG_PREP o=72 rebuild=1 drift=0 previous_depth=2
ATTR_RADIUS o=72 raw_norm=298936.43908727093 norm=403.16907370370865 radius=403.16907370370865 next_radius=403.16907370370865 lambda=6.4000000000000035e-09 next_lambda=6.4000000000000035e-09 rho=0.52130848691755916 accept=1
CLASSICAL_LM o=72 lambda=6.4000000000000035e-09 tau=6.4000000000000035e-09 prediction=5.4949126396743484 rho=0.52130848691755916 accept=1
  MFCG it  73 cost=2.480441e+05 lam=6.400e-09 tau=0.00e+00 cg_it=1 shift=0 ckpt=2 alpha=0 acc mv=222
PCG_PREP o=73 rebuild=1 drift=0 previous_depth=2
ATTR_RADIUS o=73 raw_norm=299570.70436566829 norm=403.16907370370859 radius=403.16907370370865 next_radius=403.16907370370865 lambda=6.4000000000000035e-09 next_lambda=6.4000000000000035e-09 rho=0.51651839015170986 accept=1
CLASSICAL_LM o=73 lambda=6.4000000000000035e-09 tau=6.4000000000000035e-09 prediction=5.4662635182303214 rho=0.51651839015170986 accept=1
  MFCG it  74 cost=2.480413e+05 lam=6.400e-09 tau=0.00e+00 cg_it=1 shift=0 ckpt=2 alpha=0 acc mv=225
PCG_PREP o=74 rebuild=1 drift=0 previous_depth=2
ATTR_RADIUS o=74 raw_norm=300163.73275864928 norm=403.16907370370876 radius=403.16907370370865 next_radius=403.16907370370865 lambda=6.4000000000000035e-09 next_lambda=6.4000000000000035e-09 rho=0.51173623561243753 accept=1
CLASSICAL_LM o=74 lambda=6.4000000000000035e-09 tau=6.4000000000000035e-09 prediction=5.4382405666254234 rho=0.51173623561243753 accept=1
  MFCG it  75 cost=2.480385e+05 lam=6.400e-09 tau=0.00e+00 cg_it=1 shift=0 ckpt=2 alpha=0 acc mv=228
PCG_PREP o=75 rebuild=1 drift=0 previous_depth=2
ATTR_RADIUS o=75 raw_norm=300725.44362816191 norm=403.16907370370865 radius=403.16907370370865 next_radius=403.16907370370865 lambda=6.4000000000000035e-09 next_lambda=6.4000000000000035e-09 rho=0.50698320417253295 accept=1
CLASSICAL_LM o=75 lambda=6.4000000000000035e-09 tau=6.4000000000000035e-09 prediction=5.4110577618574194 rho=0.50698320417253295 accept=1
  MFCG it  76 cost=2.480358e+05 lam=6.400e-09 tau=0.00e+00 cg_it=1 shift=0 ckpt=2 alpha=0 acc mv=231
PCG_PREP o=76 rebuild=1 drift=0 previous_depth=2
ATTR_RADIUS o=76 raw_norm=301242.19136431208 norm=403.16907370370853 radius=403.16907370370865 next_radius=403.16907370370865 lambda=6.4000000000000035e-09 next_lambda=6.4000000000000035e-09 rho=0.50224071488069066 accept=1
CLASSICAL_LM o=76 lambda=6.4000000000000035e-09 tau=6.4000000000000035e-09 prediction=5.3844828112690628 rho=0.50224071488069066 accept=1
  MFCG it  77 cost=2.480331e+05 lam=6.400e-09 tau=0.00e+00 cg_it=1 shift=0 ckpt=2 alpha=0 acc mv=234
PCG_PREP o=77 rebuild=1 drift=0 previous_depth=2
ATTR_RADIUS o=77 raw_norm=301720.87529778632 norm=403.16907370370865 radius=403.16907370370865 next_radius=403.16907370370865 lambda=6.4000000000000035e-09 next_lambda=6.4000000000000035e-09 rho=0.49753581133116231 accept=1
CLASSICAL_LM o=77 lambda=6.4000000000000035e-09 tau=6.4000000000000035e-09 prediction=5.3587859510825879 rho=0.49753581133116231 accept=1
  MFCG it  78 cost=2.480304e+05 lam=6.400e-09 tau=0.00e+00 cg_it=1 shift=0 ckpt=2 alpha=0 acc mv=237
PCG_PREP o=78 rebuild=1 drift=0 previous_depth=2
ATTR_RADIUS o=78 raw_norm=302164.62231746316 norm=403.16907370370888 radius=403.16907370370865 next_radius=403.16907370370865 lambda=6.4000000000000035e-09 next_lambda=6.4000000000000035e-09 rho=0.49283719843575508 accept=1
CLASSICAL_LM o=78 lambda=6.4000000000000035e-09 tau=6.4000000000000035e-09 prediction=5.333597304790155 rho=0.49283719843575508 accept=1
  MFCG it  79 cost=2.480278e+05 lam=6.400e-09 tau=0.00e+00 cg_it=1 shift=0 ckpt=2 alpha=0 acc mv=240
PCG_PREP o=79 rebuild=1 drift=0 previous_depth=2
ATTR_RADIUS o=79 raw_norm=302563.74074541399 norm=403.16907370370865 radius=403.16907370370865 next_radius=403.16907370370865 lambda=6.4000000000000035e-09 next_lambda=6.4000000000000035e-09 rho=0.48818921916209379 accept=1
CLASSICAL_LM o=79 lambda=6.4000000000000035e-09 tau=6.4000000000000035e-09 prediction=5.3093824845010031 rho=0.48818921916209379 accept=1
  MFCG it  80 cost=2.480252e+05 lam=6.400e-09 tau=0.00e+00 cg_it=1 shift=0 ckpt=2 alpha=0 acc mv=243
PCG_PREP o=80 rebuild=1 drift=0 previous_depth=2
ATTR_RADIUS o=80 raw_norm=302910.77243455261 norm=403.1690737037087 radius=403.16907370370865 next_radius=403.16907370370865 lambda=6.4000000000000035e-09 next_lambda=6.4000000000000035e-09 rho=0.48357217500045069 accept=1
CLASSICAL_LM o=80 lambda=6.4000000000000035e-09 tau=6.4000000000000035e-09 prediction=5.2858900514261933 rho=0.48357217500045069 accept=1
  MFCG it  81 cost=2.480226e+05 lam=6.400e-09 tau=0.00e+00 cg_it=1 shift=0 ckpt=2 alpha=0 acc mv=246
PCG_PREP o=81 rebuild=1 drift=0 previous_depth=2
ATTR_RADIUS o=81 raw_norm=303230.04806671757 norm=403.1690737037087 radius=403.16907370370865 next_radius=403.16907370370865 lambda=6.4000000000000035e-09 next_lambda=6.4000000000000035e-09 rho=0.47897463324891543 accept=1
CLASSICAL_LM o=81 lambda=6.4000000000000035e-09 tau=6.4000000000000035e-09 prediction=5.2629809663248013 rho=0.47897463324891543 accept=1
  MFCG it  82 cost=2.480201e+05 lam=6.400e-09 tau=0.00e+00 cg_it=1 shift=0 ckpt=2 alpha=0 acc mv=249
PCG_PREP o=82 rebuild=1 drift=0 previous_depth=2
ATTR_RADIUS o=82 raw_norm=303486.37158876262 norm=403.16907370370825 radius=403.16907370370865 next_radius=403.16907370370865 lambda=6.4000000000000035e-09 next_lambda=6.4000000000000035e-09 rho=0.47445344507781412 accept=1
CLASSICAL_LM o=82 lambda=6.4000000000000035e-09 tau=6.4000000000000035e-09 prediction=5.2412157182485535 rho=0.47445344507781412 accept=1
  MFCG it  83 cost=2.480176e+05 lam=6.400e-09 tau=0.00e+00 cg_it=1 shift=0 ckpt=2 alpha=0 acc mv=252
PCG_PREP o=83 rebuild=1 drift=0 previous_depth=2
ATTR_RADIUS o=83 raw_norm=303698.68843621225 norm=403.16907370370876 radius=403.16907370370865 next_radius=403.16907370370865 lambda=6.4000000000000035e-09 next_lambda=6.4000000000000035e-09 rho=0.46996814458560954 accept=1
CLASSICAL_LM o=83 lambda=6.4000000000000035e-09 tau=6.4000000000000035e-09 prediction=5.2201444887672839 rho=0.46996814458560954 accept=1
  MFCG it  84 cost=2.480152e+05 lam=6.400e-09 tau=0.00e+00 cg_it=1 shift=0 ckpt=2 alpha=0 acc mv=255
PCG_PREP o=84 rebuild=1 drift=0 previous_depth=2
ATTR_RADIUS o=84 raw_norm=303865.87434509932 norm=403.16907370370859 radius=403.16907370370865 next_radius=403.16907370370865 lambda=6.4000000000000035e-09 next_lambda=6.4000000000000035e-09 rho=0.4655362217367266 accept=1
CLASSICAL_LM o=84 lambda=6.4000000000000035e-09 tau=6.4000000000000035e-09 prediction=5.1999219034972555 rho=0.4655362217367266 accept=1
  MFCG it  85 cost=2.480128e+05 lam=6.400e-09 tau=0.00e+00 cg_it=1 shift=0 ckpt=2 alpha=0 acc mv=258
PCG_PREP o=85 rebuild=1 drift=0 previous_depth=2
ATTR_RADIUS o=85 raw_norm=303989.56518003711 norm=403.16907370370859 radius=403.16907370370865 next_radius=403.16907370370865 lambda=6.4000000000000035e-09 next_lambda=6.4000000000000035e-09 rho=0.46114916317031462 accept=1
CLASSICAL_LM o=85 lambda=6.4000000000000035e-09 tau=6.4000000000000035e-09 prediction=5.1804330579636382 rho=0.46114916317031462 accept=1
  MFCG it  86 cost=2.480104e+05 lam=6.400e-09 tau=0.00e+00 cg_it=1 shift=0 ckpt=2 alpha=0 acc mv=261
PCG_PREP o=86 rebuild=1 drift=0 previous_depth=2
ATTR_RADIUS o=86 raw_norm=304063.13568793883 norm=403.16907370370859 radius=403.16907370370865 next_radius=403.16907370370865 lambda=6.4000000000000035e-09 next_lambda=6.4000000000000035e-09 rho=0.4568145918741976 accept=1
CLASSICAL_LM o=86 lambda=6.4000000000000035e-09 tau=6.4000000000000035e-09 prediction=5.1617301259818777 rho=0.4568145918741976 accept=1
  MFCG it  87 cost=2.480080e+05 lam=6.400e-09 tau=0.00e+00 cg_it=1 shift=0 ckpt=2 alpha=0 acc mv=264
PCG_PREP o=87 rebuild=1 drift=0 previous_depth=2
ATTR_RADIUS o=87 raw_norm=79833.418450783996 norm=403.16907370370853 radius=403.16907370370865 next_radius=403.16907370370865 lambda=6.4000000000000035e-09 next_lambda=6.4000000000000035e-09 rho=0.53411426675345386 accept=1
CLASSICAL_LM o=87 lambda=6.4000000000000035e-09 tau=6.4000000000000035e-09 prediction=6.1272725347230237 rho=0.53411426675345386 accept=1
  MFCG it  88 cost=2.480047e+05 lam=6.400e-09 tau=0.00e+00 cg_it=0 shift=0 ckpt=1 alpha=0 acc mv=266
PCG_PREP o=88 rebuild=1 drift=0 previous_depth=1
ATTR_RADIUS o=88 raw_norm=80128.431194457356 norm=403.1690737037087 radius=403.16907370370865 next_radius=403.16907370370865 lambda=6.4000000000000035e-09 next_lambda=6.4000000000000035e-09 rho=0.53144349686197545 accept=1
CLASSICAL_LM o=88 lambda=6.4000000000000035e-09 tau=6.4000000000000035e-09 prediction=6.0818594238435111 rho=0.53144349686197545 accept=1
  MFCG it  89 cost=2.480015e+05 lam=6.400e-09 tau=0.00e+00 cg_it=0 shift=0 ckpt=1 alpha=0 acc mv=268
PCG_PREP o=89 rebuild=1 drift=0 previous_depth=1
ATTR_RADIUS o=89 raw_norm=80410.656171291936 norm=403.16907370370859 radius=403.16907370370865 next_radius=403.16907370370865 lambda=6.4000000000000035e-09 next_lambda=6.4000000000000035e-09 rho=0.52877812175219685 accept=1
CLASSICAL_LM o=89 lambda=6.4000000000000035e-09 tau=6.4000000000000035e-09 prediction=6.037080677100902 rho=0.52877812175219685 accept=1
  MFCG it  90 cost=2.479983e+05 lam=6.400e-09 tau=0.00e+00 cg_it=0 shift=0 ckpt=1 alpha=0 acc mv=270
PCG_PREP o=90 rebuild=1 drift=0 previous_depth=1
ATTR_RADIUS o=90 raw_norm=80686.093080859078 norm=403.1690737037087 radius=403.16907370370865 next_radius=403.16907370370865 lambda=6.4000000000000035e-09 next_lambda=6.4000000000000035e-09 rho=0.52614134250902556 accept=1
CLASSICAL_LM o=90 lambda=6.4000000000000035e-09 tau=6.4000000000000035e-09 prediction=5.99344443942182 rho=0.52614134250902556 accept=1
  MFCG it  91 cost=2.479952e+05 lam=6.400e-09 tau=0.00e+00 cg_it=0 shift=0 ckpt=1 alpha=0 acc mv=272
PCG_PREP o=91 rebuild=1 drift=0 previous_depth=1
ATTR_RADIUS o=91 raw_norm=80954.059369904717 norm=403.16907370370853 radius=403.16907370370865 next_radius=403.16907370370865 lambda=6.4000000000000035e-09 next_lambda=6.4000000000000035e-09 rho=0.52353050270971491 accept=1
CLASSICAL_LM o=91 lambda=6.4000000000000035e-09 tau=6.4000000000000035e-09 prediction=5.9508499313980741 rho=0.52353050270971491 accept=1
  MFCG it  92 cost=2.479921e+05 lam=6.400e-09 tau=0.00e+00 cg_it=0 shift=0 ckpt=1 alpha=0 acc mv=274
PCG_PREP o=92 rebuild=1 drift=0 previous_depth=1
ATTR_RADIUS o=92 raw_norm=81213.529715209908 norm=403.16907370370859 radius=403.16907370370865 next_radius=403.16907370370865 lambda=6.4000000000000035e-09 next_lambda=6.4000000000000035e-09 rho=0.52094728950974889 accept=1
CLASSICAL_LM o=92 lambda=6.4000000000000035e-09 tau=6.4000000000000035e-09 prediction=5.9093004863096343 rho=0.52094728950974889 accept=1
  MFCG it  93 cost=2.479890e+05 lam=6.400e-09 tau=0.00e+00 cg_it=0 shift=0 ckpt=1 alpha=0 acc mv=276
PCG_PREP o=93 rebuild=1 drift=0 previous_depth=1
ATTR_RADIUS o=93 raw_norm=81465.138029145775 norm=403.16907370370859 radius=403.16907370370865 next_radius=403.16907370370865 lambda=6.4000000000000035e-09 next_lambda=6.4000000000000035e-09 rho=0.51839279882431821 accept=1
CLASSICAL_LM o=93 lambda=6.4000000000000035e-09 tau=6.4000000000000035e-09 prediction=5.8687765895340407 rho=0.51839279882431821 accept=1
  MFCG it  94 cost=2.479859e+05 lam=6.400e-09 tau=0.00e+00 cg_it=0 shift=0 ckpt=1 alpha=0 acc mv=278
PCG_PREP o=94 rebuild=1 drift=0 previous_depth=1
ATTR_RADIUS o=94 raw_norm=81708.720930644675 norm=403.1690737037087 radius=403.16907370370865 next_radius=403.16907370370865 lambda=6.4000000000000035e-09 next_lambda=6.4000000000000035e-09 rho=0.51586837129995722 accept=1
CLASSICAL_LM o=94 lambda=6.4000000000000035e-09 tau=6.4000000000000035e-09 prediction=5.8292657189772061 rho=0.51586837129995722 accept=1
  MFCG it  95 cost=2.479829e+05 lam=6.400e-09 tau=0.00e+00 cg_it=0 shift=0 ckpt=1 alpha=0 acc mv=280
PCG_PREP o=95 rebuild=1 drift=0 previous_depth=1
ATTR_RADIUS o=95 raw_norm=81943.690462797385 norm=403.16907370370859 radius=403.16907370370865 next_radius=403.16907370370865 lambda=6.4000000000000035e-09 next_lambda=6.4000000000000035e-09 rho=0.51337530379499974 accept=1
CLASSICAL_LM o=95 lambda=6.4000000000000035e-09 tau=6.4000000000000035e-09 prediction=5.790753985276667 rho=0.51337530379499974 accept=1
  MFCG it  96 cost=2.479800e+05 lam=6.400e-09 tau=0.00e+00 cg_it=0 shift=0 ckpt=1 alpha=0 acc mv=282
PCG_PREP o=96 rebuild=1 drift=0 previous_depth=1
ATTR_RADIUS o=96 raw_norm=82170.506317650012 norm=403.16907370370859 radius=403.16907370370865 next_radius=403.16907370370865 lambda=6.4000000000000035e-09 next_lambda=6.4000000000000035e-09 rho=0.51091476860527507 accept=1
CLASSICAL_LM o=96 lambda=6.4000000000000035e-09 tau=6.4000000000000035e-09 prediction=5.7532263600378943 rho=0.51091476860527507 accept=1
  MFCG it  97 cost=2.479770e+05 lam=6.400e-09 tau=0.00e+00 cg_it=0 shift=0 ckpt=1 alpha=0 acc mv=284
PCG_PREP o=97 rebuild=1 drift=0 previous_depth=1
ATTR_RADIUS o=97 raw_norm=82388.233756744332 norm=403.16907370370876 radius=403.16907370370865 next_radius=403.16907370370865 lambda=6.4000000000000035e-09 next_lambda=6.4000000000000035e-09 rho=0.50848798077660973 accept=1
CLASSICAL_LM o=97 lambda=6.4000000000000035e-09 tau=6.4000000000000035e-09 prediction=5.7166687587906209 rho=0.50848798077660973 accept=1
  MFCG it  98 cost=2.479741e+05 lam=6.400e-09 tau=0.00e+00 cg_it=0 shift=0 ckpt=1 alpha=0 acc mv=286
PCG_PREP o=98 rebuild=1 drift=0 previous_depth=1
ATTR_RADIUS o=98 raw_norm=82597.118282286043 norm=403.16907370370865 radius=403.16907370370865 next_radius=403.16907370370865 lambda=6.4000000000000035e-09 next_lambda=6.4000000000000035e-09 rho=0.5060964060641131 accept=1
CLASSICAL_LM o=98 lambda=6.4000000000000035e-09 tau=6.4000000000000035e-09 prediction=5.6810705190786299 rho=0.5060964060641131 accept=1
  MFCG it  99 cost=2.479712e+05 lam=6.400e-09 tau=0.00e+00 cg_it=0 shift=0 ckpt=1 alpha=0 acc mv=288
PCG_PREP o=99 rebuild=1 drift=0 previous_depth=1
ATTR_RADIUS o=99 raw_norm=82797.909156406051 norm=403.16907370370836 radius=403.16907370370865 next_radius=403.16907370370865 lambda=6.4000000000000035e-09 next_lambda=6.4000000000000035e-09 rho=0.50374111727957105 accept=1
CLASSICAL_LM o=99 lambda=6.4000000000000035e-09 tau=6.4000000000000035e-09 prediction=5.6464167425186211 rho=0.50374111727957105 accept=1
  MFCG it 100 cost=2.479684e+05 lam=6.400e-09 tau=0.00e+00 cg_it=0 shift=0 ckpt=1 alpha=0 acc mv=290
PCG_PREP o=100 rebuild=1 drift=0 previous_depth=1
ATTR_RADIUS o=100 raw_norm=82989.200540235135 norm=403.16907370370865 radius=403.16907370370865 next_radius=403.16907370370865 lambda=6.4000000000000035e-09 next_lambda=6.4000000000000035e-09 rho=0.50142340595354729 accept=1
CLASSICAL_LM o=100 lambda=6.4000000000000035e-09 tau=6.4000000000000035e-09 prediction=5.6126949503508197 rho=0.50142340595354729 accept=1
  MFCG it 101 cost=2.479656e+05 lam=6.400e-09 tau=0.00e+00 cg_it=0 shift=0 ckpt=1 alpha=0 acc mv=292
PCG_PREP o=101 rebuild=1 drift=0 previous_depth=1
ATTR_RADIUS o=101 raw_norm=83171.277183766084 norm=403.16907370370859 radius=403.16907370370865 next_radius=403.16907370370865 lambda=6.4000000000000035e-09 next_lambda=6.4000000000000035e-09 rho=0.49914466570519733 accept=1
CLASSICAL_LM o=101 lambda=6.4000000000000035e-09 tau=6.4000000000000035e-09 prediction=5.5798947717804976 rho=0.49914466570519733 accept=1
  MFCG it 102 cost=2.479628e+05 lam=6.400e-09 tau=0.00e+00 cg_it=0 shift=0 ckpt=1 alpha=0 acc mv=294
PCG_PREP o=102 rebuild=1 drift=0 previous_depth=1
ATTR_RADIUS o=102 raw_norm=83344.31798123091 norm=403.16907370370859 radius=403.16907370370865 next_radius=403.16907370370865 lambda=6.4000000000000035e-09 next_lambda=6.4000000000000035e-09 rho=0.49690586688005633 accept=1
CLASSICAL_LM o=102 lambda=6.4000000000000035e-09 tau=6.4000000000000035e-09 prediction=5.5480010737544658 rho=0.49690586688005633 accept=1
  MFCG it 103 cost=2.479600e+05 lam=6.400e-09 tau=0.00e+00 cg_it=0 shift=0 ckpt=1 alpha=0 acc mv=296
PCG_PREP o=103 rebuild=1 drift=0 previous_depth=1
ATTR_RADIUS o=103 raw_norm=83508.071224770305 norm=403.16907370370859 radius=403.16907370370865 next_radius=403.16907370370865 lambda=6.4000000000000035e-09 next_lambda=6.4000000000000035e-09 rho=0.49470845441360467 accept=1
CLASSICAL_LM o=103 lambda=6.4000000000000035e-09 tau=6.4000000000000035e-09 prediction=5.5170047142136855 rho=0.49470845441360467 accept=1
  MFCG it 104 cost=2.479573e+05 lam=6.400e-09 tau=0.00e+00 cg_it=0 shift=0 ckpt=1 alpha=0 acc mv=298
PCG_PREP o=104 rebuild=1 drift=0 previous_depth=1
ATTR_RADIUS o=104 raw_norm=83662.251679078821 norm=403.16907370370848 radius=403.16907370370865 next_radius=403.16907370370865 lambda=6.4000000000000035e-09 next_lambda=6.4000000000000035e-09 rho=0.49255353909988986 accept=1
CLASSICAL_LM o=104 lambda=6.4000000000000035e-09 tau=6.4000000000000035e-09 prediction=5.4868928146028813 rho=0.49255353909988986 accept=1
  MFCG it 105 cost=2.479546e+05 lam=6.400e-09 tau=0.00e+00 cg_it=0 shift=0 ckpt=1 alpha=0 acc mv=300
PCG_PREP o=105 rebuild=1 drift=0 previous_depth=1
ATTR_RADIUS o=105 raw_norm=83807.12512487144 norm=403.16907370370859 radius=403.16907370370865 next_radius=403.16907370370865 lambda=6.4000000000000035e-09 next_lambda=6.4000000000000035e-09 rho=0.49044244622593586 accept=1
CLASSICAL_LM o=105 lambda=6.4000000000000035e-09 tau=6.4000000000000035e-09 prediction=5.4576556116650954 rho=0.49044244622593586 accept=1
  MFCG it 106 cost=2.479519e+05 lam=6.400e-09 tau=0.00e+00 cg_it=0 shift=0 ckpt=1 alpha=0 acc mv=302
PCG_PREP o=106 rebuild=1 drift=0 previous_depth=1
ATTR_RADIUS o=106 raw_norm=83942.676826782292 norm=403.16907370370876 radius=403.16907370370865 next_radius=403.16907370370865 lambda=6.4000000000000035e-09 next_lambda=6.4000000000000035e-09 rho=0.48837621965809191 accept=1
CLASSICAL_LM o=106 lambda=6.4000000000000035e-09 tau=6.4000000000000035e-09 prediction=5.42928064258777 rho=0.48837621965809191 accept=1
  MFCG it 107 cost=2.479493e+05 lam=6.400e-09 tau=0.00e+00 cg_it=0 shift=0 ckpt=1 alpha=0 acc mv=304
PCG_PREP o=107 rebuild=1 drift=0 previous_depth=1
ATTR_RADIUS o=107 raw_norm=84068.301380940582 norm=403.1690737037087 radius=403.16907370370865 next_radius=403.16907370370865 lambda=6.4000000000000035e-09 next_lambda=6.4000000000000035e-09 rho=0.48635625749505895 accept=1
CLASSICAL_LM o=107 lambda=6.4000000000000035e-09 tau=6.4000000000000035e-09 prediction=5.4017593768122216 rho=0.48635625749505895 accept=1
  MFCG it 108 cost=2.479466e+05 lam=6.400e-09 tau=0.00e+00 cg_it=0 shift=0 ckpt=1 alpha=0 acc mv=306
PCG_PREP o=108 rebuild=1 drift=0 previous_depth=1
ATTR_RADIUS o=108 raw_norm=84184.395081021765 norm=403.16907370370876 radius=403.16907370370865 next_radius=403.16907370370865 lambda=6.4000000000000035e-09 next_lambda=6.4000000000000035e-09 rho=0.48438354973126141 accept=1
CLASSICAL_LM o=108 lambda=6.4000000000000035e-09 tau=6.4000000000000035e-09 prediction=5.3750796454753162 rho=0.48438354973126141 accept=1
  MFCG it 109 cost=2.479440e+05 lam=6.400e-09 tau=0.00e+00 cg_it=0 shift=0 ckpt=1 alpha=0 acc mv=308
PCG_PREP o=109 rebuild=1 drift=0 previous_depth=1
ATTR_RADIUS o=109 raw_norm=84290.757740761779 norm=403.16907370370876 radius=403.16907370370865 next_radius=403.16907370370865 lambda=6.4000000000000035e-09 next_lambda=6.4000000000000035e-09 rho=0.4824591505931618 accept=1
CLASSICAL_LM o=109 lambda=6.4000000000000035e-09 tau=6.4000000000000035e-09 prediction=5.3492302305720267 rho=0.4824591505931618 accept=1
  MFCG it 110 cost=2.479415e+05 lam=6.400e-09 tau=0.00e+00 cg_it=0 shift=0 ckpt=1 alpha=0 acc mv=310
PCG_PREP o=110 rebuild=1 drift=0 previous_depth=1
ATTR_RADIUS o=110 raw_norm=84386.789091246173 norm=403.16907370370865 radius=403.16907370370865 next_radius=403.16907370370865 lambda=6.4000000000000035e-09 next_lambda=6.4000000000000035e-09 rho=0.48058437630329537 accept=1
CLASSICAL_LM o=110 lambda=6.4000000000000035e-09 tau=6.4000000000000035e-09 prediction=5.3242031341351668 rho=0.48058437630329537 accept=1
  MFCG it 111 cost=2.479389e+05 lam=6.400e-09 tau=0.00e+00 cg_it=0 shift=0 ckpt=1 alpha=0 acc mv=312
PCG_PREP o=111 rebuild=1 drift=0 previous_depth=1
ATTR_RADIUS o=111 raw_norm=84473.437989992861 norm=403.16907370370859 radius=403.16907370370865 next_radius=403.16907370370865 lambda=6.4000000000000035e-09 next_lambda=6.4000000000000035e-09 rho=0.47876025673405176 accept=1
CLASSICAL_LM o=111 lambda=6.4000000000000035e-09 tau=6.4000000000000035e-09 prediction=5.299987914123184 rho=0.47876025673405176 accept=1
  MFCG it 112 cost=2.479364e+05 lam=6.400e-09 tau=0.00e+00 cg_it=0 shift=0 ckpt=1 alpha=0 acc mv=314
PCG_PREP o=112 rebuild=1 drift=0 previous_depth=1
ATTR_RADIUS o=112 raw_norm=84549.896296879175 norm=403.16907370370859 radius=403.16907370370865 next_radius=403.16907370370865 lambda=6.4000000000000035e-09 next_lambda=6.4000000000000035e-09 rho=0.47698795078157574 accept=1
CLASSICAL_LM o=112 lambda=6.4000000000000035e-09 tau=6.4000000000000035e-09 prediction=5.2765757702446248 rho=0.47698795078157574 accept=1
  MFCG it 113 cost=2.479338e+05 lam=6.400e-09 tau=0.00e+00 cg_it=0 shift=0 ckpt=1 alpha=0 acc mv=316
PCG_PREP o=113 rebuild=1 drift=0 previous_depth=1
ATTR_RADIUS o=113 raw_norm=84616.306785994806 norm=403.16907370370865 radius=403.16907370370865 next_radius=403.16907370370865 lambda=6.4000000000000035e-09 next_lambda=6.4000000000000035e-09 rho=0.47526833504277649 accept=1
CLASSICAL_LM o=113 lambda=6.4000000000000035e-09 tau=6.4000000000000035e-09 prediction=5.253955421781205 rho=0.47526833504277649 accept=1
  MFCG it 114 cost=2.479313e+05 lam=6.400e-09 tau=0.00e+00 cg_it=0 shift=0 ckpt=1 alpha=0 acc mv=318
PCG_PREP o=114 rebuild=1 drift=0 previous_depth=1
ATTR_RADIUS o=114 raw_norm=84672.682316879451 norm=403.16907370370893 radius=403.16907370370865 next_radius=403.16907370370865 lambda=6.4000000000000035e-09 next_lambda=6.4000000000000035e-09 rho=0.47360249667812232 accept=1
CLASSICAL_LM o=114 lambda=6.4000000000000035e-09 tau=6.4000000000000035e-09 prediction=5.2321183531040196 rho=0.47360249667812232 accept=1
  MFCG it 115 cost=2.479289e+05 lam=6.400e-09 tau=0.00e+00 cg_it=0 shift=0 ckpt=1 alpha=0 acc mv=320
PCG_PREP o=115 rebuild=1 drift=0 previous_depth=1
ATTR_RADIUS o=115 raw_norm=84719.008857608351 norm=403.16907370370865 radius=403.16907370370865 next_radius=403.16907370370865 lambda=6.4000000000000035e-09 next_lambda=6.4000000000000035e-09 rho=0.47199138865633317 accept=1
CLASSICAL_LM o=115 lambda=6.4000000000000035e-09 tau=6.4000000000000035e-09 prediction=5.2110550685332733 rho=0.47199138865633317 accept=1
  MFCG it 116 cost=2.479264e+05 lam=6.400e-09 tau=0.00e+00 cg_it=0 shift=0 ckpt=1 alpha=0 acc mv=322
PCG_PREP o=116 rebuild=1 drift=0 previous_depth=1
ATTR_RADIUS o=116 raw_norm=84754.750649104128 norm=403.16907370370876 radius=403.16907370370865 next_radius=403.16907370370865 lambda=6.4000000000000035e-09 next_lambda=6.4000000000000035e-09 rho=0.47043604999363686 accept=1
CLASSICAL_LM o=116 lambda=6.4000000000000035e-09 tau=6.4000000000000035e-09 prediction=5.1907574457566401 rho=0.47043604999363686 accept=1
  MFCG it 117 cost=2.479240e+05 lam=6.400e-09 tau=0.00e+00 cg_it=0 shift=0 ckpt=1 alpha=0 acc mv=324
PCG_PREP o=117 rebuild=1 drift=0 previous_depth=1
ATTR_RADIUS o=117 raw_norm=84781.00523331562 norm=403.16907370370865 radius=403.16907370370865 next_radius=403.16907370370865 lambda=6.4000000000000035e-09 next_lambda=6.4000000000000035e-09 rho=0.46893731126987032 accept=1
CLASSICAL_LM o=117 lambda=6.4000000000000035e-09 tau=6.4000000000000035e-09 prediction=5.1712157033622992 rho=0.46893731126987032 accept=1
  MFCG it 118 cost=2.479215e+05 lam=6.400e-09 tau=0.00e+00 cg_it=0 shift=0 ckpt=1 alpha=0 acc mv=326
PCG_PREP o=118 rebuild=1 drift=0 previous_depth=1
ATTR_RADIUS o=118 raw_norm=84796.81443451473 norm=403.16907370370853 radius=403.16907370370865 next_radius=403.16907370370865 lambda=6.4000000000000035e-09 next_lambda=6.4000000000000035e-09 rho=0.46749621524412666 accept=1
CLASSICAL_LM o=118 lambda=6.4000000000000035e-09 tau=6.4000000000000035e-09 prediction=5.1524227359090347 rho=0.46749621524412666 accept=1
  MFCG it 119 cost=2.479191e+05 lam=6.400e-09 tau=0.00e+00 cg_it=0 shift=0 ckpt=1 alpha=0 acc mv=328
PCG_PREP o=119 rebuild=1 drift=0 previous_depth=1
ATTR_RADIUS o=119 raw_norm=84802.688020051923 norm=403.16907370370865 radius=403.16907370370865 next_radius=403.16907370370865 lambda=6.4000000000000035e-09 next_lambda=6.4000000000000035e-09 rho=0.4661134878615395 accept=1
CLASSICAL_LM o=119 lambda=6.4000000000000035e-09 tau=6.4000000000000035e-09 prediction=5.1343687538670624 rho=0.4661134878615395 accept=1
  MFCG it 120 cost=2.479167e+05 lam=6.400e-09 tau=0.00e+00 cg_it=0 shift=0 ckpt=1 alpha=0 acc mv=330
PCG_PREP o=120 rebuild=1 drift=0 previous_depth=1
ATTR_RADIUS o=120 raw_norm=84797.795764794821 norm=403.16907370370876 radius=403.16907370370865 next_radius=403.16907370370865 lambda=6.4000000000000035e-09 next_lambda=6.4000000000000035e-09 rho=0.46478995525259487 accept=1
CLASSICAL_LM o=120 lambda=6.4000000000000035e-09 tau=6.4000000000000035e-09 prediction=5.1170452903072556 rho=0.46478995525259487 accept=1
  MFCG it 121 cost=2.479144e+05 lam=6.400e-09 tau=0.00e+00 cg_it=0 shift=0 ckpt=1 alpha=0 acc mv=332
PCG_PREP o=121 rebuild=1 drift=0 previous_depth=1
ATTR_RADIUS o=121 raw_norm=84783.192686500697 norm=403.16907370370865 radius=403.16907370370865 next_radius=403.16907370370865 lambda=6.4000000000000035e-09 next_lambda=6.4000000000000035e-09 rho=0.46352638267711932 accept=1
CLASSICAL_LM o=121 lambda=6.4000000000000035e-09 tau=6.4000000000000035e-09 prediction=5.1004441093584978 rho=0.46352638267711932 accept=1
  MFCG: converged (OCA_FTOL: 8 outers < 1.0e-05 rel)
  [menu-backtrack] confirming stop with original retry policy at outer 122
  MFCG it 122 cost=2.479120e+05 lam=6.400e-09 tau=0.00e+00 cg_it=0 shift=0 ckpt=1 alpha=0 acc mv=334
PCG_PREP o=122 rebuild=1 drift=0 previous_depth=1
ATTR_RADIUS o=122 raw_norm=84758.36529787691 norm=403.16907370370853 radius=403.16907370370865 next_radius=403.16907370370865 lambda=6.4000000000000035e-09 next_lambda=6.4000000000000035e-09 rho=0.46232354923754593 accept=1
CLASSICAL_LM o=122 lambda=6.4000000000000035e-09 tau=6.4000000000000035e-09 prediction=5.0845573205361525 rho=0.46232354923754593 accept=1
  MFCG it 123 cost=2.479096e+05 lam=6.400e-09 tau=0.00e+00 cg_it=0 shift=0 ckpt=1 alpha=0 acc mv=336
PCG_PREP o=123 rebuild=1 drift=0 previous_depth=1
ATTR_RADIUS o=123 raw_norm=84723.531202194499 norm=403.16907370370853 radius=403.16907370370865 next_radius=403.16907370370865 lambda=6.4000000000000035e-09 next_lambda=6.4000000000000035e-09 rho=0.46118228412228573 accept=1
CLASSICAL_LM o=123 lambda=6.4000000000000035e-09 tau=6.4000000000000035e-09 prediction=5.0693783146686267 rho=0.46118228412228573 accept=1
  MFCG it 124 cost=2.479073e+05 lam=6.400e-09 tau=0.00e+00 cg_it=0 shift=0 ckpt=1 alpha=0 acc mv=338
PCG_PREP o=124 rebuild=1 drift=0 previous_depth=1
ATTR_RADIUS o=124 raw_norm=84678.779435406963 norm=403.16907370370853 radius=403.16907370370865 next_radius=403.16907370370865 lambda=6.4000000000000035e-09 next_lambda=6.4000000000000035e-09 rho=0.460103059935692 accept=1
CLASSICAL_LM o=124 lambda=6.4000000000000035e-09 tau=6.4000000000000035e-09 prediction=5.0548971466069039 rho=0.460103059935692 accept=1
  MFCG it 125 cost=2.479050e+05 lam=6.400e-09 tau=0.00e+00 cg_it=0 shift=0 ckpt=1 alpha=0 acc mv=340
PCG_PREP o=125 rebuild=1 drift=0 previous_depth=1
ATTR_RADIUS o=125 raw_norm=84623.780148120437 norm=403.16907370370859 radius=403.16907370370865 next_radius=403.16907370370865 lambda=6.4000000000000035e-09 next_lambda=6.4000000000000035e-09 rho=0.45908643422940426 accept=1
CLASSICAL_LM o=125 lambda=6.4000000000000035e-09 tau=6.4000000000000035e-09 prediction=5.0411055646580794 rho=0.45908643422940426 accept=1
  MFCG it 126 cost=2.479027e+05 lam=6.400e-09 tau=0.00e+00 cg_it=0 shift=0 ckpt=1 alpha=0 acc mv=342
PCG_PREP o=126 rebuild=1 drift=0 previous_depth=1
ATTR_RADIUS o=126 raw_norm=84558.352951651279 norm=403.16907370370882 radius=403.16907370370865 next_radius=403.16907370370865 lambda=6.4000000000000035e-09 next_lambda=6.4000000000000035e-09 rho=0.45813311033834619 accept=1
CLASSICAL_LM o=126 lambda=6.4000000000000035e-09 tau=6.4000000000000035e-09 prediction=5.0279969818079424 rho=0.45813311033834619 accept=1
  MFCG it 127 cost=2.479004e+05 lam=6.400e-09 tau=0.00e+00 cg_it=0 shift=0 ckpt=1 alpha=0 acc mv=344
PCG_PREP o=127 rebuild=1 drift=0 previous_depth=1
ATTR_RADIUS o=127 raw_norm=84482.933786512236 norm=403.1690737037087 radius=403.16907370370865 next_radius=403.16907370370865 lambda=6.4000000000000035e-09 next_lambda=6.4000000000000035e-09 rho=0.45724358832846596 accept=1
CLASSICAL_LM o=127 lambda=6.4000000000000035e-09 tau=6.4000000000000035e-09 prediction=5.0155635617429333 rho=0.45724358832846596 accept=1
  MFCG it 128 cost=2.478981e+05 lam=6.400e-09 tau=0.00e+00 cg_it=0 shift=0 ckpt=1 alpha=0 acc mv=346
PCG_PREP o=128 rebuild=1 drift=0 previous_depth=1
ATTR_RADIUS o=128 raw_norm=84397.858802542993 norm=403.16907370370848 radius=403.16907370370865 next_radius=403.16907370370865 lambda=6.4000000000000035e-09 next_lambda=6.4000000000000035e-09 rho=0.45641835557121929 accept=1
CLASSICAL_LM o=128 lambda=6.4000000000000035e-09 tau=6.4000000000000035e-09 prediction=5.003797918625593 rho=0.45641835557121929 accept=1
  MFCG it 129 cost=2.478958e+05 lam=6.400e-09 tau=0.00e+00 cg_it=0 shift=0 ckpt=1 alpha=0 acc mv=348
PCG_PREP o=129 rebuild=1 drift=0 previous_depth=1
ATTR_RADIUS o=129 raw_norm=84303.021220648952 norm=403.16907370370876 radius=403.16907370370865 next_radius=403.16907370370865 lambda=6.4000000000000035e-09 next_lambda=6.4000000000000035e-09 rho=0.45565771975645625 accept=1
CLASSICAL_LM o=129 lambda=6.4000000000000035e-09 tau=6.4000000000000035e-09 prediction=4.9926912495374385 rho=0.45565771975645625 accept=1
  MFCG: converged (OCA_FTOL: 8 outers < 1.0e-05 rel)
W8_BOUNDARY outer=129 cost=247893.51462945557 seconds=1.318202914 lambda=6.4000000000000035e-09 radius=403.16907370370865 ratio=209.10091254321691
  MFCG it 130 cost=2.478935e+05 lam=6.400e-09 tau=0.00e+00 cg_it=0 shift=0 ckpt=1 alpha=0 acc mv=350
PCG_PREP o=130 rebuild=1 drift=0 previous_depth=1
W8_ROOT attempt=132 outer=130 lambda=6.4000000000000035e-09 next=1.7821038636074575e-06 raw=84197.948898564675 radius=403.16907370370865
PCG_PREP o=130 rebuild=1 drift=0 previous_depth=1
W8_ROOT attempt=133 outer=130 lambda=1.7821038636074575e-06 next=1.1906736175728006e-05 raw=1251.1579103678703 radius=403.16907370370865
PCG_PREP o=130 rebuild=1 drift=0 previous_depth=1
W8_ROOT attempt=134 outer=130 lambda=1.1906736175728006e-05 next=0.00031936770840324587 raw=743.94504793903934 radius=403.16907370370865
PCG_PREP o=130 rebuild=1 drift=0 previous_depth=1
ATTR_RADIUS o=130 raw_norm=308.97099550873992 norm=308.97099550873992 radius=403.16907370370865 next_radius=403.16907370370865 lambda=0.00031936770840324587 next_lambda=3.1936770840324589e-05 rho=1.0003577172506262 accept=1
CLASSICAL_LM o=130 lambda=0.00031936770840324587 tau=0.00031936770840324587 prediction=409.60585627869625 rho=1.0003577172506262 accept=1
  [menu-backtrack] rearmed after meaningful confirmation progress at outer 131
W8_PROGRESS outer=130 phase=1 cost=247483.76225009613 gain=0.0016529370684502628
W8_RESUME outer=130 gain=0.0016529370684502628
  MFCG it 131 cost=2.474838e+05 lam=3.194e-05 tau=0.00e+00 cg_it=0 shift=0 ckpt=1 alpha=0 acc mv=358
PCG_PREP o=131 rebuild=1 drift=0 previous_depth=1
ATTR_RADIUS o=131 raw_norm=2996.8174156345426 norm=403.16907370370865 radius=403.16907370370865 next_radius=806.3381474074173 lambda=3.1936770840324589e-05 next_lambda=7.9841927100811472e-06 rho=0.99572036860748425 accept=1
CLASSICAL_LM o=131 lambda=3.1936770840324589e-05 tau=3.1936770840324589e-05 prediction=234.19882395334099 rho=0.99572036860748425 accept=1
  MFCG it 132 cost=2.472506e+05 lam=7.984e-06 tau=0.00e+00 cg_it=7 shift=0 ckpt=8 alpha=0 acc mv=367
PCG_PREP o=132 rebuild=1 drift=0 previous_depth=8
ATTR_RADIUS o=132 raw_norm=4594.4411610198713 norm=806.3381474074173 radius=806.3381474074173 next_radius=1612.6762948148346 lambda=7.9841927100811472e-06 next_lambda=1.9960481775202868e-06 rho=0.75626637199148372 accept=1
CLASSICAL_LM o=132 lambda=7.9841927100811472e-06 tau=7.9841927100811472e-06 prediction=260.59656714998505 rho=0.75626637199148372 accept=1
  MFCG it 133 cost=2.470535e+05 lam=1.996e-06 tau=0.00e+00 cg_it=4 shift=0 ckpt=5 alpha=0 acc mv=373
PCG_PREP o=133 rebuild=1 drift=0 previous_depth=5
ATTR_RADIUS o=133 raw_norm=5823.8888907479095 norm=1612.6762948148346 radius=1612.6762948148346 next_radius=3225.3525896296692 lambda=1.9960481775202868e-06 next_lambda=4.990120443800717e-07 rho=0.98630548873741397 accept=1
CLASSICAL_LM o=133 lambda=1.9960481775202868e-06 tau=1.9960481775202868e-06 prediction=340.88728708958524 rho=0.98630548873741397 accept=1
  MFCG it 134 cost=2.467173e+05 lam=4.990e-07 tau=0.00e+00 cg_it=3 shift=0 ckpt=4 alpha=0 acc mv=378
PCG_PREP o=134 rebuild=1 drift=0 previous_depth=4
ATTR_RADIUS o=134 raw_norm=6996.965063423846 norm=3225.3525896296696 radius=3225.3525896296692 next_radius=806.3381474074173 lambda=4.990120443800717e-07 next_lambda=7.9841927100811472e-06 rho=0.22589318838334771 accept=1
CLASSICAL_LM o=134 lambda=4.990120443800717e-07 tau=4.990120443800717e-07 prediction=298.2323305651575 rho=0.22589318838334771 accept=1
  MFCG it 135 cost=2.466499e+05 lam=7.984e-06 tau=0.00e+00 cg_it=5 shift=0 ckpt=6 alpha=0 acc mv=385
PCG_PREP o=135 rebuild=1 drift=0 previous_depth=6
ATTR_RADIUS o=135 raw_norm=2154.3047388691925 norm=806.3381474074173 radius=806.3381474074173 next_radius=1612.6762948148346 lambda=7.9841927100811472e-06 next_lambda=1.9960481775202868e-06 rho=1.0001721867382247 accept=1
CLASSICAL_LM o=135 lambda=7.9841927100811472e-06 tau=7.9841927100811472e-06 prediction=268.95583635917171 rho=1.0001721867382247 accept=1
  MFCG it 136 cost=2.463809e+05 lam=1.996e-06 tau=0.00e+00 cg_it=1 shift=0 ckpt=2 alpha=0 acc mv=388
PCG_PREP o=136 rebuild=1 drift=0 previous_depth=2
ATTR_RADIUS o=136 raw_norm=3837.4727070732888 norm=1612.6762948148344 radius=1612.6762948148346 next_radius=3225.3525896296692 lambda=1.9960481775202868e-06 next_lambda=4.990120443800717e-07 rho=0.99429759009144758 accept=1
CLASSICAL_LM o=136 lambda=1.9960481775202868e-06 tau=1.9960481775202868e-06 prediction=58.902280279418328 rho=0.99429759009144758 accept=1
  MFCG it 137 cost=2.463223e+05 lam=4.990e-07 tau=0.00e+00 cg_it=2 shift=0 ckpt=3 alpha=0 acc mv=392
PCG_PREP o=137 rebuild=1 drift=0 previous_depth=3
POINT_SAFE o=137 frozen=557 slope=-34.060472796087005 candidate=246328.97961630058 original=246311.28065307805 current=246322.32909374221 won=0 mode=1 camera_scale=1 keep_scale=0
ATTR_RADIUS o=137 raw_norm=5804.825057959647 norm=1612.6762948148335 radius=3225.3525896296692 next_radius=3225.3525896296692 lambda=4.990120443800717e-07 next_lambda=4.9901204438007173e-08 rho=0.71420668891559558 accept=1
CLASSICAL_LM o=137 lambda=4.990120443800717e-07 tau=4.990120443800717e-07 prediction=15.469528409119008 rho=0.71420668891559558 accept=1
  MFCG it 138 cost=2.463113e+05 lam=4.990e-08 tau=0.00e+00 cg_it=0 shift=0 ckpt=1 alpha=0 acc mv=394
PCG_PREP o=138 rebuild=1 drift=0 previous_depth=1
POINT_SAFE o=138 frozen=6 slope=-29.844694695373054 candidate=246341.55670207433 original=246307.58375935064 current=246311.28065307805 won=0 mode=1 camera_scale=1 keep_scale=0
ATTR_RADIUS o=138 raw_norm=36368.51849227515 norm=1612.6762948148339 radius=3225.3525896296692 next_radius=3225.3525896296692 lambda=4.9901204438007173e-08 next_lambda=4.9901204438007179e-09 rho=0.30249983853395968 accept=1
CLASSICAL_LM o=138 lambda=4.9901204438007173e-08 tau=4.9901204438007173e-08 prediction=12.221142812252554 rho=0.30249983853395968 accept=1
  MFCG it 139 cost=2.463076e+05 lam=4.990e-09 tau=0.00e+00 cg_it=0 shift=0 ckpt=1 alpha=0 acc mv=396
PCG_PREP o=139 rebuild=1 drift=0 previous_depth=1
POINT_SAFE o=139 frozen=7 slope=-15.325374056884522 candidate=246359.44424737056 original=246306.65257420336 current=246307.58375935064 won=0 mode=1 camera_scale=1 keep_scale=0
ATTR_RADIUS o=139 raw_norm=161245.34491361881 norm=806.33814740741764 radius=3225.3525896296692 next_radius=3225.3525896296692 lambda=4.9901204438007179e-09 next_lambda=4.9901204438007179e-10 rho=0.25250580698051328 accept=1
CLASSICAL_LM o=139 lambda=4.9901204438007179e-09 tau=4.9901204438007179e-09 prediction=3.6877771581718548 rho=0.25250580698051328 accept=1
  MFCG it 140 cost=2.463067e+05 lam=4.990e-10 tau=0.00e+00 cg_it=0 shift=0 ckpt=1 alpha=0 acc mv=398
PCG_PREP o=140 rebuild=1 drift=0 previous_depth=1
POINT_SAFE o=140 frozen=68 slope=-14.788067291396036 candidate=246361.41218354419 original=246306.07104191682 current=246306.65257420336 won=0 mode=1 camera_scale=1 keep_scale=0
ATTR_RADIUS o=140 raw_norm=344177.64032631414 norm=806.3381474074173 radius=3225.3525896296692 next_radius=806.3381474074173 lambda=4.9901204438007179e-10 next_lambda=7.9841927100811487e-09 rho=0.16227994750060254 accept=1
CLASSICAL_LM o=140 lambda=4.9901204438007179e-10 tau=4.9901204438007179e-10 prediction=3.5835129077553938 rho=0.16227994750060254 accept=1
  MFCG it 141 cost=2.463061e+05 lam=7.984e-09 tau=0.00e+00 cg_it=3 shift=0 ckpt=4 alpha=0 acc mv=403
PCG_PREP o=141 rebuild=1 drift=0 previous_depth=4
ATTR_RADIUS o=141 raw_norm=126642.55787158466 norm=806.3381474074173 radius=806.3381474074173 next_radius=201.58453685185432 lambda=7.9841927100811487e-09 next_lambda=1.2774708336129838e-07 rho=0.20688552246480607 accept=1
CLASSICAL_LM o=141 lambda=7.9841927100811487e-09 tau=7.9841927100811487e-09 prediction=3.7730556542697609 rho=0.20688552246480607 accept=1
  MFCG it 142 cost=2.463053e+05 lam=1.277e-07 tau=0.00e+00 cg_it=0 shift=0 ckpt=1 alpha=0 acc mv=405
PCG_PREP o=142 rebuild=1 drift=0 previous_depth=1
ATTR_RADIUS o=142 raw_norm=18093.628708625442 norm=201.58453685185432 radius=201.58453685185432 next_radius=403.16907370370865 lambda=1.2774708336129838e-07 next_lambda=3.1936770840324595e-08 rho=0.8541637972297309 accept=1
CLASSICAL_LM o=142 lambda=1.2774708336129838e-07 tau=1.2774708336129838e-07 prediction=1.3605855683711687 rho=0.8541637972297309 accept=1
  MFCG it 143 cost=2.463041e+05 lam=3.194e-08 tau=0.00e+00 cg_it=0 shift=0 ckpt=1 alpha=0 acc mv=407
PCG_PREP o=143 rebuild=1 drift=0 previous_depth=1
ATTR_RADIUS o=143 raw_norm=53024.695971864123 norm=403.16907370370853 radius=403.16907370370865 next_radius=403.16907370370865 lambda=3.1936770840324595e-08 next_lambda=3.1936770840324595e-08 rho=0.36149461942279482 accept=1
CLASSICAL_LM o=143 lambda=3.1936770840324595e-08 tau=3.1936770840324595e-08 prediction=1.2293137724973391 rho=0.36149461942279482 accept=1
  MFCG it 144 cost=2.463037e+05 lam=3.194e-08 tau=0.00e+00 cg_it=0 shift=0 ckpt=1 alpha=0 acc mv=409
PCG_PREP o=144 rebuild=1 drift=0 previous_depth=1
ATTR_RADIUS o=144 raw_norm=52641.525767205123 norm=403.16907370370859 radius=403.16907370370865 next_radius=403.16907370370865 lambda=3.1936770840324595e-08 next_lambda=3.1936770840324595e-08 rho=0.35369077908805124 accept=1
CLASSICAL_LM o=144 lambda=3.1936770840324595e-08 tau=3.1936770840324595e-08 prediction=1.231621382174926 rho=0.35369077908805124 accept=1
  MFCG it 145 cost=2.463032e+05 lam=3.194e-08 tau=0.00e+00 cg_it=0 shift=0 ckpt=1 alpha=0 acc mv=411
PCG_PREP o=145 rebuild=1 drift=0 previous_depth=1
ATTR_RADIUS o=145 raw_norm=52224.957997767917 norm=403.1690737037087 radius=403.16907370370865 next_radius=403.16907370370865 lambda=3.1936770840324595e-08 next_lambda=3.1936770840324595e-08 rho=0.34820136631483972 accept=1
CLASSICAL_LM o=145 lambda=3.1936770840324595e-08 tau=3.1936770840324595e-08 prediction=1.2369087062350044 rho=0.34820136631483972 accept=1
  MFCG it 146 cost=2.463028e+05 lam=3.194e-08 tau=0.00e+00 cg_it=0 shift=0 ckpt=1 alpha=0 acc mv=413
PCG_PREP o=146 rebuild=1 drift=0 previous_depth=1
ATTR_RADIUS o=146 raw_norm=51798.806284542479 norm=403.16907370370865 radius=403.16907370370865 next_radius=403.16907370370865 lambda=3.1936770840324595e-08 next_lambda=3.1936770840324595e-08 rho=0.343697717592236 accept=1
CLASSICAL_LM o=146 lambda=3.1936770840324595e-08 tau=3.1936770840324595e-08 prediction=1.2433232312092211 rho=0.343697717592236 accept=1
  MFCG: converged (OCA_FTOL: 8 outers < 1.0e-05 rel)
  [menu-backtrack] confirming stop with original retry policy at outer 147
  MFCG it 147 cost=2.463024e+05 lam=3.194e-08 tau=0.00e+00 cg_it=0 shift=0 ckpt=1 alpha=0 acc mv=415
PCG_PREP o=147 rebuild=1 drift=0 previous_depth=1
ATTR_RADIUS o=147 raw_norm=51367.478913402345 norm=403.16907370370865 radius=403.16907370370865 next_radius=403.16907370370865 lambda=3.1936770840324595e-08 next_lambda=3.1936770840324595e-08 rho=0.33963110614218817 accept=1
CLASSICAL_LM o=147 lambda=3.1936770840324595e-08 tau=3.1936770840324595e-08 prediction=1.2501794055238036 rho=0.33963110614218817 accept=1
  MFCG it 148 cost=2.463020e+05 lam=3.194e-08 tau=0.00e+00 cg_it=0 shift=0 ckpt=1 alpha=0 acc mv=417
PCG_PREP o=148 rebuild=1 drift=0 previous_depth=1
ATTR_RADIUS o=148 raw_norm=50935.429426460236 norm=403.16907370370865 radius=403.16907370370865 next_radius=403.16907370370865 lambda=3.1936770840324595e-08 next_lambda=3.1936770840324595e-08 rho=0.33595483275170701 accept=1
CLASSICAL_LM o=148 lambda=3.1936770840324595e-08 tau=3.1936770840324595e-08 prediction=1.2574293358251927 rho=0.33595483275170701 accept=1
  MFCG it 149 cost=2.463015e+05 lam=3.194e-08 tau=0.00e+00 cg_it=0 shift=0 ckpt=1 alpha=0 acc mv=419
PCG_PREP o=149 rebuild=1 drift=0 previous_depth=1
ATTR_RADIUS o=149 raw_norm=50504.393502919069 norm=403.16907370370865 radius=403.16907370370865 next_radius=403.16907370370865 lambda=3.1936770840324595e-08 next_lambda=3.1936770840324595e-08 rho=0.33263667529071772 accept=1
CLASSICAL_LM o=149 lambda=3.1936770840324595e-08 tau=3.1936770840324595e-08 prediction=1.2650399760595958 rho=0.33263667529071772 accept=1
  MFCG it 150 cost=2.463011e+05 lam=3.194e-08 tau=0.00e+00 cg_it=0 shift=0 ckpt=1 alpha=0 acc mv=421
PCG_PREP o=150 rebuild=1 drift=0 previous_depth=1
ATTR_RADIUS o=150 raw_norm=50074.480907676341 norm=403.16907370370853 radius=403.16907370370865 next_radius=403.16907370370865 lambda=3.1936770840324595e-08 next_lambda=3.1936770840324595e-08 rho=0.3296800767774859 accept=1
CLASSICAL_LM o=150 lambda=3.1936770840324595e-08 tau=3.1936770840324595e-08 prediction=1.2730211047536784 rho=0.3296800767774859 accept=1
  MFCG it 151 cost=2.463007e+05 lam=3.194e-08 tau=0.00e+00 cg_it=0 shift=0 ckpt=1 alpha=0 acc mv=423
PCG_PREP o=151 rebuild=1 drift=0 previous_depth=1
ATTR_RADIUS o=151 raw_norm=49646.451920590647 norm=403.16907370370859 radius=403.16907370370865 next_radius=403.16907370370865 lambda=3.1936770840324595e-08 next_lambda=3.1936770840324595e-08 rho=0.32708381865987846 accept=1
CLASSICAL_LM o=151 lambda=3.1936770840324595e-08 tau=3.1936770840324595e-08 prediction=1.2813750788980911 rho=0.32708381865987846 accept=1
  MFCG it 152 cost=2.463003e+05 lam=3.194e-08 tau=0.00e+00 cg_it=0 shift=0 ckpt=1 alpha=0 acc mv=425
PCG_PREP o=152 rebuild=1 drift=0 previous_depth=1
ATTR_RADIUS o=152 raw_norm=49220.362140637539 norm=403.16907370370876 radius=403.16907370370865 next_radius=403.16907370370865 lambda=3.1936770840324595e-08 next_lambda=3.1936770840324595e-08 rho=0.32485401960731319 accept=1
CLASSICAL_LM o=152 lambda=3.1936770840324595e-08 tau=3.1936770840324595e-08 prediction=1.2901149049324396 rho=0.32485401960731319 accept=1
  MFCG it 153 cost=2.462999e+05 lam=3.194e-08 tau=0.00e+00 cg_it=0 shift=0 ckpt=1 alpha=0 acc mv=427
PCG_PREP o=153 rebuild=1 drift=0 previous_depth=1
ATTR_RADIUS o=153 raw_norm=48796.466215198685 norm=403.16907370370848 radius=403.16907370370865 next_radius=403.16907370370865 lambda=3.1936770840324595e-08 next_lambda=3.1936770840324595e-08 rho=0.32300061201118341 accept=1
CLASSICAL_LM o=153 lambda=3.1936770840324595e-08 tau=3.1936770840324595e-08 prediction=1.2992590752924382 rho=0.32300061201118341 accept=1
  MFCG it 154 cost=2.462994e+05 lam=3.194e-08 tau=0.00e+00 cg_it=0 shift=0 ckpt=1 alpha=0 acc mv=429
PCG_PREP o=154 rebuild=1 drift=0 previous_depth=1
ATTR_RADIUS o=154 raw_norm=48374.446981070018 norm=403.16907370370859 radius=403.16907370370865 next_radius=403.16907370370865 lambda=3.1936770840324595e-08 next_lambda=3.1936770840324595e-08 rho=0.32154334066492679 accept=1
CLASSICAL_LM o=154 lambda=3.1936770840324595e-08 tau=3.1936770840324595e-08 prediction=1.3088400730159715 rho=0.32154334066492679 accept=1
  MFCG: converged (OCA_FTOL: 8 outers < 1.0e-05 rel)
  MFCG: accepts=155 rejects=2 total_matvecs=431 negcurv=0 cand_evals=157 mean_cg_per_outer=2.8
NUMERIC_REPAIR summary rebuilds=0 floor=9.9999999999999998e-17
  [retry-cache] builds=160 reuses=0
  [menu-backtrack] trials=18 rescues=18 evals=44 total_scored=201
POINT_SAFE summary calls=18 evals=18 wins=2 frozen=6192 seconds=0.043344773
  [scoring] menu_evals=157 alpha_evals=0 backtrack_evals=44 total_scored=201
RESULT algo=mfree_shifted_cg iters=155 final_cost=246299.0240102757 solve_seconds=1.598055
DIAGNOSTICS median_reproj_err_px 3.252455 -> 0.360042 | cheirality_violations(obs) 0 -> 15 | cheirality_violations(pts, of 64053) 0 -> 8
