[R10] --zero_k2: all k2 set to 0 at load
Loaded /workspace/bal/dubrovnik-88.txt: ncam=88 npt=64298 nobs=383937 n=193422
[R10] --dof9: refining f,k1 per camera (88 cameras)
  [menu-backtrack] active=1 max_evals=8 warmup_accepts=3 confirm_stop=original armijo=1e-4
MIXED_STORAGE fragments=fp32 arithmetic=fp64 state=fp64 acceptance=fp64
  [compact-fragments] active=2 saved_bytes=39929448 storage=fp32 camera_reads=contiguous
  MFCG score_init=30562787.847235736 precision=fp64
PHASE_SWEEP o=0 mode=2 valid=1 depth=1 qualified=1 raw=0.79504430482376964 clipped=0.78717257903343529 selected=1 center=0.10000000000000001 tau=0.10000000000000001 worst_res=0.3213986805271557 eta=0.5
ATTR_RADIUS o=0 raw_norm=3532.0891418113101 norm=3413.3260909998571 radius=3413.3260909998553 next_radius=6826.6521819997106 lambda=0.10000000000000001 next_lambda=0.025000000000000001 rho=0.9978638803532478 accept=1
CLASSICAL_LM o=0 lambda=0.10000000000000001 tau=0.10000000000000001 prediction=25991641.354423214 rho=0.9978638803532478 accept=1
  MFCG it   1 cost=4.626668e+06 lam=2.500e-02 tau=0.00e+00 cg_it=0 shift=0 ckpt=1 alpha=0 acc mv=6
PHASE_SWEEP o=1 mode=2 valid=1 depth=8 qualified=1 raw=0.93117833896351998 clipped=0.93117833896351998 selected=1 center=0.025000000000000001 tau=0.025000000000000001 worst_res=0.11701589354651573 eta=0.15315903254996227
ATTR_RADIUS o=1 raw_norm=5095.7645629305016 norm=5095.7645629305025 radius=6826.6521819997106 next_radius=6826.6521819997106 lambda=0.025000000000000001 next_lambda=0.0025000000000000005 rho=0.9957267656167057 accept=1
CLASSICAL_LM o=1 lambda=0.025000000000000001 tau=0.025000000000000001 prediction=3648655.4749696408 rho=0.9957267656167057 accept=1
  MFCG it   2 cost=9.936038e+05 lam=2.500e-03 tau=0.00e+00 cg_it=7 shift=0 ckpt=8 alpha=0 acc mv=19
PHASE_SWEEP o=2 mode=2 valid=1 depth=105 qualified=1 raw=0.97982627156891466 clipped=0.97923823965627099 selected=0 center=0.0025000000000000005 tau=0.0025000000000000005 worst_res=0.025509594096589747 eta=0.028886551615626109
ATTR_RADIUS o=2 raw_norm=7041.7284890226292 norm=6826.6521819997079 radius=6826.6521819997106 next_radius=13653.304363999421 lambda=0.0025000000000000005 next_lambda=0.00062500000000000012 rho=0.99074652895202397 accept=1
CLASSICAL_LM o=2 lambda=0.0025000000000000005 tau=0.0025000000000000005 prediction=439159.27461474598 rho=0.99074652895202397 accept=1
  MFCG it   3 cost=5.585083e+05 lam=6.250e-04 tau=0.00e+00 cg_it=104 shift=0 ckpt=105 alpha=0 acc mv=129
PHASE_SWEEP o=3 mode=2 valid=1 depth=3 qualified=1 raw=0.082535502674001698 clipped=0.082535502674001698 selected=0 center=0.00062500000000000012 tau=0.00062500000000000012 worst_res=0.27060661346891335 eta=0.2981559615528207
ATTR_RADIUS o=3 raw_norm=120.26306389104107 norm=120.26306389104103 radius=13653.304363999421 next_radius=13653.304363999421 lambda=0.00062500000000000012 next_lambda=6.2500000000000015e-05 rho=0.98084906124219606 accept=1
CLASSICAL_LM o=3 lambda=0.00062500000000000012 tau=0.00062500000000000012 prediction=131318.1728023279 rho=0.98084906124219606 accept=1
  MFCG it   4 cost=4.297050e+05 lam=6.250e-05 tau=0.00e+00 cg_it=2 shift=0 ckpt=3 alpha=0 acc mv=137
PHASE_SWEEP o=4 mode=2 valid=1 depth=6 qualified=1 raw=0.075536194520574682 clipped=0.075536194520574682 selected=0 center=6.2500000000000015e-05 tau=6.2500000000000015e-05 worst_res=0.48888484613017397 eta=0.5
ATTR_RADIUS o=4 raw_norm=442.87612274263751 norm=442.87612274263745 radius=13653.304363999421 next_radius=13653.304363999421 lambda=6.2500000000000015e-05 next_lambda=6.250000000000002e-06 rho=0.97478677814442416 accept=1
CLASSICAL_LM o=4 lambda=6.2500000000000015e-05 tau=6.2500000000000015e-05 prediction=54770.793673428052 rho=0.97478677814442416 accept=1
  MFCG it   5 cost=3.763152e+05 lam=6.250e-06 tau=0.00e+00 cg_it=5 shift=0 ckpt=6 alpha=0 acc mv=148
PHASE_SWEEP o=5 mode=2 valid=1 depth=9 qualified=1 raw=0.020504572570046811 clipped=0.020504572570046811 selected=-1 center=6.250000000000002e-06 tau=6.250000000000002e-06 worst_res=0.43547034017733194 eta=0.45941242183729403
POINT_SAFE o=5 frozen=3 slope=-15719.332192655205 candidate=368336.41658092721 original=370361.06893838366 current=376315.15461964975 won=1 mode=1 camera_scale=1 keep_scale=0
ATTR_RADIUS o=5 raw_norm=[R9] wrote /tmp/prism-ba-coarse/research/eta2_phase_hybrid/evidence/small/dubrovnik-88-shared_menu-0/curve.csv
493.77679233329042 norm=493.87850559851904 radius=13653.304363999421 next_radius=13653.304363999421 lambda=6.250000000000002e-06 next_lambda=6.2500000000000026e-07 rho=0.97925352403179267 accept=1
CLASSICAL_LM o=5 lambda=6.250000000000002e-06 tau=6.250000000000002e-06 prediction=8147.7756708726456 rho=0.97925352403179267 accept=1
  MFCG it   6 cost=3.683364e+05 lam=6.250e-07 tau=0.00e+00 cg_it=8 shift=0 ckpt=9 alpha=0 acc mv=162
PHASE_SWEEP o=6 mode=2 valid=1 depth=86 qualified=1 raw=0.11956102016102001 clipped=0.11956102016102001 selected=-1 center=6.2500000000000026e-07 tau=6.2500000000000026e-07 worst_res=0.33736052216994727 eta=0.34433451426578326
POINT_SAFE o=6 frozen=6 slope=-14402.494591576718 candidate=368839.57836033625 original=364701.35506313603 current=368336.41658092721 won=0 mode=1 camera_scale=1 keep_scale=0
ATTR_RADIUS o=6 raw_norm=4815.9829832349897 norm=2130.4565911386467 radius=13653.304363999421 next_radius=13653.304363999421 lambda=6.2500000000000026e-07 next_lambda=6.2500000000000024e-08 rho=0.64293750799766003 accept=1
CLASSICAL_LM o=6 lambda=6.2500000000000026e-07 tau=6.2500000000000026e-07 prediction=5653.833339280638 rho=0.64293750799766003 accept=1
  MFCG it   7 cost=3.647014e+05 lam=6.250e-08 tau=0.00e+00 cg_it=85 shift=0 ckpt=86 alpha=0 acc mv=253
PHASE_SWEEP o=7 mode=2 valid=1 depth=37 qualified=1 raw=0.0036663445062359141 clipped=0.0036663445062359141 selected=4 center=6.2500000000000024e-08 tau=6.2500000000000024e-08 worst_res=0.44676366855281602 eta=0.5
ATTR_RADIUS o=7 raw_norm=1274.4238174580373 norm=1274.4238174580366 radius=13653.304363999421 next_radius=13653.304363999421 lambda=6.2500000000000024e-08 next_lambda=6.250000000000003e-09 rho=0.86727462755182838 accept=1
CLASSICAL_LM o=7 lambda=6.2500000000000024e-08 tau=6.2500000000000024e-08 prediction=3755.5269578259345 rho=0.86727462755182838 accept=1
PHASE_HANDOVER outer=8 reason=opening_cap flat_streak=0 accepted=8
TARGET reached outer=8 seconds=0.362433065 cost=361444.28181952669 threshold=362535.16569039237
  MFCG: accepts=8 rejects=0 total_matvecs=295 negcurv=0 cand_evals=40 mean_cg_per_outer=36.9
PHASE_SUMMARY mode=2 sweeps=8 failures=0 products=295 seconds=0.28719356 open=0
NUMERIC_REPAIR summary rebuilds=0 floor=9.9999999999999998e-17
  [retry-cache] builds=8 reuses=0
  [menu-backtrack] trials=2 rescues=2 evals=4 total_scored=44
POINT_SAFE summary calls=2 evals=2 wins=1 frozen=9 seconds=0.004906723
  [scoring] menu_evals=40 alpha_evals=0 backtrack_evals=4 total_scored=44
RESULT algo=mfree_shifted_cg iters=8 final_cost=361444.2818195267 solve_seconds=0.365426
DIAGNOSTICS median_reproj_err_px 4.948600 -> 0.656842 | cheirality_violations(obs) 0 -> 13 | cheirality_violations(pts, of 64298) 0 -> 1
