========= COMPUTE-SANITIZER
[R10] --zero_k2: all k2 set to 0 at load
Loaded /workspace/bal/ladybug-49.txt: ncam=49 npt=7776 nobs=31843 n=23622
[R10] --dof9: refining f,k1 per camera (49 cameras)
  [menu-backtrack] active=1 max_evals=8 warmup_accepts=3 confirm_stop=original armijo=1e-4
MIXED_STORAGE fragments=fp32 arithmetic=fp64 state=fp64 acceptance=fp64
  [compact-fragments] active=2 saved_bytes=3311672 storage=fp32 camera_reads=contiguous
  MFCG score_init=850912.4606413024 precision=fp64
PCG_GRAM enabled=1 fresh_schur_blocks=1
PCG_PREP o=0 rebuild=1 drift=0 previous_depth=0
ATTR_RADIUS o=0 raw_norm=345.61637937965179 norm=345.61637937965179 radius=345.61637937965179 next_radius=691.23275875930358 lambda=0.10000000000000001 next_lambda=0.025000000000000001 rho=0.99742724335452493 accept=1
CLASSICAL_LM o=0 lambda=0.10000000000000001 tau=0.10000000000000001 prediction=812610.69704343088 rho=0.99742724335452493 accept=1
  MFCG it   1 cost=4.039241e+04 lam=2.500e-02 tau=0.00e+00 cg_it=0 shift=0 ckpt=1 alpha=0 acc mv=2
PCG_PREP o=1 rebuild=1 drift=0 previous_depth=1
ATTR_RADIUS o=1 raw_norm=317.46524319020079 norm=317.46524319020079 radius=691.23275875930358 next_radius=691.23275875930358 lambda=0.025000000000000001 next_lambda=0.0025000000000000005 rho=0.99976521312814337 accept=1
CLASSICAL_LM o=1 lambda=0.025000000000000001 tau=0.025000000000000001 prediction=14257.970176337818 rho=0.99976521312814337 accept=1
  MFCG it   2 cost=2.613779e+04 lam=2.500e-03 tau=0.00e+00 cg_it=2 shift=0 ckpt=3 alpha=0 acc mv=6
PCG_PREP o=2 rebuild=1 drift=0 previous_depth=3
ATTR_RADIUS o=2 raw_norm=572.29175898137532 norm=572.29175898137532 radius=691.23275875930358 next_radius=1382.4655175186072 lambda=0.0025000000000000005 next_lambda=0.00062500000000000012 rho=0.99568112555248789 accept=1
CLASSICAL_LM o=2 lambda=0.0025000000000000005 tau=0.0025000000000000005 prediction=7170.6485425839746 rho=0.99568112555248789 accept=1
  MFCG it   3 cost=1.899811e+04 lam=6.250e-04 tau=0.00e+00 cg_it=11 shift=0 ckpt=12 alpha=0 acc mv=19
PCG_PREP o=3 rebuild=1 drift=0 previous_depth=12
ATTR_RADIUS o=3 raw_norm=189.01920639070801 norm=189.01920639070801 radius=1382.4655175186072 next_radius=1382.4655175186072 lambda=0.00062500000000000012 next_lambda=6.2500000000000015e-05 rho=1.0009208110484393 accept=1
CLASSICAL_LM o=3 lambda=0.00062500000000000012 tau=0.00062500000000000012 prediction=2903.2246616736506 rho=1.0009208110484393 accept=1
  MFCG it   4 cost=1.609221e+04 lam=6.250e-05 tau=0.00e+00 cg_it=0 shift=0 ckpt=1 alpha=0 acc mv=21
  MFCG: accepts=4 rejects=0 total_matvecs=21 negcurv=0 cand_evals=4 mean_cg_per_outer=5.2
NUMERIC_REPAIR summary rebuilds=0 floor=9.9999999999999998e-17
  [retry-cache] builds=4 reuses=0
  [menu-backtrack] trials=0 rescues=0 evals=0 total_scored=4
POINT_SAFE summary calls=0 evals=0 wins=0 frozen=0 seconds=0
  [scoring] menu_evals=4 alpha_evals=0 backtrack_evals=0 total_scored=4
RESULT algo=mfree_shifted_cg iters=4 final_cost=16092.2131819134 solve_seconds=0.137074
DIAGNOSTICS median_reproj_err_px 1.479478 -> 0.406999 | cheirality_violations(obs) 31 -> 31 | cheirality_violations(pts, of 7776) 10 -> 10
========= ERROR SUMMARY: 0 errors
