  [menu-backtrack] active=1 max_evals=8 warmup_accepts=3 confirm_stop=original armijo=1e-4
MIXED_STORAGE fragments=fp32 arithmetic=fp64 state=fp64 acceptance=fp64
  [compact-fragments] active=2 saved_bytes=36105992 storage=fp32 camera_reads=contiguous
  MFCG score_init=11152062.77276247 precision=fp64
PCG_PREP o=0 rebuild=1 drift=0 previous_depth=0
ATTR_RADIUS o=0 raw_norm=3225.3525896296715 norm=3225.3525896296715 radius=3225.3525896296715 next_radius=6450.7051792593429 lambda=0.10000000000000001 next_lambda=0.025000000000000001 rho=0.99997438839510622 accept=1
CLASSICAL_LM o=0 lambda=0.10000000000000001 tau=0.10000000000000001 prediction=8877594.9877400473 rho=0.99997438839510622 accept=1
  MFCG it   1 cost=2.274695e+06 lam=2.500e-02 tau=0.00e+00 cg_it=0 shift=0 ckpt=1 alpha=0 acc mv=2
PCG_PREP o=1 rebuild=1 drift=0 previous_depth=1
ATTR_RADIUS o=1 raw_norm=2725.1440498078528 norm=2725.1440498078528 radius=6450.7051792593429 next_radius=6450.7051792593429 lambda=0.025000000000000001 next_lambda=0.0025000000000000005 rho=0.9970184556905507 accept=1
CLASSICAL_LM o=1 lambda=0.025000000000000001 tau=0.025000000000000001 prediction=770789.73816058144 rho=0.9970184556905507 accept=1
  MFCG it   2 cost=1.506204e+06 lam=2.500e-03 tau=0.00e+00 cg_it=4 shift=0 ckpt=5 alpha=0 acc mv=8
PCG_PREP o=2 rebuild=1 drift=0 previous_depth=5
ATTR_RADIUS o=2 raw_norm=9578.8535291652552 norm=6450.7051792593438 radius=6450.7051792593429 next_radius=12901.410358518686 lambda=0.0025000000000000005 next_lambda=0.00062500000000000012 rho=0.99788045990932894 accept=1
CLASSICAL_LM o=2 lambda=0.0025000000000000005 tau=0.0025000000000000005 prediction=379875.54087330349 rho=0.99788045990932894 accept=1
  MFCG it   3 cost=1.127133e+06 lam=6.250e-04 tau=0.00e+00 cg_it=6 shift=0 ckpt=7 alpha=0 acc mv=16
PCG_PREP o=3 rebuild=1 drift=0 previous_depth=7
ATTR_RADIUS o=3 raw_norm=20859.307736753952 norm=12901.410358518686 radius=12901.410358518686 next_radius=25802.820717037372 lambda=0.00062500000000000012 next_lambda=0.00015625000000000003 rho=1.0093969216306218 accept=1
CLASSICAL_LM o=3 lambda=0.00062500000000000012 tau=0.00062500000000000012 prediction=304236.92171973875 rho=1.0093969216306218 accept=1
  MFCG it   4 cost=8.200374e+05 lam=1.563e-04 tau=0.00e+00 cg_it=5 shift=0 ckpt=6 alpha=0 acc mv=23
PCG_PREP o=4 rebuild=1 drift=0 previous_depth=6
ATTR_RADIUS o=4 raw_norm=36747.14469781451 norm=25802.820717037375 radius=25802.820717037372 next_radius=51605.641434074743 lambda=0.00015625000000000003 next_lambda=3.9062500000000008e-05 rho=0.98437153824879753 accept=1
CLASSICAL_LM o=4 lambda=0.00015625000000000003 tau=0.00015625000000000003 prediction=327617.41562934208 rho=0.98437153824879753 accept=1
  MFCG it   5 cost=4.975401e+05 lam=3.906e-05 tau=0.00e+00 cg_it=8 shift=0 ckpt=9 alpha=0 acc mv=33
PCG_PREP o=5 rebuild=1 drift=0 previous_depth=9
POINT_SAFE o=5 frozen=1464 slope=-317535.16442545346 candidate=381890.57165075641 original=373473.48944232054 current=497540.10902928055 won=0 mode=1 camera_scale=1 keep_scale=0
ATTR_RADIUS o=5 raw_norm=37463.339907844565 norm=18731.669953922283 radius=51605.641434074743 next_radius=51605.641434074743 lambda=3.9062500000000008e-05 next_lambda=3.9062500000000009e-06 rho=0.96839028987442755 accept=1
CLASSICAL_LM o=5 lambda=3.9062500000000008e-05 tau=3.9062500000000008e-05 prediction=128116.33995529621 rho=0.96839028987442755 accept=1
  MFCG it   6 cost=3.734735e+05 lam=3.906e-06 tau=0.00e+00 cg_it=6 shift=0 ckpt=7 alpha=0 acc mv=41
PCG_PREP o=6 rebuild=1 drift=0 previous_depth=7
POINT_SAFE o=6 frozen=670 slope=-179589.07908532931 candidate=403764.26403251704 original=368581.36671226297 current=373473.48944232054 won=0 mode=1 camera_scale=1 keep_scale=0
ATTR_RADIUS o=6 raw_norm=50229.773613429643 norm=50229.77361342965 radius=51605.641434074743 next_radius=12901.410358518686 lambda=3.9062500000000009e-06 next_lambda=6.2500000000000015e-05 rho=0.067438160887483736 accept=0
CLASSICAL_LM o=6 lambda=3.9062500000000009e-06 tau=3.9062500000000009e-06 prediction=72542.350883793595 rho=0.067438160887483736 accept=0
  MFCG it   7  retry 1/8  lam=6.250e-05 tau_eff=3.906e-06  (assembly reused)
PCG_PREP o=6 rebuild=1 drift=0 previous_depth=6
ATTR_RADIUS o=6 raw_norm=19848.981258653639 norm=12901.410358518686 radius=12901.410358518686 next_radius=25802.820717037372 lambda=6.2500000000000015e-05 next_lambda=1.5625000000000004e-05 rho=0.88264653976434981 accept=1
CLASSICAL_LM o=6 lambda=6.2500000000000015e-05 tau=6.2500000000000015e-05 prediction=68725.645261554761 rho=0.88264653976434981 accept=1
  MFCG it   7 cost=3.128130e+05 lam=1.563e-05 tau=0.00e+00 cg_it=5 shift=0 ckpt=6 alpha=0 acc mv=55
PCG_PREP o=7 rebuild=1 drift=0 previous_depth=6
POINT_SAFE o=7 frozen=179 slope=-71080.720396683115 candidate=285659.12211677269 original=290316.65922967845 current=312813.03645913705 won=1 mode=1 camera_scale=1 keep_scale=0
ATTR_RADIUS o=7 raw_norm=22599.901514290344 norm=22599.901514290344 radius=25802.820717037372 next_radius=25802.820717037372 lambda=1.5625000000000004e-05 next_lambda=1.5625000000000004e-05 rho=0.69104514830548436 accept=1
CLASSICAL_LM o=7 lambda=1.5625000000000004e-05 tau=1.5625000000000004e-05 prediction=39293.980153031414 rho=0.69104514830548436 accept=1
  MFCG it   8 cost=2.856591e+05 lam=1.563e-05 tau=0.00e+00 cg_it=5 shift=0 ckpt=6 alpha=0 acc mv=62
PCG_PREP o=8 rebuild=1 drift=0 previous_depth=6
POINT_SAFE o=8 frozen=172 slope=-35253.075195746525 candidate=271070.74010699074 original=280479.49400421046 current=285659.12211677269 won=1 mode=1 camera_scale=1 keep_scale=0
ATTR_RADIUS o=8 raw_norm=7069.900805528453 norm=7069.900805528453 radius=25802.820717037372 next_radius=25802.820717037372 lambda=1.5625000000000004e-05 next_lambda=1.5625000000000005e-06 rho=0.81451490304587215 accept=1
CLASSICAL_LM o=8 lambda=1.5625000000000004e-05 tau=1.5625000000000004e-05 prediction=17910.515762484902 rho=0.81451490304587215 accept=1
  MFCG it   9 cost=2.710707e+05 lam=1.563e-06 tau=0.00e+00 cg_it=0 shift=0 ckpt=1 alpha=0 acc mv=64
PCG_PREP o=9 rebuild=1 drift=0 previous_depth=1
POINT_SAFE o=9 frozen=444 slope=-15079.129528938225 candidate=301858.83279179339 original=265559.86427290534 current=271070.74010699074 won=0 mode=1 camera_scale=1 keep_scale=0
ATTR_RADIUS o=9 raw_norm=35180.46144831815 norm=3225.3525896296728 radius=25802.820717037372 next_radius=25802.820717037372 lambda=1.5625000000000005e-06 next_lambda=1.5625000000000007e-07 rho=1.5016428820090455 accept=1
CLASSICAL_LM o=9 lambda=1.5625000000000005e-06 tau=1.5625000000000005e-06 prediction=3669.8977500645192 rho=1.5016428820090455 accept=1
  MFCG it  10 cost=2.655599e+05 lam=1.563e-07 tau=0.00e+00 cg_it=1 shift=0 ckpt=2 alpha=0 acc mv=67
PCG_PREP o=10 rebuild=1 drift=0 previous_depth=2
POINT_SAFE o=10 frozen=296 slope=-17400.168269894748 candidate=291982.37241029384 original=262360.06345948036 current=265559.86427290534 won=0 mode=1 camera_scale=1 keep_scale=0
ATTR_RADIUS o=10 raw_norm=43906.282715090987 norm=6450.7051792593429 radius=25802.820717037372 next_radius=25802.820717037372 lambda=1.5625000000000007e-07 next_lambda=1.5625000000000006e-08 rho=0.62242952885456282 accept=1
CLASSICAL_LM o=10 lambda=1.5625000000000007e-07 tau=1.5625000000000007e-07 prediction=5140.8242461013606 rho=0.62242952885456282 accept=1
  MFCG it  11 cost=2.623601e+05 lam=1.563e-08 tau=0.00e+00 cg_it=1 shift=0 ckpt=2 alpha=0 acc mv=70
PCG_PREP o=11 rebuild=1 drift=0 previous_depth=2
POINT_SAFE o=11 frozen=497 slope=-19031.820755720953 candidate=262959.38724661706 original=258725.37074812988 current=262360.06345948036 won=0 mode=1 camera_scale=1 keep_scale=0
ATTR_RADIUS o=11 raw_norm=15181.974138730937 norm=7590.9870693654684 radius=25802.820717037372 next_radius=25802.820717037372 lambda=1.5625000000000006e-08 next_lambda=1.5625000000000008e-09 rho=0.5018701313086168 accept=1
CLASSICAL_LM o=11 lambda=1.5625000000000006e-08 tau=1.5625000000000006e-08 prediction=7242.2973287393834 rho=0.5018701313086168 accept=1
  MFCG it  12 cost=2.587254e+05 lam=1.563e-09 tau=0.00e+00 cg_it=0 shift=0 ckpt=1 alpha=0 acc mv=72
PCG_PREP o=12 rebuild=1 drift=0 previous_depth=1
POINT_SAFE o=12 frozen=126 slope=-14015.889319551316 candidate=262001.58763644457 original=257432.83517936632 current=258725.37074812988 won=0 mode=1 camera_scale=1 keep_scale=0
ATTR_RADIUS o=12 raw_norm=15537.933516732483 norm=7768.9667583662413 radius=25802.820717037372 next_radius=6450.7051792593429 lambda=1.5625000000000008e-09 next_lambda=2.5000000000000012e-08 rho=0.23586391121963499 accept=1
CLASSICAL_LM o=12 lambda=1.5625000000000008e-09 tau=1.5625000000000008e-09 prediction=5480.0056612304679 rho=0.23586391121963499 accept=1
  MFCG it  13 cost=2.574328e+05 lam=2.500e-08 tau=0.00e+00 cg_it=0 shift=0 ckpt=1 alpha=0 acc mv=74
PCG_PREP o=13 rebuild=1 drift=0 previous_depth=1
ATTR_RADIUS o=13 raw_norm=15524.028094082427 norm=6450.705179259342 radius=6450.7051792593429 next_radius=6450.7051792593429 lambda=2.5000000000000012e-08 next_lambda=2.5000000000000012e-08 rho=0.47333775530570821 accept=1
CLASSICAL_LM o=13 lambda=2.5000000000000012e-08 tau=2.5000000000000012e-08 prediction=4870.8911107169752 rho=0.47333775530570821 accept=1
  MFCG it  14 cost=2.551273e+05 lam=2.500e-08 tau=0.00e+00 cg_it=0 shift=0 ckpt=1 alpha=0 acc mv=76
PCG_PREP o=14 rebuild=1 drift=0 previous_depth=1
ATTR_RADIUS o=14 raw_norm=16033.337057549308 norm=6450.7051792593438 radius=6450.7051792593429 next_radius=6450.7051792593429 lambda=2.5000000000000012e-08 next_lambda=2.5000000000000012e-08 rho=0.38325041447625557 accept=1
CLASSICAL_LM o=14 lambda=2.5000000000000012e-08 tau=2.5000000000000012e-08 prediction=3167.4983119933727 rho=0.38325041447625557 accept=1
  MFCG it  15 cost=2.539133e+05 lam=2.500e-08 tau=0.00e+00 cg_it=0 shift=0 ckpt=1 alpha=0 acc mv=78
PCG_PREP o=15 rebuild=1 drift=0 previous_depth=1
ATTR_RADIUS o=15 raw_norm=16481.023944326884 norm=6450.7051792593447 radius=6450.7051792593429 next_radius=6450.7051792593429 lambda=2.5000000000000012e-08 next_lambda=2.5000000000000012e-08 rho=0.28630501587249874 accept=1
CLASSICAL_LM o=15 lambda=2.5000000000000012e-08 tau=2.5000000000000012e-08 prediction=2476.6050980965342 rho=0.28630501587249874 accept=1
  MFCG it  16 cost=2.532042e+05 lam=2.500e-08 tau=0.00e+00 cg_it=0 shift=0 ckpt=1 alpha=0 acc mv=80
PCG_PREP o=16 rebuild=1 drift=0 previous_depth=1
ATTR_RADIUS o=16 raw_norm=16889.031301841456 norm=6450.7051792593466 radius=6450.7051792593429 next_radius=1612.6762948148357 lambda=2.5000000000000012e-08 next_lambda=4.0000000000000019e-07 rho=0.18902197926833619 accept=1
CLASSICAL_LM o=16 lambda=2.5000000000000012e-08 tau=2.5000000000000012e-08 prediction=2160.0504419426848 rho=0.18902197926833619 accept=1
  MFCG it  17 cost=2.527960e+05 lam=4.000e-07 tau=0.00e+00 cg_it=0 shift=0 ckpt=1 alpha=0 acc mv=82
PCG_PREP o=17 rebuild=1 drift=0 previous_depth=1
ATTR_RADIUS o=17 raw_norm=14617.473604675817 norm=1612.6762948148362 radius=1612.6762948148357 next_radius=3225.3525896296715 lambda=4.0000000000000019e-07 next_lambda=1.0000000000000005e-07 rho=0.79754913316105824 accept=1
CLASSICAL_LM o=17 lambda=4.0000000000000019e-07 tau=4.0000000000000019e-07 prediction=764.24531497476687 rho=0.79754913316105824 accept=1
  MFCG it  18 cost=2.521864e+05 lam=1.000e-07 tau=0.00e+00 cg_it=0 shift=0 ckpt=1 alpha=0 acc mv=84
PCG_PREP o=18 rebuild=1 drift=0 previous_depth=1
ATTR_RADIUS o=18 raw_norm=16964.771699468296 norm=3225.3525896296705 radius=3225.3525896296715 next_radius=3225.3525896296715 lambda=1.0000000000000005e-07 next_lambda=1.0000000000000005e-07 rho=0.4940072779521838 accept=1
CLASSICAL_LM o=18 lambda=1.0000000000000005e-07 tau=1.0000000000000005e-07 prediction=941.95380061476192 rho=0.4940072779521838 accept=1
  MFCG it  19 cost=2.517211e+05 lam=1.000e-07 tau=0.00e+00 cg_it=0 shift=0 ckpt=1 alpha=0 acc mv=86
PCG_PREP o=19 rebuild=1 drift=0 previous_depth=1
ATTR_RADIUS o=19 raw_norm=17469.395758224015 norm=3225.3525896296705 radius=3225.3525896296715 next_radius=3225.3525896296715 lambda=1.0000000000000005e-07 next_lambda=1.0000000000000005e-07 rho=0.46605459840469182 accept=1
CLASSICAL_LM o=19 lambda=1.0000000000000005e-07 tau=1.0000000000000005e-07 prediction=812.56700170161764 rho=0.46605459840469182 accept=1
  MFCG it  20 cost=2.513424e+05 lam=1.000e-07 tau=0.00e+00 cg_it=0 shift=0 ckpt=1 alpha=0 acc mv=88
PCG_PREP o=20 rebuild=1 drift=0 previous_depth=1
ATTR_RADIUS o=20 raw_norm=17896.408258960499 norm=3225.352589629671 radius=3225.3525896296715 next_radius=3225.3525896296715 lambda=1.0000000000000005e-07 next_lambda=1.0000000000000005e-07 rho=0.43515925577687736 accept=1
CLASSICAL_LM o=20 lambda=1.0000000000000005e-07 tau=1.0000000000000005e-07 prediction=711.49334238236736 rho=0.43515925577687736 accept=1
  MFCG it  21 cost=2.510328e+05 lam=1.000e-07 tau=0.00e+00 cg_it=0 shift=0 ckpt=1 alpha=0 acc mv=90
PCG_PREP o=21 rebuild=1 drift=0 previous_depth=1
ATTR_RADIUS o=21 raw_norm=18274.969682909137 norm=3225.3525896296705 radius=3225.3525896296715 next_radius=3225.3525896296715 lambda=1.0000000000000005e-07 next_lambda=1.0000000000000005e-07 rho=0.40550896359339805 accept=1
CLASSICAL_LM o=21 lambda=1.0000000000000005e-07 tau=1.0000000000000005e-07 prediction=634.79970538029158 rho=0.40550896359339805 accept=1
  MFCG it  22 cost=2.507754e+05 lam=1.000e-07 tau=0.00e+00 cg_it=0 shift=0 ckpt=1 alpha=0 acc mv=92
PCG_PREP o=22 rebuild=1 drift=0 previous_depth=1
ATTR_RADIUS o=22 raw_norm=18608.404006314693 norm=3225.3525896296719 radius=3225.3525896296715 next_radius=3225.3525896296715 lambda=1.0000000000000005e-07 next_lambda=1.0000000000000005e-07 rho=0.37709050435387359 accept=1
CLASSICAL_LM o=22 lambda=1.0000000000000005e-07 tau=1.0000000000000005e-07 prediction=575.78388422907472 rho=0.37709050435387359 accept=1
  MFCG it  23 cost=2.505582e+05 lam=1.000e-07 tau=0.00e+00 cg_it=0 shift=0 ckpt=1 alpha=0 acc mv=94
PCG_PREP o=23 rebuild=1 drift=0 previous_depth=1
ATTR_RADIUS o=23 raw_norm=18900.246961980392 norm=3225.3525896296719 radius=3225.3525896296715 next_radius=3225.3525896296715 lambda=1.0000000000000005e-07 next_lambda=1.0000000000000005e-07 rho=0.34998421582985328 accept=1
CLASSICAL_LM o=23 lambda=1.0000000000000005e-07 tau=1.0000000000000005e-07 prediction=529.84809091935267 rho=0.34998421582985328 accept=1
  MFCG it  24 cost=2.503728e+05 lam=1.000e-07 tau=0.00e+00 cg_it=0 shift=0 ckpt=1 alpha=0 acc mv=96
PCG_PREP o=24 rebuild=1 drift=0 previous_depth=1
ATTR_RADIUS o=24 raw_norm=19155.730323445394 norm=3225.3525896296701 radius=3225.3525896296715 next_radius=3225.3525896296715 lambda=1.0000000000000005e-07 next_lambda=1.0000000000000005e-07 rho=0.32429768678860876 accept=1
CLASSICAL_LM o=24 lambda=1.0000000000000005e-07 tau=1.0000000000000005e-07 prediction=493.80102759049623 rho=0.32429768678860876 accept=1
  MFCG it  25 cost=2.502127e+05 lam=1.000e-07 tau=0.00e+00 cg_it=0 shift=0 ckpt=1 alpha=0 acc mv=98
PCG_PREP o=25 rebuild=1 drift=0 previous_depth=1
ATTR_RADIUS o=25 raw_norm=19378.829661047068 norm=3225.3525896296719 radius=3225.3525896296715 next_radius=3225.3525896296715 lambda=1.0000000000000005e-07 next_lambda=1.0000000000000005e-07 rho=0.30016915069650479 accept=1
CLASSICAL_LM o=25 lambda=1.0000000000000005e-07 tau=1.0000000000000005e-07 prediction=465.37737837673984 rho=0.30016915069650479 accept=1
  MFCG it  26 cost=2.500730e+05 lam=1.000e-07 tau=0.00e+00 cg_it=0 shift=0 ckpt=1 alpha=0 acc mv=100
PCG_PREP o=26 rebuild=1 drift=0 previous_depth=1
ATTR_RADIUS o=26 raw_norm=19565.392483496315 norm=3225.3525896296719 radius=3225.3525896296715 next_radius=3225.3525896296715 lambda=1.0000000000000005e-07 next_lambda=1.0000000000000005e-07 rho=0.27774292796788524 accept=1
CLASSICAL_LM o=26 lambda=1.0000000000000005e-07 tau=1.0000000000000005e-07 prediction=442.93682034307426 rho=0.27774292796788524 accept=1
  MFCG it  27 cost=2.499500e+05 lam=1.000e-07 tau=0.00e+00 cg_it=0 shift=0 ckpt=1 alpha=0 acc mv=102
PCG_PREP o=27 rebuild=1 drift=0 previous_depth=1
ATTR_RADIUS o=27 raw_norm=19693.814873632935 norm=3225.352589629671 radius=3225.3525896296715 next_radius=3225.3525896296715 lambda=1.0000000000000005e-07 next_lambda=1.0000000000000005e-07 rho=0.25688352078740234 accept=1
CLASSICAL_LM o=27 lambda=1.0000000000000005e-07 tau=1.0000000000000005e-07 prediction=425.08293928398558 rho=0.25688352078740234 accept=1
  MFCG it  28 cost=2.498408e+05 lam=1.000e-07 tau=0.00e+00 cg_it=0 shift=0 ckpt=1 alpha=0 acc mv=104
PCG_PREP o=28 rebuild=1 drift=0 previous_depth=1
ATTR_RADIUS o=28 raw_norm=19802.617196417097 norm=3225.352589629671 radius=3225.3525896296715 next_radius=806.33814740741786 lambda=1.0000000000000005e-07 next_lambda=1.6000000000000008e-06 rho=0.23753629765998133 accept=1
CLASSICAL_LM o=28 lambda=1.0000000000000005e-07 tau=1.0000000000000005e-07 prediction=410.84666806260896 rho=0.23753629765998133 accept=1
  MFCG it  29 cost=2.497432e+05 lam=1.600e-06 tau=0.00e+00 cg_it=0 shift=0 ckpt=1 alpha=0 acc mv=106
PCG_PREP o=29 rebuild=1 drift=0 previous_depth=1
ATTR_RADIUS o=29 raw_norm=4420.1709082650304 norm=806.33814740741775 radius=806.33814740741786 next_radius=1612.6762948148357 lambda=1.6000000000000008e-06 next_lambda=4.0000000000000019e-07 rho=0.92638594247632677 accept=1
CLASSICAL_LM o=29 lambda=1.6000000000000008e-06 tau=1.6000000000000008e-06 prediction=415.01531926320718 rho=0.92638594247632677 accept=1
  MFCG it  30 cost=2.493587e+05 lam=4.000e-07 tau=0.00e+00 cg_it=0 shift=0 ckpt=1 alpha=0 acc mv=108
PCG_PREP o=30 rebuild=1 drift=0 previous_depth=1
ATTR_RADIUS o=30 raw_norm=12507.840121111953 norm=1612.6762948148362 radius=1612.6762948148357 next_radius=1612.6762948148357 lambda=4.0000000000000019e-07 next_lambda=4.0000000000000019e-07 rho=0.69548299389165369 accept=1
CLASSICAL_LM o=30 lambda=4.0000000000000019e-07 tau=4.0000000000000019e-07 prediction=231.73726385454555 rho=0.69548299389165369 accept=1
  MFCG it  31 cost=2.491975e+05 lam=4.000e-07 tau=0.00e+00 cg_it=0 shift=0 ckpt=1 alpha=0 acc mv=110
PCG_PREP o=31 rebuild=1 drift=0 previous_depth=1
ATTR_RADIUS o=31 raw_norm=12683.051788249659 norm=1612.6762948148355 radius=1612.6762948148357 next_radius=1612.6762948148357 lambda=4.0000000000000019e-07 next_lambda=4.0000000000000019e-07 rho=0.68823942669447136 accept=1
CLASSICAL_LM o=31 lambda=4.0000000000000019e-07 tau=4.0000000000000019e-07 prediction=203.34525263572226 rho=0.68823942669447136 accept=1
  MFCG it  32 cost=2.490576e+05 lam=4.000e-07 tau=0.00e+00 cg_it=0 shift=0 ckpt=1 alpha=0 acc mv=112
PCG_PREP o=32 rebuild=1 drift=0 previous_depth=1
ATTR_RADIUS o=32 raw_norm=12867.286015521353 norm=1612.6762948148362 radius=1612.6762948148357 next_radius=1612.6762948148357 lambda=4.0000000000000019e-07 next_lambda=4.0000000000000019e-07 rho=0.68142727221966737 accept=1
CLASSICAL_LM o=32 lambda=4.0000000000000019e-07 tau=4.0000000000000019e-07 prediction=179.6800890035928 rho=0.68142727221966737 accept=1
  MFCG it  33 cost=2.489351e+05 lam=4.000e-07 tau=0.00e+00 cg_it=0 shift=0 ckpt=1 alpha=0 acc mv=114
PCG_PREP o=33 rebuild=1 drift=0 previous_depth=1
ATTR_RADIUS o=33 raw_norm=13049.847826904463 norm=1612.6762948148362 radius=1612.6762948148357 next_radius=1612.6762948148357 lambda=4.0000000000000019e-07 next_lambda=4.0000000000000019e-07 rho=0.67574886606563833 accept=1
CLASSICAL_LM o=33 lambda=4.0000000000000019e-07 tau=4.0000000000000019e-07 prediction=160.29208119737675 rho=0.67574886606563833 accept=1
  MFCG it  34 cost=2.488268e+05 lam=4.000e-07 tau=0.00e+00 cg_it=0 shift=0 ckpt=1 alpha=0 acc mv=116
PCG_PREP o=34 rebuild=1 drift=0 previous_depth=1
ATTR_RADIUS o=34 raw_norm=13225.136161023 norm=1612.676294814835 radius=1612.6762948148357 next_radius=1612.6762948148357 lambda=4.0000000000000019e-07 next_lambda=4.0000000000000019e-07 rho=0.67111755134873474 accept=1
CLASSICAL_LM o=34 lambda=4.0000000000000019e-07 tau=4.0000000000000019e-07 prediction=144.29018889362203 rho=0.67111755134873474 accept=1
  MFCG it  35 cost=2.487300e+05 lam=4.000e-07 tau=0.00e+00 cg_it=0 shift=0 ckpt=1 alpha=0 acc mv=118
PCG_PREP o=35 rebuild=1 drift=0 previous_depth=1
ATTR_RADIUS o=35 raw_norm=13387.386553528966 norm=1612.6762948148357 radius=1612.6762948148357 next_radius=1612.6762948148357 lambda=4.0000000000000019e-07 next_lambda=4.0000000000000019e-07 rho=0.6674054326456984 accept=1
CLASSICAL_LM o=35 lambda=4.0000000000000019e-07 tau=4.0000000000000019e-07 prediction=130.98679323170686 rho=0.6674054326456984 accept=1
  MFCG it  36 cost=2.486426e+05 lam=4.000e-07 tau=0.00e+00 cg_it=0 shift=0 ckpt=1 alpha=0 acc mv=120
PCG_PREP o=36 rebuild=1 drift=0 previous_depth=1
ATTR_RADIUS o=36 raw_norm=13532.373500545466 norm=1612.6762948148357 radius=1612.6762948148357 next_radius=1612.6762948148357 lambda=4.0000000000000019e-07 next_lambda=4.0000000000000019e-07 rho=0.66449383857061939 accept=1
CLASSICAL_LM o=36 lambda=4.0000000000000019e-07 tau=4.0000000000000019e-07 prediction=119.84509176967939 rho=0.66449383857061939 accept=1
  MFCG it  37 cost=2.485629e+05 lam=4.000e-07 tau=0.00e+00 cg_it=0 shift=0 ckpt=1 alpha=0 acc mv=122
PCG_PREP o=37 rebuild=1 drift=0 previous_depth=1
ATTR_RADIUS o=37 raw_norm=19535.735715406317 norm=1612.6762948148357 radius=1612.6762948148357 next_radius=3225.3525896296715 lambda=4.0000000000000019e-07 next_lambda=1.0000000000000005e-07 rho=0.7906393657386841 accept=1
CLASSICAL_LM o=37 lambda=4.0000000000000019e-07 tau=4.0000000000000019e-07 prediction=181.04785532345915 rho=0.7906393657386841 accept=1
  MFCG it  38 cost=2.484198e+05 lam=1.000e-07 tau=0.00e+00 cg_it=1 shift=0 ckpt=2 alpha=0 acc mv=125
PCG_PREP o=38 rebuild=1 drift=0 previous_depth=2
POINT_SAFE o=38 frozen=574 slope=-109.07004321331696 candidate=248475.27370787595 original=248405.40855557652 current=248419.78750256711 won=0 mode=1 camera_scale=1 keep_scale=0
ATTR_RADIUS o=38 raw_norm=71749.510949648073 norm=1612.6762948148364 radius=3225.3525896296715 next_radius=3225.3525896296715 lambda=1.0000000000000005e-07 next_lambda=1.0000000000000005e-08 rho=0.26682840594205254 accept=1
CLASSICAL_LM o=38 lambda=1.0000000000000005e-07 tau=1.0000000000000005e-07 prediction=53.888366719517506 rho=0.26682840594205254 accept=1
  MFCG it  39 cost=2.484054e+05 lam=1.000e-08 tau=0.00e+00 cg_it=1 shift=0 ckpt=2 alpha=0 acc mv=128
PCG_PREP o=39 rebuild=1 drift=0 previous_depth=2
POINT_SAFE o=39 frozen=114 slope=-56.708630678495197 candidate=248521.56903919813 original=248402.05932305203 current=248405.40855557652 won=0 mode=1 camera_scale=1 keep_scale=0
ATTR_RADIUS o=39 raw_norm=179692.9736771195 norm=806.33814740741798 radius=3225.3525896296715 next_radius=806.33814740741786 lambda=1.0000000000000005e-08 next_lambda=1.6000000000000008e-07 rho=0.23782210438672344 accept=1
CLASSICAL_LM o=39 lambda=1.0000000000000005e-08 tau=1.0000000000000005e-08 prediction=14.082932001315102 rho=0.23782210438672344 accept=1
  MFCG it  40 cost=2.484021e+05 lam=1.600e-07 tau=0.00e+00 cg_it=1 shift=0 ckpt=2 alpha=0 acc mv=131
PCG_PREP o=40 rebuild=1 drift=0 previous_depth=2
ATTR_RADIUS o=40 raw_norm=22511.45073966623 norm=806.33814740741775 radius=806.33814740741786 next_radius=806.33814740741786 lambda=1.6000000000000008e-07 next_lambda=1.6000000000000008e-07 rho=0.68707680499839541 accept=1
CLASSICAL_LM o=40 lambda=1.6000000000000008e-07 tau=1.6000000000000008e-07 prediction=35.54966555081748 rho=0.68707680499839541 accept=1
  MFCG it  41 cost=2.483776e+05 lam=1.600e-07 tau=0.00e+00 cg_it=0 shift=0 ckpt=1 alpha=0 acc mv=133
PCG_PREP o=41 rebuild=1 drift=0 previous_depth=1
ATTR_RADIUS o=41 raw_norm=22527.247735628542 norm=806.33814740741752 radius=806.33814740741786 next_radius=806.33814740741786 lambda=1.6000000000000008e-07 next_lambda=1.6000000000000008e-07 rho=0.67820386141307187 accept=1
CLASSICAL_LM o=41 lambda=1.6000000000000008e-07 tau=1.6000000000000008e-07 prediction=33.756821875831115 rho=0.67820386141307187 accept=1
  MFCG it  42 cost=2.483547e+05 lam=1.600e-07 tau=0.00e+00 cg_it=0 shift=0 ckpt=1 alpha=0 acc mv=135
PCG_PREP o=42 rebuild=1 drift=0 previous_depth=1
ATTR_RADIUS o=42 raw_norm=22529.128840089674 norm=806.33814740741798 radius=806.33814740741786 next_radius=806.33814740741786 lambda=1.6000000000000008e-07 next_lambda=1.6000000000000008e-07 rho=0.67737275079069115 accept=1
CLASSICAL_LM o=42 lambda=1.6000000000000008e-07 tau=1.6000000000000008e-07 prediction=32.850280754964928 rho=0.67737275079069115 accept=1
  MFCG it  43 cost=2.483325e+05 lam=1.600e-07 tau=0.00e+00 cg_it=0 shift=0 ckpt=1 alpha=0 acc mv=137
PCG_PREP o=43 rebuild=1 drift=0 previous_depth=1
ATTR_RADIUS o=43 raw_norm=22528.282423626843 norm=806.3381474074173 radius=806.33814740741786 next_radius=806.33814740741786 lambda=1.6000000000000008e-07 next_lambda=1.6000000000000008e-07 rho=0.67670548628090732 accept=1
CLASSICAL_LM o=43 lambda=1.6000000000000008e-07 tau=1.6000000000000008e-07 prediction=31.992424393501455 rho=0.67670548628090732 accept=1
  MFCG it  44 cost=2.483108e+05 lam=1.600e-07 tau=0.00e+00 cg_it=0 shift=0 ckpt=1 alpha=0 acc mv=139
PCG_PREP o=44 rebuild=1 drift=0 previous_depth=1
ATTR_RADIUS o=44 raw_norm=22524.607662891558 norm=806.33814740741843 radius=806.33814740741786 next_radius=806.33814740741786 lambda=1.6000000000000008e-07 next_lambda=1.6000000000000008e-07 rho=0.67620186423040407 accept=1
CLASSICAL_LM o=44 lambda=1.6000000000000008e-07 tau=1.6000000000000008e-07 prediction=31.179034142069408 rho=0.67620186423040407 accept=1
  MFCG it  45 cost=2.482898e+05 lam=1.600e-07 tau=0.00e+00 cg_it=0 shift=0 ckpt=1 alpha=0 acc mv=141
PCG_PREP o=45 rebuild=1 drift=0 previous_depth=1
ATTR_RADIUS o=45 raw_norm=22518.310261970608 norm=806.33814740741786 radius=806.33814740741786 next_radius=806.33814740741786 lambda=1.6000000000000008e-07 next_lambda=1.6000000000000008e-07 rho=0.67585981391356575 accept=1
CLASSICAL_LM o=45 lambda=1.6000000000000008e-07 tau=1.6000000000000008e-07 prediction=30.407435837197351 rho=0.67585981391356575 accept=1
  MFCG it  46 cost=2.482692e+05 lam=1.600e-07 tau=0.00e+00 cg_it=0 shift=0 ckpt=1 alpha=0 acc mv=143
PCG_PREP o=46 rebuild=1 drift=0 previous_depth=1
ATTR_RADIUS o=46 raw_norm=22509.347392605559 norm=806.33814740741764 radius=806.33814740741786 next_radius=806.33814740741786 lambda=1.6000000000000008e-07 next_lambda=1.6000000000000008e-07 rho=0.67567536367163272 accept=1
CLASSICAL_LM o=46 lambda=1.6000000000000008e-07 tau=1.6000000000000008e-07 prediction=29.675307615977093 rho=0.67567536367163272 accept=1
  MFCG it  47 cost=2.482492e+05 lam=1.600e-07 tau=0.00e+00 cg_it=0 shift=0 ckpt=1 alpha=0 acc mv=145
PCG_PREP o=47 rebuild=1 drift=0 previous_depth=1
ATTR_RADIUS o=47 raw_norm=22497.502035163205 norm=806.33814740741821 radius=806.33814740741786 next_radius=806.33814740741786 lambda=1.6000000000000008e-07 next_lambda=1.6000000000000008e-07 rho=0.67564341066709033 accept=1
CLASSICAL_LM o=47 lambda=1.6000000000000008e-07 tau=1.6000000000000008e-07 prediction=28.980325712125634 rho=0.67564341066709033 accept=1
  MFCG it  48 cost=2.482296e+05 lam=1.600e-07 tau=0.00e+00 cg_it=0 shift=0 ckpt=1 alpha=0 acc mv=147
PCG_PREP o=48 rebuild=1 drift=0 previous_depth=1
ATTR_RADIUS o=48 raw_norm=22483.623428035324 norm=806.33814740741775 radius=806.33814740741786 next_radius=806.33814740741786 lambda=1.6000000000000008e-07 next_lambda=1.6000000000000008e-07 rho=0.67577029525792165 accept=1
CLASSICAL_LM o=48 lambda=1.6000000000000008e-07 tau=1.6000000000000008e-07 prediction=28.319765641917456 rho=0.67577029525792165 accept=1
  MFCG it  49 cost=2.482104e+05 lam=1.600e-07 tau=0.00e+00 cg_it=0 shift=0 ckpt=1 alpha=0 acc mv=149
PCG_PREP o=49 rebuild=1 drift=0 previous_depth=1
ATTR_RADIUS o=49 raw_norm=36711.740475784172 norm=806.33814740741764 radius=806.33814740741786 next_radius=1612.6762948148357 lambda=1.6000000000000008e-07 next_lambda=4.0000000000000021e-08 rho=0.79846985634302303 accept=1
CLASSICAL_LM o=49 lambda=1.6000000000000008e-07 tau=1.6000000000000008e-07 prediction=44.214246933009193 rho=0.79846985634302303 accept=1
  MFCG it  50 cost=2.481751e+05 lam=4.000e-08 tau=0.00e+00 cg_it=1 shift=0 ckpt=2 alpha=0 acc mv=152
PCG_PREP o=50 rebuild=1 drift=0 previous_depth=2
POINT_SAFE o=50 frozen=550 slope=-30.654885137271311 candidate=248179.77717270781 original=248168.7031497336 current=248175.13150623909 won=0 mode=1 camera_scale=1 keep_scale=0
ATTR_RADIUS o=50 raw_norm=120050.74397616228 norm=806.33814740741764 radius=1612.6762948148357 next_radius=1612.6762948148357 lambda=4.0000000000000021e-08 next_lambda=4.0000000000000019e-09 rho=0.42072448688393321 accept=1
CLASSICAL_LM o=50 lambda=4.0000000000000021e-08 tau=4.0000000000000021e-08 prediction=15.279254490521918 rho=0.42072448688393321 accept=1
  MFCG it  51 cost=2.481687e+05 lam=4.000e-09 tau=0.00e+00 cg_it=1 shift=0 ckpt=2 alpha=0 acc mv=155
PCG_PREP o=51 rebuild=1 drift=0 previous_depth=2
NUMERIC_REPAIR o=51 lambda=4.0000000000000019e-09 rayleigh=-2.47871215569578e-08 next_lambda=1.1514848622783121e-07 cg=1 rebuild=1
PCG_PREP o=51 rebuild=1 drift=0 previous_depth=1
ATTR_RADIUS o=51 raw_norm=26888.67598738422 norm=1612.676294814836 radius=1612.6762948148357 next_radius=403.16907370370893 lambda=1.1514848622783121e-07 next_lambda=1.8423757796452994e-06 rho=0.23167907167958715 accept=1
CLASSICAL_LM o=51 lambda=1.1514848622783121e-07 tau=1.1514848622783121e-07 prediction=46.033355088995876 rho=0.23167907167958715 accept=1
  MFCG it  52 cost=2.481580e+05 lam=1.842e-06 tau=0.00e+00 cg_it=0 shift=0 ckpt=1 alpha=0 acc mv=159
PCG_PREP o=52 rebuild=1 drift=0 previous_depth=1
ATTR_RADIUS o=52 raw_norm=2693.2024457783173 norm=403.16907370370876 radius=403.16907370370893 next_radius=806.33814740741786 lambda=1.8423757796452994e-06 next_lambda=4.6059394491132485e-07 rho=0.96864332838924694 accept=1
CLASSICAL_LM o=52 lambda=1.8423757796452994e-06 tau=1.8423757796452994e-06 prediction=99.655693585558794 rho=0.96864332838924694 accept=1
  MFCG it  53 cost=2.480615e+05 lam=4.606e-07 tau=0.00e+00 cg_it=0 shift=0 ckpt=1 alpha=0 acc mv=161
PCG_PREP o=53 rebuild=1 drift=0 previous_depth=1
ATTR_RADIUS o=53 raw_norm=9552.7216385427728 norm=806.33814740741764 radius=806.33814740741786 next_radius=1612.6762948148357 lambda=4.6059394491132485e-07 next_lambda=1.1514848622783121e-07 rho=0.95778074459399021 accept=1
CLASSICAL_LM o=53 lambda=4.6059394491132485e-07 tau=4.6059394491132485e-07 prediction=140.71905345795741 rho=0.95778074459399021 accept=1
  MFCG it  54 cost=2.479267e+05 lam=1.151e-07 tau=0.00e+00 cg_it=1 shift=0 ckpt=2 alpha=0 acc mv=164
PCG_PREP o=54 rebuild=1 drift=0 previous_depth=2
ATTR_RADIUS o=54 raw_norm=48908.163262705806 norm=1612.676294814836 radius=1612.6762948148357 next_radius=1612.6762948148357 lambda=1.1514848622783121e-07 next_lambda=1.1514848622783121e-07 rho=0.50722800273207025 accept=1
CLASSICAL_LM o=54 lambda=1.1514848622783121e-07 tau=1.1514848622783121e-07 prediction=57.58873485083442 rho=0.50722800273207025 accept=1
  MFCG it  55 cost=2.478975e+05 lam=1.151e-07 tau=0.00e+00 cg_it=1 shift=0 ckpt=2 alpha=0 acc mv=167
PCG_PREP o=55 rebuild=1 drift=0 previous_depth=2
ATTR_RADIUS o=55 raw_norm=29099.807913687571 norm=0 radius=1612.6762948148357 next_radius=403.16907370370893 lambda=1.1514848622783121e-07 next_lambda=1.8423757796452994e-06 rho=0.078983108546077319 accept=0
CLASSICAL_LM o=55 lambda=1.1514848622783121e-07 tau=1.1514848622783121e-07 prediction=33.044511186552185 rho=0.078983108546077319 accept=0
  MFCG it  56  retry 1/8  lam=1.842e-06 tau_eff=1.151e-07  (assembly reused)
PCG_PREP o=55 rebuild=1 drift=0 previous_depth=1
ATTR_RADIUS o=55 raw_norm=2894.0566367472138 norm=403.16907370370876 radius=403.16907370370893 next_radius=806.33814740741786 lambda=1.8423757796452994e-06 next_lambda=4.6059394491132485e-07 rho=0.96515893814141784 accept=1
CLASSICAL_LM o=55 lambda=1.8423757796452994e-06 tau=1.8423757796452994e-06 prediction=69.058683194508461 rho=0.96515893814141784 accept=1
  MFCG it  56 cost=2.478309e+05 lam=4.606e-07 tau=0.00e+00 cg_it=0 shift=0 ckpt=1 alpha=0 acc mv=171
PCG_PREP o=56 rebuild=1 drift=0 previous_depth=1
ATTR_RADIUS o=56 raw_norm=8412.7368158001736 norm=806.33814740741775 radius=806.33814740741786 next_radius=1612.6762948148357 lambda=4.6059394491132485e-07 next_lambda=1.1514848622783121e-07 rho=0.97080809929885514 accept=1
CLASSICAL_LM o=56 lambda=4.6059394491132485e-07 tau=4.6059394491132485e-07 prediction=137.12982572618526 rho=0.97080809929885514 accept=1
  MFCG it  57 cost=2.476977e+05 lam=1.151e-07 tau=0.00e+00 cg_it=1 shift=0 ckpt=2 alpha=0 acc mv=174
PCG_PREP o=57 rebuild=1 drift=0 previous_depth=2
ATTR_RADIUS o=57 raw_norm=47265.774259977472 norm=1612.6762948148362 radius=1612.6762948148357 next_radius=1612.6762948148357 lambda=1.1514848622783121e-07 next_lambda=1.1514848622783121e-07 rho=0.53448920802019695 accept=1
CLASSICAL_LM o=57 lambda=1.1514848622783121e-07 tau=1.1514848622783121e-07 prediction=51.151557660616533 rho=0.53448920802019695 accept=1
  MFCG it  58 cost=2.476704e+05 lam=1.151e-07 tau=0.00e+00 cg_it=1 shift=0 ckpt=2 alpha=0 acc mv=177
PCG_PREP o=58 rebuild=1 drift=0 previous_depth=2
POINT_SAFE o=58 frozen=24 slope=-25.032729349339686 candidate=247672.2868219206 original=247664.82209045559 current=247670.39943691995 won=0 mode=1 camera_scale=1 keep_scale=0
ATTR_RADIUS o=58 raw_norm=31366.664087282137 norm=806.33814740741809 radius=1612.6762948148357 next_radius=1612.6762948148357 lambda=1.1514848622783121e-07 next_lambda=1.1514848622783121e-07 rho=0.4539698117489237 accept=1
CLASSICAL_LM o=58 lambda=1.1514848622783121e-07 tau=1.1514848622783121e-07 prediction=12.285721032573328 rho=0.4539698117489237 accept=1
  MFCG it  59 cost=2.476648e+05 lam=1.151e-07 tau=0.00e+00 cg_it=0 shift=0 ckpt=1 alpha=0 acc mv=179
PCG_PREP o=59 rebuild=1 drift=0 previous_depth=1
POINT_SAFE o=59 frozen=73 slope=-24.823572422250312 candidate=247666.81451033792 original=247659.29987374711 current=247664.82209045559 won=0 mode=1 camera_scale=1 keep_scale=0
ATTR_RADIUS o=59 raw_norm=30921.715846136562 norm=806.33814740741775 radius=1612.6762948148357 next_radius=1612.6762948148357 lambda=1.1514848622783121e-07 next_lambda=1.1514848622783121e-07 rho=0.45165914017850839 accept=1
CLASSICAL_LM o=59 lambda=1.1514848622783121e-07 tau=1.1514848622783121e-07 prediction=12.226513796010265 rho=0.45165914017850839 accept=1
  MFCG it  60 cost=2.476593e+05 lam=1.151e-07 tau=0.00e+00 cg_it=0 shift=0 ckpt=1 alpha=0 acc mv=181
PCG_PREP o=60 rebuild=1 drift=0 previous_depth=1
POINT_SAFE o=60 frozen=114 slope=-24.851777598425972 candidate=247661.26457854323 original=247653.7540236713 current=247659.29987374711 won=0 mode=1 camera_scale=1 keep_scale=0
ATTR_RADIUS o=60 raw_norm=30479.38694822964 norm=806.33814740741798 radius=1612.6762948148357 next_radius=1612.6762948148357 lambda=1.1514848622783121e-07 next_lambda=1.1514848622783121e-07 rho=0.45248961330003018 accept=1
CLASSICAL_LM o=60 lambda=1.1514848622783121e-07 tau=1.1514848622783121e-07 prediction=12.256303598582688 rho=0.45248961330003018 accept=1
  MFCG it  61 cost=2.476538e+05 lam=1.151e-07 tau=0.00e+00 cg_it=0 shift=0 ckpt=1 alpha=0 acc mv=183
PCG_PREP o=61 rebuild=1 drift=0 previous_depth=1
POINT_SAFE o=61 frozen=161 slope=-24.971652366517148 candidate=247655.63229673705 original=247648.15373436525 current=247653.7540236713 won=0 mode=1 camera_scale=1 keep_scale=0
ATTR_RADIUS o=61 raw_norm=30040.029675056547 norm=806.33814740741775 radius=1612.6762948148357 next_radius=1612.6762948148357 lambda=1.1514848622783121e-07 next_lambda=1.1514848622783121e-07 rho=0.45453477881161863 accept=1
CLASSICAL_LM o=61 lambda=1.1514848622783121e-07 tau=1.1514848622783121e-07 prediction=12.320925850145853 rho=0.45453477881161863 accept=1
  MFCG it  62 cost=2.476482e+05 lam=1.151e-07 tau=0.00e+00 cg_it=0 shift=0 ckpt=1 alpha=0 acc mv=185
PCG_PREP o=62 rebuild=1 drift=0 previous_depth=1
POINT_SAFE o=62 frozen=209 slope=-25.130185625752581 candidate=247649.90093985834 original=247642.48150230604 current=247648.15373436525 won=0 mode=1 camera_scale=1 keep_scale=0
ATTR_RADIUS o=62 raw_norm=29610.283988238254 norm=806.33814740741809 radius=1612.6762948148357 next_radius=1612.6762948148357 lambda=1.1514848622783121e-07 next_lambda=1.1514848622783121e-07 rho=0.45742479401421132 accept=1
CLASSICAL_LM o=62 lambda=1.1514848622783121e-07 tau=1.1514848622783121e-07 prediction=12.400359869938933 rho=0.45742479401421132 accept=1
  MFCG it  63 cost=2.476425e+05 lam=1.151e-07 tau=0.00e+00 cg_it=0 shift=0 ckpt=1 alpha=0 acc mv=187
PCG_PREP o=63 rebuild=1 drift=0 previous_depth=1
POINT_SAFE o=63 frozen=258 slope=-25.321279644692275 candidate=247644.06089368512 original=247636.72157176916 current=247642.48150230604 won=0 mode=1 camera_scale=1 keep_scale=0
ATTR_RADIUS o=63 raw_norm=29186.280239785028 norm=806.33814740741775 radius=1612.6762948148357 next_radius=1612.6762948148357 lambda=1.1514848622783121e-07 next_lambda=1.1514848622783121e-07 rho=0.46101585262520584 accept=1
CLASSICAL_LM o=63 lambda=1.1514848622783121e-07 tau=1.1514848622783121e-07 prediction=12.493996690307318 rho=0.46101585262520584 accept=1
  MFCG it  64 cost=2.476367e+05 lam=1.151e-07 tau=0.00e+00 cg_it=0 shift=0 ckpt=1 alpha=0 acc mv=189
PCG_PREP o=64 rebuild=1 drift=0 previous_depth=1
POINT_SAFE o=64 frozen=283 slope=-25.562408605994278 candidate=247638.06126494461 original=247630.84413851792 current=247636.72157176916 won=0 mode=1 camera_scale=1 keep_scale=0
ATTR_RADIUS o=64 raw_norm=28771.904954439735 norm=806.33814740741798 radius=1612.6762948148357 next_radius=1612.6762948148357 lambda=1.1514848622783121e-07 next_lambda=1.1514848622783121e-07 rho=0.46602870224820447 accept=1
CLASSICAL_LM o=64 lambda=1.1514848622783121e-07 tau=1.1514848622783121e-07 prediction=12.611740913996323 rho=0.46602870224820447 accept=1
  MFCG it  65 cost=2.476308e+05 lam=1.151e-07 tau=0.00e+00 cg_it=0 shift=0 ckpt=1 alpha=0 acc mv=191
PCG_PREP o=65 rebuild=1 drift=0 previous_depth=1
POINT_SAFE o=65 frozen=311 slope=-26.001605521248976 candidate=247631.74506718732 original=247624.75016794913 current=247630.84413851792 won=0 mode=1 camera_scale=1 keep_scale=0
ATTR_RADIUS o=65 raw_norm=28361.004448648382 norm=806.33814740741798 radius=1612.6762948148357 next_radius=1612.6762948148357 lambda=1.1514848622783121e-07 next_lambda=1.1514848622783121e-07 rho=0.47505493732404702 accept=1
CLASSICAL_LM o=65 lambda=1.1514848622783121e-07 tau=1.1514848622783121e-07 prediction=12.827928077370085 rho=0.47505493732404702 accept=1
  MFCG it  66 cost=2.476248e+05 lam=1.151e-07 tau=0.00e+00 cg_it=0 shift=0 ckpt=1 alpha=0 acc mv=193
PCG_PREP o=66 rebuild=1 drift=0 previous_depth=1
ATTR_RADIUS o=66 raw_norm=27981.632813343345 norm=0 radius=1612.6762948148357 next_radius=403.16907370370893 lambda=1.1514848622783121e-07 next_lambda=1.8423757796452994e-06 rho=0.028175123538746027 accept=0
CLASSICAL_LM o=66 lambda=1.1514848622783121e-07 tau=1.1514848622783121e-07 prediction=26.922592458037101 rho=0.028175123538746027 accept=0
  MFCG it  67  retry 1/8  lam=1.842e-06 tau_eff=1.151e-07  (assembly reused)
PCG_PREP o=66 rebuild=1 drift=0 previous_depth=1
ATTR_RADIUS o=66 raw_norm=2506.3037597420071 norm=403.16907370370899 radius=403.16907370370893 next_radius=806.33814740741786 lambda=1.8423757796452994e-06 next_lambda=4.6059394491132485e-07 rho=0.96658633607642386 accept=1
CLASSICAL_LM o=66 lambda=1.8423757796452994e-06 tau=1.8423757796452994e-06 prediction=58.40428671705817 rho=0.96658633607642386 accept=1
  MFCG it  67 cost=2.475683e+05 lam=4.606e-07 tau=0.00e+00 cg_it=0 shift=0 ckpt=1 alpha=0 acc mv=197
PCG_PREP o=67 rebuild=1 drift=0 previous_depth=1
ATTR_RADIUS o=67 raw_norm=6333.1402048899308 norm=806.33814740741798 radius=806.33814740741786 next_radius=1612.6762948148357 lambda=4.6059394491132485e-07 next_lambda=1.1514848622783121e-07 rho=0.99486844653831519 accept=1
CLASSICAL_LM o=67 lambda=4.6059394491132485e-07 tau=4.6059394491132485e-07 prediction=149.39500254373567 rho=0.99486844653831519 accept=1
  MFCG it  68 cost=2.474197e+05 lam=1.151e-07 tau=0.00e+00 cg_it=1 shift=0 ckpt=2 alpha=0 acc mv=200
PCG_PREP o=68 rebuild=1 drift=0 previous_depth=2
ATTR_RADIUS o=68 raw_norm=31726.753158213523 norm=1612.6762948148355 radius=1612.6762948148357 next_radius=1612.6762948148357 lambda=1.1514848622783121e-07 next_lambda=1.1514848622783121e-07 rho=0.74644349045272496 accept=1
CLASSICAL_LM o=68 lambda=1.1514848622783121e-07 tau=1.1514848622783121e-07 prediction=77.231551460121494 rho=0.74644349045272496 accept=1
  MFCG it  69 cost=2.473620e+05 lam=1.151e-07 tau=0.00e+00 cg_it=1 shift=0 ckpt=2 alpha=0 acc mv=203
PCG_PREP o=69 rebuild=1 drift=0 previous_depth=2
ATTR_RADIUS o=69 raw_norm=31552.327513356086 norm=1612.676294814836 radius=1612.6762948148357 next_radius=1612.6762948148357 lambda=1.1514848622783121e-07 next_lambda=1.1514848622783121e-07 rho=0.46728947820451211 accept=1
CLASSICAL_LM o=69 lambda=1.1514848622783121e-07 tau=1.1514848622783121e-07 prediction=40.703473467704548 rho=0.46728947820451211 accept=1
  MFCG it  70 cost=2.473430e+05 lam=1.151e-07 tau=0.00e+00 cg_it=0 shift=0 ckpt=1 alpha=0 acc mv=205
PCG_PREP o=70 rebuild=1 drift=0 previous_depth=1
POINT_SAFE o=70 frozen=51 slope=-23.27196517109158 candidate=247344.44765709972 original=247337.72067737751 current=247342.99971461605 won=0 mode=1 camera_scale=1 keep_scale=0
ATTR_RADIUS o=70 raw_norm=29482.56456001741 norm=806.33814740741764 radius=1612.6762948148357 next_radius=1612.6762948148357 lambda=1.1514848622783121e-07 next_lambda=1.1514848622783121e-07 rho=0.47517827369602572 accept=1
CLASSICAL_LM o=70 lambda=1.1514848622783121e-07 tau=1.1514848622783121e-07 prediction=11.109593032261127 rho=0.47517827369602572 accept=1
  MFCG it  71 cost=2.473377e+05 lam=1.151e-07 tau=0.00e+00 cg_it=0 shift=0 ckpt=1 alpha=0 acc mv=207
PCG_PREP o=71 rebuild=1 drift=0 previous_depth=1
POINT_SAFE o=71 frozen=84 slope=-21.34128545816824 candidate=247340.13621464145 original=247333.12331073629 current=247337.72067737751 won=0 mode=1 camera_scale=1 keep_scale=0
ATTR_RADIUS o=71 raw_norm=28961.42117908207 norm=806.33814740741798 radius=1612.6762948148357 next_radius=1612.6762948148357 lambda=1.1514848622783121e-07 next_lambda=1.1514848622783121e-07 rho=0.44145518817402557 accept=1
CLASSICAL_LM o=71 lambda=1.1514848622783121e-07 tau=1.1514848622783121e-07 prediction=10.414118498036666 rho=0.44145518817402557 accept=1
  MFCG it  72 cost=2.473331e+05 lam=1.151e-07 tau=0.00e+00 cg_it=0 shift=0 ckpt=1 alpha=0 acc mv=209
PCG_PREP o=72 rebuild=1 drift=0 previous_depth=1
POINT_SAFE o=72 frozen=116 slope=-20.927985656168655 candidate=247335.72737977406 original=247328.66502555824 current=247333.12331073629 won=0 mode=1 camera_scale=1 keep_scale=0
ATTR_RADIUS o=72 raw_norm=28452.330910848093 norm=806.33814740741809 radius=1612.6762948148357 next_radius=1612.6762948148357 lambda=1.1514848622783121e-07 next_lambda=1.1514848622783121e-07 rho=0.43337212161492344 accept=1
CLASSICAL_LM o=72 lambda=1.1514848622783121e-07 tau=1.1514848622783121e-07 prediction=10.287429568483635 rho=0.43337212161492344 accept=1
  MFCG it  73 cost=2.473287e+05 lam=1.151e-07 tau=0.00e+00 cg_it=0 shift=0 ckpt=1 alpha=0 acc mv=211
PCG_PREP o=73 rebuild=1 drift=0 previous_depth=1
POINT_SAFE o=73 frozen=148 slope=-20.970995406983839 candidate=247331.1911042482 original=247324.17492996296 current=247328.66502555824 won=0 mode=1 camera_scale=1 keep_scale=0
ATTR_RADIUS o=73 raw_norm=27963.981987170821 norm=806.33814740741786 radius=1612.6762948148357 next_radius=1612.6762948148357 lambda=1.1514848622783121e-07 next_lambda=1.1514848622783121e-07 rho=0.4346198531056919 accept=1
CLASSICAL_LM o=73 lambda=1.1514848622783121e-07 tau=1.1514848622783121e-07 prediction=10.331087186172105 rho=0.4346198531056919 accept=1
  MFCG it  74 cost=2.473242e+05 lam=1.151e-07 tau=0.00e+00 cg_it=0 shift=0 ckpt=1 alpha=0 acc mv=213
PCG_PREP o=74 rebuild=1 drift=0 previous_depth=1
POINT_SAFE o=74 frozen=185 slope=-21.158859372546559 candidate=247326.5451800382 original=247319.60094653888 current=247324.17492996296 won=0 mode=1 camera_scale=1 keep_scale=0
ATTR_RADIUS o=74 raw_norm=27478.475943980942 norm=806.33814740741775 radius=1612.6762948148357 next_radius=1612.6762948148357 lambda=1.1514848622783121e-07 next_lambda=1.1514848622783121e-07 rho=0.43856807107913104 accept=1
CLASSICAL_LM o=74 lambda=1.1514848622783121e-07 tau=1.1514848622783121e-07 prediction=10.429358007815276 rho=0.43856807107913104 accept=1
  MFCG it  75 cost=2.473196e+05 lam=1.151e-07 tau=0.00e+00 cg_it=0 shift=0 ckpt=1 alpha=0 acc mv=215
PCG_PREP o=75 rebuild=1 drift=0 previous_depth=1
POINT_SAFE o=75 frozen=213 slope=-21.390559479516995 candidate=247321.76765084433 original=247314.921713513 current=247319.60094653888 won=0 mode=1 camera_scale=1 keep_scale=0
ATTR_RADIUS o=75 raw_norm=27008.997063918287 norm=806.33814740741752 radius=1612.6762948148357 next_radius=1612.6762948148357 lambda=1.1514848622783121e-07 next_lambda=1.1514848622783121e-07 rho=0.4437874563232288 accept=1
CLASSICAL_LM o=75 lambda=1.1514848622783121e-07 tau=1.1514848622783121e-07 prediction=10.543860488178815 rho=0.4437874563232288 accept=1
  MFCG it  76 cost=2.473149e+05 lam=1.151e-07 tau=0.00e+00 cg_it=0 shift=0 ckpt=1 alpha=0 acc mv=217
PCG_PREP o=76 rebuild=1 drift=0 previous_depth=1
POINT_SAFE o=76 frozen=234 slope=-21.647169575390713 candidate=247316.86799210409 original=247310.12731803721 current=247314.921713513 won=0 mode=1 camera_scale=1 keep_scale=0
ATTR_RADIUS o=76 raw_norm=26543.857679549663 norm=806.33814740741798 radius=1612.6762948148357 next_radius=1612.6762948148357 lambda=1.1514848622783121e-07 next_lambda=1.1514848622783121e-07 rho=0.44938702282887977 accept=1
CLASSICAL_LM o=76 lambda=1.1514848622783121e-07 tau=1.1514848622783121e-07 prediction=10.668744828484957 rho=0.44938702282887977 accept=1
  MFCG it  77 cost=2.473101e+05 lam=1.151e-07 tau=0.00e+00 cg_it=0 shift=0 ckpt=1 alpha=0 acc mv=219
PCG_PREP o=77 rebuild=1 drift=0 previous_depth=1
POINT_SAFE o=77 frozen=258 slope=-21.930301461027749 candidate=247311.81967153755 original=247305.20291950865 current=247310.12731803721 won=0 mode=1 camera_scale=1 keep_scale=0
ATTR_RADIUS o=77 raw_norm=26094.295329923549 norm=806.33814740741764 radius=1612.6762948148357 next_radius=1612.6762948148357 lambda=1.1514848622783121e-07 next_lambda=1.1514848622783121e-07 rho=0.4557102037318766 accept=1
CLASSICAL_LM o=77 lambda=1.1514848622783121e-07 tau=1.1514848622783121e-07 prediction=10.805986980828811 rho=0.4557102037318766 accept=1
  MFCG it  78 cost=2.473052e+05 lam=1.151e-07 tau=0.00e+00 cg_it=0 shift=0 ckpt=1 alpha=0 acc mv=221
PCG_PREP o=78 rebuild=1 drift=0 previous_depth=1
POINT_SAFE o=78 frozen=288 slope=-22.287883978679801 candidate=247306.67359769833 original=247300.13784857807 current=247305.20291950865 won=0 mode=1 camera_scale=1 keep_scale=0
ATTR_RADIUS o=78 raw_norm=25590.839965369451 norm=806.33814740741775 radius=1612.6762948148357 next_radius=1612.6762948148357 lambda=1.1514848622783121e-07 next_lambda=1.1514848622783121e-07 rho=0.46132571432167702 accept=1
CLASSICAL_LM o=78 lambda=1.1514848622783121e-07 tau=1.1514848622783121e-07 prediction=10.979381320689907 rho=0.46132571432167702 accept=1
  MFCG it  79 cost=2.473001e+05 lam=1.151e-07 tau=0.00e+00 cg_it=0 shift=0 ckpt=1 alpha=0 acc mv=223
PCG_PREP o=79 rebuild=1 drift=0 previous_depth=1
POINT_SAFE o=79 frozen=323 slope=-22.760900369882968 candidate=247301.31666410505 original=247294.88577631844 current=247300.13784857807 won=0 mode=1 camera_scale=1 keep_scale=0
ATTR_RADIUS o=79 raw_norm=25078.898540750823 norm=806.33814740741809 radius=1612.6762948148357 next_radius=1612.6762948148357 lambda=1.1514848622783121e-07 next_lambda=1.1514848622783121e-07 rho=0.46852199682364398 accept=1
CLASSICAL_LM o=79 lambda=1.1514848622783121e-07 tau=1.1514848622783121e-07 prediction=11.209873378933699 rho=0.46852199682364398 accept=1
  MFCG it  80 cost=2.472949e+05 lam=1.151e-07 tau=0.00e+00 cg_it=0 shift=0 ckpt=1 alpha=0 acc mv=225
PCG_PREP o=80 rebuild=1 drift=0 previous_depth=1
POINT_SAFE o=80 frozen=347 slope=-23.691580120658386 candidate=247295.29885636549 original=247289.21392499658 current=247294.88577631844 won=0 mode=1 camera_scale=1 keep_scale=0
ATTR_RADIUS o=80 raw_norm=24584.770992086385 norm=806.33814740741775 radius=1612.6762948148357 next_radius=1612.6762948148357 lambda=1.1514848622783121e-07 next_lambda=1.1514848622783121e-07 rho=0.48605050614114287 accept=1
CLASSICAL_LM o=80 lambda=1.1514848622783121e-07 tau=1.1514848622783121e-07 prediction=11.669263276528927 rho=0.48605050614114287 accept=1
  MFCG it  81 cost=2.472892e+05 lam=1.151e-07 tau=0.00e+00 cg_it=0 shift=0 ckpt=1 alpha=0 acc mv=227
PCG_PREP o=81 rebuild=1 drift=0 previous_depth=1
ATTR_RADIUS o=81 raw_norm=24206.72569821155 norm=1612.6762948148357 radius=1612.6762948148357 next_radius=403.16907370370893 lambda=1.1514848622783121e-07 next_lambda=1.8423757796452994e-06 rho=0.16123241295077151 accept=1
CLASSICAL_LM o=81 lambda=1.1514848622783121e-07 tau=1.1514848622783121e-07 prediction=28.051537690260087 rho=0.16123241295077151 accept=1
  MFCG it  82 cost=2.472847e+05 lam=1.842e-06 tau=0.00e+00 cg_it=0 shift=0 ckpt=1 alpha=0 acc mv=229
PCG_PREP o=82 rebuild=1 drift=0 previous_depth=1
ATTR_RADIUS o=82 raw_norm=1829.0264464442866 norm=403.16907370370893 radius=403.16907370370893 next_radius=806.33814740741786 lambda=1.8423757796452994e-06 next_lambda=4.6059394491132485e-07 rho=0.96552610752520618 accept=1
CLASSICAL_LM o=82 lambda=1.8423757796452994e-06 tau=1.8423757796452994e-06 prediction=91.462613413790677 rho=0.96552610752520618 accept=1
  MFCG it  83 cost=2.471964e+05 lam=4.606e-07 tau=0.00e+00 cg_it=0 shift=0 ckpt=1 alpha=0 acc mv=231
PCG_PREP o=83 rebuild=1 drift=0 previous_depth=1
ATTR_RADIUS o=83 raw_norm=6623.0605669878241 norm=806.33814740741798 radius=806.33814740741786 next_radius=1612.6762948148357 lambda=4.6059394491132485e-07 next_lambda=1.1514848622783121e-07 rho=0.95531028346817137 accept=1
CLASSICAL_LM o=83 lambda=4.6059394491132485e-07 tau=4.6059394491132485e-07 prediction=255.82346702623636 rho=0.95531028346817137 accept=1
  MFCG it  84 cost=2.469520e+05 lam=1.151e-07 tau=0.00e+00 cg_it=1 shift=0 ckpt=2 alpha=0 acc mv=234
PCG_PREP o=84 rebuild=1 drift=0 previous_depth=2
ATTR_RADIUS o=84 raw_norm=33710.962342589293 norm=1612.6762948148362 radius=1612.6762948148357 next_radius=3225.3525896296715 lambda=1.1514848622783121e-07 next_lambda=1.1514848622783121e-07 rho=0.78539549001695108 accept=1
CLASSICAL_LM o=84 lambda=1.1514848622783121e-07 tau=1.1514848622783121e-07 prediction=74.695212475385532 rho=0.78539549001695108 accept=1
  MFCG it  85 cost=2.468933e+05 lam=1.151e-07 tau=0.00e+00 cg_it=2 shift=0 ckpt=3 alpha=0 acc mv=238
PCG_PREP o=85 rebuild=1 drift=0 previous_depth=3
ATTR_RADIUS o=85 raw_norm=32840.885193802773 norm=3225.3525896296715 radius=3225.3525896296715 next_radius=3225.3525896296715 lambda=1.1514848622783121e-07 next_lambda=1.1514848622783121e-07 rho=0.33199368164593923 accept=1
CLASSICAL_LM o=85 lambda=1.1514848622783121e-07 tau=1.1514848622783121e-07 prediction=136.28349250924688 rho=0.33199368164593923 accept=1
  MFCG it  86 cost=2.468481e+05 lam=1.151e-07 tau=0.00e+00 cg_it=2 shift=0 ckpt=3 alpha=0 acc mv=242
PCG_PREP o=86 rebuild=1 drift=0 previous_depth=3
POINT_SAFE o=86 frozen=22 slope=-75.194961469957462 candidate=246911.42104666278 original=246846.12858967678 current=246848.08023654192 won=0 mode=1 camera_scale=1 keep_scale=0
ATTR_RADIUS o=86 raw_norm=20124.323806501874 norm=3225.3525896296715 radius=3225.3525896296715 next_radius=806.33814740741786 lambda=1.1514848622783121e-07 next_lambda=1.8423757796452994e-06 rho=0.056471156673649922 accept=0
CLASSICAL_LM o=86 lambda=1.1514848622783121e-07 tau=1.1514848622783121e-07 prediction=34.560065351954641 rho=0.056471156673649922 accept=0
  MFCG it  87  retry 1/8  lam=1.842e-06 tau_eff=1.151e-07  (assembly reused)
PCG_PREP o=86 rebuild=1 drift=0 previous_depth=1
ATTR_RADIUS o=86 raw_norm=1488.5722198780049 norm=806.33814740741809 radius=806.33814740741786 next_radius=1612.6762948148357 lambda=1.8423757796452994e-06 next_lambda=4.6059394491132485e-07 rho=0.96311002697250137 accept=1
CLASSICAL_LM o=86 lambda=1.8423757796452994e-06 tau=1.8423757796452994e-06 prediction=143.80142292831735 rho=0.96311002697250137 accept=1
  MFCG it  87 cost=2.467096e+05 lam=4.606e-07 tau=0.00e+00 cg_it=0 shift=0 ckpt=1 alpha=0 acc mv=246
PCG_PREP o=87 rebuild=1 drift=0 previous_depth=1
ATTR_RADIUS o=87 raw_norm=9516.0063621727768 norm=1612.6762948148357 radius=1612.6762948148357 next_radius=3225.3525896296715 lambda=4.6059394491132485e-07 next_lambda=1.1514848622783121e-07 rho=0.92839087311723334 accept=1
CLASSICAL_LM o=87 lambda=4.6059394491132485e-07 tau=4.6059394491132485e-07 prediction=144.40672224146707 rho=0.92839087311723334 accept=1
  MFCG it  88 cost=2.465755e+05 lam=1.151e-07 tau=0.00e+00 cg_it=2 shift=0 ckpt=3 alpha=0 acc mv=250
PCG_PREP o=88 rebuild=1 drift=0 previous_depth=3
POINT_SAFE o=88 frozen=308 slope=-29.395260252749775 candidate=246623.03703744011 original=246572.23316764724 current=246575.51776128099 won=0 mode=1 camera_scale=1 keep_scale=0
ATTR_RADIUS o=88 raw_norm=24503.509190719666 norm=806.33814740741798 radius=3225.3525896296715 next_radius=3225.3525896296715 lambda=1.1514848622783121e-07 next_lambda=1.1514848622783121e-07 rho=0.46160417783250113 accept=1
CLASSICAL_LM o=88 lambda=1.1514848622783121e-07 tau=1.1514848622783121e-07 prediction=7.1156063820251383 rho=0.46160417783250113 accept=1
  MFCG it  89 cost=2.465722e+05 lam=1.151e-07 tau=0.00e+00 cg_it=0 shift=0 ckpt=1 alpha=0 acc mv=252
PCG_PREP o=89 rebuild=1 drift=0 previous_depth=1
POINT_SAFE o=89 frozen=292 slope=-28.82088632269226 candidate=246620.57563869486 original=246569.12378360028 current=246572.23316764724 won=0 mode=1 camera_scale=1 keep_scale=0
ATTR_RADIUS o=89 raw_norm=24159.777723639749 norm=806.33814740741809 radius=3225.3525896296715 next_radius=3225.3525896296715 lambda=1.1514848622783121e-07 next_lambda=1.1514848622783121e-07 rho=0.44337214535933439 accept=1
CLASSICAL_LM o=89 lambda=1.1514848622783121e-07 tau=1.1514848622783121e-07 prediction=7.0130342636540171 rho=0.44337214535933439 accept=1
  MFCG it  90 cost=2.465691e+05 lam=1.151e-07 tau=0.00e+00 cg_it=0 shift=0 ckpt=1 alpha=0 acc mv=254
PCG_PREP o=90 rebuild=1 drift=0 previous_depth=1
POINT_SAFE o=90 frozen=284 slope=-28.921310924298961 candidate=246617.92794032209 original=246566.04912191816 current=246569.12378360028 won=0 mode=1 camera_scale=1 keep_scale=0
ATTR_RADIUS o=90 raw_norm=23792.671989039656 norm=806.33814740741718 radius=3225.3525896296715 next_radius=3225.3525896296715 lambda=1.1514848622783121e-07 next_lambda=1.1514848622783121e-07 rho=0.43562822419889519 accept=1
CLASSICAL_LM o=90 lambda=1.1514848622783121e-07 tau=1.1514848622783121e-07 prediction=7.0579946645588381 rho=0.43562822419889519 accept=1
  MFCG it  91 cost=2.465660e+05 lam=1.151e-07 tau=0.00e+00 cg_it=0 shift=0 ckpt=1 alpha=0 acc mv=256
PCG_PREP o=91 rebuild=1 drift=0 previous_depth=1
POINT_SAFE o=91 frozen=278 slope=-29.363293837432913 candidate=246615.07487819096 original=246562.93081002947 current=246566.04912191816 won=0 mode=1 camera_scale=1 keep_scale=0
ATTR_RADIUS o=91 raw_norm=23419.132924444977 norm=806.33814740741786 radius=3225.3525896296715 next_radius=3225.3525896296715 lambda=1.1514848622783121e-07 next_lambda=1.1514848622783121e-07 rho=0.43432653897850426 accept=1
CLASSICAL_LM o=91 lambda=1.1514848622783121e-07 tau=1.1514848622783121e-07 prediction=7.1796485105833057 rho=0.43432653897850426 accept=1
  MFCG it  92 cost=2.465629e+05 lam=1.151e-07 tau=0.00e+00 cg_it=0 shift=0 ckpt=1 alpha=0 acc mv=258
PCG_PREP o=92 rebuild=1 drift=0 previous_depth=1
ATTR_RADIUS o=92 raw_norm=22377.744473199229 norm=3225.3525896296719 radius=3225.3525896296715 next_radius=3225.3525896296715 lambda=1.1514848622783121e-07 next_lambda=1.1514848622783121e-07 rho=0.31695943920121922 accept=1
CLASSICAL_LM o=92 lambda=1.1514848622783121e-07 tau=1.1514848622783121e-07 prediction=124.6274912469208 rho=0.31695943920121922 accept=1
  MFCG it  93 cost=2.465234e+05 lam=1.151e-07 tau=0.00e+00 cg_it=2 shift=0 ckpt=3 alpha=0 acc mv=262
PCG_PREP o=93 rebuild=1 drift=0 previous_depth=3
POINT_SAFE o=93 frozen=14 slope=-103.03329990205529 candidate=246565.30007656832 original=246509.02738528498 current=246523.42895029479 won=0 mode=1 camera_scale=1 keep_scale=0
ATTR_RADIUS o=93 raw_norm=17976.834449208924 norm=1612.6762948148362 radius=3225.3525896296715 next_radius=3225.3525896296715 lambda=1.1514848622783121e-07 next_lambda=1.1514848622783121e-07 rho=0.32217890029005108 accept=1
CLASSICAL_LM o=93 lambda=1.1514848622783121e-07 tau=1.1514848622783121e-07 prediction=44.700521967298137 rho=0.32217890029005108 accept=1
  MFCG it  94 cost=2.465090e+05 lam=1.151e-07 tau=0.00e+00 cg_it=0 shift=0 ckpt=1 alpha=0 acc mv=264
PCG_PREP o=94 rebuild=1 drift=0 previous_depth=1
POINT_SAFE o=94 frozen=28 slope=-87.060139687672518 candidate=246551.11277811028 original=246498.50985553802 current=246509.02738528498 won=0 mode=1 camera_scale=1 keep_scale=0
ATTR_RADIUS o=94 raw_norm=18295.287225160766 norm=1612.6762948148362 radius=3225.3525896296715 next_radius=3225.3525896296715 lambda=1.1514848622783121e-07 next_lambda=1.1514848622783121e-07 rho=0.26434133647828395 accept=1
CLASSICAL_LM o=94 lambda=1.1514848622783121e-07 tau=1.1514848622783121e-07 prediction=39.787684692356571 rho=0.26434133647828395 accept=1
  MFCG it  95 cost=2.464985e+05 lam=1.151e-07 tau=0.00e+00 cg_it=0 shift=0 ckpt=1 alpha=0 acc mv=266
PCG_PREP o=95 rebuild=1 drift=0 previous_depth=1
POINT_SAFE o=95 frozen=50 slope=-95.825249225442334 candidate=246532.25441755261 original=246483.70903130202 current=246498.50985553802 won=0 mode=1 camera_scale=1 keep_scale=0
ATTR_RADIUS o=95 raw_norm=18439.358496895038 norm=1612.6762948148364 radius=3225.3525896296715 next_radius=3225.3525896296715 lambda=1.1514848622783121e-07 next_lambda=1.1514848622783121e-07 rho=0.33483735983765833 accept=1
CLASSICAL_LM o=95 lambda=1.1514848622783121e-07 tau=1.1514848622783121e-07 prediction=44.203025143861879 rho=0.33483735983765833 accept=1
  MFCG it  96 cost=2.464837e+05 lam=1.151e-07 tau=0.00e+00 cg_it=0 shift=0 ckpt=1 alpha=0 acc mv=268
PCG_PREP o=96 rebuild=1 drift=0 previous_depth=1
POINT_SAFE o=96 frozen=66 slope=-108.57906585516292 candidate=246505.45844545332 original=246462.78471659939 current=246483.70903130202 won=0 mode=1 camera_scale=1 keep_scale=0
ATTR_RADIUS o=96 raw_norm=18762.200141563717 norm=1612.676294814836 radius=3225.3525896296715 next_radius=3225.3525896296715 lambda=1.1514848622783121e-07 next_lambda=1.1514848622783121e-07 rho=0.41577885977347417 accept=1
CLASSICAL_LM o=96 lambda=1.1514848622783121e-07 tau=1.1514848622783121e-07 prediction=50.325585851161904 rho=0.41577885977347417 accept=1
  MFCG it  97 cost=2.464628e+05 lam=1.151e-07 tau=0.00e+00 cg_it=0 shift=0 ckpt=1 alpha=0 acc mv=270
PCG_PREP o=97 rebuild=1 drift=0 previous_depth=1
ATTR_RADIUS o=97 raw_norm=7561.553718923421 norm=3225.3525896296724 radius=3225.3525896296715 next_radius=6450.7051792593429 lambda=1.1514848622783121e-07 next_lambda=1.1514848622783121e-07 rho=0.9253263497804648 accept=1
CLASSICAL_LM o=97 lambda=1.1514848622783121e-07 tau=1.1514848622783121e-07 prediction=697.91248744774589 rho=0.9253263497804648 accept=1
  MFCG it  98 cost=2.458170e+05 lam=1.151e-07 tau=0.00e+00 cg_it=1 shift=0 ckpt=2 alpha=0 acc mv=273
PCG_PREP o=98 rebuild=1 drift=0 previous_depth=2
POINT_SAFE o=98 frozen=386 slope=-436.78354706209103 candidate=246117.37416861043 original=245772.25440277139 current=245816.98790212316 won=0 mode=1 camera_scale=1 keep_scale=0
ATTR_RADIUS o=98 raw_norm=20769.034072647504 norm=3225.3525896296733 radius=6450.7051792593429 next_radius=1612.6762948148357 lambda=1.1514848622783121e-07 next_lambda=1.8423757796452994e-06 rho=0.24144235626562885 accept=1
CLASSICAL_LM o=98 lambda=1.1514848622783121e-07 tau=1.1514848622783121e-07 prediction=185.27610500353882 rho=0.24144235626562885 accept=1
  MFCG it  99 cost=2.457723e+05 lam=1.842e-06 tau=0.00e+00 cg_it=0 shift=0 ckpt=1 alpha=0 acc mv=275
PCG_PREP o=99 rebuild=1 drift=0 previous_depth=1
ATTR_RADIUS o=99 raw_norm=1262.8844791860063 norm=1262.8844791860063 radius=1612.6762948148357 next_radius=1612.6762948148357 lambda=1.8423757796452994e-06 next_lambda=1.8423757796452996e-07 rho=0.98021922439508191 accept=1
CLASSICAL_LM o=99 lambda=1.8423757796452994e-06 tau=1.8423757796452994e-06 prediction=488.66775092568389 rho=0.98021922439508191 accept=1
  MFCG it 100 cost=2.452933e+05 lam=1.842e-07 tau=0.00e+00 cg_it=0 shift=0 ckpt=1 alpha=0 acc mv=277
PCG_PREP o=100 rebuild=1 drift=0 previous_depth=1
ATTR_RADIUS o=100 raw_norm=8246.1030387185638 norm=1612.6762948148353 radius=1612.6762948148357 next_radius=3225.3525896296715 lambda=1.8423757796452996e-07 next_lambda=1.1514848622783121e-07 rho=0.94696166149018557 accept=1
CLASSICAL_LM o=100 lambda=1.8423757796452996e-07 tau=1.8423757796452996e-07 prediction=128.02953501751483 rho=0.94696166149018557 accept=1
  MFCG it 101 cost=2.451720e+05 lam=1.151e-07 tau=0.00e+00 cg_it=8 shift=0 ckpt=9 alpha=0 acc mv=287
PCG_PREP o=101 rebuild=1 drift=0 previous_depth=9
ATTR_RADIUS o=101 raw_norm=11427.430609369701 norm=3225.3525896296724 radius=3225.3525896296715 next_radius=3225.3525896296715 lambda=1.1514848622783121e-07 next_lambda=1.1514848622783121e-07 rho=0.68402361772929776 accept=1
CLASSICAL_LM o=101 lambda=1.1514848622783121e-07 tau=1.1514848622783121e-07 prediction=90.948461694563221 rho=0.68402361772929776 accept=1
  MFCG it 102 cost=2.451098e+05 lam=1.151e-07 tau=0.00e+00 cg_it=5 shift=0 ckpt=6 alpha=0 acc mv=294
PCG_PREP o=102 rebuild=1 drift=0 previous_depth=6
POINT_SAFE o=102 frozen=9 slope=-43.301169701160902 candidate=245145.68691990388 original=245106.77645025085 current=245109.80292197689 won=0 mode=1 camera_scale=1 keep_scale=0
ATTR_RADIUS o=102 raw_norm=13795.53548779558 norm=1612.676294814836 radius=3225.3525896296715 next_radius=806.33814740741786 lambda=1.1514848622783121e-07 next_lambda=1.8423757796452994e-06 rho=0.16107153458460313 accept=1
CLASSICAL_LM o=102 lambda=1.1514848622783121e-07 tau=1.1514848622783121e-07 prediction=18.78961253984777 rho=0.16107153458460313 accept=1
  MFCG it 103 cost=2.451068e+05 lam=1.842e-06 tau=0.00e+00 cg_it=0 shift=0 ckpt=1 alpha=0 acc mv=296
PCG_PREP o=103 rebuild=1 drift=0 previous_depth=1
ATTR_RADIUS o=103 raw_norm=860.50488095196408 norm=806.33814740741786 radius=806.33814740741786 next_radius=1612.6762948148357 lambda=1.8423757796452994e-06 next_lambda=4.6059394491132485e-07 rho=0.97716898278408171 accept=1
CLASSICAL_LM o=103 lambda=1.8423757796452994e-06 tau=1.8423757796452994e-06 prediction=53.700894533863107 rho=0.97716898278408171 accept=1
  MFCG it 104 cost=2.450543e+05 lam=4.606e-07 tau=0.00e+00 cg_it=0 shift=0 ckpt=1 alpha=0 acc mv=298
PCG_PREP o=104 rebuild=1 drift=0 previous_depth=1
ATTR_RADIUS o=104 raw_norm=3099.3702549169002 norm=1612.6762948148355 radius=1612.6762948148357 next_radius=3225.3525896296715 lambda=4.6059394491132485e-07 next_lambda=1.1514848622783121e-07 rho=0.94499250933754098 accept=1
CLASSICAL_LM o=104 lambda=4.6059394491132485e-07 tau=4.6059394491132485e-07 prediction=54.599717691732451 rho=0.94499250933754098 accept=1
  MFCG it 105 cost=2.450027e+05 lam=1.151e-07 tau=0.00e+00 cg_it=20 shift=0 ckpt=21 alpha=0 acc mv=320
PCG_PREP o=105 rebuild=1 drift=0 previous_depth=21
POINT_SAFE o=105 frozen=122 slope=-8.8577796065662326 candidate=245036.01279225879 original=245001.81577697417 current=245002.70527753397 won=0 mode=1 camera_scale=1 keep_scale=0
ATTR_RADIUS o=105 raw_norm=10382.759249906991 norm=806.33814740741775 radius=3225.3525896296715 next_radius=3225.3525896296715 lambda=1.1514848622783121e-07 next_lambda=1.1514848622783121e-07 rho=0.41725705346965325 accept=1
CLASSICAL_LM o=105 lambda=1.1514848622783121e-07 tau=1.1514848622783121e-07 prediction=2.1317807629753887 rho=0.41725705346965325 accept=1
  MFCG it 106 cost=2.450018e+05 lam=1.151e-07 tau=0.00e+00 cg_it=0 shift=0 ckpt=1 alpha=0 acc mv=322
PCG_PREP o=106 rebuild=1 drift=0 previous_depth=1
POINT_SAFE o=106 frozen=42 slope=-7.8594106677141067 candidate=245037.32252407205 original=245001.25730965674 current=245001.81577697417 won=0 mode=1 camera_scale=1 keep_scale=0
ATTR_RADIUS o=106 raw_norm=10139.488339495723 norm=806.33814740741752 radius=3225.3525896296715 next_radius=3225.3525896296715 lambda=1.1514848622783121e-07 next_lambda=1.1514848622783121e-07 rho=0.29327095478382614 accept=1
CLASSICAL_LM o=106 lambda=1.1514848622783121e-07 tau=1.1514848622783121e-07 prediction=1.9042708059597027 rho=0.29327095478382614 accept=1
  MFCG it 107 cost=2.450013e+05 lam=1.151e-07 tau=0.00e+00 cg_it=0 shift=0 ckpt=1 alpha=0 acc mv=324
PCG_PREP o=107 rebuild=1 drift=0 previous_depth=1
POINT_SAFE o=107 frozen=19 slope=-7.5914792707333989 candidate=245038.52515601783 original=245000.89562285042 current=245001.25730965674 won=0 mode=1 camera_scale=1 keep_scale=0
ATTR_RADIUS o=107 raw_norm=9915.0484303629892 norm=806.33814740741775 radius=3225.3525896296715 next_radius=806.33814740741786 lambda=1.1514848622783121e-07 next_lambda=1.8423757796452994e-06 rho=0.19626414197784581 accept=1
CLASSICAL_LM o=107 lambda=1.1514848622783121e-07 tau=1.1514848622783121e-07 prediction=1.8428572976500546 rho=0.19626414197784581 accept=1
  MFCG it 108 cost=2.450009e+05 lam=1.842e-06 tau=0.00e+00 cg_it=0 shift=0 ckpt=1 alpha=0 acc mv=326
PCG_PREP o=108 rebuild=1 drift=0 previous_depth=1
ATTR_RADIUS o=108 raw_norm=767.26861606309546 norm=767.26861606309546 radius=806.33814740741786 next_radius=1612.6762948148357 lambda=1.8423757796452994e-06 next_lambda=4.6059394491132485e-07 rho=1.0183901946257268 accept=1
CLASSICAL_LM o=108 lambda=1.8423757796452994e-06 tau=1.8423757796452994e-06 prediction=6.794144125348005 rho=1.0183901946257268 accept=1
  MFCG it 109 cost=2.449940e+05 lam=4.606e-07 tau=0.00e+00 cg_it=0 shift=0 ckpt=1 alpha=0 acc mv=328
PCG_PREP o=109 rebuild=1 drift=0 previous_depth=1
ATTR_RADIUS o=109 raw_norm=2421.7411953524847 norm=1612.6762948148362 radius=1612.6762948148357 next_radius=3225.3525896296715 lambda=4.6059394491132485e-07 next_lambda=1.1514848622783121e-07 rho=0.90515401451491018 accept=1
CLASSICAL_LM o=109 lambda=4.6059394491132485e-07 tau=4.6059394491132485e-07 prediction=14.976586917970144 rho=0.90515401451491018 accept=1
  MFCG it 110 cost=2.449804e+05 lam=1.151e-07 tau=0.00e+00 cg_it=19 shift=0 ckpt=20 alpha=0 acc mv=349
PCG_PREP o=110 rebuild=1 drift=0 previous_depth=20
POINT_SAFE o=110 frozen=11 slope=-5.4546709504439823 candidate=245015.83830946439 original=244980.23323414574 current=244980.42041531976 won=0 mode=1 camera_scale=1 keep_scale=0
ATTR_RADIUS o=110 raw_norm=8337.707692437707 norm=806.33814740741741 radius=3225.3525896296715 next_radius=806.33814740741786 lambda=1.1514848622783121e-07 next_lambda=1.8423757796452994e-06 rho=0.14147628293250633 accept=1
CLASSICAL_LM o=110 lambda=1.1514848622783121e-07 tau=1.1514848622783121e-07 prediction=1.3230569120677185 rho=0.14147628293250633 accept=1
  MFCG it 111 cost=2.449802e+05 lam=1.842e-06 tau=0.00e+00 cg_it=0 shift=0 ckpt=1 alpha=0 acc mv=351
PCG_PREP o=111 rebuild=1 drift=0 previous_depth=1
ATTR_RADIUS o=111 raw_norm=621.38715766936514 norm=621.38715766936514 radius=806.33814740741786 next_radius=806.33814740741786 lambda=1.8423757796452994e-06 next_lambda=1.8423757796452996e-07 rho=0.99346809267100367 accept=1
CLASSICAL_LM o=111 lambda=1.8423757796452994e-06 tau=1.8423757796452994e-06 prediction=3.5591299170895341 rho=0.99346809267100367 accept=1
  MFCG it 112 cost=2.449767e+05 lam=1.842e-07 tau=0.00e+00 cg_it=0 shift=0 ckpt=1 alpha=0 acc mv=353
PCG_PREP o=112 rebuild=1 drift=0 previous_depth=1
ATTR_RADIUS o=112 raw_norm=4792.5419551972136 norm=806.3381474074173 radius=806.33814740741786 next_radius=1612.6762948148357 lambda=1.8423757796452996e-07 next_lambda=1.1514848622783121e-07 rho=0.82338744959141075 accept=1
CLASSICAL_LM o=112 lambda=1.8423757796452996e-07 tau=1.8423757796452996e-07 prediction=1.7499456310299519 rho=0.82338744959141075 accept=1
  MFCG it 113 cost=2.449753e+05 lam=1.151e-07 tau=0.00e+00 cg_it=21 shift=0 ckpt=22 alpha=0 acc mv=376
PCG_PREP o=113 rebuild=1 drift=0 previous_depth=22
POINT_SAFE o=113 frozen=4 slope=-1.7783934100014691 candidate=244977.15309964557 original=244974.93598869338 current=244975.25646886538 won=0 mode=1 camera_scale=1 keep_scale=0
ATTR_RADIUS o=113 raw_norm=7577.7643013830993 norm=806.33814740741775 radius=1612.6762948148357 next_radius=1612.6762948148357 lambda=1.1514848622783121e-07 next_lambda=1.1514848622783121e-07 rho=0.36540429365180094 accept=1
CLASSICAL_LM o=113 lambda=1.1514848622783121e-07 tau=1.1514848622783121e-07 prediction=0.87705639360627574 rho=0.36540429365180094 accept=1
  MFCG it 114 cost=2.449749e+05 lam=1.151e-07 tau=0.00e+00 cg_it=0 shift=0 ckpt=1 alpha=0 acc mv=378
PCG_PREP o=114 rebuild=1 drift=0 previous_depth=1
POINT_SAFE o=114 frozen=5 slope=-1.9464261103684541 candidate=244977.42510448373 original=244974.76519768464 current=244974.93598869338 won=0 mode=1 camera_scale=1 keep_scale=0
ATTR_RADIUS o=114 raw_norm=7486.3163674143088 norm=806.33814740741775 radius=1612.6762948148357 next_radius=403.16907370370893 lambda=1.1514848622783121e-07 next_lambda=1.8423757796452994e-06 rho=0.18017648249968699 accept=1
CLASSICAL_LM o=114 lambda=1.1514848622783121e-07 tau=1.1514848622783121e-07 prediction=0.94790955164097446 rho=0.18017648249968699 accept=1
  MFCG it 115 cost=2.449748e+05 lam=1.842e-06 tau=0.00e+00 cg_it=0 shift=0 ckpt=1 alpha=0 acc mv=380
PCG_PREP o=115 rebuild=1 drift=0 previous_depth=1
ATTR_RADIUS o=115 raw_norm=567.27213841498326 norm=403.16907370370899 radius=403.16907370370893 next_radius=806.33814740741786 lambda=1.8423757796452994e-06 next_lambda=4.6059394491132485e-07 rho=0.95991006353274111 accept=1
CLASSICAL_LM o=115 lambda=1.8423757796452994e-06 tau=1.8423757796452994e-06 prediction=1.8281544279459427 rho=0.95991006353274111 accept=1
  MFCG it 116 cost=2.449730e+05 lam=4.606e-07 tau=0.00e+00 cg_it=0 shift=0 ckpt=1 alpha=0 acc mv=382
PCG_PREP o=116 rebuild=1 drift=0 previous_depth=1
ATTR_RADIUS o=116 raw_norm=1862.2984347708762 norm=806.33814740741809 radius=806.33814740741786 next_radius=1612.6762948148357 lambda=4.6059394491132485e-07 next_lambda=1.1514848622783121e-07 rho=0.88550505562064485 accept=1
CLASSICAL_LM o=116 lambda=4.6059394491132485e-07 tau=4.6059394491132485e-07 prediction=1.9226666356626672 rho=0.88550505562064485 accept=1
  MFCG it 117 cost=2.449713e+05 lam=1.151e-07 tau=0.00e+00 cg_it=5 shift=0 ckpt=6 alpha=0 acc mv=389
PCG_PREP o=117 rebuild=1 drift=0 previous_depth=6
POINT_SAFE o=117 frozen=50 slope=-1.6142755169043792 candidate=244973.41605587536 original=244971.08484558295 current=244971.30780282541 won=0 mode=1 camera_scale=1 keep_scale=0
ATTR_RADIUS o=117 raw_norm=6900.8655313406443 norm=806.33814740741809 radius=1612.6762948148357 next_radius=1612.6762948148357 lambda=1.1514848622783121e-07 next_lambda=1.1514848622783121e-07 rho=0.28094739053518902 accept=1
CLASSICAL_LM o=117 lambda=1.1514848622783121e-07 tau=1.1514848622783121e-07 prediction=0.7935907218434981 rho=0.28094739053518902 accept=1
  MFCG it 118 cost=2.449711e+05 lam=1.151e-07 tau=0.00e+00 cg_it=0 shift=0 ckpt=1 alpha=0 acc mv=391
PCG_PREP o=118 rebuild=1 drift=0 previous_depth=1
POINT_SAFE o=118 frozen=3 slope=-1.8296216179032081 candidate=244973.71922563226 original=244970.98556546806 current=244971.08484558295 won=0 mode=1 camera_scale=1 keep_scale=0
ATTR_RADIUS o=118 raw_norm=6836.7567331443051 norm=806.33814740741809 radius=1612.6762948148357 next_radius=403.16907370370893 lambda=1.1514848622783121e-07 next_lambda=1.8423757796452994e-06 rho=0.11181339257318343 accept=1
CLASSICAL_LM o=118 lambda=1.1514848622783121e-07 tau=1.1514848622783121e-07 prediction=0.88790897594711726 rho=0.11181339257318343 accept=1
  MFCG it 119 cost=2.449710e+05 lam=1.842e-06 tau=0.00e+00 cg_it=0 shift=0 ckpt=1 alpha=0 acc mv=393
PCG_PREP o=119 rebuild=1 drift=0 previous_depth=1
ATTR_RADIUS o=119 raw_norm=501.02796859202238 norm=403.16907370370893 radius=403.16907370370893 next_radius=806.33814740741786 lambda=1.8423757796452994e-06 next_lambda=4.6059394491132485e-07 rho=0.96672607383969644 accept=1
CLASSICAL_LM o=119 lambda=1.8423757796452994e-06 tau=1.8423757796452994e-06 prediction=1.7918572765089045 rho=0.96672607383969644 accept=1
  MFCG: converged (OCA_FTOL: 8 outers < 1.0e-05 rel)
  [menu-backtrack] confirming stop with original retry policy at outer 120
  MFCG it 120 cost=2.449693e+05 lam=4.606e-07 tau=0.00e+00 cg_it=0 shift=0 ckpt=1 alpha=0 acc mv=395
PCG_PREP o=120 rebuild=1 drift=0 previous_depth=1
ATTR_RADIUS o=120 raw_norm=1678.7705849382307 norm=806.33814740741798 radius=806.33814740741786 next_radius=1612.6762948148357 lambda=4.6059394491132485e-07 next_lambda=1.1514848622783121e-07 rho=0.83185130956875108 accept=1
CLASSICAL_LM o=120 lambda=4.6059394491132485e-07 tau=4.6059394491132485e-07 prediction=1.334864520518239 rho=0.83185130956875108 accept=1
  MFCG it 121 cost=2.449681e+05 lam=1.151e-07 tau=0.00e+00 cg_it=7 shift=0 ckpt=8 alpha=0 acc mv=404
PCG_PREP o=121 rebuild=1 drift=0 previous_depth=8
ATTR_RADIUS o=121 raw_norm=6286.0999907083342 norm=1612.6762948148357 radius=1612.6762948148357 next_radius=403.16907370370893 lambda=1.1514848622783121e-07 next_lambda=1.8423757796452994e-06 rho=-1 accept=0
CLASSICAL_LM o=121 lambda=1.1514848622783121e-07 tau=1.1514848622783121e-07 prediction=1.4250990797439604 rho=-1 accept=0
  MFCG it 122  retry 1/8  lam=1.842e-06 tau_eff=1.151e-07  (assembly reused)
PCG_PREP o=121 rebuild=1 drift=0 previous_depth=1
ATTR_RADIUS o=121 raw_norm=477.41599765978179 norm=403.16907370370905 radius=403.16907370370893 next_radius=806.33814740741786 lambda=1.8423757796452994e-06 next_lambda=4.6059394491132485e-07 rho=0.95946653337375076 accept=1
CLASSICAL_LM o=121 lambda=1.8423757796452994e-06 tau=1.8423757796452994e-06 prediction=0.66557257276883808 rho=0.95946653337375076 accept=1
  MFCG it 122 cost=2.449675e+05 lam=4.606e-07 tau=0.00e+00 cg_it=0 shift=0 ckpt=1 alpha=0 acc mv=408
PCG_PREP o=122 rebuild=1 drift=0 previous_depth=1
ATTR_RADIUS o=122 raw_norm=1580.6950875853797 norm=806.33814740741821 radius=806.33814740741786 next_radius=1612.6762948148357 lambda=4.6059394491132485e-07 next_lambda=1.1514848622783121e-07 rho=0.79196241055445749 accept=1
CLASSICAL_LM o=122 lambda=4.6059394491132485e-07 tau=4.6059394491132485e-07 prediction=0.90106862826044454 rho=0.79196241055445749 accept=1
  MFCG it 123 cost=2.449668e+05 lam=1.151e-07 tau=0.00e+00 cg_it=3 shift=0 ckpt=4 alpha=0 acc mv=413
PCG_PREP o=123 rebuild=1 drift=0 previous_depth=4
ATTR_RADIUS o=123 raw_norm=6007.2594380757319 norm=1612.6762948148364 radius=1612.6762948148357 next_radius=403.16907370370893 lambda=1.1514848622783121e-07 next_lambda=1.8423757796452994e-06 rho=-1 accept=0
CLASSICAL_LM o=123 lambda=1.1514848622783121e-07 tau=1.1514848622783121e-07 prediction=1.3493590658115617 rho=-1 accept=0
  MFCG it 124  retry 1/8  lam=1.842e-06 tau_eff=1.151e-07  (assembly reused)
PCG_PREP o=123 rebuild=1 drift=0 previous_depth=1
ATTR_RADIUS o=123 raw_norm=441.49001571008029 norm=403.16907370370893 radius=403.16907370370893 next_radius=806.33814740741786 lambda=1.8423757796452994e-06 next_lambda=4.6059394491132485e-07 rho=0.95803849543100084 accept=1
CLASSICAL_LM o=123 lambda=1.8423757796452994e-06 tau=1.8423757796452994e-06 prediction=0.54986031041032135 rho=0.95803849543100084 accept=1
  MFCG it 124 cost=2.449663e+05 lam=4.606e-07 tau=0.00e+00 cg_it=0 shift=0 ckpt=1 alpha=0 acc mv=417
PCG_PREP o=124 rebuild=1 drift=0 previous_depth=1
ATTR_RADIUS o=124 raw_norm=1512.9971310088688 norm=806.33814740741752 radius=806.33814740741786 next_radius=806.33814740741786 lambda=4.6059394491132485e-07 next_lambda=4.6059394491132485e-07 rho=0.74032188643877994 accept=1
CLASSICAL_LM o=124 lambda=4.6059394491132485e-07 tau=4.6059394491132485e-07 prediction=0.75470780715423891 rho=0.74032188643877994 accept=1
  MFCG it 125 cost=2.449657e+05 lam=4.606e-07 tau=0.00e+00 cg_it=3 shift=0 ckpt=4 alpha=0 acc mv=422
PCG_PREP o=125 rebuild=1 drift=0 previous_depth=4
ATTR_RADIUS o=125 raw_norm=1534.2600389572701 norm=806.33814740741752 radius=806.33814740741786 next_radius=806.33814740741786 lambda=4.6059394491132485e-07 next_lambda=4.6059394491132485e-07 rho=0.53263111965896748 accept=1
CLASSICAL_LM o=125 lambda=4.6059394491132485e-07 tau=4.6059394491132485e-07 prediction=0.74548812735978753 rho=0.53263111965896748 accept=1
  MFCG it 126 cost=2.449653e+05 lam=4.606e-07 tau=0.00e+00 cg_it=0 shift=0 ckpt=1 alpha=0 acc mv=424
PCG_PREP o=126 rebuild=1 drift=0 previous_depth=1
ATTR_RADIUS o=126 raw_norm=1530.5086979483456 norm=806.33814740741775 radius=806.33814740741786 next_radius=806.33814740741786 lambda=4.6059394491132485e-07 next_lambda=4.6059394491132485e-07 rho=0.51496555394653465 accept=1
CLASSICAL_LM o=126 lambda=4.6059394491132485e-07 tau=4.6059394491132485e-07 prediction=0.86281256456263511 rho=0.51496555394653465 accept=1
  MFCG it 127 cost=2.449649e+05 lam=4.606e-07 tau=0.00e+00 cg_it=0 shift=0 ckpt=1 alpha=0 acc mv=426
PCG_PREP o=127 rebuild=1 drift=0 previous_depth=1
ATTR_RADIUS o=127 raw_norm=1511.2502700168823 norm=806.33814740741798 radius=806.33814740741786 next_radius=806.33814740741786 lambda=4.6059394491132485e-07 next_lambda=4.6059394491132485e-07 rho=0.52006050750440413 accept=1
CLASSICAL_LM o=127 lambda=4.6059394491132485e-07 tau=4.6059394491132485e-07 prediction=0.94094826215490324 rho=0.52006050750440413 accept=1
  MFCG: converged (OCA_FTOL: 8 outers < 1.0e-05 rel)
  MFCG: accepts=128 rejects=6 total_matvecs=428 negcurv=1 cand_evals=134 mean_cg_per_outer=3.3
NUMERIC_REPAIR summary rebuilds=1 floor=1.1514848622783121e-07
  [retry-cache] builds=135 reuses=0
  [menu-backtrack] trials=49 rescues=49 evals=112 total_scored=246
POINT_SAFE summary calls=49 evals=49 wins=2 frozen=10759 seconds=0.117923356
  [scoring] menu_evals=134 alpha_evals=0 backtrack_evals=112 total_scored=246
RESULT algo=mfree_shifted_cg iters=128 final_cost=244964.3744614178 solve_seconds=1.490290
DIAGNOSTICS median_reproj_err_px 3.252455 -> 0.358581 | cheirality_violations(obs) 0 -> 16 | cheirality_violations(pts, of 64053) 0 -> 8
