  [menu-backtrack] active=1 max_evals=8 warmup_accepts=3 confirm_stop=original armijo=1e-4
MIXED_STORAGE fragments=fp32 arithmetic=fp64 state=fp64 acceptance=fp64
  [compact-fragments] active=2 saved_bytes=171996448 storage=fp32 camera_reads=contiguous
  MFCG score_init=90993342.024340227 precision=fp64
PCG_PREP o=0 rebuild=1 drift=0 previous_depth=0
ATTR_RADIUS o=0 raw_norm=8861.1709887307607 norm=8861.1709887307607 radius=8861.1709887307607 next_radius=17722.341977461521 lambda=0.10000000000000001 next_lambda=0.025000000000000001 rho=0.99545080656082663 accept=1
CLASSICAL_LM o=0 lambda=0.10000000000000001 tau=0.10000000000000001 prediction=83412716.699058965 rho=0.99545080656082663 accept=1
  MFCG it   1 cost=7.960086e+06 lam=2.500e-02 tau=0.00e+00 cg_it=0 shift=0 ckpt=1 alpha=0 acc mv=2
PCG_PREP o=1 rebuild=1 drift=0 previous_depth=1
ATTR_RADIUS o=1 raw_norm=4659.7121206778038 norm=4659.7121206778038 radius=17722.341977461521 next_radius=17722.341977461521 lambda=0.025000000000000001 next_lambda=0.0025000000000000005 rho=0.99453896506500195 accept=1
CLASSICAL_LM o=1 lambda=0.025000000000000001 tau=0.025000000000000001 prediction=4259951.5107679628 rho=0.99453896506500195 accept=1
  MFCG it   2 cost=3.723398e+06 lam=2.500e-03 tau=0.00e+00 cg_it=4 shift=0 ckpt=5 alpha=0 acc mv=8
PCG_PREP o=2 rebuild=1 drift=0 previous_depth=5
ATTR_RADIUS o=2 raw_norm=6975.6779789559678 norm=6975.6779789559678 radius=17722.341977461521 next_radius=17722.341977461521 lambda=0.0025000000000000005 next_lambda=0.00025000000000000006 rho=0.87051061466526414 accept=1
CLASSICAL_LM o=2 lambda=0.0025000000000000005 tau=0.0025000000000000005 prediction=1234099.5580717502 rho=0.87051061466526414 accept=1
  MFCG it   3 cost=2.649101e+06 lam=2.500e-04 tau=0.00e+00 cg_it=9 shift=0 ckpt=10 alpha=0 acc mv=19
PCG_PREP o=3 rebuild=1 drift=0 previous_depth=10
ATTR_RADIUS o=3 raw_norm=10922.542500248061 norm=10922.542500248061 radius=17722.341977461521 next_radius=17722.341977461521 lambda=0.00025000000000000006 next_lambda=2.5000000000000008e-05 rho=0.71461554944876815 accept=1
CLASSICAL_LM o=3 lambda=0.00025000000000000006 tau=0.00025000000000000006 prediction=596515.31226697587 rho=0.71461554944876815 accept=1
  MFCG it   4 cost=2.222822e+06 lam=2.500e-05 tau=0.00e+00 cg_it=0 shift=0 ckpt=1 alpha=0 acc mv=21
PCG_PREP o=4 rebuild=1 drift=0 previous_depth=1
POINT_SAFE o=4 frozen=1341 slope=-336469.79998269823 candidate=2043410.2473327299 original=2072225.5950221492 current=2222822.2596005495 won=1 mode=1 camera_scale=1 keep_scale=0
ATTR_RADIUS o=4 raw_norm=25300.156685819493 norm=17722.341977461514 radius=17722.341977461521 next_radius=35444.683954923043 lambda=2.5000000000000008e-05 next_lambda=6.250000000000002e-06 rho=0.91745233072359567 accept=1
CLASSICAL_LM o=4 lambda=2.5000000000000008e-05 tau=2.5000000000000008e-05 prediction=195554.58769865151 rho=0.91745233072359567 accept=1
  MFCG it   5 cost=2.043410e+06 lam=6.250e-06 tau=0.00e+00 cg_it=1 shift=0 ckpt=2 alpha=0 acc mv=24
PCG_PREP o=5 rebuild=1 drift=0 previous_depth=2
POINT_SAFE o=5 frozen=1597 slope=-207540.81388776659 candidate=2178490.1019071587 original=2002351.4122087189 current=2043410.2473327299 won=0 mode=1 camera_scale=1 keep_scale=0
ATTR_RADIUS o=5 raw_norm=42981.161348023095 norm=4430.5854943653821 radius=35444.683954923043 next_radius=35444.683954923043 lambda=6.250000000000002e-06 next_lambda=6.2500000000000026e-07 rho=0.91572357133390303 accept=1
CLASSICAL_LM o=5 lambda=6.250000000000002e-06 tau=6.250000000000002e-06 prediction=44837.586810397297 rho=0.91572357133390303 accept=1
  MFCG it   6 cost=2.002351e+06 lam=6.250e-07 tau=0.00e+00 cg_it=7 shift=0 ckpt=8 alpha=0 acc mv=33
PCG_PREP o=6 rebuild=1 drift=0 previous_depth=8
POINT_SAFE o=6 frozen=1716 slope=-116983.07125123206 candidate=4316708.6166028036 original=1973635.5533666494 current=2002351.4122087189 won=0 mode=1 camera_scale=1 keep_scale=0
ATTR_RADIUS o=6 raw_norm=69285.612822483963 norm=8861.1709887307588 radius=35444.683954923043 next_radius=35444.683954923043 lambda=6.2500000000000026e-07 next_lambda=6.2500000000000024e-08 rho=0.49769852086061422 accept=1
CLASSICAL_LM o=6 lambda=6.2500000000000026e-07 tau=6.2500000000000026e-07 prediction=57697.295930103232 rho=0.49769852086061422 accept=1
  MFCG it   7 cost=1.973636e+06 lam=6.250e-08 tau=0.00e+00 cg_it=5 shift=0 ckpt=6 alpha=0 acc mv=40
PCG_PREP o=7 rebuild=1 drift=0 previous_depth=6
POINT_SAFE o=7 frozen=783 slope=-53107.281591547558 candidate=12660336.769014498 original=1973059.7509217171 current=1973635.5533666494 won=0 mode=1 camera_scale=1 keep_scale=0
ATTR_RADIUS o=7 raw_norm=77199.974442990759 norm=553.82318679567254 radius=35444.683954923043 next_radius=8861.1709887307607 lambda=6.2500000000000024e-08 next_lambda=1.0000000000000004e-06 rho=0.22528123817893994 accept=1
CLASSICAL_LM o=7 lambda=6.2500000000000024e-08 tau=6.2500000000000024e-08 prediction=2555.9272027567886 rho=0.22528123817893994 accept=1
  MFCG it   8 cost=1.973060e+06 lam=1.000e-06 tau=0.00e+00 cg_it=0 shift=0 ckpt=1 alpha=0 acc mv=42
PCG_PREP o=8 rebuild=1 drift=0 previous_depth=1
POINT_SAFE o=8 frozen=275 slope=-45199.637532465509 candidate=2004137.71165524 original=1972512.1006235217 current=1973059.7509217171 won=0 mode=1 camera_scale=1 keep_scale=0
ATTR_RADIUS o=8 raw_norm=30866.895006227103 norm=138.45579669891808 radius=8861.1709887307607 next_radius=2215.2927471826902 lambda=1.0000000000000004e-06 next_lambda=1.6000000000000006e-05 rho=0.22564149238256406 accept=1
CLASSICAL_LM o=8 lambda=1.0000000000000004e-06 tau=1.0000000000000004e-06 prediction=2427.0815283693978 rho=0.22564149238256406 accept=1
  MFCG it   9 cost=1.972512e+06 lam=1.600e-05 tau=0.00e+00 cg_it=0 shift=0 ckpt=1 alpha=0 acc mv=44
PCG_PREP o=9 rebuild=1 drift=0 previous_depth=1
POINT_SAFE o=9 frozen=42 slope=-41279.521898677573 candidate=1950125.8626760512 original=1971530.6473772416 current=1972512.1006235217 won=1 mode=1 camera_scale=1 keep_scale=0
ATTR_RADIUS o=9 raw_norm=8875.7349206576782 norm=2215.2927471826902 radius=2215.2927471826902 next_radius=4430.5854943653803 lambda=1.6000000000000006e-05 next_lambda=4.0000000000000015e-06 rho=0.92106558929173377 accept=1
CLASSICAL_LM o=9 lambda=1.6000000000000006e-05 tau=1.6000000000000006e-05 prediction=24304.716415130348 rho=0.92106558929173377 accept=1
  MFCG it  10 cost=1.950126e+06 lam=4.000e-06 tau=0.00e+00 cg_it=0 shift=0 ckpt=1 alpha=0 acc mv=46
PCG_PREP o=10 rebuild=1 drift=0 previous_depth=1
POINT_SAFE o=10 frozen=427 slope=-13897.270706932024 candidate=1939798.668659114 original=1949344.9640566402 current=1950125.8626760512 won=1 mode=1 camera_scale=1 keep_scale=0
ATTR_RADIUS o=10 raw_norm=30238.913235538905 norm=4430.5854943653794 radius=4430.5854943653803 next_radius=8861.1709887307607 lambda=4.0000000000000015e-06 next_lambda=1.0000000000000004e-06 rho=0.93932520706987932 accept=1
CLASSICAL_LM o=10 lambda=4.0000000000000015e-06 tau=4.0000000000000015e-06 prediction=10994.269012700832 rho=0.93932520706987932 accept=1
  MFCG it  11 cost=1.939799e+06 lam=1.000e-06 tau=0.00e+00 cg_it=1 shift=0 ckpt=2 alpha=0 acc mv=49
PCG_PREP o=11 rebuild=1 drift=0 previous_depth=2
POINT_SAFE o=11 frozen=523 slope=-13827.107260513778 candidate=1929368.8305616933 original=1938817.7992126974 current=1939798.668659114 won=1 mode=1 camera_scale=1 keep_scale=0
ATTR_RADIUS o=11 raw_norm=44995.505390797334 norm=8861.1709887307588 radius=8861.1709887307607 next_radius=17722.341977461521 lambda=1.0000000000000004e-06 next_lambda=2.5000000000000009e-07 rho=0.90926221215412451 accept=1
CLASSICAL_LM o=11 lambda=1.0000000000000004e-06 tau=1.0000000000000004e-06 prediction=11470.660451963051 rho=0.90926221215412451 accept=1
  MFCG it  12 cost=1.929369e+06 lam=2.500e-07 tau=0.00e+00 cg_it=1 shift=0 ckpt=2 alpha=0 acc mv=52
PCG_PREP o=12 rebuild=1 drift=0 previous_depth=2
POINT_SAFE o=12 frozen=1211 slope=-31331.617807006223 candidate=1936563.2837122018 original=1927535.0174955423 current=1929368.8305616933 won=0 mode=1 camera_scale=1 keep_scale=0
ATTR_RADIUS o=12 raw_norm=66094.788473481007 norm=553.82318679567254 radius=17722.341977461521 next_radius=17722.341977461521 lambda=2.5000000000000009e-07 next_lambda=2.5000000000000012e-08 rho=0.41561042983395147 accept=1
CLASSICAL_LM o=12 lambda=2.5000000000000009e-07 tau=2.5000000000000009e-07 prediction=4412.3364923340714 rho=0.41561042983395147 accept=1
  MFCG it  13 cost=1.927535e+06 lam=2.500e-08 tau=0.00e+00 cg_it=4 shift=0 ckpt=5 alpha=0 acc mv=58
PCG_PREP o=13 rebuild=1 drift=0 previous_depth=5
NUMERIC_REPAIR o=13 lambda=2.5000000000000012e-08 rayleigh=-7.0702888614719951e-09 next_lambda=1.2828115544588803e-07 cg=3 rebuild=1
PCG_PREP o=13 rebuild=1 drift=0 previous_depth=3
POINT_SAFE o=13 frozen=1081 slope=-25120.426271113854 candidate=1985237.2999194418 original=1927152.3921444677 current=1927535.0174955423 won=0 mode=1 camera_scale=1 keep_scale=0
ATTR_RADIUS o=13 raw_norm=84567.169937819825 norm=138.45579669891814 radius=17722.341977461521 next_radius=17722.341977461521 lambda=1.2828115544588803e-07 next_lambda=1.2828115544588803e-07 rho=0.36378486251790798 accept=1
CLASSICAL_LM o=13 lambda=1.2828115544588803e-07 tau=1.2828115544588803e-07 prediction=1051.790193869823 rho=0.36378486251790798 accept=1
  MFCG it  14 cost=1.927152e+06 lam=1.283e-07 tau=0.00e+00 cg_it=4 shift=0 ckpt=5 alpha=0 acc mv=68
PCG_PREP o=14 rebuild=1 drift=0 previous_depth=5
POINT_SAFE o=14 frozen=1117 slope=-26391.954106733967 candidate=2002605.609240443 original=inf current=1927152.3921444677 won=0 mode=1 camera_scale=1 keep_scale=0
ATTR_RADIUS o=14 raw_norm=79667.391272677196 norm=17722.341977461518 radius=17722.341977461521 next_radius=4430.5854943653803 lambda=1.2828115544588803e-07 next_lambda=2.0524984871342085e-06 rho=-1 accept=0
CLASSICAL_LM o=14 lambda=1.2828115544588803e-07 tau=1.2828115544588803e-07 prediction=21403.798542614288 rho=-1 accept=0
  MFCG it  15  retry 1/8  lam=2.052e-06 tau_eff=1.283e-07  (assembly reused)
PCG_PREP o=14 rebuild=1 drift=0 previous_depth=5
POINT_SAFE o=14 frozen=333 slope=-13401.892861174405 candidate=1916694.9449665691 original=inf current=1927152.3921444677 won=1 mode=1 camera_scale=1 keep_scale=0
ATTR_RADIUS o=14 raw_norm=43372.802192649237 norm=4430.5854943653794 radius=4430.5854943653803 next_radius=8861.1709887307607 lambda=2.0524984871342085e-06 next_lambda=5.1312462178355213e-07 rho=0.92593383819477226 accept=1
CLASSICAL_LM o=14 lambda=2.0524984871342085e-06 tau=2.0524984871342085e-06 prediction=11293.946442530656 rho=0.92593383819477226 accept=1
  MFCG it  15 cost=1.916695e+06 lam=5.131e-07 tau=0.00e+00 cg_it=4 shift=0 ckpt=5 alpha=0 acc mv=80
PCG_PREP o=15 rebuild=1 drift=0 previous_depth=5
POINT_SAFE o=15 frozen=563 slope=-15095.962954050334 candidate=1905542.4064280707 original=1916589.6626843833 current=1916694.9449665691 won=1 mode=1 camera_scale=1 keep_scale=0
ATTR_RADIUS o=15 raw_norm=58374.242725453172 norm=8861.1709887307643 radius=8861.1709887307607 next_radius=17722.341977461521 lambda=5.1312462178355213e-07 next_lambda=1.2828115544588803e-07 rho=0.83445617325239285 accept=1
CLASSICAL_LM o=15 lambda=5.1312462178355213e-07 tau=5.1312462178355213e-07 prediction=13365.038088255713 rho=0.83445617325239285 accept=1
  MFCG it  16 cost=1.905542e+06 lam=1.283e-07 tau=0.00e+00 cg_it=4 shift=0 ckpt=5 alpha=0 acc mv=86
PCG_PREP o=16 rebuild=1 drift=0 previous_depth=5
POINT_SAFE o=16 frozen=899 slope=-8683.0763067562511 candidate=2732248.8234185325 original=1905506.195497469 current=1905542.4064280707 won=0 mode=1 camera_scale=1 keep_scale=0
ATTR_RADIUS o=16 raw_norm=54383.748681333716 norm=17722.341977461518 radius=17722.341977461521 next_radius=4430.5854943653803 lambda=1.2828115544588803e-07 next_lambda=2.0524984871342085e-06 rho=0.019918440366314599 accept=0
CLASSICAL_LM o=16 lambda=1.2828115544588803e-07 tau=1.2828115544588803e-07 prediction=1817.9601382311241 rho=0.019918440366314599 accept=0
  MFCG it  17  retry 1/8  lam=2.052e-06 tau_eff=1.283e-07  (assembly reused)
PCG_PREP o=16 rebuild=1 drift=0 previous_depth=1
POINT_SAFE o=16 frozen=391 slope=-7163.8165003986369 candidate=1902584.2002564264 original=1905418.3602223662 current=1905542.4064280707 won=1 mode=1 camera_scale=1 keep_scale=0
ATTR_RADIUS o=16 raw_norm=16757.232991938563 norm=4430.5854943653776 radius=4430.5854943653803 next_radius=4430.5854943653803 lambda=2.0524984871342085e-06 next_lambda=2.0524984871342085e-06 rho=0.55146161604017652 accept=1
CLASSICAL_LM o=16 lambda=2.0524984871342085e-06 tau=2.0524984871342085e-06 prediction=5364.3011328441526 rho=0.55146161604017652 accept=1
  MFCG it  17 cost=1.902584e+06 lam=2.052e-06 tau=0.00e+00 cg_it=0 shift=0 ckpt=1 alpha=0 acc mv=90
PCG_PREP o=17 rebuild=1 drift=0 previous_depth=1
POINT_SAFE o=17 frozen=312 slope=-5679.6036333185202 candidate=1905375.1776337051 original=1901153.1100367054 current=1902584.2002564264 won=0 mode=1 camera_scale=1 keep_scale=0
ATTR_RADIUS o=17 raw_norm=15762.000170741136 norm=138.45579669891814 radius=4430.5854943653803 next_radius=4430.5854943653803 lambda=2.0524984871342085e-06 next_lambda=2.0524984871342085e-07 rho=0.40872663034977696 accept=1
CLASSICAL_LM o=17 lambda=2.0524984871342085e-06 tau=2.0524984871342085e-06 prediction=3501.3383358365413 rho=0.40872663034977696 accept=1
  MFCG it  18 cost=1.901153e+06 lam=2.052e-07 tau=0.00e+00 cg_it=0 shift=0 ckpt=1 alpha=0 acc mv=92
PCG_PREP o=18 rebuild=1 drift=0 previous_depth=1
POINT_SAFE o=18 frozen=136 slope=-2588.3357412704308 candidate=1966680.0049213609 original=inf current=1901153.1100367054 won=0 mode=1 camera_scale=1 keep_scale=0
ATTR_RADIUS o=18 raw_norm=46648.289460594395 norm=4430.5854943653803 radius=4430.5854943653803 next_radius=1107.6463735913451 lambda=2.0524984871342085e-07 next_lambda=3.2839975794147336e-06 rho=-1 accept=0
CLASSICAL_LM o=18 lambda=2.0524984871342085e-07 tau=2.0524984871342085e-07 prediction=2086.5643862765273 rho=-1 accept=0
  MFCG it  19  retry 1/8  lam=3.284e-06 tau_eff=2.052e-07  (assembly reused)
PCG_PREP o=18 rebuild=1 drift=0 previous_depth=1
POINT_SAFE o=18 frozen=67 slope=-2369.7741247645545 candidate=1900365.005061415 original=inf current=1901153.1100367054 won=1 mode=1 camera_scale=1 keep_scale=0
ATTR_RADIUS o=18 raw_norm=11731.330307958753 norm=1107.6463735913449 radius=1107.6463735913451 next_radius=1107.6463735913451 lambda=3.2839975794147336e-06 next_lambda=3.2839975794147336e-06 rho=0.40737863262506918 accept=1
CLASSICAL_LM o=18 lambda=3.2839975794147336e-06 tau=3.2839975794147336e-06 prediction=1934.5761220021961 rho=0.40737863262506918 accept=1
  MFCG it  19 cost=1.900365e+06 lam=3.284e-06 tau=0.00e+00 cg_it=0 shift=0 ckpt=1 alpha=0 acc mv=96
PCG_PREP o=19 rebuild=1 drift=0 previous_depth=1
POINT_SAFE o=19 frozen=177 slope=-2209.5198512176839 candidate=1898271.4887531297 original=1898818.4529340002 current=1900365.005061415 won=1 mode=1 camera_scale=1 keep_scale=0
ATTR_RADIUS o=19 raw_norm=32677.396038012288 norm=1107.6463735913449 radius=1107.6463735913451 next_radius=2215.2927471826902 lambda=3.2839975794147336e-06 next_lambda=8.209993948536834e-07 rho=0.97659656911157111 accept=1
CLASSICAL_LM o=19 lambda=3.2839975794147336e-06 tau=3.2839975794147336e-06 prediction=2143.6859134061965 rho=0.97659656911157111 accept=1
  MFCG it  20 cost=1.898271e+06 lam=8.210e-07 tau=0.00e+00 cg_it=3 shift=0 ckpt=4 alpha=0 acc mv=101
PCG_PREP o=20 rebuild=1 drift=0 previous_depth=4
POINT_SAFE o=20 frozen=300 slope=-2942.732136330254 candidate=1896171.158094072 original=1897988.8246339115 current=1898271.4887531297 won=1 mode=1 camera_scale=1 keep_scale=0
ATTR_RADIUS o=20 raw_norm=48972.948921509953 norm=2215.2927471826911 radius=2215.2927471826902 next_radius=2215.2927471826902 lambda=8.209993948536834e-07 next_lambda=8.209993948536834e-07 rho=0.73391285132770234 accept=1
CLASSICAL_LM o=20 lambda=8.209993948536834e-07 tau=8.209993948536834e-07 prediction=2861.8256994111216 rho=0.73391285132770234 accept=1
  MFCG it  21 cost=1.896171e+06 lam=8.210e-07 tau=0.00e+00 cg_it=3 shift=0 ckpt=4 alpha=0 acc mv=106
PCG_PREP o=21 rebuild=1 drift=0 previous_depth=4
POINT_SAFE o=21 frozen=327 slope=-1347.6560927155572 candidate=1897611.6593724692 original=1895117.5727336647 current=1896171.158094072 won=0 mode=1 camera_scale=1 keep_scale=0
ATTR_RADIUS o=21 raw_norm=28781.296833246 norm=138.45579669891808 radius=2215.2927471826902 next_radius=553.82318679567254 lambda=8.209993948536834e-07 next_lambda=1.3135990317658934e-05 rho=0.16010835368596005 accept=1
CLASSICAL_LM o=21 lambda=8.209993948536834e-07 tau=8.209993948536834e-07 prediction=6580.4521510094874 rho=0.16010835368596005 accept=1
  MFCG it  22 cost=1.895118e+06 lam=1.314e-05 tau=0.00e+00 cg_it=0 shift=0 ckpt=1 alpha=0 acc mv=108
PCG_PREP o=22 rebuild=1 drift=0 previous_depth=1
POINT_SAFE o=22 frozen=129 slope=-1519.2295443803364 candidate=1893739.3284147682 original=1894496.2558686053 current=1895117.5727336647 won=1 mode=1 camera_scale=1 keep_scale=0
ATTR_RADIUS o=22 raw_norm=5965.2820707763949 norm=553.82318679567277 radius=553.82318679567254 next_radius=1107.6463735913451 lambda=1.3135990317658934e-05 next_lambda=3.2839975794147336e-06 rho=0.98856408623046421 accept=1
CLASSICAL_LM o=22 lambda=1.3135990317658934e-05 tau=1.3135990317658934e-05 prediction=1394.1881341774017 rho=0.98856408623046421 accept=1
  MFCG it  23 cost=1.893739e+06 lam=3.284e-06 tau=0.00e+00 cg_it=0 shift=0 ckpt=1 alpha=0 acc mv=110
PCG_PREP o=23 rebuild=1 drift=0 previous_depth=1
POINT_SAFE o=23 frozen=145 slope=-2151.3514326920349 candidate=1891648.9027763803 original=1892628.9170600295 current=1893739.3284147682 won=1 mode=1 camera_scale=1 keep_scale=0
ATTR_RADIUS o=23 raw_norm=37944.618729169764 norm=1107.6463735913455 radius=1107.6463735913451 next_radius=2215.2927471826902 lambda=3.2839975794147336e-06 next_lambda=8.209993948536834e-07 rho=0.99103416107886644 accept=1
CLASSICAL_LM o=23 lambda=3.2839975794147336e-06 tau=3.2839975794147336e-06 prediction=2109.3376197165771 rho=0.99103416107886644 accept=1
  MFCG it  24 cost=1.891649e+06 lam=8.210e-07 tau=0.00e+00 cg_it=4 shift=0 ckpt=5 alpha=0 acc mv=116
PCG_PREP o=24 rebuild=1 drift=0 previous_depth=5
POINT_SAFE o=24 frozen=101 slope=-3202.3987909314415 candidate=1889029.2381357166 original=1890270.7800888089 current=1891648.9027763803 won=1 mode=1 camera_scale=1 keep_scale=0
ATTR_RADIUS o=24 raw_norm=51897.604151513558 norm=2215.2927471826902 radius=2215.2927471826902 next_radius=4430.5854943653803 lambda=8.209993948536834e-07 next_lambda=2.0524984871342085e-07 rho=0.83718172957893888 accept=1
CLASSICAL_LM o=24 lambda=8.209993948536834e-07 tau=8.209993948536834e-07 prediction=3129.1469320301812 rho=0.83718172957893888 accept=1
  MFCG it  25 cost=1.889029e+06 lam=2.052e-07 tau=0.00e+00 cg_it=4 shift=0 ckpt=5 alpha=0 acc mv=122
PCG_PREP o=25 rebuild=1 drift=0 previous_depth=5
POINT_SAFE o=25 frozen=368 slope=-4259.569721925307 candidate=1885192.0811504764 original=1887258.5564945322 current=1889029.2381357166 won=1 mode=1 camera_scale=1 keep_scale=0
ATTR_RADIUS o=25 raw_norm=77917.286739549818 norm=4430.5854943653812 radius=4430.5854943653803 next_radius=8861.1709887307607 lambda=2.0524984871342085e-07 next_lambda=1.2828115544588803e-07 rho=0.93559307272691417 accept=1
CLASSICAL_LM o=25 lambda=2.0524984871342085e-07 tau=2.0524984871342085e-07 prediction=4101.3097436221606 rho=0.93559307272691417 accept=1
  MFCG it  26 cost=1.885192e+06 lam=1.283e-07 tau=0.00e+00 cg_it=4 shift=0 ckpt=5 alpha=0 acc mv=128
PCG_PREP o=26 rebuild=1 drift=0 previous_depth=5
POINT_SAFE o=26 frozen=437 slope=-7830.4589195968383 candidate=1886399.5984152218 original=1884853.4934681943 current=1885192.0811504764 won=0 mode=1 camera_scale=1 keep_scale=0
ATTR_RADIUS o=26 raw_norm=85157.613854345123 norm=8861.1709887307643 radius=8861.1709887307607 next_radius=2215.2927471826902 lambda=1.2828115544588803e-07 next_lambda=2.0524984871342085e-06 rho=0.049466368253406993 accept=0
CLASSICAL_LM o=26 lambda=1.2828115544588803e-07 tau=1.2828115544588803e-07 prediction=6844.8057586836539 rho=0.049466368253406993 accept=0
  MFCG it  27  retry 1/8  lam=2.052e-06 tau_eff=1.283e-07  (assembly reused)
PCG_PREP o=26 rebuild=1 drift=0 previous_depth=5
POINT_SAFE o=26 frozen=61 slope=-3760.547522241327 candidate=1881680.6843455478 original=1884135.9432080046 current=1885192.0811504764 won=1 mode=1 camera_scale=1 keep_scale=0
ATTR_RADIUS o=26 raw_norm=43116.197976960255 norm=2215.2927471826897 radius=2215.2927471826902 next_radius=4430.5854943653803 lambda=2.0524984871342085e-06 next_lambda=5.1312462178355213e-07 rho=0.9923379742875954 accept=1
CLASSICAL_LM o=26 lambda=2.0524984871342085e-06 tau=2.0524984871342085e-06 prediction=3538.508951498502 rho=0.9923379742875954 accept=1
  MFCG it  27 cost=1.881681e+06 lam=5.131e-07 tau=0.00e+00 cg_it=4 shift=0 ckpt=5 alpha=0 acc mv=140
PCG_PREP o=27 rebuild=1 drift=0 previous_depth=5
POINT_SAFE o=27 frozen=335 slope=-5251.567619602607 candidate=1877325.2419720683 original=1880725.5234612999 current=1881680.6843455478 won=1 mode=1 camera_scale=1 keep_scale=0
ATTR_RADIUS o=27 raw_norm=59308.373124347447 norm=4430.5854943653812 radius=4430.5854943653803 next_radius=8861.1709887307607 lambda=5.1312462178355213e-07 next_lambda=1.2828115544588803e-07 rho=0.87601618034977635 accept=1
CLASSICAL_LM o=27 lambda=5.1312462178355213e-07 tau=5.1312462178355213e-07 prediction=4971.8743456775419 rho=0.87601618034977635 accept=1
  MFCG it  28 cost=1.877325e+06 lam=1.283e-07 tau=0.00e+00 cg_it=4 shift=0 ckpt=5 alpha=0 acc mv=146
PCG_PREP o=28 rebuild=1 drift=0 previous_depth=5
POINT_SAFE o=28 frozen=422 slope=-7572.0957887811401 candidate=1880247.291649584 original=1857558.5426689978 current=1877325.2419720683 won=0 mode=1 camera_scale=1 keep_scale=0
ATTR_RADIUS o=28 raw_norm=83663.192637936998 norm=4430.5854943653803 radius=8861.1709887307607 next_radius=8861.1709887307607 lambda=1.2828115544588803e-07 next_lambda=1.2828115544588803e-07 rho=0.45779290063387035 accept=1
CLASSICAL_LM o=28 lambda=1.2828115544588803e-07 tau=1.2828115544588803e-07 prediction=43178.256534125219 rho=0.45779290063387035 accept=1
  MFCG it  29 cost=1.857559e+06 lam=1.283e-07 tau=0.00e+00 cg_it=4 shift=0 ckpt=5 alpha=0 acc mv=152
PCG_PREP o=29 rebuild=1 drift=0 previous_depth=5
POINT_SAFE o=29 frozen=512 slope=-73416.809757271883 candidate=2013654.296448916 original=1848666.8831548616 current=1857558.5426689978 won=0 mode=1 camera_scale=1 keep_scale=0
ATTR_RADIUS o=29 raw_norm=47694.141256687624 norm=4430.5854943653812 radius=8861.1709887307607 next_radius=8861.1709887307607 lambda=1.2828115544588803e-07 next_lambda=1.2828115544588803e-07 rho=0.31939169900066761 accept=1
CLASSICAL_LM o=29 lambda=1.2828115544588803e-07 tau=1.2828115544588803e-07 prediction=27839.356946210304 rho=0.31939169900066761 accept=1
  MFCG it  30 cost=1.848667e+06 lam=1.283e-07 tau=0.00e+00 cg_it=0 shift=0 ckpt=1 alpha=0 acc mv=154
PCG_PREP o=30 rebuild=1 drift=0 previous_depth=1
POINT_SAFE o=30 frozen=281 slope=-34376.130936231988 candidate=2173306.1782578421 original=1846784.5992756621 current=1848666.8831548616 won=0 mode=1 camera_scale=1 keep_scale=0
ATTR_RADIUS o=30 raw_norm=45776.983595081809 norm=1107.6463735913455 radius=8861.1709887307607 next_radius=8861.1709887307607 lambda=1.2828115544588803e-07 next_lambda=1.2828115544588803e-07 rho=0.46073323638736441 accept=1
CLASSICAL_LM o=30 lambda=1.2828115544588803e-07 tau=1.2828115544588803e-07 prediction=4085.4093660761837 rho=0.46073323638736441 accept=1
  MFCG it  31 cost=1.846785e+06 lam=1.283e-07 tau=0.00e+00 cg_it=0 shift=0 ckpt=1 alpha=0 acc mv=156
PCG_PREP o=31 rebuild=1 drift=0 previous_depth=1
POINT_SAFE o=31 frozen=304 slope=-29916.807124937764 candidate=2155133.2458746349 original=1845355.4085855559 current=1846784.5992756621 won=0 mode=1 camera_scale=1 keep_scale=0
ATTR_RADIUS o=31 raw_norm=43586.419057738131 norm=1107.6463735913451 radius=8861.1709887307607 next_radius=8861.1709887307607 lambda=1.2828115544588803e-07 next_lambda=1.2828115544588803e-07 rho=0.40116905011432968 accept=1
CLASSICAL_LM o=31 lambda=1.2828115544588803e-07 tau=1.2828115544588803e-07 prediction=3562.5646836388291 rho=0.40116905011432968 accept=1
  MFCG it  32 cost=1.845355e+06 lam=1.283e-07 tau=0.00e+00 cg_it=0 shift=0 ckpt=1 alpha=0 acc mv=158
PCG_PREP o=32 rebuild=1 drift=0 previous_depth=1
POINT_SAFE o=32 frozen=353 slope=-26440.931417815111 candidate=2134124.0004080036 original=1844224.799054906 current=1845355.4085855559 won=0 mode=1 camera_scale=1 keep_scale=0
ATTR_RADIUS o=32 raw_norm=41399.163183376419 norm=1107.6463735913453 radius=8861.1709887307607 next_radius=8861.1709887307607 lambda=1.2828115544588803e-07 next_lambda=1.2828115544588803e-07 rho=0.35811760047368102 accept=1
CLASSICAL_LM o=32 lambda=1.2828115544588803e-07 tau=1.2828115544588803e-07 prediction=3157.0900987675354 rho=0.35811760047368102 accept=1
  MFCG it  33 cost=1.844225e+06 lam=1.283e-07 tau=0.00e+00 cg_it=0 shift=0 ckpt=1 alpha=0 acc mv=160
PCG_PREP o=33 rebuild=1 drift=0 previous_depth=1
POINT_SAFE o=33 frozen=397 slope=-24061.483050846804 candidate=2110126.5628171312 original=1843274.2725928847 current=1844224.799054906 won=0 mode=1 camera_scale=1 keep_scale=0
ATTR_RADIUS o=33 raw_norm=39365.717935592067 norm=1107.6463735913455 radius=8861.1709887307607 next_radius=8861.1709887307607 lambda=1.2828115544588803e-07 next_lambda=1.2828115544588803e-07 rho=0.32985969143337579 accept=1
CLASSICAL_LM o=33 lambda=1.2828115544588803e-07 tau=1.2828115544588803e-07 prediction=2881.6084132342939 rho=0.32985969143337579 accept=1
  MFCG it  34 cost=1.843274e+06 lam=1.283e-07 tau=0.00e+00 cg_it=0 shift=0 ckpt=1 alpha=0 acc mv=162
PCG_PREP o=34 rebuild=1 drift=0 previous_depth=1
POINT_SAFE o=34 frozen=406 slope=-22319.379042151515 candidate=2086480.2879827095 original=1842426.8078904105 current=1843274.2725928847 won=0 mode=1 camera_scale=1 keep_scale=0
ATTR_RADIUS o=34 raw_norm=37453.799030622693 norm=1107.6463735913449 radius=8861.1709887307607 next_radius=8861.1709887307607 lambda=1.2828115544588803e-07 next_lambda=1.2828115544588803e-07 rho=0.31614203225355286 accept=1
CLASSICAL_LM o=34 lambda=1.2828115544588803e-07 tau=1.2828115544588803e-07 prediction=2680.6454568322029 rho=0.31614203225355286 accept=1
  MFCG it  35 cost=1.842427e+06 lam=1.283e-07 tau=0.00e+00 cg_it=0 shift=0 ckpt=1 alpha=0 acc mv=164
PCG_PREP o=35 rebuild=1 drift=0 previous_depth=1
POINT_SAFE o=35 frozen=415 slope=-21011.144573031612 candidate=2061875.3715792627 original=1841620.0051372747 current=1842426.8078904105 won=0 mode=1 camera_scale=1 keep_scale=0
ATTR_RADIUS o=35 raw_norm=35761.776309248686 norm=1107.6463735913446 radius=8861.1709887307607 next_radius=8861.1709887307607 lambda=1.2828115544588803e-07 next_lambda=1.2828115544588803e-07 rho=0.31888911195267305 accept=1
CLASSICAL_LM o=35 lambda=1.2828115544588803e-07 tau=1.2828115544588803e-07 prediction=2530.0417069602991 rho=0.31888911195267305 accept=1
  MFCG it  36 cost=1.841620e+06 lam=1.283e-07 tau=0.00e+00 cg_it=0 shift=0 ckpt=1 alpha=0 acc mv=166
PCG_PREP o=36 rebuild=1 drift=0 previous_depth=1
POINT_SAFE o=36 frozen=423 slope=-20024.83721001989 candidate=2038570.7205335563 original=1840814.7425547952 current=1841620.0051372747 won=0 mode=1 camera_scale=1 keep_scale=0
ATTR_RADIUS o=36 raw_norm=34206.571651028309 norm=1107.6463735913451 radius=8861.1709887307607 next_radius=8861.1709887307607 lambda=1.2828115544588803e-07 next_lambda=1.2828115544588803e-07 rho=0.33320955310218087 accept=1
CLASSICAL_LM o=36 lambda=1.2828115544588803e-07 tau=1.2828115544588803e-07 prediction=2416.6851609820787 rho=0.33320955310218087 accept=1
  MFCG it  37 cost=1.840815e+06 lam=1.283e-07 tau=0.00e+00 cg_it=0 shift=0 ckpt=1 alpha=0 acc mv=168
PCG_PREP o=37 rebuild=1 drift=0 previous_depth=1
POINT_SAFE o=37 frozen=431 slope=-19246.654748829395 candidate=2015868.5725354499 original=1839985.4506287368 current=1840814.7425547952 won=0 mode=1 camera_scale=1 keep_scale=0
ATTR_RADIUS o=37 raw_norm=32825.729646865882 norm=1107.6463735913451 radius=8861.1709887307607 next_radius=8861.1709887307607 lambda=1.2828115544588803e-07 next_lambda=1.2828115544588803e-07 rho=0.35635643167314218 accept=1
CLASSICAL_LM o=37 lambda=1.2828115544588803e-07 tau=1.2828115544588803e-07 prediction=2327.1417388619475 rho=0.35635643167314218 accept=1
  MFCG it  38 cost=1.839985e+06 lam=1.283e-07 tau=0.00e+00 cg_it=0 shift=0 ckpt=1 alpha=0 acc mv=170
PCG_PREP o=38 rebuild=1 drift=0 previous_depth=1
POINT_SAFE o=38 frozen=450 slope=-18653.961288379523 candidate=1996199.5038118539 original=1839118.5953233792 current=1839985.4506287368 won=0 mode=1 camera_scale=1 keep_scale=0
ATTR_RADIUS o=38 raw_norm=31480.2785799421 norm=1107.6463735913451 radius=8861.1709887307607 next_radius=8861.1709887307607 lambda=1.2828115544588803e-07 next_lambda=1.2828115544588803e-07 rho=0.38375106706039952 accept=1
CLASSICAL_LM o=38 lambda=1.2828115544588803e-07 tau=1.2828115544588803e-07 prediction=2258.9000520516256 rho=0.38375106706039952 accept=1
  MFCG it  39 cost=1.839119e+06 lam=1.283e-07 tau=0.00e+00 cg_it=0 shift=0 ckpt=1 alpha=0 acc mv=172
PCG_PREP o=39 rebuild=1 drift=0 previous_depth=1
POINT_SAFE o=39 frozen=473 slope=-18139.056106071173 candidate=1977005.7696355586 original=1838203.7418696459 current=1839118.5953233792 won=0 mode=1 camera_scale=1 keep_scale=0
ATTR_RADIUS o=39 raw_norm=30301.402881104172 norm=1107.6463735913453 radius=8861.1709887307607 next_radius=8861.1709887307607 lambda=1.2828115544588803e-07 next_lambda=1.2828115544588803e-07 rho=0.41601116764028773 accept=1
CLASSICAL_LM o=39 lambda=1.2828115544588803e-07 tau=1.2828115544588803e-07 prediction=2199.1079204015646 rho=0.41601116764028773 accept=1
  MFCG it  40 cost=1.838204e+06 lam=1.283e-07 tau=0.00e+00 cg_it=0 shift=0 ckpt=1 alpha=0 acc mv=174
PCG_PREP o=40 rebuild=1 drift=0 previous_depth=1
POINT_SAFE o=40 frozen=496 slope=-17706.69265937775 candidate=1960124.1526691979 original=1837239.4324251106 current=1838203.7418696459 won=0 mode=1 camera_scale=1 keep_scale=0
ATTR_RADIUS o=40 raw_norm=29163.93426596875 norm=1107.6463735913451 radius=8861.1709887307607 next_radius=8861.1709887307607 lambda=1.2828115544588803e-07 next_lambda=1.2828115544588803e-07 rho=0.4488408031805009 accept=1
CLASSICAL_LM o=40 lambda=1.2828115544588803e-07 tau=1.2828115544588803e-07 prediction=2148.4442539585571 rho=0.4488408031805009 accept=1
  MFCG it  41 cost=1.837239e+06 lam=1.283e-07 tau=0.00e+00 cg_it=0 shift=0 ckpt=1 alpha=0 acc mv=176
PCG_PREP o=41 rebuild=1 drift=0 previous_depth=1
POINT_SAFE o=41 frozen=505 slope=-17272.98372818717 candidate=1943671.0198566969 original=1836225.5139838513 current=1837239.4324251106 won=0 mode=1 camera_scale=1 keep_scale=0
ATTR_RADIUS o=41 raw_norm=28180.842549530233 norm=1107.6463735913449 radius=8861.1709887307607 next_radius=8861.1709887307607 lambda=1.2828115544588803e-07 next_lambda=1.2828115544588803e-07 rho=0.48351837137807852 accept=1
CLASSICAL_LM o=41 lambda=1.2828115544588803e-07 tau=1.2828115544588803e-07 prediction=2096.9594978770451 rho=0.48351837137807852 accept=1
  MFCG it  42 cost=1.836226e+06 lam=1.283e-07 tau=0.00e+00 cg_it=0 shift=0 ckpt=1 alpha=0 acc mv=178
PCG_PREP o=42 rebuild=1 drift=0 previous_depth=1
POINT_SAFE o=42 frozen=512 slope=-16841.27635657676 candidate=1928522.8787603197 original=1836173.7118116748 current=1836225.5139838513 won=0 mode=1 camera_scale=1 keep_scale=0
ATTR_RADIUS o=42 raw_norm=27285.292167863307 norm=8861.170988730757 radius=8861.1709887307607 next_radius=2215.2927471826902 lambda=1.2828115544588803e-07 next_lambda=2.0524984871342085e-06 rho=0.013043463577165969 accept=0
CLASSICAL_LM o=42 lambda=1.2828115544588803e-07 tau=1.2828115544588803e-07 prediction=3971.5043377914858 rho=0.013043463577165969 accept=0
  MFCG it  43  retry 1/8  lam=2.052e-06 tau_eff=1.283e-07  (assembly reused)
PCG_PREP o=42 rebuild=1 drift=0 previous_depth=1
ATTR_RADIUS o=42 raw_norm=15857.046185904752 norm=0 radius=2215.2927471826902 next_radius=553.82318679567254 lambda=2.0524984871342085e-06 next_lambda=3.2839975794147336e-05 rho=0.043717772475453678 accept=0
CLASSICAL_LM o=42 lambda=2.0524984871342085e-06 tau=2.0524984871342085e-06 prediction=6988.3119661248647 rho=0.043717772475453678 accept=0
  MFCG it  43  retry 2/8  lam=3.284e-05 tau_eff=2.052e-06  (assembly reused)
PCG_PREP o=42 rebuild=1 drift=0 previous_depth=1
ATTR_RADIUS o=42 raw_norm=5074.4400351629411 norm=553.82318679567243 radius=553.82318679567254 next_radius=1107.6463735913451 lambda=3.2839975794147336e-05 next_lambda=8.209993948536834e-06 rho=0.94814244576802587 accept=1
CLASSICAL_LM o=42 lambda=3.2839975794147336e-05 tau=3.2839975794147336e-05 prediction=5802.9897376430372 rho=0.94814244576802587 accept=1
  MFCG it  43 cost=1.830723e+06 lam=8.210e-06 tau=0.00e+00 cg_it=0 shift=0 ckpt=1 alpha=0 acc mv=184
PCG_PREP o=43 rebuild=1 drift=0 previous_depth=1
ATTR_RADIUS o=43 raw_norm=9232.4899200401633 norm=1107.6463735913444 radius=1107.6463735913451 next_radius=1107.6463735913451 lambda=8.209993948536834e-06 next_lambda=8.209993948536834e-06 rho=0.64125928546851718 accept=1
CLASSICAL_LM o=43 lambda=8.209993948536834e-06 tau=8.209993948536834e-06 prediction=3900.1229937269432 rho=0.64125928546851718 accept=1
  MFCG it  44 cost=1.828222e+06 lam=8.210e-06 tau=0.00e+00 cg_it=0 shift=0 ckpt=1 alpha=0 acc mv=186
PCG_PREP o=44 rebuild=1 drift=0 previous_depth=1
ATTR_RADIUS o=44 raw_norm=8843.9813682470267 norm=1107.6463735913449 radius=1107.6463735913451 next_radius=1107.6463735913451 lambda=8.209993948536834e-06 next_lambda=8.209993948536834e-06 rho=0.66693582364456749 accept=1
CLASSICAL_LM o=44 lambda=8.209993948536834e-06 tau=8.209993948536834e-06 prediction=3594.4210616789082 rho=0.66693582364456749 accept=1
  MFCG it  45 cost=1.825825e+06 lam=8.210e-06 tau=0.00e+00 cg_it=0 shift=0 ckpt=1 alpha=0 acc mv=188
PCG_PREP o=45 rebuild=1 drift=0 previous_depth=1
ATTR_RADIUS o=45 raw_norm=8411.48997148329 norm=1107.6463735913453 radius=1107.6463735913451 next_radius=1107.6463735913451 lambda=8.209993948536834e-06 next_lambda=8.209993948536834e-06 rho=0.69361292110655692 accept=1
CLASSICAL_LM o=45 lambda=8.209993948536834e-06 tau=8.209993948536834e-06 prediction=3290.1734136591226 rho=0.69361292110655692 accept=1
  MFCG it  46 cost=1.823543e+06 lam=8.210e-06 tau=0.00e+00 cg_it=0 shift=0 ckpt=1 alpha=0 acc mv=190
PCG_PREP o=46 rebuild=1 drift=0 previous_depth=1
ATTR_RADIUS o=46 raw_norm=7963.348004264556 norm=1107.6463735913451 radius=1107.6463735913451 next_radius=1107.6463735913451 lambda=8.209993948536834e-06 next_lambda=8.209993948536834e-06 rho=0.72366517115931728 accept=1
CLASSICAL_LM o=46 lambda=8.209993948536834e-06 tau=8.209993948536834e-06 prediction=2995.4654605221235 rho=0.72366517115931728 accept=1
  MFCG it  47 cost=1.821375e+06 lam=8.210e-06 tau=0.00e+00 cg_it=0 shift=0 ckpt=1 alpha=0 acc mv=192
PCG_PREP o=47 rebuild=1 drift=0 previous_depth=1
ATTR_RADIUS o=47 raw_norm=7515.7740049648028 norm=1107.6463735913453 radius=1107.6463735913451 next_radius=2215.2927471826902 lambda=8.209993948536834e-06 next_lambda=2.0524984871342085e-06 rho=0.75739875051672267 accept=1
CLASSICAL_LM o=47 lambda=8.209993948536834e-06 tau=8.209993948536834e-06 prediction=2710.2414601755268 rho=0.75739875051672267 accept=1
  MFCG it  48 cost=1.819323e+06 lam=2.052e-06 tau=0.00e+00 cg_it=0 shift=0 ckpt=1 alpha=0 acc mv=194
PCG_PREP o=48 rebuild=1 drift=0 previous_depth=1
ATTR_RADIUS o=48 raw_norm=11610.432679976804 norm=2215.2927471826906 radius=2215.2927471826902 next_radius=2215.2927471826902 lambda=2.0524984871342085e-06 next_lambda=2.0524984871342085e-06 rho=0.35946109836461965 accept=1
CLASSICAL_LM o=48 lambda=2.0524984871342085e-06 tau=2.0524984871342085e-06 prediction=2948.4666655299493 rho=0.35946109836461965 accept=1
  MFCG it  49 cost=1.818263e+06 lam=2.052e-06 tau=0.00e+00 cg_it=0 shift=0 ckpt=1 alpha=0 acc mv=196
PCG_PREP o=49 rebuild=1 drift=0 previous_depth=1
ATTR_RADIUS o=49 raw_norm=10867.449816994505 norm=2215.2927471826893 radius=2215.2927471826902 next_radius=2215.2927471826902 lambda=2.0524984871342085e-06 next_lambda=2.0524984871342085e-06 rho=0.49855560898338686 accept=1
CLASSICAL_LM o=49 lambda=2.0524984871342085e-06 tau=2.0524984871342085e-06 prediction=3038.1946910893466 rho=0.49855560898338686 accept=1
  MFCG it  50 cost=1.816748e+06 lam=2.052e-06 tau=0.00e+00 cg_it=0 shift=0 ckpt=1 alpha=0 acc mv=198
PCG_PREP o=50 rebuild=1 drift=0 previous_depth=1
ATTR_RADIUS o=50 raw_norm=10064.774248559293 norm=2215.2927471826888 radius=2215.2927471826902 next_radius=2215.2927471826902 lambda=2.0524984871342085e-06 next_lambda=2.0524984871342085e-06 rho=0.63414489073889979 accept=1
CLASSICAL_LM o=50 lambda=2.0524984871342085e-06 tau=2.0524984871342085e-06 prediction=2943.3528739065009 rho=0.63414489073889979 accept=1
  MFCG it  51 cost=1.814882e+06 lam=2.052e-06 tau=0.00e+00 cg_it=0 shift=0 ckpt=1 alpha=0 acc mv=200
PCG_PREP o=51 rebuild=1 drift=0 previous_depth=1
ATTR_RADIUS o=51 raw_norm=9232.0742689320341 norm=2215.2927471826906 radius=2215.2927471826902 next_radius=4430.5854943653803 lambda=2.0524984871342085e-06 next_lambda=5.1312462178355213e-07 rho=0.7975154781464282 accept=1
CLASSICAL_LM o=51 lambda=2.0524984871342085e-06 tau=2.0524984871342085e-06 prediction=2753.9510339269877 rho=0.7975154781464282 accept=1
  MFCG it  52 cost=1.812685e+06 lam=5.131e-07 tau=0.00e+00 cg_it=0 shift=0 ckpt=1 alpha=0 acc mv=202
PCG_PREP o=52 rebuild=1 drift=0 previous_depth=1
ATTR_RADIUS o=52 raw_norm=69326.385232626155 norm=4430.5854943653794 radius=4430.5854943653803 next_radius=8861.1709887307607 lambda=5.1312462178355213e-07 next_lambda=1.2828115544588803e-07 rho=0.97473038426327363 accept=1
CLASSICAL_LM o=52 lambda=5.1312462178355213e-07 tau=5.1312462178355213e-07 prediction=5489.0258568264962 rho=0.97473038426327363 accept=1
  MFCG it  53 cost=1.807335e+06 lam=1.283e-07 tau=0.00e+00 cg_it=7 shift=0 ckpt=8 alpha=0 acc mv=211
PCG_PREP o=53 rebuild=1 drift=0 previous_depth=8
ATTR_RADIUS o=53 raw_norm=87582.601643377726 norm=8861.170988730757 radius=8861.1709887307607 next_radius=17722.341977461521 lambda=1.2828115544588803e-07 next_lambda=1.2828115544588803e-07 rho=0.82471861592018836 accept=1
CLASSICAL_LM o=53 lambda=1.2828115544588803e-07 tau=1.2828115544588803e-07 prediction=8135.4785743070724 rho=0.82471861592018836 accept=1
  MFCG it  54 cost=1.800625e+06 lam=1.283e-07 tau=0.00e+00 cg_it=7 shift=0 ckpt=8 alpha=0 acc mv=220
PCG_PREP o=54 rebuild=1 drift=0 previous_depth=8
POINT_SAFE o=54 frozen=565 slope=-19385.651980897957 candidate=1807919.3038559696 original=1795652.4632268231 current=1800625.4607875624 won=0 mode=1 camera_scale=1 keep_scale=0
ATTR_RADIUS o=54 raw_norm=83734.643072157865 norm=8861.1709887307625 radius=17722.341977461521 next_radius=17722.341977461521 lambda=1.2828115544588803e-07 next_lambda=1.2828115544588803e-07 rho=0.57788262967645954 accept=1
CLASSICAL_LM o=54 lambda=1.2828115544588803e-07 tau=1.2828115544588803e-07 prediction=8605.5494755458003 rho=0.57788262967645954 accept=1
  MFCG it  55 cost=1.795652e+06 lam=1.283e-07 tau=0.00e+00 cg_it=7 shift=0 ckpt=8 alpha=0 acc mv=229
PCG_PREP o=55 rebuild=1 drift=0 previous_depth=8
ATTR_RADIUS o=55 raw_norm=28829.476979438674 norm=17722.341977461514 radius=17722.341977461521 next_radius=17722.341977461521 lambda=1.2828115544588803e-07 next_lambda=1.2828115544588803e-07 rho=0.48221438335962058 accept=1
CLASSICAL_LM o=55 lambda=1.2828115544588803e-07 tau=1.2828115544588803e-07 prediction=8135.335117657668 rho=0.48221438335962058 accept=1
  MFCG it  56 cost=1.791729e+06 lam=1.283e-07 tau=0.00e+00 cg_it=0 shift=0 ckpt=1 alpha=0 acc mv=231
PCG_PREP o=56 rebuild=1 drift=0 previous_depth=1
POINT_SAFE o=56 frozen=927 slope=-19862.554432358156 candidate=1795284.9182485528 original=1787646.4781250234 current=1791729.487619638 won=0 mode=1 camera_scale=1 keep_scale=0
ATTR_RADIUS o=56 raw_norm=33662.179687254531 norm=4430.5854943653785 radius=17722.341977461521 next_radius=17722.341977461521 lambda=1.2828115544588803e-07 next_lambda=1.2828115544588803e-07 rho=0.91121410888218701 accept=1
CLASSICAL_LM o=56 lambda=1.2828115544588803e-07 tau=1.2828115544588803e-07 prediction=4480.8453411935225 rho=0.91121410888218701 accept=1
  MFCG it  57 cost=1.787646e+06 lam=1.283e-07 tau=0.00e+00 cg_it=2 shift=0 ckpt=3 alpha=0 acc mv=235
PCG_PREP o=57 rebuild=1 drift=0 previous_depth=3
POINT_SAFE o=57 frozen=837 slope=-17328.152984829332 candidate=1790535.5070464269 original=1782587.4766480741 current=1787646.4781250234 won=0 mode=1 camera_scale=1 keep_scale=0
ATTR_RADIUS o=57 raw_norm=33671.827098965477 norm=8861.1709887307607 radius=17722.341977461521 next_radius=17722.341977461521 lambda=1.2828115544588803e-07 next_lambda=1.2828115544588803e-07 rho=0.71435524293566799 accept=1
CLASSICAL_LM o=57 lambda=1.2828115544588803e-07 tau=1.2828115544588803e-07 prediction=7081.9127135669487 rho=0.71435524293566799 accept=1
  MFCG it  58 cost=1.782587e+06 lam=1.283e-07 tau=0.00e+00 cg_it=2 shift=0 ckpt=3 alpha=0 acc mv=239
PCG_PREP o=58 rebuild=1 drift=0 previous_depth=3
ATTR_RADIUS o=58 raw_norm=21065.791640461262 norm=17722.341977461529 radius=17722.341977461521 next_radius=17722.341977461521 lambda=1.2828115544588803e-07 next_lambda=1.2828115544588803e-07 rho=0.45382290479834408 accept=1
CLASSICAL_LM o=58 lambda=1.2828115544588803e-07 tau=1.2828115544588803e-07 prediction=5750.0312092122131 rho=0.45382290479834408 accept=1
  MFCG it  59 cost=1.779978e+06 lam=1.283e-07 tau=0.00e+00 cg_it=0 shift=0 ckpt=1 alpha=0 acc mv=241
PCG_PREP o=59 rebuild=1 drift=0 previous_depth=1
POINT_SAFE o=59 frozen=825 slope=-15062.417464183151 candidate=1782006.4018515968 original=1775651.0683635385 current=1779977.9807820283 won=0 mode=1 camera_scale=1 keep_scale=0
ATTR_RADIUS o=59 raw_norm=59972.035445446803 norm=8861.1709887307643 radius=17722.341977461521 next_radius=17722.341977461521 lambda=1.2828115544588803e-07 next_lambda=1.2828115544588803e-07 rho=0.63844593137330585 accept=1
CLASSICAL_LM o=59 lambda=1.2828115544588803e-07 tau=1.2828115544588803e-07 prediction=6777.2574087559187 rho=0.63844593137330585 accept=1
  MFCG it  60 cost=1.775651e+06 lam=1.283e-07 tau=0.00e+00 cg_it=4 shift=0 ckpt=5 alpha=0 acc mv=247
PCG_PREP o=60 rebuild=1 drift=0 previous_depth=5
POINT_SAFE o=60 frozen=481 slope=-15219.207471561991 candidate=1779505.1885696303 original=1771805.4084634795 current=1775651.0683635385 won=0 mode=1 camera_scale=1 keep_scale=0
ATTR_RADIUS o=60 raw_norm=85344.572662766805 norm=8861.1709887307625 radius=17722.341977461521 next_radius=17722.341977461521 lambda=1.2828115544588803e-07 next_lambda=1.2828115544588803e-07 rho=0.56331891598171269 accept=1
CLASSICAL_LM o=60 lambda=1.2828115544588803e-07 tau=1.2828115544588803e-07 prediction=6826.7899247747537 rho=0.56331891598171269 accept=1
  MFCG it  61 cost=1.771805e+06 lam=1.283e-07 tau=0.00e+00 cg_it=6 shift=0 ckpt=7 alpha=0 acc mv=255
PCG_PREP o=61 rebuild=1 drift=0 previous_depth=7
ATTR_RADIUS o=61 raw_norm=24394.187369426196 norm=17722.341977461521 radius=17722.341977461521 next_radius=17722.341977461521 lambda=1.2828115544588803e-07 next_lambda=1.2828115544588803e-07 rho=0.69314364250555394 accept=1
CLASSICAL_LM o=61 lambda=1.2828115544588803e-07 tau=1.2828115544588803e-07 prediction=5867.8205083868588 rho=0.69314364250555394 accept=1
  MFCG it  62 cost=1.767738e+06 lam=1.283e-07 tau=0.00e+00 cg_it=0 shift=0 ckpt=1 alpha=0 acc mv=257
PCG_PREP o=62 rebuild=1 drift=0 previous_depth=1
ATTR_RADIUS o=62 raw_norm=102006.02225084174 norm=17722.341977461521 radius=17722.341977461521 next_radius=17722.341977461521 lambda=1.2828115544588803e-07 next_lambda=1.2828115544588803e-07 rho=0.44563950349926429 accept=1
CLASSICAL_LM o=62 lambda=1.2828115544588803e-07 tau=1.2828115544588803e-07 prediction=18766.988211543543 rho=0.44563950349926429 accept=1
  MFCG it  63 cost=1.759375e+06 lam=1.283e-07 tau=0.00e+00 cg_it=22 shift=0 ckpt=23 alpha=0 acc mv=281
PCG_PREP o=63 rebuild=1 drift=0 previous_depth=23
POINT_SAFE o=63 frozen=247 slope=-37170.896782867123 candidate=1784158.6841771456 original=1754328.5321941497 current=1759374.8546739586 won=0 mode=1 camera_scale=1 keep_scale=0
ATTR_RADIUS o=63 raw_norm=67553.813663607769 norm=4430.5854943653794 radius=17722.341977461521 next_radius=17722.341977461521 lambda=1.2828115544588803e-07 next_lambda=1.2828115544588803e-07 rho=0.66267511846450688 accept=1
CLASSICAL_LM o=63 lambda=1.2828115544588803e-07 tau=1.2828115544588803e-07 prediction=7615.0776439318188 rho=0.66267511846450688 accept=1
  MFCG it  64 cost=1.754329e+06 lam=1.283e-07 tau=0.00e+00 cg_it=12 shift=0 ckpt=13 alpha=0 acc mv=295
PCG_PREP o=64 rebuild=1 drift=0 previous_depth=13
POINT_SAFE o=64 frozen=297 slope=-19133.935281115468 candidate=1756190.6460354356 original=1749153.1590285073 current=1754328.5321941497 won=0 mode=1 camera_scale=1 keep_scale=0
ATTR_RADIUS o=64 raw_norm=62291.685265290755 norm=8861.170988730757 radius=17722.341977461521 next_radius=17722.341977461521 lambda=1.2828115544588803e-07 next_lambda=1.2828115544588803e-07 rho=0.58221560019461083 accept=1
CLASSICAL_LM o=64 lambda=1.2828115544588803e-07 tau=1.2828115544588803e-07 prediction=8889.100814049747 rho=0.58221560019461083 accept=1
  MFCG it  65 cost=1.749153e+06 lam=1.283e-07 tau=0.00e+00 cg_it=5 shift=0 ckpt=6 alpha=0 acc mv=302
PCG_PREP o=65 rebuild=1 drift=0 previous_depth=6
POINT_SAFE o=65 frozen=849 slope=-14283.728749682819 candidate=1743426.1248626621 original=1745685.1673439811 current=1749153.1590285073 won=1 mode=1 camera_scale=1 keep_scale=0
ATTR_RADIUS o=65 raw_norm=15601.120461025883 norm=15601.120461025883 radius=17722.341977461521 next_radius=35444.683954923043 lambda=1.2828115544588803e-07 next_lambda=1.2828115544588803e-07 rho=0.83408705012434325 accept=1
CLASSICAL_LM o=65 lambda=1.2828115544588803e-07 tau=1.2828115544588803e-07 prediction=6866.2307669103402 rho=0.83408705012434325 accept=1
TARGET reached outer=66 seconds=3.629375050 cost=1743426.1248626621 threshold=1744796.9841897595
  MFCG: accepts=66 rejects=6 total_matvecs=304 negcurv=1 cand_evals=72 mean_cg_per_outer=4.6
NUMERIC_REPAIR summary rebuilds=1 floor=1.2828115544588803e-07
  [retry-cache] builds=73 reuses=0
  [menu-backtrack] trials=51 rescues=49 evals=247 total_scored=319
POINT_SAFE summary calls=51 evals=51 wins=17 frozen=26602 seconds=0.607218781
  [scoring] menu_evals=72 alpha_evals=0 backtrack_evals=247 total_scored=319
RESULT algo=mfree_shifted_cg iters=66 final_cost=1743426.1248626621 solve_seconds=3.637501
DIAGNOSTICS median_reproj_err_px 2.704502 -> 0.547329 | cheirality_violations(obs) 751 -> 804 | cheirality_violations(pts, of 310854) 725 -> 757
