  [menu-backtrack] active=1 max_evals=8 warmup_accepts=3 confirm_stop=original armijo=1e-4
MIXED_STORAGE fragments=fp32 arithmetic=fp64 state=fp64 acceptance=fp64
TRACK_TAU rule=1,1,0.3 classes=le2,3to5,ge6 scope=all_attempts
  [compact-fragments] active=2 saved_bytes=36105992 storage=fp32 camera_reads=contiguous
  MFCG score_init=11152062.772762472 precision=fp64
PCG_PREP o=0 rebuild=1 drift=0 previous_depth=0
ATTR_RADIUS o=0 raw_norm=3230.288526919001 norm=3230.2885269190015 radius=3230.288526919001 next_radius=6460.577053838002 lambda=0.10000000000000001 next_lambda=0.025000000000000001 rho=1.0001410656015715 accept=1
CLASSICAL_LM o=0 lambda=0.10000000000000001 tau=0.10000000000000001 prediction=8933047.9913428389 rho=1.0001410656015715 accept=1
  MFCG it   1 cost=2.217755e+06 lam=2.500e-02 tau=0.00e+00 cg_it=0 shift=0 ckpt=1 alpha=0 acc mv=2
PCG_PREP o=1 rebuild=1 drift=0 previous_depth=1
ATTR_RADIUS o=1 raw_norm=2742.0728233371074 norm=2742.0728233371069 radius=6460.577053838002 next_radius=6460.577053838002 lambda=0.025000000000000001 next_lambda=0.0025000000000000005 rho=0.99690711849699698 accept=1
CLASSICAL_LM o=1 lambda=0.025000000000000001 tau=0.025000000000000001 prediction=740016.28880149755 rho=0.99690711849699698 accept=1
  MFCG it   2 cost=1.480027e+06 lam=2.500e-03 tau=0.00e+00 cg_it=4 shift=0 ckpt=5 alpha=0 acc mv=8
PCG_PREP o=2 rebuild=1 drift=0 previous_depth=5
ATTR_RADIUS o=2 raw_norm=9589.8989325180646 norm=6460.5770538380029 radius=6460.577053838002 next_radius=12921.154107676004 lambda=0.0025000000000000005 next_lambda=0.00062500000000000012 rho=0.99834001752105395 accept=1
CLASSICAL_LM o=2 lambda=0.0025000000000000005 tau=0.0025000000000000005 prediction=356608.80278391409 rho=0.99834001752105395 accept=1
  MFCG it   3 cost=1.124010e+06 lam=6.250e-04 tau=0.00e+00 cg_it=8 shift=0 ckpt=9 alpha=0 acc mv=18
PCG_PREP o=3 rebuild=1 drift=0 previous_depth=9
ATTR_RADIUS o=3 raw_norm=20922.297499509888 norm=12921.154107676004 radius=12921.154107676004 next_radius=25842.308215352008 lambda=0.00062500000000000012 next_lambda=0.00015625000000000003 rho=1.0095507720744625 accept=1
CLASSICAL_LM o=3 lambda=0.00062500000000000012 tau=0.00062500000000000012 prediction=302357.79674722231 rho=1.0095507720744625 accept=1
  MFCG it   4 cost=8.187647e+05 lam=1.563e-04 tau=0.00e+00 cg_it=5 shift=0 ckpt=6 alpha=0 acc mv=25
PCG_PREP o=4 rebuild=1 drift=0 previous_depth=6
ATTR_RADIUS o=4 raw_norm=36379.352062937352 norm=25842.308215352008 radius=25842.308215352008 next_radius=51684.616430704016 lambda=0.00015625000000000003 next_lambda=3.9062500000000008e-05 rho=0.97917139399296393 accept=1
CLASSICAL_LM o=4 lambda=0.00015625000000000003 tau=0.00015625000000000003 prediction=333146.77075289935 rho=0.97917139399296393 accept=1
  MFCG it   5 cost=4.925570e+05 lam=3.906e-05 tau=0.00e+00 cg_it=11 shift=0 ckpt=12 alpha=0 acc mv=38
PCG_PREP o=5 rebuild=1 drift=0 previous_depth=12
POINT_SAFE o=5 frozen=1604 slope=-300918.87913359253 candidate=388434.71421809681 original=370854.87358481577 current=492556.95603020804 won=0 mode=1 camera_scale=1 keep_scale=0
ATTR_RADIUS o=5 raw_norm=36990.06377350547 norm=18495.031886752735 radius=51684.616430704016 next_radius=51684.616430704016 lambda=3.9062500000000008e-05 next_lambda=3.9062500000000009e-06 rho=0.97592101423306643 accept=1
CLASSICAL_LM o=5 lambda=3.9062500000000008e-05 tau=3.9062500000000008e-05 prediction=124704.84872285755 rho=0.97592101423306643 accept=1
  MFCG it   6 cost=3.708549e+05 lam=3.906e-06 tau=0.00e+00 cg_it=6 shift=0 ckpt=7 alpha=0 acc mv=46
PCG_PREP o=6 rebuild=1 drift=0 previous_depth=7
POINT_SAFE o=6 frozen=771 slope=-179023.52795638211 candidate=400364.13078349578 original=332664.87466068647 current=370854.87358481577 won=0 mode=1 camera_scale=1 keep_scale=0
ATTR_RADIUS o=6 raw_norm=50396.897883033846 norm=12599.224470758461 radius=51684.616430704016 next_radius=51684.616430704016 lambda=3.9062500000000009e-06 next_lambda=3.9062500000000012e-07 rho=0.91982099261150618 accept=1
CLASSICAL_LM o=6 lambda=3.9062500000000009e-06 tau=3.9062500000000009e-06 prediction=41518.946872154229 rho=0.91982099261150618 accept=1
  MFCG it   7 cost=3.326649e+05 lam=3.906e-07 tau=0.00e+00 cg_it=5 shift=0 ckpt=6 alpha=0 acc mv=53
PCG_PREP o=7 rebuild=1 drift=0 previous_depth=6
POINT_SAFE o=7 frozen=307 slope=-111403.22444628453 candidate=433381.52037624514 original=325609.37489814055 current=332664.87466068647 won=0 mode=1 camera_scale=1 keep_scale=0
ATTR_RADIUS o=7 raw_norm=61419.077816133242 norm=25842.308215352004 radius=51684.616430704016 next_radius=12921.154107676004 lambda=3.9062500000000012e-07 next_lambda=6.250000000000002e-06 rho=0.15736101638056185 accept=1
CLASSICAL_LM o=7 lambda=3.9062500000000012e-07 tau=3.9062500000000012e-07 prediction=44836.389118655046 rho=0.15736101638056185 accept=1
  MFCG it   8 cost=3.256094e+05 lam=6.250e-06 tau=0.00e+00 cg_it=5 shift=0 ckpt=6 alpha=0 acc mv=60
PCG_PREP o=8 rebuild=1 drift=0 previous_depth=6
POINT_SAFE o=8 frozen=133 slope=-94675.957823540521 candidate=288332.46011043759 original=310127.89695394342 current=325609.37489814055 won=1 mode=1 camera_scale=1 keep_scale=0
ATTR_RADIUS o=8 raw_norm=10864.289445347265 norm=10864.289445347265 radius=12921.154107676004 next_radius=25842.308215352008 lambda=6.250000000000002e-06 next_lambda=1.5625000000000005e-06 rho=0.77666876842188182 accept=1
CLASSICAL_LM o=8 lambda=6.250000000000002e-06 tau=6.250000000000002e-06 prediction=47995.897740868553 rho=0.77666876842188182 accept=1
  MFCG it   9 cost=2.883325e+05 lam=1.563e-06 tau=0.00e+00 cg_it=0 shift=0 ckpt=1 alpha=0 acc mv=62
PCG_PREP o=9 rebuild=1 drift=0 previous_depth=1
POINT_SAFE o=9 frozen=99 slope=-28372.057379328904 candidate=282907.67952480604 original=284651.09228636586 current=288332.46011043759 won=1 mode=1 camera_scale=1 keep_scale=0
ATTR_RADIUS o=9 raw_norm=13764.610172726309 norm=13764.610172726309 radius=25842.308215352008 next_radius=25842.308215352008 lambda=1.5625000000000005e-06 next_lambda=1.5625000000000007e-07 rho=0.38001304424115834 accept=1
CLASSICAL_LM o=9 lambda=1.5625000000000005e-06 tau=1.5625000000000005e-06 prediction=14275.248357498376 rho=0.38001304424115834 accept=1
  MFCG it  10 cost=2.829077e+05 lam=1.563e-07 tau=0.00e+00 cg_it=0 shift=0 ckpt=1 alpha=0 acc mv=64
PCG_PREP o=10 rebuild=1 drift=0 previous_depth=1
POINT_SAFE o=10 frozen=43 slope=-22885.921407484002 candidate=284090.26179866731 original=281649.86082798376 current=282907.67952480604 won=0 mode=1 camera_scale=1 keep_scale=0
ATTR_RADIUS o=10 raw_norm=16093.53302557488 norm=8046.7665127874398 radius=25842.308215352008 next_radius=6460.577053838002 lambda=1.5625000000000007e-07 next_lambda=2.5000000000000011e-06 rho=0.11335880506194548 accept=1
CLASSICAL_LM o=10 lambda=1.5625000000000007e-07 tau=1.5625000000000007e-07 prediction=11095.90645503833 rho=0.11335880506194548 accept=1
  MFCG it  11 cost=2.816499e+05 lam=2.500e-06 tau=0.00e+00 cg_it=0 shift=0 ckpt=1 alpha=0 acc mv=66
PCG_PREP o=11 rebuild=1 drift=0 previous_depth=1
ATTR_RADIUS o=11 raw_norm=11245.596573098293 norm=6460.5770538380002 radius=6460.577053838002 next_radius=6460.577053838002 lambda=2.5000000000000011e-06 next_lambda=2.5000000000000011e-06 rho=0.56383856555144285 accept=1
CLASSICAL_LM o=11 lambda=2.5000000000000011e-06 tau=2.5000000000000011e-06 prediction=11702.737177167321 rho=0.56383856555144285 accept=1
  MFCG it  12 cost=2.750514e+05 lam=2.500e-06 tau=0.00e+00 cg_it=0 shift=0 ckpt=1 alpha=0 acc mv=68
PCG_PREP o=12 rebuild=1 drift=0 previous_depth=1
ATTR_RADIUS o=12 raw_norm=11311.677545521161 norm=6460.5770538380011 radius=6460.577053838002 next_radius=6460.577053838002 lambda=2.5000000000000011e-06 next_lambda=2.5000000000000011e-06 rho=0.48057573348076887 accept=1
CLASSICAL_LM o=12 lambda=2.5000000000000011e-06 tau=2.5000000000000011e-06 prediction=5236.5856179500252 rho=0.48057573348076887 accept=1
  MFCG it  13 cost=2.725348e+05 lam=2.500e-06 tau=0.00e+00 cg_it=0 shift=0 ckpt=1 alpha=0 acc mv=70
PCG_PREP o=13 rebuild=1 drift=0 previous_depth=1
ATTR_RADIUS o=13 raw_norm=11009.824825598238 norm=6460.5770538380002 radius=6460.577053838002 next_radius=6460.577053838002 lambda=2.5000000000000011e-06 next_lambda=2.5000000000000011e-06 rho=0.49668456759376012 accept=1
CLASSICAL_LM o=13 lambda=2.5000000000000011e-06 tau=2.5000000000000011e-06 prediction=3152.9557577285404 rho=0.49668456759376012 accept=1
  MFCG it  14 cost=2.709688e+05 lam=2.500e-06 tau=0.00e+00 cg_it=0 shift=0 ckpt=1 alpha=0 acc mv=72
PCG_PREP o=14 rebuild=1 drift=0 previous_depth=1
ATTR_RADIUS o=14 raw_norm=10438.826501726056 norm=6460.577053838002 radius=6460.577053838002 next_radius=6460.577053838002 lambda=2.5000000000000011e-06 next_lambda=2.5000000000000011e-06 rho=0.50440123394729075 accept=1
CLASSICAL_LM o=14 lambda=2.5000000000000011e-06 tau=2.5000000000000011e-06 prediction=2344.3873025434095 rho=0.50440123394729075 accept=1
  MFCG it  15 cost=2.697863e+05 lam=2.500e-06 tau=0.00e+00 cg_it=0 shift=0 ckpt=1 alpha=0 acc mv=74
PCG_PREP o=15 rebuild=1 drift=0 previous_depth=1
ATTR_RADIUS o=15 raw_norm=9650.3009151030456 norm=6460.577053838002 radius=6460.577053838002 next_radius=6460.577053838002 lambda=2.5000000000000011e-06 next_lambda=2.5000000000000011e-06 rho=0.49412797830723437 accept=1
CLASSICAL_LM o=15 lambda=2.5000000000000011e-06 tau=2.5000000000000011e-06 prediction=1922.954611078371 rho=0.49412797830723437 accept=1
  MFCG it  16 cost=2.688361e+05 lam=2.500e-06 tau=0.00e+00 cg_it=0 shift=0 ckpt=1 alpha=0 acc mv=76
PCG_PREP o=16 rebuild=1 drift=0 previous_depth=1
ATTR_RADIUS o=16 raw_norm=8806.5591958713394 norm=6460.577053838002 radius=6460.577053838002 next_radius=6460.577053838002 lambda=2.5000000000000011e-06 next_lambda=2.5000000000000011e-06 rho=0.49859848523869538 accept=1
CLASSICAL_LM o=16 lambda=2.5000000000000011e-06 tau=2.5000000000000011e-06 prediction=1635.9311991431896 rho=0.49859848523869538 accept=1
  MFCG it  17 cost=2.680204e+05 lam=2.500e-06 tau=0.00e+00 cg_it=0 shift=0 ckpt=1 alpha=0 acc mv=78
PCG_PREP o=17 rebuild=1 drift=0 previous_depth=1
ATTR_RADIUS o=17 raw_norm=8044.6147872342308 norm=6460.5770538380011 radius=6460.577053838002 next_radius=6460.577053838002 lambda=2.5000000000000011e-06 next_lambda=2.5000000000000011e-06 rho=0.54757045524916104 accept=1
CLASSICAL_LM o=17 lambda=2.5000000000000011e-06 tau=2.5000000000000011e-06 prediction=1453.0920946070112 rho=0.54757045524916104 accept=1
  MFCG it  18 cost=2.672248e+05 lam=2.500e-06 tau=0.00e+00 cg_it=0 shift=0 ckpt=1 alpha=0 acc mv=80
PCG_PREP o=18 rebuild=1 drift=0 previous_depth=1
ATTR_RADIUS o=18 raw_norm=7309.3766807414622 norm=6460.577053838002 radius=6460.577053838002 next_radius=6460.577053838002 lambda=2.5000000000000011e-06 next_lambda=2.5000000000000011e-06 rho=0.59448700965891821 accept=1
CLASSICAL_LM o=18 lambda=2.5000000000000011e-06 tau=2.5000000000000011e-06 prediction=1213.4170096007124 rho=0.59448700965891821 accept=1
  MFCG it  19 cost=2.665034e+05 lam=2.500e-06 tau=0.00e+00 cg_it=0 shift=0 ckpt=1 alpha=0 acc mv=82
PCG_PREP o=19 rebuild=1 drift=0 previous_depth=1
ATTR_RADIUS o=19 raw_norm=6697.7711235938832 norm=6460.5770538380038 radius=6460.577053838002 next_radius=6460.577053838002 lambda=2.5000000000000011e-06 next_lambda=2.5000000000000011e-06 rho=0.65253119627450129 accept=1
CLASSICAL_LM o=19 lambda=2.5000000000000011e-06 tau=2.5000000000000011e-06 prediction=1035.8950744442568 rho=0.65253119627450129 accept=1
  MFCG it  20 cost=2.658275e+05 lam=2.500e-06 tau=0.00e+00 cg_it=0 shift=0 ckpt=1 alpha=0 acc mv=84
PCG_PREP o=20 rebuild=1 drift=0 previous_depth=1
ATTR_RADIUS o=20 raw_norm=8348.1820447772425 norm=6460.5770538380029 radius=6460.577053838002 next_radius=12921.154107676004 lambda=2.5000000000000011e-06 next_lambda=6.2500000000000026e-07 rho=0.98209179119574208 accept=1
CLASSICAL_LM o=20 lambda=2.5000000000000011e-06 tau=2.5000000000000011e-06 prediction=3107.9376374289113 rho=0.98209179119574208 accept=1
  MFCG it  21 cost=2.627752e+05 lam=6.250e-07 tau=0.00e+00 cg_it=1 shift=0 ckpt=2 alpha=0 acc mv=87
PCG_PREP o=21 rebuild=1 drift=0 previous_depth=2
POINT_SAFE o=21 frozen=18 slope=-2580.3680988266246 candidate=263746.85585267632 original=261989.52686777062 current=262775.17066040495 won=0 mode=1 camera_scale=1 keep_scale=0
ATTR_RADIUS o=21 raw_norm=22095.8100967674 norm=6460.5770538380038 radius=12921.154107676004 next_radius=12921.154107676004 lambda=6.2500000000000026e-07 next_lambda=6.2500000000000024e-08 rho=0.70744346766028199 accept=1
CLASSICAL_LM o=21 lambda=6.2500000000000026e-07 tau=6.2500000000000026e-07 prediction=1110.5393272379545 rho=0.70744346766028199 accept=1
  MFCG it  22 cost=2.619895e+05 lam=6.250e-08 tau=0.00e+00 cg_it=3 shift=0 ckpt=4 alpha=0 acc mv=92
PCG_PREP o=22 rebuild=1 drift=0 previous_depth=4
POINT_SAFE o=22 frozen=206 slope=-609.36968191321944 candidate=265771.01038977259 original=261959.69359800135 current=261989.52686777062 won=0 mode=1 camera_scale=1 keep_scale=0
ATTR_RADIUS o=22 raw_norm=70712.188696712459 norm=1615.1442634595001 radius=12921.154107676004 next_radius=12921.154107676004 lambda=6.2500000000000024e-08 next_lambda=6.250000000000003e-09 rho=0.39824762887731768 accept=1
CLASSICAL_LM o=22 lambda=6.2500000000000024e-08 tau=6.2500000000000024e-08 prediction=74.911355664236595 rho=0.39824762887731768 accept=1
  MFCG it  23 cost=2.619597e+05 lam=6.250e-09 tau=0.00e+00 cg_it=0 shift=0 ckpt=1 alpha=0 acc mv=94
PCG_PREP o=23 rebuild=1 drift=0 previous_depth=1
POINT_SAFE o=23 frozen=127 slope=-588.99978367456879 candidate=266123.62228919024 original=261909.39746996207 current=261959.69359800135 won=0 mode=1 camera_scale=1 keep_scale=0
ATTR_RADIUS o=23 raw_norm=213133.27399222858 norm=403.78606586487501 radius=12921.154107676004 next_radius=12921.154107676004 lambda=6.250000000000003e-09 next_lambda=6.2500000000000032e-10 rho=1.9180508675109031 accept=1
CLASSICAL_LM o=23 lambda=6.250000000000003e-09 tau=6.250000000000003e-09 prediction=26.222520419673636 rho=1.9180508675109031 accept=1
  MFCG it  24 cost=2.619094e+05 lam=6.250e-10 tau=0.00e+00 cg_it=1 shift=0 ckpt=2 alpha=0 acc mv=97
PCG_PREP o=24 rebuild=1 drift=0 previous_depth=2
POINT_SAFE o=24 frozen=121 slope=-863.28766655260972 candidate=266091.62449565128 original=261859.01924650953 current=261909.39746996207 won=0 mode=1 camera_scale=1 keep_scale=0
ATTR_RADIUS o=24 raw_norm=236904.28009143475 norm=1615.1442634594994 radius=12921.154107676004 next_radius=12921.154107676004 lambda=6.2500000000000032e-10 next_lambda=6.250000000000003e-11 rho=0.39074150457794937 accept=1
CLASSICAL_LM o=24 lambda=6.2500000000000032e-10 tau=6.2500000000000032e-10 prediction=128.92979850440344 rho=0.39074150457794937 accept=1
  MFCG it  25 cost=2.618590e+05 lam=6.250e-11 tau=0.00e+00 cg_it=1 shift=0 ckpt=2 alpha=0 acc mv=100
PCG_PREP o=25 rebuild=1 drift=0 previous_depth=2
POINT_SAFE o=25 frozen=129 slope=-487.76508352191718 candidate=265953.07164469961 original=261842.65948234155 current=261859.01924650953 won=0 mode=1 camera_scale=1 keep_scale=0
ATTR_RADIUS o=25 raw_norm=117332.01898304879 norm=1615.1442634595003 radius=12921.154107676004 next_radius=3230.288526919001 lambda=6.250000000000003e-11 next_lambda=1.0000000000000005e-09 rho=0.22417814060601732 accept=1
CLASSICAL_LM o=25 lambda=6.250000000000003e-11 tau=6.250000000000003e-11 prediction=72.976625302340622 rho=0.22417814060601732 accept=1
  MFCG it  26 cost=2.618427e+05 lam=1.000e-09 tau=0.00e+00 cg_it=0 shift=0 ckpt=1 alpha=0 acc mv=102
PCG_PREP o=26 rebuild=1 drift=0 previous_depth=1
POINT_SAFE o=26 frozen=9 slope=-241.14894813636647 candidate=261891.5359121236 original=261767.24679921614 current=261842.65948234155 won=0 mode=1 camera_scale=1 keep_scale=0
ATTR_RADIUS o=26 raw_norm=118165.11450267828 norm=1615.144263459501 radius=3230.288526919001 next_radius=3230.288526919001 lambda=1.0000000000000005e-09 next_lambda=1.0000000000000006e-10 rho=0.56247618522327092 accept=1
CLASSICAL_LM o=26 lambda=1.0000000000000005e-09 tau=1.0000000000000005e-09 prediction=134.07266850858079 rho=0.56247618522327092 accept=1
  MFCG it  27 cost=2.617672e+05 lam=1.000e-10 tau=0.00e+00 cg_it=0 shift=0 ckpt=1 alpha=0 acc mv=104
PCG_PREP o=27 rebuild=1 drift=0 previous_depth=1
POINT_SAFE o=27 frozen=17 slope=-205.0510055883083 candidate=261844.59047255374 original=261737.07532179361 current=261767.24679921614 won=0 mode=1 camera_scale=1 keep_scale=0
ATTR_RADIUS o=27 raw_norm=121653.29384649987 norm=1615.1442634595005 radius=3230.288526919001 next_radius=3230.288526919001 lambda=1.0000000000000006e-10 next_lambda=1.0000000000000006e-11 rho=0.35549022315795736 accept=1
CLASSICAL_LM o=27 lambda=1.0000000000000006e-10 tau=1.0000000000000006e-10 prediction=84.872875418346865 rho=0.35549022315795736 accept=1
  MFCG it  28 cost=2.617371e+05 lam=1.000e-11 tau=0.00e+00 cg_it=0 shift=0 ckpt=1 alpha=0 acc mv=106
PCG_PREP o=28 rebuild=1 drift=0 previous_depth=1
POINT_SAFE o=28 frozen=12 slope=-145.29404525846019 candidate=261853.51017751632 original=261733.73985009512 current=261737.07532179361 won=0 mode=1 camera_scale=1 keep_scale=0
ATTR_RADIUS o=28 raw_norm=124368.6308910934 norm=3230.288526919001 radius=3230.288526919001 next_radius=807.57213172975025 lambda=1.0000000000000006e-11 next_lambda=1.6000000000000009e-10 rho=0.053412614716832493 accept=0
CLASSICAL_LM o=28 lambda=1.0000000000000006e-11 tau=1.0000000000000006e-11 prediction=62.44726486754999 rho=0.053412614716832493 accept=0
  MFCG it  29  retry 1/8  lam=1.600e-10 tau_eff=1.000e-11  (assembly reused)
PCG_PREP o=28 rebuild=1 drift=0 previous_depth=1
ATTR_RADIUS o=28 raw_norm=124109.74010211522 norm=807.57213172974991 radius=807.57213172975025 next_radius=1615.1442634595005 lambda=1.6000000000000009e-10 next_lambda=4.0000000000000023e-11 rho=0.76696815387140582 accept=1
CLASSICAL_LM o=28 lambda=1.6000000000000009e-10 tau=1.6000000000000009e-10 prediction=56.256187197855496 rho=0.76696815387140582 accept=1
  MFCG it  29 cost=2.616939e+05 lam=4.000e-11 tau=0.00e+00 cg_it=0 shift=0 ckpt=1 alpha=0 acc mv=110
PCG_PREP o=29 rebuild=1 drift=0 previous_depth=1
ATTR_RADIUS o=29 raw_norm=126525.78479661886 norm=0 radius=1615.1442634595005 next_radius=403.78606586487513 lambda=4.0000000000000023e-11 next_lambda=6.4000000000000037e-10 rho=0.028309435313573109 accept=0
CLASSICAL_LM o=29 lambda=4.0000000000000023e-11 tau=4.0000000000000023e-11 prediction=66.16190693925823 rho=0.028309435313573109 accept=0
  MFCG it  30  retry 1/8  lam=6.400e-10 tau_eff=4.000e-11  (assembly reused)
PCG_PREP o=29 rebuild=1 drift=0 previous_depth=1
ATTR_RADIUS o=29 raw_norm=125440.04398159756 norm=403.78606586487535 radius=403.78606586487513 next_radius=403.78606586487513 lambda=6.4000000000000037e-10 next_lambda=6.4000000000000037e-10 rho=0.71821067584752574 accept=1
CLASSICAL_LM o=29 lambda=6.4000000000000037e-10 tau=6.4000000000000037e-10 prediction=42.136662125806545 rho=0.71821067584752574 accept=1
  MFCG it  30 cost=2.616637e+05 lam=6.400e-10 tau=0.00e+00 cg_it=0 shift=0 ckpt=1 alpha=0 acc mv=114
PCG_PREP o=30 rebuild=1 drift=0 previous_depth=1
ATTR_RADIUS o=30 raw_norm=126877.24265211984 norm=403.78606586487513 radius=403.78606586487513 next_radius=403.78606586487513 lambda=6.4000000000000037e-10 next_lambda=6.4000000000000037e-10 rho=0.39068793212692887 accept=1
CLASSICAL_LM o=30 lambda=6.4000000000000037e-10 tau=6.4000000000000037e-10 prediction=42.482431520200265 rho=0.39068793212692887 accept=1
  MFCG it  31 cost=2.616471e+05 lam=6.400e-10 tau=0.00e+00 cg_it=0 shift=0 ckpt=1 alpha=0 acc mv=116
PCG_PREP o=31 rebuild=1 drift=0 previous_depth=1
ATTR_RADIUS o=31 raw_norm=128236.85467232035 norm=403.78606586487507 radius=403.78606586487513 next_radius=100.94651646621878 lambda=6.4000000000000037e-10 next_lambda=1.0240000000000006e-08 rho=0.1637519357758036 accept=1
CLASSICAL_LM o=31 lambda=6.4000000000000037e-10 tau=6.4000000000000037e-10 prediction=41.285558602985184 rho=0.1637519357758036 accept=1
  MFCG it  32 cost=2.616403e+05 lam=1.024e-08 tau=0.00e+00 cg_it=0 shift=0 ckpt=1 alpha=0 acc mv=118
PCG_PREP o=32 rebuild=1 drift=0 previous_depth=1
ATTR_RADIUS o=32 raw_norm=113015.05581584068 norm=100.94651646621878 radius=100.94651646621878 next_radius=100.94651646621878 lambda=1.0240000000000006e-08 next_lambda=1.0240000000000006e-08 rho=0.4745327506377815 accept=1
CLASSICAL_LM o=32 lambda=1.0240000000000006e-08 tau=1.0240000000000006e-08 prediction=22.095136296910141 rho=0.4745327506377815 accept=1
  MFCG it  33 cost=2.616298e+05 lam=1.024e-08 tau=0.00e+00 cg_it=0 shift=0 ckpt=1 alpha=0 acc mv=120
PCG_PREP o=33 rebuild=1 drift=0 previous_depth=1
ATTR_RADIUS o=33 raw_norm=113227.81134851942 norm=100.94651646621875 radius=100.94651646621878 next_radius=201.89303293243756 lambda=1.0240000000000006e-08 next_lambda=2.5600000000000015e-09 rho=0.77250242205186292 accept=1
CLASSICAL_LM o=33 lambda=1.0240000000000006e-08 tau=1.0240000000000006e-08 prediction=13.415665063867689 rho=0.77250242205186292 accept=1
  MFCG it  34 cost=2.616195e+05 lam=2.560e-09 tau=0.00e+00 cg_it=0 shift=0 ckpt=1 alpha=0 acc mv=122
PCG_PREP o=34 rebuild=1 drift=0 previous_depth=1
ATTR_RADIUS o=34 raw_norm=126286.58649890311 norm=201.89303293243756 radius=201.89303293243756 next_radius=201.89303293243756 lambda=2.5600000000000015e-09 next_lambda=2.5600000000000015e-09 rho=0.64123367299178757 accept=1
CLASSICAL_LM o=34 lambda=2.5600000000000015e-09 tau=2.5600000000000015e-09 prediction=6.7923561288016145 rho=0.64123367299178757 accept=1
  MFCG it  35 cost=2.616151e+05 lam=2.560e-09 tau=0.00e+00 cg_it=0 shift=0 ckpt=1 alpha=0 acc mv=124
PCG_PREP o=35 rebuild=1 drift=0 previous_depth=1
ATTR_RADIUS o=35 raw_norm=126832.57168551462 norm=201.89303293243748 radius=201.89303293243756 next_radius=403.78606586487513 lambda=2.5600000000000015e-09 next_lambda=6.4000000000000037e-10 rho=0.77583636234092357 accept=1
CLASSICAL_LM o=35 lambda=2.5600000000000015e-09 tau=2.5600000000000015e-09 prediction=5.4233582893075845 rho=0.77583636234092357 accept=1
  MFCG it  36 cost=2.616109e+05 lam=6.400e-10 tau=0.00e+00 cg_it=0 shift=0 ckpt=1 alpha=0 acc mv=126
PCG_PREP o=36 rebuild=1 drift=0 previous_depth=1
ATTR_RADIUS o=36 raw_norm=131224.23578333488 norm=403.7860658648753 radius=403.78606586487513 next_radius=403.78606586487513 lambda=6.4000000000000037e-10 next_lambda=6.4000000000000037e-10 rho=0.52756752426071662 accept=1
CLASSICAL_LM o=36 lambda=6.4000000000000037e-10 tau=6.4000000000000037e-10 prediction=7.9924313684564003 rho=0.52756752426071662 accept=1
  MFCG it  37 cost=2.616067e+05 lam=6.400e-10 tau=0.00e+00 cg_it=0 shift=0 ckpt=1 alpha=0 acc mv=128
PCG_PREP o=37 rebuild=1 drift=0 previous_depth=1
ATTR_RADIUS o=37 raw_norm=132344.3912675344 norm=403.78606586487513 radius=403.78606586487513 next_radius=403.78606586487513 lambda=6.4000000000000037e-10 next_lambda=6.4000000000000037e-10 rho=0.5260264204816878 accept=1
CLASSICAL_LM o=37 lambda=6.4000000000000037e-10 tau=6.4000000000000037e-10 prediction=7.7391262510192327 rho=0.5260264204816878 accept=1
  MFCG it  38 cost=2.616026e+05 lam=6.400e-10 tau=0.00e+00 cg_it=0 shift=0 ckpt=1 alpha=0 acc mv=130
PCG_PREP o=38 rebuild=1 drift=0 previous_depth=1
ATTR_RADIUS o=38 raw_norm=133470.78788657155 norm=403.7860658648753 radius=403.78606586487513 next_radius=403.78606586487513 lambda=6.4000000000000037e-10 next_lambda=6.4000000000000037e-10 rho=0.5163608896953551 accept=1
CLASSICAL_LM o=38 lambda=6.4000000000000037e-10 tau=6.4000000000000037e-10 prediction=7.5459114303541606 rho=0.5163608896953551 accept=1
  MFCG it  39 cost=2.615987e+05 lam=6.400e-10 tau=0.00e+00 cg_it=0 shift=0 ckpt=1 alpha=0 acc mv=132
PCG_PREP o=39 rebuild=1 drift=0 previous_depth=1
ATTR_RADIUS o=39 raw_norm=134602.55589024676 norm=403.78606586487513 radius=403.78606586487513 next_radius=403.78606586487513 lambda=6.4000000000000037e-10 next_lambda=6.4000000000000037e-10 rho=0.50973290732661991 accept=1
CLASSICAL_LM o=39 lambda=6.4000000000000037e-10 tau=6.4000000000000037e-10 prediction=7.441618323512242 rho=0.50973290732661991 accept=1
  MFCG it  40 cost=2.615949e+05 lam=6.400e-10 tau=0.00e+00 cg_it=0 shift=0 ckpt=1 alpha=0 acc mv=134
PCG_PREP o=40 rebuild=1 drift=0 previous_depth=1
ATTR_RADIUS o=40 raw_norm=135738.93059504393 norm=403.78606586487524 radius=403.78606586487513 next_radius=403.78606586487513 lambda=6.4000000000000037e-10 next_lambda=6.4000000000000037e-10 rho=0.50395036777079349 accept=1
CLASSICAL_LM o=40 lambda=6.4000000000000037e-10 tau=6.4000000000000037e-10 prediction=7.3560983116437821 rho=0.50395036777079349 accept=1
  MFCG it  41 cost=2.615912e+05 lam=6.400e-10 tau=0.00e+00 cg_it=0 shift=0 ckpt=1 alpha=0 acc mv=136
PCG_PREP o=41 rebuild=1 drift=0 previous_depth=1
ATTR_RADIUS o=41 raw_norm=136883.25924337818 norm=403.78606586487524 radius=403.78606586487513 next_radius=403.78606586487513 lambda=6.4000000000000037e-10 next_lambda=6.4000000000000037e-10 rho=0.49820546518209463 accept=1
CLASSICAL_LM o=41 lambda=6.4000000000000037e-10 tau=6.4000000000000037e-10 prediction=7.2735471394386737 rho=0.49820546518209463 accept=1
  MFCG it  42 cost=2.615876e+05 lam=6.400e-10 tau=0.00e+00 cg_it=0 shift=0 ckpt=1 alpha=0 acc mv=138
PCG_PREP o=42 rebuild=1 drift=0 previous_depth=1
ATTR_RADIUS o=42 raw_norm=138031.44594555922 norm=403.78606586487501 radius=403.78606586487513 next_radius=403.78606586487513 lambda=6.4000000000000037e-10 next_lambda=6.4000000000000037e-10 rho=0.49241095207343843 accept=1
CLASSICAL_LM o=42 lambda=6.4000000000000037e-10 tau=6.4000000000000037e-10 prediction=7.1924351899829722 rho=0.49241095207343843 accept=1
  MFCG it  43 cost=2.615840e+05 lam=6.400e-10 tau=0.00e+00 cg_it=0 shift=0 ckpt=1 alpha=0 acc mv=140
PCG_PREP o=43 rebuild=1 drift=0 previous_depth=1
ATTR_RADIUS o=43 raw_norm=139184.06778256528 norm=403.78606586487518 radius=403.78606586487513 next_radius=403.78606586487513 lambda=6.4000000000000037e-10 next_lambda=6.4000000000000037e-10 rho=0.48656147638855962 accept=1
CLASSICAL_LM o=43 lambda=6.4000000000000037e-10 tau=6.4000000000000037e-10 prediction=7.112651542392495 rho=0.48656147638855962 accept=1
  MFCG it  44 cost=2.615806e+05 lam=6.400e-10 tau=0.00e+00 cg_it=0 shift=0 ckpt=1 alpha=0 acc mv=142
PCG_PREP o=44 rebuild=1 drift=0 previous_depth=1
ATTR_RADIUS o=44 raw_norm=140343.92458377435 norm=403.7860658648753 radius=403.78606586487513 next_radius=403.78606586487513 lambda=6.4000000000000037e-10 next_lambda=6.4000000000000037e-10 rho=0.4806566972543731 accept=1
CLASSICAL_LM o=44 lambda=6.4000000000000037e-10 tau=6.4000000000000037e-10 prediction=7.0341670283652089 rho=0.4806566972543731 accept=1
  MFCG it  45 cost=2.615772e+05 lam=6.400e-10 tau=0.00e+00 cg_it=0 shift=0 ckpt=1 alpha=0 acc mv=144
PCG_PREP o=45 rebuild=1 drift=0 previous_depth=1
ATTR_RADIUS o=45 raw_norm=141508.68310522332 norm=403.78606586487518 radius=403.78606586487513 next_radius=403.78606586487513 lambda=6.4000000000000037e-10 next_lambda=6.4000000000000037e-10 rho=0.47469651914132199 accept=1
CLASSICAL_LM o=45 lambda=6.4000000000000037e-10 tau=6.4000000000000037e-10 prediction=6.9569578632308042 rho=0.47469651914132199 accept=1
  MFCG it  46 cost=2.615739e+05 lam=6.400e-10 tau=0.00e+00 cg_it=0 shift=0 ckpt=1 alpha=0 acc mv=146
PCG_PREP o=46 rebuild=1 drift=0 previous_depth=1
ATTR_RADIUS o=46 raw_norm=142677.67969682705 norm=403.78606586487501 radius=403.78606586487513 next_radius=403.78606586487513 lambda=6.4000000000000037e-10 next_lambda=6.4000000000000037e-10 rho=0.46868089667073543 accept=1
CLASSICAL_LM o=46 lambda=6.4000000000000037e-10 tau=6.4000000000000037e-10 prediction=6.8810009803759336 rho=0.46868089667073543 accept=1
  MFCG it  47 cost=2.615707e+05 lam=6.400e-10 tau=0.00e+00 cg_it=0 shift=0 ckpt=1 alpha=0 acc mv=148
PCG_PREP o=47 rebuild=1 drift=0 previous_depth=1
ATTR_RADIUS o=47 raw_norm=143850.77009644324 norm=403.78606586487501 radius=403.78606586487513 next_radius=403.78606586487513 lambda=6.4000000000000037e-10 next_lambda=6.4000000000000037e-10 rho=0.46260977729846675 accept=1
CLASSICAL_LM o=47 lambda=6.4000000000000037e-10 tau=6.4000000000000037e-10 prediction=6.806273916255912 rho=0.46260977729846675 accept=1
  MFCG it  48 cost=2.615675e+05 lam=6.400e-10 tau=0.00e+00 cg_it=0 shift=0 ckpt=1 alpha=0 acc mv=150
PCG_PREP o=48 rebuild=1 drift=0 previous_depth=1
ATTR_RADIUS o=48 raw_norm=145028.38810663464 norm=403.78606586487496 radius=403.78606586487513 next_radius=403.78606586487513 lambda=6.4000000000000037e-10 next_lambda=6.4000000000000037e-10 rho=0.45648313318458794 accept=1
CLASSICAL_LM o=48 lambda=6.4000000000000037e-10 tau=6.4000000000000037e-10 prediction=6.7327545031765412 rho=0.45648313318458794 accept=1
  MFCG it  49 cost=2.615645e+05 lam=6.400e-10 tau=0.00e+00 cg_it=0 shift=0 ckpt=1 alpha=0 acc mv=152
PCG_PREP o=49 rebuild=1 drift=0 previous_depth=1
ATTR_RADIUS o=49 raw_norm=146211.8624957056 norm=403.7860658648753 radius=403.78606586487513 next_radius=403.78606586487513 lambda=6.4000000000000037e-10 next_lambda=6.4000000000000037e-10 rho=0.45030106315001822 accept=1
CLASSICAL_LM o=49 lambda=6.4000000000000037e-10 tau=6.4000000000000037e-10 prediction=6.6604229475251664 rho=0.45030106315001822 accept=1
  MFCG it  50 cost=2.615615e+05 lam=6.400e-10 tau=0.00e+00 cg_it=0 shift=0 ckpt=1 alpha=0 acc mv=154
PCG_PREP o=50 rebuild=1 drift=0 previous_depth=1
ATTR_RADIUS o=50 raw_norm=147398.27133955937 norm=403.78606586487496 radius=403.78606586487513 next_radius=403.78606586487513 lambda=6.4000000000000037e-10 next_lambda=6.4000000000000037e-10 rho=0.44406349290443436 accept=1
CLASSICAL_LM o=50 lambda=6.4000000000000037e-10 tau=6.4000000000000037e-10 prediction=6.5892570243966953 rho=0.44406349290443436 accept=1
  MFCG it  51 cost=2.615585e+05 lam=6.400e-10 tau=0.00e+00 cg_it=0 shift=0 ckpt=1 alpha=0 acc mv=156
PCG_PREP o=51 rebuild=1 drift=0 previous_depth=1
ATTR_RADIUS o=51 raw_norm=148588.72450953032 norm=403.78606586487513 radius=403.78606586487513 next_radius=403.78606586487513 lambda=6.4000000000000037e-10 next_lambda=6.4000000000000037e-10 rho=0.43777057309394335 accept=1
CLASSICAL_LM o=51 lambda=6.4000000000000037e-10 tau=6.4000000000000037e-10 prediction=6.5192378240993927 rho=0.43777057309394335 accept=1
  MFCG it  52 cost=2.615557e+05 lam=6.400e-10 tau=0.00e+00 cg_it=0 shift=0 ckpt=1 alpha=0 acc mv=158
PCG_PREP o=52 rebuild=1 drift=0 previous_depth=1
ATTR_RADIUS o=52 raw_norm=149783.18826655319 norm=403.78606586487507 radius=403.78606586487513 next_radius=403.78606586487513 lambda=6.4000000000000037e-10 next_lambda=6.4000000000000037e-10 rho=0.43142235280467101 accept=1
CLASSICAL_LM o=52 lambda=6.4000000000000037e-10 tau=6.4000000000000037e-10 prediction=6.4503454601067736 rho=0.43142235280467101 accept=1
  MFCG it  53 cost=2.615529e+05 lam=6.400e-10 tau=0.00e+00 cg_it=0 shift=0 ckpt=1 alpha=0 acc mv=160
PCG_PREP o=53 rebuild=1 drift=0 previous_depth=1
ATTR_RADIUS o=53 raw_norm=150981.97763539577 norm=403.7860658648753 radius=403.78606586487513 next_radius=403.78606586487513 lambda=6.4000000000000037e-10 next_lambda=6.4000000000000037e-10 rho=0.42501897184889076 accept=1
CLASSICAL_LM o=53 lambda=6.4000000000000037e-10 tau=6.4000000000000037e-10 prediction=6.3825611882533595 rho=0.42501897184889076 accept=1
  MFCG it  54 cost=2.615502e+05 lam=6.400e-10 tau=0.00e+00 cg_it=0 shift=0 ckpt=1 alpha=0 acc mv=162
PCG_PREP o=54 rebuild=1 drift=0 previous_depth=1
ATTR_RADIUS o=54 raw_norm=152183.52750023617 norm=403.78606586487518 radius=403.78606586487513 next_radius=403.78606586487513 lambda=6.4000000000000037e-10 next_lambda=6.4000000000000037e-10 rho=0.4185605497342676 accept=1
CLASSICAL_LM o=54 lambda=6.4000000000000037e-10 tau=6.4000000000000037e-10 prediction=6.3158660118655474 rho=0.4185605497342676 accept=1
  MFCG it  55 cost=2.615475e+05 lam=6.400e-10 tau=0.00e+00 cg_it=0 shift=0 ckpt=1 alpha=0 acc mv=164
PCG_PREP o=55 rebuild=1 drift=0 previous_depth=1
ATTR_RADIUS o=55 raw_norm=153387.57018826326 norm=403.78606586487479 radius=403.78606586487513 next_radius=403.78606586487513 lambda=6.4000000000000037e-10 next_lambda=6.4000000000000037e-10 rho=0.41204731670415107 accept=1
CLASSICAL_LM o=55 lambda=6.4000000000000037e-10 tau=6.4000000000000037e-10 prediction=6.2502425846062453 rho=0.41204731670415107 accept=1
  MFCG it  56 cost=2.615450e+05 lam=6.400e-10 tau=0.00e+00 cg_it=0 shift=0 ckpt=1 alpha=0 acc mv=166
PCG_PREP o=56 rebuild=1 drift=0 previous_depth=1
ATTR_RADIUS o=56 raw_norm=154597.82555399829 norm=403.78606586487501 radius=403.78606586487513 next_radius=403.78606586487513 lambda=6.4000000000000037e-10 next_lambda=6.4000000000000037e-10 rho=0.40547937200335038 accept=1
CLASSICAL_LM o=56 lambda=6.4000000000000037e-10 tau=6.4000000000000037e-10 prediction=6.1856723181125153 rho=0.40547937200335038 accept=1
  MFCG it  57 cost=2.615425e+05 lam=6.400e-10 tau=0.00e+00 cg_it=0 shift=0 ckpt=1 alpha=0 acc mv=168
PCG_PREP o=57 rebuild=1 drift=0 previous_depth=1
ATTR_RADIUS o=57 raw_norm=155807.98840864201 norm=403.78606586487501 radius=403.78606586487513 next_radius=403.78606586487513 lambda=6.4000000000000037e-10 next_lambda=6.4000000000000037e-10 rho=0.39885705543895 accept=1
CLASSICAL_LM o=57 lambda=6.4000000000000037e-10 tau=6.4000000000000037e-10 prediction=6.1221390199129244 rho=0.39885705543895 accept=1
  MFCG it  58 cost=2.615400e+05 lam=6.400e-10 tau=0.00e+00 cg_it=0 shift=0 ckpt=1 alpha=0 acc mv=170
PCG_PREP o=58 rebuild=1 drift=0 previous_depth=1
ATTR_RADIUS o=58 raw_norm=157021.00562938961 norm=403.78606586487524 radius=403.78606586487513 next_radius=403.78606586487513 lambda=6.4000000000000037e-10 next_lambda=6.4000000000000037e-10 rho=0.39218053937372666 accept=1
CLASSICAL_LM o=58 lambda=6.4000000000000037e-10 tau=6.4000000000000037e-10 prediction=6.059625024103787 rho=0.39218053937372666 accept=1
  MFCG it  59 cost=2.615376e+05 lam=6.400e-10 tau=0.00e+00 cg_it=0 shift=0 ckpt=1 alpha=0 acc mv=172
PCG_PREP o=59 rebuild=1 drift=0 previous_depth=1
ATTR_RADIUS o=59 raw_norm=158238.49501534193 norm=403.78606586487501 radius=403.78606586487513 next_radius=403.78606586487513 lambda=6.4000000000000037e-10 next_lambda=6.4000000000000037e-10 rho=0.38545017458770692 accept=1
CLASSICAL_LM o=59 lambda=6.4000000000000037e-10 tau=6.4000000000000037e-10 prediction=5.998114658084452 rho=0.38545017458770692 accept=1
  MFCG it  60 cost=2.615353e+05 lam=6.400e-10 tau=0.00e+00 cg_it=0 shift=0 ckpt=1 alpha=0 acc mv=174
PCG_PREP o=60 rebuild=1 drift=0 previous_depth=1
ATTR_RADIUS o=60 raw_norm=159457.96015239815 norm=403.78606586487513 radius=403.78606586487513 next_radius=403.78606586487513 lambda=6.4000000000000037e-10 next_lambda=6.4000000000000037e-10 rho=0.37866618789661816 accept=1
CLASSICAL_LM o=60 lambda=6.4000000000000037e-10 tau=6.4000000000000037e-10 prediction=5.9375910054316057 rho=0.37866618789661816 accept=1
  MFCG it  61 cost=2.615331e+05 lam=6.400e-10 tau=0.00e+00 cg_it=0 shift=0 ckpt=1 alpha=0 acc mv=176
PCG_PREP o=61 rebuild=1 drift=0 previous_depth=1
ATTR_RADIUS o=61 raw_norm=160675.68052284868 norm=403.78606586487501 radius=403.78606586487513 next_radius=403.78606586487513 lambda=6.4000000000000037e-10 next_lambda=6.4000000000000037e-10 rho=0.37182903637549619 accept=1
CLASSICAL_LM o=61 lambda=6.4000000000000037e-10 tau=6.4000000000000037e-10 prediction=5.8780394359598045 rho=0.37182903637549619 accept=1
  MFCG it  62 cost=2.615309e+05 lam=6.400e-10 tau=0.00e+00 cg_it=0 shift=0 ckpt=1 alpha=0 acc mv=178
PCG_PREP o=62 rebuild=1 drift=0 previous_depth=1
ATTR_RADIUS o=62 raw_norm=161900.26510408701 norm=403.78606586487524 radius=403.78606586487513 next_radius=403.78606586487513 lambda=6.4000000000000037e-10 next_lambda=6.4000000000000037e-10 rho=0.36493902282145385 accept=1
CLASSICAL_LM o=62 lambda=6.4000000000000037e-10 tau=6.4000000000000037e-10 prediction=5.8194441683422298 rho=0.36493902282145385 accept=1
  MFCG: converged (OCA_FTOL: 8 outers < 1.0e-05 rel)
  [menu-backtrack] confirming stop with original retry policy at outer 63
  MFCG it  63 cost=2.615288e+05 lam=6.400e-10 tau=0.00e+00 cg_it=0 shift=0 ckpt=1 alpha=0 acc mv=180
PCG_PREP o=63 rebuild=1 drift=0 previous_depth=1
ATTR_RADIUS o=63 raw_norm=163121.06895470692 norm=403.7860658648753 radius=403.78606586487513 next_radius=403.78606586487513 lambda=6.4000000000000037e-10 next_lambda=6.4000000000000037e-10 rho=0.35799671797553528 accept=1
CLASSICAL_LM o=63 lambda=6.4000000000000037e-10 tau=6.4000000000000037e-10 prediction=5.7617913707186021 rho=0.35799671797553528 accept=1
  MFCG it  64 cost=2.615267e+05 lam=6.400e-10 tau=0.00e+00 cg_it=0 shift=0 ckpt=1 alpha=0 acc mv=182
PCG_PREP o=64 rebuild=1 drift=0 previous_depth=1
ATTR_RADIUS o=64 raw_norm=164346.87757229168 norm=403.7860658648753 radius=403.78606586487513 next_radius=403.78606586487513 lambda=6.4000000000000037e-10 next_lambda=6.4000000000000037e-10 rho=0.35100236049410061 accept=1
CLASSICAL_LM o=64 lambda=6.4000000000000037e-10 tau=6.4000000000000037e-10 prediction=5.7050649982673489 rho=0.35100236049410061 accept=1
  MFCG it  65 cost=2.615247e+05 lam=6.400e-10 tau=0.00e+00 cg_it=0 shift=0 ckpt=1 alpha=0 acc mv=184
PCG_PREP o=65 rebuild=1 drift=0 previous_depth=1
ATTR_RADIUS o=65 raw_norm=165571.37212131487 norm=403.78606586487518 radius=403.78606586487513 next_radius=403.78606586487513 lambda=6.4000000000000037e-10 next_lambda=6.4000000000000037e-10 rho=0.34395661191369331 accept=1
CLASSICAL_LM o=65 lambda=6.4000000000000037e-10 tau=6.4000000000000037e-10 prediction=5.649252175274813 rho=0.34395661191369331 accept=1
  MFCG it  66 cost=2.615228e+05 lam=6.400e-10 tau=0.00e+00 cg_it=0 shift=0 ckpt=1 alpha=0 acc mv=186
PCG_PREP o=66 rebuild=1 drift=0 previous_depth=1
ATTR_RADIUS o=66 raw_norm=166796.4601134093 norm=403.78606586487501 radius=403.78606586487513 next_radius=403.78606586487513 lambda=6.4000000000000037e-10 next_lambda=6.4000000000000037e-10 rho=0.33685995794224238 accept=1
CLASSICAL_LM o=66 lambda=6.4000000000000037e-10 tau=6.4000000000000037e-10 prediction=5.5943387674230571 rho=0.33685995794224238 accept=1
  MFCG it  67 cost=2.615209e+05 lam=6.400e-10 tau=0.00e+00 cg_it=0 shift=0 ckpt=1 alpha=0 acc mv=188
PCG_PREP o=67 rebuild=1 drift=0 previous_depth=1
ATTR_RADIUS o=67 raw_norm=168022.2016854946 norm=403.78606586487501 radius=403.78606586487513 next_radius=403.78606586487513 lambda=6.4000000000000037e-10 next_lambda=6.4000000000000037e-10 rho=0.32971297332150823 accept=1
CLASSICAL_LM o=67 lambda=6.4000000000000037e-10 tau=6.4000000000000037e-10 prediction=5.5403114397573683 rho=0.32971297332150823 accept=1
  MFCG it  68 cost=2.615190e+05 lam=6.400e-10 tau=0.00e+00 cg_it=0 shift=0 ckpt=1 alpha=0 acc mv=190
PCG_PREP o=68 rebuild=1 drift=0 previous_depth=1
ATTR_RADIUS o=68 raw_norm=169249.90345196289 norm=403.78606586487513 radius=403.78606586487513 next_radius=403.78606586487513 lambda=6.4000000000000037e-10 next_lambda=6.4000000000000037e-10 rho=0.32251624889276481 accept=1
CLASSICAL_LM o=68 lambda=6.4000000000000037e-10 tau=6.4000000000000037e-10 prediction=5.4871569430936287 rho=0.32251624889276481 accept=1
  MFCG it  69 cost=2.615173e+05 lam=6.400e-10 tau=0.00e+00 cg_it=0 shift=0 ckpt=1 alpha=0 acc mv=192
PCG_PREP o=69 rebuild=1 drift=0 previous_depth=1
ATTR_RADIUS o=69 raw_norm=170477.23526678397 norm=403.78606586487524 radius=403.78606586487513 next_radius=403.78606586487513 lambda=6.4000000000000037e-10 next_lambda=6.4000000000000037e-10 rho=0.31527045024419048 accept=1
CLASSICAL_LM o=69 lambda=6.4000000000000037e-10 tau=6.4000000000000037e-10 prediction=5.4348624045867711 rho=0.31527045024419048 accept=1
  MFCG it  70 cost=2.615156e+05 lam=6.400e-10 tau=0.00e+00 cg_it=0 shift=0 ckpt=1 alpha=0 acc mv=194
PCG_PREP o=70 rebuild=1 drift=0 previous_depth=1
ATTR_RADIUS o=70 raw_norm=171701.26473525562 norm=403.78606586487501 radius=403.78606586487513 next_radius=403.78606586487513 lambda=6.4000000000000037e-10 next_lambda=6.4000000000000037e-10 rho=0.30797630101901924 accept=1
CLASSICAL_LM o=70 lambda=6.4000000000000037e-10 tau=6.4000000000000037e-10 prediction=5.3834158449181437 rho=0.30797630101901924 accept=1
  MFCG: converged (OCA_FTOL: 8 outers < 1.0e-05 rel)
  MFCG: accepts=71 rejects=2 total_matvecs=196 negcurv=0 cand_evals=73 mean_cg_per_outer=2.8
NUMERIC_REPAIR summary rebuilds=0 floor=9.9999999999999998e-17
  [retry-cache] builds=73 reuses=0
  [menu-backtrack] trials=14 rescues=14 evals=41 total_scored=114
POINT_SAFE summary calls=14 evals=14 wins=2 frozen=3596 seconds=0.033715342
  [scoring] menu_evals=73 alpha_evals=0 backtrack_evals=41 total_scored=114
RESULT algo=mfree_shifted_cg iters=71 final_cost=261513.9046482098 solve_seconds=0.752493
DIAGNOSTICS median_reproj_err_px 3.252455 -> 0.384431 | cheirality_violations(obs) 0 -> 22 | cheirality_violations(pts, of 64053) 0 -> 12
