[R10] --zero_k2: all k2 set to 0 at load
Loaded /workspace/bal/ladybug-49.txt: ncam=49 npt=7776 nobs=31843 n=23622
[R10] --dof9: refining f,k1 per camera (49 cameras)
  [menu-backtrack] active=1 max_evals=8 warmup_accepts=3 confirm_stop=original armijo=1e-4
MIXED_STORAGE fragments=fp32 arithmetic=fp64 state=fp64 acceptance=fp64
  [compact-fragments] active=2 saved_bytes=3311672 storage=fp32 camera_reads=contiguous
  MFCG score_init=850912.46064130263 precision=fp64
PCG_PREP o=0 rebuild=1 drift=0 previous_depth=0
FOLLOW_POINT o=0 mode=3 changed=7776 candidate=38233.822702243007 rho=0.99824673201688097 selected=1
ATTR_RADIUS o=0 raw_norm=367.81718843314724 norm=367.81718843314724 radius=367.81718843314724 next_radius=735.63437686629447 lambda=0.10000000000000001 next_lambda=0.025000000000000001 rho=0.99824673201688097 accept=1
CLASSICAL_LM o=0 lambda=0.10000000000000001 tau=0.10000000000000001 prediction=814105.98389548925 rho=0.99824673201688097 accept=1
  MFCG it   1 cost=3.823382e+04 lam=2.500e-02 tau=0.00e+00 cg_it=0 shift=0 ckpt=1 alpha=0 acc mv=2
PCG_PREP o=1 rebuild=1 drift=0 previous_depth=1
FOLLOW_POINT o=1 mode=3 changed=7776 candidate=25374.44116210115 rho=-1 selected=0
ATTR_RADIUS o=1 raw_norm=312.22226077266396 norm=312.22226077266396 radius=735.63437686629447 next_radius=735.63437686629447 lambda=0.025000000000000001 next_lambda=0.0025000000000000005 rho=0.99895734973817796 accept=1
CLASSICAL_LM o=1 lambda=0.025000000000000001 tau=0.025000000000000001 prediction=12874.389019157332 rho=0.99895734973817796 accept=1
  MFCG it   2 cost=2.537286e+04 lam=2.500e-03 tau=0.00e+00 cg_it=5 shift=0 ckpt=6 alpha=0 acc mv=9
PCG_PREP o=2 rebuild=1 drift=0 previous_depth=6
FOLLOW_POINT o=2 mode=3 changed=7776 candidate=18922.08926260869 rho=-1 selected=0
ATTR_RADIUS o=2 raw_norm=526.77380092989665 norm=526.77380092989654 radius=735.63437686629447 next_radius=735.63437686629447 lambda=0.0025000000000000005 next_lambda=0.00025000000000000006 rho=1.0003254780134385 accept=1
CLASSICAL_LM o=2 lambda=0.0025000000000000005 tau=0.0025000000000000005 prediction=6478.9904937642495 rho=1.0003254780134385 accept=1
  MFCG it   3 cost=1.889176e+04 lam=2.500e-04 tau=0.00e+00 cg_it=13 shift=0 ckpt=14 alpha=0 acc mv=24
PCG_PREP o=3 rebuild=1 drift=0 previous_depth=14
FOLLOW_POINT o=3 mode=3 changed=7776 candidate=15445.970488767482 rho=1.0165087021907255 selected=1
ATTR_RADIUS o=3 raw_norm=344.65566472747662 norm=344.65566472747662 radius=735.63437686629447 next_radius=735.63437686629447 lambda=0.00025000000000000006 next_lambda=2.5000000000000008e-05 rho=1.0165087021907255 accept=1
CLASSICAL_LM o=3 lambda=0.00025000000000000006 tau=0.00025000000000000006 prediction=3389.8257921987215 rho=1.0165087021907255 accept=1
  MFCG it   4 cost=1.544597e+04 lam=2.500e-05 tau=0.00e+00 cg_it=0 shift=0 ckpt=1 alpha=0 acc mv=26
PCG_PREP o=4 rebuild=1 drift=0 previous_depth=1
FOLLOW_POINT o=4 mode=3 changed=7776 candidate=14108.862672239957 rho=1.1113361642023476 selected=1
ATTR_RADIUS o=4 raw_norm=503.64156989229065 norm=503.64156989229065 radius=735.63437686629447 next_radius=735.63437686629447 lambda=2.5000000000000008e-05 next_lambda=2.5000000000000011e-06 rho=1.1113361642023476 accept=1
CLASSICAL_LM o=4 lambda=2.5000000000000008e-05 tau=2.5000000000000008e-05 prediction=1203.1533388344499 rho=1.1113361642023476 accept=1
  MFCG it   5 cost=1.410886e+04 lam=2.500e-06 tau=0.00e+00 cg_it=2 shift=0 ckpt=3 alpha=0 acc mv=30
PCG_PREP o=5 rebuild=1 drift=0 previous_depth=3
FOLLOW_POINT o=5 mode=3 changed=7776 candidate=13772.256628421557 rho=1.6699266318854691 selected=1
ATTR_RADIUS o=5 raw_norm=681.81513845685879 norm=681.81513845685879 radius=735.63437686629447 next_radius=1471.2687537325889 lambda=2.5000000000000011e-06 next_lambda=6.2500000000000026e-07 rho=1.6699266318854691 accept=1
CLASSICAL_LM o=5 lambda=2.5000000000000011e-06 tau=2.5000000000000011e-06 prediction=201.56936082775485 rho=1.6699266318854691 accept=1
  MFCG it   6 cost=1.377226e+04 lam=6.250e-07 tau=0.00e+00 cg_it=9 shift=0 ckpt=10 alpha=0 acc mv=41
PCG_PREP o=6 rebuild=1 drift=0 previous_depth=10
POINT_SAFE o=6 frozen=0 slope=-380.90467378354924 candidate=inf original=13747.19883589134 current=13772.256628421557 won=0 mode=1 camera_scale=1 keep_scale=0
FOLLOW_POINT o=6 mode=3 changed=7776 candidate=13733.509919637376 rho=0.87303178619714905 selected=1
ATTR_RADIUS o=6 raw_norm=1172.1759954923884 norm=146.52199943654853 radius=1471.2687537325889 next_radius=1471.2687537325889 lambda=6.2500000000000026e-07 next_lambda=6.2500000000000024e-08 rho=0.87303178619714905 accept=1
CLASSICAL_LM o=6 lambda=6.2500000000000026e-07 tau=6.2500000000000026e-07 prediction=44.381784714802627 rho=0.87303178619714905 accept=1
  MFCG it   7 cost=1.373351e+04 lam=6.250e-08 tau=0.00e+00 cg_it=31 shift=0 ckpt=32 alpha=0 acc mv=74
PCG_PREP o=7 rebuild=1 drift=0 previous_depth=32
POINT_SAFE o=7 frozen=0 slope=-400.05961592485528 candidate=inf original=13721.641975364051 current=13733.509919637376 won=0 mode=1 camera_scale=1 keep_scale=0
FOLLOW_POINT o=7 mode=3 changed=7776 candidate=13712.228797860986 rho=0.77676811412861901 selected=1
ATTR_RADIUS o=7 raw_norm=1800.7967289001874 norm=91.954297108286809 radius=1471.2687537325889 next_radius=1471.2687537325889 lambda=6.2500000000000024e-08 next_lambda=6.250000000000003e-09 rho=0.77676811412861901 accept=1
CLASSICAL_LM o=7 lambda=6.2500000000000024e-08 tau=6.2500000000000024e-08 prediction=27.397007407111925 rho=0.77676811412861901 accept=1
  MFCG it   8 cost=1.371223e+04 lam=6.250e-09 tau=0.00e+00 cg_it=30 shift=0 ckpt=31 alpha=0 acc mv=106
PCG_PREP o=8 rebuild=1 drift=0 previous_depth=31
POINT_SAFE o=8 frozen=0 slope=-374.8285260231487 candidate=inf original=13704.906567294873 current=13712.228797860986 won=0 mode=1 camera_scale=1 keep_scale=0
FOLLOW_POINT o=8 mode=3 changed=7776 candidate=13692.439601108075 rho=0.92614129761441377 selected=1
ATTR_RADIUS o=8 raw_norm=2060.8579706914693 norm=91.954297108286809 radius=1471.2687537325889 next_radius=1471.2687537325889 lambda=6.250000000000003e-09 next_lambda=6.2500000000000032e-10 rho=0.92614129761441377 accept=1
CLASSICAL_LM o=8 lambda=6.250000000000003e-09 tau=6.250000000000003e-09 prediction=21.367362414227767 rho=0.92614129761441377 accept=1
  MFCG it   9 cost=1.369244e+04 lam=6.250e-10 tau=0.00e+00 cg_it=31 shift=0 ckpt=32 alpha=0 acc mv=139
PCG_PREP o=9 rebuild=1 drift=0 previous_depth=32
POINT_SAFE o=9 frozen=1 slope=-346.39537479318778 candidate=55957.693024375061 original=13691.204347107454 current=13692.439601108075 won=0 mode=1 camera_scale=1 keep_scale=0
FOLLOW_POINT o=9 mode=3 changed=7776 candidate=13674.008262164565 rho=-1 selected=0
ATTR_RADIUS o=9 raw_norm=2148.1809697940294 norm=91.954297108286809 radius=1471.2687537325889 next_radius=367.81718843314724 lambda=6.2500000000000032e-10 next_lambda=1.0000000000000005e-08 rho=0.057323469102031469 accept=0
CLASSICAL_LM o=9 lambda=6.2500000000000032e-10 tau=6.2500000000000032e-10 prediction=21.548835406710882 rho=0.057323469102031469 accept=0
  MFCG it  10  retry 1/8  lam=1.000e-08 tau_eff=6.250e-10  (assembly reused)
PCG_PREP o=9 rebuild=1 drift=0 previous_depth=35
POINT_SAFE o=9 frozen=1 slope=-139.1459888232838 candidate=14427.076011734483 original=13679.037839945362 current=13692.439601108075 won=0 mode=1 camera_scale=1 keep_scale=0
FOLLOW_POINT o=9 mode=3 changed=7776 candidate=13662.298879613583 rho=2.3535825741748777 selected=1
ATTR_RADIUS o=9 raw_norm=1810.8630943073531 norm=91.954297108286809 radius=367.81718843314724 next_radius=367.81718843314724 lambda=1.0000000000000005e-08 next_lambda=1.0000000000000005e-09 rho=2.3535825741748777 accept=1
CLASSICAL_LM o=9 lambda=1.0000000000000005e-08 tau=1.0000000000000005e-08 prediction=12.806315710022965 rho=2.3535825741748777 accept=1
  MFCG it  10 cost=1.366230e+04 lam=1.000e-09 tau=0.00e+00 cg_it=30 shift=0 ckpt=31 alpha=0 acc mv=207
PCG_PREP o=10 rebuild=1 drift=0 previous_depth=31
POINT_SAFE o=10 frozen=2 slope=-106.25294371803267 candidate=14593.895638360091 original=13656.941971220363 current=13662.298879613583 won=0 mode=1 camera_scale=1 keep_scale=0
FOLLOW_POINT o=10 mode=3 changed=7776 candidate=13649.337926500988 rho=1.0776155017309272 selected=1
ATTR_RADIUS o=10 raw_norm=1974.6660520709622 norm=45.977148554143405 radius=367.81718843314724 next_radius=367.81718843314724 lambda=1.0000000000000005e-09 next_lambda=1.0000000000000006e-10 rho=1.0776155017309272 accept=1
CLASSICAL_LM o=10 lambda=1.0000000000000005e-09 tau=1.0000000000000005e-09 prediction=12.027437515307284 rho=1.0776155017309272 accept=1
  MFCG it  11 cost=1.364934e+04 lam=1.000e-10 tau=0.00e+00 cg_it=31 shift=0 ckpt=32 alpha=0 acc mv=240
PCG_PREP o=11 rebuild=1 drift=0 previous_depth=32
POINT_SAFE o=11 frozen=3 slope=-95.37066628304774 candidate=14692.597091437272 original=13641.854706654383 current=13649.337926500988 won=0 mode=1 camera_scale=1 keep_scale=0
FOLLOW_POINT o=11 mode=3 changed=7776 candidate=13637.621454949844 rho=-1 selected=0
ATTR_RADIUS o=11 raw_norm=1997.7689932364519 norm=45.977148554143405 radius=367.81718843314724 next_radius=367.81718843314724 lambda=1.0000000000000006e-10 next_lambda=1.0000000000000006e-11 rho=0.61098912741489109 accept=1
CLASSICAL_LM o=11 lambda=1.0000000000000006e-10 tau=1.0000000000000006e-10 prediction=12.247713602149307 rho=0.61098912741489109 accept=1
  MFCG it  12 cost=1.364185e+04 lam=1.000e-11 tau=0.00e+00 cg_it=32 shift=0 ckpt=33 alpha=0 acc mv=274
PCG_PREP o=12 rebuild=1 drift=0 previous_depth=33
POINT_SAFE o=12 frozen=2 slope=-98.753345950243215 candidate=14845.750695675919 original=13638.606598376286 current=13641.854706654383 won=0 mode=1 camera_scale=1 keep_scale=0
FOLLOW_POINT o=12 mode=3 changed=7776 candidate=13630.180452443916 rho=-1 selected=0
ATTR_RADIUS o=12 raw_norm=1971.4060877460429 norm=45.977148554143419 radius=367.81718843314724 next_radius=367.81718843314724 lambda=1.0000000000000006e-11 next_lambda=1.0000000000000006e-12 rho=0.26596880601198641 accept=1
CLASSICAL_LM o=12 lambda=1.0000000000000006e-11 tau=1.0000000000000006e-11 prediction=12.212365528126657 rho=0.26596880601198641 accept=1
  MFCG it  13 cost=1.363861e+04 lam=1.000e-12 tau=0.00e+00 cg_it=32 shift=0 ckpt=33 alpha=0 acc mv=308
PCG_PREP o=13 rebuild=1 drift=0 previous_depth=33
POINT_SAFE o=13 frozen=2 slope=-107.66736258764445 candidate=15026.373597479604 original=13637.499056033534 current=13638.606598376286 won=0 mode=1 camera_scale=1 keep_scale=0
FOLLOW_POINT o=13 mode=3 changed=7776 candidate=13632.079728774024 rho=202.80253261001243 selected=1
ATTR_RADIUS o=13 raw_norm=1931.8953776883648 norm=22.988574277071702 radius=367.81718843314724 next_radius=367.81718843314724 lambda=1.0000000000000006e-12 next_lambda=1.0000000000000007e-13 rho=202.80253261001243 accept=1
CLASSICAL_LM o=13 lambda=1.0000000000000006e-12 tau=1.0000000000000006e-12 prediction=0.032183373246193137 rho=202.80253261001243 accept=1
  MFCG it  14 cost=1.363208e+04 lam=1.000e-13 tau=0.00e+00 cg_it=32 shift=0 ckpt=33 alpha=0 acc mv=342
PCG_PREP o=14 rebuild=1 drift=0 previous_depth=33
POINT_SAFE o=14 frozen=4 slope=-32.686621856223894 candidate=15092.224807817372 original=13625.619345273633 current=13632.079728774024 won=0 mode=1 camera_scale=1 keep_scale=0
FOLLOW_POINT o=14 mode=3 changed=7776 candidate=13628.934533511047 rho=-1 selected=0
ATTR_RADIUS o=14 raw_norm=1915.354600232522 norm=11.494287138535851 radius=367.81718843314724 next_radius=367.81718843314724 lambda=1.0000000000000007e-13 next_lambda=1.0000000000000008e-14 rho=2.0308715115506928 accept=1
CLASSICAL_LM o=14 lambda=1.0000000000000007e-13 tau=1.0000000000000007e-13 prediction=3.1810892336847041 rho=2.0308715115506928 accept=1
  MFCG it  15 cost=1.362562e+04 lam=1.000e-14 tau=0.00e+00 cg_it=32 shift=0 ckpt=33 alpha=0 acc mv=376
PCG_PREP o=15 rebuild=1 drift=0 previous_depth=33
POINT_SAFE o=15 frozen=4 slope=-66.961626861631203 candidate=15092.967734191596 original=13620.903262271606 current=13625.619345273633 won=0 mode=1 camera_scale=1 keep_scale=0
FOLLOW_POINT o=15 mode=3 changed=7776 candidate=13620.007784019739 rho=0.80048327581249579 selected=1
ATTR_RADIUS o=15 raw_norm=1911.6659786671762 norm=22.988574277071695 radius=367.81718843314724 next_radius=367.81718843314724 lambda=1.0000000000000008e-14 next_lambda=1.0000000000000009e-15 rho=0.80048327581249579 accept=1
CLASSICAL_LM o=15 lambda=1.0000000000000008e-14 tau=1.0000000000000008e-14 prediction=7.0102167321340723 rho=0.80048327581249579 accept=1
  MFCG it  16 cost=1.362001e+04 lam=1.000e-15 tau=0.00e+00 cg_it=32 shift=0 ckpt=33 alpha=0 acc mv=410
PCG_PREP o=16 rebuild=1 drift=0 previous_depth=33
POINT_SAFE o=16 frozen=4 slope=-64.383811635134066 candidate=15164.784222563612 original=13617.351128955219 current=13620.007784019739 won=0 mode=1 camera_scale=1 keep_scale=0
FOLLOW_POINT o=16 mode=3 changed=7776 candidate=13609.665910094751 rho=-1 selected=0
ATTR_RADIUS o=16 raw_norm=1892.1832811582194 norm=45.97714855414339 radius=367.81718843314724 next_radius=91.954297108286809 lambda=1.0000000000000009e-15 next_lambda=1.6000000000000014e-14 rho=0.2458401600923425 accept=1
CLASSICAL_LM o=16 lambda=1.0000000000000009e-15 tau=1.0000000000000009e-15 prediction=10.806432372653614 rho=0.2458401600923425 accept=1
  MFCG it  17 cost=1.361735e+04 lam=1.600e-14 tau=0.00e+00 cg_it=32 shift=0 ckpt=33 alpha=0 acc mv=444
PCG_PREP o=17 rebuild=1 drift=0 previous_depth=33
POINT_SAFE o=17 frozen=0 slope=-52.409930444106237 candidate=inf original=13608.935190609796 current=13617.351128955219 won=0 mode=1 camera_scale=1 keep_scale=0
FOLLOW_POINT o=17 mode=3 changed=7776 candidate=13596.238229857203 rho=-1 selected=0
ATTR_RADIUS o=17 raw_norm=1858.8489801161288 norm=45.977148554143398 radius=91.954297108286809 next_radius=91.954297108286809 lambda=1.6000000000000014e-14 next_lambda=1.6000000000000015e-15 rho=0.39271341836859702 accept=1
CLASSICAL_LM o=17 lambda=1.6000000000000014e-14 tau=1.6000000000000014e-14 prediction=21.430228639458985 rho=0.39271341836859702 accept=1
  MFCG it  18 cost=1.360894e+04 lam=1.600e-15 tau=0.00e+00 cg_it=32 shift=0 ckpt=33 alpha=0 acc mv=478
PCG_PREP o=18 rebuild=1 drift=0 previous_depth=33
POINT_SAFE o=18 frozen=0 slope=-49.933002617480327 candidate=inf original=13605.659253458336 current=13608.935190609796 won=0 mode=1 camera_scale=1 keep_scale=0
FOLLOW_POINT o=18 mode=3 changed=7776 candidate=13597.672487958647 rho=2.0060152673425002 selected=1
ATTR_RADIUS o=18 raw_norm=1818.4268162741353 norm=22.988574277071699 radius=91.954297108286809 next_radius=91.954297108286809 lambda=1.6000000000000015e-15 next_lambda=1.6000000000000016e-16 rho=2.0060152673425002 accept=1
CLASSICAL_LM o=18 lambda=1.6000000000000015e-15 tau=1.6000000000000015e-15 prediction=5.6144650713798026 rho=2.0060152673425002 accept=1
  MFCG it  19 cost=1.359767e+04 lam=1.600e-16 tau=0.00e+00 cg_it=32 shift=0 ckpt=33 alpha=0 acc mv=512
PCG_PREP o=19 rebuild=1 drift=0 previous_depth=33
POINT_SAFE o=19 frozen=4 slope=-19.1994622668918 candidate=13640.092597266292 original=13595.418795164214 current=13597.672487958647 won=0 mode=1 camera_scale=1 keep_scale=0
FOLLOW_POINT o=19 mode=3 changed=7776 candidate=13595.566918176679 rho=-1 selected=0
ATTR_RADIUS o=19 raw_norm=1806.5202993611624 norm=5.7471435692679256 radius=91.954297108286809 next_radius=91.954297108286809 lambda=1.6000000000000016e-16 next_lambda=9.9999999999999998e-17 rho=1.0677510959738079 accept=1
CLASSICAL_LM o=19 lambda=1.6000000000000016e-16 tau=1.6000000000000016e-16 prediction=2.110691155392848 rho=1.0677510959738079 accept=1
  MFCG it  20 cost=1.359542e+04 lam=1.000e-16 tau=0.00e+00 cg_it=32 shift=0 ckpt=33 alpha=0 acc mv=546
PCG_PREP o=20 rebuild=1 drift=0 previous_depth=33
POINT_SAFE o=20 frozen=4 slope=-19.262161840763355 candidate=13638.631967368168 original=13591.761522028391 current=13595.418795164214 won=0 mode=1 camera_scale=1 keep_scale=0
FOLLOW_POINT o=20 mode=3 changed=7776 candidate=13591.621374629682 rho=0.82719768567900043 selected=1
ATTR_RADIUS o=20 raw_norm=1800.6773588438648 norm=11.494287138535849 radius=91.954297108286809 next_radius=91.954297108286809 lambda=9.9999999999999998e-17 next_lambda=9.9999999999999998e-17 rho=0.82719768567900043 accept=1
CLASSICAL_LM o=20 lambda=9.9999999999999998e-17 tau=9.9999999999999998e-17 prediction=4.5907049793249328 rho=0.82719768567900043 accept=1
  MFCG it  21 cost=1.359162e+04 lam=1.000e-16 tau=0.00e+00 cg_it=32 shift=0 ckpt=33 alpha=0 acc mv=580
PCG_PREP o=21 rebuild=1 drift=0 previous_depth=33
POINT_SAFE o=21 frozen=4 slo[R9] wrote /tmp/prism-ba-coarse/research/champion_point_followup/evidence/screen/ladybug-49-virtual-1/curve.csv
pe=-17.125115187929758 candidate=13638.55939086684 original=13587.611649754233 current=13591.621374629682 won=0 mode=1 camera_scale=1 keep_scale=0
FOLLOW_POINT o=21 mode=3 changed=7776 candidate=13585.235077659969 rho=-1 selected=0
ATTR_RADIUS o=21 raw_norm=1797.4749523680193 norm=22.988574277071702 radius=91.954297108286809 next_radius=91.954297108286809 lambda=9.9999999999999998e-17 next_lambda=9.9999999999999998e-17 rho=0.6226901998611668 accept=1
CLASSICAL_LM o=21 lambda=9.9999999999999998e-17 tau=9.9999999999999998e-17 prediction=6.4393576072695939 rho=0.6226901998611668 accept=1
TARGET reached outer=22 seconds=0.165010926 cost=13587.611649754233 threshold=13591.568354279514
  MFCG: accepts=22 rejects=1 total_matvecs=614 negcurv=0 cand_evals=23 mean_cg_per_outer=27.9
NUMERIC_REPAIR summary rebuilds=0 floor=9.9999999999999998e-17
  [retry-cache] builds=23 reuses=0
  [menu-backtrack] trials=17 rescues=17 evals=66 total_scored=89
FOLLOW_POINT summary calls=23 wins=13 changed=178848 seconds=0.023272088
POINT_SAFE summary calls=17 evals=12 wins=0 frozen=35 seconds=0.005691082
  [scoring] menu_evals=23 alpha_evals=0 backtrack_evals=66 total_scored=89
RESULT algo=mfree_shifted_cg iters=22 final_cost=13587.6116497542 solve_seconds=0.165682
DIAGNOSTICS median_reproj_err_px 1.479478 -> 0.387094 | cheirality_violations(obs) 31 -> 71 | cheirality_violations(pts, of 7776) 10 -> 18
