  [menu-backtrack] active=1 max_evals=8 warmup_accepts=3 confirm_stop=original armijo=1e-4
MIXED_STORAGE fragments=fp32 arithmetic=fp64 state=fp64 acceptance=fp64
STCG_CONFIG metric=actual_pcg_factor bootstrap=first_forcing_step floor=disabled variable_metric_radius=1
  [compact-fragments] active=2 saved_bytes=171996448 storage=fp32 camera_reads=contiguous
  MFCG score_init=90993342.024340227 precision=fp64
PCG_PREP o=0 rebuild=1 drift=0 previous_depth=0
ATTR_RADIUS o=0 raw_norm=11601.325334193507 norm=11601.325334193507 radius=11601.325334193507 next_radius=23202.650668387014 lambda=0.10000000000000001 next_lambda=0.025000000000000001 rho=0.99545080656082696 accept=1
STCG o=0 retry=0 reason=0 depth=1 cap=128 next_iterate_norm=nan norm=11601.325334193507 radius=11601.325334193507 accept=1 metric_seconds=9.405e-05 grams=2
CLASSICAL_LM o=0 lambda=0.10000000000000001 tau=0.10000000000000001 prediction=83412716.69905895 rho=0.99545080656082696 accept=1
  MFCG it   1 cost=7.960086e+06 lam=2.500e-02 tau=0.00e+00 cg_it=0 shift=0 ckpt=1 alpha=0 acc mv=2
PCG_PREP o=1 rebuild=1 drift=0 previous_depth=1
ATTR_RADIUS o=1 raw_norm=3519.7540131891001 norm=3519.7540131891001 radius=23202.650668387014 next_radius=23202.650668387014 lambda=0.025000000000000001 next_lambda=0.0025000000000000005 rho=0.99453896506499739 accept=1
STCG o=1 retry=0 reason=0 depth=5 cap=128 next_iterate_norm=3519.7540131891001 norm=3519.7540131891001 radius=23202.650668387014 accept=1 metric_seconds=0.0003449 grams=9
CLASSICAL_LM o=1 lambda=0.025000000000000001 tau=0.025000000000000001 prediction=4259951.5107679721 rho=0.99453896506499739 accept=1
  MFCG it   2 cost=3.723398e+06 lam=2.500e-03 tau=0.00e+00 cg_it=4 shift=0 ckpt=5 alpha=0 acc mv=8
PCG_PREP o=2 rebuild=1 drift=0 previous_depth=5
ATTR_RADIUS o=2 raw_norm=2092.9026293366392 norm=2092.9026293366392 radius=23202.650668387014 next_radius=23202.650668387014 lambda=0.0025000000000000005 next_lambda=0.00025000000000000006 rho=0.87051061466525925 accept=1
STCG o=2 retry=0 reason=0 depth=10 cap=128 next_iterate_norm=2092.9026293366396 norm=2092.9026293366392 radius=23202.650668387014 accept=1 metric_seconds=0.00078664 grams=21
CLASSICAL_LM o=2 lambda=0.0025000000000000005 tau=0.0025000000000000005 prediction=1234099.5580717593 rho=0.87051061466525925 accept=1
  MFCG it   3 cost=2.649101e+06 lam=2.500e-04 tau=0.00e+00 cg_it=9 shift=0 ckpt=10 alpha=0 acc mv=19
PCG_PREP o=3 rebuild=1 drift=0 previous_depth=10
ATTR_RADIUS o=3 raw_norm=564.45830779065398 norm=564.45830779065398 radius=23202.650668387014 next_radius=23202.650668387014 lambda=0.00025000000000000006 next_lambda=2.5000000000000008e-05 rho=0.71461554944759142 accept=1
STCG o=3 retry=0 reason=0 depth=1 cap=128 next_iterate_norm=564.45830779065386 norm=564.45830779065398 radius=23202.650668387014 accept=1 metric_seconds=0.000889701 grams=24
CLASSICAL_LM o=3 lambda=0.00025000000000000006 tau=0.00025000000000000006 prediction=596515.31226697541 rho=0.71461554944759142 accept=1
  MFCG it   4 cost=2.222822e+06 lam=2.500e-05 tau=0.00e+00 cg_it=0 shift=0 ckpt=1 alpha=0 acc mv=21
PCG_PREP o=4 rebuild=1 drift=0 previous_depth=1
POINT_SAFE o=4 frozen=2065 slope=-388462.38370601239 candidate=2277636.610378989 original=2057113.2784369185 current=2222822.2596012536 won=0 mode=1 camera_scale=1 keep_scale=0
ATTR_RADIUS o=4 raw_norm=843.63747116808315 norm=421.81873558404158 radius=23202.650668387014 next_radius=23202.650668387014 lambda=2.5000000000000008e-05 next_lambda=2.5000000000000011e-06 rho=0.77184312979652014 accept=1
STCG o=4 retry=0 reason=0 depth=2 cap=128 next_iterate_norm=843.63747116808315 norm=421.81873558404158 radius=23202.650668387014 accept=1 metric_seconds=0.001029262 grams=28
CLASSICAL_LM o=4 lambda=2.5000000000000008e-05 tau=2.5000000000000008e-05 prediction=214692.56480655679 rho=0.77184312979652014 accept=1
  MFCG it   5 cost=2.057113e+06 lam=2.500e-06 tau=0.00e+00 cg_it=1 shift=0 ckpt=2 alpha=0 acc mv=24
PCG_PREP o=5 rebuild=1 drift=0 previous_depth=2
POINT_SAFE o=5 frozen=2793 slope=-392765.05106466869 candidate=5716170.2935400633 original=1974449.3912895378 current=2057113.2784369185 won=0 mode=1 camera_scale=1 keep_scale=0
ATTR_RADIUS o=5 raw_norm=7974.3772536514543 norm=1993.5943134128636 radius=23202.650668387014 next_radius=23202.650668387014 lambda=2.5000000000000011e-06 next_lambda=2.5000000000000009e-07 rho=0.69536313665908356 accept=1
STCG o=5 retry=0 reason=0 depth=25 cap=128 next_iterate_norm=7974.3772536514516 norm=1993.5943134128636 radius=23202.650668387014 accept=1 metric_seconds=0.001991244 grams=55
CLASSICAL_LM o=5 lambda=2.5000000000000011e-06 tau=2.5000000000000011e-06 prediction=118878.73082335749 rho=0.69536313665908356 accept=1
  MFCG it   6 cost=1.974449e+06 lam=2.500e-07 tau=0.00e+00 cg_it=24 shift=0 ckpt=25 alpha=0 acc mv=50
PCG_PREP o=6 rebuild=1 drift=0 previous_depth=25
POINT_SAFE o=6 frozen=4373 slope=-211931.42318848526 candidate=82578738354555.234 original=1971282.6038827777 current=1974449.3912895378 won=0 mode=1 camera_scale=1 keep_scale=0
ATTR_RADIUS o=6 raw_norm=1516.9136341959409 norm=47.403551068623152 radius=23202.650668387014 next_radius=23202.650668387014 lambda=2.5000000000000009e-07 next_lambda=2.5000000000000012e-08 rho=0.3230471936421036 accept=1
STCG o=6 retry=0 reason=0 depth=5 cap=128 next_iterate_norm=1516.9136341959411 norm=47.403551068623152 radius=23202.650668387014 accept=1 metric_seconds=0.002237985 grams=62
CLASSICAL_LM o=6 lambda=2.5000000000000009e-07 tau=2.5000000000000009e-07 prediction=9802.8630772395572 rho=0.3230471936421036 accept=1
  MFCG it   7 cost=1.971283e+06 lam=2.500e-08 tau=0.00e+00 cg_it=4 shift=0 ckpt=5 alpha=0 acc mv=56
PCG_PREP o=7 rebuild=1 drift=0 previous_depth=5
POINT_SAFE o=7 frozen=38432 slope=-1358485.6829740081 candidate=2.3778710848295752e+19 original=inf current=1971282.6038827777 won=0 mode=1 camera_scale=1 keep_scale=0
ATTR_RADIUS o=7 raw_norm=23202.650668387014 norm=23202.650668387021 radius=23202.650668387014 next_radius=5800.6626670967535 lambda=2.5000000000000012e-08 next_lambda=4.0000000000000019e-07 rho=-1 accept=0
STCG o=7 retry=0 reason=2 depth=3 cap=128 next_iterate_norm=658.82498655780159 norm=23202.650668387021 radius=23202.650668387014 accept=0 metric_seconds=0.002401705 grams=67
CLASSICAL_LM o=7 lambda=2.5000000000000012e-08 tau=2.5000000000000012e-08 prediction=-109468168.02514379 rho=-1 accept=0
  MFCG it   8  retry 1/8  lam=4.000e-07 tau_eff=2.500e-08  (assembly reused)
PCG_PREP o=7 rebuild=1 drift=0 previous_depth=3
POINT_SAFE o=7 frozen=4055 slope=-201258.91074052616 candidate=1582669732243.1934 original=1955409.606932472 current=1971282.6038827777 won=0 mode=1 camera_scale=1 keep_scale=0
ATTR_RADIUS o=7 raw_norm=1490.4584154765689 norm=372.61460386914223 radius=5800.6626670967535 next_radius=1450.1656667741884 lambda=4.0000000000000019e-07 next_lambda=6.4000000000000031e-06 rho=0.23059423584926067 accept=1
STCG o=7 retry=1 reason=0 depth=5 cap=128 next_iterate_norm=1490.4584154765687 norm=372.61460386914223 radius=5800.6626670967535 accept=1 metric_seconds=0.002645835 grams=74
CLASSICAL_LM o=7 lambda=4.0000000000000019e-07 tau=4.0000000000000019e-07 prediction=68835.185284865205 rho=0.23059423584926067 accept=1
  MFCG it   8 cost=1.955410e+06 lam=6.400e-06 tau=0.00e+00 cg_it=4 shift=0 ckpt=5 alpha=0 acc mv=65
PCG_PREP o=8 rebuild=1 drift=0 previous_depth=5
POINT_SAFE o=8 frozen=524 slope=-106813.47053850861 candidate=1904864.6781405397 original=1944726.5041751356 current=1955409.606932472 won=1 mode=1 camera_scale=1 keep_scale=0
ATTR_RADIUS o=8 raw_norm=215.65009013732907 norm=215.65009013732907 radius=1450.1656667741884 next_radius=1450.1656667741884 lambda=6.4000000000000031e-06 next_lambda=6.4000000000000033e-07 rho=0.93435025856428411 accept=1
STCG o=8 retry=0 reason=0 depth=1 cap=128 next_iterate_norm=215.65009013732899 norm=215.65009013732907 radius=1450.1656667741884 accept=1 metric_seconds=0.002750904 grams=77
CLASSICAL_LM o=8 lambda=6.4000000000000031e-06 tau=6.4000000000000031e-06 prediction=54096.339492214909 rho=0.93435025856428411 accept=1
  MFCG it   9 cost=1.904865e+06 lam=6.400e-07 tau=0.00e+00 cg_it=0 shift=0 ckpt=1 alpha=0 acc mv=67
PCG_PREP o=9 rebuild=1 drift=0 previous_depth=1
POINT_SAFE o=9 frozen=3957 slope=-87002.246928238426 candidate=3190043.7861878746 original=1882092.5333904573 current=1904864.6781405397 won=0 mode=1 camera_scale=1 keep_scale=0
ATTR_RADIUS o=9 raw_norm=1450.1656667741884 norm=362.54141669354709 radius=1450.1656667741884 next_radius=1450.1656667741884 lambda=6.4000000000000033e-07 next_lambda=6.400000000000003e-08 rho=0.46765520780023762 accept=1
STCG o=9 retry=0 reason=1 depth=6 cap=128 next_iterate_norm=1658.3077298734706 norm=362.54141669354709 radius=1450.1656667741884 accept=1 metric_seconds=0.003033714 grams=85
CLASSICAL_LM o=9 lambda=6.4000000000000033e-07 tau=6.4000000000000033e-07 prediction=48694.303773924163 rho=0.46765520780023762 accept=1
  MFCG it  10 cost=1.882093e+06 lam=6.400e-08 tau=0.00e+00 cg_it=5 shift=0 ckpt=6 alpha=0 acc mv=73
PCG_PREP o=10 rebuild=1 drift=0 previous_depth=6
POINT_SAFE o=10 frozen=1032 slope=-40930.204485775888 candidate=181783850.73704919 original=inf current=1882092.5333904573 won=0 mode=1 camera_scale=1 keep_scale=0
ATTR_RADIUS o=10 raw_norm=179.65891891954061 norm=179.6589189195401 radius=1450.1656667741884 next_radius=362.54141669354709 lambda=6.400000000000003e-08 next_lambda=1.0240000000000005e-06 rho=-1 accept=0
STCG o=10 retry=0 reason=0 depth=1 cap=128 next_iterate_norm=179.65891891954058 norm=179.6589189195401 radius=1450.1656667741884 accept=0 metric_seconds=0.003136274 grams=88
CLASSICAL_LM o=10 lambda=6.400000000000003e-08 tau=6.400000000000003e-08 prediction=20646.665927904363 rho=-1 accept=0
  MFCG it  11  retry 1/8  lam=1.024e-06 tau_eff=6.400e-08  (assembly reused)
PCG_PREP o=10 rebuild=1 drift=0 previous_depth=1
POINT_SAFE o=10 frozen=707 slope=-39529.664930770086 candidate=5188237.6009983011 original=inf current=1882092.5333904573 won=0 mode=1 camera_scale=1 keep_scale=0
ATTR_RADIUS o=10 raw_norm=172.67470620351475 norm=172.67470620351472 radius=362.54141669354709 next_radius=90.635354173386773 lambda=1.0240000000000005e-06 next_lambda=1.6384000000000008e-05 rho=-1 accept=0
STCG o=10 retry=1 reason=0 depth=1 cap=128 next_iterate_norm=172.67470620351446 norm=172.67470620351472 radius=362.54141669354709 accept=0 metric_seconds=0.003239034 grams=91
CLASSICAL_LM o=10 lambda=1.0240000000000005e-06 tau=1.0240000000000005e-06 prediction=20145.372003727862 rho=-1 accept=0
  MFCG it  11  retry 2/8  lam=1.638e-05 tau_eff=1.024e-06  (assembly reused)
PCG_PREP o=10 rebuild=1 drift=0 previous_depth=1
POINT_SAFE o=10 frozen=95 slope=-30438.414614228554 candidate=1880462.7920343231 original=inf current=1882092.5333904573 won=1 mode=1 camera_scale=1 keep_scale=0
ATTR_RADIUS o=10 raw_norm=90.635354173386744 norm=0 radius=90.635354173386773 next_radius=22.658838543346693 lambda=1.6384000000000008e-05 next_lambda=0.00026214400000000012 rho=0.090461004619837304 accept=0
STCG o=10 retry=2 reason=1 depth=1 cap=128 next_iterate_norm=167.28452372515181 norm=0 radius=90.635354173386773 accept=0 metric_seconds=0.003329334 grams=94
CLASSICAL_LM o=10 lambda=1.6384000000000008e-05 tau=1.6384000000000008e-05 prediction=18015.954642369667 rho=0.090461004619837304 accept=0
  MFCG it  11  retry 3/8  lam=2.621e-04 tau_eff=1.638e-05  (assembly reused)
PCG_PREP o=10 rebuild=1 drift=0 previous_depth=1
POINT_SAFE o=10 frozen=10 slope=-22767.088655268868 candidate=88967400.03039661 original=inf current=1882092.5333904573 won=0 mode=1 camera_scale=1 keep_scale=0
ATTR_RADIUS o=10 raw_norm=22.658838543346686 norm=22.65883854334669 radius=22.658838543346693 next_radius=5.6647096358366733 lambda=0.00026214400000000012 next_lambda=0.004194304000000002 rho=-1 accept=0
STCG o=10 retry=3 reason=1 depth=1 cap=128 next_iterate_norm=181.74600734686067 norm=22.65883854334669 radius=22.658838543346693 accept=0 metric_seconds=0.003428554 grams=97
CLASSICAL_LM o=10 lambda=0.00026214400000000012 tau=0.00026214400000000012 prediction=14014.817303632657 rho=-1 accept=0
  MFCG it  11  retry 4/8  lam=4.194e-03 tau_eff=2.621e-04  (assembly reused)
PCG_PREP o=10 rebuild=1 drift=0 previous_depth=1
POINT_SAFE o=10 frozen=1 slope=-17126.108702045436 candidate=2711370.4530567173 original=inf current=1882092.5333904573 won=0 mode=1 camera_scale=1 keep_scale=0
ATTR_RADIUS o=10 raw_norm=5.6647096358366733 norm=5.6647096358366733 radius=5.6647096358366733 next_radius=1.4161774089591683 lambda=0.004194304000000002 next_lambda=0.067108864000000032 rho=-1 accept=0
STCG o=10 retry=4 reason=1 depth=1 cap=128 next_iterate_norm=353.82060550645457 norm=5.6647096358366733 radius=5.6647096358366733 accept=0 metric_seconds=0.003519544 grams=100
CLASSICAL_LM o=10 lambda=0.004194304000000002 tau=0.004194304000000002 prediction=10105.632688614327 rho=-1 accept=0
  MFCG it  11  retry 5/8  lam=6.711e-02 tau_eff=4.194e-03  (assembly reused)
PCG_PREP o=10 rebuild=1 drift=0 previous_depth=1
POINT_SAFE o=10 frozen=1 slope=-12065.968317456069 candidate=1879670.5711206521 original=1882002.4118759376 current=1882092.5333904573 won=1 mode=1 camera_scale=1 keep_scale=0
ATTR_RADIUS o=10 raw_norm=1.4161774089591683 norm=1.4161774089591683 radius=1.4161774089591683 next_radius=1.4161774089591683 lambda=0.067108864000000032 next_lambda=0.067108864000000032 rho=0.34897476359051871 accept=1
STCG o=10 retry=5 reason=1 depth=1 cap=128 next_iterate_norm=339.11832406021631 norm=1.4161774089591683 radius=1.4161774089591683 accept=1 metric_seconds=0.003609544 grams=103
CLASSICAL_LM o=10 lambda=0.067108864000000032 tau=0.067108864000000032 prediction=6940.2218225929655 rho=0.34897476359051871 accept=1
  MFCG it  11 cost=1.879671e+06 lam=6.711e-02 tau=0.00e+00 cg_it=0 shift=0 ckpt=1 alpha=0 acc mv=81
PCG_PREP o=11 rebuild=1 drift=0 previous_depth=1
POINT_SAFE o=11 frozen=1 slope=-819.07682023530015 candidate=1878970.14531391 original=1876740.2788170984 current=1879670.5711206521 won=0 mode=1 camera_scale=1 keep_scale=0
ATTR_RADIUS o=11 raw_norm=1.4161774089591683 norm=0.17702217611989601 radius=1.4161774089591683 next_radius=0.35404435223979208 lambda=0.067108864000000032 next_lambda=1.0737418240000005 rho=0.2372386595927784 accept=1
STCG o=11 retry=0 reason=1 depth=1 cap=128 next_iterate_norm=136.98721767859399 norm=0.17702217611989601 radius=1.4161774089591683 accept=1 metric_seconds=0.003699594 grams=106
CLASSICAL_LM o=11 lambda=0.067108864000000032 tau=0.067108864000000032 prediction=12351.664389706328 rho=0.2372386595927784 accept=1
  MFCG it  12 cost=1.876740e+06 lam=1.074e+00 tau=0.00e+00 cg_it=0 shift=0 ckpt=1 alpha=0 acc mv=82
PCG_PREP o=12 rebuild=1 drift=0 previous_depth=1
POINT_SAFE o=12 frozen=2 slope=-162.13839258100796 candidate=1876586.2452212276 original=1876626.4420372883 current=1876740.2788170984 won=1 mode=1 camera_scale=1 keep_scale=0
ATTR_RADIUS o=12 raw_norm=0.35404435223979208 norm=0.35404435223979208 radius=0.35404435223979208 next_radius=0.70808870447958416 lambda=1.0737418240000005 next_lambda=0.26843545600000013 rho=0.99244543664369989 accept=1
STCG o=12 retry=0 reason=1 depth=1 cap=128 next_iterate_norm=267.990897137746 norm=0.35404435223979208 radius=0.35404435223979208 accept=1 metric_seconds=0.003791674 grams=109
CLASSICAL_LM o=12 lambda=1.0737418240000005 tau=1.0737418240000005 prediction=155.20611026398885 rho=0.99244543664369989 accept=1
  MFCG it  13 cost=1.876586e+06 lam=2.684e-01 tau=0.00e+00 cg_it=0 shift=0 ckpt=1 alpha=0 acc mv=83
PCG_PREP o=13 rebuild=1 drift=0 previous_depth=1
POINT_SAFE o=13 frozen=2 slope=-365.93091924765974 candidate=1876238.0379525975 original=1875489.9556618999 current=1876586.2452212276 won=0 mode=1 camera_scale=1 keep_scale=0
ATTR_RADIUS o=13 raw_norm=0.70808870447958427 norm=0.044255544029974017 radius=0.70808870447958416 next_radius=0.70808870447958416 lambda=0.26843545600000013 next_lambda=0.026843545600000015 rho=0.35729757245277388 accept=1
STCG o=13 retry=0 reason=1 depth=1 cap=128 next_iterate_norm=293.76051302795287 norm=0.044255544029974017 radius=0.70808870447958416 accept=1 metric_seconds=0.003891494 grams=112
CLASSICAL_LM o=13 lambda=0.26843545600000013 tau=0.26843545600000013 prediction=3068.2815777391475 rho=0.35729757245277388 accept=1
  MFCG it  14 cost=1.875490e+06 lam=2.684e-02 tau=0.00e+00 cg_it=0 shift=0 ckpt=1 alpha=0 acc mv=84
PCG_PREP o=14 rebuild=1 drift=0 previous_depth=1
POINT_SAFE o=14 frozen=1 slope=-1076.1093047691506 candidate=1874719.2626314217 original=1875483.4623673046 current=1875489.9556618999 won=1 mode=1 camera_scale=1 keep_scale=0
ATTR_RADIUS o=14 raw_norm=0.70808870447958394 norm=0.70808870447958394 radius=0.70808870447958416 next_radius=1.4161774089591683 lambda=0.026843545600000015 next_lambda=0.0067108864000000037 rho=0.81986603721053142 accept=1
STCG o=14 retry=0 reason=1 depth=1 cap=128 next_iterate_norm=327.45366104940473 norm=0.70808870447958394 radius=0.70808870447958416 accept=1 metric_seconds=0.003991544 grams=115
CLASSICAL_LM o=14 lambda=0.026843545600000015 tau=0.026843545600000015 prediction=940.02312024091748 rho=0.81986603721053142 accept=1
  MFCG it  15 cost=1.874719e+06 lam=6.711e-03 tau=0.00e+00 cg_it=0 shift=0 ckpt=1 alpha=0 acc mv=85
PCG_PREP o=15 rebuild=1 drift=0 previous_depth=1
POINT_SAFE o=15 frozen=1 slope=-1440.589559960179 candidate=1883256.5656251272 original=inf current=1874719.2626314217 won=0 mode=1 camera_scale=1 keep_scale=0
ATTR_RADIUS o=15 raw_norm=1.4161774089591683 norm=1.4161774089591683 radius=1.4161774089591683 next_radius=0.35404435223979208 lambda=0.0067108864000000037 next_lambda=0.10737418240000006 rho=-1 accept=0
STCG o=15 retry=0 reason=1 depth=1 cap=128 next_iterate_norm=349.2082834541136 norm=1.4161774089591683 radius=1.4161774089591683 accept=0 metric_seconds=0.004089374 grams=118
CLASSICAL_LM o=15 lambda=0.0067108864000000037 tau=0.0067108864000000037 prediction=1275.449294790044 rho=-1 accept=0
  MFCG it  16  retry 1/8  lam=1.074e-01 tau_eff=6.711e-03  (assembly reused)
PCG_PREP o=15 rebuild=1 drift=0 previous_depth=1
POINT_SAFE o=15 frozen=2 slope=-215.37619045482293 candidate=1875027.3287811778 original=1874718.4270779118 current=1874719.2626314217 won=0 mode=1 camera_scale=1 keep_scale=0
ATTR_RADIUS o=15 raw_norm=0.35404435223979214 norm=0.35404435223979214 radius=0.35404435223979208 next_radius=0.08851108805994802 lambda=0.10737418240000006 next_lambda=1.717986918400001 rho=0.053459681572971297 accept=0
STCG o=15 retry=1 reason=1 depth=1 cap=128 next_iterate_norm=330.31995818901868 norm=0.35404435223979214 radius=0.35404435223979208 accept=0 metric_seconds=0.004181814 grams=121
CLASSICAL_LM o=15 lambda=0.10737418240000006 tau=0.10737418240000006 prediction=15.629601323779074 rho=0.053459681572971297 accept=0
  MFCG it  16  retry 2/8  lam=1.718e+00 tau_eff=1.074e-01  (assembly reused)
PCG_PREP o=15 rebuild=1 drift=0 previous_depth=1
POINT_SAFE o=15 frozen=135 slope=-27.757190315577208 candidate=1874703.1909712253 original=1874714.3681051822 current=1874719.2626314217 won=1 mode=1 camera_scale=1 keep_scale=0
ATTR_RADIUS o=15 raw_norm=0.088511088059947993 norm=0.088511088059948007 radius=0.08851108805994802 next_radius=0.08851108805994802 lambda=1.717986918400001 next_lambda=1.717986918400001 rho=0.57975399665232596 accept=1
STCG o=15 retry=2 reason=1 depth=1 cap=128 next_iterate_norm=237.56277599408162 norm=0.088511088059948007 radius=0.08851108805994802 accept=1 metric_seconds=0.004272124 grams=124
CLASSICAL_LM o=15 lambda=1.717986918400001 tau=1.717986918400001 prediction=27.721516866138451 rho=0.57975399665232596 accept=1
  MFCG it  16 cost=1.874703e+06 lam=1.718e+00 tau=0.00e+00 cg_it=0 shift=0 ckpt=1 alpha=0 acc mv=88
PCG_PREP o=16 rebuild=1 drift=0 previous_depth=1
POINT_SAFE o=16 frozen=100 slope=-27.582506783110567 candidate=1874689.0501948777 original=1874698.8319973762 current=1874703.1909712253 won=1 mode=1 camera_scale=1 keep_scale=0
ATTR_RADIUS o=16 raw_norm=0.08851108805994802 norm=0.08851108805994802 radius=0.08851108805994802 next_radius=0.08851108805994802 lambda=1.717986918400001 next_lambda=1.717986918400001 rho=0.51319592795717295 accept=1
STCG o=16 retry=0 reason=1 depth=1 cap=128 next_iterate_norm=237.28338851231689 norm=0.08851108805994802 radius=0.08851108805994802 accept=1 metric_seconds=0.004362974 grams=127
CLASSICAL_LM o=16 lambda=1.717986918400001 tau=1.717986918400001 prediction=27.554342459205671 rho=0.51319592795717295 accept=1
  MFCG it  17 cost=1.874689e+06 lam=1.718e+00 tau=0.00e+00 cg_it=0 shift=0 ckpt=1 alpha=0 acc mv=89
PCG_PREP o=17 rebuild=1 drift=0 previous_depth=1
POINT_SAFE o=17 frozen=82 slope=-27.491525742079496 candidate=1874670.3862214419 original=1874683.1054271667 current=1874689.0501948777 won=1 mode=1 camera_scale=1 keep_scale=0
ATTR_RADIUS o=17 raw_norm=0.088511088059948034 norm=0.088511088059948034 radius=0.08851108805994802 next_radius=0.08851108805994802 lambda=1.717986918400001 next_lambda=1.717986918400001 rho=0.67952863576757616 accept=1
STCG o=17 retry=0 reason=1 depth=1 cap=128 next_iterate_norm=237.64049979273153 norm=0.088511088059948034 radius=0.08851108805994802 accept=1 metric_seconds=0.004452474 grams=130
CLASSICAL_LM o=17 lambda=1.717986918400001 tau=1.717986918400001 prediction=27.466058755091684 rho=0.67952863576757616 accept=1
  MFCG it  18 cost=1.874670e+06 lam=1.718e+00 tau=0.00e+00 cg_it=0 shift=0 ckpt=1 alpha=0 acc mv=90
PCG_PREP o=18 rebuild=1 drift=0 previous_depth=1
POINT_SAFE o=18 frozen=69 slope=-27.3268978071346 candidate=1874686.0168160088 original=1874668.2880473107 current=1874670.3862214419 won=0 mode=1 camera_scale=1 keep_scale=0
ATTR_RADIUS o=18 raw_norm=0.088511088059948048 norm=0.011063886007493506 radius=0.08851108805994802 next_radius=0.08851108805994802 lambda=1.717986918400001 next_lambda=0.1717986918400001 rho=0.4124053369035347 accept=1
STCG o=18 retry=0 reason=1 depth=1 cap=128 next_iterate_norm=237.13342615485405 norm=0.011063886007493506 radius=0.08851108805994802 accept=1 metric_seconds=0.004545884 grams=133
CLASSICAL_LM o=18 lambda=1.717986918400001 tau=1.717986918400001 prediction=5.0876502884184065 rho=0.4124053369035347 accept=1
  MFCG it  19 cost=1.874668e+06 lam=1.718e-01 tau=0.00e+00 cg_it=0 shift=0 ckpt=1 alpha=0 acc mv=91
PCG_PREP o=19 rebuild=1 drift=0 previous_depth=1
POINT_SAFE o=19 frozen=20 slope=-89.453505660251238 candidate=1874723.4577224632 original=1874667.9509023568 current=1874668.2880473107 won=0 mode=1 camera_scale=1 keep_scale=0
ATTR_RADIUS o=19 raw_norm=0.088511088059948007 norm=0.088511088059948007 radius=0.08851108805994802 next_radius=0.022127772014987005 lambda=0.1717986918400001 next_lambda=2.7487790694400016 rho=0.055314926915395038 accept=0
STCG o=19 retry=0 reason=1 depth=1 cap=128 next_iterate_norm=322.76006219548037 norm=0.088511088059948007 radius=0.08851108805994802 accept=0 metric_seconds=0.004637274 grams=136
CLASSICAL_LM o=19 lambda=0.1717986918400001 tau=0.1717986918400001 prediction=6.0950085754048065 rho=0.055314926915395038 accept=0
  MFCG it  20  retry 1/8  lam=2.749e+00 tau_eff=1.718e-01  (assembly reused)
PCG_PREP o=19 rebuild=1 drift=0 previous_depth=1
POINT_SAFE o=19 frozen=262 slope=-8.6548129538175456 candidate=1874662.1232471543 original=1874666.4772775965 current=1874668.2880473107 won=1 mode=1 camera_scale=1 keep_scale=0
ATTR_RADIUS o=19 raw_norm=0.022127772014987005 norm=0.022127772014987002 radius=0.022127772014987005 next_radius=0.022127772014987005 lambda=2.7487790694400016 next_lambda=2.7487790694400016 rho=0.71301019692225798 accept=1
STCG o=19 retry=1 reason=1 depth=1 cap=128 next_iterate_norm=209.38030744102593 norm=0.022127772014987002 radius=0.022127772014987005 accept=1 metric_seconds=0.004723665 grams=139
CLASSICAL_LM o=19 lambda=2.7487790694400016 tau=2.7487790694400016 prediction=8.646159876793039 rho=0.71301019692225798 accept=1
  MFCG it  20 cost=1.874662e+06 lam=2.749e+00 tau=0.00e+00 cg_it=0 shift=0 ckpt=1 alpha=0 acc mv=93
PCG_PREP o=20 rebuild=1 drift=0 previous_depth=1
POINT_SAFE o=20 frozen=342 slope=-8.6114471030174933 candidate=1874656.3184891848 original=1874660.3984099729 current=1874662.1232471543 won=1 mode=1 camera_scale=1 keep_scale=0
ATTR_RADIUS o=20 raw_norm=0.022127772014987005 norm=0.022127772014987005 radius=0.022127772014987005 next_radius=0.022127772014987005 lambda=2.7487790694400016 next_lambda=2.7487790694400016 rho=0.67472796512264865 accept=1
STCG o=20 retry=0 reason=1 depth=1 cap=128 next_iterate_norm=209.36502304076123 norm=0.022127772014987005 radius=0.022127772014987005 accept=1 metric_seconds=0.004814674 grams=142
CLASSICAL_LM o=20 lambda=2.7487790694400016 tau=2.7487790694400016 prediction=8.6031086148901075 rho=0.67472796512264865 accept=1
  MFCG it  21 cost=1.874656e+06 lam=2.749e+00 tau=0.00e+00 cg_it=0 shift=0 ckpt=1 alpha=0 acc mv=94
PCG_PREP o=21 rebuild=1 drift=0 previous_depth=1
POINT_SAFE o=21 frozen=430 slope=-8.5703769128938809 candidate=1874649.7158618548 original=1874654.3307072744 current=1874656.3184891848 won=1 mode=1 camera_scale=1 keep_scale=0
ATTR_RADIUS o=21 raw_norm=0.022127772014987002 norm=0.022127772014987005 radius=0.022127772014987005 next_radius=0.04425554402997401 lambda=2.7487790694400016 next_lambda=0.6871947673600004 rho=0.77112701897946356 accept=1
STCG o=21 retry=0 reason=1 depth=1 cap=128 next_iterate_norm=209.40239099529435 norm=0.022127772014987005 radius=0.022127772014987005 accept=1 metric_seconds=0.004908554 grams=145
CLASSICAL_LM o=21 lambda=2.7487790694400016 tau=2.7487790694400016 prediction=8.5623083713655124 rho=0.77112701897946356 accept=1
  MFCG it  22 cost=1.874650e+06 lam=6.872e-01 tau=0.00e+00 cg_it=0 shift=0 ckpt=1 alpha=0 acc mv=95
PCG_PREP o=22 rebuild=1 drift=0 previous_depth=1
POINT_SAFE o=22 frozen=113 slope=-27.865732266067692 candidate=1874687.2216543006 original=1874648.580300132 current=1874649.7158618548 won=0 mode=1 camera_scale=1 keep_scale=0
ATTR_RADIUS o=22 raw_norm=0.044255544029974003 norm=0.0027659715018733752 radius=0.04425554402997401 next_radius=0.04425554402997401 lambda=0.6871947673600004 next_lambda=0.06871947673600004 rho=0.48998686627363147 accept=1
STCG o=22 retry=0 reason=1 depth=1 cap=128 next_iterate_norm=282.52356515414948 norm=0.0027659715018733752 radius=0.04425554402997401 accept=1 metric_seconds=0.005007514 grams=148
CLASSICAL_LM o=22 lambda=0.6871947673600004 tau=0.6871947673600004 prediction=2.3175350217698689 rho=0.48998686627363147 accept=1
  MFCG: converged (OCA_FTOL: 8 outers < 1.0e-05 rel)
  [menu-backtrack] confirming stop with original retry policy at outer 23
  MFCG it  23 cost=1.874649e+06 lam=6.872e-02 tau=0.00e+00 cg_it=0 shift=0 ckpt=1 alpha=0 acc mv=96
PCG_PREP o=23 rebuild=1 drift=0 previous_depth=1
ATTR_RADIUS o=23 raw_norm=0.044255544029974031 norm=0.044255544029974017 radius=0.04425554402997401 next_radius=0.011063886007493503 lambda=0.06871947673600004 next_lambda=1.0995116277760006 rho=-1 accept=0
STCG o=23 retry=0 reason=1 depth=1 cap=128 next_iterate_norm=335.18238196454729 norm=0.044255544029974017 radius=0.04425554402997401 accept=0 metric_seconds=0.005097074 grams=151
CLASSICAL_LM o=23 lambda=0.06871947673600004 tau=0.06871947673600004 prediction=292.06160853544009 rho=-1 accept=0
  MFCG it  24  retry 1/8  lam=1.100e+00 tau_eff=6.872e-02  (assembly reused)
PCG_PREP o=23 rebuild=1 drift=0 previous_depth=1
ATTR_RADIUS o=23 raw_norm=0.011063886007493503 norm=0.011063886007493503 radius=0.011063886007493503 next_radius=0.0027659715018733756 lambda=1.0995116277760006 next_lambda=17.59218604441601 rho=-1 accept=0
STCG o=23 retry=1 reason=1 depth=1 cap=128 next_iterate_norm=260.81700567919006 norm=0.011063886007493503 radius=0.011063886007493503 accept=0 metric_seconds=0.005188484 grams=154
CLASSICAL_LM o=23 lambda=1.0995116277760006 tau=1.0995116277760006 prediction=22.34791247728602 rho=-1 accept=0
  MFCG it  24  retry 2/8  lam=1.759e+01 tau_eff=1.100e+00  (assembly reused)
PCG_PREP o=23 rebuild=1 drift=0 previous_depth=1
ATTR_RADIUS o=23 raw_norm=0.0027659715018733752 norm=0.0027659715018733752 radius=0.0027659715018733756 next_radius=0.0027659715018733756 lambda=17.59218604441601 next_lambda=17.59218604441601 rho=0.71301461386323217 accept=1
STCG o=23 retry=2 reason=1 depth=1 cap=128 next_iterate_norm=103.97605675629821 norm=0.0027659715018733752 radius=0.0027659715018733756 accept=1 metric_seconds=0.005277964 grams=157
CLASSICAL_LM o=23 lambda=17.59218604441601 tau=17.59218604441601 prediction=1.7067359105027824 rho=0.71301461386323217 accept=1
  MFCG it  24 cost=1.874647e+06 lam=1.759e+01 tau=0.00e+00 cg_it=0 shift=0 ckpt=1 alpha=0 acc mv=99
PCG_PREP o=24 rebuild=1 drift=0 previous_depth=1
ATTR_RADIUS o=24 raw_norm=0.0027659715018733752 norm=0.0027659715018733752 radius=0.0027659715018733756 next_radius=0.00069149287546834391 lambda=17.59218604441601 next_lambda=281.47497671065616 rho=0.20771290747657417 accept=1
STCG o=24 retry=0 reason=1 depth=1 cap=128 next_iterate_norm=103.95970236744732 norm=0.0027659715018733752 radius=0.0027659715018733756 accept=1 metric_seconds=0.005370225 grams=160
CLASSICAL_LM o=24 lambda=17.59218604441601 tau=17.59218604441601 prediction=0.92351223993274001 rho=0.20771290747657417 accept=1
  MFCG it  25 cost=1.874647e+06 lam=2.815e+02 tau=0.00e+00 cg_it=0 shift=0 ckpt=1 alpha=0 acc mv=100
PCG_PREP o=25 rebuild=1 drift=0 previous_depth=1
ATTR_RADIUS o=25 raw_norm=0.0006914928754683438 norm=0.0006914928754683438 radius=0.00069149287546834391 next_radius=0.0013829857509366878 lambda=281.47497671065616 next_lambda=70.368744177664041 rho=0.98012062302345837 accept=1
STCG o=25 retry=0 reason=1 depth=1 cap=128 next_iterate_norm=27.537937520104318 norm=0.0006914928754683438 radius=0.00069149287546834391 accept=1 metric_seconds=0.005460934 grams=163
CLASSICAL_LM o=25 lambda=281.47497671065616 tau=281.47497671065616 prediction=0.12813257578735904 rho=0.98012062302345837 accept=1
  MFCG it  26 cost=1.874647e+06 lam=7.037e+01 tau=0.00e+00 cg_it=0 shift=0 ckpt=1 alpha=0 acc mv=101
PCG_PREP o=26 rebuild=1 drift=0 previous_depth=1
ATTR_RADIUS o=26 raw_norm=0.0013829857509366883 norm=0.0013829857509366883 radius=0.0013829857509366878 next_radius=0.0027659715018733756 lambda=70.368744177664041 next_lambda=17.59218604441601 rho=0.92374509171624397 accept=1
STCG o=26 retry=0 reason=1 depth=1 cap=128 next_iterate_norm=54.40083943211399 norm=0.0013829857509366883 radius=0.0013829857509366878 accept=1 metric_seconds=0.005559894 grams=166
CLASSICAL_LM o=26 lambda=70.368744177664041 tau=70.368744177664041 prediction=0.47382606016696832 rho=0.92374509171624397 accept=1
  MFCG it  27 cost=1.874647e+06 lam=1.759e+01 tau=0.00e+00 cg_it=0 shift=0 ckpt=1 alpha=0 acc mv=102
PCG_PREP o=27 rebuild=1 drift=0 previous_depth=1
ATTR_RADIUS o=27 raw_norm=0.0027659715018733761 norm=0.0027659715018733756 radius=0.0027659715018733756 next_radius=0.0027659715018733756 lambda=17.59218604441601 next_lambda=17.59218604441601 rho=0.73520716950480292 accept=1
STCG o=27 retry=0 reason=1 depth=1 cap=128 next_iterate_norm=103.95821963797903 norm=0.0027659715018733756 radius=0.0027659715018733756 accept=1 metric_seconds=0.005658964 grams=169
CLASSICAL_LM o=27 lambda=17.59218604441601 tau=17.59218604441601 prediction=1.4180105584090119 rho=0.73520716950480292 accept=1
  MFCG it  28 cost=1.874646e+06 lam=1.759e+01 tau=0.00e+00 cg_it=0 shift=0 ckpt=1 alpha=0 acc mv=103
PCG_PREP o=28 rebuild=1 drift=0 previous_depth=1
ATTR_RADIUS o=28 raw_norm=0.0027659715018733761 norm=0 radius=0.0027659715018733756 next_radius=0.00069149287546834391 lambda=17.59218604441601 next_lambda=281.47497671065616 rho=0.018834720479747744 accept=0
STCG o=28 retry=0 reason=1 depth=1 cap=128 next_iterate_norm=103.95774531384919 norm=0 radius=0.0027659715018733756 accept=0 metric_seconds=0.005756624 grams=172
CLASSICAL_LM o=28 lambda=17.59218604441601 tau=17.59218604441601 prediction=0.90675940022841761 rho=0.018834720479747744 accept=0
  MFCG it  29  retry 1/8  lam=2.815e+02 tau_eff=1.759e+01  (assembly reused)
PCG_PREP o=28 rebuild=1 drift=0 previous_depth=1
ATTR_RADIUS o=28 raw_norm=0.00069149287546834369 norm=0.00069149287546834369 radius=0.00069149287546834391 next_radius=0.0013829857509366878 lambda=281.47497671065616 next_lambda=70.368744177664041 rho=0.93604289364238991 accept=1
STCG o=28 retry=1 reason=1 depth=1 cap=128 next_iterate_norm=27.496510205784315 norm=0.00069149287546834369 radius=0.00069149287546834391 accept=1 metric_seconds=0.005853984 grams=175
CLASSICAL_LM o=28 lambda=281.47497671065616 tau=281.47497671065616 prediction=0.057753297209614751 rho=0.93604289364238991 accept=1
  MFCG it  29 cost=1.874646e+06 lam=7.037e+01 tau=0.00e+00 cg_it=0 shift=0 ckpt=1 alpha=0 acc mv=105
PCG_PREP o=29 rebuild=1 drift=0 previous_depth=1
ATTR_RADIUS o=29 raw_norm=0.0013829857509366878 norm=0.0013829857509366878 radius=0.0013829857509366878 next_radius=0.00034574643773417195 lambda=70.368744177664041 next_lambda=1125.8999068426247 rho=-1 accept=0
STCG o=29 retry=0 reason=1 depth=1 cap=128 next_iterate_norm=53.966868515917412 norm=0.0013829857509366878 radius=0.0013829857509366878 accept=0 metric_seconds=0.005944394 grams=178
CLASSICAL_LM o=29 lambda=70.368744177664041 tau=70.368744177664041 prediction=0.22723720829053398 rho=-1 accept=0
  MFCG it  30  retry 1/8  lam=1.126e+03 tau_eff=7.037e+01  (assembly reused)
PCG_PREP o=29 rebuild=1 drift=0 previous_depth=1
ATTR_RADIUS o=29 raw_norm=0.00034574643773417201 norm=0.00034574643773417195 radius=0.00034574643773417195 next_radius=0.00069149287546834391 lambda=1125.8999068426247 next_lambda=281.47497671065616 rho=0.80999051339724915 accept=1
STCG o=29 retry=1 reason=1 depth=1 cap=128 next_iterate_norm=13.68718774394393 norm=0.00034574643773417195 radius=0.00034574643773417195 accept=1 metric_seconds=0.006034424 grams=181
CLASSICAL_LM o=29 lambda=1125.8999068426247 tau=1125.8999068426247 prediction=0.014272593919504941 rho=0.80999051339724915 accept=1
  MFCG it  30 cost=1.874646e+06 lam=2.815e+02 tau=0.00e+00 cg_it=0 shift=0 ckpt=1 alpha=0 acc mv=107
PCG_PREP o=30 rebuild=1 drift=0 previous_depth=1
ATTR_RADIUS o=30 raw_norm=0.00069149287546834391 norm=0.00069149287546834391 radius=0.00069149287546834391 next_radius=0.00069149287546834391 lambda=281.47497671065616 next_lambda=281.47497671065616 rho=0.56657769081347353 accept=1
STCG o=30 retry=0 reason=1 depth=1 cap=128 next_iterate_norm=27.370904057508859 norm=0.00069149287546834391 radius=0.00069149287546834391 accept=1 metric_seconds=0.006125813 grams=184
CLASSICAL_LM o=30 lambda=281.47497671065616 tau=281.47497671065616 prediction=0.05722521757330408 rho=0.56657769081347353 accept=1
  MFCG: converged (OCA_FTOL: 8 outers < 1.0e-05 rel)
  MFCG: accepts=31 rejects=13 total_matvecs=108 negcurv=1 cand_evals=44 mean_cg_per_outer=3.5
NUMERIC_REPAIR summary rebuilds=0 floor=9.9999999999999998e-17
STCG summary boundaries=32 curvature_boundaries=1 invalid=0 bootstraps=1 metric_seconds=0.006125813 grams=184
  [retry-cache] builds=44 reuses=0
  [menu-backtrack] trials=28 rescues=22 evals=151 total_scored=195
POINT_SAFE summary calls=28 evals=28 wins=11 frozen=59607 seconds=0.333358456
  [scoring] menu_evals=44 alpha_evals=0 backtrack_evals=151 total_scored=195
RESULT algo=mfree_shifted_cg iters=31 final_cost=1874645.4676929063 solve_seconds=1.835421
DIAGNOSTICS median_reproj_err_px 2.704502 -> 0.559103 | cheirality_violations(obs) 751 -> 762 | cheirality_violations(pts, of 310854) 725 -> 731
