  [menu-backtrack] active=1 max_evals=8 warmup_accepts=3 confirm_stop=original armijo=1e-4
MIXED_STORAGE fragments=fp32 arithmetic=fp64 state=fp64 acceptance=fp64
  [compact-fragments] active=2 saved_bytes=171996448 storage=fp32 camera_reads=contiguous
  MFCG score_init=90993342.024340227 precision=fp64
PCG_PREP o=0 rebuild=1 drift=0 previous_depth=0
ATTR_RADIUS o=0 raw_norm=8861.170988730757 norm=8861.170988730757 radius=8861.170988730757 next_radius=17722.341977461514 lambda=0.10000000000000001 next_lambda=0.025000000000000001 rho=0.99545080656082707 accept=1
CLASSICAL_LM o=0 lambda=0.10000000000000001 tau=0.10000000000000001 prediction=83412716.69905892 rho=0.99545080656082707 accept=1
  MFCG it   1 cost=7.960086e+06 lam=2.500e-02 tau=0.00e+00 cg_it=0 shift=0 ckpt=1 alpha=0 acc mv=2
PCG_PREP o=1 rebuild=1 drift=0 previous_depth=1
ATTR_RADIUS o=1 raw_norm=4659.7121206778093 norm=4659.7121206778093 radius=17722.341977461514 next_radius=17722.341977461514 lambda=0.025000000000000001 next_lambda=0.0025000000000000005 rho=0.99453896506500394 accept=1
CLASSICAL_LM o=1 lambda=0.025000000000000001 tau=0.025000000000000001 prediction=4259951.5107679553 rho=0.99453896506500394 accept=1
  MFCG it   2 cost=3.723398e+06 lam=2.500e-03 tau=0.00e+00 cg_it=4 shift=0 ckpt=5 alpha=0 acc mv=8
PCG_PREP o=2 rebuild=1 drift=0 previous_depth=5
ATTR_RADIUS o=2 raw_norm=6975.6779789559896 norm=6975.6779789559896 radius=17722.341977461514 next_radius=17722.341977461514 lambda=0.0025000000000000005 next_lambda=0.00025000000000000006 rho=0.87051061466530133 accept=1
CLASSICAL_LM o=2 lambda=0.0025000000000000005 tau=0.0025000000000000005 prediction=1234099.5580717488 rho=0.87051061466530133 accept=1
  MFCG it   3 cost=2.649101e+06 lam=2.500e-04 tau=0.00e+00 cg_it=9 shift=0 ckpt=10 alpha=0 acc mv=19
PCG_PREP o=3 rebuild=1 drift=0 previous_depth=10
ATTR_RADIUS o=3 raw_norm=10922.542500246496 norm=10922.542500246496 radius=17722.341977461514 next_radius=17722.341977461514 lambda=0.00025000000000000006 next_lambda=2.5000000000000008e-05 rho=0.71461554945995776 accept=1
CLASSICAL_LM o=3 lambda=0.00025000000000000006 tau=0.00025000000000000006 prediction=596515.31226695888 rho=0.71461554945995776 accept=1
  MFCG it   4 cost=2.222822e+06 lam=2.500e-05 tau=0.00e+00 cg_it=0 shift=0 ckpt=1 alpha=0 acc mv=21
PCG_PREP o=4 rebuild=1 drift=0 previous_depth=1
POINT_SAFE o=4 frozen=1341 slope=-336469.80041583965 candidate=2043410.2482889821 original=2072225.6042442953 current=2222822.2595938426 won=1 mode=1 camera_scale=1 keep_scale=0
ATTR_RADIUS o=4 raw_norm=25300.156690199368 norm=17722.341977461507 radius=17722.341977461514 next_radius=35444.683954923028 lambda=2.5000000000000008e-05 next_lambda=6.250000000000002e-06 rho=0.91745232582675218 accept=1
CLASSICAL_LM o=4 lambda=2.5000000000000008e-05 tau=2.5000000000000008e-05 prediction=195554.5876928104 rho=0.91745232582675218 accept=1
  MFCG it   5 cost=2.043410e+06 lam=6.250e-06 tau=0.00e+00 cg_it=1 shift=0 ckpt=2 alpha=0 acc mv=24
PCG_PREP o=5 rebuild=1 drift=0 previous_depth=2
POINT_SAFE o=5 frozen=1597 slope=-207540.90502342815 candidate=2178469.8891287502 original=2002353.5075791937 current=2043410.2482889821 won=0 mode=1 camera_scale=1 keep_scale=0
ATTR_RADIUS o=5 raw_norm=42981.167529836261 norm=4430.5854943653776 radius=35444.683954923028 next_radius=35444.683954923028 lambda=6.250000000000002e-06 next_lambda=6.2500000000000026e-07 rho=0.9156768256693345 accept=1
CLASSICAL_LM o=5 lambda=6.250000000000002e-06 tau=6.250000000000002e-06 prediction=44837.588501573198 rho=0.9156768256693345 accept=1
  MFCG it   6 cost=2.002354e+06 lam=6.250e-07 tau=0.00e+00 cg_it=7 shift=0 ckpt=8 alpha=0 acc mv=33
PCG_PREP o=6 rebuild=1 drift=0 previous_depth=8
POINT_SAFE o=6 frozen=1716 slope=-116978.28486059097 candidate=4315507.8755219691 original=1973602.0969238747 current=2002353.5075791937 won=0 mode=1 camera_scale=1 keep_scale=0
ATTR_RADIUS o=6 raw_norm=69289.474352251244 norm=8861.170988730757 radius=35444.683954923028 next_radius=35444.683954923028 lambda=6.2500000000000026e-07 next_lambda=6.2500000000000024e-08 rho=0.49831496103367068 accept=1
CLASSICAL_LM o=6 lambda=6.2500000000000026e-07 tau=6.2500000000000026e-07 prediction=57697.265592184951 rho=0.49831496103367068 accept=1
  MFCG it   7 cost=1.973602e+06 lam=6.250e-08 tau=0.00e+00 cg_it=5 shift=0 ckpt=6 alpha=0 acc mv=40
PCG_PREP o=7 rebuild=1 drift=0 previous_depth=6
POINT_SAFE o=7 frozen=800 slope=-52929.121020897757 candidate=13378354.113142611 original=1973456.7459502474 current=1973602.0969238747 won=0 mode=1 camera_scale=1 keep_scale=0
ATTR_RADIUS o=7 raw_norm=75904.317017693349 norm=35444.683954923028 radius=35444.683954923028 next_radius=8861.170988730757 lambda=6.2500000000000024e-08 next_lambda=1.0000000000000004e-06 rho=0.05678508155952304 accept=0
CLASSICAL_LM o=7 lambda=6.2500000000000024e-08 tau=6.2500000000000024e-08 prediction=2559.6683078624792 rho=0.05678508155952304 accept=0
  MFCG it   8  retry 1/8  lam=1.000e-06 tau_eff=6.250e-08  (assembly reused)
PCG_PREP o=7 rebuild=1 drift=0 previous_depth=1
POINT_SAFE o=7 frozen=282 slope=-46257.975308495079 candidate=2003478.6320892237 original=1973191.2611974003 current=1973602.0969238747 won=0 mode=1 camera_scale=1 keep_scale=0
ATTR_RADIUS o=7 raw_norm=30696.183809337585 norm=69.227898349459053 radius=8861.170988730757 next_radius=8861.170988730757 lambda=1.0000000000000004e-06 next_lambda=1.0000000000000005e-07 rho=0.335509471004727 accept=1
CLASSICAL_LM o=7 lambda=1.0000000000000004e-06 tau=1.0000000000000004e-06 prediction=1224.5130524754204 rho=0.335509471004727 accept=1
  MFCG it   8 cost=1.973191e+06 lam=1.000e-07 tau=0.00e+00 cg_it=0 shift=0 ckpt=1 alpha=0 acc mv=44
PCG_PREP o=8 rebuild=1 drift=0 previous_depth=1
POINT_SAFE o=8 frozen=172 slope=-39883.321940105081 candidate=2040965.3125737102 original=1972988.3885740915 current=1973191.2611974003 won=0 mode=1 camera_scale=1 keep_scale=0
ATTR_RADIUS o=8 raw_norm=67259.382828188638 norm=69.227898349459025 radius=8861.170988730757 next_radius=2215.2927471826893 lambda=1.0000000000000005e-07 next_lambda=1.6000000000000008e-06 rho=0.1726169213332347 accept=1
CLASSICAL_LM o=8 lambda=1.0000000000000005e-07 tau=1.0000000000000005e-07 prediction=1175.2765704652538 rho=0.1726169213332347 accept=1
  MFCG it   9 cost=1.972988e+06 lam=1.600e-06 tau=0.00e+00 cg_it=0 shift=0 ckpt=1 alpha=0 acc mv=46
PCG_PREP o=9 rebuild=1 drift=0 previous_depth=1
POINT_SAFE o=9 frozen=29 slope=-37362.619649151704 candidate=1956046.0143494878 original=1972477.8495754413 current=1972988.3885740915 won=1 mode=1 camera_scale=1 keep_scale=0
ATTR_RADIUS o=9 raw_norm=25171.673076845615 norm=2215.2927471826893 radius=2215.2927471826893 next_radius=4430.5854943653785 lambda=1.6000000000000008e-06 next_lambda=4.0000000000000019e-07 rho=0.83420139583860764 accept=1
CLASSICAL_LM o=9 lambda=1.6000000000000008e-06 tau=1.6000000000000008e-06 prediction=20309.692969971333 rho=0.83420139583860764 accept=1
  MFCG it  10 cost=1.956046e+06 lam=4.000e-07 tau=0.00e+00 cg_it=0 shift=0 ckpt=1 alpha=0 acc mv=48
PCG_PREP o=10 rebuild=1 drift=0 previous_depth=1
POINT_SAFE o=10 frozen=507 slope=-8457.3351092317407 candidate=1962003.1379948247 original=1955919.2732730822 current=1956046.0143494878 won=0 mode=1 camera_scale=1 keep_scale=0
ATTR_RADIUS o=10 raw_norm=46619.554824040213 norm=4430.5854943653767 radius=4430.5854943653785 next_radius=1107.6463735913446 lambda=4.0000000000000019e-07 next_lambda=6.4000000000000031e-06 rho=0.068208976020489032 accept=0
CLASSICAL_LM o=10 lambda=4.0000000000000019e-07 tau=4.0000000000000019e-07 prediction=1858.1290000241979 rho=0.068208976020489032 accept=0
  MFCG it  11  retry 1/8  lam=6.400e-06 tau_eff=4.000e-07  (assembly reused)
PCG_PREP o=10 rebuild=1 drift=0 previous_depth=1
POINT_SAFE o=10 frozen=234 slope=-7658.9616482978427 candidate=1951678.0982465087 original=1955989.1446999388 current=1956046.0143494878 won=1 mode=1 camera_scale=1 keep_scale=0
ATTR_RADIUS o=10 raw_norm=13493.150995100728 norm=1107.6463735913451 radius=1107.6463735913446 next_radius=2215.2927471826893 lambda=6.4000000000000031e-06 next_lambda=1.6000000000000008e-06 rho=0.81997214748996294 accept=1
CLASSICAL_LM o=10 lambda=6.4000000000000031e-06 tau=6.4000000000000031e-06 prediction=5326.907891139761 rho=0.81997214748996294 accept=1
  MFCG it  11 cost=1.951678e+06 lam=1.600e-06 tau=0.00e+00 cg_it=0 shift=0 ckpt=1 alpha=0 acc mv=52
PCG_PREP o=11 rebuild=1 drift=0 previous_depth=1
POINT_SAFE o=11 frozen=525 slope=-4845.0954283894916 candidate=1949721.6396868029 original=1951245.3280576821 current=1951678.0982465087 won=1 mode=1 camera_scale=1 keep_scale=0
ATTR_RADIUS o=11 raw_norm=27231.550508215907 norm=2215.2927471826893 radius=2215.2927471826893 next_radius=2215.2927471826893 lambda=1.6000000000000008e-06 next_lambda=1.6000000000000008e-06 rho=0.5149753912484748 accept=1
CLASSICAL_LM o=11 lambda=1.6000000000000008e-06 tau=1.6000000000000008e-06 prediction=3799.1301971978846 rho=0.5149753912484748 accept=1
  MFCG it  12 cost=1.949722e+06 lam=1.600e-06 tau=0.00e+00 cg_it=0 shift=0 ckpt=1 alpha=0 acc mv=54
PCG_PREP o=12 rebuild=1 drift=0 previous_depth=1
POINT_SAFE o=12 frozen=280 slope=-4211.9168567151401 candidate=1948139.7766671642 original=1949074.4071434783 current=1949721.6396868029 won=1 mode=1 camera_scale=1 keep_scale=0
ATTR_RADIUS o=12 raw_norm=26151.834094305574 norm=2215.2927471826893 radius=2215.2927471826893 next_radius=2215.2927471826893 lambda=1.6000000000000008e-06 next_lambda=1.6000000000000008e-06 rho=0.45163751543571878 accept=1
CLASSICAL_LM o=12 lambda=1.6000000000000008e-06 tau=1.6000000000000008e-06 prediction=3502.5058051534697 rho=0.45163751543571878 accept=1
  MFCG it  13 cost=1.948140e+06 lam=1.600e-06 tau=0.00e+00 cg_it=0 shift=0 ckpt=1 alpha=0 acc mv=56
PCG_PREP o=13 rebuild=1 drift=0 previous_depth=1
POINT_SAFE o=13 frozen=168 slope=-3568.1677349371575 candidate=1946738.8107824528 original=1947339.6143451026 current=1948139.7766671642 won=1 mode=1 camera_scale=1 keep_scale=0
ATTR_RADIUS o=13 raw_norm=25516.401012505838 norm=2215.2927471826888 radius=2215.2927471826893 next_radius=2215.2927471826893 lambda=1.6000000000000008e-06 next_lambda=1.6000000000000008e-06 rho=0.4333233417967442 accept=1
CLASSICAL_LM o=13 lambda=1.6000000000000008e-06 tau=1.6000000000000008e-06 prediction=3233.0727417137418 rho=0.4333233417967442 accept=1
  MFCG it  14 cost=1.946739e+06 lam=1.600e-06 tau=0.00e+00 cg_it=0 shift=0 ckpt=1 alpha=0 acc mv=58
PCG_PREP o=14 rebuild=1 drift=0 previous_depth=1
POINT_SAFE o=14 frozen=158 slope=-3473.2523869109687 candidate=1945464.0575630213 original=1946481.9345914852 current=1946738.8107824528 won=1 mode=1 camera_scale=1 keep_scale=0
ATTR_RADIUS o=14 raw_norm=25103.575056233345 norm=2215.2927471826897 radius=2215.2927471826893 next_radius=2215.2927471826893 lambda=1.6000000000000008e-06 next_lambda=1.6000000000000008e-06 rho=0.4052874375098387 accept=1
CLASSICAL_LM o=14 lambda=1.6000000000000008e-06 tau=1.6000000000000008e-06 prediction=3145.3065194021792 rho=0.4052874375098387 accept=1
  MFCG it  15 cost=1.945464e+06 lam=1.600e-06 tau=0.00e+00 cg_it=0 shift=0 ckpt=1 alpha=0 acc mv=60
PCG_PREP o=15 rebuild=1 drift=0 previous_depth=1
POINT_SAFE o=15 frozen=120 slope=-3410.313095002391 candidate=1944588.3505160683 original=1944701.3528092464 current=1945464.0575630213 won=1 mode=1 camera_scale=1 keep_scale=0
ATTR_RADIUS o=15 raw_norm=24708.514689041436 norm=2215.2927471826888 radius=2215.2927471826893 next_radius=2215.2927471826893 lambda=1.6000000000000008e-06 next_lambda=1.6000000000000008e-06 rho=0.27916349565218695 accept=1
CLASSICAL_LM o=15 lambda=1.6000000000000008e-06 tau=1.6000000000000008e-06 prediction=3136.8966952759597 rho=0.27916349565218695 accept=1
  MFCG it  16 cost=1.944588e+06 lam=1.600e-06 tau=0.00e+00 cg_it=0 shift=0 ckpt=1 alpha=0 acc mv=62
PCG_PREP o=16 rebuild=1 drift=0 previous_depth=1
POINT_SAFE o=16 frozen=130 slope=-3549.6749349480619 candidate=1944322.5248266587 original=1943301.406511388 current=1944588.3505160683 won=0 mode=1 camera_scale=1 keep_scale=0
ATTR_RADIUS o=16 raw_norm=24319.132173102291 norm=69.227898349459082 radius=2215.2927471826893 next_radius=2215.2927471826893 lambda=1.6000000000000008e-06 next_lambda=1.6000000000000008e-07 rho=0.36483612672724058 accept=1
CLASSICAL_LM o=16 lambda=1.6000000000000008e-06 tau=1.6000000000000008e-06 prediction=3527.457700597754 rho=0.36483612672724058 accept=1
  MFCG it  17 cost=1.943301e+06 lam=1.600e-07 tau=0.00e+00 cg_it=0 shift=0 ckpt=1 alpha=0 acc mv=64
PCG_PREP o=17 rebuild=1 drift=0 previous_depth=1
POINT_SAFE o=17 frozen=120 slope=-1816.6240875080882 candidate=1945776.5287008013 original=1943209.2331365258 current=1943301.406511388 won=0 mode=1 camera_scale=1 keep_scale=0
ATTR_RADIUS o=17 raw_norm=53462.075427351963 norm=8.6534872936823728 radius=2215.2927471826893 next_radius=553.82318679567231 lambda=1.6000000000000008e-07 next_lambda=2.5600000000000013e-06 rho=0.21386188653245566 accept=1
CLASSICAL_LM o=17 lambda=1.6000000000000008e-07 tau=1.6000000000000008e-07 prediction=430.99486475440341 rho=0.21386188653245566 accept=1
  MFCG it  18 cost=1.943209e+06 lam=2.560e-06 tau=0.00e+00 cg_it=0 shift=0 ckpt=1 alpha=0 acc mv=66
PCG_PREP o=18 rebuild=1 drift=0 previous_depth=1
POINT_SAFE o=18 frozen=43 slope=-1387.0110916417136 candidate=1942230.34898615 original=inf current=1943209.2331365258 won=1 mode=1 camera_scale=1 keep_scale=0
ATTR_RADIUS o=18 raw_norm=18854.542228672588 norm=553.82318679567231 radius=553.82318679567231 next_radius=1107.6463735913446 lambda=2.5600000000000013e-06 next_lambda=6.4000000000000033e-07 rho=0.81554541233731015 accept=1
CLASSICAL_LM o=18 lambda=2.5600000000000013e-06 tau=2.5600000000000013e-06 prediction=1200.2815975267577 rho=0.81554541233731015 accept=1
  MFCG it  19 cost=1.942230e+06 lam=6.400e-07 tau=0.00e+00 cg_it=0 shift=0 ckpt=1 alpha=0 acc mv=68
PCG_PREP o=19 rebuild=1 drift=0 previous_depth=1
POINT_SAFE o=19 frozen=418 slope=-1202.0095395024794 candidate=1941903.0583702088 original=1942151.3782855626 current=1942230.34898615 won=1 mode=1 camera_scale=1 keep_scale=0
ATTR_RADIUS o=19 raw_norm=34706.641425112706 norm=1107.6463735913437 radius=1107.6463735913446 next_radius=1107.6463735913446 lambda=6.4000000000000033e-07 next_lambda=6.4000000000000033e-07 rho=0.28451187983073412 accept=1
CLASSICAL_LM o=19 lambda=6.4000000000000033e-07 tau=6.4000000000000033e-07 prediction=1150.3583475525922 rho=0.28451187983073412 accept=1
  MFCG it  20 cost=1.941903e+06 lam=6.400e-07 tau=0.00e+00 cg_it=0 shift=0 ckpt=1 alpha=0 acc mv=70
PCG_PREP o=20 rebuild=1 drift=0 previous_depth=1
POINT_SAFE o=20 frozen=136 slope=-1179.1394271761867 candidate=1941529.2046721436 original=1941582.0326984357 current=1941903.0583702088 won=1 mode=1 camera_scale=1 keep_scale=0
ATTR_RADIUS o=20 raw_norm=34117.336933984472 norm=1107.6463735913444 radius=1107.6463735913446 next_radius=1107.6463735913446 lambda=6.4000000000000033e-07 next_lambda=6.4000000000000033e-07 rho=0.325740973504834 accept=1
CLASSICAL_LM o=20 lambda=6.4000000000000033e-07 tau=6.4000000000000033e-07 prediction=1147.7024030559164 rho=0.325740973504834 accept=1
  MFCG it  21 cost=1.941529e+06 lam=6.400e-07 tau=0.00e+00 cg_it=0 shift=0 ckpt=1 alpha=0 acc mv=72
PCG_PREP o=21 rebuild=1 drift=0 previous_depth=1
POINT_SAFE o=21 frozen=164 slope=-1200.8569797363873 candidate=1941129.7411260363 original=1940803.0784401083 current=1941529.2046721436 won=0 mode=1 camera_scale=1 keep_scale=0
ATTR_RADIUS o=21 raw_norm=33489.371281459404 norm=17.30697458736476 radius=1107.6463735913446 next_radius=1107.6463735913446 lambda=6.4000000000000033e-07 next_lambda=6.400000000000003e-08 rho=0.42573328553153555 accept=1
CLASSICAL_LM o=21 lambda=6.4000000000000033e-07 tau=6.4000000000000033e-07 prediction=1705.5895245039246 rho=0.42573328553153555 accept=1
  MFCG it  22 cost=1.940803e+06 lam=6.400e-08 tau=0.00e+00 cg_it=0 shift=0 ckpt=1 alpha=0 acc mv=74
PCG_PREP o=22 rebuild=1 drift=0 previous_depth=1
POINT_SAFE o=22 frozen=144 slope=-682.83492267464226 candidate=1941621.362243715 original=inf current=1940803.0784401083 won=0 mode=1 camera_scale=1 keep_scale=0
ATTR_RADIUS o=22 raw_norm=61681.204892241862 norm=1107.6463735913446 radius=1107.6463735913446 next_radius=276.91159339783616 lambda=6.400000000000003e-08 next_lambda=1.0240000000000005e-06 rho=-1 accept=0
CLASSICAL_LM o=22 lambda=6.400000000000003e-08 tau=6.400000000000003e-08 prediction=663.13305561731136 rho=-1 accept=0
  MFCG it  23  retry 1/8  lam=1.024e-06 tau_eff=6.400e-08  (assembly reused)
PCG_PREP o=22 rebuild=1 drift=0 previous_depth=1
POINT_SAFE o=22 frozen=37 slope=-378.9726819172289 candidate=1940520.783105369 original=inf current=1940803.0784401083 won=1 mode=1 camera_scale=1 keep_scale=0
ATTR_RADIUS o=22 raw_norm=27774.426392384765 norm=276.91159339783627 radius=276.91159339783616 next_radius=553.82318679567231 lambda=1.0240000000000005e-06 next_lambda=2.5600000000000012e-07 rho=0.77502911581328093 accept=1
CLASSICAL_LM o=22 lambda=1.0240000000000005e-06 tau=1.0240000000000005e-06 prediction=364.23836083003101 rho=0.77502911581328093 accept=1
  MFCG it  23 cost=1.940521e+06 lam=2.560e-07 tau=0.00e+00 cg_it=0 shift=0 ckpt=1 alpha=0 acc mv=78
PCG_PREP o=23 rebuild=1 drift=0 previous_depth=1
POINT_SAFE o=23 frozen=449 slope=-452.66425839557388 candidate=1940257.1753559669 original=1940513.0993171243 current=1940520.783105369 won=1 mode=1 camera_scale=1 keep_scale=0
ATTR_RADIUS o=23 raw_norm=43875.955665315465 norm=553.8231867956722 radius=553.82318679567231 next_radius=553.82318679567231 lambda=2.5600000000000012e-07 next_lambda=2.5600000000000012e-07 rho=0.58702661025100067 accept=1
CLASSICAL_LM o=23 lambda=2.5600000000000012e-07 tau=2.5600000000000012e-07 prediction=449.05587719327417 rho=0.58702661025100067 accept=1
  MFCG it  24 cost=1.940257e+06 lam=2.560e-07 tau=0.00e+00 cg_it=0 shift=0 ckpt=1 alpha=0 acc mv=80
PCG_PREP o=24 rebuild=1 drift=0 previous_depth=1
POINT_SAFE o=24 frozen=164 slope=-450.83166999362726 candidate=1939969.6578994733 original=1940179.8874973773 current=1940257.1753559669 won=1 mode=1 camera_scale=1 keep_scale=0
ATTR_RADIUS o=24 raw_norm=43746.136388478801 norm=553.82318679567209 radius=553.82318679567231 next_radius=553.82318679567231 lambda=2.5600000000000012e-07 next_lambda=2.5600000000000012e-07 rho=0.6432052390645312 accept=1
CLASSICAL_LM o=24 lambda=2.5600000000000012e-07 tau=2.5600000000000012e-07 prediction=447.00732990255904 rho=0.6432052390645312 accept=1
  MFCG it  25 cost=1.939970e+06 lam=2.560e-07 tau=0.00e+00 cg_it=0 shift=0 ckpt=1 alpha=0 acc mv=82
PCG_PREP o=25 rebuild=1 drift=0 previous_depth=1
POINT_SAFE o=25 frozen=175 slope=-446.81410643722359 candidate=1939677.8918216969 original=1939662.4072362618 current=1939969.6578994733 won=0 mode=1 camera_scale=1 keep_scale=0
ATTR_RADIUS o=25 raw_norm=43669.560126844146 norm=4.3267436468411908 radius=553.82318679567231 next_radius=553.82318679567231 lambda=2.5600000000000012e-07 next_lambda=2.5600000000000014e-08 rho=0.36548214940783419 accept=1
CLASSICAL_LM o=25 lambda=2.5600000000000012e-07 tau=2.5600000000000012e-07 prediction=840.67214694174936 rho=0.36548214940783419 accept=1
  MFCG it  26 cost=1.939662e+06 lam=2.560e-08 tau=0.00e+00 cg_it=0 shift=0 ckpt=1 alpha=0 acc mv=84
PCG_PREP o=26 rebuild=1 drift=0 previous_depth=1
POINT_SAFE o=26 frozen=117 slope=-269.80646850229789 candidate=1939524.7174087411 original=inf current=1939662.4072362618 won=1 mode=1 camera_scale=1 keep_scale=0
ATTR_RADIUS o=26 raw_norm=74554.482282331475 norm=553.82318679567243 radius=553.82318679567231 next_radius=553.82318679567231 lambda=2.5600000000000014e-08 next_lambda=2.5600000000000014e-08 rho=0.51460597207719072 accept=1
CLASSICAL_LM o=26 lambda=2.5600000000000014e-08 tau=2.5600000000000014e-08 prediction=267.56360204070791 rho=0.51460597207719072 accept=1
  MFCG it  27 cost=1.939525e+06 lam=2.560e-08 tau=0.00e+00 cg_it=0 shift=0 ckpt=1 alpha=0 acc mv=86
PCG_PREP o=27 rebuild=1 drift=0 previous_depth=1
POINT_SAFE o=27 frozen=206 slope=-254.7857459220258 candidate=1939345.0055723339 original=1939394.1219706382 current=1939524.7174087411 won=1 mode=1 camera_scale=1 keep_scale=0
ATTR_RADIUS o=27 raw_norm=77115.529215267481 norm=553.8231867956722 radius=553.82318679567231 next_radius=553.82318679567231 lambda=2.5600000000000014e-08 next_lambda=2.5600000000000014e-08 rho=0.7087413446651768 accept=1
CLASSICAL_LM o=27 lambda=2.5600000000000014e-08 tau=2.5600000000000014e-08 prediction=253.56477050466597 rho=0.7087413446651768 accept=1
  MFCG it  28 cost=1.939345e+06 lam=2.560e-08 tau=0.00e+00 cg_it=0 shift=0 ckpt=1 alpha=0 acc mv=88
PCG_PREP o=28 rebuild=1 drift=0 previous_depth=1
POINT_SAFE o=28 frozen=113 slope=-247.45594015058316 candidate=1939168.3362070315 original=1939285.3829516592 current=1939345.0055723339 won=1 mode=1 camera_scale=1 keep_scale=0
ATTR_RADIUS o=28 raw_norm=78866.059439790741 norm=553.82318679567243 radius=553.82318679567231 next_radius=553.82318679567231 lambda=2.5600000000000014e-08 next_lambda=2.5600000000000014e-08 rho=0.71712204124180734 accept=1
CLASSICAL_LM o=28 lambda=2.5600000000000014e-08 tau=2.5600000000000014e-08 prediction=246.3588554557555 rho=0.71712204124180734 accept=1
  MFCG it  29 cost=1.939168e+06 lam=2.560e-08 tau=0.00e+00 cg_it=0 shift=0 ckpt=1 alpha=0 acc mv=90
PCG_PREP o=29 rebuild=1 drift=0 previous_depth=1
POINT_SAFE o=29 frozen=171 slope=-238.61167636930242 candidate=1938986.7488915925 original=1938924.6157178113 current=1939168.3362070315 won=0 mode=1 camera_scale=1 keep_scale=0
ATTR_RADIUS o=29 raw_norm=81218.602968455176 norm=4.3267436468411908 radius=553.82318679567231 next_radius=553.82318679567231 lambda=2.5600000000000014e-08 next_lambda=2.5600000000000015e-09 rho=0.29155370186407059 accept=1
CLASSICAL_LM o=29 lambda=2.5600000000000014e-08 tau=2.5600000000000014e-08 prediction=835.93687084740384 rho=0.29155370186407059 accept=1
  MFCG it  30 cost=1.938925e+06 lam=2.560e-09 tau=0.00e+00 cg_it=0 shift=0 ckpt=1 alpha=0 acc mv=92
PCG_PREP o=30 rebuild=1 drift=0 previous_depth=1
POINT_SAFE o=30 frozen=96 slope=-134.43394448528883 candidate=1938833.6569238326 original=inf current=1938924.6157178113 won=1 mode=1 camera_scale=1 keep_scale=0
ATTR_RADIUS o=30 raw_norm=146358.75016726847 norm=553.82318679567209 radius=553.82318679567231 next_radius=553.82318679567231 lambda=2.5600000000000015e-09 next_lambda=2.5600000000000015e-09 rho=0.67907482880400749 accept=1
CLASSICAL_LM o=30 lambda=2.5600000000000015e-09 tau=2.5600000000000015e-09 prediction=133.94517087147804 rho=0.67907482880400749 accept=1
  MFCG it  31 cost=1.938834e+06 lam=2.560e-09 tau=0.00e+00 cg_it=0 shift=0 ckpt=1 alpha=0 acc mv=94
PCG_PREP o=31 rebuild=1 drift=0 previous_depth=1
NUMERIC_REPAIR o=31 lambda=2.5600000000000015e-09 rayleigh=-7.2781244981650609e-07 next_lambda=2.9214897992660245e-06 cg=1 rebuild=1
PCG_PREP o=31 rebuild=1 drift=0 previous_depth=1
POINT_SAFE o=31 frozen=863 slope=-1085.9875611770869 candidate=1937941.4443657848 original=1938805.5204698206 current=1938833.6569238326 won=1 mode=1 camera_scale=1 keep_scale=0
ATTR_RADIUS o=31 raw_norm=17017.254055705602 norm=553.8231867956722 radius=553.82318679567231 next_radius=1107.6463735913446 lambda=2.9214897992660245e-06 next_lambda=2.9214897992660245e-06 rho=0.83569310493480253 accept=1
CLASSICAL_LM o=31 lambda=2.9214897992660245e-06 tau=2.9214897992660245e-06 prediction=1067.6318289325277 rho=0.83569310493480253 accept=1
  MFCG it  32 cost=1.937941e+06 lam=2.921e-06 tau=0.00e+00 cg_it=0 shift=0 ckpt=1 alpha=0 acc mv=98
PCG_PREP o=32 rebuild=1 drift=0 previous_depth=1
POINT_SAFE o=32 frozen=538 slope=-2086.9774560671162 candidate=1936594.3283139011 original=1937806.8704877235 current=1937941.4443657848 won=1 mode=1 camera_scale=1 keep_scale=0
ATTR_RADIUS o=32 raw_norm=17231.065711898515 norm=1107.6463735913442 radius=1107.6463735913446 next_radius=1107.6463735913446 lambda=2.9214897992660245e-06 next_lambda=2.9214897992660245e-06 rho=0.6699813291327853 accept=1
CLASSICAL_LM o=32 lambda=2.9214897992660245e-06 tau=2.9214897992660245e-06 prediction=2010.6770044284044 rho=0.6699813291327853 accept=1
  MFCG it  33 cost=1.936594e+06 lam=2.921e-06 tau=0.00e+00 cg_it=0 shift=0 ckpt=1 alpha=0 acc mv=100
PCG_PREP o=33 rebuild=1 drift=0 previous_depth=1
POINT_SAFE o=33 frozen=188 slope=-2021.3987609384758 candidate=1935307.1893024666 original=1936511.5412216564 current=1936594.3283139011 won=1 mode=1 camera_scale=1 keep_scale=0
ATTR_RADIUS o=33 raw_norm=17475.179902445139 norm=1107.6463735913444 radius=1107.6463735913446 next_radius=1107.6463735913446 lambda=2.9214897992660245e-06 next_lambda=2.9214897992660245e-06 rho=0.66442506727726225 accept=1
CLASSICAL_LM o=33 lambda=2.9214897992660245e-06 tau=2.9214897992660245e-06 prediction=1937.2222314083667 rho=0.66442506727726225 accept=1
  MFCG it  34 cost=1.935307e+06 lam=2.921e-06 tau=0.00e+00 cg_it=0 shift=0 ckpt=1 alpha=0 acc mv=102
PCG_PREP o=34 rebuild=1 drift=0 previous_depth=1
POINT_SAFE o=34 frozen=261 slope=-2371.7916224547225 candidate=1933022.4166174922 original=1934978.1537526851 current=1935307.1893024666 won=1 mode=1 camera_scale=1 keep_scale=0
ATTR_RADIUS o=34 raw_norm=29305.420539960644 norm=1107.6463735913444 radius=1107.6463735913446 next_radius=2215.2927471826893 lambda=2.9214897992660245e-06 next_lambda=2.9214897992660245e-06 rho=0.99155581296384732 accept=1
CLASSICAL_LM o=34 lambda=2.9214897992660245e-06 tau=2.9214897992660245e-06 prediction=2304.2300343588095 rho=0.99155581296384732 accept=1
  MFCG it  35 cost=1.933022e+06 lam=2.921e-06 tau=0.00e+00 cg_it=1 shift=0 ckpt=2 alpha=0 acc mv=105
PCG_PREP o=35 rebuild=1 drift=0 previous_depth=2
POINT_SAFE o=35 frozen=318 slope=-4483.1092417461095 candidate=1928753.5091908576 original=1932772.5020141033 current=1933022.4166174922 won=1 mode=1 camera_scale=1 keep_scale=0
ATTR_RADIUS o=35 raw_norm=29444.301935901698 norm=2215.2927471826897 radius=2215.2927471826893 next_radius=4430.5854943653785 lambda=2.9214897992660245e-06 next_lambda=2.9214897992660245e-06 rho=0.99343657025631771 accept=1
CLASSICAL_LM o=35 lambda=2.9214897992660245e-06 tau=2.9214897992660245e-06 prediction=4297.1112141896938 rho=0.99343657025631771 accept=1
  MFCG it  36 cost=1.928754e+06 lam=2.921e-06 tau=0.00e+00 cg_it=1 shift=0 ckpt=2 alpha=0 acc mv=108
PCG_PREP o=36 rebuild=1 drift=0 previous_depth=2
POINT_SAFE o=36 frozen=655 slope=-6944.4765296268542 candidate=1952326.3949372016 original=1927944.0277683928 current=1928753.5091908576 won=0 mode=1 camera_scale=1 keep_scale=0
ATTR_RADIUS o=36 raw_norm=16945.065410181091 norm=69.227898349459068 radius=4430.5854943653785 next_radius=4430.5854943653785 lambda=2.9214897992660245e-06 next_lambda=2.9214897992660245e-06 rho=0.46342093469285772 accept=1
CLASSICAL_LM o=36 lambda=2.9214897992660245e-06 tau=2.9214897992660245e-06 prediction=1746.751952415206 rho=0.46342093469285772 accept=1
  MFCG it  37 cost=1.927944e+06 lam=2.921e-06 tau=0.00e+00 cg_it=0 shift=0 ckpt=1 alpha=0 acc mv=110
PCG_PREP o=37 rebuild=1 drift=0 previous_depth=1
POINT_SAFE o=37 frozen=657 slope=-7003.4391153070474 candidate=2033780.7383831476 original=inf current=1927944.0277683928 won=0 mode=1 camera_scale=1 keep_scale=0
ATTR_RADIUS o=37 raw_norm=16870.514199588415 norm=4430.5854943653767 radius=4430.5854943653785 next_radius=1107.6463735913446 lambda=2.9214897992660245e-06 next_lambda=4.6743836788256392e-05 rho=-1 accept=0
CLASSICAL_LM o=37 lambda=2.9214897992660245e-06 tau=2.9214897992660245e-06 prediction=5967.6649779398558 rho=-1 accept=0
  MFCG it  38  retry 1/8  lam=4.674e-05 tau_eff=2.921e-06  (assembly reused)
PCG_PREP o=37 rebuild=1 drift=0 previous_depth=1
POINT_SAFE o=37 frozen=126 slope=-6398.8473515979613 candidate=1922684.7211285168 original=inf current=1927944.0277683928 won=1 mode=1 camera_scale=1 keep_scale=0
ATTR_RADIUS o=37 raw_norm=4733.5627025020704 norm=1107.6463735913449 radius=1107.6463735913446 next_radius=2215.2927471826893 lambda=4.6743836788256392e-05 next_lambda=1.1685959197064098e-05 rho=0.92926782613960957 accept=1
CLASSICAL_LM o=37 lambda=4.6743836788256392e-05 tau=4.6743836788256392e-05 prediction=5659.624159941427 rho=0.92926782613960957 accept=1
  MFCG it  38 cost=1.922685e+06 lam=1.169e-05 tau=0.00e+00 cg_it=0 shift=0 ckpt=1 alpha=0 acc mv=114
PCG_PREP o=38 rebuild=1 drift=0 previous_depth=1
POINT_SAFE o=38 frozen=161 slope=-8307.5708955578993 candidate=1914865.3472204786 original=1921972.4953473832 current=1922684.7211285168 won=1 mode=1 camera_scale=1 keep_scale=0
ATTR_RADIUS o=38 raw_norm=25574.634182758746 norm=2215.2927471826897 radius=2215.2927471826893 next_radius=4430.5854943653785 lambda=1.1685959197064098e-05 next_lambda=2.9214897992660245e-06 rho=0.98857420326104617 accept=1
CLASSICAL_LM o=38 lambda=1.1685959197064098e-05 tau=1.1685959197064098e-05 prediction=7909.7490934359748 rho=0.98857420326104617 accept=1
  MFCG it  39 cost=1.914865e+06 lam=2.921e-06 tau=0.00e+00 cg_it=4 shift=0 ckpt=5 alpha=0 acc mv=120
PCG_PREP o=39 rebuild=1 drift=0 previous_depth=5
POINT_SAFE o=39 frozen=581 slope=-10789.919549633145 candidate=1905967.7480740668 original=1913752.5834856483 current=1914865.3472204786 won=1 mode=1 camera_scale=1 keep_scale=0
ATTR_RADIUS o=39 raw_norm=43108.457922489048 norm=4430.5854943653776 radius=4430.5854943653785 next_radius=8861.170988730757 lambda=2.9214897992660245e-06 next_lambda=2.9214897992660245e-06 rho=0.87274532865912857 accept=1
CLASSICAL_LM o=39 lambda=2.9214897992660245e-06 tau=2.9214897992660245e-06 prediction=10194.954764274566 rho=0.87274532865912857 accept=1
  MFCG it  40 cost=1.905968e+06 lam=2.921e-06 tau=0.00e+00 cg_it=5 shift=0 ckpt=6 alpha=0 acc mv=127
PCG_PREP o=40 rebuild=1 drift=0 previous_depth=6
POINT_SAFE o=40 frozen=853 slope=-13257.115841099947 candidate=1898140.8936671154 original=1903222.5893310516 current=1905967.7480740668 won=1 mode=1 camera_scale=1 keep_scale=0
ATTR_RADIUS o=40 raw_norm=26513.646145684015 norm=8861.170988730757 radius=8861.170988730757 next_radius=8861.170988730757 lambda=2.9214897992660245e-06 next_lambda=2.9214897992660245e-06 rho=0.72998771372415694 accept=1
CLASSICAL_LM o=40 lambda=2.9214897992660245e-06 tau=2.9214897992660245e-06 prediction=10721.898820764294 rho=0.72998771372415694 accept=1
  MFCG it  41 cost=1.898141e+06 lam=2.921e-06 tau=0.00e+00 cg_it=1 shift=0 ckpt=2 alpha=0 acc mv=130
PCG_PREP o=41 rebuild=1 drift=0 previous_depth=2
POINT_SAFE o=41 frozen=434 slope=-13018.116351212373 candidate=2454529.6140112788 original=1894611.924280226 current=1898140.8936671154 won=0 mode=1 camera_scale=1 keep_scale=0
ATTR_RADIUS o=41 raw_norm=14306.770266281712 norm=1107.6463735913446 radius=8861.170988730757 next_radius=8861.170988730757 lambda=2.9214897992660245e-06 next_lambda=2.9214897992660245e-06 rho=0.26301091405563526 accept=1
CLASSICAL_LM o=41 lambda=2.9214897992660245e-06 tau=2.9214897992660245e-06 prediction=13417.577744104094 rho=0.26301091405563526 accept=1
  MFCG it  42 cost=1.894612e+06 lam=2.921e-06 tau=0.00e+00 cg_it=0 shift=0 ckpt=1 alpha=0 acc mv=132
PCG_PREP o=42 rebuild=1 drift=0 previous_depth=1
POINT_SAFE o=42 frozen=407 slope=-13175.466606911736 candidate=2478809.1129382756 original=1893180.10713627 current=1894611.924280226 won=0 mode=1 camera_scale=1 keep_scale=0
ATTR_RADIUS o=42 raw_norm=14422.842768493341 norm=276.91159339783616 radius=8861.170988730757 next_radius=8861.170988730757 lambda=2.9214897992660245e-06 next_lambda=2.9214897992660245e-06 rho=0.4326599793164469 accept=1
CLASSICAL_LM o=42 lambda=2.9214897992660245e-06 tau=2.9214897992660245e-06 prediction=3309.3357657393531 rho=0.4326599793164469 accept=1
  MFCG it  43 cost=1.893180e+06 lam=2.921e-06 tau=0.00e+00 cg_it=0 shift=0 ckpt=1 alpha=0 acc mv=134
PCG_PREP o=43 rebuild=1 drift=0 previous_depth=1
POINT_SAFE o=43 frozen=403 slope=-12981.486041324655 candidate=2664404.2669354579 original=1893108.7048939657 current=1893180.10713627 won=0 mode=1 camera_scale=1 keep_scale=0
ATTR_RADIUS o=43 raw_norm=14377.145794925158 norm=34.613949174729512 radius=8861.170988730757 next_radius=2215.2927471826893 lambda=2.9214897992660245e-06 next_lambda=4.6743836788256392e-05 rho=0.17455576646042781 accept=1
CLASSICAL_LM o=43 lambda=2.9214897992660245e-06 tau=2.9214897992660245e-06 prediction=409.05118033140786 rho=0.17455576646042781 accept=1
  MFCG it  44 cost=1.893109e+06 lam=4.674e-05 tau=0.00e+00 cg_it=0 shift=0 ckpt=1 alpha=0 acc mv=136
PCG_PREP o=44 rebuild=1 drift=0 previous_depth=1
POINT_SAFE o=44 frozen=93 slope=-13749.721430112899 candidate=1905655.7560729061 original=1893091.214347196 current=1893108.7048939657 won=0 mode=1 camera_scale=1 keep_scale=0
ATTR_RADIUS o=44 raw_norm=3228.7015773371318 norm=2215.2927471826902 radius=2215.2927471826893 next_radius=553.82318679567231 lambda=4.6743836788256392e-05 next_lambda=0.00074790138861210228 rho=0.042672054003407296 accept=0
CLASSICAL_LM o=44 lambda=4.6743836788256392e-05 tau=4.6743836788256392e-05 prediction=409.88293575694212 rho=0.042672054003407296 accept=0
  MFCG it  45  retry 1/8  lam=7.479e-04 tau_eff=4.674e-05  (assembly reused)
PCG_PREP o=44 rebuild=1 drift=0 previous_depth=1
POINT_SAFE o=44 frozen=28 slope=-15914.372228068109 candidate=1893283.748321817 original=1893089.4374380123 current=1893108.7048939657 won=0 mode=1 camera_scale=1 keep_scale=0
ATTR_RADIUS o=44 raw_norm=802.53443718257859 norm=553.82318679567243 radius=553.82318679567231 next_radius=138.45579669891808 lambda=0.00074790138861210228 next_lambda=0.011966422217793636 rho=0.048743923645270103 accept=0
CLASSICAL_LM o=44 lambda=0.00074790138861210228 tau=0.00074790138861210228 prediction=395.27913455682182 rho=0.048743923645270103 accept=0
  MFCG it  45  retry 2/8  lam=1.197e-02 tau_eff=7.479e-04  (assembly reused)
PCG_PREP o=44 rebuild=1 drift=0 previous_depth=1
POINT_SAFE o=44 frozen=3 slope=-33219.741020508598 candidate=2096441.522383753 original=1893014.4374879198 current=1893108.7048939657 won=0 mode=1 camera_scale=1 keep_scale=0
ATTR_RADIUS o=44 raw_norm=354.08439101789622 norm=0.54084295585514852 radius=138.45579669891808 next_radius=138.45579669891808 lambda=0.011966422217793636 next_lambda=0.0011966422217793637 rho=0.31679218940298848 accept=1
CLASSICAL_LM o=44 lambda=0.011966422217793636 tau=0.011966422217793636 prediction=297.56859291126068 rho=0.31679218940298848 accept=1
  MFCG it  45 cost=1.893014e+06 lam=1.197e-03 tau=0.00e+00 cg_it=0 shift=0 ckpt=1 alpha=0 acc mv=142
PCG_PREP o=45 rebuild=1 drift=0 previous_depth=1
POINT_SAFE o=45 frozen=5 slope=-9454.9638720533494 candidate=11181476.992660619 original=inf current=1893014.4374879198 won=0 mode=1 camera_scale=1 keep_scale=0
ATTR_RADIUS o=45 raw_norm=726.37254967393301 norm=138.45579669891816 radius=138.45579669891808 next_radius=34.61394917472952 lambda=0.0011966422217793637 next_lambda=0.019146275548469819 rho=-1 accept=0
CLASSICAL_LM o=45 lambda=0.0011966422217793637 tau=0.0011966422217793637 prediction=8044.9889975715796 rho=-1 accept=0
  MFCG it  46  retry 1/8  lam=1.915e-02 tau_eff=1.197e-03  (assembly reused)
PCG_PREP o=45 rebuild=1 drift=0 previous_depth=1
POINT_SAFE o=45 frozen=1 slope=-13063.248118696223 candidate=23014978.309360392 original=1893004.5229058797 current=1893014.4374879198 won=0 mode=1 camera_scale=1 keep_scale=0
ATTR_RADIUS o=45 raw_norm=312.5200879929817 norm=34.61394917472952 radius=34.61394917472952 next_radius=8.6534872936823799 lambda=0.019146275548469819 next_lambda=0.3063404087755171 rho=0.071470223000544425 accept=0
CLASSICAL_LM o=45 lambda=0.019146275548469819 tau=0.019146275548469819 prediction=138.72325597872236 rho=0.071470223000544425 accept=0
  MFCG it  46  retry 2/8  lam=3.063e-01 tau_eff=1.915e-02  (assembly reused)
PCG_PREP o=45 rebuild=1 drift=0 previous_depth=1
POINT_SAFE o=45 frozen=1 slope=-4741.8175636121277 candidate=2089274.8007962846 original=1892962.4991508191 current=1893014.4374879198 won=0 mode=1 camera_scale=1 keep_scale=0
ATTR_RADIUS o=45 raw_norm=209.13130420862635 norm=0.27042147792757448 radius=8.6534872936823799 next_radius=2.163371823420595 lambda=0.3063404087755171 next_lambda=4.9014465404082737 rho=0.24535597411422397 accept=1
CLASSICAL_LM o=45 lambda=0.3063404087755171 tau=0.3063404087755171 prediction=211.68564282233521 rho=0.24535597411422397 accept=1
  MFCG it  46 cost=1.892962e+06 lam=4.901e+00 tau=0.00e+00 cg_it=0 shift=0 ckpt=1 alpha=0 acc mv=148
PCG_PREP o=46 rebuild=1 drift=0 previous_depth=1
POINT_SAFE o=46 frozen=2 slope=-1328.5701056989278 candidate=1892910.7262434219 original=1892940.4864448183 current=1892962.4991508191 won=1 mode=1 camera_scale=1 keep_scale=0
ATTR_RADIUS o=46 raw_norm=63.9351323485159 norm=1.0816859117102977 radius=2.163371823420595 next_radius=0.54084295585514874 lambda=4.9014465404082737 next_lambda=78.423144646532378 rho=0.04048318272012464 accept=0
CLASSICAL_LM o=46 lambda=4.9014465404082737 tau=4.9014465404082737 prediction=1278.8744342353111 rho=0.04048318272012464 accept=0
  MFCG it  47  retry 1/8  lam=7.842e+01 tau_eff=4.901e+00  (assembly reused)
PCG_PREP o=46 rebuild=1 drift=0 previous_depth=1
ATTR_RADIUS o=46 raw_norm=5.8008861063520056 norm=0.54084295585514863 radius=0.54084295585514874 next_radius=0.54084295585514874 lambda=78.423144646532378 next_lambda=78.423144646532378 rho=0.65104994127412741 accept=1
CLASSICAL_LM o=46 lambda=78.423144646532378 tau=78.423144646532378 prediction=302.63034975815805 rho=0.65104994127412741 accept=1
  MFCG it  47 cost=1.892765e+06 lam=7.842e+01 tau=0.00e+00 cg_it=0 shift=0 ckpt=1 alpha=0 acc mv=152
PCG_PREP o=47 rebuild=1 drift=0 previous_depth=1
POINT_SAFE o=47 frozen=37 slope=-267.67545285878577 candidate=1892942.7630863178 original=1892741.5209099939 current=1892765.4716793813 won=0 mode=1 camera_scale=1 keep_scale=0
ATTR_RADIUS o=47 raw_norm=5.5424096155179345 norm=0.27042147792757448 radius=0.54084295585514874 next_radius=0.13521073896378719 lambda=78.423144646532378 next_lambda=1254.7703143445181 rho=0.17764463884537043 accept=1
CLASSICAL_LM o=47 lambda=78.423144646532378 tau=78.423144646532378 prediction=134.82404840973663 rho=0.17764463884537043 accept=1
  MFCG it  48 cost=1.892742e+06 lam=1.255e+03 tau=0.00e+00 cg_it=0 shift=0 ckpt=1 alpha=0 acc mv=154
PCG_PREP o=48 rebuild=1 drift=0 previous_depth=1
ATTR_RADIUS o=48 raw_norm=0.37466353254134122 norm=0.13521073896378724 radius=0.13521073896378719 next_radius=0.27042147792757437 lambda=1254.7703143445181 next_lambda=313.69257858612951 rho=0.92474807851348417 accept=1
CLASSICAL_LM o=48 lambda=1254.7703143445181 tau=1254.7703143445181 prediction=66.778880229667706 rho=0.92474807851348417 accept=1
  MFCG it  49 cost=1.892680e+06 lam=3.137e+02 tau=0.00e+00 cg_it=0 shift=0 ckpt=1 alpha=0 acc mv=156
PCG_PREP o=49 rebuild=1 drift=0 previous_depth=1
ATTR_RADIUS o=49 raw_norm=1.4547668598916967 norm=0.27042147792757432 radius=0.27042147792757437 next_radius=0.27042147792757437 lambda=313.69257858612951 next_lambda=313.69257858612951 rho=0.74817373433325551 accept=1
CLASSICAL_LM o=49 lambda=313.69257858612951 tau=313.69257858612951 prediction=133.82381985915848 rho=0.74817373433325551 accept=1
  MFCG it  50 cost=1.892580e+06 lam=3.137e+02 tau=0.00e+00 cg_it=0 shift=0 ckpt=1 alpha=0 acc mv=158
PCG_PREP o=50 rebuild=1 drift=0 previous_depth=1
POINT_SAFE o=50 frozen=116 slope=-106.77218148957368 candidate=1900921.9651389013 original=1892579.4072163741 current=1892579.6438017695 won=0 mode=1 camera_scale=1 keep_scale=0
ATTR_RADIUS o=50 raw_norm=1.1780097511279635 norm=0.004225335592618347 radius=0.27042147792757437 next_radius=0.067605369481893593 lambda=313.69257858612951 next_lambda=5019.0812573780722 rho=0.14181282244117371 accept=1
CLASSICAL_LM o=50 lambda=313.69257858612951 tau=313.69257858612951 prediction=1.6682933978610885 rho=0.14181282244117371 accept=1
  MFCG it  51 cost=1.892579e+06 lam=5.019e+03 tau=0.00e+00 cg_it=0 shift=0 ckpt=1 alpha=0 acc mv=160
PCG_PREP o=51 rebuild=1 drift=0 previous_depth=1
POINT_SAFE o=51 frozen=5204 slope=-30.263686632991174 candidate=1892590.4007536129 original=1892574.7253528943 current=1892579.4072163741 won=0 mode=1 camera_scale=1 keep_scale=0
ATTR_RADIUS o=51 raw_norm=0.08799091253771571 norm=0.03380268474094679 radius=0.067605369481893593 next_radius=0.067605369481893593 lambda=5019.0812573780722 next_lambda=501.90812573780727 rho=0.3092960114824248 accept=1
CLASSICAL_LM o=51 lambda=5019.0812573780722 tau=5019.0812573780722 prediction=15.137160861991699 rho=0.3092960114824248 accept=1
  MFCG it  52 cost=1.892575e+06 lam=5.019e+02 tau=0.00e+00 cg_it=0 shift=0 ckpt=1 alpha=0 acc mv=162
PCG_PREP o=52 rebuild=1 drift=0 previous_depth=1
ATTR_RADIUS o=52 raw_norm=0.88299080914383898 norm=0.067605369481893593 radius=0.067605369481893593 next_radius=0.067605369481893593 lambda=501.90812573780727 next_lambda=501.90812573780727 rho=0.69261432715749782 accept=1
CLASSICAL_LM o=52 lambda=501.90812573780727 tau=501.90812573780727 prediction=34.214969240487882 rho=0.69261432715749782 accept=1
  MFCG it  53 cost=1.892551e+06 lam=5.019e+02 tau=0.00e+00 cg_it=0 shift=0 ckpt=1 alpha=0 acc mv=164
PCG_PREP o=53 rebuild=1 drift=0 previous_depth=1
POINT_SAFE o=53 frozen=249 slope=-33.750050858594697 candidate=1892556.4840575722 original=1892544.1247660324 current=1892551.0275749951 won=0 mode=1 camera_scale=1 keep_scale=0
ATTR_RADIUS o=53 raw_norm=0.87608814381315769 norm=0.033802684740946824 radius=0.067605369481893593 next_radius=0.067605369481893593 lambda=501.90812573780727 next_lambda=50.190812573780732 rho=0.40744634011203068 accept=1
CLASSICAL_LM o=53 lambda=501.90812573780727 tau=501.90812573780727 prediction=16.941639384279839 rho=0.40744634011203068 accept=1
  MFCG it  54 cost=1.892544e+06 lam=5.019e+01 tau=0.00e+00 cg_it=0 shift=0 ckpt=1 alpha=0 acc mv=166
PCG_PREP o=54 rebuild=1 drift=0 previous_depth=1
ATTR_RADIUS o=54 raw_norm=8.4726680173931577 norm=0.067605369481893621 radius=0.067605369481893593 next_radius=0.13521073896378719 lambda=50.190812573780732 next_lambda=12.547703143445183 rho=0.7851339192800072 accept=1
CLASSICAL_LM o=54 lambda=50.190812573780732 tau=50.190812573780732 prediction=68.864196607505576 rho=0.7851339192800072 accept=1
  MFCG it  55 cost=1.892490e+06 lam=1.255e+01 tau=0.00e+00 cg_it=0 shift=0 ckpt=1 alpha=0 acc mv=168
PCG_PREP o=55 rebuild=1 drift=0 previous_depth=1
ATTR_RADIUS o=55 raw_norm=29.790792408572852 norm=0.13521073896378716 radius=0.13521073896378719 next_radius=0.13521073896378719 lambda=12.547703143445183 next_lambda=12.547703143445183 rho=0.45345636794834321 accept=1
CLASSICAL_LM o=55 lambda=12.547703143445183 tau=12.547703143445183 prediction=188.43591914369679 rho=0.45345636794834321 accept=1
  MFCG it  56 cost=1.892405e+06 lam=1.255e+01 tau=0.00e+00 cg_it=0 shift=0 ckpt=1 alpha=0 acc mv=170
PCG_PREP o=56 rebuild=1 drift=0 previous_depth=1
ATTR_RADIUS o=56 raw_norm=30.910459008938535 norm=0.13521073896378721 radius=0.13521073896378719 next_radius=0.13521073896378719 lambda=12.547703143445183 next_lambda=12.547703143445183 rho=0.63852678897681547 accept=1
CLASSICAL_LM o=56 lambda=12.547703143445183 tau=12.547703143445183 prediction=288.96244483851541 rho=0.63852678897681547 accept=1
  MFCG it  57 cost=1.892220e+06 lam=1.255e+01 tau=0.00e+00 cg_it=0 shift=0 ckpt=1 alpha=0 acc mv=172
PCG_PREP o=57 rebuild=1 drift=0 previous_depth=1
ATTR_RADIUS o=57 raw_norm=29.746297917019895 norm=0.13521073896378727 radius=0.13521073896378719 next_radius=0.13521073896378719 lambda=12.547703143445183 next_lambda=12.547703143445183 rho=0.32310705458161182 accept=1
CLASSICAL_LM o=57 lambda=12.547703143445183 tau=12.547703143445183 prediction=143.03978359343853 rho=0.32310705458161182 accept=1
  MFCG it  58 cost=1.892174e+06 lam=1.255e+01 tau=0.00e+00 cg_it=0 shift=0 ckpt=1 alpha=0 acc mv=174
PCG_PREP o=58 rebuild=1 drift=0 previous_depth=1
ATTR_RADIUS o=58 raw_norm=30.757193037660219 norm=0.13521073896378719 radius=0.13521073896378719 next_radius=0.13521073896378719 lambda=12.547703143445183 next_lambda=12.547703143445183 rho=0.59125905905601195 accept=1
CLASSICAL_LM o=58 lambda=12.547703143445183 tau=12.547703143445183 prediction=237.03914638061082 rho=0.59125905905601195 accept=1
  MFCG it  59 cost=1.892034e+06 lam=1.255e+01 tau=0.00e+00 cg_it=0 shift=0 ckpt=1 alpha=0 acc mv=176
PCG_PREP o=59 rebuild=1 drift=0 previous_depth=1
ATTR_RADIUS o=59 raw_norm=29.700064960743298 norm=0.13521073896378719 radius=0.13521073896378719 next_radius=0.033802684740946796 lambda=12.547703143445183 next_lambda=200.76325029512293 rho=0.19442254059108555 accept=1
CLASSICAL_LM o=59 lambda=12.547703143445183 tau=12.547703143445183 prediction=116.39995072696949 rho=0.19442254059108555 accept=1
  MFCG it  60 cost=1.892011e+06 lam=2.008e+02 tau=0.00e+00 cg_it=0 shift=0 ckpt=1 alpha=0 acc mv=178
PCG_PREP o=60 rebuild=1 drift=0 previous_depth=1
ATTR_RADIUS o=60 raw_norm=2.2634533697137234 norm=0.033802684740946817 radius=0.033802684740946796 next_radius=0.067605369481893593 lambda=200.76325029512293 next_lambda=50.190812573780732 rho=0.96132610432614685 accept=1
CLASSICAL_LM o=60 lambda=200.76325029512293 tau=200.76325029512293 prediction=25.226393586639674 rho=0.96132610432614685 accept=1
  MFCG it  61 cost=1.891987e+06 lam=5.019e+01 tau=0.00e+00 cg_it=0 shift=0 ckpt=1 alpha=0 acc mv=180
PCG_PREP o=61 rebuild=1 drift=0 previous_depth=1
ATTR_RADIUS o=61 raw_norm=8.6567268911988862 norm=0.067605369481893565 radius=0.067605369481893593 next_radius=0.13521073896378719 lambda=50.190812573780732 next_lambda=12.547703143445183 rho=0.8716852823368153 accept=1
CLASSICAL_LM o=61 lambda=50.190812573780732 tau=50.190812573780732 prediction=61.847262539959523 rho=0.8716852823368153 accept=1
  MFCG it  62 cost=1.891933e+06 lam=1.255e+01 tau=0.00e+00 cg_it=0 shift=0 ckpt=1 alpha=0 acc mv=182
PCG_PREP o=62 rebuild=1 drift=0 previous_depth=1
ATTR_RADIUS o=62 raw_norm=30.041880296346893 norm=0.13521073896378727 radius=0.13521073896378719 next_radius=0.13521073896378719 lambda=12.547703143445183 next_lambda=12.547703143445183 rho=0.51319806272808843 accept=1
CLASSICAL_LM o=62 lambda=12.547703143445183 tau=12.547703143445183 prediction=118.99166624128895 rho=0.51319806272808843 accept=1
  MFCG it  63 cost=1.891872e+06 lam=1.255e+01 tau=0.00e+00 cg_it=0 shift=0 ckpt=1 alpha=0 acc mv=184
PCG_PREP o=63 rebuild=1 drift=0 previous_depth=1
ATTR_RADIUS o=63 raw_norm=29.991645935323071 norm=0.13521073896378713 radius=0.13521073896378719 next_radius=0.13521073896378719 lambda=12.547703143445183 next_lambda=12.547703143445183 rho=0.42530638446114016 accept=1
CLASSICAL_LM o=63 lambda=12.547703143445183 tau=12.547703143445183 prediction=122.66949453898293 rho=0.42530638446114016 accept=1
  MFCG it  64 cost=1.891820e+06 lam=1.255e+01 tau=0.00e+00 cg_it=0 shift=0 ckpt=1 alpha=0 acc mv=186
PCG_PREP o=64 rebuild=1 drift=0 previous_depth=1
ATTR_RADIUS o=64 raw_norm=30.0919377119871 norm=0.13521073896378721 radius=0.13521073896378719 next_radius=0.13521073896378719 lambda=12.547703143445183 next_lambda=12.547703143445183 rho=0.48232238273234751 accept=1
CLASSICAL_LM o=64 lambda=12.547703143445183 tau=12.547703143445183 prediction=120.24567440738878 rho=0.48232238273234751 accept=1
  MFCG it  65 cost=1.891762e+06 lam=1.255e+01 tau=0.00e+00 cg_it=0 shift=0 ckpt=1 alpha=0 acc mv=188
PCG_PREP o=65 rebuild=1 drift=0 previous_depth=1
ATTR_RADIUS o=65 raw_norm=29.863197450445483 norm=0.13521073896378719 radius=0.13521073896378719 next_radius=0.13521073896378719 lambda=12.547703143445183 next_lambda=12.547703143445183 rho=0.34856117716611673 accept=1
CLASSICAL_LM o=65 lambda=12.547703143445183 tau=12.547703143445183 prediction=104.31190363841625 rho=0.34856117716611673 accept=1
  MFCG it  66 cost=1.891725e+06 lam=1.255e+01 tau=0.00e+00 cg_it=0 shift=0 ckpt=1 alpha=0 acc mv=190
PCG_PREP o=66 rebuild=1 drift=0 previous_depth=1
ATTR_RADIUS o=66 raw_norm=30.094775792860982 norm=0.13521073896378713 radius=0.13521073896378719 next_radius=0.13521073896378719 lambda=12.547703143445183 next_lambda=12.547703143445183 rho=0.45855012642298565 accept=1
CLASSICAL_LM o=66 lambda=12.547703143445183 tau=12.547703143445183 prediction=119.21332058635114 rho=0.45855012642298565 accept=1
  MFCG it  67 cost=1.891671e+06 lam=1.255e+01 tau=0.00e+00 cg_it=0 shift=0 ckpt=1 alpha=0 acc mv=192
PCG_PREP o=67 rebuild=1 drift=0 previous_depth=1
ATTR_RADIUS o=67 raw_norm=29.799285000762325 norm=0.13521073896378721 radius=0.13521073896378719 next_radius=0.13521073896378719 lambda=12.547703143445183 next_lambda=12.547703143445183 rho=0.29837570209539721 accept=1
CLASSICAL_LM o=67 lambda=12.547703143445183 tau=12.547703143445183 prediction=96.171774523573859 rho=0.29837570209539721 accept=1
  MFCG it  68 cost=1.891642e+06 lam=1.255e+01 tau=0.00e+00 cg_it=0 shift=0 ckpt=1 alpha=0 acc mv=194
PCG_PREP o=68 rebuild=1 drift=0 previous_depth=1
ATTR_RADIUS o=68 raw_norm=30.077557993942648 norm=0.13521073896378724 radius=0.13521073896378719 next_radius=0.13521073896378719 lambda=12.547703143445183 next_lambda=12.547703143445183 rho=0.44225164908560027 accept=1
CLASSICAL_LM o=68 lambda=12.547703143445183 tau=12.547703143445183 prediction=117.37948102094384 rho=0.44225164908560027 accept=1
  MFCG it  69 cost=1.891590e+06 lam=1.255e+01 tau=0.00e+00 cg_it=0 shift=0 ckpt=1 alpha=0 acc mv=196
PCG_PREP o=69 rebuild=1 drift=0 previous_depth=1
ATTR_RADIUS o=69 raw_norm=29.756071639552019 norm=0.13521073896378713 radius=0.13521073896378719 next_radius=0.13521073896378719 lambda=12.547703143445183 next_lambda=12.547703143445183 rho=0.26690766427389112 accept=1
CLASSICAL_LM o=69 lambda=12.547703143445183 tau=12.547703143445183 prediction=91.867499216529239 rho=0.26690766427389112 accept=1
  MFCG it  70 cost=1.891566e+06 lam=1.255e+01 tau=0.00e+00 cg_it=0 shift=0 ckpt=1 alpha=0 acc mv=198
PCG_PREP o=70 rebuild=1 drift=0 previous_depth=1
ATTR_RADIUS o=70 raw_norm=30.054057133518874 norm=0.13521073896378713 radius=0.13521073896378719 next_radius=0.13521073896378719 lambda=12.547703143445183 next_lambda=12.547703143445183 rho=0.43140505684111052 accept=1
CLASSICAL_LM o=70 lambda=12.547703143445183 tau=12.547703143445183 prediction=115.72678540007799 rho=0.43140505684111052 accept=1
  MFCG it  71 cost=1.891516e+06 lam=1.255e+01 tau=0.00e+00 cg_it=0 shift=0 ckpt=1 alpha=0 acc mv=200
PCG_PREP o=71 rebuild=1 drift=0 previous_depth=1
ATTR_RADIUS o=71 raw_norm=29.721274641097466 norm=0.13521073896378716 radius=0.13521073896378719 next_radius=0.033802684740946796 lambda=12.547703143445183 next_lambda=200.76325029512293 rho=0.2468130961354324 accept=1
CLASSICAL_LM o=71 lambda=12.547703143445183 tau=12.547703143445183 prediction=89.357029488957352 rho=0.2468130961354324 accept=1
  MFCG it  72 cost=1.891494e+06 lam=2.008e+02 tau=0.00e+00 cg_it=0 shift=0 ckpt=1 alpha=0 acc mv=202
PCG_PREP o=72 rebuild=1 drift=0 previous_depth=1
ATTR_RADIUS o=72 raw_norm=2.2004109249586481 norm=0.033802684740946776 radius=0.033802684740946796 next_radius=0.067605369481893593 lambda=200.76325029512293 next_lambda=50.190812573780732 rho=0.93956128879623668 accept=1
CLASSICAL_LM o=72 lambda=200.76325029512293 tau=200.76325029512293 prediction=18.633471211926196 rho=0.93956128879623668 accept=1
  MFCG it  73 cost=1.891476e+06 lam=5.019e+01 tau=0.00e+00 cg_it=0 shift=0 ckpt=1 alpha=0 acc mv=204
PCG_PREP o=73 rebuild=1 drift=0 previous_depth=1
ATTR_RADIUS o=73 raw_norm=8.4391361166954404 norm=0.067605369481893607 radius=0.067605369481893593 next_radius=0.13521073896378719 lambda=50.190812573780732 next_lambda=12.547703143445183 rho=0.7885733253700864 accept=1
CLASSICAL_LM o=73 lambda=50.190812573780732 tau=50.190812573780732 prediction=39.043710447075668 rho=0.7885733253700864 accept=1
  MFCG it  74 cost=1.891445e+06 lam=1.255e+01 tau=0.00e+00 cg_it=0 shift=0 ckpt=1 alpha=0 acc mv=206
PCG_PREP o=74 rebuild=1 drift=0 previous_depth=1
POINT_SAFE o=74 frozen=4 slope=-63.347249463371945 candidate=1891584.3761475987 original=1891442.8740394576 current=1891445.2753938562 won=0 mode=1 camera_scale=1 keep_scale=0
ATTR_RADIUS o=74 raw_norm=29.569624755150969 norm=0.033802684740946776 radius=0.13521073896378719 next_radius=0.033802684740946796 lambda=12.547703143445183 next_lambda=200.76325029512293 rho=0.14727064190236971 accept=1
CLASSICAL_LM o=74 lambda=12.547703143445183 tau=12.547703143445183 prediction=16.305723717632315 rho=0.14727064190236971 accept=1
  MFCG it  75 cost=1.891443e+06 lam=2.008e+02 tau=0.00e+00 cg_it=0 shift=0 ckpt=1 alpha=0 acc mv=208
PCG_PREP o=75 rebuild=1 drift=0 previous_depth=1
ATTR_RADIUS o=75 raw_norm=2.1718452526470666 norm=0.03380268474094679 radius=0.033802684740946796 next_radius=0.067605369481893593 lambda=200.76325029512293 next_lambda=50.190812573780732 rho=0.860003275959205 accept=1
CLASSICAL_LM o=75 lambda=200.76325029512293 tau=200.76325029512293 prediction=16.301896015669222 rho=0.860003275959205 accept=1
  MFCG it  76 cost=1.891429e+06 lam=5.019e+01 tau=0.00e+00 cg_it=0 shift=0 ckpt=1 alpha=0 acc mv=210
PCG_PREP o=76 rebuild=1 drift=0 previous_depth=1
POINT_SAFE o=76 frozen=17 slope=-30.666342029348524 candidate=1891429.4128925127 original=1891421.9600104201 current=1891428.8543554798 won=0 mode=1 camera_scale=1 keep_scale=0
ATTR_RADIUS o=76 raw_norm=8.2783233750837049 norm=0.03380268474094679 radius=0.067605369481893593 next_radius=0.067605369481893593 lambda=50.190812573780732 next_lambda=5.0190812573780734 rho=0.43679717209317498 accept=1
CLASSICAL_LM o=76 lambda=50.190812573780732 tau=50.190812573780732 prediction=15.783859191944108 rho=0.43679717209317498 accept=1
  MFCG it  77 cost=1.891422e+06 lam=5.019e+00 tau=0.00e+00 cg_it=0 shift=0 ckpt=1 alpha=0 acc mv=212
PCG_PREP o=77 rebuild=1 drift=0 previous_depth=1
POINT_SAFE o=77 frozen=1 slope=-39.865057369834133 candidate=1891400.5134600617 original=1891413.1063006122 current=1891421.9600104201 won=1 mode=1 camera_scale=1 keep_scale=0
ATTR_RADIUS o=77 raw_norm=61.25424296454549 norm=0.067605369481893579 radius=0.067605369481893593 next_radius=0.067605369481893593 lambda=5.0190812573780734 next_lambda=5.0190812573780734 rho=0.54668807840727685 accept=1
CLASSICAL_LM o=77 lambda=5.0190812573780734 tau=5.0190812573780734 prediction=39.229958006039048 rho=0.54668807840727685 accept=1
  MFCG it  78 cost=1.891401e+06 lam=5.019e+00 tau=0.00e+00 cg_it=0 shift=0 ckpt=1 alpha=0 acc mv=214
PCG_PREP o=78 rebuild=1 drift=0 previous_depth=1
POINT_SAFE o=78 frozen=1 slope=-37.769797054427407 candidate=1891372.2564075752 original=1891388.1838199806 current=1891400.5134600617 won=1 mode=1 camera_scale=1 keep_scale=0
ATTR_RADIUS o=78 raw_norm=60.427675707062633 norm=0.067605369481893593 radius=0.067605369481893593 next_radius=0.13521073896378719 lambda=5.0190812573780734 next_lambda=1.2547703143445184 rho=0.75630177370759311 accept=1
CLASSICAL_LM o=78 lambda=5.0190812573780734 tau=5.0190812573780734 prediction=37.362139649634777 rho=0.75630177370759311 accept=1
  MFCG it  79 cost=1.891372e+06 lam=1.255e+00 tau=0.00e+00 cg_it=0 shift=0 ckpt=1 alpha=0 acc mv=216
PCG_PREP o=79 rebuild=1 drift=0 previous_depth=1
POINT_SAFE o=79 frozen=1 slope=-78.7955871624754 candidate=1892096.6571915178 original=1891370.954551117 current=1891372.2564075752 won=0 mode=1 camera_scale=1 keep_scale=0
ATTR_RADIUS o=79 raw_norm=137.96651291923965 norm=0.0084506711852366957 radius=0.13521073896378719 next_radius=0.033802684740946796 lambda=1.2547703143445184 next_lambda=20.076325029512294 rho=0.2491121582725207 accept=1
CLASSICAL_LM o=79 lambda=1.2547703143445184 tau=1.2547703143445184 prediction=5.2259852237437325 rho=0.2491121582725207 accept=1
  MFCG it  80 cost=1.891371e+06 lam=2.008e+01 tau=0.00e+00 cg_it=0 shift=0 ckpt=1 alpha=0 acc mv=218
PCG_PREP o=80 rebuild=1 drift=0 previous_depth=1
ATTR_RADIUS o=80 raw_norm=19.425430512339691 norm=0.033802684740946769 radius=0.033802684740946796 next_radius=0.033802684740946796 lambda=20.076325029512294 next_lambda=20.076325029512294 rho=0.40349965407642352 accept=1
CLASSICAL_LM o=80 lambda=20.076325029512294 tau=20.076325029512294 prediction=19.538495942333018 rho=0.40349965407642352 accept=1
  MFCG it  81 cost=1.891363e+06 lam=2.008e+01 tau=0.00e+00 cg_it=0 shift=0 ckpt=1 alpha=0 acc mv=220
PCG_PREP o=81 rebuild=1 drift=0 previous_depth=1
ATTR_RADIUS o=81 raw_norm=19.613436549475495 norm=0.033802684740946817 radius=0.033802684740946796 next_radius=0.033802684740946796 lambda=20.076325029512294 next_lambda=20.076325029512294 rho=0.54863617928341712 accept=1
CLASSICAL_LM o=81 lambda=20.076325029512294 tau=20.076325029512294 prediction=21.270017749843337 rho=0.54863617928341712 accept=1
  MFCG it  82 cost=1.891351e+06 lam=2.008e+01 tau=0.00e+00 cg_it=0 shift=0 ckpt=1 alpha=0 acc mv=222
PCG_PREP o=82 rebuild=1 drift=0 previous_depth=1
ATTR_RADIUS o=82 raw_norm=19.332748872585903 norm=0.033802684740946817 radius=0.033802684740946796 next_radius=0.0084506711852366991 lambda=20.076325029512294 next_lambda=321.2212004721967 rho=0.21419569431713595 accept=1
CLASSICAL_LM o=82 lambda=20.076325029512294 tau=20.076325029512294 prediction=18.236621303854118 rho=0.21419569431713595 accept=1
  MFCG it  83 cost=1.891347e+06 lam=3.212e+02 tau=0.00e+00 cg_it=0 shift=0 ckpt=1 alpha=0 acc mv=224
PCG_PREP o=83 rebuild=1 drift=0 previous_depth=1
ATTR_RADIUS o=83 raw_norm=1.357671372892185 norm=0.0084506711852367009 radius=0.0084506711852366991 next_radius=0.016901342370473398 lambda=321.2212004721967 next_lambda=80.305300118049175 rho=0.95496427291384567 accept=1
CLASSICAL_LM o=83 lambda=321.2212004721967 tau=321.2212004721967 prediction=4.3673977481645583 rho=0.95496427291384567 accept=1
  MFCG it  84 cost=1.891343e+06 lam=8.031e+01 tau=0.00e+00 cg_it=0 shift=0 ckpt=1 alpha=0 acc mv=226
PCG_PREP o=84 rebuild=1 drift=0 previous_depth=1
ATTR_RADIUS o=84 raw_norm=5.3040126882968233 norm=0.016901342370473395 radius=0.016901342370473398 next_radius=0.033802684740946796 lambda=80.305300118049175 next_lambda=20.076325029512294 rho=0.8543526548635364 accept=1
CLASSICAL_LM o=84 lambda=80.305300118049175 tau=80.305300118049175 prediction=9.3130178274032893 rho=0.8543526548635364 accept=1
  MFCG it  85 cost=1.891335e+06 lam=2.008e+01 tau=0.00e+00 cg_it=0 shift=0 ckpt=1 alpha=0 acc mv=228
PCG_PREP o=85 rebuild=1 drift=0 previous_depth=1
ATTR_RADIUS o=85 raw_norm=19.489246658157256 norm=0 radius=0.033802684740946796 next_radius=0.0084506711852366991 lambda=20.076325029512294 next_lambda=321.2212004721967 rho=0.029009698827112674 accept=0
CLASSICAL_LM o=85 lambda=20.076325029512294 tau=20.076325029512294 prediction=17.362567663251834 rho=0.029009698827112674 accept=0
  MFCG it  86  retry 1/8  lam=3.212e+02 tau_eff=2.008e+01  (assembly reused)
PCG_PREP o=85 rebuild=1 drift=0 previous_depth=1
ATTR_RADIUS o=85 raw_norm=1.3391501987843335 norm=0.0084506711852367009 radius=0.0084506711852366991 next_radius=0.016901342370473398 lambda=321.2212004721967 next_lambda=80.305300118049175 rho=0.7948700145703701 accept=1
CLASSICAL_LM o=85 lambda=321.2212004721967 tau=321.2212004721967 prediction=3.8347164273332606 rho=0.7948700145703701 accept=1
  MFCG it  86 cost=1.891332e+06 lam=8.031e+01 tau=0.00e+00 cg_it=0 shift=0 ckpt=1 alpha=0 acc mv=232
PCG_PREP o=86 rebuild=1 drift=0 previous_depth=1
POINT_SAFE o=86 frozen=61 slope=-6.2229867202045552 candidate=1891344.2085405979 original=1891331.8870329312 current=1891332.3196563062 won=0 mode=1 camera_scale=1 keep_scale=0
ATTR_RADIUS o=86 raw_norm=4.2183823315270423 norm=0.0042253355926183478 radius=0.016901342370473398 next_radius=0.016901342370473398 lambda=80.305300118049175 next_lambda=8.0305300118049185 rho=0.27789784375916865 accept=1
CLASSICAL_LM o=86 lambda=80.305300118049175 tau=80.305300118049175 prediction=1.5567712549409862 rho=0.27789784375916865 accept=1
  MFCG: converged (OCA_FTOL: 8 outers < 1.0e-05 rel)
  [menu-backtrack] confirming stop with original retry policy at outer 87
  MFCG it  87 cost=1.891332e+06 lam=8.031e+00 tau=0.00e+00 cg_it=0 shift=0 ckpt=1 alpha=0 acc mv=234
PCG_PREP o=87 rebuild=1 drift=0 previous_depth=1
ATTR_RADIUS o=87 raw_norm=41.648153162366341 norm=0.016901342370473402 radius=0.016901342370473398 next_radius=0.0042253355926183496 lambda=8.0305300118049185 next_lambda=128.4884801888787 rho=0.15723218074474388 accept=1
CLASSICAL_LM o=87 lambda=8.0305300118049185 tau=8.0305300118049185 prediction=13.960007321829112 rho=0.15723218074474388 accept=1
  MFCG it  88 cost=1.891330e+06 lam=1.285e+02 tau=0.00e+00 cg_it=0 shift=0 ckpt=1 alpha=0 acc mv=236
PCG_PREP o=88 rebuild=1 drift=0 previous_depth=1
ATTR_RADIUS o=88 raw_norm=3.3550152899634349 norm=0.0042253355926183487 radius=0.0042253355926183496 next_radius=0.0084506711852366991 lambda=128.4884801888787 next_lambda=32.122120047219674 rho=0.94336690876759421 accept=1
CLASSICAL_LM o=88 lambda=128.4884801888787 tau=128.4884801888787 prediction=3.3588175358442234 rho=0.94336690876759421 accept=1
  MFCG it  89 cost=1.891327e+06 lam=3.212e+01 tau=0.00e+00 cg_it=0 shift=0 ckpt=1 alpha=0 acc mv=238
PCG_PREP o=89 rebuild=1 drift=0 previous_depth=1
ATTR_RADIUS o=89 raw_norm=12.72935427235633 norm=0.0084506711852366957 radius=0.0084506711852366991 next_radius=0.016901342370473398 lambda=32.122120047219674 next_lambda=8.0305300118049185 rho=0.79567469045943462 accept=1
CLASSICAL_LM o=89 lambda=32.122120047219674 tau=32.122120047219674 prediction=7.9853469852813728 rho=0.79567469045943462 accept=1
  MFCG it  90 cost=1.891320e+06 lam=8.031e+00 tau=0.00e+00 cg_it=0 shift=0 ckpt=1 alpha=0 acc mv=240
PCG_PREP o=90 rebuild=1 drift=0 previous_depth=1
ATTR_RADIUS o=90 raw_norm=42.679704930762163 norm=0 radius=0.016901342370473398 next_radius=0.0042253355926183496 lambda=8.0305300118049185 next_lambda=128.4884801888787 rho=0.014977878288319578 accept=0
CLASSICAL_LM o=90 lambda=8.0305300118049185 tau=8.0305300118049185 prediction=12.246986432315461 rho=0.014977878288319578 accept=0
  MFCG it  91  retry 1/8  lam=1.285e+02 tau_eff=8.031e+00  (assembly reused)
PCG_PREP o=90 rebuild=1 drift=0 previous_depth=1
ATTR_RADIUS o=90 raw_norm=3.2901014387081657 norm=0.0042253355926183461 radius=0.0042253355926183496 next_radius=0.0084506711852366991 lambda=128.4884801888787 next_lambda=32.122120047219674 rho=0.81950892907230222 accept=1
CLASSICAL_LM o=90 lambda=128.4884801888787 tau=128.4884801888787 prediction=2.1433724399314396 rho=0.81950892907230222 accept=1
  MFCG it  91 cost=1.891318e+06 lam=3.212e+01 tau=0.00e+00 cg_it=0 shift=0 ckpt=1 alpha=0 acc mv=244
PCG_PREP o=91 rebuild=1 drift=0 previous_depth=1
ATTR_RADIUS o=91 raw_norm=10.554168756254912 norm=0.0084506711852366974 radius=0.0084506711852366991 next_radius=0.0021126677963091748 lambda=32.122120047219674 next_lambda=513.95392075551479 rho=-1 accept=0
CLASSICAL_LM o=91 lambda=32.122120047219674 tau=32.122120047219674 prediction=3.8554788518333187 rho=-1 accept=0
  MFCG it  92  retry 1/8  lam=5.140e+02 tau_eff=3.212e+01  (assembly reused)
PCG_PREP o=91 rebuild=1 drift=0 previous_depth=1
ATTR_RADIUS o=91 raw_norm=0.68993689798323643 norm=0.0021126677963091752 radius=0.0021126677963091748 next_radius=0.0021126677963091748 lambda=513.95392075551479 next_lambda=513.95392075551479 rho=0.59590216817007602 accept=1
CLASSICAL_LM o=91 lambda=513.95392075551479 tau=513.95392075551479 prediction=0.80549747364383584 rho=0.59590216817007602 accept=1
  MFCG it  92 cost=1.891318e+06 lam=5.140e+02 tau=0.00e+00 cg_it=0 shift=0 ckpt=1 alpha=0 acc mv=248
PCG_PREP o=92 rebuild=1 drift=0 previous_depth=1
ATTR_RADIUS o=92 raw_norm=0.8072413436283119 norm=0.0021126677963091743 radius=0.0021126677963091748 next_radius=0.0042253355926183496 lambda=513.95392075551479 next_lambda=128.4884801888787 rho=0.79904971866025631 accept=1
CLASSICAL_LM o=92 lambda=513.95392075551479 tau=513.95392075551479 prediction=0.94519882179234804 rho=0.79904971866025631 accept=1
  MFCG it  93 cost=1.891317e+06 lam=1.285e+02 tau=0.00e+00 cg_it=0 shift=0 ckpt=1 alpha=0 acc mv=250
PCG_PREP o=93 rebuild=1 drift=0 previous_depth=1
ATTR_RADIUS o=93 raw_norm=2.4363158285749793 norm=0.0042253355926183504 radius=0.0042253355926183496 next_radius=0.0084506711852366991 lambda=128.4884801888787 next_lambda=32.122120047219674 rho=0.99999075672269755 accept=1
CLASSICAL_LM o=93 lambda=128.4884801888787 tau=128.4884801888787 prediction=1.5545234342379681 rho=0.99999075672269755 accept=1
  MFCG it  94 cost=1.891316e+06 lam=3.212e+01 tau=0.00e+00 cg_it=0 shift=0 ckpt=1 alpha=0 acc mv=252
PCG_PREP o=94 rebuild=1 drift=0 previous_depth=1
ATTR_RADIUS o=94 raw_norm=9.3586177315893906 norm=0.0084506711852367026 radius=0.0084506711852366991 next_radius=0.016901342370473398 lambda=32.122120047219674 next_lambda=8.0305300118049185 rho=0.98924627337782844 accept=1
CLASSICAL_LM o=94 lambda=32.122120047219674 tau=32.122120047219674 prediction=3.5164906625128629 rho=0.98924627337782844 accept=1
  MFCG: converged (OCA_FTOL: 8 outers < 1.0e-05 rel)
  MFCG: accepts=95 rejects=12 total_matvecs=254 negcurv=1 cand_evals=107 mean_cg_per_outer=2.7
NUMERIC_REPAIR summary rebuilds=1 floor=2.9214897992660245e-06
  [retry-cache] builds=108 reuses=0
  [menu-backtrack] trials=61 rescues=58 evals=405 total_scored=512
POINT_SAFE summary calls=61 evals=61 wins=30 frozen=22881 seconds=0.726105078
  [scoring] menu_evals=107 alpha_evals=0 backtrack_evals=405 total_scored=512
RESULT algo=mfree_shifted_cg iters=95 final_cost=1891312.1447789851 solve_seconds=4.675446
DIAGNOSTICS median_reproj_err_px 2.704502 -> 0.563227 | cheirality_violations(obs) 751 -> 758 | cheirality_violations(pts, of 310854) 725 -> 730
