  [menu-backtrack] active=1 max_evals=8 warmup_accepts=3 confirm_stop=original armijo=1e-4
MIXED_STORAGE fragments=fp32 arithmetic=fp64 state=fp64 acceptance=fp64
  [compact-fragments] active=2 saved_bytes=28836392 storage=fp32 camera_reads=contiguous
  MFCG score_init=5535080.1182407327 precision=fp64
PCG_PREP o=0 rebuild=1 drift=0 previous_depth=0
E2_CAP o=0 retry=0 touched=0 ncam=539 raw=1535.3454328932594 capped=1535.345432893258 radius=1535.3454328932589 median=37.982378604139654 global_scale=1
ATTR_RADIUS o=0 raw_norm=1535.3454328932589 norm=1535.3454328932589 radius=1535.3454328932589 next_radius=3070.6908657865179 lambda=0.10000000000000001 next_lambda=0.025000000000000001 rho=0.98530766858838159 accept=1
CLASSICAL_LM o=0 lambda=0.10000000000000001 tau=0.10000000000000001 prediction=5275763.817038238 rho=0.98530766858838159 accept=1
  MFCG it   1 cost=3.368296e+05 lam=2.500e-02 tau=0.00e+00 cg_it=2 shift=0 ckpt=3 alpha=0 acc mv=4
PCG_PREP o=1 rebuild=1 drift=0 previous_depth=3
E2_CAP o=1 retry=0 touched=0 ncam=539 raw=771.68238244428642 capped=771.68238244428653 radius=3070.6908657865179 median=22.736092240464899 global_scale=1
ATTR_RADIUS o=1 raw_norm=771.68238244428653 norm=771.68238244428653 radius=3070.6908657865179 next_radius=3070.6908657865179 lambda=0.025000000000000001 next_lambda=0.0025000000000000005 rho=0.98718752342230087 accept=1
CLASSICAL_LM o=1 lambda=0.025000000000000001 tau=0.025000000000000001 prediction=128676.55683172544 rho=0.98718752342230087 accept=1
  MFCG it   2 cost=2.098017e+05 lam=2.500e-03 tau=0.00e+00 cg_it=11 shift=0 ckpt=12 alpha=0 acc mv=17
PCG_PREP o=2 rebuild=1 drift=0 previous_depth=12
E2_CAP o=2 retry=0 touched=0 ncam=539 raw=1085.4424411140758 capped=1085.4424411140762 radius=3070.6908657865179 median=28.550475846142479 global_scale=1
ATTR_RADIUS o=2 raw_norm=1085.4424411140758 norm=1085.4424411140758 radius=3070.6908657865179 next_radius=3070.6908657865179 lambda=0.0025000000000000005 next_lambda=0.00025000000000000006 rho=0.95938871752898458 accept=1
CLASSICAL_LM o=2 lambda=0.0025000000000000005 tau=0.0025000000000000005 prediction=26067.860070108301 rho=0.95938871752898458 accept=1
  MFCG it   3 cost=1.847925e+05 lam=2.500e-04 tau=0.00e+00 cg_it=4 shift=0 ckpt=5 alpha=0 acc mv=23
PCG_PREP o=3 rebuild=1 drift=0 previous_depth=5
E2_CAP o=3 retry=0 touched=5 ncam=539 raw=1637.4042494599967 capped=700.96793192463338 radius=3070.6908657865179 median=6.9462221066839165 global_scale=1
ATTR_RADIUS o=3 raw_norm=1637.4042494599967 norm=700.9679319246336 radius=3070.6908657865179 next_radius=3070.6908657865179 lambda=0.00025000000000000006 next_lambda=2.5000000000000008e-05 rho=0.97460946568119411 accept=1
CLASSICAL_LM o=3 lambda=0.00025000000000000006 tau=0.00025000000000000006 prediction=10347.110470750449 rho=0.97460946568119411 accept=1
  MFCG it   4 cost=1.747081e+05 lam=2.500e-05 tau=0.00e+00 cg_it=0 shift=0 ckpt=1 alpha=0 acc mv=25
PCG_PREP o=4 rebuild=1 drift=0 previous_depth=1
E2_CAP o=4 retry=0 touched=9 ncam=539 raw=1077.4118942981165 capped=585.48194711750409 radius=3070.6908657865179 median=5.3548467236195343 global_scale=1
ATTR_RADIUS o=4 raw_norm=1077.4118942981163 norm=585.48194711750443 radius=3070.6908657865179 next_radius=3070.6908657865179 lambda=2.5000000000000008e-05 next_lambda=2.5000000000000011e-06 rho=0.85920446350882496 accept=1
CLASSICAL_LM o=4 lambda=2.5000000000000008e-05 tau=2.5000000000000008e-05 prediction=4366.9518711418559 rho=0.85920446350882496 accept=1
  MFCG it   5 cost=1.709560e+05 lam=2.500e-06 tau=0.00e+00 cg_it=0 shift=0 ckpt=1 alpha=0 acc mv=27
PCG_PREP o=5 rebuild=1 drift=0 previous_depth=1
E2_CAP o=5 retry=0 touched=7 ncam=539 raw=1312.2421544176132 capped=385.84492887256164 radius=3070.6908657865179 median=3.7424973644895974 global_scale=1
ATTR_RADIUS o=5 raw_norm=1312.2421544176132 norm=385.84492887256158 radius=3070.6908657865179 next_radius=3070.6908657865179 lambda=2.5000000000000011e-06 next_lambda=2.5000000000000009e-07 rho=0.9626287129845944 accept=1
CLASSICAL_LM o=5 lambda=2.5000000000000011e-06 tau=2.5000000000000011e-06 prediction=2064.6195749891976 rho=0.9626287129845944 accept=1
  MFCG it   6 cost=1.689685e+05 lam=2.500e-07 tau=0.00e+00 cg_it=0 shift=0 ckpt=1 alpha=0 acc mv=29
PCG_PREP o=6 rebuild=1 drift=0 previous_depth=1
E2_CAP o=6 retry=0 touched=5 ncam=539 raw=1514.749207943865 capped=257.80367056112522 radius=3070.6908657865179 median=2.7133055660594043 global_scale=1
ATTR_RADIUS o=6 raw_norm=1514.7492079438662 norm=257.80367056112539 radius=3070.6908657865179 next_radius=3070.6908657865179 lambda=2.5000000000000009e-07 next_lambda=2.5000000000000012e-08 rho=0.99535661320051938 accept=1
CLASSICAL_LM o=6 lambda=2.5000000000000009e-07 tau=2.5000000000000009e-07 prediction=852.23609614505017 rho=0.99535661320051938 accept=1
  MFCG it   7 cost=1.681202e+05 lam=2.500e-08 tau=0.00e+00 cg_it=0 shift=0 ckpt=1 alpha=0 acc mv=31
PCG_PREP o=7 rebuild=1 drift=0 previous_depth=1
E2_CAP o=7 retry=0 touched=6 ncam=539 raw=2396.0674227711174 capped=205.58442131987582 radius=3070.6908657865179 median=2.0683022323383096 global_scale=1
ATTR_RADIUS o=7 raw_norm=2396.0674227711152 norm=205.58442131987582 radius=3070.6908657865179 next_radius=3070.6908657865179 lambda=2.5000000000000012e-08 next_lambda=2.5000000000000013e-09 rho=1.0453724467208605 accept=1
CLASSICAL_LM o=7 lambda=2.5000000000000012e-08 tau=2.5000000000000012e-08 prediction=591.32835391880349 rho=1.0453724467208605 accept=1
  MFCG it   8 cost=1.675021e+05 lam=2.500e-09 tau=0.00e+00 cg_it=0 shift=0 ckpt=1 alpha=0 acc mv=33
PCG_PREP o=8 rebuild=1 drift=0 previous_depth=1
E2_CAP o=8 retry=0 touched=6 ncam=539 raw=7417.4308500869529 capped=164.42766296192517 radius=3070.6908657865179 median=1.7337834901931195 global_scale=1
ATTR_RADIUS o=8 raw_norm=7417.4308500869511 norm=164.42766296192514 radius=3070.6908657865179 next_radius=3070.6908657865179 lambda=2.5000000000000013e-09 next_lambda=2.5000000000000012e-10 rho=0.99266383452862117 accept=1
CLASSICAL_LM o=8 lambda=2.5000000000000013e-09 tau=2.5000000000000013e-09 prediction=464.32067651283086 rho=0.99266383452862117 accept=1
  MFCG it   9 cost=1.670412e+05 lam=2.500e-10 tau=0.00e+00 cg_it=0 shift=0 ckpt=1 alpha=0 acc mv=35
PCG_PREP o=9 rebuild=1 drift=0 previous_depth=1
E2_CAP o=9 retry=0 touched=5 ncam=539 raw=25571.666424870706 capped=791.22021335682894 radius=3070.6908657865179 median=8.564089648578749 global_scale=1
ATTR_RADIUS o=9 raw_norm=25571.666424870706 norm=791.22021335682859 radius=3070.6908657865179 next_radius=3070.6908657865179 lambda=2.5000000000000012e-10 next_lambda=2.5000000000000014e-11 rho=0.26406450783753749 accept=1
CLASSICAL_LM o=9 lambda=2.5000000000000012e-10 tau=2.5000000000000012e-10 prediction=1413.0073998536702 rho=0.26406450783753749 accept=1
  MFCG it  10 cost=1.666680e+05 lam=2.500e-11 tau=0.00e+00 cg_it=2 shift=0 ckpt=3 alpha=0 acc mv=39
PCG_PREP o=10 rebuild=1 drift=0 previous_depth=3
E2_CAP o=10 retry=0 touched=6 ncam=539 raw=899.62437425836004 capped=85.413351813320133 radius=3070.6908657865179 median=0.85867617661160967 global_scale=1
ATTR_RADIUS o=10 raw_norm=899.62437425835969 norm=85.413351813320119 radius=3070.6908657865179 next_radius=3070.6908657865179 lambda=2.5000000000000014e-11 next_lambda=2.5000000000000015e-12 rho=0.92914351535822914 accept=1
CLASSICAL_LM o=10 lambda=2.5000000000000014e-11 tau=2.5000000000000014e-11 prediction=1162.4839597486869 rho=0.92914351535822914 accept=1
TARGET reached outer=11 seconds=0.137272208 cost=165587.91983593089 threshold=165617.73918321263
  MFCG: accepts=11 rejects=0 total_matvecs=41 negcurv=0 cand_evals=11 mean_cg_per_outer=3.7
NUMERIC_REPAIR summary rebuilds=0 floor=9.9999999999999998e-17
  [retry-cache] builds=11 reuses=0
  [menu-backtrack] trials=0 rescues=0 evals=0 total_scored=11
POINT_SAFE summary calls=0 evals=0 wins=0 frozen=0 seconds=0
  [scoring] menu_evals=11 alpha_evals=0 backtrack_evals=0 total_scored=11
RESULT algo=mfree_shifted_cg iters=11 final_cost=165587.9198359309 solve_seconds=0.140564
DIAGNOSTICS median_reproj_err_px 1.389529 -> 0.536676 | cheirality_violations(obs) 29 -> 30 | cheirality_violations(pts, of 65220) 9 -> 10
