  [menu-backtrack] active=1 max_evals=8 warmup_accepts=3 confirm_stop=original armijo=1e-4
MIXED_STORAGE fragments=fp32 arithmetic=fp64 state=fp64 acceptance=fp64
  [compact-fragments] active=2 saved_bytes=36105992 storage=fp32 camera_reads=contiguous
  MFCG score_init=11152062.772762468 precision=fp64
PCG_PREP o=0 rebuild=1 drift=0 previous_depth=0
ATTR_RADIUS o=0 raw_norm=3225.3525896296696 norm=3225.3525896296696 radius=3225.3525896296696 next_radius=6450.7051792593393 lambda=0.10000000000000001 next_lambda=0.025000000000000001 rho=0.99997438839510622 accept=1
CLASSICAL_LM o=0 lambda=0.10000000000000001 tau=0.10000000000000001 prediction=8877594.9877400436 rho=0.99997438839510622 accept=1
  MFCG it   1 cost=2.274695e+06 lam=2.500e-02 tau=0.00e+00 cg_it=0 shift=0 ckpt=1 alpha=0 acc mv=2
PCG_PREP o=1 rebuild=1 drift=0 previous_depth=1
ATTR_RADIUS o=1 raw_norm=2725.1440498078473 norm=2725.1440498078473 radius=6450.7051792593393 next_radius=6450.7051792593393 lambda=0.025000000000000001 next_lambda=0.0025000000000000005 rho=0.99701845569054826 accept=1
CLASSICAL_LM o=1 lambda=0.025000000000000001 tau=0.025000000000000001 prediction=770789.73816058307 rho=0.99701845569054826 accept=1
  MFCG it   2 cost=1.506204e+06 lam=2.500e-03 tau=0.00e+00 cg_it=4 shift=0 ckpt=5 alpha=0 acc mv=8
PCG_PREP o=2 rebuild=1 drift=0 previous_depth=5
ATTR_RADIUS o=2 raw_norm=9578.8535291644421 norm=6450.7051792593384 radius=6450.7051792593393 next_radius=12901.410358518679 lambda=0.0025000000000000005 next_lambda=0.00062500000000000012 rho=0.99788045990932395 accept=1
CLASSICAL_LM o=2 lambda=0.0025000000000000005 tau=0.0025000000000000005 prediction=379875.54087330773 rho=0.99788045990932395 accept=1
  MFCG it   3 cost=1.127133e+06 lam=6.250e-04 tau=0.00e+00 cg_it=6 shift=0 ckpt=7 alpha=0 acc mv=16
PCG_PREP o=3 rebuild=1 drift=0 previous_depth=7
ATTR_RADIUS o=3 raw_norm=20859.307736759267 norm=12901.41035851868 radius=12901.410358518679 next_radius=25802.820717037357 lambda=0.00062500000000000012 next_lambda=0.00015625000000000003 rho=1.0093969216306169 accept=1
CLASSICAL_LM o=3 lambda=0.00062500000000000012 tau=0.00062500000000000012 prediction=304236.92171973048 rho=1.0093969216306169 accept=1
  MFCG it   4 cost=8.200374e+05 lam=1.563e-04 tau=0.00e+00 cg_it=5 shift=0 ckpt=6 alpha=0 acc mv=23
PCG_PREP o=4 rebuild=1 drift=0 previous_depth=6
ATTR_RADIUS o=4 raw_norm=36747.144697739226 norm=25802.820717037361 radius=25802.820717037357 next_radius=51605.641434074714 lambda=0.00015625000000000003 next_lambda=3.9062500000000008e-05 rho=0.98437153824870904 accept=1
CLASSICAL_LM o=4 lambda=0.00015625000000000003 tau=0.00015625000000000003 prediction=327617.4156294245 rho=0.98437153824870904 accept=1
  MFCG it   5 cost=4.975401e+05 lam=3.906e-05 tau=0.00e+00 cg_it=8 shift=0 ckpt=9 alpha=0 acc mv=33
PCG_PREP o=5 rebuild=1 drift=0 previous_depth=9
POINT_SAFE o=5 frozen=1464 slope=-317535.16445728467 candidate=381890.57169388374 original=373473.48944001156 current=497540.10902923701 won=0 mode=1 camera_scale=1 keep_scale=0
ATTR_RADIUS o=5 raw_norm=37463.339915191464 norm=18731.669957595732 radius=51605.641434074714 next_radius=51605.641434074714 lambda=3.9062500000000008e-05 next_lambda=3.9062500000000009e-06 rho=0.96839028980490205 accept=1
CLASSICAL_LM o=5 lambda=3.9062500000000008e-05 tau=3.9062500000000008e-05 prediction=128116.33996683371 rho=0.96839028980490205 accept=1
  MFCG it   6 cost=3.734735e+05 lam=3.906e-06 tau=0.00e+00 cg_it=6 shift=0 ckpt=7 alpha=0 acc mv=41
PCG_PREP o=6 rebuild=1 drift=0 previous_depth=7
POINT_SAFE o=6 frozen=670 slope=-179589.07902474151 candidate=403764.26391689223 original=368581.3675688834 current=373473.48944001156 won=0 mode=1 camera_scale=1 keep_scale=0
ATTR_RADIUS o=6 raw_norm=50229.773524497919 norm=50229.773524497912 radius=51605.641434074714 next_radius=12901.410358518679 lambda=3.9062500000000009e-06 next_lambda=6.2500000000000015e-05 rho=0.06743814907260548 accept=0
CLASSICAL_LM o=6 lambda=3.9062500000000009e-06 tau=3.9062500000000009e-06 prediction=72542.350856355537 rho=0.06743814907260548 accept=0
  MFCG it   7  retry 1/8  lam=6.250e-05 tau_eff=3.906e-06  (assembly reused)
PCG_PREP o=6 rebuild=1 drift=0 previous_depth=6
ATTR_RADIUS o=6 raw_norm=19848.981260588618 norm=12901.410358518679 radius=12901.410358518679 next_radius=25802.820717037357 lambda=6.2500000000000015e-05 next_lambda=1.5625000000000004e-05 rho=0.8826465393275722 accept=1
CLASSICAL_LM o=6 lambda=6.2500000000000015e-05 tau=6.2500000000000015e-05 prediction=68725.645282335987 rho=0.8826465393275722 accept=1
  MFCG it   7 cost=3.128130e+05 lam=1.563e-05 tau=0.00e+00 cg_it=5 shift=0 ckpt=6 alpha=0 acc mv=55
PCG_PREP o=7 rebuild=1 drift=0 previous_depth=6
POINT_SAFE o=7 frozen=179 slope=-71080.699348563183 candidate=285659.11517846375 original=290316.64341314079 current=312813.03646850341 won=1 mode=1 camera_scale=1 keep_scale=0
ATTR_RADIUS o=7 raw_norm=22599.895752272947 norm=22599.895752272947 radius=25802.820717037357 next_radius=25802.820717037357 lambda=1.5625000000000004e-05 next_lambda=1.5625000000000004e-05 rho=0.69104509431978622 accept=1
CLASSICAL_LM o=7 lambda=1.5625000000000004e-05 tau=1.5625000000000004e-05 prediction=39293.9932766153 rho=0.69104509431978622 accept=1
  MFCG it   8 cost=2.856591e+05 lam=1.563e-05 tau=0.00e+00 cg_it=5 shift=0 ckpt=6 alpha=0 acc mv=62
PCG_PREP o=8 rebuild=1 drift=0 previous_depth=6
POINT_SAFE o=8 frozen=172 slope=-35253.037885829712 candidate=271070.74566071073 original=280479.50288897433 current=285659.11517846375 won=1 mode=1 camera_scale=1 keep_scale=0
ATTR_RADIUS o=8 raw_norm=7069.9018215809938 norm=7069.9018215809938 radius=25802.820717037357 next_radius=25802.820717037357 lambda=1.5625000000000004e-05 next_lambda=1.5625000000000005e-06 rho=0.81451490554852057 accept=1
CLASSICAL_LM o=8 lambda=1.5625000000000004e-05 tau=1.5625000000000004e-05 prediction=17910.500370682275 rho=0.81451490554852057 accept=1
  MFCG it   9 cost=2.710707e+05 lam=1.563e-06 tau=0.00e+00 cg_it=0 shift=0 ckpt=1 alpha=0 acc mv=64
PCG_PREP o=9 rebuild=1 drift=0 previous_depth=1
POINT_SAFE o=9 frozen=444 slope=-15079.132292159207 candidate=301858.85294165614 original=265559.90528573922 current=271070.74566071073 won=0 mode=1 camera_scale=1 keep_scale=0
ATTR_RADIUS o=9 raw_norm=35180.502900159598 norm=3225.3525896296692 radius=25802.820717037357 next_radius=25802.820717037357 lambda=1.5625000000000005e-06 next_lambda=1.5625000000000007e-07 rho=1.5016406288269593 accept=1
CLASSICAL_LM o=9 lambda=1.5625000000000005e-06 tau=1.5625000000000005e-06 prediction=3669.87964309172 rho=1.5016406288269593 accept=1
  MFCG it  10 cost=2.655599e+05 lam=1.563e-07 tau=0.00e+00 cg_it=1 shift=0 ckpt=2 alpha=0 acc mv=67
PCG_PREP o=10 rebuild=1 drift=0 previous_depth=2
POINT_SAFE o=10 frozen=296 slope=-17400.055723908652 candidate=291982.46078665456 original=262360.11510990164 current=265559.90528573922 won=0 mode=1 camera_scale=1 keep_scale=0
ATTR_RADIUS o=10 raw_norm=43906.366375300662 norm=6450.705179259342 radius=25802.820717037357 next_radius=25802.820717037357 lambda=1.5625000000000007e-07 next_lambda=1.5625000000000006e-08 rho=0.62242962174756522 accept=1
CLASSICAL_LM o=10 lambda=1.5625000000000007e-07 tau=1.5625000000000007e-07 prediction=5140.8063884454705 rho=0.62242962174756522 accept=1
  MFCG it  11 cost=2.623601e+05 lam=1.563e-08 tau=0.00e+00 cg_it=1 shift=0 ckpt=2 alpha=0 acc mv=70
PCG_PREP o=11 rebuild=1 drift=0 previous_depth=2
POINT_SAFE o=11 frozen=497 slope=-19031.760302653263 candidate=262959.40378435521 original=258725.40653856311 current=262360.11510990164 won=0 mode=1 camera_scale=1 keep_scale=0
ATTR_RADIUS o=11 raw_norm=15181.940235728232 norm=7590.9701178641171 radius=25802.820717037357 next_radius=25802.820717037357 lambda=1.5625000000000006e-08 next_lambda=1.5625000000000008e-09 rho=0.5018729193783531 accept=1
CLASSICAL_LM o=11 lambda=1.5625000000000006e-08 tau=1.5625000000000006e-08 prediction=7242.2886969886276 rho=0.5018729193783531 accept=1
  MFCG it  12 cost=2.587254e+05 lam=1.563e-09 tau=0.00e+00 cg_it=0 shift=0 ckpt=1 alpha=0 acc mv=72
PCG_PREP o=12 rebuild=1 drift=0 previous_depth=1
POINT_SAFE o=12 frozen=126 slope=-14016.081277883319 candidate=262001.62749287253 original=257433.39814372413 current=258725.40653856311 won=0 mode=1 camera_scale=1 keep_scale=0
ATTR_RADIUS o=12 raw_norm=15537.947325274585 norm=7768.9736626372924 radius=25802.820717037357 next_radius=6450.7051792593393 lambda=1.5625000000000008e-09 next_lambda=2.5000000000000012e-08 rho=0.23576593061418769 accept=1
CLASSICAL_LM o=12 lambda=1.5625000000000008e-09 tau=1.5625000000000008e-09 prediction=5480.0470596968898 rho=0.23576593061418769 accept=1
  MFCG it  13 cost=2.574334e+05 lam=2.500e-08 tau=0.00e+00 cg_it=0 shift=0 ckpt=1 alpha=0 acc mv=74
PCG_PREP o=13 rebuild=1 drift=0 previous_depth=1
ATTR_RADIUS o=13 raw_norm=15524.146119445873 norm=6450.7051792593411 radius=6450.7051792593393 next_radius=6450.7051792593393 lambda=2.5000000000000012e-08 next_lambda=2.5000000000000012e-08 rho=0.47318208561469943 accept=1
CLASSICAL_LM o=13 lambda=2.5000000000000012e-08 tau=2.5000000000000012e-08 prediction=4871.5850080175223 rho=0.47318208561469943 accept=1
  MFCG it  14 cost=2.551283e+05 lam=2.500e-08 tau=0.00e+00 cg_it=0 shift=0 ckpt=1 alpha=0 acc mv=76
PCG_PREP o=14 rebuild=1 drift=0 previous_depth=1
ATTR_RADIUS o=14 raw_norm=16033.353703941781 norm=6450.7051792593384 radius=6450.7051792593393 next_radius=6450.7051792593393 lambda=2.5000000000000012e-08 next_lambda=2.5000000000000012e-08 rho=0.38284359132229223 accept=1
CLASSICAL_LM o=14 lambda=2.5000000000000012e-08 tau=2.5000000000000012e-08 prediction=3168.5592727797757 rho=0.38284359132229223 accept=1
  MFCG it  15 cost=2.539152e+05 lam=2.500e-08 tau=0.00e+00 cg_it=0 shift=0 ckpt=1 alpha=0 acc mv=78
PCG_PREP o=15 rebuild=1 drift=0 previous_depth=1
ATTR_RADIUS o=15 raw_norm=16481.031701508306 norm=6450.7051792593438 radius=6450.7051792593393 next_radius=6450.7051792593393 lambda=2.5000000000000012e-08 next_lambda=2.5000000000000012e-08 rho=0.2868095015217354 accept=1
CLASSICAL_LM o=15 lambda=2.5000000000000012e-08 tau=2.5000000000000012e-08 prediction=2478.4897579467024 rho=0.2868095015217354 accept=1
  MFCG it  16 cost=2.532043e+05 lam=2.500e-08 tau=0.00e+00 cg_it=0 shift=0 ckpt=1 alpha=0 acc mv=80
PCG_PREP o=16 rebuild=1 drift=0 previous_depth=1
ATTR_RADIUS o=16 raw_norm=16889.059221713727 norm=6450.705179259342 radius=6450.7051792593393 next_radius=1612.6762948148348 lambda=2.5000000000000012e-08 next_lambda=4.0000000000000019e-07 rho=0.18902510472657974 accept=1
CLASSICAL_LM o=16 lambda=2.5000000000000012e-08 tau=2.5000000000000012e-08 prediction=2160.1372721240809 rho=0.18902510472657974 accept=1
  MFCG it  17 cost=2.527960e+05 lam=4.000e-07 tau=0.00e+00 cg_it=0 shift=0 ckpt=1 alpha=0 acc mv=82
PCG_PREP o=17 rebuild=1 drift=0 previous_depth=1
ATTR_RADIUS o=17 raw_norm=14617.519358956379 norm=1612.6762948148353 radius=1612.6762948148348 next_radius=3225.3525896296696 lambda=4.0000000000000019e-07 next_lambda=1.0000000000000005e-07 rho=0.79756598296303116 accept=1
CLASSICAL_LM o=17 lambda=4.0000000000000019e-07 tau=4.0000000000000019e-07 prediction=764.30999478585522 rho=0.79756598296303116 accept=1
  MFCG it  18 cost=2.521864e+05 lam=1.000e-07 tau=0.00e+00 cg_it=0 shift=0 ckpt=1 alpha=0 acc mv=84
PCG_PREP o=18 rebuild=1 drift=0 previous_depth=1
ATTR_RADIUS o=18 raw_norm=16964.800321895425 norm=3225.3525896296687 radius=3225.3525896296696 next_radius=3225.3525896296696 lambda=1.0000000000000005e-07 next_lambda=1.0000000000000005e-07 rho=0.49400834898871726 accept=1
CLASSICAL_LM o=18 lambda=1.0000000000000005e-07 tau=1.0000000000000005e-07 prediction=941.95544956244919 rho=0.49400834898871726 accept=1
  MFCG it  19 cost=2.517211e+05 lam=1.000e-07 tau=0.00e+00 cg_it=0 shift=0 ckpt=1 alpha=0 acc mv=86
PCG_PREP o=19 rebuild=1 drift=0 previous_depth=1
ATTR_RADIUS o=19 raw_norm=17469.447510222846 norm=3225.3525896296701 radius=3225.3525896296696 next_radius=3225.3525896296696 lambda=1.0000000000000005e-07 next_lambda=1.0000000000000005e-07 rho=0.46605600076722598 accept=1
CLASSICAL_LM o=19 lambda=1.0000000000000005e-07 tau=1.0000000000000005e-07 prediction=812.56882261804708 rho=0.46605600076722598 accept=1
  MFCG it  20 cost=2.513424e+05 lam=1.000e-07 tau=0.00e+00 cg_it=0 shift=0 ckpt=1 alpha=0 acc mv=88
PCG_PREP o=20 rebuild=1 drift=0 previous_depth=1
ATTR_RADIUS o=20 raw_norm=17896.431884268735 norm=3225.3525896296701 radius=3225.3525896296696 next_radius=3225.3525896296696 lambda=1.0000000000000005e-07 next_lambda=1.0000000000000005e-07 rho=0.43516115525992072 accept=1
CLASSICAL_LM o=20 lambda=1.0000000000000005e-07 tau=1.0000000000000005e-07 prediction=711.49547632673546 rho=0.43516115525992072 accept=1
  MFCG it  21 cost=2.510328e+05 lam=1.000e-07 tau=0.00e+00 cg_it=0 shift=0 ckpt=1 alpha=0 acc mv=90
PCG_PREP o=21 rebuild=1 drift=0 previous_depth=1
ATTR_RADIUS o=21 raw_norm=18275.020708214117 norm=3225.352589629671 radius=3225.3525896296696 next_radius=3225.3525896296696 lambda=1.0000000000000005e-07 next_lambda=1.0000000000000005e-07 rho=0.40551104017353018 accept=1
CLASSICAL_LM o=21 lambda=1.0000000000000005e-07 tau=1.0000000000000005e-07 prediction=634.80160047373681 rho=0.40551104017353018 accept=1
  MFCG it  22 cost=2.507754e+05 lam=1.000e-07 tau=0.00e+00 cg_it=0 shift=0 ckpt=1 alpha=0 acc mv=92
PCG_PREP o=22 rebuild=1 drift=0 previous_depth=1
ATTR_RADIUS o=22 raw_norm=18608.474844724646 norm=3225.3525896296692 radius=3225.3525896296696 next_radius=3225.3525896296696 lambda=1.0000000000000005e-07 next_lambda=1.0000000000000005e-07 rho=0.37709302765489633 accept=1
CLASSICAL_LM o=22 lambda=1.0000000000000005e-07 tau=1.0000000000000005e-07 prediction=575.78600260544204 rho=0.37709302765489633 accept=1
  MFCG it  23 cost=2.505582e+05 lam=1.000e-07 tau=0.00e+00 cg_it=0 shift=0 ckpt=1 alpha=0 acc mv=94
PCG_PREP o=23 rebuild=1 drift=0 previous_depth=1
ATTR_RADIUS o=23 raw_norm=18900.324190431245 norm=3225.3525896296701 radius=3225.3525896296696 next_radius=3225.3525896296696 lambda=1.0000000000000005e-07 next_lambda=1.0000000000000005e-07 rho=0.34998714893850069 accept=1
CLASSICAL_LM o=23 lambda=1.0000000000000005e-07 tau=1.0000000000000005e-07 prediction=529.85027188642641 rho=0.34998714893850069 accept=1
  MFCG it  24 cost=2.503728e+05 lam=1.000e-07 tau=0.00e+00 cg_it=0 shift=0 ckpt=1 alpha=0 acc mv=96
PCG_PREP o=24 rebuild=1 drift=0 previous_depth=1
ATTR_RADIUS o=24 raw_norm=19155.827581292815 norm=3225.3525896296669 radius=3225.3525896296696 next_radius=3225.3525896296696 lambda=1.0000000000000005e-07 next_lambda=1.0000000000000005e-07 rho=0.32430099013740515 accept=1
CLASSICAL_LM o=24 lambda=1.0000000000000005e-07 tau=1.0000000000000005e-07 prediction=493.80330032553297 rho=0.32430099013740515 accept=1
  MFCG it  25 cost=2.502126e+05 lam=1.000e-07 tau=0.00e+00 cg_it=0 shift=0 ckpt=1 alpha=0 acc mv=98
PCG_PREP o=25 rebuild=1 drift=0 previous_depth=1
ATTR_RADIUS o=25 raw_norm=19378.913228121277 norm=3225.3525896296715 radius=3225.3525896296696 next_radius=3225.3525896296696 lambda=1.0000000000000005e-07 next_lambda=1.0000000000000005e-07 rho=0.30017338874621768 accept=1
CLASSICAL_LM o=25 lambda=1.0000000000000005e-07 tau=1.0000000000000005e-07 prediction=465.38015932623904 rho=0.30017338874621768 accept=1
  MFCG it  26 cost=2.500730e+05 lam=1.000e-07 tau=0.00e+00 cg_it=0 shift=0 ckpt=1 alpha=0 acc mv=100
PCG_PREP o=26 rebuild=1 drift=0 previous_depth=1
ATTR_RADIUS o=26 raw_norm=19565.424661681416 norm=3225.3525896296687 radius=3225.3525896296696 next_radius=3225.3525896296696 lambda=1.0000000000000005e-07 next_lambda=1.0000000000000005e-07 rho=0.27774737539333005 accept=1
CLASSICAL_LM o=26 lambda=1.0000000000000005e-07 tau=1.0000000000000005e-07 prediction=442.93956971289344 rho=0.27774737539333005 accept=1
  MFCG it  27 cost=2.499499e+05 lam=1.000e-07 tau=0.00e+00 cg_it=0 shift=0 ckpt=1 alpha=0 acc mv=102
PCG_PREP o=27 rebuild=1 drift=0 previous_depth=1
ATTR_RADIUS o=27 raw_norm=19693.8897487631 norm=3225.3525896296687 radius=3225.3525896296696 next_radius=3225.3525896296696 lambda=1.0000000000000005e-07 next_lambda=1.0000000000000005e-07 rho=0.2568879525501872 accept=1
CLASSICAL_LM o=27 lambda=1.0000000000000005e-07 tau=1.0000000000000005e-07 prediction=425.08481118562463 rho=0.2568879525501872 accept=1
  MFCG it  28 cost=2.498407e+05 lam=1.000e-07 tau=0.00e+00 cg_it=0 shift=0 ckpt=1 alpha=0 acc mv=104
PCG_PREP o=28 rebuild=1 drift=0 previous_depth=1
ATTR_RADIUS o=28 raw_norm=19802.563772472677 norm=3225.3525896296692 radius=3225.3525896296696 next_radius=806.33814740741741 lambda=1.0000000000000005e-07 next_lambda=1.6000000000000008e-06 rho=0.23753981342474464 accept=1
CLASSICAL_LM o=28 lambda=1.0000000000000005e-07 tau=1.0000000000000005e-07 prediction=410.84750635139494 rho=0.23753981342474464 accept=1
  MFCG it  29 cost=2.497431e+05 lam=1.600e-06 tau=0.00e+00 cg_it=0 shift=0 ckpt=1 alpha=0 acc mv=106
PCG_PREP o=29 rebuild=1 drift=0 previous_depth=1
ATTR_RADIUS o=29 raw_norm=4420.1643777894969 norm=806.33814740741752 radius=806.33814740741741 next_radius=1612.6762948148348 lambda=1.6000000000000008e-06 next_lambda=4.0000000000000019e-07 rho=0.92638600351408984 accept=1
CLASSICAL_LM o=29 lambda=1.6000000000000008e-06 tau=1.6000000000000008e-06 prediction=415.0156725377006 rho=0.92638600351408984 accept=1
  MFCG it  30 cost=2.493587e+05 lam=4.000e-07 tau=0.00e+00 cg_it=0 shift=0 ckpt=1 alpha=0 acc mv=108
PCG_PREP o=30 rebuild=1 drift=0 previous_depth=1
ATTR_RADIUS o=30 raw_norm=12507.789189600357 norm=1612.6762948148357 radius=1612.6762948148348 next_radius=1612.6762948148348 lambda=4.0000000000000019e-07 next_lambda=4.0000000000000019e-07 rho=0.69548235895168908 accept=1
CLASSICAL_LM o=30 lambda=4.0000000000000019e-07 tau=4.0000000000000019e-07 prediction=231.73647124089808 rho=0.69548235895168908 accept=1
  MFCG it  31 cost=2.491975e+05 lam=4.000e-07 tau=0.00e+00 cg_it=0 shift=0 ckpt=1 alpha=0 acc mv=110
PCG_PREP o=31 rebuild=1 drift=0 previous_depth=1
ATTR_RADIUS o=31 raw_norm=12683.057629611987 norm=1612.6762948148355 radius=1612.6762948148348 next_radius=1612.6762948148348 lambda=4.0000000000000019e-07 next_lambda=4.0000000000000019e-07 rho=0.68823907400797979 accept=1
CLASSICAL_LM o=31 lambda=4.0000000000000019e-07 tau=4.0000000000000019e-07 prediction=203.3437852442174 rho=0.68823907400797979 accept=1
  MFCG it  32 cost=2.490576e+05 lam=4.000e-07 tau=0.00e+00 cg_it=0 shift=0 ckpt=1 alpha=0 acc mv=112
PCG_PREP o=32 rebuild=1 drift=0 previous_depth=1
ATTR_RADIUS o=32 raw_norm=12867.137339963045 norm=1612.6762948148335 radius=1612.6762948148348 next_radius=1612.6762948148348 lambda=4.0000000000000019e-07 next_lambda=4.0000000000000019e-07 rho=0.6814239180533822 accept=1
CLASSICAL_LM o=32 lambda=4.0000000000000019e-07 tau=4.0000000000000019e-07 prediction=179.67846140433889 rho=0.6814239180533822 accept=1
  MFCG it  33 cost=2.489351e+05 lam=4.000e-07 tau=0.00e+00 cg_it=0 shift=0 ckpt=1 alpha=0 acc mv=114
PCG_PREP o=33 rebuild=1 drift=0 previous_depth=1
ATTR_RADIUS o=33 raw_norm=13049.790268530092 norm=1612.6762948148348 radius=1612.6762948148348 next_radius=1612.6762948148348 lambda=4.0000000000000019e-07 next_lambda=4.0000000000000019e-07 rho=0.67574642027640908 accept=1
CLASSICAL_LM o=33 lambda=4.0000000000000019e-07 tau=4.0000000000000019e-07 prediction=160.28991752278742 rho=0.67574642027640908 accept=1
  MFCG it  34 cost=2.488268e+05 lam=4.000e-07 tau=0.00e+00 cg_it=0 shift=0 ckpt=1 alpha=0 acc mv=116
PCG_PREP o=34 rebuild=1 drift=0 previous_depth=1
ATTR_RADIUS o=34 raw_norm=13224.819830970333 norm=1612.6762948148348 radius=1612.6762948148348 next_radius=1612.6762948148348 lambda=4.0000000000000019e-07 next_lambda=4.0000000000000019e-07 rho=0.67110911518633165 accept=1
CLASSICAL_LM o=34 lambda=4.0000000000000019e-07 tau=4.0000000000000019e-07 prediction=144.28878363377228 rho=0.67110911518633165 accept=1
  MFCG it  35 cost=2.487300e+05 lam=4.000e-07 tau=0.00e+00 cg_it=0 shift=0 ckpt=1 alpha=0 acc mv=118
PCG_PREP o=35 rebuild=1 drift=0 previous_depth=1
ATTR_RADIUS o=35 raw_norm=13387.057674289956 norm=1612.6762948148346 radius=1612.6762948148348 next_radius=1612.6762948148348 lambda=4.0000000000000019e-07 next_lambda=4.0000000000000019e-07 rho=0.66739619178631038 accept=1
CLASSICAL_LM o=35 lambda=4.0000000000000019e-07 tau=4.0000000000000019e-07 prediction=130.98549274236791 rho=0.66739619178631038 accept=1
  MFCG it  36 cost=2.486425e+05 lam=4.000e-07 tau=0.00e+00 cg_it=0 shift=0 ckpt=1 alpha=0 acc mv=120
PCG_PREP o=36 rebuild=1 drift=0 previous_depth=1
ATTR_RADIUS o=36 raw_norm=13531.956150056742 norm=1612.6762948148346 radius=1612.6762948148348 next_radius=1612.6762948148348 lambda=4.0000000000000019e-07 next_lambda=4.0000000000000019e-07 rho=0.66448190547402008 accept=1
CLASSICAL_LM o=36 lambda=4.0000000000000019e-07 tau=4.0000000000000019e-07 prediction=119.84418430790464 rho=0.66448190547402008 accept=1
  MFCG it  37 cost=2.485629e+05 lam=4.000e-07 tau=0.00e+00 cg_it=0 shift=0 ckpt=1 alpha=0 acc mv=122
PCG_PREP o=37 rebuild=1 drift=0 previous_depth=1
ATTR_RADIUS o=37 raw_norm=19535.370279394869 norm=1612.6762948148346 radius=1612.6762948148348 next_radius=3225.3525896296696 lambda=4.0000000000000019e-07 next_lambda=1.0000000000000005e-07 rho=0.79063339137161803 accept=1
CLASSICAL_LM o=37 lambda=4.0000000000000019e-07 tau=4.0000000000000019e-07 prediction=181.05196042042149 rho=0.79063339137161803 accept=1
  MFCG it  38 cost=2.484198e+05 lam=1.000e-07 tau=0.00e+00 cg_it=1 shift=0 ckpt=2 alpha=0 acc mv=125
PCG_PREP o=38 rebuild=1 drift=0 previous_depth=2
POINT_SAFE o=38 frozen=574 slope=-109.06690201052237 candidate=248475.25798907317 original=248405.39207281219 current=248419.7696652548 won=0 mode=1 camera_scale=1 keep_scale=0
ATTR_RADIUS o=38 raw_norm=71753.265467681078 norm=1612.6762948148344 radius=3225.3525896296696 next_radius=3225.3525896296696 lambda=1.0000000000000005e-07 next_lambda=1.0000000000000005e-08 rho=0.26681082685942248 accept=1
CLASSICAL_LM o=38 lambda=1.0000000000000005e-07 tau=1.0000000000000005e-07 prediction=53.886840394939078 rho=0.26681082685942248 accept=1
  MFCG it  39 cost=2.484054e+05 lam=1.000e-08 tau=0.00e+00 cg_it=1 shift=0 ckpt=2 alpha=0 acc mv=128
PCG_PREP o=39 rebuild=1 drift=0 previous_depth=2
POINT_SAFE o=39 frozen=113 slope=-56.693928384208128 candidate=248521.2216203869 original=248402.0262424995 current=248405.39207281219 won=0 mode=1 camera_scale=1 keep_scale=0
ATTR_RADIUS o=39 raw_norm=180015.59539116427 norm=806.33814740741741 radius=3225.3525896296696 next_radius=806.33814740741741 lambda=1.0000000000000005e-08 next_lambda=1.6000000000000008e-07 rho=0.2390621311214001 accept=1
CLASSICAL_LM o=39 lambda=1.0000000000000005e-08 tau=1.0000000000000005e-08 prediction=14.079311921541892 rho=0.2390621311214001 accept=1
  MFCG it  40 cost=2.484020e+05 lam=1.600e-07 tau=0.00e+00 cg_it=1 shift=0 ckpt=2 alpha=0 acc mv=131
PCG_PREP o=40 rebuild=1 drift=0 previous_depth=2
ATTR_RADIUS o=40 raw_norm=22512.544819102299 norm=806.33814740741752 radius=806.33814740741741 next_radius=806.33814740741741 lambda=1.6000000000000008e-07 next_lambda=1.6000000000000008e-07 rho=0.68706562267250026 accept=1
CLASSICAL_LM o=40 lambda=1.6000000000000008e-07 tau=1.6000000000000008e-07 prediction=35.550252125413493 rho=0.68706562267250026 accept=1
  MFCG it  41 cost=2.483776e+05 lam=1.600e-07 tau=0.00e+00 cg_it=0 shift=0 ckpt=1 alpha=0 acc mv=133
PCG_PREP o=41 rebuild=1 drift=0 previous_depth=1
ATTR_RADIUS o=41 raw_norm=22528.132149954308 norm=806.3381474074173 radius=806.33814740741741 next_radius=806.33814740741741 lambda=1.6000000000000008e-07 next_lambda=1.6000000000000008e-07 rho=0.6781957513206559 accept=1
CLASSICAL_LM o=41 lambda=1.6000000000000008e-07 tau=1.6000000000000008e-07 prediction=33.758649394683928 rho=0.6781957513206559 accept=1
  MFCG it  42 cost=2.483547e+05 lam=1.600e-07 tau=0.00e+00 cg_it=0 shift=0 ckpt=1 alpha=0 acc mv=135
PCG_PREP o=42 rebuild=1 drift=0 previous_depth=1
ATTR_RADIUS o=42 raw_norm=22529.58007125364 norm=806.3381474074173 radius=806.33814740741741 next_radius=806.33814740741741 lambda=1.6000000000000008e-07 next_lambda=1.6000000000000008e-07 rho=0.67736004588798904 accept=1
CLASSICAL_LM o=42 lambda=1.6000000000000008e-07 tau=1.6000000000000008e-07 prediction=32.853063076343766 rho=0.67736004588798904 accept=1
  MFCG it  43 cost=2.483325e+05 lam=1.600e-07 tau=0.00e+00 cg_it=0 shift=0 ckpt=1 alpha=0 acc mv=137
PCG_PREP o=43 rebuild=1 drift=0 previous_depth=1
ATTR_RADIUS o=43 raw_norm=22528.833564911147 norm=806.33814740741775 radius=806.33814740741741 next_radius=806.33814740741741 lambda=1.6000000000000008e-07 next_lambda=1.6000000000000008e-07 rho=0.67669564499648005 accept=1
CLASSICAL_LM o=43 lambda=1.6000000000000008e-07 tau=1.6000000000000008e-07 prediction=31.995502234988823 rho=0.67669564499648005 accept=1
  MFCG it  44 cost=2.483108e+05 lam=1.600e-07 tau=0.00e+00 cg_it=0 shift=0 ckpt=1 alpha=0 acc mv=139
PCG_PREP o=44 rebuild=1 drift=0 previous_depth=1
ATTR_RADIUS o=44 raw_norm=22525.216758756305 norm=806.3381474074173 radius=806.33814740741741 next_radius=806.33814740741741 lambda=1.6000000000000008e-07 next_lambda=1.6000000000000008e-07 rho=0.67619432001376234 accept=1
CLASSICAL_LM o=44 lambda=1.6000000000000008e-07 tau=1.6000000000000008e-07 prediction=31.182555358330276 rho=0.67619432001376234 accept=1
  MFCG it  45 cost=2.482897e+05 lam=1.600e-07 tau=0.00e+00 cg_it=0 shift=0 ckpt=1 alpha=0 acc mv=141
PCG_PREP o=45 rebuild=1 drift=0 previous_depth=1
ATTR_RADIUS o=45 raw_norm=22518.69936686755 norm=806.33814740741775 radius=806.33814740741741 next_radius=806.33814740741741 lambda=1.6000000000000008e-07 next_lambda=1.6000000000000008e-07 rho=0.67585151942619548 accept=1
CLASSICAL_LM o=45 lambda=1.6000000000000008e-07 tau=1.6000000000000008e-07 prediction=30.41180071080878 rho=0.67585151942619548 accept=1
  MFCG it  46 cost=2.482692e+05 lam=1.600e-07 tau=0.00e+00 cg_it=0 shift=0 ckpt=1 alpha=0 acc mv=143
PCG_PREP o=46 rebuild=1 drift=0 previous_depth=1
ATTR_RADIUS o=46 raw_norm=22509.412285616014 norm=806.33814740741741 radius=806.33814740741741 next_radius=806.33814740741741 lambda=1.6000000000000008e-07 next_lambda=1.6000000000000008e-07 rho=0.67566634757482391 accept=1
CLASSICAL_LM o=46 lambda=1.6000000000000008e-07 tau=1.6000000000000008e-07 prediction=29.680454723353382 rho=0.67566634757482391 accept=1
  MFCG it  47 cost=2.482491e+05 lam=1.600e-07 tau=0.00e+00 cg_it=0 shift=0 ckpt=1 alpha=0 acc mv=145
PCG_PREP o=47 rebuild=1 drift=0 previous_depth=1
ATTR_RADIUS o=47 raw_norm=22498.130586545845 norm=806.33814740741775 radius=806.33814740741741 next_radius=806.33814740741741 lambda=1.6000000000000008e-07 next_lambda=1.6000000000000008e-07 rho=0.67564733800000309 accept=1
CLASSICAL_LM o=47 lambda=1.6000000000000008e-07 tau=1.6000000000000008e-07 prediction=28.985573802539246 rho=0.67564733800000309 accept=1
  MFCG it  48 cost=2.482295e+05 lam=1.600e-07 tau=0.00e+00 cg_it=0 shift=0 ckpt=1 alpha=0 acc mv=147
PCG_PREP o=48 rebuild=1 drift=0 previous_depth=1
ATTR_RADIUS o=48 raw_norm=22484.608260465408 norm=806.33814740741707 radius=806.33814740741741 next_radius=806.33814740741741 lambda=1.6000000000000008e-07 next_lambda=1.6000000000000008e-07 rho=0.67578657454719193 accept=1
CLASSICAL_LM o=48 lambda=1.6000000000000008e-07 tau=1.6000000000000008e-07 prediction=28.325342747740152 rho=0.67578657454719193 accept=1
  MFCG it  49 cost=2.482104e+05 lam=1.600e-07 tau=0.00e+00 cg_it=0 shift=0 ckpt=1 alpha=0 acc mv=149
PCG_PREP o=49 rebuild=1 drift=0 previous_depth=1
ATTR_RADIUS o=49 raw_norm=36677.919931731689 norm=806.33814740741741 radius=806.33814740741741 next_radius=1612.6762948148348 lambda=1.6000000000000008e-07 next_lambda=4.0000000000000021e-08 rho=0.79826146908540196 accept=1
CLASSICAL_LM o=49 lambda=1.6000000000000008e-07 tau=1.6000000000000008e-07 prediction=44.306692643829955 rho=0.79826146908540196 accept=1
  MFCG it  50 cost=2.481750e+05 lam=4.000e-08 tau=0.00e+00 cg_it=1 shift=0 ckpt=2 alpha=0 acc mv=152
PCG_PREP o=50 rebuild=1 drift=0 previous_depth=2
POINT_SAFE o=50 frozen=547 slope=-30.671124821394688 candidate=248179.63083687687 original=248168.57425620631 current=248175.01369380052 won=0 mode=1 camera_scale=1 keep_scale=0
ATTR_RADIUS o=50 raw_norm=120147.66130922177 norm=806.3381474074173 radius=1612.6762948148348 next_radius=1612.6762948148348 lambda=4.0000000000000021e-08 next_lambda=4.0000000000000019e-09 rho=0.42122402274668325 accept=1
CLASSICAL_LM o=50 lambda=4.0000000000000021e-08 tau=4.0000000000000021e-08 prediction=15.287441471682405 rho=0.42122402274668325 accept=1
  MFCG it  51 cost=2.481686e+05 lam=4.000e-09 tau=0.00e+00 cg_it=1 shift=0 ckpt=2 alpha=0 acc mv=155
PCG_PREP o=51 rebuild=1 drift=0 previous_depth=2
POINT_SAFE o=51 frozen=114 slope=-18.426906438281506 candidate=248184.34147566283 original=248167.99051445027 current=248168.57425620631 won=0 mode=1 camera_scale=1 keep_scale=0
ATTR_RADIUS o=51 raw_norm=257265.8991410466 norm=1612.6762948148344 radius=1612.6762948148348 next_radius=403.1690737037087 lambda=4.0000000000000019e-09 next_lambda=6.400000000000003e-08 rho=0.063563909719227901 accept=0
CLASSICAL_LM o=51 lambda=4.0000000000000019e-09 tau=4.0000000000000019e-09 prediction=9.1835407642190923 rho=0.063563909719227901 accept=0
  MFCG it  52  retry 1/8  lam=6.400e-08 tau_eff=4.000e-09  (assembly reused)
PCG_PREP o=51 rebuild=1 drift=0 previous_depth=2
ATTR_RADIUS o=51 raw_norm=36921.259943965175 norm=403.16907370370859 radius=403.1690737037087 next_radius=403.1690737037087 lambda=6.400000000000003e-08 next_lambda=6.400000000000003e-08 rho=0.74423365116538054 accept=1
CLASSICAL_LM o=51 lambda=6.400000000000003e-08 tau=6.400000000000003e-08 prediction=9.1274152958246493 rho=0.74423365116538054 accept=1
  MFCG it  52 cost=2.481618e+05 lam=6.400e-08 tau=0.00e+00 cg_it=0 shift=0 ckpt=1 alpha=0 acc mv=160
PCG_PREP o=52 rebuild=1 drift=0 previous_depth=1
ATTR_RADIUS o=52 raw_norm=36989.525669352624 norm=403.16907370370859 radius=403.1690737037087 next_radius=403.1690737037087 lambda=6.400000000000003e-08 next_lambda=6.400000000000003e-08 rho=0.7428567192707265 accept=1
CLASSICAL_LM o=52 lambda=6.400000000000003e-08 tau=6.400000000000003e-08 prediction=8.9992471436862509 rho=0.7428567192707265 accept=1
  MFCG it  53 cost=2.481551e+05 lam=6.400e-08 tau=0.00e+00 cg_it=0 shift=0 ckpt=1 alpha=0 acc mv=162
PCG_PREP o=53 rebuild=1 drift=0 previous_depth=1
ATTR_RADIUS o=53 raw_norm=84414.317740522951 norm=403.16907370370865 radius=403.1690737037087 next_radius=806.33814740741741 lambda=6.400000000000003e-08 next_lambda=1.6000000000000008e-08 rho=0.78513475953445522 accept=1
CLASSICAL_LM o=53 lambda=6.400000000000003e-08 tau=6.400000000000003e-08 prediction=10.475784002172754 rho=0.78513475953445522 accept=1
  MFCG it  54 cost=2.481469e+05 lam=1.600e-08 tau=0.00e+00 cg_it=1 shift=0 ckpt=2 alpha=0 acc mv=165
PCG_PREP o=54 rebuild=1 drift=0 previous_depth=2
ATTR_RADIUS o=54 raw_norm=183627.62343135485 norm=806.3381474074173 radius=806.33814740741741 next_radius=806.33814740741741 lambda=1.6000000000000008e-08 next_lambda=1.6000000000000008e-08 rho=0.50068929257628747 accept=1
CLASSICAL_LM o=54 lambda=1.6000000000000008e-08 tau=1.6000000000000008e-08 prediction=18.357343423712724 rho=0.50068929257628747 accept=1
  MFCG it  55 cost=2.481377e+05 lam=1.600e-08 tau=0.00e+00 cg_it=1 shift=0 ckpt=2 alpha=0 acc mv=168
PCG_PREP o=55 rebuild=1 drift=0 previous_depth=2
ATTR_RADIUS o=55 raw_norm=180254.84225423314 norm=806.33814740741752 radius=806.33814740741741 next_radius=806.33814740741741 lambda=1.6000000000000008e-08 next_lambda=1.6000000000000008e-08 rho=0.59099087085096036 accept=1
CLASSICAL_LM o=55 lambda=1.6000000000000008e-08 tau=1.6000000000000008e-08 prediction=22.941005484707119 rho=0.59099087085096036 accept=1
  MFCG it  56 cost=2.481241e+05 lam=1.600e-08 tau=0.00e+00 cg_it=1 shift=0 ckpt=2 alpha=0 acc mv=171
PCG_PREP o=56 rebuild=1 drift=0 previous_depth=2
ATTR_RADIUS o=56 raw_norm=192371.01862859726 norm=806.33814740741752 radius=806.33814740741741 next_radius=806.33814740741741 lambda=1.6000000000000008e-08 next_lambda=1.6000000000000008e-08 rho=0.68834172263445725 accept=1
CLASSICAL_LM o=56 lambda=1.6000000000000008e-08 tau=1.6000000000000008e-08 prediction=37.815713419382263 rho=0.68834172263445725 accept=1
  MFCG it  57 cost=2.480981e+05 lam=1.600e-08 tau=0.00e+00 cg_it=1 shift=0 ckpt=2 alpha=0 acc mv=174
PCG_PREP o=57 rebuild=1 drift=0 previous_depth=2
ATTR_RADIUS o=57 raw_norm=222176.97219135091 norm=806.33814740741775 radius=806.33814740741741 next_radius=806.33814740741741 lambda=1.6000000000000008e-08 next_lambda=1.6000000000000008e-08 rho=0.54525052979499833 accept=1
CLASSICAL_LM o=57 lambda=1.6000000000000008e-08 tau=1.6000000000000008e-08 prediction=21.199216746150292 rho=0.54525052979499833 accept=1
  MFCG it  58 cost=2.480865e+05 lam=1.600e-08 tau=0.00e+00 cg_it=1 shift=0 ckpt=2 alpha=0 acc mv=177
PCG_PREP o=58 rebuild=1 drift=0 previous_depth=2
ATTR_RADIUS o=58 raw_norm=220741.89909932995 norm=806.33814740741752 radius=806.33814740741741 next_radius=806.33814740741741 lambda=1.6000000000000008e-08 next_lambda=1.6000000000000008e-08 rho=0.34712438514371696 accept=1
CLASSICAL_LM o=58 lambda=1.6000000000000008e-08 tau=1.6000000000000008e-08 prediction=14.820410637055554 rho=0.34712438514371696 accept=1
  MFCG it  59 cost=2.480814e+05 lam=1.600e-08 tau=0.00e+00 cg_it=1 shift=0 ckpt=2 alpha=0 acc mv=180
PCG_PREP o=59 rebuild=1 drift=0 previous_depth=2
ATTR_RADIUS o=59 raw_norm=220160.02023931991 norm=806.33814740741752 radius=806.33814740741741 next_radius=806.33814740741741 lambda=1.6000000000000008e-08 next_lambda=1.6000000000000008e-08 rho=0.32089583886722989 accept=1
CLASSICAL_LM o=59 lambda=1.6000000000000008e-08 tau=1.6000000000000008e-08 prediction=14.57545964682196 rho=0.32089583886722989 accept=1
  MFCG it  60 cost=2.480767e+05 lam=1.600e-08 tau=0.00e+00 cg_it=1 shift=0 ckpt=2 alpha=0 acc mv=183
PCG_PREP o=60 rebuild=1 drift=0 previous_depth=2
ATTR_RADIUS o=60 raw_norm=219714.27191387073 norm=806.33814740741764 radius=806.33814740741741 next_radius=806.33814740741741 lambda=1.6000000000000008e-08 next_lambda=1.6000000000000008e-08 rho=0.30445466311039215 accept=1
CLASSICAL_LM o=60 lambda=1.6000000000000008e-08 tau=1.6000000000000008e-08 prediction=14.532884464968145 rho=0.30445466311039215 accept=1
  MFCG it  61 cost=2.480723e+05 lam=1.600e-08 tau=0.00e+00 cg_it=1 shift=0 ckpt=2 alpha=0 acc mv=186
PCG_PREP o=61 rebuild=1 drift=0 previous_depth=2
ATTR_RADIUS o=61 raw_norm=219181.81418679556 norm=806.33814740741718 radius=806.33814740741741 next_radius=806.33814740741741 lambda=1.6000000000000008e-08 next_lambda=1.6000000000000008e-08 rho=0.28837274017074399 accept=1
CLASSICAL_LM o=61 lambda=1.6000000000000008e-08 tau=1.6000000000000008e-08 prediction=14.497050966909121 rho=0.28837274017074399 accept=1
  MFCG it  62 cost=2.480681e+05 lam=1.600e-08 tau=0.00e+00 cg_it=1 shift=0 ckpt=2 alpha=0 acc mv=189
PCG_PREP o=62 rebuild=1 drift=0 previous_depth=2
ATTR_RADIUS o=62 raw_norm=218524.00331959891 norm=806.33814740741718 radius=806.33814740741741 next_radius=806.33814740741741 lambda=1.6000000000000008e-08 next_lambda=1.6000000000000008e-08 rho=0.27259717101637226 accept=1
CLASSICAL_LM o=62 lambda=1.6000000000000008e-08 tau=1.6000000000000008e-08 prediction=14.467537033916022 rho=0.27259717101637226 accept=1
  MFCG it  63 cost=2.480642e+05 lam=1.600e-08 tau=0.00e+00 cg_it=1 shift=0 ckpt=2 alpha=0 acc mv=192
PCG_PREP o=63 rebuild=1 drift=0 previous_depth=2
ATTR_RADIUS o=63 raw_norm=217734.4054434498 norm=806.33814740741718 radius=806.33814740741741 next_radius=806.33814740741741 lambda=1.6000000000000008e-08 next_lambda=1.6000000000000008e-08 rho=0.25717891715173946 accept=1
CLASSICAL_LM o=63 lambda=1.6000000000000008e-08 tau=1.6000000000000008e-08 prediction=14.444914129300495 rho=0.25717891715173946 accept=1
  MFCG it  64 cost=2.480604e+05 lam=1.600e-08 tau=0.00e+00 cg_it=1 shift=0 ckpt=2 alpha=0 acc mv=195
PCG_PREP o=64 rebuild=1 drift=0 previous_depth=2
ATTR_RADIUS o=64 raw_norm=216808.25709832436 norm=806.33814740741752 radius=806.33814740741741 next_radius=201.58453685185435 lambda=1.6000000000000008e-08 next_lambda=2.5600000000000012e-07 rho=0.24216868453878382 accept=1
CLASSICAL_LM o=64 lambda=1.6000000000000008e-08 tau=1.6000000000000008e-08 prediction=14.429705144955596 rho=0.24216868453878382 accept=1
  MFCG it  65 cost=2.480570e+05 lam=2.560e-07 tau=0.00e+00 cg_it=1 shift=0 ckpt=2 alpha=0 acc mv=198
PCG_PREP o=65 rebuild=1 drift=0 previous_depth=2
ATTR_RADIUS o=65 raw_norm=12602.367525046691 norm=201.58453685185441 radius=201.58453685185435 next_radius=403.1690737037087 lambda=2.5600000000000012e-07 next_lambda=6.400000000000003e-08 rho=0.95147203704549865 accept=1
CLASSICAL_LM o=65 lambda=2.5600000000000012e-07 tau=2.5600000000000012e-07 prediction=17.068225081187833 rho=0.95147203704549865 accept=1
  MFCG it  66 cost=2.480407e+05 lam=6.400e-08 tau=0.00e+00 cg_it=0 shift=0 ckpt=1 alpha=0 acc mv=200
PCG_PREP o=66 rebuild=1 drift=0 previous_depth=1
ATTR_RADIUS o=66 raw_norm=34854.543508715993 norm=403.16907370370882 radius=403.1690737037087 next_radius=806.33814740741741 lambda=6.400000000000003e-08 next_lambda=1.6000000000000008e-08 rho=0.77388530558244184 accept=1
CLASSICAL_LM o=66 lambda=6.400000000000003e-08 tau=6.400000000000003e-08 prediction=12.746620042262451 rho=0.77388530558244184 accept=1
  MFCG it  67 cost=2.480308e+05 lam=1.600e-08 tau=0.00e+00 cg_it=0 shift=0 ckpt=1 alpha=0 acc mv=202
PCG_PREP o=67 rebuild=1 drift=0 previous_depth=1
ATTR_RADIUS o=67 raw_norm=215323.85117220267 norm=806.33814740741684 radius=806.33814740741741 next_radius=201.58453685185435 lambda=1.6000000000000008e-08 next_lambda=2.5600000000000012e-07 rho=0.24010006622130273 accept=1
CLASSICAL_LM o=67 lambda=1.6000000000000008e-08 tau=1.6000000000000008e-08 prediction=14.217848631906373 rho=0.24010006622130273 accept=1
  MFCG it  68 cost=2.480274e+05 lam=2.560e-07 tau=0.00e+00 cg_it=1 shift=0 ckpt=2 alpha=0 acc mv=205
PCG_PREP o=68 rebuild=1 drift=0 previous_depth=2
ATTR_RADIUS o=68 raw_norm=12230.19568510363 norm=201.58453685185438 radius=201.58453685185435 next_radius=403.1690737037087 lambda=2.5600000000000012e-07 next_lambda=6.400000000000003e-08 rho=0.95219996626478276 accept=1
CLASSICAL_LM o=68 lambda=2.5600000000000012e-07 tau=2.5600000000000012e-07 prediction=17.159985364297548 rho=0.95219996626478276 accept=1
  MFCG it  69 cost=2.480111e+05 lam=6.400e-08 tau=0.00e+00 cg_it=0 shift=0 ckpt=1 alpha=0 acc mv=207
PCG_PREP o=69 rebuild=1 drift=0 previous_depth=1
ATTR_RADIUS o=69 raw_norm=34478.644773815766 norm=403.16907370370876 radius=403.1690737037087 next_radius=806.33814740741741 lambda=6.400000000000003e-08 next_lambda=1.6000000000000008e-08 rho=0.77310013311053738 accept=1
CLASSICAL_LM o=69 lambda=6.400000000000003e-08 tau=6.400000000000003e-08 prediction=12.537740210395066 rho=0.77310013311053738 accept=1
  MFCG it  70 cost=2.480014e+05 lam=1.600e-08 tau=0.00e+00 cg_it=0 shift=0 ckpt=1 alpha=0 acc mv=209
PCG_PREP o=70 rebuild=1 drift=0 previous_depth=1
ATTR_RADIUS o=70 raw_norm=213422.76029243847 norm=806.33814740741764 radius=806.33814740741741 next_radius=201.58453685185435 lambda=1.6000000000000008e-08 next_lambda=2.5600000000000012e-07 rho=0.24017577758652772 accept=1
CLASSICAL_LM o=70 lambda=1.6000000000000008e-08 tau=1.6000000000000008e-08 prediction=14.039980087426052 rho=0.24017577758652772 accept=1
  MFCG it  71 cost=2.479980e+05 lam=2.560e-07 tau=0.00e+00 cg_it=1 shift=0 ckpt=2 alpha=0 acc mv=212
PCG_PREP o=71 rebuild=1 drift=0 previous_depth=2
ATTR_RADIUS o=71 raw_norm=11863.136620448267 norm=201.58453685185444 radius=201.58453685185435 next_radius=403.1690737037087 lambda=2.5600000000000012e-07 next_lambda=6.400000000000003e-08 rho=0.95288969072655938 accept=1
CLASSICAL_LM o=71 lambda=2.5600000000000012e-07 tau=2.5600000000000012e-07 prediction=17.232362825454224 rho=0.95288969072655938 accept=1
  MFCG it  72 cost=2.479816e+05 lam=6.400e-08 tau=0.00e+00 cg_it=0 shift=0 ckpt=1 alpha=0 acc mv=214
PCG_PREP o=72 rebuild=1 drift=0 previous_depth=1
ATTR_RADIUS o=72 raw_norm=34064.018889859966 norm=403.16907370370876 radius=403.1690737037087 next_radius=806.33814740741741 lambda=6.400000000000003e-08 next_lambda=1.6000000000000008e-08 rho=0.7723545345518058 accept=1
CLASSICAL_LM o=72 lambda=6.400000000000003e-08 tau=6.400000000000003e-08 prediction=12.328002855976191 rho=0.7723545345518058 accept=1
  MFCG it  73 cost=2.479721e+05 lam=1.600e-08 tau=0.00e+00 cg_it=0 shift=0 ckpt=1 alpha=0 acc mv=216
PCG_PREP o=73 rebuild=1 drift=0 previous_depth=1
ATTR_RADIUS o=73 raw_norm=211083.64255069374 norm=806.3381474074173 radius=806.33814740741741 next_radius=201.58453685185435 lambda=1.6000000000000008e-08 next_lambda=2.5600000000000012e-07 rho=0.24145969906436318 accept=1
CLASSICAL_LM o=73 lambda=1.6000000000000008e-08 tau=1.6000000000000008e-08 prediction=13.879373047868993 rho=0.24145969906436318 accept=1
  MFCG it  74 cost=2.479687e+05 lam=2.560e-07 tau=0.00e+00 cg_it=1 shift=0 ckpt=2 alpha=0 acc mv=219
PCG_PREP o=74 rebuild=1 drift=0 previous_depth=2
ATTR_RADIUS o=74 raw_norm=11502.504602923205 norm=201.58453685185438 radius=201.58453685185435 next_radius=403.1690737037087 lambda=2.5600000000000012e-07 next_lambda=6.400000000000003e-08 rho=0.95354283034786447 accept=1
CLASSICAL_LM o=74 lambda=2.5600000000000012e-07 tau=2.5600000000000012e-07 prediction=17.284436941784044 rho=0.95354283034786447 accept=1
  MFCG it  75 cost=2.479523e+05 lam=6.400e-08 tau=0.00e+00 cg_it=0 shift=0 ckpt=1 alpha=0 acc mv=221
PCG_PREP o=75 rebuild=1 drift=0 previous_depth=1
ATTR_RADIUS o=75 raw_norm=33616.136903790328 norm=403.16907370370865 radius=403.1690737037087 next_radius=806.33814740741741 lambda=6.400000000000003e-08 next_lambda=1.6000000000000008e-08 rho=0.77165695966187808 accept=1
CLASSICAL_LM o=75 lambda=6.400000000000003e-08 tau=6.400000000000003e-08 prediction=12.117690233800573 rho=0.77165695966187808 accept=1
  MFCG it  76 cost=2.479429e+05 lam=1.600e-08 tau=0.00e+00 cg_it=0 shift=0 ckpt=1 alpha=0 acc mv=223
PCG_PREP o=76 rebuild=1 drift=0 previous_depth=1
ATTR_RADIUS o=76 raw_norm=208260.03865887792 norm=806.3381474074173 radius=806.33814740741741 next_radius=201.58453685185435 lambda=1.6000000000000008e-08 next_lambda=2.5600000000000012e-07 rho=0.24421583179315798 accept=1
CLASSICAL_LM o=76 lambda=1.6000000000000008e-08 tau=1.6000000000000008e-08 prediction=13.739970702491888 rho=0.24421583179315798 accept=1
  MFCG it  77 cost=2.479395e+05 lam=2.560e-07 tau=0.00e+00 cg_it=1 shift=0 ckpt=2 alpha=0 acc mv=226
PCG_PREP o=77 rebuild=1 drift=0 previous_depth=2
ATTR_RADIUS o=77 raw_norm=11149.862215420122 norm=201.58453685185441 radius=201.58453685185435 next_radius=403.1690737037087 lambda=2.5600000000000012e-07 next_lambda=6.400000000000003e-08 rho=0.95416269584981039 accept=1
CLASSICAL_LM o=77 lambda=2.5600000000000012e-07 tau=2.5600000000000012e-07 prediction=17.316002503179913 rho=0.95416269584981039 accept=1
  MFCG it  78 cost=2.479230e+05 lam=6.400e-08 tau=0.00e+00 cg_it=0 shift=0 ckpt=1 alpha=0 acc mv=228
PCG_PREP o=78 rebuild=1 drift=0 previous_depth=1
ATTR_RADIUS o=78 raw_norm=33140.486007194355 norm=403.16907370370899 radius=403.1690737037087 next_radius=806.33814740741741 lambda=6.400000000000003e-08 next_lambda=1.6000000000000008e-08 rho=0.77101939715294499 accept=1
CLASSICAL_LM o=78 lambda=6.400000000000003e-08 tau=6.400000000000003e-08 prediction=11.907108068221639 rho=0.77101939715294499 accept=1
  MFCG it  79 cost=2.479138e+05 lam=1.600e-08 tau=0.00e+00 cg_it=0 shift=0 ckpt=1 alpha=0 acc mv=230
PCG_PREP o=79 rebuild=1 drift=0 previous_depth=1
ATTR_RADIUS o=79 raw_norm=204925.68523602627 norm=806.3381474074173 radius=806.33814740741741 next_radius=201.58453685185435 lambda=1.6000000000000008e-08 next_lambda=2.5600000000000012e-07 rho=0.24863052101053362 accept=1
CLASSICAL_LM o=79 lambda=1.6000000000000008e-08 tau=1.6000000000000008e-08 prediction=13.62442823313493 rho=0.24863052101053362 accept=1
  MFCG it  80 cost=2.479105e+05 lam=2.560e-07 tau=0.00e+00 cg_it=1 shift=0 ckpt=2 alpha=0 acc mv=233
PCG_PREP o=80 rebuild=1 drift=0 previous_depth=2
ATTR_RADIUS o=80 raw_norm=10806.604763245701 norm=201.58453685185449 radius=201.58453685185435 next_radius=403.1690737037087 lambda=2.5600000000000012e-07 next_lambda=6.400000000000003e-08 rho=0.95475307571101697 accept=1
CLASSICAL_LM o=80 lambda=2.5600000000000012e-07 tau=2.5600000000000012e-07 prediction=17.327124839338985 rho=0.95475307571101697 accept=1
  MFCG it  81 cost=2.478939e+05 lam=6.400e-08 tau=0.00e+00 cg_it=0 shift=0 ckpt=1 alpha=0 acc mv=235
PCG_PREP o=81 rebuild=1 drift=0 previous_depth=1
ATTR_RADIUS o=81 raw_norm=32642.844598673128 norm=403.16907370370865 radius=403.1690737037087 next_radius=806.33814740741741 lambda=6.400000000000003e-08 next_lambda=1.6000000000000008e-08 rho=0.77045482570091706 accept=1
CLASSICAL_LM o=81 lambda=6.400000000000003e-08 tau=6.400000000000003e-08 prediction=11.69659864193587 rho=0.77045482570091706 accept=1
  MFCG it  82 cost=2.478849e+05 lam=1.600e-08 tau=0.00e+00 cg_it=0 shift=0 ckpt=1 alpha=0 acc mv=237
PCG_PREP o=82 rebuild=1 drift=0 previous_depth=1
ATTR_RADIUS o=82 raw_norm=201037.88949903345 norm=806.33814740741752 radius=806.33814740741741 next_radius=806.33814740741741 lambda=1.6000000000000008e-08 next_lambda=1.6000000000000008e-08 rho=0.25501832823190734 accept=1
CLASSICAL_LM o=82 lambda=1.6000000000000008e-08 tau=1.6000000000000008e-08 prediction=13.538052362796643 rho=0.25501832823190734 accept=1
  MFCG it  83 cost=2.478815e+05 lam=1.600e-08 tau=0.00e+00 cg_it=1 shift=0 ckpt=2 alpha=0 acc mv=240
PCG_PREP o=83 rebuild=1 drift=0 previous_depth=2
ATTR_RADIUS o=83 raw_norm=66595.579443842347 norm=806.33814740741764 radius=806.33814740741741 next_radius=201.58453685185435 lambda=1.6000000000000008e-08 next_lambda=2.5600000000000012e-07 rho=0.16393713634614954 accept=1
CLASSICAL_LM o=83 lambda=1.6000000000000008e-08 tau=1.6000000000000008e-08 prediction=12.355118784691557 rho=0.16393713634614954 accept=1
  MFCG it  84 cost=2.478794e+05 lam=2.560e-07 tau=0.00e+00 cg_it=0 shift=0 ckpt=1 alpha=0 acc mv=242
PCG_PREP o=84 rebuild=1 drift=0 previous_depth=1
ATTR_RADIUS o=84 raw_norm=10188.639151368854 norm=201.58453685185444 radius=201.58453685185435 next_radius=403.1690737037087 lambda=2.5600000000000012e-07 next_lambda=6.400000000000003e-08 rho=0.95604138466832167 accept=1
CLASSICAL_LM o=84 lambda=2.5600000000000012e-07 tau=2.5600000000000012e-07 prediction=17.83910792484123 rho=0.95604138466832167 accept=1
  MFCG it  85 cost=2.478624e+05 lam=6.400e-08 tau=0.00e+00 cg_it=0 shift=0 ckpt=1 alpha=0 acc mv=244
PCG_PREP o=85 rebuild=1 drift=0 previous_depth=1
ATTR_RADIUS o=85 raw_norm=31520.864182955465 norm=403.16907370370876 radius=403.1690737037087 next_radius=806.33814740741741 lambda=6.400000000000003e-08 next_lambda=1.6000000000000008e-08 rho=0.7723743825003162 accept=1
CLASSICAL_LM o=85 lambda=6.400000000000003e-08 tau=6.400000000000003e-08 prediction=11.692972979419393 rho=0.7723743825003162 accept=1
  MFCG it  86 cost=2.478533e+05 lam=1.600e-08 tau=0.00e+00 cg_it=0 shift=0 ckpt=1 alpha=0 acc mv=246
PCG_PREP o=86 rebuild=1 drift=0 previous_depth=1
ATTR_RADIUS o=86 raw_norm=67455.980092959595 norm=806.33814740741718 radius=806.33814740741741 next_radius=201.58453685185435 lambda=1.6000000000000008e-08 next_lambda=2.5600000000000012e-07 rho=0.14600689994467816 accept=1
CLASSICAL_LM o=86 lambda=1.6000000000000008e-08 tau=1.6000000000000008e-08 prediction=11.727289752121521 rho=0.14600689994467816 accept=1
  MFCG it  87 cost=2.478516e+05 lam=2.560e-07 tau=0.00e+00 cg_it=0 shift=0 ckpt=1 alpha=0 acc mv=248
PCG_PREP o=87 rebuild=1 drift=0 previous_depth=1
ATTR_RADIUS o=87 raw_norm=9939.3038411156413 norm=201.5845368518543 radius=201.58453685185435 next_radius=403.1690737037087 lambda=2.5600000000000012e-07 next_lambda=6.400000000000003e-08 rho=0.95682955801838365 accept=1
CLASSICAL_LM o=87 lambda=2.5600000000000012e-07 tau=2.5600000000000012e-07 prediction=17.640081956793313 rho=0.95682955801838365 accept=1
  MFCG it  88 cost=2.478347e+05 lam=6.400e-08 tau=0.00e+00 cg_it=0 shift=0 ckpt=1 alpha=0 acc mv=250
PCG_PREP o=88 rebuild=1 drift=0 previous_depth=1
ATTR_RADIUS o=88 raw_norm=31193.854692356199 norm=403.16907370370865 radius=403.1690737037087 next_radius=806.33814740741741 lambda=6.400000000000003e-08 next_lambda=1.6000000000000008e-08 rho=0.77332906641062704 accept=1
CLASSICAL_LM o=88 lambda=6.400000000000003e-08 tau=6.400000000000003e-08 prediction=11.380013707361144 rho=0.77332906641062704 accept=1
  MFCG it  89 cost=2.478259e+05 lam=1.600e-08 tau=0.00e+00 cg_it=0 shift=0 ckpt=1 alpha=0 acc mv=252
PCG_PREP o=89 rebuild=1 drift=0 previous_depth=1
ATTR_RADIUS o=89 raw_norm=187521.37270806162 norm=806.33814740741695 radius=806.33814740741741 next_radius=806.33814740741741 lambda=1.6000000000000008e-08 next_lambda=1.6000000000000008e-08 rho=0.29466831766752788 accept=1
CLASSICAL_LM o=89 lambda=1.6000000000000008e-08 tau=1.6000000000000008e-08 prediction=13.744499728804653 rho=0.29466831766752788 accept=1
  MFCG it  90 cost=2.478219e+05 lam=1.600e-08 tau=0.00e+00 cg_it=1 shift=0 ckpt=2 alpha=0 acc mv=255
PCG_PREP o=90 rebuild=1 drift=0 previous_depth=2
ATTR_RADIUS o=90 raw_norm=67238.503099050897 norm=806.3381474074173 radius=806.33814740741741 next_radius=201.58453685185435 lambda=1.6000000000000008e-08 next_lambda=2.5600000000000012e-07 rho=0.12560577665334655 accept=1
CLASSICAL_LM o=90 lambda=1.6000000000000008e-08 tau=1.6000000000000008e-08 prediction=11.339662125761157 rho=0.12560577665334655 accept=1
  MFCG it  91 cost=2.478205e+05 lam=2.560e-07 tau=0.00e+00 cg_it=0 shift=0 ckpt=1 alpha=0 acc mv=257
PCG_PREP o=91 rebuild=1 drift=0 previous_depth=1
ATTR_RADIUS o=91 raw_norm=9369.140282788374 norm=201.58453685185438 radius=201.58453685185435 next_radius=403.1690737037087 lambda=2.5600000000000012e-07 next_lambda=6.400000000000003e-08 rho=0.95805890876412103 accept=1
CLASSICAL_LM o=91 lambda=2.5600000000000012e-07 tau=2.5600000000000012e-07 prediction=18.112589885678275 rho=0.95805890876412103 accept=1
  MFCG it  92 cost=2.478031e+05 lam=6.400e-08 tau=0.00e+00 cg_it=0 shift=0 ckpt=1 alpha=0 acc mv=259
PCG_PREP o=92 rebuild=1 drift=0 previous_depth=1
ATTR_RADIUS o=92 raw_norm=30037.301552992154 norm=403.16907370370859 radius=403.1690737037087 next_radius=806.33814740741741 lambda=6.400000000000003e-08 next_lambda=1.6000000000000008e-08 rho=0.77573785403783779 accept=1
CLASSICAL_LM o=92 lambda=6.400000000000003e-08 tau=6.400000000000003e-08 prediction=11.387930320789524 rho=0.77573785403783779 accept=1
  MFCG it  93 cost=2.477943e+05 lam=1.600e-08 tau=0.00e+00 cg_it=0 shift=0 ckpt=1 alpha=0 acc mv=261
PCG_PREP o=93 rebuild=1 drift=0 previous_depth=1
ATTR_RADIUS o=93 raw_norm=67959.117900133904 norm=806.3381474074173 radius=806.33814740741741 next_radius=201.58453685185435 lambda=1.6000000000000008e-08 next_lambda=2.5600000000000012e-07 rho=0.10895953025343662 accept=1
CLASSICAL_LM o=93 lambda=1.6000000000000008e-08 tau=1.6000000000000008e-08 prediction=10.766274219450915 rho=0.10895953025343662 accept=1
  MFCG it  94 cost=2.477931e+05 lam=2.560e-07 tau=0.00e+00 cg_it=0 shift=0 ckpt=1 alpha=0 acc mv=263
PCG_PREP o=94 rebuild=1 drift=0 previous_depth=1
ATTR_RADIUS o=94 raw_norm=9151.829252943402 norm=201.58453685185432 radius=201.58453685185435 next_radius=403.1690737037087 lambda=2.5600000000000012e-07 next_lambda=6.400000000000003e-08 rho=0.95880788799008498 accept=1
CLASSICAL_LM o=94 lambda=2.5600000000000012e-07 tau=2.5600000000000012e-07 prediction=17.860607995339091 rho=0.95880788799008498 accept=1
  MFCG it  95 cost=2.477760e+05 lam=6.400e-08 tau=0.00e+00 cg_it=0 shift=0 ckpt=1 alpha=0 acc mv=265
PCG_PREP o=95 rebuild=1 drift=0 previous_depth=1
ATTR_RADIUS o=95 raw_norm=29710.918153600225 norm=403.16907370370848 radius=403.1690737037087 next_radius=806.33814740741741 lambda=6.400000000000003e-08 next_lambda=1.6000000000000008e-08 rho=0.77705282772530071 accept=1
CLASSICAL_LM o=95 lambda=6.400000000000003e-08 tau=6.400000000000003e-08 prediction=11.076068518097353 rho=0.77705282772530071 accept=1
  MFCG it  96 cost=2.477674e+05 lam=1.600e-08 tau=0.00e+00 cg_it=0 shift=0 ckpt=1 alpha=0 acc mv=267
PCG_PREP o=96 rebuild=1 drift=0 previous_depth=1
ATTR_RADIUS o=96 raw_norm=170946.99476123406 norm=806.33814740741775 radius=806.33814740741741 next_radius=806.33814740741741 lambda=1.6000000000000008e-08 next_lambda=1.6000000000000008e-08 rho=0.34737921165688501 accept=1
CLASSICAL_LM o=96 lambda=1.6000000000000008e-08 tau=1.6000000000000008e-08 prediction=14.231183011445966 rho=0.34737921165688501 accept=1
  MFCG it  97 cost=2.477624e+05 lam=1.600e-08 tau=0.00e+00 cg_it=1 shift=0 ckpt=2 alpha=0 acc mv=270
PCG_PREP o=97 rebuild=1 drift=0 previous_depth=2
ATTR_RADIUS o=97 raw_norm=67438.121901307823 norm=0 radius=806.33814740741741 next_radius=201.58453685185435 lambda=1.6000000000000008e-08 next_lambda=2.5600000000000012e-07 rho=0.091106562346171344 accept=0
CLASSICAL_LM o=97 lambda=1.6000000000000008e-08 tau=1.6000000000000008e-08 prediction=10.434882284873144 rho=0.091106562346171344 accept=0
  MFCG it  98  retry 1/8  lam=2.560e-07 tau_eff=1.600e-08  (assembly reused)
PCG_PREP o=97 rebuild=1 drift=0 previous_depth=1
ATTR_RADIUS o=97 raw_norm=8890.994791213041 norm=201.58453685185435 radius=201.58453685185435 next_radius=403.1690737037087 lambda=2.5600000000000012e-07 next_lambda=6.400000000000003e-08 rho=0.95927179111308425 accept=1
CLASSICAL_LM o=97 lambda=2.5600000000000012e-07 tau=2.5600000000000012e-07 prediction=17.684928558731112 rho=0.95927179111308425 accept=1
  MFCG it  98 cost=2.477455e+05 lam=6.400e-08 tau=0.00e+00 cg_it=0 shift=0 ckpt=1 alpha=0 acc mv=274
PCG_PREP o=98 rebuild=1 drift=0 previous_depth=1
ATTR_RADIUS o=98 raw_norm=29214.967471719297 norm=403.16907370370865 radius=403.1690737037087 next_radius=806.33814740741741 lambda=6.400000000000003e-08 next_lambda=1.6000000000000008e-08 rho=0.77679470912835147 accept=1
CLASSICAL_LM o=98 lambda=6.400000000000003e-08 tau=6.400000000000003e-08 prediction=10.828550472047407 rho=0.77679470912835147 accept=1
  MFCG it  99 cost=2.477371e+05 lam=1.600e-08 tau=0.00e+00 cg_it=0 shift=0 ckpt=1 alpha=0 acc mv=276
PCG_PREP o=99 rebuild=1 drift=0 previous_depth=1
ATTR_RADIUS o=99 raw_norm=164126.05417787578 norm=806.33814740741718 radius=806.33814740741741 next_radius=806.33814740741741 lambda=1.6000000000000008e-08 next_lambda=1.6000000000000008e-08 rho=0.36658672461376807 accept=1
CLASSICAL_LM o=99 lambda=1.6000000000000008e-08 tau=1.6000000000000008e-08 prediction=14.366125538962855 rho=0.36658672461376807 accept=1
  MFCG it 100 cost=2.477318e+05 lam=1.600e-08 tau=0.00e+00 cg_it=1 shift=0 ckpt=2 alpha=0 acc mv=279
PCG_PREP o=100 rebuild=1 drift=0 previous_depth=2
ATTR_RADIUS o=100 raw_norm=67583.533264943268 norm=0 radius=806.33814740741741 next_radius=201.58453685185435 lambda=1.6000000000000008e-08 next_lambda=2.5600000000000012e-07 rho=0.071781574012289726 accept=0
CLASSICAL_LM o=100 lambda=1.6000000000000008e-08 tau=1.6000000000000008e-08 prediction=10.003774087598808 rho=0.071781574012289726 accept=0
  MFCG it 101  retry 1/8  lam=2.560e-07 tau_eff=1.600e-08  (assembly reused)
PCG_PREP o=100 rebuild=1 drift=0 previous_depth=1
ATTR_RADIUS o=100 raw_norm=8644.8237901992052 norm=201.5845368518543 radius=201.58453685185435 next_radius=403.1690737037087 lambda=2.5600000000000012e-07 next_lambda=6.400000000000003e-08 rho=0.95966225408604511 accept=1
CLASSICAL_LM o=100 lambda=2.5600000000000012e-07 tau=2.5600000000000012e-07 prediction=17.494853632093683 rho=0.95966225408604511 accept=1
  MFCG it 101 cost=2.477150e+05 lam=6.400e-08 tau=0.00e+00 cg_it=0 shift=0 ckpt=1 alpha=0 acc mv=283
PCG_PREP o=101 rebuild=1 drift=0 previous_depth=1
ATTR_RADIUS o=101 raw_norm=28722.951518657868 norm=403.16907370370882 radius=403.1690737037087 next_radius=806.33814740741741 lambda=6.400000000000003e-08 next_lambda=1.6000000000000008e-08 rho=0.77660147664635304 accept=1
CLASSICAL_LM o=101 lambda=6.400000000000003e-08 tau=6.400000000000003e-08 prediction=10.580668893199103 rho=0.77660147664635304 accept=1
  MFCG it 102 cost=2.477068e+05 lam=1.600e-08 tau=0.00e+00 cg_it=0 shift=0 ckpt=1 alpha=0 acc mv=285
PCG_PREP o=102 rebuild=1 drift=0 previous_depth=1
ATTR_RADIUS o=102 raw_norm=156904.76501646143 norm=806.33814740741764 radius=806.33814740741741 next_radius=806.33814740741741 lambda=1.6000000000000008e-08 next_lambda=1.6000000000000008e-08 rho=0.38782646897750478 accept=1
CLASSICAL_LM o=102 lambda=1.6000000000000008e-08 tau=1.6000000000000008e-08 prediction=14.553308209992535 rho=0.38782646897750478 accept=1
  MFCG it 103 cost=2.477011e+05 lam=1.600e-08 tau=0.00e+00 cg_it=1 shift=0 ckpt=2 alpha=0 acc mv=288
PCG_PREP o=103 rebuild=1 drift=0 previous_depth=2
ATTR_RADIUS o=103 raw_norm=67675.720770940097 norm=0 radius=806.33814740741741 next_radius=201.58453685185435 lambda=1.6000000000000008e-08 next_lambda=2.5600000000000012e-07 rho=0.052906530582231881 accept=0
CLASSICAL_LM o=103 lambda=1.6000000000000008e-08 tau=1.6000000000000008e-08 prediction=9.5916970369574326 rho=0.052906530582231881 accept=0
  MFCG it 104  retry 1/8  lam=2.560e-07 tau_eff=1.600e-08  (assembly reused)
PCG_PREP o=103 rebuild=1 drift=0 previous_depth=1
ATTR_RADIUS o=103 raw_norm=8410.3382262786017 norm=201.58453685185438 radius=201.58453685185435 next_radius=403.1690737037087 lambda=2.5600000000000012e-07 next_lambda=6.400000000000003e-08 rho=0.96003994535676362 accept=1
CLASSICAL_LM o=103 lambda=2.5600000000000012e-07 tau=2.5600000000000012e-07 prediction=17.284509322035266 rho=0.96003994535676362 accept=1
  MFCG it 104 cost=2.476846e+05 lam=6.400e-08 tau=0.00e+00 cg_it=0 shift=0 ckpt=1 alpha=0 acc mv=292
PCG_PREP o=104 rebuild=1 drift=0 previous_depth=1
ATTR_RADIUS o=104 raw_norm=28239.366569288824 norm=403.16907370370882 radius=403.1690737037087 next_radius=806.33814740741741 lambda=6.400000000000003e-08 next_lambda=1.6000000000000008e-08 rho=0.77648402829415486 accept=1
CLASSICAL_LM o=104 lambda=6.400000000000003e-08 tau=6.400000000000003e-08 prediction=10.332954261560765 rho=0.77648402829415486 accept=1
  MFCG it 105 cost=2.476765e+05 lam=1.600e-08 tau=0.00e+00 cg_it=0 shift=0 ckpt=1 alpha=0 acc mv=294
PCG_PREP o=105 rebuild=1 drift=0 previous_depth=1
ATTR_RADIUS o=105 raw_norm=149343.46911972525 norm=806.33814740741764 radius=806.33814740741741 next_radius=806.33814740741741 lambda=1.6000000000000008e-08 next_lambda=1.6000000000000008e-08 rho=0.41086608916480333 accept=1
CLASSICAL_LM o=105 lambda=1.6000000000000008e-08 tau=1.6000000000000008e-08 prediction=14.794338993665544 rho=0.41086608916480333 accept=1
  MFCG it 106 cost=2.476705e+05 lam=1.600e-08 tau=0.00e+00 cg_it=1 shift=0 ckpt=2 alpha=0 acc mv=297
PCG_PREP o=106 rebuild=1 drift=0 previous_depth=2
ATTR_RADIUS o=106 raw_norm=67718.058561266662 norm=0 radius=806.33814740741741 next_radius=201.58453685185435 lambda=1.6000000000000008e-08 next_lambda=2.5600000000000012e-07 rho=0.034533220891913893 accept=0
CLASSICAL_LM o=106 lambda=1.6000000000000008e-08 tau=1.6000000000000008e-08 prediction=9.1975381529387814 rho=0.034533220891913893 accept=0
  MFCG it 107  retry 1/8  lam=2.560e-07 tau_eff=1.600e-08  (assembly reused)
PCG_PREP o=106 rebuild=1 drift=0 previous_depth=1
ATTR_RADIUS o=106 raw_norm=8186.7385158224934 norm=201.58453685185438 radius=201.58453685185435 next_radius=403.1690737037087 lambda=2.5600000000000012e-07 next_lambda=6.400000000000003e-08 rho=0.96040556965419266 accept=1
CLASSICAL_LM o=106 lambda=2.5600000000000012e-07 tau=2.5600000000000012e-07 prediction=17.054026198940377 rho=0.96040556965419266 accept=1
  MFCG it 107 cost=2.476541e+05 lam=6.400e-08 tau=0.00e+00 cg_it=0 shift=0 ckpt=1 alpha=0 acc mv=301
PCG_PREP o=107 rebuild=1 drift=0 previous_depth=1
ATTR_RADIUS o=107 raw_norm=27765.542109393722 norm=403.16907370370848 radius=403.1690737037087 next_radius=806.33814740741741 lambda=6.400000000000003e-08 next_lambda=1.6000000000000008e-08 rho=0.7764364373719741 accept=1
CLASSICAL_LM o=107 lambda=6.400000000000003e-08 tau=6.400000000000003e-08 prediction=10.085010730358098 rho=0.7764364373719741 accept=1
  MFCG it 108 cost=2.476462e+05 lam=1.600e-08 tau=0.00e+00 cg_it=0 shift=0 ckpt=1 alpha=0 acc mv=303
PCG_PREP o=108 rebuild=1 drift=0 previous_depth=1
ATTR_RADIUS o=108 raw_norm=141475.24803437336 norm=806.3381474074173 radius=806.33814740741741 next_radius=806.33814740741741 lambda=1.6000000000000008e-08 next_lambda=1.6000000000000008e-08 rho=0.43552535638908335 accept=1
CLASSICAL_LM o=108 lambda=1.6000000000000008e-08 tau=1.6000000000000008e-08 prediction=15.093554322778115 rho=0.43552535638908335 accept=1
  MFCG it 109 cost=2.476397e+05 lam=1.600e-08 tau=0.00e+00 cg_it=1 shift=0 ckpt=2 alpha=0 acc mv=306
PCG_PREP o=109 rebuild=1 drift=0 previous_depth=2
ATTR_RADIUS o=109 raw_norm=67712.556954882006 norm=0 radius=806.33814740741741 next_radius=201.58453685185435 lambda=1.6000000000000008e-08 next_lambda=2.5600000000000012e-07 rho=0.016697328871728406 accept=0
CLASSICAL_LM o=109 lambda=1.6000000000000008e-08 tau=1.6000000000000008e-08 prediction=8.8201061500607736 rho=0.016697328871728406 accept=0
  MFCG it 110  retry 1/8  lam=2.560e-07 tau_eff=1.600e-08  (assembly reused)
PCG_PREP o=109 rebuild=1 drift=0 previous_depth=1
ATTR_RADIUS o=109 raw_norm=7972.1563592815619 norm=201.58453685185441 radius=201.58453685185435 next_radius=403.1690737037087 lambda=2.5600000000000012e-07 next_lambda=6.400000000000003e-08 rho=0.96075923997956258 accept=1
CLASSICAL_LM o=109 lambda=2.5600000000000012e-07 tau=2.5600000000000012e-07 prediction=16.803352784257758 rho=0.96075923997956258 accept=1
  MFCG it 110 cost=2.476235e+05 lam=6.400e-08 tau=0.00e+00 cg_it=0 shift=0 ckpt=1 alpha=0 acc mv=310
PCG_PREP o=110 rebuild=1 drift=0 previous_depth=1
ATTR_RADIUS o=110 raw_norm=22623.535051197738 norm=403.16907370370876 radius=403.1690737037087 next_radius=806.33814740741741 lambda=6.400000000000003e-08 next_lambda=1.6000000000000008e-08 rho=0.94821068504735873 accept=1
CLASSICAL_LM o=110 lambda=6.400000000000003e-08 tau=6.400000000000003e-08 prediction=42.010165482224522 rho=0.94821068504735873 accept=1
  MFCG it 111 cost=2.475837e+05 lam=1.600e-08 tau=0.00e+00 cg_it=1 shift=0 ckpt=2 alpha=0 acc mv=313
PCG_PREP o=111 rebuild=1 drift=0 previous_depth=2
POINT_SAFE o=111 frozen=1445 slope=-8.0858561259440833 candidate=247583.9317701133 original=247581.77129630605 current=247583.68887344599 won=0 mode=1 camera_scale=1 keep_scale=0
ATTR_RADIUS o=111 raw_norm=69121.728529477958 norm=403.16907370370853 radius=806.33814740741741 next_radius=806.33814740741741 lambda=1.6000000000000008e-08 next_lambda=1.6000000000000009e-09 rho=0.47626115483472947 accept=1
CLASSICAL_LM o=111 lambda=1.6000000000000008e-08 tau=1.6000000000000008e-08 prediction=4.0263143875577354 rho=0.47626115483472947 accept=1
  MFCG it 112 cost=2.475818e+05 lam=1.600e-09 tau=0.00e+00 cg_it=0 shift=0 ckpt=1 alpha=0 acc mv=315
PCG_PREP o=112 rebuild=1 drift=0 previous_depth=1
POINT_SAFE o=112 frozen=169 slope=-4.9935561976746357 candidate=247585.01460873647 original=247581.35970970601 current=247581.77129630605 won=0 mode=1 camera_scale=1 keep_scale=0
ATTR_RADIUS o=112 raw_norm=427469.06322898762 norm=403.16907370370859 radius=806.33814740741741 next_radius=201.58453685185435 lambda=1.6000000000000009e-09 next_lambda=2.5600000000000014e-08 rho=0.16505583840554061 accept=1
CLASSICAL_LM o=112 lambda=1.6000000000000009e-09 tau=1.6000000000000009e-09 prediction=2.4936203651542304 rho=0.16505583840554061 accept=1
  MFCG it 113 cost=2.475814e+05 lam=2.560e-08 tau=0.00e+00 cg_it=1 shift=0 ckpt=2 alpha=0 acc mv=318
PCG_PREP o=113 rebuild=1 drift=0 previous_depth=2
ATTR_RADIUS o=113 raw_norm=51781.517871937249 norm=201.58453685185438 radius=201.58453685185435 next_radius=403.1690737037087 lambda=2.5600000000000014e-08 next_lambda=6.4000000000000035e-09 rho=0.79158994360542123 accept=1
CLASSICAL_LM o=113 lambda=2.5600000000000014e-08 tau=2.5600000000000014e-08 prediction=2.5939622852392552 rho=0.79158994360542123 accept=1
  MFCG it 114 cost=2.475793e+05 lam=6.400e-09 tau=0.00e+00 cg_it=0 shift=0 ckpt=1 alpha=0 acc mv=320
PCG_PREP o=114 rebuild=1 drift=0 previous_depth=1
ATTR_RADIUS o=114 raw_norm=259091.65938546861 norm=403.16907370370865 radius=403.1690737037087 next_radius=403.1690737037087 lambda=6.4000000000000035e-09 next_lambda=6.4000000000000035e-09 rho=0.45656318505418009 accept=1
CLASSICAL_LM o=114 lambda=6.4000000000000035e-09 tau=6.4000000000000035e-09 prediction=3.8561463192790542 rho=0.45656318505418009 accept=1
  MFCG it 115 cost=2.475775e+05 lam=6.400e-09 tau=0.00e+00 cg_it=1 shift=0 ckpt=2 alpha=0 acc mv=323
PCG_PREP o=115 rebuild=1 drift=0 previous_depth=2
ATTR_RADIUS o=115 raw_norm=100822.55541597806 norm=403.16907370370888 radius=403.1690737037087 next_radius=403.1690737037087 lambda=6.4000000000000035e-09 next_lambda=6.4000000000000035e-09 rho=0.28022267145414448 accept=1
CLASSICAL_LM o=115 lambda=6.4000000000000035e-09 tau=6.4000000000000035e-09 prediction=2.9350594035793449 rho=0.28022267145414448 accept=1
  MFCG it 116 cost=2.475767e+05 lam=6.400e-09 tau=0.00e+00 cg_it=0 shift=0 ckpt=1 alpha=0 acc mv=325
PCG_PREP o=116 rebuild=1 drift=0 previous_depth=1
ATTR_RADIUS o=116 raw_norm=100522.75484075671 norm=403.16907370370853 radius=403.1690737037087 next_radius=403.1690737037087 lambda=6.4000000000000035e-09 next_lambda=6.4000000000000035e-09 rho=0.27913711400566499 accept=1
CLASSICAL_LM o=116 lambda=6.4000000000000035e-09 tau=6.4000000000000035e-09 prediction=2.9361334400636636 rho=0.27913711400566499 accept=1
  MFCG it 117 cost=2.475759e+05 lam=6.400e-09 tau=0.00e+00 cg_it=0 shift=0 ckpt=1 alpha=0 acc mv=327
PCG_PREP o=117 rebuild=1 drift=0 previous_depth=1
ATTR_RADIUS o=117 raw_norm=100205.78055927795 norm=403.16907370370888 radius=403.1690737037087 next_radius=403.1690737037087 lambda=6.4000000000000035e-09 next_lambda=6.4000000000000035e-09 rho=0.27810879298528363 accept=1
CLASSICAL_LM o=117 lambda=6.4000000000000035e-09 tau=6.4000000000000035e-09 prediction=2.9373196084055055 rho=0.27810879298528363 accept=1
  MFCG it 118 cost=2.475751e+05 lam=6.400e-09 tau=0.00e+00 cg_it=0 shift=0 ckpt=1 alpha=0 acc mv=329
PCG_PREP o=118 rebuild=1 drift=0 previous_depth=1
ATTR_RADIUS o=118 raw_norm=99872.367195224026 norm=403.16907370370882 radius=403.1690737037087 next_radius=403.1690737037087 lambda=6.4000000000000035e-09 next_lambda=6.4000000000000035e-09 rho=0.2772096360558462 accept=1
CLASSICAL_LM o=118 lambda=6.4000000000000035e-09 tau=6.4000000000000035e-09 prediction=2.9390011903329931 rho=0.2772096360558462 accept=1
  MFCG: converged (OCA_FTOL: 8 outers < 1.0e-05 rel)
  [menu-backtrack] confirming stop with original retry policy at outer 119
  MFCG it 119 cost=2.475743e+05 lam=6.400e-09 tau=0.00e+00 cg_it=0 shift=0 ckpt=1 alpha=0 acc mv=331
PCG_PREP o=119 rebuild=1 drift=0 previous_depth=1
ATTR_RADIUS o=119 raw_norm=99534.757221240798 norm=403.16907370370882 radius=403.1690737037087 next_radius=403.1690737037087 lambda=6.4000000000000035e-09 next_lambda=6.4000000000000035e-09 rho=0.27641232076905792 accept=1
CLASSICAL_LM o=119 lambda=6.4000000000000035e-09 tau=6.4000000000000035e-09 prediction=2.9410451823593853 rho=0.27641232076905792 accept=1
  MFCG it 120 cost=2.475735e+05 lam=6.400e-09 tau=0.00e+00 cg_it=0 shift=0 ckpt=1 alpha=0 acc mv=333
PCG_PREP o=120 rebuild=1 drift=0 previous_depth=1
ATTR_RADIUS o=120 raw_norm=99171.153271897492 norm=403.16907370370882 radius=403.1690737037087 next_radius=403.1690737037087 lambda=6.4000000000000035e-09 next_lambda=6.4000000000000035e-09 rho=0.27572057343759887 accept=1
CLASSICAL_LM o=120 lambda=6.4000000000000035e-09 tau=6.4000000000000035e-09 prediction=2.9434721955453553 rho=0.27572057343759887 accept=1
  MFCG it 121 cost=2.475726e+05 lam=6.400e-09 tau=0.00e+00 cg_it=0 shift=0 ckpt=1 alpha=0 acc mv=335
PCG_PREP o=121 rebuild=1 drift=0 previous_depth=1
ATTR_RADIUS o=121 raw_norm=98804.303701388082 norm=403.16907370370876 radius=403.1690737037087 next_radius=403.1690737037087 lambda=6.4000000000000035e-09 next_lambda=6.4000000000000035e-09 rho=0.27513325713551978 accept=1
CLASSICAL_LM o=121 lambda=6.4000000000000035e-09 tau=6.4000000000000035e-09 prediction=2.9462735314036061 rho=0.27513325713551978 accept=1
  MFCG it 122 cost=2.475718e+05 lam=6.400e-09 tau=0.00e+00 cg_it=0 shift=0 ckpt=1 alpha=0 acc mv=337
PCG_PREP o=122 rebuild=1 drift=0 previous_depth=1
ATTR_RADIUS o=122 raw_norm=98422.29492483777 norm=403.16907370370865 radius=403.1690737037087 next_radius=403.1690737037087 lambda=6.4000000000000035e-09 next_lambda=6.4000000000000035e-09 rho=0.27465024709792935 accept=1
CLASSICAL_LM o=122 lambda=6.4000000000000035e-09 tau=6.4000000000000035e-09 prediction=2.9494476740824038 rho=0.27465024709792935 accept=1
  MFCG it 123 cost=2.475710e+05 lam=6.400e-09 tau=0.00e+00 cg_it=0 shift=0 ckpt=1 alpha=0 acc mv=339
PCG_PREP o=123 rebuild=1 drift=0 previous_depth=1
ATTR_RADIUS o=123 raw_norm=98033.313227632039 norm=403.16907370370853 radius=403.1690737037087 next_radius=403.1690737037087 lambda=6.4000000000000035e-09 next_lambda=6.4000000000000035e-09 rho=0.27427048904910623 accept=1
CLASSICAL_LM o=123 lambda=6.4000000000000035e-09 tau=6.4000000000000035e-09 prediction=2.9529884518876552 rho=0.27427048904910623 accept=1
  MFCG it 124 cost=2.475702e+05 lam=6.400e-09 tau=0.00e+00 cg_it=0 shift=0 ckpt=1 alpha=0 acc mv=341
PCG_PREP o=124 rebuild=1 drift=0 previous_depth=1
ATTR_RADIUS o=124 raw_norm=97644.732685302472 norm=403.16907370370853 radius=403.1690737037087 next_radius=403.1690737037087 lambda=6.4000000000000035e-09 next_lambda=6.4000000000000035e-09 rho=0.27399430528933316 accept=1
CLASSICAL_LM o=124 lambda=6.4000000000000035e-09 tau=6.4000000000000035e-09 prediction=2.9568960146860017 rho=0.27399430528933316 accept=1
  MFCG it 125 cost=2.475694e+05 lam=6.400e-09 tau=0.00e+00 cg_it=0 shift=0 ckpt=1 alpha=0 acc mv=343
PCG_PREP o=125 rebuild=1 drift=0 previous_depth=1
ATTR_RADIUS o=125 raw_norm=97218.197311147189 norm=403.16907370370859 radius=403.1690737037087 next_radius=403.1690737037087 lambda=6.4000000000000035e-09 next_lambda=6.4000000000000035e-09 rho=0.27381871154818205 accept=1
CLASSICAL_LM o=125 lambda=6.4000000000000035e-09 tau=6.4000000000000035e-09 prediction=2.9611568979447633 rho=0.27381871154818205 accept=1
  MFCG it 126 cost=2.475686e+05 lam=6.400e-09 tau=0.00e+00 cg_it=0 shift=0 ckpt=1 alpha=0 acc mv=345
PCG_PREP o=126 rebuild=1 drift=0 previous_depth=1
ATTR_RADIUS o=126 raw_norm=96804.534264217611 norm=403.1690737037087 radius=403.1690737037087 next_radius=403.1690737037087 lambda=6.4000000000000035e-09 next_lambda=6.4000000000000035e-09 rho=0.27374447612844716 accept=1
CLASSICAL_LM o=126 lambda=6.4000000000000035e-09 tau=6.4000000000000035e-09 prediction=2.965773168229715 rho=0.27374447612844716 accept=1
  MFCG: converged (OCA_FTOL: 8 outers < 1.0e-05 rel)
  MFCG: accepts=127 rejects=7 total_matvecs=347 negcurv=0 cand_evals=134 mean_cg_per_outer=2.7
NUMERIC_REPAIR summary rebuilds=0 floor=9.9999999999999998e-17
  [retry-cache] builds=134 reuses=0
  [menu-backtrack] trials=14 rescues=14 evals=34 total_scored=168
POINT_SAFE summary calls=14 evals=14 wins=2 frozen=6810 seconds=0.033700698
  [scoring] menu_evals=134 alpha_evals=0 backtrack_evals=34 total_scored=168
RESULT algo=mfree_shifted_cg iters=127 final_cost=247567.7841371618 solve_seconds=1.305212
DIAGNOSTICS median_reproj_err_px 3.252455 -> 0.364243 | cheirality_violations(obs) 0 -> 13 | cheirality_violations(pts, of 64053) 0 -> 7
