  [menu-backtrack] active=1 max_evals=8 warmup_accepts=3 confirm_stop=original armijo=1e-4
MIXED_STORAGE fragments=fp32 arithmetic=fp64 state=fp64 acceptance=fp64
  [compact-fragments] active=2 saved_bytes=55578432 storage=fp32 camera_reads=contiguous
  MFCG score_init=4545737.692797157 precision=fp64
PCG_PREP o=0 rebuild=1 drift=0 previous_depth=0
E2_CAP o=0 retry=0 touched=0 ncam=394 raw=1971.9680974970465 capped=1971.9680974970445 radius=1971.9680974970461 median=56.430021699879561 global_scale=1
ATTR_RADIUS o=0 raw_norm=1971.9680974970461 norm=1971.9680974970461 radius=1971.9680974970461 next_radius=3943.9361949940921 lambda=0.10000000000000001 next_lambda=0.025000000000000001 rho=0.99613705806864361 accept=1
CLASSICAL_LM o=0 lambda=0.10000000000000001 tau=0.10000000000000001 prediction=3816059.042716729 rho=0.99613705806864361 accept=1
  MFCG it   1 cost=7.444199e+05 lam=2.500e-02 tau=0.00e+00 cg_it=2 shift=0 ckpt=3 alpha=0 acc mv=4
PCG_PREP o=1 rebuild=1 drift=0 previous_depth=3
E2_CAP o=1 retry=0 touched=0 ncam=394 raw=1275.3095117312005 capped=1275.3095117312021 radius=3943.9361949940921 median=43.536089164210289 global_scale=1
ATTR_RADIUS o=1 raw_norm=1275.3095117312005 norm=1275.3095117312005 radius=3943.9361949940921 next_radius=3943.9361949940921 lambda=0.025000000000000001 next_lambda=0.0025000000000000005 rho=0.99815948452366854 accept=1
CLASSICAL_LM o=1 lambda=0.025000000000000001 tau=0.025000000000000001 prediction=239882.53562211036 rho=0.99815948452366854 accept=1
  MFCG it   2 cost=5.049788e+05 lam=2.500e-03 tau=0.00e+00 cg_it=7 shift=0 ckpt=8 alpha=0 acc mv=13
PCG_PREP o=2 rebuild=1 drift=0 previous_depth=8
E2_CAP o=2 retry=0 touched=0 ncam=394 raw=1532.6778442275918 capped=1532.6778442275934 radius=3943.9361949940921 median=41.925682889054094 global_scale=1
ATTR_RADIUS o=2 raw_norm=1532.677844227592 norm=1532.677844227592 radius=3943.9361949940921 next_radius=3943.9361949940921 lambda=0.0025000000000000005 next_lambda=0.00025000000000000006 rho=0.99913733261644633 accept=1
CLASSICAL_LM o=2 lambda=0.0025000000000000005 tau=0.0025000000000000005 prediction=112562.8579409614 rho=0.99913733261644633 accept=1
  MFCG it   3 cost=3.925131e+05 lam=2.500e-04 tau=0.00e+00 cg_it=0 shift=0 ckpt=1 alpha=0 acc mv=15
PCG_PREP o=3 rebuild=1 drift=0 previous_depth=1
E2_CAP o=3 retry=0 touched=0 ncam=394 raw=2267.6377207622486 capped=2267.637720762249 radius=3943.9361949940921 median=43.518382840391624 global_scale=1
ATTR_RADIUS o=3 raw_norm=2267.637720762249 norm=2267.637720762249 radius=3943.9361949940921 next_radius=3943.9361949940921 lambda=0.00025000000000000006 next_lambda=2.5000000000000008e-05 rho=1.0237893585767559 accept=1
CLASSICAL_LM o=3 lambda=0.00025000000000000006 tau=0.00025000000000000006 prediction=48945.663415920892 rho=1.0237893585767559 accept=1
  MFCG it   4 cost=3.424030e+05 lam=2.500e-05 tau=0.00e+00 cg_it=1 shift=0 ckpt=2 alpha=0 acc mv=18
PCG_PREP o=4 rebuild=1 drift=0 previous_depth=2
E2_CAP o=4 retry=0 touched=0 ncam=394 raw=4737.6157042029026 capped=4737.6157042029081 radius=3943.9361949940921 median=89.947749657511309 global_scale=0.83247279670558449
ATTR_RADIUS o=4 raw_norm=4737.6157042029035 norm=3943.936194994089 radius=3943.9361949940921 next_radius=7887.8723899881843 lambda=2.5000000000000008e-05 next_lambda=6.250000000000002e-06 rho=0.88568727308733175 accept=1
CLASSICAL_LM o=4 lambda=2.5000000000000008e-05 tau=2.5000000000000008e-05 prediction=23705.977575591016 rho=0.88568727308733175 accept=1
  MFCG it   5 cost=3.214070e+05 lam=6.250e-06 tau=0.00e+00 cg_it=7 shift=0 ckpt=8 alpha=0 acc mv=27
PCG_PREP o=5 rebuild=1 drift=0 previous_depth=8
E2_CAP o=5 retry=0 touched=0 ncam=394 raw=4595.5663812700059 capped=4595.5663812700013 radius=7887.8723899881843 median=109.33457619675895 global_scale=1
ATTR_RADIUS o=5 raw_norm=4595.5663812700041 norm=4595.5663812700041 radius=7887.8723899881843 next_radius=7887.8723899881843 lambda=6.250000000000002e-06 next_lambda=6.2500000000000026e-07 rho=0.76432530557464007 accept=1
CLASSICAL_LM o=5 lambda=6.250000000000002e-06 tau=6.250000000000002e-06 prediction=10862.174735029057 rho=0.76432530557464007 accept=1
  MFCG it   6 cost=3.131047e+05 lam=6.250e-07 tau=0.00e+00 cg_it=10 shift=0 ckpt=11 alpha=0 acc mv=39
PCG_PREP o=6 rebuild=1 drift=0 previous_depth=11
E2_CAP o=6 retry=0 touched=2 ncam=394 raw=4901.1284455309842 capped=696.10288227577462 radius=7887.8723899881843 median=9.9224958164608292 global_scale=1
ATTR_RADIUS o=6 raw_norm=4901.1284455309824 norm=696.10288227577473 radius=7887.8723899881843 next_radius=7887.8723899881843 lambda=6.2500000000000026e-07 next_lambda=6.2500000000000024e-08 rho=0.88920409384473043 accept=1
CLASSICAL_LM o=6 lambda=6.2500000000000026e-07 tau=6.2500000000000026e-07 prediction=2430.9563869068761 rho=0.88920409384473043 accept=1
  MFCG it   7 cost=3.109431e+05 lam=6.250e-08 tau=0.00e+00 cg_it=3 shift=0 ckpt=4 alpha=0 acc mv=44
PCG_PREP o=7 rebuild=1 drift=0 previous_depth=4
E2_CAP o=7 retry=0 touched=1 ncam=394 raw=19966.265021383108 capped=5652.2628599690097 radius=7887.8723899881843 median=111.89735405662481 global_scale=1
POINT_SAFE o=7 frozen=1 slope=-4238.8355770286671 candidate=309382.79469837854 original=309804.61037326418 current=310943.09944821201 won=1 mode=1 camera_scale=1 keep_scale=0
ATTR_RADIUS o=7 raw_norm=19966.2650213831 norm=5652.2628599690061 radius=7887.8723899881843 next_radius=7887.8723899881843 lambda=6.2500000000000024e-08 next_lambda=6.250000000000003e-09 rho=0.87519004711138082 accept=1
CLASSICAL_LM o=7 lambda=6.2500000000000024e-08 tau=6.2500000000000024e-08 prediction=1782.8182061523221 rho=0.87519004711138082 accept=1
TARGET reached outer=8 seconds=0.160517468 cost=309382.79469837854 threshold=310921.97509117844
  MFCG: accepts=8 rejects=0 total_matvecs=66 negcurv=0 cand_evals=8 mean_cg_per_outer=8.2
NUMERIC_REPAIR summary rebuilds=0 floor=9.9999999999999998e-17
  [retry-cache] builds=8 reuses=0
  [menu-backtrack] trials=1 rescues=1 evals=2 total_scored=10
POINT_SAFE summary calls=1 evals=1 wins=1 frozen=1 seconds=0.003837141
  [scoring] menu_evals=8 alpha_evals=0 backtrack_evals=2 total_scored=10
RESULT algo=mfree_shifted_cg iters=8 final_cost=309382.7946983785 solve_seconds=0.164448
DIAGNOSTICS median_reproj_err_px 1.058298 -> 0.373375 | cheirality_violations(obs) 0 -> 2 | cheirality_violations(pts, of 100368) 0 -> 2
