  [menu-backtrack] active=1 max_evals=8 warmup_accepts=3 confirm_stop=original armijo=1e-4
MIXED_STORAGE fragments=fp32 arithmetic=fp64 state=fp64 acceptance=fp64
  [compact-fragments] active=2 saved_bytes=55578432 storage=fp32 camera_reads=contiguous
  MFCG score_init=4545737.692797157 precision=fp64
PCG_PREP o=0 rebuild=1 drift=0 previous_depth=0
ATTR_RADIUS o=0 raw_norm=1979.0057242013654 norm=1979.0057242013656 radius=1979.0057242013654 next_radius=3958.0114484027308 lambda=0.10000000000000001 next_lambda=0.025000000000000001 rho=0.9970426124763434 accept=1
CLASSICAL_LM o=0 lambda=0.10000000000000001 tau=0.10000000000000001 prediction=3707235.9066126435 rho=0.9970426124763434 accept=1
  MFCG it   1 cost=8.494655e+05 lam=2.500e-02 tau=0.00e+00 cg_it=0 shift=0 ckpt=1 alpha=0 acc mv=2
PCG_PREP o=1 rebuild=1 drift=0 previous_depth=1
ATTR_RADIUS o=1 raw_norm=1438.647557482708 norm=1438.647557482708 radius=3958.0114484027308 next_radius=3958.0114484027308 lambda=0.025000000000000001 next_lambda=0.0025000000000000005 rho=0.99862273335958751 accept=1
CLASSICAL_LM o=1 lambda=0.025000000000000001 tau=0.025000000000000001 prediction=337368.39715299674 rho=0.99862273335958751 accept=1
  MFCG it   2 cost=5.125618e+05 lam=2.500e-03 tau=0.00e+00 cg_it=4 shift=0 ckpt=5 alpha=0 acc mv=8
PCG_PREP o=2 rebuild=1 drift=0 previous_depth=5
ATTR_RADIUS o=2 raw_norm=1912.2219873035865 norm=1912.2219873035865 radius=3958.0114484027308 next_radius=3958.0114484027308 lambda=0.0025000000000000005 next_lambda=0.00025000000000000006 rho=0.9989475982735232 accept=1
CLASSICAL_LM o=2 lambda=0.0025000000000000005 tau=0.0025000000000000005 prediction=133739.54369674588 rho=0.9989475982735232 accept=1
  MFCG it   3 cost=3.789630e+05 lam=2.500e-04 tau=0.00e+00 cg_it=3 shift=0 ckpt=4 alpha=0 acc mv=13
PCG_PREP o=3 rebuild=1 drift=0 previous_depth=4
ATTR_RADIUS o=3 raw_norm=2001.1110086498779 norm=2001.1110086498779 radius=3958.0114484027308 next_radius=3958.0114484027308 lambda=0.00025000000000000006 next_lambda=2.5000000000000008e-05 rho=1.0313015118907025 accept=1
CLASSICAL_LM o=3 lambda=0.00025000000000000006 tau=0.00025000000000000006 prediction=35522.618036749722 rho=1.0313015118907025 accept=1
  MFCG it   4 cost=3.423284e+05 lam=2.500e-05 tau=0.00e+00 cg_it=0 shift=0 ckpt=1 alpha=0 acc mv=15
PCG_PREP o=4 rebuild=1 drift=0 previous_depth=1
ATTR_RADIUS o=4 raw_norm=4342.6059859991865 norm=3958.011448402729 radius=3958.0114484027308 next_radius=7916.0228968054616 lambda=2.5000000000000008e-05 next_lambda=6.250000000000002e-06 rho=0.90586876532759997 accept=1
CLASSICAL_LM o=4 lambda=2.5000000000000008e-05 tau=2.5000000000000008e-05 prediction=22975.347115750363 rho=0.90586876532759997 accept=1
  MFCG it   5 cost=3.215158e+05 lam=6.250e-06 tau=0.00e+00 cg_it=6 shift=0 ckpt=7 alpha=0 acc mv=23
PCG_PREP o=5 rebuild=1 drift=0 previous_depth=7
ATTR_RADIUS o=5 raw_norm=2303.3047116852008 norm=2303.3047116852008 radius=7916.0228968054616 next_radius=7916.0228968054616 lambda=6.250000000000002e-06 next_lambda=6.2500000000000026e-07 rho=0.77632130678475986 accept=1
CLASSICAL_LM o=5 lambda=6.250000000000002e-06 tau=6.250000000000002e-06 prediction=3800.6873772922663 rho=0.77632130678475986 accept=1
  MFCG it   6 cost=3.185652e+05 lam=6.250e-07 tau=0.00e+00 cg_it=0 shift=0 ckpt=1 alpha=0 acc mv=25
PCG_PREP o=6 rebuild=1 drift=0 previous_depth=1
ATTR_RADIUS o=6 raw_norm=7602.8749552473682 norm=7602.8749552473682 radius=7916.0228968054616 next_radius=15832.045793610923 lambda=6.2500000000000026e-07 next_lambda=1.5625000000000007e-07 rho=0.77642404419951894 accept=1
CLASSICAL_LM o=6 lambda=6.2500000000000026e-07 tau=6.2500000000000026e-07 prediction=7869.7869458376508 rho=0.77642404419951894 accept=1
  MFCG it   7 cost=3.124549e+05 lam=1.563e-07 tau=0.00e+00 cg_it=11 shift=0 ckpt=12 alpha=0 acc mv=38
PCG_PREP o=7 rebuild=1 drift=0 previous_depth=12
POINT_SAFE o=7 frozen=1 slope=-6025.8317716534784 candidate=309661.23544274952 original=310089.82993538579 current=312454.94710662245 won=1 mode=1 camera_scale=1 keep_scale=0
ATTR_RADIUS o=7 raw_norm=4239.2572060000412 norm=4239.2572060000412 radius=15832.045793610923 next_radius=15832.045793610923 lambda=1.5625000000000007e-07 next_lambda=1.5625000000000006e-08 rho=0.98916008590446469 accept=1
CLASSICAL_LM o=7 lambda=1.5625000000000007e-07 tau=1.5625000000000007e-07 prediction=2824.3271273106725 rho=0.98916008590446469 accept=1
  MFCG it   8 cost=3.096612e+05 lam=1.563e-08 tau=0.00e+00 cg_it=10 shift=0 ckpt=11 alpha=0 acc mv=50
PCG_PREP o=8 rebuild=1 drift=0 previous_depth=11
ATTR_RADIUS o=8 raw_norm=6947.0851068454449 norm=6947.0851068454449 radius=15832.045793610923 next_radius=15832.045793610923 lambda=1.5625000000000006e-08 next_lambda=1.5625000000000008e-09 rho=0.80081906628985622 accept=1
CLASSICAL_LM o=8 lambda=1.5625000000000006e-08 tau=1.5625000000000006e-08 prediction=3332.2697218491612 rho=0.80081906628985622 accept=1
  MFCG it   9 cost=3.069927e+05 lam=1.563e-09 tau=0.00e+00 cg_it=34 shift=0 ckpt=35 alpha=0 acc mv=86
PCG_PREP o=9 rebuild=1 drift=0 previous_depth=35
POINT_SAFE o=9 frozen=5 slope=-994.45911234715527 candidate=306505.40788754466 original=306585.36274220177 current=306992.69031547231 won=1 mode=1 camera_scale=1 keep_scale=0
ATTR_RADIUS o=9 raw_norm=89.883651522833574 norm=89.883651522833574 radius=15832.045793610923 next_radius=15832.045793610923 lambda=1.5625000000000008e-09 next_lambda=1.5625000000000008e-10 rho=0.99196315647448119 accept=1
CLASSICAL_LM o=9 lambda=1.5625000000000008e-09 tau=1.5625000000000008e-09 prediction=491.23036954265086 rho=0.99196315647448119 accept=1
  MFCG it  10 cost=3.065054e+05 lam=1.563e-10 tau=0.00e+00 cg_it=0 shift=0 ckpt=1 alpha=0 acc mv=88
PCG_PREP o=10 rebuild=1 drift=0 previous_depth=1
ATTR_RADIUS o=10 raw_norm=2852.8791933837606 norm=2852.8791933837606 radius=15832.045793610923 next_radius=15832.045793610923 lambda=1.5625000000000008e-10 next_lambda=1.5625000000000007e-11 rho=0.56239580282005985 accept=1
CLASSICAL_LM o=10 lambda=1.5625000000000008e-10 tau=1.5625000000000008e-10 prediction=1001.7345240009104 rho=0.56239580282005985 accept=1
TARGET reached outer=11 seconds=0.254295809 cost=305942.0365957066 threshold=306349.5931045434
  MFCG: accepts=11 rejects=0 total_matvecs=135 negcurv=0 cand_evals=11 mean_cg_per_outer=12.3
NUMERIC_REPAIR summary rebuilds=0 floor=9.9999999999999998e-17
  [retry-cache] builds=11 reuses=0
  [menu-backtrack] trials=2 rescues=2 evals=5 total_scored=16
POINT_SAFE summary calls=2 evals=2 wins=2 frozen=6 seconds=0.007631065
  [scoring] menu_evals=11 alpha_evals=0 backtrack_evals=5 total_scored=16
RESULT algo=mfree_shifted_cg iters=11 final_cost=305942.0365957066 solve_seconds=0.258045
DIAGNOSTICS median_reproj_err_px 1.058298 -> 0.367227 | cheirality_violations(obs) 0 -> 4 | cheirality_violations(pts, of 100368) 0 -> 3
