NORMALIZE enabled=0 center=0,0,0 scale=1 initial=90993342.023143455 transformed_initial=90993342.023143455 relerr=0
SETUP_OPTIONS normalize=0 strict=0 eta=0.10000000000000001 gradient_tolerance=1e-10 function_tolerance=9.9999999999999995e-07 parameter_tolerance=1e-08
LIVE iter=0 cost=90993342.023143172 seconds=1.403877258 accepted=1 cg=0
LIVE iter=1 cost=10522625.840152716 seconds=2.362229109 accepted=1 cg=2
LIVE iter=2 cost=3726901.1405642428 seconds=3.466831207 accepted=1 cg=9
LIVE iter=3 cost=6386859144.8431387 seconds=4.892126083 accepted=0 cg=22
LIVE iter=4 cost=4202404.5443552081 seconds=6.244526148 accepted=0 cg=21
LIVE iter=5 cost=2183295.4615259366 seconds=7.491702080 accepted=1 cg=13
LIVE iter=6 cost=521797689.7056396 seconds=8.547399282 accepted=0 cg=14
LIVE iter=7 cost=95435230.650034368 seconds=9.519444227 accepted=0 cg=13
LIVE iter=8 cost=21403520.983525336 seconds=10.124285221 accepted=0 cg=4
LIVE iter=9 cost=7103734.2768319482 seconds=10.681115150 accepted=0 cg=3
INITIAL score=90993342.023143455 setup_seconds=1.289294720
RESULT exit=0 iters=10 final_score=2183295.4615259366 runtime=11.473650379
TRACE iter=0 cost=90993342.023143172 seconds=1.403877258 accepted=1 cg=0
TRACE iter=1 cost=10522625.840152716 seconds=2.362229109 accepted=1 cg=2
TRACE iter=2 cost=3726901.1405642428 seconds=3.466831207 accepted=1 cg=9
TRACE iter=3 cost=6386859144.8431387 seconds=4.892126083 accepted=0 cg=22
TRACE iter=4 cost=4202404.5443552081 seconds=6.244526148 accepted=0 cg=21
TRACE iter=5 cost=2183295.4615259366 seconds=7.491702080 accepted=1 cg=13
TRACE iter=6 cost=521797689.7056396 seconds=8.547399282 accepted=0 cg=14
TRACE iter=7 cost=95435230.650034368 seconds=9.519444227 accepted=0 cg=13
TRACE iter=8 cost=21403520.983525336 seconds=10.124285221 accepted=0 cg=4
TRACE iter=9 cost=7103734.2768319482 seconds=10.681115150 accepted=0 cg=3
CHECK final_score=2183295.4615259282
CERES 
Solver Summary (v 2.2.0-eigen-(3.4.0)-lapack-suitesparse-(7.6.1)-eigensparse)

                                     Original                  Reduced
Parameter blocks                       313922                   313922
Parameters                             957106                   957106
Residual blocks                       1653812                  1653812
Residuals                             3307624                  3307624

Minimizer                        TRUST_REGION
Trust region strategy     LEVENBERG_MARQUARDT
                                        Given                     Used
Linear solver                 ITERATIVE_SCHUR          ITERATIVE_SCHUR
Preconditioner                   SCHUR_JACOBI             SCHUR_JACOBI
Threads                                     8                        8
Linear solver ordering            310854,3068              310854,3068
Schur structure                         2,3,8                    2,3,d

Cost:
Initial                          9.099334e+07
Final                            2.183295e+06
Change                           8.881005e+07

Minimizer iterations                       10
Successful steps                            4
Unsuccessful steps                          6

Time (in seconds):
Preprocessor                         1.051096

  Residual only evaluation           0.665575 (10)
  Jacobian & residual evaluation     0.915753 (4)
  Linear solver                      7.630386 (10)
Minimizer                           10.166393

Postprocessor                        0.110989
Total                               11.328480

Termination:                      CONVERGENCE (Parameter tolerance reached. Relative step_norm: 7.222421e-09 <= 1.000000e-08.)

