  [menu-backtrack] active=1 max_evals=8 warmup_accepts=3 confirm_stop=original armijo=1e-4
MIXED_STORAGE fragments=fp32 arithmetic=fp64 state=fp64 acceptance=fp64
  [compact-fragments] active=2 saved_bytes=55578432 storage=fp32 camera_reads=contiguous
  MFCG score_init=4545737.692797157 precision=fp64
PCG_PREP o=0 rebuild=1 drift=0 previous_depth=0
W4_ACCEPT o=0 current=4545737.692797157 reference=4545737.692797157 candidate=849465.51940198184 prediction=3707235.9066126426 current_rho=0.99704261247634351 test_rho=0.99704261247634351 original_accept=1 pre_radius_accept=1
ATTR_RADIUS o=0 raw_norm=1979.0057242013659 norm=1979.0057242013659 radius=1979.0057242013659 next_radius=3958.0114484027317 lambda=0.10000000000000001 next_lambda=0.025000000000000001 rho=0.99704261247634351 accept=1
CLASSICAL_LM o=0 lambda=0.10000000000000001 tau=0.10000000000000001 prediction=3707235.9066126426 rho=0.99704261247634351 accept=1
  MFCG it   1 cost=8.494655e+05 lam=2.500e-02 tau=0.00e+00 cg_it=0 shift=0 ckpt=1 alpha=0 acc mv=2
PCG_PREP o=1 rebuild=1 drift=0 previous_depth=1
W4_ACCEPT o=1 current=849465.51940198184 reference=849465.51940198184 candidate=512561.76848791266 prediction=337368.39715299598 current_rho=0.99862273335959184 test_rho=0.99862273335959184 original_accept=1 pre_radius_accept=1
ATTR_RADIUS o=1 raw_norm=1438.6475574827093 norm=1438.6475574827093 radius=3958.0114484027317 next_radius=3958.0114484027317 lambda=0.025000000000000001 next_lambda=0.0025000000000000005 rho=0.99862273335959184 accept=1
CLASSICAL_LM o=1 lambda=0.025000000000000001 tau=0.025000000000000001 prediction=337368.39715299598 rho=0.99862273335959184 accept=1
  MFCG it   2 cost=5.125618e+05 lam=2.500e-03 tau=0.00e+00 cg_it=4 shift=0 ckpt=5 alpha=0 acc mv=8
PCG_PREP o=2 rebuild=1 drift=0 previous_depth=5
W4_ACCEPT o=2 current=512561.76848791266 reference=512561.76848791266 candidate=378962.9725178525 prediction=133739.54369674524 current_rho=0.9989475982735202 test_rho=0.9989475982735202 original_accept=1 pre_radius_accept=1
ATTR_RADIUS o=2 raw_norm=1912.2219873035235 norm=1912.2219873035235 radius=3958.0114484027317 next_radius=3958.0114484027317 lambda=0.0025000000000000005 next_lambda=0.00025000000000000006 rho=0.9989475982735202 accept=1
CLASSICAL_LM o=2 lambda=0.0025000000000000005 tau=0.0025000000000000005 prediction=133739.54369674524 rho=0.9989475982735202 accept=1
  MFCG it   3 cost=3.789630e+05 lam=2.500e-04 tau=0.00e+00 cg_it=3 shift=0 ckpt=4 alpha=0 acc mv=13
PCG_PREP o=3 rebuild=1 drift=0 previous_depth=4
W4_ACCEPT o=3 current=378962.9725178525 reference=378962.9725178525 candidate=342328.44283023599 prediction=35522.618036749715 current_rho=1.0313015118907192 test_rho=1.0313015118907192 original_accept=1 pre_radius_accept=1
ATTR_RADIUS o=3 raw_norm=2001.1110086485935 norm=2001.1110086485935 radius=3958.0114484027317 next_radius=3958.0114484027317 lambda=0.00025000000000000006 next_lambda=2.5000000000000008e-05 rho=1.0313015118907192 accept=1
CLASSICAL_LM o=3 lambda=0.00025000000000000006 tau=0.00025000000000000006 prediction=35522.618036749715 rho=1.0313015118907192 accept=1
  MFCG it   4 cost=3.423284e+05 lam=2.500e-05 tau=0.00e+00 cg_it=0 shift=0 ckpt=1 alpha=0 acc mv=15
PCG_PREP o=4 rebuild=1 drift=0 previous_depth=1
W4_ACCEPT o=4 current=342328.44283023599 reference=342328.44283023599 candidate=321515.79350553639 prediction=22975.347115754634 current_rho=0.90586876532663851 test_rho=0.90586876532663851 original_accept=1 pre_radius_accept=1
ATTR_RADIUS o=4 raw_norm=4342.6059859954439 norm=3958.0114484027304 radius=3958.0114484027317 next_radius=7916.0228968054635 lambda=2.5000000000000008e-05 next_lambda=6.250000000000002e-06 rho=0.90586876532663851 accept=1
CLASSICAL_LM o=4 lambda=2.5000000000000008e-05 tau=2.5000000000000008e-05 prediction=22975.347115754634 rho=0.90586876532663851 accept=1
  MFCG it   5 cost=3.215158e+05 lam=6.250e-06 tau=0.00e+00 cg_it=6 shift=0 ckpt=7 alpha=0 acc mv=23
PCG_PREP o=5 rebuild=1 drift=0 previous_depth=7
W4_ACCEPT o=5 current=321515.79350553639 reference=321515.79350553639 candidate=318565.23891408578 prediction=3800.6873773164516 current_rho=0.77632130678790612 test_rho=0.77632130678790612 original_accept=1 pre_radius_accept=1
ATTR_RADIUS o=5 raw_norm=2303.3047116458683 norm=2303.3047116458683 radius=7916.0228968054635 next_radius=7916.0228968054635 lambda=6.250000000000002e-06 next_lambda=6.2500000000000026e-07 rho=0.77632130678790612 accept=1
CLASSICAL_LM o=5 lambda=6.250000000000002e-06 tau=6.250000000000002e-06 prediction=3800.6873773164516 rho=0.77632130678790612 accept=1
  MFCG it   6 cost=3.185652e+05 lam=6.250e-07 tau=0.00e+00 cg_it=0 shift=0 ckpt=1 alpha=0 acc mv=25
PCG_PREP o=6 rebuild=1 drift=0 previous_depth=1
W4_ACCEPT o=6 current=318565.23891408578 reference=318565.23891408578 candidate=312454.9471068923 prediction=7869.7869456552235 current_rho=0.77642404418163735 test_rho=0.77642404418163735 original_accept=1 pre_radius_accept=1
ATTR_RADIUS o=6 raw_norm=7602.8749288421832 norm=7602.8749288421832 radius=7916.0228968054635 next_radius=15832.045793610927 lambda=6.2500000000000026e-07 next_lambda=1.5625000000000007e-07 rho=0.77642404418163735 accept=1
CLASSICAL_LM o=6 lambda=6.2500000000000026e-07 tau=6.2500000000000026e-07 prediction=7869.7869456552235 rho=0.77642404418163735 accept=1
  MFCG it   7 cost=3.124549e+05 lam=1.563e-07 tau=0.00e+00 cg_it=11 shift=0 ckpt=12 alpha=0 acc mv=38
PCG_PREP o=7 rebuild=1 drift=0 previous_depth=12
POINT_SAFE o=7 frozen=1 slope=-6024.4049056202766 candidate=309661.79755997926 original=310090.39242041227 current=312454.9471068923 won=1 mode=1 camera_scale=1 keep_scale=0
W4_ACCEPT o=7 current=312454.9471068923 reference=312454.9471068923 candidate=309661.79755997926 prediction=2823.806720683333 current_rho=0.98914331722998794 test_rho=0.98914331722998794 original_accept=1 pre_radius_accept=1
ATTR_RADIUS o=7 raw_norm=4207.0382284364905 norm=4207.0382284364905 radius=15832.045793610927 next_radius=15832.045793610927 lambda=1.5625000000000007e-07 next_lambda=1.5625000000000006e-08 rho=0.98914331722998794 accept=1
CLASSICAL_LM o=7 lambda=1.5625000000000007e-07 tau=1.5625000000000007e-07 prediction=2823.806720683333 rho=0.98914331722998794 accept=1
  MFCG it   8 cost=3.096618e+05 lam=1.563e-08 tau=0.00e+00 cg_it=10 shift=0 ckpt=11 alpha=0 acc mv=50
PCG_PREP o=8 rebuild=1 drift=0 previous_depth=11
W4_ACCEPT o=8 current=309661.79755997926 reference=309661.79755997926 candidate=306988.77621367079 prediction=3335.1010929085087 current_rho=0.80148135599012682 test_rho=0.80148135599012682 original_accept=1 pre_radius_accept=1
ATTR_RADIUS o=8 raw_norm=6957.2776441119231 norm=6957.2776441119231 radius=15832.045793610927 next_radius=15832.045793610927 lambda=1.5625000000000006e-08 next_lambda=1.5625000000000008e-09 rho=0.80148135599012682 accept=1
CLASSICAL_LM o=8 lambda=1.5625000000000006e-08 tau=1.5625000000000006e-08 prediction=3335.1010929085087 rho=0.80148135599012682 accept=1
TARGET reached outer=9 seconds=0.214787590 cost=306988.77621367079 threshold=307873.72043342178
W4_SUMMARY rho_min=0.001 window=0 relaxed=0 uphill=0
  MFCG: accepts=9 rejects=0 total_matvecs=86 negcurv=0 cand_evals=9 mean_cg_per_outer=9.6
NUMERIC_REPAIR summary rebuilds=0 floor=9.9999999999999998e-17
  [retry-cache] builds=9 reuses=0
  [menu-backtrack] trials=1 rescues=1 evals=2 total_scored=11
POINT_SAFE summary calls=1 evals=1 wins=1 frozen=1 seconds=0.003840492
  [scoring] menu_evals=9 alpha_evals=0 backtrack_evals=2 total_scored=11
RESULT algo=mfree_shifted_cg iters=9 final_cost=306988.7762136708 solve_seconds=0.218805
DIAGNOSTICS median_reproj_err_px 1.058298 -> 0.370810 | cheirality_violations(obs) 0 -> 2 | cheirality_violations(pts, of 100368) 0 -> 2
