  [menu-backtrack] active=1 max_evals=8 warmup_accepts=3 confirm_stop=original armijo=1e-4
MIXED_STORAGE fragments=fp32 arithmetic=fp64 state=fp64 acceptance=fp64
  [compact-fragments] active=2 saved_bytes=36105992 storage=fp32 camera_reads=contiguous
  MFCG score_init=11152062.772762472 precision=fp64
PCG_PREP o=0 rebuild=1 drift=0 previous_depth=0
E2_CAP o=0 retry=0 touched=0 ncam=52 raw=3225.3525896296719 capped=3225.352589629671 radius=3225.3525896296719 median=290.86422472541079 global_scale=1
ATTR_RADIUS o=0 raw_norm=3225.3525896296719 norm=3225.3525896296719 radius=3225.3525896296719 next_radius=6450.7051792593438 lambda=0.10000000000000001 next_lambda=0.025000000000000001 rho=0.99997438839510644 accept=1
CLASSICAL_LM o=0 lambda=0.10000000000000001 tau=0.10000000000000001 prediction=8877594.9877400436 rho=0.99997438839510644 accept=1
  MFCG it   1 cost=2.274695e+06 lam=2.500e-02 tau=0.00e+00 cg_it=0 shift=0 ckpt=1 alpha=0 acc mv=2
PCG_PREP o=1 rebuild=1 drift=0 previous_depth=1
E2_CAP o=1 retry=0 touched=0 ncam=52 raw=2725.1440498078582 capped=2725.1440498078582 radius=6450.7051792593438 median=309.33669829485132 global_scale=1
ATTR_RADIUS o=1 raw_norm=2725.1440498078578 norm=2725.1440498078578 radius=6450.7051792593438 next_radius=6450.7051792593438 lambda=0.025000000000000001 next_lambda=0.0025000000000000005 rho=0.99701845569055148 accept=1
CLASSICAL_LM o=1 lambda=0.025000000000000001 tau=0.025000000000000001 prediction=770789.73816058482 rho=0.99701845569055148 accept=1
  MFCG it   2 cost=1.506204e+06 lam=2.500e-03 tau=0.00e+00 cg_it=4 shift=0 ckpt=5 alpha=0 acc mv=8
PCG_PREP o=2 rebuild=1 drift=0 previous_depth=5
E2_CAP o=2 retry=0 touched=0 ncam=52 raw=9578.8535291646604 capped=9578.8535291646604 radius=6450.7051792593438 median=1110.2477539379836 global_scale=0.67343186317850379
ATTR_RADIUS o=2 raw_norm=9578.8535291646604 norm=6450.7051792593438 radius=6450.7051792593438 next_radius=12901.410358518688 lambda=0.0025000000000000005 next_lambda=0.00062500000000000012 rho=0.99788045990932661 accept=1
CLASSICAL_LM o=2 lambda=0.0025000000000000005 tau=0.0025000000000000005 prediction=379875.54087330482 rho=0.99788045990932661 accept=1
  MFCG it   3 cost=1.127133e+06 lam=6.250e-04 tau=0.00e+00 cg_it=6 shift=0 ckpt=7 alpha=0 acc mv=16
PCG_PREP o=3 rebuild=1 drift=0 previous_depth=7
E2_CAP o=3 retry=0 touched=0 ncam=52 raw=20859.307736754323 capped=20859.307736754334 radius=12901.410358518688 median=2308.3457332284224 global_scale=0.61849657339233066
ATTR_RADIUS o=3 raw_norm=20859.307736754326 norm=12901.410358518682 radius=12901.410358518688 next_radius=25802.820717037375 lambda=0.00062500000000000012 next_lambda=0.00015625000000000003 rho=1.0093969216306247 accept=1
CLASSICAL_LM o=3 lambda=0.00062500000000000012 tau=0.00062500000000000012 prediction=304236.92171974987 rho=1.0093969216306247 accept=1
  MFCG it   4 cost=8.200374e+05 lam=1.563e-04 tau=0.00e+00 cg_it=5 shift=0 ckpt=6 alpha=0 acc mv=23
PCG_PREP o=4 rebuild=1 drift=0 previous_depth=6
E2_CAP o=4 retry=0 touched=0 ncam=52 raw=36747.144697743868 capped=36747.144697743846 radius=25802.820717037375 median=3908.6746341632243 global_scale=0.70217212600525081
ATTR_RADIUS o=4 raw_norm=36747.144697743861 norm=25802.820717037386 radius=25802.820717037375 next_radius=51605.641434074751 lambda=0.00015625000000000003 next_lambda=3.9062500000000008e-05 rho=0.98437153824872647 accept=1
CLASSICAL_LM o=4 lambda=0.00015625000000000003 tau=0.00015625000000000003 prediction=327617.41562941199 rho=0.98437153824872647 accept=1
  MFCG it   5 cost=4.975401e+05 lam=3.906e-05 tau=0.00e+00 cg_it=8 shift=0 ckpt=9 alpha=0 acc mv=33
PCG_PREP o=5 rebuild=1 drift=0 previous_depth=9
E2_CAP o=5 retry=0 touched=0 ncam=52 raw=37463.339903583219 capped=37463.339903583226 radius=51605.641434074751 median=2985.9635257359432 global_scale=1
POINT_SAFE o=5 frozen=1464 slope=-317535.16437751916 candidate=381890.57171253033 original=373473.48946265923 current=497540.10902922176 won=0 mode=1 camera_scale=1 keep_scale=0
ATTR_RADIUS o=5 raw_norm=37463.339903583219 norm=18731.669951791609 radius=51605.641434074751 next_radius=51605.641434074751 lambda=3.9062500000000008e-05 next_lambda=3.9062500000000009e-06 rho=0.96839028979415032 accept=1
CLASSICAL_LM o=5 lambda=3.9062500000000008e-05 tau=3.9062500000000008e-05 prediction=128116.33994485348 rho=0.96839028979415032 accept=1
  MFCG it   6 cost=3.734735e+05 lam=3.906e-06 tau=0.00e+00 cg_it=6 shift=0 ckpt=7 alpha=0 acc mv=41
PCG_PREP o=6 rebuild=1 drift=0 previous_depth=7
E2_CAP o=6 retry=0 touched=0 ncam=52 raw=50229.773563194161 capped=50229.773563194176 radius=51605.641434074751 median=2057.2345184120359 global_scale=1
POINT_SAFE o=6 frozen=670 slope=-179589.07895897643 candidate=403764.26386960072 original=368581.36650583282 current=373473.48946265923 won=0 mode=1 camera_scale=1 keep_scale=0
ATTR_RADIUS o=6 raw_norm=50229.773563194183 norm=50229.773563194183 radius=51605.641434074751 next_radius=12901.410358518688 lambda=3.9062500000000009e-06 next_lambda=6.2500000000000015e-05 rho=0.067438164033075426 accept=0
CLASSICAL_LM o=6 lambda=3.9062500000000009e-06 tau=3.9062500000000009e-06 prediction=72542.350862740583 rho=0.067438164033075426 accept=0
  MFCG it   7  retry 1/8  lam=6.250e-05 tau_eff=3.906e-06  (assembly reused)
PCG_PREP o=6 rebuild=1 drift=0 previous_depth=6
E2_CAP o=6 retry=1 touched=0 ncam=52 raw=19848.98125075558 capped=19848.98125075558 radius=12901.410358518688 median=1726.500447877869 global_scale=0.64997846466440579
ATTR_RADIUS o=6 raw_norm=19848.981250755583 norm=12901.410358518689 radius=12901.410358518688 next_radius=25802.820717037375 lambda=6.2500000000000015e-05 next_lambda=1.5625000000000004e-05 rho=0.88264653987043185 accept=1
CLASSICAL_LM o=6 lambda=6.2500000000000015e-05 tau=6.2500000000000015e-05 prediction=68725.645303597994 rho=0.88264653987043185 accept=1
  MFCG it   7 cost=3.128130e+05 lam=1.563e-05 tau=0.00e+00 cg_it=5 shift=0 ckpt=6 alpha=0 acc mv=55
PCG_PREP o=7 rebuild=1 drift=0 previous_depth=6
E2_CAP o=7 retry=0 touched=0 ncam=52 raw=22599.896805242148 capped=22599.896805242148 radius=25802.820717037375 median=1130.7460260206799 global_scale=1
POINT_SAFE o=7 frozen=179 slope=-71080.694864086952 candidate=285659.05331453012 original=290316.64366271166 current=312813.03643507586 won=1 mode=1 camera_scale=1 keep_scale=0
ATTR_RADIUS o=7 raw_norm=22599.896805242144 norm=22599.896805242144 radius=25802.820717037375 next_radius=25802.820717037375 lambda=1.5625000000000004e-05 next_lambda=1.5625000000000004e-05 rho=0.69104667150565791 accept=1
CLASSICAL_LM o=7 lambda=1.5625000000000004e-05 tau=1.5625000000000004e-05 prediction=39293.993069067874 rho=0.69104667150565791 accept=1
  MFCG it   8 cost=2.856591e+05 lam=1.563e-05 tau=0.00e+00 cg_it=5 shift=0 ckpt=6 alpha=0 acc mv=62
PCG_PREP o=8 rebuild=1 drift=0 previous_depth=6
E2_CAP o=8 retry=0 touched=2 ncam=52 raw=7069.9027172862307 capped=2384.874222146314 radius=25802.820717037375 median=52.679358007273336 global_scale=1
POINT_SAFE o=8 frozen=29 slope=-27421.518958303146 candidate=272518.42638898653 original=281264.77143145999 current=285659.05331453012 won=1 mode=1 camera_scale=1 keep_scale=0
ATTR_RADIUS o=8 raw_norm=7069.9027172862288 norm=2384.8742221463131 radius=25802.820717037375 next_radius=25802.820717037375 lambda=1.5625000000000004e-05 next_lambda=1.5625000000000005e-06 rho=0.87351589335973723 accept=1
CLASSICAL_LM o=8 lambda=1.5625000000000004e-05 tau=1.5625000000000004e-05 prediction=15043.374740443251 rho=0.87351589335973723 accept=1
  MFCG it   9 cost=2.725184e+05 lam=1.563e-06 tau=0.00e+00 cg_it=0 shift=0 ckpt=1 alpha=0 acc mv=64
PCG_PREP o=9 rebuild=1 drift=0 previous_depth=1
E2_CAP o=9 retry=0 touched=2 ncam=52 raw=34417.622517855743 capped=7714.5660478735799 radius=25802.820717037375 median=161.91665825401017 global_scale=1
POINT_SAFE o=9 frozen=506 slope=-10337.641068673793 candidate=274062.94823596685 original=268094.21870143915 current=272518.42638898653 won=0 mode=1 camera_scale=1 keep_scale=0
ATTR_RADIUS o=9 raw_norm=34417.622517855765 norm=964.32075598419749 radius=25802.820717037375 next_radius=25802.820717037375 lambda=1.5625000000000005e-06 next_lambda=1.5625000000000007e-07 rho=1.3704239992051819 accept=1
CLASSICAL_LM o=9 lambda=1.5625000000000005e-06 tau=1.5625000000000005e-06 prediction=3228.3495400790725 rho=1.3704239992051819 accept=1
  MFCG it  10 cost=2.680942e+05 lam=1.563e-07 tau=0.00e+00 cg_it=1 shift=0 ckpt=2 alpha=0 acc mv=67
PCG_PREP o=10 rebuild=1 drift=0 previous_depth=2
E2_CAP o=10 retry=0 touched=2 ncam=52 raw=44489.207238437288 capped=7064.2379545826489 radius=25802.820717037375 median=132.11932494408961 global_scale=1
POINT_SAFE o=10 frozen=234 slope=-17675.292605235241 candidate=264018.60221625556 original=262902.4224687469 current=268094.21870143915 won=0 mode=1 camera_scale=1 keep_scale=0
ATTR_RADIUS o=10 raw_norm=44489.207238437288 norm=3532.1189772913244 radius=25802.820717037375 next_radius=25802.820717037375 lambda=1.5625000000000007e-07 next_lambda=1.5625000000000006e-08 rho=0.59327235746641194 accept=1
CLASSICAL_LM o=10 lambda=1.5625000000000007e-07 tau=1.5625000000000007e-07 prediction=8751.1177073275157 rho=0.59327235746641194 accept=1
  MFCG it  11 cost=2.629024e+05 lam=1.563e-08 tau=0.00e+00 cg_it=1 shift=0 ckpt=2 alpha=0 acc mv=70
PCG_PREP o=11 rebuild=1 drift=0 previous_depth=2
E2_CAP o=11 retry=0 touched=2 ncam=52 raw=48191.41210725264 capped=4961.7537259864712 radius=25802.820717037375 median=98.379669354715077 global_scale=1
POINT_SAFE o=11 frozen=66 slope=-13960.188557996182 candidate=259806.50271398856 original=260552.90310918211 current=262902.4224687469 won=1 mode=1 camera_scale=1 keep_scale=0
ATTR_RADIUS o=11 raw_norm=48191.412107252618 norm=4961.7537259864721 radius=25802.820717037375 next_radius=25802.820717037375 lambda=1.5625000000000006e-08 next_lambda=1.5625000000000008e-09 rho=0.47817498396153396 accept=1
CLASSICAL_LM o=11 lambda=1.5625000000000006e-08 tau=1.5625000000000006e-08 prediction=6474.4494350364803 rho=0.47817498396153396 accept=1
  MFCG it  12 cost=2.598065e+05 lam=1.563e-09 tau=0.00e+00 cg_it=1 shift=0 ckpt=2 alpha=0 acc mv=73
PCG_PREP o=12 rebuild=1 drift=0 previous_depth=2
E2_CAP o=12 retry=0 touched=2 ncam=52 raw=13512.204171446645 capped=1124.3210890563955 radius=25802.820717037375 median=24.925435066425376 global_scale=1
POINT_SAFE o=12 frozen=23 slope=-6730.4552431735574 candidate=258234.05348822509 original=258756.23362562768 current=259806.50271398856 won=1 mode=1 camera_scale=1 keep_scale=0
ATTR_RADIUS o=12 raw_norm=13512.204171446647 norm=1124.3210890563955 radius=25802.820717037375 next_radius=25802.820717037375 lambda=1.5625000000000008e-09 next_lambda=1.5625000000000008e-10 rho=0.40764570641104952 accept=1
CLASSICAL_LM o=12 lambda=1.5625000000000008e-09 tau=1.5625000000000008e-09 prediction=3857.3918504072039 rho=0.40764570641104952 accept=1
  MFCG it  13 cost=2.582341e+05 lam=1.563e-10 tau=0.00e+00 cg_it=0 shift=0 ckpt=1 alpha=0 acc mv=75
PCG_PREP o=13 rebuild=1 drift=0 previous_depth=1
E2_CAP o=13 retry=0 touched=2 ncam=52 raw=52740.018665636795 capped=3238.3995004754702 radius=25802.820717037375 median=73.334615426461369 global_scale=1
POINT_SAFE o=13 frozen=21 slope=-4692.7318844711372 candidate=257378.32902545182 original=257238.39811300431 current=258234.05348822509 won=0 mode=1 camera_scale=1 keep_scale=0
ATTR_RADIUS o=13 raw_norm=52740.018665636795 norm=1619.1997502377351 radius=25802.820717037375 next_radius=6450.7051792593438 lambda=1.5625000000000008e-10 next_lambda=2.5000000000000013e-09 rho=0.23547502951073121 accept=1
CLASSICAL_LM o=13 lambda=1.5625000000000008e-10 tau=1.5625000000000008e-10 prediction=4228.2843208027252 rho=0.23547502951073121 accept=1
  MFCG it  14 cost=2.572384e+05 lam=2.500e-09 tau=0.00e+00 cg_it=1 shift=0 ckpt=2 alpha=0 acc mv=78
PCG_PREP o=14 rebuild=1 drift=0 previous_depth=2
E2_CAP o=14 retry=0 touched=2 ncam=52 raw=14468.247954080158 capped=714.01627863003796 radius=6450.7051792593438 median=16.104090719302285 global_scale=1
ATTR_RADIUS o=14 raw_norm=14468.247954080158 norm=714.01627863003785 radius=6450.7051792593438 next_radius=6450.7051792593438 lambda=2.5000000000000013e-09 next_lambda=2.5000000000000012e-10 rho=0.38141337316208174 accept=1
CLASSICAL_LM o=14 lambda=2.5000000000000013e-09 tau=2.5000000000000013e-09 prediction=4686.4213558784704 rho=0.38141337316208174 accept=1
  MFCG it  15 cost=2.554509e+05 lam=2.500e-10 tau=0.00e+00 cg_it=0 shift=0 ckpt=1 alpha=0 acc mv=80
PCG_PREP o=15 rebuild=1 drift=0 previous_depth=1
E2_CAP o=15 retry=0 touched=2 ncam=52 raw=53586.287908886414 capped=1688.245678848971 radius=6450.7051792593438 median=35.707386065804826 global_scale=1
ATTR_RADIUS o=15 raw_norm=53586.287908886443 norm=1688.245678848971 radius=6450.7051792593438 next_radius=6450.7051792593438 lambda=2.5000000000000012e-10 next_lambda=2.5000000000000014e-11 rho=0.46903912737723924 accept=1
CLASSICAL_LM o=15 lambda=2.5000000000000012e-10 tau=2.5000000000000012e-10 prediction=2910.9525440605903 rho=0.46903912737723924 accept=1
  MFCG it  16 cost=2.540856e+05 lam=2.500e-11 tau=0.00e+00 cg_it=1 shift=0 ckpt=2 alpha=0 acc mv=83
PCG_PREP o=16 rebuild=1 drift=0 previous_depth=2
E2_CAP o=16 retry=0 touched=2 ncam=52 raw=50343.559125926346 capped=1658.7912270395882 radius=6450.7051792593438 median=29.837858247675314 global_scale=1
ATTR_RADIUS o=16 raw_norm=50343.559125926331 norm=1658.7912270395882 radius=6450.7051792593438 next_radius=6450.7051792593438 lambda=2.5000000000000014e-11 next_lambda=2.5000000000000015e-12 rho=0.46520663467046575 accept=1
CLASSICAL_LM o=16 lambda=2.5000000000000014e-11 tau=2.5000000000000014e-11 prediction=2144.0727840024388 rho=0.46520663467046575 accept=1
  MFCG it  17 cost=2.530881e+05 lam=2.500e-12 tau=0.00e+00 cg_it=1 shift=0 ckpt=2 alpha=0 acc mv=86
PCG_PREP o=17 rebuild=1 drift=0 previous_depth=2
E2_CAP o=17 retry=0 touched=2 ncam=52 raw=53289.802017598449 capped=1361.1967973912306 radius=6450.7051792593438 median=28.638630306380186 global_scale=1
ATTR_RADIUS o=17 raw_norm=53289.802017598442 norm=1361.1967973912301 radius=6450.7051792593438 next_radius=6450.7051792593438 lambda=2.5000000000000015e-12 next_lambda=2.5000000000000015e-13 rho=0.5015732779265919 accept=1
CLASSICAL_LM o=17 lambda=2.5000000000000015e-12 tau=2.5000000000000015e-12 prediction=1541.0690886358216 rho=0.5015732779265919 accept=1
  MFCG it  18 cost=2.523152e+05 lam=2.500e-13 tau=0.00e+00 cg_it=1 shift=0 ckpt=2 alpha=0 acc mv=89
PCG_PREP o=18 rebuild=1 drift=0 previous_depth=2
E2_CAP o=18 retry=0 touched=2 ncam=52 raw=53760.518066172379 capped=1058.8001447432821 radius=6450.7051792593438 median=22.345672783110089 global_scale=1
ATTR_RADIUS o=18 raw_norm=53760.518066172393 norm=1058.8001447432816 radius=6450.7051792593438 next_radius=1612.676294814836 lambda=2.5000000000000015e-13 next_lambda=4.0000000000000023e-12 rho=0.20860810461066612 accept=1
CLASSICAL_LM o=18 lambda=2.5000000000000015e-13 tau=2.5000000000000015e-13 prediction=1023.1716928838011 rho=0.20860810461066612 accept=1
  MFCG it  19 cost=2.521017e+05 lam=4.000e-12 tau=0.00e+00 cg_it=1 shift=0 ckpt=2 alpha=0 acc mv=92
PCG_PREP o=19 rebuild=1 drift=0 previous_depth=2
E2_CAP o=19 retry=0 touched=2 ncam=52 raw=54570.230027708203 capped=864.03789811529589 radius=1612.676294814836 median=17.694078318153451 global_scale=1
ATTR_RADIUS o=19 raw_norm=54570.230027708203 norm=864.03789811529623 radius=1612.676294814836 next_radius=1612.676294814836 lambda=4.0000000000000023e-12 next_lambda=4.0000000000000026e-13 rho=0.26094783442443842 accept=1
CLASSICAL_LM o=19 lambda=4.0000000000000023e-12 tau=4.0000000000000023e-12 prediction=956.77215093755285 rho=0.26094783442443842 accept=1
  MFCG it  20 cost=2.518521e+05 lam=4.000e-13 tau=0.00e+00 cg_it=1 shift=0 ckpt=2 alpha=0 acc mv=95
PCG_PREP o=20 rebuild=1 drift=0 previous_depth=2
E2_CAP o=20 retry=0 touched=2 ncam=52 raw=54818.837916262506 capped=728.46950222462215 radius=1612.676294814836 median=14.70049571052169 global_scale=1
ATTR_RADIUS o=20 raw_norm=54818.837916262506 norm=728.46950222462215 radius=1612.676294814836 next_radius=403.16907370370899 lambda=4.0000000000000026e-13 next_lambda=6.4000000000000042e-12 rho=0.15469340738362761 accept=1
CLASSICAL_LM o=20 lambda=4.0000000000000026e-13 tau=4.0000000000000026e-13 prediction=868.08018621806139 rho=0.15469340738362761 accept=1
  MFCG it  21 cost=2.517178e+05 lam=6.400e-12 tau=0.00e+00 cg_it=1 shift=0 ckpt=2 alpha=0 acc mv=98
PCG_PREP o=21 rebuild=1 drift=0 previous_depth=2
E2_CAP o=21 retry=0 touched=2 ncam=52 raw=55365.352628121436 capped=674.29769657221391 radius=403.16907370370899 median=13.634176896936674 global_scale=0.5979096113678205
POINT_SAFE o=21 frozen=52 slope=-1377.7097845888466 candidate=251505.1733681914 original=251538.83366501829 current=251717.7919256076 won=1 mode=1 camera_scale=1 keep_scale=0
ATTR_RADIUS o=21 raw_norm=55365.352628121436 norm=403.16907370370905 radius=403.16907370370899 next_radius=403.16907370370899 lambda=6.4000000000000042e-12 next_lambda=6.4000000000000042e-12 rho=0.29422772652550877 accept=1
CLASSICAL_LM o=21 lambda=6.4000000000000042e-12 tau=6.4000000000000042e-12 prediction=722.63263536368379 rho=0.29422772652550877 accept=1
  MFCG it  22 cost=2.515052e+05 lam=6.400e-12 tau=0.00e+00 cg_it=1 shift=0 ckpt=2 alpha=0 acc mv=101
PCG_PREP o=22 rebuild=1 drift=0 previous_depth=2
E2_CAP o=22 retry=0 touched=2 ncam=52 raw=55931.152376862497 capped=316.08150435752981 radius=403.16907370370899 median=7.1985957309218502 global_scale=1
POINT_SAFE o=22 frozen=8 slope=-724.93480878853552 candidate=251413.44498650185 original=251498.40445313507 current=251505.1733681914 won=1 mode=1 camera_scale=1 keep_scale=0
ATTR_RADIUS o=22 raw_norm=55931.152376862505 norm=316.08150435752975 radius=403.16907370370899 next_radius=100.79226842592725 lambda=6.4000000000000042e-12 next_lambda=1.0240000000000007e-10 rho=0.22961878636671668 accept=1
CLASSICAL_LM o=22 lambda=6.4000000000000042e-12 tau=6.4000000000000042e-12 prediction=399.48117112270677 rho=0.22961878636671668 accept=1
  MFCG it  23 cost=2.514134e+05 lam=1.024e-10 tau=0.00e+00 cg_it=1 shift=0 ckpt=2 alpha=0 acc mv=104
PCG_PREP o=23 rebuild=1 drift=0 previous_depth=2
E2_CAP o=23 retry=0 touched=2 ncam=52 raw=56033.637605496944 capped=286.00660568329653 radius=100.79226842592725 median=6.5169684256587104 global_scale=0.35241237937538222
ATTR_RADIUS o=23 raw_norm=56033.637605496944 norm=100.79226842592729 radius=100.79226842592725 next_radius=201.58453685185449 lambda=1.0240000000000007e-10 next_lambda=2.5600000000000017e-11 rho=0.80879182704737274 accept=1
CLASSICAL_LM o=23 lambda=1.0240000000000007e-10 tau=1.0240000000000007e-10 prediction=607.64288741785424 rho=0.80879182704737274 accept=1
  MFCG it  24 cost=2.509220e+05 lam=2.560e-11 tau=0.00e+00 cg_it=1 shift=0 ckpt=2 alpha=0 acc mv=107
PCG_PREP o=24 rebuild=1 drift=0 previous_depth=2
E2_CAP o=24 retry=0 touched=2 ncam=52 raw=56072.839541662499 capped=214.93193923112329 radius=201.58453685185449 median=4.8501477764835839 global_scale=0.93789940002860206
POINT_SAFE o=24 frozen=2 slope=-87.614526735293055 candidate=250861.92631286196 original=250827.89424772304 current=250921.98838539483 won=0 mode=1 camera_scale=1 keep_scale=0
ATTR_RADIUS o=24 raw_norm=56072.839541662506 norm=50.396134212963609 radius=201.58453685185449 next_radius=201.58453685185449 lambda=2.5600000000000017e-11 next_lambda=2.560000000000002e-12 rho=1.5013941989044624 accept=1
CLASSICAL_LM o=24 lambda=2.5600000000000017e-11 tau=2.5600000000000017e-11 prediction=62.671174392734812 rho=1.5013941989044624 accept=1
  MFCG it  25 cost=2.508279e+05 lam=2.560e-12 tau=0.00e+00 cg_it=1 shift=0 ckpt=2 alpha=0 acc mv=110
PCG_PREP o=25 rebuild=1 drift=0 previous_depth=2
E2_CAP o=25 retry=0 touched=2 ncam=52 raw=56084.729854907637 capped=191.08061092110685 radius=201.58453685185449 median=4.2935177801619524 global_scale=1
ATTR_RADIUS o=25 raw_norm=56084.729854907644 norm=191.0806109211068 radius=201.58453685185449 next_radius=201.58453685185449 lambda=2.560000000000002e-12 next_lambda=2.560000000000002e-12 rho=0.71665019624560633 accept=1
CLASSICAL_LM o=25 lambda=2.560000000000002e-12 tau=2.560000000000002e-12 prediction=79.191489081917595 rho=0.71665019624560633 accept=1
  MFCG it  26 cost=2.507711e+05 lam=2.560e-12 tau=0.00e+00 cg_it=1 shift=0 ckpt=2 alpha=0 acc mv=113
PCG_PREP o=26 rebuild=1 drift=0 previous_depth=2
E2_CAP o=26 retry=0 touched=2 ncam=52 raw=56118.148865730233 capped=162.9555452188126 radius=201.58453685185449 median=3.6708476574281477 global_scale=1
ATTR_RADIUS o=26 raw_norm=56118.148865730247 norm=162.9555452188126 radius=201.58453685185449 next_radius=201.58453685185449 lambda=2.560000000000002e-12 next_lambda=2.560000000000002e-12 rho=0.5752673318692203 accept=1
CLASSICAL_LM o=26 lambda=2.560000000000002e-12 tau=2.560000000000002e-12 prediction=59.698507827513041 rho=0.5752673318692203 accept=1
  MFCG it  27 cost=2.507368e+05 lam=2.560e-12 tau=0.00e+00 cg_it=1 shift=0 ckpt=2 alpha=0 acc mv=116
PCG_PREP o=27 rebuild=1 drift=0 previous_depth=2
E2_CAP o=27 retry=0 touched=2 ncam=52 raw=56153.722708083478 capped=148.58639270301279 radius=201.58453685185449 median=3.3705734130374827 global_scale=1
ATTR_RADIUS o=27 raw_norm=56153.722708083478 norm=148.58639270301279 radius=201.58453685185449 next_radius=201.58453685185449 lambda=2.560000000000002e-12 next_lambda=2.5600000000000022e-13 rho=0.57420963072927378 accept=1
CLASSICAL_LM o=27 lambda=2.560000000000002e-12 tau=2.560000000000002e-12 prediction=57.037822678700621 rho=0.57420963072927378 accept=1
  MFCG it  28 cost=2.507040e+05 lam=2.560e-13 tau=0.00e+00 cg_it=1 shift=0 ckpt=2 alpha=0 acc mv=119
PCG_PREP o=28 rebuild=1 drift=0 previous_depth=2
E2_CAP o=28 retry=0 touched=2 ncam=52 raw=56184.771320764179 capped=124.04032241468043 radius=201.58453685185449 median=2.8046419443463648 global_scale=1
ATTR_RADIUS o=28 raw_norm=56184.771320764157 norm=124.04032241468045 radius=201.58453685185449 next_radius=201.58453685185449 lambda=2.5600000000000022e-13 next_lambda=2.5600000000000025e-14 rho=0.50254811079629769 accept=1
CLASSICAL_LM o=28 lambda=2.5600000000000022e-13 tau=2.5600000000000022e-13 prediction=50.346033307534526 rho=0.50254811079629769 accept=1
  MFCG it  29 cost=2.506787e+05 lam=2.560e-14 tau=0.00e+00 cg_it=1 shift=0 ckpt=2 alpha=0 acc mv=122
PCG_PREP o=29 rebuild=1 drift=0 previous_depth=2
E2_CAP o=29 retry=0 touched=2 ncam=52 raw=56211.204791834389 capped=108.73936133438433 radius=201.58453685185449 median=2.4662577834512049 global_scale=1
ATTR_RADIUS o=29 raw_norm=56211.204791834396 norm=108.73936133438436 radius=201.58453685185449 next_radius=201.58453685185449 lambda=2.5600000000000025e-14 next_lambda=2.5600000000000025e-15 rho=0.46635604767439365 accept=1
CLASSICAL_LM o=29 lambda=2.5600000000000025e-14 tau=2.5600000000000025e-14 prediction=46.708064674755988 rho=0.46635604767439365 accept=1
  MFCG it  30 cost=2.506570e+05 lam=2.560e-15 tau=0.00e+00 cg_it=1 shift=0 ckpt=2 alpha=0 acc mv=125
PCG_PREP o=30 rebuild=1 drift=0 previous_depth=2
E2_CAP o=30 retry=0 touched=2 ncam=52 raw=56231.61907516465 capped=104.37249741934531 radius=201.58453685185449 median=2.3725988709494565 global_scale=1
ATTR_RADIUS o=30 raw_norm=56231.619075164657 norm=104.37249741934532 radius=201.58453685185449 next_radius=201.58453685185449 lambda=2.5600000000000025e-15 next_lambda=2.5600000000000026e-16 rho=0.44750899671125599 accept=1
CLASSICAL_LM o=30 lambda=2.5600000000000025e-15 tau=2.5600000000000025e-15 prediction=45.116071515826661 rho=0.44750899671125599 accept=1
  MFCG it  31 cost=2.506368e+05 lam=2.560e-16 tau=0.00e+00 cg_it=1 shift=0 ckpt=2 alpha=0 acc mv=128
PCG_PREP o=31 rebuild=1 drift=0 previous_depth=2
E2_CAP o=31 retry=0 touched=2 ncam=52 raw=56254.096740737965 capped=103.88657952160847 radius=201.58453685185449 median=2.2414184362054801 global_scale=1
ATTR_RADIUS o=31 raw_norm=56254.096740737958 norm=103.88657952160844 radius=201.58453685185449 next_radius=201.58453685185449 lambda=2.5600000000000026e-16 next_lambda=9.9999999999999998e-17 rho=0.40794626535688783 accept=1
CLASSICAL_LM o=31 lambda=2.5600000000000026e-16 tau=2.5600000000000026e-16 prediction=42.181013997180244 rho=0.40794626535688783 accept=1
  MFCG it  32 cost=2.506196e+05 lam=1.000e-16 tau=0.00e+00 cg_it=1 shift=0 ckpt=2 alpha=0 acc mv=131
PCG_PREP o=32 rebuild=1 drift=0 previous_depth=2
NUMERIC_REPAIR o=32 lambda=9.9999999999999998e-17 rayleigh=-4.9937597682753417e-06 next_lambda=1.9975039073501366e-05 cg=2 rebuild=1
PCG_PREP o=32 rebuild=1 drift=0 previous_depth=2
E2_CAP o=32 retry=0 touched=2 ncam=52 raw=5024.9839534115581 capped=218.19901003869344 radius=201.58453685185449 median=4.7855298138765328 global_scale=0.92385633104434028
ATTR_RADIUS o=32 raw_norm=5024.983953411559 norm=201.58453685185447 radius=201.58453685185449 next_radius=403.16907370370899 lambda=1.9975039073501366e-05 next_lambda=1.9975039073501366e-05 rho=0.9951453255491457 accept=1
CLASSICAL_LM o=32 lambda=1.9975039073501366e-05 tau=1.9975039073501366e-05 prediction=196.48186328488092 rho=0.9951453255491457 accept=1
  MFCG it  33 cost=2.504240e+05 lam=1.998e-05 tau=0.00e+00 cg_it=0 shift=0 ckpt=1 alpha=0 acc mv=136
PCG_PREP o=33 rebuild=1 drift=0 previous_depth=1
E2_CAP o=33 retry=0 touched=2 ncam=52 raw=5077.4545323446609 capped=114.75706025860011 radius=403.16907370370899 median=2.3660653808590681 global_scale=1
ATTR_RADIUS o=33 raw_norm=5077.4545323446619 norm=114.75706025860008 radius=403.16907370370899 next_radius=403.16907370370899 lambda=1.9975039073501366e-05 next_lambda=1.9975039073501366e-05 rho=0.99686309514458926 accept=1
CLASSICAL_LM o=33 lambda=1.9975039073501366e-05 tau=1.9975039073501366e-05 prediction=71.016839429690975 rho=0.99686309514458926 accept=1
  MFCG it  34 cost=2.503532e+05 lam=1.998e-05 tau=0.00e+00 cg_it=0 shift=0 ckpt=1 alpha=0 acc mv=138
PCG_PREP o=34 rebuild=1 drift=0 previous_depth=1
E2_CAP o=34 retry=0 touched=2 ncam=52 raw=5104.4597834883416 capped=112.72257179170914 radius=403.16907370370899 median=2.4123294343130519 global_scale=1
ATTR_RADIUS o=34 raw_norm=5104.4597834883416 norm=112.72257179170914 radius=403.16907370370899 next_radius=403.16907370370899 lambda=1.9975039073501366e-05 next_lambda=1.9975039073501366e-05 rho=0.99624620403101627 accept=1
CLASSICAL_LM o=34 lambda=1.9975039073501366e-05 tau=1.9975039073501366e-05 prediction=61.275775946134893 rho=0.99624620403101627 accept=1
  MFCG it  35 cost=2.502922e+05 lam=1.998e-05 tau=0.00e+00 cg_it=0 shift=0 ckpt=1 alpha=0 acc mv=140
PCG_PREP o=35 rebuild=1 drift=0 previous_depth=1
E2_CAP o=35 retry=0 touched=2 ncam=52 raw=5132.8816558587796 capped=111.4793150398488 radius=403.16907370370899 median=2.4254955959317073 global_scale=1
ATTR_RADIUS o=35 raw_norm=5132.8816558587787 norm=111.47931503984879 radius=403.16907370370899 next_radius=403.16907370370899 lambda=1.9975039073501366e-05 next_lambda=1.9975039073501366e-05 rho=0.99593966643829579 accept=1
CLASSICAL_LM o=35 lambda=1.9975039073501366e-05 tau=1.9975039073501366e-05 prediction=54.484775475996841 rho=0.99593966643829579 accept=1
  MFCG it  36 cost=2.502379e+05 lam=1.998e-05 tau=0.00e+00 cg_it=0 shift=0 ckpt=1 alpha=0 acc mv=142
PCG_PREP o=36 rebuild=1 drift=0 previous_depth=1
E2_CAP o=36 retry=0 touched=2 ncam=52 raw=5161.2563786055343 capped=110.87201602906775 radius=403.16907370370899 median=2.4403337866226029 global_scale=1
ATTR_RADIUS o=36 raw_norm=5161.2563786055343 norm=110.87201602906775 radius=403.16907370370899 next_radius=403.16907370370899 lambda=1.9975039073501366e-05 next_lambda=1.9975039073501366e-05 rho=0.99569731277025686 accept=1
CLASSICAL_LM o=36 lambda=1.9975039073501366e-05 tau=1.9975039073501366e-05 prediction=49.421747424119275 rho=0.99569731277025686 accept=1
  MFCG it  37 cost=2.501887e+05 lam=1.998e-05 tau=0.00e+00 cg_it=0 shift=0 ckpt=1 alpha=0 acc mv=144
PCG_PREP o=37 rebuild=1 drift=0 previous_depth=1
E2_CAP o=37 retry=0 touched=2 ncam=52 raw=5189.4649450535044 capped=109.41477903942086 radius=403.16907370370899 median=2.4271463643722697 global_scale=1
ATTR_RADIUS o=37 raw_norm=5189.4649450535044 norm=109.41477903942085 radius=403.16907370370899 next_radius=403.16907370370899 lambda=1.9975039073501366e-05 next_lambda=1.9975039073501366e-05 rho=0.99555742308651507 accept=1
CLASSICAL_LM o=37 lambda=1.9975039073501366e-05 tau=1.9975039073501366e-05 prediction=45.030328661360556 rho=0.99555742308651507 accept=1
  MFCG it  38 cost=2.501439e+05 lam=1.998e-05 tau=0.00e+00 cg_it=0 shift=0 ckpt=1 alpha=0 acc mv=146
PCG_PREP o=38 rebuild=1 drift=0 previous_depth=1
E2_CAP o=38 retry=0 touched=2 ncam=52 raw=5217.1167307408268 capped=105.4143170976654 radius=403.16907370370899 median=2.3468721483489174 global_scale=1
ATTR_RADIUS o=38 raw_norm=5217.1167307408268 norm=105.41431709766542 radius=403.16907370370899 next_radius=403.16907370370899 lambda=1.9975039073501366e-05 next_lambda=1.9975039073501366e-05 rho=0.99559877059210322 accept=1
CLASSICAL_LM o=38 lambda=1.9975039073501366e-05 tau=1.9975039073501366e-05 prediction=40.554265556575274 rho=0.99559877059210322 accept=1
  MFCG it  39 cost=2.501035e+05 lam=1.998e-05 tau=0.00e+00 cg_it=0 shift=0 ckpt=1 alpha=0 acc mv=148
PCG_PREP o=39 rebuild=1 drift=0 previous_depth=1
E2_CAP o=39 retry=0 touched=2 ncam=52 raw=5243.7006362609582 capped=105.63581524704688 radius=403.16907370370899 median=2.3693472931415105 global_scale=1
ATTR_RADIUS o=39 raw_norm=5243.7006362609563 norm=105.63581524704686 radius=403.16907370370899 next_radius=403.16907370370899 lambda=1.9975039073501366e-05 next_lambda=1.9975039073501366e-05 rho=0.99543623468419695 accept=1
CLASSICAL_LM o=39 lambda=1.9975039073501366e-05 tau=1.9975039073501366e-05 prediction=38.14035185716542 rho=0.99543623468419695 accept=1
  MFCG it  40 cost=2.500656e+05 lam=1.998e-05 tau=0.00e+00 cg_it=0 shift=0 ckpt=1 alpha=0 acc mv=150
PCG_PREP o=40 rebuild=1 drift=0 previous_depth=1
E2_CAP o=40 retry=0 touched=2 ncam=52 raw=5269.8118511684434 capped=112.70690973383802 radius=403.16907370370899 median=2.5569502579791368 global_scale=1
ATTR_RADIUS o=40 raw_norm=5269.8118511684443 norm=112.70690973383802 radius=403.16907370370899 next_radius=403.16907370370899 lambda=1.9975039073501366e-05 next_lambda=1.9975039073501366e-05 rho=0.99491310596576099 accept=1
CLASSICAL_LM o=40 lambda=1.9975039073501366e-05 tau=1.9975039073501366e-05 prediction=38.125824541292118 rho=0.99491310596576099 accept=1
  MFCG it  41 cost=2.500276e+05 lam=1.998e-05 tau=0.00e+00 cg_it=0 shift=0 ckpt=1 alpha=0 acc mv=152
PCG_PREP o=41 rebuild=1 drift=0 previous_depth=1
E2_CAP o=41 retry=0 touched=2 ncam=52 raw=5296.4061269210733 capped=114.20705882551106 radius=403.16907370370899 median=2.6041220788028281 global_scale=1
ATTR_RADIUS o=41 raw_norm=5296.4061269210752 norm=114.20705882551107 radius=403.16907370370899 next_radius=403.16907370370899 lambda=1.9975039073501366e-05 next_lambda=1.9975039073501366e-05 rho=0.99472100276006825 accept=1
CLASSICAL_LM o=41 lambda=1.9975039073501366e-05 tau=1.9975039073501366e-05 prediction=36.483352584721395 rho=0.99472100276006825 accept=1
  MFCG it  42 cost=2.499913e+05 lam=1.998e-05 tau=0.00e+00 cg_it=0 shift=0 ckpt=1 alpha=0 acc mv=154
PCG_PREP o=42 rebuild=1 drift=0 previous_depth=1
E2_CAP o=42 retry=0 touched=2 ncam=52 raw=5322.4908049124015 capped=113.11761096230745 radius=403.16907370370899 median=2.5867613684426485 global_scale=1
ATTR_RADIUS o=42 raw_norm=5322.4908049124006 norm=113.11761096230748 radius=403.16907370370899 next_radius=403.16907370370899 lambda=1.9975039073501366e-05 next_lambda=1.9975039073501366e-05 rho=0.99468944260147174 accept=1
CLASSICAL_LM o=42 lambda=1.9975039073501366e-05 tau=1.9975039073501366e-05 prediction=34.349788404961167 rho=0.99468944260147174 accept=1
  MFCG it  43 cost=2.499572e+05 lam=1.998e-05 tau=0.00e+00 cg_it=0 shift=0 ckpt=1 alpha=0 acc mv=156
PCG_PREP o=43 rebuild=1 drift=0 previous_depth=1
E2_CAP o=43 retry=0 touched=2 ncam=52 raw=5347.6162318499801 capped=114.39803132071755 radius=403.16907370370899 median=2.6259126581844594 global_scale=1
ATTR_RADIUS o=43 raw_norm=5347.6162318499792 norm=114.39803132071756 radius=403.16907370370899 next_radius=403.16907370370899 lambda=1.9975039073501366e-05 next_lambda=1.9975039073501366e-05 rho=0.99453978423435574 accept=1
CLASSICAL_LM o=43 lambda=1.9975039073501366e-05 tau=1.9975039073501366e-05 prediction=33.099927191430908 rho=0.99453978423435574 accept=1
  MFCG it  44 cost=2.499242e+05 lam=1.998e-05 tau=0.00e+00 cg_it=0 shift=0 ckpt=1 alpha=0 acc mv=158
PCG_PREP o=44 rebuild=1 drift=0 previous_depth=1
E2_CAP o=44 retry=0 touched=2 ncam=52 raw=5372.070531062318 capped=115.33014731793712 radius=403.16907370370899 median=2.6554848311007353 global_scale=1
ATTR_RADIUS o=44 raw_norm=5372.0705310623189 norm=115.3301473179371 radius=403.16907370370899 next_radius=403.16907370370899 lambda=1.9975039073501366e-05 next_lambda=1.9975039073501366e-05 rho=0.99442555436557845 accept=1
CLASSICAL_LM o=44 lambda=1.9975039073501366e-05 tau=1.9975039073501366e-05 prediction=31.905127314411828 rho=0.99442555436557845 accept=1
  MFCG it  45 cost=2.498925e+05 lam=1.998e-05 tau=0.00e+00 cg_it=0 shift=0 ckpt=1 alpha=0 acc mv=160
PCG_PREP o=45 rebuild=1 drift=0 previous_depth=1
E2_CAP o=45 retry=0 touched=2 ncam=52 raw=5395.7651705308936 capped=115.32002606646367 radius=403.16907370370899 median=2.6614690934761569 global_scale=1
ATTR_RADIUS o=45 raw_norm=5395.7651705308936 norm=115.32002606646365 radius=403.16907370370899 next_radius=403.16907370370899 lambda=1.9975039073501366e-05 next_lambda=1.9975039073501366e-05 rho=0.99437739048394569 accept=1
CLASSICAL_LM o=45 lambda=1.9975039073501366e-05 tau=1.9975039073501366e-05 prediction=30.611421770222638 rho=0.99437739048394569 accept=1
  MFCG it  46 cost=2.498621e+05 lam=1.998e-05 tau=0.00e+00 cg_it=0 shift=0 ckpt=1 alpha=0 acc mv=162
PCG_PREP o=46 rebuild=1 drift=0 previous_depth=1
E2_CAP o=46 retry=0 touched=2 ncam=52 raw=5418.5509970310859 capped=111.84938074425608 radius=403.16907370370899 median=2.5836212875743456 global_scale=1
ATTR_RADIUS o=46 raw_norm=5418.5509970310841 norm=111.84938074425611 radius=403.16907370370899 next_radius=403.16907370370899 lambda=1.9975039073501366e-05 next_lambda=1.9975039073501366e-05 rho=0.99453480605724531 accept=1
CLASSICAL_LM o=46 lambda=1.9975039073501366e-05 tau=1.9975039073501366e-05 prediction=28.635511761695593 rho=0.99453480605724531 accept=1
  MFCG it  47 cost=2.498336e+05 lam=1.998e-05 tau=0.00e+00 cg_it=0 shift=0 ckpt=1 alpha=0 acc mv=164
PCG_PREP o=47 rebuild=1 drift=0 previous_depth=1
E2_CAP o=47 retry=0 touched=2 ncam=52 raw=5440.0073928878282 capped=106.64930786488151 radius=403.16907370370899 median=2.4638881444038088 global_scale=1
ATTR_RADIUS o=47 raw_norm=5440.0073928878282 norm=106.64930786488149 radius=403.16907370370899 next_radius=403.16907370370899 lambda=1.9975039073501366e-05 next_lambda=1.9975039073501366e-05 rho=0.99479657504462515 accept=1
CLASSICAL_LM o=47 lambda=1.9975039073501366e-05 tau=1.9975039073501366e-05 prediction=26.446173408164796 rho=0.99479657504462515 accept=1
  MFCG it  48 cost=2.498073e+05 lam=1.998e-05 tau=0.00e+00 cg_it=0 shift=0 ckpt=1 alpha=0 acc mv=166
PCG_PREP o=48 rebuild=1 drift=0 previous_depth=1
E2_CAP o=48 retry=0 touched=2 ncam=52 raw=5459.9794955408179 capped=100.27707573561439 radius=403.16907370370899 median=2.3156895749160449 global_scale=1
ATTR_RADIUS o=48 raw_norm=5459.9794955408179 norm=100.27707573561437 radius=403.16907370370899 next_radius=403.16907370370899 lambda=1.9975039073501366e-05 next_lambda=1.9975039073501366e-05 rho=0.99512919694081658 accept=1
CLASSICAL_LM o=48 lambda=1.9975039073501366e-05 tau=1.9975039073501366e-05 prediction=24.176138070143878 rho=0.99512919694081658 accept=1
  MFCG it  49 cost=2.497832e+05 lam=1.998e-05 tau=0.00e+00 cg_it=0 shift=0 ckpt=1 alpha=0 acc mv=168
PCG_PREP o=49 rebuild=1 drift=0 previous_depth=1
E2_CAP o=49 retry=0 touched=2 ncam=52 raw=5478.4075947205065 capped=98.584524054035072 radius=403.16907370370899 median=2.2797242950218557 global_scale=1
ATTR_RADIUS o=49 raw_norm=5478.4075947205056 norm=98.584524054035072 radius=403.16907370370899 next_radius=403.16907370370899 lambda=1.9975039073501366e-05 next_lambda=1.9975039073501366e-05 rho=0.9952066241846611 accept=1
CLASSICAL_LM o=49 lambda=1.9975039073501366e-05 tau=1.9975039073501366e-05 prediction=23.101103472842162 rho=0.9952066241846611 accept=1
  MFCG it  50 cost=2.497602e+05 lam=1.998e-05 tau=0.00e+00 cg_it=0 shift=0 ckpt=1 alpha=0 acc mv=170
PCG_PREP o=50 rebuild=1 drift=0 previous_depth=1
E2_CAP o=50 retry=0 touched=2 ncam=52 raw=5495.8708929304057 capped=94.299588210315477 radius=403.16907370370899 median=2.1810979661907091 global_scale=1
ATTR_RADIUS o=50 raw_norm=5495.8708929304048 norm=94.299588210315449 radius=403.16907370370899 next_radius=403.16907370370899 lambda=1.9975039073501366e-05 next_lambda=1.9975039073501366e-05 rho=0.99543343204557655 accept=1
CLASSICAL_LM o=50 lambda=1.9975039073501366e-05 tau=1.9975039073501366e-05 prediction=21.549451121096343 rho=0.99543343204557655 accept=1
  MFCG it  51 cost=2.497388e+05 lam=1.998e-05 tau=0.00e+00 cg_it=0 shift=0 ckpt=1 alpha=0 acc mv=172
PCG_PREP o=51 rebuild=1 drift=0 previous_depth=1
E2_CAP o=51 retry=0 touched=2 ncam=52 raw=5512.1377926123569 capped=90.997973739569531 radius=403.16907370370899 median=2.1058236026260144 global_scale=1
ATTR_RADIUS o=51 raw_norm=5512.1377926123587 norm=90.997973739569545 radius=403.16907370370899 next_radius=403.16907370370899 lambda=1.9975039073501366e-05 next_lambda=1.9975039073501366e-05 rho=0.99560695243040309 accept=1
CLASSICAL_LM o=51 lambda=1.9975039073501366e-05 tau=1.9975039073501366e-05 prediction=20.307580381690027 rho=0.99560695243040309 accept=1
  MFCG it  52 cost=2.497186e+05 lam=1.998e-05 tau=0.00e+00 cg_it=0 shift=0 ckpt=1 alpha=0 acc mv=174
PCG_PREP o=52 rebuild=1 drift=0 previous_depth=1
E2_CAP o=52 retry=0 touched=2 ncam=52 raw=5527.3653356426576 capped=89.336321124980472 radius=403.16907370370899 median=2.0696255915293458 global_scale=1
ATTR_RADIUS o=52 raw_norm=5527.3653356426585 norm=89.336321124980472 radius=403.16907370370899 next_radius=403.16907370370899 lambda=1.9975039073501366e-05 next_lambda=1.9975039073501366e-05 rho=0.99569428019688255 accept=1
CLASSICAL_LM o=52 lambda=1.9975039073501366e-05 tau=1.9975039073501366e-05 prediction=19.482756971033126 rho=0.99569428019688255 accept=1
  MFCG it  53 cost=2.496992e+05 lam=1.998e-05 tau=0.00e+00 cg_it=0 shift=0 ckpt=1 alpha=0 acc mv=176
PCG_PREP o=53 rebuild=1 drift=0 previous_depth=1
E2_CAP o=53 retry=0 touched=2 ncam=52 raw=5541.7556731068516 capped=85.826422193852864 radius=403.16907370370899 median=1.9888353166993813 global_scale=1
ATTR_RADIUS o=53 raw_norm=5541.7556731068489 norm=85.826422193852864 radius=403.16907370370899 next_radius=403.16907370370899 lambda=1.9975039073501366e-05 next_lambda=1.9975039073501366e-05 rho=0.99588362062588331 accept=1
CLASSICAL_LM o=53 lambda=1.9975039073501366e-05 tau=1.9975039073501366e-05 prediction=18.334010122148825 rho=0.99588362062588331 accept=1
  MFCG it  54 cost=2.496809e+05 lam=1.998e-05 tau=0.00e+00 cg_it=0 shift=0 ckpt=1 alpha=0 acc mv=178
PCG_PREP o=54 rebuild=1 drift=0 previous_depth=1
E2_CAP o=54 retry=0 touched=2 ncam=52 raw=5555.1740040275881 capped=83.581374167750639 radius=403.16907370370899 median=1.9381572793304402 global_scale=1
ATTR_RADIUS o=54 raw_norm=5555.174004027589 norm=83.581374167750639 radius=403.16907370370899 next_radius=403.16907370370899 lambda=1.9975039073501366e-05 next_lambda=1.9975039073501366e-05 rho=0.99600478291199179 accept=1
CLASSICAL_LM o=54 lambda=1.9975039073501366e-05 tau=1.9975039073501366e-05 prediction=17.502284160113071 rho=0.99600478291199179 accept=1
  MFCG it  55 cost=2.496635e+05 lam=1.998e-05 tau=0.00e+00 cg_it=0 shift=0 ckpt=1 alpha=0 acc mv=180
PCG_PREP o=55 rebuild=1 drift=0 previous_depth=1
E2_CAP o=55 retry=0 touched=2 ncam=52 raw=5567.7837272358356 capped=81.289071591129314 radius=403.16907370370899 median=1.8861326502938356 global_scale=1
ATTR_RADIUS o=55 raw_norm=5567.7837272358338 norm=81.2890715911293 radius=403.16907370370899 next_radius=403.16907370370899 lambda=1.9975039073501366e-05 next_lambda=1.9975039073501366e-05 rho=0.99613000172723754 accept=1
CLASSICAL_LM o=55 lambda=1.9975039073501366e-05 tau=1.9975039073501366e-05 prediction=16.706654454636094 rho=0.99613000172723754 accept=1
  MFCG it  56 cost=2.496468e+05 lam=1.998e-05 tau=0.00e+00 cg_it=0 shift=0 ckpt=1 alpha=0 acc mv=182
PCG_PREP o=56 rebuild=1 drift=0 previous_depth=1
E2_CAP o=56 retry=0 touched=2 ncam=52 raw=5579.6173845038365 capped=77.578573764677529 radius=403.16907370370899 median=1.7999712888265185 global_scale=1
ATTR_RADIUS o=56 raw_norm=5579.6173845038356 norm=77.5785737646775 radius=403.16907370370899 next_radius=403.16907370370899 lambda=1.9975039073501366e-05 next_lambda=1.9975039073501366e-05 rho=0.99632960474397525 accept=1
CLASSICAL_LM o=56 lambda=1.9975039073501366e-05 tau=1.9975039073501366e-05 prediction=15.677100180307766 rho=0.99632960474397525 accept=1
  MFCG it  57 cost=2.496312e+05 lam=1.998e-05 tau=0.00e+00 cg_it=0 shift=0 ckpt=1 alpha=0 acc mv=184
PCG_PREP o=57 rebuild=1 drift=0 previous_depth=1
E2_CAP o=57 retry=0 touched=2 ncam=52 raw=5590.5959679029456 capped=73.042575949230184 radius=403.16907370370899 median=1.6938847977820679 global_scale=1
ATTR_RADIUS o=57 raw_norm=5590.5959679029456 norm=73.042575949230184 radius=403.16907370370899 next_radius=403.16907370370899 lambda=1.9975039073501366e-05 next_lambda=1.9975039073501366e-05 rho=0.99657005814936439 accept=1
CLASSICAL_LM o=57 lambda=1.9975039073501366e-05 tau=1.9975039073501366e-05 prediction=14.537335513688577 rho=0.99657005814936439 accept=1
  MFCG it  58 cost=2.496167e+05 lam=1.998e-05 tau=0.00e+00 cg_it=0 shift=0 ckpt=1 alpha=0 acc mv=186
PCG_PREP o=58 rebuild=1 drift=0 previous_depth=1
E2_CAP o=58 retry=0 touched=2 ncam=52 raw=5600.7074494390408 capped=67.663435950505715 radius=403.16907370370899 median=1.5674154686640085 global_scale=1
ATTR_RADIUS o=58 raw_norm=5600.7074494390408 norm=67.663435950505715 radius=403.16907370370899 next_radius=403.16907370370899 lambda=1.9975039073501366e-05 next_lambda=1.9975039073501366e-05 rho=0.99685162187898912 accept=1
CLASSICAL_LM o=58 lambda=1.9975039073501366e-05 tau=1.9975039073501366e-05 prediction=13.285786146032615 rho=0.99685162187898912 accept=1
  MFCG it  59 cost=2.496035e+05 lam=1.998e-05 tau=0.00e+00 cg_it=0 shift=0 ckpt=1 alpha=0 acc mv=188
PCG_PREP o=59 rebuild=1 drift=0 previous_depth=1
E2_CAP o=59 retry=0 touched=2 ncam=52 raw=5609.9448131843737 capped=62.791284733316267 radius=403.16907370370899 median=1.4528986783131148 global_scale=1
ATTR_RADIUS o=59 raw_norm=5609.9448131843728 norm=62.791284733316253 radius=403.16907370370899 next_radius=403.16907370370899 lambda=1.9975039073501366e-05 next_lambda=1.9975039073501366e-05 rho=0.99710401436280005 accept=1
CLASSICAL_LM o=59 lambda=1.9975039073501366e-05 tau=1.9975039073501366e-05 prediction=12.176452888055261 rho=0.99710401436280005 accept=1
  MFCG it  60 cost=2.495913e+05 lam=1.998e-05 tau=0.00e+00 cg_it=0 shift=0 ckpt=1 alpha=0 acc mv=190
PCG_PREP o=60 rebuild=1 drift=0 previous_depth=1
E2_CAP o=60 retry=0 touched=2 ncam=52 raw=5618.4040132685923 capped=58.575432682397469 radius=403.16907370370899 median=1.3539373799056573 global_scale=1
ATTR_RADIUS o=60 raw_norm=5618.4040132685932 norm=58.575432682397462 radius=403.16907370370899 next_radius=403.16907370370899 lambda=1.9975039073501366e-05 next_lambda=1.9975039073501366e-05 rho=0.99732092600849942 accept=1
CLASSICAL_LM o=60 lambda=1.9975039073501366e-05 tau=1.9975039073501366e-05 prediction=11.227595693210075 rho=0.99732092600849942 accept=1
  MFCG it  61 cost=2.495802e+05 lam=1.998e-05 tau=0.00e+00 cg_it=0 shift=0 ckpt=1 alpha=0 acc mv=192
PCG_PREP o=61 rebuild=1 drift=0 previous_depth=1
E2_CAP o=61 retry=0 touched=2 ncam=52 raw=5626.1892031965863 capped=55.862040912685458 radius=403.16907370370899 median=1.290912598939941 global_scale=1
ATTR_RADIUS o=61 raw_norm=5626.1892031965872 norm=55.862040912685458 radius=403.16907370370899 next_radius=403.16907370370899 lambda=1.9975039073501366e-05 next_lambda=1.9975039073501366e-05 rho=0.997460055353112 accept=1
CLASSICAL_LM o=61 lambda=1.9975039073501366e-05 tau=1.9975039073501366e-05 prediction=10.586765586571968 rho=0.997460055353112 accept=1
  MFCG it  62 cost=2.495696e+05 lam=1.998e-05 tau=0.00e+00 cg_it=0 shift=0 ckpt=1 alpha=0 acc mv=194
PCG_PREP o=62 rebuild=1 drift=0 previous_depth=1
E2_CAP o=62 retry=0 touched=2 ncam=52 raw=6388.0789734593318 capped=190.06157424144865 radius=403.16907370370899 median=4.2146479270400334 global_scale=1
ATTR_RADIUS o=62 raw_norm=6388.0789734593345 norm=190.06157424144871 radius=403.16907370370899 next_radius=403.16907370370899 lambda=1.9975039073501366e-05 next_lambda=1.9975039073501366e-05 rho=0.98814354870696941 accept=1
CLASSICAL_LM o=62 lambda=1.9975039073501366e-05 tau=1.9975039073501366e-05 prediction=26.659925347916921 rho=0.98814354870696941 accept=1
  MFCG it  63 cost=2.495432e+05 lam=1.998e-05 tau=0.00e+00 cg_it=1 shift=0 ckpt=2 alpha=0 acc mv=197
PCG_PREP o=63 rebuild=1 drift=0 previous_depth=2
E2_CAP o=63 retry=0 touched=2 ncam=52 raw=5553.3747751699966 capped=92.239197511424408 radius=403.16907370370899 median=2.0142527045607492 global_scale=1
ATTR_RADIUS o=63 raw_norm=5553.3747751699957 norm=92.239197511424393 radius=403.16907370370899 next_radius=403.16907370370899 lambda=1.9975039073501366e-05 next_lambda=1.9975039073501366e-05 rho=0.99654001616976062 accept=1
CLASSICAL_LM o=63 lambda=1.9975039073501366e-05 tau=1.9975039073501366e-05 prediction=20.134622218256716 rho=0.99654001616976062 accept=1
  MFCG it  64 cost=2.495232e+05 lam=1.998e-05 tau=0.00e+00 cg_it=0 shift=0 ckpt=1 alpha=0 acc mv=199
PCG_PREP o=64 rebuild=1 drift=0 previous_depth=1
E2_CAP o=64 retry=0 touched=2 ncam=52 raw=5603.8051439461233 capped=54.03928860853113 radius=403.16907370370899 median=1.2277492372637839 global_scale=1
ATTR_RADIUS o=64 raw_norm=5603.8051439461242 norm=54.039288608531123 radius=403.16907370370899 next_radius=403.16907370370899 lambda=1.9975039073501366e-05 next_lambda=1.9975039073501366e-05 rho=0.99776845388508706 accept=1
CLASSICAL_LM o=64 lambda=1.9975039073501366e-05 tau=1.9975039073501366e-05 prediction=10.248130524010138 rho=0.99776845388508706 accept=1
  MFCG it  65 cost=2.495130e+05 lam=1.998e-05 tau=0.00e+00 cg_it=0 shift=0 ckpt=1 alpha=0 acc mv=201
PCG_PREP o=65 rebuild=1 drift=0 previous_depth=1
E2_CAP o=65 retry=0 touched=2 ncam=52 raw=6320.3038856809881 capped=134.53774136185547 radius=403.16907370370899 median=2.9380668904557941 global_scale=1
ATTR_RADIUS o=65 raw_norm=6320.303885680989 norm=134.53774136185544 radius=403.16907370370899 next_radius=403.16907370370899 lambda=1.9975039073501366e-05 next_lambda=1.9975039073501366e-05 rho=0.99070172736067563 accept=1
CLASSICAL_LM o=65 lambda=1.9975039073501366e-05 tau=1.9975039073501366e-05 prediction=16.057026595098897 rho=0.99070172736067563 accept=1
  MFCG it  66 cost=2.494970e+05 lam=1.998e-05 tau=0.00e+00 cg_it=1 shift=0 ckpt=2 alpha=0 acc mv=204
PCG_PREP o=66 rebuild=1 drift=0 previous_depth=2
E2_CAP o=66 retry=0 touched=2 ncam=52 raw=5557.4959231222429 capped=86.992565800956683 radius=403.16907370370899 median=1.8900417820066151 global_scale=1
ATTR_RADIUS o=66 raw_norm=5557.4959231222438 norm=86.992565800956683 radius=403.16907370370899 next_radius=403.16907370370899 lambda=1.9975039073501366e-05 next_lambda=1.9975039073501366e-05 rho=0.99681911232166764 accept=1
CLASSICAL_LM o=66 lambda=1.9975039073501366e-05 tau=1.9975039073501366e-05 prediction=18.710629840642358 rho=0.99681911232166764 accept=1
  MFCG it  67 cost=2.494784e+05 lam=1.998e-05 tau=0.00e+00 cg_it=0 shift=0 ckpt=1 alpha=0 acc mv=206
PCG_PREP o=67 rebuild=1 drift=0 previous_depth=1
E2_CAP o=67 retry=0 touched=2 ncam=52 raw=6276.0121817440868 capped=99.652517331958236 radius=403.16907370370899 median=2.1518433607871978 global_scale=1
ATTR_RADIUS o=67 raw_norm=6276.012181744084 norm=99.652517331958236 radius=403.16907370370899 next_radius=403.16907370370899 lambda=1.9975039073501366e-05 next_lambda=1.9975039073501366e-05 rho=0.99209732689198382 accept=1
CLASSICAL_LM o=67 lambda=1.9975039073501366e-05 tau=1.9975039073501366e-05 prediction=10.472417329947916 rho=0.99209732689198382 accept=1
  MFCG it  68 cost=2.494680e+05 lam=1.998e-05 tau=0.00e+00 cg_it=1 shift=0 ckpt=2 alpha=0 acc mv=209
PCG_PREP o=68 rebuild=1 drift=0 previous_depth=2
E2_CAP o=68 retry=0 touched=2 ncam=52 raw=5557.2305220873568 capped=79.765342648875176 radius=403.16907370370899 median=1.7062673381875353 global_scale=1
ATTR_RADIUS o=68 raw_norm=5557.2305220873568 norm=79.76534264887519 radius=403.16907370370899 next_radius=403.16907370370899 lambda=1.9975039073501366e-05 next_lambda=1.9975039073501366e-05 rho=0.99718437891713452 accept=1
CLASSICAL_LM o=68 lambda=1.9975039073501366e-05 tau=1.9975039073501366e-05 prediction=17.17469887812862 rho=0.99718437891713452 accept=1
  MFCG it  69 cost=2.494509e+05 lam=1.998e-05 tau=0.00e+00 cg_it=0 shift=0 ckpt=1 alpha=0 acc mv=211
PCG_PREP o=69 rebuild=1 drift=0 previous_depth=1
E2_CAP o=69 retry=0 touched=2 ncam=52 raw=6244.2934796483751 capped=88.128750762321204 radius=403.16907370370899 median=1.8845666479587635 global_scale=1
ATTR_RADIUS o=69 raw_norm=6244.2934796483769 norm=88.128750762321204 radius=403.16907370370899 next_radius=403.16907370370899 lambda=1.9975039073501366e-05 next_lambda=1.9975039073501366e-05 rho=0.99258016463582954 accept=1
CLASSICAL_LM o=69 lambda=1.9975039073501366e-05 tau=1.9975039073501366e-05 prediction=8.5315882581344447 rho=0.99258016463582954 accept=1
  MFCG it  70 cost=2.494424e+05 lam=1.998e-05 tau=0.00e+00 cg_it=1 shift=0 ckpt=2 alpha=0 acc mv=214
PCG_PREP o=70 rebuild=1 drift=0 previous_depth=2
E2_CAP o=70 retry=0 touched=2 ncam=52 raw=5558.3603974386897 capped=78.523724015257741 radius=403.16907370370899 median=1.6798070262961322 global_scale=1
ATTR_RADIUS o=70 raw_norm=5558.3603974386897 norm=78.523724015257756 radius=403.16907370370899 next_radius=403.16907370370899 lambda=1.9975039073501366e-05 next_lambda=1.9975039073501366e-05 rho=0.99725409767465345 accept=1
CLASSICAL_LM o=70 lambda=1.9975039073501366e-05 tau=1.9975039073501366e-05 prediction=16.736878420012104 rho=0.99725409767465345 accept=1
  MFCG it  71 cost=2.494257e+05 lam=1.998e-05 tau=0.00e+00 cg_it=0 shift=0 ckpt=1 alpha=0 acc mv=216
PCG_PREP o=71 rebuild=1 drift=0 previous_depth=1
E2_CAP o=71 retry=0 touched=2 ncam=52 raw=6216.1454277827734 capped=84.728627615630927 radius=403.16907370370899 median=1.8137622059552418 global_scale=1
ATTR_RADIUS o=71 raw_norm=6216.1454277827734 norm=84.728627615630913 radius=403.16907370370899 next_radius=403.16907370370899 lambda=1.9975039073501366e-05 next_lambda=1.9975039073501366e-05 rho=0.99284231537465994 accept=1
CLASSICAL_LM o=71 lambda=1.9975039073501366e-05 tau=1.9975039073501366e-05 prediction=8.0439838096239171 rho=0.99284231537465994 accept=1
  MFCG it  72 cost=2.494177e+05 lam=1.998e-05 tau=0.00e+00 cg_it=1 shift=0 ckpt=2 alpha=0 acc mv=219
PCG_PREP o=72 rebuild=1 drift=0 previous_depth=2
E2_CAP o=72 retry=0 touched=2 ncam=52 raw=5559.9544692456675 capped=77.591065456092991 radius=403.16907370370899 median=1.6617144247518305 global_scale=1
ATTR_RADIUS o=72 raw_norm=5559.9544692456684 norm=77.591065456092991 radius=403.16907370370899 next_radius=403.16907370370899 lambda=1.9975039073501366e-05 next_lambda=1.9975039073501366e-05 rho=0.99730466934489592 accept=1
CLASSICAL_LM o=72 lambda=1.9975039073501366e-05 tau=1.9975039073501366e-05 prediction=16.316324440653439 rho=0.99730466934489592 accept=1
  MFCG it  73 cost=2.494015e+05 lam=1.998e-05 tau=0.00e+00 cg_it=0 shift=0 ckpt=1 alpha=0 acc mv=221
PCG_PREP o=73 rebuild=1 drift=0 previous_depth=1
E2_CAP o=73 retry=0 touched=2 ncam=52 raw=6189.4360866274919 capped=81.591202838383424 radius=403.16907370370899 median=1.744369512539591 global_scale=1
ATTR_RADIUS o=73 raw_norm=6189.4360866274928 norm=81.59120283838341 radius=403.16907370370899 next_radius=403.16907370370899 lambda=1.9975039073501366e-05 next_lambda=1.9975039073501366e-05 rho=0.99307949953166885 accept=1
CLASSICAL_LM o=73 lambda=1.9975039073501366e-05 tau=1.9975039073501366e-05 prediction=7.5660183652260855 rho=0.99307949953166885 accept=1
  MFCG it  74 cost=2.493939e+05 lam=1.998e-05 tau=0.00e+00 cg_it=1 shift=0 ckpt=2 alpha=0 acc mv=224
PCG_PREP o=74 rebuild=1 drift=0 previous_depth=2
E2_CAP o=74 retry=0 touched=2 ncam=52 raw=6179.7028536047992 capped=63.186981134060609 radius=403.16907370370899 median=1.424566650866673 global_scale=1
ATTR_RADIUS o=74 raw_norm=6179.7028536047983 norm=63.186981134060602 radius=403.16907370370899 next_radius=403.16907370370899 lambda=1.9975039073501366e-05 next_lambda=1.9975039073501366e-05 rho=0.99643086878957376 accept=1
CLASSICAL_LM o=74 lambda=1.9975039073501366e-05 tau=1.9975039073501366e-05 prediction=8.7345087974132447 rho=0.99643086878957376 accept=1
  MFCG it  75 cost=2.493852e+05 lam=1.998e-05 tau=0.00e+00 cg_it=1 shift=0 ckpt=2 alpha=0 acc mv=227
PCG_PREP o=75 rebuild=1 drift=0 previous_depth=2
E2_CAP o=75 retry=0 touched=2 ncam=52 raw=6167.955869681191 capped=60.758732347492838 radius=403.16907370370899 median=1.3862651906667249 global_scale=1
ATTR_RADIUS o=75 raw_norm=6167.9558696811919 norm=60.758732347492831 radius=403.16907370370899 next_radius=403.16907370370899 lambda=1.9975039073501366e-05 next_lambda=1.9975039073501366e-05 rho=0.99662887403178424 accept=1
CLASSICAL_LM o=75 lambda=1.9975039073501366e-05 tau=1.9975039073501366e-05 prediction=8.7576908333827337 rho=0.99662887403178424 accept=1
  MFCG it  76 cost=2.493765e+05 lam=1.998e-05 tau=0.00e+00 cg_it=1 shift=0 ckpt=2 alpha=0 acc mv=230
PCG_PREP o=76 rebuild=1 drift=0 previous_depth=2
E2_CAP o=76 retry=0 touched=2 ncam=52 raw=6157.4333805284996 capped=59.270394382722515 radius=403.16907370370899 median=1.3600447234022097 global_scale=1
ATTR_RADIUS o=76 raw_norm=6157.4333805285023 norm=59.270394382722515 radius=403.16907370370899 next_radius=403.16907370370899 lambda=1.9975039073501366e-05 next_lambda=1.9975039073501366e-05 rho=0.99676291182164001 accept=1
CLASSICAL_LM o=76 lambda=1.9975039073501366e-05 tau=1.9975039073501366e-05 prediction=8.772763894166534 rho=0.99676291182164001 accept=1
  MFCG it  77 cost=2.493678e+05 lam=1.998e-05 tau=0.00e+00 cg_it=1 shift=0 ckpt=2 alpha=0 acc mv=233
PCG_PREP o=77 rebuild=1 drift=0 previous_depth=2
E2_CAP o=77 retry=0 touched=2 ncam=52 raw=6147.4740394070468 capped=55.977428505372281 radius=403.16907370370899 median=1.2872645435536496 global_scale=1
ATTR_RADIUS o=77 raw_norm=6147.4740394070477 norm=55.977428505372259 radius=403.16907370370899 next_radius=403.16907370370899 lambda=1.9975039073501366e-05 next_lambda=1.9975039073501366e-05 rho=0.99696216289685047 accept=1
CLASSICAL_LM o=77 lambda=1.9975039073501366e-05 tau=1.9975039073501366e-05 prediction=8.3493637165684209 rho=0.99696216289685047 accept=1
  MFCG it  78 cost=2.493594e+05 lam=1.998e-05 tau=0.00e+00 cg_it=1 shift=0 ckpt=2 alpha=0 acc mv=236
PCG_PREP o=78 rebuild=1 drift=0 previous_depth=2
E2_CAP o=78 retry=0 touched=2 ncam=52 raw=6138.254948159044 capped=53.361993549845678 radius=403.16907370370899 median=1.2291444585380127 global_scale=1
ATTR_RADIUS o=78 raw_norm=6138.2549481590449 norm=53.361993549845671 radius=403.16907370370899 next_radius=403.16907370370899 lambda=1.9975039073501366e-05 next_lambda=1.9975039073501366e-05 rho=0.99711728663282739 accept=1
CLASSICAL_LM o=78 lambda=1.9975039073501366e-05 tau=1.9975039073501366e-05 prediction=7.9947229747821957 rho=0.99711728663282739 accept=1
  MFCG it  79 cost=2.493515e+05 lam=1.998e-05 tau=0.00e+00 cg_it=1 shift=0 ckpt=2 alpha=0 acc mv=239
PCG_PREP o=79 rebuild=1 drift=0 previous_depth=2
E2_CAP o=79 retry=0 touched=2 ncam=52 raw=6129.5941315258333 capped=50.851197736098676 radius=403.16907370370899 median=1.1725350340551626 global_scale=1
ATTR_RADIUS o=79 raw_norm=6129.5941315258342 norm=50.851197736098683 radius=403.16907370370899 next_radius=403.16907370370899 lambda=1.9975039073501366e-05 next_lambda=1.9975039073501366e-05 rho=0.99726285050566177 accept=1
CLASSICAL_LM o=79 lambda=1.9975039073501366e-05 tau=1.9975039073501366e-05 prediction=7.6314589261811507 rho=0.99726285050566177 accept=1
  MFCG it  80 cost=2.493439e+05 lam=1.998e-05 tau=0.00e+00 cg_it=1 shift=0 ckpt=2 alpha=0 acc mv=242
PCG_PREP o=80 rebuild=1 drift=0 previous_depth=2
E2_CAP o=80 retry=0 touched=2 ncam=52 raw=6121.4291011844716 capped=48.638394338916711 radius=403.16907370370899 median=1.12243868506461 global_scale=1
ATTR_RADIUS o=80 raw_norm=6121.4291011844734 norm=48.638394338916719 radius=403.16907370370899 next_radius=403.16907370370899 lambda=1.9975039073501366e-05 next_lambda=1.9975039073501366e-05 rho=0.99738992397414461 accept=1
CLASSICAL_LM o=80 lambda=1.9975039073501366e-05 tau=1.9975039073501366e-05 prediction=7.3032051837996876 rho=0.99738992397414461 accept=1
  MFCG it  81 cost=2.493366e+05 lam=1.998e-05 tau=0.00e+00 cg_it=1 shift=0 ckpt=2 alpha=0 acc mv=245
PCG_PREP o=81 rebuild=1 drift=0 previous_depth=2
E2_CAP o=81 retry=0 touched=2 ncam=52 raw=6113.6854636498447 capped=46.500585472672888 radius=403.16907370370899 median=1.0736764744008895 global_scale=1
ATTR_RADIUS o=81 raw_norm=6113.6854636498465 norm=46.50058547267291 radius=403.16907370370899 next_radius=403.16907370370899 lambda=1.9975039073501366e-05 next_lambda=1.9975039073501366e-05 rho=0.99751124871784491 accept=1
CLASSICAL_LM o=81 lambda=1.9975039073501366e-05 tau=1.9975039073501366e-05 prediction=6.978231774747794 rho=0.99751124871784491 accept=1
  MFCG it  82 cost=2.493296e+05 lam=1.998e-05 tau=0.00e+00 cg_it=1 shift=0 ckpt=2 alpha=0 acc mv=248
PCG_PREP o=82 rebuild=1 drift=0 previous_depth=2
E2_CAP o=82 retry=0 touched=2 ncam=52 raw=6106.3267980768342 capped=44.376545515294254 radius=403.16907370370899 median=1.0248971700178793 global_scale=1
ATTR_RADIUS o=82 raw_norm=6106.3267980768314 norm=44.376545515294261 radius=403.16907370370899 next_radius=403.16907370370899 lambda=1.9975039073501366e-05 next_lambda=1.9975039073501366e-05 rho=0.99763041961805721 accept=1
CLASSICAL_LM o=82 lambda=1.9975039073501366e-05 tau=1.9975039073501366e-05 prediction=6.649997923844313 rho=0.99763041961805721 accept=1
  MFCG it  83 cost=2.493230e+05 lam=1.998e-05 tau=0.00e+00 cg_it=1 shift=0 ckpt=2 alpha=0 acc mv=251
PCG_PREP o=83 rebuild=1 drift=0 previous_depth=2
E2_CAP o=83 retry=0 touched=2 ncam=52 raw=6099.3433065581048 capped=42.246728478502604 radius=403.16907370370899 median=0.97571037857512877 global_scale=1
ATTR_RADIUS o=83 raw_norm=6099.3433065581057 norm=42.246728478502604 radius=403.16907370370899 next_radius=403.16907370370899 lambda=1.9975039073501366e-05 next_lambda=1.9975039073501366e-05 rho=0.99774874538945169 accept=1
CLASSICAL_LM o=83 lambda=1.9975039073501366e-05 tau=1.9975039073501366e-05 prediction=6.3175472361402027 rho=0.99774874538945169 accept=1
  MFCG it  84 cost=2.493167e+05 lam=1.998e-05 tau=0.00e+00 cg_it=1 shift=0 ckpt=2 alpha=0 acc mv=254
PCG_PREP o=84 rebuild=1 drift=0 previous_depth=2
E2_CAP o=84 retry=0 touched=2 ncam=52 raw=6092.7231553218626 capped=40.300214972875274 radius=403.16907370370899 median=0.93071814941456654 global_scale=1
ATTR_RADIUS o=84 raw_norm=6092.7231553218644 norm=40.300214972875274 radius=403.16907370370899 next_radius=403.16907370370899 lambda=1.9975039073501366e-05 next_lambda=1.9975039073501366e-05 rho=0.99785650625265199 accept=1
CLASSICAL_LM o=84 lambda=1.9975039073501366e-05 tau=1.9975039073501366e-05 prediction=6.0133971482729214 rho=0.99785650625265199 accept=1
  MFCG it  85 cost=2.493107e+05 lam=1.998e-05 tau=0.00e+00 cg_it=1 shift=0 ckpt=2 alpha=0 acc mv=257
PCG_PREP o=85 rebuild=1 drift=0 previous_depth=2
E2_CAP o=85 retry=0 touched=2 ncam=52 raw=6086.4286896645435 capped=38.517763646299194 radius=403.16907370370899 median=0.88949262328823353 global_scale=1
ATTR_RADIUS o=85 raw_norm=6086.4286896645453 norm=38.517763646299194 radius=403.16907370370899 next_radius=403.16907370370899 lambda=1.9975039073501366e-05 next_lambda=1.9975039073501366e-05 rho=0.99795501821815447 accept=1
CLASSICAL_LM o=85 lambda=1.9975039073501366e-05 tau=1.9975039073501366e-05 prediction=5.7348569691398739 rho=0.99795501821815447 accept=1
  MFCG it  86 cost=2.493050e+05 lam=1.998e-05 tau=0.00e+00 cg_it=1 shift=0 ckpt=2 alpha=0 acc mv=260
PCG_PREP o=86 rebuild=1 drift=0 previous_depth=2
E2_CAP o=86 retry=0 touched=2 ncam=52 raw=6080.4316896249584 capped=37.170825848321229 radius=403.16907370370899 median=0.8585906193167836 global_scale=1
ATTR_RADIUS o=86 raw_norm=6080.4316896249575 norm=37.170825848321229 radius=403.16907370370899 next_radius=403.16907370370899 lambda=1.9975039073501366e-05 next_lambda=1.9975039073501366e-05 rho=0.99803019573130836 accept=1
CLASSICAL_LM o=86 lambda=1.9975039073501366e-05 tau=1.9975039073501366e-05 prediction=5.526607531677949 rho=0.99803019573130836 accept=1
  MFCG it  87 cost=2.492994e+05 lam=1.998e-05 tau=0.00e+00 cg_it=1 shift=0 ckpt=2 alpha=0 acc mv=263
PCG_PREP o=87 rebuild=1 drift=0 previous_depth=2
E2_CAP o=87 retry=0 touched=2 ncam=52 raw=6074.6625820837389 capped=36.331348842478967 radius=403.16907370370899 median=0.83975153590714879 global_scale=1
ATTR_RADIUS o=87 raw_norm=6074.6625820837407 norm=36.331348842478967 radius=403.16907370370899 next_radius=403.16907370370899 lambda=1.9975039073501366e-05 next_lambda=1.9975039073501366e-05 rho=0.99807862384393642 accept=1
CLASSICAL_LM o=87 lambda=1.9975039073501366e-05 tau=1.9975039073501366e-05 prediction=5.3997973263861159 rho=0.99807862384393642 accept=1
  MFCG it  88 cost=2.492941e+05 lam=1.998e-05 tau=0.00e+00 cg_it=1 shift=0 ckpt=2 alpha=0 acc mv=266
PCG_PREP o=88 rebuild=1 drift=0 previous_depth=2
E2_CAP o=88 retry=0 touched=2 ncam=52 raw=6069.0394883120125 capped=35.276534192239545 radius=403.16907370370899 median=0.8156060345395193 global_scale=1
ATTR_RADIUS o=88 raw_norm=6069.0394883120125 norm=35.276534192239545 radius=403.16907370370899 next_radius=403.16907370370899 lambda=1.9975039073501366e-05 next_lambda=1.9975039073501366e-05 rho=0.99813826754032198 accept=1
CLASSICAL_LM o=88 lambda=1.9975039073501366e-05 tau=1.9975039073501366e-05 prediction=5.2363988222886553 rho=0.99813826754032198 accept=1
  MFCG it  89 cost=2.492888e+05 lam=1.998e-05 tau=0.00e+00 cg_it=1 shift=0 ckpt=2 alpha=0 acc mv=269
PCG_PREP o=89 rebuild=1 drift=0 previous_depth=2
E2_CAP o=89 retry=0 touched=2 ncam=52 raw=6063.590897728247 capped=34.362789831790018 radius=403.16907370370899 median=0.79474653955360863 global_scale=1
ATTR_RADIUS o=89 raw_norm=6063.5908977282461 norm=34.36278983179001 radius=403.16907370370899 next_radius=403.16907370370899 lambda=1.9975039073501366e-05 next_lambda=1.9975039073501366e-05 rho=0.99819004156212965 accept=1
CLASSICAL_LM o=89 lambda=1.9975039073501366e-05 tau=1.9975039073501366e-05 prediction=5.0952486855366654 rho=0.99819004156212965 accept=1
  MFCG it  90 cost=2.492837e+05 lam=1.998e-05 tau=0.00e+00 cg_it=1 shift=0 ckpt=2 alpha=0 acc mv=272
PCG_PREP o=90 rebuild=1 drift=0 previous_depth=2
E2_CAP o=90 retry=0 touched=2 ncam=52 raw=6058.2935531901603 capped=33.449435596162743 radius=403.16907370370899 median=0.77380584997124713 global_scale=1
ATTR_RADIUS o=90 raw_norm=6058.2935531901585 norm=33.449435596162729 radius=403.16907370370899 next_radius=403.16907370370899 lambda=1.9975039073501366e-05 next_lambda=1.9975039073501366e-05 rho=0.99824157974047412 accept=1
CLASSICAL_LM o=90 lambda=1.9975039073501366e-05 tau=1.9975039073501366e-05 prediction=4.9535078502551846 rho=0.99824157974047412 accept=1
  MFCG it  91 cost=2.492788e+05 lam=1.998e-05 tau=0.00e+00 cg_it=1 shift=0 ckpt=2 alpha=0 acc mv=275
PCG_PREP o=91 rebuild=1 drift=0 previous_depth=2
E2_CAP o=91 retry=0 touched=2 ncam=52 raw=6053.143914479354 capped=32.547114374522231 radius=403.16907370370899 median=0.75305317698024354 global_scale=1
ATTR_RADIUS o=91 raw_norm=6053.1439144793521 norm=32.547114374522238 radius=403.16907370370899 next_radius=403.16907370370899 lambda=1.9975039073501366e-05 next_lambda=1.9975039073501366e-05 rho=0.99829225634193974 accept=1
CLASSICAL_LM o=91 lambda=1.9975039073501366e-05 tau=1.9975039073501366e-05 prediction=4.8131742809467122 rho=0.99829225634193974 accept=1
  MFCG it  92 cost=2.492740e+05 lam=1.998e-05 tau=0.00e+00 cg_it=1 shift=0 ckpt=2 alpha=0 acc mv=278
PCG_PREP o=92 rebuild=1 drift=0 previous_depth=2
E2_CAP o=92 retry=0 touched=2 ncam=52 raw=6048.1369287559219 capped=31.661107972352919 radius=403.16907370370899 median=0.73262600267745925 global_scale=1
ATTR_RADIUS o=92 raw_norm=6048.1369287559246 norm=31.661107972352919 radius=403.16907370370899 next_radius=403.16907370370899 lambda=1.9975039073501366e-05 next_lambda=1.9975039073501366e-05 rho=0.99834182392766602 accept=1
CLASSICAL_LM o=92 lambda=1.9975039073501366e-05 tau=1.9975039073501366e-05 prediction=4.6752510103120297 rho=0.99834182392766602 accept=1
  MFCG it  93 cost=2.492693e+05 lam=1.998e-05 tau=0.00e+00 cg_it=1 shift=0 ckpt=2 alpha=0 acc mv=281
PCG_PREP o=93 rebuild=1 drift=0 previous_depth=2
E2_CAP o=93 retry=0 touched=2 ncam=52 raw=6043.2716597059098 capped=30.79463308691512 radius=403.16907370370899 median=0.71260995755084222 global_scale=1
ATTR_RADIUS o=93 raw_norm=6043.271659705907 norm=30.794633086915116 radius=403.16907370370899 next_radius=403.16907370370899 lambda=1.9975039073501366e-05 next_lambda=1.9975039073501366e-05 rho=0.99839013746829508 accept=1
CLASSICAL_LM o=93 lambda=1.9975039073501366e-05 tau=1.9975039073501366e-05 prediction=4.5403486404207403 rho=0.99839013746829508 accept=1
  MFCG it  94 cost=2.492648e+05 lam=1.998e-05 tau=0.00e+00 cg_it=1 shift=0 ckpt=2 alpha=0 acc mv=284
PCG_PREP o=94 rebuild=1 drift=0 previous_depth=2
E2_CAP o=94 retry=0 touched=2 ncam=52 raw=6038.5438289211388 capped=29.95008288769786 radius=403.16907370370899 median=0.6930693036226766 global_scale=1
ATTR_RADIUS o=94 raw_norm=6038.5438289211388 norm=29.95008288769786 radius=403.16907370370899 next_radius=403.16907370370899 lambda=1.9975039073501366e-05 next_lambda=1.9975039073501366e-05 rho=0.99843709360169153 accept=1
CLASSICAL_LM o=94 lambda=1.9975039073501366e-05 tau=1.9975039073501366e-05 prediction=4.4089307222439649 rho=0.99843709360169153 accept=1
  MFCG it  95 cost=2.492604e+05 lam=1.998e-05 tau=0.00e+00 cg_it=1 shift=0 ckpt=2 alpha=0 acc mv=287
PCG_PREP o=95 rebuild=1 drift=0 previous_depth=2
E2_CAP o=95 retry=0 touched=2 ncam=52 raw=6033.9500776621799 capped=29.129341131185434 radius=403.16907370370899 median=0.67405478249056394 global_scale=1
ATTR_RADIUS o=95 raw_norm=6033.950077662179 norm=29.129341131185431 radius=403.16907370370899 next_radius=403.16907370370899 lambda=1.9975039073501366e-05 next_lambda=1.9975039073501366e-05 rho=0.99848260668293753 accept=1
CLASSICAL_LM o=95 lambda=1.9975039073501366e-05 tau=1.9975039073501366e-05 prediction=4.2813265076667522 rho=0.99848260668293753 accept=1
  MFCG it  96 cost=2.492561e+05 lam=1.998e-05 tau=0.00e+00 cg_it=1 shift=0 ckpt=2 alpha=0 acc mv=290
PCG_PREP o=96 rebuild=1 drift=0 previous_depth=2
E2_CAP o=96 retry=0 touched=2 ncam=52 raw=6029.4822112136098 capped=28.332990962728825 radius=403.16907370370899 median=0.65558503038395255 global_scale=1
ATTR_RADIUS o=96 raw_norm=6029.4822112136071 norm=28.332990962728818 radius=403.16907370370899 next_radius=403.16907370370899 lambda=1.9975039073501366e-05 next_lambda=1.9975039073501366e-05 rho=0.99852666814186364 accept=1
CLASSICAL_LM o=96 lambda=1.9975039073501366e-05 tau=1.9975039073501366e-05 prediction=4.1576767652716118 rho=0.99852666814186364 accept=1
  MFCG it  97 cost=2.492520e+05 lam=1.998e-05 tau=0.00e+00 cg_it=1 shift=0 ckpt=2 alpha=0 acc mv=293
PCG_PREP o=97 rebuild=1 drift=0 previous_depth=2
E2_CAP o=97 retry=0 touched=2 ncam=52 raw=6025.1380313669188 capped=27.561168758516839 radius=403.16907370370899 median=0.63766698141677025 global_scale=1
ATTR_RADIUS o=97 raw_norm=6025.1380313669179 norm=27.561168758516839 radius=403.16907370370899 next_radius=403.16907370370899 lambda=1.9975039073501366e-05 next_lambda=1.9975039073501366e-05 rho=0.99856927529375483 accept=1
CLASSICAL_LM o=97 lambda=1.9975039073501366e-05 tau=1.9975039073501366e-05 prediction=4.0379907522912806 rho=0.99856927529375483 accept=1
  MFCG it  98 cost=2.492479e+05 lam=1.998e-05 tau=0.00e+00 cg_it=1 shift=0 ckpt=2 alpha=0 acc mv=296
PCG_PREP o=98 rebuild=1 drift=0 previous_depth=2
E2_CAP o=98 retry=0 touched=2 ncam=52 raw=6020.9162940965871 capped=26.814114871996811 radius=403.16907370370899 median=0.62030967953753935 global_scale=1
ATTR_RADIUS o=98 raw_norm=6020.916294096588 norm=26.814114871996818 radius=403.16907370370899 next_radius=403.16907370370899 lambda=1.9975039073501366e-05 next_lambda=1.9975039073501366e-05 rho=0.99861043695729113 accept=1
CLASSICAL_LM o=98 lambda=1.9975039073501366e-05 tau=1.9975039073501366e-05 prediction=3.922338331853767 rho=0.99861043695729113 accept=1
  MFCG it  99 cost=2.492440e+05 lam=1.998e-05 tau=0.00e+00 cg_it=1 shift=0 ckpt=2 alpha=0 acc mv=299
PCG_PREP o=99 rebuild=1 drift=0 previous_depth=2
E2_CAP o=99 retry=0 touched=2 ncam=52 raw=6016.8110978076302 capped=26.167916349669103 radius=403.16907370370899 median=0.60534324194938072 global_scale=1
ATTR_RADIUS o=99 raw_norm=6016.8110978076311 norm=26.167916349669106 radius=403.16907370370899 next_radius=403.16907370370899 lambda=1.9975039073501366e-05 next_lambda=1.9975039073501366e-05 rho=0.99864623466126501 accept=1
CLASSICAL_LM o=99 lambda=1.9975039073501366e-05 tau=1.9975039073501366e-05 prediction=3.8227759380857691 rho=0.99864623466126501 accept=1
  MFCG it 100 cost=2.492402e+05 lam=1.998e-05 tau=0.00e+00 cg_it=1 shift=0 ckpt=2 alpha=0 acc mv=302
PCG_PREP o=100 rebuild=1 drift=0 previous_depth=2
E2_CAP o=100 retry=0 touched=2 ncam=52 raw=6012.8017147591499 capped=25.563378607113908 radius=403.16907370370899 median=0.59134729088695126 global_scale=1
ATTR_RADIUS o=100 raw_norm=6012.8017147591472 norm=25.563378607113908 radius=403.16907370370899 next_radius=403.16907370370899 lambda=1.9975039073501366e-05 next_lambda=1.9975039073501366e-05 rho=0.99867979845183408 accept=1
CLASSICAL_LM o=100 lambda=1.9975039073501366e-05 tau=1.9975039073501366e-05 prediction=3.7297960368007055 rho=0.99867979845183408 accept=1
  MFCG it 101 cost=2.492365e+05 lam=1.998e-05 tau=0.00e+00 cg_it=1 shift=0 ckpt=2 alpha=0 acc mv=305
PCG_PREP o=101 rebuild=1 drift=0 previous_depth=2
E2_CAP o=101 retry=0 touched=2 ncam=52 raw=6008.8875837682972 capped=24.985814664457337 radius=403.16907370370899 median=0.57797105421554684 global_scale=1
ATTR_RADIUS o=101 raw_norm=6008.887583768299 norm=24.985814664457344 radius=403.16907370370899 next_radius=403.16907370370899 lambda=1.9975039073501366e-05 next_lambda=1.9975039073501366e-05 rho=0.99871184360582432 accept=1
CLASSICAL_LM o=101 lambda=1.9975039073501366e-05 tau=1.9975039073501366e-05 prediction=3.6410426877796134 rho=0.99871184360582432 accept=1
  MFCG it 102 cost=2.492328e+05 lam=1.998e-05 tau=0.00e+00 cg_it=1 shift=0 ckpt=2 alpha=0 acc mv=308
PCG_PREP o=102 rebuild=1 drift=0 previous_depth=2
E2_CAP o=102 retry=0 touched=2 ncam=52 raw=6005.0644830620777 capped=24.431742435657274 radius=403.16907370370899 median=0.56513293640274553 global_scale=1
ATTR_RADIUS o=102 raw_norm=6005.0644830620759 norm=24.431742435657274 radius=403.16907370370899 next_radius=403.16907370370899 lambda=1.9975039073501366e-05 next_lambda=1.9975039073501366e-05 rho=0.99874255932282618 accept=1
CLASSICAL_LM o=102 lambda=1.9975039073501366e-05 tau=1.9975039073501366e-05 prediction=3.5559978846174705 rho=0.99874255932282618 accept=1
  MFCG it 103 cost=2.492293e+05 lam=1.998e-05 tau=0.00e+00 cg_it=1 shift=0 ckpt=2 alpha=0 acc mv=311
PCG_PREP o=103 rebuild=1 drift=0 previous_depth=2
E2_CAP o=103 retry=0 touched=2 ncam=52 raw=6001.3237219893508 capped=23.901268892129934 radius=403.16907370370899 median=0.5528373512433703 global_scale=1
ATTR_RADIUS o=103 raw_norm=6001.3237219893508 norm=23.901268892129938 radius=403.16907370370899 next_radius=403.16907370370899 lambda=1.9975039073501366e-05 next_lambda=1.9975039073501366e-05 rho=0.99877194506850209 accept=1
CLASSICAL_LM o=103 lambda=1.9975039073501366e-05 tau=1.9975039073501366e-05 prediction=3.4746676586220397 rho=0.99877194506850209 accept=1
  MFCG it 104 cost=2.492258e+05 lam=1.998e-05 tau=0.00e+00 cg_it=1 shift=0 ckpt=2 alpha=0 acc mv=314
PCG_PREP o=104 rebuild=1 drift=0 previous_depth=2
E2_CAP o=104 retry=0 touched=2 ncam=52 raw=5997.6673691963369 capped=23.392184218308838 radius=403.16907370370899 median=0.54103279744443955 global_scale=1
ATTR_RADIUS o=104 raw_norm=5997.6673691963388 norm=23.392184218308838 radius=403.16907370370899 next_radius=403.16907370370899 lambda=1.9975039073501366e-05 next_lambda=1.9975039073501366e-05 rho=0.99880011966174442 accept=1
CLASSICAL_LM o=104 lambda=1.9975039073501366e-05 tau=1.9975039073501366e-05 prediction=3.3966894760207005 rho=0.99880011966174442 accept=1
  MFCG it 105 cost=2.492224e+05 lam=1.998e-05 tau=0.00e+00 cg_it=1 shift=0 ckpt=2 alpha=0 acc mv=317
PCG_PREP o=105 rebuild=1 drift=0 previous_depth=2
E2_CAP o=105 retry=0 touched=2 ncam=52 raw=5994.0841972439757 capped=22.90431727373057 radius=403.16907370370899 median=0.52971662481847259 global_scale=1
ATTR_RADIUS o=105 raw_norm=5994.0841972439766 norm=22.904317273730577 radius=403.16907370370899 next_radius=403.16907370370899 lambda=1.9975039073501366e-05 next_lambda=1.9975039073501366e-05 rho=0.99882710531790464 accept=1
CLASSICAL_LM o=105 lambda=1.9975039073501366e-05 tau=1.9975039073501366e-05 prediction=3.322053829810772 rho=0.99882710531790464 accept=1
  MFCG it 106 cost=2.492191e+05 lam=1.998e-05 tau=0.00e+00 cg_it=1 shift=0 ckpt=2 alpha=0 acc mv=320
PCG_PREP o=106 rebuild=1 drift=0 previous_depth=2
E2_CAP o=106 retry=0 touched=2 ncam=52 raw=5990.5799032260102 capped=22.398512172413739 radius=403.16907370370899 median=0.51794947420471404 global_scale=1
ATTR_RADIUS o=106 raw_norm=5990.5799032260138 norm=22.398512172413739 radius=403.16907370370899 next_radius=403.16907370370899 lambda=1.9975039073501366e-05 next_lambda=1.9975039073501366e-05 rho=0.99885491411684435 accept=1
CLASSICAL_LM o=106 lambda=1.9975039073501366e-05 tau=1.9975039073501366e-05 prediction=3.2446001980131949 rho=0.99885491411684435 accept=1
  MFCG it 107 cost=2.492159e+05 lam=1.998e-05 tau=0.00e+00 cg_it=1 shift=0 ckpt=2 alpha=0 acc mv=323
PCG_PREP o=107 rebuild=1 drift=0 previous_depth=2
E2_CAP o=107 retry=0 touched=2 ncam=52 raw=5987.1507675653675 capped=21.882541483158853 radius=403.16907370370899 median=0.50591959653737106 global_scale=1
ATTR_RADIUS o=107 raw_norm=5987.1507675653693 norm=21.882541483158853 radius=403.16907370370899 next_radius=403.16907370370899 lambda=1.9975039073501366e-05 next_lambda=1.9975039073501366e-05 rho=0.99888312007427726 accept=1
CLASSICAL_LM o=107 lambda=1.9975039073501366e-05 tau=1.9975039073501366e-05 prediction=3.1656009786798283 rho=0.99888312007427726 accept=1
  MFCG it 108 cost=2.492127e+05 lam=1.998e-05 tau=0.00e+00 cg_it=1 shift=0 ckpt=2 alpha=0 acc mv=326
PCG_PREP o=108 rebuild=1 drift=0 previous_depth=2
E2_CAP o=108 retry=0 touched=2 ncam=52 raw=5983.7993173033774 capped=21.386125547878564 radius=403.16907370370899 median=0.49434238243486728 global_scale=1
ATTR_RADIUS o=108 raw_norm=5983.7993173033774 norm=21.386125547878564 radius=403.16907370370899 next_radius=403.16907370370899 lambda=1.9975039073501366e-05 next_lambda=1.9975039073501366e-05 rho=0.99891021851808359 accept=1
CLASSICAL_LM o=108 lambda=1.9975039073501366e-05 tau=1.9975039073501366e-05 prediction=3.0897441708938076 rho=0.99891021851808359 accept=1
  MFCG it 109 cost=2.492096e+05 lam=1.998e-05 tau=0.00e+00 cg_it=1 shift=0 ckpt=2 alpha=0 acc mv=329
PCG_PREP o=109 rebuild=1 drift=0 previous_depth=2
E2_CAP o=109 retry=0 touched=2 ncam=52 raw=5980.5282667659249 capped=20.908272340726835 radius=403.16907370370899 median=0.48319471644247636 global_scale=1
ATTR_RADIUS o=109 raw_norm=5980.5282667659267 norm=20.908272340726842 radius=403.16907370370899 next_radius=403.16907370370899 lambda=1.9975039073501366e-05 next_lambda=1.9975039073501366e-05 rho=0.99893628258291745 accept=1
CLASSICAL_LM o=109 lambda=1.9975039073501366e-05 tau=1.9975039073501366e-05 prediction=3.016838831616921 rho=0.99893628258291745 accept=1
  MFCG it 110 cost=2.492066e+05 lam=1.998e-05 tau=0.00e+00 cg_it=1 shift=0 ckpt=2 alpha=0 acc mv=332
PCG_PREP o=110 rebuild=1 drift=0 previous_depth=2
E2_CAP o=110 retry=0 touched=2 ncam=52 raw=5977.3235452880099 capped=20.491873887834732 radius=403.16907370370899 median=0.47350870411083645 global_scale=1
ATTR_RADIUS o=110 raw_norm=5977.3235452880126 norm=20.491873887834732 radius=403.16907370370899 next_radius=403.16907370370899 lambda=1.9975039073501366e-05 next_lambda=1.9975039073501366e-05 rho=0.99895912863497305 accept=1
CLASSICAL_LM o=110 lambda=1.9975039073501366e-05 tau=1.9975039073501366e-05 prediction=2.9535859813104905 rho=0.99895912863497305 accept=1
  MFCG it 111 cost=2.492037e+05 lam=1.998e-05 tau=0.00e+00 cg_it=1 shift=0 ckpt=2 alpha=0 acc mv=335
PCG_PREP o=111 rebuild=1 drift=0 previous_depth=2
E2_CAP o=111 retry=0 touched=2 ncam=52 raw=5974.18830326645 capped=20.147960010565992 radius=403.16907370370899 median=0.46554987419792621 global_scale=1
ATTR_RADIUS o=111 raw_norm=5974.18830326645 norm=20.147960010565988 radius=403.16907370370899 next_radius=403.16907370370899 lambda=1.9975039073501366e-05 next_lambda=1.9975039073501366e-05 rho=0.99897823136617359 accept=1
CLASSICAL_LM o=111 lambda=1.9975039073501366e-05 tau=1.9975039073501366e-05 prediction=2.9016176222212384 rho=0.99897823136617359 accept=1
  MFCG it 112 cost=2.492008e+05 lam=1.998e-05 tau=0.00e+00 cg_it=1 shift=0 ckpt=2 alpha=0 acc mv=338
PCG_PREP o=112 rebuild=1 drift=0 previous_depth=2
E2_CAP o=112 retry=0 touched=2 ncam=52 raw=5971.1016432911056 capped=19.820156996514307 radius=403.16907370370899 median=0.45796270111869308 global_scale=1
ATTR_RADIUS o=112 raw_norm=5971.1016432911038 norm=19.820156996514307 radius=403.16907370370899 next_radius=403.16907370370899 lambda=1.9975039073501366e-05 next_lambda=1.9975039073501366e-05 rho=0.99899648360618143 accept=1
CLASSICAL_LM o=112 lambda=1.9975039073501366e-05 tau=1.9975039073501366e-05 prediction=2.8520713798773811 rho=0.99899648360618143 accept=1
  MFCG it 113 cost=2.491979e+05 lam=1.998e-05 tau=0.00e+00 cg_it=1 shift=0 ckpt=2 alpha=0 acc mv=341
PCG_PREP o=113 rebuild=1 drift=0 previous_depth=2
E2_CAP o=113 retry=0 touched=2 ncam=52 raw=5968.0663290366665 capped=19.507627030350299 radius=403.16907370370899 median=0.45072802907536086 global_scale=1
ATTR_RADIUS o=113 raw_norm=5968.0663290366665 norm=19.507627030350296 radius=403.16907370370899 next_radius=403.16907370370899 lambda=1.9975039073501366e-05 next_lambda=1.9975039073501366e-05 rho=0.99901389228078397 accept=1
CLASSICAL_LM o=113 lambda=1.9975039073501366e-05 tau=1.9975039073501366e-05 prediction=2.804839698355325 rho=0.99901389228078397 accept=1
  MFCG it 114 cost=2.491951e+05 lam=1.998e-05 tau=0.00e+00 cg_it=1 shift=0 ckpt=2 alpha=0 acc mv=344
PCG_PREP o=114 rebuild=1 drift=0 previous_depth=2
E2_CAP o=114 retry=0 touched=2 ncam=52 raw=5965.0777352171835 capped=19.209606175809149 radius=403.16907370370899 median=0.44382825693218764 global_scale=1
ATTR_RADIUS o=114 raw_norm=5965.0777352171835 norm=19.209606175809153 radius=403.16907370370899 next_radius=403.16907370370899 lambda=1.9975039073501366e-05 next_lambda=1.9975039073501366e-05 rho=0.99903049998588889 accept=1
CLASSICAL_LM o=114 lambda=1.9975039073501366e-05 tau=1.9975039073501366e-05 prediction=2.759800791404786 rho=0.99903049998588889 accept=1
  MFCG it 115 cost=2.491923e+05 lam=1.998e-05 tau=0.00e+00 cg_it=1 shift=0 ckpt=2 alpha=0 acc mv=347
PCG_PREP o=115 rebuild=1 drift=0 previous_depth=2
E2_CAP o=115 retry=0 touched=2 ncam=52 raw=5962.1347927525967 capped=18.925374750789711 radius=403.16907370370899 median=0.43724686597642737 global_scale=1
ATTR_RADIUS o=115 raw_norm=5962.1347927525958 norm=18.925374750789715 radius=403.16907370370899 next_radius=403.16907370370899 lambda=1.9975039073501366e-05 next_lambda=1.9975039073501366e-05 rho=0.99904635079444282 accept=1
CLASSICAL_LM o=115 lambda=1.9975039073501366e-05 tau=1.9975039073501366e-05 prediction=2.7168479328381614 rho=0.99904635079444282 accept=1
  MFCG it 116 cost=2.491896e+05 lam=1.998e-05 tau=0.00e+00 cg_it=1 shift=0 ckpt=2 alpha=0 acc mv=350
PCG_PREP o=116 rebuild=1 drift=0 previous_depth=2
E2_CAP o=116 retry=0 touched=2 ncam=52 raw=5959.2335781517913 capped=18.654148145907488 radius=403.16907370370899 median=0.43096572215503509 global_scale=1
ATTR_RADIUS o=116 raw_norm=5959.2335781517922 norm=18.654148145907488 radius=403.16907370370899 next_radius=403.16907370370899 lambda=1.9975039073501366e-05 next_lambda=1.9975039073501366e-05 rho=0.99906148897046965 accept=1
CLASSICAL_LM o=116 lambda=1.9975039073501366e-05 tau=1.9975039073501366e-05 prediction=2.6758612616547781 rho=0.99906148897046965 accept=1
  MFCG it 117 cost=2.491870e+05 lam=1.998e-05 tau=0.00e+00 cg_it=1 shift=0 ckpt=2 alpha=0 acc mv=353
PCG_PREP o=117 rebuild=1 drift=0 previous_depth=2
E2_CAP o=117 retry=0 touched=2 ncam=52 raw=5956.3765971492994 capped=18.446295154904536 radius=403.16907370370899 median=0.42619663533279784 global_scale=1
ATTR_RADIUS o=117 raw_norm=5956.3765971492994 norm=18.446295154904529 radius=403.16907370370899 next_radius=403.16907370370899 lambda=1.9975039073501366e-05 next_lambda=1.9975039073501366e-05 rho=0.99907335730154134 accept=1
CLASSICAL_LM o=117 lambda=1.9975039073501366e-05 tau=1.9975039073501366e-05 prediction=2.6446339187987866 rho=0.99907335730154134 accept=1
  MFCG it 118 cost=2.491843e+05 lam=1.998e-05 tau=0.00e+00 cg_it=1 shift=0 ckpt=2 alpha=0 acc mv=356
PCG_PREP o=118 rebuild=1 drift=0 previous_depth=2
E2_CAP o=118 retry=0 touched=2 ncam=52 raw=5953.5486567082553 capped=18.288997306698004 radius=403.16907370370899 median=0.42263095255503158 global_scale=1
ATTR_RADIUS o=118 raw_norm=5953.5486567082553 norm=18.288997306698004 radius=403.16907370370899 next_radius=403.16907370370899 lambda=1.9975039073501366e-05 next_lambda=1.9975039073501366e-05 rho=0.99908265120340667 accept=1
CLASSICAL_LM o=118 lambda=1.9975039073501366e-05 tau=1.9975039073501366e-05 prediction=2.621102306290708 rho=0.99908265120340667 accept=1
  MFCG it 119 cost=2.491817e+05 lam=1.998e-05 tau=0.00e+00 cg_it=1 shift=0 ckpt=2 alpha=0 acc mv=359
PCG_PREP o=119 rebuild=1 drift=0 previous_depth=2
E2_CAP o=119 retry=0 touched=2 ncam=52 raw=5950.7439165604274 capped=18.190857908322506 radius=403.16907370370899 median=0.42047510452610537 global_scale=1
ATTR_RADIUS o=119 raw_norm=5950.7439165604301 norm=18.19085790832251 radius=403.16907370370899 next_radius=403.16907370370899 lambda=1.9975039073501366e-05 next_lambda=1.9975039073501366e-05 rho=0.9990889341881164 accept=1
CLASSICAL_LM o=119 lambda=1.9975039073501366e-05 tau=1.9975039073501366e-05 prediction=2.6065565373386796 rho=0.9990889341881164 accept=1
  MFCG it 120 cost=2.491791e+05 lam=1.998e-05 tau=0.00e+00 cg_it=1 shift=0 ckpt=2 alpha=0 acc mv=362
PCG_PREP o=120 rebuild=1 drift=0 previous_depth=2
E2_CAP o=120 retry=0 touched=2 ncam=52 raw=5947.9560394275713 capped=18.135204280472539 radius=403.16907370370899 median=0.41932751309197047 global_scale=1
ATTR_RADIUS o=120 raw_norm=5947.9560394275695 norm=18.135204280472536 radius=403.16907370370899 next_radius=403.16907370370899 lambda=1.9975039073501366e-05 next_lambda=1.9975039073501366e-05 rho=0.9990930657402145 accept=1
CLASSICAL_LM o=120 lambda=1.9975039073501366e-05 tau=1.9975039073501366e-05 prediction=2.5983639475421096 rho=0.9990930657402145 accept=1
  MFCG it 121 cost=2.491765e+05 lam=1.998e-05 tau=0.00e+00 cg_it=1 shift=0 ckpt=2 alpha=0 acc mv=365
PCG_PREP o=121 rebuild=1 drift=0 previous_depth=2
E2_CAP o=121 retry=0 touched=2 ncam=52 raw=5945.1734645797669 capped=18.083765896538328 radius=403.16907370370899 median=0.41826861017394656 global_scale=1
ATTR_RADIUS o=121 raw_norm=5945.1734645797651 norm=18.083765896538328 radius=403.16907370370899 next_radius=403.16907370370899 lambda=1.9975039073501366e-05 next_lambda=1.9975039073501366e-05 rho=0.99909697908861461 accept=1
CLASSICAL_LM o=121 lambda=1.9975039073501366e-05 tau=1.9975039073501366e-05 prediction=2.5906098870779508 rho=0.99909697908861461 accept=1
  MFCG it 122 cost=2.491739e+05 lam=1.998e-05 tau=0.00e+00 cg_it=1 shift=0 ckpt=2 alpha=0 acc mv=368
PCG_PREP o=122 rebuild=1 drift=0 previous_depth=2
E2_CAP o=122 retry=0 touched=2 ncam=52 raw=5942.4014785611771 capped=17.946034368749935 radius=403.16907370370899 median=0.41512597529260076 global_scale=1
ATTR_RADIUS o=122 raw_norm=5942.4014785611744 norm=17.946034368749928 radius=403.16907370370899 next_radius=403.16907370370899 lambda=1.9975039073501366e-05 next_lambda=1.9975039073501366e-05 rho=0.99910522592221385 accept=1
CLASSICAL_LM o=122 lambda=1.9975039073501366e-05 tau=1.9975039073501366e-05 prediction=2.5694180218211082 rho=0.99910522592221385 accept=1
  MFCG it 123 cost=2.491713e+05 lam=1.998e-05 tau=0.00e+00 cg_it=1 shift=0 ckpt=2 alpha=0 acc mv=371
PCG_PREP o=123 rebuild=1 drift=0 previous_depth=2
E2_CAP o=123 retry=0 touched=2 ncam=52 raw=5939.6466927855763 capped=17.747395610780952 radius=403.16907370370899 median=0.41051229209368645 global_scale=1
ATTR_RADIUS o=123 raw_norm=5939.6466927855772 norm=17.747395610780956 radius=403.16907370370899 next_radius=403.16907370370899 lambda=1.9975039073501366e-05 next_lambda=1.9975039073501366e-05 rho=0.99911645108394065 accept=1
CLASSICAL_LM o=123 lambda=1.9975039073501366e-05 tau=1.9975039073501366e-05 prediction=2.5388412971768615 rho=0.99911645108394065 accept=1
  MFCG it 124 cost=2.491688e+05 lam=1.998e-05 tau=0.00e+00 cg_it=1 shift=0 ckpt=2 alpha=0 acc mv=374
PCG_PREP o=124 rebuild=1 drift=0 previous_depth=2
E2_CAP o=124 retry=0 touched=2 ncam=52 raw=5936.925774273931 capped=17.557913578093927 radius=403.16907370370899 median=0.40611200101795109 global_scale=1
ATTR_RADIUS o=124 raw_norm=5936.9257742739328 norm=17.557913578093924 radius=403.16907370370899 next_radius=403.16907370370899 lambda=1.9975039073501366e-05 next_lambda=1.9975039073501366e-05 rho=0.99912713737024017 accept=1
CLASSICAL_LM o=124 lambda=1.9975039073501366e-05 tau=1.9975039073501366e-05 prediction=2.5096976742829269 rho=0.99912713737024017 accept=1
  MFCG it 125 cost=2.491663e+05 lam=1.998e-05 tau=0.00e+00 cg_it=1 shift=0 ckpt=2 alpha=0 acc mv=377
PCG_PREP o=125 rebuild=1 drift=0 previous_depth=2
E2_CAP o=125 retry=0 touched=2 ncam=52 raw=5934.2319099408005 capped=17.422834285983626 radius=403.16907370370899 median=0.40301190619285787 global_scale=1
ATTR_RADIUS o=125 raw_norm=5934.2319099408014 norm=17.42283428598363 radius=403.16907370370899 next_radius=403.16907370370899 lambda=1.9975039073501366e-05 next_lambda=1.9975039073501366e-05 rho=0.99913505755508369 accept=1
CLASSICAL_LM o=125 lambda=1.9975039073501366e-05 tau=1.9975039073501366e-05 prediction=2.488886776182297 rho=0.99913505755508369 accept=1
  MFCG it 126 cost=2.491638e+05 lam=1.998e-05 tau=0.00e+00 cg_it=1 shift=0 ckpt=2 alpha=0 acc mv=380
PCG_PREP o=126 rebuild=1 drift=0 previous_depth=2
E2_CAP o=126 retry=0 touched=2 ncam=52 raw=5931.5560205794409 capped=17.326544358376673 radius=403.16907370370899 median=0.40083643279287295 global_scale=1
ATTR_RADIUS o=126 raw_norm=5931.5560205794372 norm=17.326544358376676 radius=403.16907370370899 next_radius=403.16907370370899 lambda=1.9975039073501366e-05 next_lambda=1.9975039073501366e-05 rho=0.99914103384077746 accept=1
CLASSICAL_LM o=126 lambda=1.9975039073501366e-05 tau=1.9975039073501366e-05 prediction=2.4739389939803229 rho=0.99914103384077746 accept=1
  MFCG it 127 cost=2.491613e+05 lam=1.998e-05 tau=0.00e+00 cg_it=1 shift=0 ckpt=2 alpha=0 acc mv=383
PCG_PREP o=127 rebuild=1 drift=0 previous_depth=2
E2_CAP o=127 retry=0 touched=2 ncam=52 raw=5928.8942758849853 capped=17.235836551517817 radius=403.16907370370899 median=0.39878776954441064 global_scale=1
ATTR_RADIUS o=127 raw_norm=5928.8942758849835 norm=17.23583655151781 radius=403.16907370370899 next_radius=403.16907370370899 lambda=1.9975039073501366e-05 next_lambda=1.9975039073501366e-05 rho=0.99914672956368722 accept=1
CLASSICAL_LM o=127 lambda=1.9975039073501366e-05 tau=1.9975039073501366e-05 prediction=2.4597471508122992 rho=0.99914672956368722 accept=1
  MFCG it 128 cost=2.491589e+05 lam=1.998e-05 tau=0.00e+00 cg_it=1 shift=0 ckpt=2 alpha=0 acc mv=386
PCG_PREP o=128 rebuild=1 drift=0 previous_depth=2
E2_CAP o=128 retry=0 touched=2 ncam=52 raw=5926.2489275296721 capped=17.150385921081835 radius=403.16907370370899 median=0.39685860916606885 global_scale=1
ATTR_RADIUS o=128 raw_norm=5926.2489275296703 norm=17.150385921081835 radius=403.16907370370899 next_radius=403.16907370370899 lambda=1.9975039073501366e-05 next_lambda=1.9975039073501366e-05 rho=0.99915214031551725 accept=1
CLASSICAL_LM o=128 lambda=1.9975039073501366e-05 tau=1.9975039073501366e-05 prediction=2.4462831827195122 rho=0.99915214031551725 accept=1
  MFCG it 129 cost=2.491564e+05 lam=1.998e-05 tau=0.00e+00 cg_it=1 shift=0 ckpt=2 alpha=0 acc mv=389
PCG_PREP o=129 rebuild=1 drift=0 previous_depth=2
E2_CAP o=129 retry=0 touched=2 ncam=52 raw=5923.6161060646964 capped=17.069917639541575 radius=403.16907370370899 median=0.39504283311638594 global_scale=1
ATTR_RADIUS o=129 raw_norm=5923.6161060646964 norm=17.069917639541575 radius=403.16907370370899 next_radius=403.16907370370899 lambda=1.9975039073501366e-05 next_lambda=1.9975039073501366e-05 rho=0.99915727741044436 accept=1
CLASSICAL_LM o=129 lambda=1.9975039073501366e-05 tau=1.9975039073501366e-05 prediction=2.4335029453105177 rho=0.99915727741044436 accept=1
  MFCG it 130 cost=2.491540e+05 lam=1.998e-05 tau=0.00e+00 cg_it=1 shift=0 ckpt=2 alpha=0 acc mv=392
PCG_PREP o=130 rebuild=1 drift=0 previous_depth=2
E2_CAP o=130 retry=0 touched=2 ncam=52 raw=5920.9932281035135 capped=16.993720513849762 radius=403.16907370370899 median=0.39332367547938746 global_scale=1
ATTR_RADIUS o=130 raw_norm=5920.9932281035135 norm=16.993720513849759 radius=403.16907370370899 next_radius=403.16907370370899 lambda=1.9975039073501366e-05 next_lambda=1.9975039073501366e-05 rho=0.99916217917336725 accept=1
CLASSICAL_LM o=130 lambda=1.9975039073501366e-05 tau=1.9975039073501366e-05 prediction=2.4212977089685395 rho=0.99916217917336725 accept=1
  MFCG it 131 cost=2.491516e+05 lam=1.998e-05 tau=0.00e+00 cg_it=1 shift=0 ckpt=2 alpha=0 acc mv=395
PCG_PREP o=131 rebuild=1 drift=0 previous_depth=2
E2_CAP o=131 retry=0 touched=2 ncam=52 raw=5918.3827520946497 capped=16.916547675117773 radius=403.16907370370899 median=0.39157559576642242 global_scale=1
ATTR_RADIUS o=131 raw_norm=5918.3827520946497 norm=16.916547675117776 radius=403.16907370370899 next_radius=403.16907370370899 lambda=1.9975039073501366e-05 next_lambda=1.9975039073501366e-05 rho=0.99916711653648538 accept=1
CLASSICAL_LM o=131 lambda=1.9975039073501366e-05 tau=1.9975039073501366e-05 prediction=2.4088962111762311 rho=0.99916711653648538 accept=1
  MFCG it 132 cost=2.491492e+05 lam=1.998e-05 tau=0.00e+00 cg_it=1 shift=0 ckpt=2 alpha=0 acc mv=398
PCG_PREP o=132 rebuild=1 drift=0 previous_depth=2
E2_CAP o=132 retry=0 touched=2 ncam=52 raw=5915.7828382671605 capped=16.713830260595973 radius=403.16907370370899 median=0.38680922455746214 global_scale=1
ATTR_RADIUS o=132 raw_norm=5915.7828382671605 norm=16.713830260595977 radius=403.16907370370899 next_radius=403.16907370370899 lambda=1.9975039073501366e-05 next_lambda=1.9975039073501366e-05 rho=0.99917831835638138 accept=1
CLASSICAL_LM o=132 lambda=1.9975039073501366e-05 tau=1.9975039073501366e-05 prediction=2.3773722852676231 rho=0.99917831835638138 accept=1
  MFCG: converged (OCA_FTOL: 8 outers < 1.0e-05 rel)
  [menu-backtrack] confirming stop with original retry policy at outer 133
  MFCG it 133 cost=2.491468e+05 lam=1.998e-05 tau=0.00e+00 cg_it=1 shift=0 ckpt=2 alpha=0 acc mv=401
PCG_PREP o=133 rebuild=1 drift=0 previous_depth=2
E2_CAP o=133 retry=0 touched=2 ncam=52 raw=5913.2174548665243 capped=16.51179278309014 radius=403.16907370370899 median=0.38205605349182836 global_scale=1
ATTR_RADIUS o=133 raw_norm=5913.2174548665243 norm=16.51179278309014 radius=403.16907370370899 next_radius=403.16907370370899 lambda=1.9975039073501366e-05 next_lambda=1.9975039073501366e-05 rho=0.99918937014372533 accept=1
CLASSICAL_LM o=133 lambda=1.9975039073501366e-05 tau=1.9975039073501366e-05 prediction=2.3460702258119568 rho=0.99918937014372533 accept=1
  MFCG it 134 cost=2.491445e+05 lam=1.998e-05 tau=0.00e+00 cg_it=1 shift=0 ckpt=2 alpha=0 acc mv=404
PCG_PREP o=134 rebuild=1 drift=0 previous_depth=2
E2_CAP o=134 retry=0 touched=2 ncam=52 raw=5910.6800316965237 capped=16.24821193778817 radius=403.16907370370899 median=0.37582154657571176 global_scale=1
ATTR_RADIUS o=134 raw_norm=5910.68003169652 norm=16.24821193778817 radius=403.16907370370899 next_radius=403.16907370370899 lambda=1.9975039073501366e-05 next_lambda=1.9975039073501366e-05 rho=0.99920348327336406 accept=1
CLASSICAL_LM o=134 lambda=1.9975039073501366e-05 tau=1.9975039073501366e-05 prediction=2.3055107423904553 rho=0.99920348327336406 accept=1
  MFCG it 135 cost=2.491422e+05 lam=1.998e-05 tau=0.00e+00 cg_it=1 shift=0 ckpt=2 alpha=0 acc mv=407
PCG_PREP o=135 rebuild=1 drift=0 previous_depth=2
E2_CAP o=135 retry=0 touched=2 ncam=52 raw=5908.1825849559918 capped=15.934007217755914 radius=403.16907370370899 median=0.36836739138252483 global_scale=1
ATTR_RADIUS o=135 raw_norm=5908.1825849559937 norm=15.934007217755912 radius=403.16907370370899 next_radius=403.16907370370899 lambda=1.9975039073501366e-05 next_lambda=1.9975039073501366e-05 rho=0.99922005823038684 accept=1
CLASSICAL_LM o=135 lambda=1.9975039073501366e-05 tau=1.9975039073501366e-05 prediction=2.2574150936320403 rho=0.99922005823038684 accept=1
  MFCG it 136 cost=2.491399e+05 lam=1.998e-05 tau=0.00e+00 cg_it=1 shift=0 ckpt=2 alpha=0 acc mv=410
PCG_PREP o=136 rebuild=1 drift=0 previous_depth=2
E2_CAP o=136 retry=0 touched=2 ncam=52 raw=5905.7333272891228 capped=15.629035630168271 radius=403.16907370370899 median=0.36113133022548344 global_scale=1
ATTR_RADIUS o=136 raw_norm=5905.7333272891246 norm=15.62903563016827 radius=403.16907370370899 next_radius=403.16907370370899 lambda=1.9975039073501366e-05 next_lambda=1.9975039073501366e-05 rho=0.99923610713005562 accept=1
CLASSICAL_LM o=136 lambda=1.9975039073501366e-05 tau=1.9975039073501366e-05 prediction=2.2108707933098062 rho=0.99923610713005562 accept=1
  MFCG it 137 cost=2.491377e+05 lam=1.998e-05 tau=0.00e+00 cg_it=1 shift=0 ckpt=2 alpha=0 acc mv=413
PCG_PREP o=137 rebuild=1 drift=0 previous_depth=2
E2_CAP o=137 retry=0 touched=2 ncam=52 raw=5903.3311242893142 capped=15.360054909942594 radius=403.16907370370899 median=0.35475677685932983 global_scale=1
ATTR_RADIUS o=137 raw_norm=5903.3311242893142 norm=15.360054909942594 radius=403.16907370370899 next_radius=403.16907370370899 lambda=1.9975039073501366e-05 next_lambda=1.9975039073501366e-05 rho=0.99925033395267393 accept=1
CLASSICAL_LM o=137 lambda=1.9975039073501366e-05 tau=1.9975039073501366e-05 prediction=2.1698800731495753 rho=0.99925033395267393 accept=1
  MFCG it 138 cost=2.491355e+05 lam=1.998e-05 tau=0.00e+00 cg_it=1 shift=0 ckpt=2 alpha=0 acc mv=416
PCG_PREP o=138 rebuild=1 drift=0 previous_depth=2
E2_CAP o=138 retry=0 touched=2 ncam=52 raw=5900.9706065342543 capped=15.14450755131789 radius=403.16907370370899 median=0.34966379073417764 global_scale=1
ATTR_RADIUS o=138 raw_norm=5900.9706065342543 norm=15.144507551317888 radius=403.16907370370899 next_radius=403.16907370370899 lambda=1.9975039073501366e-05 next_lambda=1.9975039073501366e-05 rho=0.99926189122415066 accept=1
CLASSICAL_LM o=138 lambda=1.9975039073501366e-05 tau=1.9975039073501366e-05 prediction=2.1370486470796863 rho=0.99926189122415066 accept=1
  MFCG it 139 cost=2.491334e+05 lam=1.998e-05 tau=0.00e+00 cg_it=1 shift=0 ckpt=2 alpha=0 acc mv=419
PCG_PREP o=139 rebuild=1 drift=0 previous_depth=2
E2_CAP o=139 retry=0 touched=2 ncam=52 raw=5898.6427556749859 capped=14.935681156794477 radius=403.16907370370899 median=0.34472835249568884 global_scale=1
ATTR_RADIUS o=139 raw_norm=5898.642755674985 norm=14.935681156794477 radius=403.16907370370899 next_radius=403.16907370370899 lambda=1.9975039073501366e-05 next_lambda=1.9975039073501366e-05 rho=0.99927311821040965 accept=1
CLASSICAL_LM o=139 lambda=1.9975039073501366e-05 tau=1.9975039073501366e-05 prediction=2.1052412307539674 rho=0.99927311821040965 accept=1
  MFCG it 140 cost=2.491313e+05 lam=1.998e-05 tau=0.00e+00 cg_it=1 shift=0 ckpt=2 alpha=0 acc mv=422
PCG_PREP o=140 rebuild=1 drift=0 previous_depth=2
E2_CAP o=140 retry=0 touched=2 ncam=52 raw=5896.3460351871972 capped=14.733678508221878 radius=403.16907370370899 median=0.33995312741084299 global_scale=1
ATTR_RADIUS o=140 raw_norm=5896.3460351871963 norm=14.73367850822188 radius=403.16907370370899 next_radius=403.16907370370899 lambda=1.9975039073501366e-05 next_lambda=1.9975039073501366e-05 rho=0.99928398260278695 accept=1
CLASSICAL_LM o=140 lambda=1.9975039073501366e-05 tau=1.9975039073501366e-05 prediction=2.0745037398759987 rho=0.99928398260278695 accept=1
  MFCG: converged (OCA_FTOL: 8 outers < 1.0e-05 rel)
  MFCG: accepts=141 rejects=1 total_matvecs=425 negcurv=1 cand_evals=142 mean_cg_per_outer=3.0
NUMERIC_REPAIR summary rebuilds=1 floor=1.9975039073501366e-05
  [retry-cache] builds=143 reuses=0
  [menu-backtrack] trials=12 rescues=12 evals=30 total_scored=172
POINT_SAFE summary calls=12 evals=12 wins=6 frozen=3254 seconds=0.028890106
  [scoring] menu_evals=142 alpha_evals=0 backtrack_evals=30 total_scored=172
RESULT algo=mfree_shifted_cg iters=141 final_cost=249129.2091075620 solve_seconds=1.469783
DIAGNOSTICS median_reproj_err_px 3.252455 -> 0.360677 | cheirality_violations(obs) 0 -> 20 | cheirality_violations(pts, of 64053) 0 -> 10
