loaded /workspace/bal/final-3068.txt: 3068 cams 310854 pts 1653812 obs (SIMPLE_RADIAL, k2 dropped)
CHECK_INITIAL score=91376508.073028609 precision=f32
                                 score_init:  9.034519e+07
solver_iter:   0  pcg_iter:   0  score_current:  8.506426e+07  score_best:  8.506426e+07  step_quality:   1.016  diag:  1.000e+02  dt_inc:   0.020729  dt_tot:   0.020729  
solver_iter:   1  pcg_iter:   1  score_current:  7.242203e+07  score_best:  7.242203e+07  step_quality:   0.982  diag:  3.333e+01  dt_inc:   0.011373  dt_tot:   0.032102  
solver_iter:   2  pcg_iter:   1  score_current:  4.913093e+07  score_best:  4.913093e+07  step_quality:   0.993  diag:  1.111e+01  dt_inc:   0.010120  dt_tot:   0.042221  
solver_iter:   3  pcg_iter:   2  score_current:  2.505407e+07  score_best:  2.505407e+07  step_quality:   0.997  diag:  3.704e+00  dt_inc:   0.011978  dt_tot:   0.054199  
solver_iter:   4  pcg_iter:   7  score_current:  1.232778e+07  score_best:  1.232778e+07  step_quality:   0.995  diag:  1.235e+00  dt_inc:   0.021489  dt_tot:   0.075688  
solver_iter:   5  pcg_iter:  19  score_current:  7.402692e+06  score_best:  7.402692e+06  step_quality:   0.998  diag:  4.115e-01  dt_inc:   0.044361  dt_tot:   0.120049  
solver_iter:   6  pcg_iter:  19  score_current:  5.224044e+06  score_best:  5.224044e+06  step_quality:   1.013  diag:  1.372e-01  dt_inc:   0.044369  dt_tot:   0.164418  
solver_iter:   7  pcg_iter:  19  score_current:  3.985426e+06  score_best:  3.985426e+06  step_quality:   1.019  diag:  4.572e-02  dt_inc:   0.044395  dt_tot:   0.208813  
solver_iter:   8  pcg_iter:  19  score_current:  3.227162e+06  score_best:  3.227162e+06  step_quality:   1.018  diag:  1.524e-02  dt_inc:   0.044366  dt_tot:   0.253179  
solver_iter:   9  pcg_iter:  19  score_current:  2.714890e+06  score_best:  2.714890e+06  step_quality:   1.022  diag:  5.080e-03  dt_inc:   0.044370  dt_tot:   0.297549  
solver_iter:  10  pcg_iter:  19  score_current:  2.371334e+06  score_best:  2.371334e+06  step_quality:   1.028  diag:  1.693e-03  dt_inc:   0.044383  dt_tot:   0.341932  
solver_iter:  11  pcg_iter:  19  score_current:  2.170769e+06  score_best:  2.170769e+06  step_quality:   1.047  diag:  5.645e-04  dt_inc:   0.044364  dt_tot:   0.386296  
solver_iter:  12  pcg_iter:  19  score_current:  2.087824e+06  score_best:  2.087824e+06  step_quality:   0.959  diag:  1.882e-04  dt_inc:   0.044393  dt_tot:   0.430688  
solver_iter:  13  pcg_iter:   1  score_current:  2.054534e+06  score_best:  2.054534e+06  step_quality:   0.663  diag:  6.272e-05  dt_inc:   0.010111  dt_tot:   0.440800  
solver_iter:  14  pcg_iter:  19  score_current:  2.017928e+06  score_best:  2.017928e+06  step_quality:   1.346  diag:  6.055e-05  dt_inc:   0.044388  dt_tot:   0.485188  
solver_iter:  15  pcg_iter:  19  score_current:  2.240010e+06  score_best:  2.017928e+06  step_quality:   0.000  diag:  2.018e-05  dt_inc:   0.044264  dt_tot:   0.529452  
solver_iter:  16  pcg_iter:  19  score_current:  2.419672e+06  score_best:  2.017928e+06  step_quality:   0.000  diag:  4.036e-05  dt_inc:   0.044263  dt_tot:   0.573715  
solver_iter:  17  pcg_iter:  19  score_current:  2.343450e+06  score_best:  2.017928e+06  step_quality:   0.000  diag:  1.615e-04  dt_inc:   0.044319  dt_tot:   0.618034  
solver_iter:  18  pcg_iter:  19  score_current:  2.429922e+06  score_best:  2.017928e+06  step_quality:   0.000  diag:  1.292e-03  dt_inc:   0.044322  dt_tot:   0.662357  
solver_iter:  19  pcg_iter:  10  score_current:  2.426108e+06  score_best:  2.017928e+06  step_quality:   0.000  diag:  2.067e-02  dt_inc:   0.027128  dt_tot:   0.689485  
solver_iter:  20  pcg_iter:   2  score_current:  2.018901e+06  score_best:  2.017928e+06  step_quality:   0.000  diag:  6.613e-01  dt_inc:   0.011913  dt_tot:   0.701399  
solver_iter:  21  pcg_iter:   1  score_current:  2.017589e+06  score_best:  2.017589e+06  step_quality:   0.618  diag:  4.232e+01  dt_inc:   0.010101  dt_tot:   0.711500  
solver_iter:  22  pcg_iter:   0  score_current:  2.017343e+06  score_best:  2.017343e+06  step_quality:   0.508  diag:  4.176e+01  dt_inc:   0.008194  dt_tot:   0.719694  
solver_iter:  23  pcg_iter:   1  score_current:  2.019010e+06  score_best:  2.017343e+06  step_quality:   0.000  diag:  4.176e+01  dt_inc:   0.010022  dt_tot:   0.729716  
solver_iter:  24  pcg_iter:   0  score_current:  2.017545e+06  score_best:  2.017343e+06  step_quality:   0.000  diag:  8.352e+01  dt_inc:   0.008112  dt_tot:   0.737828  
RESULT exit=2 iters=25 final_score=2017342.875 runtime=0.745947390
INITIAL score=90345192 setup_seconds=0.285667888
TRACE iter=0 cost=85064264 seconds=0.020729310 accepted=1 pcg=0
TRACE iter=1 cost=72422032 seconds=0.032101945 accepted=1 pcg=1
TRACE iter=2 cost=49130928 seconds=0.042221460 accepted=1 pcg=1
TRACE iter=3 cost=25054072 seconds=0.054199496 accepted=1 pcg=2
TRACE iter=4 cost=12327781 seconds=0.075688226 accepted=1 pcg=7
TRACE iter=5 cost=7402691.5 seconds=0.120048938 accepted=1 pcg=19
TRACE iter=6 cost=5224044 seconds=0.164418089 accepted=1 pcg=19
TRACE iter=7 cost=3985426.25 seconds=0.208812981 accepted=1 pcg=19
TRACE iter=8 cost=3227162.5 seconds=0.253179302 accepted=1 pcg=19
TRACE iter=9 cost=2714890.25 seconds=0.297549084 accepted=1 pcg=19
TRACE iter=10 cost=2371334.5 seconds=0.341931875 accepted=1 pcg=19
TRACE iter=11 cost=2170768.75 seconds=0.386295707 accepted=1 pcg=19
TRACE iter=12 cost=2087824 seconds=0.430688308 accepted=1 pcg=19
TRACE iter=13 cost=2054534.375 seconds=0.440799763 accepted=1 pcg=1
TRACE iter=14 cost=2017928 seconds=0.485187964 accepted=1 pcg=19
TRACE iter=15 cost=2017928 seconds=0.529452196 accepted=0 pcg=19
TRACE iter=16 cost=2017928 seconds=0.573715477 accepted=0 pcg=19
TRACE iter=17 cost=2017928 seconds=0.618034469 accepted=0 pcg=19
TRACE iter=18 cost=2017928 seconds=0.662356770 accepted=0 pcg=19
TRACE iter=19 cost=2017928 seconds=0.689485233 accepted=0 pcg=10
TRACE iter=20 cost=2017928 seconds=0.701398639 accepted=0 pcg=2
TRACE iter=21 cost=2017589.125 seconds=0.711500124 accepted=1 pcg=1
TRACE iter=22 cost=2017342.875 seconds=0.719693788 accepted=1 pcg=0
TRACE iter=23 cost=2017342.875 seconds=0.729716203 accepted=0 pcg=1
TRACE iter=24 cost=2017342.875 seconds=0.737827947 accepted=0 pcg=0
CHECK final_score=2039539.248613846 native_relerr=0.0108830333
