[R10] --zero_k2: all k2 set to 0 at load
Loaded /workspace/bal/venice-52.txt: ncam=52 npt=64053 nobs=347173 n=192471
[R10] --dof9: refining f,k1 per camera (52 cameras)
  [menu-backtrack] active=1 max_evals=8 warmup_accepts=3 confirm_stop=original armijo=1e-4
MIXED_STORAGE fragments=fp32 arithmetic=fp64 state=fp64 acceptance=fp64
  [compact-fragments] active=2 saved_bytes=36105992 storage=fp32 camera_reads=contiguous
  MFCG score_init=11152062.772762468 precision=fp64
PHASE_SWEEP o=0 mode=1 valid=1 depth=1 qualified=1 raw=0.7441693113688399 clipped=0.73680129838499009 selected=2 center=0.10000000000000001 tau=0.10000000000000001 worst_res=0.28213836064841419 eta=0.5
ATTR_RADIUS o=0 raw_norm=1777.2895637079125 norm=1777.2895637079123 radius=1777.2895637079125 next_radius=3554.579127415825 lambda=0.10000000000000001 next_lambda=0.025000000000000001 rho=1.0055291604872147 accept=1
CLASSICAL_LM o=0 lambda=0.10000000000000001 tau=0.10000000000000001 prediction=7552807.1435411349 rho=1.0055291604872147 accept=1
  MFCG it   1 cost=3.557495e+06 lam=2.500e-02 tau=0.00e+00 cg_it=0 shift=0 ckpt=1 alpha=0 acc mv=6
PHASE_SWEEP o=1 mode=1 valid=1 depth=11 qualified=1 raw=0.94768699728777284 clipped=0.93435711619693607 selected=2 center=0.025000000000000001 tau=0.025000000000000001 worst_res=0.11502479926248114 eta=0.13251436238379308
ATTR_RADIUS o=1 raw_norm=3533.8612941138931 norm=3533.8612941138936 radius=3554.579127415825 next_radius=7109.1582548316501 lambda=0.025000000000000001 next_lambda=0.0062500000000000003 rho=0.99027132558386266 accept=1
CLASSICAL_LM o=1 lambda=0.025000000000000001 tau=0.025000000000000001 prediction=1937932.2153972916 rho=0.99027132558386266 accept=1
  MFCG it   2 cost=1.638416e+06 lam=6.250e-03 tau=0.00e+00 cg_it=10 shift=0 ckpt=11 alpha=0 acc mv=22
PHASE_SWEEP o=2 mode=1 valid=1 depth=128 qualified=0 raw=0.99887375338237339 clipped=0.99285842355858533 selected=2 center=0.0062500000000000003 tau=0.0062500000000000003 worst_res=0.13233122685344195 eta=0.040033444495768115
ATTR_RADIUS o=2 raw_norm=5593.3677632667459 norm=5593.3677632667468 radius=7109.1582548316501 next_radius=7109.1582548316501 lambda=0.0062500000000000003 next_lambda=0.00062500000000000012 rho=0.99583978595563594 accept=1
CLASSICAL_LM o=2 lambda=0.0062500000000000003 tau=0.0062500000000000003 prediction=419450.49107599456 rho=0.99583978595563594 accept=1
  MFCG it   3 cost=1.220711e+06 lam=6.250e-04 tau=0.00e+00 cg_it=127 shift=0 ckpt=128 alpha=0 acc mv=155
PHASE_SWEEP o=3 mode=1 valid=1 depth=128 qualified=0 raw=0.99443329350641851 clipped=0.95185615363609621 selected=2 center=0.00062500000000000012 tau=0.00062500000000000012 worst_res=0.49321849535796142 eta=0.22532779875945513
ATTR_RADIUS o=3 raw_norm=21806.549159845381 norm=7109.1582548316455 radius=7109.1582548316501 next_radius=14218.3165096633 lambda=0.00062500000000000012 next_lambda=0.00015625000000000003 rho=1.0060294609477327 accept=1
CLASSICAL_LM o=3 lambda=0.00062500000000000012 tau=0.00062500000000000012 prediction=225124.41178510184 rho=1.0060294609477327 accept=1
  MFCG it   4 cost=9.942290e+05 lam=1.563e-04 tau=0.00e+00 cg_it=127 shift=0 ckpt=128 alpha=0 acc mv=288
PHASE_SWEEP o=4 mode=1 valid=1 depth=120 qualified=1 raw=0.98010050561684792 clipped=0.91811415175387701 selected=2 center=0.00015625000000000003 tau=0.00015625000000000003 worst_res=0.47850865632332829 eta=0.5
ATTR_RADIUS o=4 raw_norm=39062.892460445641 norm=14218.316509663302 radius=14218.3165096633 next_radius=14218.3165096633 lambda=0.00015625000000000003 next_lambda=0.00015625000000000003 rho=0.25388390151037793 accept=1
CLASSICAL_LM o=4 lambda=0.00015625000000000003 tau=0.00015625000000000003 prediction=266147.10716703016 rho=0.25388390151037793 accept=1
  MFCG it   5 cost=9.266585e+05 lam=1.563e-04 tau=0.00e+00 cg_it=119 shift=0 ckpt=120 alpha=0 acc mv=413
PHASE_SWEEP o=5 mode=1 valid=1 depth=127 qualified=1 raw=0.98239119469987268 clipped=0.93922356541688845 selected=2 center=0.00015625000000000003 tau=0.00015625000000000003 worst_res=0.48447301506825852 eta=0.5
ATTR_RADIUS o=5 raw_norm=30981.752948085537 norm=14218.316509663302 radius=14218.3165096633 next_radius=14218.3165096633 lambda=0.00015625000000000003 next_lambda=0.00015625000000000003 rho=0.73895721828868743 accept=1
CLASSICAL_LM o=5 lambda=0.00015625000000000003 tau=0.00015625000000000003 prediction=392519.57905902877 rho=0.73895721828868743 accept=1
  MFCG it   6 cost=6.366033e+05 lam=1.563e-04 tau=0.00e+00 cg_it=126 shift=0 ckpt=127 alpha=0 acc mv=545
PHASE_SWEEP o=6 mode=1 valid=1 depth=109 qualified=1 raw=0.98206517500431101 clipped=0.953993685646227 selected=2 center=0.00015625000000000003 tau=0.00015625000000000003 worst_res=0.49657135473509462 eta=0.5
ATTR_RADIUS o=6 raw_norm=23301.323670725636 norm=14218.3165096633 radius=14218.3165096633 next_radius=14218.3165096633 lambda=0.00015625000000000003 next_lambda=0.00015625000000000003 rho=0.74361006009688324 accept=1
CLASSICAL_LM o=6 lambda=0.00015625000000000003 tau=0.00015625000000000003 prediction=237437.37351335472 rho=0.74361006009688324 accept=1
  MFCG it   7 cost=4.600425e+05 lam=1.563e-04 tau=0.00e+00 cg_it=108 shift=0 ckpt=109 alpha=0 acc mv=659
PHASE_SWEEP o=7 mode=1 valid=1 depth=2 qualified=1 raw=0.014954383307781031 clipped=0.014954383307781031 selected=2 center=0.00015625000000000003 tau=0.00015625000000000003 worst_res=0.42068352411471621 eta=0.5
ATTR_RADIUS o=7 raw_norm=29.258761071962333 norm=29.258761071962326 radius=14218.3165096633 next_radius=14218.3165096633 lambda=0.00015625000000000003 next_lambda=1.5625000000000004e-05 rho=0.71852302289494119 accept=1
CLASSICAL_LM o=7 lambda=0.00015625000000000003 tau=0.00015625000000000003 prediction=67068.498897232319 rho=0.71852302289494119 accept=1
PHASE_HANDOVER outer=8 reason=opening_cap flat_streak=0 accepted=8
  MFCG it   8 cost=4.118522e+05 lam=1.563e-05 tau=0.00e+00 cg_it=1 shift=0 ckpt=2 alpha=0 acc mv=666
PCG_PREP o=8 rebuild=1 drift=0 previous_depth=0
POINT_SAFE o=8 frozen=138 slope=-112724.77517878634 candidate=335274.91305699234 original=366131.84327211522 current=411852.24231136864 won=1 mode=1 camera_scale=1 keep_scale=0
ATTR_RADIUS o=8 raw_norm=39905.170166447489 norm=14218.316509663302 radius=14218.3165096633 next_radius=28436.6330193266 lambda=1.5625000000000004e-05 next_lambda=3.9062500000000009e-06 rho=0.93620214648024669 accept=1
CLASSICAL_LM o=8 lambda=1.5625000000000004e-05 tau=1.5625000000000004e-05 prediction=81795.720659557395 rho=0.93620214648024669 accept=1
  MFCG it   9 cost=3.352749e+05 lam=3.906e-06 tau=0.00e+00 cg_it=17 shift=0 ckpt=18 alpha=0 acc mv=685
PCG_PREP o=9 rebuild=1 drift=0 previous_depth=18
POINT_SAFE o=9 frozen=352 slope=-82030.938505088154 candidate=304564.08821440995 original=305312.62551799597 current=335274.91305699234 won=1 mode=1 camera_scale=1 keep_scale=0
ATTR_RADIUS o=9 raw_norm=46807.141841224184 norm=28436.633019326604 radius=28436.6330193266 next_radius=28436.6330193266 lambda=3.9062500000000009e-06 next_lambda=3.9062500000000009e-06 rho=0.5634265133182994 accept=1
CLASSICAL_LM o=9 lambda=3.9062500000000009e-06 tau=3.9062500000000009e-06 prediction=54507.241169236164 rho=0.5634265133182994 accept=1
  MFCG it  10 cost=3.045641e+05 lam=3.906e-06 tau=0.00e+00 cg_it=9 shift=0 ckpt=10 alpha=0 acc mv=696
PCG_PREP o=10 rebuild=1 drift=0 previous_depth=10
POINT_SAFE o=10 frozen=187 slope=-64453.832311418679 candidate=279910.84982134786 original=295035.05894975283 current=304564.08821440995 won=1 mode=1 camera_scale=1 keep_scale=0
ATTR_RADIUS o=10 raw_norm=10475.274126217835 norm=10475.274126217835 radius=28436.6330193266 next_radius=28436.6330193266 lambda=3.9062500000000009e-06 next_lambda=3.9062500000000012e-07 rho=0.78363088603439146 accept=1
CLASSICAL_LM o=10 lambda=3.9062500000000009e-06 tau=3.9062500000000009e-06 prediction=31460.268900095551 rho=0.78363088603439146 accept=1
  MFCG it  11 cost=2.799108e+05 lam=3.906e-07 tau=0.00e+00 cg_it=0 shift=0 ckpt=1 alpha=0 acc mv=698
PCG_PREP o=11 rebuild=1 drift=0 previous_depth=1
POINT_SAFE o=11 frozen=162 slope=-22699.364341087137 candidate=277139.57876004116 original=273013.1546100225 current=279910.84982134786 won=0 mode=1 camera_scale=1 keep_scale=0
ATTR_RADIUS o=11 raw_norm=13942.784592462138 norm=1742.8480740577672 radius=28436.6330193266 next_radius=28436.6330193266 lambda=3.9062500000000012e-07 next_lambda=3.9062500000000016e-08 rho=1.3185594655925499 accept=1
CLASSICAL_LM o=11 lambda=3.9062500000000012e-07 tau=3.9062500000000012e-07 prediction=5231.2355956017473 rho=1.3185594655925499 accept=1
  MFCG it  12 cost=2.730132e+05 lam=3.906e-08 tau=0.00e+00 cg_it=0 shift=0 ckpt=1 alpha=0 acc mv=700
PCG_PREP o=12 rebuild=1 drift=0 previous_depth=1
POINT_SAFE o=12 frozen=215 slope=-22257.535149347088 candidate=271030.61416021362 original=267561.52954053495 current=273013.1546100225 won=0 mode=1 camera_scale=1 keep_scale=0
ATTR_RADIUS o=12 raw_norm=15394.66771971426 norm=7697.3338598571299 radius=28436.6330193266 next_radius=28436.6330193266 lambda=3.9062500000000016e-08 next_lambda=3.9062500000000015e-09 rho=0.43802590165076355 accept=1
CLASSICAL_LM o=12 lambda=3.9062500000000016e-08 tau=3.9062500000000016e-08 prediction=12445.896575847037 rho=0.43802590165076355 accept=1
  MFCG it  13 cost=2.675615e+05 lam=3.906e-09 tau=0.00e+00 cg_it=0 shift=0 ckpt=1 alpha=0 acc mv=702
PCG_PREP o=13 rebuild=1 drift=0 previous_depth=1
ATTR_RADIUS o=13 raw_norm=16264.545713775366 norm=0 radius=28436.6330193266 next_radius=7109.1582548316501 lambda=3.9062500000000015e-09 next_lambda=6.2500000000000024e-08 rho=0.06876193441071865 accept=0
CLASSICAL_LM o=13 lambda=3.9062500000000015e-09 tau=3.9062500000000015e-09 prediction=13013.105490911992 rho=0.06876193441071865 accept=0
  MFCG it  14  retry 1/8  lam=6.250e-08 tau_eff=3.906e-09  (assembly reused)
PCG_PREP o=13 rebuild=1 drift=0 previous_depth=1
ATTR_RADIUS o=13 raw_norm=16150.040440867348 norm=7109.158254831651 radius=7109.1582548316501 next_radius=7109.1582548316501 lambda=6.2500000000000024e-08 next_lambda=6.2500000000000024e-08 rho=0.63272951229221286 accept=1
CLASSICAL_LM o=13 lambda=6.2500000000000024e-08 tau=6.2500000000000024e-08 prediction=11159.248062266597 rho=0.63272951229221286 accept=1
  MFCG it  14 cost=2.605007e+05 lam=6.250e-08 tau=0.00e+00 cg_it=0 shift=0 ckpt=1 alpha=0 acc mv=706
PCG_PREP o=14 rebuild=1 drift=0 previous_depth=1
ATTR_RADIUS o=14 raw_norm=16620.197223162544 norm=7109.1582548316537 radius=7109.1582548316501 next_radius=7109.1582548316501 lambda=6.2500000000000024e-08 next_lambda=6.2500000000000024e-08 rho=0.48217027184606703 accept=1
CLASSICAL_LM o=14 lambda=6.2500000000000024e-08 tau=6.2500000000000024e-08 prediction=5294.9002235813732 rho=0.48217027184606703 accept=1
  MFCG it  15 cost=2.579477e+05 lam=6.250e-08 tau=0.00e+00 cg_it=0 shift=0 ckpt=1 alpha=0 acc mv=708
PCG_PREP o=15 rebuild=1 drift=0 previous_depth=1
ATTR_RADIUS o=15 raw_norm=17030.490207843563 norm=7109.1582548316492 radius=7109.1582548316501 next_radius=7109.1582548316501 lambda=6.2500000000000024e-08 next_lambda=6.2500000000000024e-08 rho=0.38893826310598911 accept=1
CLASSICAL_LM o=15 lambda=6.2500000000000024e-08 tau=6.2500000000000024e-08 prediction=3617.8885194663599 rho=0.38893826310598911 accept=1
  MFCG it  16 cost=2.565406e+05 lam=6.250e-08 tau=0.00e+00 cg_it=0 shift=0 ckpt=1 alpha=0 acc mv=710
PCG_PREP o=16 rebuild=1 drift=0 previous_depth=1
ATTR_RADIUS o=16 raw_norm=17134.305290706936 norm=7109.1582548316519 radius=7109.1582548316501 next_radius=7109.1582548316501 lambda=6.2500000000000024e-08 next_lambda=6.2500000000000024e-08 rho=0.31205742416339782 accept=1
CLASSICAL_LM o=16 lambda=6.2500000000000024e-08 tau=6.2500000000000024e-08 prediction=3018.3077754836759 rho=0.31205742416339782 accept=1
  MFCG it  17 cost=2.555987e+05 lam=6.250e-08 tau=0.00e+00 cg_it=0 shift=0 ckpt=1 alpha=0 acc mv=712
PCG_PREP o=17 rebuild=1 drift=0 previous_depth=1
ATTR_RADIUS o=17 raw_norm=17116.173539060761 norm=7109.1582548316501 radius=7109.1582548316501 next_radius=7109.1582548316501 lambda=6.2500000000000024e-08 next_lambda=6.2500000000000024e-08 rho=0.25273999342639164 accept=1
CLASSICAL_LM o=17 lambda=6.2500000000000024e-08 tau=6.2500000000000024e-08 prediction=2761.9606686551078 rho=0.25273999342639164 accept=1
  MFCG it  18 cost=2.549006e+05 lam=6.250e-08 tau=0.00e+00 cg_it=0 shift=0 ckpt=1 alpha=0 acc mv=714
PCG_PREP o=18 rebuild=1 drift=0 previous_depth=1
ATTR_RADIUS o=18 raw_norm=17396.205632547058 norm=7109.1582548316537 radius=7109.1582548316501 next_radius=1777.2895637079125 lambda=6.2500000000000024e-08 next_lambda=1.0000000000000004e-06 rho=0.24594851583620436 accept=1
CLASSICAL_LM o=18 lambda=6.2500000000000024e-08 tau=6.2500000000000024e-08 prediction=2764.4887211546475 rho=0.24594851583620436 accept=1
  MFCG it  19 cost=2.542207e+05 lam=1.000e-06 tau=0.00e+00 cg_it=0 shift=0 ckpt=1 alpha=0 acc mv=716
PCG_PREP o=19 rebuild=1 drift=0 previous_depth=1
ATTR_RADIUS o=19 raw_norm=11565.804747715303 norm=1777.2895637079121 radius=1777.2895637079125 next_radius=3554.579127415825 lambda=1.0000000000000004e-06 next_lambda=2.5000000000000009e-07 rho=0.83018678278921842 accept=1
CLASSICAL_LM o=19 lambda=1.0000000000000004e-06 tau=1.0000000000000004e-06 prediction=1386.3398209799154 rho=0.83018678278921842 accept=1
  MFCG it  20 cost=2.530698e+05 lam=2.500e-07 tau=0.00e+00 cg_it=0 shift=0 ckpt=1 alpha=0 acc mv=718
PCG_PREP o=20 rebuild=1 drift=0 previous_depth=1
ATTR_RADIUS o=20 raw_norm=16539.860057384594 norm=3554.5791274158269 radius=3554.579127415825 next_radius=3554.579127415825 lambda=2.5000000000000009e-07 next_lambda=2.5000000000000009e-07 rho=0.56693074680519762 accept=1
CLASSICAL_LM o=20 lambda=2.5000000000000009e-07 tau=2.5000000000000009e-07 prediction=1397.8075018452432 rho=0.56693074680519762 accept=1
  MFCG it  21 cost=2.522773e+05 lam=2.500e-07 tau=0.00e+00 cg_it=0 shift=0 ckpt=1 alpha=0 acc mv=720
PCG_PREP o=21 rebuild=1 drift=0 previous_depth=1
ATTR_RADIUS o=21 raw_norm=16595.296956935887 norm=3554.5791274158269 radius=3554.579127415825 next_radius=3554.579127415825 lambda=2.5000000000000009e-07 next_lambda=2.5000000000000009e-07 rho=0.55382755499686531 accept=1
CLASSICAL_LM o=21 lambda=2.5000000000000009e-07 tau=2.5000000000000009e-07 prediction=1155.94884926194 rho=0.55382755499686531 accept=1
  MFCG it  22 cost=2.516371e+05 lam=2.500e-07 tau=0.00e+00 cg_it=0 shift=0 ckpt=1 alpha=0 acc mv=722
PCG_PREP o=22 rebuild=1 drift=0 previous_depth=1
ATTR_RADIUS o=22 raw_norm=16634.804274670805 norm=3554.5791274158241 radius=3554.579127415825 next_radius=3554.579127415825 lambda=2.5000000000000009e-07 next_lambda=2.5000000000000009e-07 rho=0.52627035749988915 accept=1
CLASSICAL_LM o=22 lambda=2.5000000000000009e-07 tau=2.5000000000000009e-07 prediction=970.00232797353374 rho=0.52627035749988915 accept=1
  MFCG it  23 cost=2.511266e+05 lam=2.500e-07 tau=0.00e+00 cg_it=0 shift=0 ckpt=1 alpha=0 acc mv=724
PCG_PREP o=23 rebuild=1 drift=0 previous_depth=1
ATTR_RADIUS o=23 raw_norm=16690.646693683266 norm=3554.5791274158255 radius=3554.579127415825 next_radius=3554.579127415825 lambda=2.5000000000000009e-07 next_lambda=2.5000000000000009e-07 rho=0.49235413904391295 accept=1
CLASSICAL_LM o=23 lambda=2.5000000000000009e-07 tau=2.5000000000000009e-07 prediction=834.43293351431305 rho=0.49235413904391295 accept=1
  MFCG it  24 cost=2.507158e+05 lam=2.500e-07 tau=0.00e+00 cg_it=0 shift=0 ckpt=1 alpha=0 acc mv=726
PCG_PREP o=24 rebuild=1 drift=0 previous_depth=1
ATTR_RADIUS o=24 raw_norm=16703.611014135065 norm=3554.5791274158241 radius=3554.579127415825 next_radius=3554.579127415825 lambda=2.5000000000000009e-07 next_lambda=2.5000000000000009e-07 rho=0.46152788285261492 accept=1
CLASSICAL_LM o=24 lambda=2.5000000000000009e-07 tau=2.5000000000000009e-07 prediction=736.95164217924537 rho=0.46152788285261492 accept=1
  MFCG it  25 cost=2.503757e+05 lam=2.500e-07 tau=0.00e+00 cg_it=0 shift=0 ckpt=1 alpha=0 acc mv=728
PCG_PREP o=25 rebuild=1 drift=0 previous_depth=1
ATTR_RADIUS o=25 raw_norm=16655.078358134397 norm=3554.5791274158255 radius=3554.579127415825 next_radius=3554.579127415825 lambda=2.5000000000000009e-07 next_lambda=2.5000000000000009e-07 rho=0.4352328391473278 accept=1
CLASSICAL_LM o=25 lambda=2.5000000000000009e-07 tau=2.5000000000000009e-07 prediction=665.48925573366296 rho=0.4352328391473278 accept=1
  MFCG it  26 cost=2.500860e+05 lam=2.500e-07 tau=0.00e+00 cg_it=0 shift=0 ckpt=1 alpha=0 acc mv=730
PCG_PREP o=26 rebuild=1 drift=0 previous_depth=1
ATTR_RADIUS o=26 raw_norm=16539.621187117111 norm=3554.579[R9] wrote /tmp/prism-ba-coarse/research/eta2_phase_hybrid/evidence/small/venice-52-shared_center-2/curve.csv
1274158219 radius=3554.579127415825 next_radius=3554.579127415825 lambda=2.5000000000000009e-07 next_lambda=2.5000000000000009e-07 rho=0.41322390482292948 accept=1
CLASSICAL_LM o=26 lambda=2.5000000000000009e-07 tau=2.5000000000000009e-07 prediction=611.88682888501899 rho=0.41322390482292948 accept=1
  MFCG it  27 cost=2.498332e+05 lam=2.500e-07 tau=0.00e+00 cg_it=0 shift=0 ckpt=1 alpha=0 acc mv=732
PCG_PREP o=27 rebuild=1 drift=0 previous_depth=1
ATTR_RADIUS o=27 raw_norm=16358.862592473031 norm=3554.5791274158246 radius=3554.579127415825 next_radius=3554.579127415825 lambda=2.5000000000000009e-07 next_lambda=2.5000000000000009e-07 rho=0.3953301130400777 accept=1
CLASSICAL_LM o=27 lambda=2.5000000000000009e-07 tau=2.5000000000000009e-07 prediction=571.03111696141048 rho=0.3953301130400777 accept=1
  MFCG it  28 cost=2.496074e+05 lam=2.500e-07 tau=0.00e+00 cg_it=0 shift=0 ckpt=1 alpha=0 acc mv=734
PCG_PREP o=28 rebuild=1 drift=0 previous_depth=1
ATTR_RADIUS o=28 raw_norm=16117.727930965881 norm=3554.5791274158241 radius=3554.579127415825 next_radius=3554.579127415825 lambda=2.5000000000000009e-07 next_lambda=2.5000000000000009e-07 rho=0.38130747090499956 accept=1
CLASSICAL_LM o=28 lambda=2.5000000000000009e-07 tau=2.5000000000000009e-07 prediction=539.38350796803093 rho=0.38130747090499956 accept=1
  MFCG it  29 cost=2.494018e+05 lam=2.500e-07 tau=0.00e+00 cg_it=0 shift=0 ckpt=1 alpha=0 acc mv=736
PCG_PREP o=29 rebuild=1 drift=0 previous_depth=1
ATTR_RADIUS o=29 raw_norm=15822.578471731509 norm=3554.5791274158255 radius=3554.579127415825 next_radius=3554.579127415825 lambda=2.5000000000000009e-07 next_lambda=2.5000000000000009e-07 rho=0.37087252713826074 accept=1
CLASSICAL_LM o=29 lambda=2.5000000000000009e-07 tau=2.5000000000000009e-07 prediction=514.4182730410804 rho=0.37087252713826074 accept=1
  MFCG it  30 cost=2.492110e+05 lam=2.500e-07 tau=0.00e+00 cg_it=0 shift=0 ckpt=1 alpha=0 acc mv=738
PCG_PREP o=30 rebuild=1 drift=0 previous_depth=1
ATTR_RADIUS o=30 raw_norm=15480.26435671207 norm=3554.5791274158232 radius=3554.579127415825 next_radius=3554.579127415825 lambda=2.5000000000000009e-07 next_lambda=2.5000000000000009e-07 rho=0.36374057669657195 accept=1
CLASSICAL_LM o=30 lambda=2.5000000000000009e-07 tau=2.5000000000000009e-07 prediction=494.29423704257414 rho=0.36374057669657195 accept=1
  MFCG it  31 cost=2.490312e+05 lam=2.500e-07 tau=0.00e+00 cg_it=0 shift=0 ckpt=1 alpha=0 acc mv=740
PCG_PREP o=31 rebuild=1 drift=0 previous_depth=1
ATTR_RADIUS o=31 raw_norm=15097.29908966463 norm=3554.5791274158264 radius=3554.579127415825 next_radius=3554.579127415825 lambda=2.5000000000000009e-07 next_lambda=2.5000000000000009e-07 rho=0.35963257869233783 accept=1
CLASSICAL_LM o=31 lambda=2.5000000000000009e-07 tau=2.5000000000000009e-07 prediction=477.6402183686958 rho=0.35963257869233783 accept=1
  MFCG it  32 cost=2.488594e+05 lam=2.500e-07 tau=0.00e+00 cg_it=0 shift=0 ckpt=1 alpha=0 acc mv=742
PCG_PREP o=32 rebuild=1 drift=0 previous_depth=1
ATTR_RADIUS o=32 raw_norm=14680.192322315723 norm=3554.5791274158246 radius=3554.579127415825 next_radius=3554.579127415825 lambda=2.5000000000000009e-07 next_lambda=2.5000000000000009e-07 rho=0.3582529565891166 accept=1
CLASSICAL_LM o=32 lambda=2.5000000000000009e-07 tau=2.5000000000000009e-07 prediction=463.39252938095228 rho=0.3582529565891166 accept=1
TARGET reached outer=33 seconds=0.957749913 cost=248693.40794404657 threshold=248785.17234380785
  MFCG: accepts=33 rejects=1 total_matvecs=744 negcurv=0 cand_evals=34 mean_cg_per_outer=22.5
PHASE_SUMMARY mode=1 sweeps=8 failures=0 products=666 seconds=0.61746781 open=0
NUMERIC_REPAIR summary rebuilds=0 floor=9.9999999999999998e-17
  [retry-cache] builds=34 reuses=0
  [menu-backtrack] trials=5 rescues=5 evals=12 total_scored=46
POINT_SAFE summary calls=5 evals=5 wins=3 frozen=1054 seconds=0.012088045
  [scoring] menu_evals=34 alpha_evals=0 backtrack_evals=12 total_scored=46
RESULT algo=mfree_shifted_cg iters=33 final_cost=248693.4079440466 solve_seconds=0.960654
DIAGNOSTICS median_reproj_err_px 3.252455 -> 0.375196 | cheirality_violations(obs) 0 -> 14 | cheirality_violations(pts, of 64053) 0 -> 7
