  [menu-backtrack] active=1 max_evals=8 warmup_accepts=3 confirm_stop=original armijo=1e-4
MIXED_STORAGE fragments=fp32 arithmetic=fp64 state=fp64 acceptance=fp64
  [compact-fragments] active=2 saved_bytes=171996448 storage=fp32 camera_reads=contiguous
  MFCG score_init=90993342.024340227 precision=fp64
PCG_PREP o=0 rebuild=1 drift=0 previous_depth=0
ATTR_RADIUS o=0 raw_norm=8861.1709887307588 norm=8861.1709887307588 radius=8861.1709887307588 next_radius=17722.341977461518 lambda=0.10000000000000001 next_lambda=0.025000000000000001 rho=0.99545080656082674 accept=1
CLASSICAL_LM o=0 lambda=0.10000000000000001 tau=0.10000000000000001 prediction=83412716.69905895 rho=0.99545080656082674 accept=1
  MFCG it   1 cost=7.960086e+06 lam=2.500e-02 tau=0.00e+00 cg_it=0 shift=0 ckpt=1 alpha=0 acc mv=2
PCG_PREP o=1 rebuild=1 drift=0 previous_depth=1
ATTR_RADIUS o=1 raw_norm=4659.7121206777838 norm=4659.7121206777838 radius=17722.341977461518 next_radius=17722.341977461518 lambda=0.025000000000000001 next_lambda=0.0025000000000000005 rho=0.99453896506499906 accept=1
CLASSICAL_LM o=1 lambda=0.025000000000000001 tau=0.025000000000000001 prediction=4259951.5107679702 rho=0.99453896506499906 accept=1
  MFCG it   2 cost=3.723398e+06 lam=2.500e-03 tau=0.00e+00 cg_it=4 shift=0 ckpt=5 alpha=0 acc mv=8
PCG_PREP o=2 rebuild=1 drift=0 previous_depth=5
ATTR_RADIUS o=2 raw_norm=6975.6779789559723 norm=6975.6779789559723 radius=17722.341977461518 next_radius=17722.341977461518 lambda=0.0025000000000000005 next_lambda=0.00025000000000000006 rho=0.87051061466540969 accept=1
CLASSICAL_LM o=2 lambda=0.0025000000000000005 tau=0.0025000000000000005 prediction=1234099.558071753 rho=0.87051061466540969 accept=1
  MFCG it   3 cost=2.649101e+06 lam=2.500e-04 tau=0.00e+00 cg_it=9 shift=0 ckpt=10 alpha=0 acc mv=19
PCG_PREP o=3 rebuild=1 drift=0 previous_depth=10
ATTR_RADIUS o=3 raw_norm=10922.542500247566 norm=10922.542500247566 radius=17722.341977461518 next_radius=17722.341977461518 lambda=0.00025000000000000006 next_lambda=2.5000000000000008e-05 rho=0.71461554947763317 accept=1
CLASSICAL_LM o=3 lambda=0.00025000000000000006 tau=0.00025000000000000006 prediction=596515.31226691045 rho=0.71461554947763317 accept=1
  MFCG it   4 cost=2.222822e+06 lam=2.500e-05 tau=0.00e+00 cg_it=0 shift=0 ckpt=1 alpha=0 acc mv=21
PCG_PREP o=4 rebuild=1 drift=0 previous_depth=1
POINT_SAFE o=4 frozen=1341 slope=-336469.80043316644 candidate=2043410.2433537657 original=2072225.5559306943 current=2222822.2595832008 won=1 mode=1 camera_scale=1 keep_scale=0
ATTR_RADIUS o=4 raw_norm=25300.156688729567 norm=17722.341977461514 radius=17722.341977461518 next_radius=35444.683954923035 lambda=2.5000000000000008e-05 next_lambda=6.250000000000002e-06 rho=0.91745235095958821 accept=1
CLASSICAL_LM o=4 lambda=2.5000000000000008e-05 tau=2.5000000000000008e-05 prediction=195554.58770341938 rho=0.91745235095958821 accept=1
  MFCG it   5 cost=2.043410e+06 lam=6.250e-06 tau=0.00e+00 cg_it=1 shift=0 ckpt=2 alpha=0 acc mv=24
PCG_PREP o=5 rebuild=1 drift=0 previous_depth=2
POINT_SAFE o=5 frozen=1597 slope=-207540.41909904394 candidate=2178480.3636603639 original=2002344.5204414756 current=2043410.2433537657 won=0 mode=1 camera_scale=1 keep_scale=0
ATTR_RADIUS o=5 raw_norm=42981.168429278194 norm=4430.5854943653803 radius=35444.683954923035 next_radius=35444.683954923035 lambda=6.250000000000002e-06 next_lambda=6.2500000000000026e-07 rho=0.91587716380792616 accept=1
CLASSICAL_LM o=5 lambda=6.250000000000002e-06 tau=6.250000000000002e-06 prediction=44837.587981287696 rho=0.91587716380792616 accept=1
  MFCG it   6 cost=2.002345e+06 lam=6.250e-07 tau=0.00e+00 cg_it=7 shift=0 ckpt=8 alpha=0 acc mv=33
PCG_PREP o=6 rebuild=1 drift=0 previous_depth=8
POINT_SAFE o=6 frozen=1715 slope=-116969.94687456053 candidate=4312877.5069871806 original=1973354.3823900437 current=2002344.5204414756 won=0 mode=1 camera_scale=1 keep_scale=0
ATTR_RADIUS o=6 raw_norm=69297.885987268994 norm=8861.170988730757 radius=35444.683954923035 next_radius=35444.683954923035 lambda=6.2500000000000026e-07 next_lambda=6.2500000000000024e-08 rho=0.50250347323068123 accept=1
CLASSICAL_LM o=6 lambda=6.2500000000000026e-07 tau=6.2500000000000026e-07 prediction=57691.418260354061 rho=0.50250347323068123 accept=1
  MFCG it   7 cost=1.973354e+06 lam=6.250e-08 tau=0.00e+00 cg_it=5 shift=0 ckpt=6 alpha=0 acc mv=40
PCG_PREP o=7 rebuild=1 drift=0 previous_depth=6
POINT_SAFE o=7 frozen=799 slope=-52967.065422745465 candidate=13409288.300103145 original=1973164.3446222164 current=1973354.3823900437 won=0 mode=1 camera_scale=1 keep_scale=0
ATTR_RADIUS o=7 raw_norm=75862.835798692555 norm=35444.683954923043 radius=35444.683954923035 next_radius=8861.1709887307588 lambda=6.2500000000000024e-08 next_lambda=1.0000000000000004e-06 rho=0.074461054726882969 accept=0
CLASSICAL_LM o=7 lambda=6.2500000000000024e-08 tau=6.2500000000000024e-08 prediction=2552.1766851721468 rho=0.074461054726882969 accept=0
  MFCG it   8  retry 1/8  lam=1.000e-06 tau_eff=6.250e-08  (assembly reused)
PCG_PREP o=7 rebuild=1 drift=0 previous_depth=1
POINT_SAFE o=7 frozen=282 slope=-45808.215283249046 candidate=2003330.6712400173 original=1973052.5776954615 current=1973354.3823900437 won=0 mode=1 camera_scale=1 keep_scale=0
ATTR_RADIUS o=7 raw_norm=30716.379023252004 norm=69.227898349459053 radius=8861.1709887307588 next_radius=2215.2927471826897 lambda=1.0000000000000004e-06 next_lambda=1.6000000000000006e-05 rho=0.2472610069547668 accept=1
CLASSICAL_LM o=7 lambda=1.0000000000000004e-06 tau=1.0000000000000004e-06 prediction=1220.5915453440412 rho=0.2472610069547668 accept=1
  MFCG it   8 cost=1.973053e+06 lam=1.600e-05 tau=0.00e+00 cg_it=0 shift=0 ckpt=1 alpha=0 acc mv=44
PCG_PREP o=8 rebuild=1 drift=0 previous_depth=1
POINT_SAFE o=8 frozen=45 slope=-42263.416457383966 candidate=1950336.3267328574 original=1972584.1792674097 current=1973052.5776954615 won=1 mode=1 camera_scale=1 keep_scale=0
ATTR_RADIUS o=8 raw_norm=8927.7350045253861 norm=2215.2927471826883 radius=2215.2927471826897 next_radius=4430.5854943653794 lambda=1.6000000000000006e-05 next_lambda=4.0000000000000015e-06 rho=0.91551341101086547 accept=1
CLASSICAL_LM o=8 lambda=1.6000000000000006e-05 tau=1.6000000000000006e-05 prediction=24812.581322562921 rho=0.91551341101086547 accept=1
  MFCG it   9 cost=1.950336e+06 lam=4.000e-06 tau=0.00e+00 cg_it=0 shift=0 ckpt=1 alpha=0 acc mv=46
PCG_PREP o=9 rebuild=1 drift=0 previous_depth=1
POINT_SAFE o=9 frozen=428 slope=-14113.45013312095 candidate=1939902.1608293112 original=1949383.8332772593 current=1950336.3267328574 won=1 mode=1 camera_scale=1 keep_scale=0
ATTR_RADIUS o=9 raw_norm=30293.668998135876 norm=4430.5854943653794 radius=4430.5854943653794 next_radius=8861.1709887307588 lambda=4.0000000000000015e-06 next_lambda=1.0000000000000004e-06 rho=0.93901415671564126 accept=1
CLASSICAL_LM o=9 lambda=4.0000000000000015e-06 tau=4.0000000000000015e-06 prediction=11111.830241240863 rho=0.93901415671564126 accept=1
  MFCG it  10 cost=1.939902e+06 lam=1.000e-06 tau=0.00e+00 cg_it=1 shift=0 ckpt=2 alpha=0 acc mv=49
PCG_PREP o=10 rebuild=1 drift=0 previous_depth=2
POINT_SAFE o=10 frozen=532 slope=-14004.202658951534 candidate=1929387.3686044004 original=1939688.5298384631 current=1939902.1608293112 won=1 mode=1 camera_scale=1 keep_scale=0
ATTR_RADIUS o=10 raw_norm=44473.864042671368 norm=8861.1709887307588 radius=8861.1709887307588 next_radius=17722.341977461518 lambda=1.0000000000000004e-06 next_lambda=2.5000000000000009e-07 rho=0.90696946346011731 accept=1
CLASSICAL_LM o=10 lambda=1.0000000000000004e-06 tau=1.0000000000000004e-06 prediction=11593.325518145388 rho=0.90696946346011731 accept=1
  MFCG it  11 cost=1.929387e+06 lam=2.500e-07 tau=0.00e+00 cg_it=1 shift=0 ckpt=2 alpha=0 acc mv=52
PCG_PREP o=11 rebuild=1 drift=0 previous_depth=2
POINT_SAFE o=11 frozen=1162 slope=-29622.201202424072 candidate=1930102.5380587806 original=1928245.5335856401 current=1929387.3686044004 won=0 mode=1 camera_scale=1 keep_scale=0
ATTR_RADIUS o=11 raw_norm=70513.359657706169 norm=553.82318679567243 radius=17722.341977461518 next_radius=17722.341977461518 lambda=2.5000000000000009e-07 next_lambda=2.5000000000000012e-08 rho=0.2624823067596353 accept=1
CLASSICAL_LM o=11 lambda=2.5000000000000009e-07 tau=2.5000000000000009e-07 prediction=4350.1409022815096 rho=0.2624823067596353 accept=1
  MFCG it  12 cost=1.928246e+06 lam=2.500e-08 tau=0.00e+00 cg_it=4 shift=0 ckpt=5 alpha=0 acc mv=58
PCG_PREP o=12 rebuild=1 drift=0 previous_depth=5
NUMERIC_REPAIR o=12 lambda=2.5000000000000012e-08 rayleigh=-1.4323613077418986e-08 next_lambda=1.5729445230967599e-07 cg=2 rebuild=1
PCG_PREP o=12 rebuild=1 drift=0 previous_depth=2
POINT_SAFE o=12 frozen=1162 slope=-28236.704322078069 candidate=1973073.3405665609 original=1927765.9209142767 current=1928245.5335856401 won=0 mode=1 camera_scale=1 keep_scale=0
ATTR_RADIUS o=12 raw_norm=73968.389066032745 norm=553.82318679567231 radius=17722.341977461518 next_radius=4430.5854943653794 lambda=1.5729445230967599e-07 next_lambda=2.5167112369548159e-06 rho=0.11176779261120796 accept=1
CLASSICAL_LM o=12 lambda=1.5729445230967599e-07 tau=1.5729445230967599e-07 prediction=4291.1527566064251 rho=0.11176779261120796 accept=1
  MFCG it  13 cost=1.927766e+06 lam=2.517e-06 tau=0.00e+00 cg_it=4 shift=0 ckpt=5 alpha=0 acc mv=67
PCG_PREP o=13 rebuild=1 drift=0 previous_depth=5
POINT_SAFE o=13 frozen=329 slope=-13597.241316057098 candidate=1917051.8379604055 original=1926659.9151119832 current=1927765.9209142767 won=1 mode=1 camera_scale=1 keep_scale=0
ATTR_RADIUS o=13 raw_norm=41506.691335896976 norm=4430.5854943653785 radius=4430.5854943653794 next_radius=8861.1709887307588 lambda=2.5167112369548159e-06 next_lambda=6.2917780923870396e-07 rho=0.93105203644054513 accept=1
CLASSICAL_LM o=13 lambda=2.5167112369548159e-06 tau=2.5167112369548159e-06 prediction=11507.501766315512 rho=0.93105203644054513 accept=1
  MFCG it  14 cost=1.917052e+06 lam=6.292e-07 tau=0.00e+00 cg_it=4 shift=0 ckpt=5 alpha=0 acc mv=73
PCG_PREP o=14 rebuild=1 drift=0 previous_depth=5
POINT_SAFE o=14 frozen=587 slope=-16140.375777033114 candidate=1905772.2300665525 original=1915507.3624898265 current=1917051.8379604055 won=1 mode=1 camera_scale=1 keep_scale=0
ATTR_RADIUS o=14 raw_norm=53519.74889002891 norm=8861.1709887307607 radius=8861.1709887307588 next_radius=17722.341977461518 lambda=6.2917780923870396e-07 next_lambda=1.5729445230967599e-07 rho=0.79675058169615887 accept=1
CLASSICAL_LM o=14 lambda=6.2917780923870396e-07 tau=6.2917780923870396e-07 prediction=14157.012436489775 rho=0.79675058169615887 accept=1
  MFCG it  15 cost=1.905772e+06 lam=1.573e-07 tau=0.00e+00 cg_it=4 shift=0 ckpt=5 alpha=0 acc mv=79
PCG_PREP o=15 rebuild=1 drift=0 previous_depth=5
POINT_SAFE o=15 frozen=892 slope=-9179.6670103530778 candidate=2442348.6344992081 original=1905275.1667095283 current=1905772.2300665525 won=0 mode=1 camera_scale=1 keep_scale=0
ATTR_RADIUS o=15 raw_norm=52040.740987563178 norm=17722.34197746151 radius=17722.341977461518 next_radius=4430.5854943653794 lambda=1.5729445230967599e-07 next_lambda=2.5167112369548159e-06 rho=0.06785310265042753 accept=0
CLASSICAL_LM o=15 lambda=1.5729445230967599e-07 tau=1.5729445230967599e-07 prediction=7325.5803730161315 rho=0.06785310265042753 accept=0
  MFCG it  16  retry 1/8  lam=2.517e-06 tau_eff=1.573e-07  (assembly reused)
PCG_PREP o=15 rebuild=1 drift=0 previous_depth=1
POINT_SAFE o=15 frozen=436 slope=-8626.1192342547383 candidate=1901900.879216749 original=1904187.2824985869 current=1905772.2300665525 won=1 mode=1 camera_scale=1 keep_scale=0
ATTR_RADIUS o=15 raw_norm=13325.348381084543 norm=4430.5854943653785 radius=4430.5854943653794 next_radius=4430.5854943653794 lambda=2.5167112369548159e-06 next_lambda=2.5167112369548159e-06 rho=0.61514392551259067 accept=1
CLASSICAL_LM o=15 lambda=2.5167112369548159e-06 tau=2.5167112369548159e-06 prediction=6293.4066146838659 rho=0.61514392551259067 accept=1
  MFCG it  16 cost=1.901901e+06 lam=2.517e-06 tau=0.00e+00 cg_it=0 shift=0 ckpt=1 alpha=0 acc mv=83
PCG_PREP o=16 rebuild=1 drift=0 previous_depth=1
POINT_SAFE o=16 frozen=368 slope=-9083.7473539182538 candidate=1894539.3718821604 original=1900327.5007040529 current=1901900.879216749 won=1 mode=1 camera_scale=1 keep_scale=0
ATTR_RADIUS o=16 raw_norm=33790.171297965724 norm=4430.5854943653812 radius=4430.5854943653794 next_radius=8861.1709887307588 lambda=2.5167112369548159e-06 next_lambda=6.2917780923870396e-07 rho=0.9107240837272319 accept=1
CLASSICAL_LM o=16 lambda=2.5167112369548159e-06 tau=2.5167112369548159e-06 prediction=8083.1367766852454 rho=0.9107240837272319 accept=1
  MFCG it  17 cost=1.894539e+06 lam=6.292e-07 tau=0.00e+00 cg_it=3 shift=0 ckpt=4 alpha=0 acc mv=88
PCG_PREP o=17 rebuild=1 drift=0 previous_depth=4
POINT_SAFE o=17 frozen=489 slope=-9986.7600541640222 candidate=1960395.0831234606 original=1892829.8127425902 current=1894539.3718821604 won=0 mode=1 camera_scale=1 keep_scale=0
ATTR_RADIUS o=17 raw_norm=57924.984057464091 norm=276.91159339783616 radius=8861.1709887307588 next_radius=8861.1709887307588 lambda=6.2917780923870396e-07 next_lambda=1.5729445230967599e-07 rho=0.45592767639573389 accept=1
CLASSICAL_LM o=17 lambda=6.2917780923870396e-07 tau=6.2917780923870396e-07 prediction=3749.6279082789579 rho=0.45592767639573389 accept=1
  MFCG it  18 cost=1.892830e+06 lam=1.573e-07 tau=0.00e+00 cg_it=3 shift=0 ckpt=4 alpha=0 acc mv=93
PCG_PREP o=18 rebuild=1 drift=0 previous_depth=4
POINT_SAFE o=18 frozen=483 slope=-7062.6672637380752 candidate=1985055.5312834727 original=inf current=1892829.8127425902 won=0 mode=1 camera_scale=1 keep_scale=0
ATTR_RADIUS o=18 raw_norm=86403.50083515291 norm=8861.1709887307588 radius=8861.1709887307588 next_radius=2215.2927471826897 lambda=1.5729445230967599e-07 next_lambda=2.5167112369548159e-06 rho=-1 accept=0
CLASSICAL_LM o=18 lambda=1.5729445230967599e-07 tau=1.5729445230967599e-07 prediction=6329.003807464509 rho=-1 accept=0
  MFCG it  19  retry 1/8  lam=2.517e-06 tau_eff=1.573e-07  (assembly reused)
PCG_PREP o=18 rebuild=1 drift=0 previous_depth=4
POINT_SAFE o=18 frozen=68 slope=-4341.9163345710167 candidate=1889234.1366580545 original=inf current=1892829.8127425902 won=1 mode=1 camera_scale=1 keep_scale=0
ATTR_RADIUS o=18 raw_norm=36295.501492135489 norm=2215.2927471826911 radius=2215.2927471826897 next_radius=4430.5854943653794 lambda=2.5167112369548159e-06 next_lambda=6.2917780923870396e-07 rho=0.92602843428434833 accept=1
CLASSICAL_LM o=18 lambda=2.5167112369548159e-06 tau=2.5167112369548159e-06 prediction=3882.9002991840807 rho=0.92602843428434833 accept=1
  MFCG it  19 cost=1.889234e+06 lam=6.292e-07 tau=0.00e+00 cg_it=3 shift=0 ckpt=4 alpha=0 acc mv=103
PCG_PREP o=19 rebuild=1 drift=0 previous_depth=4
POINT_SAFE o=19 frozen=566 slope=-1966.4411229220841 candidate=1900643.8907876911 original=inf current=1889234.1366580545 won=0 mode=1 camera_scale=1 keep_scale=0
ATTR_RADIUS o=19 raw_norm=35528.572440601551 norm=4430.5854943653794 radius=4430.5854943653794 next_radius=1107.6463735913449 lambda=6.2917780923870396e-07 next_lambda=1.0066844947819263e-05 rho=-1 accept=0
CLASSICAL_LM o=19 lambda=6.2917780923870396e-07 tau=6.2917780923870396e-07 prediction=1764.6774393943506 rho=-1 accept=0
  MFCG it  20  retry 1/8  lam=1.007e-05 tau_eff=6.292e-07  (assembly reused)
PCG_PREP o=19 rebuild=1 drift=0 previous_depth=1
POINT_SAFE o=19 frozen=54 slope=-2727.8007549019376 candidate=1886718.7291806522 original=inf current=1889234.1366580545 won=1 mode=1 camera_scale=1 keep_scale=0
ATTR_RADIUS o=19 raw_norm=24412.245645977753 norm=1107.6463735913444 radius=1107.6463735913449 next_radius=2215.2927471826897 lambda=1.0066844947819263e-05 next_lambda=2.5167112369548159e-06 rho=0.97190604781010437 accept=1
CLASSICAL_LM o=19 lambda=1.0066844947819263e-05 tau=1.0066844947819263e-05 prediction=2588.117939043665 rho=0.97190604781010437 accept=1
  MFCG it  20 cost=1.886719e+06 lam=2.517e-06 tau=0.00e+00 cg_it=3 shift=0 ckpt=4 alpha=0 acc mv=110
PCG_PREP o=20 rebuild=1 drift=0 previous_depth=4
POINT_SAFE o=20 frozen=301 slope=-9703.9921271249859 candidate=2759948.9791878709 original=inf current=1886718.7291806522 won=0 mode=1 camera_scale=1 keep_scale=0
ATTR_RADIUS o=20 raw_norm=37375.3092090395 norm=2215.2927471826906 radius=2215.2927471826897 next_radius=553.82318679567243 lambda=2.5167112369548159e-06 next_lambda=4.0267379791277054e-05 rho=-1 accept=0
CLASSICAL_LM o=20 lambda=2.5167112369548159e-06 tau=2.5167112369548159e-06 prediction=9400.2168852597333 rho=-1 accept=0
  MFCG it  21  retry 1/8  lam=4.027e-05 tau_eff=2.517e-06  (assembly reused)
PCG_PREP o=20 rebuild=1 drift=0 previous_depth=4
POINT_SAFE o=20 frozen=116 slope=-14218.465075227623 candidate=2496356.4410273512 original=inf current=1886718.7291806522 won=0 mode=1 camera_scale=1 keep_scale=0
ATTR_RADIUS o=20 raw_norm=5189.7475912728805 norm=553.82318679567254 radius=553.82318679567243 next_radius=138.45579669891811 lambda=4.0267379791277054e-05 next_lambda=0.00064427807666043286 rho=-1 accept=0
CLASSICAL_LM o=20 lambda=4.0267379791277054e-05 tau=4.0267379791277054e-05 prediction=13396.393296581504 rho=-1 accept=0
  MFCG it  21  retry 2/8  lam=6.443e-04 tau_eff=4.027e-05  (assembly reused)
PCG_PREP o=20 rebuild=1 drift=0 previous_depth=2
POINT_SAFE o=20 frozen=45 slope=-19730.003976611351 candidate=2452486.7832515785 original=inf current=1886718.7291806522 won=0 mode=1 camera_scale=1 keep_scale=0
ATTR_RADIUS o=20 raw_norm=837.3693266663937 norm=138.45579669891805 radius=138.45579669891811 next_radius=34.613949174729527 lambda=0.00064427807666043286 next_lambda=0.010308449226566926 rho=-1 accept=0
CLASSICAL_LM o=20 lambda=0.00064427807666043286 tau=0.00064427807666043286 prediction=18050.739701034832 rho=-1 accept=0
  MFCG it  21  retry 3/8  lam=1.031e-02 tau_eff=6.443e-04  (assembly reused)
PCG_PREP o=20 rebuild=1 drift=0 previous_depth=1
POINT_SAFE o=20 frozen=3 slope=-11090.578494243511 candidate=2500436.1512239841 original=inf current=1886718.7291806522 won=0 mode=1 camera_scale=1 keep_scale=0
ATTR_RADIUS o=20 raw_norm=361.66636205195982 norm=34.613949174729527 radius=34.613949174729527 next_radius=8.6534872936823817 lambda=0.010308449226566926 next_lambda=0.16493518762507081 rho=-1 accept=0
CLASSICAL_LM o=20 lambda=0.010308449226566926 tau=0.010308449226566926 prediction=10533.052753952841 rho=-1 accept=0
  MFCG it  21  retry 4/8  lam=1.649e-01 tau_eff=1.031e-02  (assembly reused)
PCG_PREP o=20 rebuild=1 drift=0 previous_depth=1
POINT_SAFE o=20 frozen=1 slope=-3555.0218598585102 candidate=2927295.8161522355 original=inf current=1886718.7291806522 won=0 mode=1 camera_scale=1 keep_scale=0
ATTR_RADIUS o=20 raw_norm=253.11966034793375 norm=8.6534872936823746 radius=8.6534872936823817 next_radius=2.1633718234205954 lambda=0.16493518762507081 next_lambda=2.638963002001133 rho=-1 accept=0
CLASSICAL_LM o=20 lambda=0.16493518762507081 tau=0.16493518762507081 prediction=3472.497078194393 rho=-1 accept=0
  MFCG it  21  retry 5/8  lam=2.639e+00 tau_eff=1.649e-01  (assembly reused)
PCG_PREP o=20 rebuild=1 drift=0 previous_depth=1
POINT_SAFE o=20 frozen=1 slope=-1013.5263228737174 candidate=716471064.96053803 original=1886718.3060257204 current=1886718.7291806522 won=0 mode=1 camera_scale=1 keep_scale=0
ATTR_RADIUS o=20 raw_norm=97.84291609133291 norm=0.0084506711852367026 radius=2.1633718234205954 next_radius=0.54084295585514885 lambda=2.638963002001133 next_lambda=42.223408032018128 rho=0.10650843204629773 accept=1
CLASSICAL_LM o=20 lambda=2.638963002001133 tau=2.638963002001133 prediction=3.9729711875238793 rho=0.10650843204629773 accept=1
  MFCG it  21 cost=1.886718e+06 lam=4.222e+01 tau=0.00e+00 cg_it=0 shift=0 ckpt=1 alpha=0 acc mv=126
PCG_PREP o=21 rebuild=1 drift=0 previous_depth=1
POINT_SAFE o=21 frozen=211 slope=-253.38132954820583 candidate=1888528.0529237748 original=1886712.045553159 current=1886718.3060257204 won=0 mode=1 camera_scale=1 keep_scale=0
ATTR_RADIUS o=21 raw_norm=10.400375212505679 norm=0.03380268474094681 radius=0.54084295585514885 next_radius=0.54084295585514885 lambda=42.223408032018128 next_lambda=4.2223408032018126 rho=0.39339362288329655 accept=1
CLASSICAL_LM o=21 lambda=42.223408032018128 tau=42.223408032018128 prediction=15.914016387913835 rho=0.39339362288329655 accept=1
  MFCG it  22 cost=1.886712e+06 lam=4.222e+00 tau=0.00e+00 cg_it=0 shift=0 ckpt=1 alpha=0 acc mv=128
PCG_PREP o=22 rebuild=1 drift=0 previous_depth=1
POINT_SAFE o=22 frozen=9 slope=-269.40741331975784 candidate=1888126.2473229929 original=1886706.5106707525 current=1886712.045553159 won=0 mode=1 camera_scale=1 keep_scale=0
ATTR_RADIUS o=22 raw_norm=72.555057698039121 norm=0.067605369481893621 radius=0.54084295585514885 next_radius=0.13521073896378721 lambda=4.2223408032018126 next_lambda=67.557452851229002 rho=0.15218897095810371 accept=1
CLASSICAL_LM o=22 lambda=4.2223408032018126 tau=4.2223408032018126 prediction=36.368485650612627 rho=0.15218897095810371 accept=1
  MFCG it  23 cost=1.886707e+06 lam=6.756e+01 tau=0.00e+00 cg_it=0 shift=0 ckpt=1 alpha=0 acc mv=130
PCG_PREP o=23 rebuild=1 drift=0 previous_depth=1
ATTR_RADIUS o=23 raw_norm=6.712926577413965 norm=0.13521073896378713 radius=0.13521073896378721 next_radius=0.13521073896378721 lambda=67.557452851229002 next_lambda=67.557452851229002 rho=0.60910349443800993 accept=1
CLASSICAL_LM o=23 lambda=67.557452851229002 tau=67.557452851229002 prediction=71.793546871931099 rho=0.60910349443800993 accept=1
  MFCG it  24 cost=1.886663e+06 lam=6.756e+01 tau=0.00e+00 cg_it=0 shift=0 ckpt=1 alpha=0 acc mv=132
PCG_PREP o=24 rebuild=1 drift=0 previous_depth=1
POINT_SAFE o=24 frozen=905 slope=-64.137961824830825 candidate=1886717.1066862964 original=1886661.0661055495 current=1886662.7809704747 won=0 mode=1 camera_scale=1 keep_scale=0
ATTR_RADIUS o=24 raw_norm=6.6194164285839019 norm=0.13521073896378727 radius=0.13521073896378721 next_radius=0.033802684740946803 lambda=67.557452851229002 next_lambda=1080.919245619664 rho=0.052665892318563168 accept=0
CLASSICAL_LM o=24 lambda=67.557452851229002 tau=67.557452851229002 prediction=32.561205170051004 rho=0.052665892318563168 accept=0
  MFCG it  25  retry 1/8  lam=1.081e+03 tau_eff=6.756e+01  (assembly reused)
PCG_PREP o=24 rebuild=1 drift=0 previous_depth=1
ATTR_RADIUS o=24 raw_norm=0.42689717152615392 norm=0.033802684740946783 radius=0.033802684740946803 next_radius=0.033802684740946803 lambda=1080.919245619664 next_lambda=1080.919245619664 rho=0.54467354458950523 accept=1
CLASSICAL_LM o=24 lambda=1080.919245619664 tau=1080.919245619664 prediction=15.797035024290622 rho=0.54467354458950523 accept=1
  MFCG it  25 cost=1.886654e+06 lam=1.081e+03 tau=0.00e+00 cg_it=0 shift=0 ckpt=1 alpha=0 acc mv=136
PCG_PREP o=25 rebuild=1 drift=0 previous_depth=1
ATTR_RADIUS o=25 raw_norm=0.42710211909656592 norm=0.033802684740946803 radius=0.033802684740946803 next_radius=0.033802684740946803 lambda=1080.919245619664 next_lambda=1080.919245619664 rho=0.29932673876546873 accept=1
CLASSICAL_LM o=25 lambda=1080.919245619664 tau=1080.919245619664 prediction=15.782160269062922 rho=0.29932673876546873 accept=1
  MFCG it  26 cost=1.886649e+06 lam=1.081e+03 tau=0.00e+00 cg_it=0 shift=0 ckpt=1 alpha=0 acc mv=138
PCG_PREP o=26 rebuild=1 drift=0 previous_depth=1
ATTR_RADIUS o=26 raw_norm=0.42763876363537195 norm=0.033802684740946796 radius=0.033802684740946803 next_radius=0.067605369481893607 lambda=1080.919245619664 next_lambda=270.22981140491601 rho=0.7713493999254103 accept=1
CLASSICAL_LM o=26 lambda=1080.919245619664 tau=1080.919245619664 prediction=15.887610594181742 rho=0.7713493999254103 accept=1
  MFCG it  27 cost=1.886637e+06 lam=2.702e+02 tau=0.00e+00 cg_it=0 shift=0 ckpt=1 alpha=0 acc mv=140
PCG_PREP o=27 rebuild=1 drift=0 previous_depth=1
POINT_SAFE o=27 frozen=4445 slope=-31.58053080260326 candidate=1888331.9909505311 original=1886637.0639559126 current=1886637.1978219519 won=0 mode=1 camera_scale=1 keep_scale=0
ATTR_RADIUS o=27 raw_norm=1.6921647638907948 norm=0.0010563338981545878 radius=0.067605369481893607 next_radius=0.067605369481893607 lambda=270.22981140491601 next_lambda=27.022981140491602 rho=0.2712473736625326 accept=1
CLASSICAL_LM o=27 lambda=270.22981140491601 tau=270.22981140491601 prediction=0.49352013083133961 rho=0.2712473736625326 accept=1
  MFCG it  28 cost=1.886637e+06 lam=2.702e+01 tau=0.00e+00 cg_it=0 shift=0 ckpt=1 alpha=0 acc mv=142
PCG_PREP o=28 rebuild=1 drift=0 previous_depth=1
POINT_SAFE o=28 frozen=205 slope=-35.034517702868136 candidate=1886987.0307913679 original=1886636.5126863648 current=1886637.0639559126 won=0 mode=1 camera_scale=1 keep_scale=0
ATTR_RADIUS o=28 raw_norm=15.739761823602795 norm=0.0042253355926183513 radius=0.067605369481893607 next_radius=0.067605369481893607 lambda=27.022981140491602 next_lambda=2.7022981140491602 rho=0.25056623250285198 accept=1
CLASSICAL_LM o=28 lambda=27.022981140491602 tau=27.022981140491602 prediction=2.2000951296368361 rho=0.25056623250285198 accept=1
  MFCG it  29 cost=1.886637e+06 lam=2.702e+00 tau=0.00e+00 cg_it=0 shift=0 ckpt=1 alpha=0 acc mv=144
PCG_PREP o=29 rebuild=1 drift=0 previous_depth=1
POINT_SAFE o=29 frozen=15 slope=-54.716716474968962 candidate=1886685.6704813729 original=1886634.3347461347 current=1886636.5126863648 won=0 mode=1 camera_scale=1 keep_scale=0
ATTR_RADIUS o=29 raw_norm=96.328297825610107 norm=0.016901342370473398 radius=0.067605369481893607 next_radius=0.016901342370473402 lambda=2.7022981140491602 next_lambda=43.236769824786563 rho=0.14069279138877056 accept=1
CLASSICAL_LM o=29 lambda=2.7022981140491602 tau=2.7022981140491602 prediction=15.480112439449005 rho=0.14069279138877056 accept=1
  MFCG it  30 cost=1.886634e+06 lam=4.324e+01 tau=0.00e+00 cg_it=0 shift=0 ckpt=1 alpha=0 acc mv=146
PCG_PREP o=30 rebuild=1 drift=0 previous_depth=1
ATTR_RADIUS o=30 raw_norm=10.222823422072999 norm=0.016901342370473402 radius=0.016901342370473402 next_radius=0.033802684740946803 lambda=43.236769824786563 next_lambda=10.809192456196641 rho=0.80114056680398549 accept=1
CLASSICAL_LM o=30 lambda=43.236769824786563 tau=43.236769824786563 prediction=15.315207985032051 rho=0.80114056680398549 accept=1
  MFCG it  31 cost=1.886622e+06 lam=1.081e+01 tau=0.00e+00 cg_it=0 shift=0 ckpt=1 alpha=0 acc mv=148
PCG_PREP o=31 rebuild=1 drift=0 previous_depth=1
POINT_SAFE o=31 frozen=86 slope=-21.990651004341565 candidate=1886616.4888850607 original=1886617.1005670531 current=1886622.0651117289 won=1 mode=1 camera_scale=1 keep_scale=0
ATTR_RADIUS o=31 raw_norm=35.399451274905552 norm=0.033802684740946803 radius=0.033802684740946803 next_radius=0.033802684740946803 lambda=10.809192456196641 next_lambda=10.809192456196641 rho=0.25920658128954321 accept=1
CLASSICAL_LM o=31 lambda=10.809192456196641 tau=10.809192456196641 prediction=21.512673947003975 rho=0.25920658128954321 accept=1
  MFCG: converged (OCA_FTOL: 8 outers < 1.0e-05 rel)
  [menu-backtrack] confirming stop with original retry policy at outer 32
  MFCG it  32 cost=1.886616e+06 lam=1.081e+01 tau=0.00e+00 cg_it=0 shift=0 ckpt=1 alpha=0 acc mv=150
PCG_PREP o=32 rebuild=1 drift=0 previous_depth=1
ATTR_RADIUS o=32 raw_norm=35.547360447926295 norm=0.03380268474094681 radius=0.033802684740946803 next_radius=0.033802684740946803 lambda=10.809192456196641 next_lambda=10.809192456196641 rho=0.31172660566021698 accept=1
CLASSICAL_LM o=32 lambda=10.809192456196641 tau=10.809192456196641 prediction=43.931306426047087 rho=0.31172660566021698 accept=1
  MFCG it  33 cost=1.886603e+06 lam=1.081e+01 tau=0.00e+00 cg_it=0 shift=0 ckpt=1 alpha=0 acc mv=152
PCG_PREP o=33 rebuild=1 drift=0 previous_depth=1
ATTR_RADIUS o=33 raw_norm=35.567969484511437 norm=0.033802684740946817 radius=0.033802684740946803 next_radius=0.0084506711852367009 lambda=10.809192456196641 next_lambda=172.94707929914625 rho=0.24732056579935865 accept=1
CLASSICAL_LM o=33 lambda=10.809192456196641 tau=10.809192456196641 prediction=37.978237874511734 rho=0.24732056579935865 accept=1
  MFCG it  34 cost=1.886593e+06 lam=1.729e+02 tau=0.00e+00 cg_it=0 shift=0 ckpt=1 alpha=0 acc mv=154
PCG_PREP o=34 rebuild=1 drift=0 previous_depth=1
ATTR_RADIUS o=34 raw_norm=2.6490037487167943 norm=0.0084506711852366991 radius=0.0084506711852367009 next_radius=0.016901342370473402 lambda=172.94707929914625 next_lambda=43.236769824786563 rho=0.93297895925922603 accept=1
CLASSICAL_LM o=34 lambda=172.94707929914625 tau=172.94707929914625 prediction=5.4874953458185303 rho=0.93297895925922603 accept=1
  MFCG it  35 cost=1.886588e+06 lam=4.324e+01 tau=0.00e+00 cg_it=0 shift=0 ckpt=1 alpha=0 acc mv=156
PCG_PREP o=35 rebuild=1 drift=0 previous_depth=1
ATTR_RADIUS o=35 raw_norm=10.168457456827285 norm=0.016901342370473405 radius=0.016901342370473402 next_radius=0.033802684740946803 lambda=43.236769824786563 next_lambda=10.809192456196641 rho=0.75786373501992144 accept=1
CLASSICAL_LM o=35 lambda=43.236769824786563 tau=43.236769824786563 prediction=11.847368646874571 rho=0.75786373501992144 accept=1
  MFCG it  36 cost=1.886579e+06 lam=1.081e+01 tau=0.00e+00 cg_it=0 shift=0 ckpt=1 alpha=0 acc mv=158
PCG_PREP o=36 rebuild=1 drift=0 previous_depth=1
ATTR_RADIUS o=36 raw_norm=35.425020541530259 norm=0.03380268474094681 radius=0.033802684740946803 next_radius=0.0084506711852367009 lambda=10.809192456196641 next_lambda=172.94707929914625 rho=-1 accept=0
CLASSICAL_LM o=36 lambda=10.809192456196641 tau=10.809192456196641 prediction=18.237991263485004 rho=-1 accept=0
  MFCG it  37  retry 1/8  lam=1.729e+02 tau_eff=1.081e+01  (assembly reused)
PCG_PREP o=36 rebuild=1 drift=0 previous_depth=1
ATTR_RADIUS o=36 raw_norm=2.632629937256759 norm=0.0084506711852367043 radius=0.0084506711852367009 next_radius=0.0021126677963091752 lambda=172.94707929914625 next_lambda=2767.15326878634 rho=-1 accept=0
CLASSICAL_LM o=36 lambda=172.94707929914625 tau=172.94707929914625 prediction=4.0972892077018557 rho=-1 accept=0
  MFCG it  37  retry 2/8  lam=2.767e+03 tau_eff=1.729e+02  (assembly reused)
PCG_PREP o=36 rebuild=1 drift=0 previous_depth=1
ATTR_RADIUS o=36 raw_norm=0.16657561455541747 norm=0.0021126677963091743 radius=0.0021126677963091752 next_radius=0.0021126677963091752 lambda=2767.15326878634 next_lambda=2767.15326878634 rho=0.72787952454433391 accept=1
CLASSICAL_LM o=36 lambda=2767.15326878634 tau=2767.15326878634 prediction=0.98720310109357323 rho=0.72787952454433391 accept=1
  MFCG it  37 cost=1.886579e+06 lam=2.767e+03 tau=0.00e+00 cg_it=0 shift=0 ckpt=1 alpha=0 acc mv=164
PCG_PREP o=37 rebuild=1 drift=0 previous_depth=1
ATTR_RADIUS o=37 raw_norm=0.16197823101641518 norm=0.0021126677963091743 radius=0.0021126677963091752 next_radius=0.0005281669490772938 lambda=2767.15326878634 next_lambda=44274.452300581441 rho=-1 accept=0
CLASSICAL_LM o=37 lambda=2767.15326878634 tau=2767.15326878634 prediction=0.95790720940641638 rho=-1 accept=0
  MFCG it  38  retry 1/8  lam=4.427e+04 tau_eff=2.767e+03  (assembly reused)
PCG_PREP o=37 rebuild=1 drift=0 previous_depth=1
ATTR_RADIUS o=37 raw_norm=0.010132353818014975 norm=0.00052816694907729359 radius=0.0005281669490772938 next_radius=0.00013204173726932345 lambda=44274.452300581441 next_lambda=708391.23680930305 rho=-1 accept=0
CLASSICAL_LM o=37 lambda=44274.452300581441 tau=44274.452300581441 prediction=0.23758351421067164 rho=-1 accept=0
  MFCG it  38  retry 2/8  lam=7.084e+05 tau_eff=4.427e+04  (assembly reused)
PCG_PREP o=37 rebuild=1 drift=0 previous_depth=1
ATTR_RADIUS o=37 raw_norm=0.00063330619134647896 norm=0.00013204173726932348 radius=0.00013204173726932345 next_radius=3.3010434317330863e-05 lambda=708391.23680930305 next_lambda=11334259.788948849 rho=-1 accept=0
CLASSICAL_LM o=37 lambda=708391.23680930305 tau=708391.23680930305 prediction=0.059277401810786563 rho=-1 accept=0
  MFCG it  38  retry 3/8  lam=1.133e+07 tau_eff=7.084e+05  (assembly reused)
PCG_PREP o=37 rebuild=1 drift=0 previous_depth=1
ATTR_RADIUS o=37 raw_norm=3.9581770084337999e-05 norm=3.3010434317330849e-05 radius=3.3010434317330863e-05 next_radius=3.3010434317330863e-05 lambda=11334259.788948849 next_lambda=11334259.788948849 rho=0.49144034761017041 accept=1
CLASSICAL_LM o=37 lambda=11334259.788948849 tau=11334259.788948849 prediction=0.01481194508401725 rho=0.49144034761017041 accept=1
  MFCG it  38 cost=1.886579e+06 lam=1.133e+07 tau=0.00e+00 cg_it=0 shift=0 ckpt=1 alpha=0 acc mv=172
PCG_PREP o=38 rebuild=1 drift=0 previous_depth=1
ATTR_RADIUS o=38 raw_norm=3.9834636114805875e-05 norm=3.3010434317330869e-05 radius=3.3010434317330863e-05 next_radius=3.3010434317330863e-05 lambda=11334259.788948849 next_lambda=11334259.788948849 rho=0.58578286694845816 accept=1
CLASSICAL_LM o=38 lambda=11334259.788948849 tau=11334259.788948849 prediction=0.014906553068271947 rho=0.58578286694845816 accept=1
  MFCG it  39 cost=1.886579e+06 lam=1.133e+07 tau=0.00e+00 cg_it=0 shift=0 ckpt=1 alpha=0 acc mv=174
PCG_PREP o=39 rebuild=1 drift=0 previous_depth=1
ATTR_RADIUS o=39 raw_norm=3.9037633802317459e-05 norm=3.3010434317330856e-05 radius=3.3010434317330863e-05 next_radius=3.3010434317330863e-05 lambda=11334259.788948849 next_lambda=11334259.788948849 rho=0.26179548288261845 accept=1
CLASSICAL_LM o=39 lambda=11334259.788948849 tau=11334259.788948849 prediction=0.014608355239408776 rho=0.26179548288261845 accept=1
  MFCG: converged (OCA_FTOL: 8 outers < 1.0e-05 rel)
  MFCG: accepts=40 rejects=15 total_matvecs=176 negcurv=1 cand_evals=55 mean_cg_per_outer=4.4
NUMERIC_REPAIR summary rebuilds=1 floor=1.5729445230967599e-07
  [retry-cache] builds=56 reuses=0
  [menu-backtrack] trials=33 rescues=26 evals=210 total_scored=265
POINT_SAFE summary calls=33 evals=33 wins=11 frozen=19678 seconds=0.392334657
  [scoring] menu_evals=55 alpha_evals=0 backtrack_evals=210 total_scored=265
RESULT algo=mfree_shifted_cg iters=40 final_cost=1886578.5647194814 solve_seconds=2.546651
DIAGNOSTICS median_reproj_err_px 2.704502 -> 0.561372 | cheirality_violations(obs) 751 -> 760 | cheirality_violations(pts, of 310854) 725 -> 732
