[R10] --zero_k2: all k2 set to 0 at load
Loaded /workspace/bal/final-3068.txt: ncam=3068 npt=310854 nobs=1653812 n=950970
[R10] --dof9: refining f,k1 per camera (3068 cameras)
  [menu-backtrack] active=1 max_evals=8 warmup_accepts=3 confirm_stop=original armijo=1e-4
MIXED_STORAGE fragments=fp32 arithmetic=fp64 state=fp64 acceptance=fp64
  [compact-fragments] active=2 saved_bytes=171996448 storage=fp32 camera_reads=contiguous
  MFCG score_init=90993342.024340242 precision=fp64
PCG_PREP o=0 rebuild=1 drift=0 previous_depth=0
ATTR_RADIUS o=0 raw_norm=8861.1709887307588 norm=8861.1709887307588 radius=8861.1709887307588 next_radius=17722.341977461518 lambda=0.10000000000000001 next_lambda=0.025000000000000001 rho=0.99545080656082729 accept=1
CLASSICAL_LM o=0 lambda=0.10000000000000001 tau=0.10000000000000001 prediction=83412716.699058935 rho=0.99545080656082729 accept=1
  MFCG it   1 cost=7.960086e+06 lam=2.500e-02 tau=0.00e+00 cg_it=0 shift=0 ckpt=1 alpha=0 acc mv=2
PCG_PREP o=1 rebuild=1 drift=0 previous_depth=1
ATTR_RADIUS o=1 raw_norm=4659.7121206778065 norm=4659.7121206778065 radius=17722.341977461518 next_radius=17722.341977461518 lambda=0.025000000000000001 next_lambda=0.0025000000000000005 rho=0.99453896506500106 accept=1
CLASSICAL_LM o=1 lambda=0.025000000000000001 tau=0.025000000000000001 prediction=4259951.5107679553 rho=0.99453896506500106 accept=1
  MFCG it   2 cost=3.723398e+06 lam=2.500e-03 tau=0.00e+00 cg_it=4 shift=0 ckpt=5 alpha=0 acc mv=8
PCG_PREP o=2 rebuild=1 drift=0 previous_depth=5
ATTR_RADIUS o=2 raw_norm=6975.6779789559978 norm=6975.6779789559978 radius=17722.341977461518 next_radius=17722.341977461518 lambda=0.0025000000000000005 next_lambda=0.00025000000000000006 rho=0.87051061466541024 accept=1
CLASSICAL_LM o=2 lambda=0.0025000000000000005 tau=0.0025000000000000005 prediction=1234099.5580717539 rho=0.87051061466541024 accept=1
  MFCG it   3 cost=2.649101e+06 lam=2.500e-04 tau=0.00e+00 cg_it=9 shift=0 ckpt=10 alpha=0 acc mv=19
PCG_PREP o=3 rebuild=1 drift=0 previous_depth=10
ATTR_RADIUS o=3 raw_norm=10922.542500245596 norm=10922.542500245596 radius=17722.341977461518 next_radius=17722.341977461518 lambda=0.00025000000000000006 next_lambda=2.5000000000000008e-05 rho=0.71461554947806261 accept=1
CLASSICAL_LM o=3 lambda=0.00025000000000000006 tau=0.00025000000000000006 prediction=596515.31226690719 rho=0.71461554947806261 accept=1
  MFCG it   4 cost=2.222822e+06 lam=2.500e-05 tau=0.00e+00 cg_it=0 shift=0 ckpt=1 alpha=0 acc mv=21
PCG_PREP o=4 rebuild=1 drift=0 previous_depth=1
POINT_SAFE o=4 frozen=1341 slope=-336469.80042874865 candidate=2043410.2433363337 original=2072225.5559119424 current=2222822.2595829433 won=1 mode=1 camera_scale=1 keep_scale=0
ATTR_RADIUS o=4 raw_norm=25300.156688660103 norm=17722.341977461529 radius=17722.341977461518 next_radius=35444.683954923035 lambda=2.5000000000000008e-05 next_lambda=6.250000000000002e-06 rho=0.91745235105203871 accept=1
CLASSICAL_LM o=4 lambda=2.5000000000000008e-05 tau=2.5000000000000008e-05 prediction=195554.5877024334 rho=0.91745235105203871 accept=1
  MFCG it   5 cost=2.043410e+06 lam=6.250e-06 tau=0.00e+00 cg_it=1 shift=0 ckpt=2 alpha=0 acc mv=24
PCG_PREP o=5 rebuild=1 drift=0 previous_depth=2
POINT_SAFE o=5 frozen=1597 slope=-207540.42014782512 candidate=2178480.4006374073 original=2002344.5371075866 current=2043410.2433363337 won=0 mode=1 camera_scale=1 keep_scale=0
ATTR_RADIUS o=5 raw_norm=42981.167556298205 norm=4430.5854943653803 radius=35444.683954923035 next_radius=35444.683954923035 lambda=6.250000000000002e-06 next_lambda=6.2500000000000026e-07 rho=0.9158767896099671 accept=1
CLASSICAL_LM o=5 lambda=6.250000000000002e-06 tau=6.250000000000002e-06 prediction=44837.588084566669 rho=0.9158767896099671 accept=1
  MFCG it   6 cost=2.002345e+06 lam=6.250e-07 tau=0.00e+00 cg_it=7 shift=0 ckpt=8 alpha=0 acc mv=33
PCG_PREP o=6 rebuild=1 drift=0 previous_depth=8
POINT_SAFE o=6 frozen=1716 slope=-116971.13029895653 candidate=4313265.8572153114 original=1973332.914536593 current=2002344.5371075866 won=0 mode=1 camera_scale=1 keep_scale=0
ATTR_RADIUS o=6 raw_norm=69296.807936896948 norm=8861.1709887307588 radius=35444.683954923035 next_radius=35444.683954923035 lambda=6.2500000000000026e-07 next_lambda=6.2500000000000024e-08 rho=0.50287389392213999 accept=1
CLASSICAL_LM o=6 lambda=6.2500000000000026e-07 tau=6.2500000000000026e-07 prediction=57691.645801532672 rho=0.50287389392213999 accept=1
  MFCG it   7 cost=1.973333e+06 lam=6.250e-08 tau=0.00e+00 cg_it=5 shift=0 ckpt=6 alpha=0 acc mv=40
PCG_PREP o=7 rebuild=1 drift=0 previous_depth=6
POINT_SAFE o=7 frozen=789 slope=-52754.866476898307 candidate=12892940.517889749 original=1973153.5666493948 current=1973332.914536593 won=0 mode=1 camera_scale=1 keep_scale=0
ATTR_RADIUS o=7 raw_norm=76788.048681181695 norm=35444.683954923035 radius=35444.683954923035 next_radius=8861.1709887307588 lambda=6.2500000000000024e-08 next_lambda=1.0000000000000004e-06 rho=0.070383210554611469 accept=0
CLASSICAL_LM o=7 lambda=6.2500000000000024e-08 tau=6.2500000000000024e-08 prediction=2548.1629181869871 rho=0.070383210554611469 accept=0
  MFCG it   8  retry 1/8  lam=1.000e-06 tau_eff=6.250e-08  (assembly reused)
PCG_PREP o=7 rebuild=1 drift=0 previous_depth=1
POINT_SAFE o=7 frozen=281 slope=-45796.09677439151 candidate=2003116.6872887341 original=1973139.1519550893 current=1973332.914536593 won=0 mode=1 camera_scale=1 keep_scale=0
ATTR_RADIUS o=7 raw_norm=30750.752652470019 norm=69.227898349459039 radius=8861.1709887307588 next_radius=2215.2927471826897 lambda=1.0000000000000004e-06 next_lambda=1.6000000000000006e-05 rho=0.15880040813398916 accept=1
CLASSICAL_LM o=7 lambda=1.0000000000000004e-06 tau=1.0000000000000004e-06 prediction=1220.164253861542 rho=0.15880040813398916 accept=1
  MFCG it   8 cost=1.973139e+06 lam=1.600e-05 tau=0.00e+00 cg_it=0 shift=0 ckpt=1 alpha=0 acc mv=44
PCG_PREP o=8 rebuild=1 drift=0 previous_depth=1
POINT_SAFE o=8 frozen=45 slope=-42261.476050903795 candidate=1950405.088651557 original=1972923.9747414601 current=1973139.1519550893 won=1 mode=1 camera_scale=1 keep_scale=0
ATTR_RADIUS o=8 raw_norm=8927.0683141516874 norm=2215.2927471826888 radius=2215.2927471826897 next_radius=4430.5854943653794 lambda=1.6000000000000006e-05 next_lambda=4.0000000000000015e-06 rho=0.91631041767645671 accept=1
CLASSICAL_LM o=8 lambda=1.6000000000000006e-05 tau=1.6000000000000006e-05 prediction=24810.438542410593 rho=0.91631041767645671 accept=1
  MFCG it   9 cost=1.950405e+06 lam=4.000e-06 tau=0.00e+00 cg_it=0 shift=0 ckpt=1 alpha=0 acc mv=46
PCG_PREP o=9 rebuild=1 drift=0 previous_depth=1
POINT_SAFE o=9 frozen=428 slope=-14113.09061996761 candidate=1939971.0035803264 original=1950170.4330471188 current=1950405.088651557 won=1 mode=1 camera_scale=1 keep_scale=0
ATTR_RADIUS o=9 raw_norm=30294.289215152745 norm=4430.5854943653785 radius=4430.5854943653794 next_radius=8861.1709887307588 lambda=4.0000000000000015e-06 next_lambda=1.0000000000000004e-06 rho=0.9390367214105404 accept=1
CLASSICAL_LM o=9 lambda=4.0000000000000015e-06 tau=4.0000000000000015e-06 prediction=11111.477148153857 rho=0.9390367214105404 accept=1
  MFCG it  10 cost=1.939971e+06 lam=1.000e-06 tau=0.00e+00 cg_it=1 shift=0 ckpt=2 alpha=0 acc mv=49
PCG_PREP o=10 rebuild=1 drift=0 previous_depth=2
POINT_SAFE o=10 frozen=532 slope=-14003.55035638829 candidate=1929456.7369772126 original=1939473.4411304211 current=1939971.0035803264 won=1 mode=1 camera_scale=1 keep_scale=0
ATTR_RADIUS o=10 raw_norm=44475.121356484284 norm=8861.1709887307588 radius=8861.1709887307588 next_radius=17722.341977461518 lambda=1.0000000000000004e-06 next_lambda=2.5000000000000009e-07 rho=0.9069691294719584 accept=1
CLASSICAL_LM o=10 lambda=1.0000000000000004e-06 tau=1.0000000000000004e-06 prediction=11592.750250755838 rho=0.9069691294719584 accept=1
  MFCG it  11 cost=1.929457e+06 lam=2.500e-07 tau=0.00e+00 cg_it=1 shift=0 ckpt=2 alpha=0 acc mv=52
PCG_PREP o=11 rebuild=1 drift=0 previous_depth=2
POINT_SAFE o=11 frozen=1165 slope=-29670.083676917453 candidate=1930467.3259385701 original=1928145.340066012 current=1929456.7369772126 won=0 mode=1 camera_scale=1 keep_scale=0
ATTR_RADIUS o=11 raw_norm=70386.343609391479 norm=553.82318679567243 radius=17722.341977461518 next_radius=17722.341977461518 lambda=2.5000000000000009e-07 next_lambda=2.5000000000000012e-08 rho=0.3010595940438543 accept=1
CLASSICAL_LM o=11 lambda=2.5000000000000009e-07 tau=2.5000000000000009e-07 prediction=4355.9379509745004 rho=0.3010595940438543 accept=1
  MFCG it  12 cost=1.928145e+06 lam=2.500e-08 tau=0.00e+00 cg_it=4 shift=0 ckpt=5 alpha=0 acc mv=58
PCG_PREP o=12 rebuild=1 drift=0 previous_depth=5
NUMERIC_REPAIR o=12 lambda=2.5000000000000012e-08 rayleigh=-2.7076133144477278e-08 next_lambda=2.0830453257790915e-07 cg=2 rebuild=1
PCG_PREP o=12 rebuild=1 drift=0 previous_depth=2
POINT_SAFE o=12 frozen=1210 slope=-30163.539569554396 candidate=1945128.3331156049 original=1927219.288076485 current=1928145.340066012 won=0 mode=1 camera_scale=1 keep_scale=0
ATTR_RADIUS o=12 raw_norm=68380.879817433975 norm=276.91159339783627 radius=17722.341977461518 next_radius=17722.341977461518 lambda=2.0830453257790915e-07 next_lambda=2.0830453257790915e-07 rho=0.42335877061292332 accept=1
CLASSICAL_LM o=12 lambda=2.0830453257790915e-07 tau=2.0830453257790915e-07 prediction=2187.3929485061794 rho=0.42335877061292332 accept=1
  MFCG it  13 cost=1.927219e+06 lam=2.083e-07 tau=0.00e+00 cg_it=4 shift=0 ckpt=5 alpha=0 acc mv=67
PCG_PREP o=13 rebuild=1 drift=0 previous_depth=5
POINT_SAFE o=13 frozen=1176 slope=-29271.293422351428 candidate=1940375.7149202318 original=1927022.6328490088 current=1927219.288076485 won=0 mode=1 camera_scale=1 keep_scale=0
ATTR_RADIUS o=13 raw_norm=70206.639184819593 norm=69.227898349459082 radius=17722.341977461518 next_radius=17722.341977461518 lambda=2.0830453257790915e-07 next_lambda=2.0830453257790915e-07 rho=0.36248526199237452 accept=1
CLASSICAL_LM o=13 lambda=2.0830453257790915e-07 tau=2.0830453257790915e-07 prediction=542.51923621767071 rho=0.36248526199237452 accept=1
  MFCG it  14 cost=1.927023e+06 lam=2.083e-07 tau=0.00e+00 cg_it=4 shift=0 ckpt=5 alpha=0 acc mv=73
PCG_PREP o=14 rebuild=1 drift=0 previous_depth=5
POINT_SAFE o=14 frozen=1140 slope=-28511.469867049869 candidate=1937229.3283414817 original=inf current=1927022.6328490088 won=0 mode=1 camera_scale=1 keep_scale=0
ATTR_RADIUS o=14 raw_norm=72292.472182325961 norm=17722.341977461521 radius=17722.341977461518 next_radius=4430.5854943653794 lambda=2.0830453257790915e-07 next_lambda=3.3328725212465464e-06 rho=-1 accept=0
CLASSICAL_LM o=14 lambda=2.0830453257790915e-07 tau=2.0830453257790915e-07 prediction=22787.475777348089 rho=-1 accept=0
  MFCG it  15  retry 1/8  lam=3.333e-06 tau_eff=2.083e-07  (assembly reused)
PCG_PREP o=14 rebuild=1 drift=0 previous_depth=5
POINT_SAFE o=14 frozen=328 slope=-14363.83444259637 candidate=1915577.8162767084 original=inf current=1927022.6328490088 won=1 mode=1 camera_scale=1 keep_scale=0
ATTR_RADIUS o=14 raw_norm=38880.112264608979 norm=4430.5854943653785 radius=4430.5854943653794 next_radius=8861.1709887307588 lambda=3.3328725212465464e-06 next_lambda=8.3321813031163659e-07 rho=0.93727310855831714 accept=1
CLASSICAL_LM o=14 lambda=3.3328725212465464e-06 tau=3.3328725212465464e-06 prediction=12210.759561750827 rho=0.93727310855831714 accept=1
  MFCG it  15 cost=1.915578e+06 lam=8.332e-07 tau=0.00e+00 cg_it=4 shift=0 ckpt=5 alpha=0 acc mv=85
PCG_PREP o=15 rebuild=1 drift=0 previous_depth=5
POINT_SAFE o=15 frozen=593 slope=-16711.955163266444 candidate=1903630.6310863723 original=inf current=1915577.8162767084 won=1 mode=1 camera_scale=1 keep_scale=0
ATTR_RADIUS o=15 raw_norm=51374.809438620519 norm=8861.1709887307607 radius=8861.1709887307588 next_radius=17722.341977461518 lambda=8.3321813031163659e-07 next_lambda=2.0830453257790915e-07 rho=0.81744119497964984 accept=1
CLASSICAL_LM o=15 lambda=8.3321813031163659e-07 tau=8.3321813031163659e-07 prediction=14615.345132726648 rho=0.81744119497964984 accept=1
  MFCG it  16 cost=1.903631e+06 lam=2.083e-07 tau=0.00e+00 cg_it=4 shift=0 ckpt=5 alpha=0 acc mv=91
PCG_PREP o=16 rebuild=1 drift=0 previous_depth=5
POINT_SAFE o=16 frozen=966 slope=-9749.2399322414458 candidate=2338213.3052746127 original=1903427.6933248229 current=1903630.6310863723 won=0 mode=1 camera_scale=1 keep_scale=0
ATTR_RADIUS o=16 raw_norm=47555.356796869062 norm=138.45579669891802 radius=17722.341977461518 next_radius=4430.5854943653794 lambda=2.0830453257790915e-07 next_lambda=3.3328725212465464e-06 rho=0.21944189802394587 accept=1
CLASSICAL_LM o=16 lambda=2.0830453257790915e-07 tau=2.0830453257790915e-07 prediction=924.79040409697564 rho=0.21944189802394587 accept=1
  MFCG it  17 cost=1.903428e+06 lam=3.333e-06 tau=0.00e+00 cg_it=0 shift=0 ckpt=1 alpha=0 acc mv=93
PCG_PREP o=17 rebuild=1 drift=0 previous_depth=1
POINT_SAFE o=17 frozen=397 slope=-8840.7076155352224 candidate=1898194.7292920016 original=1903333.2160714739 current=1903427.6933248229 won=1 mode=1 camera_scale=1 keep_scale=0
ATTR_RADIUS o=17 raw_norm=12530.334164504988 norm=4430.5854943653776 radius=4430.5854943653794 next_radius=8861.1709887307588 lambda=3.3328725212465464e-06 next_lambda=8.3321813031163659e-07 rho=0.81367749861727245 accept=1
CLASSICAL_LM o=17 lambda=3.3328725212465464e-06 tau=3.3328725212465464e-06 prediction=6431.2507617748124 rho=0.81367749861727245 accept=1
  MFCG it  18 cost=1.898195e+06 lam=8.332e-07 tau=0.00e+00 cg_it=0 shift=0 ckpt=1 alpha=0 acc mv=95
PCG_PREP o=18 rebuild=1 drift=0 previous_depth=1
POINT_SAFE o=18 frozen=693 slope=-14039.462116825023 candidate=1887500.2351333366 original=1898002.5671880406 current=1898194.7292920016 won=1 mode=1 camera_scale=1 keep_scale=0
ATTR_RADIUS o=18 raw_norm=51892.983043884829 norm=8861.170988730757 radius=8861.1709887307588 next_radius=17722.341977461518 lambda=8.3321813031163659e-07 next_lambda=2.0830453257790915e-07 rho=0.87843766039364213 accept=1
CLASSICAL_LM o=18 lambda=8.3321813031163659e-07 tau=8.3321813031163659e-07 prediction=12174.448615821611 rho=0.87843766039364213 accept=1
  MFCG it  19 cost=1.887500e+06 lam=2.083e-07 tau=0.00e+00 cg_it=4 shift=0 ckpt=5 alpha=0 acc mv=101
PCG_PREP o=19 rebuild=1 drift=0 previous_depth=5
POINT_SAFE o=19 frozen=876 slope=-8231.7549395614624 candidate=3922596.6514037782 original=1887049.0303901327 current=1887500.2351333366 won=0 mode=1 camera_scale=1 keep_scale=0
ATTR_RADIUS o=19 raw_norm=46570.685517568061 norm=17722.341977461525 radius=17722.341977461518 next_radius=4430.5854943653794 lambda=2.0830453257790915e-07 next_lambda=3.3328725212465464e-06 rho=0.064608430152372484 accept=0
CLASSICAL_LM o=19 lambda=2.0830453257790915e-07 tau=2.0830453257790915e-07 prediction=6983.6821934818545 rho=0.064608430152372484 accept=0
  MFCG it  20  retry 1/8  lam=3.333e-06 tau_eff=2.083e-07  (assembly reused)
PCG_PREP o=19 rebuild=1 drift=0 previous_depth=1
POINT_SAFE o=19 frozen=472 slope=-7914.2772145306517 candidate=1886429.3234666858 original=1887438.2191840024 current=1887500.2351333366 won=1 mode=1 camera_scale=1 keep_scale=0
ATTR_RADIUS o=19 raw_norm=11331.780437836005 norm=4430.5854943653812 radius=4430.5854943653794 next_radius=1107.6463735913449 lambda=3.3328725212465464e-06 next_lambda=5.3325960339944742e-05 rho=0.19375356615451089 accept=1
CLASSICAL_LM o=19 lambda=3.3328725212465464e-06 tau=3.3328725212465464e-06 prediction=5527.1842882973342 rho=0.19375356615451089 accept=1
  MFCG it  20 cost=1.886429e+06 lam=5.333e-05 tau=0.00e+00 cg_it=0 shift=0 ckpt=1 alpha=0 acc mv=105
PCG_PREP o=20 rebuild=1 drift=0 previous_depth=1
POINT_SAFE o=20 frozen=111 slope=-6880.4668047870309 candidate=1881683.9899767805 original=1883068.822342834 current=1886429.3234666858 won=1 mode=1 camera_scale=1 keep_scale=0
ATTR_RADIUS o=20 raw_norm=2979.1053651786938 norm=1107.6463735913449 radius=1107.6463735913449 next_radius=2215.2927471826897 lambda=5.3325960339944742e-05 next_lambda=1.3331490084986185e-05 rho=0.93913996982777814 accept=1
CLASSICAL_LM o=20 lambda=5.3325960339944742e-05 tau=5.3325960339944742e-05 prediction=5052.8500994112255 rho=0.93913996982777814 accept=1
  MFCG it  21 cost=1.881684e+06 lam=1.333e-05 tau=0.00e+00 cg_it=0 shift=0 ckpt=1 alpha=0 acc mv=107
PCG_PREP o=21 rebuild=1 drift=0 previous_depth=1
POINT_SAFE o=21 frozen=66 slope=-9307.8568937413402 candidate=1872813.8181512502 original=1876750.4399662116 current=1881683.9899767805 won=1 mode=1 camera_scale=1 keep_scale=0
ATTR_RADIUS o=21 raw_norm=25901.751304368496 norm=2215.2927471826893 radius=2215.2927471826897 next_radius=4430.5854943653794 lambda=1.3331490084986185e-05 next_lambda=3.3328725212465464e-06 rho=1.0001570226806646 accept=1
CLASSICAL_LM o=21 lambda=1.3331490084986185e-05 tau=1.3331490084986185e-05 prediction=8868.7792260419446 rho=1.0001570226806646 accept=1
  MFCG it  22 cost=1.872814e+06 lam=3.333e-06 tau=0.00e+00 cg_it=12 shift=0 ckpt=13 alpha=0 acc mv=121
PCG_PREP o=22 rebuild=1 drift=0 previous_depth=13
POINT_SAFE o=22 frozen=53 slope=-10940.722803295965 candidate=1862596.49884954 original=1866838.6853957984 current=1872813.8181512502 won=1 mode=1 camera_scale=1 keep_scale=0
ATTR_RADIUS o=22 raw_norm=49003.356922608553 norm=4430.5854943653785 radius=4430.5854943653794 next_radius=8861.1709887307588 lambda=3.3328725212465464e-06 next_lambda=8.3321813031163659e-07 rho=0.98167056939649611 accept=1
CLASSICAL_LM o=22 lambda=3.3328725212465464e-06 tau=3.3328725212465464e-06 prediction=10408.093733513429 rho=0.98167056939649611 accept=1
  MFCG it  23 cost=1.862596e+06 lam=8.332e-07 tau=0.00e+00 cg_it=15 shift=0 ckpt=16 alpha=0 acc mv=138
PCG_PREP o=23 rebuild=1 drift=0 previous_depth=16
POINT_SAFE o=23 frozen=523 slope=-11003.779159473528 candidate=1854249.1836837279 original=1861880.1484519348 current=1862596.49884954 won=1 mode=1 camera_scale=1 keep_scale=0
ATTR_RADIUS o=23 raw_norm=69364.956269494694 norm=8861.1709887307552 radius=8861.1709887307588 next_radius=17722.341977461518 lambda=8.3321813031163659e-07 next_lambda=2.0830453257790915e-07 rho=0.83500047724860094 accept=1
CLASSICAL_LM o=23 lambda=8.3321813031163659e-07 tau=8.3321813031163659e-07 prediction=9996.7789160040702 rho=0.83500047724860094 accept=1
  MFCG it  24 cost=1.854249e+06 lam=2.083e-07 tau=0.00e+00 cg_it=9 shift=0 ckpt=10 alpha=0 acc mv=149
PCG_PREP o=24 rebuild=1 drift=0 previous_depth=10
POINT_SAFE o=24 frozen=865 slope=-16811.543409200203 candidate=2015422.5533339006 original=1846119.5021095416 current=1854249.1836837279 won=0 mode=1 camera_scale=1 keep_scale=0
ATTR_RADIUS o=24 raw_norm=73230.150400814149 norm=2215.2927471826888 radius=17722.341977461518 next_radius=17722.341977461518 lambda=2.0830453257790915e-07 next_lambda=2.0830453257790915e-07 rho=0.55422815841706763 accept=1
CLASSICAL_LM o=24 lambda=2.0830453257790915e-07 tau=2.0830453257790915e-07 prediction=14668.474437324718 rho=0.55422815841706763 accept=1
  MFCG it  25 cost=1.846120e+06 lam=2.083e-07 tau=0.00e+00 cg_it=6 shift=0 ckpt=7 alpha=0 acc mv=157
PCG_PREP o=25 rebuild=1 drift=0 previous_depth=7
POINT_SAFE o=25 frozen=840 slope=-16431.503400681842 candidate=2314962.3685486326 original=1829716.1197185705 current=1846119.5021095416 won=0 mode=1 camera_scale=1 keep_scale=0
ATTR_RADIUS o=25 raw_norm=66542.064015938755 norm=8861.1709887307588 radius=17722.341977461518 next_radius=17722.341977461518 lambda=2.0830453257790915e-07 next_lambda=2.0830453257790915e-07 rho=0.38487492027467646 accept=1
CLASSICAL_LM o=25 lambda=2.0830453257790915e-07 tau=2.0830453257790915e-07 prediction=42620.034527748241 rho=0.38487492027467646 accept=1
  MFCG it  26 cost=1.829716e+06 lam=2.083e-07 tau=0.00e+00 cg_it=5 shift=0 ckpt=6 alpha=0 acc mv=164
PCG_PREP o=26 rebuild=1 drift=0 previous_depth=6
POINT_SAFE o=26 frozen=501 slope=-55487.622605205645 candidate=6405919.9477502145 original=1828844.3824012917 current=1829716.1197185705 won=0 mode=1 camera_scale=1 keep_scale=0
ATTR_RADIUS o=26 raw_norm=35201.582909733363 norm=1107.6463735913449 radius=17722.341977461518 next_radius=17722.341977461518 lambda=2.0830453257790915e-07 next_lambda=2.0830453257790915e-07 rho=0.25688240043843091 accept=1
CLASSICAL_LM o=26 lambda=2.0830453257790915e-07 tau=2.0830453257790915e-07 prediction=3393.52682702638 rho=0.25688240043843091 accept=1
  MFCG it  27 cost=1.828844e+06 lam=2.083e-07 tau=0.00e+00 cg_it=0 shift=0 ckpt=1 alpha=0 acc mv=166
PCG_PREP o=27 rebuild=1 drift=0 previous_depth=1
POINT_SAFE o=27 frozen=508 slope=-54449.746866532951 candidate=6438737.4754058104 original=1827994.0977028527 current=1828844.3824012917 won=0 mode=1 camera_scale=1 keep_scale=0
ATTR_RADIUS o=27 raw_norm=34582.035194454664 norm=1107.6463735913451 radius=17722.341977461518 next_radius=17722.341977461518 lambda=2.0830453257790915e-07 next_lambda=2.0830453257790915e-07 rho=0.25544940957678541 accept=1
CLASSICAL_LM o=27 lambda=2.0830453257790915e-07 tau=2.0830453257790915e-07 prediction=3328.5835338111315 rho=0.25544940957678541 accept=1
  MFCG it  28 cost=1.827994e+06 lam=2.083e-07 tau=0.00e+00 cg_it=0 shift=0 ckpt=1 alpha=0 acc mv=168
PCG_PREP o=28 rebuild=1 drift=0 previous_depth=1
POINT_SAFE o=28 frozen=521 slope=-53496.258480099918 candidate=6383053.7627082206 original=1827140.7990181583 current=1827994.0977028527 won=0 mode=1 camera_scale=1 keep_scale=0
ATTR_RADIUS o=28 raw_norm=33986.597071723314 norm=1107.6463735913451 radius=17722.341977461518 next_radius=17722.341977461518 lambda=2.0830453257790915e-07 next_lambda=2.0830453257790915e-07 rho=0.26091027322982391 accept=1
CLASSICAL_LM o=28 lambda=2.0830453257790915e-07 tau=2.0830453257790915e-07 prediction=3270.4679433711176 rho=0.26091027322982391 accept=1
  MFCG it  29 cost=1.827141e+06 lam=2.083e-07 tau=0.00e+00 cg_it=0 shift=0 ckpt=1 alpha=0 acc mv=170
PCG_PREP o=29 rebuild=1 drift=0 previous_depth=1
POINT_SAFE o=29 frozen=532 slope=-52665.831125350298 candidate=6276127.6782390866 original=1826270.0079711538 current=1827140.7990181583 won=0 mode=1 camera_scale=1 keep_scale=0
ATTR_RADIUS o=29 raw_norm=33360.208286812071 norm=1107.6463735913449 radius=17722.341977461518 next_radius=17722.341977461518 lambda=2.0830453257790915e-07 next_lambda=2.0830453257790915e-07 rho=0.27046103009881817 accept=1
CLASSICAL_LM o=29 lambda=2.0830453257790915e-07 tau=2.0830453257790915e-07 prediction=3219.6544052441004 rho=0.27046103009881817 accept=1
  MFCG it  30 cost=1.826270e+06 lam=2.083e-07 tau=0.00e+00 cg_it=0 shift=0 ckpt=1 alpha=0 acc mv=172
PCG_PREP o=30 rebuild=1 drift=0 previous_depth=1
POINT_SAFE o=30 frozen=544 slope=-51889.829651747823 candidate=6108371.8447305048 original=1825366.7180045475 current=1826270.0079711538 won=0 mode=1 camera_scale=1 keep_scale=0
ATTR_RADIUS o=30 raw_norm=32743.518280211782 norm=1107.6463735913449 radius=17722.341977461518 next_radius=17722.341977461518 lambda=2.0830453257790915e-07 next_lambda=2.0830453257790915e-07 rho=0.28475262475080687 accept=1
CLASSICAL_LM o=30 lambda=2.0830453257790915e-07 tau=2.0830453257790915e-07 prediction=3172.1918890011661 rho=0.28475262475080687 accept=1
  MFCG it  31 cost=1.825367e+06 lam=2.083e-07 tau=0.00e+00 cg_it=0 shift=0 ckpt=1 alpha=0 acc mv=174
PCG_PREP o=31 rebuild=1 drift=0 previous_depth=1
POINT_SAFE o=31 frozen=546 slope=-51155.169031032645 candidate=5900138.6577366777 original=1824420.8356494461 current=1825366.7180045475 won=0 mode=1 camera_scale=1 keep_scale=0
ATTR_RADIUS o=31 raw_norm=32120.270587466697 norm=1107.6463735913444 radius=17722.341977461518 next_radius=17722.341977461518 lambda=2.0830453257790915e-07 next_lambda=2.0830453257790915e-07 rho=0.3024715916779025 accept=1
CLASSICAL_LM o=31 lambda=2.0830453257790915e-07 tau=2.0830453257790915e-07 prediction=3127.1774974116001 rho=0.3024715916779025 accept=1
  MFCG it  32 cost=1.824421e+06 lam=2.083e-07 tau=0.00e+00 cg_it=0 shift=0 ckpt=1 alpha=0 acc mv=176
PCG_PREP o=32 rebuild=1 drift=0 previous_depth=1
POINT_SAFE o=32 frozen=559 slope=-50435.176910536233 candidate=5660469.5275042299 original=1823424.6668289003 current=1824420.8356494461 won=0 mode=1 camera_scale=1 keep_scale=0
ATTR_RADIUS o=32 raw_norm=31494.37041603155 norm=1107.6463735913451 radius=17722.341977461518 next_radius=17722.341977461518 lambda=2.0830453257790915e-07 next_lambda=2.0830453257790915e-07 rho=0.32311766073358106 accept=1
CLASSICAL_LM o=32 lambda=2.0830453257790915e-07 tau=2.0830453257790915e-07 prediction=3082.9909398457271 rho=0.32311766073358106 accept=1
  MFCG it  33 cost=1.823425e+06 lam=2.083e-07 tau=0.00e+00 cg_it=0 shift=0 ckpt=1 alpha=0 acc mv=178
PCG_PREP o=33 rebuild=1 drift=0 previous_depth=1
POINT_SAFE o=33 frozen=568 slope=-49685.018497268742 candidate=5385404.2816987624 original=1822370.8811247365 current=1823424.6668289003 won=0 mode=1 camera_scale=1 keep_scale=0
ATTR_RADIUS o=33 raw_norm=30896.997187008681 norm=1107.6463735913446 radius=17722.341977461518 next_radius=17722.341977461518 lambda=2.0830453257790915e-07 next_lambda=2.0830453257790915e-07 rho=0.34705306546162989 accept=1
CLASSICAL_LM o=33 lambda=2.0830453257790915e-07 tau=2.0830453257790915e-07 prediction=3036.3820667082991 rho=0.34705306546162989 accept=1
  MFCG it  34 cost=1.822371e+06 lam=2.083e-07 tau=0.00e+00 cg_it=0 shift=0 ckpt=1 alpha=0 acc mv=180
PCG_PREP o=34 rebuild=1 drift=0 previous_depth=1
POINT_SAFE o=34 frozen=577 slope=-48871.570456635141 candidate=5089061.6482932623 original=1821255.6852323262 current=1822370.8811247365 won=0 mode=1 camera_scale=1 keep_scale=0
ATTR_RADIUS o=34 raw_norm=30320.491188252232 norm=1107.6463735913451 radius=17722.341977461518 next_radius=17722.341977461518 lambda=2.0830453257790915e-07 next_lambda=2.0830453257790915e-07 rho=0.37341355787354702 accept=1
CLASSICAL_LM o=34 lambda=2.0830453257790915e-07 tau=2.0830453257790915e-07 prediction=2986.4900962915849 rho=0.37341355787354702 accept=1
  MFCG it  35 cost=1.821256e+06 lam=2.083e-07 tau=0.00e+00 cg_it=0 shift=0 ckpt=1 alpha=0 acc mv=182
PCG_PREP o=35 rebuild=1 drift=0 previous_depth=1
POINT_SAFE o=35 frozen=597 slope=-48045.399503054097 candidate=4800480.8122808198 original=1820080.5117942265 current=1821255.6852323262 won=0 mode=1 camera_scale=1 keep_scale=0
ATTR_RADIUS o=35 raw_norm=29714.473921974888 norm=1107.6463735913446 radius=17722.341977461518 next_radius=17722.341977461518 lambda=2.0830453257790915e-07 next_lambda=2.0830453257790915e-07 rho=0.40030707462779014 accept=1
CLASSICAL_LM o=35 lambda=2.0830453257790915e-07 tau=2.0830453257790915e-07 prediction=2935.6799132075485 rho=0.40030707462779014 accept=1
  MFCG it  36 cost=1.820081e+06 lam=2.083e-07 tau=0.00e+00 cg_it=0 shift=0 ckpt=1 alpha=0 acc mv=184
PCG_PREP o=36 rebuild=1 drift=0 previous_depth=1
POINT_SAFE o=36 frozen=615 slope=-47134.759708037418 candidate=4501527.426914894 original=1818845.0403970282 current=1820080.5117942265 won=0 mode=1 camera_scale=1 keep_scale=0
ATTR_RADIUS o=36 raw_norm=29138.843118269026 norm=1107.6463735913444 radius=17722.341977461518 next_radius=17722.341977461518 lambda=2.0830453257790915e-07 next_lambda=2.0830453257790915e-07 rho=0.42904565916632614 accept=1
CLASSICAL_LM o=36 lambda=2.0830453257790915e-07 tau=2.0830453257790915e-07 prediction=2879.5802283582166 rho=0.42904565916632614 accept=1
  MFCG it  37 cost=1.818845e+06 lam=2.083e-07 tau=0.00e+00 cg_it=0 shift=0 ckpt=1 alpha=0 acc mv=186
PCG_PREP o=37 rebuild=1 drift=0 previous_depth=1
POINT_SAFE o=37 frozen=638 slope=-46164.328609918724 candidate=4210969.641566922 original=1817552.442874227 current=1818845.0403970282 won=0 mode=1 camera_scale=1 keep_scale=0
ATTR_RADIUS o=37 raw_norm=28559.872430126321 norm=1107.6463735913451 radius=17722.341977461518 next_radius=17722.341977461518 lambda=2.0830453257790915e-07 next_lambda=2.0830453257790915e-07 rho=0.45839773669136052 accept=1
CLASSICAL_LM o=37 lambda=2.0830453257790915e-07 tau=2.0830453257790915e-07 prediction=2819.8165465017569 rho=0.45839773669136052 accept=1
  MFCG it  38 cost=1.817552e+06 lam=2.083e-07 tau=0.00e+00 cg_it=0 shift=0 ckpt=1 alpha=0 acc mv=188
PCG_PREP o=38 rebuild=1 drift=0 previous_depth=1
POINT_SAFE o=38 frozen=664 slope=-45140.919113401229 candidate=3935235.818094132 original=1816207.4816499301 current=1817552.442874227 won=0 mode=1 camera_scale=1 keep_scale=0
ATTR_RADIUS o=38 raw_norm=27968.51692120923 norm=1107.6463735913455 radius=17722.341977461518 next_radius=17722.341977461518 lambda=2.0830453257790915e-07 next_lambda=2.0830453257790915e-07 rho=0.48787728647702466 accept=1
CLASSICAL_LM o=38 lambda=2.0830453257790915e-07 tau=2.0830453257790915e-07 prediction=2756.7613036647613 rho=0.48787728647702466 accept=1
  MFCG it  39 cost=1.816207e+06 lam=2.083e-07 tau=0.00e+00 cg_it=0 shift=0 ckpt=1 alpha=0 acc mv=190
PCG_PREP o=39 rebuild=1 drift=0 previous_depth=1
POINT_SAFE o=39 frozen=670 slope=-44032.788213142994 candidate=3670471.971910703 original=1814815.0858480863 current=1816207.4816499301 won=0 mode=1 camera_scale=1 keep_scale=0
ATTR_RADIUS o=39 raw_norm=27386.470182759622 norm=1107.6463735913444 radius=17722.341977461518 next_radius=17722.341977461518 lambda=2.0830453257790915e-07 next_lambda=2.0830453257790915e-07 rho=0.51784213663638101 accept=1
CLASSICAL_LM o=39 lambda=2.0830453257790915e-07 tau=2.0830453257790915e-07 prediction=2688.8422230143019 rho=0.51784213663638101 accept=1
  MFCG it  40 cost=1.814815e+06 lam=2.083e-07 tau=0.00e+00 cg_it=0 shift=0 ckpt=1 alpha=0 acc mv=192
PCG_PREP o=40 rebuild=1 drift=0 previous_depth=1
POINT_SAFE o=40 frozen=682 slope=-42851.064597082033 candidate=3422631.2502534389 original=1814486.3082343454 current=1814815.0858480863 won=0 mode=1 camera_scale=1 keep_scale=0
ATTR_RADIUS o=40 raw_norm=26803.108492078034 norm=17722.341977461518 radius=17722.341977461518 next_radius=4430.5854943653794 lambda=2.0830453257790915e-07 next_lambda=3.3328725212465464e-06 rho=0.064360072272810653 accept=0
CLASSICAL_LM o=40 lambda=2.0830453257790915e-07 tau=2.0830453257790915e-07 prediction=5108.4096417302253 rho=0.064360072272810653 accept=0
  MFCG it  41  retry 1/8  lam=3.333e-06 tau_eff=2.083e-07  (assembly reused)
PCG_PREP o=40 rebuild=1 drift=0 previous_depth=1
POINT_SAFE o=40 frozen=126 slope=-29610.781973338526 candidate=1825820.9311773309 original=1808924.0953755698 current=1814815.0858480863 won=0 mode=1 camera_scale=1 keep_scale=0
ATTR_RADIUS o=40 raw_norm=11375.470989485126 norm=2215.2927471826888 radius=4430.5854943653794 next_radius=4430.5854943653794 lambda=3.3328725212465464e-06 next_lambda=3.3328725212465464e-07 rho=0.47032800045632284 accept=1
CLASSICAL_LM o=40 lambda=3.3328725212465464e-06 tau=3.3328725212465464e-06 prediction=12525.28122246802 rho=0.47032800045632284 accept=1
  MFCG it  41 cost=1.808924e+06 lam=3.333e-07 tau=0.00e+00 cg_it=0 shift=0 ckpt=1 alpha=0 acc mv=196
PCG_PREP o=41 rebuild=1 drift=0 previous_depth=1
POINT_SAFE o=41 frozen=106 slope=-13829.472879595578 candidate=1814999.856916049 original=1806780.4094088441 current=1808924.0953755698 won=0 mode=1 camera_scale=1 keep_scale=0
ATTR_RADIUS o=41 raw_norm=23338.95254534074 norm=2215.2927471826893 radius=4430.5854943653794 next_radius=4430.5854943653794 lambda=3.3328725212465464e-07 next_lambda=2.0830453257790915e-07 rho=0.35643234302772625 accept=1
CLASSICAL_LM o=41 lambda=3.3328725212465464e-07 tau=3.3328725212465464e-07 prediction=6014.2857646309058 rho=0.35643234302772625 accept=1
  MFCG it  42 cost=1.806780e+06 lam=2.083e-07 tau=0.00e+00 cg_it=0 shift=0 ckpt=1 alpha=0 acc mv=198
PCG_PREP o=42 rebuild=1 drift=0 previous_depth=1
POINT_SAFE o=42 frozen=157 slope=-10462.154286764689 candidate=1807628.3511200084 original=1804382.9592423833 current=1806780.4094088441 won=0 mode=1 camera_scale=1 keep_scale=0
ATTR_RADIUS o=42 raw_norm=24409.964652399107 norm=2215.2927471826888 radius=4430.5854943653794 next_radius=4430.5854943653794 lambda=2.0830453257790915e-07 next_lambda=2.0830453257790915e-07 rho=0.5088312244629225 accept=1
CLASSICAL_LM o=42 lambda=2.0830453257790915e-07 tau=2.0830453257790915e-07 prediction=4711.6805164450407 rho=0.5088312244629225 accept=1
  MFCG it  43 cost=1.804383e+06 lam=2.083e-07 tau=0.00e+00 cg_it=0 shift=0 ckpt=1 alpha=0 acc mv=200
PCG_PREP o=43 rebuild=1 drift=0 previous_depth=1
ATTR_RADIUS o=43 raw_norm=23050.681283435653 norm=4430.5854943653785 radius=4430.5854943653794 next_radius=1107.6463735913449 lambda=2.0830453257790915e-07 next_lambda=3.3328725212465464e-06 rho=0.16282549101721194 accept=1
CLASSICAL_LM o=43 lambda=2.0830453257790915e-07 tau=2.0830453257790915e-07 prediction=7568.8166122049988 rho=0.16282549101721194 accept=1
  MFCG it  44 cost=1.803151e+06 lam=3.333e-06 tau=0.00e+00 cg_it=0 shift=0 ckpt=1 alpha=0 acc mv=202
PCG_PREP o=44 rebuild=1 drift=0 previous_depth=1
ATTR_RADIUS o=44 raw_norm=9692.1598581239796 norm=1107.6463735913453 radius=1107.6463735913449 next_radius=2215.2927471826897 lambda=3.3328725212465464e-06 next_lambda=8.3321813031163659e-07 rho=0.82998291551107839 accept=1
CLASSICAL_LM o=44 lambda=3.3328725212465464e-06 tau=3.3328725212465464e-06 prediction=4597.5789857295913 rho=0.82998291551107839 accept=1
  MFCG it  45 cost=1.799335e+06 lam=8.332e-07 tau=0.00e+00 cg_it=0 shift=0 ckpt=1 alpha=0 acc mv=204
PCG_PREP o=45 rebuild=1 drift=0 previous_depth=1
ATTR_RADIUS o=45 raw_norm=13214.610253273746 norm=2215.2927471826911 radius=2215.2927471826897 next_radius=4430.5854943653794 lambda=8.3321813031163659e-07 next_lambda=2.0830453257790915e-07 rho=0.78426011719385735 accept=1
CLASSICAL_LM o=45 lambda=8.3321813031163659e-07 tau=8.3321813031163659e-07 prediction=5064.5632926942426 rho=0.78426011719385735 accept=1
  MFCG it  46 cost=1.795363e+06 lam=2.083e-07 tau=0.00e+00 cg_it=0 shift=0 ckpt=1 alpha=0 acc mv=206
PCG_PREP o=46 rebuild=1 drift=0 previous_depth=1
ATTR_RADIUS o=46 raw_norm=20484.564155706692 norm=4430.5854943653803 radius=4430.5854943653794 next_radius=8861.1709887307588 lambda=2.0830453257790915e-07 next_lambda=2.0830453257790915e-07 rho=0.81968549053575135 accept=1
CLASSICAL_LM o=46 lambda=2.0830453257790915e-07 tau=2.0830453257790915e-07 prediction=5092.1880149468889 rho=0.81968549053575135 accept=1
  MFCG it  47 cost=1.791189e+06 lam=2.083e-07 tau=0.00e+00 cg_it=0 shift=0 ckpt=1 alpha=0 acc mv=208
PCG_PREP o=47 rebuild=1 drift=0 previous_depth=1
ATTR_RADIUS o=47 raw_norm=19830.252230718721 norm=8861.1709887307588 radius=8861.1709887307588 next_radius=17722.341977461518 lambda=2.0830453257790915e-07 next_lambda=2.0830453257790915e-07 rho=0.79256812956886757 accept=1
CLASSICAL_LM o=47 lambda=2.0830453257790915e-07 tau=2.0830453257790915e-07 prediction=6788.3796948298841 rho=0.79256812956886757 accept=1
  MFCG it  48 cost=1.785808e+06 lam=2.083e-07 tau=0.00e+00 cg_it=0 shift=0 ckpt=1 alpha=0 acc mv=210
PCG_PREP o=48 rebuild=1 drift=0 previous_depth=1
POINT_SAFE o=48 frozen=864 slope=-15678.655580978259 candidate=1801917.9525265275 original=1782231.2962363465 current=1785808.4699202827 won=0 mode=1 camera_scale=1 keep_scale=0
ATTR_RADIUS o=48 raw_norm=64018.199621885564 norm=8861.1709887307643 radius=17722.341977461518 next_radius=17722.341977461518 lambda=2.0830453257790915e-07 next_lambda=2.0830453257790915e-07 rho=0.48388516545527749 accept=1
CLASSICAL_LM o=48 lambda=2.0830453257790915e-07 tau=2.0830453257790915e-07 prediction=7392.6086999806112 rho=0.48388516545527749 accept=1
  MFCG it  49 cost=1.782231e+06 lam=2.083e-07 tau=0.00e+00 cg_it=6 shift=0 ckpt=7 alpha=0 acc mv=218
PCG_PREP o=49 rebuild=1 drift=0 previous_depth=7
ATTR_RADIUS o=49 raw_norm=23143.477664975147 norm=17722.34197746151 radius=17722.341977461518 next_radius=17722.341977461518 lambda=2.0830453257790915e-07 next_lambda=2.0830453257790915e-07 rho=0.59574671821375724 accept=1
CLASSICAL_LM o=49 lambda=2.0830453257790915e-07 tau=2.0830453257790915e-07 prediction=8287.3324918590952 rho=0.59574671821375724 accept=1
  MFCG it  50 cost=1.777294e+06 lam=2.083e-07 tau=0.00e+00 cg_it=0 shift=0 ckpt=1 alpha=0 acc mv=220
PCG_PREP o=50 rebuild=1 drift=0 previous_depth=1
POINT_SAFE o=50 frozen=480 slope=-18960.347838276386 candidate=1791798.7749767543 original=1771990.4545233203 current=1777294.1451015752 won=0 mode=1 camera_scale=1 keep_scale=0
ATTR_RADIUS o=50 raw_norm=81078.179622818105 norm=8861.170988730757 radius=17722.341977461518 next_radius=17722.341977461518 lambda=2.0830453257790915e-07 next_lambda=2.0830453257790915e-07 rho=0.6250709585336186 accept=1
CLASSICAL_LM o=50 lambda=2.0830453257790915e-07 tau=2.0830453257790915e-07 prediction=8484.9415987858902 rho=0.6250709585336186 accept=1
  MFCG it  51 cost=1.771990e+06 lam=2.083e-07 tau=0.00e+00 cg_it=9 shift=0 ckpt=10 alpha=0 acc mv=231
PCG_PREP o=51 rebuild=1 drift=0 previous_depth=10
POINT_SAFE o=51 frozen=496 slope=-18545.449484703469 candidate=1788216.0040278584 original=1769000.9801036266 current=1771990.4545233203 won=0 mode=1 camera_scale=1 keep_scale=0
ATTR_RADIUS o=51 raw_norm=83992.844896554219 norm=8861.1709887307552 radius=17722.341977461518 next_radius=17722.341977461518 lambda=2.0830453257790915e-07 next_lambda=2.0830453257790915e-07 rho=0.3843336109724288 accept=1
CLASSICAL_LM o=51 lambda=2.0830453257790915e-07 tau=2.0830453257790915e-07 prediction=7778.3319864474552 rho=0.3843336109724288 accept=1
  MFCG it  52 cost=1.769001e+06 lam=2.083e-07 tau=0.00e+00 cg_it=8 shift=0 ckpt=9 alpha=0 acc mv=241
PCG_PREP o=52 rebuild=1 drift=0 previous_depth=9
ATTR_RADIUS o=52 raw_norm=37185.444242799262 norm=17722.341977461514 radius=17722.341977461518 next_radius=17722.341977461518 lambda=2.0830453257790915e-07 next_lambda=2.0830453257790915e-07 rho=0.47941055905950286 accept=1
CLASSICAL_LM o=52 lambda=2.0830453257790915e-07 tau=2.0830453257790915e-07 prediction=11992.632833616564 rho=0.47941055905950286 accept=1
  MFCG it  53 cost=1.763252e+06 lam=2.083e-07 tau=0.00e+00 cg_it=2 shift=0 ckpt=3 alpha=0 acc mv=245
PCG_PREP o=53 rebuild=1 drift=0 previous_depth=3
ATTR_RADIUS o=53 raw_norm=26480.822372633149 norm=17722.341977461514 radius=17722.341977461518 next_radius=35444.683954923035 lambda=2.0830453257790915e-07 next_lambda=2.0830453257790915e-07 rho=0.8546365928063937 accept=1
CLASSICAL_LM o=53 lambda=2.0830453257790915e-07 tau=2.0830453257790915e-07 prediction=8756.2677543926584 rho=0.8546365928063937 accept=1
  MFCG it  54 cost=1.755768e+06 lam=2.083e-07 tau=0.00e+00 cg_it=0 shift=0 ckpt=1 alpha=0 acc mv=247
PCG_PREP o=54 rebuild=1 drift=0 previous_depth=1
POINT_SAFE o=54 frozen=1888 slope=-40468.048363398389 candidate=1913532.3215303631 original=1747472.6614992523 current=1755768.1584529525 won=0 mode=1 camera_scale=1 keep_scale=0
ATTR_RADIUS o=54 raw_norm=84725.265153537606 norm=8861.1709887307607 radius=35444.683954923035 next_radius=35444.683954923035 lambda=2.0830453257790915e-07 next_lambda=2.0830453257790915e-07 rho=0.86292556889309213 accept=1
CLASSICAL_LM o=54 lambda=2.0830453257790915e-07 tau=2.0830453257790915e-07 prediction=9613.2241907504922 rho=0.86292556889309213 accept=1
  MFCG it  55 cost=1.747473e+06 lam=2.083e-07 tau=0.00e+00 cg_it=21 shift=0 ckpt=22 alpha=0 acc mv=270
PCG_PREP o=55 rebuild=1 drift=0 previous_depth=22
POINT_SAFE o=55 frozen=1961 slope=-31312.68157834575 candidate=1908623.5314593723 original=1742254.401390417 current=1747472.6614992523 won=0 mode=1 camera_scale=1 keep_scale=0
ATTR_RADIUS o=55 raw_norm=70064.084233275833 norm=8861.170988730757 radius=35444.683954923035 next_radius=35444.683954923035 lambda=2.0830453257790915e-07 next_lambda=2.0830453257790915e-07 rho=0.64180749318592567 accept=1
CLASSICAL_LM o=55 lambda=2.0830453257790915e-07 tau=2.0830453257790915e-07 prediction=8130.5690011998895 rho=0.64180749318592567 accept=1
  MFCG it  56 cost=1.742254e+06 lam=2.083e-07 tau=0.00e+00 cg_it=15 shift=0 ckpt=16 alpha=0 acc mv=287
PCG_PREP o=56 rebuild=1 drift=0 previous_depth=16
POINT_SAFE o=56 frozen=1234 slope=-20836.838142386248 candidate=2304674.8014351455 original=1740730.5470803604 current=1742254.401390417 won=0 mode=1 camera_scale=1 keep_scale=0
ATTR_RADIUS o=56 raw_norm=54990.130631297397 norm=4430.5854943653812 radius=35444.683954923035 next_radius=35444.683954923035 lambda=2.0830453257790915e-07 next_lambda=2.0830453257790915e-07 rho=0.60093902546640876 accept=1
CLASSICAL_LM o=56 lambda=2.0830453257790915e-07 tau=2.0830453257790915e-07 prediction=2535.7885666918473 rho=0.60093902546640876 accept=1
  MFCG it  57 cost=1.740731e+06 lam=2.083e-07 tau=0.00e+00 cg_it=6 shift=0 ckpt=7 alpha=0 acc mv=295
PCG_PREP o=57 rebuild=1 drift=0 previous_depth=7
ATTR_RADIUS o=57 raw_norm=25944.154933515834 norm=25944.154933515834 radius=35444.683954923035 next_radius=35444.683954923035 lambda=2.0830453257790915e-07 next_lambda=2.0830453257790915e-07 rho=0.68534421922825428 accept=1
CLASSICAL_LM o=57 lambda=2.0830453257790915e-07 tau=2.0830453257790915e-07 prediction=5534.9483831042726 rho=0.68534421922825428 accept=1
  MFCG it  58 cost=1.736937e+06 lam=2.083e-07 tau=0.00e+00 cg_it=0 shift=0 ckpt=1 alpha=0 acc mv=297
PCG_PREP o=58 rebuild=1 drift=0 previous_depth=1
POINT_SAFE o=58 frozen=649 slope=-45069.382827033201 candidate=1984836.187432731 original=1729070.0257106114 current=1736937.2022022731 won=0 mode=1 camera_scale=1 keep_scale=0
ATTR_RADIUS o=58 raw_norm=73043.735613413039 norm=8861.170988730757 radius=35444.683954923035 next_radius=35444.683954923035 lambda=2.0830453257790915e-07 next_lambda=2.0830453257790915e-07 rho=0.73880777441270584 accept=1
CLASSICAL_LM o=58 lambda=2.0830453257790915e-07 tau=2.0830453257790915e-07 prediction=10648.475508958312 rho=0.73880777441270584 accept=1
  MFCG it  59 cost=1.729070e+06 lam=2.083e-07 tau=0.00e+00 cg_it=33 shift=0 ckpt=34 alpha=0 acc mv=332
PCG_PREP o=59 rebuild=1 drift=0 previous_depth=34
POINT_SAFE o=59 frozen=1100 slope=-40313.310580976467 candidate=2068283.3462102837 original=1724179.5211279115 current=1729070.0257106114 won=0 mode=1 camera_scale=1 keep_scale=0
ATTR_RADIUS o=59 raw_norm=64636.831338185111 norm=8861.170988730757 radius=35444.683954923035 next_radius=35444.683954923035 lambda=2.0830453257790915e-07 next_lambda=2.0830453257790915e-07 rho=0.47103576938389519 accept=1
CLASSICAL_LM o=59 lambda=2.0830453257790915e-07 tau=2.0830453257790915e-07 prediction=10382.44842657391 rho=0.47103576938389519 accept=1
  MFCG it  60 cost=1.724180e+06 lam=2.083e-07 tau=0.00e+00 cg_it=32 shift=0 ckpt=33 alpha=0 acc mv=366
PCG_PREP o=60 rebuild=1 drift=0 previous_depth=33
POINT_SAFE o=60 frozen=1254 slope=-32643.39316747828 candidate=2041443.5188249419 original=1719317.0861158753 current=1724179.5211279115 won=0 mode=1 camera_scale=1 keep_scale=0
ATTR_RADIUS o=60 raw_norm=55524.624851346111 norm=8861.1709887307588 radius=35444.683954923035 next_radius=35444.683954923035 lambda=2.0830453257790915e-07 next_lambda=2.0830453257790915e-07 rho=0.44283023522912385 accept=1
CLASSICAL_LM o=60 lambda=2.0830453257790915e-07 tau=2.0830453257790915e-07 prediction=10980.359120059573 rho=0.44283023522912385 accept=1
  MFCG it  61 cost=1.719317e+06 lam=2.083e-07 tau=0.00e+00 cg_it=30 shift=0 ckpt=31 alpha=0 acc mv=398
PCG_PREP o=61 rebuild=1 drift=0 previous_depth=31
POINT_SAFE o=61 frozen=742 slope=-24982.578593572023 candidate=1721705.8162307476 original=1712991.2828275901 current=1719317.0861158753 won=0 mode=1 camera_scale=1 keep_scale=0
ATTR_RADIUS o=61 raw_norm=20636.857550140801 norm=10318.428775070401 radius=35444.683954923035 next_radius=35444.683954923035 lambda=2.0830453257790915e-07 next_lambda=2.0830453257790915e-07 rho=0.68057867028430019 accept=1
CLASSICAL_LM o=61 lambda=2.0830453257790915e-07 tau=2.0830453257790915e-07 prediction=9294.7422017246845 rho=0.68057867028430019 accept=1
  MFCG it  62 cost=1.712991e+06 lam=2.083e-07 tau=0.00e+00 cg_it=2 shift=0 ckpt=3 alpha=0 acc mv=402
PCG_PREP o=62 rebuild=1 drift=0 previous_depth=3
ATTR_RADIUS o=62 raw_norm=9299.134185480063 norm=9299.134185480063 radius=35444.683954923035 next_radius=35444.683954923035 lambda=2.0830453257790915e-07 next_lambda=2.0830453257790915e-07 rho=0.44561264296773306 accept=1
CLASSICAL_LM o=62 lambda=2.0830453257790915e-07 tau=2.0830453257790915e-07 prediction=6007.9958470513484 rho=0.44561264296773306 accept=1
  MFCG it  63 cost=1.710314e+06 lam=2.083e-07 tau=0.00e+00 cg_it=0 shift=0 ckpt=1 alpha=0 acc mv=404
PCG_PREP o=63 rebuild=1 drift=0 previous_depth=1
POINT_SAFE o=63 frozen=641 slope=-42925.074720784069 candidate=2422754.2366369395 original=1703047.0304128458 current=1710314.0439192464 won=0 mode=1 camera_scale=1 keep_scale=0
ATTR_RADIUS o=63 raw_norm=55478.80337837297 norm=8861.1709887307552 radius=35444.683954923035 next_radius=35444.683954923035 lambda=2.0830453257790915e-07 next_lambda=2.0830453257790915e-07 rho=0.74052607908724066 accept=1
CLASSICAL_LM o=63 lambda=2.0830453257790915e-07 tau=2.0830453257790915e-07 prediction=9813.3120650630208 rho=0.74052607908724066 accept=1
  MFCG it  64 cost=1.703047e+06 lam=2.083e-07 tau=0.00e+00 cg_it=71 shift=0 ckpt=72 alpha=0 acc mv=477
PCG_PREP o=64 rebuild=1 drift=0 previous_depth=72
ATTR_RADIUS o=64 raw_norm=7127.3457010433158 norm=7127.3457010433158 radius=35444.683954923035 next_radius=35444.683954923035 lambda=2.0830453257790915e-07 next_lambda=2.0830453257790915e-07 rho=0.59289278588989658 accept=1
CLASSICAL_LM o=64 lambda=2.0830453257790915e-07 tau=2.0830453257790915e-07 prediction=4757.5974887699622 rho=0.59289278588989658 accept=1
  MFCG it  65 cost=1.700226e+06 lam=2.083e-07 tau=0.00e+00 cg_it=0 shift=0 ckpt=1 alpha=0 acc mv=479
PCG_PREP o=65 rebuild=1 drift=0 previous_depth=1
POINT_SAFE o=65 frozen=192 slope=-28944.36864586694 candidate=1915604.0730412388 original=1695090.6557122774 current=1700226.2851835862 won=0 mode=1 camera_scale=1 keep_scale=0
ATTR_RADIUS o=65 raw_norm=51454.677718452294 norm=8861.1709887307552 radius=35444.683954923035 next_radius=35444.683954923035 lambda=2.0830453257790915e-07 next_lambda=2.0830453257790915e-07 rho=0.7806184786157393 accept=1
CLASSICAL_LM o=65 lambda=2.0830453257790915e-07 tau=2.0830453257790915e-07 prediction=6578.9237790216421 rho=0.7806184786157393 accept=1
  MFCG it  66 cost=1.695091e+06 lam=2.083e-07 tau=0.00e+00 cg_it=44 shift=0 ckpt=45 alpha=0 acc mv=525
PCG_PREP o=66 rebuild=1 drift=0 previous_depth=45
ATTR_RADIUS o=66 raw_norm=6540.0385632483394 norm=6540.0385632483394 radius=35444.683954923035 next_radius=35444.683954923035 lambda=2.0830453257790915e-07 next_lambda=2.0830453257790915e-07 rho=0.76036268828095477 accept=1
CLASSICAL_LM o=66 lambda=2.0830453257790915e-07 tau=2.0830453257790915e-07 prediction=2904.5657965399359 rho=0.76036268828095477 accept=1
  MFCG it  67 cost=1.692882e+06 lam=2.083e-07 tau=0.00e+00 cg_it=0 shift=0 ckpt=1 alpha=0 acc mv=527
PCG_PREP o=67 rebuild=1 drift=0 previous_depth=1
POINT_SAFE o=67 frozen=761 slope=-5128.8258798161478 candidate=2034497.2337953756 original=1692473.1770331971 current=1692882.1322549314 won=0 mode=1 camera_scale=1 keep_scale=0
ATTR_RADIUS o=67 raw_norm=32449.119299635644 norm=4056.1399124544555 radius=35444.683954923035 next_radius=35444.683954923035 lambda=2.0830453257790915e-07 next_lambda=2.0830453257790915e-07 rho=0.73759632050904977 accept=1
CLASSICAL_LM o=67 lambda=2.0830453257790915e-07 tau=2.0830453257790915e-07 prediction=554.44314235733088 rho=0.73759632050904977 accept=1
  MFCG it  68 cost=1.692473e+06 lam=2.083e-07 tau=0.00e+00 cg_it=2 shift=0 ckpt=3 alpha=0 acc mv=531
PCG_PREP o=68 rebuild=1 drift=0 previous_depth=3
POINT_SAFE o=68 frozen=667 slope=-5150.6939564096137 candidate=1890138.0004184267 original=1692187.9099372234 current=1692473.1770331971 won=0 mode=1 camera_scale=1 keep_scale=0
ATTR_RADIUS o=68 raw_norm=31416.741075048722 norm=3927.0926343810902 radius=35444.683954923035 next_radius=35444.683954923035 lambda=2.0830453257790915e-07 next_lambda=2.0830453257790915e-07 rho=0.55169797456436531 accept=1
CLASSICAL_LM o=68 lambda=2.0830453257790915e-07 tau=2.0830453257790915e-07 prediction=517.07113153527405 rho=0.55169797456436531 accept=1
  MFCG it  69 cost=1.692188e+06 lam=2.083e-07 tau=0.00e+00 cg_it=2 shift=0 ckpt=3 alpha=0 acc mv=535
PCG_PREP o=69 rebuild=1 drift=0 previous_depth=3
POINT_SAFE o=69 frozen=599 slope=-5190.7783661620397 candidate=1843950.7059902749 original=1691952.0327650474 current=1692187.9099372234 won=0 mode=1 camera_scale=1 keep_scale=0
ATTR_RADIUS o=69 raw_norm=30043.792828177742 norm=3755.4741035222178 radius=35444.683954923035 next_radius=35444.683954923035 lambda=2.0830453257790915e-07 next_lambda=2.0830453257790915e-07 rho=0.46615212508674286 accept=1
CLASSICAL_LM o=69 lambda=2.0830453257790915e-07 tau=2.0830453257790915e-07 prediction=506.00900324574303 rho=0.46615212508674286 accept=1
  MFCG it  70 cost=1.691952e+06 lam=2.083e-07 tau=0.00e+00 cg_it=2 shift=0 ckpt=3 alpha=0 acc mv=539
PCG_PREP o=70 rebuild=1 drift=0 previous_depth=3
POINT_SAFE o=70 frozen=543 slope=-5166.343639278668 candidate=1807280.3501464638 original=1691725.8133814014 current=1691952.0327650474 won=0 mode=1 camera_scale=1 keep_scale=0
ATTR_RADIUS o=70 raw_norm=28772.032362269594 norm=3596.5040452836993 radius=35444.683954923035 next_radius=35444.683954923035 lambda=2.0830453257790915e-07 next_lambda=2.0830453257790915e-07 rho=0.44875490955873498 accept=1
CLASSICAL_LM o=70 lambda=2.0830453257790915e-07 tau=2.0830453257790915e-07 prediction=504.1045319559384 rho=0.44875490955873498 accept=1
  MFCG it  71 cost=1.691726e+06 lam=2.083e-07 tau=0.00e+00 cg_it=2 shift=0 ckpt=3 alpha=0 acc mv=543
PCG_PREP o=71 rebuild=1 drift=0 previous_depth=3
ATTR_RADIUS o=71 raw_norm=5490.3363004229168 norm=5490.3363004229177 radius=35444.683954923035 next_radius=35444.683954923035 lambda=2.0830453257790915e-07 next_lambda=2.0830453257790915e-07 rho=0.77925812896724778 accept=1
CLASSICAL_LM o=71 lambda=2.0830453257790915e-07 tau=2.0830453257790915e-07 prediction=1270.8758657222595 rho=0.77925812896724778 accept=1
  MFCG it  72 cost=1.690735e+06 lam=2.083e-07 tau=0.00e+00 cg_it=0 shift=0 ckpt=1 alpha=0 acc mv=545
PCG_PREP o=72 rebuild=1 drift=0 previous_depth=1
POINT_SAFE o=72 frozen=589 slope=-3189.6628256235872 candidate=1764081.0187135597 original=1690652.5743269215 current=1690735.473032129 won=0 mode=1 camera_scale=1 keep_scale=0
ATTR_RADIUS o=72 raw_norm=27432.79781497355 norm=6858.1994537433875 radius=35444.683954923035 next_radius=8861.1709887307588 lambda=2.0830453257790915e-07 next_lambda=3.3328725212465464e-06 rho=0.12753627952886376 accept=1
CLASSICAL_LM o=72 lambda=2.0830453257790915e-07 tau=2.0830453257790915e-07 prediction=650.00096845971143 rho=0.12753627952886376 accept=1
  MFCG it  73 cost=1.690653e+06 lam=3.333e-06 tau=0.00e+00 cg_it=2 shift=0 ckpt=3 alpha=0 acc mv=549
PCG_PREP o=73 rebuild=1 drift=0 previous_depth=3
ATTR_RADIUS o=73 raw_norm=3238.5845272444985 norm=3238.5845272444985 radius=8861.1709887307588 next_radius=8861.1709887307588 lambda=3.3328725212465464e-06 next_lambda=3.3328725212465464e-07 rho=0.77476919894024099 accept=1
CLASSICAL_LM o=73 lambda=3.3328725212465464e-06 tau=3.3328725212465464e-06 prediction=973.99029743811718 rho=0.77476919894024099 accept=1
  MFCG it  74 cost=1.689898e+06 lam=3.333e-07 tau=0.00e+00 cg_it=0 shift=0 ckpt=1 alpha=0 acc mv=551
PCG_PREP o=74 rebuild=1 drift=0 previous_depth=1
ATTR_RADIUS o=74 raw_norm=51259.890541757515 norm=8861.1709887307552 radius=8861.1709887307588 next_radius=8861.1709887307588 lambda=3.3328725212465464e-07 next_lambda=3.3328725212465464e-07 rho=0.68490669098392243 accept=1
CLASSICAL_LM o=74 lambda=3.3328725212465464e-07 tau=3.3328725212465464e-07 prediction=6625.9422631741418 rho=0.68490669098392243 accept=1
  MFCG it  75 cost=1.685360e+06 lam=3.333e-07 tau=0.00e+00 cg_it=120 shift=0 ckpt=121 alpha=0 acc mv=673
PCG_PREP o=75 rebuild=1 drift=0 previous_depth=121
ATTR_RADIUS o=75 raw_norm=17110.799702116052 norm=8861.170988730757 radius=8861.1709887307588 next_radius=8861.1709887307588 lambda=3.3328725212465464e-07 next_lambda=3.3328725212465464e-07 rho=0.68394168961241886 accept=1
CLASSICAL_LM o=75 lambda=3.3328725212465464e-07 tau=3.3328725212465464e-07 prediction=2641.7407647535342 rho=0.68394168961241886 accept=1
  MFCG it  76 cost=1.683553e+06 lam=3.333e-07 tau=0.00e+00 cg_it=2 shift=0 ckpt=3 alpha=0 acc mv=677
PCG_PREP o=76 rebuild=1 drift=0 previous_depth=3
ATTR_RADIUS o=76 raw_norm=3226.565638782226 norm=3226.565638782226 radius=8861.1709887307588 next_radius=8861.1709887307588 lambda=3.3328725212465464e-07 next_lambda=2.0830453257790915e-07 rho=0.98143758706909734 accept=1
CLASSICAL_LM o=76 lambda=3.3328725212465464e-07 tau=3.3328725212465464e-07 prediction=1021.7765597216829 rho=0.98143758706909734 accept=1
  MFCG it  77 cost=1.682550e+06 lam=2.083e-07 tau=0.00e+00 cg_it=0 shift=0 ckpt=1 alpha=0 acc mv=679
PCG_PREP o=77 rebuild=1 drift=0 previous_depth=1
POINT_SAFE o=77 frozen=8 slope=-5807.4685968569565 candidate=1686131.7982331566 original=1680047.1443703631 current=1682550.1978908181 won=0 mode=1 camera_scale=1 keep_scale=0
ATTR_RADIUS o=77 raw_norm=46157.260396594102 norm=4430.5854943653767 radius=8861.1709887307588 next_radius=8861.1709887307588 lambda=2.0830453257790915e-07 next_lambda=2.0830453257790915e-07 rho=0.90660099047445419 accept=1
CLASSICAL_LM o=77 lambda=2.0830453257790915e-07 tau=2.0830453257790915e-07 prediction=2760.9207873742721 rho=0.90660099047445419 accept=1
  MFCG it  78 cost=1.680047e+06 lam=2.083e-07 tau=0.00e+00 cg_it=128 shift=0 ckpt=128 alpha=0 acc mv=807
PCG_PREP o=78 rebuild=1 drift=0 previous_depth=128
POINT_SAFE o=78 frozen=13 slope=-6289.4282095356393 candidate=1683103.0715095189 original=1677590.3191524595 current=1680047.1443703631 won=0 mode=1 c[R9] wrote /tmp/prism-ba-coarse/research/eta2_phase_hybrid/evidence/large/final-3068-champion-3/curve.csv
amera_scale=1 keep_scale=0
ATTR_RADIUS o=78 raw_norm=38662.86056219638 norm=4430.5854943653785 radius=8861.1709887307588 next_radius=8861.1709887307588 lambda=2.0830453257790915e-07 next_lambda=2.0830453257790915e-07 rho=0.84980085591755872 accept=1
CLASSICAL_LM o=78 lambda=2.0830453257790915e-07 tau=2.0830453257790915e-07 prediction=2891.059947510731 rho=0.84980085591755872 accept=1
  MFCG it  79 cost=1.677590e+06 lam=2.083e-07 tau=0.00e+00 cg_it=119 shift=0 ckpt=120 alpha=0 acc mv=928
PCG_PREP o=79 rebuild=1 drift=0 previous_depth=120
POINT_SAFE o=79 frozen=24 slope=-5527.0686863854207 candidate=1675113.3165288982 original=1675415.7555075346 current=1677590.3191524595 won=1 mode=1 camera_scale=1 keep_scale=0
ATTR_RADIUS o=79 raw_norm=22600.532565580605 norm=8861.1709887307552 radius=8861.1709887307588 next_radius=8861.1709887307588 lambda=2.0830453257790915e-07 next_lambda=2.0830453257790915e-07 rho=0.62345735207056041 accept=1
CLASSICAL_LM o=79 lambda=2.0830453257790915e-07 tau=2.0830453257790915e-07 prediction=3973.0105280416465 rho=0.62345735207056041 accept=1
  MFCG it  80 cost=1.675113e+06 lam=2.083e-07 tau=0.00e+00 cg_it=47 shift=0 ckpt=48 alpha=0 acc mv=977
PCG_PREP o=80 rebuild=1 drift=0 previous_depth=48
ATTR_RADIUS o=80 raw_norm=2501.7781851275577 norm=2501.7781851275577 radius=8861.1709887307588 next_radius=8861.1709887307588 lambda=2.0830453257790915e-07 next_lambda=2.0830453257790915e-07 rho=0.97559196043816954 accept=1
CLASSICAL_LM o=80 lambda=2.0830453257790915e-07 tau=2.0830453257790915e-07 prediction=1895.6492993625543 rho=0.97559196043816954 accept=1
  MFCG it  81 cost=1.673264e+06 lam=2.083e-07 tau=0.00e+00 cg_it=0 shift=0 ckpt=1 alpha=0 acc mv=979
PCG_PREP o=81 rebuild=1 drift=0 previous_depth=1
POINT_SAFE o=81 frozen=32 slope=-3820.1166831618402 candidate=1682453.0370361365 original=1671823.2753999629 current=1673263.9363126298 won=0 mode=1 camera_scale=1 keep_scale=0
ATTR_RADIUS o=81 raw_norm=35158.626806416563 norm=4430.5854943653812 radius=8861.1709887307588 next_radius=8861.1709887307588 lambda=2.0830453257790915e-07 next_lambda=2.0830453257790915e-07 rho=0.80800443085773843 accept=1
CLASSICAL_LM o=81 lambda=2.0830453257790915e-07 tau=2.0830453257790915e-07 prediction=1782.9864016186143 rho=0.80800443085773843 accept=1
TARGET reached outer=82 seconds=6.549442011 cost=1671823.2753999629 threshold=1672694.8052276426
  MFCG: accepts=82 rejects=4 total_matvecs=1107 negcurv=1 cand_evals=86 mean_cg_per_outer=13.5
NUMERIC_REPAIR summary rebuilds=1 floor=2.0830453257790915e-07
  [retry-cache] builds=87 reuses=0
  [menu-backtrack] trials=64 rescues=63 evals=288 total_scored=374
POINT_SAFE summary calls=64 evals=64 wins=14 frozen=42051 seconds=0.761847905
  [scoring] menu_evals=86 alpha_evals=0 backtrack_evals=288 total_scored=374
RESULT algo=mfree_shifted_cg iters=82 final_cost=1671823.2753999629 solve_seconds=6.557496
DIAGNOSTICS median_reproj_err_px 2.704502 -> 0.532856 | cheirality_violations(obs) 751 -> 838 | cheirality_violations(pts, of 310854) 725 -> 776
