[R10] --zero_k2: all k2 set to 0 at load
Loaded /workspace/bal/dubrovnik-88.txt: ncam=88 npt=64298 nobs=383937 n=193422
[R10] --dof9: refining f,k1 per camera (88 cameras)
  [menu-backtrack] active=1 max_evals=8 warmup_accepts=3 confirm_stop=original armijo=1e-4
MIXED_STORAGE fragments=fp32 arithmetic=fp64 state=fp64 acceptance=fp64
  [compact-fragments] active=2 saved_bytes=39929448 storage=fp32 camera_reads=contiguous
  MFCG score_init=30562787.847235743 precision=fp64
PCG_PREP o=0 rebuild=1 drift=0 previous_depth=0
ATTR_RADIUS o=0 raw_norm=5445.8560983987381 norm=5445.8560983987372 radius=5445.8560983987381 next_radius=10891.712196797476 lambda=0.10000000000000001 next_lambda=0.025000000000000001 rho=0.99642283532921261 accept=1
CLASSICAL_LM o=0 lambda=0.10000000000000001 tau=0.10000000000000001 prediction=28494581.339232977 rho=0.99642283532921261 accept=1
  MFCG it   1 cost=2.170136e+06 lam=2.500e-02 tau=0.00e+00 cg_it=0 shift=0 ckpt=1 alpha=0 acc mv=2
PCG_PREP o=1 rebuild=1 drift=0 previous_depth=1
ATTR_RADIUS o=1 raw_norm=2850.3640786061105 norm=2850.3640786061105 radius=10891.712196797476 next_radius=10891.712196797476 lambda=0.025000000000000001 next_lambda=0.0025000000000000005 rho=0.99898041080055466 accept=1
CLASSICAL_LM o=1 lambda=0.025000000000000001 tau=0.025000000000000001 prediction=1301657.1942207017 rho=0.99898041080055466 accept=1
  MFCG it   2 cost=8.698063e+05 lam=2.500e-03 tau=0.00e+00 cg_it=4 shift=0 ckpt=5 alpha=0 acc mv=8
PCG_PREP o=2 rebuild=1 drift=0 previous_depth=5
ATTR_RADIUS o=2 raw_norm=2272.8893580214467 norm=2272.8893580214467 radius=10891.712196797476 next_radius=10891.712196797476 lambda=0.0025000000000000005 next_lambda=0.00025000000000000006 rho=0.99190491987085116 accept=1
CLASSICAL_LM o=2 lambda=0.0025000000000000005 tau=0.0025000000000000005 prediction=304855.50474077254 rho=0.99190491987085116 accept=1
  MFCG it   3 cost=5.674186e+05 lam=2.500e-04 tau=0.00e+00 cg_it=9 shift=0 ckpt=10 alpha=0 acc mv=19
PCG_PREP o=3 rebuild=1 drift=0 previous_depth=10
ATTR_RADIUS o=3 raw_norm=2295.2916485700807 norm=2295.2916485700807 radius=10891.712196797476 next_radius=10891.712196797476 lambda=0.00025000000000000006 next_lambda=2.5000000000000008e-05 rho=0.98311495840323071 accept=1
CLASSICAL_LM o=3 lambda=0.00025000000000000006 tau=0.00025000000000000006 prediction=169689.6563567319 rho=0.98311495840323071 accept=1
  MFCG it   4 cost=4.005942e+05 lam=2.500e-05 tau=0.00e+00 cg_it=0 shift=0 ckpt=1 alpha=0 acc mv=21
PCG_PREP o=4 rebuild=1 drift=0 previous_depth=1
ATTR_RADIUS o=4 raw_norm=7330.2253398093208 norm=7330.2253398093208 radius=10891.712196797476 next_radius=10891.712196797476 lambda=2.5000000000000008e-05 next_lambda=2.5000000000000011e-06 rho=0.77434215249844407 accept=1
CLASSICAL_LM o=4 lambda=2.5000000000000008e-05 tau=2.5000000000000008e-05 prediction=37640.562392141765 rho=0.77434215249844407 accept=1
  MFCG it   5 cost=3.714475e+05 lam=2.500e-06 tau=0.00e+00 cg_it=7 shift=0 ckpt=8 alpha=0 acc mv=30
PCG_PREP o=5 rebuild=1 drift=0 previous_depth=8
ATTR_RADIUS o=5 raw_norm=732.6159714467982 norm=732.6159714467982 radius=10891.712196797476 next_radius=10891.712196797476 lambda=2.5000000000000011e-06 next_lambda=2.5000000000000009e-07 rho=0.93246850056955088 accept=1
CLASSICAL_LM o=5 lambda=2.5000000000000011e-06 tau=2.5000000000000011e-06 prediction=9528.1107668822588 rho=0.93246850056955088 accept=1
  MFCG it   6 cost=3.625628e+05 lam=2.500e-07 tau=0.00e+00 cg_it=0 shift=0 ckpt=1 alpha=0 acc mv=32
PCG_PREP o=6 rebuild=1 drift=0 previous_depth=1
POINT_SAFE o=6 frozen=56 slope=-10369.93222164249 candidate=370151.28493184055 original=360836.35821456404 current=362562.82735752407 won=0 mode=1 camera_scale=1 keep_scale=0
ATTR_RADIUS o=6 raw_norm=8283.2734266928837 norm=2070.8183566732209 radius=10891.712196797476 next_radius=10891.712196797476 lambda=2.5000000000000009e-07 next_lambda=2.5000000000000012e-08 rho=0.78419395541957382 accept=1
CLASSICAL_LM o=6 lambda=2.5000000000000009e-07 tau=2.5000000000000009e-07 prediction=2201.5843542638736 rho=0.78419395541957382 accept=1
  MFCG it   7 cost=3.608364e+05 lam=2.500e-08 tau=0.00e+00 cg_it=19 shift=0 ckpt=20 alpha=0 acc mv=53
PCG_PREP o=7 rebuild=1 drift=0 previous_depth=20
ATTR_RADIUS o=7 raw_norm=36565.432[R9] wrote /tmp/prism-ba-coarse/research/champion_point_followup/evidence/original-parity/dubrovnik-88-champion-0/curve.csv
572009311 norm=10891.712196797476 radius=10891.712196797476 next_radius=10891.712196797476 lambda=2.5000000000000012e-08 next_lambda=2.5000000000000012e-08 rho=0.4144150669726131 accept=1
CLASSICAL_LM o=7 lambda=2.5000000000000012e-08 tau=2.5000000000000012e-08 prediction=2225.8164055833008 rho=0.4144150669726131 accept=1
  MFCG it   8 cost=3.599139e+05 lam=2.500e-08 tau=0.00e+00 cg_it=18 shift=0 ckpt=19 alpha=0 acc mv=73
  MFCG: accepts=8 rejects=0 total_matvecs=73 negcurv=0 cand_evals=8 mean_cg_per_outer=9.1
NUMERIC_REPAIR summary rebuilds=0 floor=9.9999999999999998e-17
  [retry-cache] builds=8 reuses=0
  [menu-backtrack] trials=1 rescues=1 evals=3 total_scored=11
POINT_SAFE summary calls=1 evals=1 wins=0 frozen=56 seconds=0.002453121
  [scoring] menu_evals=8 alpha_evals=0 backtrack_evals=3 total_scored=11
RESULT algo=mfree_shifted_cg iters=8 final_cost=359913.9463597755 solve_seconds=0.144049
DIAGNOSTICS median_reproj_err_px 4.948600 -> 0.656467 | cheirality_violations(obs) 0 -> 13 | cheirality_violations(pts, of 64298) 0 -> 1
