  [menu-backtrack] active=1 max_evals=8 warmup_accepts=3 confirm_stop=original armijo=1e-4
MIXED_STORAGE fragments=fp32 arithmetic=fp64 state=fp64 acceptance=fp64
  [compact-fragments] active=2 saved_bytes=55578432 storage=fp32 camera_reads=contiguous
  MFCG score_init=4545737.692797157 precision=fp64
PCG_PREP o=0 rebuild=1 drift=0 previous_depth=0
ATTR_RADIUS o=0 raw_norm=1971.9680974970454 norm=1971.9680974970454 radius=1971.9680974970454 next_radius=3943.9361949940908 lambda=0.10000000000000001 next_lambda=0.025000000000000001 rho=0.99613705806864383 accept=1
CLASSICAL_LM o=0 lambda=0.10000000000000001 tau=0.10000000000000001 prediction=3816059.042716729 rho=0.99613705806864383 accept=1
  MFCG it   1 cost=7.444199e+05 lam=2.500e-02 tau=0.00e+00 cg_it=2 shift=0 ckpt=3 alpha=0 acc mv=4
PCG_PREP o=1 rebuild=1 drift=0 previous_depth=3
ATTR_RADIUS o=1 raw_norm=1278.9847149474303 norm=1278.9847149474303 radius=3943.9361949940908 next_radius=3943.9361949940908 lambda=0.025000000000000001 next_lambda=0.0025000000000000005 rho=0.99825201564485022 accept=1
CLASSICAL_LM o=1 lambda=0.025000000000000001 tau=0.025000000000000001 prediction=239545.80978500674 rho=0.99825201564485022 accept=1
  MFCG it   2 cost=5.052928e+05 lam=2.500e-03 tau=0.00e+00 cg_it=5 shift=0 ckpt=6 alpha=0 acc mv=11
PCG_PREP o=2 rebuild=1 drift=0 previous_depth=6
ATTR_RADIUS o=2 raw_norm=2085.6096387830498 norm=2085.6096387830498 radius=3943.9361949940908 next_radius=3943.9361949940908 lambda=0.0025000000000000005 next_lambda=0.00025000000000000006 rho=0.99847260789888137 accept=1
CLASSICAL_LM o=2 lambda=0.0025000000000000005 tau=0.0025000000000000005 prediction=133359.41875004803 rho=0.99847260789888137 accept=1
  MFCG it   3 cost=3.721371e+05 lam=2.500e-04 tau=0.00e+00 cg_it=10 shift=0 ckpt=11 alpha=0 acc mv=23
PCG_PREP o=3 rebuild=1 drift=0 previous_depth=11
ATTR_RADIUS o=3 raw_norm=1900.6966156433755 norm=1900.6966156433755 radius=3943.9361949940908 next_radius=3943.9361949940908 lambda=0.00025000000000000006 next_lambda=2.5000000000000008e-05 rho=1.0319946016473724 accept=1
CLASSICAL_LM o=3 lambda=0.00025000000000000006 tau=0.00025000000000000006 prediction=35214.403310382288 rho=1.0319946016473724 accept=1
  MFCG it   4 cost=3.357960e+05 lam=2.500e-05 tau=0.00e+00 cg_it=0 shift=0 ckpt=1 alpha=0 acc mv=25
PCG_PREP o=4 rebuild=1 drift=0 previous_depth=1
ATTR_RADIUS o=4 raw_norm=3013.2950986462147 norm=3013.2950986462147 radius=3943.9361949940908 next_radius=3943.9361949940908 lambda=2.5000000000000008e-05 next_lambda=2.5000000000000011e-06 rho=0.92697566886068805 accept=1
CLASSICAL_LM o=4 lambda=2.5000000000000008e-05 tau=2.5000000000000008e-05 prediction=13208.984635230054 rho=0.92697566886068805 accept=1
  MFCG it   5 cost=3.235516e+05 lam=2.500e-06 tau=0.00e+00 cg_it=2 shift=0 ckpt=3 alpha=0 acc mv=29
PCG_PREP o=5 rebuild=1 drift=0 previous_depth=3
ATTR_RADIUS o=5 raw_norm=1958.597889915007 norm=1958.597889915007 radius=3943.9361949940908 next_radius=3943.9361949940908 lambda=2.5000000000000011e-06 next_lambda=2.5000000000000009e-07 rho=0.99853548845261253 accept=1
CLASSICAL_LM o=5 lambda=2.5000000000000011e-06 tau=2.5000000000000011e-06 prediction=4181.5175474959551 rho=0.99853548845261253 accept=1
  MFCG it   6 cost=3.193762e+05 lam=2.500e-07 tau=0.00e+00 cg_it=2 shift=0 ckpt=3 alpha=0 acc mv=33
PCG_PREP o=6 rebuild=1 drift=0 previous_depth=3
ATTR_RADIUS o=6 raw_norm=12300.801297914128 norm=3943.9361949940908 radius=3943.9361949940908 next_radius=7887.8723899881816 lambda=2.5000000000000009e-07 next_lambda=6.2500000000000024e-08 rho=0.99587904842720443 accept=1
CLASSICAL_LM o=6 lambda=2.5000000000000009e-07 tau=2.5000000000000009e-07 prediction=4997.4030958897129 rho=0.99587904842720443 accept=1
  MFCG it   7 cost=3.143994e+05 lam=6.250e-08 tau=0.00e+00 cg_it=15 shift=0 ckpt=16 alpha=0 acc mv=50
PCG_PREP o=7 rebuild=1 drift=0 previous_depth=16
ATTR_RADIUS o=7 raw_norm=20330.153718304329 norm=7887.8723899881797 radius=7887.8723899881816 next_radius=15775.744779976363 lambda=6.2500000000000024e-08 next_lambda=1.5625000000000006e-08 rho=0.9976070299452735 accept=1
CLASSICAL_LM o=7 lambda=6.2500000000000024e-08 tau=6.2500000000000024e-08 prediction=2640.2980736065501 rho=0.9976070299452735 accept=1
  MFCG it   8 cost=3.117654e+05 lam=1.563e-08 tau=0.00e+00 cg_it=11 shift=0 ckpt=12 alpha=0 acc mv=63
PCG_PREP o=8 rebuild=1 drift=0 previous_depth=12
ATTR_RADIUS o=8 raw_norm=22977.664933794451 norm=15775.744779976361 radius=15775.744779976363 next_radius=31551.489559952726 lambda=1.5625000000000006e-08 next_lambda=3.9062500000000015e-09 rho=0.95073592653339689 accept=1
CLASSICAL_LM o=8 lambda=1.5625000000000006e-08 tau=1.5625000000000006e-08 prediction=2568.1553725764506 rho=0.95073592653339689 accept=1
TARGET reached outer=9 seconds=0.180831167 cost=309323.74879739544 threshold=310921.97509117844
  MFCG: accepts=9 rejects=0 total_matvecs=82 negcurv=0 cand_evals=9 mean_cg_per_outer=9.1
NUMERIC_REPAIR summary rebuilds=0 floor=9.9999999999999998e-17
  [retry-cache] builds=9 reuses=0
  [menu-backtrack] trials=0 rescues=0 evals=0 total_scored=9
POINT_SAFE summary calls=0 evals=0 wins=0 frozen=0 seconds=0
  [scoring] menu_evals=9 alpha_evals=0 backtrack_evals=0 total_scored=9
RESULT algo=mfree_shifted_cg iters=9 final_cost=309323.7487973954 solve_seconds=0.184788
DIAGNOSTICS median_reproj_err_px 1.058298 -> 0.375032 | cheirality_violations(obs) 0 -> 2 | cheirality_violations(pts, of 100368) 0 -> 2
