  [menu-backtrack] active=1 max_evals=8 warmup_accepts=3 confirm_stop=original armijo=1e-4
MIXED_STORAGE fragments=fp32 arithmetic=fp64 state=fp64 acceptance=fp64
  [compact-fragments] active=2 saved_bytes=171996448 storage=fp32 camera_reads=contiguous
  MFCG score_init=90993342.024340227 precision=fp64
PCG_PREP o=0 rebuild=1 drift=0 previous_depth=0
ATTR_RADIUS o=0 raw_norm=8861.1709887307588 norm=8861.1709887307588 radius=8861.1709887307588 next_radius=17722.341977461518 lambda=0.10000000000000001 next_lambda=0.025000000000000001 rho=0.99545080656082618 accept=1
CLASSICAL_LM o=0 lambda=0.10000000000000001 tau=0.10000000000000001 prediction=83412716.699058995 rho=0.99545080656082618 accept=1
  MFCG it   1 cost=7.960086e+06 lam=2.500e-02 tau=0.00e+00 cg_it=0 shift=0 ckpt=1 alpha=0 acc mv=2
PCG_PREP o=1 rebuild=1 drift=0 previous_depth=1
ATTR_RADIUS o=1 raw_norm=4659.7121206778056 norm=4659.7121206778056 radius=17722.341977461518 next_radius=17722.341977461518 lambda=0.025000000000000001 next_lambda=0.0025000000000000005 rho=0.99453896506500128 accept=1
CLASSICAL_LM o=1 lambda=0.025000000000000001 tau=0.025000000000000001 prediction=4259951.5107679684 rho=0.99453896506500128 accept=1
  MFCG it   2 cost=3.723398e+06 lam=2.500e-03 tau=0.00e+00 cg_it=4 shift=0 ckpt=5 alpha=0 acc mv=8
PCG_PREP o=2 rebuild=1 drift=0 previous_depth=5
ATTR_RADIUS o=2 raw_norm=6975.6779789559496 norm=6975.6779789559496 radius=17722.341977461518 next_radius=17722.341977461518 lambda=0.0025000000000000005 next_lambda=0.00025000000000000006 rho=0.87051061466547852 accept=1
CLASSICAL_LM o=2 lambda=0.0025000000000000005 tau=0.0025000000000000005 prediction=1234099.5580717523 rho=0.87051061466547852 accept=1
  MFCG it   3 cost=2.649101e+06 lam=2.500e-04 tau=0.00e+00 cg_it=9 shift=0 ckpt=10 alpha=0 acc mv=19
PCG_PREP o=3 rebuild=1 drift=0 previous_depth=10
ATTR_RADIUS o=3 raw_norm=10922.542500247851 norm=10922.542500247851 radius=17722.341977461518 next_radius=17722.341977461518 lambda=0.00025000000000000006 next_lambda=2.5000000000000008e-05 rho=0.71461554947841144 accept=1
CLASSICAL_LM o=3 lambda=0.00025000000000000006 tau=0.00025000000000000006 prediction=596515.31226687273 rho=0.71461554947841144 accept=1
  MFCG it   4 cost=2.222822e+06 lam=2.500e-05 tau=0.00e+00 cg_it=0 shift=0 ckpt=1 alpha=0 acc mv=21
PCG_PREP o=4 rebuild=1 drift=0 previous_depth=1
POINT_SAFE o=4 frozen=1341 slope=-336469.80095007201 candidate=2043410.2328815307 original=2072225.4899109907 current=2222822.2595826793 won=1 mode=1 camera_scale=1 keep_scale=0
ATTR_RADIUS o=4 raw_norm=25300.15664336858 norm=17722.341977461518 radius=17722.341977461518 next_radius=35444.683954923035 lambda=2.5000000000000008e-05 next_lambda=6.250000000000002e-06 rho=0.91745240427028785 accept=1
CLASSICAL_LM o=4 lambda=2.5000000000000008e-05 tau=2.5000000000000008e-05 prediction=195554.58775417038 rho=0.91745240427028785 accept=1
  MFCG it   5 cost=2.043410e+06 lam=6.250e-06 tau=0.00e+00 cg_it=1 shift=0 ckpt=2 alpha=0 acc mv=24
PCG_PREP o=5 rebuild=1 drift=0 previous_depth=2
POINT_SAFE o=5 frozen=1597 slope=-207541.13550549652 candidate=2178490.4001534977 original=2002349.3328291893 current=2043410.2328815307 won=0 mode=1 camera_scale=1 keep_scale=0
ATTR_RADIUS o=5 raw_norm=42981.158508576555 norm=4430.5854943653776 radius=35444.683954923035 next_radius=35444.683954923035 lambda=6.250000000000002e-06 next_lambda=6.2500000000000026e-07 rho=0.91576966063550946 accept=1
CLASSICAL_LM o=5 lambda=6.250000000000002e-06 tau=6.250000000000002e-06 prediction=44837.585058066557 rho=0.91576966063550946 accept=1
  MFCG it   6 cost=2.002349e+06 lam=6.250e-07 tau=0.00e+00 cg_it=7 shift=0 ckpt=8 alpha=0 acc mv=33
PCG_PREP o=6 rebuild=1 drift=0 previous_depth=8
POINT_SAFE o=6 frozen=1716 slope=-116975.76456363598 candidate=4314453.0535443341 original=1975585.3392514749 current=2002349.3328291893 won=0 mode=1 camera_scale=1 keep_scale=0
ATTR_RADIUS o=6 raw_norm=69292.267263178524 norm=8861.170988730757 radius=35444.683954923035 next_radius=35444.683954923035 lambda=6.2500000000000026e-07 next_lambda=6.2500000000000024e-08 rho=0.46388958387424012 accept=1
CLASSICAL_LM o=6 lambda=6.2500000000000026e-07 tau=6.2500000000000026e-07 prediction=57694.75001829314 rho=0.46388958387424012 accept=1
  MFCG it   7 cost=1.975585e+06 lam=6.250e-08 tau=0.00e+00 cg_it=5 shift=0 ckpt=6 alpha=0 acc mv=40
PCG_PREP o=7 rebuild=1 drift=0 previous_depth=6
POINT_SAFE o=7 frozen=793 slope=-57402.375783793374 candidate=13100888.467203995 original=1975222.1071245205 current=1975585.3392514749 won=0 mode=1 camera_scale=1 keep_scale=0
ATTR_RADIUS o=7 raw_norm=76473.362722696722 norm=276.91159339783621 radius=35444.683954923035 next_radius=35444.683954923035 lambda=6.2500000000000024e-08 next_lambda=6.250000000000003e-09 rho=0.27631416751635057 accept=1
CLASSICAL_LM o=7 lambda=6.2500000000000024e-08 tau=6.2500000000000024e-08 prediction=1314.5620806178295 rho=0.27631416751635057 accept=1
  MFCG it   8 cost=1.975222e+06 lam=6.250e-09 tau=0.00e+00 cg_it=0 shift=0 ckpt=1 alpha=0 acc mv=42
PCG_PREP o=8 rebuild=1 drift=0 previous_depth=1
NUMERIC_REPAIR o=8 lambda=6.250000000000003e-09 rayleigh=-9.3322365124395782e-08 next_lambda=3.9828946049758315e-07 cg=0 rebuild=1
PCG_PREP o=8 rebuild=1 drift=0 previous_depth=1
POINT_SAFE o=8 frozen=1236 slope=-69481.594306267216 candidate=16569962.163401622 original=1975054.6545107225 current=1975222.1071245205 won=0 mode=1 camera_scale=1 keep_scale=0
ATTR_RADIUS o=8 raw_norm=44239.499091545054 norm=35444.683954923035 radius=35444.683954923035 next_radius=8861.1709887307588 lambda=3.9828946049758315e-07 next_lambda=6.3726313679613305e-06 rho=0.059662058215467322 accept=0
CLASSICAL_LM o=8 lambda=3.9828946049758315e-07 tau=3.9828946049758315e-07 prediction=2806.6851665294748 rho=0.059662058215467322 accept=0
  MFCG it   9  retry 1/8  lam=6.373e-06 tau_eff=3.983e-07  (assembly reused)
PCG_PREP o=8 rebuild=1 drift=0 previous_depth=1
POINT_SAFE o=8 frozen=425 slope=-62434.1894121722 candidate=1946556.103357584 original=1974724.738169862 current=1975222.1071245205 won=1 mode=1 camera_scale=1 keep_scale=0
ATTR_RADIUS o=8 raw_norm=13474.712233888302 norm=8861.170988730757 radius=8861.1709887307588 next_radius=17722.341977461518 lambda=6.3726313679613305e-06 next_lambda=1.5931578419903326e-06 rho=0.80047815016955071 accept=1
CLASSICAL_LM o=8 lambda=6.3726313679613305e-06 tau=6.3726313679613305e-06 prediction=35811.100853739335 rho=0.80047815016955071 accept=1
  MFCG it   9 cost=1.946556e+06 lam=1.593e-06 tau=0.00e+00 cg_it=0 shift=0 ckpt=1 alpha=0 acc mv=47
PCG_PREP o=9 rebuild=1 drift=0 previous_depth=1
POINT_SAFE o=9 frozen=1049 slope=-49164.24212432497 candidate=1983261.2481309348 original=1944513.9646759755 current=1946556.103357584 won=0 mode=1 camera_scale=1 keep_scale=0
ATTR_RADIUS o=9 raw_norm=42510.883084438807 norm=553.82318679567277 radius=17722.341977461518 next_radius=17722.341977461518 lambda=1.5931578419903326e-06 next_lambda=3.9828946049758315e-07 rho=0.41571773341927976 accept=1
CLASSICAL_LM o=9 lambda=1.5931578419903326e-06 tau=1.5931578419903326e-06 prediction=4912.3203497043232 rho=0.41571773341927976 accept=1
  MFCG it  10 cost=1.944514e+06 lam=3.983e-07 tau=0.00e+00 cg_it=3 shift=0 ckpt=4 alpha=0 acc mv=52
PCG_PREP o=10 rebuild=1 drift=0 previous_depth=4
POINT_SAFE o=10 frozen=941 slope=-35955.832569012367 candidate=2377530.9289371506 original=1943820.0754970019 current=1944513.9646759755 won=0 mode=1 camera_scale=1 keep_scale=0
ATTR_RADIUS o=10 raw_norm=62822.804381001333 norm=276.91159339783621 radius=17722.341977461518 next_radius=17722.341977461518 lambda=3.9828946049758315e-07 next_lambda=3.9828946049758315e-07 rho=0.30824566095142181 accept=1
CLASSICAL_LM o=10 lambda=3.9828946049758315e-07 tau=3.9828946049758315e-07 prediction=2251.0914730539439 rho=0.30824566095142181 accept=1
  MFCG it  11 cost=1.943820e+06 lam=3.983e-07 tau=0.00e+00 cg_it=3 shift=0 ckpt=4 alpha=0 acc mv=57
PCG_PREP o=11 rebuild=1 drift=0 previous_depth=4
POINT_SAFE o=11 frozen=922 slope=-35179.201211049658 candidate=2361871.5383736556 original=1943303.2884756583 current=1943820.0754970019 won=0 mode=1 camera_scale=1 keep_scale=0
ATTR_RADIUS o=11 raw_norm=63925.524490550641 norm=138.45579669891811 radius=17722.341977461518 next_radius=17722.341977461518 lambda=3.9828946049758315e-07 next_lambda=3.9828946049758315e-07 rho=0.46100931722903804 accept=1
CLASSICAL_LM o=11 lambda=3.9828946049758315e-07 tau=3.9828946049758315e-07 prediction=1120.9904052478116 rho=0.46100931722903804 accept=1
  MFCG it  12 cost=1.943303e+06 lam=3.983e-07 tau=0.00e+00 cg_it=3 shift=0 ckpt=4 alpha=0 acc mv=62
PCG_PREP o=12 rebuild=1 drift=0 previous_depth=4
POINT_SAFE o=12 frozen=918 slope=-35607.56463162107 candidate=2395552.2870383495 original=inf current=1943303.2884756583 won=0 mode=1 camera_scale=1 keep_scale=0
ATTR_RADIUS o=12 raw_norm=62788.610199178016 norm=17722.341977461518 radius=17722.341977461518 next_radius=4430.5854943653794 lambda=3.9828946049758315e-07 next_lambda=6.3726313679613305e-06 rho=-1 accept=0
CLASSICAL_LM o=12 lambda=3.9828946049758315e-07 tau=3.9828946049758315e-07 prediction=27110.356841774097 rho=-1 accept=0
  MFCG it  13  retry 1/8  lam=6.373e-06 tau_eff=3.983e-07  (assembly reused)
PCG_PREP o=12 rebuild=1 drift=0 previous_depth=4
POINT_SAFE o=12 frozen=205 slope=-18936.732138314059 candidate=1930011.9467062859 original=inf current=1943303.2884756583 won=1 mode=1 camera_scale=1 keep_scale=0
ATTR_RADIUS o=12 raw_norm=28618.719827717028 norm=4430.585494365384 radius=4430.5854943653794 next_radius=8861.1709887307588 lambda=6.3726313679613305e-06 next_lambda=1.5931578419903326e-06 rho=0.91487092323045949 accept=1
CLASSICAL_LM o=12 lambda=6.3726313679613305e-06 tau=6.3726313679613305e-06 prediction=14528.106022257094 rho=0.91487092323045949 accept=1
  MFCG it  13 cost=1.930012e+06 lam=1.593e-06 tau=0.00e+00 cg_it=2 shift=0 ckpt=3 alpha=0 acc mv=71
PCG_PREP o=13 rebuild=1 drift=0 previous_depth=3
POINT_SAFE o=13 frozen=1136 slope=-12047.939452250641 candidate=1984936.9557362662 original=inf current=1930011.9467062859 won=0 mode=1 camera_scale=1 keep_scale=0
ATTR_RADIUS o=13 raw_norm=23486.37841558165 norm=8861.170988730757 radius=8861.1709887307588 next_radius=2215.2927471826897 lambda=1.5931578419903326e-06 next_lambda=2.5490525471845322e-05 rho=-1 accept=0
CLASSICAL_LM o=13 lambda=1.5931578419903326e-06 tau=1.5931578419903326e-06 prediction=8887.4417052603476 rho=-1 accept=0
  MFCG it  14  retry 1/8  lam=2.549e-05 tau_eff=1.593e-06  (assembly reused)
PCG_PREP o=13 rebuild=1 drift=0 previous_depth=1
POINT_SAFE o=13 frozen=371 slope=-11713.653724601558 candidate=1921464.0187735597 original=inf current=1930011.9467062859 won=1 mode=1 camera_scale=1 keep_scale=0
ATTR_RADIUS o=13 raw_norm=5667.9215416819679 norm=2215.2927471826893 radius=2215.2927471826897 next_radius=4430.5854943653794 lambda=2.5490525471845322e-05 next_lambda=6.3726313679613305e-06 rho=0.96744560837684712 accept=1
CLASSICAL_LM o=13 lambda=2.5490525471845322e-05 tau=2.5490525471845322e-05 prediction=8835.5643549487922 rho=0.96744560837684712 accept=1
  MFCG it  14 cost=1.921464e+06 lam=6.373e-06 tau=0.00e+00 cg_it=0 shift=0 ckpt=1 alpha=0 acc mv=75
PCG_PREP o=14 rebuild=1 drift=0 previous_depth=1
POINT_SAFE o=14 frozen=206 slope=-18200.298824524391 candidate=1907280.5887341173 original=inf current=1921464.0187735597 won=1 mode=1 camera_scale=1 keep_scale=0
ATTR_RADIUS o=14 raw_norm=42087.254619897838 norm=4430.5854943653803 radius=4430.5854943653794 next_radius=8861.1709887307588 lambda=6.3726313679613305e-06 next_lambda=1.5931578419903326e-06 rho=0.86459320744634771 accept=1
CLASSICAL_LM o=14 lambda=6.3726313679613305e-06 tau=6.3726313679613305e-06 prediction=16404.743776942672 rho=0.86459320744634771 accept=1
  MFCG it  15 cost=1.907281e+06 lam=1.593e-06 tau=0.00e+00 cg_it=9 shift=0 ckpt=10 alpha=0 acc mv=86
PCG_PREP o=15 rebuild=1 drift=0 previous_depth=10
POINT_SAFE o=15 frozen=742 slope=-18525.619260529053 candidate=1900551.4264029048 original=1906550.9848560225 current=1907280.5887341173 won=1 mode=1 camera_scale=1 keep_scale=0
ATTR_RADIUS o=15 raw_norm=58942.713941128241 norm=8861.1709887307588 radius=8861.1709887307588 next_radius=8861.1709887307588 lambda=1.5931578419903326e-06 next_lambda=1.5931578419903326e-06 rho=0.40733897959658683 accept=1
CLASSICAL_LM o=15 lambda=1.5931578419903326e-06 tau=1.5931578419903326e-06 prediction=16519.80946649607 rho=0.40733897959658683 accept=1
  MFCG it  16 cost=1.900551e+06 lam=1.593e-06 tau=0.00e+00 cg_it=7 shift=0 ckpt=8 alpha=0 acc mv=95
PCG_PREP o=16 rebuild=1 drift=0 previous_depth=8
POINT_SAFE o=16 frozen=586 slope=-18357.742434908236 candidate=2156681.1781072696 original=1896980.5695553585 current=1900551.4264029048 won=0 mode=1 camera_scale=1 keep_scale=0
ATTR_RADIUS o=16 raw_norm=20458.546768372729 norm=553.82318679567243 radius=8861.1709887307588 next_radius=8861.1709887307588 lambda=1.5931578419903326e-06 next_lambda=3.9828946049758315e-07 rho=0.47338410441624817 accept=1
CLASSICAL_LM o=16 lambda=1.5931578419903326e-06 tau=1.5931578419903326e-06 prediction=7543.2546514202986 rho=0.47338410441624817 accept=1
  MFCG it  17 cost=1.896981e+06 lam=3.983e-07 tau=0.00e+00 cg_it=0 shift=0 ckpt=1 alpha=0 acc mv=97
PCG_PREP o=17 rebuild=1 drift=0 previous_depth=1
POINT_SAFE o=17 frozen=403 slope=-12639.463570496689 candidate=2935171.5195239284 original=1869900.8264607424 current=1896980.5695553585 won=0 mode=1 camera_scale=1 keep_scale=0
ATTR_RADIUS o=17 raw_norm=36204.267096217089 norm=2215.2927471826906 radius=8861.1709887307588 next_radius=8861.1709887307588 lambda=3.9828946049758315e-07 next_lambda=3.9828946049758315e-07 rho=1.086505357704971 accept=1
CLASSICAL_LM o=17 lambda=3.9828946049758315e-07 tau=3.9828946049758315e-07 prediction=24923.708753555286 rho=1.086505357704971 accept=1
  MFCG it  18 cost=1.869901e+06 lam=3.983e-07 tau=0.00e+00 cg_it=0 shift=0 ckpt=1 alpha=0 acc mv=99
PCG_PREP o=18 rebuild=1 drift=0 previous_depth=1
POINT_SAFE o=18 frozen=346 slope=-54994.907521582099 candidate=2151338.4611252462 original=1866715.4164648242 current=1869900.8264607424 won=0 mode=1 camera_scale=1 keep_scale=0
ATTR_RADIUS o=18 raw_norm=36484.428698617892 norm=2215.2927471826902 radius=8861.1709887307588 next_radius=8861.1709887307588 lambda=3.9828946049758315e-07 next_lambda=3.9828946049758315e-07 rho=0.26067118750153806 accept=1
CLASSICAL_LM o=18 lambda=3.9828946049758315e-07 tau=3.9828946049758315e-07 prediction=12220.031014741002 rho=0.26067118750153806 accept=1
  MFCG it  19 cost=1.866715e+06 lam=3.983e-07 tau=0.00e+00 cg_it=0 shift=0 ckpt=1 alpha=0 acc mv=101
PCG_PREP o=19 rebuild=1 drift=0 previous_depth=1
POINT_SAFE o=19 frozen=303 slope=-44239.315844589255 candidate=2207502.1043871921 original=1866313.0888477734 current=1866715.4164648242 won=0 mode=1 camera_scale=1 keep_scale=0
ATTR_RADIUS o=19 raw_norm=35863.329003441155 norm=8861.1709887307552 radius=8861.1709887307588 next_radius=2215.2927471826897 lambda=3.9828946049758315e-07 next_lambda=6.3726313679613305e-06 rho=0.040610904313754768 accept=0
CLASSICAL_LM o=19 lambda=3.9828946049758315e-07 tau=3.9828946049758315e-07 prediction=9906.8864347987474 rho=0.040610904313754768 accept=0
  MFCG it  20  retry 1/8  lam=6.373e-06 tau_eff=3.983e-07  (assembly reused)
PCG_PREP o=19 rebuild=1 drift=0 previous_depth=1
ATTR_RADIUS o=19 raw_norm=9876.5851541856246 norm=2215.2927471826906 radius=2215.2927471826897 next_radius=2215.2927471826897 lambda=6.3726313679613305e-06 next_lambda=6.3726313679613305e-06 rho=0.53366211579545164 accept=1
CLASSICAL_LM o=19 lambda=6.3726313679613305e-06 tau=6.3726313679613305e-06 prediction=24833.66291325651 rho=0.53366211579545164 accept=1
  MFCG it  20 cost=1.853463e+06 lam=6.373e-06 tau=0.00e+00 cg_it=0 shift=0 ckpt=1 alpha=0 acc mv=105
PCG_PREP o=20 rebuild=1 drift=0 previous_depth=1
ATTR_RADIUS o=20 raw_norm=12817.895345299388 norm=0 radius=2215.2927471826897 next_radius=553.82318679567243 lambda=6.3726313679613305e-06 next_lambda=0.00010196210188738129 rho=0.079647587401851003 accept=0
CLASSICAL_LM o=20 lambda=6.3726313679613305e-06 tau=6.3726313679613305e-06 prediction=11701.303216021584 rho=0.079647587401851003 accept=0
  MFCG it  21  retry 1/8  lam=1.020e-04 tau_eff=6.373e-06  (assembly reused)
PCG_PREP o=20 rebuild=1 drift=0 previous_depth=1
ATTR_RADIUS o=20 raw_norm=2964.0018013102758 norm=553.82318679567243 radius=553.82318679567243 next_radius=1107.6463735913449 lambda=0.00010196210188738129 next_lambda=2.5490525471845322e-05 rho=0.87824235337319057 accept=1
CLASSICAL_LM o=20 lambda=0.00010196210188738129 tau=0.00010196210188738129 prediction=11908.370551227548 rho=0.87824235337319057 accept=1
  MFCG it  21 cost=1.843004e+06 lam=2.549e-05 tau=0.00e+00 cg_it=0 shift=0 ckpt=1 alpha=0 acc mv=109
PCG_PREP o=21 rebuild=1 drift=0 previous_depth=1
ATTR_RADIUS o=21 raw_norm=6074.9452891298752 norm=1107.6463735913444 radius=1107.6463735913449 next_radius=1107.6463735913449 lambda=2.5490525471845322e-05 next_lambda=2.5490525471845322e-05 rho=0.71279273295991996 accept=1
CLASSICAL_LM o=21 lambda=2.5490525471845322e-05 tau=2.5490525471845322e-05 prediction=5544.7744807810759 rho=0.71279273295991996 accept=1
  MFCG it  22 cost=1.839052e+06 lam=2.549e-05 tau=0.00e+00 cg_it=0 shift=0 ckpt=1 alpha=0 acc mv=111
PCG_PREP o=22 rebuild=1 drift=0 previous_depth=1
ATTR_RADIUS o=22 raw_norm=5915.7606761572952 norm=1107.6463735913444 radius=1107.6463735913449 next_radius=1107.6463735913449 lambda=2.5490525471845322e-05 next_lambda=2.5490525471845322e-05 rho=0.72282920901942393 accept=1
CLASSICAL_LM o=22 lambda=2.5490525471845322e-05 tau=2.5490525471845322e-05 prediction=3953.6590652610425 rho=0.72282920901942393 accept=1
  MFCG it  23 cost=1.836194e+06 lam=2.549e-05 tau=0.00e+00 cg_it=0 shift=0 ckpt=1 alpha=0 acc mv=113
PCG_PREP o=23 rebuild=1 drift=0 previous_depth=1
ATTR_RADIUS o=23 raw_norm=5817.0166016939565 norm=1107.6463735913442 radius=1107.6463735913449 next_radius=1107.6463735913449 lambda=2.5490525471845322e-05 next_lambda=2.5490525471845322e-05 rho=0.74674422081515324 accept=1
CLASSICAL_LM o=23 lambda=2.5490525471845322e-05 tau=2.5490525471845322e-05 prediction=3156.1103751509872 rho=0.74674422081515324 accept=1
  MFCG it  24 cost=1.833837e+06 lam=2.549e-05 tau=0.00e+00 cg_it=0 shift=0 ckpt=1 alpha=0 acc mv=115
PCG_PREP o=24 rebuild=1 drift=0 previous_depth=1
ATTR_RADIUS o=24 raw_norm=5741.2620944317105 norm=1107.6463735913449 radius=1107.6463735913449 next_radius=2215.2927471826897 lambda=2.5490525471845322e-05 next_lambda=6.3726313679613305e-06 rho=0.78828143174353194 accept=1
CLASSICAL_LM o=24 lambda=2.5490525471845322e-05 tau=2.5490525471845322e-05 prediction=2647.4532238964152 rho=0.78828143174353194 accept=1
  MFCG it  25 cost=1.831750e+06 lam=6.373e-06 tau=0.00e+00 cg_it=0 shift=0 ckpt=1 alpha=0 acc mv=117
PCG_PREP o=25 rebuild=1 drift=0 previous_depth=1
POINT_SAFE o=25 frozen=452 slope=-2394.7778538677048 candidate=1832014.7949493215 original=1831183.0679378554 current=1831750.3553824513 won=0 mode=1 camera_scale=1 keep_scale=0
ATTR_RADIUS o=25 raw_norm=12457.778431341463 norm=1107.6463735913446 radius=2215.2927471826897 next_radius=2215.2927471826897 lambda=6.3726313679613305e-06 next_lambda=6.3726313679613307e-07 rho=0.49925435797189177 accept=1
CLASSICAL_LM o=25 lambda=6.3726313679613305e-06 tau=6.3726313679613305e-06 prediction=1136.2693896161934 rho=0.49925435797189177 accept=1
  MFCG it  26 cost=1.831183e+06 lam=6.373e-07 tau=0.00e+00 cg_it=0 shift=0 ckpt=1 alpha=0 acc mv=119
PCG_PREP o=26 rebuild=1 drift=0 previous_depth=1
ATTR_RADIUS o=26 raw_norm=63740.511525412039 norm=2215.2927471826893 radius=2215.2927471826897 next_radius=4430.5854943653794 lambda=6.3726313679613307e-07 next_lambda=3.9828946049758315e-07 rho=0.9822233523210866 accept=1
CLASSICAL_LM o=26 lambda=6.3726313679613307e-07 tau=6.3726313679613307e-07 prediction=3114.5248192974909 rho=0.9822233523210866 accept=1
  MFCG it  27 cost=1.828124e+06 lam=3.983e-07 tau=0.00e+00 cg_it=6 shift=0 ckpt=7 alpha=0 acc mv=127
PCG_PREP o=27 rebuild=1 drift=0 previous_depth=7
POINT_SAFE o=27 frozen=373 slope=-5120.7756861123717 candidate=1823361.3666824228 original=1825640.5559472349 current=1828123.9089289578 won=1 mode=1 camera_scale=1 keep_scale=0
ATTR_RADIUS o=27 raw_norm=81751.516977372085 norm=4430.5854943653794 radius=4430.5854943653794 next_radius=8861.1709887307588 lambda=3.9828946049758315e-07 next_lambda=3.9828946049758315e-07 rho=0.97340400471322497 accept=1
CLASSICAL_LM o=27 lambda=3.9828946049758315e-07 tau=3.9828946049758315e-07 prediction=4892.6676112638861 rho=0.97340400471322497 accept=1
  MFCG it  28 cost=1.823361e+06 lam=3.983e-07 tau=0.00e+00 cg_it=7 shift=0 ckpt=8 alpha=0 acc mv=136
PCG_PREP o=28 rebuild=1 drift=0 previous_depth=8
ATTR_RADIUS o=28 raw_norm=68954.699107978755 norm=8861.170988730757 radius=8861.1709887307588 next_radius=17722.341977461518 lambda=3.9828946049758315e-07 next_lambda=3.9828946049758315e-07 rho=0.77076467083681777 accept=1
CLASSICAL_LM o=28 lambda=3.9828946049758315e-07 tau=3.9828946049758315e-07 prediction=9843.9602144418313 rho=0.77076467083681777 accept=1
  MFCG it  29 cost=1.815774e+06 lam=3.983e-07 tau=0.00e+00 cg_it=6 shift=0 ckpt=7 alpha=0 acc mv=144
PCG_PREP o=29 rebuild=1 drift=0 previous_depth=7
POINT_SAFE o=29 frozen=920 slope=-9504.1807341414697 candidate=2333459.2003282672 original=1815635.4138431486 current=1815773.9899280078 won=0 mode=1 camera_scale=1 keep_scale=0
ATTR_RADIUS o=29 raw_norm=30751.339393608378 norm=2215.2927471826906 radius=17722.341977461518 next_radius=4430.5854943653794 lambda=3.9828946049758315e-07 next_lambda=6.3726313679613305e-06 rho=0.11881068588425041 accept=1
CLASSICAL_LM o=29 lambda=3.9828946049758315e-07 tau=3.9828946049758315e-07 prediction=1166.3604483708586 rho=0.11881068588425041 accept=1
  MFCG it  30 cost=1.815635e+06 lam=6.373e-06 tau=0.00e+00 cg_it=0 shift=0 ckpt=1 alpha=0 acc mv=146
PCG_PREP o=30 rebuild=1 drift=0 previous_depth=1
POINT_SAFE o=30 frozen=366 slope=-7835.1603308595895 candidate=1822075.9242010233 original=1814350.4771206349 current=1815635.4138431486 won=0 mode=1 camera_scale=1 keep_scale=0
ATTR_RADIUS o=30 raw_norm=9367.1854300842988 norm=2215.2927471826897 radius=4430.5854943653794 next_radius=4430.5854943653794 lambda=6.3726313679613305e-06 next_lambda=6.3726313679613307e-07 rho=0.37914184844025683 accept=1
CLASSICAL_LM o=30 lambda=6.3726313679613305e-06 tau=6.3726313679613305e-06 prediction=3389.065933501739 rho=0.37914184844025683 accept=1
  MFCG it  31 cost=1.814350e+06 lam=6.373e-07 tau=0.00e+00 cg_it=0 shift=0 ckpt=1 alpha=0 acc mv=148
PCG_PREP o=31 rebuild=1 drift=0 previous_depth=1
POINT_SAFE o=31 frozen=114 slope=-3505.4670375280675 candidate=1818180.0285449256 original=1814177.3342153525 current=1814350.4771206349 won=0 mode=1 camera_scale=1 keep_scale=0
ATTR_RADIUS o=31 raw_norm=24911.604854241072 norm=2215.2927471826906 radius=4430.5854943653794 next_radius=1107.6463735913449 lambda=6.3726313679613307e-07 next_lambda=1.0196210188738129e-05 rho=0.11009239967160961 accept=1
CLASSICAL_LM o=31 lambda=6.3726313679613307e-07 tau=6.3726313679613307e-07 prediction=1572.7053438637331 rho=0.11009239967160961 accept=1
  MFCG it  32 cost=1.814177e+06 lam=1.020e-05 tau=0.00e+00 cg_it=0 shift=0 ckpt=1 alpha=0 acc mv=150
PCG_PREP o=32 rebuild=1 drift=0 previous_depth=1
ATTR_RADIUS o=32 raw_norm=6909.0333613974399 norm=1107.6463735913453 radius=1107.6463735913449 next_radius=2215.2927471826897 lambda=1.0196210188738129e-05 next_lambda=2.5490525471845323e-06 rho=0.81639234084919532 accept=1
CLASSICAL_LM o=32 lambda=1.0196210188738129e-05 tau=1.0196210188738129e-05 prediction=2288.8808523263538 rho=0.81639234084919532 accept=1
  MFCG it  33 cost=1.812309e+06 lam=2.549e-06 tau=0.00e+00 cg_it=0 shift=0 ckpt=1 alpha=0 acc mv=152
PCG_PREP o=33 rebuild=1 drift=0 previous_depth=1
ATTR_RADIUS o=33 raw_norm=13362.220920138378 norm=2215.2927471826893 radius=2215.2927471826897 next_radius=553.82318679567243 lambda=2.5490525471845323e-06 next_lambda=4.0784840754952516e-05 rho=0.24908999153130412 accept=1
CLASSICAL_LM o=33 lambda=2.5490525471845323e-06 tau=2.5490525471845323e-06 prediction=1769.4187275500249 rho=0.24908999153130412 accept=1
  MFCG it  34 cost=1.811868e+06 lam=4.078e-05 tau=0.00e+00 cg_it=0 shift=0 ckpt=1 alpha=0 acc mv=154
PCG_PREP o=34 rebuild=1 drift=0 previous_depth=1
ATTR_RADIUS o=34 raw_norm=3376.3517489953533 norm=553.82318679567231 radius=553.82318679567243 next_radius=1107.6463735913449 lambda=4.0784840754952516e-05 next_lambda=1.0196210188738129e-05 rho=0.98332248510388975 accept=1
CLASSICAL_LM o=34 lambda=4.0784840754952516e-05 tau=4.0784840754952516e-05 prediction=1732.2130495786616 rho=0.98332248510388975 accept=1
  MFCG it  35 cost=1.810165e+06 lam=1.020e-05 tau=0.00e+00 cg_it=0 shift=0 ckpt=1 alpha=0 acc mv=156
PCG_PREP o=35 rebuild=1 drift=0 previous_depth=1
ATTR_RADIUS o=35 raw_norm=31073.076430435274 norm=1107.6463735913449 radius=1107.6463735913449 next_radius=2215.2927471826897 lambda=1.0196210188738129e-05 next_lambda=2.5490525471845323e-06 rho=1.0060633283654521 accept=1
CLASSICAL_LM o=35 lambda=1.0196210188738129e-05 tau=1.0196210188738129e-05 prediction=2261.3856812050276 rho=1.0060633283654521 accept=1
  MFCG it  36 cost=1.807890e+06 lam=2.549e-06 tau=0.00e+00 cg_it=7 shift=0 ckpt=8 alpha=0 acc mv=165
PCG_PREP o=36 rebuild=1 drift=0 previous_depth=8
ATTR_RADIUS o=36 raw_norm=50774.992460100824 norm=2215.2927471826883 radius=2215.2927471826897 next_radius=4430.5854943653794 lambda=2.5490525471845323e-06 next_lambda=6.3726313679613307e-07 rho=1.0043645656522693 accept=1
CLASSICAL_LM o=36 lambda=2.5490525471845323e-06 tau=2.5490525471845323e-06 prediction=3273.3157027887892 rho=1.0043645656522693 accept=1
  MFCG it  37 cost=1.804602e+06 lam=6.373e-07 tau=0.00e+00 cg_it=8 shift=0 ckpt=9 alpha=0 acc mv=175
PCG_PREP o=37 rebuild=1 drift=0 previous_depth=9
ATTR_RADIUS o=37 raw_norm=69578.826308489617 norm=4430.5854943653758 radius=4430.5854943653794 next_radius=8861.1709887307588 lambda=6.3726313679613307e-07 next_lambda=3.9828946049758315e-07 rho=0.96786062927570016 accept=1
CLASSICAL_LM o=37 lambda=6.3726313679613307e-07 tau=6.3726313679613307e-07 prediction=4816.0614438503007 rho=0.96786062927570016 accept=1
  MFCG it  38 cost=1.799941e+06 lam=3.983e-07 tau=0.00e+00 cg_it=8 shift=0 ckpt=9 alpha=0 acc mv=185
PCG_PREP o=38 rebuild=1 drift=0 previous_depth=9
ATTR_RADIUS o=38 raw_norm=74711.301306315407 norm=8861.170988730757 radius=8861.1709887307588 next_radius=17722.341977461518 lambda=3.9828946049758315e-07 next_lambda=3.9828946049758315e-07 rho=0.7710681479772501 accept=1
CLASSICAL_LM o=38 lambda=3.9828946049758315e-07 tau=3.9828946049758315e-07 prediction=8419.7782194652464 rho=0.7710681479772501 accept=1
  MFCG it  39 cost=1.793448e+06 lam=3.983e-07 tau=0.00e+00 cg_it=8 shift=0 ckpt=9 alpha=0 acc mv=195
PCG_PREP o=39 rebuild=1 drift=0 previous_depth=9
POINT_SAFE o=39 frozen=638 slope=-18739.591071892224 candidate=1804489.6101069343 original=1788726.5649459246 current=1793448.4423149321 won=0 mode=1 camera_scale=1 keep_scale=0
ATTR_RADIUS o=39 raw_norm=70973.523431922848 norm=8861.1709887307625 radius=17722.341977461518 next_radius=17722.341977461518 lambda=3.9828946049758315e-07 next_lambda=3.9828946049758315e-07 rho=0.57715533508726935 accept=1
CLASSICAL_LM o=39 lambda=3.9828946049758315e-07 tau=3.9828946049758315e-07 prediction=8181.2938076602632 rho=0.57715533508726935 accept=1
  MFCG it  40 cost=1.788727e+06 lam=3.983e-07 tau=0.00e+00 cg_it=7 shift=0 ckpt=8 alpha=0 acc mv=204
PCG_PREP o=40 rebuild=1 drift=0 previous_depth=8
POINT_SAFE o=40 frozen=1032 slope=-13611.127820752296 candidate=1806431.1037366383 original=1787699.632191095 current=1788726.5649459246 won=0 mode=1 camera_scale=1 keep_scale=0
ATTR_RADIUS o=40 raw_norm=28342.741182299142 norm=8861.1709887307625 radius=17722.341977461518 next_radius=4430.5854943653794 lambda=3.9828946049758315e-07 next_lambda=6.3726313679613305e-06 rho=0.18651741274089917 accept=1
CLASSICAL_LM o=40 lambda=3.9828946049758315e-07 tau=3.9828946049758315e-07 prediction=5505.8277923685901 rho=0.18651741274089917 accept=1
  MFCG it  41 cost=1.787700e+06 lam=6.373e-06 tau=0.00e+00 cg_it=0 shift=0 ckpt=1 alpha=0 acc mv=206
PCG_PREP o=41 rebuild=1 drift=0 previous_depth=1
ATTR_RADIUS o=41 raw_norm=5877.4323189728275 norm=4430.5854943653776 radius=4430.5854943653794 next_radius=4430.5854943653794 lambda=6.3726313679613305e-06 next_lambda=6.3726313679613305e-06 rho=0.61793539951168441 accept=1
CLASSICAL_LM o=41 lambda=6.3726313679613305e-06 tau=6.3726313679613305e-06 prediction=8561.6495456516859 rho=0.61793539951168441 accept=1
  MFCG it  42 cost=1.782409e+06 lam=6.373e-06 tau=0.00e+00 cg_it=0 shift=0 ckpt=1 alpha=0 acc mv=208
PCG_PREP o=42 rebuild=1 drift=0 previous_depth=1
POINT_SAFE o=42 frozen=33 slope=-20483.139242146019 candidate=1768718.2392953499 original=1774846.3538866225 current=1782409.0858586237 won=1 mode=1 camera_scale=1 keep_scale=0
ATTR_RADIUS o=42 raw_norm=35005.437557125522 norm=4430.5854943653785 radius=4430.5854943653794 next_radius=8861.1709887307588 lambda=6.3726313679613305e-06 next_lambda=1.5931578419903326e-06 rho=0.83004264144458462 accept=1
CLASSICAL_LM o=42 lambda=6.3726313679613305e-06 tau=6.3726313679613305e-06 prediction=16494.148468621581 rho=0.83004264144458462 accept=1
  MFCG it  43 cost=1.768718e+06 lam=1.593e-06 tau=0.00e+00 cg_it=24 shift=0 ckpt=25 alpha=0 acc mv=234
PCG_PREP o=43 rebuild=1 drift=0 previous_depth=25
ATTR_RADIUS o=43 raw_norm=51189.198718726126 norm=8861.1709887307588 radius=8861.1709887307588 next_radius=8861.1709887307588 lambda=1.5931578419903326e-06 next_lambda=1.5931578419903326e-06 rho=0.6462239180859477 accept=1
CLASSICAL_LM o=43 lambda=1.5931578419903326e-06 tau=1.5931578419903326e-06 prediction=14483.608369961539 rho=0.6462239180859477 accept=1
  MFCG it  44 cost=1.759359e+06 lam=1.593e-06 tau=0.00e+00 cg_it=14 shift=0 ckpt=15 alpha=0 acc mv=250
PCG_PREP o=44 rebuild=1 drift=0 previous_depth=15
POINT_SAFE o=44 frozen=111 slope=-22426.265233005066 candidate=1747641.4120211278 original=1750642.6180159268 current=1759358.585146491 won=1 mode=1 camera_scale=1 keep_scale=0
ATTR_RADIUS o=44 raw_norm=52204.132963312426 norm=8861.1709887307588 radius=8861.1709887307588 next_radius=8861.1709887307588 lambda=1.5931578419903326e-06 next_lambda=1.5931578419903326e-06 rho=0.74121591676817489 accept=1
CLASSICAL_LM o=44 lambda=1.5931578419903326e-06 tau=1.5931578419903326e-06 prediction=15808.043055054752 rho=0.74121591676817489 accept=1
  MFCG it  45 cost=1.747641e+06 lam=1.593e-06 tau=0.00e+00 cg_it=20 shift=0 ckpt=21 alpha=0 acc mv=272
PCG_PREP o=45 rebuild=1 drift=0 previous_depth=21
POINT_SAFE o=45 frozen=378 slope=-13099.621266273967 candidate=1743019.777003994 original=1742786.6621210866 current=1747641.4120211278 won=0 mode=1 camera_scale=1 keep_scale=0
ATTR_RADIUS o=45 raw_norm=28546.850870960436 norm=4430.5854943653794 radius=8861.1709887307588 next_radius=8861.1709887307588 lambda=1.5931578419903326e-06 next_lambda=3.9828946049758315e-07 rho=0.69948143558968823 accept=1
CLASSICAL_LM o=45 lambda=1.5931578419903326e-06 tau=1.5931578419903326e-06 prediction=6940.4985651240586 rho=0.69948143558968823 accept=1
TARGET reached outer=46 seconds=2.776683772 cost=1742786.6621210866 threshold=1744796.9841897595
  MFCG: accepts=46 rejects=5 total_matvecs=278 negcurv=1 cand_evals=51 mean_cg_per_outer=6.0
NUMERIC_REPAIR summary rebuilds=1 floor=3.9828946049758315e-07
  [retry-cache] builds=52 reuses=0
  [menu-backtrack] trials=29 rescues=27 evals=140 total_scored=191
POINT_SAFE summary calls=29 evals=29 wins=9 frozen=19653 seconds=0.345271154
  [scoring] menu_evals=51 alpha_evals=0 backtrack_evals=140 total_scored=191
RESULT algo=mfree_shifted_cg iters=46 final_cost=1742786.6621210866 solve_seconds=2.785831
DIAGNOSTICS median_reproj_err_px 2.704502 -> 0.546976 | cheirality_violations(obs) 751 -> 771 | cheirality_violations(pts, of 310854) 725 -> 738
