  [menu-backtrack] active=1 max_evals=8 warmup_accepts=3 confirm_stop=original armijo=1e-4
MIXED_STORAGE fragments=fp32 arithmetic=fp64 state=fp64 acceptance=fp64
  [compact-fragments] active=2 saved_bytes=55578432 storage=fp32 camera_reads=contiguous
  MFCG score_init=4545737.692797157 precision=fp64
PCG_PREP o=0 rebuild=1 drift=0 previous_depth=0
PI_RADIUS o=0 e=0.002957387523656152 previous=0.002957387523656152 factor=2 radius=1979.0057242013659 next=3958.0114484027317
ATTR_RADIUS o=0 raw_norm=1979.0057242013659 norm=1979.0057242013659 radius=1979.0057242013659 next_radius=3958.0114484027317 lambda=0.10000000000000001 next_lambda=0.025000000000000001 rho=0.99704261247634385 accept=1
CLASSICAL_LM o=0 lambda=0.10000000000000001 tau=0.10000000000000001 prediction=3707235.9066126412 rho=0.99704261247634385 accept=1
  MFCG it   1 cost=8.494655e+05 lam=2.500e-02 tau=0.00e+00 cg_it=0 shift=0 ckpt=1 alpha=0 acc mv=2
PCG_PREP o=1 rebuild=1 drift=0 previous_depth=1
PI_RADIUS o=1 e=0.0013772666404096023 previous=0.002957387523656152 factor=2 radius=3958.0114484027317 next=7916.0228968054635
ATTR_RADIUS o=1 raw_norm=1438.6475574827077 norm=1438.6475574827077 radius=3958.0114484027317 next_radius=7916.0228968054635 lambda=0.025000000000000001 next_lambda=0.0025000000000000005 rho=0.9986227333595904 accept=1
CLASSICAL_LM o=1 lambda=0.025000000000000001 tau=0.025000000000000001 prediction=337368.39715299662 rho=0.9986227333595904 accept=1
  MFCG it   2 cost=5.125618e+05 lam=2.500e-03 tau=0.00e+00 cg_it=4 shift=0 ckpt=5 alpha=0 acc mv=8
PCG_PREP o=2 rebuild=1 drift=0 previous_depth=5
PI_RADIUS o=2 e=0.0010524017264761376 previous=0.0013772666404096023 factor=2 radius=7916.0228968054635 next=15832.045793610927
ATTR_RADIUS o=2 raw_norm=1912.2219873036081 norm=1912.2219873036081 radius=7916.0228968054635 next_radius=15832.045793610927 lambda=0.0025000000000000005 next_lambda=0.00025000000000000006 rho=0.99894759827352386 accept=1
CLASSICAL_LM o=2 lambda=0.0025000000000000005 tau=0.0025000000000000005 prediction=133739.54369674556 rho=0.99894759827352386 accept=1
  MFCG it   3 cost=3.789630e+05 lam=2.500e-04 tau=0.00e+00 cg_it=3 shift=0 ckpt=4 alpha=0 acc mv=13
PCG_PREP o=3 rebuild=1 drift=0 previous_depth=4
PI_RADIUS o=3 e=0.031301511890689193 previous=0.0010524017264761376 factor=0.50712296359964737 radius=15832.045793610927 next=8028.7939827013042
ATTR_RADIUS o=3 raw_norm=2001.1110086492001 norm=2001.1110086492001 radius=15832.045793610927 next_radius=8028.7939827013042 lambda=0.00025000000000000006 next_lambda=2.5000000000000008e-05 rho=1.0313015118906892 accept=1
CLASSICAL_LM o=3 lambda=0.00025000000000000006 tau=0.00025000000000000006 prediction=35522.618036749671 rho=1.0313015118906892 accept=1
  MFCG it   4 cost=3.423284e+05 lam=2.500e-05 tau=0.00e+00 cg_it=0 shift=0 ckpt=1 alpha=0 acc mv=15
PCG_PREP o=4 rebuild=1 drift=0 previous_depth=1
PI_RADIUS o=4 e=0.30701475716996496 previous=0.031301511890689193 factor=0.39842907817934792 radius=8028.7939827013042 next=3198.904985419576
ATTR_RADIUS o=4 raw_norm=4342.6059859851521 norm=4342.6059859851521 radius=8028.7939827013042 next_radius=3198.904985419576 lambda=2.5000000000000008e-05 next_lambda=2.5000000000000011e-06 rho=0.69298524283003504 accept=1
CLASSICAL_LM o=4 lambda=2.5000000000000008e-05 tau=2.5000000000000008e-05 prediction=23383.021935231765 rho=0.69298524283003504 accept=1
  MFCG it   5 cost=3.261244e+05 lam=2.500e-06 tau=0.00e+00 cg_it=6 shift=0 ckpt=7 alpha=0 acc mv=23
PCG_PREP o=5 rebuild=1 drift=0 previous_depth=7
PI_RADIUS o=5 e=0.39746779620334549 previous=0.30701475716996496 factor=0.82887437616031401 radius=3198.904985419576 next=2651.4903741857693
ATTR_RADIUS o=5 raw_norm=3297.0165614461257 norm=3198.904985419576 radius=3198.904985419576 next_radius=2651.4903741857693 lambda=2.5000000000000011e-06 next_lambda=3.6388368203432596e-06 rho=0.60253220379665451 accept=1
CLASSICAL_LM o=5 lambda=2.5000000000000011e-06 tau=2.5000000000000011e-06 prediction=9085.7212725913687 rho=0.60253220379665451 accept=1
  MFCG it   6 cost=3.206499e+05 lam=3.639e-06 tau=0.00e+00 cg_it=0 shift=0 ckpt=1 alpha=0 acc mv=25
PCG_PREP o=6 rebuild=1 drift=0 previous_depth=1
PI_RADIUS o=6 e=0.2028342966873482 previous=0.39746779620334549 factor=1.4718317994825165 radius=2651.4903741857693 next=3902.547848748412
ATTR_RADIUS o=6 raw_norm=5238.0142876657283 norm=2651.4903741857702 radius=2651.4903741857693 next_radius=3902.547848748412 lambda=3.6388368203432596e-06 next_lambda=1.6797560616702304e-06 rho=0.7971657033126518 accept=1
CLASSICAL_LM o=6 lambda=3.6388368203432596e-06 tau=3.6388368203432596e-06 prediction=9077.8179265986673 rho=0.7971657033126518 accept=1
  MFCG it   7 cost=3.134134e+05 lam=1.680e-06 tau=0.00e+00 cg_it=13 shift=0 ckpt=14 alpha=0 acc mv=40
PCG_PREP o=7 rebuild=1 drift=0 previous_depth=14
PI_RADIUS o=7 e=0.22218545673988921 previous=0.2028342966873482 factor=1.0550960389837085 radius=3902.547848748412 next=4117.5627771588424
ATTR_RADIUS o=7 raw_norm=3720.0666925823066 norm=3720.0666925823066 radius=3902.547848748412 next_radius=4117.5627771588424 lambda=1.6797560616702304e-06 next_lambda=1.5089061607824689e-06 rho=0.77781454326011079 accept=1
CLASSICAL_LM o=7 lambda=1.6797560616702304e-06 tau=1.6797560616702304e-06 prediction=4330.8082619261613 rho=0.77781454326011079 accept=1
TARGET reached outer=8 seconds=0.139726111 cost=310044.82327269454 threshold=310921.97509117844
  MFCG: accepts=8 rejects=0 total_matvecs=53 negcurv=0 cand_evals=8 mean_cg_per_outer=6.6
NUMERIC_REPAIR summary rebuilds=0 floor=9.9999999999999998e-17
  [retry-cache] builds=8 reuses=0
  [menu-backtrack] trials=0 rescues=0 evals=0 total_scored=8
POINT_SAFE summary calls=0 evals=0 wins=0 frozen=0 seconds=0
  [scoring] menu_evals=8 alpha_evals=0 backtrack_evals=0 total_scored=8
RESULT algo=mfree_shifted_cg iters=8 final_cost=310044.8232726945 solve_seconds=0.143442
DIAGNOSTICS median_reproj_err_px 1.058298 -> 0.374631 | cheirality_violations(obs) 0 -> 2 | cheirality_violations(pts, of 100368) 0 -> 2
