  [menu-backtrack] active=1 max_evals=8 warmup_accepts=3 confirm_stop=original armijo=1e-4
MIXED_STORAGE fragments=fp32 arithmetic=fp64 state=fp64 acceptance=fp64
  [compact-fragments] active=2 saved_bytes=171996448 storage=fp32 camera_reads=contiguous
W5_INIT base=29.26182408359016 l2=90993342.024340227
  MFCG score_init=90993342.024340227 precision=fp64
PCG_PREP o=0 rebuild=1 drift=0 previous_depth=0
ATTR_RADIUS o=0 raw_norm=2809.0091455055372 norm=2809.0091455055372 radius=2809.0091455055372 next_radius=5618.0182910110743 lambda=0.10000000000000001 next_lambda=0.025000000000000001 rho=1.8035713818552956 accept=1
CLASSICAL_LM o=0 lambda=0.10000000000000001 tau=0.10000000000000001 prediction=5921482.5225062175 rho=1.8035713818552956 accept=1
W5_L2 o=1 stage=0 accepts=1 surrogate=5650550.7556814682 l2=48149816.633479506 rho=1.8035713818552956
  MFCG it   1 cost=5.650551e+06 lam=2.500e-02 tau=0.00e+00 cg_it=0 shift=0 ckpt=1 alpha=0 acc mv=2
PCG_PREP o=1 rebuild=1 drift=0 previous_depth=1
ATTR_RADIUS o=1 raw_norm=2944.3243493446848 norm=2944.3243493446848 radius=5618.0182910110743 next_radius=5618.0182910110743 lambda=0.025000000000000001 next_lambda=0.0025000000000000005 rho=1.4411900637562622 accept=1
CLASSICAL_LM o=1 lambda=0.025000000000000001 tau=0.025000000000000001 prediction=1845657.2939703686 rho=1.4411900637562622 accept=1
W5_L2 o=2 stage=0 accepts=2 surrogate=2990607.8025121023 l2=11364782.629379934 rho=1.4411900637562622
  MFCG it   2 cost=2.990608e+06 lam=2.500e-03 tau=0.00e+00 cg_it=0 shift=0 ckpt=1 alpha=0 acc mv=4
W5_STAGE o=2 previous=0 stage=1 accepts=2 attempts=2 capped=0 stop=0 a2=117.04729633436064 surrogate=4000887.3964171582 l2=11364782.629379932 lambda=0.0025000000000000005 radius=5618.0182910110743
PCG_PREP o=2 rebuild=1 drift=0 previous_depth=1
ATTR_RADIUS o=2 raw_norm=5667.1183619472076 norm=5618.0182910110734 radius=5618.0182910110743 next_radius=11236.036582022149 lambda=0.0025000000000000005 next_lambda=0.00062500000000000012 rho=1.141685590790005 accept=1
CLASSICAL_LM o=2 lambda=0.0025000000000000005 tau=0.0025000000000000005 prediction=1422945.579520446 rho=1.141685590790005 accept=1
W5_L2 o=3 stage=1 accepts=3 surrogate=2376330.9318003319 l2=4423443.2770208661 rho=1.141685590790005
  MFCG it   3 cost=2.376331e+06 lam=6.250e-04 tau=0.00e+00 cg_it=0 shift=0 ckpt=1 alpha=0 acc mv=6
PCG_PREP o=3 rebuild=1 drift=0 previous_depth=1
ATTR_RADIUS o=3 raw_norm=7627.8216386218946 norm=7627.8216386218946 radius=11236.036582022149 next_radius=11236.036582022149 lambda=0.00062500000000000012 next_lambda=6.2500000000000015e-05 rho=1.0868914850200049 accept=1
CLASSICAL_LM o=3 lambda=0.00062500000000000012 tau=0.00062500000000000012 prediction=550523.64064489421 rho=1.0868914850200049 accept=1
W5_L2 o=4 stage=1 accepts=4 surrogate=1777971.4744811833 l2=2501392.3046169919 rho=1.0868914850200049
  MFCG it   4 cost=1.777971e+06 lam=6.250e-05 tau=0.00e+00 cg_it=2 shift=0 ckpt=3 alpha=0 acc mv=10
W5_STAGE o=4 previous=1 stage=2 accepts=4 attempts=2 capped=0 stop=0 a2=468.18918533744255 surrogate=2066776.2212518565 l2=2501392.3046169914 lambda=6.2500000000000015e-05 radius=11236.036582022149
PCG_PREP o=4 rebuild=1 drift=0 previous_depth=3
ATTR_RADIUS o=4 raw_norm=19752.742188751214 norm=11236.036582022147 radius=11236.036582022149 next_radius=22472.073164044297 lambda=6.2500000000000015e-05 next_lambda=1.5625000000000004e-05 rho=1.014308045605435 accept=1
CLASSICAL_LM o=4 lambda=6.2500000000000015e-05 tau=6.2500000000000015e-05 prediction=226074.49498812351 rho=1.014308045605435 accept=1
W5_L2 o=5 stage=2 accepts=5 surrogate=1837467.0420792173 l2=2541942.0719171194 rho=1.014308045605435
  MFCG it   5 cost=1.837467e+06 lam=1.563e-05 tau=0.00e+00 cg_it=2 shift=0 ckpt=3 alpha=0 acc mv=14
PCG_PREP o=5 rebuild=1 drift=0 previous_depth=3
ATTR_RADIUS o=5 raw_norm=30755.683790794315 norm=22472.073164044297 radius=22472.073164044297 next_radius=22472.073164044297 lambda=1.5625000000000004e-05 next_lambda=1.5625000000000004e-05 rho=0.35774813125389354 accept=1
CLASSICAL_LM o=5 lambda=1.5625000000000004e-05 tau=1.5625000000000004e-05 prediction=99517.307384388725 rho=0.35774813125389354 accept=1
W5_L2 o=6 stage=2 accepts=6 surrogate=1801864.9113350329 l2=2430873.5085495291 rho=0.35774813125389354
  MFCG it   6 cost=1.801865e+06 lam=1.563e-05 tau=0.00e+00 cg_it=3 shift=0 ckpt=4 alpha=0 acc mv=19
W5_STAGE o=6 previous=2 stage=3 accepts=6 attempts=2 capped=0 stop=0 a2=1872.7567413497702 surrogate=1960908.0811416167 l2=2430873.5085495282 lambda=1.5625000000000004e-05 radius=22472.073164044297
PCG_PREP o=6 rebuild=1 drift=0 previous_depth=4
ATTR_RADIUS o=6 raw_norm=10881.260237848695 norm=10881.260237848695 radius=22472.073164044297 next_radius=22472.073164044297 lambda=1.5625000000000004e-05 next_lambda=1.5625000000000005e-06 rho=0.75952430024730067 accept=1
CLASSICAL_LM o=6 lambda=1.5625000000000004e-05 tau=1.5625000000000004e-05 prediction=111050.97997484301 rho=0.75952430024730067 accept=1
W5_L2 o=7 stage=3 accepts=7 surrogate=1876562.163284447 l2=8176065.772911042 rho=0.75952430024730067
  MFCG it   7 cost=1.876562e+06 lam=1.563e-06 tau=0.00e+00 cg_it=0 shift=0 ckpt=1 alpha=0 acc mv=21
PCG_PREP o=7 rebuild=1 drift=0 previous_depth=1
POINT_SAFE o=7 frozen=953 slope=-71064.606558569561 candidate=1972503.4687345782 original=1868819.5326301465 current=1876562.163284447 won=0 mode=1 camera_scale=1 keep_scale=0
ATTR_RADIUS o=7 raw_norm=19070.585748778583 norm=9535.2928743892899 radius=22472.073164044297 next_radius=22472.073164044297 lambda=1.5625000000000005e-06 next_lambda=1.5625000000000007e-07 rho=0.28683523967597646 accept=1
CLASSICAL_LM o=7 lambda=1.5625000000000005e-06 tau=1.5625000000000005e-06 prediction=26993.303413649694 rho=0.28683523967597646 accept=1
W5_L2 o=8 stage=3 accepts=8 surrogate=1868819.5326301465 l2=4753383.1824813476 rho=0.28683523967597646
  MFCG it   8 cost=1.868820e+06 lam=1.563e-07 tau=0.00e+00 cg_it=0 shift=0 ckpt=1 alpha=0 acc mv=23
W5_STAGE o=8 previous=3 stage=4 accepts=8 attempts=2 capped=0 stop=0 a2=1872.7567413497702 surrogate=4753383.1824813467 l2=4753383.1824813467 lambda=1.5625000000000007e-07 radius=22472.073164044297
PCG_PREP o=8 rebuild=1 drift=0 previous_depth=1
ATTR_RADIUS o=8 raw_norm=78764.211505258165 norm=22472.073164044294 radius=22472.073164044297 next_radius=5618.0182910110743 lambda=1.5625000000000007e-07 next_lambda=2.5000000000000011e-06 rho=0.15243635505540923 accept=1
CLASSICAL_LM o=8 lambda=1.5625000000000007e-07 tau=1.5625000000000007e-07 prediction=2700419.2827232592 rho=0.15243635505540923 accept=1
W5_L2 o=9 stage=4 accepts=9 surrogate=4341741.1099016704 l2=4341741.1099016704 rho=0.15243635505540923
  MFCG it   9 cost=4.341741e+06 lam=2.500e-06 tau=0.00e+00 cg_it=1 shift=0 ckpt=2 alpha=0 acc mv=26
PCG_PREP o=9 rebuild=1 drift=0 previous_depth=2
POINT_SAFE o=9 frozen=196 slope=-756724.79969731148 candidate=4171761.4451502054 original=3562898.3101697671 current=4341741.1099016704 won=0 mode=1 camera_scale=1 keep_scale=0
ATTR_RADIUS o=9 raw_norm=17742.290010617435 norm=1404.5045727527693 radius=5618.0182910110743 next_radius=5618.0182910110743 lambda=2.5000000000000011e-06 next_lambda=2.5000000000000009e-07 rho=0.93107914583118345 accept=1
CLASSICAL_LM o=9 lambda=2.5000000000000011e-06 tau=2.5000000000000011e-06 prediction=836494.73110755009 rho=0.93107914583118345 accept=1
W5_L2 o=10 stage=4 accepts=10 surrogate=3562898.3101697671 l2=3562898.3101697671 rho=0.93107914583118345
  MFCG it  10 cost=3.562898e+06 lam=2.500e-07 tau=0.00e+00 cg_it=0 shift=0 ckpt=1 alpha=0 acc mv=28
PCG_PREP o=10 rebuild=1 drift=0 previous_depth=1
POINT_SAFE o=10 frozen=78 slope=-215968.41929575973 candidate=3709329.9163665799 original=3504205.9055276099 current=3562898.3101697671 won=0 mode=1 camera_scale=1 keep_scale=0
ATTR_RADIUS o=10 raw_norm=72409.309285861804 norm=702.2522863763844 radius=5618.0182910110743 next_radius=1404.5045727527686 lambda=2.5000000000000009e-07 next_lambda=4.0000000000000015e-06 rho=0.2480131686191141 accept=1
CLASSICAL_LM o=10 lambda=2.5000000000000009e-07 tau=2.5000000000000009e-07 prediction=236650.3559828875 rho=0.2480131686191141 accept=1
W5_L2 o=11 stage=4 accepts=11 surrogate=3504205.9055276099 l2=3504205.9055276099 rho=0.2480131686191141
  MFCG it  11 cost=3.504206e+06 lam=4.000e-06 tau=0.00e+00 cg_it=0 shift=0 ckpt=1 alpha=0 acc mv=30
PCG_PREP o=11 rebuild=1 drift=0 previous_depth=1
POINT_SAFE o=11 frozen=16 slope=-139911.13094546879 candidate=3418711.9138282891 original=3494256.6199181033 current=3504205.9055276099 won=1 mode=1 camera_scale=1 keep_scale=0
ATTR_RADIUS o=11 raw_norm=32175.567950570479 norm=1404.504572752769 radius=1404.5045727527686 next_radius=2809.0091455055372 lambda=4.0000000000000015e-06 next_lambda=1.0000000000000004e-06 rho=0.83779956312493342 accept=1
CLASSICAL_LM o=11 lambda=4.0000000000000015e-06 tau=4.0000000000000015e-06 prediction=102045.87763263346 rho=0.83779956312493342 accept=1
W5_L2 o=12 stage=4 accepts=12 surrogate=3418711.9138282891 l2=3418711.9138282891 rho=0.83779956312493342
  MFCG it  12 cost=3.418712e+06 lam=1.000e-06 tau=0.00e+00 cg_it=0 shift=0 ckpt=1 alpha=0 acc mv=32
PCG_PREP o=12 rebuild=1 drift=0 previous_depth=1
POINT_SAFE o=12 frozen=522 slope=-155097.64544132713 candidate=3339177.3166412422 original=3364776.2527001896 current=3418711.9138282891 won=1 mode=1 camera_scale=1 keep_scale=0
ATTR_RADIUS o=12 raw_norm=26212.219348084374 norm=2809.0091455055372 radius=2809.0091455055372 next_radius=2809.0091455055372 lambda=1.0000000000000004e-06 next_lambda=1.0000000000000004e-06 rho=0.55587617149530055 accept=1
CLASSICAL_LM o=12 lambda=1.0000000000000004e-06 tau=1.0000000000000004e-06 prediction=143079.70239684809 rho=0.55587617149530055 accept=1
W5_L2 o=13 stage=4 accepts=13 surrogate=3339177.3166412422 l2=3339177.3166412422 rho=0.55587617149530055
  MFCG it  13 cost=3.339177e+06 lam=1.000e-06 tau=0.00e+00 cg_it=0 shift=0 ckpt=1 alpha=0 acc mv=34
PCG_PREP o=13 rebuild=1 drift=0 previous_depth=1
POINT_SAFE o=13 frozen=164 slope=-162685.27122196378 candidate=3240139.2893413915 original=3284996.3778952188 current=3339177.3166412422 won=1 mode=1 camera_scale=1 keep_scale=0
ATTR_RADIUS o=13 raw_norm=22310.441911899201 norm=2809.0091455055385 radius=2809.0091455055372 next_radius=2809.0091455055372 lambda=1.0000000000000004e-06 next_lambda=1.0000000000000004e-06 rho=0.66647207022328847 accept=1
CLASSICAL_LM o=13 lambda=1.0000000000000004e-06 tau=1.0000000000000004e-06 prediction=148600.41661861382 rho=0.66647207022328847 accept=1
W5_L2 o=14 stage=4 accepts=14 surrogate=3240139.2893413915 l2=3240139.2893413915 rho=0.66647207022328847
  MFCG it  14 cost=3.240139e+06 lam=1.000e-06 tau=0.00e+00 cg_it=0 shift=0 ckpt=1 alpha=0 acc mv=36
PCG_PREP o=14 rebuild=1 drift=0 previous_depth=1
POINT_SAFE o=14 frozen=157 slope=-147642.60286894877 candidate=3150210.0016604457 original=3187154.9427573001 current=3240139.2893413915 won=1 mode=1 camera_scale=1 keep_scale=0
ATTR_RADIUS o=14 raw_norm=20237.444920240509 norm=2809.0091455055376 radius=2809.0091455055372 next_radius=2809.0091455055372 lambda=1.0000000000000004e-06 next_lambda=1.0000000000000004e-06 rho=0.66367578907507663 accept=1
CLASSICAL_LM o=14 lambda=1.0000000000000004e-06 tau=1.0000000000000004e-06 prediction=135501.83562711341 rho=0.66367578907507663 accept=1
W5_L2 o=15 stage=4 accepts=15 surrogate=3150210.0016604457 l2=3150210.0016604457 rho=0.66367578907507663
  MFCG it  15 cost=3.150210e+06 lam=1.000e-06 tau=0.00e+00 cg_it=0 shift=0 ckpt=1 alpha=0 acc mv=38
PCG_PREP o=15 rebuild=1 drift=0 previous_depth=1
POINT_SAFE o=15 frozen=168 slope=-138261.83384191964 candidate=3056617.7437906889 original=3098109.0306467032 current=3150210.0016604457 won=1 mode=1 camera_scale=1 keep_scale=0
ATTR_RADIUS o=15 raw_norm=18016.08834217512 norm=2809.009145505534 radius=2809.0091455055372 next_radius=2809.0091455055372 lambda=1.0000000000000004e-06 next_lambda=1.0000000000000004e-06 rho=0.74592887449111034 accept=1
CLASSICAL_LM o=15 lambda=1.0000000000000004e-06 tau=1.0000000000000004e-06 prediction=125470.75340609056 rho=0.74592887449111034 accept=1
W5_L2 o=16 stage=4 accepts=16 surrogate=3056617.7437906889 l2=3056617.7437906889 rho=0.74592887449111034
  MFCG it  16 cost=3.056618e+06 lam=1.000e-06 tau=0.00e+00 cg_it=0 shift=0 ckpt=1 alpha=0 acc mv=40
PCG_PREP o=16 rebuild=1 drift=0 previous_depth=1
POINT_SAFE o=16 frozen=194 slope=-120069.00170082845 candidate=2972728.8976945248 original=3005942.1717354744 current=3056617.7437906889 won=1 mode=1 camera_scale=1 keep_scale=0
ATTR_RADIUS o=16 raw_norm=16246.421742689674 norm=2809.0091455055358 radius=2809.0091455055372 next_radius=5618.0182910110743 lambda=1.0000000000000004e-06 next_lambda=2.5000000000000009e-07 rho=0.77446264458404324 accept=1
CLASSICAL_LM o=16 lambda=1.0000000000000004e-06 tau=1.0000000000000004e-06 prediction=108318.77648691501 rho=0.77446264458404324 accept=1
W5_L2 o=17 stage=4 accepts=17 surrogate=2972728.8976945248 l2=2972728.8976945248 rho=0.77446264458404324
  MFCG it  17 cost=2.972729e+06 lam=2.500e-07 tau=0.00e+00 cg_it=0 shift=0 ckpt=1 alpha=0 acc mv=42
PCG_PREP o=17 rebuild=1 drift=0 previous_depth=1
POINT_SAFE o=17 frozen=569 slope=-145740.02180710365 candidate=2886473.8772727232 original=2921166.9809205942 current=2972728.8976945248 won=1 mode=1 camera_scale=1 keep_scale=0
ATTR_RADIUS o=17 raw_norm=20146.818317730042 norm=5618.0182910110743 radius=5618.0182910110743 next_radius=5618.0182910110743 lambda=2.5000000000000009e-07 next_lambda=2.5000000000000009e-07 rho=0.69674170453863038 accept=1
CLASSICAL_LM o=17 lambda=2.5000000000000009e-07 tau=2.5000000000000009e-07 prediction=123797.69986485608 rho=0.69674170453863038 accept=1
W5_L2 o=18 stage=4 accepts=18 surrogate=2886473.8772727232 l2=2886473.8772727232 rho=0.69674170453863038
  MFCG it  18 cost=2.886474e+06 lam=2.500e-07 tau=0.00e+00 cg_it=0 shift=0 ckpt=1 alpha=0 acc mv=44
PCG_PREP o=18 rebuild=1 drift=0 previous_depth=1
POINT_SAFE o=18 frozen=283 slope=-112352.04817955475 candidate=2819844.1230703411 original=2838059.5183036462 current=2886473.8772727232 won=1 mode=1 camera_scale=1 keep_scale=0
ATTR_RADIUS o=18 raw_norm=18021.478317367717 norm=5618.0182910110734 radius=5618.0182910110743 next_radius=5618.0182910110743 lambda=2.5000000000000009e-07 next_lambda=2.5000000000000009e-07 rho=0.7192066955526657 accept=1
CLASSICAL_LM o=18 lambda=2.5000000000000009e-07 tau=2.5000000000000009e-07 prediction=92643.400867091957 rho=0.7192066955526657 accept=1
W5_L2 o=19 stage=4 accepts=19 surrogate=2819844.1230703411 l2=2819844.1230703411 rho=0.7192066955526657
  MFCG it  19 cost=2.819844e+06 lam=2.500e-07 tau=0.00e+00 cg_it=0 shift=0 ckpt=1 alpha=0 acc mv=46
PCG_PREP o=19 rebuild=1 drift=0 previous_depth=1
POINT_SAFE o=19 frozen=262 slope=-83442.276041811609 candidate=2771442.6843108675 original=2773624.4283475126 current=2819844.1230703411 won=1 mode=1 camera_scale=1 keep_scale=0
ATTR_RADIUS o=19 raw_norm=15346.013063562197 norm=5618.0182910110752 radius=5618.0182910110743 next_radius=5618.0182910110743 lambda=2.5000000000000009e-07 next_lambda=2.5000000000000009e-07 rho=0.72743986588002441 accept=1
CLASSICAL_LM o=19 lambda=2.5000000000000009e-07 tau=2.5000000000000009e-07 prediction=66536.68712659803 rho=0.72743986588002441 accept=1
W5_L2 o=20 stage=4 accepts=20 surrogate=2771442.6843108675 l2=2771442.6843108675 rho=0.72743986588002441
  MFCG it  20 cost=2.771443e+06 lam=2.500e-07 tau=0.00e+00 cg_it=0 shift=0 ckpt=1 alpha=0 acc mv=48
PCG_PREP o=20 rebuild=1 drift=0 previous_depth=1
POINT_SAFE o=20 frozen=242 slope=-51265.94509175812 candidate=2736462.4363973141 original=2727492.6438113041 current=2771442.6843108675 won=0 mode=1 camera_scale=1 keep_scale=0
ATTR_RADIUS o=20 raw_norm=14761.382770652188 norm=351.12614318819215 radius=5618.0182910110743 next_radius=5618.0182910110743 lambda=2.5000000000000009e-07 next_lambda=2.5000000000000012e-08 rho=0.41602746281060049 accept=1
CLASSICAL_LM o=20 lambda=2.5000000000000009e-07 tau=2.5000000000000009e-07 prediction=105642.16170405054 rho=0.41602746281060049 accept=1
W5_L2 o=21 stage=4 accepts=21 surrogate=2727492.6438113041 l2=2727492.6438113041 rho=0.41602746281060049
  MFCG it  21 cost=2.727493e+06 lam=2.500e-08 tau=0.00e+00 cg_it=0 shift=0 ckpt=1 alpha=0 acc mv=50
PCG_PREP o=21 rebuild=1 drift=0 previous_depth=1
POINT_SAFE o=21 frozen=48 slope=-15737.205926170132 candidate=2716116.4006582885 original=2692251.3744204012 current=2727492.6438113041 won=0 mode=1 camera_scale=1 keep_scale=0
ATTR_RADIUS o=21 raw_norm=52052.80228273831 norm=351.12614318819209 radius=5618.0182910110743 next_radius=5618.0182910110743 lambda=2.5000000000000012e-08 next_lambda=2.5000000000000013e-09 rho=0.35770214384153143 accept=1
CLASSICAL_LM o=21 lambda=2.5000000000000012e-08 tau=2.5000000000000012e-08 prediction=98521.269714602196 rho=0.35770214384153143 accept=1
W5_L2 o=22 stage=4 accepts=22 surrogate=2692251.3744204012 l2=2692251.3744204012 rho=0.35770214384153143
  MFCG it  22 cost=2.692251e+06 lam=2.500e-09 tau=0.00e+00 cg_it=0 shift=0 ckpt=1 alpha=0 acc mv=52
PCG_PREP o=22 rebuild=1 drift=0 previous_depth=1
POINT_SAFE o=22 frozen=16 slope=-4244.272559879324 candidate=2702867.4239089424 original=2648153.2252862919 current=2692251.3744204012 won=0 mode=1 camera_scale=1 keep_scale=0
ATTR_RADIUS o=22 raw_norm=363465.94134931458 norm=351.12614318819237 radius=5618.0182910110743 next_radius=5618.0182910110743 lambda=2.5000000000000013e-09 next_lambda=2.5000000000000012e-10 rho=0.47083679867378664 accept=1
CLASSICAL_LM o=22 lambda=2.5000000000000013e-09 tau=2.5000000000000013e-09 prediction=93659.096439193381 rho=0.47083679867378664 accept=1
W5_L2 o=23 stage=4 accepts=23 surrogate=2648153.2252862919 l2=2648153.2252862919 rho=0.47083679867378664
  MFCG it  23 cost=2.648153e+06 lam=2.500e-10 tau=0.00e+00 cg_it=0 shift=0 ckpt=1 alpha=0 acc mv=54
PCG_PREP o=23 rebuild=1 drift=0 previous_depth=1
NUMERIC_REPAIR o=23 lambda=2.5000000000000012e-10 rayleigh=-5.7809198122077241e-07 next_lambda=2.3133679248830897e-06 cg=0 rebuild=1
PCG_PREP o=23 rebuild=1 drift=0 previous_depth=1
POINT_SAFE o=23 frozen=540 slope=-90969.468696455791 candidate=2602903.8024972146 original=2582413.1984191025 current=2648153.2252862919 won=0 mode=1 camera_scale=1 keep_scale=0
ATTR_RADIUS o=23 raw_norm=7661.3402241531858 norm=702.25228637638418 radius=5618.0182910110743 next_radius=5618.0182910110743 lambda=2.3133679248830897e-06 next_lambda=2.3133679248830897e-06 rho=0.3629048170448842 accept=1
CLASSICAL_LM o=23 lambda=2.3133679248830897e-06 tau=2.3133679248830897e-06 prediction=181149.50196171878 rho=0.3629048170448842 accept=1
W5_L2 o=24 stage=4 accepts=24 surrogate=2582413.1984191025 l2=2582413.1984191025 rho=0.3629048170448842
  MFCG it  24 cost=2.582413e+06 lam=2.313e-06 tau=0.00e+00 cg_it=0 shift=0 ckpt=1 alpha=0 acc mv=57
PCG_PREP o=24 rebuild=1 drift=0 previous_depth=1
POINT_SAFE o=24 frozen=521 slope=-80750.130620316704 candidate=2542378.4080421766 original=2447548.7008012813 current=2582413.1984191025 won=0 mode=1 camera_scale=1 keep_scale=0
ATTR_RADIUS o=24 raw_norm=7261.8556375250719 norm=1404.5045727527688 radius=5618.0182910110743 next_radius=5618.0182910110743 lambda=2.3133679248830897e-06 next_lambda=2.3133679248830897e-06 rho=0.43234483657482592 accept=1
CLASSICAL_LM o=24 lambda=2.3133679248830897e-06 tau=2.3133679248830897e-06 prediction=311937.33845941332 rho=0.43234483657482592 accept=1
W5_L2 o=25 stage=4 accepts=25 surrogate=2447548.7008012813 l2=2447548.7008012813 rho=0.43234483657482592
  MFCG it  25 cost=2.447549e+06 lam=2.313e-06 tau=0.00e+00 cg_it=0 shift=0 ckpt=1 alpha=0 acc mv=59
PCG_PREP o=25 rebuild=1 drift=0 previous_depth=1
POINT_SAFE o=25 frozen=459 slope=-62500.006027086012 candidate=2416736.4591502654 original=2278295.8599670106 current=2447548.7008012813 won=0 mode=1 camera_scale=1 keep_scale=0
ATTR_RADIUS o=25 raw_norm=6580.704682241726 norm=2809.0091455055381 radius=5618.0182910110743 next_radius=5618.0182910110743 lambda=2.3133679248830897e-06 next_lambda=2.3133679248830897e-06 rho=0.38509976195033402 accept=1
CLASSICAL_LM o=25 lambda=2.3133679248830897e-06 tau=2.3133679248830897e-06 prediction=439503.88329790527 rho=0.38509976195033402 accept=1
W5_L2 o=26 stage=4 accepts=26 surrogate=2278295.8599670106 l2=2278295.8599670106 rho=0.38509976195033402
  MFCG it  26 cost=2.278296e+06 lam=2.313e-06 tau=0.00e+00 cg_it=0 shift=0 ckpt=1 alpha=0 acc mv=61
PCG_PREP o=26 rebuild=1 drift=0 previous_depth=1
ATTR_RADIUS o=26 raw_norm=5727.1557325052308 norm=0 radius=5618.0182910110743 next_radius=1404.5045727527686 lambda=2.3133679248830897e-06 next_lambda=3.7013886798129436e-05 rho=0.051777583631562096 accept=0
CLASSICAL_LM o=26 lambda=2.3133679248830897e-06 tau=2.3133679248830897e-06 prediction=423148.24023292278 rho=0.051777583631562096 accept=0
  MFCG it  27  retry 1/8  lam=3.701e-05 tau_eff=2.313e-06  (assembly reused)
PCG_PREP o=26 rebuild=1 drift=0 previous_depth=1
ATTR_RADIUS o=26 raw_norm=2620.0947195352892 norm=1404.5045727527684 radius=1404.5045727527686 next_radius=1404.5045727527686 lambda=3.7013886798129436e-05 next_lambda=3.7013886798129436e-05 rho=0.47312376191180688 accept=1
CLASSICAL_LM o=26 lambda=3.7013886798129436e-05 tau=3.7013886798129436e-05 prediction=419291.65611870505 rho=0.47312376191180688 accept=1
W5_L2 o=27 stage=4 accepts=27 surrogate=2079919.0142858971 l2=2079919.0142858971 rho=0.47312376191180688
  MFCG it  27 cost=2.079919e+06 lam=3.701e-05 tau=0.00e+00 cg_it=0 shift=0 ckpt=1 alpha=0 acc mv=65
PCG_PREP o=27 rebuild=1 drift=0 previous_depth=1
ATTR_RADIUS o=27 raw_norm=17564.805441132787 norm=1404.5045727527688 radius=1404.5045727527686 next_radius=2809.0091455055372 lambda=3.7013886798129436e-05 next_lambda=9.2534716995323589e-06 rho=0.95842164398689278 accept=1
CLASSICAL_LM o=27 lambda=3.7013886798129436e-05 tau=3.7013886798129436e-05 prediction=227909.87021293421 rho=0.95842164398689278 accept=1
W5_L2 o=28 stage=4 accepts=28 surrogate=1861485.2617955774 l2=1861485.2617955774 rho=0.95842164398689278
  MFCG it  28 cost=1.861485e+06 lam=9.253e-06 tau=0.00e+00 cg_it=6 shift=0 ckpt=7 alpha=0 acc mv=73
PCG_PREP o=28 rebuild=1 drift=0 previous_depth=7
ATTR_RADIUS o=28 raw_norm=31696.451849818106 norm=2809.0091455055372 radius=2809.0091455055372 next_radius=5618.0182910110743 lambda=9.2534716995323589e-06 next_lambda=2.3133679248830897e-06 rho=0.9990883202145302 accept=1
CLASSICAL_LM o=28 lambda=9.2534716995323589e-06 tau=9.2534716995323589e-06 prediction=19122.406007341368 rho=0.9990883202145302 accept=1
W5_L2 o=29 stage=4 accepts=29 surrogate=1842380.2892992424 l2=1842380.2892992424 rho=0.9990883202145302
  MFCG it  29 cost=1.842380e+06 lam=2.313e-06 tau=0.00e+00 cg_it=7 shift=0 ckpt=8 alpha=0 acc mv=82
PCG_PREP o=29 rebuild=1 drift=0 previous_depth=8
ATTR_RADIUS o=29 raw_norm=55024.62287946789 norm=5618.0182910110743 radius=5618.0182910110743 next_radius=11236.036582022149 lambda=2.3133679248830897e-06 next_lambda=2.3133679248830897e-06 rho=0.96690882733123373 accept=1
CLASSICAL_LM o=29 lambda=2.3133679248830897e-06 tau=2.3133679248830897e-06 prediction=12585.022115277319 rho=0.96690882733123373 accept=1
W5_L2 o=30 stage=4 accepts=30 surrogate=1830211.720323822 l2=1830211.720323822 rho=0.96690882733123373
  MFCG it  30 cost=1.830212e+06 lam=2.313e-06 tau=0.00e+00 cg_it=9 shift=0 ckpt=10 alpha=0 acc mv=93
PCG_PREP o=30 rebuild=1 drift=0 previous_depth=10
POINT_SAFE o=30 frozen=202 slope=-24067.632518803868 candidate=1814032.9077750037 original=1819887.5172823675 current=1830211.720323822 won=1 mode=1 camera_scale=1 keep_scale=0
ATTR_RADIUS o=30 raw_norm=55814.381309983168 norm=11236.036582022152 radius=11236.036582022149 next_radius=22472.073164044297 lambda=2.3133679248830897e-06 next_lambda=2.3133679248830897e-06 rho=0.77201707080664228 accept=1
CLASSICAL_LM o=30 lambda=2.3133679248830897e-06 tau=2.3133679248830897e-06 prediction=20956.54767311539 rho=0.77201707080664228 accept=1
W5_L2 o=31 stage=4 accepts=31 surrogate=1814032.9077750037 l2=1814032.9077750037 rho=0.77201707080664228
  MFCG it  31 cost=1.814033e+06 lam=2.313e-06 tau=0.00e+00 cg_it=9 shift=0 ckpt=10 alpha=0 acc mv=104
PCG_PREP o=31 rebuild=1 drift=0 previous_depth=10
POINT_SAFE o=31 frozen=481 slope=-46243.31123835739 candidate=1832953.7175154756 original=1801959.4374297417 current=1814032.9077750037 won=0 mode=1 camera_scale=1 keep_scale=0
ATTR_RADIUS o=31 raw_norm=56410.888455480374 norm=11236.036582022149 radius=22472.073164044297 next_radius=22472.073164044297 lambda=2.3133679248830897e-06 next_lambda=2.3133679248830897e-06 rho=0.59971317903528432 accept=1
CLASSICAL_LM o=31 lambda=2.3133679248830897e-06 tau=2.3133679248830897e-06 prediction=20132.074410443507 rho=0.59971317903528432 accept=1
W5_L2 o=32 stage=4 accepts=32 surrogate=1801959.4374297417 l2=1801959.4374297417 rho=0.59971317903528432
  MFCG it  32 cost=1.801959e+06 lam=2.313e-06 tau=0.00e+00 cg_it=9 shift=0 ckpt=10 alpha=0 acc mv=115
PCG_PREP o=32 rebuild=1 drift=0 previous_depth=10
POINT_SAFE o=32 frozen=787 slope=-30034.490748077344 candidate=1787547.3636984725 original=1791292.2604813755 current=1801959.4374297417 won=1 mode=1 camera_scale=1 keep_scale=0
ATTR_RADIUS o=32 raw_norm=10387.429825801499 norm=10387.429825801499 radius=22472.073164044297 next_radius=22472.073164044297 lambda=2.3133679248830897e-06 next_lambda=2.3133679248830897e-06 rho=0.96794211676657183 accept=1
CLASSICAL_LM o=32 lambda=2.3133679248830897e-06 tau=2.3133679248830897e-06 prediction=14889.396257921926 rho=0.96794211676657183 accept=1
W5_L2 o=33 stage=4 accepts=33 surrogate=1787547.3636984725 l2=1787547.3636984725 rho=0.96794211676657183
  MFCG it  33 cost=1.787547e+06 lam=2.313e-06 tau=0.00e+00 cg_it=0 shift=0 ckpt=1 alpha=0 acc mv=117
PCG_PREP o=33 rebuild=1 drift=0 previous_depth=1
POINT_SAFE o=33 frozen=608 slope=-50727.292310618737 candidate=1850313.663648888 original=1777519.593819421 current=1787547.3636984725 won=0 mode=1 camera_scale=1 keep_scale=0
ATTR_RADIUS o=33 raw_norm=52432.266894625529 norm=11236.036582022149 radius=22472.073164044297 next_radius=22472.073164044297 lambda=2.3133679248830897e-06 next_lambda=2.3133679248830897e-06 rho=0.43960521063311508 accept=1
CLASSICAL_LM o=33 lambda=2.3133679248830897e-06 tau=2.3133679248830897e-06 prediction=22810.853093869358 rho=0.43960521063311508 accept=1
W5_L2 o=34 stage=4 accepts=34 surrogate=1777519.593819421 l2=1777519.593819421 rho=0.43960521063311508
  MFCG it  34 cost=1.777520e+06 lam=2.313e-06 tau=0.00e+00 cg_it=18 shift=0 ckpt=19 alpha=0 acc mv=137
PCG_PREP o=34 rebuild=1 drift=0 previous_depth=19
POINT_SAFE o=34 frozen=533 slope=-55489.99072792333 candidate=1838599.1978360752 original=1772371.863476896 current=1777519.593819421 won=0 mode=1 camera_scale=1 keep_scale=0
ATTR_RADIUS o=34 raw_norm=41773.096329624328 norm=11236.03658202215 radius=22472.073164044297 next_radius=5618.0182910110743 lambda=2.3133679248830897e-06 next_lambda=3.7013886798129436e-05 rho=0.2225658584955762 accept=1
CLASSICAL_LM o=34 lambda=2.3133679248830897e-06 tau=2.3133679248830897e-06 prediction=23129.02067424405 rho=0.2225658584955762 accept=1
W5_L2 o=35 stage=4 accepts=35 surrogate=1772371.863476896 l2=1772371.863476896 rho=0.2225658584955762
  MFCG it  35 cost=1.772372e+06 lam=3.701e-05 tau=0.00e+00 cg_it=12 shift=0 ckpt=13 alpha=0 acc mv=151
PCG_PREP o=35 rebuild=1 drift=0 previous_depth=13
ATTR_RADIUS o=35 raw_norm=5395.8001363075709 norm=5395.8001363075709 radius=5618.0182910110743 next_radius=5618.0182910110743 lambda=3.7013886798129436e-05 next_lambda=3.7013886798129436e-05 rho=0.74295338007715206 accept=1
CLASSICAL_LM o=35 lambda=3.7013886798129436e-05 tau=3.7013886798129436e-05 prediction=24426.358389399233 rho=0.74295338007715206 accept=1
W5_L2 o=36 stage=4 accepts=36 surrogate=1754224.2179485159 l2=1754224.2179485159 rho=0.74295338007715206
  MFCG it  36 cost=1.754224e+06 lam=3.701e-05 tau=0.00e+00 cg_it=1 shift=0 ckpt=2 alpha=0 acc mv=154
PCG_PREP o=36 rebuild=1 drift=0 previous_depth=2
ATTR_RADIUS o=36 raw_norm=13268.878868291107 norm=5618.0182910110752 radius=5618.0182910110743 next_radius=11236.036582022149 lambda=3.7013886798129436e-05 next_lambda=9.2534716995323589e-06 rho=0.75580812597950287 accept=1
CLASSICAL_LM o=36 lambda=3.7013886798129436e-05 tau=3.7013886798129436e-05 prediction=25307.899313135124 rho=0.75580812597950287 accept=1
W5_L2 o=37 stage=4 accepts=37 surrogate=1735096.3019961773 l2=1735096.3019961773 rho=0.75580812597950287
TARGET reached outer=37 seconds=2.097037101 cost=1735096.3019961773 threshold=1744796.9841897595
W5_FINAL stage=4 l2=1735096.3019961773 incomplete=0
  MFCG: accepts=37 rejects=1 total_matvecs=176 negcurv=1 cand_evals=38 mean_cg_per_outer=4.8
NUMERIC_REPAIR summary rebuilds=1 floor=2.3133679248830897e-06
  [retry-cache] builds=39 reuses=0
  [menu-backtrack] trials=23 rescues=23 evals=87 total_scored=125
POINT_SAFE summary calls=23 evals=23 wins=11 frozen=7999 seconds=0.280716204
  [scoring] menu_evals=38 alpha_evals=0 backtrack_evals=87 total_scored=125
RESULT algo=mfree_shifted_cg iters=37 final_cost=1735096.3019961773 solve_seconds=2.165212
DIAGNOSTICS median_reproj_err_px 2.704502 -> 0.544696 | cheirality_violations(obs) 751 -> 827 | cheirality_violations(pts, of 310854) 725 -> 760
