  [menu-backtrack] active=1 max_evals=8 warmup_accepts=3 confirm_stop=original armijo=1e-4
MIXED_STORAGE fragments=fp32 arithmetic=fp64 state=fp64 acceptance=fp64
  [compact-fragments] active=2 saved_bytes=36105992 storage=fp32 camera_reads=contiguous
  MFCG score_init=11152062.772762468 precision=fp64
PCG_PREP o=0 rebuild=1 drift=0 previous_depth=0
ATTR_RADIUS o=0 raw_norm=3104.2454053620127 norm=3104.2454053620127 radius=3104.2454053620127 next_radius=6208.4908107240253 lambda=0.10000000000000001 next_lambda=0.025000000000000001 rho=0.99944779658081773 accept=1
CLASSICAL_LM o=0 lambda=0.10000000000000001 tau=0.10000000000000001 prediction=9052081.1126991659 rho=0.99944779658081773 accept=1
  MFCG it   1 cost=2.104980e+06 lam=2.500e-02 tau=0.00e+00 cg_it=1 shift=0 ckpt=2 alpha=0 acc mv=3
PCG_PREP o=1 rebuild=1 drift=0 previous_depth=2
ATTR_RADIUS o=1 raw_norm=2711.1300461269443 norm=2711.1300461269443 radius=6208.4908107240253 next_radius=6208.4908107240253 lambda=0.025000000000000001 next_lambda=0.0025000000000000005 rho=0.99581561945381081 accept=1
CLASSICAL_LM o=1 lambda=0.025000000000000001 tau=0.025000000000000001 prediction=599054.83500530571 rho=0.99581561945381081 accept=1
  MFCG it   2 cost=1.508432e+06 lam=2.500e-03 tau=0.00e+00 cg_it=2 shift=0 ckpt=3 alpha=0 acc mv=7
PCG_PREP o=2 rebuild=1 drift=0 previous_depth=3
ATTR_RADIUS o=2 raw_norm=9505.0624666682634 norm=6208.4908107240253 radius=6208.4908107240253 next_radius=12416.981621448051 lambda=0.0025000000000000005 next_lambda=0.00062500000000000012 rho=0.99783815024077538 accept=1
CLASSICAL_LM o=2 lambda=0.0025000000000000005 tau=0.0025000000000000005 prediction=371332.33398221579 rho=0.99783815024077538 accept=1
  MFCG it   3 cost=1.137903e+06 lam=6.250e-04 tau=0.00e+00 cg_it=4 shift=0 ckpt=5 alpha=0 acc mv=13
PCG_PREP o=3 rebuild=1 drift=0 previous_depth=5
ATTR_RADIUS o=3 raw_norm=20674.92587704524 norm=12416.981621448047 radius=12416.981621448051 next_radius=24833.963242896101 lambda=0.00062500000000000012 next_lambda=0.00015625000000000003 rho=1.0088133880686336 accept=1
CLASSICAL_LM o=3 lambda=0.00062500000000000012 tau=0.00062500000000000012 prediction=298015.42542006937 rho=1.0088133880686336 accept=1
  MFCG it   4 cost=8.372606e+05 lam=1.563e-04 tau=0.00e+00 cg_it=4 shift=0 ckpt=5 alpha=0 acc mv=19
PCG_PREP o=4 rebuild=1 drift=0 previous_depth=5
ATTR_RADIUS o=4 raw_norm=37400.493534571884 norm=24833.963242896109 radius=24833.963242896101 next_radius=49667.926485792203 lambda=0.00015625000000000003 next_lambda=3.9062500000000008e-05 rho=0.99287628336642764 accept=1
CLASSICAL_LM o=4 lambda=0.00015625000000000003 tau=0.00015625000000000003 prediction=325265.64768045035 rho=0.99287628336642764 accept=1
  MFCG it   5 cost=5.143120e+05 lam=3.906e-05 tau=0.00e+00 cg_it=7 shift=0 ckpt=8 alpha=0 acc mv=28
PCG_PREP o=5 rebuild=1 drift=0 previous_depth=8
POINT_SAFE o=5 frozen=1958 slope=-352484.03039054107 candidate=361788.33796908427 original=380177.51724463172 current=514312.02094096225 won=1 mode=1 camera_scale=1 keep_scale=0
ATTR_RADIUS o=5 raw_norm=39541.360992057838 norm=39541.360992057838 radius=49667.926485792203 next_radius=49667.926485792203 lambda=3.9062500000000008e-05 next_lambda=3.9062500000000009e-06 rho=0.76722240717602963 accept=1
CLASSICAL_LM o=5 lambda=3.9062500000000008e-05 tau=3.9062500000000008e-05 prediction=198799.8285051173 rho=0.76722240717602963 accept=1
  MFCG it   6 cost=3.617883e+05 lam=3.906e-06 tau=0.00e+00 cg_it=7 shift=0 ckpt=8 alpha=0 acc mv=37
PCG_PREP o=6 rebuild=1 drift=0 previous_depth=8
POINT_SAFE o=6 frozen=108 slope=-156233.24958576646 candidate=291031.2353096286 original=313801.80343114206 current=361788.33796908427 won=1 mode=1 camera_scale=1 keep_scale=0
ATTR_RADIUS o=6 raw_norm=9196.587906284507 norm=9196.587906284507 radius=49667.926485792203 next_radius=49667.926485792203 lambda=3.9062500000000009e-06 next_lambda=3.9062500000000012e-07 rho=0.90406734473085204 accept=1
CLASSICAL_LM o=6 lambda=3.9062500000000009e-06 tau=3.9062500000000009e-06 prediction=78265.300778583725 rho=0.90406734473085204 accept=1
  MFCG it   7 cost=2.910312e+05 lam=3.906e-07 tau=0.00e+00 cg_it=0 shift=0 ckpt=1 alpha=0 acc mv=39
PCG_PREP o=7 rebuild=1 drift=0 previous_depth=1
POINT_SAFE o=7 frozen=263 slope=-42070.487852251128 candidate=381682.91296344646 original=286463.35352202511 current=291031.2353096286 won=0 mode=1 camera_scale=1 keep_scale=0
ATTR_RADIUS o=7 raw_norm=41356.763078288452 norm=10339.190769572113 radius=49667.926485792203 next_radius=49667.926485792203 lambda=3.9062500000000012e-07 next_lambda=3.9062500000000016e-08 rho=0.37508334135104537 accept=1
CLASSICAL_LM o=7 lambda=3.9062500000000012e-07 tau=3.9062500000000012e-07 prediction=12178.311548441572 rho=0.37508334135104537 accept=1
  MFCG it   8 cost=2.864634e+05 lam=3.906e-08 tau=0.00e+00 cg_it=1 shift=0 ckpt=2 alpha=0 acc mv=42
PCG_PREP o=8 rebuild=1 drift=0 previous_depth=2
ATTR_RADIUS o=8 raw_norm=9975.8968761389897 norm=9975.8968761389897 radius=49667.926485792203 next_radius=49667.926485792203 lambda=3.9062500000000016e-08 next_lambda=3.9062500000000015e-09 rho=0.38552047233976572 accept=1
CLASSICAL_LM o=8 lambda=3.9062500000000016e-08 tau=3.9062500000000016e-08 prediction=19911.874731535838 rho=0.38552047233976572 accept=1
  MFCG it   9 cost=2.787869e+05 lam=3.906e-09 tau=0.00e+00 cg_it=0 shift=0 ckpt=1 alpha=0 acc mv=44
PCG_PREP o=9 rebuild=1 drift=0 previous_depth=1
ATTR_RADIUS o=9 raw_norm=12375.947998103584 norm=12375.947998103584 radius=49667.926485792203 next_radius=49667.926485792203 lambda=3.9062500000000015e-09 next_lambda=3.9062500000000019e-10 rho=0.48167569759399836 accept=1
CLASSICAL_LM o=9 lambda=3.9062500000000015e-09 tau=3.9062500000000015e-09 prediction=15913.105926509876 rho=0.48167569759399836 accept=1
  MFCG it  10 cost=2.711220e+05 lam=3.906e-10 tau=0.00e+00 cg_it=0 shift=0 ckpt=1 alpha=0 acc mv=46
PCG_PREP o=10 rebuild=1 drift=0 previous_depth=1
ATTR_RADIUS o=10 raw_norm=11174.348675326022 norm=11174.348675326022 radius=49667.926485792203 next_radius=49667.926485792203 lambda=3.9062500000000019e-10 next_lambda=3.906250000000002e-11 rho=0.30444302005454754 accept=1
CLASSICAL_LM o=10 lambda=3.9062500000000019e-10 tau=3.9062500000000019e-10 prediction=10557.050749785554 rho=0.30444302005454754 accept=1
  MFCG it  11 cost=2.679079e+05 lam=3.906e-11 tau=0.00e+00 cg_it=0 shift=0 ckpt=1 alpha=0 acc mv=48
PCG_PREP o=11 rebuild=1 drift=0 previous_depth=1
ATTR_RADIUS o=11 raw_norm=10390.778764522356 norm=10390.778764522356 radius=49667.926485792203 next_radius=12416.981621448051 lambda=3.906250000000002e-11 next_lambda=6.2500000000000032e-10 rho=0.23311976004951196 accept=1
CLASSICAL_LM o=11 lambda=3.906250000000002e-11 tau=3.906250000000002e-11 prediction=8405.4701147762607 rho=0.23311976004951196 accept=1
  MFCG it  12 cost=2.659485e+05 lam=6.250e-10 tau=0.00e+00 cg_it=0 shift=0 ckpt=1 alpha=0 acc mv=50
PCG_PREP o=12 rebuild=1 drift=0 previous_depth=1
ATTR_RADIUS o=12 raw_norm=8534.2013731165734 norm=8534.2013731165734 radius=12416.981621448051 next_radius=12416.981621448051 lambda=6.2500000000000032e-10 next_lambda=6.250000000000003e-11 rho=0.46133540776219789 accept=1
CLASSICAL_LM o=12 lambda=6.2500000000000032e-10 tau=6.2500000000000032e-10 prediction=6536.2192921618425 rho=0.46133540776219789 accept=1
  MFCG it  13 cost=2.629331e+05 lam=6.250e-11 tau=0.00e+00 cg_it=0 shift=0 ckpt=1 alpha=0 acc mv=52
PCG_PREP o=13 rebuild=1 drift=0 previous_depth=1
POINT_SAFE o=13 frozen=69 slope=-7572.2939809841919 candidate=261051.87689242684 original=260954.74371703286 current=262933.07079054788 won=0 mode=1 camera_scale=1 keep_scale=0
ATTR_RADIUS o=13 raw_norm=7197.4125007222874 norm=3598.7062503611437 radius=12416.981621448051 next_radius=12416.981621448051 lambda=6.250000000000003e-11 next_lambda=6.2500000000000035e-12 rho=0.63185528879151776 accept=1
CLASSICAL_LM o=13 lambda=6.250000000000003e-11 tau=6.250000000000003e-11 prediction=3130.9812683514128 rho=0.63185528879151776 accept=1
  MFCG it  14 cost=2.609547e+05 lam=6.250e-12 tau=0.00e+00 cg_it=0 shift=0 ckpt=1 alpha=0 acc mv=54
PCG_PREP o=14 rebuild=1 drift=0 previous_depth=1
ATTR_RADIUS o=14 raw_norm=7581.6309003493388 norm=7581.6309003493388 radius=12416.981621448051 next_radius=12416.981621448051 lambda=6.2500000000000035e-12 next_lambda=6.2500000000000037e-13 rho=0.33633106998039314 accept=1
CLASSICAL_LM o=14 lambda=6.2500000000000035e-12 tau=6.2500000000000035e-12 prediction=2532.8932216181393 rho=0.33633106998039314 accept=1
  MFCG it  15 cost=2.601029e+05 lam=6.250e-13 tau=0.00e+00 cg_it=0 shift=0 ckpt=1 alpha=0 acc mv=56
PCG_PREP o=15 rebuild=1 drift=0 previous_depth=1
ATTR_RADIUS o=15 raw_norm=6649.958397251582 norm=6649.958397251582 radius=12416.981621448051 next_radius=12416.981621448051 lambda=6.2500000000000037e-13 next_lambda=6.2500000000000037e-14 rho=0.32330888079946934 accept=1
CLASSICAL_LM o=15 lambda=6.2500000000000037e-13 tau=6.2500000000000037e-13 prediction=2162.3483326424343 rho=0.32330888079946934 accept=1
  MFCG it  16 cost=2.594037e+05 lam=6.250e-14 tau=0.00e+00 cg_it=0 shift=0 ckpt=1 alpha=0 acc mv=58
PCG_PREP o=16 rebuild=1 drift=0 previous_depth=1
POINT_SAFE o=16 frozen=148 slope=-1507.6375624505827 candidate=262309.33997710649 original=259278.37630354858 current=259403.74661033473 won=0 mode=1 camera_scale=1 keep_scale=0
ATTR_RADIUS o=16 raw_norm=93716.18283676164 norm=3104.2454053620131 radius=12416.981621448051 next_radius=3104.2454053620127 lambda=6.2500000000000037e-14 next_lambda=1.0000000000000006e-12 rho=0.15365481136442752 accept=1
CLASSICAL_LM o=16 lambda=6.2500000000000037e-14 tau=6.2500000000000037e-14 prediction=815.92177734549023 rho=0.15365481136442752 accept=1
  MFCG it  17 cost=2.592784e+05 lam=1.000e-12 tau=0.00e+00 cg_it=2 shift=0 ckpt=3 alpha=0 acc mv=62
PCG_PREP o=17 rebuild=1 drift=0 previous_depth=3
ATTR_RADIUS o=17 raw_norm=7384.7211566949936 norm=3104.2454053620113 radius=3104.2454053620127 next_radius=3104.2454053620127 lambda=1.0000000000000006e-12 next_lambda=1.0000000000000006e-12 rho=0.31824609556164524 accept=1
CLASSICAL_LM o=17 lambda=1.0000000000000006e-12 tau=1.0000000000000006e-12 prediction=1758.91499558336 rho=0.31824609556164524 accept=1
  MFCG it  18 cost=2.587186e+05 lam=1.000e-12 tau=0.00e+00 cg_it=0 shift=0 ckpt=1 alpha=0 acc mv=64
PCG_PREP o=18 rebuild=1 drift=0 previous_depth=1
ATTR_RADIUS o=18 raw_norm=113005.16133867791 norm=0 radius=3104.2454053620127 next_radius=776.06135134050317 lambda=1.0000000000000006e-12 next_lambda=1.6000000000000009e-11 rho=0.052393176878997402 accept=0
CLASSICAL_LM o=18 lambda=1.0000000000000006e-12 tau=1.0000000000000006e-12 prediction=1257.4485961813352 rho=0.052393176878997402 accept=0
  MFCG it  19  retry 1/8  lam=1.600e-11 tau_eff=1.000e-12  (assembly reused)
PCG_PREP o=18 rebuild=1 drift=0 previous_depth=3
POINT_SAFE o=18 frozen=4 slope=-349.16490839197905 candidate=258564.50643974796 original=258373.38542363391 current=258718.60847377934 won=0 mode=1 camera_scale=1 keep_scale=0
ATTR_RADIUS o=18 raw_norm=112998.47162811451 norm=97.00766891756291 radius=776.06135134050317 next_radius=776.06135134050317 lambda=1.6000000000000009e-11 next_lambda=1.6000000000000011e-12 rho=1.3795444178791769 accept=1
CLASSICAL_LM o=18 lambda=1.6000000000000009e-11 tau=1.6000000000000009e-11 prediction=250.24424416587914 rho=1.3795444178791769 accept=1
  MFCG it  19 cost=2.583734e+05 lam=1.600e-12 tau=0.00e+00 cg_it=2 shift=0 ckpt=3 alpha=0 acc mv=72
PCG_PREP o=19 rebuild=1 drift=0 previous_depth=3
ATTR_RADIUS o=19 raw_norm=113405.81742650419 norm=0 radius=776.06135134050317 next_radius=194.01533783512579 lambda=1.6000000000000011e-12 next_lambda=2.5600000000000017e-11 rho=0.034492156314237403 accept=0
CLASSICAL_LM o=19 lambda=1.6000000000000011e-12 tau=1.6000000000000011e-12 prediction=754.6770901244322 rho=0.034492156314237403 accept=0
  MFCG it  20  retry 1/8  lam=2.560e-11 tau_eff=1.600e-12  (assembly reused)
PCG_PREP o=19 rebuild=1 drift=0 previous_depth=3
POINT_SAFE o=19 frozen=4 slope=-625.18708571275408 candidate=258199.8430991114 original=258215.50878426273 current=258373.38542363391 won=1 mode=1 camera_scale=1 keep_scale=0
ATTR_RADIUS o=19 raw_norm=113396.73117607112 norm=194.01533783512585 radius=194.01533783512579 next_radius=194.01533783512579 lambda=2.5600000000000017e-11 next_lambda=2.5600000000000017e-11 rho=0.54300347873068255 accept=1
CLASSICAL_LM o=19 lambda=2.5600000000000017e-11 tau=2.5600000000000017e-11 prediction=319.59707685147856 rho=0.54300347873068255 accept=1
  MFCG it  20 cost=2.581998e+05 lam=2.560e-11 tau=0.00e+00 cg_it=2 shift=0 ckpt=3 alpha=0 acc mv=80
PCG_PREP o=20 rebuild=1 drift=0 previous_depth=3
POINT_SAFE o=20 frozen=18 slope=-141.01893391838186 candidate=258132.52175130646 original=258014.44874031923 current=258199.8430991114 won=0 mode=1 camera_scale=1 keep_scale=0
ATTR_RADIUS o=20 raw_norm=114233.86119316042 norm=24.251917229390724 radius=194.01533783512579 next_radius=194.01533783512579 lambda=2.5600000000000017e-11 next_lambda=2.560000000000002e-12 rho=1.4476700456939868 accept=1
CLASSICAL_LM o=20 lambda=2.5600000000000017e-11 tau=2.5600000000000017e-11 prediction=128.06395997735308 rho=1.4476700456939868 accept=1
  MFCG it  21 cost=2.580144e+05 lam=2.560e-12 tau=0.00e+00 cg_it=2 shift=0 ckpt=3 alpha=0 acc mv=84
PCG_PREP o=21 rebuild=1 drift=0 previous_depth=3
ATTR_RADIUS o=21 raw_norm=114336.30598101333 norm=0 radius=194.01533783512579 next_radius=48.503834458781448 lambda=2.560000000000002e-12 next_lambda=4.0960000000000032e-11 rho=0.052888857489331739 accept=0
CLASSICAL_LM o=21 lambda=2.560000000000002e-12 tau=2.560000000000002e-12 prediction=369.01496780265035 rho=0.052888857489331739 accept=0
  MFCG it  22  retry 1/8  lam=4.096e-11 tau_eff=2.560e-12  (assembly reused)
PCG_PREP o=21 rebuild=1 drift=0 previous_depth=3
POINT_SAFE o=21 frozen=3 slope=-586.80241722589733 candidate=257912.13258592229 original=257897.19095251369 current=258014.44874031923 won=0 mode=1 camera_scale=1 keep_scale=0
ATTR_RADIUS o=21 raw_norm=114318.82100257649 norm=24.25191722939072 radius=48.503834458781448 next_radius=48.503834458781448 lambda=4.0960000000000032e-11 next_lambda=4.0960000000000035e-12 rho=0.43719999524952058 accept=1
CLASSICAL_LM o=21 lambda=4.0960000000000032e-11 tau=4.0960000000000032e-11 prediction=268.20171335688951 rho=0.43719999524952058 accept=1
  MFCG it  22 cost=2.578972e+05 lam=4.096e-12 tau=0.00e+00 cg_it=2 shift=0 ckpt=3 alpha=0 acc mv=92
PCG_PREP o=22 rebuild=1 drift=0 previous_depth=3
ATTR_RADIUS o=22 raw_norm=114490.40400899408 norm=0 radius=48.503834458781448 next_radius=12.125958614695362 lambda=4.0960000000000035e-12 next_lambda=6.5536000000000057e-11 rho=0.066554708383237751 accept=0
CLASSICAL_LM o=22 lambda=4.0960000000000035e-12 tau=4.0960000000000035e-12 prediction=243.14094629051547 rho=0.066554708383237751 accept=0
  MFCG it  23  retry 1/8  lam=6.554e-11 tau_eff=4.096e-12  (assembly reused)
PCG_PREP o=22 rebuild=1 drift=0 previous_depth=3
ATTR_RADIUS o=22 raw_norm=114462.75997921334 norm=12.125958614695355 radius=12.125958614695362 next_radius=12.125958614695362 lambda=6.5536000000000057e-11 next_lambda=6.5536000000000057e-11 rho=0.34771982794755096 accept=1
CLASSICAL_LM o=22 lambda=6.5536000000000057e-11 tau=6.5536000000000057e-11 prediction=240.57484872120222 rho=0.34771982794755096 accept=1
  MFCG it  23 cost=2.578135e+05 lam=6.554e-11 tau=0.00e+00 cg_it=2 shift=0 ckpt=3 alpha=0 acc mv=100
PCG_PREP o=23 rebuild=1 drift=0 previous_depth=3
ATTR_RADIUS o=23 raw_norm=114491.70955326056 norm=12.12595861469536 radius=12.125958614695362 next_radius=24.251917229390724 lambda=6.5536000000000057e-11 next_lambda=1.6384000000000014e-11 rho=0.96745680991546523 accept=1
CLASSICAL_LM o=23 lambda=6.5536000000000057e-11 tau=6.5536000000000057e-11 prediction=157.72635275288147 rho=0.96745680991546523 accept=1
  MFCG it  24 cost=2.576609e+05 lam=1.638e-11 tau=0.00e+00 cg_it=2 shift=0 ckpt=3 alpha=0 acc mv=104
PCG_PREP o=24 rebuild=1 drift=0 previous_depth=3
POINT_SAFE o=24 frozen=20 slope=-8.4654533287786187 candidate=257656.31551074373 original=257658.05179327368 current=257660.94487343394 won=1 mode=1 camera_scale=1 keep_scale=0
ATTR_RADIUS o=24 raw_norm=114496.58199740315 norm=24.25191722939071 radius=24.251917229390724 next_radius=48.503834458781448 lambda=1.6384000000000014e-11 next_lambda=4.0960000000000035e-12 rho=0.91005915617065236 accept=1
CLASSICAL_LM o=24 lambda=1.6384000000000014e-11 tau=1.6384000000000014e-11 prediction=5.0868810657141506 rho=0.91005915617065236 accept=1
  MFCG it  25 cost=2.576563e+05 lam=4.096e-12 tau=0.00e+00 cg_it=2 shift=0 ckpt=3 alpha=0 acc mv=108
PCG_PREP o=25 rebuild=1 drift=0 previous_depth=3
ATTR_RADIUS o=25 raw_norm=114576.84942599213 norm=48.503834458781448 radius=48.503834458781448 next_radius=48.503834458781448 lambda=4.0960000000000035e-12 next_lambda=4.0960000000000035e-12 rho=0.32550241657330792 accept=1
CLASSICAL_LM o=25 lambda=4.0960000000000035e-12 tau=4.0960000000000035e-12 prediction=5.5542423544319313 rho=0.32550241657330792 accept=1
  MFCG it  26 cost=2.576545e+05 lam=4.096e-12 tau=0.00e+00 cg_it=2 shift=0 ckpt=3 alpha=0 acc mv=112
PCG_PREP o=26 rebuild=1 drift=0 previous_depth=3
ATTR_RADIUS o=26 raw_norm=114743.75705254849 norm=48.503834458781434 radius=48.503834458781448 next_radius=48.503834458781448 lambda=4.0960000000000035e-12 next_lambda=4.0960000000000035e-12 rho=0.39709869670219794 accept=1
CLASSICAL_LM o=26 lambda=4.0960000000000035e-12 tau=4.0960000000000035e-12 prediction=7.1167332394866971 rho=0.39709869670219794 accept=1
  MFCG it  27 cost=2.576517e+05 lam=4.096e-12 tau=0.00e+00 cg_it=2 shift=0 ckpt=3 alpha=0 acc mv=116
PCG_PREP o=27 rebuild=1 drift=0 previous_depth=3
ATTR_RADIUS o=27 raw_norm=114907.40240563102 norm=48.503834458781441 radius=48.503834458781448 next_radius=97.007668917562896 lambda=4.0960000000000035e-12 next_lambda=1.0240000000000009e-12 rho=0.87578820584974226 accept=1
CLASSICAL_LM o=27 lambda=4.0960000000000035e-12 tau=4.0960000000000035e-12 prediction=7.6543052700905418 rho=0.87578820584974226 accept=1
  MFCG it  28 cost=2.576450e+05 lam=1.024e-12 tau=0.00e+00 cg_it=2 shift=0 ckpt=3 alpha=0 acc mv=120
PCG_PREP o=28 rebuild=1 drift=0 previous_depth=3
ATTR_RADIUS o=28 raw_norm=115066.18431428132 norm=97.007668917562938 radius=97.007668917562896 next_radius=194.01533783512579 lambda=1.0240000000000009e-12 next_lambda=2.5600000000000022e-13 rho=0.8115219125198132 accept=1
CLASSICAL_LM o=28 lambda=1.0240000000000009e-12 tau=1.0240000000000009e-12 prediction=7.7026721636454845 rho=0.8115219125198132 accept=1
  MFCG it  29 cost=2.576387e+05 lam=2.560e-13 tau=0.00e+00 cg_it=2 shift=0 ckpt=3 alpha=0 acc mv=124
PCG_PREP o=29 rebuild=1 drift=0 previous_depth=3
ATTR_RADIUS o=29 raw_norm=115391.43138559116 norm=194.01533783512573 radius=194.01533783512579 next_radius=388.03067567025158 lambda=2.5600000000000022e-13 next_lambda=6.4000000000000055e-14 rho=0.86852562092588248 accept=1
CLASSICAL_LM o=29 lambda=2.5600000000000022e-13 tau=2.5600000000000022e-13 prediction=14.819979488198396 rho=0.86852562092588248 accept=1
  MFCG it  30 cost=2.576259e+05 lam=6.400e-14 tau=0.00e+00 cg_it=2 shift=0 ckpt=3 alpha=0 acc mv=128
PCG_PREP o=30 rebuild=1 drift=0 previous_depth=3
ATTR_RADIUS o=30 raw_norm=116039.32397900864 norm=388.0306756702517 radius=388.03067567025158 next_radius=776.06135134050317 lambda=6.4000000000000055e-14 next_lambda=1.6000000000000014e-14 rho=0.86275960114965111 accept=1
CLASSICAL_LM o=30 lambda=6.4000000000000055e-14 tau=6.4000000000000055e-14 prediction=28.136917040659945 rho=0.86275960114965111 accept=1
  MFCG it  31 cost=2.576016e+05 lam=1.600e-14 tau=0.00e+00 cg_it=2 shift=0 ckpt=3 alpha=0 acc mv=132
PCG_PREP o=31 rebuild=1 drift=0 previous_depth=3
ATTR_RADIUS o=31 raw_norm=117254.69821011025 norm=776.06135134050294 radius=776.06135134050317 next_radius=1552.1227026810063 lambda=1.6000000000000014e-14 next_lambda=4.0000000000000035e-15 rho=0.78765885653456214 accept=1
CLASSICAL_LM o=31 lambda=1.6000000000000014e-14 tau=1.6000000000000014e-14 prediction=54.12331022002536 rho=0.78765885653456214 accept=1
  MFCG it  32 cost=2.575589e+05 lam=4.000e-15 tau=0.00e+00 cg_it=2 shift=0 ckpt=3 alpha=0 acc mv=136
PCG_PREP o=32 rebuild=1 drift=0 previous_depth=3
ATTR_RADIUS o=32 raw_norm=119873.5967763169 norm=1552.1227026810063 radius=1552.1227026810063 next_radius=1552.1227026810063 lambda=4.0000000000000035e-15 next_lambda=4.0000000000000035e-15 rho=0.59512918967967177 accept=1
CLASSICAL_LM o=32 lambda=4.0000000000000035e-15 tau=4.0000000000000035e-15 prediction=103.8297703237664 rho=0.59512918967967177 accept=1
  MFCG it  33 cost=2.574972e+05 lam=4.000e-15 tau=0.00e+00 cg_it=2 shift=0 ckpt=3 alpha=0 acc mv=140
PCG_PREP o=33 rebuild=1 drift=0 previous_depth=3
ATTR_RADIUS o=33 raw_norm=124955.35144797343 norm=1552.1227026810063 radius=1552.1227026810063 next_radius=1552.1227026810063 lambda=4.0000000000000035e-15 next_lambda=4.0000000000000035e-15 rho=0.55240324521006468 accept=1
CLASSICAL_LM o=33 lambda=4.0000000000000035e-15 tau=4.0000000000000035e-15 prediction=99.353550770225453 rho=0.55240324521006468 accept=1
  MFCG it  34 cost=2.574423e+05 lam=4.000e-15 tau=0.00e+00 cg_it=2 shift=0 ckpt=3 alpha=0 acc mv=144
PCG_PREP o=34 rebuild=1 drift=0 previous_depth=3
ATTR_RADIUS o=34 raw_norm=9532.4831852007937 norm=1552.1227026810056 radius=1552.1227026810063 next_radius=3104.2454053620127 lambda=4.0000000000000035e-15 next_lambda=1.0000000000000009e-15 rho=0.76657252893488836 accept=1
CLASSICAL_LM o=34 lambda=4.0000000000000035e-15 tau=4.0000000000000035e-15 prediction=205.20959444832482 rho=0.76657252893488836 accept=1
  MFCG it  35 cost=2.572850e+05 lam=1.000e-15 tau=0.00e+00 cg_it=0 shift=0 ckpt=1 alpha=0 acc mv=146
PCG_PREP o=35 rebuild=1 drift=0 previous_depth=1
ATTR_RADIUS o=35 raw_norm=137746.63061193554 norm=0 radius=3104.2454053620127 next_radius=776.06135134050317 lambda=1.0000000000000009e-15 next_lambda=1.6000000000000014e-14 rho=0.064715464667793085 accept=0
CLASSICAL_LM o=35 lambda=1.0000000000000009e-15 tau=1.0000000000000009e-15 prediction=173.87503802767455 rho=0.064715464667793085 accept=0
  MFCG it  36  retry 1/8  lam=1.600e-14 tau_eff=1.000e-15  (assembly reused)
PCG_PREP o=35 rebuild=1 drift=0 previous_depth=3
ATTR_RADIUS o=35 raw_norm=136515.78631085425 norm=776.06135134050317 radius=776.06135134050317 next_radius=776.06135134050317 lambda=1.6000000000000014e-14 next_lambda=1.6000000000000014e-14 rho=0.7492847505766701 accept=1
CLASSICAL_LM o=35 lambda=1.6000000000000014e-14 tau=1.6000000000000014e-14 prediction=45.243231002620064 rho=0.7492847505766701 accept=1
  MFCG it  36 cost=2.572511e+05 lam=1.600e-14 tau=0.00e+00 cg_it=2 shift=0 ckpt=3 alpha=0 acc mv=154
PCG_PREP o=36 rebuild=1 drift=0 previous_depth=3
ATTR_RADIUS o=36 raw_norm=139401.91108087977 norm=776.06135134050317 radius=776.06135134050317 next_radius=776.06135134050317 lambda=1.6000000000000014e-14 next_lambda=1.6000000000000014e-14 rho=0.73518736805627283 accept=1
CLASSICAL_LM o=36 lambda=1.6000000000000014e-14 tau=1.6000000000000014e-14 prediction=43.561534414923379 rho=0.73518736805627283 accept=1
  MFCG it  37 cost=2.572190e+05 lam=1.600e-14 tau=0.00e+00 cg_it=2 shift=0 ckpt=3 alpha=0 acc mv=158
PCG_PREP o=37 rebuild=1 drift=0 previous_depth=3
ATTR_RADIUS o=37 raw_norm=143094.76992309149 norm=776.06135134050339 radius=776.06135134050317 next_radius=776.06135134050317 lambda=1.6000000000000014e-14 next_lambda=1.6000000000000014e-14 rho=0.7230325847264244 accept=1
CLASSICAL_LM o=37 lambda=1.6000000000000014e-14 tau=1.6000000000000014e-14 prediction=42.60837645302766 rho=0.7230325847264244 accept=1
  MFCG it  38 cost=2.571882e+05 lam=1.600e-14 tau=0.00e+00 cg_it=2 shift=0 ckpt=3 alpha=0 acc mv=162
PCG_PREP o=38 rebuild=1 drift=0 previous_depth=3
NUMERIC_REPAIR o=38 lambda=1.6000000000000014e-14 rayleigh=-1.5628859084230633e-05 next_lambda=6.2515436400922527e-05 cg=1 rebuild=1
PCG_PREP o=38 rebuild=1 drift=0 previous_depth=1
ATTR_RADIUS o=38 raw_norm=753.57696670556288 norm=753.57696670556288 radius=776.06135134050317 next_radius=1552.1227026810063 lambda=6.2515436400922527e-05 next_lambda=6.2515436400922527e-05 rho=1.0031350789703166 accept=1
CLASSICAL_LM o=38 lambda=6.2515436400922527e-05 tau=6.2515436400922527e-05 prediction=544.15573933352653 rho=1.0031350789703166 accept=1
  MFCG it  39 cost=2.566424e+05 lam=6.252e-05 tau=0.00e+00 cg_it=0 shift=0 ckpt=1 alpha=0 acc mv=166
PCG_PREP o=39 rebuild=1 drift=0 previous_depth=1
ATTR_RADIUS o=39 raw_norm=3450.6653627071159 norm=1552.1227026810063 radius=1552.1227026810063 next_radius=3104.2454053620127 lambda=6.2515436400922527e-05 next_lambda=6.2515436400922527e-05 rho=0.99726718527236402 accept=1
CLASSICAL_LM o=39 lambda=6.2515436400922527e-05 tau=6.2515436400922527e-05 prediction=994.26720758360716 rho=0.99726718527236402 accept=1
  MFCG it  40 cost=2.556508e+05 lam=6.252e-05 tau=0.00e+00 cg_it=4 shift=0 ckpt=5 alpha=0 acc mv=172
PCG_PREP o=40 rebuild=1 drift=0 previous_depth=5
ATTR_RADIUS o=40 raw_norm=2455.4937592751162 norm=2455.4937592751162 radius=3104.2454053620127 next_radius=3104.2454053620127 lambda=6.2515436400922527e-05 next_lambda=6.2515436400922527e-05 rho=0.99256222963668128 accept=1
CLASSICAL_LM o=40 lambda=6.2515436400922527e-05 tau=6.2515436400922527e-05 prediction=719.20000158219159 rho=0.99256222963668128 accept=1
  MFCG it  41 cost=2.549370e+05 lam=6.252e-05 tau=0.00e+00 cg_it=2 shift=0 ckpt=3 alpha=0 acc mv=176
PCG_PREP o=41 rebuild=1 drift=0 previous_depth=3
ATTR_RADIUS o=41 raw_norm=1699.1899684396653 norm=1699.1899684396653 radius=3104.2454053620127 next_radius=3104.2454053620127 lambda=6.2515436400922527e-05 next_lambda=6.2515436400922527e-05 rho=0.98457962473383442 accept=1
CLASSICAL_LM o=41 lambda=6.2515436400922527e-05 tau=6.2515436400922527e-05 prediction=356.18501572120277 rho=0.98457962473383442 accept=1
  MFCG it  42 cost=2.545863e+05 lam=6.252e-05 tau=0.00e+00 cg_it=5 shift=0 ckpt=6 alpha=0 acc mv=183
PCG_PREP o=42 rebuild=1 drift=0 previous_depth=6
ATTR_RADIUS o=42 raw_norm=1066.2265935529358 norm=1066.2265935529358 radius=3104.2454053620127 next_radius=3104.2454053620127 lambda=6.2515436400922527e-05 next_lambda=6.2515436400922527e-05 rho=0.98354296909272465 accept=1
CLASSICAL_LM o=42 lambda=6.2515436400922527e-05 tau=6.2515436400922527e-05 prediction=86.919777912599329 rho=0.98354296909272465 accept=1
  MFCG it  43 cost=2.545008e+05 lam=6.252e-05 tau=0.00e+00 cg_it=1 shift=0 ckpt=2 alpha=0 acc mv=186
PCG_PREP o=43 rebuild=1 drift=0 previous_depth=2
ATTR_RADIUS o=43 raw_norm=915.14255137452335 norm=915.14255137452335 radius=3104.2454053620127 next_radius=3104.2454053620127 lambda=6.2515436400922527e-05 next_lambda=6.2515436400922527e-05 rho=1.0007505650965249 accept=1
CLASSICAL_LM o=43 lambda=6.2515436400922527e-05 tau=6.2515436400922527e-05 prediction=60.377852327347128 rho=1.0007505650965249 accept=1
  MFCG it  44 cost=2.544404e+05 lam=6.252e-05 tau=0.00e+00 cg_it=1 shift=0 ckpt=2 alpha=0 acc mv=189
PCG_PREP o=44 rebuild=1 drift=0 previous_depth=2
ATTR_RADIUS o=44 raw_norm=863.04259330722653 norm=863.04259330722653 radius=3104.2454053620127 next_radius=3104.2454053620127 lambda=6.2515436400922527e-05 next_lambda=6.2515436400922527e-05 rho=1.0025912877039838 accept=1
CLASSICAL_LM o=44 lambda=6.2515436400922527e-05 tau=6.2515436400922527e-05 prediction=58.67631366717 rho=1.0025912877039838 accept=1
  MFCG it  45 cost=2.543815e+05 lam=6.252e-05 tau=0.00e+00 cg_it=5 shift=0 ckpt=6 alpha=0 acc mv=196
PCG_PREP o=45 rebuild=1 drift=0 previous_depth=6
ATTR_RADIUS o=45 raw_norm=714.35169996025843 norm=714.35169996025843 radius=3104.2454053620127 next_radius=3104.2454053620127 lambda=6.2515436400922527e-05 next_lambda=6.2515436400922527e-05 rho=1.0056955555686591 accept=1
CLASSICAL_LM o=45 lambda=6.2515436400922527e-05 tau=6.2515436400922527e-05 prediction=36.015166590671321 rho=1.0056955555686591 accept=1
  MFCG it  46 cost=2.543453e+05 lam=6.252e-05 tau=0.00e+00 cg_it=1 shift=0 ckpt=2 alpha=0 acc mv=199
PCG_PREP o=46 rebuild=1 drift=0 previous_depth=2
ATTR_RADIUS o=46 raw_norm=688.02801827372934 norm=688.02801827372923 radius=3104.2454053620127 next_radius=3104.2454053620127 lambda=6.2515436400922527e-05 next_lambda=6.2515436400922527e-05 rho=1.0162013683086912 accept=1
CLASSICAL_LM o=46 lambda=6.2515436400922527e-05 tau=6.2515436400922527e-05 prediction=34.064578501400298 rho=1.0162013683086912 accept=1
  MFCG it  47 cost=2.543107e+05 lam=6.252e-05 tau=0.00e+00 cg_it=7 shift=0 ckpt=8 alpha=0 acc mv=208
PCG_PREP o=47 rebuild=1 drift=0 previous_depth=8
ATTR_RADIUS o=47 raw_norm=601.86979337310697 norm=601.86979337310697 radius=3104.2454053620127 next_radius=3104.2454053620127 lambda=6.2515436400922527e-05 next_lambda=6.2515436400922527e-05 rho=1.0094857859905682 accept=1
CLASSICAL_LM o=47 lambda=6.2515436400922527e-05 tau=6.2515436400922527e-05 prediction=24.9150965168574 rho=1.0094857859905682 accept=1
  MFCG it  48 cost=2.542855e+05 lam=6.252e-05 tau=0.00e+00 cg_it=1 shift=0 ckpt=2 alpha=0 acc mv=211
PCG_PREP o=48 rebuild=1 drift=0 previous_depth=2
ATTR_RADIUS o=48 raw_norm=590.02479535188581 norm=590.0247953518857 radius=3104.2454053620127 next_radius=3104.2454053620127 lambda=6.2515436400922527e-05 next_lambda=6.2515436400922527e-05 rho=1.0197600155069113 accept=1
CLASSICAL_LM o=48 lambda=6.2515436400922527e-05 tau=6.2515436400922527e-05 prediction=24.204389667660546 rho=1.0197600155069113 accept=1
  MFCG it  49 cost=2.542609e+05 lam=6.252e-05 tau=0.00e+00 cg_it=9 shift=0 ckpt=10 alpha=0 acc mv=222
PCG_PREP o=49 rebuild=1 drift=0 previous_depth=10
ATTR_RADIUS o=49 raw_norm=547.59106699096446 norm=547.59106699096446 radius=3104.2454053620127 next_radius=3104.2454053620127 lambda=6.2515436400922527e-05 next_lambda=6.2515436400922527e-05 rho=1.0154539508637668 accept=1
CLASSICAL_LM o=49 lambda=6.2515436400922527e-05 tau=6.2515436400922527e-05 prediction=20.343404323564613 rho=1.0154539508637668 accept=1
  MFCG it  50 cost=2.542402e+05 lam=6.252e-05 tau=0.00e+00 cg_it=8 shift=0 ckpt=9 alpha=0 acc mv=232
PCG_PREP o=50 rebuild=1 drift=0 previous_depth=9
ATTR_RADIUS o=50 raw_norm=496.60971037255791 norm=496.60971037255797 radius=3104.2454053620127 next_radius=3104.2454053620127 lambda=6.2515436400922527e-05 next_lambda=6.2515436400922527e-05 rho=1.0087636322675402 accept=1
CLASSICAL_LM o=50 lambda=6.2515436400922527e-05 tau=6.2515436400922527e-05 prediction=16.554698904215176 rho=1.0087636322675402 accept=1
  MFCG it  51 cost=2.542235e+05 lam=6.252e-05 tau=0.00e+00 cg_it=1 shift=0 ckpt=2 alpha=0 acc mv=235
PCG_PREP o=51 rebuild=1 drift=0 previous_depth=2
ATTR_RADIUS o=51 raw_norm=484.94927828242447 norm=484.94927828242447 radius=3104.2454053620127 next_radius=3104.2454053620127 lambda=6.2515436400922527e-05 next_lambda=6.2515436400922527e-05 rho=1.0189181320634133 accept=1
CLASSICAL_LM o=51 lambda=6.2515436400922527e-05 tau=6.2515436400922527e-05 prediction=15.900203296331076 rho=1.0189181320634133 accept=1
  MFCG it  52 cost=2.542073e+05 lam=6.252e-05 tau=0.00e+00 cg_it=9 shift=0 ckpt=10 alpha=0 acc mv=246
PCG_PREP o=52 rebuild=1 drift=0 previous_depth=10
ATTR_RADIUS o=52 raw_norm=458.84560262249414 norm=458.84560262249414 radius=3104.2454053620127 next_radius=3104.2454053620127 lambda=6.2515436400922527e-05 next_lambda=6.2515436400922527e-05 rho=1.0152521130596013 accept=1
CLASSICAL_LM o=52 lambda=6.2515436400922527e-05 tau=6.2515436400922527e-05 prediction=14.009443761071896 rho=1.0152521130596013 accept=1
  MFCG it  53 cost=2.541931e+05 lam=6.252e-05 tau=0.00e+00 cg_it=9 shift=0 ckpt=10 alpha=0 acc mv=257
PCG_PREP o=53 rebuild=1 drift=0 previous_depth=10
ATTR_RADIUS o=53 raw_norm=426.43615953867203 norm=426.43615953867203 radius=3104.2454053620127 next_radius=3104.2454053620127 lambda=6.2515436400922527e-05 next_lambda=6.2515436400922527e-05 rho=1.0074496792834859 accept=1
CLASSICAL_LM o=53 lambda=6.2515436400922527e-05 tau=6.2515436400922527e-05 prediction=12.011943034876058 rho=1.0074496792834859 accept=1
  MFCG it  54 cost=2.541810e+05 lam=6.252e-05 tau=0.00e+00 cg_it=1 shift=0 ckpt=2 alpha=0 acc mv=260
PCG_PREP o=54 rebuild=1 drift=0 previous_depth=2
ATTR_RADIUS o=54 raw_norm=415.61644532835555 norm=415.61644532835555 radius=3104.2454053620127 next_radius=3104.2454053620127 lambda=6.2515436400922527e-05 next_lambda=6.2515436400922527e-05 rho=1.0164022758641764 accept=1
CLASSICAL_LM o=54 lambda=6.2515436400922527e-05 tau=6.2515436400922527e-05 prediction=11.482721415641901 rho=1.0164022758641764 accept=1
  MFCG it  55 cost=2.541693e+05 lam=6.252e-05 tau=0.00e+00 cg_it=9 shift=0 ckpt=10 alpha=0 acc mv=271
PCG_PREP o=55 rebuild=1 drift=0 previous_depth=10
ATTR_RADIUS o=55 raw_norm=397.43632184910007 norm=397.43632184910007 radius=3104.2454053620127 next_radius=3104.2454053620127 lambda=6.2515436400922527e-05 next_lambda=6.2515436400922527e-05 rho=1.0125650899061773 accept=1
CLASSICAL_LM o=55 lambda=6.2515436400922527e-05 tau=6.2515436400922527e-05 prediction=10.370592005764573 rho=1.0125650899061773 accept=1
  MFCG it  56 cost=2.541588e+05 lam=6.252e-05 tau=0.00e+00 cg_it=8 shift=0 ckpt=9 alpha=0 acc mv=281
PCG_PREP o=56 rebuild=1 drift=0 previous_depth=9
ATTR_RADIUS o=56 raw_norm=375.44051224125508 norm=375.44051224125508 radius=3104.2454053620127 next_radius=3104.2454053620127 lambda=6.2515436400922527e-05 next_lambda=6.2515436400922527e-05 rho=1.0060349778451025 accept=1
CLASSICAL_LM o=56 lambda=6.2515436400922527e-05 tau=6.2515436400922527e-05 prediction=9.2162004184423196 rho=1.0060349778451025 accept=1
  MFCG it  57 cost=2.541495e+05 lam=6.252e-05 tau=0.00e+00 cg_it=1 shift=0 ckpt=2 alpha=0 acc mv=284
PCG_PREP o=57 rebuild=1 drift=0 previous_depth=2
ATTR_RADIUS o=57 raw_norm=366.09638616873474 norm=366.09638616873474 radius=3104.2454053620127 next_radius=3104.2454053620127 lambda=6.2515436400922527e-05 next_lambda=6.2515436400922527e-05 rho=1.0138243474092166 accept=1
CLASSICAL_LM o=57 lambda=6.2515436400922527e-05 tau=6.2515436400922527e-05 prediction=8.8081848843515456 rho=1.0138243474092166 accept=1
  MFCG it  58 cost=2.541406e+05 lam=6.252e-05 tau=0.00e+00 cg_it=9 shift=0 ckpt=10 alpha=0 acc mv=295
PCG_PREP o=58 rebuild=1 drift=0 previous_depth=10
ATTR_RADIUS o=58 raw_norm=351.65008076745659 norm=351.65008076745659 radius=3104.2454053620127 next_radius=3104.2454053620127 lambda=6.2515436400922527e-05 next_lambda=6.2515436400922527e-05 rho=1.0114688104056502 accept=1
CLASSICAL_LM o=58 lambda=6.2515436400922527e-05 tau=6.2515436400922527e-05 prediction=8.0546722013033598 rho=1.0114688104056502 accept=1
  MFCG it  59 cost=2.541325e+05 lam=6.252e-05 tau=0.00e+00 cg_it=3 shift=0 ckpt=4 alpha=0 acc mv=300
PCG_PREP o=59 rebuild=1 drift=0 previous_depth=4
ATTR_RADIUS o=59 raw_norm=336.42217820299419 norm=336.42217820299419 radius=3104.2454053620127 next_radius=3104.2454053620127 lambda=6.2515436400922527e-05 next_lambda=6.2515436400922527e-05 rho=1.0044070384058901 accept=1
CLASSICAL_LM o=59 lambda=6.2515436400922527e-05 tau=6.2515436400922527e-05 prediction=7.3433694233376556 rho=1.0044070384058901 accept=1
  MFCG it  60 cost=2.541251e+05 lam=6.252e-05 tau=0.00e+00 cg_it=1 shift=0 ckpt=2 alpha=0 acc mv=303
PCG_PREP o=60 rebuild=1 drift=0 previous_depth=2
ATTR_RADIUS o=60 raw_norm=328.88950606728417 norm=328.88950606728417 radius=3104.2454053620127 next_radius=3104.2454053620127 lambda=6.2515436400922527e-05 next_lambda=6.2515436400922527e-05 rho=1.0106168687002108 accept=1
CLASSICAL_LM o=60 lambda=6.2515436400922527e-05 tau=6.2515436400922527e-05 prediction=7.0478316368535907 rho=1.0106168687002108 accept=1
  MFCG it  61 cost=2.541180e+05 lam=6.252e-05 tau=0.00e+00 cg_it=5 shift=0 ckpt=6 alpha=0 acc mv=310
PCG_PREP o=61 rebuild=1 drift=0 previous_depth=6
ATTR_RADIUS o=61 raw_norm=315.61695806912172 norm=315.61695806912172 radius=3104.2454053620127 next_radius=3104.2454053620127 lambda=6.2515436400922527e-05 next_lambda=6.2515436400922527e-05 rho=1.0040422498493535 accept=1
CLASSICAL_LM o=61 lambda=6.2515436400922527e-05 tau=6.2515436400922527e-05 prediction=6.4374209572467835 rho=1.0040422498493535 accept=1
  MFCG it  62 cost=2.541115e+05 lam=6.252e-05 tau=0.00e+00 cg_it=1 shift=0 ckpt=2 alpha=0 acc mv=313
PCG_PREP o=62 rebuild=1 drift=0 previous_depth=2
ATTR_RADIUS o=62 raw_norm=309.07103182622768 norm=309.07103182622768 radius=3104.2454053620127 next_radius=3104.2454053620127 lambda=6.2515436400922527e-05 next_lambda=6.2515436400922527e-05 rho=1.0093875690527403 accept=1
CLASSICAL_LM o=62 lambda=6.2515436400922527e-05 tau=6.2515436400922527e-05 prediction=6.2007970258447678 rho=1.0093875690527403 accept=1
  MFCG it  63 cost=2.541052e+05 lam=6.252e-05 tau=0.00e+00 cg_it=5 shift=0 ckpt=6 alpha=0 acc mv=320
PCG_PREP o=63 rebuild=1 drift=0 previous_depth=6
ATTR_RADIUS o=63 raw_norm=297.67823721645118 norm=297.67823721645118 radius=3104.2454053620127 next_radius=3104.2454053620127 lambda=6.2515436400922527e-05 next_lambda=6.2515436400922527e-05 rho=1.0031454831814497 accept=1
CLASSICAL_LM o=63 lambda=6.2515436400922527e-05 tau=6.2515436400922527e-05 prediction=5.7068731245062718 rho=1.0031454831814497 accept=1
  MFCG it  64 cost=2.540995e+05 lam=6.252e-05 tau=0.00e+00 cg_it=1 shift=0 ckpt=2 alpha=0 acc mv=323
PCG_PREP o=64 rebuild=1 drift=0 previous_depth=2
ATTR_RADIUS o=64 raw_norm=292.02805787987029 norm=292.02805787987029 radius=3104.2454053620127 next_radius=3104.2454053620127 lambda=6.2515436400922527e-05 next_lambda=6.2515436400922527e-05 rho=1.0078376450086413 accept=1
CLASSICAL_LM o=64 lambda=6.2515436400922527e-05 tau=6.2515436400922527e-05 prediction=5.5146670874421826 rho=1.0078376450086413 accept=1
  MFCG it  65 cost=2.540940e+05 lam=6.252e-05 tau=0.00e+00 cg_it=5 shift=0 ckpt=6 alpha=0 acc mv=330
PCG_PREP o=65 rebuild=1 drift=0 previous_depth=6
ATTR_RADIUS o=65 raw_norm=282.18746732843641 norm=282.18746732843641 radius=3104.2454053620127 next_radius=3104.2454053620127 lambda=6.2515436400922527e-05 next_lambda=6.2515436400922527e-05 rho=1.0022226634668681 accept=1
CLASSICAL_LM o=65 lambda=6.2515436400922527e-05 tau=6.2515436400922527e-05 prediction=5.1126437448247337 rho=1.0022226634668681 accept=1
  MFCG it  66 cost=2.540888e+05 lam=6.252e-05 tau=0.00e+00 cg_it=1 shift=0 ckpt=2 alpha=0 acc mv=333
PCG_PREP o=66 rebuild=1 drift=0 previous_depth=2
ATTR_RADIUS o=66 raw_norm=277.27943183263301 norm=277.27943183263307 radius=3104.2454053620127 next_radius=3104.2454053620127 lambda=6.2515436400922527e-05 next_lambda=6.2515436400922527e-05 rho=1.0063477891876573 accept=1
CLASSICAL_LM o=66 lambda=6.2515436400922527e-05 tau=6.2515436400922527e-05 prediction=4.9541708987473543 rho=1.0063477891876573 accept=1
  MFCG it  67 cost=2.540838e+05 lam=6.252e-05 tau=0.00e+00 cg_it=5 shift=0 ckpt=6 alpha=0 acc mv=340
PCG_PREP o=67 rebuild=1 drift=0 previous_depth=6
ATTR_RADIUS o=67 raw_norm=268.73468533926939 norm=268.73468533926939 radius=3104.2454053620127 next_radius=3104.2454053620127 lambda=6.2515436400922527e-05 next_lambda=6.2515436400922527e-05 rho=1.001357333814439 accept=1
CLASSICAL_LM o=67 lambda=6.2515436400922527e-05 tau=6.2515436400922527e-05 prediction=4.6240928130100061 rho=1.001357333814439 accept=1
  MFCG it  68 cost=2.540792e+05 lam=6.252e-05 tau=0.00e+00 cg_it=1 shift=0 ckpt=2 alpha=0 acc mv=343
PCG_PREP o=68 rebuild=1 drift=0 previous_depth=2
ATTR_RADIUS o=68 raw_norm=264.44063149685877 norm=264.44063149685877 radius=3104.2454053620127 next_radius=3104.2454053620127 lambda=6.2515436400922527e-05 next_lambda=6.2515436400922527e-05 rho=1.0049799140205651 accept=1
CLASSICAL_LM o=68 lambda=6.2515436400922527e-05 tau=6.2515436400922527e-05 prediction=4.4916694781181992 rho=1.0049799140205651 accept=1
  MFCG it  69 cost=2.540747e+05 lam=6.252e-05 tau=0.00e+00 cg_it=5 shift=0 ckpt=6 alpha=0 acc mv=350
PCG_PREP o=69 rebuild=1 drift=0 previous_depth=6
ATTR_RADIUS o=69 raw_norm=256.98837008308385 norm=256.98837008308385 radius=3104.2454053620127 next_radius=3104.2454053620127 lambda=6.2515436400922527e-05 next_lambda=6.2515436400922527e-05 rho=1.0005641051155807 accept=1
CLASSICAL_LM o=69 lambda=6.2515436400922527e-05 tau=6.2515436400922527e-05 prediction=4.2183208942186576 rho=1.0005641051155807 accept=1
  MFCG it  70 cost=2.540705e+05 lam=6.252e-05 tau=0.00e+00 cg_it=1 shift=0 ckpt=2 alpha=0 acc mv=353
PCG_PREP o=70 rebuild=1 drift=0 previous_depth=2
ATTR_RADIUS o=70 raw_norm=253.2059789612438 norm=253.2059789612438 radius=3104.2454053620127 next_radius=3104.2454053620127 lambda=6.2515436400922527e-05 next_lambda=6.2515436400922527e-05 rho=1.0037394068834209 accept=1
CLASSICAL_LM o=70 lambda=6.2515436400922527e-05 tau=6.2515436400922527e-05 prediction=4.1063577590736502 rho=1.0037394068834209 accept=1
  MFCG it  71 cost=2.540664e+05 lam=6.252e-05 tau=0.00e+00 cg_it=5 shift=0 ckpt=6 alpha=0 acc mv=360
PCG_PREP o=71 rebuild=1 drift=0 previous_depth=6
ATTR_RADIUS o=71 raw_norm=246.67964151004554 norm=246.67964151004554 radius=3104.2454053620127 next_radius=3104.2454053620127 lambda=6.2515436400922527e-05 next_lambda=6.2515436400922527e-05 rho=0.99984410827674652 accept=1
CLASSICAL_LM o=71 lambda=6.2515436400922527e-05 tau=6.2515436400922527e-05 prediction=3.8781383497028865 rho=0.99984410827674652 accept=1
  MFCG it  72 cost=2.540625e+05 lam=6.252e-05 tau=0.00e+00 cg_it=1 shift=0 ckpt=2 alpha=0 acc mv=363
PCG_PREP o=72 rebuild=1 drift=0 previous_depth=2
ATTR_RADIUS o=72 raw_norm=242.93461740900509 norm=242.93461740900509 radius=3104.2454053620127 next_radius=3104.2454053620127 lambda=6.2515436400922527e-05 next_lambda=6.2515436400922527e-05 rho=1.0032670115410529 accept=1
CLASSICAL_LM o=72 lambda=6.2515436400922527e-05 tau=6.2515436400922527e-05 prediction=3.7723447294139523 rho=1.0032670115410529 accept=1
  MFCG it  73 cost=2.540587e+05 lam=6.252e-05 tau=0.00e+00 cg_it=3 shift=0 ckpt=4 alpha=0 acc mv=368
PCG_PREP o=73 rebuild=1 drift=0 previous_depth=4
ATTR_RADIUS o=73 raw_norm=237.4897506460434 norm=237.4897506460434 radius=3104.2454053620127 next_radius=3104.2454053620127 lambda=6.2515436400922527e-05 next_lambda=6.2515436400922527e-05 rho=0.99911202003204558 accept=1
CLASSICAL_LM o=73 lambda=6.2515436400922527e-05 tau=6.2515436400922527e-05 prediction=3.5868206410814629 rho=0.99911202003204558 accept=1
  MFCG it  74 cost=2.540551e+05 lam=6.252e-05 tau=0.00e+00 cg_it=1 shift=0 ckpt=2 alpha=0 acc mv=371
PCG_PREP o=74 rebuild=1 drift=0 previous_depth=2
ATTR_RADIUS o=74 raw_norm=234.70816043823547 norm=234.70816043823547 radius=3104.2454053620127 next_radius=3104.2454053620127 lambda=6.2515436400922527e-05 next_lambda=6.2515436400922527e-05 rho=1.0012085756187397 accept=1
CLASSICAL_LM o=74 lambda=6.2515436400922527e-05 tau=6.2515436400922527e-05 prediction=3.5128203110122462 rho=1.0012085756187397 accept=1
  MFCG it  75 cost=2.540516e+05 lam=6.252e-05 tau=0.00e+00 cg_it=5 shift=0 ckpt=6 alpha=0 acc mv=378
PCG_PREP o=75 rebuild=1 drift=0 previous_depth=6
ATTR_RADIUS o=75 raw_norm=229.54391432749327 norm=229.54391432749327 radius=3104.2454053620127 next_radius=3104.2454053620127 lambda=6.2515436400922527e-05 next_lambda=6.2515436400922527e-05 rho=0.99856402224660057 accept=1
CLASSICAL_LM o=75 lambda=6.2515436400922527e-05 tau=6.2515436400922527e-05 prediction=3.3453432888317907 rho=0.99856402224660057 accept=1
  MFCG it  76 cost=2.540483e+05 lam=6.252e-05 tau=0.00e+00 cg_it=1 shift=0 ckpt=2 alpha=0 acc mv=381
PCG_PREP o=76 rebuild=1 drift=0 previous_depth=2
ATTR_RADIUS o=76 raw_norm=226.57120828044731 norm=226.57120828044731 radius=3104.2454053620127 next_radius=3104.2454053620127 lambda=6.2515436400922527e-05 next_lambda=6.2515436400922527e-05 rho=1.0012304062256201 accept=1
CLASSICAL_LM o=76 lambda=6.2515436400922527e-05 tau=6.2515436400922527e-05 prediction=3.2669020474038266 rho=1.0012304062256201 accept=1
  MFCG it  77 cost=2.540450e+05 lam=6.252e-05 tau=0.00e+00 cg_it=3 shift=0 ckpt=4 alpha=0 acc mv=386
PCG_PREP o=77 rebuild=1 drift=0 previous_depth=4
ATTR_RADIUS o=77 raw_norm=222.287864230043 norm=222.287864230043 radius=3104.2454053620127 next_radius=3104.2454053620127 lambda=6.2515436400922527e-05 next_lambda=6.2515436400922527e-05 rho=0.9980165284707283 accept=1
CLASSICAL_LM o=77 lambda=6.2515436400922527e-05 tau=6.2515436400922527e-05 prediction=3.1319471233606824 rho=0.9980165284707283 accept=1
  MFCG it  78 cost=2.540419e+05 lam=6.252e-05 tau=0.00e+00 cg_it=1 shift=0 ckpt=2 alpha=0 acc mv=389
PCG_PREP o=78 rebuild=1 drift=0 previous_depth=2
ATTR_RADIUS o=78 raw_norm=219.78931799704571 norm=219.78931799704571 radius=3104.2454053620127 next_radius=3104.2454053620127 lambda=6.2515436400922527e-05 next_lambda=6.2515436400922527e-05 rho=1.0002834060777681 accept=1
CLASSICAL_LM o=78 lambda=6.2515436400922527e-05 tau=6.2515436400922527e-05 prediction=3.0684713191808259 rho=1.0002834060777681 accept=1
  MFCG it  79 cost=2.540388e+05 lam=6.252e-05 tau=0.00e+00 cg_it=3 shift=0 ckpt=4 alpha=0 acc mv=394
PCG_PREP o=79 rebuild=1 drift=0 previous_depth=4
ATTR_RADIUS o=79 raw_norm=215.88445117969246 norm=215.88445117969246 radius=3104.2454053620127 next_radius=3104.2454053620127 lambda=6.2515436400922527e-05 next_lambda=6.2515436400922527e-05 rho=0.99751254815753543 accept=1
CLASSICAL_LM o=79 lambda=6.2515436400922527e-05 tau=6.2515436400922527e-05 prediction=2.9500875692520818 rho=0.99751254815753543 accept=1
  MFCG it  80 cost=2.540359e+05 lam=6.252e-05 tau=0.00e+00 cg_it=1 shift=0 ckpt=2 alpha=0 acc mv=397
PCG_PREP o=80 rebuild=1 drift=0 previous_depth=2
ATTR_RADIUS o=80 raw_norm=213.65362666440859 norm=213.65362666440859 radius=3104.2454053620127 next_radius=3104.2454053620127 lambda=6.2515436400922527e-05 next_lambda=6.2515436400922527e-05 rho=0.99947717374463918 accept=1
CLASSICAL_LM o=80 lambda=6.2515436400922527e-05 tau=6.2515436400922527e-05 prediction=2.8947338420993867 rho=0.99947717374463918 accept=1
  MFCG it  81 cost=2.540330e+05 lam=6.252e-05 tau=0.00e+00 cg_it=3 shift=0 ckpt=4 alpha=0 acc mv=402
PCG_PREP o=81 rebuild=1 drift=0 previous_depth=4
ATTR_RADIUS o=81 raw_norm=210.12698788286744 norm=210.12698788286744 radius=3104.2454053620127 next_radius=3104.2454053620127 lambda=6.2515436400922527e-05 next_lambda=6.2515436400922527e-05 rho=0.9970987435040285 accept=1
CLASSICAL_LM o=81 lambda=6.2515436400922527e-05 tau=6.2515436400922527e-05 prediction=2.791443478392774 rho=0.9970987435040285 accept=1
  MFCG it  82 cost=2.540302e+05 lam=6.252e-05 tau=0.00e+00 cg_it=1 shift=0 ckpt=2 alpha=0 acc mv=405
PCG_PREP o=82 rebuild=1 drift=0 previous_depth=2
ATTR_RADIUS o=82 raw_norm=207.6283482125643 norm=207.6283482125643 radius=3104.2454053620127 next_radius=3104.2454053620127 lambda=6.2515436400922527e-05 next_lambda=6.2515436400922527e-05 rho=0.99747283654056684 accept=1
CLASSICAL_LM o=82 lambda=6.2515436400922527e-05 tau=6.2515436400922527e-05 prediction=2.7222128791319782 rho=0.99747283654056684 accept=1
  MFCG it  83 cost=2.540275e+05 lam=6.252e-05 tau=0.00e+00 cg_it=1 shift=0 ckpt=2 alpha=0 acc mv=408
PCG_PREP o=83 rebuild=1 drift=0 previous_depth=2
ATTR_RADIUS o=83 raw_norm=205.49657751257615 norm=205.49657751257615 radius=3104.2454053620127 next_radius=3104.2454053620127 lambda=6.2515436400922527e-05 next_lambda=6.2515436400922527e-05 rho=0.99892386099185693 accept=1
CLASSICAL_LM o=83 lambda=6.2515436400922527e-05 tau=6.2515436400922527e-05 prediction=2.6769703181839373 rho=0.99892386099185693 accept=1
  MFCG it  84 cost=2.540248e+05 lam=6.252e-05 tau=0.00e+00 cg_it=3 shift=0 ckpt=4 alpha=0 acc mv=413
PCG_PREP o=84 rebuild=1 drift=0 previous_depth=4
ATTR_RADIUS o=84 raw_norm=202.4789429761596 norm=202.4789429761596 radius=3104.2454053620127 next_radius=3104.2454053620127 lambda=6.2515436400922527e-05 next_lambda=6.2515436400922527e-05 rho=0.99669410879795517 accept=1
CLASSICAL_LM o=84 lambda=6.2515436400922527e-05 tau=6.2515436400922527e-05 prediction=2.5878840189747661 rho=0.99669410879795517 accept=1
  MFCG it  85 cost=2.540222e+05 lam=6.252e-05 tau=0.00e+00 cg_it=1 shift=0 ckpt=2 alpha=0 acc mv=416
PCG_PREP o=85 rebuild=1 drift=0 previous_depth=2
ATTR_RADIUS o=85 raw_norm=200.31404685247401 norm=200.31404685247401 radius=3104.2454053620127 next_radius=3104.2454053620127 lambda=6.2515436400922527e-05 next_lambda=6.2515436400922527e-05 rho=0.9969618899511612 accept=1
CLASSICAL_LM o=85 lambda=6.2515436400922527e-05 tau=6.2515436400922527e-05 prediction=2.5302859645884777 rho=0.9969618899511612 accept=1
  MFCG it  86 cost=2.540197e+05 lam=6.252e-05 tau=0.00e+00 cg_it=1 shift=0 ckpt=2 alpha=0 acc mv=419
PCG_PREP o=86 rebuild=1 drift=0 previous_depth=2
ATTR_RADIUS o=86 raw_norm=198.46033749601091 norm=198.46033749601091 radius=3104.2454053620127 next_radius=3104.2454053620127 lambda=6.2515436400922527e-05 next_lambda=6.2515436400922527e-05 rho=0.99814713740357797 accept=1
CLASSICAL_LM o=86 lambda=6.2515436400922527e-05 tau=6.2515436400922527e-05 prediction=2.4924192625913051 rho=0.99814713740357797 accept=1
  MFCG it  87 cost=2.540172e+05 lam=6.252e-05 tau=0.00e+00 cg_it=3 shift=0 ckpt=4 alpha=0 acc mv=424
PCG_PREP o=87 rebuild=1 drift=0 previous_depth=4
ATTR_RADIUS o=87 raw_norm=195.84519598415946 norm=195.84519598415946 radius=3104.2454053620127 next_radius=3104.2454053620127 lambda=6.2515436400922527e-05 next_lambda=6.2515436400922527e-05 rho=0.99630140391449296 accept=1
CLASSICAL_LM o=87 lambda=6.2515436400922527e-05 tau=6.2515436400922527e-05 prediction=2.417984552926391 rho=0.99630140391449296 accept=1
  MFCG it  88 cost=2.540148e+05 lam=6.252e-05 tau=0.00e+00 cg_it=1 shift=0 ckpt=2 alpha=0 acc mv=427
PCG_PREP o=88 rebuild=1 drift=0 previous_depth=2
ATTR_RADIUS o=88 raw_norm=193.93783814576619 norm=193.93783814576619 radius=3104.2454053620127 next_radius=3104.2454053620127 lambda=6.2515436400922527e-05 next_lambda=6.2515436400922527e-05 rho=0.99651609397605057 accept=1
CLASSICAL_LM o=88 lambda=6.2515436400922527e-05 tau=6.2515436400922527e-05 prediction=2.369028457621543 rho=0.99651609397605057 accept=1
  MFCG it  89 cost=2.540124e+05 lam=6.252e-05 tau=0.00e+00 cg_it=1 shift=0 ckpt=2 alpha=0 acc mv=430
PCG_PREP o=89 rebuild=1 drift=0 previous_depth=2
ATTR_RADIUS o=89 raw_norm=192.308511401234 norm=192.308511401234 radius=3104.2454053620127 next_radius=3104.2454053620127 lambda=6.2515436400922527e-05 next_lambda=6.2515436400922527e-05 rho=0.99749584332212449 accept=1
CLASSICAL_LM o=89 lambda=6.2515436400922527e-05 tau=6.2515436400922527e-05 prediction=2.3364600405037206 rho=0.99749584332212449 accept=1
  MFCG it  90 cost=2.540101e+05 lam=6.252e-05 tau=0.00e+00 cg_it=3 shift=0 ckpt=4 alpha=0 acc mv=435
PCG_PREP o=90 rebuild=1 drift=0 previous_depth=4
ATTR_RADIUS o=90 raw_norm=190.02804251388298 norm=190.02804251388301 radius=3104.2454053620127 next_radius=3104.2454053620127 lambda=6.2515436400922527e-05 next_lambda=6.2515436400922527e-05 rho=0.99599203751713106 accept=1
CLASSICAL_LM o=90 lambda=6.2515436400922527e-05 tau=6.2515436400922527e-05 prediction=2.2740559345132945 rho=0.99599203751713106 accept=1
  MFCG it  91 cost=2.540078e+05 lam=6.252e-05 tau=0.00e+00 cg_it=1 shift=0 ckpt=2 alpha=0 acc mv=438
PCG_PREP o=91 rebuild=1 drift=0 previous_depth=2
ATTR_RADIUS o=91 raw_norm=188.32898982941794 norm=188.32898982941794 radius=3104.2454053620127 next_radius=3104.2454053620127 lambda=6.2515436400922527e-05 next_lambda=6.2515436400922527e-05 rho=0.99616743352464465 accept=1
CLASSICAL_LM o=91 lambda=6.2515436400922527e-05 tau=6.2515436400922527e-05 prediction=2.2318649419516099 rho=0.99616743352464465 accept=1
  MFCG it  92 cost=2.540056e+05 lam=6.252e-05 tau=0.00e+00 cg_it=1 shift=0 ckpt=2 alpha=0 acc mv=441
PCG_PREP o=92 rebuild=1 drift=0 previous_depth=2
ATTR_RADIUS o=92 raw_norm=185.23660955299127 norm=185.23660955299127 radius=3104.2454053620127 next_radius=3104.2454053620127 lambda=6.2515436400922527e-05 next_lambda=6.2515436400922527e-05 rho=0.99491372635229447 accept=1
CLASSICAL_LM o=92 lambda=6.2515436400922527e-05 tau=6.2515436400922527e-05 prediction=2.1548652116475511 rho=0.99491372635229447 accept=1
  MFCG: converged (OCA_FTOL: 8 outers < 1.0e-05 rel)
  [menu-backtrack] confirming stop with original retry policy at outer 93
  MFCG it  93 cost=2.540035e+05 lam=6.252e-05 tau=0.00e+00 cg_it=0 shift=0 ckpt=1 alpha=0 acc mv=443
PCG_PREP o=93 rebuild=1 drift=0 previous_depth=1
ATTR_RADIUS o=93 raw_norm=185.53438574874932 norm=185.53438574874932 radius=3104.2454053620127 next_radius=3104.2454053620127 lambda=6.2515436400922527e-05 next_lambda=6.2515436400922527e-05 rho=0.9970091157712393 accept=1
CLASSICAL_LM o=93 lambda=6.2515436400922527e-05 tau=6.2515436400922527e-05 prediction=2.1748702742832697 rho=0.9970091157712393 accept=1
  MFCG it  94 cost=2.540013e+05 lam=6.252e-05 tau=0.00e+00 cg_it=3 shift=0 ckpt=4 alpha=0 acc mv=448
PCG_PREP o=94 rebuild=1 drift=0 previous_depth=4
ATTR_RADIUS o=94 raw_norm=183.49497410018625 norm=183.49497410018625 radius=3104.2454053620127 next_radius=3104.2454053620127 lambda=6.2515436400922527e-05 next_lambda=6.2515436400922527e-05 rho=0.99577651470901341 accept=1
CLASSICAL_LM o=94 lambda=6.2515436400922527e-05 tau=6.2515436400922527e-05 prediction=2.1181614187427433 rho=0.99577651470901341 accept=1
  MFCG it  95 cost=2.539992e+05 lam=6.252e-05 tau=0.00e+00 cg_it=1 shift=0 ckpt=2 alpha=0 acc mv=451
PCG_PREP o=95 rebuild=1 drift=0 previous_depth=2
ATTR_RADIUS o=95 raw_norm=180.91244432315005 norm=180.91244432315005 radius=3104.2454053620127 next_radius=3104.2454053620127 lambda=6.2515436400922527e-05 next_lambda=6.2515436400922527e-05 rho=0.99490268779944457 accept=1
CLASSICAL_LM o=95 lambda=6.2515436400922527e-05 tau=6.2515436400922527e-05 prediction=2.0548469785396333 rho=0.99490268779944457 accept=1
  MFCG it  96 cost=2.539971e+05 lam=6.252e-05 tau=0.00e+00 cg_it=0 shift=0 ckpt=1 alpha=0 acc mv=453
PCG_PREP o=96 rebuild=1 drift=0 previous_depth=1
ATTR_RADIUS o=96 raw_norm=180.82182638366277 norm=180.82182638366277 radius=3104.2454053620127 next_radius=3104.2454053620127 lambda=6.2515436400922527e-05 next_lambda=6.2515436400922527e-05 rho=0.99598597817612267 accept=1
CLASSICAL_LM o=96 lambda=6.2515436400922527e-05 tau=6.2515436400922527e-05 prediction=2.0562964353696094 rho=0.99598597817612267 accept=1
  MFCG it  97 cost=2.539951e+05 lam=6.252e-05 tau=0.00e+00 cg_it=1 shift=0 ckpt=2 alpha=0 acc mv=456
PCG_PREP o=97 rebuild=1 drift=0 previous_depth=2
ATTR_RADIUS o=97 raw_norm=178.15701196979705 norm=178.15701196979708 radius=3104.2454053620127 next_radius=3104.2454053620127 lambda=6.2515436400922527e-05 next_lambda=6.2515436400922527e-05 rho=0.99494559363850521 accept=1
CLASSICAL_LM o=97 lambda=6.2515436400922527e-05 tau=6.2515436400922527e-05 prediction=1.9922084635237551 rho=0.99494559363850521 accept=1
  MFCG it  98 cost=2.539931e+05 lam=6.252e-05 tau=0.00e+00 cg_it=0 shift=0 ckpt=1 alpha=0 acc mv=458
PCG_PREP o=98 rebuild=1 drift=0 previous_depth=1
ATTR_RADIUS o=98 raw_norm=176.98190934030265 norm=176.98190934030268 radius=3104.2454053620127 next_radius=3104.2454053620127 lambda=6.2515436400922527e-05 next_lambda=6.2515436400922527e-05 rho=0.99492415308823645 accept=1
CLASSICAL_LM o=98 lambda=6.2515436400922527e-05 tau=6.2515436400922527e-05 prediction=1.965227163429915 rho=0.99492415308823645 accept=1
  MFCG it  99 cost=2.539912e+05 lam=6.252e-05 tau=0.00e+00 cg_it=0 shift=0 ckpt=1 alpha=0 acc mv=460
PCG_PREP o=99 rebuild=1 drift=0 previous_depth=1
ATTR_RADIUS o=99 raw_norm=175.82828470033755 norm=175.82828470033758 radius=3104.2454053620127 next_radius=3104.2454053620127 lambda=6.2515436400922527e-05 next_lambda=6.2515436400922527e-05 rho=0.99494637940328245 accept=1
CLASSICAL_LM o=99 lambda=6.2515436400922527e-05 tau=6.2515436400922527e-05 prediction=1.9394504297573159 rho=0.99494637940328245 accept=1
  MFCG it 100 cost=2.539892e+05 lam=6.252e-05 tau=0.00e+00 cg_it=0 shift=0 ckpt=1 alpha=0 acc mv=462
PCG_PREP o=100 rebuild=1 drift=0 previous_depth=1
ATTR_RADIUS o=100 raw_norm=176.14789325701486 norm=176.14789325701486 radius=3104.2454053620127 next_radius=3104.2454053620127 lambda=6.2515436400922527e-05 next_lambda=6.2515436400922527e-05 rho=0.99590599915776634 accept=1
CLASSICAL_LM o=100 lambda=6.2515436400922527e-05 tau=6.2515436400922527e-05 prediction=1.9644884319583071 rho=0.99590599915776634 accept=1
  MFCG: converged (OCA_FTOL: 8 outers < 1.0e-05 rel)
  MFCG: accepts=101 rejects=5 total_matvecs=469 negcurv=1 cand_evals=106 mean_cg_per_outer=4.6
NUMERIC_REPAIR summary rebuilds=1 floor=6.2515436400922527e-05
  [retry-cache] builds=107 reuses=0
  [menu-backtrack] trials=10 rescues=10 evals=27 total_scored=133
POINT_SAFE summary calls=10 evals=10 wins=4 frozen=2595 seconds=0.0240788
  [scoring] menu_evals=106 alpha_evals=0 backtrack_evals=27 total_scored=133
RESULT algo=mfree_shifted_cg iters=101 final_cost=253987.2682408630 solve_seconds=1.225134
DIAGNOSTICS median_reproj_err_px 3.252455 -> 0.370244 | cheirality_violations(obs) 0 -> 16 | cheirality_violations(pts, of 64053) 0 -> 8
