  [menu-backtrack] active=1 max_evals=8 warmup_accepts=3 confirm_stop=original armijo=1e-4
MIXED_STORAGE fragments=fp32 arithmetic=fp64 state=fp64 acceptance=fp64
STCG_CONFIG metric=actual_pcg_factor bootstrap=first_forcing_step floor=disabled variable_metric_radius=1
  [compact-fragments] active=2 saved_bytes=36105992 storage=fp32 camera_reads=contiguous
  MFCG score_init=11152062.772762472 precision=fp64
PCG_PREP o=0 rebuild=1 drift=0 previous_depth=0
ATTR_RADIUS o=0 raw_norm=3914.1141976181348 norm=3914.1141976181348 radius=3914.1141976181348 next_radius=7828.2283952362695 lambda=0.10000000000000001 next_lambda=0.025000000000000001 rho=0.99997438839510666 accept=1
STCG o=0 retry=0 reason=0 depth=1 cap=128 next_iterate_norm=nan norm=3914.1141976181348 radius=3914.1141976181348 accept=1 metric_seconds=5.709e-05 grams=2
CLASSICAL_LM o=0 lambda=0.10000000000000001 tau=0.10000000000000001 prediction=8877594.9877400436 rho=0.99997438839510666 accept=1
  MFCG it   1 cost=2.274695e+06 lam=2.500e-02 tau=0.00e+00 cg_it=0 shift=0 ckpt=1 alpha=0 acc mv=2
PCG_PREP o=1 rebuild=1 drift=0 previous_depth=1
ATTR_RADIUS o=1 raw_norm=1458.311082451268 norm=1458.311082451268 radius=7828.2283952362695 next_radius=7828.2283952362695 lambda=0.025000000000000001 next_lambda=0.0025000000000000005 rho=0.99701845569054603 accept=1
STCG o=1 retry=0 reason=0 depth=5 cap=128 next_iterate_norm=1458.311082451268 norm=1458.311082451268 radius=7828.2283952362695 accept=1 metric_seconds=0.00018356 grams=9
CLASSICAL_LM o=1 lambda=0.025000000000000001 tau=0.025000000000000001 prediction=770789.73816058575 rho=0.99701845569054603 accept=1
  MFCG it   2 cost=1.506204e+06 lam=2.500e-03 tau=0.00e+00 cg_it=4 shift=0 ckpt=5 alpha=0 acc mv=8
PCG_PREP o=2 rebuild=1 drift=0 previous_depth=5
ATTR_RADIUS o=2 raw_norm=1370.5283623178805 norm=1370.5283623178805 radius=7828.2283952362695 next_radius=7828.2283952362695 lambda=0.0025000000000000005 next_lambda=0.00025000000000000006 rho=0.99709034748464287 accept=1
STCG o=2 retry=0 reason=0 depth=7 cap=128 next_iterate_norm=1370.5283623178805 norm=1370.5283623178805 radius=7828.2283952362695 accept=1 metric_seconds=0.000345831 grams=18
CLASSICAL_LM o=2 lambda=0.0025000000000000005 tau=0.0025000000000000005 prediction=472663.07267049205 rho=0.99709034748464287 accept=1
  MFCG it   3 cost=1.034916e+06 lam=2.500e-04 tau=0.00e+00 cg_it=6 shift=0 ckpt=7 alpha=0 acc mv=16
PCG_PREP o=3 rebuild=1 drift=0 previous_depth=7
ATTR_RADIUS o=3 raw_norm=3621.3080713960576 norm=3621.3080713960571 radius=7828.2283952362695 next_radius=7828.2283952362695 lambda=0.00025000000000000006 next_lambda=2.5000000000000008e-05 rho=0.90650476349924414 accept=1
STCG o=3 retry=0 reason=0 depth=12 cap=128 next_iterate_norm=3621.3080713960571 norm=3621.3080713960571 radius=7828.2283952362695 accept=1 metric_seconds=0.00059893 grams=32
CLASSICAL_LM o=3 lambda=0.00025000000000000006 tau=0.00025000000000000006 prediction=525884.5916655747 rho=0.90650476349924414 accept=1
  MFCG it   4 cost=5.581989e+05 lam=2.500e-05 tau=0.00e+00 cg_it=11 shift=0 ckpt=12 alpha=0 acc mv=29
PCG_PREP o=4 rebuild=1 drift=0 previous_depth=12
ATTR_RADIUS o=4 raw_norm=2264.5585159387783 norm=2264.5585159387783 radius=7828.2283952362695 next_radius=1957.0570988090674 lambda=2.5000000000000008e-05 next_lambda=0.00040000000000000013 rho=0.21410681835172102 accept=1
STCG o=4 retry=0 reason=0 depth=6 cap=128 next_iterate_norm=2264.5585159387783 norm=2264.5585159387783 radius=7828.2283952362695 accept=1 metric_seconds=0.0007454 grams=40
CLASSICAL_LM o=4 lambda=2.5000000000000008e-05 tau=2.5000000000000008e-05 prediction=265426.59344490687 rho=0.21410681835172102 accept=1
  MFCG it   5 cost=5.013692e+05 lam=4.000e-04 tau=0.00e+00 cg_it=5 shift=0 ckpt=6 alpha=0 acc mv=36
PCG_PREP o=5 rebuild=1 drift=0 previous_depth=6
POINT_SAFE o=5 frozen=6 slope=-393444.34545796254 candidate=317068.84350487986 original=355296.5110149933 current=501369.24187836814 won=1 mode=1 camera_scale=1 keep_scale=0
ATTR_RADIUS o=5 raw_norm=228.65040638564477 norm=228.65040638564477 radius=1957.0570988090674 next_radius=1957.0570988090674 lambda=0.00040000000000000013 next_lambda=4.0000000000000017e-05 rho=0.88130502408732636 accept=1
STCG o=5 retry=0 reason=0 depth=1 cap=128 next_iterate_norm=228.65040638564477 norm=228.65040638564477 radius=1957.0570988090674 accept=1 metric_seconds=0.000801629 grams=43
CLASSICAL_LM o=5 lambda=0.00040000000000000013 tau=0.00040000000000000013 prediction=209122.14651714775 rho=0.88130502408732636 accept=1
  MFCG it   6 cost=3.170688e+05 lam=4.000e-05 tau=0.00e+00 cg_it=0 shift=0 ckpt=1 alpha=0 acc mv=38
PCG_PREP o=6 rebuild=1 drift=0 previous_depth=1
ATTR_RADIUS o=6 raw_norm=731.50966077212524 norm=731.50966077212524 radius=1957.0570988090674 next_radius=489.26427470226685 lambda=4.0000000000000017e-05 next_lambda=0.00064000000000000027 rho=0.16803611317832351 accept=1
STCG o=6 retry=0 reason=0 depth=8 cap=128 next_iterate_norm=731.50966077212524 norm=731.50966077212524 radius=1957.0570988090674 accept=1 metric_seconds=0.00098281 grams=53
CLASSICAL_LM o=6 lambda=4.0000000000000017e-05 tau=4.0000000000000017e-05 prediction=59787.013232769605 rho=0.16803611317832351 accept=1
  MFCG it   7 cost=3.070225e+05 lam=6.400e-04 tau=0.00e+00 cg_it=7 shift=0 ckpt=8 alpha=0 acc mv=47
PCG_PREP o=7 rebuild=1 drift=0 previous_depth=8
ATTR_RADIUS o=7 raw_norm=140.38759891499049 norm=140.38759891499049 radius=489.26427470226685 next_radius=489.26427470226685 lambda=0.00064000000000000027 next_lambda=6.4000000000000024e-05 rho=0.89677536042568429 accept=1
STCG o=7 retry=0 reason=0 depth=2 cap=128 next_iterate_norm=140.38759891499049 norm=140.38759891499049 radius=489.26427470226685 accept=1 metric_seconds=0.00105583 grams=57
CLASSICAL_LM o=7 lambda=0.00064000000000000027 tau=0.00064000000000000027 prediction=36288.523457096089 rho=0.89677536042568429 accept=1
  MFCG it   8 cost=2.744798e+05 lam=6.400e-05 tau=0.00e+00 cg_it=1 shift=0 ckpt=2 alpha=0 acc mv=50
PCG_PREP o=8 rebuild=1 drift=0 previous_depth=2
ATTR_RADIUS o=8 raw_norm=212.62843877757911 norm=212.62843877757911 radius=489.26427470226685 next_radius=489.26427470226685 lambda=6.4000000000000024e-05 next_lambda=6.4000000000000031e-06 rho=0.65088036375620428 accept=1
STCG o=8 retry=0 reason=0 depth=15 cap=128 next_iterate_norm=212.62843877757913 norm=212.62843877757911 radius=489.26427470226685 accept=1 metric_seconds=0.001367731 grams=74
CLASSICAL_LM o=8 lambda=6.4000000000000024e-05 tau=6.4000000000000024e-05 prediction=8862.7130861021997 rho=0.65088036375620428 accept=1
  MFCG it   9 cost=2.687112e+05 lam=6.400e-06 tau=0.00e+00 cg_it=14 shift=0 ckpt=15 alpha=0 acc mv=66
PCG_PREP o=9 rebuild=1 drift=0 previous_depth=15
POINT_SAFE o=9 frozen=229 slope=-12743.361469981586 candidate=291386.77733558189 original=267162.73473203456 current=268711.24656280194 won=0 mode=1 camera_scale=1 keep_scale=0
ATTR_RADIUS o=9 raw_norm=194.41222344009873 norm=48.603055860024682 radius=489.26427470226685 next_radius=489.26427470226685 lambda=6.4000000000000031e-06 next_lambda=6.4000000000000033e-07 rho=0.51872866367575876 accept=1
STCG o=9 retry=0 reason=0 depth=4 cap=128 next_iterate_norm=194.41222344009859 norm=48.603055860024682 radius=489.26427470226685 accept=1 metric_seconds=0.001479533 grams=80
CLASSICAL_LM o=9 lambda=6.4000000000000031e-06 tau=6.4000000000000031e-06 prediction=2985.2058295650895 rho=0.51872866367575876 accept=1
  MFCG it  10 cost=2.671627e+05 lam=6.400e-07 tau=0.00e+00 cg_it=3 shift=0 ckpt=4 alpha=0 acc mv=71
PCG_PREP o=10 rebuild=1 drift=0 previous_depth=4
POINT_SAFE o=10 frozen=1133 slope=-18588.989503146462 candidate=363776.48406949936 original=266586.3864297276 current=267162.73473203456 won=0 mode=1 camera_scale=1 keep_scale=0
ATTR_RADIUS o=10 raw_norm=236.23835628379811 norm=29.529794535474764 radius=489.26427470226685 next_radius=489.26427470226685 lambda=6.4000000000000033e-07 next_lambda=6.400000000000003e-08 rho=0.26012926230448113 accept=1
STCG o=10 retry=0 reason=0 depth=2 cap=128 next_iterate_norm=236.23835628379803 norm=29.529794535474764 radius=489.26427470226685 accept=1 metric_seconds=0.001555423 grams=84
CLASSICAL_LM o=10 lambda=6.4000000000000033e-07 tau=6.4000000000000033e-07 prediction=2215.6227146500009 rho=0.26012926230448113 accept=1
  MFCG it  11 cost=2.665864e+05 lam=6.400e-08 tau=0.00e+00 cg_it=1 shift=0 ckpt=2 alpha=0 acc mv=74
PCG_PREP o=11 rebuild=1 drift=0 previous_depth=2
POINT_SAFE o=11 frozen=1030 slope=-19501.176912024304 candidate=405235.02966021403 original=266222.48022809729 current=266586.3864297276 won=0 mode=1 camera_scale=1 keep_scale=0
ATTR_RADIUS o=11 raw_norm=251.35924980889473 norm=15.709953113055921 radius=489.26427470226685 next_radius=489.26427470226685 lambda=6.400000000000003e-08 next_lambda=6.4000000000000035e-09 rho=0.30768959854383982 accept=1
STCG o=11 retry=0 reason=0 depth=2 cap=128 next_iterate_norm=251.35924980889513 norm=15.709953113055921 radius=489.26427470226685 accept=1 metric_seconds=0.001629002 grams=88
CLASSICAL_LM o=11 lambda=6.400000000000003e-08 tau=6.400000000000003e-08 prediction=1182.7055687046804 rho=0.30768959854383982 accept=1
  MFCG it  12 cost=2.662225e+05 lam=6.400e-09 tau=0.00e+00 cg_it=1 shift=0 ckpt=2 alpha=0 acc mv=77
PCG_PREP o=12 rebuild=1 drift=0 previous_depth=2
POINT_SAFE o=12 frozen=574 slope=-11862.278576260618 candidate=270262.7792118889 original=265630.81592835276 current=266222.48022809729 won=0 mode=1 camera_scale=1 keep_scale=0
ATTR_RADIUS o=12 raw_norm=100.75680818382584 norm=50.37840409191292 radius=489.26427470226685 next_radius=122.31606867556671 lambda=6.4000000000000035e-09 next_lambda=1.0240000000000006e-07 rho=0.12580924496327045 accept=1
STCG o=12 retry=0 reason=0 depth=1 cap=128 next_iterate_norm=100.75680818382568 norm=50.37840409191292 radius=489.26427470226685 accept=1 metric_seconds=0.001684513 grams=91
CLASSICAL_LM o=12 lambda=6.4000000000000035e-09 tau=6.4000000000000035e-09 prediction=4702.8682186055948 rho=0.12580924496327045 accept=1
  MFCG it  13 cost=2.656308e+05 lam=1.024e-07 tau=0.00e+00 cg_it=0 shift=0 ckpt=1 alpha=0 acc mv=79
PCG_PREP o=13 rebuild=1 drift=0 previous_depth=1
POINT_SAFE o=13 frozen=126 slope=-8597.2803046374629 candidate=268962.81791069329 original=264744.35692015081 current=265630.81592835276 won=0 mode=1 camera_scale=1 keep_scale=0
ATTR_RADIUS o=13 raw_norm=96.553219341153707 norm=48.276609670576804 radius=122.31606867556671 next_radius=122.31606867556671 lambda=1.0240000000000006e-07 next_lambda=1.0240000000000006e-08 rho=0.27474622436859059 accept=1
STCG o=13 retry=0 reason=0 depth=1 cap=128 next_iterate_norm=96.553219341153152 norm=48.276609670576804 radius=122.31606867556671 accept=1 metric_seconds=0.001745203 grams=94
CLASSICAL_LM o=13 lambda=1.0240000000000006e-07 tau=1.0240000000000006e-07 prediction=3226.4647502952112 rho=0.27474622436859059 accept=1
  MFCG it  14 cost=2.647444e+05 lam=1.024e-08 tau=0.00e+00 cg_it=0 shift=0 ckpt=1 alpha=0 acc mv=81
PCG_PREP o=14 rebuild=1 drift=0 previous_depth=1
POINT_SAFE o=14 frozen=31 slope=-7922.7929371929822 candidate=269250.01948339248 original=264392.80719840812 current=264744.35692015081 won=0 mode=1 camera_scale=1 keep_scale=0
ATTR_RADIUS o=14 raw_norm=94.144294960014577 norm=47.072147480007288 radius=122.31606867556671 next_radius=30.579017168891678 lambda=1.0240000000000006e-08 next_lambda=1.638400000000001e-07 rho=0.11827393366642325 accept=1
STCG o=14 retry=0 reason=0 depth=1 cap=128 next_iterate_norm=94.144294960014477 norm=47.072147480007288 radius=122.31606867556671 accept=1 metric_seconds=0.001799473 grams=97
CLASSICAL_LM o=14 lambda=1.0240000000000006e-08 tau=1.0240000000000006e-08 prediction=2972.33473889683 rho=0.11827393366642325 accept=1
  MFCG it  15 cost=2.643928e+05 lam=1.638e-07 tau=0.00e+00 cg_it=0 shift=0 ckpt=1 alpha=0 acc mv=83
PCG_PREP o=15 rebuild=1 drift=0 previous_depth=1
ATTR_RADIUS o=15 raw_norm=30.579017168891724 norm=30.579017168891724 radius=30.579017168891678 next_radius=30.579017168891678 lambda=1.638400000000001e-07 next_lambda=1.638400000000001e-07 rho=0.58325499805099201 accept=1
STCG o=15 retry=0 reason=1 depth=1 cap=128 next_iterate_norm=92.678359770519933 norm=30.579017168891724 radius=30.579017168891678 accept=1 metric_seconds=0.001855863 grams=100
CLASSICAL_LM o=15 lambda=1.638400000000001e-07 tau=1.638400000000001e-07 prediction=2631.6592818917384 rho=0.58325499805099201 accept=1
  MFCG it  16 cost=2.628579e+05 lam=1.638e-07 tau=0.00e+00 cg_it=0 shift=0 ckpt=1 alpha=0 acc mv=84
PCG_PREP o=16 rebuild=1 drift=0 previous_depth=1
ATTR_RADIUS o=16 raw_norm=30.579017168891486 norm=30.579017168891159 radius=30.579017168891678 next_radius=30.579017168891678 lambda=1.638400000000001e-07 next_lambda=1.638400000000001e-07 rho=0.26407438808813044 accept=1
STCG o=16 retry=0 reason=1 depth=1 cap=128 next_iterate_norm=86.555852612196432 norm=30.579017168891159 radius=30.579017168891678 accept=1 metric_seconds=0.001911374 grams=103
CLASSICAL_LM o=16 lambda=1.638400000000001e-07 tau=1.638400000000001e-07 prediction=1610.1572931691978 rho=0.26407438808813044 accept=1
  MFCG it  17 cost=2.624327e+05 lam=1.638e-07 tau=0.00e+00 cg_it=0 shift=0 ckpt=1 alpha=0 acc mv=85
PCG_PREP o=17 rebuild=1 drift=0 previous_depth=1
ATTR_RADIUS o=17 raw_norm=30.579017168891628 norm=30.579017168891628 radius=30.579017168891678 next_radius=7.6447542922229195 lambda=1.638400000000001e-07 next_lambda=2.6214400000000015e-06 rho=0.15729044255478639 accept=1
STCG o=17 retry=0 reason=1 depth=1 cap=128 next_iterate_norm=82.550794846574234 norm=30.579017168891628 radius=30.579017168891678 accept=1 metric_seconds=0.001966394 grams=106
CLASSICAL_LM o=17 lambda=1.638400000000001e-07 tau=1.638400000000001e-07 prediction=1553.4326510079495 rho=0.15729044255478639 accept=1
  MFCG it  18 cost=2.621883e+05 lam=2.621e-06 tau=0.00e+00 cg_it=0 shift=0 ckpt=1 alpha=0 acc mv=86
PCG_PREP o=18 rebuild=1 drift=0 previous_depth=1
ATTR_RADIUS o=18 raw_norm=7.6447542922229319 norm=7.6447542922229266 radius=7.6447542922229195 next_radius=15.289508584445839 lambda=2.6214400000000015e-06 next_lambda=6.5536000000000038e-07 rho=0.90697459876541342 accept=1
STCG o=18 retry=0 reason=1 depth=1 cap=128 next_iterate_norm=73.490499711336795 norm=7.6447542922229266 radius=7.6447542922229195 accept=1 metric_seconds=0.002022654 grams=109
CLASSICAL_LM o=18 lambda=2.6214400000000015e-06 tau=2.6214400000000015e-06 prediction=501.46640003336029 rho=0.90697459876541342 accept=1
  MFCG it  19 cost=2.617335e+05 lam=6.554e-07 tau=0.00e+00 cg_it=0 shift=0 ckpt=1 alpha=0 acc mv=87
PCG_PREP o=19 rebuild=1 drift=0 previous_depth=1
ATTR_RADIUS o=19 raw_norm=15.289508584445892 norm=15.28950858444572 radius=15.289508584445839 next_radius=15.289508584445839 lambda=6.5536000000000038e-07 next_lambda=6.5536000000000038e-07 rho=0.54798608599573817 accept=1
STCG o=19 retry=0 reason=1 depth=1 cap=128 next_iterate_norm=72.669656728427739 norm=15.28950858444572 radius=15.289508584445839 accept=1 metric_seconds=0.002077065 grams=112
CLASSICAL_LM o=19 lambda=6.5536000000000038e-07 tau=6.5536000000000038e-07 prediction=740.90605678411828 rho=0.54798608599573817 accept=1
  MFCG it  20 cost=2.613275e+05 lam=6.554e-07 tau=0.00e+00 cg_it=0 shift=0 ckpt=1 alpha=0 acc mv=88
PCG_PREP o=20 rebuild=1 drift=0 previous_depth=1
ATTR_RADIUS o=20 raw_norm=15.289508584445711 norm=15.289508584445711 radius=15.289508584445839 next_radius=15.289508584445839 lambda=6.5536000000000038e-07 next_lambda=6.5536000000000038e-07 rho=0.4799430942015438 accept=1
STCG o=20 retry=0 reason=1 depth=1 cap=128 next_iterate_norm=66.930800091846535 norm=15.289508584445711 radius=15.289508584445839 accept=1 metric_seconds=0.002132275 grams=115
CLASSICAL_LM o=20 lambda=6.5536000000000038e-07 tau=6.5536000000000038e-07 prediction=673.25257688443241 rho=0.4799430942015438 accept=1
  MFCG it  21 cost=2.610044e+05 lam=6.554e-07 tau=0.00e+00 cg_it=0 shift=0 ckpt=1 alpha=0 acc mv=89
PCG_PREP o=21 rebuild=1 drift=0 previous_depth=1
ATTR_RADIUS o=21 raw_norm=15.289508584445707 norm=15.289508584445707 radius=15.289508584445839 next_radius=15.289508584445839 lambda=6.5536000000000038e-07 next_lambda=6.5536000000000038e-07 rho=0.41282092982975721 accept=1
STCG o=21 retry=0 reason=1 depth=1 cap=128 next_iterate_norm=62.193904076525286 norm=15.289508584445707 radius=15.289508584445839 accept=1 metric_seconds=0.002187465 grams=118
CLASSICAL_LM o=21 lambda=6.5536000000000038e-07 tau=6.5536000000000038e-07 prediction=617.59239393363214 rho=0.41282092982975721 accept=1
  MFCG it  22 cost=2.607494e+05 lam=6.554e-07 tau=0.00e+00 cg_it=0 shift=0 ckpt=1 alpha=0 acc mv=90
PCG_PREP o=22 rebuild=1 drift=0 previous_depth=1
ATTR_RADIUS o=22 raw_norm=15.289508584445661 norm=15.289508584445661 radius=15.289508584445839 next_radius=15.289508584445839 lambda=6.5536000000000038e-07 next_lambda=6.5536000000000038e-07 rho=0.35427567479170791 accept=1
STCG o=22 retry=0 reason=1 depth=1 cap=128 next_iterate_norm=58.319806429455319 norm=15.289508584445661 radius=15.289508584445839 accept=1 metric_seconds=0.002242475 grams=121
CLASSICAL_LM o=22 lambda=6.5536000000000038e-07 tau=6.5536000000000038e-07 prediction=576.09482447778771 rho=0.35427567479170791 accept=1
  MFCG it  23 cost=2.605453e+05 lam=6.554e-07 tau=0.00e+00 cg_it=0 shift=0 ckpt=1 alpha=0 acc mv=91
PCG_PREP o=23 rebuild=1 drift=0 previous_depth=1
ATTR_RADIUS o=23 raw_norm=15.289508584445995 norm=15.289508584446319 radius=15.289508584445839 next_radius=15.289508584445839 lambda=6.5536000000000038e-07 next_lambda=6.5536000000000038e-07 rho=0.30931517254663099 accept=1
STCG o=23 retry=0 reason=1 depth=1 cap=128 next_iterate_norm=55.155682291202723 norm=15.289508584446319 radius=15.289508584445839 accept=1 metric_seconds=0.002297905 grams=124
CLASSICAL_LM o=23 lambda=6.5536000000000038e-07 tau=6.5536000000000038e-07 prediction=545.48456607824005 rho=0.30931517254663099 accept=1
  MFCG it  24 cost=2.603766e+05 lam=6.554e-07 tau=0.00e+00 cg_it=0 shift=0 ckpt=1 alpha=0 acc mv=92
PCG_PREP o=24 rebuild=1 drift=0 previous_depth=1
ATTR_RADIUS o=24 raw_norm=15.28950858444553 norm=15.289508584445505 radius=15.289508584445839 next_radius=15.289508584445839 lambda=6.5536000000000038e-07 next_lambda=6.5536000000000038e-07 rho=0.27941404985907514 accept=1
STCG o=24 retry=0 reason=1 depth=1 cap=128 next_iterate_norm=52.537181829533772 norm=15.289508584445505 radius=15.289508584445839 accept=1 metric_seconds=0.002353465 grams=127
CLASSICAL_LM o=24 lambda=6.5536000000000038e-07 tau=6.5536000000000038e-07 prediction=522.01637542876517 rho=0.27941404985907514 accept=1
  MFCG it  25 cost=2.602308e+05 lam=6.554e-07 tau=0.00e+00 cg_it=0 shift=0 ckpt=1 alpha=0 acc mv=93
PCG_PREP o=25 rebuild=1 drift=0 previous_depth=1
ATTR_RADIUS o=25 raw_norm=15.289508584445771 norm=15.289508584445771 radius=15.289508584445839 next_radius=15.289508584445839 lambda=6.5536000000000038e-07 next_lambda=6.5536000000000038e-07 rho=0.26275757697315127 accept=1
STCG o=25 retry=0 reason=1 depth=1 cap=128 next_iterate_norm=50.300856615262134 norm=15.289508584445771 radius=15.289508584445839 accept=1 metric_seconds=0.002409206 grams=130
CLASSICAL_LM o=25 lambda=6.5536000000000038e-07 tau=6.5536000000000038e-07 prediction=502.3777502197994 rho=0.26275757697315127 accept=1
  MFCG it  26 cost=2.600988e+05 lam=6.554e-07 tau=0.00e+00 cg_it=0 shift=0 ckpt=1 alpha=0 acc mv=94
PCG_PREP o=26 rebuild=1 drift=0 previous_depth=1
ATTR_RADIUS o=26 raw_norm=15.289508584445551 norm=15.289508584445551 radius=15.289508584445839 next_radius=15.289508584445839 lambda=6.5536000000000038e-07 next_lambda=6.5536000000000038e-07 rho=0.25600152515166158 accept=1
STCG o=26 retry=0 reason=1 depth=1 cap=128 next_iterate_norm=48.301750126112282 norm=15.289508584445551 radius=15.289508584445839 accept=1 metric_seconds=0.002465536 grams=133
CLASSICAL_LM o=26 lambda=6.5536000000000038e-07 tau=6.5536000000000038e-07 prediction=484.16912548931811 rho=0.25600152515166158 accept=1
  MFCG it  27 cost=2.599748e+05 lam=6.554e-07 tau=0.00e+00 cg_it=0 shift=0 ckpt=1 alpha=0 acc mv=95
PCG_PREP o=27 rebuild=1 drift=0 previous_depth=1
ATTR_RADIUS o=27 raw_norm=15.289508584445812 norm=15.289508584445812 radius=15.289508584445839 next_radius=15.289508584445839 lambda=6.5536000000000038e-07 next_lambda=6.5536000000000038e-07 rho=0.25580880355331831 accept=1
STCG o=27 retry=0 reason=1 depth=1 cap=128 next_iterate_norm=46.428229249559521 norm=15.289508584445812 radius=15.289508584445839 accept=1 metric_seconds=0.002520476 grams=136
CLASSICAL_LM o=27 lambda=6.5536000000000038e-07 tau=6.5536000000000038e-07 prediction=465.92582230641358 rho=0.25580880355331831 accept=1
  MFCG it  28 cost=2.598556e+05 lam=6.554e-07 tau=0.00e+00 cg_it=0 shift=0 ckpt=1 alpha=0 acc mv=96
PCG_PREP o=28 rebuild=1 drift=0 previous_depth=1
ATTR_RADIUS o=28 raw_norm=15.289508584445919 norm=15.289508584445919 radius=15.289508584445839 next_radius=15.289508584445839 lambda=6.5536000000000038e-07 next_lambda=6.5536000000000038e-07 rho=0.25953014271628938 accept=1
STCG o=28 retry=0 reason=1 depth=1 cap=128 next_iterate_norm=44.606065426734524 norm=15.289508584445919 radius=15.289508584445839 accept=1 metric_seconds=0.002574875 grams=139
CLASSICAL_LM o=28 lambda=6.5536000000000038e-07 tau=6.5536000000000038e-07 prediction=446.91015440167382 rho=0.25953014271628938 accept=1
  MFCG it  29 cost=2.597396e+05 lam=6.554e-07 tau=0.00e+00 cg_it=0 shift=0 ckpt=1 alpha=0 acc mv=97
PCG_PREP o=29 rebuild=1 drift=0 previous_depth=1
ATTR_RADIUS o=29 raw_norm=15.289508584446089 norm=15.289508584446429 radius=15.289508584445839 next_radius=15.289508584445839 lambda=6.5536000000000038e-07 next_lambda=6.5536000000000038e-07 rho=0.2652980216162395 accept=1
STCG o=29 retry=0 reason=1 depth=1 cap=128 next_iterate_norm=42.793933937418245 norm=15.289508584446429 radius=15.289508584445839 accept=1 metric_seconds=0.002629065 grams=142
CLASSICAL_LM o=29 lambda=6.5536000000000038e-07 tau=6.5536000000000038e-07 prediction=426.87623004928594 rho=0.2652980216162395 accept=1
  MFCG it  30 cost=2.596264e+05 lam=6.554e-07 tau=0.00e+00 cg_it=0 shift=0 ckpt=1 alpha=0 acc mv=98
PCG_PREP o=30 rebuild=1 drift=0 previous_depth=1
ATTR_RADIUS o=30 raw_norm=15.28950858444588 norm=15.28950858444588 radius=15.289508584445839 next_radius=15.289508584445839 lambda=6.5536000000000038e-07 next_lambda=6.5536000000000038e-07 rho=0.27189196442917501 accept=1
STCG o=30 retry=0 reason=1 depth=1 cap=128 next_iterate_norm=40.975128333948454 norm=15.28950858444588 radius=15.289508584445839 accept=1 metric_seconds=0.002683795 grams=145
CLASSICAL_LM o=30 lambda=6.5536000000000038e-07 tau=6.5536000000000038e-07 prediction=405.88456712885392 rho=0.27189196442917501 accept=1
  MFCG it  31 cost=2.595160e+05 lam=6.554e-07 tau=0.00e+00 cg_it=0 shift=0 ckpt=1 alpha=0 acc mv=99
PCG_PREP o=31 rebuild=1 drift=0 previous_depth=1
ATTR_RADIUS o=31 raw_norm=15.289508584445702 norm=15.289508584445702 radius=15.289508584445839 next_radius=15.289508584445839 lambda=6.5536000000000038e-07 next_lambda=6.5536000000000038e-07 rho=0.27859676170161152 accept=1
STCG o=31 retry=0 reason=1 depth=1 cap=128 next_iterate_norm=39.149776636148054 norm=15.289508584445702 radius=15.289508584445839 accept=1 metric_seconds=0.002738365 grams=148
CLASSICAL_LM o=31 lambda=6.5536000000000038e-07 tau=6.5536000000000038e-07 prediction=384.17250325267594 rho=0.27859676170161152 accept=1
  MFCG it  32 cost=2.594090e+05 lam=6.554e-07 tau=0.00e+00 cg_it=0 shift=0 ckpt=1 alpha=0 acc mv=100
PCG_PREP o=32 rebuild=1 drift=0 previous_depth=1
ATTR_RADIUS o=32 raw_norm=15.289508584445505 norm=15.289508584445933 radius=15.289508584445839 next_radius=15.289508584445839 lambda=6.5536000000000038e-07 next_lambda=6.5536000000000038e-07 rho=0.28506054422102817 accept=1
STCG o=32 retry=0 reason=1 depth=1 cap=128 next_iterate_norm=37.327792410208829 norm=15.289508584445933 radius=15.289508584445839 accept=1 metric_seconds=0.002792975 grams=151
CLASSICAL_LM o=32 lambda=6.5536000000000038e-07 tau=6.5536000000000038e-07 prediction=362.06150912784528 rho=0.28506054422102817 accept=1
  MFCG it  33 cost=2.593058e+05 lam=6.554e-07 tau=0.00e+00 cg_it=0 shift=0 ckpt=1 alpha=0 acc mv=101
PCG_PREP o=33 rebuild=1 drift=0 previous_depth=1
ATTR_RADIUS o=33 raw_norm=15.289508584445741 norm=15.289508584445741 radius=15.289508584445839 next_radius=15.289508584445839 lambda=6.5536000000000038e-07 next_lambda=6.5536000000000038e-07 rho=0.29121034322148759 accept=1
STCG o=33 retry=0 reason=1 depth=1 cap=128 next_iterate_norm=35.523782525877508 norm=15.289508584445741 radius=15.289508584445839 accept=1 metric_seconds=0.002848245 grams=154
CLASSICAL_LM o=33 lambda=6.5536000000000038e-07 tau=6.5536000000000038e-07 prediction=339.89333177939506 rho=0.29121034322148759 accept=1
  MFCG it  34 cost=2.592068e+05 lam=6.554e-07 tau=0.00e+00 cg_it=0 shift=0 ckpt=1 alpha=0 acc mv=102
PCG_PREP o=34 rebuild=1 drift=0 previous_depth=1
ATTR_RADIUS o=34 raw_norm=15.289508584445571 norm=15.289508584445597 radius=15.289508584445839 next_radius=15.289508584445839 lambda=6.5536000000000038e-07 next_lambda=6.5536000000000038e-07 rho=0.29714549967647025 accept=1
STCG o=34 retry=0 reason=1 depth=1 cap=128 next_iterate_norm=33.752729280388522 norm=15.289508584445597 radius=15.289508584445839 accept=1 metric_seconds=0.002902775 grams=157
CLASSICAL_LM o=34 lambda=6.5536000000000038e-07 tau=6.5536000000000038e-07 prediction=317.98203150495561 rho=0.29714549967647025 accept=1
  MFCG it  35 cost=2.591123e+05 lam=6.554e-07 tau=0.00e+00 cg_it=0 shift=0 ckpt=1 alpha=0 acc mv=103
PCG_PREP o=35 rebuild=1 drift=0 previous_depth=1
ATTR_RADIUS o=35 raw_norm=15.289508584445748 norm=15.289508584445773 radius=15.289508584445839 next_radius=15.289508584445839 lambda=6.5536000000000038e-07 next_lambda=6.5536000000000038e-07 rho=0.30307546205410707 accept=1
STCG o=35 retry=0 reason=1 depth=1 cap=128 next_iterate_norm=32.027494739578145 norm=15.289508584445773 radius=15.289508584445839 accept=1 metric_seconds=0.002958025 grams=160
CLASSICAL_LM o=35 lambda=6.5536000000000038e-07 tau=6.5536000000000038e-07 prediction=296.58631102200866 rho=0.30307546205410707 accept=1
  MFCG it  36 cost=2.590224e+05 lam=6.554e-07 tau=0.00e+00 cg_it=0 shift=0 ckpt=1 alpha=0 acc mv=104
PCG_PREP o=36 rebuild=1 drift=0 previous_depth=1
ATTR_RADIUS o=36 raw_norm=15.289508584446089 norm=15.289508584446089 radius=15.289508584445839 next_radius=15.289508584445839 lambda=6.5536000000000038e-07 next_lambda=6.5536000000000038e-07 rho=0.30924808498686562 accept=1
STCG o=36 retry=0 reason=1 depth=1 cap=128 next_iterate_norm=30.357170830821332 norm=15.289508584446089 radius=15.289508584445839 accept=1 metric_seconds=0.003013115 grams=163
CLASSICAL_LM o=36 lambda=6.5536000000000038e-07 tau=6.5536000000000038e-07 prediction=275.89379236174011 rho=0.30924808498686562 accept=1
  MFCG it  37 cost=2.589371e+05 lam=6.554e-07 tau=0.00e+00 cg_it=0 shift=0 ckpt=1 alpha=0 acc mv=105
PCG_PREP o=37 rebuild=1 drift=0 previous_depth=1
ATTR_RADIUS o=37 raw_norm=15.289508584445516 norm=15.289508584445516 radius=15.289508584445839 next_radius=15.289508584445839 lambda=6.5536000000000038e-07 next_lambda=6.5536000000000038e-07 rho=0.3158850834005888 accept=1
STCG o=37 retry=0 reason=1 depth=1 cap=128 next_iterate_norm=28.746605134532537 norm=15.289508584445516 radius=15.289508584445839 accept=1 metric_seconds=0.003069315 grams=166
CLASSICAL_LM o=37 lambda=6.5536000000000038e-07 tau=6.5536000000000038e-07 prediction=256.0201352075506 rho=0.3158850834005888 accept=1
  MFCG it  38 cost=2.588562e+05 lam=6.554e-07 tau=0.00e+00 cg_it=0 shift=0 ckpt=1 alpha=0 acc mv=106
PCG_PREP o=38 rebuild=1 drift=0 previous_depth=1
ATTR_RADIUS o=38 raw_norm=15.289508584445979 norm=15.289508584445954 radius=15.289508584445839 next_radius=15.289508584445839 lambda=6.5536000000000038e-07 next_lambda=6.5536000000000038e-07 rho=0.32319004131306156 accept=1
STCG o=38 retry=0 reason=1 depth=1 cap=128 next_iterate_norm=27.197030503192249 norm=15.289508584445954 radius=15.289508584445839 accept=1 metric_seconds=0.003123935 grams=169
CLASSICAL_LM o=38 lambda=6.5536000000000038e-07 tau=6.5536000000000038e-07 prediction=237.02025047736737 rho=0.32319004131306156 accept=1
  MFCG it  39 cost=2.587796e+05 lam=6.554e-07 tau=0.00e+00 cg_it=0 shift=0 ckpt=1 alpha=0 acc mv=107
PCG_PREP o=39 rebuild=1 drift=0 previous_depth=1
ATTR_RADIUS o=39 raw_norm=15.28950858444561 norm=15.28950858444561 radius=15.289508584445839 next_radius=15.289508584445839 lambda=6.5536000000000038e-07 next_lambda=6.5536000000000038e-07 rho=0.33130477951657866 accept=1
STCG o=39 retry=0 reason=1 depth=1 cap=128 next_iterate_norm=25.706659821686632 norm=15.28950858444561 radius=15.289508584445839 accept=1 metric_seconds=0.003178605 grams=172
CLASSICAL_LM o=39 lambda=6.5536000000000038e-07 tau=6.5536000000000038e-07 prediction=218.89899792125948 rho=0.33130477951657866 accept=1
  MFCG it  40 cost=2.587071e+05 lam=6.554e-07 tau=0.00e+00 cg_it=0 shift=0 ckpt=1 alpha=0 acc mv=108
PCG_PREP o=40 rebuild=1 drift=0 previous_depth=1
ATTR_RADIUS o=40 raw_norm=15.289508584446104 norm=15.289508584446104 radius=15.289508584445839 next_radius=15.289508584445839 lambda=6.5536000000000038e-07 next_lambda=6.5536000000000038e-07 rho=0.34031057796620168 accept=1
STCG o=40 retry=0 reason=1 depth=1 cap=128 next_iterate_norm=24.271856856229036 norm=15.289508584446104 radius=15.289508584445839 accept=1 metric_seconds=0.003235005 grams=175
CLASSICAL_LM o=40 lambda=6.5536000000000038e-07 tau=6.5536000000000038e-07 prediction=201.63024993824922 rho=0.34031057796620168 accept=1
  MFCG it  41 cost=2.586385e+05 lam=6.554e-07 tau=0.00e+00 cg_it=0 shift=0 ckpt=1 alpha=0 acc mv=109
PCG_PREP o=41 rebuild=1 drift=0 previous_depth=1
ATTR_RADIUS o=41 raw_norm=15.28950858444572 norm=15.28950858444572 radius=15.289508584445839 next_radius=15.289508584445839 lambda=6.5536000000000038e-07 next_lambda=6.5536000000000038e-07 rho=0.35031299031240914 accept=1
STCG o=41 retry=0 reason=1 depth=1 cap=128 next_iterate_norm=22.888355894167905 norm=15.28950858444572 radius=15.289508584445839 accept=1 metric_seconds=0.003288965 grams=178
CLASSICAL_LM o=41 lambda=6.5536000000000038e-07 tau=6.5536000000000038e-07 prediction=185.17373095771026 rho=0.35031299031240914 accept=1
  MFCG it  42 cost=2.585736e+05 lam=6.554e-07 tau=0.00e+00 cg_it=0 shift=0 ckpt=1 alpha=0 acc mv=110
PCG_PREP o=42 rebuild=1 drift=0 previous_depth=1
ATTR_RADIUS o=42 raw_norm=15.28950858444586 norm=15.289508584446196 radius=15.289508584445839 next_radius=15.289508584445839 lambda=6.5536000000000038e-07 next_lambda=6.5536000000000038e-07 rho=0.36136095939555074 accept=1
STCG o=42 retry=0 reason=1 depth=1 cap=128 next_iterate_norm=21.551500201734733 norm=15.289508584446196 radius=15.289508584445839 accept=1 metric_seconds=0.003342806 grams=181
CLASSICAL_LM o=42 lambda=6.5536000000000038e-07 tau=6.5536000000000038e-07 prediction=169.47814655468 rho=0.36136095939555074 accept=1
  MFCG it  43 cost=2.585124e+05 lam=6.554e-07 tau=0.00e+00 cg_it=0 shift=0 ckpt=1 alpha=0 acc mv=111
PCG_PREP o=43 rebuild=1 drift=0 previous_depth=1
ATTR_RADIUS o=43 raw_norm=15.289508584446036 norm=15.289508584446036 radius=15.289508584445839 next_radius=15.289508584445839 lambda=6.5536000000000038e-07 next_lambda=6.5536000000000038e-07 rho=0.37356906221279224 accept=1
STCG o=43 retry=0 reason=1 depth=1 cap=128 next_iterate_norm=20.257281500031301 norm=15.289508584446036 radius=15.289508584445839 accept=1 metric_seconds=0.003397636 grams=184
CLASSICAL_LM o=43 lambda=6.5536000000000038e-07 tau=6.5536000000000038e-07 prediction=154.49770452723624 rho=0.37356906221279224 accept=1
  MFCG it  44 cost=2.584547e+05 lam=6.554e-07 tau=0.00e+00 cg_it=0 shift=0 ckpt=1 alpha=0 acc mv=112
PCG_PREP o=44 rebuild=1 drift=0 previous_depth=1
ATTR_RADIUS o=44 raw_norm=15.289508584445807 norm=15.289508584445807 radius=15.289508584445839 next_radius=15.289508584445839 lambda=6.5536000000000038e-07 next_lambda=6.5536000000000038e-07 rho=0.38706160968396103 accept=1
STCG o=44 retry=0 reason=1 depth=1 cap=128 next_iterate_norm=19.002185354704615 norm=15.289508584445807 radius=15.289508584445839 accept=1 metric_seconds=0.003452556 grams=187
CLASSICAL_LM o=44 lambda=6.5536000000000038e-07 tau=6.5536000000000038e-07 prediction=140.18781152202789 rho=0.38706160968396103 accept=1
  MFCG it  45 cost=2.584004e+05 lam=6.554e-07 tau=0.00e+00 cg_it=0 shift=0 ckpt=1 alpha=0 acc mv=113
PCG_PREP o=45 rebuild=1 drift=0 previous_depth=1
ATTR_RADIUS o=45 raw_norm=15.289508584445862 norm=15.289508584445862 radius=15.289508584445839 next_radius=15.289508584445839 lambda=6.5536000000000038e-07 next_lambda=6.5536000000000038e-07 rho=0.40205737594523705 accept=1
STCG o=45 retry=0 reason=1 depth=1 cap=128 next_iterate_norm=17.783557731126681 norm=15.289508584445862 radius=15.289508584445839 accept=1 metric_seconds=0.003507066 grams=190
CLASSICAL_LM o=45 lambda=6.5536000000000038e-07 tau=6.5536000000000038e-07 prediction=126.51200759581695 rho=0.40205737594523705 accept=1
  MFCG it  46 cost=2.583495e+05 lam=6.554e-07 tau=0.00e+00 cg_it=0 shift=0 ckpt=1 alpha=0 acc mv=114
PCG_PREP o=46 rebuild=1 drift=0 previous_depth=1
ATTR_RADIUS o=46 raw_norm=15.289508584446128 norm=15.289508584446128 radius=15.289508584445839 next_radius=15.289508584445839 lambda=6.5536000000000038e-07 next_lambda=6.5536000000000038e-07 rho=0.41882793114968653 accept=1
STCG o=46 retry=0 reason=1 depth=1 cap=128 next_iterate_norm=16.599415712431075 norm=15.289508584446128 radius=15.289508584445839 accept=1 metric_seconds=0.003563627 grams=193
CLASSICAL_LM o=46 lambda=6.5536000000000038e-07 tau=6.5536000000000038e-07 prediction=113.43751900223005 rho=0.41882793114968653 accept=1
  MFCG it  47 cost=2.583020e+05 lam=6.554e-07 tau=0.00e+00 cg_it=0 shift=0 ckpt=1 alpha=0 acc mv=115
PCG_PREP o=47 rebuild=1 drift=0 previous_depth=1
ATTR_RADIUS o=47 raw_norm=15.289508584445535 norm=15.289508584445537 radius=15.289508584445839 next_radius=15.289508584445839 lambda=6.5536000000000038e-07 next_lambda=6.5536000000000038e-07 rho=0.43783491012477183 accept=1
STCG o=47 retry=0 reason=1 depth=1 cap=128 next_iterate_norm=15.448684704922668 norm=15.289508584445537 radius=15.289508584445839 accept=1 metric_seconds=0.003619587 grams=196
CLASSICAL_LM o=47 lambda=6.5536000000000038e-07 tau=6.5536000000000038e-07 prediction=100.94020148979818 rho=0.43783491012477183 accept=1
  MFCG it  48 cost=2.582578e+05 lam=6.554e-07 tau=0.00e+00 cg_it=0 shift=0 ckpt=1 alpha=0 acc mv=116
PCG_PREP o=48 rebuild=1 drift=0 previous_depth=1
ATTR_RADIUS o=48 raw_norm=14.330793478589683 norm=14.330793478589706 radius=15.289508584445839 next_radius=15.289508584445839 lambda=6.5536000000000038e-07 next_lambda=6.5536000000000038e-07 rho=0.52068433592590102 accept=1
STCG o=48 retry=0 reason=0 depth=1 cap=128 next_iterate_norm=14.330793478589493 norm=14.330793478589706 radius=15.289508584445839 accept=1 metric_seconds=0.003674147 grams=199
CLASSICAL_LM o=48 lambda=6.5536000000000038e-07 tau=6.5536000000000038e-07 prediction=88.762075071476644 rho=0.52068433592590102 accept=1
  MFCG it  49 cost=2.582116e+05 lam=6.554e-07 tau=0.00e+00 cg_it=0 shift=0 ckpt=1 alpha=0 acc mv=118
PCG_PREP o=49 rebuild=1 drift=0 previous_depth=1
ATTR_RADIUS o=49 raw_norm=13.016701732782224 norm=13.016701732782224 radius=15.289508584445839 next_radius=15.289508584445839 lambda=6.5536000000000038e-07 next_lambda=6.5536000000000038e-07 rho=0.53689988227861107 accept=1
STCG o=49 retry=0 reason=0 depth=1 cap=128 next_iterate_norm=13.016701732782163 norm=13.016701732782224 radius=15.289508584445839 accept=1 metric_seconds=0.003731487 grams=202
CLASSICAL_LM o=49 lambda=6.5536000000000038e-07 tau=6.5536000000000038e-07 prediction=71.376992020435509 rho=0.53689988227861107 accept=1
  MFCG it  50 cost=2.581733e+05 lam=6.554e-07 tau=0.00e+00 cg_it=0 shift=0 ckpt=1 alpha=0 acc mv=120
PCG_PREP o=50 rebuild=1 drift=0 previous_depth=1
ATTR_RADIUS o=50 raw_norm=11.916653172263919 norm=11.916653172263919 radius=15.289508584445839 next_radius=15.289508584445839 lambda=6.5536000000000038e-07 next_lambda=6.5536000000000038e-08 rho=0.56797562402419932 accept=1
STCG o=50 retry=0 reason=0 depth=1 cap=128 next_iterate_norm=11.916653172263935 norm=11.916653172263919 radius=15.289508584445839 accept=1 metric_seconds=0.003786637 grams=205
CLASSICAL_LM o=50 lambda=6.5536000000000038e-07 tau=6.5536000000000038e-07 prediction=58.786851591846663 rho=0.56797562402419932 accept=1
  MFCG it  51 cost=2.581399e+05 lam=6.554e-08 tau=0.00e+00 cg_it=0 shift=0 ckpt=1 alpha=0 acc mv=122
PCG_PREP o=51 rebuild=1 drift=0 previous_depth=1
POINT_SAFE o=51 frozen=709 slope=-107.19950958727335 candidate=273181.66252230678 original=258139.12639099191 current=258139.90506531417 won=0 mode=1 camera_scale=1 keep_scale=0
ATTR_RADIUS o=51 raw_norm=11.272633958805937 norm=0.17613490560632505 radius=15.289508584445839 next_radius=15.289508584445839 lambda=6.5536000000000038e-08 next_lambda=6.5536000000000043e-09 rho=0.46774015684851583 accept=1
STCG o=51 retry=0 reason=0 depth=1 cap=128 next_iterate_norm=11.27263395880445 norm=0.17613490560632505 radius=15.289508584445839 accept=1 metric_seconds=0.003840957 grams=208
CLASSICAL_LM o=51 lambda=6.5536000000000038e-08 tau=6.5536000000000038e-08 prediction=1.6647583297406428 rho=0.46774015684851583 accept=1
  MFCG it  52 cost=2.581391e+05 lam=6.554e-09 tau=0.00e+00 cg_it=0 shift=0 ckpt=1 alpha=0 acc mv=124
PCG_PREP o=52 rebuild=1 drift=0 previous_depth=1
POINT_SAFE o=52 frozen=582 slope=-203.85730575717076 candidate=426311.5489737899 original=inf current=258139.12639099191 won=0 mode=1 camera_scale=1 keep_scale=0
ATTR_RADIUS o=52 raw_norm=15.289508584450109 norm=15.289508584450108 radius=15.289508584445839 next_radius=3.8223771461114597 lambda=6.5536000000000043e-09 next_lambda=1.0485760000000007e-07 rho=-1 accept=0
STCG o=52 retry=0 reason=1 depth=1 cap=128 next_iterate_norm=16.094851828889627 norm=15.289508584450108 radius=15.289508584445839 accept=0 metric_seconds=0.003897007 grams=211
CLASSICAL_LM o=52 lambda=6.5536000000000043e-09 tau=6.5536000000000043e-09 prediction=158.1083010032925 rho=-1 accept=0
  MFCG it  53  retry 1/8  lam=1.049e-07 tau_eff=6.554e-09  (assembly reused)
PCG_PREP o=52 rebuild=1 drift=0 previous_depth=1
POINT_SAFE o=52 frozen=171 slope=-45.046246951628717 candidate=258383.24172421393 original=258136.61455419846 current=258139.12639099191 won=0 mode=1 camera_scale=1 keep_scale=0
ATTR_RADIUS o=52 raw_norm=3.8223771461113705 norm=0.47779714326392131 radius=3.8223771461114597 next_radius=3.8223771461114597 lambda=1.0485760000000007e-07 next_lambda=1.0485760000000008e-08 rho=0.46076068064895659 accept=1
STCG o=52 retry=1 reason=1 depth=1 cap=128 next_iterate_norm=11.030892492310116 norm=0.47779714326392131 radius=3.8223771461114597 accept=1 metric_seconds=0.003956237 grams=214
CLASSICAL_LM o=52 lambda=1.0485760000000007e-07 tau=1.0485760000000007e-07 prediction=5.4514998760539282 rho=0.46076068064895659 accept=1
  MFCG it  53 cost=2.581366e+05 lam=1.049e-08 tau=0.00e+00 cg_it=0 shift=0 ckpt=1 alpha=0 acc mv=126
PCG_PREP o=53 rebuild=1 drift=0 previous_depth=1
POINT_SAFE o=53 frozen=121 slope=-56.379227251876436 candidate=272439.92429906921 original=258136.56232062943 current=258136.61455419846 won=0 mode=1 camera_scale=1 keep_scale=0
ATTR_RADIUS o=53 raw_norm=3.8223771461101284 norm=3.8223771461101279 radius=3.8223771461114597 next_radius=0.95559428652786493 lambda=1.0485760000000008e-08 next_lambda=1.6777216000000013e-07 rho=0.059538649656581968 accept=0
STCG o=53 retry=0 reason=1 depth=1 cap=128 next_iterate_norm=14.449052818046525 norm=3.8223771461101279 radius=3.8223771461114597 accept=0 metric_seconds=0.004009617 grams=217
CLASSICAL_LM o=53 lambda=1.0485760000000008e-08 tau=1.0485760000000008e-08 prediction=0.87730523507437108 rho=0.059538649656581968 accept=0
  MFCG it  54  retry 1/8  lam=1.678e-07 tau_eff=1.049e-08  (assembly reused)
PCG_PREP o=53 rebuild=1 drift=0 previous_depth=1
ATTR_RADIUS o=53 raw_norm=0.95559428652793343 norm=0.95559428652793343 radius=0.95559428652786493 next_radius=0.95559428652786493 lambda=1.6777216000000013e-07 next_lambda=1.6777216000000013e-07 rho=0.71072714577567841 accept=1
STCG o=53 retry=1 reason=1 depth=1 cap=128 next_iterate_norm=10.94485478330151 norm=0.95559428652793343 radius=0.95559428652786493 accept=1 metric_seconds=0.004063767 grams=220
CLASSICAL_LM o=53 lambda=1.6777216000000013e-07 tau=1.6777216000000013e-07 prediction=13.517968161145564 rho=0.71072714577567841 accept=1
  MFCG it  54 cost=2.581270e+05 lam=1.678e-07 tau=0.00e+00 cg_it=0 shift=0 ckpt=1 alpha=0 acc mv=128
PCG_PREP o=54 rebuild=1 drift=0 previous_depth=1
ATTR_RADIUS o=54 raw_norm=0.95559428652789347 norm=0.95559428652789347 radius=0.95559428652786493 next_radius=0.95559428652786493 lambda=1.6777216000000013e-07 next_lambda=1.6777216000000013e-07 rho=0.44201888669725586 accept=1
STCG o=54 retry=0 reason=1 depth=1 cap=128 next_iterate_norm=10.902674258587336 norm=0.95559428652789347 radius=0.95559428652786493 accept=1 metric_seconds=0.004119257 grams=223
CLASSICAL_LM o=54 lambda=1.6777216000000013e-07 tau=1.6777216000000013e-07 prediction=6.7273249341125005 rho=0.44201888669725586 accept=1
  MFCG it  55 cost=2.581240e+05 lam=1.678e-07 tau=0.00e+00 cg_it=0 shift=0 ckpt=1 alpha=0 acc mv=129
PCG_PREP o=55 rebuild=1 drift=0 previous_depth=1
ATTR_RADIUS o=55 raw_norm=0.95559428652788669 norm=0.9555942865278868 radius=0.95559428652786493 next_radius=0.95559428652786493 lambda=1.6777216000000013e-07 next_lambda=1.6777216000000013e-07 rho=0.45706506659512325 accept=1
STCG o=55 retry=0 reason=1 depth=1 cap=128 next_iterate_norm=10.831174072220161 norm=0.9555942865278868 radius=0.95559428652786493 accept=1 metric_seconds=0.004174177 grams=226
CLASSICAL_LM o=55 lambda=1.6777216000000013e-07 tau=1.6777216000000013e-07 prediction=6.6538520359812194 rho=0.45706506659512325 accept=1
  MFCG it  56 cost=2.581210e+05 lam=1.678e-07 tau=0.00e+00 cg_it=0 shift=0 ckpt=1 alpha=0 acc mv=130
PCG_PREP o=56 rebuild=1 drift=0 previous_depth=1
ATTR_RADIUS o=56 raw_norm=0.9555942865278787 norm=0.9555942865278787 radius=0.95559428652786493 next_radius=0.95559428652786493 lambda=1.6777216000000013e-07 next_lambda=1.6777216000000013e-07 rho=0.47022782085991338 accept=1
STCG o=56 retry=0 reason=1 depth=1 cap=128 next_iterate_norm=10.751585976005234 norm=0.9555942865278787 radius=0.95559428652786493 accept=1 metric_seconds=0.004228057 grams=229
CLASSICAL_LM o=56 lambda=1.6777216000000013e-07 tau=1.6777216000000013e-07 prediction=6.5704333056682565 rho=0.47022782085991338 accept=1
  MFCG it  57 cost=2.581179e+05 lam=1.678e-07 tau=0.00e+00 cg_it=0 shift=0 ckpt=1 alpha=0 acc mv=131
PCG_PREP o=57 rebuild=1 drift=0 previous_depth=1
ATTR_RADIUS o=57 raw_norm=0.95559428652780432 norm=0.95559428652780465 radius=0.95559428652786493 next_radius=0.95559428652786493 lambda=1.6777216000000013e-07 next_lambda=1.6777216000000013e-07 rho=0.48186445319469978 accept=1
STCG o=57 retry=0 reason=1 depth=1 cap=128 next_iterate_norm=10.665755924569282 norm=0.95559428652780465 radius=0.95559428652786493 accept=1 metric_seconds=0.004284607 grams=232
CLASSICAL_LM o=57 lambda=1.6777216000000013e-07 tau=1.6777216000000013e-07 prediction=6.479219420982127 rho=0.48186445319469978 accept=1
  MFCG it  58 cost=2.581148e+05 lam=1.678e-07 tau=0.00e+00 cg_it=0 shift=0 ckpt=1 alpha=0 acc mv=132
PCG_PREP o=58 rebuild=1 drift=0 previous_depth=1
ATTR_RADIUS o=58 raw_norm=0.95559428652790079 norm=0.95559428652790079 radius=0.95559428652786493 next_radius=0.95559428652786493 lambda=1.6777216000000013e-07 next_lambda=1.6777216000000013e-07 rho=0.49226264184303931 accept=1
STCG o=58 retry=0 reason=1 depth=1 cap=128 next_iterate_norm=10.575521373340502 norm=0.95559428652790079 radius=0.95559428652786493 accept=1 metric_seconds=0.004339727 grams=235
CLASSICAL_LM o=58 lambda=1.6777216000000013e-07 tau=1.6777216000000013e-07 prediction=6.3819574290475174 rho=0.49226264184303931 accept=1
  MFCG it  59 cost=2.581116e+05 lam=1.678e-07 tau=0.00e+00 cg_it=0 shift=0 ckpt=1 alpha=0 acc mv=133
PCG_PREP o=59 rebuild=1 drift=0 previous_depth=1
ATTR_RADIUS o=59 raw_norm=0.95559428652787304 norm=0.95559428652787304 radius=0.95559428652786493 next_radius=0.95559428652786493 lambda=1.6777216000000013e-07 next_lambda=1.6777216000000013e-07 rho=0.50165326347202877 accept=1
STCG o=59 retry=0 reason=1 depth=1 cap=128 next_iterate_norm=10.482301109130926 norm=0.95559428652787304 radius=0.95559428652786493 accept=1 metric_seconds=0.004393567 grams=238
CLASSICAL_LM o=59 lambda=1.6777216000000013e-07 tau=1.6777216000000013e-07 prediction=6.2801114468005323 rho=0.50165326347202877 accept=1
  MFCG it  60 cost=2.581085e+05 lam=1.678e-07 tau=0.00e+00 cg_it=0 shift=0 ckpt=1 alpha=0 acc mv=134
PCG_PREP o=60 rebuild=1 drift=0 previous_depth=1
ATTR_RADIUS o=60 raw_norm=0.95559428652783562 norm=0.95559428652783562 radius=0.95559428652786493 next_radius=0.95559428652786493 lambda=1.6777216000000013e-07 next_lambda=1.6777216000000013e-07 rho=0.51022446245071795 accept=1
STCG o=60 retry=0 reason=1 depth=1 cap=128 next_iterate_norm=10.387335855744286 norm=0.95559428652783562 radius=0.95559428652786493 accept=1 metric_seconds=0.004448948 grams=241
CLASSICAL_LM o=60 lambda=1.6777216000000013e-07 tau=1.6777216000000013e-07 prediction=6.1749103378420696 rho=0.51022446245071795 accept=1
  MFCG it  61 cost=2.581053e+05 lam=1.678e-07 tau=0.00e+00 cg_it=0 shift=0 ckpt=1 alpha=0 acc mv=135
PCG_PREP o=61 rebuild=1 drift=0 previous_depth=1
ATTR_RADIUS o=61 raw_norm=0.95559428652782874 norm=0.95559428652782874 radius=0.95559428652786493 next_radius=0.95559428652786493 lambda=1.6777216000000013e-07 next_lambda=1.6777216000000013e-07 rho=0.51813144268782552 accept=1
STCG o=61 retry=0 reason=1 depth=1 cap=128 next_iterate_norm=10.291598729688506 norm=0.95559428652782874 radius=0.95559428652786493 accept=1 metric_seconds=0.004502718 grams=244
CLASSICAL_LM o=61 lambda=1.6777216000000013e-07 tau=1.6777216000000013e-07 prediction=6.0673877897383273 rho=0.51813144268782552 accept=1
  MFCG it  62 cost=2.581022e+05 lam=1.678e-07 tau=0.00e+00 cg_it=0 shift=0 ckpt=1 alpha=0 acc mv=136
PCG_PREP o=62 rebuild=1 drift=0 previous_depth=1
ATTR_RADIUS o=62 raw_norm=0.95559428652789979 norm=0.95559428652789979 radius=0.95559428652786493 next_radius=0.95559428652786493 lambda=1.6777216000000013e-07 next_lambda=1.6777216000000013e-07 rho=0.52550065909108401 accept=1
STCG o=62 retry=0 reason=1 depth=1 cap=128 next_iterate_norm=10.195959454668218 norm=0.95559428652789979 radius=0.95559428652786493 accept=1 metric_seconds=0.004557278 grams=247
CLASSICAL_LM o=62 lambda=1.6777216000000013e-07 tau=1.6777216000000013e-07 prediction=5.9584128426159131 rho=0.52550065909108401 accept=1
  MFCG it  63 cost=2.580991e+05 lam=1.678e-07 tau=0.00e+00 cg_it=0 shift=0 ckpt=1 alpha=0 acc mv=137
PCG_PREP o=63 rebuild=1 drift=0 previous_depth=1
ATTR_RADIUS o=63 raw_norm=0.9555942865278807 norm=0.95559428652788081 radius=0.95559428652786493 next_radius=0.95559428652786493 lambda=1.6777216000000013e-07 next_lambda=1.6777216000000013e-07 rho=0.53243966532644837 accept=1
STCG o=63 retry=0 reason=1 depth=1 cap=128 next_iterate_norm=10.101124087686978 norm=0.95559428652788081 radius=0.95559428652786493 accept=1 metric_seconds=0.004611399 grams=250
CLASSICAL_LM o=63 lambda=1.6777216000000013e-07 tau=1.6777216000000013e-07 prediction=5.8487150199510074 rho=0.53243966532644837 accept=1
  MFCG it  64 cost=2.580959e+05 lam=1.678e-07 tau=0.00e+00 cg_it=0 shift=0 ckpt=1 alpha=0 acc mv=138
PCG_PREP o=64 rebuild=1 drift=0 previous_depth=1
ATTR_RADIUS o=64 raw_norm=0.95559428652782918 norm=0.95559428652782907 radius=0.95559428652786493 next_radius=0.95559428652786493 lambda=1.6777216000000013e-07 next_lambda=1.6777216000000013e-07 rho=0.53903530402638922 accept=1
STCG o=64 retry=0 reason=1 depth=1 cap=128 next_iterate_norm=10.007634082702964 norm=0.95559428652782907 radius=0.95559428652786493 accept=1 metric_seconds=0.004665739 grams=253
CLASSICAL_LM o=64 lambda=1.6777216000000013e-07 tau=1.6777216000000013e-07 prediction=5.7389053873647997 rho=0.53903530402638922 accept=1
  MFCG it  65 cost=2.580929e+05 lam=1.678e-07 tau=0.00e+00 cg_it=0 shift=0 ckpt=1 alpha=0 acc mv=139
PCG_PREP o=65 rebuild=1 drift=0 previous_depth=1
ATTR_RADIUS o=65 raw_norm=0.95559428652783029 norm=0.95559428652783018 radius=0.95559428652786493 next_radius=0.95559428652786493 lambda=1.6777216000000013e-07 next_lambda=1.6777216000000013e-07 rho=0.54536171195109162 accept=1
STCG o=65 retry=0 reason=1 depth=1 cap=128 next_iterate_norm=9.9160120738481261 norm=0.95559428652783018 radius=0.95559428652786493 accept=1 metric_seconds=0.004720959 grams=256
CLASSICAL_LM o=65 lambda=1.6777216000000013e-07 tau=1.6777216000000013e-07 prediction=5.6294919556868876 rho=0.54536171195109162 accept=1
  MFCG it  66 cost=2.580898e+05 lam=1.678e-07 tau=0.00e+00 cg_it=0 shift=0 ckpt=1 alpha=0 acc mv=140
PCG_PREP o=66 rebuild=1 drift=0 previous_depth=1
ATTR_RADIUS o=66 raw_norm=0.95559428652789458 norm=0.95559428652789447 radius=0.95559428652786493 next_radius=0.95559428652786493 lambda=1.6777216000000013e-07 next_lambda=1.6777216000000013e-07 rho=0.55147863850857615 accept=1
STCG o=66 retry=0 reason=1 depth=1 cap=128 next_iterate_norm=9.82651412862079 norm=0.95559428652789447 radius=0.95559428652786493 accept=1 metric_seconds=0.004775989 grams=259
CLASSICAL_LM o=66 lambda=1.6777216000000013e-07 tau=1.6777216000000013e-07 prediction=5.5208957806476437 rho=0.55147863850857615 accept=1
  MFCG it  67 cost=2.580867e+05 lam=1.678e-07 tau=0.00e+00 cg_it=0 shift=0 ckpt=1 alpha=0 acc mv=141
PCG_PREP o=67 rebuild=1 drift=0 previous_depth=1
ATTR_RADIUS o=67 raw_norm=0.95559428652789324 norm=0.95559428652789857 radius=0.95559428652786493 next_radius=0.95559428652786493 lambda=1.6777216000000013e-07 next_lambda=1.6777216000000013e-07 rho=0.55743682573622322 accept=1
STCG o=67 retry=0 reason=1 depth=1 cap=128 next_iterate_norm=9.7394867896313269 norm=0.95559428652789857 radius=0.95559428652786493 accept=1 metric_seconds=0.004831009 grams=262
CLASSICAL_LM o=67 lambda=1.6777216000000013e-07 tau=1.6777216000000013e-07 prediction=5.4134607032031212 rho=0.55743682573622322 accept=1
  MFCG it  68 cost=2.580837e+05 lam=1.678e-07 tau=0.00e+00 cg_it=0 shift=0 ckpt=1 alpha=0 acc mv=142
PCG_PREP o=68 rebuild=1 drift=0 previous_depth=1
ATTR_RADIUS o=68 raw_norm=0.95559428652783107 norm=0.95559428652783085 radius=0.95559428652786493 next_radius=0.95559428652786493 lambda=1.6777216000000013e-07 next_lambda=1.6777216000000013e-07 rho=0.56327718416061057 accept=1
STCG o=68 retry=0 reason=1 depth=1 cap=128 next_iterate_norm=9.655084858804992 norm=0.95559428652783085 radius=0.95559428652786493 accept=1 metric_seconds=0.00488454 grams=265
CLASSICAL_LM o=68 lambda=1.6777216000000013e-07 tau=1.6777216000000013e-07 prediction=5.3074660833321659 rho=0.56327718416061057 accept=1
  MFCG it  69 cost=2.580807e+05 lam=1.678e-07 tau=0.00e+00 cg_it=0 shift=0 ckpt=1 alpha=0 acc mv=143
PCG_PREP o=69 rebuild=1 drift=0 previous_depth=1
ATTR_RADIUS o=69 raw_norm=0.95559428652778866 norm=0.95559428652778866 radius=0.95559428652786493 next_radius=0.95559428652786493 lambda=1.6777216000000013e-07 next_lambda=1.6777216000000013e-07 rho=0.56903245414635895 accept=1
STCG o=69 retry=0 reason=1 depth=1 cap=128 next_iterate_norm=9.5734891324664542 norm=0.95559428652778866 radius=0.95559428652786493 accept=1 metric_seconds=0.00494001 grams=268
CLASSICAL_LM o=69 lambda=1.6777216000000013e-07 tau=1.6777216000000013e-07 prediction=5.2031334198437555 rho=0.56903245414635895 accept=1
  MFCG it  70 cost=2.580778e+05 lam=1.678e-07 tau=0.00e+00 cg_it=0 shift=0 ckpt=1 alpha=0 acc mv=144
PCG_PREP o=70 rebuild=1 drift=0 previous_depth=1
ATTR_RADIUS o=70 raw_norm=0.95559428652784739 norm=0.95559428652784706 radius=0.95559428652786493 next_radius=0.95559428652786493 lambda=1.6777216000000013e-07 next_lambda=1.6777216000000013e-07 rho=0.57472923536444853 accept=1
STCG o=70 retry=0 reason=1 depth=1 cap=128 next_iterate_norm=9.4947017183666347 norm=0.95559428652784706 radius=0.95559428652786493 accept=1 metric_seconds=0.0049933 grams=271
CLASSICAL_LM o=70 lambda=1.6777216000000013e-07 tau=1.6777216000000013e-07 prediction=5.1006357078052398 rho=0.57472923536444853 accept=1
  MFCG it  71 cost=2.580748e+05 lam=1.678e-07 tau=0.00e+00 cg_it=0 shift=0 ckpt=1 alpha=0 acc mv=145
PCG_PREP o=71 rebuild=1 drift=0 previous_depth=1
ATTR_RADIUS o=71 raw_norm=0.95559428652782152 norm=0.95559428652781675 radius=0.95559428652786493 next_radius=0.95559428652786493 lambda=1.6777216000000013e-07 next_lambda=1.6777216000000013e-07 rho=0.58038775785339769 accept=1
STCG o=71 retry=0 reason=1 depth=1 cap=128 next_iterate_norm=9.4187966815355164 norm=0.95559428652781675 radius=0.95559428652786493 accept=1 metric_seconds=0.00504739 grams=274
CLASSICAL_LM o=71 lambda=1.6777216000000013e-07 tau=1.6777216000000013e-07 prediction=5.0001032610458989 rho=0.58038775785339769 accept=1
  MFCG it  72 cost=2.580719e+05 lam=1.678e-07 tau=0.00e+00 cg_it=0 shift=0 ckpt=1 alpha=0 acc mv=146
PCG_PREP o=72 rebuild=1 drift=0 previous_depth=1
ATTR_RADIUS o=72 raw_norm=0.95559428652781186 norm=0.95559428652781186 radius=0.95559428652786493 next_radius=0.95559428652786493 lambda=1.6777216000000013e-07 next_lambda=1.6777216000000013e-07 rho=0.58602329993645674 accept=1
STCG o=72 retry=0 reason=1 depth=1 cap=128 next_iterate_norm=9.345751230526206 norm=0.95559428652781186 radius=0.95559428652786493 accept=1 metric_seconds=0.00510146 grams=277
CLASSICAL_LM o=72 lambda=1.6777216000000013e-07 tau=1.6777216000000013e-07 prediction=4.9016308052230126 rho=0.58602329993645674 accept=1
  MFCG it  73 cost=2.580691e+05 lam=1.678e-07 tau=0.00e+00 cg_it=0 shift=0 ckpt=1 alpha=0 acc mv=147
PCG_PREP o=73 rebuild=1 drift=0 previous_depth=1
ATTR_RADIUS o=73 raw_norm=0.95559428652782497 norm=0.95559428652783007 radius=0.95559428652786493 next_radius=0.95559428652786493 lambda=1.6777216000000013e-07 next_lambda=1.6777216000000013e-07 rho=0.59164748281002522 accept=1
STCG o=73 retry=0 reason=1 depth=1 cap=128 next_iterate_norm=9.2755380004668559 norm=0.95559428652783007 radius=0.95559428652786493 accept=1 metric_seconds=0.00516198 grams=280
CLASSICAL_LM o=73 lambda=1.6777216000000013e-07 tau=1.6777216000000013e-07 prediction=4.8052819852354425 rho=0.59164748281002522 accept=1
  MFCG it  74 cost=2.580662e+05 lam=1.678e-07 tau=0.00e+00 cg_it=0 shift=0 ckpt=1 alpha=0 acc mv=148
PCG_PREP o=74 rebuild=1 drift=0 previous_depth=1
ATTR_RADIUS o=74 raw_norm=0.95559428652788292 norm=0.95559428652788292 radius=0.95559428652786493 next_radius=0.95559428652786493 lambda=1.6777216000000013e-07 next_lambda=1.6777216000000013e-07 rho=0.59726706079347147 accept=1
STCG o=74 retry=0 reason=1 depth=1 cap=128 next_iterate_norm=9.2079989005931768 norm=0.95559428652788292 radius=0.95559428652786493 accept=1 metric_seconds=0.005216531 grams=283
CLASSICAL_LM o=74 lambda=1.6777216000000013e-07 tau=1.6777216000000013e-07 prediction=4.7110945969328402 rho=0.59726706079347147 accept=1
  MFCG it  75 cost=2.580634e+05 lam=1.678e-07 tau=0.00e+00 cg_it=0 shift=0 ckpt=1 alpha=0 acc mv=149
PCG_PREP o=75 rebuild=1 drift=0 previous_depth=1
ATTR_RADIUS o=75 raw_norm=0.9555942865279019 norm=0.9555942865279019 radius=0.95559428652786493 next_radius=0.95559428652786493 lambda=1.6777216000000013e-07 next_lambda=1.6777216000000013e-07 rho=0.60288745302075741 accept=1
STCG o=75 retry=0 reason=1 depth=1 cap=128 next_iterate_norm=9.1431633644523878 norm=0.9555942865279019 radius=0.95559428652786493 accept=1 metric_seconds=0.00527252 grams=286
CLASSICAL_LM o=75 lambda=1.6777216000000013e-07 tau=1.6777216000000013e-07 prediction=4.6190840261759982 rho=0.60288745302075741 accept=1
  MFCG it  76 cost=2.580606e+05 lam=1.678e-07 tau=0.00e+00 cg_it=0 shift=0 ckpt=1 alpha=0 acc mv=150
PCG_PREP o=76 rebuild=1 drift=0 previous_depth=1
ATTR_RADIUS o=76 raw_norm=0.95559428652784562 norm=0.95559428652784562 radius=0.95559428652786493 next_radius=0.95559428652786493 lambda=1.6777216000000013e-07 next_lambda=1.6777216000000013e-07 rho=0.60850890705284333 accept=1
STCG o=76 retry=0 reason=1 depth=1 cap=128 next_iterate_norm=9.0807755574772386 norm=0.95559428652784562 radius=0.95559428652786493 accept=1 metric_seconds=0.00532615 grams=289
CLASSICAL_LM o=76 lambda=1.6777216000000013e-07 tau=1.6777216000000013e-07 prediction=4.529248674429736 rho=0.60850890705284333 accept=1
  MFCG it  77 cost=2.580579e+05 lam=1.678e-07 tau=0.00e+00 cg_it=0 shift=0 ckpt=1 alpha=0 acc mv=151
PCG_PREP o=77 rebuild=1 drift=0 previous_depth=1
ATTR_RADIUS o=77 raw_norm=0.95559428652786305 norm=0.95559428652786305 radius=0.95559428652786493 next_radius=0.95559428652786493 lambda=1.6777216000000013e-07 next_lambda=1.6777216000000013e-07 rho=0.61413211106227983 accept=1
STCG o=77 retry=0 reason=1 depth=1 cap=128 next_iterate_norm=9.020767905606089 norm=0.95559428652786305 radius=0.95559428652786493 accept=1 metric_seconds=0.00537984 grams=292
CLASSICAL_LM o=77 lambda=1.6777216000000013e-07 tau=1.6777216000000013e-07 prediction=4.44157053288267 rho=0.61413211106227983 accept=1
  MFCG it  78 cost=2.580551e+05 lam=1.678e-07 tau=0.00e+00 cg_it=0 shift=0 ckpt=1 alpha=0 acc mv=152
PCG_PREP o=78 rebuild=1 drift=0 previous_depth=1
ATTR_RADIUS o=78 raw_norm=0.9555942865278787 norm=0.9555942865278787 radius=0.95559428652786493 next_radius=0.95559428652786493 lambda=1.6777216000000013e-07 next_lambda=1.6777216000000013e-07 rho=0.61975451859490238 accept=1
STCG o=78 retry=0 reason=1 depth=1 cap=128 next_iterate_norm=8.9629700904775191 norm=0.9555942865278787 radius=0.95559428652786493 accept=1 metric_seconds=0.00543328 grams=295
CLASSICAL_LM o=78 lambda=1.6777216000000013e-07 tau=1.6777216000000013e-07 prediction=4.3560210179145367 rho=0.61975451859490238 accept=1
  MFCG it  79 cost=2.580524e+05 lam=1.678e-07 tau=0.00e+00 cg_it=0 shift=0 ckpt=1 alpha=0 acc mv=153
PCG_PREP o=79 rebuild=1 drift=0 previous_depth=1
ATTR_RADIUS o=79 raw_norm=0.95559428652787048 norm=0.95559428652787037 radius=0.95559428652786493 next_radius=0.95559428652786493 lambda=1.6777216000000013e-07 next_lambda=1.6777216000000013e-07 rho=0.62537294785369812 accept=1
STCG o=79 retry=0 reason=1 depth=1 cap=128 next_iterate_norm=8.9071874626763226 norm=0.95559428652787037 radius=0.95559428652786493 accept=1 metric_seconds=0.00548682 grams=298
CLASSICAL_LM o=79 lambda=1.6777216000000013e-07 tau=1.6777216000000013e-07 prediction=4.272561050788485 rho=0.62537294785369812 accept=1
  MFCG it  80 cost=2.580498e+05 lam=1.678e-07 tau=0.00e+00 cg_it=0 shift=0 ckpt=1 alpha=0 acc mv=154
PCG_PREP o=80 rebuild=1 drift=0 previous_depth=1
ATTR_RADIUS o=80 raw_norm=0.9555942865278203 norm=0.95559428652782019 radius=0.95559428652786493 next_radius=0.95559428652786493 lambda=1.6777216000000013e-07 next_lambda=1.6777216000000013e-07 rho=0.63098263944053035 accept=1
STCG o=80 retry=0 reason=1 depth=1 cap=128 next_iterate_norm=8.853322303117892 norm=0.95559428652782019 radius=0.95559428652786493 accept=1 metric_seconds=0.00553991 grams=301
CLASSICAL_LM o=80 lambda=1.6777216000000013e-07 tau=1.6777216000000013e-07 prediction=4.1911443055474633 rho=0.63098263944053035 accept=1
  MFCG it  81 cost=2.580471e+05 lam=1.678e-07 tau=0.00e+00 cg_it=0 shift=0 ckpt=1 alpha=0 acc mv=155
PCG_PREP o=81 rebuild=1 drift=0 previous_depth=1
ATTR_RADIUS o=81 raw_norm=0.95559428652788225 norm=0.95559428652788225 radius=0.95559428652786493 next_radius=0.95559428652786493 lambda=1.6777216000000013e-07 next_lambda=1.6777216000000013e-07 rho=0.63657863932551362 accept=1
STCG o=81 retry=0 reason=1 depth=1 cap=128 next_iterate_norm=8.8011842786771499 norm=0.95559428652788225 radius=0.95559428652786493 accept=1 metric_seconds=0.00559419 grams=304
CLASSICAL_LM o=81 lambda=1.6777216000000013e-07 tau=1.6777216000000013e-07 prediction=4.1117188934983409 rho=0.63657863932551362 accept=1
  MFCG it  82 cost=2.580445e+05 lam=1.678e-07 tau=0.00e+00 cg_it=0 shift=0 ckpt=1 alpha=0 acc mv=156
PCG_PREP o=82 rebuild=1 drift=0 previous_depth=1
ATTR_RADIUS o=82 raw_norm=0.95559428652785194 norm=0.95559428652785661 radius=0.95559428652786493 next_radius=0.95559428652786493 lambda=1.6777216000000013e-07 next_lambda=1.6777216000000013e-07 rho=0.64215464662933996 accept=1
STCG o=82 retry=0 reason=1 depth=1 cap=128 next_iterate_norm=8.7505703150372476 norm=0.95559428652785661 radius=0.95559428652786493 accept=1 metric_seconds=0.00564773 grams=307
CLASSICAL_LM o=82 lambda=1.6777216000000013e-07 tau=1.6777216000000013e-07 prediction=4.0342284739525081 rho=0.64215464662933996 accept=1
  MFCG it  83 cost=2.580419e+05 lam=1.678e-07 tau=0.00e+00 cg_it=0 shift=0 ckpt=1 alpha=0 acc mv=157
PCG_PREP o=83 rebuild=1 drift=0 previous_depth=1
ATTR_RADIUS o=83 raw_norm=0.95559428652786571 norm=0.95559428652786571 radius=0.95559428652786493 next_radius=0.95559428652786493 lambda=1.6777216000000013e-07 next_lambda=1.6777216000000013e-07 rho=0.64770458937022901 accept=1
STCG o=83 retry=0 reason=1 depth=1 cap=128 next_iterate_norm=8.7013186709029515 norm=0.95559428652786571 radius=0.95559428652786493 accept=1 metric_seconds=0.00570082 grams=310
CLASSICAL_LM o=83 lambda=1.6777216000000013e-07 tau=1.6777216000000013e-07 prediction=3.9586138886560258 rho=0.64770458937022901 accept=1
  MFCG it  84 cost=2.580394e+05 lam=1.678e-07 tau=0.00e+00 cg_it=0 shift=0 ckpt=1 alpha=0 acc mv=158
PCG_PREP o=84 rebuild=1 drift=0 previous_depth=1
ATTR_RADIUS o=84 raw_norm=0.95559428652788037 norm=0.95559428652788037 radius=0.95559428652786493 next_radius=0.95559428652786493 lambda=1.6777216000000013e-07 next_lambda=1.6777216000000013e-07 rho=0.65322251582947688 accept=1
STCG o=84 retry=0 reason=1 depth=1 cap=128 next_iterate_norm=8.653206943561516 norm=0.95559428652788037 radius=0.95559428652786493 accept=1 metric_seconds=0.00575453 grams=313
CLASSICAL_LM o=84 lambda=1.6777216000000013e-07 tau=1.6777216000000013e-07 prediction=3.8848144565619624 rho=0.65322251582947688 accept=1
  MFCG it  85 cost=2.580368e+05 lam=1.678e-07 tau=0.00e+00 cg_it=0 shift=0 ckpt=1 alpha=0 acc mv=159
PCG_PREP o=85 rebuild=1 drift=0 previous_depth=1
ATTR_RADIUS o=85 raw_norm=0.95559428652785483 norm=0.95559428652785483 radius=0.95559428652786493 next_radius=0.95559428652786493 lambda=1.6777216000000013e-07 next_lambda=1.6777216000000013e-07 rho=0.65870120965975654 accept=1
STCG o=85 retry=0 reason=1 depth=1 cap=128 next_iterate_norm=8.6061375700864353 norm=0.95559428652785483 radius=0.95559428652786493 accept=1 metric_seconds=0.00580996 grams=316
CLASSICAL_LM o=85 lambda=1.6777216000000013e-07 tau=1.6777216000000013e-07 prediction=3.8127680379484761 rho=0.65870120965975654 accept=1
  MFCG it  86 cost=2.580343e+05 lam=1.678e-07 tau=0.00e+00 cg_it=0 shift=0 ckpt=1 alpha=0 acc mv=160
PCG_PREP o=86 rebuild=1 drift=0 previous_depth=1
ATTR_RADIUS o=86 raw_norm=0.95559428652786083 norm=0.95559428652786083 radius=0.95559428652786493 next_radius=0.95559428652786493 lambda=1.6777216000000013e-07 next_lambda=1.6777216000000013e-07 rho=0.66413452014537089 accept=1
STCG o=86 retry=0 reason=1 depth=1 cap=128 next_iterate_norm=8.5598999545875483 norm=0.95559428652786083 radius=0.95559428652786493 accept=1 metric_seconds=0.00586386 grams=319
CLASSICAL_LM o=86 lambda=1.6777216000000013e-07 tau=1.6777216000000013e-07 prediction=3.7424128650743738 rho=0.66413452014537089 accept=1
  MFCG it  87 cost=2.580318e+05 lam=1.678e-07 tau=0.00e+00 cg_it=0 shift=0 ckpt=1 alpha=0 acc mv=161
PCG_PREP o=87 rebuild=1 drift=0 previous_depth=1
ATTR_RADIUS o=87 raw_norm=0.95559428652785861 norm=0.95559428652785861 radius=0.95559428652786493 next_radius=0.95559428652786493 lambda=1.6777216000000013e-07 next_lambda=1.6777216000000013e-07 rho=0.66951669043892181 accept=1
STCG o=87 retry=0 reason=1 depth=1 cap=128 next_iterate_norm=8.5143323319036703 norm=0.95559428652785861 radius=0.95559428652786493 accept=1 metric_seconds=0.00592094 grams=322
CLASSICAL_LM o=87 lambda=1.6777216000000013e-07 tau=1.6777216000000013e-07 prediction=3.6736871389362058 rho=0.66951669043892181 accept=1
  MFCG it  88 cost=2.580294e+05 lam=1.678e-07 tau=0.00e+00 cg_it=0 shift=0 ckpt=1 alpha=0 acc mv=162
PCG_PREP o=88 rebuild=1 drift=0 previous_depth=1
ATTR_RADIUS o=88 raw_norm=0.95559428652785505 norm=0.95559428652785505 radius=0.95559428652786493 next_radius=0.95559428652786493 lambda=1.6777216000000013e-07 next_lambda=1.6777216000000013e-07 rho=0.67484095864645444 accept=1
STCG o=88 retry=0 reason=1 depth=1 cap=128 next_iterate_norm=8.46922980105745 norm=0.95559428652785505 radius=0.95559428652786493 accept=1 metric_seconds=0.00597518 grams=325
CLASSICAL_LM o=88 lambda=1.6777216000000013e-07 tau=1.6777216000000013e-07 prediction=3.6065299362326475 rho=0.67484095864645444 accept=1
  MFCG it  89 cost=2.580269e+05 lam=1.678e-07 tau=0.00e+00 cg_it=0 shift=0 ckpt=1 alpha=0 acc mv=163
PCG_PREP o=89 rebuild=1 drift=0 previous_depth=1
ATTR_RADIUS o=89 raw_norm=0.95559428652781209 norm=0.95559428652778233 radius=0.95559428652786493 next_radius=0.95559428652786493 lambda=1.6777216000000013e-07 next_lambda=1.6777216000000013e-07 rho=0.6801018050205454 accept=1
STCG o=89 retry=0 reason=1 depth=1 cap=128 next_iterate_norm=8.4244936218977973 norm=0.95559428652778233 radius=0.95559428652786493 accept=1 metric_seconds=0.00602918 grams=328
CLASSICAL_LM o=89 lambda=1.6777216000000013e-07 tau=1.6777216000000013e-07 prediction=3.5408813139942255 rho=0.6801018050205454 accept=1
  MFCG it  90 cost=2.580245e+05 lam=1.678e-07 tau=0.00e+00 cg_it=0 shift=0 ckpt=1 alpha=0 acc mv=164
PCG_PREP o=90 rebuild=1 drift=0 previous_depth=1
ATTR_RADIUS o=90 raw_norm=0.95559428652785028 norm=0.95559428652788159 radius=0.95559428652786493 next_radius=0.95559428652786493 lambda=1.6777216000000013e-07 next_lambda=1.6777216000000013e-07 rho=0.68529382763746682 accept=1
STCG o=90 retry=0 reason=1 depth=1 cap=128 next_iterate_norm=8.37988467525558 norm=0.95559428652788159 radius=0.95559428652786493 accept=1 metric_seconds=0.00608327 grams=331
CLASSICAL_LM o=90 lambda=1.6777216000000013e-07 tau=1.6777216000000013e-07 prediction=3.4766832741464624 rho=0.68529382763746682 accept=1
  MFCG: converged (OCA_FTOL: 8 outers < 1.0e-05 rel)
  [menu-backtrack] confirming stop with original retry policy at outer 91
  MFCG it  91 cost=2.580221e+05 lam=1.678e-07 tau=0.00e+00 cg_it=0 shift=0 ckpt=1 alpha=0 acc mv=165
PCG_PREP o=91 rebuild=1 drift=0 previous_depth=1
ATTR_RADIUS o=91 raw_norm=0.9555942865278767 norm=0.95559428652790757 radius=0.95559428652786493 next_radius=0.95559428652786493 lambda=1.6777216000000013e-07 next_lambda=1.6777216000000013e-07 rho=0.69041201691904164 accept=1
STCG o=91 retry=0 reason=1 depth=1 cap=128 next_iterate_norm=8.3353177622235908 norm=0.95559428652790757 radius=0.95559428652786493 accept=1 metric_seconds=0.00613772 grams=334
CLASSICAL_LM o=91 lambda=1.6777216000000013e-07 tau=1.6777216000000013e-07 prediction=3.4138785956735127 rho=0.69041201691904164 accept=1
  MFCG it  92 cost=2.580198e+05 lam=1.678e-07 tau=0.00e+00 cg_it=0 shift=0 ckpt=1 alpha=0 acc mv=166
PCG_PREP o=92 rebuild=1 drift=0 previous_depth=1
ATTR_RADIUS o=92 raw_norm=0.95559428652781853 norm=0.95559428652778944 radius=0.95559428652786493 next_radius=0.95559428652786493 lambda=1.6777216000000013e-07 next_lambda=1.6777216000000013e-07 rho=0.6954510433981439 accept=1
STCG o=92 retry=0 reason=1 depth=1 cap=128 next_iterate_norm=8.2905656356169857 norm=0.95559428652778944 radius=0.95559428652786493 accept=1 metric_seconds=0.00619204 grams=337
CLASSICAL_LM o=92 lambda=1.6777216000000013e-07 tau=1.6777216000000013e-07 prediction=3.3524126961680127 rho=0.6954510433981439 accept=1
  MFCG it  93 cost=2.580174e+05 lam=1.678e-07 tau=0.00e+00 cg_it=0 shift=0 ckpt=1 alpha=0 acc mv=167
PCG_PREP o=93 rebuild=1 drift=0 previous_depth=1
ATTR_RADIUS o=93 raw_norm=0.95559428652786049 norm=0.95559428652786049 radius=0.95559428652786493 next_radius=0.95559428652786493 lambda=1.6777216000000013e-07 next_lambda=1.6777216000000013e-07 rho=0.70040704740502902 accept=1
STCG o=93 retry=0 reason=1 depth=1 cap=128 next_iterate_norm=8.2455575642521701 norm=0.95559428652786049 radius=0.95559428652786493 accept=1 metric_seconds=0.0062479 grams=340
CLASSICAL_LM o=93 lambda=1.6777216000000013e-07 tau=1.6777216000000013e-07 prediction=3.2922319673862606 rho=0.70040704740502902 accept=1
  MFCG it  94 cost=2.580151e+05 lam=1.678e-07 tau=0.00e+00 cg_it=0 shift=0 ckpt=1 alpha=0 acc mv=168
PCG_PREP o=94 rebuild=1 drift=0 previous_depth=1
ATTR_RADIUS o=94 raw_norm=0.95559428652785328 norm=0.95559428652785328 radius=0.95559428652786493 next_radius=0.95559428652786493 lambda=1.6777216000000013e-07 next_lambda=1.6777216000000013e-07 rho=0.70527545521584933 accept=1
STCG o=94 retry=0 reason=1 depth=1 cap=128 next_iterate_norm=8.2001109196496138 norm=0.95559428652785328 radius=0.95559428652786493 accept=1 metric_seconds=0.00630137 grams=343
CLASSICAL_LM o=94 lambda=1.6777216000000013e-07 tau=1.6777216000000013e-07 prediction=3.2332855428021912 rho=0.70527545521584933 accept=1
  MFCG it  95 cost=2.580129e+05 lam=1.678e-07 tau=0.00e+00 cg_it=0 shift=0 ckpt=1 alpha=0 acc mv=169
PCG_PREP o=95 rebuild=1 drift=0 previous_depth=1
ATTR_RADIUS o=95 raw_norm=0.95559428652783962 norm=0.95559428652783984 radius=0.95559428652786493 next_radius=0.95559428652786493 lambda=1.6777216000000013e-07 next_lambda=1.6777216000000013e-07 rho=0.7100528267373184 accept=1
STCG o=95 retry=0 reason=1 depth=1 cap=128 next_iterate_norm=8.1540645278459731 norm=0.95559428652783984 radius=0.95559428652786493 accept=1 metric_seconds=0.00635521 grams=346
CLASSICAL_LM o=95 lambda=1.6777216000000013e-07 tau=1.6777216000000013e-07 prediction=3.1755238570896061 rho=0.7100528267373184 accept=1
  MFCG it  96 cost=2.580106e+05 lam=1.678e-07 tau=0.00e+00 cg_it=0 shift=0 ckpt=1 alpha=0 acc mv=170
PCG_PREP o=96 rebuild=1 drift=0 previous_depth=1
ATTR_RADIUS o=96 raw_norm=0.95559428652790179 norm=0.9555942865278737 radius=0.95559428652786493 next_radius=0.95559428652786493 lambda=1.6777216000000013e-07 next_lambda=1.6777216000000013e-07 rho=0.71473564479551732 accept=1
STCG o=96 retry=0 reason=1 depth=1 cap=128 next_iterate_norm=8.1073107950500738 norm=0.9555942865278737 radius=0.95559428652786493 accept=1 metric_seconds=0.006412 grams=349
CLASSICAL_LM o=96 lambda=1.6777216000000013e-07 tau=1.6777216000000013e-07 prediction=3.1188994922848314 rho=0.71473564479551732 accept=1
  MFCG it  97 cost=2.580084e+05 lam=1.678e-07 tau=0.00e+00 cg_it=0 shift=0 ckpt=1 alpha=0 acc mv=171
PCG_PREP o=97 rebuild=1 drift=0 previous_depth=1
ATTR_RADIUS o=97 raw_norm=0.95559428652788903 norm=0.95559428652788903 radius=0.95559428652786493 next_radius=0.95559428652786493 lambda=1.6777216000000013e-07 next_lambda=1.6777216000000013e-07 rho=0.71932054034100967 accept=1
STCG o=97 retry=0 reason=1 depth=1 cap=128 next_iterate_norm=8.0597435597625218 norm=0.95559428652788903 radius=0.95559428652786493 accept=1 metric_seconds=0.006466051 grams=352
CLASSICAL_LM o=97 lambda=1.6777216000000013e-07 tau=1.6777216000000013e-07 prediction=3.0633671419489397 rho=0.71932054034100967 accept=1
  MFCG it  98 cost=2.580062e+05 lam=1.678e-07 tau=0.00e+00 cg_it=0 shift=0 ckpt=1 alpha=0 acc mv=172
PCG_PREP o=98 rebuild=1 drift=0 previous_depth=1
ATTR_RADIUS o=98 raw_norm=0.95559428652783274 norm=0.95559428652783274 radius=0.95559428652786493 next_radius=0.95559428652786493 lambda=1.6777216000000013e-07 next_lambda=1.6777216000000013e-07 rho=0.72380475211585471 accept=1
STCG o=98 retry=0 reason=1 depth=1 cap=128 next_iterate_norm=8.0111773860534576 norm=0.95559428652783274 radius=0.95559428652786493 accept=1 metric_seconds=0.006519981 grams=355
CLASSICAL_LM o=98 lambda=1.6777216000000013e-07 tau=1.6777216000000013e-07 prediction=3.0088832814643682 rho=0.72380475211585471 accept=1
  MFCG: converged (OCA_FTOL: 8 outers < 1.0e-05 rel)
  MFCG: accepts=99 rejects=2 total_matvecs=173 negcurv=0 cand_evals=101 mean_cg_per_outer=1.7
NUMERIC_REPAIR summary rebuilds=0 floor=9.9999999999999998e-17
STCG summary boundaries=82 curvature_boundaries=0 invalid=0 bootstraps=1 metric_seconds=0.006519981 grams=355
  [retry-cache] builds=101 reuses=0
  [menu-backtrack] trials=11 rescues=10 evals=47 total_scored=148
POINT_SAFE summary calls=11 evals=11 wins=1 frozen=4712 seconds=0.026516034
  [scoring] menu_evals=101 alpha_evals=0 backtrack_evals=47 total_scored=148
RESULT algo=mfree_shifted_cg iters=99 final_cost=258003.9942977461 solve_seconds=0.923101
DIAGNOSTICS median_reproj_err_px 3.252455 -> 0.371325 | cheirality_violations(obs) 0 -> 16 | cheirality_violations(pts, of 64053) 0 -> 8
