[R10] --zero_k2: all k2 set to 0 at load
Loaded /workspace/bal/ladybug-49.txt: ncam=49 npt=7776 nobs=31843 n=23622
[R10] --dof9: refining f,k1 per camera (49 cameras)
  [menu-backtrack] active=1 max_evals=8 warmup_accepts=3 confirm_stop=original armijo=1e-4
MIXED_STORAGE fragments=fp32 arithmetic=fp64 state=fp64 acceptance=fp64
  [compact-fragments] active=2 saved_bytes=3311672 storage=fp32 camera_reads=contiguous
  MFCG score_init=850912.46064130287 precision=fp64
PCG_PREP o=0 rebuild=1 drift=0 previous_depth=0
FOLLOW_POINT o=0 mode=1 changed=7776 candidate=26057.366315425403 rho=1.0065396825973378 selected=1
ATTR_RADIUS o=0 raw_norm=367.81718843314763 norm=367.81718843314763 radius=367.81718843314763 next_radius=735.63437686629527 lambda=0.10000000000000001 next_lambda=0.025000000000000001 rho=1.0065396825973378 accept=1
CLASSICAL_LM o=0 lambda=0.10000000000000001 tau=0.10000000000000001 prediction=819495.85156679561 rho=1.0065396825973378 accept=1
  MFCG it   1 cost=2.605737e+04 lam=2.500e-02 tau=0.00e+00 cg_it=0 shift=0 ckpt=1 alpha=0 acc mv=2
PCG_PREP o=1 rebuild=1 drift=0 previous_depth=1
FOLLOW_POINT o=1 mode=1 changed=7776 candidate=18260.276633421483 rho=1.0056505592783374 selected=1
ATTR_RADIUS o=1 raw_norm=254.83859603762855 norm=254.83859603762855 radius=735.63437686629527 next_radius=735.63437686629527 lambda=0.025000000000000001 next_lambda=0.0025000000000000005 rho=1.0056505592783374 accept=1
CLASSICAL_LM o=1 lambda=0.025000000000000001 tau=0.025000000000000001 prediction=7753.2793176182113 rho=1.0056505592783374 accept=1
  MFCG it   2 cost=1.826028e+04 lam=2.500e-03 tau=0.00e+00 cg_it=5 shift=0 ckpt=6 alpha=0 acc mv=9
PCG_PREP o=2 rebuild=1 drift=0 previous_depth=6
FOLLOW_POINT o=2 mode=1 changed=7776 candidate=15346.552131475264 rho=1.0008626659780477 selected=1
ATTR_RADIUS o=2 raw_norm=525.14158924237051 norm=525.14158924237051 radius=735.63437686629527 next_radius=735.63437686629527 lambda=0.0025000000000000005 next_lambda=0.00025000000000000006 rho=1.0008626659780477 accept=1
CLASSICAL_LM o=2 lambda=0.0025000000000000005 tau=0.0025000000000000005 prediction=2911.2130974521997 rho=1.0008626659780477 accept=1
  MFCG it   3 cost=1.534655e+04 lam=2.500e-04 tau=0.00e+00 cg_it=3 shift=0 ckpt=4 alpha=0 acc mv=14
PCG_PREP o=3 rebuild=1 drift=0 previous_depth=4
FOLLOW_POINT o=3 mode=1 changed=7776 candidate=14205.013045915082 rho=1.009296500410648 selected=1
ATTR_RADIUS o=3 raw_norm=807.02276406892884 norm=735.63437686629538 radius=735.63437686629527 next_radius=1471.2687537325905 lambda=0.00025000000000000006 next_lambda=6.2500000000000015e-05 rho=1.009296500410648 accept=1
CLASSICAL_LM o=3 lambda=0.00025000000000000006 tau=0.00025000000000000006 prediction=1131.0245156856572 rho=1.009296500410648 accept=1
  MFCG it   4 cost=1.420501e+04 lam=6.250e-05 tau=0.00e+00 cg_it=5 shift=0 ckpt=6 alpha=0 acc mv=21
PCG_PREP o=4 rebuild=1 drift=0 previous_depth=6
FOLLOW_POINT o=4 mode=1 changed=7776 candidate=13828.149089332703 rho=1.0596210035410303 selected=1
ATTR_RADIUS o=4 raw_norm=572.42409160735667 norm=572.42409160735667 radius=1471.2687537325905 next_radius=1471.2687537325905 lambda=6.2500000000000015e-05 next_lambda=6.250000000000002e-06 rho=1.0596210035410303 accept=1
CLASSICAL_LM o=4 lambda=6.2500000000000015e-05 tau=6.2500000000000015e-05 prediction=355.65919826332208 rho=1.0596210035410303 accept=1
  MFCG it   5 cost=1.382815e+04 lam=6.250e-06 tau=0.00e+00 cg_it=8 shift=0 ckpt=9 alpha=0 acc mv=31
PCG_PREP o=5 rebuild=1 drift=0 previous_depth=9
POINT_SAFE o=5 frozen=0 slope=-282.02764296813928 candidate=inf original=13762.309874616407 current=13828.149089332703 won=0 mode=1 camera_scale=1 keep_scale=0
FOLLOW_POINT o=5 mode=1 changed=7776 candidate=13717.432318666111 rho=2.832480642748628 selected=1
ATTR_RADIUS o=5 raw_norm=845.95622127844422 norm=422.97811063922211 radius=1471.2687537325905 next_radius=1471.2687537325905 lambda=6.250000000000002e-06 next_lambda=6.2500000000000026e-07 rho=2.832480642748628 accept=1
CLASSICAL_LM o=5 lambda=6.250000000000002e-06 tau=6.250000000000002e-06 prediction=39.088270894290133 rho=2.832480642748628 accept=1
  MFCG it   6 cost=1.371743e+04 lam=6.250e-07 tau=0.00e+00 cg_it=23 shift=0 ckpt=24 alpha=0 acc mv=56
PCG_PREP o=6 rebuild=1 drift=0 previous_depth=24
POINT_SAFE o=6 frozen=0 slope=-265.50352335103247 candidate=inf original=13701.552763152638 current=13717.432318666111 won=0 mode=1 camera_scale=1 keep_scale=0
FOLLOW_POINT o=6 mode=1 changed=7776 candidate=13685.27441166501 rho=7.1461634992959953 selected=1
ATTR_RADIUS o=6 raw_norm=1207.8358091635534 norm=150.97947614544418 radius=1471.2687537325905 next_radius=1471.2687537325905 lambda=6.2500000000000026e-07 next_lambda=6.2500000000000024e-08 rho=7.1461634992959953 accept=1
CLASSICAL_LM o=6 lambda=6.2500000000000026e-07 tau=6.2500000000000026e-07 prediction=4.5000239645047628 rho=7.1461634992959953 accept=1
  MFCG it   7 cost=1.368527e+04 lam=6.250e-08 tau=0.00e+00 cg_it=23 shift=0 ckpt=24 alpha=0 acc mv=81
PCG_PREP o=7 rebuild=1 drift=0 previous_depth=24
POINT_SAFE o=7 frozen=0 slope=-290.57388154051205 candidate=inf original=13671.343068929016 current=13685.27441166501 won=0 mode=1 camera_scale=1 keep_scale=0
FOLLOW_POINT o=7 mode=1 changed=7776 candidate=13667.402828982573 rho=1.4738549428287917 selected=1
ATTR_RADIUS o=7 raw_norm=2083.0812793418354 norm=91.954297108286909 radius=1471.2687537325905 next_radius=1471.2687537325905 lambda=6.2500000000000024e-08 next_lambda=6.250000000000003e-09 rho=1.4738549428287917 accept=1
CLASSICAL_LM o=7 lambda=6.2500000000000024e-08 tau=6.2500000000000024e-08 prediction=12.125740575348683 rho=1.4738549428287917 accept=1
  MFCG it   8 cost=1.366740e+04 lam=6.250e-09 tau=0.00e+00 cg_it=32 shift=0 ckpt=33 alpha=0 acc mv=115
PCG_PREP o=8 rebuild=1 drift=0 previous_depth=33
POINT_SAFE o=8 frozen=0 slope=-266.78494933691729 candidate=inf original=13654.326853447576 current=13667.402828982573 won=0 mode=1 camera_scale=1 keep_scale=0
FOLLOW_POINT o=8 mode=1 changed=7776 candidate=13651.060392944557 rho=1.5071551095703204 selected=1
ATTR_RADIUS o=8 raw_norm=2734.8878165508654 norm=91.95429710828688 radius=1471.2687537325905 next_radius=1471.2687537325905 lambda=6.250000000000003e-09 next_lambda=6.2500000000000032e-10 rho=1.5071551095703204 accept=1
CLASSICAL_LM o=8 lambda=6.250000000000003e-09 tau=6.250000000000003e-09 prediction=10.843234338816655 rho=1.5071551095703204 accept=1
  MFCG it   9 cost=1.365106e+04 lam=6.250e-10 tau=0.00e+00 cg_it=54 shift=0 ckpt=55 alpha=0 acc mv=171
PCG_PREP o=9 rebuild=1 drift=0 previous_depth=55
POINT_SAFE o=9 frozen=0 slope=-258.1680553349529 candidate=inf original=13639.644895531697 current=13651.060392944557 won=0 mode=1 camera_scale=1 keep_scale=0
FOLLOW_POINT o=9 mode=1 changed=7776 candidate=13635.478907388448 rho=3.1520714587975962 selected=1
ATTR_RADIUS o=9 raw_norm=2689.9487417633072 norm=91.954297108286909 radius=1471.2687537325905 next_radius=1471.2687537325905 lambda=6.2500000000000032e-10 next_lambda=6.250000000000003e-11 rho=3.1520714587975962 accept=1
CLASSICAL_LM o=9 lambda=6.2500000000000032e-10 tau=6.2500000000000032e-10 prediction=4.9432526387117868 rho=3.1520714587975962 accept=1
  MFCG it  10 cost=1.363548e+04 lam=6.250e-11 tau=0.00e+00 cg_it=55 shift=0 ckpt=56 alpha=0 acc mv=228
PCG_PREP o=10 rebuild=1 drift=0 previous_depth=56
POINT_SAFE o=10 frozen=0 slope=-250.25208752133159 candidate=inf original=13626.551679748245 current=13635.478907388448 won=0 mode=1 camera_scale=1 keep_scale=0
FOLLOW_POINT o=10 mode=1 changed=7776 candidate=13620.875642427271 rho=-1 selected=0
ATTR_RADIUS o=10 raw_norm=2528.7396911815031 norm=91.95429710828688 radius=1471.2687537325905 next_radius=1471.2687537325905 lambda=6.250000000000003e-11 next_lambda=6.2500000000000035e-12 rho=0.58103528483940492 accept=1
CLASSICAL_LM o=10 lambda=6.250000000000003e-11 tau=6.250000000000003e-11 prediction=15.36434683595848 rho=0.58103528483940492 accept=1
  MFCG it  11 cost=1.362655e+04 lam=6.250e-12 tau=0.00e+00 cg_it=54 shift=0 ckpt=55 alpha=0 acc mv=284
PCG_PREP o=11 rebuild=1 drift=0 previous_depth=55
POINT_SAFE o=11 frozen=0 slope=-260.984181877933 candidate=inf original=13623.771914261446 current=13626.551679748245 won=0 mode=1 camera_scale=1 keep_scale=0
FOLLOW_POINT o=11 mode=1 changed=7776 candidate=13613.630905659662 rho=-1 selected=0
ATTR_RADIUS o=11 raw_norm=1683.3018138083141 norm=45.977148554143454 radius=1471.2687537325905 next_radius=1471.2687537325905 lambda=6.2500000000000035e-12 next_lambda=6.2500000000000037e-13 rho=0.34545635506815192 accept=1
CLASSICAL_LM o=11 lambda=6.2500000000000035e-12 tau=6.2500000000000035e-12 prediction=8.046647415852819 rho=0.34545635506815192 accept=1
  MFCG it  12 cost=1.362377e+04 lam=6.250e-13 tau=0.00e+00 cg_it=30 shift=0 ckpt=31 alpha=0 acc mv=316
PCG_PREP o=12 rebuild=1 drift=0 previous_depth=31
POINT_SAFE o=12 frozen=0 slope=-263.03399252049417 candidate=inf original=13623.383653723438 current=13623.771914261446 won=0 mode=1 camera_scale=1 keep_scale=0
FOLLOW_POINT o=12 mode=1 changed=7776 candidate=13607.078847780187 rho=-1 selected=0
ATTR_RADIUS o=12 raw_norm=1571.3377138644562 norm=45.977148554143454 radius=1471.2687537325905 next_radius=367.81718843314763 lambda=6.2500000000000037e-13 next_lambda=1.0000000000000006e-11 rho=0.047939603587093475 accept=0
CLASSICAL_LM o=12 lambda=6.2500000000000037e-13 tau=6.2500000000000037e-13 prediction=8.0989517842446332 rho=0.047939603587093475 accept=0
  MFCG it  13  retry 1/8  lam=1.000e-11 tau_eff=6.250e-13  (assembly reused)
PCG_PREP o=12 rebuild=1 drift=0 previous_depth=30
POINT_SAFE o=12 frozen=0 slope=-82.177472714466205 candidate=inf original=13621.562122201585 current=13623.771914261446 won=0 mode=1 camera_scale=1 keep_scale=0
FOLLOW_POINT o=12 mode=1 changed=7776 candidate=13607.016343198864 rho=-1 selected=0
ATTR_RADIUS o=12 raw_norm=1568.1838834724642 norm=45.977148554143454 radius=367.81718843314763 next_radius=91.954297108286909 lambda=1.0000000000000006e-11 next_lambda=1.6000000000000009e-10 rho=0.22117764364873099 accept=1
CLASSICAL_LM o=12 lambda=1.0000000000000006e-11 tau=1.0000000000000006e-11 prediction=9.9910281319856757 rho=0.22117764364873099 accept=1
  MFCG it  13 cost=1.362156e+04 lam=1.600e-10 tau=0.00e+00 cg_it=29 shift=0 ckpt=30 alpha=0 acc mv=378
PCG_PREP o=13 rebuild=1 drift=0 previous_depth=30
POINT_SAFE o=13 frozen=0 slope=-45.620823742653627 candidate=inf original=13613.230963755572 current=13621.562122201585 won=0 mode=1 camera_scale=1 keep_scale=0
FOLLOW_POINT o=13 mode=1 changed=7776 candidate=13600.874834860246 rho=-1 selected=0
ATTR_RADIUS o=13 raw_norm=1056.5782445419147 norm=45.977148554143447 radius=91.954297108286909 next_radius=91.954297108286909 lambda=1.6000000000000009e-10 next_lambda=1.6000000000000009e-11 rho=0.44216468515608442 accept=1
CLASSICAL_LM o=13 lambda=1.6000000000000009e-10 tau=1.6000000000000009e-10 prediction=18.841754499395464 rho=0.44216468515608442 accept=1
  MFCG it  14 cost=1.361323e+04 lam=1.600e-11 tau=0.00e+00 cg_it=25 shift=0 ckpt=26 alpha=0 acc mv=405
PCG_PREP o=14 rebuild=1 drift=0 previous_depth=26
POINT_SAFE o=14 frozen=0 slope=-42.142113355814658 candidate=inf original=13609.698084910591 current=13613.230963755572 won=0 mode=1 camera_scale=1 keep_scale=0
FOLLOW_POINT o=14 mode=1 changed=7776 candidate=13596.320001175718 rho=-1 selected=0
ATTR_RADIUS o=14 raw_norm=962.67014149166346 norm=45.977148554143454 radius=91.954297108286909 next_radius=22.988574277071727 lambda=1.6000000000000009e-11 next_lambda=2.5600000000000015e-10 rho=0.20333604335261818 accept=1
CLASSICAL_LM o=14 lambda=1.6000000000000009e-11 tau=1.6000000000000009e-11 prediction=17.374582423904027 rho=0.20333604335261818 accept=1
  MFCG it  15 cost=1.360970e+04 lam=2.560e-10 tau=0.00e+00 cg_it=25 shift=0 ckpt=26 alpha=0 acc mv=432
PCG_PREP o=15 rebuild=1 drift=0 previous_depth=26
FOLLOW_POINT o=15 mode=1 changed=7776 candidate=13594.091700906822 rho=-1 selected=0
ATTR_RADIUS o=15 raw_norm=840.77061829554566 norm=22.988574277071731 radius=22.988574277071727 next_radius=22.988574277071727 lambda=2.5600000000000015e-10 next_lambda=2.5600000000000015e-10 rho=0.43541133762299622 accept=1
CLASSICAL_LM o=15 lambda=2.5600000000000015e-10 tau=2.5600000000000015e-10 prediction=20.648312915534092 rho=0.43541133762299622 accept=1
  MFCG it  16 cost=1.360071e+04 lam=2.560e-10 tau=0.00e+00 cg_it=24 shift=0 ckpt=25 alpha=0 acc mv=458
PCG_PREP o=16 re[R9] wrote /tmp/prism-ba-coarse/research/champion_point_followup/evidence/screen/ladybug-49-polish-2/curve.csv
build=1 drift=0 previous_depth=25
FOLLOW_POINT o=16 mode=1 changed=7776 candidate=13592.362558037546 rho=-1 selected=0
ATTR_RADIUS o=16 raw_norm=431.82627510019711 norm=22.988574277071727 radius=22.988574277071727 next_radius=5.7471435692679318 lambda=2.5600000000000015e-10 next_lambda=4.0960000000000024e-09 rho=0.030718997741640781 accept=0
CLASSICAL_LM o=16 lambda=2.5600000000000015e-10 tau=2.5600000000000015e-10 prediction=14.188895189909974 rho=0.030718997741640781 accept=0
  MFCG it  17  retry 1/8  lam=4.096e-09 tau_eff=2.560e-10  (assembly reused)
PCG_PREP o=16 rebuild=1 drift=0 previous_depth=22
FOLLOW_POINT o=16 mode=1 changed=7776 candidate=13592.230963150538 rho=-1 selected=0
ATTR_RADIUS o=16 raw_norm=26.302531988431795 norm=5.7471435692679309 radius=5.7471435692679318 next_radius=5.7471435692679318 lambda=4.0960000000000024e-09 next_lambda=4.0960000000000024e-09 rho=0.47981906427111642 accept=1
CLASSICAL_LM o=16 lambda=4.0960000000000024e-09 tau=4.0960000000000024e-09 prediction=10.01883526868879 rho=0.47981906427111642 accept=1
  MFCG it  17 cost=1.359590e+04 lam=4.096e-09 tau=0.00e+00 cg_it=3 shift=0 ckpt=4 alpha=0 acc mv=486
PCG_PREP o=17 rebuild=1 drift=0 previous_depth=4
FOLLOW_POINT o=17 mode=1 changed=7775 candidate=13591.621170105574 rho=-1 selected=0
ATTR_RADIUS o=17 raw_norm=273.19668591133211 norm=5.7471435692679318 radius=5.7471435692679318 next_radius=5.7471435692679318 lambda=4.0960000000000024e-09 next_lambda=4.0960000000000024e-09 rho=0.7405454795016827 accept=1
CLASSICAL_LM o=17 lambda=4.0960000000000024e-09 tau=4.0960000000000024e-09 prediction=4.2942918251740032 rho=0.7405454795016827 accept=1
  MFCG it  18 cost=1.359272e+04 lam=4.096e-09 tau=0.00e+00 cg_it=14 shift=0 ckpt=15 alpha=0 acc mv=502
PCG_PREP o=18 rebuild=1 drift=0 previous_depth=15
FOLLOW_POINT o=18 mode=1 changed=7776 candidate=13591.036483112417 rho=1.267203423299573 selected=1
ATTR_RADIUS o=18 raw_norm=272.64807829747122 norm=5.7471435692679318 radius=5.7471435692679318 next_radius=11.494287138535864 lambda=4.0960000000000024e-09 next_lambda=1.0240000000000006e-09 rho=1.267203423299573 accept=1
CLASSICAL_LM o=18 lambda=4.0960000000000024e-09 tau=4.0960000000000024e-09 prediction=1.328709864969229 rho=1.267203423299573 accept=1
TARGET reached outer=19 seconds=0.151370780 cost=13591.036483112417 threshold=13591.568354279514
  MFCG: accepts=19 rejects=2 total_matvecs=518 negcurv=0 cand_evals=21 mean_cg_per_outer=27.3
NUMERIC_REPAIR summary rebuilds=0 floor=9.9999999999999998e-17
  [retry-cache] builds=21 reuses=0
  [menu-backtrack] trials=11 rescues=11 evals=35 total_scored=56
FOLLOW_POINT summary calls=21 wins=11 changed=163295 seconds=0.029840384
POINT_SAFE summary calls=11 evals=0 wins=0 frozen=0 seconds=0.003388101
  [scoring] menu_evals=21 alpha_evals=0 backtrack_evals=35 total_scored=56
RESULT algo=mfree_shifted_cg iters=19 final_cost=13591.0364831124 solve_seconds=0.152016
DIAGNOSTICS median_reproj_err_px 1.479478 -> 0.387064 | cheirality_violations(obs) 31 -> 31 | cheirality_violations(pts, of 7776) 10 -> 10
