  [menu-backtrack] active=1 max_evals=8 warmup_accepts=3 confirm_stop=original armijo=1e-4
MIXED_STORAGE fragments=fp32 arithmetic=fp64 state=fp64 acceptance=fp64
  [compact-fragments] active=2 saved_bytes=171996448 storage=fp32 camera_reads=contiguous
  MFCG score_init=90993342.024340242 precision=fp64
PCG_PREP o=0 rebuild=1 drift=0 previous_depth=0
ATTR_RADIUS o=0 raw_norm=8861.1709887307607 norm=8861.1709887307588 radius=8861.1709887307607 next_radius=17722.341977461521 lambda=0.10000000000000001 next_lambda=0.025000000000000001 rho=0.99545080656082607 accept=1
CLASSICAL_LM o=0 lambda=0.10000000000000001 tau=0.10000000000000001 prediction=83412716.699059024 rho=0.99545080656082607 accept=1
  MFCG it   1 cost=7.960086e+06 lam=2.500e-02 tau=0.00e+00 cg_it=0 shift=0 ckpt=1 alpha=0 acc mv=2
PCG_PREP o=1 rebuild=1 drift=0 previous_depth=1
ATTR_RADIUS o=1 raw_norm=4659.7121206778047 norm=4659.7121206778047 radius=17722.341977461521 next_radius=17722.341977461521 lambda=0.025000000000000001 next_lambda=0.0025000000000000005 rho=0.99453896506500283 accept=1
CLASSICAL_LM o=1 lambda=0.025000000000000001 tau=0.025000000000000001 prediction=4259951.5107679581 rho=0.99453896506500283 accept=1
  MFCG it   2 cost=3.723398e+06 lam=2.500e-03 tau=0.00e+00 cg_it=4 shift=0 ckpt=5 alpha=0 acc mv=8
PCG_PREP o=2 rebuild=1 drift=0 previous_depth=5
ATTR_RADIUS o=2 raw_norm=6975.6779789558195 norm=6975.6779789558195 radius=17722.341977461521 next_radius=17722.341977461521 lambda=0.0025000000000000005 next_lambda=0.00025000000000000006 rho=0.87051061466545954 accept=1
CLASSICAL_LM o=2 lambda=0.0025000000000000005 tau=0.0025000000000000005 prediction=1234099.558071746 rho=0.87051061466545954 accept=1
  MFCG it   3 cost=2.649101e+06 lam=2.500e-04 tau=0.00e+00 cg_it=9 shift=0 ckpt=10 alpha=0 acc mv=19
PCG_PREP o=3 rebuild=1 drift=0 previous_depth=10
ATTR_RADIUS o=3 raw_norm=10922.542500248024 norm=10922.542500248024 radius=17722.341977461521 next_radius=17722.341977461521 lambda=0.00025000000000000006 next_lambda=2.5000000000000008e-05 rho=0.71461554947709471 accept=1
CLASSICAL_LM o=3 lambda=0.00025000000000000006 tau=0.00025000000000000006 prediction=596515.3122668888 rho=0.71461554947709471 accept=1
  MFCG it   4 cost=2.222822e+06 lam=2.500e-05 tau=0.00e+00 cg_it=0 shift=0 ckpt=1 alpha=0 acc mv=21
PCG_PREP o=4 rebuild=1 drift=0 previous_depth=1
POINT_SAFE o=4 frozen=1341 slope=-336469.80094633391 candidate=2043410.2341750816 original=2072225.5020092346 current=2222822.2595834793 won=1 mode=1 camera_scale=1 keep_scale=0
ATTR_RADIUS o=4 raw_norm=25300.156643351696 norm=17722.341977461514 radius=17722.341977461521 next_radius=35444.683954923043 lambda=2.5000000000000008e-05 next_lambda=6.250000000000002e-06 rho=0.91745239767701414 accept=1
CLASSICAL_LM o=4 lambda=2.5000000000000008e-05 tau=2.5000000000000008e-05 prediction=195554.5877504579 rho=0.91745239767701414 accept=1
  MFCG it   5 cost=2.043410e+06 lam=6.250e-06 tau=0.00e+00 cg_it=1 shift=0 ckpt=2 alpha=0 acc mv=24
PCG_PREP o=5 rebuild=1 drift=0 previous_depth=2
POINT_SAFE o=5 frozen=1597 slope=-207541.10851517229 candidate=2178472.3596029636 original=2002349.3956441064 current=2043410.2341750816 won=0 mode=1 camera_scale=1 keep_scale=0
ATTR_RADIUS o=5 raw_norm=42981.157652937567 norm=4430.5854943653803 radius=35444.683954923043 next_radius=35444.683954923043 lambda=6.250000000000002e-06 next_lambda=6.2500000000000026e-07 rho=0.91576827490642931 accept=1
CLASSICAL_LM o=5 lambda=6.250000000000002e-06 tau=6.250000000000002e-06 prediction=44837.585725680052 rho=0.91576827490642931 accept=1
  MFCG it   6 cost=2.002349e+06 lam=6.250e-07 tau=0.00e+00 cg_it=7 shift=0 ckpt=8 alpha=0 acc mv=33
PCG_PREP o=6 rebuild=1 drift=0 previous_depth=8
POINT_SAFE o=6 frozen=1716 slope=-116974.7350316011 candidate=4314521.432932646 original=1975663.8267013005 current=2002349.3956441064 won=0 mode=1 camera_scale=1 keep_scale=0
ATTR_RADIUS o=6 raw_norm=69292.851066423333 norm=8861.1709887307643 radius=35444.683954923043 next_radius=35444.683954923043 lambda=6.2500000000000026e-07 next_lambda=6.2500000000000024e-08 rho=0.4625311664719412 accept=1
CLASSICAL_LM o=6 lambda=6.2500000000000026e-07 tau=6.2500000000000026e-07 prediction=57694.639577168527 rho=0.4625311664719412 accept=1
  MFCG it   7 cost=1.975664e+06 lam=6.250e-08 tau=0.00e+00 cg_it=5 shift=0 ckpt=6 alpha=0 acc mv=40
PCG_PREP o=7 rebuild=1 drift=0 previous_depth=6
POINT_SAFE o=7 frozen=798 slope=-57408.530018699712 candidate=13242326.318216428 original=1975322.7310708347 current=1975663.8267013005 won=0 mode=1 camera_scale=1 keep_scale=0
ATTR_RADIUS o=7 raw_norm=76151.609114242543 norm=35444.683954923035 radius=35444.683954923043 next_radius=8861.1709887307607 lambda=6.2500000000000024e-08 next_lambda=1.0000000000000004e-06 rho=0.065512795946128369 accept=0
CLASSICAL_LM o=7 lambda=6.2500000000000024e-08 tau=6.2500000000000024e-08 prediction=5206.549736424915 rho=0.065512795946128369 accept=0
  MFCG it   8  retry 1/8  lam=1.000e-06 tau_eff=6.250e-08  (assembly reused)
PCG_PREP o=7 rebuild=1 drift=0 previous_depth=1
POINT_SAFE o=7 frozen=282 slope=-50334.156107233823 candidate=2003567.1728646872 original=1975139.3500474487 current=1975663.8267013005 won=0 mode=1 camera_scale=1 keep_scale=0
ATTR_RADIUS o=7 raw_norm=30686.304471041192 norm=69.227898349459082 radius=8861.1709887307607 next_radius=8861.1709887307607 lambda=1.0000000000000004e-06 next_lambda=1.0000000000000005e-07 rho=0.4173654594332199 accept=1
CLASSICAL_LM o=7 lambda=1.0000000000000004e-06 tau=1.0000000000000004e-06 prediction=1256.6364609185391 rho=0.4173654594332199 accept=1
  MFCG it   8 cost=1.975139e+06 lam=1.000e-07 tau=0.00e+00 cg_it=0 shift=0 ckpt=1 alpha=0 acc mv=44
PCG_PREP o=8 rebuild=1 drift=0 previous_depth=1
POINT_SAFE o=8 frozen=170 slope=-43883.96919495528 candidate=2040338.8522812359 original=1974911.6630728818 current=1975139.3500474487 won=0 mode=1 camera_scale=1 keep_scale=0
ATTR_RADIUS o=8 raw_norm=67407.638729809216 norm=34.613949174729541 radius=8861.1709887307607 next_radius=8861.1709887307607 lambda=1.0000000000000005e-07 next_lambda=1.0000000000000005e-08 rho=0.37701933658342607 accept=1
CLASSICAL_LM o=8 lambda=1.0000000000000005e-07 tau=1.0000000000000005e-07 prediction=603.91325450362785 rho=0.37701933658342607 accept=1
  MFCG it   9 cost=1.974912e+06 lam=1.000e-08 tau=0.00e+00 cg_it=0 shift=0 ckpt=1 alpha=0 acc mv=46
PCG_PREP o=9 rebuild=1 drift=0 previous_depth=1
POINT_SAFE o=9 frozen=127 slope=-41617.890097465381 candidate=1986748.5220903445 original=inf current=1974911.6630728818 won=0 mode=1 camera_scale=1 keep_scale=0
ATTR_RADIUS o=9 raw_norm=110776.57956374605 norm=8861.1709887307625 radius=8861.1709887307607 next_radius=2215.2927471826902 lambda=1.0000000000000005e-08 next_lambda=1.6000000000000008e-07 rho=-1 accept=0
CLASSICAL_LM o=9 lambda=1.0000000000000005e-08 tau=1.0000000000000005e-08 prediction=22295.258799863412 rho=-1 accept=0
  MFCG it  10  retry 1/8  lam=1.600e-07 tau_eff=1.000e-08  (assembly reused)
PCG_PREP o=9 rebuild=1 drift=0 previous_depth=1
POINT_SAFE o=9 frozen=50 slope=-39842.328947587237 candidate=1958789.3978926092 original=inf current=1974911.6630728818 won=1 mode=1 camera_scale=1 keep_scale=0
ATTR_RADIUS o=9 raw_norm=59141.913758903334 norm=2215.2927471826897 radius=2215.2927471826902 next_radius=4430.5854943653803 lambda=1.6000000000000008e-07 next_lambda=4.0000000000000021e-08 rho=0.78037254057589112 accept=1
CLASSICAL_LM o=9 lambda=1.6000000000000008e-07 tau=1.6000000000000008e-07 prediction=20659.703336530492 rho=0.78037254057589112 accept=1
  MFCG it  10 cost=1.958789e+06 lam=4.000e-08 tau=0.00e+00 cg_it=0 shift=0 ckpt=1 alpha=0 acc mv=50
PCG_PREP o=10 rebuild=1 drift=0 previous_depth=1
POINT_SAFE o=10 frozen=551 slope=-7203.3100868849851 candidate=1962225.4200077236 original=1958724.4411254127 current=1958789.3978926092 won=0 mode=1 camera_scale=1 keep_scale=0
ATTR_RADIUS o=10 raw_norm=83952.651400912117 norm=17.30697458736476 radius=4430.5854943653803 next_radius=1107.6463735913451 lambda=4.0000000000000021e-08 next_lambda=6.4000000000000033e-07 rho=0.14105882511867349 accept=1
CLASSICAL_LM o=10 lambda=4.0000000000000021e-08 tau=4.0000000000000021e-08 prediction=460.49417427010155 rho=0.14105882511867349 accept=1
  MFCG it  11 cost=1.958724e+06 lam=6.400e-07 tau=0.00e+00 cg_it=0 shift=0 ckpt=1 alpha=0 acc mv=52
PCG_PREP o=11 rebuild=1 drift=0 previous_depth=1
POINT_SAFE o=11 frozen=262 slope=-6076.5481133858148 candidate=1956445.6048632725 original=inf current=1958724.4411254127 won=1 mode=1 camera_scale=1 keep_scale=0
ATTR_RADIUS o=11 raw_norm=38558.763304520602 norm=1107.6463735913451 radius=1107.6463735913451 next_radius=1107.6463735913451 lambda=6.4000000000000033e-07 next_lambda=6.4000000000000033e-07 rho=0.61720841457538866 accept=1
CLASSICAL_LM o=11 lambda=6.4000000000000033e-07 tau=6.4000000000000033e-07 prediction=3692.1665491354747 rho=0.61720841457538866 accept=1
  MFCG it  12 cost=1.956446e+06 lam=6.400e-07 tau=0.00e+00 cg_it=0 shift=0 ckpt=1 alpha=0 acc mv=54
PCG_PREP o=12 rebuild=1 drift=0 previous_depth=1
POINT_SAFE o=12 frozen=250 slope=-3207.3782237714354 candidate=1955282.3458269602 original=1956291.405947719 current=1956445.6048632725 won=1 mode=1 camera_scale=1 keep_scale=0
ATTR_RADIUS o=12 raw_norm=37201.539976519525 norm=1107.6463735913455 radius=1107.6463735913451 next_radius=1107.6463735913451 lambda=6.4000000000000033e-07 next_lambda=6.4000000000000033e-07 rho=0.51672589728985652 accept=1
CLASSICAL_LM o=12 lambda=6.4000000000000033e-07 tau=6.4000000000000033e-07 prediction=2251.2110238976802 rho=0.51672589728985652 accept=1
  MFCG it  13 cost=1.955282e+06 lam=6.400e-07 tau=0.00e+00 cg_it=0 shift=0 ckpt=1 alpha=0 acc mv=56
PCG_PREP o=13 rebuild=1 drift=0 previous_depth=1
POINT_SAFE o=13 frozen=198 slope=-2416.7662101821079 candidate=1954469.8167107834 original=1955084.3414077687 current=1955282.3458269602 won=1 mode=1 camera_scale=1 keep_scale=0
ATTR_RADIUS o=13 raw_norm=37023.445753423388 norm=1107.6463735913451 radius=1107.6463735913451 next_radius=1107.6463735913451 lambda=6.4000000000000033e-07 next_lambda=6.4000000000000033e-07 rho=0.43985374766984309 accept=1
CLASSICAL_LM o=13 lambda=6.4000000000000033e-07 tau=6.4000000000000033e-07 prediction=1847.2710997262132 rho=0.43985374766984309 accept=1
  MFCG it  14 cost=1.954470e+06 lam=6.400e-07 tau=0.00e+00 cg_it=0 shift=0 ckpt=1 alpha=0 acc mv=58
PCG_PREP o=14 rebuild=1 drift=0 previous_depth=1
POINT_SAFE o=14 frozen=176 slope=-1824.9146748562698 candidate=1953749.6419297461 original=1954040.8456221418 current=1954469.8167107834 won=1 mode=1 camera_scale=1 keep_scale=0
ATTR_RADIUS o=14 raw_norm=36854.70600110729 norm=1107.6463735913453 radius=1107.6463735913451 next_radius=1107.6463735913451 lambda=6.4000000000000033e-07 next_lambda=6.4000000000000033e-07 rho=0.44496923799265214 accept=1
CLASSICAL_LM o=14 lambda=6.4000000000000033e-07 tau=6.4000000000000033e-07 prediction=1618.4821770738995 rho=0.44496923799265214 accept=1
  MFCG it  15 cost=1.953750e+06 lam=6.400e-07 tau=0.00e+00 cg_it=0 shift=0 ckpt=1 alpha=0 acc mv=60
PCG_PREP o=15 rebuild=1 drift=0 previous_depth=1
POINT_SAFE o=15 frozen=159 slope=-1562.1479007822563 candidate=1952973.4764548328 original=1953279.0947853997 current=1953749.6419297461 won=1 mode=1 camera_scale=1 keep_scale=0
ATTR_RADIUS o=15 raw_norm=36638.157001802501 norm=1107.6463735913451 radius=1107.6463735913451 next_radius=1107.6463735913451 lambda=6.4000000000000033e-07 next_lambda=6.4000000000000033e-07 rho=0.55185139080244916 accept=1
CLASSICAL_LM o=15 lambda=6.4000000000000033e-07 tau=6.4000000000000033e-07 prediction=1406.4755255662051 rho=0.55185139080244916 accept=1
  MFCG it  16 cost=1.952973e+06 lam=6.400e-07 tau=0.00e+00 cg_it=0 shift=0 ckpt=1 alpha=0 acc mv=62
PCG_PREP o=16 rebuild=1 drift=0 previous_depth=1
POINT_SAFE o=16 frozen=177 slope=-1389.1863239137656 candidate=1952253.4965419855 original=1952222.8753868118 current=1952973.4764548328 won=0 mode=1 camera_scale=1 keep_scale=0
ATTR_RADIUS o=16 raw_norm=36339.227610748669 norm=17.306974587364774 radius=1107.6463735913451 next_radius=1107.6463735913451 lambda=6.4000000000000033e-07 next_lambda=6.400000000000003e-08 rho=0.43121969561955986 accept=1
CLASSICAL_LM o=16 lambda=6.4000000000000033e-07 tau=6.4000000000000033e-07 prediction=1740.6465327206272 rho=0.43121969561955986 accept=1
  MFCG it  17 cost=1.952223e+06 lam=6.400e-08 tau=0.00e+00 cg_it=0 shift=0 ckpt=1 alpha=0 acc mv=64
PCG_PREP o=17 rebuild=1 drift=0 previous_depth=1
POINT_SAFE o=17 frozen=124 slope=-809.51492119751265 candidate=1952594.6938052103 original=inf current=1952222.8753868118 won=0 mode=1 camera_scale=1 keep_scale=0
ATTR_RADIUS o=17 raw_norm=68037.305723281388 norm=1107.6463735913449 radius=1107.6463735913451 next_radius=276.91159339783627 lambda=6.400000000000003e-08 next_lambda=1.0240000000000005e-06 rho=-1 accept=0
CLASSICAL_LM o=17 lambda=6.400000000000003e-08 tau=6.400000000000003e-08 prediction=751.59760091102589 rho=-1 accept=0
  MFCG it  18  retry 1/8  lam=1.024e-06 tau_eff=6.400e-08  (assembly reused)
PCG_PREP o=17 rebuild=1 drift=0 previous_depth=1
POINT_SAFE o=17 frozen=53 slope=-507.00784692446854 candidate=1951839.3366321081 original=inf current=1952222.8753868118 won=1 mode=1 camera_scale=1 keep_scale=0
ATTR_RADIUS o=17 raw_norm=29430.509377642196 norm=276.91159339783633 radius=276.91159339783627 next_radius=553.82318679567254 lambda=1.0240000000000005e-06 next_lambda=2.5600000000000012e-07 rho=0.85107287934581199 accept=1
CLASSICAL_LM o=17 lambda=1.0240000000000005e-06 tau=1.0240000000000005e-06 prediction=450.65324487665708 rho=0.85107287934581199 accept=1
  MFCG it  18 cost=1.951839e+06 lam=2.560e-07 tau=0.00e+00 cg_it=0 shift=0 ckpt=1 alpha=0 acc mv=68
PCG_PREP o=18 rebuild=1 drift=0 previous_depth=1
POINT_SAFE o=18 frozen=534 slope=-501.35189870990035 candidate=1951527.4833404054 original=inf current=1951839.3366321081 won=1 mode=1 camera_scale=1 keep_scale=0
ATTR_RADIUS o=18 raw_norm=48523.278361818186 norm=553.82318679567265 radius=553.82318679567254 next_radius=553.82318679567254 lambda=2.5600000000000012e-07 next_lambda=2.5600000000000012e-07 rho=0.63648867345789528 accept=1
CLASSICAL_LM o=18 lambda=2.5600000000000012e-07 tau=2.5600000000000012e-07 prediction=489.95890218825582 rho=0.63648867345789528 accept=1
  MFCG it  19 cost=1.951527e+06 lam=2.560e-07 tau=0.00e+00 cg_it=0 shift=0 ckpt=1 alpha=0 acc mv=70
PCG_PREP o=19 rebuild=1 drift=0 previous_depth=1
POINT_SAFE o=19 frozen=189 slope=-484.84052477214425 candidate=1951208.6298311541 original=1951332.7483499707 current=1951527.4833404054 won=1 mode=1 camera_scale=1 keep_scale=0
ATTR_RADIUS o=19 raw_norm=48323.632907926352 norm=553.823186795673 radius=553.82318679567254 next_radius=553.82318679567254 lambda=2.5600000000000012e-07 next_lambda=2.5600000000000012e-07 rho=0.66377222851755779 accept=1
CLASSICAL_LM o=19 lambda=2.5600000000000012e-07 tau=2.5600000000000012e-07 prediction=480.36584772968848 rho=0.66377222851755779 accept=1
  MFCG it  20 cost=1.951209e+06 lam=2.560e-07 tau=0.00e+00 cg_it=0 shift=0 ckpt=1 alpha=0 acc mv=72
PCG_PREP o=20 rebuild=1 drift=0 previous_depth=1
POINT_SAFE o=20 frozen=262 slope=-479.15131136689359 candidate=1950889.2572380323 original=1951000.752577018 current=1951208.6298311541 won=1 mode=1 camera_scale=1 keep_scale=0
ATTR_RADIUS o=20 raw_norm=48282.093099629637 norm=553.82318679567231 radius=553.82318679567254 next_radius=553.82318679567254 lambda=2.5600000000000012e-07 next_lambda=2.5600000000000012e-07 rho=0.6714258516303705 accept=1
CLASSICAL_LM o=20 lambda=2.5600000000000012e-07 tau=2.5600000000000012e-07 prediction=475.66323570402994 rho=0.6714258516303705 accept=1
  MFCG it  21 cost=1.950889e+06 lam=2.560e-07 tau=0.00e+00 cg_it=0 shift=0 ckpt=1 alpha=0 acc mv=74
PCG_PREP o=21 rebuild=1 drift=0 previous_depth=1
POINT_SAFE o=21 frozen=150 slope=-477.0246340810483 candidate=1950567.0835800809 original=1950535.345502394 current=1950889.2572380323 won=0 mode=1 camera_scale=1 keep_scale=0
ATTR_RADIUS o=21 raw_norm=48066.012889426478 norm=4.3267436468411908 radius=553.82318679567254 next_radius=553.82318679567254 lambda=2.5600000000000012e-07 next_lambda=2.5600000000000014e-08 rho=0.41322595378279386 accept=1
CLASSICAL_LM o=21 lambda=2.5600000000000012e-07 tau=2.5600000000000012e-07 prediction=856.46056932887154 rho=0.41322595378279386 accept=1
  MFCG it  22 cost=1.950535e+06 lam=2.560e-08 tau=0.00e+00 cg_it=0 shift=0 ckpt=1 alpha=0 acc mv=76
PCG_PREP o=22 rebuild=1 drift=0 previous_depth=1
POINT_SAFE o=22 frozen=98 slope=-292.3898368695385 candidate=1950447.6765974897 original=inf current=1950535.345502394 won=1 mode=1 camera_scale=1 keep_scale=0
ATTR_RADIUS o=22 raw_norm=80617.760409056544 norm=553.82318679567288 radius=553.82318679567254 next_radius=553.82318679567254 lambda=2.5600000000000014e-08 next_lambda=2.5600000000000014e-08 rho=0.30171387960807311 accept=1
CLASSICAL_LM o=22 lambda=2.5600000000000014e-08 tau=2.5600000000000014e-08 prediction=290.56967819365224 rho=0.30171387960807311 accept=1
  MFCG it  23 cost=1.950448e+06 lam=2.560e-08 tau=0.00e+00 cg_it=0 shift=0 ckpt=1 alpha=0 acc mv=78
PCG_PREP o=23 rebuild=1 drift=0 previous_depth=1
POINT_SAFE o=23 frozen=275 slope=-280.90342989966103 candidate=1950262.9823597949 original=1950258.9441854355 current=1950447.6765974897 won=0 mode=1 camera_scale=1 keep_scale=0
ATTR_RADIUS o=23 raw_norm=82504.875663984727 norm=2.1633718234205959 radius=553.82318679567254 next_radius=553.82318679567254 lambda=2.5600000000000014e-08 next_lambda=2.5600000000000015e-09 rho=0.44249535399497997 accept=1
CLASSICAL_LM o=23 lambda=2.5600000000000014e-08 tau=2.5600000000000014e-08 prediction=426.51840375332978 rho=0.44249535399497997 accept=1
  MFCG it  24 cost=1.950259e+06 lam=2.560e-09 tau=0.00e+00 cg_it=0 shift=0 ckpt=1 alpha=0 acc mv=80
PCG_PREP o=24 rebuild=1 drift=0 previous_depth=1
POINT_SAFE o=24 frozen=48 slope=-65.742900868914319 candidate=1950413.2156420003 original=inf current=1950258.9441854355 won=0 mode=1 camera_scale=1 keep_scale=0
ATTR_RADIUS o=24 raw_norm=377955.43412578589 norm=553.82318679567265 radius=553.82318679567254 next_radius=138.45579669891814 lambda=2.5600000000000015e-09 next_lambda=4.0960000000000024e-08 rho=-1 accept=0
CLASSICAL_LM o=24 lambda=2.5600000000000015e-09 tau=2.5600000000000015e-09 prediction=65.180033993622686 rho=-1 accept=0
  MFCG it  25  retry 1/8  lam=4.096e-08 tau_eff=2.560e-09  (assembly reused)
PCG_PREP o=24 rebuild=1 drift=0 previous_depth=1
POINT_SAFE o=24 frozen=57 slope=-75.447477876114135 candidate=1950206.5855444227 original=inf current=1950258.9441854355 won=1 mode=1 camera_scale=1 keep_scale=0
ATTR_RADIUS o=24 raw_norm=77162.202122819319 norm=138.45579669891814 radius=138.45579669891814 next_radius=138.45579669891814 lambda=4.0960000000000024e-08 next_lambda=4.0960000000000024e-08 rho=0.69669588613610622 accept=1
CLASSICAL_LM o=24 lambda=4.0960000000000024e-08 tau=4.0960000000000024e-08 prediction=75.152791992481809 rho=0.69669588613610622 accept=1
  MFCG it  25 cost=1.950207e+06 lam=4.096e-08 tau=0.00e+00 cg_it=0 shift=0 ckpt=1 alpha=0 acc mv=84
PCG_PREP o=25 rebuild=1 drift=0 previous_depth=1
POINT_SAFE o=25 frozen=272 slope=-76.345556484439967 candidate=1950137.6890077721 original=inf current=1950206.5855444227 won=1 mode=1 camera_scale=1 keep_scale=0
ATTR_RADIUS o=25 raw_norm=75513.681314937756 norm=138.45579669891816 radius=138.45579669891814 next_radius=276.91159339783627 lambda=4.0960000000000024e-08 next_lambda=1.0240000000000006e-08 rho=0.90343127006198476 accept=1
CLASSICAL_LM o=25 lambda=4.0960000000000024e-08 tau=4.0960000000000024e-08 prediction=76.260960776656262 rho=0.90343127006198476 accept=1
  MFCG it  26 cost=1.950138e+06 lam=1.024e-08 tau=0.00e+00 cg_it=0 shift=0 ckpt=1 alpha=0 acc mv=86
PCG_PREP o=26 rebuild=1 drift=0 previous_depth=1
POINT_SAFE o=26 frozen=275 slope=-112.69319027708298 candidate=1950045.0113478873 original=inf current=1950137.6890077721 won=1 mode=1 camera_scale=1 keep_scale=0
ATTR_RADIUS o=26 raw_norm=102862.73744835824 norm=276.91159339783616 radius=276.91159339783627 next_radius=553.82318679567254 lambda=1.0240000000000006e-08 next_lambda=2.5600000000000015e-09 rho=0.82370551967641192 accept=1
CLASSICAL_LM o=26 lambda=1.0240000000000006e-08 tau=1.0240000000000006e-08 prediction=112.51309803192964 rho=0.82370551967641192 accept=1
  MFCG it  27 cost=1.950045e+06 lam=2.560e-09 tau=0.00e+00 cg_it=0 shift=0 ckpt=1 alpha=0 acc mv=88
PCG_PREP o=27 rebuild=1 drift=0 previous_depth=1
NUMERIC_REPAIR o=27 lambda=2.5600000000000015e-09 rayleigh=-4.38722316617342e-07 next_lambda=1.765129266469368e-06 cg=1 rebuild=1
PCG_PREP o=27 rebuild=1 drift=0 previous_depth=1
POINT_SAFE o=27 frozen=801 slope=-976.01850859260037 candidate=1949187.6539026462 original=inf current=1950045.0113478873 won=1 mode=1 camera_scale=1 keep_scale=0
ATTR_RADIUS o=27 raw_norm=22688.423667779101 norm=553.82318679567277 radius=553.82318679567254 next_radius=1107.6463735913451 lambda=1.765129266469368e-06 next_lambda=1.765129266469368e-06 rho=0.8901551491372055 accept=1
CLASSICAL_LM o=27 lambda=1.765129266469368e-06 tau=1.765129266469368e-06 prediction=963.15507029554317 rho=0.8901551491372055 accept=1
  MFCG it  28 cost=1.949188e+06 lam=1.765e-06 tau=0.00e+00 cg_it=0 shift=0 ckpt=1 alpha=0 acc mv=92
PCG_PREP o=28 rebuild=1 drift=0 previous_depth=1
POINT_SAFE o=28 frozen=476 slope=-1892.0379682339558 candidate=1947750.4846569197 original=1949052.2231193392 current=1949187.6539026462 won=1 mode=1 camera_scale=1 keep_scale=0
ATTR_RADIUS o=28 raw_norm=22800.474414145723 norm=1107.6463735913453 radius=1107.6463735913451 next_radius=2215.2927471826902 lambda=1.765129266469368e-06 next_lambda=1.765129266469368e-06 rho=0.78022651541303178 accept=1
CLASSICAL_LM o=28 lambda=1.765129266469368e-06 tau=1.765129266469368e-06 prediction=1841.9897521242642 rho=0.78022651541303178 accept=1
  MFCG it  29 cost=1.947750e+06 lam=1.765e-06 tau=0.00e+00 cg_it=0 shift=0 ckpt=1 alpha=0 acc mv=94
PCG_PREP o=29 rebuild=1 drift=0 previous_depth=1
POINT_SAFE o=29 frozen=516 slope=-3650.1525541619694 candidate=1946095.4112956789 original=1947474.9751432673 current=1947750.4846569197 won=1 mode=1 camera_scale=1 keep_scale=0
ATTR_RADIUS o=29 raw_norm=22804.701057488794 norm=2215.2927471826906 radius=2215.2927471826902 next_radius=2215.2927471826902 lambda=1.765129266469368e-06 next_lambda=1.765129266469368e-06 rho=0.47886347716341604 accept=1
CLASSICAL_LM o=29 lambda=1.765129266469368e-06 tau=1.765129266469368e-06 prediction=3456.2530662073982 rho=0.47886347716341604 accept=1
  MFCG it  30 cost=1.946095e+06 lam=1.765e-06 tau=0.00e+00 cg_it=0 shift=0 ckpt=1 alpha=0 acc mv=96
PCG_PREP o=30 rebuild=1 drift=0 previous_depth=1
POINT_SAFE o=30 frozen=214 slope=-3841.6269711007117 candidate=1944832.996962335 original=1945464.7072620073 current=1946095.4112956789 won=1 mode=1 camera_scale=1 keep_scale=0
ATTR_RADIUS o=30 raw_norm=22307.944659772478 norm=2215.2927471826893 radius=2215.2927471826902 next_radius=2215.2927471826902 lambda=1.765129266469368e-06 next_lambda=1.765129266469368e-06 rho=0.35547330648773712 accept=1
CLASSICAL_LM o=30 lambda=1.765129266469368e-06 tau=1.765129266469368e-06 prediction=3551.3618330931454 rho=0.35547330648773712 accept=1
  MFCG it  31 cost=1.944833e+06 lam=1.765e-06 tau=0.00e+00 cg_it=0 shift=0 ckpt=1 alpha=0 acc mv=98
PCG_PREP o=31 rebuild=1 drift=0 previous_depth=1
POINT_SAFE o=31 frozen=144 slope=-3944.2059241056568 candidate=1944328.287663569 original=1943810.6404225694 current=1944832.996962335 won=0 mode=1 camera_scale=1 keep_scale=0
ATTR_RADIUS o=31 raw_norm=22363.896179645406 norm=69.227898349459068 radius=2215.2927471826902 next_radius=2215.2927471826902 lambda=1.765129266469368e-06 next_lambda=1.765129266469368e-06 rho=0.29515957322989617 accept=1
CLASSICAL_LM o=31 lambda=1.765129266469368e-06 tau=1.765129266469368e-06 prediction=3463.741760357218 rho=0.29515957322989617 accept=1
  MFCG it  32 cost=1.943811e+06 lam=1.765e-06 tau=0.00e+00 cg_it=0 shift=0 ckpt=1 alpha=0 acc mv=100
PCG_PREP o=32 rebuild=1 drift=0 previous_depth=1
POINT_SAFE o=32 frozen=155 slope=-4022.0702497339148 candidate=1943720.9161997444 original=1943610.3142385727 current=1943810.6404225694 won=0 mode=1 camera_scale=1 keep_scale=0
ATTR_RADIUS o=32 raw_norm=22183.78019720122 norm=17.306974587364763 radius=2215.2927471826902 next_radius=553.82318679567254 lambda=1.765129266469368e-06 next_lambda=2.8242068263509888e-05 rho=0.23248133959246967 accept=1
CLASSICAL_LM o=32 lambda=1.765129266469368e-06 tau=1.765129266469368e-06 prediction=861.68715453804862 rho=0.23248133959246967 accept=1
  MFCG it  33 cost=1.943610e+06 lam=2.824e-05 tau=0.00e+00 cg_it=0 shift=0 ckpt=1 alpha=0 acc mv=102
PCG_PREP o=33 rebuild=1 drift=0 previous_depth=1
POINT_SAFE o=33 frozen=64 slope=-3306.7154187742935 candidate=1940600.3770817914 original=inf current=1943610.3142385727 won=1 mode=1 camera_scale=1 keep_scale=0
ATTR_RADIUS o=33 raw_norm=6562.1109060564922 norm=553.82318679567277 radius=553.82318679567254 next_radius=1107.6463735913451 lambda=2.8242068263509888e-05 next_lambda=7.0605170658774719e-06 rho=1.0024007261628909 accept=1
CLASSICAL_LM o=33 lambda=2.8242068263509888e-05 tau=2.8242068263509888e-05 prediction=3002.728428083964 rho=1.0024007261628909 accept=1
  MFCG it  34 cost=1.940600e+06 lam=7.061e-06 tau=0.00e+00 cg_it=0 shift=0 ckpt=1 alpha=0 acc mv=104
PCG_PREP o=34 rebuild=1 drift=0 previous_depth=1
POINT_SAFE o=34 frozen=242 slope=-2942.7121595867593 candidate=1937704.7313145418 original=1940278.5433643288 current=1940600.3770817914 won=1 mode=1 camera_scale=1 keep_scale=0
ATTR_RADIUS o=34 raw_norm=24606.120736604451 norm=1107.6463735913453 radius=1107.6463735913451 next_radius=2215.2927471826902 lambda=7.0605170658774719e-06 next_lambda=1.765129266469368e-06 rho=1.0168774883643348 accept=1
CLASSICAL_LM o=34 lambda=7.0605170658774719e-06 tau=7.0605170658774719e-06 prediction=2847.5856731840231 rho=1.0168774883643348 accept=1
  MFCG it  35 cost=1.937705e+06 lam=1.765e-06 tau=0.00e+00 cg_it=1 shift=0 ckpt=2 alpha=0 acc mv=107
PCG_PREP o=35 rebuild=1 drift=0 previous_depth=2
POINT_SAFE o=35 frozen=169 slope=-4258.1521841333415 candidate=1933656.8633131422 original=1937076.8132069516 current=1937704.7313145418 won=1 mode=1 camera_scale=1 keep_scale=0
ATTR_RADIUS o=35 raw_norm=33668.534811106365 norm=2215.2927471826897 radius=2215.2927471826902 next_radius=4430.5854943653803 lambda=1.765129266469368e-06 next_lambda=1.765129266469368e-06 rho=0.98953722705260083 accept=1
CLASSICAL_LM o=35 lambda=1.765129266469368e-06 tau=1.765129266469368e-06 prediction=4090.6677290518846 rho=0.98953722705260083 accept=1
  MFCG it  36 cost=1.933657e+06 lam=1.765e-06 tau=0.00e+00 cg_it=1 shift=0 ckpt=2 alpha=0 acc mv=110
PCG_PREP o=36 rebuild=1 drift=0 previous_depth=2
POINT_SAFE o=36 frozen=427 slope=-8416.740987577572 candidate=1926378.8549462347 original=1933417.4022160165 current=1933656.8633131422 won=1 mode=1 camera_scale=1 keep_scale=0
ATTR_RADIUS o=36 raw_norm=32818.524705525975 norm=4430.5854943653812 radius=4430.5854943653803 next_radius=8861.1709887307607 lambda=1.765129266469368e-06 next_lambda=1.765129266469368e-06 rho=0.94086253531920394 accept=1
CLASSICAL_LM o=36 lambda=1.765129266469368e-06 tau=1.765129266469368e-06 prediction=7735.4641020308991 rho=0.94086253531920394 accept=1
  MFCG it  37 cost=1.926379e+06 lam=1.765e-06 tau=0.00e+00 cg_it=1 shift=0 ckpt=2 alpha=0 acc mv=113
PCG_PREP o=37 rebuild=1 drift=0 previous_depth=2
POINT_SAFE o=37 frozen=801 slope=-10762.182829429354 candidate=2142226.5957623422 original=1925307.8556686642 current=1926378.8549462347 won=0 mode=1 camera_scale=1 keep_scale=0
ATTR_RADIUS o=37 raw_norm=21139.912874617788 norm=8861.1709887307607 radius=8861.1709887307607 next_radius=2215.2927471826902 lambda=1.765129266469368e-06 next_lambda=2.8242068263509888e-05 rho=0.078029021769570203 accept=0
CLASSICAL_LM o=37 lambda=1.765129266469368e-06 tau=1.765129266469368e-06 prediction=13725.653010662074 rho=0.078029021769570203 accept=0
  MFCG it  38  retry 1/8  lam=2.824e-05 tau_eff=1.765e-06  (assembly reused)
PCG_PREP o=37 rebuild=1 drift=0 previous_depth=1
POINT_SAFE o=37 frozen=172 slope=-9837.170355404638 candidate=1918899.5695477431 original=1924115.8653734203 current=1926378.8549462347 won=1 mode=1 camera_scale=1 keep_scale=0
ATTR_RADIUS o=37 raw_norm=5417.0861095892806 norm=2215.2927471826906 radius=2215.2927471826902 next_radius=4430.5854943653803 lambda=2.8242068263509888e-05 next_lambda=7.0605170658774719e-06 rho=0.96745443023746469 accept=1
CLASSICAL_LM o=37 lambda=2.8242068263509888e-05 tau=2.8242068263509888e-05 prediction=7730.8916727538726 rho=0.96745443023746469 accept=1
  MFCG it  38 cost=1.918900e+06 lam=7.061e-06 tau=0.00e+00 cg_it=0 shift=0 ckpt=1 alpha=0 acc mv=117
PCG_PREP o=38 rebuild=1 drift=0 previous_depth=1
POINT_SAFE o=38 frozen=70 slope=-23440.070934532825 candidate=1897329.0232926998 original=1912021.7778914468 current=1918899.5695477431 won=1 mode=1 camera_scale=1 keep_scale=0
ATTR_RADIUS o=38 raw_norm=39458.115748940894 norm=4430.5854943653794 radius=4430.5854943653803 next_radius=8861.1709887307607 lambda=7.0605170658774719e-06 next_lambda=1.765129266469368e-06 rho=0.98321520093316506 accept=1
CLASSICAL_LM o=38 lambda=7.0605170658774719e-06 tau=7.0605170658774719e-06 prediction=21938.78434199424 rho=0.98321520093316506 accept=1
  MFCG it  39 cost=1.897329e+06 lam=1.765e-06 tau=0.00e+00 cg_it=23 shift=0 ckpt=24 alpha=0 acc mv=142
PCG_PREP o=39 rebuild=1 drift=0 previous_depth=24
POINT_SAFE o=39 frozen=407 slope=-18952.715021831274 candidate=1882105.1641656 original=1889910.0687564043 current=1897329.0232926998 won=1 mode=1 camera_scale=1 keep_scale=0
ATTR_RADIUS o=39 raw_norm=58909.036052552365 norm=8861.1709887307625 radius=8861.1709887307607 next_radius=17722.341977461521 lambda=1.765129266469368e-06 next_lambda=1.765129266469368e-06 rho=0.88471362383995988 accept=1
CLASSICAL_LM o=39 lambda=1.765129266469368e-06 tau=1.765129266469368e-06 prediction=17207.66891892441 rho=0.88471362383995988 accept=1
  MFCG it  40 cost=1.882105e+06 lam=1.765e-06 tau=0.00e+00 cg_it=9 shift=0 ckpt=10 alpha=0 acc mv=153
PCG_PREP o=40 rebuild=1 drift=0 previous_depth=10
POINT_SAFE o=40 frozen=806 slope=-31977.229699315307 candidate=1888485.9837208681 original=1869617.1305633711 current=1882105.1641656 won=0 mode=1 camera_scale=1 keep_scale=0
ATTR_RADIUS o=40 raw_norm=56521.97687823086 norm=4430.5854943653794 radius=17722.341977461521 next_radius=17722.341977461521 lambda=1.765129266469368e-06 next_lambda=1.765129266469368e-06 rho=0.40038534214271604 accept=1
CLASSICAL_LM o=40 lambda=1.765129266469368e-06 tau=1.765129266469368e-06 prediction=31190.03691643021 rho=0.40038534214271604 accept=1
  MFCG it  41 cost=1.869617e+06 lam=1.765e-06 tau=0.00e+00 cg_it=8 shift=0 ckpt=9 alpha=0 acc mv=163
PCG_PREP o=41 rebuild=1 drift=0 previous_depth=9
POINT_SAFE o=41 frozen=677 slope=-30679.194753743359 candidate=1866489.091201057 original=1867725.6475604901 current=1869617.1305633711 won=1 mode=1 camera_scale=1 keep_scale=0
ATTR_RADIUS o=41 raw_norm=46581.330194968381 norm=17722.341977461518 radius=17722.341977461521 next_radius=4430.5854943653803 lambda=1.765129266469368e-06 next_lambda=2.8242068263509888e-05 rho=0.14176389039702592 accept=1
CLASSICAL_LM o=41 lambda=1.765129266469368e-06 tau=1.765129266469368e-06 prediction=22065.134877109587 rho=0.14176389039702592 accept=1
  MFCG it  42 cost=1.866489e+06 lam=2.824e-05 tau=0.00e+00 cg_it=6 shift=0 ckpt=7 alpha=0 acc mv=171
PCG_PREP o=42 rebuild=1 drift=0 previous_depth=7
POINT_SAFE o=42 frozen=258 slope=-54466.475466502627 candidate=1839446.9311959299 original=1861243.4376453459 current=1866489.091201057 won=1 mode=1 camera_scale=1 keep_scale=0
ATTR_RADIUS o=42 raw_norm=4244.6085980391081 norm=4244.6085980391081 radius=4430.5854943653803 next_radius=8861.1709887307607 lambda=2.8242068263509888e-05 next_lambda=7.0605170658774719e-06 rho=0.98358248756467559 accept=1
CLASSICAL_LM o=42 lambda=2.8242068263509888e-05 tau=2.8242068263509888e-05 prediction=27493.535465523342 rho=0.98358248756467559 accept=1
  MFCG it  43 cost=1.839447e+06 lam=7.061e-06 tau=0.00e+00 cg_it=0 shift=0 ckpt=1 alpha=0 acc mv=173
PCG_PREP o=43 rebuild=1 drift=0 previous_depth=1
POINT_SAFE o=43 frozen=56 slope=-41480.511555564437 candidate=1813161.7053063896 original=1835818.0902316982 current=1839446.9311959299 won=1 mode=1 camera_scale=1 keep_scale=0
ATTR_RADIUS o=43 raw_norm=35495.406922001595 norm=8861.1709887307607 radius=8861.1709887307607 next_radius=8861.1709887307607 lambda=7.0605170658774719e-06 next_lambda=7.0605170658774719e-06 rho=0.71750701095725145 accept=1
CLASSICAL_LM o=43 lambda=7.0605170658774719e-06 tau=7.0605170658774719e-06 prediction=36634.103204750892 rho=0.71750701095725145 accept=1
  MFCG it  44 cost=1.813162e+06 lam=7.061e-06 tau=0.00e+00 cg_it=44 shift=0 ckpt=45 alpha=0 acc mv=219
PCG_PREP o=44 rebuild=1 drift=0 previous_depth=45
POINT_SAFE o=44 frozen=194 slope=-27704.920483466594 candidate=1796211.834408148 original=1812950.4181996495 current=1813161.7053063896 won=1 mode=1 camera_scale=1 keep_scale=0
ATTR_RADIUS o=44 raw_norm=24562.405473863335 norm=8861.1709887307643 radius=8861.1709887307607 next_radius=17722.341977461521 lambda=7.0605170658774719e-06 next_lambda=1.765129266469368e-06 rho=0.89056817209053019 accept=1
CLASSICAL_LM o=44 lambda=7.0605170658774719e-06 tau=7.0605170658774719e-06 prediction=19032.648402932835 rho=0.89056817209053019 accept=1
  MFCG it  45 cost=1.796212e+06 lam=1.765e-06 tau=0.00e+00 cg_it=8 shift=0 ckpt=9 alpha=0 acc mv=229
PCG_PREP o=45 rebuild=1 drift=0 previous_depth=9
POINT_SAFE o=45 frozen=1009 slope=-15594.634203396883 candidate=1940558.3693865875 original=1794537.8297278297 current=1796211.834408148 won=0 mode=1 camera_scale=1 keep_scale=0
ATTR_RADIUS o=45 raw_norm=35442.725894400159 norm=1107.6463735913455 radius=17722.341977461521 next_radius=17722.341977461521 lambda=1.765129266469368e-06 next_lambda=1.765129266469368e-06 rho=0.27565736013315778 accept=1
CLASSICAL_LM o=45 lambda=1.765129266469368e-06 tau=1.765129266469368e-06 prediction=6072.773386169175 rho=0.27565736013315778 accept=1
  MFCG it  46 cost=1.794538e+06 lam=1.765e-06 tau=0.00e+00 cg_it=5 shift=0 ckpt=6 alpha=0 acc mv=236
PCG_PREP o=46 rebuild=1 drift=0 previous_depth=6
POINT_SAFE o=46 frozen=998 slope=-15774.1544310063 candidate=1937670.4459953441 original=1793242.1269569458 current=1794537.8297278297 won=0 mode=1 camera_scale=1 keep_scale=0
ATTR_RADIUS o=46 raw_norm=35440.737928179158 norm=553.82318679567265 radius=17722.341977461521 next_radius=17722.341977461521 lambda=1.765129266469368e-06 next_lambda=1.765129266469368e-06 rho=0.42805580420616118 accept=1
CLASSICAL_LM o=46 lambda=1.765129266469368e-06 tau=1.765129266469368e-06 prediction=3026.9482580357135 rho=0.42805580420616118 accept=1
  MFCG it  47 cost=1.793242e+06 lam=1.765e-06 tau=0.00e+00 cg_it=5 shift=0 ckpt=6 alpha=0 acc mv=243
PCG_PREP o=47 rebuild=1 drift=0 previous_depth=6
POINT_SAFE o=47 frozen=1008 slope=-15658.757244450106 candidate=1949747.56059351 original=1793088.3187601478 current=1793242.1269569458 won=0 mode=1 camera_scale=1 keep_scale=0
ATTR_RADIUS o=47 raw_norm=35068.502749848325 norm=138.45579669891805 radius=17722.341977461521 next_radius=4430.5854943653803 lambda=1.765129266469368e-06 next_lambda=2.8242068263509888e-05 rho=0.20440610049294264 accept=1
CLASSICAL_LM o=47 lambda=1.765129266469368e-06 tau=1.765129266469368e-06 prediction=752.46382777737779 rho=0.20440610049294264 accept=1
  MFCG it  48 cost=1.793088e+06 lam=2.824e-05 tau=0.00e+00 cg_it=5 shift=0 ckpt=6 alpha=0 acc mv=250
PCG_PREP o=48 rebuild=1 drift=0 previous_depth=6
POINT_SAFE o=48 frozen=306 slope=-11087.105437080587 candidate=1786076.1567102531 original=1792995.941976086 current=1793088.3187601478 won=1 mode=1 camera_scale=1 keep_scale=0
ATTR_RADIUS o=48 raw_norm=8482.938354227952 norm=4430.5854943653803 radius=4430.5854943653803 next_radius=8861.1709887307607 lambda=2.8242068263509888e-05 next_lambda=7.0605170658774719e-06 rho=0.94676625265601022 accept=1
CLASSICAL_LM o=48 lambda=2.8242068263509888e-05 tau=2.8242068263509888e-05 prediction=7406.4343022611138 rho=0.94676625265601022 accept=1
  MFCG it  49 cost=1.786076e+06 lam=7.061e-06 tau=0.00e+00 cg_it=2 shift=0 ckpt=3 alpha=0 acc mv=254
PCG_PREP o=49 rebuild=1 drift=0 previous_depth=3
POINT_SAFE o=49 frozen=84 slope=-16066.766805265206 candidate=1776164.3643371323 original=1784220.5555397745 current=1786076.1567102531 won=1 mode=1 camera_scale=1 keep_scale=0
ATTR_RADIUS o=49 raw_norm=26925.40233792226 norm=8861.170988730757 radius=8861.1709887307607 next_radius=8861.1709887307607 lambda=7.0605170658774719e-06 next_lambda=7.0605170658774719e-06 rho=0.74976386996326716 accept=1
CLASSICAL_LM o=49 lambda=7.0605170658774719e-06 tau=7.0605170658774719e-06 prediction=13219.885313500621 rho=0.74976386996326716 accept=1
  MFCG it  50 cost=1.776164e+06 lam=7.061e-06 tau=0.00e+00 cg_it=13 shift=0 ckpt=14 alpha=0 acc mv=269
PCG_PREP o=50 rebuild=1 drift=0 previous_depth=14
POINT_SAFE o=50 frozen=605 slope=-14252.39656616186 candidate=1769235.3483237696 original=1775652.7819076672 current=1776164.3643371323 won=1 mode=1 camera_scale=1 keep_scale=0
ATTR_RADIUS o=50 raw_norm=11635.37454834924 norm=8861.1709887307625 radius=8861.1709887307607 next_radius=17722.341977461521 lambda=7.0605170658774719e-06 next_lambda=1.765129266469368e-06 rho=0.87525200627041355 accept=1
CLASSICAL_LM o=50 lambda=7.0605170658774719e-06 tau=7.0605170658774719e-06 prediction=7916.5954076338594 rho=0.87525200627041355 accept=1
  MFCG it  51 cost=1.769235e+06 lam=1.765e-06 tau=0.00e+00 cg_it=1 shift=0 ckpt=2 alpha=0 acc mv=272
PCG_PREP o=51 rebuild=1 drift=0 previous_depth=2
POINT_SAFE o=51 frozen=1044 slope=-8706.8273459040902 candidate=3226927.8931085072 original=1764930.5477977889 current=1769235.3483237696 won=0 mode=1 camera_scale=1 keep_scale=0
ATTR_RADIUS o=51 raw_norm=17773.796627725926 norm=2215.2927471826902 radius=17722.341977461521 next_radius=17722.341977461521 lambda=1.765129266469368e-06 next_lambda=1.765129266469368e-06 rho=0.43054882449029908 accept=1
CLASSICAL_LM o=51 lambda=1.765129266469368e-06 tau=1.765129266469368e-06 prediction=9998.4026923705205 rho=0.43054882449029908 accept=1
  MFCG it  52 cost=1.764931e+06 lam=1.765e-06 tau=0.00e+00 cg_it=0 shift=0 ckpt=1 alpha=0 acc mv=274
PCG_PREP o=52 rebuild=1 drift=0 previous_depth=1
POINT_SAFE o=52 frozen=881 slope=-8550.0603135934216 candidate=2852538.0122285448 original=1764909.6942253788 current=1764930.5477977889 won=0 mode=1 camera_scale=1 keep_scale=0
ATTR_RADIUS o=52 raw_norm=16519.905856863075 norm=16519.905856863075 radius=17722.341977461521 next_radius=4430.5854943653803 lambda=1.765129266469368e-06 next_lambda=2.8242068263509888e-05 rho=0.034739892541562248 accept=0
CLASSICAL_LM o=52 lambda=1.765129266469368e-06 tau=1.765129266469368e-06 prediction=600.27740112082392 rho=0.034739892541562248 accept=0
  MFCG it  53  retry 1/8  lam=2.824e-05 tau_eff=1.765e-06  (assembly reused)
PCG_PREP o=52 rebuild=1 drift=0 previous_depth=1
POINT_SAFE o=52 frozen=209 slope=-7825.9299080152841 candidate=1763129.5046785376 original=1764918.3651945856 current=1764930.5477977889 won=1 mode=1 camera_scale=1 keep_scale=0
ATTR_RADIUS o=52 raw_norm=3281.8733855817445 norm=3281.8733855817445 radius=4430.5854943653803 next_radius=4430.5854943653803 lambda=2.8242068263509888e-05 next_lambda=2.8242068263509888e-06 rho=0.42834860208258729 accept=1
CLASSICAL_LM o=52 lambda=2.8242068263509888e-05 tau=2.8242068263509888e-05 prediction=4204.6200466040373 rho=0.42834860208258729 accept=1
  MFCG it  53 cost=1.763130e+06 lam=2.824e-06 tau=0.00e+00 cg_it=0 shift=0 ckpt=1 alpha=0 acc mv=278
PCG_PREP o=53 rebuild=1 drift=0 previous_depth=1
POINT_SAFE o=53 frozen=34 slope=-15219.713340771052 candidate=1761076.2661451008 original=1761632.2177425616 current=1763129.5046785376 won=1 mode=1 camera_scale=1 keep_scale=0
ATTR_RADIUS o=53 raw_norm=40785.556312521265 norm=4430.5854943653812 radius=4430.5854943653803 next_radius=1107.6463735913451 lambda=2.8242068263509888e-06 next_lambda=4.5187309221615821e-05 rho=0.14751510857048603 accept=1
CLASSICAL_LM o=53 lambda=2.8242068263509888e-06 tau=2.8242068263509888e-06 prediction=13918.835523587763 rho=0.14751510857048603 accept=1
  MFCG it  54 cost=1.761076e+06 lam=4.519e-05 tau=0.00e+00 cg_it=35 shift=0 ckpt=36 alpha=0 acc mv=315
PCG_PREP o=54 rebuild=1 drift=0 previous_depth=36
POINT_SAFE o=54 frozen=69 slope=-2421.5078404205356 candidate=1759394.0895818612 original=1756021.3061441877 current=1761076.2661451008 won=0 mode=1 camera_scale=1 keep_scale=0
ATTR_RADIUS o=54 raw_norm=5900.9489689758429 norm=138.45579669891819 radius=1107.6463735913451 next_radius=1107.6463735913451 lambda=4.5187309221615821e-05 next_lambda=4.5187309221615823e-06 rho=0.51715052405714335 accept=1
CLASSICAL_LM o=54 lambda=4.5187309221615821e-05 tau=4.5187309221615821e-05 prediction=9774.6396179897692 rho=0.51715052405714335 accept=1
  MFCG it  55 cost=1.756021e+06 lam=4.519e-06 tau=0.00e+00 cg_it=2 shift=0 ckpt=3 alpha=0 acc mv=319
PCG_PREP o=55 rebuild=1 drift=0 previous_depth=3
POINT_SAFE o=55 frozen=36 slope=-4403.0669050997121 candidate=1787898.4751584716 original=inf current=1756021.3061441877 won=0 mode=1 camera_scale=1 keep_scale=0
ATTR_RADIUS o=55 raw_norm=21550.011853442003 norm=1107.6463735913451 radius=1107.6463735913451 next_radius=276.91159339783627 lambda=4.5187309221615823e-06 next_lambda=7.2299694754585317e-05 rho=-1 accept=0
CLASSICAL_LM o=55 lambda=4.5187309221615823e-06 tau=4.5187309221615823e-06 prediction=3686.477399478596 rho=-1 accept=0
  MFCG it  56  retry 1/8  lam=7.230e-05 tau_eff=4.519e-06  (assembly reused)
PCG_PREP o=55 rebuild=1 drift=0 previous_depth=5
POINT_SAFE o=55 frozen=13 slope=-4524.0759248677414 candidate=1795814.7901630995 original=inf current=1756021.3061441877 won=0 mode=1 camera_scale=1 keep_scale=0
ATTR_RADIUS o=55 raw_norm=4837.6126780304903 norm=276.91159339783616 radius=276.91159339783627 next_radius=69.227898349459068 lambda=7.2299694754585317e-05 next_lambda=0.0011567951160733651 rho=-1 accept=0
CLASSICAL_LM o=55 lambda=7.2299694754585317e-05 tau=7.2299694754585317e-05 prediction=3831.062766520778 rho=-1 accept=0
  MFCG it  56  retry 2/8  lam=1.157e-03 tau_eff=7.230e-05  (assembly reused)
PCG_PREP o=55 rebuild=1 drift=0 previous_depth=4
POINT_SAFE o=55 frozen=7 slope=-8089.7087718967905 candidate=1874384.8145541931 original=1740896.9446914254 current=1756021.3061441877 won=0 mode=1 camera_scale=1 keep_scale=0
ATTR_RADIUS o=55 raw_norm=704.79185214125403 norm=17.306974587364767 radius=69.227898349459068 next_radius=69.227898349459068 lambda=0.0011567951160733651 next_lambda=0.00011567951160733651 rho=1.1198652001466232 accept=1
CLASSICAL_LM o=55 lambda=0.0011567951160733651 tau=0.0011567951160733651 prediction=13505.519638240432 rho=1.1198652001466232 accept=1
TARGET reached outer=56 seconds=3.705935149 cost=1740896.9446914254 threshold=1744796.9841897595
  MFCG: accepts=56 rejects=8 total_matvecs=333 negcurv=1 cand_evals=64 mean_cg_per_outer=5.9
NUMERIC_REPAIR summary rebuilds=1 floor=1.765129266469368e-06
  [retry-cache] builds=65 reuses=0
  [menu-backtrack] trials=60 rescues=55 evals=414 total_scored=478
POINT_SAFE summary calls=60 evals=60 wins=35 frozen=23143 seconds=0.711437488
  [scoring] menu_evals=64 alpha_evals=0 backtrack_evals=414 total_scored=478
RESULT algo=mfree_shifted_cg iters=56 final_cost=1740896.9446914254 solve_seconds=3.714017
DIAGNOSTICS median_reproj_err_px 2.704502 -> 0.543791 | cheirality_violations(obs) 751 -> 764 | cheirality_violations(pts, of 310854) 725 -> 734
