[R10] --zero_k2: all k2 set to 0 at load
Loaded /workspace/bal/venice-52.txt: ncam=52 npt=64053 nobs=347173 n=192471
[R10] --dof9: refining f,k1 per camera (52 cameras)
  [menu-backtrack] active=1 max_evals=8 warmup_accepts=3 confirm_stop=original armijo=1e-4
MIXED_STORAGE fragments=fp32 arithmetic=fp64 state=fp64 acceptance=fp64
  [compact-fragments] active=2 saved_bytes=36105992 storage=fp32 camera_reads=contiguous
  MFCG score_init=11152062.77276247 precision=fp64
PCG_PREP o=0 rebuild=1 drift=0 previous_depth=0
FOLLOW_POINT o=0 mode=1 changed=64053 candidate=2035687.8187596127 rho=1.0004005034573371 selected=1
ATTR_RADIUS o=0 raw_norm=3225.3525896296696 norm=3225.3525896296696 radius=3225.3525896296696 next_radius=6450.7051792593393 lambda=0.10000000000000001 next_lambda=0.025000000000000001 rho=1.0004005034573371 accept=1
CLASSICAL_LM o=0 lambda=0.10000000000000001 tau=0.10000000000000001 prediction=9112725.2760240454 rho=1.0004005034573371 accept=1
  MFCG it   1 cost=2.035688e+06 lam=2.500e-02 tau=0.00e+00 cg_it=0 shift=0 ckpt=1 alpha=0 acc mv=2
PCG_PREP o=1 rebuild=1 drift=0 previous_depth=1
FOLLOW_POINT o=1 mode=1 changed=64053 candidate=1375474.5537426276 rho=1.0008167626165569 selected=1
ATTR_RADIUS o=1 raw_norm=2709.3443131333611 norm=2709.3443131333611 radius=6450.7051792593393 next_radius=6450.7051792593393 lambda=0.025000000000000001 next_lambda=0.0025000000000000005 rho=1.0008167626165569 accept=1
CLASSICAL_LM o=1 lambda=0.025000000000000001 tau=0.025000000000000001 prediction=659674.46757277451 rho=1.0008167626165569 accept=1
  MFCG it   2 cost=1.375475e+06 lam=2.500e-03 tau=0.00e+00 cg_it=3 shift=0 ckpt=4 alpha=0 acc mv=7
PCG_PREP o=2 rebuild=1 drift=0 previous_depth=4
FOLLOW_POINT o=2 mode=1 changed=64053 candidate=1103222.4393237215 rho=1.0058060077228326 selected=1
ATTR_RADIUS o=2 raw_norm=9576.1903092684697 norm=6450.7051792593384 radius=6450.7051792593393 next_radius=12901.410358518679 lambda=0.0025000000000000005 next_lambda=0.00062500000000000012 rho=1.0058060077228326 accept=1
CLASSICAL_LM o=2 lambda=0.0025000000000000005 tau=0.0025000000000000005 prediction=270680.54110681947 rho=1.0058060077228326 accept=1
  MFCG it   3 cost=1.103222e+06 lam=6.250e-04 tau=0.00e+00 cg_it=11 shift=0 ckpt=12 alpha=0 acc mv=20
PCG_PREP o=3 rebuild=1 drift=0 previous_depth=12
FOLLOW_POINT o=3 mode=1 changed=64053 candidate=810216.87135781976 rho=1.0247476731142175 selected=1
ATTR_RADIUS o=3 raw_norm=21069.198928748316 norm=12901.410358518677 radius=12901.410358518679 next_radius=25802.820717037357 lambda=0.00062500000000000012 next_lambda=0.00015625000000000003 rho=1.0247476731142175 accept=1
CLASSICAL_LM o=3 lambda=0.00062500000000000012 tau=0.00062500000000000012 prediction=285929.47869347688 rho=1.0247476731142175 accept=1
  MFCG it   4 cost=8.102169e+05 lam=1.563e-04 tau=0.00e+00 cg_it=7 shift=0 ckpt=8 alpha=0 acc mv=29
PCG_PREP o=4 rebuild=1 drift=0 previous_depth=8
FOLLOW_POINT o=4 mode=1 changed=64053 candidate=479126.73176946095 rho=1.1008125995100266 selected=1
ATTR_RADIUS o=4 raw_norm=36907.262972040269 norm=25802.820717037353 radius=25802.820717037357 next_radius=51605.641434074714 lambda=0.00015625000000000003 next_lambda=3.9062500000000008e-05 rho=1.1008125995100266 accept=1
CLASSICAL_LM o=4 lambda=0.00015625000000000003 tau=0.00015625000000000003 prediction=300768.84997112816 rho=1.1008125995100266 accept=1
  MFCG it   5 cost=4.791267e+05 lam=3.906e-05 tau=0.00e+00 cg_it=7 shift=0 ckpt=8 alpha=0 acc mv=38
PCG_PREP o=5 rebuild=1 drift=0 previous_depth=8
FOLLOW_POINT o=5 mode=1 changed=64051 candidate=308304.98268726445 rho=5.3081464919849779 selected=1
ATTR_RADIUS o=5 raw_norm=38206.562560854778 norm=38206.562560854778 radius=51605.641434074714 next_radius=51605.641434074714 lambda=3.9062500000000008e-05 next_lambda=3.9062500000000009e-06 rho=5.3081464919849779 accept=1
CLASSICAL_LM o=5 lambda=3.9062500000000008e-05 tau=3.9062500000000008e-05 prediction=32181.054034610454 rho=5.3081464919849779 accept=1
  MFCG it   6 cost=3.083050e+05 lam=3.906e-06 tau=0.00e+00 cg_it=5 shift=0 ckpt=6 alpha=0 acc mv=45
PCG_PREP o=6 rebuild=1 drift=0 previous_depth=6
FOLLOW_POINT o=6 mode=1 changed=64053 candidate=280377.57237922365 rho=-1 selected=0
ATTR_RADIUS o=6 raw_norm=9823.5927469283433 norm=9823.5927469283433 radius=51605.641434074714 next_radius=51605.641434074714 lambda=3.9062500000000009e-06 next_lambda=3.9062500000000012e-07 rho=0.67913271239969852 accept=1
CLASSICAL_LM o=6 lambda=3.9062500000000009e-06 tau=3.9062500000000009e-06 prediction=33094.025057613064 rho=0.67913271239969852 accept=1
  MFCG it   7 cost=2.858297e+05 lam=3.906e-07 tau=0.00e+00 cg_it=0 shift=0 ckpt=1 alpha=0 acc mv=47
PCG_PREP o=7 rebuild=1 drift=0 previous_depth=1
FOLLOW_POINT o=7 mode=1 changed=64053 candidate=273523.44442491885 rho=-1 selected=0
ATTR_RADIUS o=7 raw_norm=11850.238351519776 norm=11850.238351519776 radius=51605.641434074714 next_radius=51605.641434074714 lambda=3.9062500000000012e-07 next_lambda=3.9062500000000016e-08 rho=0.44128284924353661 accept=1
CLASSICAL_LM o=7 lambda=3.9062500000000012e-07 tau=3.9062500000000012e-07 prediction=17780.505126537009 rho=0.44128284924353661 accept=1
  MFCG it   8 cost=2.779835e+05 lam=3.906e-08 tau=0.00e+00 cg_it=0 shift=0 ckpt=1 alpha=0 acc mv=49
PCG_PREP o=8 rebuild=1 drift=0 previous_depth=1
FOLLOW_POINT o=8 mode=1 changed=64053 candidate=269389.68284314976 rho=-1 selected=0
ATTR_RADIUS o=8 raw_norm=11734.880030257245 norm=11734.880030257245 radius=51605.641434074714 next_radius=51605.641434074714 lambda=3.9062500000000016e-08 next_lambda=3.9062500000000015e-09 rho=0.33280104421905748 accept=1
CLASSICAL_LM o=8 lambda=3.9062500000000016e-08 tau=3.9062500000000016e-08 prediction=13683.437695444281 rho=0.33280104421905748 accept=1
  MFCG it   9 cost=2.734297e+05 lam=3.906e-09 tau=0.00e+00 cg_it=0 shift=0 ckpt=1 alpha=0 acc mv=51
PCG_PREP o=9 rebuild=1 drift=0 previous_depth=1
FOLLOW_POINT o=9 mode=1 changed=64053 candidate=267003.46452176973 rho=-1 selected=0
ATTR_RADIUS o=9 raw_norm=11477.186465010514 norm=11477.186465010514 radius=51605.641434074714 next_radius=12901.410358518679 lambda=3.9062500000000015e-09 next_lambda=6.2500000000000024e-08 rho=0.22333700125289205 accept=1
CLASSICAL_LM o=9 lambda=3.9062500000000015e-09 tau=3.9062500000000015e-09 prediction=11188.089402231988 rho=0.22333700125289205 accept=1
  MFCG it  10 cost=2.709309e+05 lam=6.250e-08 tau=0.00e+00 cg_it=0 shift=0 ckpt=1 alpha=0 acc mv=53
PCG_PREP o=10 rebuild=1 drift=0 previous_depth=1
FOLLOW_POINT o=10 mode=1 changed=64053 candidate=265008.76452051161 rho=-1 selected=0
ATTR_RADIUS o=10 raw_norm=11403.245026733852 norm=11403.245026733854 radius=12901.410358518679 next_radius=12901.410358518679 lambda=6.2500000000000024e-08 next_lambda=6.2500000000000024e-08 rho=0.40238478997520449 accept=1
CLASSICAL_LM o=10 lambda=6.2500000000000024e-08 tau=6.2500000000000024e-08 prediction=9622.5855271867349 rho=0.40238478997520449 accept=1
  MFCG it  11 cost=2.670590e+05 lam=6.250e-08 tau=0.00e+00 cg_it=0 shift=0 ckpt=1 alpha=0 acc mv=55
PCG_PREP o=11 rebuild=1 drift=0 previous_depth=1
FOLLOW_POINT o=11 mode=1 changed=64053 candidate=263211.22387723671 rho=-1 selected=0
ATTR_RADIUS o=11 raw_norm=10457.598094773464 norm=10457.598094773464 radius=12901.410358518679 next_radius=12901.410358518679 lambda=6.2500000000000024e-08 next_lambda=6.2500000000000024e-08 rho=0.39523617389073951 accept=1
CLASSICAL_LM o=11 lambda=6.2500000000000024e-08 tau=6.2500000000000024e-08 prediction=6564.8500592060827 rho=0.39523617389073951 accept=1
  MFCG it  12 cost=2.644643e+05 lam=6.250e-08 tau=0.00e+00 cg_it=0 shift=0 ckpt=1 alpha=0 acc mv=57
PCG_PREP o=12 rebuild=1 drift=0 previous_depth=1
FOLLOW_POINT o=12 mode=1 changed=64053 candidate=261301.56318705934 rho=1.2802375556297136 selected=1
ATTR_RADIUS o=12 raw_norm=8996.0920055655042 norm=8996.0920055655042 radius=12901.410358518679 next_radius=12901.410358518679 lambda=6.2500000000000024e-08 next_lambda=6.250000000000003e-09 rho=1.2802375556297136 accept=1
CLASSICAL_LM o=12 lambda=6.2500000000000024e-08 tau=6.2500000000000024e-08 prediction=2470.4224267855025 rho=1.2802375556297136 accept=1
  MFCG it  13 cost=2.613016e+05 lam=6.250e-09 tau=0.00e+00 cg_it=0 shift=0 ckpt=1 alpha=0 acc mv=59
PCG_PREP o=13 rebuild=1 drift=0 previous_depth=1
FOLLOW_POINT o=13 mode=1 changed=64053 candidate=259776.69711811564 rho=0.74943195768701254 selected=1
ATTR_RADIUS o=13 raw_norm=7829.1868743553187 norm=7829.1868743553187 radius=12901.410358518679 next_radius=12901.410358518679 lambda=6.250000000000003e-09 next_lambda=6.2500000000000032e-10 rho=0.74943195768701254 accept=1
CLASSICAL_LM o=13 lambda=6.250000000000003e-09 tau=6.250000000000003e-09 prediction=2034.6958163485856 rho=0.74943195768701254 accept=1
  MFCG it  14 cost=2.597767e+05 lam=6.250e-10 tau=0.00e+00 cg_it=0 shift=0 ckpt=1 alpha=0 acc mv=61
PCG_PREP o=14 rebuild=1 drift=0 previous_depth=1
FOLLOW_POINT o=14 mode=1 changed=64053 candidate=258713.86896903926 rho=0.84961368438617402 selected=1
ATTR_RADIUS o=14 raw_norm=7425.8962939799503 norm=7425.8962939799503 radius=12901.410358518679 next_radius=12901.410358518679 lambda=6.2500000000000032e-10 next_lambda=6.250000000000003e-11 rho=0.84961368438617402 accept=1
CLASSICAL_LM o=14 lambda=6.2500000000000032e-10 tau=6.2500000000000032e-10 prediction=1250.9546027901433 rho=0.84961368438617402 accept=1
  MFCG it  15 cost=2.587139e+05 lam=6.250e-11 tau=0.00e+00 cg_it=0 shift=0 ckpt=1 alpha=0 acc mv=63
PCG_PREP o=15 rebuild=1 drift=0 previous_depth=1
FOLLOW_POINT o=15 mode=1 changed=64053 candidate=257958.6358292517 rho=0.89955509708737891 selected=1
ATTR_RADIUS o=15 raw_norm=7668.3003824272009 norm=7668.3003824272009 radius=12901.410358518679 next_radius=12901.410358518679 lambda=6.250000000000003e-11 next_lambda=6.2500000000000035e-12 rho=0.89955509708737891 accept=1
CLASSICAL_LM o=15 lambda=6.250000000000003e-11 tau=6.250000000000003e-11 prediction=839.56295977077616 rho=0.89955509708737891 accept=1
  MFCG it  16 cost=2.579586e+05 lam=6.250e-12 tau=0.00e+00 cg_it=0 shift=0 ckpt=1 alpha=0 acc mv=65
PCG_PREP o=16 rebuild=1 drift=0 previous_depth=1
FOLLOW_POINT o=16 mode=1 changed=64053 candidate=257483.17545295032 rho=0.69435496217407067 selected=1
ATTR_RADIUS o=16 raw_norm=8236.2515271564225 norm=8236.2515271564225 radius=12901.410358518679 next_radius=12901.410358518679 lambda=6.2500000000000035e-12 next_lambda=6.2500000000000037e-13 rho=0.69435496217407067 accept=1
CLASSICAL_LM o=16 lambda=6.2500000000000035e-12 tau=6.2500000000000035e-12 prediction=684.7511751232762 rho=0.69435496217407067 accept=1
  MFCG it  17 cost=2.574832e+05 lam=6.250e-13 tau=0.00e+00 cg_it=0 shift=0 ckpt=1 alpha=0 acc mv=67
PCG_PREP o=17 rebuild=1 drift=0 previous_depth=1
POINT_SAFE o=17 frozen=1842 slope=-2200.9862757086753 candidate=257377.09800865551 original=257048.08692130569 current=257483.17545295032 won=0 mode=1 camera_scale=1 keep_scale=0
FOLLOW_POINT o=17 mode=1 changed=64053 candidate=257014.6000063442 rho=0.59480684252186999 selected=1
ATTR_RADIUS o=17 raw_norm=8939.5093134409017 norm=4469.7546567204508 radius=12901.410358518679 next_radius=12901.410358518679 lambda=6.2500000000000037e-13 next_lambda=6.2500000000000037e-14 rho=0.59480684252186999 accept=1
CLASSICAL_LM o=17 lambda=6.2500000000000037e-13 tau=6.2500000000000037e-13 prediction=787.77749869091372 rho=0.59480684252186999 accept=1
  MFCG it  18 cost=2.570146e+05 lam=6.250e-14 tau=0.00e+00 cg_it=0 shift=0 ckpt=1 alpha=0 acc mv=69
PCG_PREP o=18 rebuild=1 drift=0 previous_depth=1
POINT_SAFE o=18 frozen=1871 slope=-1806.9209279516162 candidate=257652.09239394002 original=256791.99855978231 current=257014.6000063442 won=0 mode=1 camera_scale=1 keep_scale=0
FOLLOW_POINT o=18 mode=1 changed=64053 candidate=256740.04884520499 rho=0.79465539421725295 selected=1
ATTR_RADIUS o=18 raw_norm=10523.14795885222 norm=5261.5739794261099 radius=12901.410358518679 next_radius=12901.410358518679 lambda=6.2500000000000037e-14 next_lambda=6.2500000000000041e-15 rho=0.79465539421725295 accept=1
CLASSICAL_LM o=18 lambda=6.2500000000000037e-14 tau=6.2500000000000037e-14 prediction=345.49713389871442 rho=0.79465539421725295 accept=1
  MFCG it  19 cost=2.567400e+05 lam=6.250e-15 tau=0.00e+00 cg_it=0 shift=0 ckpt=1 alpha=0 acc mv=71
PCG_PREP o=19 rebuild=1 drift=0 previous_depth=1
POINT_SAFE o=19 frozen=1929 slope=-1766.6618836849059 candidate=258084.57292418304 original=256670.423896044 current=256740.04884520499 won=0 mode=1 camera_scale=1 keep_scale=0
FOLLOW_POINT o=19 mode=1 changed=64053 candidate=256600.12558119697 rho=-1 selected=0
ATTR_RADIUS o=19 raw_norm=11687.606355715943 norm=5843.8031778579716 radius=12901.410358518679 next_radius=3225.3525896296696 lambda=6.2500000000000041e-15 next_lambda=1.0000000000000007e-13 rho=0.10508253962863717 accept=1
CLASSICAL_LM o=19 lambda=6.2500000000000041e-15 tau=6.2500000000000041e-15 prediction=662.57391006201146 rho=0.10508253962863717 accept=1
  MFCG it  20 cost=2.566704e+05 lam=1.000e-13 tau=0.00e+00 cg_it=0 shift=0 ckpt=1 alpha=0 acc mv=73
PCG_PREP o=20 rebuild=1 drift=0 previous_depth=1
FOLLOW_POINT o=20 mode=1 changed=64050 candidate=256393.00242677584 rho=2.2980550607812353 selected=1
ATTR_RADIUS o=20 raw_norm=12574.975855952869 norm=3225.3525896296692 radius=3225.3525896296696 next_radius=6450.7051792593393 lambda=1.0000000000000007e-13 next_lambda=2.5000000000000017e-14 rho=2.2980550607812353 accept=1
CLASSICAL_LM o=20 lambda=1.0000000000000007e-13 tau=1.0000000000000007e-13 prediction=120.72011415333338 rho=2.2980550607812353 accept=1
  MFCG it  21 cost=2.563930e+05 lam=2.500e-14 tau=0.00e+00 cg_it=0 shift=0 ckpt=1 alpha=0 acc mv=75
PCG_PREP o=21 rebuild=1 drift=0 previous_depth=1
POINT_SAFE o=21 frozen=1888 slope=-810.37173731050541 candidate=256513.16826540491 original=256251.0871839766 current=256393.00242677584 won=0 mode=1 camera_scale=1 keep_scale=0
FOLLOW_POINT o=21 mode=1 changed=64045 candidate=256243.28522215551 rho=0.46982484202004487 selected=1
ATTR_RADIUS o=21 raw_norm=14079.753349320463 norm=3225.3525896296696 radius=6450.7051792593393 next_radius=6450.7051792593393 lambda=2.5000000000000017e-14 next_lambda=2.500000000000002e-15 rho=0.46982484202004487 accept=1
CLASSICAL_LM o=21 lambda=2.5000000000000017e-14 tau=2.5000000000000017e-14 prediction=318.66600322072043 rho=0.46982484202004487 accept=1
  MFCG it  22 cost=2.562433e+05 lam=2.500e-15 tau=0.00e+00 cg_it=0 shift=0 ckpt=1 alpha=0 acc mv=77
PCG_PREP o=22 rebuild=1 drift=0 previous_depth=1
POINT_SAFE o=22 frozen=1907 slope=-702.67911620954317 candidate=256433.67501377239 original=256138.12558011233 current=256243.28522215551 won=0 mode=1 camera_scale=1 keep_scale=0
FOLLOW_POINT o=22 mode=1 changed=64044 candidate=256130.65315443062 rho=-1 selected=0
ATTR_RADIUS o=22 raw_norm=15467.427946417667 norm=3225.3525896296696 radius=6450.7051792593393 next_radius=6450.7051792593393 lambda=2.500000000000002e-15 next_lambda=2.5000000000000022e-16 rho=0.33413016750580804 accept=1
CLASSICAL_LM o=22 lambda=2.500000000000002e-15 tau=2.500000000000002e-15 prediction=314.72657146812793 rho=0.33413016750580804 accept=1
  MFCG it  23 cost=2.561381e+05 lam=2.500e-16 tau=0.00e+00 cg_it=0 shift=0 ckpt=1 alpha=0 acc mv=79
PCG_PREP o=23 rebuild=1 drift=0 previous_depth=1
POINT_SAFE o=23 frozen=1494 slope=-656.68981529205462 candidate=256412.45371972508 original=256061.75316165949 current=256138.12558011233 won=0 mode=1 camera_scale=1 keep_scale=0
FOLLOW_POINT o=23 mode=1 changed=64051 candidate=256045.27037925369 rho=-1 selected=0
ATTR_RADIUS o=23 raw_norm=16772.200167054991 norm=3225.3525896296701 radius=6450.7051792593393 next_radius=6450.7051792593393 lambda=2.5000000000000022e-16 next_lambda=9.9999999999999998e-17 rho=0.26140043066866858 accept=1
CLASSICAL_LM o=23 lambda=2.5000000000000022e-16 tau=2.5000000000000022e-16 prediction=292.16638341978847 rho=0.26140043066866858 accept=1
  MFCG it  24 cost=2.560618e+05 lam=1.000e-16 tau=0.00e+00 cg_it=0 shift=0 ckpt=1 alpha=0 acc mv=81
PCG_PREP o=24 rebuild=1 drift=0 previous_depth=1
POINT_SAFE o=24 frozen=607 slope=-622.23322331888915 candidate=256396.35921080151 original=256003.96432777474 current=256061.75316165949 won=0 mode=1 camera_scale=1 keep_scale=0
FOLLOW_POINT o=24 mode=1 changed=64051 candidate=255982.06177342011 rho=-1 selected=0
ATTR_RADIUS o=24 raw_norm=18076.451096017048 norm=3225.3525896296701 radius=6450.7051792593393 next_radius=1612.6762948148348 lambda=9.9999999999999998e-17 next_lambda=1.6e-15 rho=0.20636714959300914 accept=1
CLASSICAL_LM o=24 lambda=9.9999999999999998e-17 tau=9.9999999999999998e-17 prediction=280.02922945209298 rho=0.20636714959300914 accept=1
  MFCG it  25 cost=2.560040e+05 lam=1.600e-15 tau=0.00e+00 cg_it=0 shift=0 ckpt=1 alpha=0 acc mv=83
PCG_PREP o=25 rebuild=1 drift=0 previous_depth=1
FOLLOW_POINT o=25 mode=1 changed=63866 candidate=255907.4672590979 rho=0.62303178306788454 selected=1
ATTR_RADIUS o=25 raw_norm=19306.283336816661 norm=1612.6762948148346 radius=1612.6762948148348 next_radius=1612.6762948148348 lambda=1.6e-15 next_lambda=1.6e-15 rho=0.62303178306788454 accept=1
CLASSICAL_LM o=25 lambda=1.6e-15 tau=1.6e-15 prediction=154.88305941901115 rho=0.62303178306788454 accept=1
  MFCG it  26 cost=2.559075e+05 lam=1.600e-15 tau=0.00e+00 cg_it=0 shift=0 ckpt=1 alpha=0 acc mv=85
PCG_PREP o=26 rebuild=1 drift=0 previous_depth=1
FOLLOW_POINT o=26 mode=1 changed=63866 candidate=255842.73117963667 rho=0.53735343310492134 selected=1
ATTR_RADIUS o=26 raw_norm=20514.923566858128 norm=1612.6762948148348 radius=1612.6762948148348 next_radius=1612.6762948148348 lambda=1.6e-15 next_lambda=1.6e-15 rho=0.53735343310492134 accept=1
CLASSICAL_LM o=26 lambda=1.6e-15 tau=1.6e-15 prediction=120.47206823854459 rho=0.53735343310492134 accept=1
  MFCG it  27 cost=2.558427e+05 lam=1.600e-15 tau=0.00e+00 cg_it=0 shift=0 ckpt=1 alpha=0 acc mv=87
PCG_PREP o=27 rebuild=1 drift=0 previous_depth=1
FOLLOW_POINT o=27 mode=1 changed=63816 candidate=255786.00340702009 rho=0.51407774025625286 selected=1
ATTR_RADIUS o=27 raw_norm=21705.1395441145 norm=1612.6762948148344 radius=1612.6762948148348 next_radius=1612.6762948148348 lambda=1.6e-15 next_lambda=1.6e-15 rho=0.51407774025625286 accept=1
CLASSICAL_LM o=27 lambda=1.6e-15 tau=1.6e-15 prediction=110.34862662658846 rho=0.51407774025625286 accept=1
  MFCG it  28 cost=2.557860e+05 lam=1.600e-15 tau=0.00e+00 cg_it=0 shift=0 ckpt=1 alpha=0 acc mv=89
PCG_PREP o=28 rebuild=1 drift=0 previous_depth=1
FOLLOW_POINT o=28 mode=1 changed=63819 candidate=255736.00075230314 rho=0.49018496674750284 selected=1
ATTR_RADIUS o=28 raw_norm=22907.518799745882 norm=1612.6762948148339 radius=1612.6762948148348 next_radius=1612.6762948148348 lambda=1.6e-15 next_lambda=1.6e-15 rho=0.49018496674750284 accept=1
CLASSICAL_LM o=28 lambda=1.6e-15 tau=1.6e-15 prediction=102.00772791694207 rho=0.49018496674750284 accept=1
  MFCG it  29 cost=2.557360e+05 lam=1.600e-15 tau=0.00e+00 cg_it=0 shift=0 ckpt=1 alpha=0 acc mv=91
PCG_PREP o=29 rebuild=1 drift=0 previous_depth=1
FOLLOW_POINT o=29 mode=1 changed=63780 candidate=255691.71465110173 rho=0.46601928122452224 selected=1
ATTR_RADIUS o=29 raw_norm=24119.130315784874 norm=1612.6762948148355 radius=1612.6762948148348 next_radius=1612.6762948148348 lambda=1.6e-15 next_lambda=1.6e-15 rho=0.46601928122452224 accept=1
CLASSICAL_LM o=29 lambda=1.6e-15 tau=1.6e-15 prediction=95.030619945673806 rho=0.46601928122452224 accept=1
  MFCG it  30 cost=2.556917e+05 lam=1.600e-15 tau=0.00e+00 cg_it=0 shift=0 ckpt=1 alpha=0 acc mv=93
PCG_PREP o=30 rebuild=1 drift=0 previous_depth=1
FOLLOW_POINT o=30 mode=1 changed=63762 candidate=255652.3596625638 rho=0.44151205203362526 selected=1
ATTR_RADIUS o=30 raw_norm=25332.987965606371 norm=1612.6762948148339 radius=1612.6762948148348 next_radius=1612.6762948148348 lambda=1.6e-15 next_lambda=1.6e-15 rho=0.44151205203362526 accept=1
CLASSICAL_LM o=30 lambda=1.6e-15 tau=1.6e-15 prediction=89.136838635913989 rho=0.44151205203362526 accept=1
  MFCG it  31 cost=2.556524e+05 lam=1.600e-15 tau=0.00e+00 cg_it=0 shift=0 ckpt=1 alpha=0 acc mv=95
PCG_PREP o=31 rebuild=1 drift=0 previous_depth=1
FOLLOW_POINT o=31 mode=1 changed=63739 candidate=255617.25327568687 rho=0.41730423752730816 selected=1
ATTR_RADIUS o=31 raw_norm=26549.666668842037 norm=1612.676294814835 radius=1612.6762948148348 next_radius=1612.6762948148348 lambda=1.6e-15 next_lambda=1.6e-15 rho=0.41730423752730816 accept=1
CLASSICAL_LM o=31 lambda=1.6e-15 tau=1.6e-15 prediction=84.126600498825866 rho=0.41730423752730816 accept=1
  MFCG it  32 cost=2.556173e+05 lam=1.600e-15 tau=0.00e+00 cg_it=0 shift=0 ckpt=1 alpha=0 acc mv=97
PCG_PREP o=32 rebuild=1 drift=0 previous_depth=1
NUMERIC_REPAIR o=32 lambda=1.6e-15 rayleigh=-1.5049172497075145e-07 next_lambda=6.0196690628300581e-07 cg=1 rebuild=1
PCG_PREP o=32 rebuild=1 drift=0 previous_depth=1
FOLLOW_POINT o=32 mode=1 changed=64047 candidate=255014.36254341493 rho=0.98835684073307029 selected=1
ATTR_RADIUS o=32 raw_norm=2377.9007426424141 norm=1612.6762948148348 radius=1612.6762948148348 next_radius=3225.3525896296696 lambda=6.0196690628300581e-07 next_lambda=6.0196690628300581e-07 rho=0.98835684073307029 accept=1
CLASSICAL_LM o=32 lambda=6.0196690628300581e-07 tau=6.0196690628300581e-07 prediction=609.99297766258019 rho=0.98835684073307029 accept=1
  MFCG it  33 cost=2.550144e+05 lam=6.020e-07 tau=0.00e+00 cg_it=0 shift=0 ckpt=1 alpha=0 acc mv=101
PCG_PREP o=33 rebuild=1 drift=0 previous_depth=1
FOLLOW_POINT o=33 mode=1 changed=64051 candidate=253524.6841831941 rho=0.98394056412103725 selected=1
ATTR_RADIUS o=33 raw_norm=13421.181362997964 norm=3225.3525896296692 radius=3225.3525896296696 next_radius=6450.7051792593393 lambda=6.0196690628300581e-07 next_lambda=6.0196690628300581e-07 rho=0.98394056412103725 accept=1
CLASSICAL_LM o=33 lambda=6.0196690628300581e-07 tau=6.0196690628300581e-07 prediction=1513.9922212187414 rho=0.98394056412103725 accept=1
  MFCG it  34 cost=2.535247e+05 lam=6.020e-07 tau=0.00e+00 cg_it=6 shift=0 ckpt=7 alpha=0 acc mv=109
PCG_PREP o=34 rebuild=1 drift=0 previous_depth=7
FOLLOW_POINT o=34 mode=1 changed=64048 candidate=252218.38536960268 rho=1.1598919424447982 selected=1
ATTR_RADIUS o=34 raw_norm=9153.3240722373048 norm=6450.7051792593384 radius=6450.7051792593393 next_radius=12901.410358518679 lambda=6.0196690628300581e-07 next_lambda=6.0196690628300581e-07 rho=1.1598919424447982 accept=1
CLASSICAL_LM o=34 lambda=6.0196690628300581e-07 tau=6.0196690628300581e-07 prediction=1126.2245781602969 rho=1.1598919424447982 accept=1
  MFCG it  35 cost=2.522184e+05 lam=6.020e-07 tau=0.00e+00 cg_it=1 shift=0 ckpt=2 alpha=0 acc mv=112
PCG_PREP o=35 rebuild=1 drift=0 previous_depth=2
POINT_SAFE o=35 frozen=1172 slope=-410.95750349654497 candidate=253055.69772927047 original=252178.25493741504 current=252218.38536960268 won=0 mode=1 camera_scale=1 keep_scale=0
FOLLOW_POINT o=35 mode=1 changed=64046 candidate=252156.82740192043 rho=0.44143001715094743 selected=1
ATTR_RADIUS o=35 raw_norm=9362.3175273823526 norm=4681.1587636911763 radius=12901.410358518679 next_radius=12901.410358518679 lambda=6.0196690628300581e-07 next_lambda=6.0196690628300581e-07 rho=0.44143001715094743 accept=1
CLASSICAL_LM o=35 lambda=6.0196690628300581e-07 tau=6.0196690628300581e-07 prediction=139.45125000686764 rho=0.44143001715094743 accept=1
  MFCG it  36 cost=2.521568e+05 lam=6.020e-07 tau=0.00e+00 cg_it=0 shift=0 ckpt=1 alpha=0 acc mv=114
PCG_PREP o=36 rebuild=1 drift=0 previous_depth=1
POINT_SAFE o=36 frozen=1771 slope=-386.65235547734443 candidate=252574.66161019809 original=252142.31753079384 current=252156.82740192043 won=0 mode=1 camera_scale=1 keep_scale=0
FOLLOW_POINT o=36 mode=1 changed=64046 candidate=252128.29979420634 rho=0.21063412376509016 selected=1
ATTR_RADIUS o=36 raw_norm=7656.8496334647471 norm=3828.4248167323735 radius=12901.410358518679 next_radius=3225.3525896296696 lambda=6.0196690628300581e-07 next_lambda=9.631470500528093e-06 rho=0.21063412376509016 accept=1
CLASSICAL_LM o=36 lambda=6.0196690628300581e-07 tau=6.0196690628300581e-07 prediction=135.43678110724056 rho=0.21063412376509016 accept=1
  MFCG it  37 cost=2.521283e+05 lam=9.631e-06 tau=0.00e+00 cg_it=0 shift=0 ckpt=1 alpha=0 acc mv=116
PCG_PREP o=37 rebuild=1 drift=0 previous_depth=1
FOLLOW_POINT o=37 mode=1 changed=64050 candidate=251926.44177113744 rho=1.0116069423878473 selected=1
ATTR_RADIUS o=37 raw_norm=557.38272986946947 norm=557.38272986946947 radius=3225.3525896296696 next_radius=3225.3525896296696 lambda=9.631470500528093e-06 next_lambda=9.6314705005280926e-07 rho=1.0116069423878473 accept=1
CLASSICAL_LM o=37 lambda=9.631470500528093e-06 tau=9.631470500528093e-06 prediction=199.54195113807842 rho=1.0116069423878473 accept=1
  MFCG it  38 cost=2.519264e+05 lam=9.631e-07 tau=0.00e+00 cg_it=0 shift=0 ckpt=1 alpha=0 acc mv=118
PCG_PREP o=38 rebuild=1 drift=0 previous_depth=1
FOLLOW_POINT o=38 mode=1 changed=64049 candidate=251370.96698845431 rho=1.0005145259427892 selected=1
ATTR_RADIUS o=38 raw_norm=5577.608523158352 norm=3225.3525896296701 radius=3225.3525896296696 next_radius=6450.7051792593393 lambda=9.6314705005280926e-07 next_lambda=6.0196690628300581e-07 rho=1.0005145259427892 accept=1
CLASSICAL_LM o=38 lambda=9.6314705005280926e-07 tau=9.6314705005280926e-07 prediction=555.1891234759471 rho=1.0005145259427892 accept=1
  MFCG it  39 cost=2.513710e+05 lam=6.020e-07 tau=0.00e+00 cg_it=15 shift=0 ckpt=16 alpha=0 acc mv=135
PCG_PREP o=39 rebuild=1 drift=0 previous_depth=16
POINT_SAFE o=39 frozen=1540 slope=-45.002953938014087 candidate=251686.77118916257 original=251365.60595192737 current=251370.96698845431 won=0 mode=1 camera_scale=1 keep_scale=0
FOLLOW_POINT o=39 mode=1 changed=63727 candidate=251365.10394100953 rho=0.56934176272500947 selected=1
ATTR_RADIUS o=39 raw_norm=6985.642871398778 norm=1612.6762948148353 radius=6450.7051792593393 next_radius=6450.7051792593393 lambda=6.0196690628300581e-07 next_lambda=6.0196690628300581e-07 rho=0.56934176272500947 accept=1
CLASSICAL_LM o=39 lambda=6.0196690628300581e-07 tau=6.0196690628300581e-07 prediction=10.297940233162407 rho=0.56934176272500947 accept=1
  MFCG it  40 cost=2.513651e+05 lam=6.020e-07 tau=0.00e+00 cg_it=0 shift=0 ckpt=1 alpha=0 acc mv=137
PCG_PREP o=40 rebuild=1 drift=0 previous_depth=1
POINT_SAFE o=40 frozen=1838 slope=-50.2966204113402 candidate=251670.78918585068 original=251360.57659870069 current=251365.10394100953 won=0 mode=1 camera_scale=1 keep_scale=0
FOLLOW_POINT o=40 mode=1 changed=63746 candidate=251360.07684597711 rho=0.44394840537855285 selected=1
ATTR_RADIUS o=40 raw_norm=6413.9445516186252 norm=1603.4861379046563 radius=6450.7051792593393 next_radius=6450.7051792593393 lambda=6.0196690628300581e-07 next_lambda=6.0196690628300581e-07 rho=0.44394840537855285 accept=1
CLASSICAL_LM o=40 lambda=6.0196690628300581e-07 tau=6.0196690628300581e-07 prediction=11.323601958053501 rho=0.44394840537855285 accept=1
  MFCG it  41 cost=2.513601e+05 lam=6.020e-07 tau=0.00e+00 cg_it=0 shift=0 ckpt=1 alpha=0 acc mv=139
PCG_PREP o=41 rebuild=1 drift=0 previous_depth=1
POINT_SAFE o=41 frozen=2062 slope=-53.456084154030648 candidate=251582.79264002066 original=251354.88813444064 current=251360.07684597711 won=0 mode=1 camera_scale=1 keep_scale=0
FOLLOW_POINT o=41 mode=1 changed=63792 candidate=251354.5128254969 rho=0.46332890644309865 selected=1
ATTR_RADIUS o=41 raw_norm=5903.3609559138604 norm=1475.8402389784651 radius=6450.7051792593393 next_radius=6450.7051792593393 lambda=6.0196690628300581e-07 next_lambda=6.0196690628300581e-07 rho=0.46332890644309865 accept=1
CLASSICAL_LM o=41 lambda=6.0196690628300581e-07 tau=6.0196690628300581e-07 prediction=12.008792032679326 rho=0.46332890644309865 accept=1
  MFCG it  42 cost=2.513545e+05 lam=6.020e-07 tau=0.00e+00 cg_it=0 shift=0 ckpt=1 alpha=0 acc mv=141
PCG_PREP o=42 rebuild=1 drift=0 previous_depth=1
POINT_SAFE o=42 frozen=2196 slope=-54.487898766631545 candidate=251529.92884615788 original=251348.75952635036 current=251354.5128254969 won=0 mode=1 camera_scale=1 keep_scale=0
FOLLOW_POINT o=42 mode=1 changed=63732 candidate=251348.45556058123 rho=0.49547980767770067 selected=1
ATTR_RADIUS o=42 raw_norm=5562.1873437535914 norm=1390.5468359383979 radius=6450.7051792593393 next_radius=6450.7051792593393 lambda=6.0196690628300581e-07 next_lambda=6.0196690628300581e-07 rho=0.49547980767770067 accept=1
CLASSICAL_LM o=42 lambda=6.0196690628300581e-07 tau=6.0196690628300581e-07 prediction=12.225048976380485 rho=0.49547980767770067 accept=1
  MFCG it  43 cost=2.513485e+05 lam=6.020e-07 tau=0.00e+00 cg_it=0 shift=0 ckpt=1 alpha=0 acc mv=143
PCG_PREP o=43 rebuild=1 drift=0 previous_depth=1
POINT_SAFE o=43 frozen=2222 slope=-53.788186897274961 candidate=251493.43277750598 original=251342.39233235977 current=251348.45556058123 won=0 mode=1 camera_scale=1 keep_scale=0
FOLLOW_POINT o=43 mode=1 changed=63708 candidate=251342.13484417606 rho=0.52398237613463716 selected=1
ATTR_RADIUS o=43 raw_norm=5313.3345017950469 norm=1328.3336254487617 radius=6450.7051792593393 next_radius=6450.7051792593393 lambda=6.0196690628300581e-07 next_lambda=6.0196690628300581e-07 rho=0.52398237613463716 accept=1
CLASSICAL_LM o=43 lambda=6.0196690628300581e-07 tau=6.0196690628300581e-07 prediction=12.062841601273366 rho=0.52398237613463716 accept=1
  MFCG it  44 cost=2.513421e+05 lam=6.020e-07 tau=0.00e+00 cg_it=0 shift=0 ckpt=1 alpha=0 acc mv=145
PCG_PREP o=44 rebuild=1 drift=0 previous_depth=1
POINT_SAFE o=44 frozen=2219 slope=-51.990750708350262 candidate=251465.82850272409 original=251335.97212477651 current=251342.13484417606 won=0 mode=1 camera_scale=1 keep_scale=0
FOLLOW_POINT o=44 mode=1 changed=63655 candidate=251335.74773184097 rho=0.54771220601734538 selected=1
ATTR_RADIUS o=44 raw_norm=5119.5836950923476 norm=1279.8959237730869 radius=6450.7051792593393 next_radius=6450.7051792593393 lambda=6.0196690628300581e-07 next_lambda=6.0196690628300581e-07 rho=0.54771220601734538 accept=1
CLASSICAL_LM o=44 lambda=6.0196690628300581e-07 tau=6.0196690628300581e-07 prediction=11.661438735392975 rho=0.54771220601734538 accept=1
  MFCG it  45 cost=2.513357e+05 lam=6.020e-07 tau=0.00e+00 cg_it=0 shift=0 ckpt=1 alpha=0 acc mv=147
PCG_PREP o=45 rebuild=1 drift=0 previous_depth=1
POINT_SAFE o=45 frozen=2210 slope=-49.599166906708092 candidate=251443.75746550795 original=251329.62792875513 current=251335.74773184097 won=0 mode=1 camera_scale=1 keep_scale=0
FOLLOW_POINT o=45 mode=1 changed=63654 candidate=251329.42844046457 rho=0.56772054564558638 selected=1
ATTR_RADIUS o=45 raw_norm=4962.5336660365683 norm=1240.6334165091421 radius=6450.7051792593393 next_radius=6450.7051792593393 lambda=6.0196690628300581e-07 next_lambda=6.0196690628300581e-07 rho=0.56772054564558638 accept=1
CLASSICAL_LM o=45 lambda=6.0196690628300581e-07 tau=6.0196690628300581e-07 prediction=11.130989401143378 rho=0.56772054564558638 accept=1
  MFCG it  46 cost=2.513294e+05 lam=6.020e-07 tau=0.00e+00 cg_it=0 shift=0 ckpt=1 alpha=0 acc mv=149
PCG_PREP o=46 rebuild=1 drift=0 previous_depth=1
POINT_SAFE o=46 frozen=2185 slope=-46.959363234632136 candidate=251425.43625346312 original=251323.43791997636 current=251329.42844046457 won=0 mode=1 camera_scale=1 keep_scale=0
FOLLOW_POINT o=46 mode=1 changed=63607 candidate=251323.25788568152 rho=0.58505255186699778 selected=1
ATTR_RADIUS o=46 raw_norm=4831.6603806843232 norm=1207.9150951710808 radius=6450.7051792593393 next_radius=6450.7051792593393 lambda=6.0196690628300581e-07 next_lambda=6.0196690628300581e-07 rho=0.58505255186699778 accept=1
CLASSICAL_LM o=46 lambda=6.0196690628300581e-07 tau=6.0196690628300581e-07 prediction=10.547009432500541 rho=0.58505255186699778 accept=1
  MFCG it  47 cost=2.513233e+05 lam=6.020e-07 tau=0.00e+00 cg_it=0 shift=0 ckpt=1 alpha=0 acc mv=151
PCG_PREP o=47 rebuild=1 drift=0 previous_depth=1
POINT_SAFE o=47 frozen=2169 slope=-44.288273296715218 candidate=251409.81027946877 original=251317.44307340172 current=251323.25788568152 won=0 mode=1 camera_scale=1 keep_scale=0
FOLLOW_POINT o=47 mode=1 changed=63560 candidate=251317.27865907931 rho=0.60051261347342577 selected=1
ATTR_RADIUS o=47 raw_norm=4720.3832354669557 norm=1180.0958088667392 radius=6450.7051792593393 next_radius=6450.7051792593393 lambda=6.0196690628300581e-07 next_lambda=6.0196690628300581e-07 rho=0.60051261347342577 accept=1
CLASSICAL_LM o=47 lambda=6.0196690628300581e-07 tau=6.0196690628300581e-07 prediction=9.9568709600083842 rho=0.60051261347342577 accept=1
  MFCG it  48 cost=2.513173e+05 lam=6.020e-07 tau=0.00e+00 cg_it=0 shift=0 ckpt=1 alpha=0 acc mv=153
PCG_PREP o=48 rebuild=1 drift=0 previous_depth=1
POINT_SAFE o=48 frozen=2150 slope=-41.712896441096355 candidate=251396.20259233954 original=251317.03776730577 current=251317.27865907931 won=0 mode=1 camera_scale=1 keep_scale=0
FOLLOW_POINT o=48 mode=1 changed=63912 candidate=251314.98204087693 rho=0.15093582562409508 selected=1
ATTR_RADIUS o=48 raw_norm=4624.2693188369094 norm=2312.1346594184547 radius=6450.7051792593393 next_radius=1612.6762948148348 lambda=6.0196690628300581e-07 next_lambda=9.631470500528093e-06 rho=0.15093582562409508 accept=1
CLASSICAL_LM o=48 lambda=6.0196690628300581e-07 tau=6.0196690628300581e-07 prediction=15.215858745827415 rho=0.15093582562409508 accept=1
  MFCG it  49 cost=2.513150e+05 lam=9.631e-06 tau=0.00e+00 cg_it=0 shift=0 ckpt=1 alpha=0 acc mv=155
PCG_PREP o=49 rebuild=1 drift=0 previous_depth=1
FOLLOW_POINT o=49 mode=1 changed=64019 candidate=251289.55092021366 rho=1.0119669629831882 selected=1
ATTR_RADIUS o=49 raw_norm=344.10941950972551 norm=344.10941950972551 radius=1612.6762948148348 next_radius=1612.6762948148348 lambda=9.631470500528093e-06 next_lambda=9.6314705005280926e-07 rho=1.0119669629831882 accept=1
CLASSICAL_LM o=49 lambda=9.631470500528093e-06 tau=9.631470500528093e-06 prediction=25.130386261129956 rho=1.0119669629831882 accept=1
  MFCG it  50 cost=2.512896e+05 lam=9.631e-07 tau=0.00e+00 cg_it=0 shift=0 ckpt=1 alpha=0 acc mv=157
PCG_PREP o=50 rebuild=1 drift=0 previous_depth=1
POINT_SAFE o=50 frozen=3 slope=-105.46467124380969 candidate=251215.62829911435 original=251244.3700613105 current=251289.55092021366 won=1 mode=1 camera_scale=1 keep_scale=0
FOLLOW_POINT o=50 mode=1 changed=64050 candidate=251215.3032551099 rho=1.00362982757442 selected=1
ATTR_RADIUS o=50 raw_norm=3164.2249073361972 norm=1612.676294814835 radius=1612.6762948148348 next_radius=3225.3525896296696 lambda=9.6314705005280926e-07 next_lambda=6.0196690628300581e-07 rho=1.00362982757442 accept=1
CLASSICAL_LM o=50 lambda=9.6314705005280926e-07 tau=9.6314705005280926e-07 prediction=73.979133604667837 rho=1.00362982757442 accept=1
  MFCG it  51 cost=2.512153e+05 lam=6.020e-07 tau=0.00e+00 cg_it=17 shift=0 ckpt=18 alpha=0 acc mv=176
PCG_PREP o=51 rebuild=1 drift=0 previous_depth=18
POINT_SAFE o=51 frozen=15 slope=-53.902255105888848 candidate=251205.26648478871 original=251190.61390439651 current=251215.3032551099 won=0 mode=1 camera_scale=1 keep_scale=0
FOLLOW_POINT o=51 mode=1 changed=64050 candidate=251190.15854759028 rho=1.0174537985781735 selected=1
ATTR_RADIUS o=51 raw_norm=3388.9672628665603 norm=1612.6762948148344 radius=3225.3525896296696 next_radius=3225.3525896296696 lambda=6.0196690628300581e-07 next_lambda=6.0196690628300581e-07 rho=1.0174537985781735 accept=1
CLASSICAL_LM o=51 lambda=6.0196690628300581e-07 tau=6.0196690628300581e-07 prediction=24.713365417434559 rho=1.0174537985781735 accept=1
  MFCG it  52 cost=2.511902e+05 lam=6.020e-07 tau=0.00e+00 cg_it=5 shift=0 ckpt=6 alpha=0 acc mv=183
PCG_PREP o=52 rebuild=1 drift=0 previous_depth=6
POINT_SAFE o=52 frozen=1841 slope=-10.347654741119424 candidate=251213.49732712278 original=251189.76061878362 current=251190.15854759028 won=0 mode=1 camera_scale=1 keep_scale=0
FOLLOW_POINT o=52 mode=1 changed=63394 candidate=251189.26269835845 rho=0.21059979349262201 selected=1
ATTR_RADIUS o=52 raw_norm=3367.3262482470432 norm=1612.6762948148341 radius=3225.3525896296696 next_radius=806.33814740741741 lambda=6.0196690628300581e-07 next_lambda=9.631470500528093e-06 rho=0.21059979349262201 accept=1
CLASSICAL_LM o=52 lambda=6.0196690628300581e-07 tau=6.0196690628300581e-07 prediction=4.2537991940893098 rho=0.21059979349262201 accept=1
  MFCG it  53 cost=2.511893e+05 lam=9.631e-06 tau=0.00e+00 cg_it=0 shift=0 ckpt=1 alpha=0 acc mv=185
PCG_PREP o=53 rebuild=1 drift=0 previous_depth=1
FOLLOW_POINT o=53 mode=1 changed=63865 candidate=251183.36361733472 rho=1.0109709944944603 selected=1
ATTR_RADIUS o=53 raw_norm=248.13474660161665 norm=248.13474660161665 radius=806.33814740741741 next_radius=806.33814740741741 lambda=9.631470500528093e-06 next_lambda=9.6314705005280926e-07 rho=1.0109709944944603 accept=1
CLASSICAL_LM o=53 lambda=9.631470500528093e-06 tau=9.631470500528093e-06 prediction=5.835064562539662 rho=1.0109709944944603 accept=1
  MFCG it  54 cost=2.511834e+05 lam=9.631e-07 tau=0.00e+00 cg_it=0 shift=0 ckpt=1 alpha=0 acc mv=187
PCG_PREP o=54 rebuild=1 drift=0 previous_depth=1
FOLLOW_POINT o=54 mode=1 changed=64047 candidate=251175.78520519714 rho=1.0254270494737507 selected=1
ATTR_RADIUS o=54 raw_norm=1958.1085336526121 norm=806.33814740741752 radius=806.33814740741741 next_radius=1612.6762948148348 lambda=9.6314705005280926e-07 next_lambda=6.0196690628300581e-07 rho=1.0254270494737507 accept=1
CLASSICAL_LM o=54 lambda=9.6314705005280926e-07 tau=9.6314705005280926e-07 prediction=7.3904936889129473 rho=1.0254270494737507 accept=1
  MFCG it  55 cost=2.511758e+05 lam=6.020e-07 tau=0.00e+00 cg_it=20 shift=0 ckpt=21 alpha=0 acc mv=209
PCG_PREP o=55 rebuild=1 drift=0 previous_depth=21
FOLLOW_POINT o=55 mode=1 changed=62499 candidate=251175.0793437931 rho=0.28711975205123447 selected=1
ATTR_RADIUS o=55 raw_norm=2875.5013417177083 norm=1612.6762948148341 radius=1612.6762948148348 next_radius=1612.6762948148348 lambda=6.0196690628300581e-07 next_lambda=6.0196690628300581e-07 rho=0.28711975205123447 accept=1
CLASSICAL_LM o=55 lambda=6.0196690628300581e-07 tau=6.0196690628300581e-07 prediction=2.4584216132836225 rho=0.28711975205123447 accept=1
  MFCG it  56 cost=2.511751e+05 lam=6.020e-07 tau=0.00e+00 cg_it=0 shift=0 ckpt=1 alpha=0 acc mv=211
PCG_PREP o=56 rebuild=1 drift=0 previous_depth=1
POINT_SAFE o=56 frozen=2174 slope=-5.1321008154172114 candidate=251174.82896004673 original=251173.68069277049 current=251175.0793437931 won=0 mode=1 camera_scale=1 keep_scale=0
FOLLOW_POINT o=56 mode=1 changed=61217 candidate=251173.63304863521 rho=0.60988651405500738 selected=1
ATTR_RADIUS o=56 raw_norm=2788.4049825062616 norm=806.33814740741764 radius=1612.6762948148348 next_radius=1612.6762948148348 lambda=6.0196690628300581e-07 next_lambda=6.0196690628300581e-07 rho=0.60988651405500738 accept=1
CLASSICAL_LM o=56 lambda=6.0196690628300581e-07 tau=6.0196690628300581e-07 prediction=2.3714168530694715 rho=0.60988651405500738 accept=1
  MFCG it  57 cost=2.511736e+05 lam=6.020e-07 tau=0.00e+00 cg_it=0 shift=0 ckpt=1 alpha=0 acc mv=213
PCG_PREP o=57 rebuild=1 drift=0 previous_depth=1
POINT_SAFE o=57 frozen=2188 slope=-5.0202271711011441 candidate=251173.40164434977 original=251172.26682824345 current=251173.63304863521 won=0 mode=1 camera_scale=1 keep_scale=0
FOLLOW_POINT o=57 mode=1 changed=61437 candidate=251172.21984276327 rho=0.61065856541335251 selected=1
ATTR_RADIUS o=57 raw_norm=2724.6765197571845 norm=806.33814740741718 radius=1612.6762948148348 next_radius=1612.6762948148348 lambda=6.0196690628300581e-07 next_lambda=6.0196690628300581e-07 rho=0.61065856541335251 accept=1
CLASSICAL_LM o=57 lambda=6.0196690628300581e-07 tau=6.0196690628300581e-07 prediction=2.3142324565348504 rho=0.61065856541335251 accept=1
  MFCG it  58 cost=2.511722e+05 lam=6.020e-07 tau=0.00e+00 cg_it=0 shift=0 ckpt=1 alpha=0 acc mv=215
PCG_PREP o=58 rebuild=1 drift=0 previous_depth=1
POINT_SAFE o=58 frozen=2203 slope=-4.9077647823460726 candidate=251172.00677123296 original=251170.88573113628 current=251172.21984276327 won=0 mode=1 camera_scale=1 keep_scale=0
FOLLOW_POINT o=58 mode=1 changed=61425 candidate=251170.83948049121 rho=0.61159336212677184 selected=1
ATTR_RADIUS o=58 raw_norm=2662.4438094804664 norm=806.33814740741695 radius=1612.6762948148348 next_radius=1612.6762948148348 lambda=6.0196690628300581e-07 next_lambda=6.0196690628300581e-07 rho=0.61159336212677184 accept=1
CLASSICAL_LM o=58 lambda=6.0196690628300581e-07 tau=6.0196690628300581e-07 prediction=2.2569935475734009 rho=0.61159336212677184 accept=1
  MFCG it  59 cost=2.511708e+05 lam=6.020e-07 tau=0.00e+00 cg_it=0 shift=0 ckpt=1 alpha=0 acc mv=217
PCG_PREP o=59 rebuild=1 drift=0 previous_depth=1
POINT_SAFE o=59 frozen=2217 slope=-4.7952441503830228 candidate=251170.64445658712 original=251169.5371934328 current=251170.83948049121 won=0 mode=1 camera_scale=1 keep_scale=0
FOLLOW_POINT o=59 mode=1 changed=61355 candidate=251169.49177385255 rho=0.6126342901297398 selected=1
ATTR_RADIUS o=59 raw_norm=2601.6438818380598 norm=806.33814740741752 radius=1612.6762948148348 next_radius=1612.6762948148348 lambda=6.0196690628300581e-07 next_lambda=6.0196690628300581e-07 rho=0.6126342901297398 accept=1
CLASSICAL_LM o=59 lambda=6.0196690628300581e-07 tau=6.0196690628300581e-07 prediction=2.1998550527909857 rho=0.6126342901297398 accept=1
  MFCG it  60 cost=2.511695e+05 lam=6.020e-07 tau=0.00e+00 cg_it=0 shift=0 ckpt=1 alpha=0 acc mv=219
PCG_PREP o=60 rebuild=1 drift=0 previous_depth=1
POINT_SAFE o=60 frozen=2240 slope=-4.6831343515172286 candidate=251169.31464805087 original=251168.22099665023 current=251169.49177385255 won=0 mode=1 camera_scale=1 keep_scale=0
FOLLOW_POINT o=60 mode=1 changed=61319 candidate=251168.17650779447 rho=0.61374708325213578 selected=1
ATTR_RADIUS o=60 raw_norm=2542.230024726161 norm=806.33814740741764 radius=1612.6762948148348 next_radius=1612.6762948148348 lambda=6.0196690628300581e-07 next_lambda=6.0196690628300581e-07 rho=0.61374708325213578 accept=1
CLASSICAL_LM o=60 lambda=6.0196690628300581e-07 tau=6.0196690628300581e-07 prediction=2.1430098716109605 rho=0.61374708325213578 accept=1
  MFCG it  61 cost=2.511682e+05 lam=6.020e-07 tau=0.00e+00 cg_it=0 shift=0 ckpt=1 alpha=0 acc mv=221
PCG_PREP o=61 rebuild=1 drift=0 previous_depth=1
POINT_SAFE o=61 frozen=2267 slope=-4.5718823798009822 candidate=251168.01717043659 original=251166.93686646776 current=251168.17650779447 won=0 mode=1 camera_scale=1 keep_scale=0
FOLLOW_POINT o=61 mode=1 changed=61299 candidate=251166.89338696882 rho=0.61491462816533293 selected=1
ATTR_RADIUS o=61 raw_norm=2484.1632013846438 norm=806.33814740741741 radius=1612.6762948148348 next_radius=1612.6762948148348 lambda=6.0196690628300581e-07 next_lambda=6.0196690628300581e-07 rho=0.61491462816533293 accept=1
CLASSICAL_LM o=61 lambda=6.0196690628300581e-07 tau=6.0196690628300581e-07 prediction=2.0866649887354791 rho=0.61491462816533293 accept=1
  MFCG it  62 cost=2.511669e+05 lam=6.020e-07 tau=0.00e+00 cg_it=0 shift=0 ckpt=1 alpha=0 acc mv=223
PCG_PREP o=62 rebuild=1 drift=0 previous_depth=1
POINT_SAFE o=62 frozen=2282 slope=-4.4618925049873246 candidate=251166.7517003603 original=251165.68443687059 current=251166.89338696882 won=0 mode=1 camera_scale=1 keep_scale=0
FOLLOW_POINT o=62 mode=1 changed=61180 candidate=251165.64200536787 rho=0.61613281014571575 selected=1
ATTR_RADIUS o=62 raw_norm=2427.3835281101547 norm=806.33814740741741 radius=1612.6762948148348 next_radius=1612.6762948148348 lambda=6.0196690628300581e-07 next_lambda=6.0196690628300581e-07 rho=0.61613281014571575 accept=1
CLASSICAL_LM o=62 lambda=6.0196690628300581e-07 tau=6.0196690628300581e-07 prediction=2.0310257469474338 rho=0.61613281014571575 accept=1
  MFCG: converged (OCA_FTOL: 8 outers < 1.0e-05 rel)
  [menu-backtrack] confirming stop with original retry policy at outer 63
  MFCG it  63 cost=2.511656e+05 lam=6.020e-07 tau=0.00e+00 cg_it=0 shift=0 ckpt=1 alpha=0 acc mv=225
PCG_PREP o=63 rebuild=1 drift=0 previous_depth=1
ATTR_RADIUS o=63 raw_norm=2371.8633929351627 norm=1612.6762948148344 radius=1612.6762948148348 next_radius=403.1690737037087 lambda=6.0196690628300581e-07 next_lambda=9.631470500528093e-06 rho=-1 accept=0
CLASSICAL_LM o=63 lambda=6.0196690628300581e-07 tau=6.0196690628300581e-07 prediction=3.6645047729051812 rho=-1 accept=0
  MFCG it  64  retry 1/8  lam=9.631e-06 tau_eff=6.020e-07  (assembly reused)
PCG_PREP o=63 rebuild=1 drift=0 previous_depth=1
FOLLOW_POINT o=63 mode=1 changed=63264 candidate=251163.43481537371 rho=1.0084845294334146 selected=1
ATTR_RADIUS o=63 raw_norm=184.16528209309638 norm=184.16528209309638 radius=403.1690737037087 next_radius=403.1690737037087 lambda=9.631470500528093e-06 next_lambda=9.6314705005280926e-07 rho=1.0084845294334146 accept=1
CLASSICAL_LM o=63 lambda=9.631470500528093e-06 tau=9.631470500528093e-06 prediction=2.1886205784492443 rho=1.0084845294334146 accept=1
  MFCG it  64 cost=2.511634e+05 lam=9.631e-07 tau=0.00e+00 cg_it=0 shift=0 ckpt=1 alpha=0 acc mv=229
PCG_PREP o=64 rebuild=1 drift=0 previous_depth=1
FOLLOW_POINT o=64 mode=1 changed=64045 candidate=251161.3679046483 rho=1.0207681734916849 selected=1
ATTR_RADIUS o=64 raw_norm=1461.3138510381302 norm=403.16907370370865 radius=403.1690737037087 next_radius=806.33814740741741 lambda=9.6314705005280926e-07 next_lambda=6.0196690628300581e-07 rho=1.0207681734916849 accept=1
CLASSICAL_LM o=64 lambda=9.6314705005280926e-07 tau=9.6314705005280926e-07 prediction=2.0248581206611322 rho=1.0207681734916849 accept=1
  MFCG it  65 cost=2.511614e+05 lam=6.020e-07 tau=0.00e+00 cg_it=28 shift=0 ckpt=29 alpha=0 acc mv=259
PCG_PREP o=65 rebuild=1 drift=0 previous_depth=29
FOLLOW_POINT o=65 mode=1 changed=63962 candidate=251159.27189838764 rho=0.98221204277440655 selected=1
ATTR_RADIUS o=65 raw_norm=2124.4790281035912 norm=806.33814740741695 radius=806.33814740741741 next_radius=1612.6762948148348 lambda=6.0196690628300581e-07 next_lambda=6.0196690628300581e-07 rho=0.98221204277440655 accept=1
CLASSICAL_LM o=65 lambda=6.0196690628300581e-07 tau=6.0196690628300581e-07 prediction=2.1339651413155716 rho=0.98221204277440655 accept=1
  MFCG it  66 cost=2.511593e+05 lam=6.020e-07 tau=0.00e+00 cg_it=5 shift=0 ckpt=6 alpha=0 acc mv=266
PCG_PREP o=66 rebuild=1 drift=0 previous_depth=6
ATTR_RADIUS o=66 raw_norm=2111.8606164624698 norm=1612.676294814835 radius=1612.6762948148348 next_radius=403.1690737037087 lambda=6.0196690628300581e-07 next_lambda=9.631470500528093e-06 rho=-1 accept=0
CLASSICAL_LM o=66 lambda=6.0196690628300581e-07 tau=6.0196690628300581e-07 prediction=2.1801117343444116 rho=-1 accept=0
  MFCG it  67  retry 1/8  lam=9.631e-06 tau_eff=6.020e-07  (assembly reused)
PCG_PREP o=66 rebuild=1 drift=0 previous_depth=1
FOLLOW_POINT o=66 mode=1 changed=62746 candidate=251158.6865283275 rho=1.0227736729692696 selected=1
ATTR_RADIUS o=66 raw_norm=192.99798872441519 norm=192.99798872441519 radius=403.1690737037087 next_radius=403.1690737037087 lambda=9.631470500528093e-06 next_lambda=9.6314705005280926e-07 rho=1.0227736729692696 accept=1
CLASSICAL_LM o=66 lambda=9.631470500528093e-06 tau=9.631470500528093e-06 prediction=0.5723358702070811 rho=1.0227736729692696 accept=1
  MFCG it  67 cost=2.511587e+05 lam=9.631e-07 tau=0.00e+00 cg_it=0 shift=0 ckpt=1 alpha=0 acc mv=270
PCG_PREP o=67 rebuild=1 drift=0 previous_depth=1
FOLLOW_POINT o=67 mode=1 changed=64037 candidate=251157.63090273799 rho=1.0216954215204337 selected=1
ATTR_RADIUS o=67 raw_norm=1307.1941812468328 norm=403.16907370370876 radius=403.1690737037087 next_radius=806.33814740741741 lambda=9.6314705005280926e-07 next_lambda=6.0196690628300581e-07 rho=1.0216954215204337 accept=1
CLASSICAL_LM o=67 lambda=9.6314705005280926e-07 tau=9.6314705005280926e-07 prediction=1.033209670192422 rho=1.0216954215204337 accept=1
  MFCG it  68 cost=2.511576e+05 lam=6.020e-07 tau=0.00e+00 cg_it=18 shift=0 ckpt=19 alpha=0 acc mv=290
PCG_PREP o=68 rebuild=1 drift=0 previous_depth=19
FOLLOW_POINT o=68 mode=1 changed=56911 candidate=251156.80443659835 rho=0.85412637858334539 selected=1
ATTR_RADIUS o=68 raw_norm=2011.7255432266165 norm=806.33814740741707 radius=806.33814740741741 next_radius=1612.6762948148348 lambda=6.0196690628300581e-07 next_lambda=6.0196690628300581e-07 rho=0.85412637858334539 accept=1
CLASSICAL_LM o=68 lambda=6.0196690628300581e-07 tau=6.0196690628300581e-07 prediction=0.96761575378291653 rho=0.85412637858334539 accept=1
  MFCG it  69 cost=2.511568e+05 lam=6.020e-07 tau=0.00e+00 cg_it=0 shift=0 ckpt=1 alpha=0 acc mv=292
PCG_PREP o=69 rebuild=1 drift=0 previous_depth=1
ATTR_RADIUS o=69 raw_norm=1985.3560836368824 norm=1612.6762948148341 radius=1612.6762948148348 next_radius=403.1690737037087 lambda=6.0196690628300581e-07 next_lambda=9.631470500528093e-06 rho=-1 accept=0
CLASSICAL_LM o=69 lambda=6.0196690628300581e-07 tau=6.0196690628300581e-07 prediction=2.0680010870430499 rho=-1 accept=0
  MFCG it  70  retry 1/8  lam=9.631e-06 tau_eff=6.020e-07  (assembly reused)
PCG_PREP o=69 rebuild=1 drift=0 previous_depth=1
FOLLOW_POINT o=69 mode=1 changed=61730 candidate=251156.34776259604 rho=1.0109959079463768 selected=1
ATTR_RADIUS o=69 raw_norm=162.05312064372367 norm=162.05312064372367 radius=403.1690737037087 next_radius=403.1690737037087 lambda=9.631470500528093e-06 next_lambda=9.6314705005280926e-07 rho=1.0109959079463768 accept=1
CLASSICAL_LM o=69 lambda=9.63[R9] wrote /tmp/prism-ba-coarse/research/champion_point_followup/evidence/screen/venice-52-polish_loose-2/curve.csv
1470500528093e-06 tau=9.631470500528093e-06 prediction=0.4517070729221061 rho=1.0109959079463768 accept=1
  MFCG it  70 cost=2.511563e+05 lam=9.631e-07 tau=0.00e+00 cg_it=0 shift=0 ckpt=1 alpha=0 acc mv=296
PCG_PREP o=70 rebuild=1 drift=0 previous_depth=1
FOLLOW_POINT o=70 mode=1 changed=63966 candidate=251155.5521085528 rho=1.013538170397168 selected=1
ATTR_RADIUS o=70 raw_norm=1230.1457916702122 norm=403.16907370370888 radius=403.1690737037087 next_radius=806.33814740741741 lambda=9.6314705005280926e-07 next_lambda=6.0196690628300581e-07 rho=1.013538170397168 accept=1
CLASSICAL_LM o=70 lambda=9.6314705005280926e-07 tau=9.6314705005280926e-07 prediction=0.78502622444237136 rho=1.013538170397168 accept=1
  MFCG: converged (OCA_FTOL: 8 outers < 1.0e-05 rel)
  MFCG: accepts=71 rejects=3 total_matvecs=327 negcurv=1 cand_evals=74 mean_cg_per_outer=4.6
NUMERIC_REPAIR summary rebuilds=1 floor=6.0196690628300581e-07
  [retry-cache] builds=75 reuses=0
  [menu-backtrack] trials=29 rescues=29 evals=67 total_scored=141
FOLLOW_POINT summary calls=71 wins=61 changed=4509194 seconds=0.805370187
POINT_SAFE summary calls=29 evals=29 wins=1 frozen=52702 seconds=0.069972893
  [scoring] menu_evals=74 alpha_evals=0 backtrack_evals=67 total_scored=141
RESULT algo=mfree_shifted_cg iters=71 final_cost=251155.5521085528 solve_seconds=1.729565
DIAGNOSTICS median_reproj_err_px 3.252455 -> 0.364875 | cheirality_violations(obs) 0 -> 8 | cheirality_violations(pts, of 64053) 0 -> 4
