  [menu-backtrack] active=1 max_evals=8 warmup_accepts=3 confirm_stop=original armijo=1e-4
MIXED_STORAGE fragments=fp32 arithmetic=fp64 state=fp64 acceptance=fp64
  [compact-fragments] active=2 saved_bytes=28836392 storage=fp32 camera_reads=contiguous
  MFCG score_init=5535080.1182407318 precision=fp64
PCG_PREP o=0 rebuild=1 drift=0 previous_depth=0
E2_CAP o=0 retry=0 touched=0 ncam=539 raw=1555.8332994022085 capped=1555.8332994022089 radius=1555.833299402208 median=37.529431133679537 global_scale=0.99999999999999944
ATTR_RADIUS o=0 raw_norm=1555.833299402208 norm=1555.8332994022078 radius=1555.833299402208 next_radius=3111.666598804416 lambda=0.10000000000000001 next_lambda=0.025000000000000001 rho=0.98486327898082116 accept=1
CLASSICAL_LM o=0 lambda=0.10000000000000001 tau=0.10000000000000001 prediction=5280739.0841612862 rho=0.98486327898082116 accept=1
  MFCG it   1 cost=3.342741e+05 lam=2.500e-02 tau=0.00e+00 cg_it=3 shift=0 ckpt=4 alpha=0 acc mv=5
PCG_PREP o=1 rebuild=1 drift=0 previous_depth=4
E2_CAP o=1 retry=0 touched=0 ncam=539 raw=753.82322983310371 capped=753.82322983310212 radius=3111.666598804416 median=21.092947676019989 global_scale=1
ATTR_RADIUS o=1 raw_norm=753.8232298331036 norm=753.8232298331036 radius=3111.666598804416 next_radius=3111.666598804416 lambda=0.025000000000000001 next_lambda=0.0025000000000000005 rho=0.98798468129156236 accept=1
CLASSICAL_LM o=1 lambda=0.025000000000000001 tau=0.025000000000000001 prediction=126669.67622074873 rho=0.98798468129156236 accept=1
  MFCG it   2 cost=2.091264e+05 lam=2.500e-03 tau=0.00e+00 cg_it=11 shift=0 ckpt=12 alpha=0 acc mv=18
PCG_PREP o=2 rebuild=1 drift=0 previous_depth=12
E2_CAP o=2 retry=0 touched=0 ncam=539 raw=1065.9924113789416 capped=1065.9924113789409 radius=3111.666598804416 median=27.768869148518505 global_scale=1
ATTR_RADIUS o=2 raw_norm=1065.9924113789416 norm=1065.9924113789416 radius=3111.666598804416 next_radius=3111.666598804416 lambda=0.0025000000000000005 next_lambda=0.00025000000000000006 rho=0.95981390087129592 accept=1
CLASSICAL_LM o=2 lambda=0.0025000000000000005 tau=0.0025000000000000005 prediction=25463.052659580666 rho=0.95981390087129592 accept=1
  MFCG it   3 cost=1.846866e+05 lam=2.500e-04 tau=0.00e+00 cg_it=4 shift=0 ckpt=5 alpha=0 acc mv=24
PCG_PREP o=3 rebuild=1 drift=0 previous_depth=5
E2_CAP o=3 retry=0 touched=5 ncam=539 raw=1675.2562724346285 capped=683.1504547178065 radius=3111.666598804416 median=6.7300337234816876 global_scale=1
ATTR_RADIUS o=3 raw_norm=1675.2562724346287 norm=683.15045471780661 radius=3111.666598804416 next_radius=3111.666598804416 lambda=0.00025000000000000006 next_lambda=2.5000000000000008e-05 rho=0.97361575008485668 accept=1
CLASSICAL_LM o=3 lambda=0.00025000000000000006 tau=0.00025000000000000006 prediction=10221.572738009791 rho=0.97361575008485668 accept=1
  MFCG it   4 cost=1.747347e+05 lam=2.500e-05 tau=0.00e+00 cg_it=0 shift=0 ckpt=1 alpha=0 acc mv=26
PCG_PREP o=4 rebuild=1 drift=0 previous_depth=1
E2_CAP o=4 retry=0 touched=9 ncam=539 raw=1140.112256403308 capped=565.56451901540913 radius=3111.666598804416 median=5.128462214224621 global_scale=1
ATTR_RADIUS o=4 raw_norm=1140.112256403308 norm=565.56451901540913 radius=3111.666598804416 next_radius=3111.666598804416 lambda=2.5000000000000008e-05 next_lambda=2.5000000000000011e-06 rho=0.60978137857202563 accept=1
CLASSICAL_LM o=4 lambda=2.5000000000000008e-05 tau=2.5000000000000008e-05 prediction=4057.279121817005 rho=0.60978137857202563 accept=1
  MFCG it   5 cost=1.722607e+05 lam=2.500e-06 tau=0.00e+00 cg_it=0 shift=0 ckpt=1 alpha=0 acc mv=28
PCG_PREP o=5 rebuild=1 drift=0 previous_depth=1
E2_CAP o=5 retry=0 touched=8 ncam=539 raw=1251.5099722000241 capped=406.97475308609393 radius=3111.666598804416 median=3.9191883002331931 global_scale=1
ATTR_RADIUS o=5 raw_norm=1251.5099722000241 norm=406.97475308609398 radius=3111.666598804416 next_radius=3111.666598804416 lambda=2.5000000000000011e-06 next_lambda=2.5000000000000009e-07 rho=0.90889597973971747 accept=1
CLASSICAL_LM o=5 lambda=2.5000000000000011e-06 tau=2.5000000000000011e-06 prediction=3344.8713347193598 rho=0.90889597973971747 accept=1
  MFCG it   6 cost=1.692205e+05 lam=2.500e-07 tau=0.00e+00 cg_it=0 shift=0 ckpt=1 alpha=0 acc mv=30
PCG_PREP o=6 rebuild=1 drift=0 previous_depth=1
E2_CAP o=6 retry=0 touched=5 ncam=539 raw=1246.4480186822213 capped=272.88624960478359 radius=3111.666598804416 median=2.7707814984456833 global_scale=1
ATTR_RADIUS o=6 raw_norm=1246.4480186822213 norm=272.88624960478353 radius=3111.666598804416 next_radius=3111.666598804416 lambda=2.5000000000000009e-07 next_lambda=2.5000000000000012e-08 rho=0.96515148465867051 accept=1
CLASSICAL_LM o=6 lambda=2.5000000000000009e-07 tau=2.5000000000000009e-07 prediction=1166.7477880882848 rho=0.96515148465867051 accept=1
  MFCG it   7 cost=1.680945e+05 lam=2.500e-08 tau=0.00e+00 cg_it=0 shift=0 ckpt=1 alpha=0 acc mv=32
PCG_PREP o=7 rebuild=1 drift=0 previous_depth=1
E2_CAP o=7 retry=0 touched=6 ncam=539 raw=1249.3781867989142 capped=219.80703322391307 radius=3111.666598804416 median=2.1619034882909829 global_scale=1
ATTR_RADIUS o=7 raw_norm=1249.3781867989142 norm=219.80703322391307 radius=3111.666598804416 next_radius=3111.666598804416 lambda=2.5000000000000012e-08 next_lambda=2.5000000000000013e-09 rho=1.0301437090734056 accept=1
CLASSICAL_LM o=7 lambda=2.5000000000000012e-08 tau=2.5000000000000012e-08 prediction=688.40028203794168 rho=1.0301437090734056 accept=1
  MFCG it   8 cost=1.673853e+05 lam=2.500e-09 tau=0.00e+00 cg_it=0 shift=0 ckpt=1 alpha=0 acc mv=34
PCG_PREP o=8 rebuild=1 drift=0 previous_depth=1
E2_CAP o=8 retry=0 touched=6 ncam=539 raw=1330.3770642134489 capped=168.20652675558105 radius=3111.666598804416 median=1.7424894683173839 global_scale=1
ATTR_RADIUS o=8 raw_norm=1330.3770642134486 norm=168.20652675558102 radius=3111.666598804416 next_radius=3111.666598804416 lambda=2.5000000000000013e-09 next_lambda=2.5000000000000012e-10 rho=1.0065624099084227 accept=1
CLASSICAL_LM o=8 lambda=2.5000000000000013e-09 tau=2.5000000000000013e-09 prediction=477.82668934232072 rho=1.0065624099084227 accept=1
TARGET reached outer=9 seconds=0.090908308 cost=166904.33724282906 threshold=167257.51877908601
  MFCG: accepts=9 rejects=0 total_matvecs=36 negcurv=0 cand_evals=9 mean_cg_per_outer=4.0
NUMERIC_REPAIR summary rebuilds=0 floor=9.9999999999999998e-17
  [retry-cache] builds=9 reuses=0
  [menu-backtrack] trials=0 rescues=0 evals=0 total_scored=9
POINT_SAFE summary calls=0 evals=0 wins=0 frozen=0 seconds=0
  [scoring] menu_evals=9 alpha_evals=0 backtrack_evals=0 total_scored=9
RESULT algo=mfree_shifted_cg iters=9 final_cost=166904.3372428291 solve_seconds=0.093968
DIAGNOSTICS median_reproj_err_px 1.389529 -> 0.540041 | cheirality_violations(obs) 29 -> 29 | cheirality_violations(pts, of 65220) 9 -> 9
