[R10] --zero_k2: all k2 set to 0 at load
Loaded /workspace/bal/dubrovnik-88.txt: ncam=88 npt=64298 nobs=383937 n=193422
[R10] --dof9: refining f,k1 per camera (88 cameras)
  [menu-backtrack] active=1 max_evals=8 warmup_accepts=3 confirm_stop=original armijo=1e-4
MIXED_STORAGE fragments=fp32 arithmetic=fp64 state=fp64 acceptance=fp64
  [compact-fragments] active=2 saved_bytes=39929448 storage=fp32 camera_reads=contiguous
  MFCG score_init=30562787.847235736 precision=fp64
PCG_PREP o=0 rebuild=1 drift=0 previous_depth=0
FOLLOW_POINT o=0 mode=3 changed=64298 candidate=2169504.5311307656 rho=0.99643544542206763 selected=1
ATTR_RADIUS o=0 raw_norm=5445.8560983987309 norm=5445.85609839873 radius=5445.8560983987309 next_radius=10891.712196797462 lambda=0.10000000000000001 next_lambda=0.025000000000000001 rho=0.99643544542206763 accept=1
CLASSICAL_LM o=0 lambda=0.10000000000000001 tau=0.10000000000000001 prediction=28494854.781162683 rho=0.99643544542206763 accept=1
  MFCG it   1 cost=2.169505e+06 lam=2.500e-02 tau=0.00e+00 cg_it=0 shift=0 ckpt=1 alpha=0 acc mv=2
PCG_PREP o=1 rebuild=1 drift=0 previous_depth=1
FOLLOW_POINT o=1 mode=3 changed=64298 candidate=870066.77044510678 rho=-1 selected=0
ATTR_RADIUS o=1 raw_norm=2850.4003817587995 norm=2850.4003817587995 radius=10891.712196797462 next_radius=10891.712196797462 lambda=0.025000000000000001 next_lambda=0.0025000000000000005 rho=0.99898472110561343 accept=1
CLASSICAL_LM o=1 lambda=0.025000000000000001 tau=0.025000000000000001 prediction=1301023.2086647341 rho=0.99898472110561343 accept=1
  MFCG it   2 cost=8.698022e+05 lam=2.500e-03 tau=0.00e+00 cg_it=4 shift=0 ckpt=5 alpha=0 acc mv=8
PCG_PREP o=2 rebuild=1 drift=0 previous_depth=5
FOLLOW_POINT o=2 mode=3 changed=64298 candidate=566994.70188851282 rho=0.99188531516432465 selected=1
ATTR_RADIUS o=2 raw_norm=2272.8953908445242 norm=2272.8953908445242 radius=10891.712196797462 next_radius=10891.712196797462 lambda=0.0025000000000000005 next_lambda=0.00025000000000000006 rho=0.99188531516432465 accept=1
CLASSICAL_LM o=2 lambda=0.0025000000000000005 tau=0.0025000000000000005 prediction=305284.81201701961 rho=0.99188531516432465 accept=1
  MFCG it   3 cost=5.669947e+05 lam=2.500e-04 tau=0.00e+00 cg_it=9 shift=0 ckpt=10 alpha=0 acc mv=19
PCG_PREP o=3 rebuild=1 drift=0 previous_depth=10
FOLLOW_POINT o=3 mode=3 changed=64298 candidate=398606.70887914253 rho=0.98503247275217676 selected=1
ATTR_RADIUS o=3 raw_norm=2298.3090628177647 norm=2298.3090628177647 radius=10891.712196797462 next_radius=10891.712196797462 lambda=0.00025000000000000006 next_lambda=2.5000000000000008e-05 rho=0.98503247275217676 accept=1
CLASSICAL_LM o=3 lambda=0.00025000000000000006 tau=0.00025000000000000006 prediction=170946.64152430926 rho=0.98503247275217676 accept=1
  MFCG it   4 cost=3.986067e+05 lam=2.500e-05 tau=0.00e+00 cg_it=0 shift=0 ckpt=1 alpha=0 acc mv=21
PCG_PREP o=4 rebuild=1 drift=0 previous_depth=1
FOLLOW_POINT o=4 mode=3 changed=64298 candidate=363921.47336865711 rho=1.2935940361672793 selected=1
ATTR_RADIUS o=4 raw_norm=7290.7426960720368 norm=7290.7426960720368 radius=10891.712196797462 next_radius=10891.712196797462 lambda=2.5000000000000008e-05 next_lambda=2.5000000000000011e-06 rho=1.2935940361672793 accept=1
CLASSICAL_LM o=4 lambda=2.5000000000000008e-05 tau=2.5000000000000008e-05 prediction=26813.076236229761 rho=1.2935940361672793 accept=1
  MFCG it   5 cost=3.639215e+05 lam=2.500e-06 tau=0.00e+00 cg_it=7 shift=0 ckpt=8 alpha=0 acc mv=30
PCG_PREP o=5 rebuild=1 drift=0 previous_depth=8
FOLLOW_POINT o=5 mode=3 changed=64298 candidate=361991.59331621922 rho=1.0536003390713007 selected=1
ATTR_RADIUS o=5 raw_norm=736.54138454634665 norm=736.54138454634665 radius=10891.712196797462 next_radius=10891.712196797462 lambda=2.5000000000000011e-06 next_lambda=2.5000000000000009e-07 rho=1.0536003390713007 accept=1
CLASSICAL_LM o=5 lambda=2.5000000000000011e-06 tau=2.5000000000000011e-06 prediction=1831.7002955209641 rho=1.0536003390713007 accept=1
  MFCG it   6 cost=3.619916e+05 lam=2.500e-07 tau=0.00e+00 cg_it=0 shift=0 ckpt=1 alpha=0 acc mv=32
PCG_PREP o=6 rebuild=1 drift=0 previous_depth=1
POINT_SAFE o=6 frozen=53 slope=-8955.4809722685659 candidate=367977.62763089902 original=360484.51501161011 current=361991.5933162[R9] wrote /tmp/prism-ba-coarse/research/champion_point_followup/evidence/screen/dubrovnik-88-virtual_loose-0/curve.csv
1922 won=0 mode=1 camera_scale=1 keep_scale=0
FOLLOW_POINT o=6 mode=3 changed=64298 candidate=360343.21309128264 rho=1.0117790158593007 selected=1
ATTR_RADIUS o=6 raw_norm=9058.9443806907511 norm=2264.7360951726878 radius=10891.712196797462 next_radius=10891.712196797462 lambda=2.5000000000000009e-07 next_lambda=2.5000000000000012e-08 rho=1.0117790158593007 accept=1
CLASSICAL_LM o=6 lambda=2.5000000000000009e-07 tau=2.5000000000000009e-07 prediction=1629.1899704369926 rho=1.0117790158593007 accept=1
  MFCG it   7 cost=3.603432e+05 lam=2.500e-08 tau=0.00e+00 cg_it=20 shift=0 ckpt=21 alpha=0 acc mv=54
PCG_PREP o=7 rebuild=1 drift=0 previous_depth=21
FOLLOW_POINT o=7 mode=3 changed=64298 candidate=1400815.1891498913 rho=-1 selected=0
ATTR_RADIUS o=7 raw_norm=55737.953230658663 norm=10891.712196797464 radius=10891.712196797462 next_radius=10891.712196797462 lambda=2.5000000000000012e-08 next_lambda=2.5000000000000012e-08 rho=0.28052842195206218 accept=1
CLASSICAL_LM o=7 lambda=2.5000000000000012e-08 tau=2.5000000000000012e-08 prediction=408.12643149170538 rho=0.28052842195206218 accept=1
  MFCG it   8 cost=3.602287e+05 lam=2.500e-08 tau=0.00e+00 cg_it=0 shift=0 ckpt=1 alpha=0 acc mv=56
PCG_PREP o=8 rebuild=1 drift=0 previous_depth=1
POINT_SAFE o=8 frozen=26 slope=-453.79929722172238 candidate=361002.71306210529 original=360196.05233253626 current=360228.72202749935 won=0 mode=1 camera_scale=1 keep_scale=0
FOLLOW_POINT o=8 mode=3 changed=64298 candidate=426719.00405479694 rho=-1 selected=0
ATTR_RADIUS o=8 raw_norm=41127.019404369028 norm=5445.8560983987318 radius=10891.712196797462 next_radius=2722.9280491993654 lambda=2.5000000000000012e-08 next_lambda=4.0000000000000019e-07 rho=0.18078783946648819 accept=1
CLASSICAL_LM o=8 lambda=2.5000000000000012e-08 tau=2.5000000000000012e-08 prediction=180.70736980703705 rho=0.18078783946648819 accept=1
  MFCG it   9 cost=3.601961e+05 lam=4.000e-07 tau=0.00e+00 cg_it=0 shift=0 ckpt=1 alpha=0 acc mv=58
PCG_PREP o=9 rebuild=1 drift=0 previous_depth=1
FOLLOW_POINT o=9 mode=3 changed=64298 candidate=363947.26380864118 rho=-1 selected=0
ATTR_RADIUS o=9 raw_norm=2785.4019288430827 norm=2722.928049199365 radius=2722.9280491993654 next_radius=5445.8560983987309 lambda=4.0000000000000019e-07 next_lambda=1.0000000000000005e-07 rho=0.98877027105324633 accept=1
CLASSICAL_LM o=9 lambda=4.0000000000000019e-07 tau=4.0000000000000019e-07 prediction=340.54830774521196 rho=0.98877027105324633 accept=1
  MFCG it  10 cost=3.598593e+05 lam=1.000e-07 tau=0.00e+00 cg_it=0 shift=0 ckpt=1 alpha=0 acc mv=60
PCG_PREP o=10 rebuild=1 drift=0 previous_depth=1
POINT_SAFE o=10 frozen=40 slope=-2881.1782607493924 candidate=359695.68801550439 original=359203.83542823559 current=359859.3282899803 won=0 mode=1 camera_scale=1 keep_scale=0
FOLLOW_POINT o=10 mode=3 changed=64298 candidate=359312.691703927 rho=-1 selected=0
ATTR_RADIUS o=10 raw_norm=10042.597365835554 norm=1361.4640245996825 radius=5445.8560983987309 next_radius=5445.8560983987309 lambda=1.0000000000000005e-07 next_lambda=1.0000000000000005e-08 rho=0.97583294076471683 accept=1
CLASSICAL_LM o=10 lambda=1.0000000000000005e-07 tau=1.0000000000000005e-07 prediction=671.72651625290939 rho=0.97583294076471683 accept=1
TARGET reached outer=11 seconds=0.272237464 cost=359203.83542823559 threshold=359304.65431295318
  MFCG: accepts=11 rejects=0 total_matvecs=91 negcurv=0 cand_evals=11 mean_cg_per_outer=8.3
NUMERIC_REPAIR summary rebuilds=0 floor=9.9999999999999998e-17
  [retry-cache] builds=11 reuses=0
  [menu-backtrack] trials=3 rescues=3 evals=8 total_scored=19
FOLLOW_POINT summary calls=11 wins=6 changed=707278 seconds=0.087615368
POINT_SAFE summary calls=3 evals=3 wins=0 frozen=119 seconds=0.007356983
  [scoring] menu_evals=11 alpha_evals=0 backtrack_evals=8 total_scored=19
RESULT algo=mfree_shifted_cg iters=11 final_cost=359203.8354282356 solve_seconds=0.275277
DIAGNOSTICS median_reproj_err_px 4.948600 -> 0.657315 | cheirality_violations(obs) 0 -> 0 | cheirality_violations(pts, of 64298) 0 -> 0
