  [menu-backtrack] active=1 max_evals=8 warmup_accepts=3 confirm_stop=original armijo=1e-4
MIXED_STORAGE fragments=fp32 arithmetic=fp64 state=fp64 acceptance=fp64
  [compact-fragments] active=2 saved_bytes=171996448 storage=fp32 camera_reads=contiguous
  MFCG score_init=90993342.024340227 precision=fp64
PCG_PREP o=0 rebuild=1 drift=0 previous_depth=0
ATTR_RADIUS o=0 raw_norm=8861.1709887307607 norm=8861.1709887307607 radius=8861.1709887307607 next_radius=17722.341977461521 lambda=0.10000000000000001 next_lambda=0.025000000000000001 rho=0.99545080656082618 accept=1
CLASSICAL_LM o=0 lambda=0.10000000000000001 tau=0.10000000000000001 prediction=83412716.699058995 rho=0.99545080656082618 accept=1
  MFCG it   1 cost=7.960086e+06 lam=2.500e-02 tau=0.00e+00 cg_it=0 shift=0 ckpt=1 alpha=0 acc mv=2
PCG_PREP o=1 rebuild=1 drift=0 previous_depth=1
ATTR_RADIUS o=1 raw_norm=4659.7121206777829 norm=4659.7121206777829 radius=17722.341977461521 next_radius=17722.341977461521 lambda=0.025000000000000001 next_lambda=0.0025000000000000005 rho=0.99453896506499717 accept=1
CLASSICAL_LM o=1 lambda=0.025000000000000001 tau=0.025000000000000001 prediction=4259951.5107679693 rho=0.99453896506499717 accept=1
  MFCG it   2 cost=3.723398e+06 lam=2.500e-03 tau=0.00e+00 cg_it=4 shift=0 ckpt=5 alpha=0 acc mv=8
PCG_PREP o=2 rebuild=1 drift=0 previous_depth=5
ATTR_RADIUS o=2 raw_norm=6975.6779789559096 norm=6975.6779789559096 radius=17722.341977461521 next_radius=17722.341977461521 lambda=0.0025000000000000005 next_lambda=0.00025000000000000006 rho=0.8705106146654179 accept=1
CLASSICAL_LM o=2 lambda=0.0025000000000000005 tau=0.0025000000000000005 prediction=1234099.5580717553 rho=0.8705106146654179 accept=1
  MFCG it   3 cost=2.649101e+06 lam=2.500e-04 tau=0.00e+00 cg_it=9 shift=0 ckpt=10 alpha=0 acc mv=19
PCG_PREP o=3 rebuild=1 drift=0 previous_depth=10
ATTR_RADIUS o=3 raw_norm=10922.542500247397 norm=10922.542500247397 radius=17722.341977461521 next_radius=17722.341977461521 lambda=0.00025000000000000006 next_lambda=2.5000000000000008e-05 rho=0.71461554947847006 accept=1
CLASSICAL_LM o=3 lambda=0.00025000000000000006 tau=0.00025000000000000006 prediction=596515.31226690067 rho=0.71461554947847006 accept=1
  MFCG it   4 cost=2.222822e+06 lam=2.500e-05 tau=0.00e+00 cg_it=0 shift=0 ckpt=1 alpha=0 acc mv=21
PCG_PREP o=4 rebuild=1 drift=0 previous_depth=1
POINT_SAFE o=4 frozen=1341 slope=-336469.7999834129 candidate=2043410.2433234549 original=2072225.5558257704 current=2222822.2595827021 won=1 mode=1 camera_scale=1 keep_scale=0
ATTR_RADIUS o=4 raw_norm=25300.156685608163 norm=17722.341977461529 radius=17722.341977461521 next_radius=35444.683954923043 lambda=2.5000000000000008e-05 next_lambda=6.250000000000002e-06 rho=0.91745235114288426 accept=1
CLASSICAL_LM o=4 lambda=2.5000000000000008e-05 tau=2.5000000000000008e-05 prediction=195554.58769684436 rho=0.91745235114288426 accept=1
  MFCG it   5 cost=2.043410e+06 lam=6.250e-06 tau=0.00e+00 cg_it=1 shift=0 ckpt=2 alpha=0 acc mv=24
PCG_PREP o=5 rebuild=1 drift=0 previous_depth=2
POINT_SAFE o=5 frozen=1597 slope=-207540.40869314648 candidate=2178480.314280299 original=2002344.5574099605 current=2043410.2433234549 won=0 mode=1 camera_scale=1 keep_scale=0
ATTR_RADIUS o=5 raw_norm=42981.160371911596 norm=4430.5854943653803 radius=35444.683954923043 next_radius=35444.683954923043 lambda=6.250000000000002e-06 next_lambda=6.2500000000000026e-07 rho=0.91587636306165221 accept=1
CLASSICAL_LM o=5 lambda=6.250000000000002e-06 tau=6.250000000000002e-06 prediction=44837.5867854229 rho=0.91587636306165221 accept=1
  MFCG it   6 cost=2.002345e+06 lam=6.250e-07 tau=0.00e+00 cg_it=7 shift=0 ckpt=8 alpha=0 acc mv=33
PCG_PREP o=6 rebuild=1 drift=0 previous_depth=8
POINT_SAFE o=6 frozen=1716 slope=-116962.97209862902 candidate=4311050.6104166154 original=1991646.5092897089 current=2002344.5574099605 won=0 mode=1 camera_scale=1 keep_scale=0
ATTR_RADIUS o=6 raw_norm=69304.480793335693 norm=8861.1709887307607 radius=35444.683954923043 next_radius=8861.1709887307607 lambda=6.2500000000000026e-07 next_lambda=1.0000000000000004e-05 rho=0.18544055578109164 accept=1
CLASSICAL_LM o=6 lambda=6.2500000000000026e-07 tau=6.2500000000000026e-07 prediction=57689.905399552546 rho=0.18544055578109164 accept=1
  MFCG it   7 cost=1.991647e+06 lam=1.000e-05 tau=0.00e+00 cg_it=5 shift=0 ckpt=6 alpha=0 acc mv=40
PCG_PREP o=7 rebuild=1 drift=0 previous_depth=6
POINT_SAFE o=7 frozen=458 slope=-99943.384401565127 candidate=1942402.3419531931 original=1990872.0178965686 current=1991646.5092897089 won=1 mode=1 camera_scale=1 keep_scale=0
ATTR_RADIUS o=7 raw_norm=11021.474885534015 norm=8861.170988730757 radius=8861.1709887307607 next_radius=17722.341977461521 lambda=1.0000000000000004e-05 next_lambda=2.5000000000000011e-06 rho=0.92068592541018068 accept=1
CLASSICAL_LM o=7 lambda=1.0000000000000004e-05 tau=1.0000000000000004e-05 prediction=53486.390936818942 rho=0.92068592541018068 accept=1
  MFCG it   8 cost=1.942402e+06 lam=2.500e-06 tau=0.00e+00 cg_it=0 shift=0 ckpt=1 alpha=0 acc mv=42
PCG_PREP o=8 rebuild=1 drift=0 previous_depth=1
POINT_SAFE o=8 frozen=980 slope=-52456.426813535152 candidate=1923810.4818077167 original=1939069.709123482 current=1942402.3419531931 won=1 mode=1 camera_scale=1 keep_scale=0
ATTR_RADIUS o=8 raw_norm=42648.935956368288 norm=17722.341977461521 radius=17722.341977461521 next_radius=17722.341977461521 lambda=2.5000000000000011e-06 next_lambda=2.5000000000000011e-06 rho=0.50507272751394727 accept=1
CLASSICAL_LM o=8 lambda=2.5000000000000011e-06 tau=2.5000000000000011e-06 prediction=36810.263418871713 rho=0.50507272751394727 accept=1
  MFCG it   9 cost=1.923810e+06 lam=2.500e-06 tau=0.00e+00 cg_it=4 shift=0 ckpt=5 alpha=0 acc mv=48
PCG_PREP o=9 rebuild=1 drift=0 previous_depth=5
POINT_SAFE o=9 frozen=1096 slope=-58630.037030976157 candidate=84135306.329717651 original=1922327.8512077678 current=1923810.4818077167 won=0 mode=1 camera_scale=1 keep_scale=0
ATTR_RADIUS o=9 raw_norm=15157.927742134301 norm=15157.927742134301 radius=17722.341977461521 next_radius=4430.5854943653803 lambda=2.5000000000000011e-06 next_lambda=4.0000000000000017e-05 rho=0.074425773664843153 accept=0
CLASSICAL_LM o=9 lambda=2.5000000000000011e-06 tau=2.5000000000000011e-06 prediction=19920.929631520477 rho=0.074425773664843153 accept=0
  MFCG it  10  retry 1/8  lam=4.000e-05 tau_eff=2.500e-06  (assembly reused)
PCG_PREP o=9 rebuild=1 drift=0 previous_depth=1
POINT_SAFE o=9 frozen=461 slope=-55618.59698725061 candidate=1896866.7062394307 original=1919380.2677168637 current=1923810.4818077167 won=1 mode=1 camera_scale=1 keep_scale=0
ATTR_RADIUS o=9 raw_norm=3850.3765137471391 norm=3850.3765137471391 radius=4430.5854943653803 next_radius=8861.1709887307607 lambda=4.0000000000000017e-05 next_lambda=1.0000000000000004e-05 rho=0.94942110800149748 accept=1
CLASSICAL_LM o=9 lambda=4.0000000000000017e-05 tau=4.0000000000000017e-05 prediction=28379.162145448594 rho=0.94942110800149748 accept=1
  MFCG it  10 cost=1.896867e+06 lam=1.000e-05 tau=0.00e+00 cg_it=0 shift=0 ckpt=1 alpha=0 acc mv=52
PCG_PREP o=10 rebuild=1 drift=0 previous_depth=1
POINT_SAFE o=10 frozen=57 slope=-57538.772613278808 candidate=1855164.6309973581 original=1896117.5387318577 current=1896866.7062394307 won=1 mode=1 camera_scale=1 keep_scale=0
ATTR_RADIUS o=10 raw_norm=32899.703812318716 norm=8861.1709887307625 radius=8861.1709887307607 next_radius=17722.341977461521 lambda=1.0000000000000004e-05 next_lambda=2.5000000000000011e-06 rho=0.84468193844637196 accept=1
CLASSICAL_LM o=10 lambda=1.0000000000000004e-05 tau=1.0000000000000004e-05 prediction=49370.151466450705 rho=0.84468193844637196 accept=1
  MFCG it  11 cost=1.855165e+06 lam=2.500e-06 tau=0.00e+00 cg_it=35 shift=0 ckpt=36 alpha=0 acc mv=89
PCG_PREP o=11 rebuild=1 drift=0 previous_depth=36
POINT_SAFE o=11 frozen=567 slope=-34312.657096834249 candidate=1854099.4308623932 original=1853282.9682624377 current=1855164.6309973581 won=0 mode=1 camera_scale=1 keep_scale=0
ATTR_RADIUS o=11 raw_norm=52766.648996170603 norm=553.82318679567277 radius=17722.341977461521 next_radius=17722.341977461521 lambda=2.5000000000000011e-06 next_lambda=2.5000000000000009e-07 rho=0.42604260604292837 accept=1
CLASSICAL_LM o=11 lambda=2.5000000000000011e-06 tau=2.5000000000000011e-06 prediction=4416.6069501762322 rho=0.42604260604292837 accept=1
  MFCG it  12 cost=1.853283e+06 lam=2.500e-07 tau=0.00e+00 cg_it=12 shift=0 ckpt=13 alpha=0 acc mv=103
PCG_PREP o=12 rebuild=1 drift=0 previous_depth=13
POINT_SAFE o=12 frozen=754 slope=-25870.963475635763 candidate=1866220.7990182203 original=1853132.7985277411 current=1853282.9682624377 won=0 mode=1 camera_scale=1 keep_scale=0
ATTR_RADIUS o=12 raw_norm=91698.356946512475 norm=17722.341977461532 radius=17722.341977461521 next_radius=4430.5854943653803 lambda=2.5000000000000009e-07 next_lambda=4.0000000000000015e-06 rho=0.072674233883211661 accept=0
CLASSICAL_LM o=12 lambda=2.5000000000000009e-07 tau=2.5000000000000009e-07 prediction=2066.340801582433 rho=0.072674233883211661 accept=0
  MFCG it  13  retry 1/8  lam=4.000e-06 tau_eff=2.500e-07  (assembly reused)
PCG_PREP o=12 rebuild=1 drift=0 previous_depth=13
POINT_SAFE o=12 frozen=21 slope=-16098.618978611328 candidate=1842929.5769481997 original=1852899.1861222701 current=1853282.9682624377 won=1 mode=1 camera_scale=1 keep_scale=0
ATTR_RADIUS o=12 raw_norm=43223.574094892967 norm=4430.5854943653803 radius=4430.5854943653803 next_radius=8861.1709887307607 lambda=4.0000000000000015e-06 next_lambda=1.0000000000000004e-06 rho=0.89565770674000744 accept=1
CLASSICAL_LM o=12 lambda=4.0000000000000015e-06 tau=4.0000000000000015e-06 prediction=11559.54025329843 rho=0.89565770674000744 accept=1
  MFCG it  13 cost=1.842930e+06 lam=1.000e-06 tau=0.00e+00 cg_it=12 shift=0 ckpt=13 alpha=0 acc mv=131
PCG_PREP o=13 rebuild=1 drift=0 previous_depth=13
POINT_SAFE o=13 frozen=242 slope=-13226.974167048696 candidate=1833853.3394949236 original=1842207.1928650993 current=1842929.5769481997 won=1 mode=1 camera_scale=1 keep_scale=0
ATTR_RADIUS o=13 raw_norm=70388.149970953236 norm=8861.1709887307625 radius=8861.1709887307607 next_radius=17722.341977461521 lambda=1.0000000000000004e-06 next_lambda=2.5000000000000009e-07 rho=0.80177236000735508 accept=1
CLASSICAL_LM o=13 lambda=1.0000000000000004e-06 tau=1.0000000000000004e-06 prediction=11320.21744076186 rho=0.80177236000735508 accept=1
  MFCG it  14 cost=1.833853e+06 lam=2.500e-07 tau=0.00e+00 cg_it=16 shift=0 ckpt=17 alpha=0 acc mv=149
PCG_PREP o=14 rebuild=1 drift=0 previous_depth=17
POINT_SAFE o=14 frozen=542 slope=-21572.840687961656 candidate=1858760.1877061797 original=1832163.6458307416 current=1833853.3394949236 won=0 mode=1 camera_scale=1 keep_scale=0
ATTR_RADIUS o=14 raw_norm=85892.025944967012 norm=553.82318679567254 radius=17722.341977461521 next_radius=17722.341977461521 lambda=2.5000000000000009e-07 next_lambda=2.5000000000000012e-08 rho=0.42959747084335548 accept=1
CLASSICAL_LM o=14 lambda=2.5000000000000009e-07 tau=2.5000000000000009e-07 prediction=3933.2020760385067 rho=0.42959747084335548 accept=1
  MFCG it  15 cost=1.832164e+06 lam=2.500e-08 tau=0.00e+00 cg_it=17 shift=0 ckpt=18 alpha=0 acc mv=168
PCG_PREP o=15 rebuild=1 drift=0 previous_depth=18
POINT_SAFE o=15 frozen=470 slope=-18732.652803040804 candidate=1954683.5693430754 original=1831998.4682132483 current=1832163.6458307416 won=0 mode=1 camera_scale=1 keep_scale=0
ATTR_RADIUS o=15 raw_norm=113403.63582119516 norm=69.227898349459082 radius=17722.341977461521 next_radius=17722.341977461521 lambda=2.5000000000000012e-08 next_lambda=2.5000000000000013e-09 rho=0.34606068703054865 accept=1
CLASSICAL_LM o=15 lambda=2.5000000000000012e-08 tau=2.5000000000000012e-08 prediction=477.30824009702457 rho=0.34606068703054865 accept=1
  MFCG it  16 cost=1.831998e+06 lam=2.500e-09 tau=0.00e+00 cg_it=18 shift=0 ckpt=19 alpha=0 acc mv=188
PCG_PREP o=16 rebuild=1 drift=0 previous_depth=19
NUMERIC_REPAIR o=16 lambda=2.5000000000000013e-09 rayleigh=-1.0004406269043476e-06 next_lambda=4.0117625076173904e-06 cg=1 rebuild=1
PCG_PREP o=16 rebuild=1 drift=0 previous_depth=1
POINT_SAFE o=16 frozen=373 slope=-39030.262196757518 candidate=1853937.6132376674 original=inf current=1831998.4682132483 won=0 mode=1 camera_scale=1 keep_scale=0
ATTR_RADIUS o=16 raw_norm=40280.486338821749 norm=17722.341977461521 radius=17722.341977461521 next_radius=4430.5854943653803 lambda=4.0117625076173904e-06 next_lambda=6.4188200121878246e-05 rho=-1 accept=0
CLASSICAL_LM o=16 lambda=4.0117625076173904e-06 tau=4.0117625076173904e-06 prediction=12365.343043647856 rho=-1 accept=0
  MFCG it  17  retry 1/8  lam=6.419e-05 tau_eff=4.012e-06  (assembly reused)
PCG_PREP o=16 rebuild=1 drift=0 previous_depth=18
POINT_SAFE o=16 frozen=46 slope=-93876.202249199283 candidate=2604039.9645068566 original=inf current=1831998.4682132483 won=0 mode=1 camera_scale=1 keep_scale=0
ATTR_RADIUS o=16 raw_norm=10015.874742741917 norm=4430.5854943653785 radius=4430.5854943653803 next_radius=1107.6463735913451 lambda=6.4188200121878246e-05 next_lambda=0.0010270112019500519 rho=-1 accept=0
CLASSICAL_LM o=16 lambda=6.4188200121878246e-05 tau=6.4188200121878246e-05 prediction=64939.357930446407 rho=-1 accept=0
  MFCG it  17  retry 2/8  lam=1.027e-03 tau_eff=6.419e-05  (assembly reused)
PCG_PREP o=16 rebuild=1 drift=0 previous_depth=16
POINT_SAFE o=16 frozen=28 slope=-96313.520568611697 candidate=2516573.8868801631 original=inf current=1831998.4682132483 won=0 mode=1 camera_scale=1 keep_scale=0
ATTR_RADIUS o=16 raw_norm=1350.5816939710576 norm=1107.6463735913451 radius=1107.6463735913451 next_radius=276.91159339783627 lambda=0.0010270112019500519 next_lambda=0.016432179231200831 rho=-1 accept=0
CLASSICAL_LM o=16 lambda=0.0010270112019500519 tau=0.0010270112019500519 prediction=57291.347965843182 rho=-1 accept=0
  MFCG it  17  retry 3/8  lam=1.643e-02 tau_eff=1.027e-03  (assembly reused)
PCG_PREP o=16 rebuild=1 drift=0 previous_depth=3
POINT_SAFE o=16 frozen=8 slope=-88730.080044205984 candidate=2517133.4350724076 original=inf current=1831998.4682132483 won=0 mode=1 camera_scale=1 keep_scale=0
ATTR_RADIUS o=16 raw_norm=342.30128421941555 norm=276.91159339783633 radius=276.91159339783627 next_radius=69.227898349459068 lambda=0.016432179231200831 next_lambda=0.26291486769921329 rho=-1 accept=0
CLASSICAL_LM o=16 lambda=0.016432179231200831 tau=0.016432179231200831 prediction=53356.291440956658 rho=-1 accept=0
  MFCG it  17  retry 4/8  lam=2.629e-01 tau_eff=1.643e-02  (assembly reused)
PCG_PREP o=16 rebuild=1 drift=0 previous_depth=1
POINT_SAFE o=16 frozen=1 slope=-32100.009032686925 candidate=3125730.8329751119 original=1831958.7718222984 current=1831998.4682132483 won=0 mode=1 camera_scale=1 keep_scale=0
ATTR_RADIUS o=16 raw_norm=218.46894398184259 norm=0.54084295585514897 radius=69.227898349459068 next_radius=17.306974587364767 lambda=0.26291486769921329 next_lambda=4.2066378831874127 rho=0.14687267627662304 accept=1
CLASSICAL_LM o=16 lambda=0.26291486769921329 tau=0.26291486769921329 prediction=270.27757617164372 rho=0.14687267627662304 accept=1
  MFCG it  17 cost=1.831959e+06 lam=4.207e+00 tau=0.00e+00 cg_it=0 shift=0 ckpt=1 alpha=0 acc mv=234
PCG_PREP o=17 rebuild=1 drift=0 previous_depth=1
POINT_SAFE o=17 frozen=1 slope=-9474.284998196099 candidate=1862575.3572879473 original=1831687.8171295878 current=1831958.7718222984 won=0 mode=1 camera_scale=1 keep_scale=0
ATTR_RADIUS o=17 raw_norm=71.940136502487249 norm=1.0816859117102979 radius=17.306974587364767 next_radius=17.306974587364767 lambda=4.2066378831874127 next_lambda=0.42066378831874129 rho=0.434540372707724 accept=1
CLASSICAL_LM o=17 lambda=4.2066378831874127 tau=4.2066378831874127 prediction=623.54319581923721 rho=0.434540372707724 accept=1
  MFCG it  18 cost=1.831688e+06 lam=4.207e-01 tau=0.00e+00 cg_it=0 shift=0 ckpt=1 alpha=0 acc mv=236
PCG_PREP o=18 rebuild=1 drift=0 previous_depth=1
POINT_SAFE o=18 frozen=1 slope=-10853.041408877412 candidate=2986941.7977564069 original=1831493.8040467801 current=1831687.8171295878 won=0 mode=1 camera_scale=1 keep_scale=0
ATTR_RADIUS o=18 raw_norm=192.91203225996551 norm=0.54084295585514874 radius=17.306974587364767 next_radius=17.306974587364767 lambda=0.42066378831874129 next_lambda=0.042066378831874134 rho=0.40501775065480661 accept=1
CLASSICAL_LM o=18 lambda=0.42066378831874129 tau=0.42066378831874129 prediction=479.02365388673195 rho=0.40501775065480661 accept=1
  MFCG it  19 cost=1.831494e+06 lam=4.207e-02 tau=0.00e+00 cg_it=0 shift=0 ckpt=1 alpha=0 acc mv=238
PCG_PREP o=19 rebuild=1 drift=0 previous_depth=1
ATTR_RADIUS o=19 raw_norm=273.67413688868004 norm=17.306974587364756 radius=17.306974587364767 next_radius=34.613949174729534 lambda=0.042066378831874134 next_lambda=0.010516594707968533 rho=1.4288456063498558 accept=1
CLASSICAL_LM o=19 lambda=0.042066378831874134 tau=0.042066378831874134 prediction=30015.77429294066 rho=1.4288456063498558 accept=1
  MFCG it  20 cost=1.788606e+06 lam=1.052e-02 tau=0.00e+00 cg_it=0 shift=0 ckpt=1 alpha=0 acc mv=240
PCG_PREP o=20 rebuild=1 drift=0 previous_depth=1
ATTR_RADIUS o=20 raw_norm=405.81739322064743 norm=34.613949174729534 radius=34.613949174729534 next_radius=69.227898349459068 lambda=0.010516594707968533 next_lambda=0.0026291486769921333 rho=0.99932070627364411 accept=1
CLASSICAL_LM o=20 lambda=0.010516594707968533 tau=0.010516594707968533 prediction=11467.143890474232 rho=0.99932070627364411 accept=1
  MFCG it  21 cost=1.777147e+06 lam=2.629e-03 tau=0.00e+00 cg_it=16 shift=0 ckpt=17 alpha=0 acc mv=258
PCG_PREP o=21 rebuild=1 drift=0 previous_depth=17
ATTR_RADIUS o=21 raw_norm=763.02364884065935 norm=69.227898349459068 radius=69.227898349459068 next_radius=138.45579669891814 lambda=0.0026291486769921333 next_lambda=0.00065728716924803334 rho=1.0024940770365289 accept=1
CLASSICAL_LM o=21 lambda=0.0026291486769921333 tau=0.0026291486769921333 prediction=593.28347947762427 rho=1.0024940770365289 accept=1
  MFCG it  22 cost=1.776552e+06 lam=6.573e-04 tau=0.00e+00 cg_it=2 shift=0 ckpt=3 alpha=0 acc mv=262
PCG_PREP o=22 rebuild=1 drift=0 previous_depth=3
ATTR_RADIUS o=22 raw_norm=2634.207729573036 norm=138.45579669891816 radius=138.45579669891814 next_radius=276.91159339783627 lambda=0.00065728716924803334 next_lambda=0.00016432179231200833 rho=1.0002540436220653 accept=1
CLASSICAL_LM o=22 lambda=0.00065728716924803334 tau=0.00065728716924803334 prediction=881.30980630470083 rho=1.0002540436220653 accept=1
  MFCG it  23 cost=1.775670e+06 lam=1.643e-04 tau=0.00e+00 cg_it=7 shift=0 ckpt=8 alpha=0 acc mv=271
PCG_PREP o=23 rebuild=1 drift=0 previous_depth=8
ATTR_RADIUS o=23 raw_norm=6843.1141824527494 norm=276.91159339783627 radius=276.91159339783627 next_radius=553.82318679567254 lambda=0.00016432179231200833 next_lambda=4.1080448078002084e-05 rho=0.99788705211900597 accept=1
CLASSICAL_LM o=23 lambda=0.00016432179231200833 tau=0.00016432179231200833 prediction=1491.8147334912326 rho=0.99788705211900597 accept=1
  MFCG it  24 cost=1.774182e+06 lam=4.108e-05 tau=0.00e+00 cg_it=16 shift=0 ckpt=17 alpha=0 acc mv=289
PCG_PREP o=24 rebuild=1 drift=0 previous_depth=17
ATTR_RADIUS o=24 raw_norm=14776.408841818966 norm=553.82318679567265 radius=553.82318679567254 next_radius=1107.6463735913451 lambda=4.1080448078002084e-05 next_lambda=1.0270112019500521e-05 rho=0.99940159493426484 accept=1
CLASSICAL_LM o=24 lambda=4.1080448078002084e-05 tau=4.1080448078002084e-05 prediction=2100.3532507441232 rho=0.99940159493426484 accept=1
  MFCG it  25 cost=1.772082e+06 lam=1.027e-05 tau=0.00e+00 cg_it=21 shift=0 ckpt=22 alpha=0 acc mv=312
PCG_PREP o=25 rebuild=1 drift=0 previous_depth=22
ATTR_RADIUS o=25 raw_norm=28257.74812223751 norm=1107.6463735913451 radius=1107.6463735913451 next_radius=2215.2927471826902 lambda=1.0270112019500521e-05 next_lambda=4.0117625076173904e-06 rho=1.0013415340111993 accept=1
CLASSICAL_LM o=25 lambda=1.0270112019500521e-05 tau=1.0270112019500521e-05 prediction=2899.6378894688992 rho=1.0013415340111993 accept=1
  MFCG it  26 cost=1.769179e+06 lam=4.012e-06 tau=0.00e+00 cg_it=26 shift=0 ckpt=27 alpha=0 acc mv=340
PCG_PREP o=26 rebuild=1 drift=0 previous_depth=27
ATTR_RADIUS o=26 raw_norm=39582.220458779702 norm=2215.2927471826911 radius=2215.2927471826902 next_radius=4430.5854943653803 lambda=4.0117625076173904e-06 next_lambda=4.0117625076173904e-06 rho=1.0018416273587136 accept=1
CLASSICAL_LM o=26 lambda=4.0117625076173904e-06 tau=4.0117625076173904e-06 prediction=4504.3712372925338 rho=1.0018416273587136 accept=1
  MFCG it  27 cost=1.764666e+06 lam=4.012e-06 tau=0.00e+00 cg_it=29 shift=0 ckpt=30 alpha=0 acc mv=371
PCG_PREP o=27 rebuild=1 drift=0 previous_depth=30
ATTR_RADIUS o=27 raw_norm=39557.768305566162 norm=4430.5854943653803 radius=4430.5854943653803 next_radius=8861.1709887307607 lambda=4.0117625076173904e-06 next_lambda=4.0117625076173904e-06 rho=0.99200253163533236 accept=1
CLASSICAL_LM o=27 lambda=4.0117625076173904e-06 tau=4.0117625076173904e-06 prediction=8163.1020719369608 rho=0.99200253163533236 accept=1
  MFCG it  28 cost=1.756568e+06 lam=4.012e-06 tau=0.00e+00 cg_it=29 shift=0 ckpt=30 alpha=0 acc mv=402
PCG_PREP o=28 rebuild=1 drift=0 previous_depth=30
ATTR_RADIUS o=28 raw_norm=37170.42980483405 norm=8861.170988730757 radius=8861.1709887307607 next_radius=17722.341977461521 lambda=4.0117625076173904e-06 next_lambda=4.0117625076173904e-06 rho=0.87298853419310751 accept=1
CLASSICAL_LM o=28 lambda=4.0117625076173904e-06 tau=4.0117625076173904e-06 prediction=13156.991146680863 rho=0.87298853419310751 accept=1
  MFCG it  29 cost=1.745083e+06 lam=4.012e-06 tau=0.00e+00 cg_it=25 shift=0 ckpt=26 alpha=0 acc mv=429
PCG_PREP o=29 rebuild=1 drift=0 previous_depth=26
POINT_SAFE o=29 frozen=1067 slope=-14924.920375688913 candidate=1753211.6918308029 original=1739668.9137948607 current=1745082.5718286959 won=0 mode=1 camera_scale=1 keep_scale=0
ATTR_RADIUS o=29 raw_norm=14943.741501166978 norm=7471.8707505834891 radius=17722.341977461521 next_radius=17722.341977461521 lambda=4.0117625076173904e-06 next_lambda=4.0117625076173904e-06 rho=0.86155150166500949 accept=1
CLASSICAL_LM o=29 lambda=4.0117625076173904e-06 tau=4.0117625076173904e-06 prediction=6283.6151099185099 rho=0.86155150166500949 accept=1
TARGET reached outer=30 seconds=2.655614859 cost=1739668.9137948607 threshold=1744796.9841897595
  MFCG: accepts=30 rejects=6 total_matvecs=432 negcurv=1 cand_evals=36 mean_cg_per_outer=14.4
NUMERIC_REPAIR summary rebuilds=1 floor=4.0117625076173904e-06
  [retry-cache] builds=37 reuses=0
  [menu-backtrack] trials=22 rescues=18 evals=138 total_scored=174
POINT_SAFE summary calls=22 evals=22 wins=7 frozen=11827 seconds=0.26180591
  [scoring] menu_evals=36 alpha_evals=0 backtrack_evals=138 total_scored=174
RESULT algo=mfree_shifted_cg iters=30 final_cost=1739668.9137948607 solve_seconds=2.663960
DIAGNOSTICS median_reproj_err_px 2.704502 -> 0.545821 | cheirality_violations(obs) 751 -> 762 | cheirality_violations(pts, of 310854) 725 -> 734
