  [menu-backtrack] active=1 max_evals=8 warmup_accepts=3 confirm_stop=original armijo=1e-4
MIXED_STORAGE fragments=fp32 arithmetic=fp64 state=fp64 acceptance=fp64
  [compact-fragments] active=2 saved_bytes=36105992 storage=fp32 camera_reads=contiguous
  MFCG score_init=11152062.772762472 precision=fp64
PCG_PREP o=0 rebuild=1 drift=0 previous_depth=0
ATTR_RADIUS o=0 raw_norm=3104.2454053620136 norm=3104.2454053620136 radius=3104.2454053620136 next_radius=6208.4908107240271 lambda=0.10000000000000001 next_lambda=0.025000000000000001 rho=0.99944779658081739 accept=1
CLASSICAL_LM o=0 lambda=0.10000000000000001 tau=0.10000000000000001 prediction=9052081.1126991734 rho=0.99944779658081739 accept=1
  MFCG it   1 cost=2.104980e+06 lam=2.500e-02 tau=0.00e+00 cg_it=1 shift=0 ckpt=2 alpha=0 acc mv=3
PCG_PREP o=1 rebuild=1 drift=0 previous_depth=2
ATTR_RADIUS o=1 raw_norm=2686.2777543536499 norm=2686.2777543536504 radius=6208.4908107240271 next_radius=6208.4908107240271 lambda=0.025000000000000001 next_lambda=0.0025000000000000005 rho=0.99597070930090237 accept=1
CLASSICAL_LM o=1 lambda=0.025000000000000001 tau=0.025000000000000001 prediction=601031.65669434879 rho=0.99597070930090237 accept=1
  MFCG it   2 cost=1.506370e+06 lam=2.500e-03 tau=0.00e+00 cg_it=4 shift=0 ckpt=5 alpha=0 acc mv=9
PCG_PREP o=2 rebuild=1 drift=0 previous_depth=5
ATTR_RADIUS o=2 raw_norm=9603.638045681404 norm=9603.638045681404 radius=6208.4908107240271 next_radius=1552.1227026810068 lambda=0.0025000000000000005 next_lambda=0.040000000000000008 rho=0.99731322705341074 accept=0
CLASSICAL_LM o=2 lambda=0.0025000000000000005 tau=0.0025000000000000005 prediction=472495.57181527134 rho=0.99731322705341074 accept=0
  MFCG it   3  retry 1/8  lam=4.000e-02 tau_eff=2.500e-03  (assembly reused)
PCG_PREP o=2 rebuild=1 drift=0 previous_depth=10
ATTR_RADIUS o=2 raw_norm=1187.0842277894733 norm=1187.0842277894733 radius=1552.1227026810068 next_radius=1552.1227026810068 lambda=0.040000000000000008 next_lambda=0.004000000000000001 rho=0.99840087117209331 accept=1
CLASSICAL_LM o=2 lambda=0.040000000000000008 tau=0.040000000000000008 prediction=112919.47248420183 rho=0.99840087117209331 accept=1
  MFCG it   3 cost=1.393631e+06 lam=4.000e-03 tau=0.00e+00 cg_it=5 shift=0 ckpt=6 alpha=0 acc mv=27
PCG_PREP o=3 rebuild=1 drift=0 previous_depth=6
ATTR_RADIUS o=3 raw_norm=6337.5561021855929 norm=1552.1227026810072 radius=1552.1227026810068 next_radius=3104.2454053620136 lambda=0.004000000000000001 next_lambda=0.0010000000000000002 rho=0.99935789513422968 accept=1
CLASSICAL_LM o=3 lambda=0.004000000000000001 tau=0.004000000000000001 prediction=130465.72324836606 rho=0.99935789513422968 accept=1
  MFCG it   4 cost=1.263249e+06 lam=1.000e-03 tau=0.00e+00 cg_it=2 shift=0 ckpt=3 alpha=0 acc mv=31
PCG_PREP o=4 rebuild=1 drift=0 previous_depth=3
ATTR_RADIUS o=4 raw_norm=16314.479987403809 norm=3104.2454053620136 radius=3104.2454053620136 next_radius=6208.4908107240271 lambda=0.0010000000000000002 next_lambda=0.00025000000000000006 rho=1.001874585129763 accept=1
CLASSICAL_LM o=4 lambda=0.0010000000000000002 tau=0.0010000000000000002 prediction=118722.78375703531 rho=1.001874585129763 accept=1
  MFCG it   5 cost=1.144304e+06 lam=2.500e-04 tau=0.00e+00 cg_it=4 shift=0 ckpt=5 alpha=0 acc mv=37
PCG_PREP o=5 rebuild=1 drift=0 previous_depth=5
ATTR_RADIUS o=5 raw_norm=36051.627922655607 norm=6208.4908107240271 radius=6208.4908107240271 next_radius=12416.981621448054 lambda=0.00025000000000000006 next_lambda=6.2500000000000015e-05 rho=1.0071112009666314 accept=1
CLASSICAL_LM o=5 lambda=0.00025000000000000006 tau=0.00025000000000000006 prediction=145717.67261915555 rho=1.0071112009666314 accept=1
  MFCG it   6 cost=9.975502e+05 lam=6.250e-05 tau=0.00e+00 cg_it=6 shift=0 ckpt=7 alpha=0 acc mv=45
PCG_PREP o=6 rebuild=1 drift=0 previous_depth=7
ATTR_RADIUS o=6 raw_norm=58672.090401353504 norm=12416.981621448056 radius=12416.981621448054 next_radius=12416.981621448054 lambda=6.2500000000000015e-05 next_lambda=6.2500000000000015e-05 rho=0.61888040857359083 accept=1
CLASSICAL_LM o=6 lambda=6.2500000000000015e-05 tau=6.2500000000000015e-05 prediction=204345.73136642599 rho=0.61888040857359083 accept=1
  MFCG it   7 cost=8.710847e+05 lam=6.250e-05 tau=0.00e+00 cg_it=7 shift=0 ckpt=8 alpha=0 acc mv=54
PCG_PREP o=7 rebuild=1 drift=0 previous_depth=8
ATTR_RADIUS o=7 raw_norm=46765.235994232076 norm=12416.981621448054 radius=12416.981621448054 next_radius=24833.963242896109 lambda=6.2500000000000015e-05 next_lambda=1.5625000000000004e-05 rho=0.87567222142893975 accept=1
CLASSICAL_LM o=7 lambda=6.2500000000000015e-05 tau=6.2500000000000015e-05 prediction=245725.75115446743 rho=0.87567222142893975 accept=1
  MFCG it   8 cost=6.559095e+05 lam=1.563e-05 tau=0.00e+00 cg_it=7 shift=0 ckpt=8 alpha=0 acc mv=63
PCG_PREP o=8 rebuild=1 drift=0 previous_depth=8
ATTR_RADIUS o=8 raw_norm=59343.711725621048 norm=24833.963242896109 radius=24833.963242896109 next_radius=49667.926485792217 lambda=1.5625000000000004e-05 next_lambda=3.9062500000000009e-06 rho=0.86824933891223621 accept=1
CLASSICAL_LM o=8 lambda=1.5625000000000004e-05 tau=1.5625000000000004e-05 prediction=227481.38864509441 rho=0.86824933891223621 accept=1
  MFCG it   9 cost=4.583989e+05 lam=3.906e-06 tau=0.00e+00 cg_it=8 shift=0 ckpt=9 alpha=0 acc mv=73
PCG_PREP o=9 rebuild=1 drift=0 previous_depth=9
POINT_SAFE o=9 frozen=724 slope=-317407.84390439535 candidate=397109.02808047703 original=421038.68031205289 current=458398.88510554913 won=1 mode=1 camera_scale=1 keep_scale=0
ATTR_RADIUS o=9 raw_norm=52928.684200643969 norm=49667.926485792217 radius=49667.926485792217 next_radius=49667.926485792217 lambda=3.9062500000000009e-06 next_lambda=3.9062500000000009e-06 rho=0.41523503960321517 accept=1
CLASSICAL_LM o=9 lambda=3.9062500000000009e-06 tau=3.9062500000000009e-06 prediction=147602.80607252859 rho=0.41523503960321517 accept=1
  MFCG it  10 cost=3.971090e+05 lam=3.906e-06 tau=0.00e+00 cg_it=6 shift=0 ckpt=7 alpha=0 acc mv=81
PCG_PREP o=10 rebuild=1 drift=0 previous_depth=7
POINT_SAFE o=10 frozen=193 slope=-216694.74409268558 candidate=307201.69829542702 original=336433.53318008978 current=397109.02808047703 won=1 mode=1 camera_scale=1 keep_scale=0
ATTR_RADIUS o=10 raw_norm=10683.685532948455 norm=10683.685532948455 radius=49667.926485792217 next_radius=49667.926485792217 lambda=3.9062500000000009e-06 next_lambda=3.9062500000000012e-07 rho=0.83337406675358561 accept=1
CLASSICAL_LM o=10 lambda=3.9062500000000009e-06 tau=3.9062500000000009e-06 prediction=107883.52238423332 rho=0.83337406675358561 accept=1
  MFCG it  11 cost=3.072017e+05 lam=3.906e-07 tau=0.00e+00 cg_it=0 shift=0 ckpt=1 alpha=0 acc mv=83
PCG_PREP o=11 rebuild=1 drift=0 previous_depth=1
POINT_SAFE o=11 frozen=126 slope=-45783.668263665109 candidate=297261.90549103171 original=279436.29387356824 current=307201.69829542702 won=0 mode=1 camera_scale=1 keep_scale=0
ATTR_RADIUS o=11 raw_norm=14822.411067109024 norm=3705.602766777256 radius=49667.926485792217 next_radius=49667.926485792217 lambda=3.9062500000000012e-07 next_lambda=3.9062500000000016e-08 rho=1.1541767901838795 accept=1
CLASSICAL_LM o=11 lambda=3.9062500000000012e-07 tau=3.9062500000000012e-07 prediction=24056.457085257531 rho=1.1541767901838795 accept=1
  MFCG it  12 cost=2.794363e+05 lam=3.906e-08 tau=0.00e+00 cg_it=0 shift=0 ckpt=1 alpha=0 acc mv=85
PCG_PREP o=12 rebuild=1 drift=0 previous_depth=1
ATTR_RADIUS o=12 raw_norm=17054.988444707225 norm=17054.988444707225 radius=49667.926485792217 next_radius=12416.981621448054 lambda=3.9062500000000016e-08 next_lambda=6.2500000000000026e-07 rho=0.13612866123699108 accept=1
CLASSICAL_LM o=12 lambda=3.9062500000000016e-08 tau=3.9062500000000016e-08 prediction=28724.567567891594 rho=0.13612866123699108 accept=1
  MFCG it  13 cost=2.755261e+05 lam=6.250e-07 tau=0.00e+00 cg_it=0 shift=0 ckpt=1 alpha=0 acc mv=87
PCG_PREP o=13 rebuild=1 drift=0 previous_depth=1
ATTR_RADIUS o=13 raw_norm=16731.387938847973 norm=12416.981621448056 radius=12416.981621448054 next_radius=12416.981621448054 lambda=6.2500000000000026e-07 next_lambda=6.2500000000000026e-07 rho=0.558638785648647 accept=1
CLASSICAL_LM o=13 lambda=6.2500000000000026e-07 tau=6.2500000000000026e-07 prediction=26690.272833979394 rho=0.558638785648647 accept=1
  MFCG it  14 cost=2.606158e+05 lam=6.250e-07 tau=0.00e+00 cg_it=0 shift=0 ckpt=1 alpha=0 acc mv=89
PCG_PREP o=14 rebuild=1 drift=0 previous_depth=1
ATTR_RADIUS o=14 raw_norm=17710.73158934819 norm=12416.981621448054 radius=12416.981621448054 next_radius=3104.2454053620136 lambda=6.2500000000000026e-07 next_lambda=1.0000000000000004e-05 rho=0.11214487109673926 accept=1
CLASSICAL_LM o=14 lambda=6.2500000000000026e-07 tau=6.2500000000000026e-07 prediction=12568.609917294394 rho=0.11214487109673926 accept=1
  MFCG it  15 cost=2.592063e+05 lam=1.000e-05 tau=0.00e+00 cg_it=0 shift=0 ckpt=1 alpha=0 acc mv=91
PCG_PREP o=15 rebuild=1 drift=0 previous_depth=1
ATTR_RADIUS o=15 raw_norm=3674.738801893242 norm=3104.2454053620136 radius=3104.2454053620136 next_radius=6208.4908107240271 lambda=1.0000000000000004e-05 next_lambda=2.5000000000000011e-06 rho=0.9228550853880686 accept=1
CLASSICAL_LM o=15 lambda=1.0000000000000004e-05 tau=1.0000000000000004e-05 prediction=12115.112560129643 rho=0.9228550853880686 accept=1
  MFCG it  16 cost=2.480258e+05 lam=2.500e-06 tau=0.00e+00 cg_it=0 shift=0 ckpt=1 alpha=0 acc mv=93
PCG_PREP o=16 rebuild=1 drift=0 previous_depth=1
ATTR_RADIUS o=16 raw_norm=12474.123923019961 norm=6208.490810724029 radius=6208.4908107240271 next_radius=6208.4908107240271 lambda=2.5000000000000011e-06 next_lambda=2.5000000000000011e-06 rho=0.71617434629056276 accept=1
CLASSICAL_LM o=16 lambda=2.5000000000000011e-06 tau=2.5000000000000011e-06 prediction=3014.1178063829111 rho=0.71617434629056276 accept=1
  MFCG it  17 cost=2.458672e+05 lam=2.500e-06 tau=0.00e+00 cg_it=3 shift=0 ckpt=4 alpha=0 acc mv=98
PCG_PREP o=17 rebuild=1 drift=0 previous_depth=4
ATTR_RADIUS o=17 raw_norm=9743.3336796481399 norm=6208.490810724029 radius=6208.4908107240271 next_radius=1552.1227026810068 lambda=2.5000000000000011e-06 next_lambda=4.0000000000000017e-05 rho=0.21328285055360025 accept=1
CLASSICAL_LM o=17 lambda=2.5000000000000011e-06 tau=2.5000000000000011e-06 prediction=1280.6463643047014 rho=0.21328285055360025 accept=1
  MFCG it  18 cost=2.455941e+05 lam=4.000e-05 tau=0.00e+00 cg_it=0 shift=0 ckpt=1 alpha=0 acc mv=100
PCG_PREP o=18 rebuild=1 drift=0 previous_depth=1
ATTR_RADIUS o=18 raw_norm=814.60777084244273 norm=814.60777084244273 radius=1552.1227026810068 next_radius=1552.1227026810068 lambda=4.0000000000000017e-05 next_lambda=4.0000000000000015e-06 rho=1.0022341974580542 accept=1
CLASSICAL_LM o=18 lambda=4.0000000000000017e-05 tau=4.0000000000000017e-05 prediction=1219.2479210892 rho=1.0022341974580542 accept=1
  MFCG it  19 cost=2.443721e+05 lam=4.000e-06 tau=0.00e+00 cg_it=0 shift=0 ckpt=1 alpha=0 acc mv=102
PCG_PREP o=19 rebuild=1 drift=0 previous_depth=1
ATTR_RADIUS o=19 raw_norm=10432.839049967853 norm=1552.122702681007 radius=1552.1227026810068 next_radius=3104.2454053620136 lambda=4.0000000000000015e-06 next_lambda=1.0000000000000004e-06 rho=0.9967524559622789 accept=1
CLASSICAL_LM o=19 lambda=4.0000000000000015e-06 tau=4.0000000000000015e-06 prediction=554.54498286954345 rho=0.9967524559622789 accept=1
  MFCG it  20 cost=2.438193e+05 lam=1.000e-06 tau=0.00e+00 cg_it=39 shift=0 ckpt=40 alpha=0 acc mv=143
PCG_PREP o=20 rebuild=1 drift=0 previous_depth=40
ATTR_RADIUS o=20 raw_norm=22250.472601884107 norm=3104.245405362014 radius=3104.2454053620136 next_radius=6208.4908107240271 lambda=1.0000000000000004e-06 next_lambda=2.5000000000000009e-07 rho=0.94490095380407901 accept=1
CLASSICAL_LM o=20 lambda=1.0000000000000004e-06 tau=1.0000000000000004e-06 prediction=462.85175572173387 rho=0.94490095380407901 accept=1
TARGET reached outer=21 seconds=0.327071198 cost=243381.99810860725 threshold=243740.26999999999
  MFCG: accepts=21 rejects=1 total_matvecs=159 negcurv=0 cand_evals=22 mean_cg_per_outer=7.6
NUMERIC_REPAIR summary rebuilds=0 floor=9.9999999999999998e-17
  [retry-cache] builds=22 reuses=0
  [menu-backtrack] trials=3 rescues=3 evals=10 total_scored=32
POINT_SAFE summary calls=3 evals=3 wins=2 frozen=1043 seconds=0.007238293
  [scoring] menu_evals=22 alpha_evals=0 backtrack_evals=10 total_scored=32
RESULT algo=mfree_shifted_cg iters=21 final_cost=243381.9981086073 solve_seconds=0.330399
DIAGNOSTICS median_reproj_err_px 3.252455 -> 0.364168 | cheirality_violations(obs) 0 -> 2 | cheirality_violations(pts, of 64053) 0 -> 1
