[R10] --zero_k2: all k2 set to 0 at load
Loaded /workspace/bal/dubrovnik-88.txt: ncam=88 npt=64298 nobs=383937 n=193422
[R10] --dof9: refining f,k1 per camera (88 cameras)
  [menu-backtrack] active=1 max_evals=8 warmup_accepts=3 confirm_stop=original armijo=1e-4
MIXED_STORAGE fragments=fp32 arithmetic=fp64 state=fp64 acceptance=fp64
  [compact-fragments] active=2 saved_bytes=39929448 storage=fp32 camera_reads=contiguous
  MFCG score_init=30562787.847235732 precision=fp64
PHASE_SWEEP o=0 mode=1 valid=1 depth=1 qualified=1 raw=0.79504430482376964 clipped=0.78717257903343552 selected=2 center=0.10000000000000001 tau=0.10000000000000001 worst_res=0.32139868052715564 eta=0.5
ATTR_RADIUS o=0 raw_norm=3413.3260909998548 norm=3413.3260909998548 radius=3413.3260909998548 next_radius=6826.6521819997097 lambda=0.10000000000000001 next_lambda=0.025000000000000001 rho=0.99786388035324758 accept=1
CLASSICAL_LM o=0 lambda=0.10000000000000001 tau=0.10000000000000001 prediction=25991641.35442321 rho=0.99786388035324758 accept=1
  MFCG it   1 cost=4.626668e+06 lam=2.500e-02 tau=0.00e+00 cg_it=0 shift=0 ckpt=1 alpha=0 acc mv=6
PHASE_SWEEP o=1 mode=1 valid=1 depth=8 qualified=1 raw=0.93117833896351976 clipped=0.93117833896351976 selected=2 center=0.025000000000000001 tau=0.025000000000000001 worst_res=0.11701589354651555 eta=0.15315903254996233
ATTR_RADIUS o=1 raw_norm=4287.8379992333912 norm=4287.837999233393 radius=6826.6521819997097 next_radius=6826.6521819997097 lambda=0.025000000000000001 next_lambda=0.0025000000000000005 rho=0.9997311973377182 accept=1
CLASSICAL_LM o=1 lambda=0.025000000000000001 tau=0.025000000000000001 prediction=3592652.2848358741 rho=0.9997311973377182 accept=1
  MFCG it   2 cost=1.034981e+06 lam=2.500e-03 tau=0.00e+00 cg_it=7 shift=0 ckpt=8 alpha=0 acc mv=19
PHASE_SWEEP o=2 mode=1 valid=1 depth=119 qualified=1 raw=0.97704895719457518 clipped=0.97452216315104256 selected=2 center=0.0025000000000000005 tau=0.0025000000000000005 worst_res=0.021865388849471982 eta=0.023254504950232062
ATTR_RADIUS o=2 raw_norm=3510.3488056843939 norm=3510.3488056843944 radius=6826.6521819997097 next_radius=6826.6521819997097 lambda=0.0025000000000000005 next_lambda=0.00025000000000000006 rho=0.98908340324949007 accept=1
CLASSICAL_LM o=2 lambda=0.0025000000000000005 tau=0.0025000000000000005 prediction=471223.60415095318 rho=0.98908340324949007 accept=1
  MFCG it   3 cost=5.689017e+05 lam=2.500e-04 tau=0.00e+00 cg_it=118 shift=0 ckpt=119 alpha=0 acc mv=143
PHASE_SWEEP o=3 mode=1 valid=1 depth=1 qualified=1 raw=0.013259731803653413 clipped=0.013259731803653413 selected=2 center=0.00025000000000000006 tau=0.00025000000000000006 worst_res=0.48793476182987011 eta=0.5
ATTR_RADIUS o=3 raw_norm=88.394191131426268 norm=88.394191131426311 radius=6826.6521819997097 next_radius=6826.6521819997097 lambda=0.00025000000000000006 next_lambda=2.5000000000000008e-05 rho=0.97389755768469555 accept=1
CLASSICAL_LM o=3 lambda=0.00025000000000000006 tau=0.00025000000000000006 prediction=154414.58393520245 rho=0.97389755768469555 accept=1
  MFCG it   4 cost=4.185177e+05 lam=2.500e-05 tau=0.00e+00 cg_it=0 shift=0 ckpt=1 alpha=0 acc mv=149
PHASE_SWEEP o=4 mode=1 valid=1 depth=7 qualified=1 raw=0.036894368705940511 clipped=0.036894368705940511 selected=2 center=2.5000000000000008e-05 tau=2.5000000000000008e-05 worst_res=0.48235880764886641 eta=0.5
ATTR_RADIUS o=4 raw_norm=582.19961941254621 norm=582.19961941254644 radius=6826.6521819997097 next_radius=6826.6521819997097 lambda=2.5000000000000008e-05 next_lambda=2.5000000000000011e-06 rho=0.97783422533565867 accept=1
CLASSICAL_LM o=4 lambda=2.5000000000000008e-05 tau=2.5000000000000008e-05 prediction=36091.20558534094 rho=0.97783422533565867 accept=1
  MFCG it   5 cost=3.832265e+05 lam=2.500e-06 tau=0.00e+00 cg_it=6 shift=0 ckpt=7 alpha=0 acc mv=161
PHASE_SWEEP o=5 mode=1 valid=1 depth=13 qualified=1 raw=0.01346009898939227 clipped=0.01346009898939227 selected=2 center=2.5000000000000011e-06 tau=2.5000000000000011e-06 worst_res=0.41370357960729981 eta=0.42489814027107742
ATTR_RADIUS o=5 raw_norm=696.35450113312345 norm=696.35450113312345 radius=6826.6521819997097 next_radius=6826.6521819997097 lambda=2.5000000000000011e-06 next_lambda=2.5000000000000009e-07 rho=0.97282110433262525 accept=1
CLASSICAL_LM o=5 lambda=2.5000000000000011e-06 tau=2.5000000000000011e-06 prediction=7122.6423041365288 rho=0.97282110433262525 accept=1
  MFCG it   6 cost=3.762975e+05 lam=2.500e-07 tau=0.00e+00 cg_it=12 shift=0 ckpt=13 alpha=0 acc mv=179
PHASE_SWEEP o=6 mode=1 valid=1 depth=115 qualified=1 raw=0.070779272486424946 clipped=0.015136489223006751 selected=-1 center=2.5000000000000009e-07 tau=2.5000000000000009e-07 worst_res=0.29548428502643875 eta=0.31288092848486326
POINT_SAFE o=6 frozen=11 slope=-25622.744444734773 candidate=388724.72733808815 original=370897.17745177133 current=376297.4731664338 won=0 mode=1 camera_scale=1 keep_scale=0
ATTR_RADIUS o=6 raw_norm=8639.2588904220229 norm=1706.6630454999276 radius=6826.6521819997097 next_radius=6826.6521819997097 lambda=2.5000000000000009e-07 next_lambda=2.5000000000000012e-08 rho=0.94696021925678298 accept=1
CLASSICAL_LM o=6 lambda=2.5000000000000009e-07 tau=2.5000000000000009e-07 prediction=5702.7693506500873 rho=0.94696021925678298 accept=1
  MFCG it   7 cost=3.708972e+05 lam=2.500e-08 tau=0.00e+00 cg_it=114 shift=0 ckpt=115 alpha=0 acc mv=299
PHASE_SWEEP o=7 mode=1 valid=1 depth=96 qualified=1 raw=0.0070795231681073803 clipped=0.0012515687544319017 selected=-1 center=2.5000000000000012e-08 tau=2.5000000000000012e-08 worst_res=0.47443196003509364 eta=0.5
POINT_SAFE o=7 frozen=11 slope=-23162.604795727755 candidate=382439.35138996923 original=367517.80924766482 current=370897.17745177133 won=0 mode=1 camera_scale=1 keep_scale=0
ATTR_RADIUS o=7 raw_norm=6923.5270929172193 norm=1706.6630454999274 radius=6826.6521819997097 next_radius=6826.6521819997097 lambda=2.5000000000000012e-08 next_lambda=2.5000000000000013e-09 rho=0.71918300000399638 accept=1
CLASSICAL_LM o=7 lambda=2.5000000000000012e-08 tau=2.5000000000000012e-08 prediction=4698.8988951181273 rho=0.71918300000399638 accept=1
PHASE_HANDOVER outer=8 reason=opening_cap flat_streak=0 accepted=8
  MFCG it   8 cost=3.675178e+05 lam=2.500e-09 tau=0.00e+00 cg_it=95 shift=0 ckpt=96 alpha=0 acc mv=400
PCG_PREP o=8 rebuild=1 drift=0 previous_depth=0
ATTR_RADIUS o=8 raw_norm=229580.77646305229 norm=6826.6521819997097 radius=6826.6521819997097 next_radius=13653.304363999419 lambda=2.5000000000000013e-09 next_lambda=6.2500000000000032e-10 rho=0.91102046412568372 accept=1
CLASSICAL_LM o=8 lambda=2.5000000000000013e-09 tau=2.5000000000000013e-09 prediction=2129.3375756065134 rho=0.91102046412568372 accept=1
  MFCG it   9 cost=3.655779e+05 lam=6.250e-10 tau=0.00e+00 cg_it=12 shift=0 ckpt=13 alpha=0 acc mv=414
PCG_PREP o=9 rebuild=1 drift=0 previous_depth=13
ATTR_RADIUS o=9 raw_norm=301728.56289719691 norm=13653.304363999416 radius=13653.304363999419 next_radius=27306.608727998839 lambda=6.2500000000000032e-10 next_lambda=1.5625000000000008e-10 rho=0.84510316216492276 accept=1
CLASSICAL_LM o=9 lambda=6.2500000000000032e-10 tau=6.2500000000000032e-10 prediction=843.09427448558313 rho=0.84510316216492276 accept=1
  MFCG it  10 cost=3.648654e+05 lam=1.563e-10 tau=0.00e+00 cg_it=12 shift=0 ckpt=13 alpha=0 acc mv=428
PCG_PREP o=10 rebuild=1 drift=0 previous_depth=13
POINT_SAFE o=10 frozen=1279 slope=-1051.0730535124699 candidate=6193004.5760933692 original=364764.08980915544 current=364865.4375038846 won=0 mode=1 camera_scale=1 keep_scale=0
ATTR_RADIUS o=10 raw_norm=157476.40657485055 norm=3413.3260909998553 radius=27306.608727998839 next_radius=27306.608727998839 lambda=1.5625000000000008e-10 next_lambda=1.5625000000000007e-11 rho=0.74709388995482162 accept=1
CLASSICAL_LM o=10 lambda=1.5625000000000008e-10 tau=1.5625000000000008e-10 prediction=135.65590094076728 rho=0.74709388995482162 accept=1
  MFCG it  11 cost=3.647641e+05 lam=1.563e-11 tau=0.00e+00 cg_it=1 shift=0 ckpt=2 alpha=0 acc mv=431
PCG_PREP o=11 rebuild=1 drift=0 previous_depth=2
POINT_SAFE o=11 frozen=972 slope=-922.41785110004446 candidate=13988744.504193338 original=364707.48338003195 current=364764.08980915544 won=0 mode=1 camera_scale=1 keep_scale=0
ATTR_RADIUS o=11 raw_norm=177498.96151807194 norm=3413.3260909998544 radius=27306.608727998839 next_radius=27306.608727998839 lambda=1.5625000000000007e-11 next_lambda=1.5625000000000009e-12 rho=0.48676733568024344 accept=1
CLASSICAL_LM o=11 lambda=1.5625000000000007e-11 tau=1.5625000000000007e-11 prediction=116.29052521445064 rho=0.48676733568024344 accept=1
  MFCG it  12 cost=3.647075e+05 lam=1.563e-12 tau=0.00e+00 cg_it=1 shift=0 ckpt=2 alpha=0 acc mv=434
PCG_PREP o=12 rebuild=1 drift=0 previous_depth=2
POINT_SAFE o=12 frozen=993 slope=-814.06389871164492 candidate=30300723.984633327 original=364694.06497905956 current=364707.48338003195 won=0 mode=1 camera_scale=1 keep_scale=0
ATTR_RADIUS o=12 raw_norm=198222.03733039979 norm=3413.3260909998539 radius=27306.608727998839 next_radius=6826.6521819997097 lambda=1.5625000000000009e-12 next_lambda=2.5000000000000014e-11 rho=0.12947587476866723 accept=1
CLASSICAL_LM o=12 lambda=1.5625000000000009e-12 tau=1.5625000000000009e-12 prediction=103.63630287385638 rho=0.12947587476866723 accept=1
  MFCG it  13 cost=3.646941e+05 lam=2.500e-11 tau=0.00e+00 cg_it=1 shift=0 ckpt=2 alpha=0 acc mv=437
PCG_PREP o=13 rebuild=1 drift=0 previous_depth=2
POINT_SAFE o=13 frozen=35 slope=-257.48664878506719 candidate=365352.46186733223 original=364690.26044362469 current=364694.06497905956 won=0 mode=1 camera_scale=1 keep_scale=0
ATTR_RADIUS o=13 raw_norm=223560.55688346512 norm=6826.6521819997106 radius=6826.6521819997097 next_radius=1706.6630454999274 lambda=2.5000000000000014e-11 next_lambda=4.0000000000000022e-10 rho=0.032418978960793883 accept=0
CLASSICAL_LM o=13 lambda=2.5000000000000014e-11 tau=2.5000000000000014e-11 prediction=117.35518997909895 rho=0.032418978960793883 accept=0
  MFCG it  14  retry 1/8  lam=4.000e-10 tau_eff=2.500e-11  (assembly reused)
PCG_PREP o=13 rebuild=1 drift=0 previous_depth=2
ATTR_RADIUS o=13 raw_norm=201170.1251434577 norm=1706.6630454999274 radius=1706.6630454999274 next_radius=3413.3260909998548 lambda=4.0000000000000022e-10 next_lambda=1.0000000000000006e-10 rho=0.77882544877057169 accept=1
CLASSICAL_LM o=13 lambda=4.0000000000000022e-10 tau=4.0000000000000022e-10 prediction=90.294096543569594 rho=0.77882544877057169 accept=1
  MFCG it  14 cost=3.646237e+05 lam=1.000e-10 tau=0.00e+00 cg_it=1 shift=0 ckpt=2 alpha=0 acc mv=443
PCG_PREP o=14 rebuild=1 drift=0 previous_depth=2
POINT_SAFE o=14 frozen=239 slope=-82.756091374555155 candidate=364650.08348548482 original=364604.16220745206 current=364623.74163879768 won=0 mode=1 camera_scale=1 keep_scale=0
ATTR_RADIUS o=14 raw_norm=232435.52100821541 norm=1706.663045499927 radius=3413.3260909998548 next_radius=3413.3260909998548 lambda=1.0000000000000006e-10 next_lambda=1.0000000000000006e-11 rho=0.4763453207008328 accept=1
CLASSICAL_LM o=14 lambda=1.0000000000000006e-10 tau=1.0000000000000006e-10 prediction=41.103440077508203 rho=0.4763453207008328 accept=1
  MFCG it  15 cost=3.646042e+05 lam=1.000e-11 tau=0.00e+00 cg_it=1 shift=0 ckpt=2 alpha=0 acc mv=446
PCG_PREP o=15 rebuild=1 drift=0 previous_depth=2
POINT_SAFE o=15 frozen=183 slope=-76.813879357588334 candidate=364643.04747427331 original=364589.07709690562 current=364604.16220745206 won=0 mode=1 camera_scale=1 keep_scale=0
ATTR_RADIUS o=15 raw_norm=253574.82147484034 norm=1706.6630454999267 radius=3413.3260909998548 next_radius=3413.3260909998548 lambda=1.0000000000000006e-11 next_lambda=1.0000000000000006e-12 rho=0.39662168698139616 accept=1
CLASSICAL_LM o=15 lambda=1.0000000000000006e-11 tau=1.0000000000000006e-11 prediction=38.034003287234604 rho=0.39662168698139616 accept=1
  MFCG it  16 cost=3.645891e+05 lam=1.000e-12 tau=0.00e+00 cg_it=1 shift=0 ckpt=2 alpha=0 acc mv=449
PCG_PREP o=16 rebuild=1 drift=0 previous_depth=2
POINT_SAFE o=16 frozen=130 slope=-72.795419796049131 candidate=364638.63084340008 original=364577.44513721153 current=364589.07709690562 won=0 mode=1 camera_scale=1 keep_scale=0
ATTR_RADIUS o=16 raw_norm=270561.65741764678 norm=1706.6630454999274 radius=3413.3260909998548 next_radius=3413.3260909998548 lambda=1.0000000000000006e-12 next_lambda=1.0000000000000007e-13 rho=0.32355038348392684 accept=1
CLASSICAL_LM o=16 lambda=1.0000000000000006e-12 tau=1.0000000000000006e-12 prediction=35.950999559443524 rho=0.32355038348392684 accept=1
  MFCG it  17 cost=3.645774e+05 lam=1.000e-13 tau=0.00e+00 cg_it=1 shift=0 ckpt=2 alpha=0 acc mv=452
PCG_PREP o=17 rebuild=1 drift=0 previous_depth=2
POINT_SAFE o=17 frozen=107 slope=-69.029084319596961 candidate=364637.10293899511 original=364569.04565903282 current=364577.44513721153 won=0 mode=1 camera_scale=1 keep_scale=0
ATTR_RADIUS o=17 raw_norm=288210.03594676504 norm=1706.6630454999283 radius=3413.3260909998548 next_radius=853.33152274996371 lambda=1.0000000000000007e-13 next_lambda=1.6000000000000011e-12 rho=0.24688216035062263 accept=1
CLASSICAL_LM o=17 lambda=1.0000000000000007e-13 tau=1.0000000000000007e-13 prediction=34.022215970466227 rho=0.24688216035062263 accept=1
  MFCG it  18 cost=3.645690e+05 lam=1.600e-12 tau=0.00e+00 cg_it=1 shift=0 ckpt=2 alpha=0 acc mv=455
PCG_PREP o=18 rebuild=1 drift=0 previous_depth=2
ATTR_RADIUS o=18 raw_norm=415186.01030864019 norm=853.33152274996382 radius=853.33152274996371 next_radius=853.33152274996371 lambda=1.6000000000000011e-12 next_lambda=1.6000000000000011e-12 rho=0.62751151352185863 accept=1
CLASSICAL_LM o=18 lambda=1.6000000000000011e-12 tau=1.6000000000000011e-12 prediction=9.3526962386874288 rho=0.62751151352185863 accept=1
  MFCG it  19 cost=3.645632e+05 lam=1.600e-12 tau=0.00e+00 cg_it=0 shift=0 ckpt=1 alpha=0 acc mv=457
PCG_PREP o=19 rebuild=1 drift=0 previous_depth=1
ATTR_RADIUS o=19 raw_norm=412509.43953852728 norm=853.33152274996348 radius=853.33152274996371 next_radius=853.33152274996371 lambda=1.6000000000000011e-12 next_lambda=1.6000000000000011e-12 rho=0.54055324496913471 accept=1
CLASSICAL_LM o=19 lambda=1.6000000000000011e-12 tau=1.6000000000000011e-12 prediction=7.7088659561580828 rho=0.54055324496913471 accept=1
  MFCG it  20 cost=3.645590e+05 lam=1.600e-12 tau=0.00e+00 cg_it=0 shift=0 ckpt=1 alpha=0 acc mv=459
PCG_PREP o=20 rebuild=1 drift=0 previous_depth=1
ATTR_RADIUS o=20 raw_norm=410246.01644955785 norm=853.33152274996405 radius=853.33152274996371 next_radius=853.33152274996371 lambda=1.6000000000000011e-12 next_lambda=1.6000000000000011e-12 rho=0.53601114855265841 accept=1
CLASSICAL_LM o=20 lambda=1.6000000000000011e-12 tau=1.6000000000000011e-12 prediction=7.7568324222212608 rho=0.53601114855265841 accept=1
  MFCG it  21 cost=3.645549e+05 lam=1.600e-12 tau=0.00e+00 cg_it=0 shift=0 ckpt=1 alpha=0 acc mv=461
PCG_PREP o=21 rebuild=1 drift=0 previous_depth=1
ATTR_RADIUS o=21 raw_norm=408105.91457164154 norm=853.33152274996371 radius=853.33152274996371 next_radius=853.33152274996371 lambda=1.6000000000000011e-12 next_lambda=1.6000000000000011e-12 rho=0.53147103684376817 accept=1
CLASSICAL_LM o=21 lambda=1.6000000000000011e-12 tau=1.6000000000000011e-12 prediction=7.8044065044355966 rho=0.53147103684376817 accept=1
  MFCG it  22 cost=3.645507e+05 lam=1.600e-12 tau=0.00e+00 cg_it=0 shift=0 ckpt=1 alpha=0 acc mv=463
PCG_PREP o=22 rebuild=1 drift=0 previous_depth=1
ATTR_RADIUS o=22 raw_norm=329174.11605569086 norm=853.33152274996382 radius=853.33152274996371 next_radius=853.33152274996371 lambda=1.6000000000000011e-12 next_lambda=1.6000000000000011e-12 rho=0.57406117575683158 accept=1
CLASSICAL_LM o=22 lambda=1.6000000000000011e-12 tau=1.6000000000000011e-12 prediction=14.433465765312427 rho=0.57406117575683158 accept=1
  MFCG it  23 cost=3.645424e+05 lam=1.600e-12 tau=0.00e+00 cg_it=1 shift=0 ckpt=2 alpha=0 acc mv=466
PCG_PREP o=23 rebuild=1 drift=0 previous_depth=2
ATTR_RADIUS o=23 raw_norm=406119.81849387439 norm=853.33152274996371 radius=853.33152274996371 next_radius=853.33152274996371 lambda=1.6000000000000011e-12 next_lambda=1.6000000000000011e-12 rho=0.52186964798734359 accept=1
CLASSICAL_LM o=23 lambda=1.6000000000000011e-12 tau=1.6000000000000011e-12 prediction=7.8856319072215175 rho=0.52186964798734359 accept=1
  MFCG it  24 cost=3.645383e+05 lam=1.600e-12 tau=0.00e+00 cg_it=0 shift=0 ckpt=1 alpha=0 acc mv=468
PCG_PREP o=24 rebuild=1 drift=0 previous_depth=1
ATTR_RADIUS o=24 raw_norm=344760.7221097342 norm=853.33152274996348 radius=853.33152274996371 next_radius=853.33152274996371 lambda=1.6000000000000011e-12 next_lambda=1.6000000000000011e-12 rho=0.54651521240828427 accept=1
CLASSICAL_LM o=24 lambda=1.6000000000000011e-12 tau=1.6000000000000011e-12 prediction=13.784384884923419 rho=0.54651521240828427 accept=1
  MFCG it  25 cost=3.645308e+05 lam=1.600e-12 tau=0.00e+00 cg_it=1 shift=0 ckpt=2 alpha=0 acc mv=471
PCG_PREP o=25 rebuild=1 drift=0 previous_depth=2
ATTR_RADIUS o=25 raw_norm=354476.4013347858 norm=853.33152274996382 radius=853.33152274996371 next_radius=853.33152274996371 lambda=1.6000000000000011e-12 next_lambda=1.6000000000000011e-12 rho=0.53016350777624932 accept=1
CLASSICAL_LM o=25 lambda=1.6000000000000011e-12 tau=1.6000000000000011e-12 prediction=13.438173771345777 rho=0.53016350777624932 accept=1
  MFCG it  26 cost=3.645236e+05 lam=1.600e-12 tau=0.00e+00 cg_it=1 shift=0 ckpt=2 alpha=0 acc mv=474
PCG_PREP o=26 rebuild=1 drift=0 previous_depth=2
ATTR_RADIUS o=26 raw_norm=404276.53224368341 norm=853.33152274996382 radius=853.33152274996371 next_radius=853.33152274996371 lambda=1.6000000000000011e-12 next_lambda=1.6000000000000011e-12 rho=0.50589176248661871 accept=1
CLASSICAL_LM o=26 lambda=1.6000000000000011e-12 tau=1.6000000000000011e-12 prediction=7.9645218154464619 rho=0.50589176248661871 accept=1
  MFCG it  27 cost=3.645196e+05 lam=1.600e-12 tau=0.00e+00 cg_it=0 shift=0 ckpt=1 alpha=0 acc mv=476
PCG_PREP o=27 rebuild=1 drift=0 previous_depth=1
ATTR_RADIUS o=27 raw_norm=370353.06062011904 norm=853.33152274996348 radius=853.33152274996371 next_radius=853.33152274996371 lambda=1.6000000000000011e-12 next_lambda=1.6000000000000011e-12 rho=0.50135641704884237 accept=1
CLASSICAL_LM o=27 lambda=1.6000000000000011e-12 tau=1.6000000000000011e-12 prediction=12.854283210497906 rho=0.50135641704884237 accept=1
  MFCG it  28 cost=3.645132e+05 lam=1.600e-12 tau=0.00e+00 cg_it=1 shift=0 ckpt=2 alpha=0 acc mv=479
PCG_PREP o=28 rebuild=1 drift=0 previous_depth=2
ATTR_RADIUS o=28 raw_norm=379814.29945278872 norm=853.33152274996417 radius=853.33152274996371 next_radius=853.33152274996371 lambda=1.6000000000000011e-12 next_lambda=1.6000000000000011e-12 rho=0.4855405295770554 accept=1
CLASSICAL_LM o=28 lambda=1.6000000000000011e-12 tau=1.6000000000000011e-12 prediction=12.573061976110763 rho=0.4855405295770554 accept=1
  MFCG it  29 cost=3.645071e+05 lam=1.600e-12 tau=0.00e+00 cg_it=1 shift=0 ckpt=2 alpha=0 acc mv=482
PCG_PREP o=29 rebuild=1 drift=0 previous_depth=2
ATTR_RADIUS o=29 raw_norm=389074.96319298644 norm=853.33152274996371 radius=853.33152274996371 next_radius=853.33152274996371 lambda=1.6000000000000011e-12 next_lambda=1.6000000000000011e-12 rho=0.46884669109144672 accept=1
CLASSICAL_LM o=29 lambda=1.6000000000000011e-12 tau=1.6000000000000011e-12 prediction=12.291390895000701 rho=0.46884669109144672 accept=1
  MFCG it  30 cost=3.645013e+05 lam=1.600e-12 tau=0.00e+00 cg_it=1 shift=0 ckpt=2 alpha=0 acc mv=485
PCG_PREP o=30 rebuild=1 drift=0 previous_depth=2
ATTR_RADIUS o=30 raw_norm=398277.31109643314 norm=853.33152274996348 radius=853.33152274996371 next_radius=853.33152274996371 lambda=1.6000000000000011e-12 next_lambda=1.6000000000000011e-12 rho=0.45239711140304195 accept=1
CLASSICAL_LM o=30 lambda=1.6000000000000011e-12 tau=1.6000000000000011e-12 prediction=12.028147249352497 rho=0.45239711140304195 accept=1
  MFCG it  31 cost=3.644959e+05 lam=1.600e-12 tau=0.00e+00 cg_it=1 shift=0 ckpt=2 alpha=0 acc mv=488
PCG_PREP o=31 rebuild=1 drift=0 previous_depth=2
ATTR_RADIUS o=31 raw_norm=407160.10868222971 norm=853.33152274996382 radius=853.33152274996371 next_radius=853.33152274996371 lambda=1.6000000000000011e-12 next_lambda=1.6000000000000011e-12 rho=0.4363102799539777 accept=1
CLASSICAL_LM o=31 lambda=1.6000000000000011e-12 tau=1.6000000000000011e-12 prediction=11.788131905900887 rho=0.4363102799539777 accept=1
  MFCG it  32 cost=3.644907e+05 lam=1.600e-12 tau=0.00e+00 cg_it=1 shift=0 ckpt=2 alpha=0 acc mv=491
PCG_PREP o=32 rebuild=1 drift=0 previous_depth=2
ATTR_RADIUS o=32 raw_norm=415848.15675292257 norm=853.33152274996371 radius=853.33152274996371 next_radius=853.33152274996371 lambda=1.6000000000000011e-12 next_lambda=1.6000000000000011e-12 rho=0.4206154301055321 accept=1
CLASSICAL_LM o=32 lambda=1.6000000000000011e-12 tau=1.6000000000000011e-12 prediction=11.567273705014806 rho=0.4206154301055321 accept=1
  MFCG it  33 cost=3.644859e+05 lam=1.600e-12 tau=0.00e+00 cg_it=1 shift=0 ckpt=2 alpha=0 acc mv=494
PCG_PREP o=33 rebuild=1 drift=0 previous_depth=2
ATTR_RADIUS o=33 raw_norm=424134.04068189184 norm=853.33152274996371 radius=853.33152274996371 next_radius=853.33152274996371 lambda=1.6000000000000011e-12 next_lambda=1.6000000000000011e-12 rho=0.4055793166867957 accept=1
CLASSICAL_LM o=33 lambda=1.6000000000000011e-12 tau=1.6000000000000011e-12 prediction=11.369699255099105 rho=0.4055793166867957 accept=1
  MFCG it  34 cost=3.644812e+05 lam=1.600e-12 tau=0.00e+00 cg_it=1 shift=0 ckpt=2 alpha=0 acc mv=497
PCG_PREP o=34 rebuild=1 drift=0 previous_depth=2
ATTR_RADIUS o=34 raw_norm=432245.05405494524 norm=853.33152274996382 radius=853.33152274996371 next_radius=853.33152274996371 lambda=1.6000000000000011e-12 next_lambda=1.6000000000000011e-12 rho=0.39083985782796088 accept=1
CLASSICAL_LM o=34 lambda=1.6000000000000011e-12 tau=1.6000000000000011e-12 prediction=11.186126783370449 rho=0.39083985782796088 accept=1
  MFCG it  35 cost=3.644769e+05 lam=1.600e-12 tau=0.00e+00 cg_it=1 shift=0 ckpt=2 alpha=0 acc mv=500
PCG_PREP o=35 rebuild=1 drift=0 previous_depth=2
ATTR_RADIUS o=35 raw_norm=439917.21062931919 norm=853.33152274996371 radius=853.33152274996371 next_radius=853.33152274996371 lambda=1.6000000000000011e-12 next_lambda=1.6000000000000011e-12 rho=0.37689980386267125 accept=1
CLASSICAL_LM o=35 lambda=1.6000000000000011e-12 tau=1.6000000000000011e-12 prediction=11.024430229120295 rho=0.37689980386267125 accept=1
  MFCG it  36 cost=3.644727e+05 lam=1.600e-12 tau=0.00e+00 cg_it=1 shift=0 ckpt=2 alpha=0 acc mv=503
PCG_PREP o=36 rebuild=1 drift=0 previous_depth=2
ATTR_RADIUS o=36 raw_norm=447127.91348119156 norm=853.33152274996348 radius=853.33152274996371 next_radius=853.33152274996371 lambda=1.6000000000000011e-12 next_lambda=1.6000000000000011e-12 rho=0.3636874121695014 accept=1
CLASSICAL_LM o=36 lambda=1.6000000000000011e-12 tau=1.6000000000000011e-12 prediction=10.881787719080629 rho=0.3636874121695014 accept=1
  MFCG it  37 cost=3.644688e+05 lam=1.600e-12 tau=0.00e+00 cg_it=1 shift=0 ckpt=2 alpha=0 acc mv=506
PCG_PREP o=37 rebuild=1 drift=0 previous_depth=2
ATTR_RADIUS o=37 raw_norm=454058.80092456879 norm=853.33152274996348 radius=853.33152274996371 next_radius=853.33152274996371 lambda=1.6000000000000011e-12 next_lambda=1.6000000000000011e-12 rho=0.3511215954350822 accept=1
CLASSICAL_LM o=37 lambda=1.6000000000000011e-12 tau=1.6000000000000011e-12 prediction=10.753690333274319 rho=0.3511215954350822 accept=1
  MFCG it  38 cost=3.644650e+05 lam=1.600e-12 tau=0.00e+00 cg_it=1 shift=0 ckpt=2 alpha=0 acc mv=509
PCG_PREP o=38 rebuild=1 drift=0 previous_depth=2
ATTR_RADIUS o=38 raw_norm=460645.39655619563 norm=853.33152274996348 radius=853.33152274996371 next_radius=853.33152274996371 lambda=1.6000000000000011e-12 next_lambda=1.6000000000000011e-12 rho=0.33922963655313365 accept=1
CLASSICAL_LM o=38 lambda=1.6000000000000011e-12 tau=1.6000000000000011e-12 prediction=10.641201491117359 rho=0.33922963655313365 accept=1
  MFCG it  39 cost=3.644614e+05 lam=1.600e-12 tau=0.00e+00 cg_it=1 shift=0 ckpt=2 alpha=0 acc mv=512
PCG_PREP o=39 rebuild=1 drift=0 previous_depth=2
ATTR_RADIUS o=39 raw_norm=466714.89904816053 norm=853.33152274996382 radius=853.33152274996371 next_radius=853.33152274996371 lambda=1.6000000000000011e-12 next_lambda=1.6000000000000011e-12 rho=0.32825055405828502 accept=1
CLASSICAL_LM o=39 lambda=1.6000000000000011e-12 tau=1.6000000000000011e-12 prediction=10.546059509192174 rho=0.32825055405828502 accept=1
  MFCG it  40 cost=3.644579e+05 lam=1.600e-12 tau=0.00e+00 cg_it=1 shift=0 ckpt=2 alpha=0 acc mv=515
PCG_PREP o=40 rebuild=1 drift=0 previous_depth=2
ATTR_RADIUS o=40 raw_norm=472266.01299953897 norm=853.3315227499636 radius=853.33152274996371 next_radius=853.33152274996371 lambda=1.6000000000000011e-12 next_lambda=1.6000000000000011e-12 rho=0.31817531770867274 accept=1
CLASSICAL_LM o=40 lambda=1.6000000000000011e-12 tau=1.6000000000000011e-12 prediction=10.4673960356291 rho=0.31817531770867274 accept=1
  MFCG it  41 cost=3.644546e+05 lam=1.600e-12 tau=0.00e+00 cg_it=1 shift=0 ckpt=2 alpha=0 acc mv=518
PCG_PREP o=41 rebuild=1 drift=0 previous_depth=2
ATTR_RADIUS o=41 raw_norm=477438.70957422641 norm=853.33152274996348 radius=853.33152274996371 next_radius=853.33152274996371 lambda=1.6000000000000011e-12 next_lambda=1.6000000000000011e-12 rho=0.30889333776423428 accept=1
CLASSICAL_LM o=41 lambda=1.6000000000000011e-12 tau=1.6000000000000011e-12 prediction=10.40223164565287 rho=0.30889333776423428 accept=1
  MFCG it  42 cost=3.644514e+05 lam=1.600e-12 tau=0.00e+00 cg_it=1 shift=0 ckpt=2 alpha=0 acc mv=521
PCG_PREP o=42 rebuild=1 drift=0 previous_depth=2
ATTR_RADIUS o=42 raw_norm=482182.30545014277 norm=853.33152274996382 radius=853.33152274996371 next_radius=853.33152274996371 lambda=1.6000000000000011e-12 next_lambda=1.6000000000000011e-12 rho=0.30052041947853309 accept=1
CLASSICAL_LM o=42 lambda=1.6000000000000011e-12 tau=1.6000000000000011e-12 prediction=10.350940936907111 rho=0.30052041947853309 accept=1
  MFCG it  43 cost=3.644483e+05 lam=1.600e-12 tau=0.00e+00 cg_it=1 shift=0 ckpt=2 alpha=0 acc mv=524
PCG_PREP o=43 rebuild=1 drift=0 previous_depth=2
ATTR_RADIUS o=43 raw_norm=486426.09097722213 norm=853.33152274996382 radius=853.33152274996371 next_radius=853.33152274996371 lambda=1.6000000000000011e-12 next_lambda=1.6000000000000011e-12 rho=0.29299295663338937 accept=1
CLASSICAL_LM o=43 lambda=1.6000000000000011e-12 tau=1.6000000000000011e-12 prediction=10.313802547651548 rho=0.29299295663338937 accept=1
  MFCG it  44 cost=3.644452e+05 lam=1.600e-12 tau=0.00e+00 cg_it=1 shift=0 ckpt=2 alpha=0 acc mv=527
PCG_PREP o=44 rebuild=1 drift=0 previous_depth=2
ATTR_RADIUS o=44 raw_norm=490176.54519984667 norm=853.33152274996405 radius=853.33152274996371 next_radius=853.33152274996371 lambda=1.6000000000000011e-12 next_lambda=1.6000000000000011e-12 rho=0.28649055311725302 accept=1
CLASSICAL_LM o=44 lambda=1.6000000000000011e-12 tau=1.6000000000000011e-12 prediction=10.290738659395696 rho=0.28649055311725302 accept=1
  MFCG it  45 cost=3.644423e+05 lam=1.600e-12 tau=0.00e+00 cg_it=1 shift=0 ckpt=2 alpha=0 acc mv=530
PCG_PREP o=45 rebuild=1 drift=0 previous_depth=2
ATTR_RADIUS o=45 raw_norm=493560.05502305529 norm=853.33152274996371 radius=853.33152274996371 next_radius=853.33152274996371 lambda=1.6000000000000011e-12 next_lambda=1.6000000000000011e-12 rho=0.28078839925799703 accept=1
CLASSICAL_LM o=45 lambda=1.6000000000000011e-12 tau=1.6000000000000011e-12 prediction=10.278546429501358 rho=0.28078839925799703 accept=1
  MFCG: converged (OCA_FTOL: 8 outers < 1.0e-05 rel)
  [menu-backtrack] confirming stop with original retry policy at outer 46
  MFCG it  46 cost=3.644394e+05 lam=1.600e-12 tau=0.00e+00 cg_it=1 shift=0 ckpt=2 alpha=0 acc mv=533
PCG_PREP o=46 rebuild=1 drift=0 previous_depth=2
ATTR_RADIUS o=46 raw_norm=496402.94782989332 norm=853.33152274996371 radius=853.33152274996371 next_radius=853.33152274996371 lambda=1.6000000000000011e-12 next_lambda=1.6000000000000011e-12 rho=0.27598354933612462 accept=1
CLASSICAL_LM o=46 lambda=1.6000000000000011e-12 tau=1.6000000000000011e-12 prediction=10.279776802881363 rho=0.27598354933612462 accept=1
  MFCG it  47 cost=3.644366e+05 lam=1.600e-12 tau=0.00e+00 cg_it=1 shift=0 ckpt=2 alpha=0 acc mv=536
PCG_PREP o=47 rebuild=1 drift=0 previous_depth=2
ATTR_RADIUS o=47 raw_norm=498863.53674473206 norm=853.33152274996371 radius=853.33152274996371 next_radius=853.33152274996371 lambda=1.6000000000000011e-12 next_lambda=1.6000000000000011e-12 rho=0.2721436247831916 accept=1
CLASSICAL_LM o=47 lambda=1.6000000000000011e-12 tau=1.6000000000000011e-12 prediction=10.292129005170496 rho=0.2721436247831916 accept=1
  MFCG it  48 cost=3.644338e+05 lam=1.600e-12 tau=0.00e+00 cg_it=1 shift=0 ckpt=2 alpha=0 acc mv=539
PCG_PREP o=48 rebuild=1 drift=0 previou[R9] wrote /tmp/prism-ba-coarse/research/eta2_phase_hybrid/evidence/small/dubrovnik-88-shared_center-0/curve.csv
s_depth=2
ATTR_RADIUS o=48 raw_norm=500801.39213248948 norm=853.33152274996382 radius=853.33152274996371 next_radius=853.33152274996371 lambda=1.6000000000000011e-12 next_lambda=1.6000000000000011e-12 rho=0.26917276160880532 accept=1
CLASSICAL_LM o=48 lambda=1.6000000000000011e-12 tau=1.6000000000000011e-12 prediction=10.31735407652836 rho=0.26917276160880532 accept=1
  MFCG it  49 cost=3.644310e+05 lam=1.600e-12 tau=0.00e+00 cg_it=1 shift=0 ckpt=2 alpha=0 acc mv=542
PCG_PREP o=49 rebuild=1 drift=0 previous_depth=2
ATTR_RADIUS o=49 raw_norm=502284.714463724 norm=853.33152274996382 radius=853.33152274996371 next_radius=853.33152274996371 lambda=1.6000000000000011e-12 next_lambda=1.6000000000000011e-12 rho=0.26704715584763844 accept=1
CLASSICAL_LM o=49 lambda=1.6000000000000011e-12 tau=1.6000000000000011e-12 prediction=10.353878294619705 rho=0.26704715584763844 accept=1
  MFCG it  50 cost=3.644282e+05 lam=1.600e-12 tau=0.00e+00 cg_it=1 shift=0 ckpt=2 alpha=0 acc mv=545
PCG_PREP o=50 rebuild=1 drift=0 previous_depth=2
ATTR_RADIUS o=50 raw_norm=503316.29473054659 norm=853.33152274996348 radius=853.33152274996371 next_radius=853.33152274996371 lambda=1.6000000000000011e-12 next_lambda=1.6000000000000011e-12 rho=0.26577769815511487 accept=1
CLASSICAL_LM o=50 lambda=1.6000000000000011e-12 tau=1.6000000000000011e-12 prediction=10.4015519311627 rho=0.26577769815511487 accept=1
  MFCG it  51 cost=3.644255e+05 lam=1.600e-12 tau=0.00e+00 cg_it=1 shift=0 ckpt=2 alpha=0 acc mv=548
PCG_PREP o=51 rebuild=1 drift=0 previous_depth=2
ATTR_RADIUS o=51 raw_norm=503943.90481496707 norm=853.33152274996382 radius=853.33152274996371 next_radius=853.33152274996371 lambda=1.6000000000000011e-12 next_lambda=1.6000000000000011e-12 rho=0.26534160572534676 accept=1
CLASSICAL_LM o=51 lambda=1.6000000000000011e-12 tau=1.6000000000000011e-12 prediction=10.459671379655287 rho=0.26534160572534676 accept=1
  MFCG it  52 cost=3.644227e+05 lam=1.600e-12 tau=0.00e+00 cg_it=1 shift=0 ckpt=2 alpha=0 acc mv=551
PCG_PREP o=52 rebuild=1 drift=0 previous_depth=2
ATTR_RADIUS o=52 raw_norm=504208.48042742442 norm=853.33152274996371 radius=853.33152274996371 next_radius=853.33152274996371 lambda=1.6000000000000011e-12 next_lambda=1.6000000000000011e-12 rho=0.26561972887264651 accept=1
CLASSICAL_LM o=52 lambda=1.6000000000000011e-12 tau=1.6000000000000011e-12 prediction=10.527537114942168 rho=0.26561972887264651 accept=1
  MFCG it  53 cost=3.644199e+05 lam=1.600e-12 tau=0.00e+00 cg_it=1 shift=0 ckpt=2 alpha=0 acc mv=554
PCG_PREP o=53 rebuild=1 drift=0 previous_depth=2
ATTR_RADIUS o=53 raw_norm=503995.64925792144 norm=853.33152274996371 radius=853.33152274996371 next_radius=853.33152274996371 lambda=1.6000000000000011e-12 next_lambda=1.6000000000000011e-12 rho=0.26675358541048733 accept=1
CLASSICAL_LM o=53 lambda=1.6000000000000011e-12 tau=1.6000000000000011e-12 prediction=10.606306179006273 rho=0.26675358541048733 accept=1
  MFCG: converged (OCA_FTOL: 8 outers < 1.0e-05 rel)
  MFCG: accepts=54 rejects=1 total_matvecs=557 negcurv=0 cand_evals=55 mean_cg_per_outer=10.3
PHASE_SUMMARY mode=1 sweeps=8 failures=0 products=400 seconds=0.35299283 open=0
NUMERIC_REPAIR summary rebuilds=0 floor=9.9999999999999998e-17
  [retry-cache] builds=55 reuses=0
  [menu-backtrack] trials=10 rescues=10 evals=28 total_scored=83
POINT_SAFE summary calls=10 evals=10 wins=0 frozen=3960 seconds=0.024296123
  [scoring] menu_evals=55 alpha_evals=0 backtrack_evals=28 total_scored=83
RESULT algo=mfree_shifted_cg iters=54 final_cost=364417.0544585425 solve_seconds=0.926117
DIAGNOSTICS median_reproj_err_px 4.948600 -> 0.661978 | cheirality_violations(obs) 0 -> 0 | cheirality_violations(pts, of 64298) 0 -> 0
