  [menu-backtrack] active=1 max_evals=8 warmup_accepts=3 confirm_stop=original armijo=1e-4
MIXED_STORAGE fragments=fp32 arithmetic=fp64 state=fp64 acceptance=fp64
  [compact-fragments] active=2 saved_bytes=171996448 storage=fp32 camera_reads=contiguous
  MFCG score_init=90993342.024340242 precision=fp64
PCG_PREP o=0 rebuild=1 drift=0 previous_depth=0
ATTR_RADIUS o=0 raw_norm=8861.1709887307607 norm=8861.1709887307607 radius=8861.1709887307607 next_radius=17722.341977461521 lambda=0.10000000000000001 next_lambda=0.025000000000000001 rho=0.99545080656082707 accept=1
CLASSICAL_LM o=0 lambda=0.10000000000000001 tau=0.10000000000000001 prediction=83412716.69905895 rho=0.99545080656082707 accept=1
  MFCG it   1 cost=7.960086e+06 lam=2.500e-02 tau=0.00e+00 cg_it=0 shift=0 ckpt=1 alpha=0 acc mv=2
PCG_PREP o=1 rebuild=1 drift=0 previous_depth=1
ATTR_RADIUS o=1 raw_norm=4659.712120677782 norm=4659.712120677782 radius=17722.341977461521 next_radius=17722.341977461521 lambda=0.025000000000000001 next_lambda=0.0025000000000000005 rho=0.99453896506499806 accept=1
CLASSICAL_LM o=1 lambda=0.025000000000000001 tau=0.025000000000000001 prediction=4259951.5107679656 rho=0.99453896506499806 accept=1
  MFCG it   2 cost=3.723398e+06 lam=2.500e-03 tau=0.00e+00 cg_it=4 shift=0 ckpt=5 alpha=0 acc mv=8
PCG_PREP o=2 rebuild=1 drift=0 previous_depth=5
ATTR_RADIUS o=2 raw_norm=6975.6779789559414 norm=6975.6779789559414 radius=17722.341977461521 next_radius=17722.341977461521 lambda=0.0025000000000000005 next_lambda=0.00025000000000000006 rho=0.87051061466530699 accept=1
CLASSICAL_LM o=2 lambda=0.0025000000000000005 tau=0.0025000000000000005 prediction=1234099.5580717595 rho=0.87051061466530699 accept=1
  MFCG it   3 cost=2.649101e+06 lam=2.500e-04 tau=0.00e+00 cg_it=9 shift=0 ckpt=10 alpha=0 acc mv=19
PCG_PREP o=3 rebuild=1 drift=0 previous_depth=10
ATTR_RADIUS o=3 raw_norm=10922.542500247482 norm=10922.542500247482 radius=17722.341977461521 next_radius=17722.341977461521 lambda=0.00025000000000000006 next_lambda=2.5000000000000008e-05 rho=0.71461554946105954 accept=1
CLASSICAL_LM o=3 lambda=0.00025000000000000006 tau=0.00025000000000000006 prediction=596515.31226695934 rho=0.71461554946105954 accept=1
  MFCG it   4 cost=2.222822e+06 lam=2.500e-05 tau=0.00e+00 cg_it=0 shift=0 ckpt=1 alpha=0 acc mv=21
PCG_PREP o=4 rebuild=1 drift=0 previous_depth=1
POINT_SAFE o=4 frozen=1341 slope=-336469.80092126183 candidate=2043410.244080985 original=2072225.598317602 current=2222822.2595931757 won=1 mode=1 camera_scale=1 keep_scale=0
ATTR_RADIUS o=4 raw_norm=25300.156643385581 norm=17722.341977461514 radius=17722.341977461521 next_radius=35444.683954923043 lambda=2.5000000000000008e-05 next_lambda=6.250000000000002e-06 rho=0.91745234719677193 accept=1
CLASSICAL_LM o=4 lambda=2.5000000000000008e-05 tau=2.5000000000000008e-05 prediction=195554.58772368383 rho=0.91745234719677193 accept=1
  MFCG it   5 cost=2.043410e+06 lam=6.250e-06 tau=0.00e+00 cg_it=1 shift=0 ckpt=2 alpha=0 acc mv=24
PCG_PREP o=5 rebuild=1 drift=0 previous_depth=2
POINT_SAFE o=5 frozen=1597 slope=-207540.62401547324 candidate=2178473.9124248759 original=2002353.4374105565 current=2043410.244080985 won=0 mode=1 camera_scale=1 keep_scale=0
ATTR_RADIUS o=5 raw_norm=42981.157802463335 norm=4430.5854943653767 radius=35444.683954923043 next_radius=35444.683954923043 lambda=6.250000000000002e-06 next_lambda=6.2500000000000026e-07 rho=0.91567830242527193 accept=1
CLASSICAL_LM o=5 lambda=6.250000000000002e-06 tau=6.250000000000002e-06 prediction=44837.588224691077 rho=0.91567830242527193 accept=1
  MFCG it   6 cost=2.002353e+06 lam=6.250e-07 tau=0.00e+00 cg_it=7 shift=0 ckpt=8 alpha=0 acc mv=33
PCG_PREP o=6 rebuild=1 drift=0 previous_depth=8
POINT_SAFE o=6 frozen=1716 slope=-116977.48440077459 candidate=4315024.8117901767 original=1975223.6603853086 current=2002353.4374105565 won=0 mode=1 camera_scale=1 keep_scale=0
ATTR_RADIUS o=6 raw_norm=69290.63864604944 norm=8861.1709887307607 radius=35444.683954923043 next_radius=35444.683954923043 lambda=6.2500000000000026e-07 next_lambda=6.2500000000000024e-08 rho=0.47021113019310068 accept=1
CLASSICAL_LM o=6 lambda=6.2500000000000026e-07 tau=6.2500000000000026e-07 prediction=57697.011583087347 rho=0.47021113019310068 accept=1
  MFCG it   7 cost=1.975224e+06 lam=6.250e-08 tau=0.00e+00 cg_it=5 shift=0 ckpt=6 alpha=0 acc mv=40
PCG_PREP o=7 rebuild=1 drift=0 previous_depth=6
POINT_SAFE o=7 frozen=790 slope=-56430.532693811969 candidate=12932640.211273631 original=1974667.9581775663 current=1975223.6603853086 won=0 mode=1 camera_scale=1 keep_scale=0
ATTR_RADIUS o=7 raw_norm=76698.354829994598 norm=553.82318679567265 radius=35444.683954923043 next_radius=8861.1709887307607 lambda=6.2500000000000024e-08 next_lambda=1.0000000000000004e-06 rho=0.21315679411653654 accept=1
CLASSICAL_LM o=7 lambda=6.2500000000000024e-08 tau=6.2500000000000024e-08 prediction=2607.0114726835627 rho=0.21315679411653654 accept=1
  MFCG it   8 cost=1.974668e+06 lam=1.000e-06 tau=0.00e+00 cg_it=0 shift=0 ckpt=1 alpha=0 acc mv=42
PCG_PREP o=8 rebuild=1 drift=0 previous_depth=1
POINT_SAFE o=8 frozen=276 slope=-48317.294159289951 candidate=2004386.6074515758 original=1973847.6629863703 current=1974667.9581775663 won=0 mode=1 camera_scale=1 keep_scale=0
ATTR_RADIUS o=8 raw_norm=30838.132797935115 norm=138.45579669891819 radius=8861.1709887307607 next_radius=8861.1709887307607 lambda=1.0000000000000004e-06 next_lambda=1.0000000000000005e-07 rho=0.33114687804339876 accept=1
CLASSICAL_LM o=8 lambda=1.0000000000000004e-06 tau=1.0000000000000004e-06 prediction=2477.1340018145111 rho=0.33114687804339876 accept=1
  MFCG it   9 cost=1.973848e+06 lam=1.000e-07 tau=0.00e+00 cg_it=0 shift=0 ckpt=1 alpha=0 acc mv=44
PCG_PREP o=9 rebuild=1 drift=0 previous_depth=1
POINT_SAFE o=9 frozen=161 slope=-41230.024501348125 candidate=2032895.2113712053 original=1973304.0284733307 current=1973847.6629863703 won=0 mode=1 camera_scale=1 keep_scale=0
ATTR_RADIUS o=9 raw_norm=69774.562479157001 norm=138.45579669891816 radius=8861.1709887307607 next_radius=2215.2927471826902 lambda=1.0000000000000005e-07 next_lambda=1.6000000000000008e-06 rho=0.22971380670394093 accept=1
CLASSICAL_LM o=9 lambda=1.0000000000000005e-07 tau=1.0000000000000005e-07 prediction=2366.5730886618103 rho=0.22971380670394093 accept=1
  MFCG it  10 cost=1.973304e+06 lam=1.600e-06 tau=0.00e+00 cg_it=0 shift=0 ckpt=1 alpha=0 acc mv=46
PCG_PREP o=10 rebuild=1 drift=0 previous_depth=1
POINT_SAFE o=10 frozen=32 slope=-38319.179781344137 candidate=1955762.5028903992 original=1972580.2264447615 current=1973304.0284733307 won=1 mode=1 camera_scale=1 keep_scale=0
ATTR_RADIUS o=10 raw_norm=25284.116678996808 norm=2215.2927471826906 radius=2215.2927471826902 next_radius=4430.5854943653803 lambda=1.6000000000000008e-06 next_lambda=4.0000000000000019e-07 rho=0.84458068778946749 accept=1
CLASSICAL_LM o=10 lambda=1.6000000000000008e-06 tau=1.6000000000000008e-06 prediction=20769.508273795775 rho=0.84458068778946749 accept=1
  MFCG it  11 cost=1.955763e+06 lam=4.000e-07 tau=0.00e+00 cg_it=0 shift=0 ckpt=1 alpha=0 acc mv=48
PCG_PREP o=11 rebuild=1 drift=0 previous_depth=1
POINT_SAFE o=11 frozen=501 slope=-8176.3329598532364 candidate=1961535.4349613583 original=1955152.5891922982 current=1955762.5028903992 won=0 mode=1 camera_scale=1 keep_scale=0
ATTR_RADIUS o=11 raw_norm=47239.781210938032 norm=69.227898349459053 radius=4430.5854943653803 next_radius=4430.5854943653803 lambda=4.0000000000000019e-07 next_lambda=4.0000000000000021e-08 rho=0.32855811627219644 accept=1
CLASSICAL_LM o=11 lambda=4.0000000000000019e-07 tau=4.0000000000000019e-07 prediction=1856.3342918476651 rho=0.32855811627219644 accept=1
  MFCG it  12 cost=1.955153e+06 lam=4.000e-08 tau=0.00e+00 cg_it=0 shift=0 ckpt=1 alpha=0 acc mv=50
PCG_PREP o=12 rebuild=1 drift=0 previous_depth=1
POINT_SAFE o=12 frozen=293 slope=-6457.5180172481032 candidate=1959447.0026808775 original=1955113.8036312126 current=1955152.5891922982 won=0 mode=1 camera_scale=1 keep_scale=0
ATTR_RADIUS o=12 raw_norm=86191.330402421387 norm=4430.5854943653803 radius=4430.5854943653803 next_radius=1107.6463735913451 lambda=4.0000000000000021e-08 next_lambda=6.4000000000000033e-07 rho=0.085033007277604114 accept=0
CLASSICAL_LM o=12 lambda=4.0000000000000021e-08 tau=4.0000000000000021e-08 prediction=456.12359632368225 rho=0.085033007277604114 accept=0
  MFCG it  13  retry 1/8  lam=6.400e-07 tau_eff=4.000e-08  (assembly reused)
PCG_PREP o=12 rebuild=1 drift=0 previous_depth=1
POINT_SAFE o=12 frozen=81 slope=-5350.7943760369062 candidate=1953224.818253082 original=1955119.7093505957 current=1955152.5891922982 won=1 mode=1 camera_scale=1 keep_scale=0
ATTR_RADIUS o=12 raw_norm=39652.432767731545 norm=1107.6463735913453 radius=1107.6463735913451 next_radius=1107.6463735913451 lambda=6.4000000000000033e-07 next_lambda=6.4000000000000033e-07 rho=0.59356905391988446 accept=1
CLASSICAL_LM o=12 lambda=6.4000000000000033e-07 tau=6.4000000000000033e-07 prediction=3247.7618677816831 rho=0.59356905391988446 accept=1
  MFCG it  13 cost=1.953225e+06 lam=6.400e-07 tau=0.00e+00 cg_it=0 shift=0 ckpt=1 alpha=0 acc mv=54
PCG_PREP o=13 rebuild=1 drift=0 previous_depth=1
POINT_SAFE o=13 frozen=266 slope=-2869.7283134978325 candidate=1952245.8085020771 original=1953050.2445032671 current=1953224.818253082 won=1 mode=1 camera_scale=1 keep_scale=0
ATTR_RADIUS o=13 raw_norm=38888.004272402301 norm=1107.6463735913451 radius=1107.6463735913451 next_radius=1107.6463735913451 lambda=6.4000000000000033e-07 next_lambda=6.4000000000000033e-07 rho=0.48932895909323104 accept=1
CLASSICAL_LM o=13 lambda=6.4000000000000033e-07 tau=6.4000000000000033e-07 prediction=2000.7190108246511 rho=0.48932895909323104 accept=1
  MFCG it  14 cost=1.952246e+06 lam=6.400e-07 tau=0.00e+00 cg_it=0 shift=0 ckpt=1 alpha=0 acc mv=56
PCG_PREP o=14 rebuild=1 drift=0 previous_depth=1
POINT_SAFE o=14 frozen=90 slope=-2221.1711940684022 candidate=1951547.1565588599 original=1952073.3263408011 current=1952245.8085020771 won=1 mode=1 camera_scale=1 keep_scale=0
ATTR_RADIUS o=14 raw_norm=38496.142111786314 norm=1107.6463735913451 radius=1107.6463735913451 next_radius=1107.6463735913451 lambda=6.4000000000000033e-07 next_lambda=6.4000000000000033e-07 rho=0.41741465857053656 accept=1
CLASSICAL_LM o=14 lambda=6.4000000000000033e-07 tau=6.4000000000000033e-07 prediction=1673.7599623593555 rho=0.41741465857053656 accept=1
  MFCG it  15 cost=1.951547e+06 lam=6.400e-07 tau=0.00e+00 cg_it=0 shift=0 ckpt=1 alpha=0 acc mv=58
PCG_PREP o=15 rebuild=1 drift=0 previous_depth=1
POINT_SAFE o=15 frozen=217 slope=-1585.6213612611232 candidate=1950925.2672459562 original=1951157.2058566718 current=1951547.1565588599 won=1 mode=1 camera_scale=1 keep_scale=0
ATTR_RADIUS o=15 raw_norm=38158.342540830927 norm=1107.6463735913453 radius=1107.6463735913451 next_radius=1107.6463735913451 lambda=6.4000000000000033e-07 next_lambda=6.4000000000000033e-07 rho=0.44100499654448372 accept=1
CLASSICAL_LM o=15 lambda=6.4000000000000033e-07 tau=6.4000000000000033e-07 prediction=1410.1638706510671 rho=0.44100499654448372 accept=1
  MFCG it  16 cost=1.950925e+06 lam=6.400e-07 tau=0.00e+00 cg_it=0 shift=0 ckpt=1 alpha=0 acc mv=60
PCG_PREP o=16 rebuild=1 drift=0 previous_depth=1
POINT_SAFE o=16 frozen=96 slope=-1417.7771824936667 candidate=1950236.0215161552 original=1950563.0632132925 current=1950925.2672459562 won=1 mode=1 camera_scale=1 keep_scale=0
ATTR_RADIUS o=16 raw_norm=37768.950739706859 norm=1107.646373591346 radius=1107.6463735913451 next_radius=1107.6463735913451 lambda=6.4000000000000033e-07 next_lambda=6.4000000000000033e-07 rho=0.54363507277275369 accept=1
CLASSICAL_LM o=16 lambda=6.4000000000000033e-07 tau=6.4000000000000033e-07 prediction=1267.8463261864003 rho=0.54363507277275369 accept=1
  MFCG it  17 cost=1.950236e+06 lam=6.400e-07 tau=0.00e+00 cg_it=0 shift=0 ckpt=1 alpha=0 acc mv=62
PCG_PREP o=17 rebuild=1 drift=0 previous_depth=1
POINT_SAFE o=17 frozen=213 slope=-1246.0751064626522 candidate=1949610.9528348015 original=1949565.030748405 current=1950236.0215161552 won=0 mode=1 camera_scale=1 keep_scale=0
ATTR_RADIUS o=17 raw_norm=37331.740895283408 norm=17.30697458736477 radius=1107.6463735913451 next_radius=1107.6463735913451 lambda=6.4000000000000033e-07 next_lambda=6.400000000000003e-08 rho=0.38699186228533589 accept=1
CLASSICAL_LM o=17 lambda=6.4000000000000033e-07 tau=6.4000000000000033e-07 prediction=1733.8627323782259 rho=0.38699186228533589 accept=1
  MFCG it  18 cost=1.949565e+06 lam=6.400e-08 tau=0.00e+00 cg_it=0 shift=0 ckpt=1 alpha=0 acc mv=64
PCG_PREP o=18 rebuild=1 drift=0 previous_depth=1
POINT_SAFE o=18 frozen=131 slope=-781.13770221046639 candidate=1949538.7671730765 original=inf current=1949565.030748405 won=1 mode=1 camera_scale=1 keep_scale=0
ATTR_RADIUS o=18 raw_norm=70317.339893483717 norm=0 radius=1107.6463735913451 next_radius=276.91159339783627 lambda=6.400000000000003e-08 next_lambda=1.0240000000000005e-06 rho=0.037438205139209237 accept=0
CLASSICAL_LM o=18 lambda=6.400000000000003e-08 tau=6.400000000000003e-08 prediction=701.51801430800947 rho=0.037438205139209237 accept=0
  MFCG it  19  retry 1/8  lam=1.024e-06 tau_eff=6.400e-08  (assembly reused)
PCG_PREP o=18 rebuild=1 drift=0 previous_depth=1
POINT_SAFE o=18 frozen=49 slope=-501.48681092029756 candidate=1949211.2890021135 original=inf current=1949565.030748405 won=1 mode=1 camera_scale=1 keep_scale=0
ATTR_RADIUS o=18 raw_norm=30314.813556728732 norm=276.91159339783616 radius=276.91159339783627 next_radius=553.82318679567254 lambda=1.0240000000000005e-06 next_lambda=2.5600000000000012e-07 rho=0.82984454647733152 accept=1
CLASSICAL_LM o=18 lambda=1.0240000000000005e-06 tau=1.0240000000000005e-06 prediction=426.274713490789 rho=0.82984454647733152 accept=1
  MFCG it  19 cost=1.949211e+06 lam=2.560e-07 tau=0.00e+00 cg_it=0 shift=0 ckpt=1 alpha=0 acc mv=68
PCG_PREP o=19 rebuild=1 drift=0 previous_depth=1
POINT_SAFE o=19 frozen=522 slope=-493.16208962554356 candidate=1948922.765472637 original=inf current=1949211.2890021135 won=1 mode=1 camera_scale=1 keep_scale=0
ATTR_RADIUS o=19 raw_norm=50099.678172208245 norm=553.82318679567254 radius=553.82318679567254 next_radius=553.82318679567254 lambda=2.5600000000000012e-07 next_lambda=2.5600000000000012e-07 rho=0.62538940340251103 accept=1
CLASSICAL_LM o=19 lambda=2.5600000000000012e-07 tau=2.5600000000000012e-07 prediction=461.3502050190441 rho=0.62538940340251103 accept=1
  MFCG it  20 cost=1.948923e+06 lam=2.560e-07 tau=0.00e+00 cg_it=0 shift=0 ckpt=1 alpha=0 acc mv=70
PCG_PREP o=20 rebuild=1 drift=0 previous_depth=1
POINT_SAFE o=20 frozen=182 slope=-435.99178968223094 candidate=1948643.7954880423 original=1948912.8155953859 current=1948922.765472637 won=1 mode=1 camera_scale=1 keep_scale=0
ATTR_RADIUS o=20 raw_norm=49958.288983829902 norm=553.82318679567265 radius=553.82318679567254 next_radius=553.82318679567254 lambda=2.5600000000000012e-07 next_lambda=2.5600000000000012e-07 rho=0.64682362147498451 accept=1
CLASSICAL_LM o=20 lambda=2.5600000000000012e-07 tau=2.5600000000000012e-07 prediction=431.2922029015935 rho=0.64682362147498451 accept=1
  MFCG it  21 cost=1.948644e+06 lam=2.560e-07 tau=0.00e+00 cg_it=0 shift=0 ckpt=1 alpha=0 acc mv=72
PCG_PREP o=21 rebuild=1 drift=0 previous_depth=1
POINT_SAFE o=21 frozen=241 slope=-430.83748459235136 candidate=1948363.5763545905 original=1948387.7231824656 current=1948643.7954880423 won=1 mode=1 camera_scale=1 keep_scale=0
ATTR_RADIUS o=21 raw_norm=49825.586173799966 norm=553.82318679567209 radius=553.82318679567254 next_radius=553.82318679567254 lambda=2.5600000000000012e-07 next_lambda=2.5600000000000012e-07 rho=0.65516030781458112 accept=1
CLASSICAL_LM o=21 lambda=2.5600000000000012e-07 tau=2.5600000000000012e-07 prediction=427.71079094602214 rho=0.65516030781458112 accept=1
  MFCG it  22 cost=1.948364e+06 lam=2.560e-07 tau=0.00e+00 cg_it=0 shift=0 ckpt=1 alpha=0 acc mv=74
PCG_PREP o=22 rebuild=1 drift=0 previous_depth=1
POINT_SAFE o=22 frozen=130 slope=-429.57292180043061 candidate=1948078.6299783532 original=1947977.832121751 current=1948363.5763545905 won=0 mode=1 camera_scale=1 keep_scale=0
ATTR_RADIUS o=22 raw_norm=49602.495146499939 norm=4.3267436468411908 radius=553.82318679567254 next_radius=553.82318679567254 lambda=2.5600000000000012e-07 next_lambda=2.5600000000000014e-08 rho=0.45137656436300144 accept=1
CLASSICAL_LM o=22 lambda=2.5600000000000012e-07 tau=2.5600000000000012e-07 prediction=854.59517240070932 rho=0.45137656436300144 accept=1
  MFCG it  23 cost=1.947978e+06 lam=2.560e-08 tau=0.00e+00 cg_it=0 shift=0 ckpt=1 alpha=0 acc mv=76
PCG_PREP o=23 rebuild=1 drift=0 previous_depth=1
POINT_SAFE o=23 frozen=88 slope=-263.55910705501117 candidate=1948206.639960428 original=inf current=1947977.832121751 won=0 mode=1 camera_scale=1 keep_scale=0
ATTR_RADIUS o=23 raw_norm=83092.924520676796 norm=553.82318679567277 radius=553.82318679567254 next_radius=138.45579669891814 lambda=2.5600000000000014e-08 next_lambda=4.0960000000000023e-07 rho=-1 accept=0
CLASSICAL_LM o=23 lambda=2.5600000000000014e-08 tau=2.5600000000000014e-08 prediction=261.83357137187272 rho=-1 accept=0
  MFCG it  24  retry 1/8  lam=4.096e-07 tau_eff=2.560e-08  (assembly reused)
PCG_PREP o=23 rebuild=1 drift=0 previous_depth=1
POINT_SAFE o=23 frozen=53 slope=-128.58626850737843 candidate=1947877.623222922 original=inf current=1947977.832121751 won=1 mode=1 camera_scale=1 keep_scale=0
ATTR_RADIUS o=23 raw_norm=42061.676536325867 norm=138.45579669891811 radius=138.45579669891814 next_radius=276.91159339783627 lambda=4.0960000000000023e-07 next_lambda=1.0240000000000006e-07 rho=0.78508248763856381 accept=1
CLASSICAL_LM o=23 lambda=4.0960000000000023e-07 tau=4.0960000000000023e-07 prediction=127.64123567509452 rho=0.78508248763856381 accept=1
  MFCG it  24 cost=1.947878e+06 lam=1.024e-07 tau=0.00e+00 cg_it=0 shift=0 ckpt=1 alpha=0 acc mv=80
PCG_PREP o=24 rebuild=1 drift=0 previous_depth=1
POINT_SAFE o=24 frozen=423 slope=-170.68499613654029 candidate=1947745.7221344463 original=inf current=1947877.623222922 won=1 mode=1 camera_scale=1 keep_scale=0
ATTR_RADIUS o=24 raw_norm=63286.908837850679 norm=276.91159339783627 radius=276.91159339783627 next_radius=553.82318679567254 lambda=1.0240000000000006e-07 next_lambda=2.5600000000000014e-08 rho=0.77708599630941977 accept=1
CLASSICAL_LM o=24 lambda=1.0240000000000006e-07 tau=1.0240000000000006e-07 prediction=169.73808446188374 rho=0.77708599630941977 accept=1
  MFCG it  25 cost=1.947746e+06 lam=2.560e-08 tau=0.00e+00 cg_it=0 shift=0 ckpt=1 alpha=0 acc mv=82
PCG_PREP o=25 rebuild=1 drift=0 previous_depth=1
POINT_SAFE o=25 frozen=391 slope=-253.66809792359453 candidate=1947612.6006747538 original=inf current=1947745.7221344463 won=1 mode=1 camera_scale=1 keep_scale=0
ATTR_RADIUS o=25 raw_norm=85182.494136405934 norm=553.82318679567277 radius=553.82318679567254 next_radius=553.82318679567254 lambda=2.5600000000000014e-08 next_lambda=2.5600000000000014e-08 rho=0.52769307118058839 accept=1
CLASSICAL_LM o=25 lambda=2.5600000000000014e-08 tau=2.5600000000000014e-08 prediction=252.27062275927935 rho=0.52769307118058839 accept=1
  MFCG it  26 cost=1.947613e+06 lam=2.560e-08 tau=0.00e+00 cg_it=0 shift=0 ckpt=1 alpha=0 acc mv=84
PCG_PREP o=26 rebuild=1 drift=0 previous_depth=1
POINT_SAFE o=26 frozen=231 slope=-239.44724794637298 candidate=1947449.8533276636 original=1947425.4500826732 current=1947612.6006747538 won=0 mode=1 camera_scale=1 keep_scale=0
ATTR_RADIUS o=26 raw_norm=89241.066442088981 norm=2.1633718234205963 radius=553.82318679567254 next_radius=553.82318679567254 lambda=2.5600000000000014e-08 next_lambda=2.5600000000000015e-09 rho=0.44032035806928144 accept=1
CLASSICAL_LM o=26 lambda=2.5600000000000014e-08 tau=2.5600000000000014e-08 prediction=425.0327940801306 rho=0.44032035806928144 accept=1
  MFCG it  27 cost=1.947425e+06 lam=2.560e-09 tau=0.00e+00 cg_it=0 shift=0 ckpt=1 alpha=0 acc mv=86
PCG_PREP o=27 rebuild=1 drift=0 previous_depth=1
POINT_SAFE o=27 frozen=28 slope=-49.944319217054051 candidate=1947403.7599127092 original=inf current=1947425.4500826732 won=1 mode=1 camera_scale=1 keep_scale=0
ATTR_RADIUS o=27 raw_norm=460456.13864072412 norm=553.82318679567265 radius=553.82318679567254 next_radius=553.82318679567254 lambda=2.5600000000000015e-09 next_lambda=2.5600000000000015e-09 rho=0.43744921783216029 accept=1
CLASSICAL_LM o=27 lambda=2.5600000000000015e-09 tau=2.5600000000000015e-09 prediction=49.583286653189823 rho=0.43744921783216029 accept=1
  MFCG it  28 cost=1.947404e+06 lam=2.560e-09 tau=0.00e+00 cg_it=0 shift=0 ckpt=1 alpha=0 acc mv=88
PCG_PREP o=28 rebuild=1 drift=0 previous_depth=1
NUMERIC_REPAIR o=28 lambda=2.5600000000000015e-09 rayleigh=-6.4928708553289355e-07 next_lambda=2.6073883421315744e-06 cg=1 rebuild=1
PCG_PREP o=28 rebuild=1 drift=0 previous_depth=1
POINT_SAFE o=28 frozen=872 slope=-1104.3064564271751 candidate=1946474.9989193063 original=inf current=1947403.7599127092 won=1 mode=1 camera_scale=1 keep_scale=0
ATTR_RADIUS o=28 raw_norm=18851.644084454409 norm=553.82318679567265 radius=553.82318679567254 next_radius=1107.6463735913451 lambda=2.6073883421315744e-06 next_lambda=2.6073883421315744e-06 rho=0.86033102048051469 accept=1
CLASSICAL_LM o=28 lambda=2.6073883421315744e-06 tau=2.6073883421315744e-06 prediction=1079.5391207493396 rho=0.86033102048051469 accept=1
  MFCG it  29 cost=1.946475e+06 lam=2.607e-06 tau=0.00e+00 cg_it=0 shift=0 ckpt=1 alpha=0 acc mv=92
PCG_PREP o=29 rebuild=1 drift=0 previous_depth=1
POINT_SAFE o=29 frozen=382 slope=-2119.68931990794 candidate=1944830.1149167109 original=1946348.6702501443 current=1946474.9989193063 won=1 mode=1 camera_scale=1 keep_scale=0
ATTR_RADIUS o=29 raw_norm=18771.030518745749 norm=1107.6463735913449 radius=1107.6463735913451 next_radius=2215.2927471826902 lambda=2.6073883421315744e-06 next_lambda=2.6073883421315744e-06 rho=0.80378108570962914 accept=1
CLASSICAL_LM o=29 lambda=2.6073883421315744e-06 tau=2.6073883421315744e-06 prediction=2046.4328308288482 rho=0.80378108570962914 accept=1
  MFCG it  30 cost=1.944830e+06 lam=2.607e-06 tau=0.00e+00 cg_it=0 shift=0 ckpt=1 alpha=0 acc mv=94
PCG_PREP o=30 rebuild=1 drift=0 previous_depth=1
POINT_SAFE o=30 frozen=428 slope=-4761.8222622220283 candidate=1940227.4631281819 original=1944570.3193295049 current=1944830.1149167109 won=1 mode=1 camera_scale=1 keep_scale=0
ATTR_RADIUS o=30 raw_norm=31200.217376982524 norm=2215.2927471826893 radius=2215.2927471826902 next_radius=4430.5854943653803 lambda=2.6073883421315744e-06 next_lambda=2.6073883421315744e-06 rho=1.0041624766814468 accept=1
CLASSICAL_LM o=30 lambda=2.6073883421315744e-06 tau=2.6073883421315744e-06 prediction=4583.5727737405996 rho=1.0041624766814468 accept=1
  MFCG it  31 cost=1.940227e+06 lam=2.607e-06 tau=0.00e+00 cg_it=1 shift=0 ckpt=2 alpha=0 acc mv=97
PCG_PREP o=31 rebuild=1 drift=0 previous_depth=2
POINT_SAFE o=31 frozen=301 slope=-9206.3362987680848 candidate=1931634.6223523142 original=1939872.9425839032 current=1940227.4631281819 won=1 mode=1 camera_scale=1 keep_scale=0
ATTR_RADIUS o=31 raw_norm=30248.873279863168 norm=4430.5854943653794 radius=4430.5854943653803 next_radius=8861.1709887307607 lambda=2.6073883421315744e-06 next_lambda=2.6073883421315744e-06 rho=1.0113857522148026 accept=1
CLASSICAL_LM o=31 lambda=2.6073883421315744e-06 tau=2.6073883421315744e-06 prediction=8496.1062157050292 rho=1.0113857522148026 accept=1
  MFCG it  32 cost=1.931635e+06 lam=2.607e-06 tau=0.00e+00 cg_it=1 shift=0 ckpt=2 alpha=0 acc mv=100
PCG_PREP o=32 rebuild=1 drift=0 previous_depth=2
POINT_SAFE o=32 frozen=665 slope=-17751.314870860424 candidate=1917602.3988408679 original=1931570.2557539279 current=1931634.6223523142 won=1 mode=1 camera_scale=1 keep_scale=0
ATTR_RADIUS o=32 raw_norm=28541.797541707889 norm=8861.1709887307607 radius=8861.1709887307607 next_radius=17722.341977461521 lambda=2.6073883421315744e-06 next_lambda=2.6073883421315744e-06 rho=0.95940934192579019 accept=1
CLASSICAL_LM o=32 lambda=2.6073883421315744e-06 tau=2.6073883421315744e-06 prediction=14625.898350416159 rho=0.95940934192579019 accept=1
  MFCG it  33 cost=1.917602e+06 lam=2.607e-06 tau=0.00e+00 cg_it=1 shift=0 ckpt=2 alpha=0 acc mv=103
PCG_PREP o=33 rebuild=1 drift=0 previous_depth=2
POINT_SAFE o=33 frozen=1127 slope=-40681.4885891179 candidate=1956073.3356752626 original=1916736.5042603416 current=1917602.3988408679 won=0 mode=1 camera_scale=1 keep_scale=0
ATTR_RADIUS o=33 raw_norm=36341.821127458301 norm=276.9115933978361 radius=17722.341977461521 next_radius=17722.341977461521 lambda=2.6073883421315744e-06 next_lambda=2.6073883421315744e-06 rho=0.37327039372787457 accept=1
CLASSICAL_LM o=33 lambda=2.6073883421315744e-06 tau=2.6073883421315744e-06 prediction=2319.7515663606068 rho=0.37327039372787457 accept=1
  MFCG it  34 cost=1.916737e+06 lam=2.607e-06 tau=0.00e+00 cg_it=3 shift=0 ckpt=4 alpha=0 acc mv=108
PCG_PREP o=34 rebuild=1 drift=0 previous_depth=4
POINT_SAFE o=34 frozen=1135 slope=-40422.094351320229 candidate=1956401.5363380334 original=1916231.9985403842 current=1916736.5042603416 won=0 mode=1 camera_scale=1 keep_scale=0
ATTR_RADIUS o=34 raw_norm=36307.721758971871 norm=138.45579669891816 radius=17722.341977461521 next_radius=17722.341977461521 lambda=2.6073883421315744e-06 next_lambda=2.6073883421315744e-06 rho=0.43574191046568178 accept=1
CLASSICAL_LM o=34 lambda=2.6073883421315744e-06 tau=2.6073883421315744e-06 prediction=1157.8085739290884 rho=0.43574191046568178 accept=1
  MFCG it  35 cost=1.916232e+06 lam=2.607e-06 tau=0.00e+00 cg_it=3 shift=0 ckpt=4 alpha=0 acc mv=113
PCG_PREP o=35 rebuild=1 drift=0 previous_depth=4
POINT_SAFE o=35 frozen=1133 slope=-40415.388146725214 candidate=2014507.088591537 original=1916155.7555945911 current=1916231.9985403842 won=0 mode=1 camera_scale=1 keep_scale=0
ATTR_RADIUS o=35 raw_norm=36294.159253577855 norm=69.227898349459082 radius=17722.341977461521 next_radius=4430.5854943653803 lambda=2.6073883421315744e-06 next_lambda=4.171821347410519e-05 rho=0.13196359019059808 accept=1
CLASSICAL_LM o=35 lambda=2.6073883421315744e-06 tau=2.6073883421315744e-06 prediction=577.75743811581162 rho=0.13196359019059808 accept=1
  MFCG it  36 cost=1.916156e+06 lam=4.172e-05 tau=0.00e+00 cg_it=3 shift=0 ckpt=4 alpha=0 acc mv=118
PCG_PREP o=36 rebuild=1 drift=0 previous_depth=4
POINT_SAFE o=36 frozen=125 slope=-23610.247164403514 candidate=1897078.6897231599 original=1916147.7132319482 current=1916155.7555945911 won=1 mode=1 camera_scale=1 keep_scale=0
ATTR_RADIUS o=36 raw_norm=13562.362393354522 norm=4430.5854943653785 radius=4430.5854943653803 next_radius=8861.1709887307607 lambda=4.171821347410519e-05 next_lambda=1.0429553368526297e-05 rho=0.96610648797090315 accept=1
CLASSICAL_LM o=36 lambda=4.171821347410519e-05 tau=4.171821347410519e-05 prediction=19746.33863757451 rho=0.96610648797090315 accept=1
  MFCG it  37 cost=1.897079e+06 lam=1.043e-05 tau=0.00e+00 cg_it=3 shift=0 ckpt=4 alpha=0 acc mv=123
PCG_PREP o=37 rebuild=1 drift=0 previous_depth=4
POINT_SAFE o=37 frozen=427 slope=-25469.615171399717 candidate=1878032.8848809567 original=1897056.0188603837 current=1897078.6897231599 won=1 mode=1 camera_scale=1 keep_scale=0
ATTR_RADIUS o=37 raw_norm=28525.786293214434 norm=8861.1709887307625 radius=8861.1709887307607 next_radius=17722.341977461521 lambda=1.0429553368526297e-05 next_lambda=2.6073883421315744e-06 rho=0.88023822801087037 accept=1
CLASSICAL_LM o=37 lambda=1.0429553368526297e-05 tau=1.0429553368526297e-05 prediction=21637.102588968624 rho=0.88023822801087037 accept=1
  MFCG it  38 cost=1.878033e+06 lam=2.607e-06 tau=0.00e+00 cg_it=5 shift=0 ckpt=6 alpha=0 acc mv=130
PCG_PREP o=38 rebuild=1 drift=0 previous_depth=6
POINT_SAFE o=38 frozen=801 slope=-26064.64306230416 candidate=1976594.4264758897 original=1877614.8541813109 current=1878032.8848809567 won=0 mode=1 camera_scale=1 keep_scale=0
ATTR_RADIUS o=38 raw_norm=53918.380571592301 norm=276.91159339783633 radius=17722.341977461521 next_radius=4430.5854943653803 lambda=2.6073883421315744e-06 next_lambda=4.171821347410519e-05 rho=0.20373821970262915 accept=1
CLASSICAL_LM o=38 lambda=2.6073883421315744e-06 tau=2.6073883421315744e-06 prediction=2051.8030453785941 rho=0.20373821970262915 accept=1
  MFCG it  39 cost=1.877615e+06 lam=4.172e-05 tau=0.00e+00 cg_it=5 shift=0 ckpt=6 alpha=0 acc mv=137
PCG_PREP o=39 rebuild=1 drift=0 previous_depth=6
POINT_SAFE o=39 frozen=32 slope=-19610.676344087995 candidate=1862544.7478533001 original=1877347.0056515255 current=1877614.8541813109 won=1 mode=1 camera_scale=1 keep_scale=0
ATTR_RADIUS o=39 raw_norm=14682.130422030476 norm=4430.5854943653821 radius=4430.5854943653803 next_radius=8861.1709887307607 lambda=4.171821347410519e-05 next_lambda=1.0429553368526297e-05 rho=0.95197146638945296 accept=1
CLASSICAL_LM o=39 lambda=4.171821347410519e-05 tau=4.171821347410519e-05 prediction=15830.418095583538 rho=0.95197146638945296 accept=1
  MFCG it  40 cost=1.862545e+06 lam=1.043e-05 tau=0.00e+00 cg_it=5 shift=0 ckpt=6 alpha=0 acc mv=144
PCG_PREP o=40 rebuild=1 drift=0 previous_depth=6
POINT_SAFE o=40 frozen=813 slope=-108413.77615834828 candidate=2366211.5079991608 original=inf current=1862544.7478533001 won=0 mode=1 camera_scale=1 keep_scale=0
ATTR_RADIUS o=40 raw_norm=10182.531626051528 norm=8861.1709887307625 radius=8861.1709887307607 next_radius=2215.2927471826902 lambda=1.0429553368526297e-05 next_lambda=0.00016687285389642076 rho=-1 accept=0
CLASSICAL_LM o=40 lambda=1.0429553368526297e-05 tau=1.0429553368526297e-05 prediction=58794.507279873964 rho=-1 accept=0
  MFCG it  41  retry 1/8  lam=1.669e-04 tau_eff=1.043e-05  (assembly reused)
PCG_PREP o=40 rebuild=1 drift=0 previous_depth=2
POINT_SAFE o=40 frozen=114 slope=-110356.6295941945 candidate=2371034.9598522768 original=inf current=1862544.7478533001 won=0 mode=1 camera_scale=1 keep_scale=0
ATTR_RADIUS o=40 raw_norm=1533.0299033645606 norm=1533.0299033645606 radius=2215.2927471826902 next_radius=553.82318679567254 lambda=0.00016687285389642076 next_lambda=0.0026699656623427321 rho=-1 accept=0
CLASSICAL_LM o=40 lambda=0.00016687285389642076 tau=0.00016687285389642076 prediction=55435.881172092515 rho=-1 accept=0
  MFCG it  41  retry 2/8  lam=2.670e-03 tau_eff=1.669e-04  (assembly reused)
PCG_PREP o=40 rebuild=1 drift=0 previous_depth=1
POINT_SAFE o=40 frozen=11 slope=-108386.94514103302 candidate=2373590.1137667759 original=inf current=1862544.7478533001 won=0 mode=1 camera_scale=1 keep_scale=0
ATTR_RADIUS o=40 raw_norm=428.93383097717526 norm=428.93383097717526 radius=553.82318679567254 next_radius=138.45579669891814 lambda=0.0026699656623427321 next_lambda=0.042719450597483714 rho=-1 accept=0
CLASSICAL_LM o=40 lambda=0.0026699656623427321 tau=0.0026699656623427321 prediction=54497.918688553706 rho=-1 accept=0
  MFCG it  41  retry 3/8  lam=4.272e-02 tau_eff=2.670e-03  (assembly reused)
PCG_PREP o=40 rebuild=1 drift=0 previous_depth=1
POINT_SAFE o=40 frozen=1 slope=-52159.1242905775 candidate=2368032.0074036466 original=inf current=1862544.7478533001 won=0 mode=1 camera_scale=1 keep_scale=0
ATTR_RADIUS o=40 raw_norm=280.26849741452583 norm=138.45579669891822 radius=138.45579669891814 next_radius=34.613949174729534 lambda=0.042719450597483714 next_lambda=0.68351120955973943 rho=-1 accept=0
CLASSICAL_LM o=40 lambda=0.042719450597483714 tau=0.042719450597483714 prediction=39357.904776923824 rho=-1 accept=0
  MFCG it  41  retry 4/8  lam=6.835e-01 tau_eff=4.272e-02  (assembly reused)
PCG_PREP o=40 rebuild=1 drift=0 previous_depth=1
POINT_SAFE o=40 frozen=1 slope=-15511.574040644253 candidate=2333044.9084250089 original=inf current=1862544.7478533001 won=0 mode=1 camera_scale=1 keep_scale=0
ATTR_RADIUS o=40 raw_norm=174.297871760888 norm=34.613949174729548 radius=34.613949174729534 next_radius=8.6534872936823835 lambda=0.68351120955973943 next_lambda=10.936179352955831 rho=-1 accept=0
CLASSICAL_LM o=40 lambda=0.68351120955973943 tau=0.68351120955973943 prediction=14116.956270373761 rho=-1 accept=0
  MFCG it  41  retry 5/8  lam=1.094e+01 tau_eff=6.835e-01  (assembly reused)
PCG_PREP o=40 rebuild=1 drift=0 previous_depth=1
POINT_SAFE o=40 frozen=1 slope=-4032.7656346494778 candidate=2207220.0892929132 original=inf current=1862544.7478533001 won=0 mode=1 camera_scale=1 keep_scale=0
ATTR_RADIUS o=40 raw_norm=33.837579344596158 norm=8.6534872936823852 radius=8.6534872936823835 next_radius=2.1633718234205959 lambda=10.936179352955831 next_lambda=174.97886964729329 rho=-1 accept=0
CLASSICAL_LM o=40 lambda=10.936179352955831 tau=10.936179352955831 prediction=3937.3548679459036 rho=-1 accept=0
  MFCG it  41  retry 6/8  lam=1.750e+02 tau_eff=1.094e+01  (assembly reused)
PCG_PREP o=40 rebuild=1 drift=0 previous_depth=1
POINT_SAFE o=40 frozen=27 slope=-973.99401051441112 candidate=1996046.5638222722 original=inf current=1862544.7478533001 won=0 mode=1 camera_scale=1 keep_scale=0
ATTR_RADIUS o=40 raw_norm=2.5030308676392448 norm=2.1633718234205959 radius=2.1633718234205959 next_radius=0.54084295585514897 lambda=174.97886964729329 next_lambda=2799.6619143566927 rho=-1 accept=0
CLASSICAL_LM o=40 lambda=174.97886964729329 tau=174.97886964729329 prediction=968.71555108094128 rho=-1 accept=0
  MFCG it  41  retry 7/8  lam=2.800e+03 tau_eff=1.750e+02  (assembly reused)
PCG_PREP o=40 rebuild=1 drift=0 previous_depth=1
POINT_SAFE o=40 frozen=4823 slope=-71.125787999440945 candidate=1865091.708200034 original=1862544.4116500639 current=1862544.7478533001 won=0 mode=1 camera_scale=1 keep_scale=0
ATTR_RADIUS o=40 raw_norm=0.15830003024746037 norm=0.0024734379726165682 radius=0.54084295585514897 next_radius=0.54084295585514897 lambda=2799.6619143566927 next_lambda=279.96619143566926 rho=0.30251731774363011 accept=1
CLASSICAL_LM o=40 lambda=2799.6619143566927 tau=2799.6619143566927 prediction=1.1113520331347688 rho=0.30251731774363011 accept=1
  MFCG it  41 cost=1.862544e+06 lam=2.800e+02 tau=0.00e+00 cg_it=0 shift=0 ckpt=1 alpha=0 acc mv=161
PCG_PREP o=41 rebuild=1 drift=0 previous_depth=1
POINT_SAFE o=41 frozen=228 slope=-248.89670816711481 candidate=1886788.6795153932 original=1862543.8089000536 current=1862544.4116500639 won=0 mode=1 camera_scale=1 keep_scale=0
ATTR_RADIUS o=41 raw_norm=1.5712886375302926 norm=0.0084506711852367009 radius=0.54084295585514897 next_radius=0.13521073896378724 lambda=279.96619143566926 next_lambda=4479.4590629707081 rho=0.15497151463455894 accept=1
CLASSICAL_LM o=41 lambda=279.96619143566926 tau=279.96619143566926 prediction=3.8894245290441591 rho=0.15497151463455894 accept=1
  MFCG it  42 cost=1.862544e+06 lam=4.479e+03 tau=0.00e+00 cg_it=0 shift=0 ckpt=1 alpha=0 acc mv=163
PCG_PREP o=42 rebuild=1 drift=0 previous_depth=1
POINT_SAFE o=42 frozen=7407 slope=-44.655564174220302 candidate=1862582.9228080206 original=1862542.8074063461 current=1862543.8089000536 won=0 mode=1 camera_scale=1 keep_scale=0
ATTR_RADIUS o=42 raw_norm=0.099179501209378712 norm=0.099179501209378712 radius=0.13521073896378724 next_radius=0.03380268474094681 lambda=4479.4590629707081 next_lambda=71671.34500753133 rho=0.04484887048990218 accept=0
CLASSICAL_LM o=42 lambda=4479.4590629707081 tau=4479.4590629707081 prediction=22.330410924340928 rho=0.04484887048990218 accept=0
  MFCG it  43  retry 1/8  lam=7.167e+04 tau_eff=4.479e+03  (assembly reused)
PCG_PREP o=42 rebuild=1 drift=0 previous_depth=1
ATTR_RADIUS o=42 raw_norm=0.0062016248646916336 norm=0.0062016248646916336 radius=0.03380268474094681 next_radius=0.03380268474094681 lambda=71671.34500753133 next_lambda=7167.1345007531336 rho=0.87870409104582237 accept=1
CLASSICAL_LM o=42 lambda=71671.34500753133 tau=71671.34500753133 prediction=2.7929139485604968 rho=0.87870409104582237 accept=1
  MFCG it  43 cost=1.862541e+06 lam=7.167e+03 tau=0.00e+00 cg_it=0 shift=0 ckpt=1 alpha=0 acc mv=167
PCG_PREP o=43 rebuild=1 drift=0 previous_depth=1
POINT_SAFE o=43 frozen=10691 slope=-15.358037358108122 candidate=1862559.239514047 original=1862539.628457316 current=1862541.3547551411 won=0 mode=1 camera_scale=1 keep_scale=0
ATTR_RADIUS o=43 raw_norm=0.06190014588916179 norm=0.0084506711852366939 radius=0.03380268474094681 next_radius=0.03380268474094681 lambda=7167.1345007531336 next_lambda=716.7134500753134 rho=0.44956583805016892 accept=1
CLASSICAL_LM o=43 lambda=7167.1345007531336 tau=7167.1345007531336 prediction=3.8399221626723534 rho=0.44956583805016892 accept=1
  MFCG it  44 cost=1.862540e+06 lam=7.167e+02 tau=0.00e+00 cg_it=0 shift=0 ckpt=1 alpha=0 acc mv=169
PCG_PREP o=44 rebuild=1 drift=0 previous_depth=1
POINT_SAFE o=44 frozen=1315 slope=-18.551111976343044 candidate=1862548.352342509 original=1862537.1319888195 current=1862539.628457316 won=0 mode=1 camera_scale=1 keep_scale=0
ATTR_RADIUS o=44 raw_norm=0.61684362049913188 norm=0.016901342370473405 radius=0.03380268474094681 next_radius=0.03380268474094681 lambda=716.7134500753134 next_lambda=71.671345007531343 rho=0.26883228032461803 accept=1
CLASSICAL_LM o=44 lambda=716.7134500753134 tau=716.7134500753134 prediction=9.2863420028814332 rho=0.26883228032461803 accept=1
  MFCG it  45 cost=1.862537e+06 lam=7.167e+01 tau=0.00e+00 cg_it=0 shift=0 ckpt=1 alpha=0 acc mv=171
PCG_PREP o=45 rebuild=1 drift=0 previous_depth=1
ATTR_RADIUS o=45 raw_norm=6.0270445243755519 norm=0.033802684740946762 radius=0.03380268474094681 next_radius=0.067605369481893621 lambda=71.671345007531343 next_lambda=17.917836251882836 rho=0.86798249245080639 accept=1
CLASSICAL_LM o=45 lambda=71.671345007531343 tau=71.671345007531343 prediction=50.742661063676799 rho=0.86798249245080639 accept=1
  MFCG it  46 cost=1.862493e+06 lam=1.792e+01 tau=0.00e+00 cg_it=0 shift=0 ckpt=1 alpha=0 acc mv=173
PCG_PREP o=46 rebuild=1 drift=0 previous_depth=1
ATTR_RADIUS o=46 raw_norm=22.041295463503694 norm=0 radius=0.067605369481893621 next_radius=0.016901342370473405 lambda=17.917836251882836 next_lambda=286.68538003012537 rho=0.047875102190259207 accept=0
CLASSICAL_LM o=46 lambda=17.917836251882836 tau=17.917836251882836 prediction=147.6523090418367 rho=0.047875102190259207 accept=0
  MFCG it  47  retry 1/8  lam=2.867e+02 tau_eff=1.792e+01  (assembly reused)
PCG_PREP o=46 rebuild=1 drift=0 previous_depth=1
ATTR_RADIUS o=46 raw_norm=1.5346783052122028 norm=0.016901342370473419 radius=0.016901342370473405 next_radius=0.016901342370473405 lambda=286.68538003012537 next_lambda=286.68538003012537 rho=0.52501224578666872 accept=1
CLASSICAL_LM o=46 lambda=286.68538003012537 tau=286.68538003012537 prediction=15.92379756752319 rho=0.52501224578666872 accept=1
  MFCG it  47 cost=1.862485e+06 lam=2.867e+02 tau=0.00e+00 cg_it=0 shift=0 ckpt=1 alpha=0 acc mv=177
PCG_PREP o=47 rebuild=1 drift=0 previous_depth=1
ATTR_RADIUS o=47 raw_norm=1.5427672961497034 norm=0.016901342370473395 radius=0.016901342370473405 next_radius=0.03380268474094681 lambda=286.68538003012537 next_lambda=71.671345007531343 rho=0.92381649431145929 accept=1
CLASSICAL_LM o=47 lambda=286.68538003012537 tau=286.68538003012537 prediction=16.223196196567557 rho=0.92381649431145929 accept=1
  MFCG it  48 cost=1.862470e+06 lam=7.167e+01 tau=0.00e+00 cg_it=0 shift=0 ckpt=1 alpha=0 acc mv=179
PCG_PREP o=48 rebuild=1 drift=0 previous_depth=1
ATTR_RADIUS o=48 raw_norm=6.006974253847936 norm=0.03380268474094679 radius=0.03380268474094681 next_radius=0.03380268474094681 lambda=71.671345007531343 next_lambda=71.671345007531343 rho=0.5568785136603619 accept=1
CLASSICAL_LM o=48 lambda=71.671345007531343 tau=71.671345007531343 prediction=47.044455388175436 rho=0.5568785136603619 accept=1
  MFCG it  49 cost=1.862444e+06 lam=7.167e+01 tau=0.00e+00 cg_it=0 shift=0 ckpt=1 alpha=0 acc mv=181
PCG_PREP o=49 rebuild=1 drift=0 previous_depth=1
ATTR_RADIUS o=49 raw_norm=6.0631948378033433 norm=0.033802684740946803 radius=0.03380268474094681 next_radius=0.067605369481893621 lambda=71.671345007531343 next_lambda=17.917836251882836 rho=0.93082545610387035 accept=1
CLASSICAL_LM o=49 lambda=71.671345007531343 tau=71.671345007531343 prediction=50.766011027640261 rho=0.93082545610387035 accept=1
  MFCG it  50 cost=1.862396e+06 lam=1.792e+01 tau=0.00e+00 cg_it=0 shift=0 ckpt=1 alpha=0 acc mv=183
PCG_PREP o=50 rebuild=1 drift=0 previous_depth=1
ATTR_RADIUS o=50 raw_norm=22.071254929016174 norm=0.067605369481893662 radius=0.067605369481893621 next_radius=0.067605369481893621 lambda=17.917836251882836 next_lambda=17.917836251882836 rho=0.73094256723081208 accept=1
CLASSICAL_LM o=50 lambda=17.917836251882836 tau=17.917836251882836 prediction=137.80308542134074 rho=0.73094256723081208 accept=1
  MFCG it  51 cost=1.862296e+06 lam=1.792e+01 tau=0.00e+00 cg_it=0 shift=0 ckpt=1 alpha=0 acc mv=185
PCG_PREP o=51 rebuild=1 drift=0 previous_depth=1
ATTR_RADIUS o=51 raw_norm=22.411087932137161 norm=0.067605369481893635 radius=0.067605369481893621 next_radius=0.13521073896378724 lambda=17.917836251882836 next_lambda=4.4794590629707089 rho=0.78136315056070393 accept=1
CLASSICAL_LM o=51 lambda=17.917836251882836 tau=17.917836251882836 prediction=146.89896505414478 rho=0.78136315056070393 accept=1
  MFCG it  52 cost=1.862181e+06 lam=4.479e+00 tau=0.00e+00 cg_it=0 shift=0 ckpt=1 alpha=0 acc mv=187
PCG_PREP o=52 rebuild=1 drift=0 previous_depth=1
POINT_SAFE o=52 frozen=5 slope=-288.88903433076769 candidate=1862101.5190148538 original=1862114.9811370715 current=1862180.7808814957 won=1 mode=1 camera_scale=1 keep_scale=0
ATTR_RADIUS o=52 raw_norm=67.160098602353017 norm=0.1352107389637873 radius=0.13521073896378724 next_radius=0.13521073896378724 lambda=4.4794590629707089 next_lambda=4.4794590629707089 rho=0.30916796788299145 accept=1
CLASSICAL_LM o=52 lambda=4.4794590629707089 tau=4.4794590629707089 prediction=256.37153546232526 rho=0.30916796788299145 accept=1
  MFCG it  53 cost=1.862102e+06 lam=4.479e+00 tau=0.00e+00 cg_it=0 shift=0 ckpt=1 alpha=0 acc mv=189
PCG_PREP o=53 rebuild=1 drift=0 previous_depth=1
POINT_SAFE o=53 frozen=4 slope=-184.29417243628694 candidate=1861936.9676631729 original=1861961.8127361706 current=1862101.5190148538 won=1 mode=1 camera_scale=1 keep_scale=0
ATTR_RADIUS o=53 raw_norm=69.828378006710238 norm=0.13521073896378724 radius=0.13521073896378724 next_radius=0.27042147792757448 lambda=4.4794590629707089 next_lambda=1.1198647657426772 rho=0.97951055077389115 accept=1
CLASSICAL_LM o=53 lambda=4.4794590629707089 tau=4.4794590629707089 prediction=167.99344483923869 rho=0.97951055077389115 accept=1
  MFCG it  54 cost=1.861937e+06 lam=1.120e+00 tau=0.00e+00 cg_it=0 shift=0 ckpt=1 alpha=0 acc mv=191
PCG_PREP o=54 rebuild=1 drift=0 previous_depth=1
POINT_SAFE o=54 frozen=2 slope=-267.13461801172883 candidate=1861727.9647005359 original=1861845.0915676448 current=1861936.9676631729 won=1 mode=1 camera_scale=1 keep_scale=0
ATTR_RADIUS o=54 raw_norm=141.88127484740872 norm=0.2704214779275747 radius=0.27042147792757448 next_radius=0.54084295585514897 lambda=1.1198647657426772 next_lambda=0.27996619143566931 rho=0.92008662317044998 accept=1
CLASSICAL_LM o=54 lambda=1.1198647657426772 tau=1.1198647657426772 prediction=227.15574531103198 rho=0.92008662317044998 accept=1
  MFCG it  55 cost=1.861728e+06 lam=2.800e-01 tau=0.00e+00 cg_it=0 shift=0 ckpt=1 alpha=0 acc mv=193
PCG_PREP o=55 rebuild=1 drift=0 previous_depth=1
POINT_SAFE o=55 frozen=1 slope=-277.78934630492415 candidate=1861643.739918563 original=1861698.0467465802 current=1861727.9647005359 won=1 mode=1 camera_scale=1 keep_scale=0
ATTR_RADIUS o=55 raw_norm=214.56319106747299 norm=0.54084295585514852 radius=0.54084295585514897 next_radius=0.54084295585514897 lambda=0.27996619143566931 next_lambda=0.27996619143566931 rho=0.32307093914360469 accept=1
CLASSICAL_LM o=55 lambda=0.27996619143566931 tau=0.27996619143566931 prediction=260.70058234295095 rho=0.32307093914360469 accept=1
  MFCG it  56 cost=1.861644e+06 lam=2.800e-01 tau=0.00e+00 cg_it=0 shift=0 ckpt=1 alpha=0 acc mv=195
PCG_PREP o=56 rebuild=1 drift=0 previous_depth=1
POINT_SAFE o=56 frozen=2 slope=-235.89005791523553 candidate=1861544.784142996 original=1861600.5832324126 current=1861643.739918563 won=1 mode=1 camera_scale=1 keep_scale=0
ATTR_RADIUS o=56 raw_norm=214.69193510629268 norm=0.54084295585514874 radius=0.54084295585514897 next_radius=0.54084295585514897 lambda=0.27996619143566931 next_lambda=0.27996619143566931 rho=0.42204392727168882 accept=1
CLASSICAL_LM o=56 lambda=0.27996619143566931 tau=0.27996619143566931 prediction=234.46795267686736 rho=0.42204392727168882 accept=1
  MFCG it  57 cost=1.861545e+06 lam=2.800e-01 tau=0.00e+00 cg_it=0 shift=0 ckpt=1 alpha=0 acc mv=197
PCG_PREP o=57 rebuild=1 drift=0 previous_depth=1
POINT_SAFE o=57 frozen=1 slope=-230.03842897746802 candidate=1861586.4299794729 original=1861527.8761978187 current=1861544.784142996 won=0 mode=1 camera_scale=1 keep_scale=0
ATTR_RADIUS o=57 raw_norm=216.56070915067818 norm=0.016901342370473405 radius=0.54084295585514897 next_radius=0.13521073896378724 lambda=0.27996619143566931 next_lambda=4.4794590629707089 rho=0.23022911642847668 accept=1
CLASSICAL_LM o=57 lambda=0.27996619143566931 tau=0.27996619143566931 prediction=73.439647597907751 rho=0.23022911642847668 accept=1
  MFCG it  58 cost=1.861528e+06 lam=4.479e+00 tau=0.00e+00 cg_it=0 shift=0 ckpt=1 alpha=0 acc mv=199
PCG_PREP o=58 rebuild=1 drift=0 previous_depth=1
POINT_SAFE o=58 frozen=39 slope=-60.438149265474372 candidate=1861505.8145314059 original=1861514.3814555248 current=1861527.8761978187 won=1 mode=1 camera_scale=1 keep_scale=0
ATTR_RADIUS o=58 raw_norm=67.136537301642605 norm=0.13521073896378727 radius=0.13521073896378724 next_radius=0.13521073896378724 lambda=4.4794590629707089 next_lambda=4.4794590629707089 rho=0.36516686374358193 accept=1
CLASSICAL_LM o=58 lambda=4.4794590629707089 tau=4.4794590629707089 prediction=60.415302162345832 rho=0.36516686374358193 accept=1
  MFCG it  59 cost=1.861506e+06 lam=4.479e+00 tau=0.00e+00 cg_it=0 shift=0 ckpt=1 alpha=0 acc mv=201
PCG_PREP o=59 rebuild=1 drift=0 previous_depth=1
POINT_SAFE o=59 frozen=31 slope=-60.858437306840784 candidate=1861470.4308965055 original=1861501.8229502002 current=1861505.8145314059 won=1 mode=1 camera_scale=1 keep_scale=0
ATTR_RADIUS o=59 raw_norm=67.391665840722538 norm=0.13521073896378724 radius=0.13521073896378724 next_radius=0.13521073896378724 lambda=4.4794590629707089 next_lambda=4.4794590629707089 rho=0.5816233003838045 accept=1
CLASSICAL_LM o=59 lambda=4.4794590629707089 tau=4.4794590629707089 prediction=60.83599965319867 rho=0.5816233003838045 accept=1
  MFCG it  60 cost=1.861470e+06 lam=4.479e+00 tau=0.00e+00 cg_it=0 shift=0 ckpt=1 alpha=0 acc mv=203
PCG_PREP o=60 rebuild=1 drift=0 previous_depth=1
POINT_SAFE o=60 frozen=24 slope=-60.106534937134704 candidate=1861532.2898675625 original=1861467.2440839079 current=1861470.4308965055 won=0 mode=1 camera_scale=1 keep_scale=0
ATTR_RADIUS o=60 raw_norm=66.980097297986603 norm=0.033802684740946803 radius=0.13521073896378724 next_radius=0.03380268474094681 lambda=4.4794590629707089 next_lambda=71.671345007531343 rho=0.16616486592266869 accept=1
CLASSICAL_LM o=60 lambda=4.4794590629707089 tau=4.4794590629707089 prediction=19.178618656021261 rho=0.16616486592266869 accept=1
  MFCG it  61 cost=1.861467e+06 lam=7.167e+01 tau=0.00e+00 cg_it=0 shift=0 ckpt=1 alpha=0 acc mv=205
PCG_PREP o=61 rebuild=1 drift=0 previous_depth=1
ATTR_RADIUS o=61 raw_norm=6.0184077275430106 norm=0.033802684740946803 radius=0.03380268474094681 next_radius=0.03380268474094681 lambda=71.671345007531343 next_lambda=71.671345007531343 rho=0.73026529978189936 accept=1
CLASSICAL_LM o=61 lambda=71.671345007531343 tau=71.671345007531343 prediction=17.488723061510207 rho=0.73026529978189936 accept=1
  MFCG it  62 cost=1.861454e+06 lam=7.167e+01 tau=0.00e+00 cg_it=0 shift=0 ckpt=1 alpha=0 acc mv=207
PCG_PREP o=62 rebuild=1 drift=0 previous_depth=1
POINT_SAFE o=62 frozen=897 slope=-14.963451112885396 candidate=1861625.2705195174 original=1861454.3026729946 current=1861454.4726763186 won=0 mode=1 camera_scale=1 keep_scale=0
ATTR_RADIUS o=62 raw_norm=5.9758243819980219 norm=0.0021126677963091769 radius=0.03380268474094681 next_radius=0.0084506711852367026 lambda=71.671345007531343 next_lambda=1146.7415201205015 rho=0.18136649362373536 accept=1
CLASSICAL_LM o=62 lambda=71.671345007531343 tau=71.671345007531343 prediction=0.93734691922359237 rho=0.18136649362373536 accept=1
  MFCG it  63 cost=1.861454e+06 lam=1.147e+03 tau=0.00e+00 cg_it=0 shift=0 ckpt=1 alpha=0 acc mv=209
PCG_PREP o=63 rebuild=1 drift=0 previous_depth=1
ATTR_RADIUS o=63 raw_norm=0.38420488499337313 norm=0.0084506711852367061 radius=0.0084506711852367026 next_radius=0.0021126677963091756 lambda=1146.7415201205015 next_lambda=18347.864321928024 rho=0.23627089593784625 accept=1
CLASSICAL_LM o=63 lambda=1146.7415201205015 tau=1146.7415201205015 prediction=3.7450890496418698 rho=0.23627089593784625 accept=1
  MFCG it  64 cost=1.861453e+06 lam=1.835e+04 tau=0.00e+00 cg_it=0 shift=0 ckpt=1 alpha=0 acc mv=211
PCG_PREP o=64 rebuild=1 drift=0 previous_depth=1
ATTR_RADIUS o=64 raw_norm=0.024099085267024031 norm=0.0021126677963091748 radius=0.0021126677963091756 next_radius=0.0042253355926183513 lambda=18347.864321928024 next_lambda=4586.966080482006 rho=0.94470965590328848 accept=1
CLASSICAL_LM o=64 lambda=18347.864321928024 tau=18347.864321928024 prediction=0.93622607621082432 rho=0.94470965590328848 accept=1
  MFCG it  65 cost=1.861453e+06 lam=4.587e+03 tau=0.00e+00 cg_it=0 shift=0 ckpt=1 alpha=0 acc mv=213
PCG_PREP o=65 rebuild=1 drift=0 previous_depth=1
ATTR_RADIUS o=65 raw_norm=0.096302085268985108 norm=0.0042253355926183548 radius=0.0042253355926183513 next_radius=0.0084506711852367026 lambda=4586.966080482006 next_lambda=1146.7415201205015 rho=0.82542957407347906 accept=1
CLASSICAL_LM o=65 lambda=4586.966080482006 tau=4586.966080482006 prediction=1.8724835699201461 rho=0.82542957407347906 accept=1
  MFCG it  66 cost=1.861451e+06 lam=1.147e+03 tau=0.00e+00 cg_it=0 shift=0 ckpt=1 alpha=0 acc mv=215
PCG_PREP o=66 rebuild=1 drift=0 previous_depth=1
POINT_SAFE o=66 frozen=13639 slope=-3.7334127802519026 candidate=1861457.7224453914 original=1861450.7155011282 current=1861450.9877523195 won=0 mode=1 camera_scale=1 keep_scale=0
ATTR_RADIUS o=66 raw_norm=0.38425354005926488 norm=0.0021126677963091752 radius=0.0084506711852367026 next_radius=0.0084506711852367026 lambda=1146.7415201205015 next_lambda=114.67415201205016 rho=0.2915077755594791 accept=1
CLASSICAL_LM o=66 lambda=1146.7415201205015 tau=1146.7415201205015 prediction=0.93394143876145941 rho=0.2915077755594791 accept=1
  MFCG it  67 cost=1.861451e+06 lam=1.147e+02 tau=0.00e+00 cg_it=0 shift=0 ckpt=1 alpha=0 acc mv=217
PCG_PREP o=67 rebuild=1 drift=0 previous_depth=1
POINT_SAFE o=67 frozen=1614 slope=-3.7550737334855895 candidate=1861450.8120313748 original=1861449.8246170213 current=1861450.7155011282 won=0 mode=1 camera_scale=1 keep_scale=0
ATTR_RADIUS o=67 raw_norm=3.7758914329473936 norm=0.0042253355926183496 radius=0.0084506711852367026 next_radius=0.0084506711852367026 lambda=114.67415201205016 next_lambda=11.467415201205016 rho=0.46288166966419403 accept=1
CLASSICAL_LM o=67 lambda=114.67415201205016 tau=114.67415201205016 prediction=1.9246476267359696 rho=0.46288166966419403 accept=1
  MFCG: converged (OCA_FTOL: 8 outers < 1.0e-05 rel)
  [menu-backtrack] confirming stop with original retry policy at outer 68
  MFCG it  68 cost=1.861450e+06 lam=1.147e+01 tau=0.00e+00 cg_it=0 shift=0 ckpt=1 alpha=0 acc mv=219
PCG_PREP o=68 rebuild=1 drift=0 previous_depth=1
ATTR_RADIUS o=68 raw_norm=32.378190306306784 norm=0.0084506711852367147 radius=0.0084506711852367026 next_radius=0.0021126677963091756 lambda=11.467415201205016 next_lambda=183.47864321928026 rho=-1 accept=0
CLASSICAL_LM o=68 lambda=11.467415201205016 tau=11.467415201205016 prediction=4.5763365925579453 rho=-1 accept=0
  MFCG it  69  retry 1/8  lam=1.835e+02 tau_eff=1.147e+01  (assembly reused)
PCG_PREP o=68 rebuild=1 drift=0 previous_depth=1
ATTR_RADIUS o=68 raw_norm=2.3781159041900461 norm=0.0021126677963091761 radius=0.0021126677963091756 next_radius=0.0021126677963091756 lambda=183.47864321928026 next_lambda=183.47864321928026 rho=0.72109674932796275 accept=1
CLASSICAL_LM o=68 lambda=183.47864321928026 tau=183.47864321928026 prediction=0.98610749674383646 rho=0.72109674932796275 accept=1
  MFCG it  69 cost=1.861449e+06 lam=1.835e+02 tau=0.00e+00 cg_it=0 shift=0 ckpt=1 alpha=0 acc mv=223
PCG_PREP o=69 rebuild=1 drift=0 previous_depth=1
ATTR_RADIUS o=69 raw_norm=2.3612466881762217 norm=0.0021126677963091774 radius=0.0021126677963091756 next_radius=0.00052816694907729391 lambda=183.47864321928026 next_lambda=2935.6582915084841 rho=-1 accept=0
CLASSICAL_LM o=69 lambda=183.47864321928026 tau=183.47864321928026 prediction=0.94872208173211592 rho=-1 accept=0
  MFCG it  70  retry 1/8  lam=2.936e+03 tau_eff=1.835e+02  (assembly reused)
PCG_PREP o=69 rebuild=1 drift=0 previous_depth=1
ATTR_RADIUS o=69 raw_norm=0.14933342634152863 norm=0.00052816694907729402 radius=0.00052816694907729391 next_radius=0.00013204173726932348 lambda=2935.6582915084841 next_lambda=46970.532664135746 rho=-1 accept=0
CLASSICAL_LM o=69 lambda=2935.6582915084841 tau=2935.6582915084841 prediction=0.23310084414978088 rho=-1 accept=0
  MFCG it  70  retry 2/8  lam=4.697e+04 tau_eff=2.936e+03  (assembly reused)
PCG_PREP o=69 rebuild=1 drift=0 previous_depth=1
ATTR_RADIUS o=69 raw_norm=0.0093402962807229168 norm=0.00013204173726932351 radius=0.00013204173726932348 next_radius=3.3010434317330869e-05 lambda=46970.532664135746 next_lambda=751528.52262617194 rho=-1 accept=0
CLASSICAL_LM o=69 lambda=46970.532664135746 tau=46970.532664135746 prediction=0.058017882653947729 rho=-1 accept=0
  MFCG it  70  retry 3/8  lam=7.515e+05 tau_eff=4.697e+04  (assembly reused)
PCG_PREP o=69 rebuild=1 drift=0 previous_depth=1
ATTR_RADIUS o=69 raw_norm=0.00058379571858047812 norm=3.3010434317330876e-05 radius=3.3010434317330869e-05 next_radius=8.2526085793327174e-06 lambda=751528.52262617194 next_lambda=12024456.362018751 rho=-1 accept=0
CLASSICAL_LM o=69 lambda=751528.52262617194 tau=751528.52262617194 prediction=0.014488378572041801 rho=-1 accept=0
  MFCG it  70  retry 4/8  lam=1.202e+07 tau_eff=7.515e+05  (assembly reused)
PCG_PREP o=69 rebuild=1 drift=0 previous_depth=1
ATTR_RADIUS o=69 raw_norm=3.6487338671367546e-05 norm=8.252608579332714e-06 radius=8.2526085793327174e-06 next_radius=2.0631521448331793e-06 lambda=12024456.362018751 next_lambda=192391301.79230002 rho=-1 accept=0
CLASSICAL_LM o=69 lambda=12024456.362018751 tau=12024456.362018751 prediction=0.0036210888523023244 rho=-1 accept=0
  MFCG it  70  retry 5/8  lam=1.924e+08 tau_eff=1.202e+07  (assembly reused)
PCG_PREP o=69 rebuild=1 drift=0 previous_depth=1
ATTR_RADIUS o=69 raw_norm=2.2804590820404128e-06 norm=2.0631521448331806e-06 radius=2.0631521448331793e-06 next_radius=2.0631521448331793e-06 lambda=192391301.79230002 next_lambda=192391301.79230002 rho=0.68134874222078035 accept=1
CLASSICAL_LM o=69 lambda=192391301.79230002 tau=192391301.79230002 prediction=0.00090520935102143016 rho=0.68134874222078035 accept=1
  MFCG it  70 cost=1.861449e+06 lam=1.924e+08 tau=0.00e+00 cg_it=0 shift=0 ckpt=1 alpha=0 acc mv=235
PCG_PREP o=70 rebuild=1 drift=0 previous_depth=1
ATTR_RADIUS o=70 raw_norm=2.0755559890144809e-06 norm=2.063152144833181e-06 radius=2.0631521448331793e-06 next_radius=5.1578803620829484e-07 lambda=192391301.79230002 next_lambda=3078260828.6768003 rho=-1 accept=0
CLASSICAL_LM o=70 lambda=192391301.79230002 tau=192391301.79230002 prediction=0.00082387627055876644 rho=-1 accept=0
  MFCG it  71  retry 1/8  lam=3.078e+09 tau_eff=1.924e+08  (assembly reused)
PCG_PREP o=70 rebuild=1 drift=0 previous_depth=1
ATTR_RADIUS o=70 raw_norm=1.297222503578168e-07 norm=1.297222503578168e-07 radius=5.1578803620829484e-07 next_radius=5.1578803620829484e-07 lambda=3078260828.6768003 next_lambda=307826082.86768001 rho=0.69831436156995075 accept=1
CLASSICAL_LM o=70 lambda=3078260828.6768003 tau=3078260828.6768003 prediction=5.1801835638323085e-05 rho=0.69831436156995075 accept=1
  MFCG it  71 cost=1.861449e+06 lam=3.078e+08 tau=0.00e+00 cg_it=0 shift=0 ckpt=1 alpha=0 acc mv=239
PCG_PREP o=71 rebuild=1 drift=0 previous_depth=1
ATTR_RADIUS o=71 raw_norm=1.0936794147245741e-06 norm=5.1578803620829505e-07 radius=5.1578803620829484e-07 next_radius=1.2894700905207371e-07 lambda=307826082.86768001 next_lambda=4925217325.8828802 rho=-1 accept=0
CLASSICAL_LM o=71 lambda=307826082.86768001 tau=307826082.86768001 prediction=0.00017365968852900101 rho=-1 accept=0
  MFCG it  72  retry 1/8  lam=4.925e+09 tau_eff=3.078e+08  (assembly reused)
PCG_PREP o=71 rebuild=1 drift=0 previous_depth=1
ATTR_RADIUS o=71 raw_norm=6.8354963929309629e-08 norm=6.8354963929309629e-08 radius=1.2894700905207371e-07 next_radius=1.2894700905207371e-07 lambda=4925217325.8828802 next_lambda=492521732.58828807 rho=0.79974268727128639 accept=1
CLASSICAL_LM o=71 lambda=4925217325.8828802 tau=4925217325.8828802 prediction=2.3013397949718125e-05 rho=0.79974268727128639 accept=1
  MFCG it  72 cost=1.861449e+06 lam=4.925e+08 tau=0.00e+00 cg_it=0 shift=0 ckpt=1 alpha=0 acc mv=243
PCG_PREP o=72 rebuild=1 drift=0 previous_depth=1
ATTR_RADIUS o=72 raw_norm=6.7848173257531966e-07 norm=1.2894700905207368e-07 radius=1.2894700905207371e-07 next_radius=1.2894700905207371e-07 lambda=492521732.58828807 next_lambda=492521732.58828807 rho=0.64140149899578613 accept=1
CLASSICAL_LM o=72 lambda=492521732.58828807 tau=492521732.58828807 prediction=4.3097889608503912e-05 rho=0.64140149899578613 accept=1
  MFCG it  73 cost=1.861449e+06 lam=4.925e+08 tau=0.00e+00 cg_it=0 shift=0 ckpt=1 alpha=0 acc mv=245
PCG_PREP o=73 rebuild=1 drift=0 previous_depth=1
ATTR_RADIUS o=73 raw_norm=8.1014470365007612e-07 norm=1.2894700905207374e-07 radius=1.2894700905207371e-07 next_radius=1.2894700905207371e-07 lambda=492521732.58828807 next_lambda=492521732.58828807 rho=0.70657184297506315 accept=1
CLASSICAL_LM o=73 lambda=492521732.58828807 tau=492521732.58828807 prediction=5.1459731699908389e-05 rho=0.70657184297506315 accept=1
  MFCG it  74 cost=1.861449e+06 lam=4.925e+08 tau=0.00e+00 cg_it=0 shift=0 ckpt=1 alpha=0 acc mv=247
PCG_PREP o=74 rebuild=1 drift=0 previous_depth=1
ATTR_RADIUS o=74 raw_norm=6.7472623842534889e-07 norm=1.2894700905207371e-07 radius=1.2894700905207371e-07 next_radius=1.2894700905207371e-07 lambda=492521732.58828807 next_lambda=492521732.58828807 rho=0.65226658897324707 accept=1
CLASSICAL_LM o=74 lambda=492521732.58828807 tau=492521732.58828807 prediction=4.285938146377e-05 rho=0.65226658897324707 accept=1
  MFCG it  75 cost=1.861449e+06 lam=4.925e+08 tau=0.00e+00 cg_it=0 shift=0 ckpt=1 alpha=0 acc mv=249
PCG_PREP o=75 rebuild=1 drift=0 previous_depth=1
ATTR_RADIUS o=75 raw_norm=8.0880587914607065e-07 norm=1.2894700905207374e-07 radius=1.2894700905207371e-07 next_radius=1.2894700905207371e-07 lambda=492521732.58828807 next_lambda=492521732.58828807 rho=0.7030279682136269 accept=1
CLASSICAL_LM o=75 lambda=492521732.58828807 tau=492521732.58828807 prediction=5.1374703752655692e-05 rho=0.7030279682136269 accept=1
  MFCG: converged (OCA_FTOL: 8 outers < 1.0e-05 rel)
W8_BOUNDARY outer=75 cost=1861449.1127386922 seconds=4.4838079320000004 lambda=492521732.58828807 radius=1.2894700905207371e-07 ratio=6.2723896047828767
  MFCG it  76 cost=1.861449e+06 lam=4.925e+08 tau=0.00e+00 cg_it=0 shift=0 ckpt=1 alpha=0 acc mv=251
PCG_PREP o=76 rebuild=1 drift=0 previous_depth=1
W8_ROOT attempt=97 outer=76 lambda=492521732.58828807 next=3462248219.0489955 raw=6.7983784709775449e-07 radius=1.2894700905207371e-07
PCG_PREP o=76 rebuild=1 drift=0 previous_depth=1
ATTR_RADIUS o=76 raw_norm=9.6710257010512277e-08 norm=9.6710257010512277e-08 radius=1.2894700905207371e-07 next_radius=1.2894700905207371e-07 lambda=3462248219.0489955 next_lambda=346224821.9048996 rho=0.72562401652961184 accept=1
CLASSICAL_LM o=76 lambda=3462248219.0489955 tau=3462248219.0489955 prediction=3.2383116482088709e-05 rho=0.72562401652961184 accept=1
W8_PROGRESS outer=76 phase=1 cost=1861449.1127151942 gain=1.2623480754146245e-11
  MFCG it  77 cost=1.861449e+06 lam=3.462e+08 tau=0.00e+00 cg_it=0 shift=0 ckpt=1 alpha=0 acc mv=255
PCG_PREP o=77 rebuild=1 drift=0 previous_depth=1
GEODESIC attempt=99 outer=77 accepts_before=77 cg=1 products=2 relative=9.9227697337113099e-17 certified=1 cutoff=0 guard=2.9846618257565345e-09 admitted=1 won=0 cost=1861449.1126862594 prediction=4.8017717135852436e-05 rho=0.60258581905462605 seconds=0.01911811
ATTR_RADIUS o=77 raw_norm=1.0752961412407646e-06 norm=1.2894700905207363e-07 radius=1.2894700905207371e-07 next_radius=1.2894700905207371e-07 lambda=346224821.9048996 next_lambda=346224821.9048996 rho=0.60258581905629383 accept=1
CLASSICAL_LM o=77 lambda=346224821.9048996 tau=346224821.9048996 prediction=4.8017717135719539e-05 rho=0.60258581905629383 accept=1
W8_PROGRESS outer=77 phase=2 cost=1861449.1126862594 gain=2.816771197240938e-11
  MFCG it  78 cost=1.861449e+06 lam=3.462e+08 tau=0.00e+00 cg_it=0 shift=0 ckpt=1 alpha=0 acc mv=259
PCG_PREP o=78 rebuild=1 drift=0 previous_depth=1
GEODESIC attempt=100 outer=78 accepts_before=78 cg=1 products=2 relative=1.0424403856251408e-16 certified=1 cutoff=0 guard=2.8409840005380035e-09 admitted=1 won=0 cost=1861449.1126534091 prediction=5.0270487343082208e-05 rho=0.65347105389239268 seconds=0.01903912
ATTR_RADIUS o=78 raw_norm=1.125757261239958e-06 norm=1.2894700905207374e-07 radius=1.2894700905207371e-07 next_radius=1.2894700905207371e-07 lambda=346224821.9048996 next_lambda=346224821.9048996 rho=0.65347568544734103 accept=1
CLASSICAL_LM o=78 lambda=346224821.9048996 tau=346224821.9048996 prediction=5.0270487343264686e-05 rho=0.65347568544734103 accept=1
W8_PROGRESS outer=78 phase=2 cost=1861449.1126534089 gain=4.5815543948906336e-11
W8_EXHAUSTED outer=78 gain=4.5815543948906336e-11
  MFCG: accepts=79 rejects=20 total_matvecs=263 negcurv=1 cand_evals=101 mean_cg_per_outer=3.3
NUMERIC_REPAIR summary rebuilds=1 floor=2.6073883421315744e-06
  [retry-cache] builds=101 reuses=0
  [menu-backtrack] trials=63 rescues=55 evals=430 total_scored=531
POINT_SAFE summary calls=63 evals=63 wins=31 frozen=59258 seconds=0.75001809
  [scoring] menu_evals=101 alpha_evals=0 backtrack_evals=430 total_scored=531
RESULT algo=mfree_shifted_cg iters=79 final_cost=1861449.1126534089 solve_seconds=4.659242
DIAGNOSTICS median_reproj_err_px 2.704502 -> 0.557572 | cheirality_violations(obs) 751 -> 759 | cheirality_violations(pts, of 310854) 725 -> 731
