  [menu-backtrack] active=1 max_evals=8 warmup_accepts=3 confirm_stop=original armijo=1e-4
MIXED_STORAGE fragments=fp32 arithmetic=fp64 state=fp64 acceptance=fp64
  [compact-fragments] active=2 saved_bytes=36105992 storage=fp32 camera_reads=contiguous
  MFCG score_init=11152062.772762472 precision=fp64
PCG_PREP o=0 rebuild=1 drift=0 previous_depth=0
ATTR_RADIUS o=0 raw_norm=3225.3525896296669 norm=3225.3525896296669 radius=3225.3525896296669 next_radius=6450.7051792593338 lambda=0.10000000000000001 next_lambda=0.025000000000000001 rho=0.99997438839510666 accept=1
CLASSICAL_LM o=0 lambda=0.10000000000000001 tau=0.10000000000000001 prediction=8877594.9877400436 rho=0.99997438839510666 accept=1
  MFCG it   1 cost=2.274695e+06 lam=2.500e-02 tau=0.00e+00 cg_it=0 shift=0 ckpt=1 alpha=0 acc mv=2
PCG_PREP o=1 rebuild=1 drift=0 previous_depth=1
ATTR_RADIUS o=1 raw_norm=2725.1440498078578 norm=2725.1440498078578 radius=6450.7051792593338 next_radius=6450.7051792593338 lambda=0.025000000000000001 next_lambda=0.0025000000000000005 rho=0.99701845569054881 accept=1
CLASSICAL_LM o=1 lambda=0.025000000000000001 tau=0.025000000000000001 prediction=770789.73816058401 rho=0.99701845569054881 accept=1
  MFCG it   2 cost=1.506204e+06 lam=2.500e-03 tau=0.00e+00 cg_it=4 shift=0 ckpt=5 alpha=0 acc mv=8
PCG_PREP o=2 rebuild=1 drift=0 previous_depth=5
ATTR_RADIUS o=2 raw_norm=9578.8535291646676 norm=6450.7051792593338 radius=6450.7051792593338 next_radius=12901.410358518668 lambda=0.0025000000000000005 next_lambda=0.00062500000000000012 rho=0.99788045990933216 accept=1
CLASSICAL_LM o=2 lambda=0.0025000000000000005 tau=0.0025000000000000005 prediction=379875.54087330506 rho=0.99788045990933216 accept=1
  MFCG it   3 cost=1.127133e+06 lam=6.250e-04 tau=0.00e+00 cg_it=6 shift=0 ckpt=7 alpha=0 acc mv=16
PCG_PREP o=3 rebuild=1 drift=0 previous_depth=7
ATTR_RADIUS o=3 raw_norm=20859.307736757113 norm=12901.410358518662 radius=12901.410358518668 next_radius=25802.820717037335 lambda=0.00062500000000000012 next_lambda=0.00015625000000000003 rho=1.0093969216306169 accept=1
CLASSICAL_LM o=3 lambda=0.00062500000000000012 tau=0.00062500000000000012 prediction=304236.92171974113 rho=1.0093969216306169 accept=1
  MFCG it   4 cost=8.200374e+05 lam=1.563e-04 tau=0.00e+00 cg_it=5 shift=0 ckpt=6 alpha=0 acc mv=23
PCG_PREP o=4 rebuild=1 drift=0 previous_depth=6
ATTR_RADIUS o=4 raw_norm=36747.144697779891 norm=25802.820717037339 radius=25802.820717037335 next_radius=51605.641434074671 lambda=0.00015625000000000003 next_lambda=3.9062500000000008e-05 rho=0.98437153824873502 accept=1
CLASSICAL_LM o=4 lambda=0.00015625000000000003 tau=0.00015625000000000003 prediction=327617.41562938446 rho=0.98437153824873502 accept=1
  MFCG it   5 cost=4.975401e+05 lam=3.906e-05 tau=0.00e+00 cg_it=8 shift=0 ckpt=9 alpha=0 acc mv=33
PCG_PREP o=5 rebuild=1 drift=0 previous_depth=9
POINT_SAFE o=5 frozen=1464 slope=-317535.16442719678 candidate=381890.57166168425 original=373473.48944203032 current=497540.10902925674 won=0 mode=1 camera_scale=1 keep_scale=0
ATTR_RADIUS o=5 raw_norm=37463.3399079757 norm=18731.66995398785 radius=51605.641434074671 next_radius=51605.641434074671 lambda=3.9062500000000008e-05 next_lambda=3.9062500000000009e-06 rho=0.96839028987182407 accept=1
CLASSICAL_LM o=5 lambda=3.9062500000000008e-05 tau=3.9062500000000008e-05 prediction=128116.33995591576 rho=0.96839028987182407 accept=1
  MFCG it   6 cost=3.734735e+05 lam=3.906e-06 tau=0.00e+00 cg_it=6 shift=0 ckpt=7 alpha=0 acc mv=41
PCG_PREP o=6 rebuild=1 drift=0 previous_depth=7
POINT_SAFE o=6 frozen=670 slope=-179589.07888156548 candidate=403764.26284911385 original=368581.36632715352 current=373473.48944203032 won=0 mode=1 camera_scale=1 keep_scale=0
ATTR_RADIUS o=6 raw_norm=50229.773444646133 norm=50229.773444646133 radius=51605.641434074671 next_radius=12901.410358518668 lambda=3.9062500000000009e-06 next_lambda=6.2500000000000015e-05 rho=0.067438166243662515 accept=0
CLASSICAL_LM o=6 lambda=3.9062500000000009e-06 tau=3.9062500000000009e-06 prediction=72542.350828475173 rho=0.067438166243662515 accept=0
  MFCG it   7  retry 1/8  lam=6.250e-05 tau_eff=3.906e-06  (assembly reused)
PCG_PREP o=6 rebuild=1 drift=0 previous_depth=6
ATTR_RADIUS o=6 raw_norm=19848.981244422626 norm=12901.410358518666 radius=12901.410358518668 next_radius=25802.820717037335 lambda=6.2500000000000015e-05 next_lambda=1.5625000000000004e-05 rho=0.88264653986726194 accept=1
CLASSICAL_LM o=6 lambda=6.2500000000000015e-05 tau=6.2500000000000015e-05 prediction=68725.645273897942 rho=0.88264653986726194 accept=1
  MFCG it   7 cost=3.128130e+05 lam=1.563e-05 tau=0.00e+00 cg_it=5 shift=0 ckpt=6 alpha=0 acc mv=55
PCG_PREP o=7 rebuild=1 drift=0 previous_depth=6
POINT_SAFE o=7 frozen=179 slope=-71080.717812362942 candidate=285659.1139122906 original=290316.65931589989 current=312813.03644087946 won=1 mode=1 camera_scale=1 keep_scale=0
ATTR_RADIUS o=7 raw_norm=22599.899294860694 norm=22599.89929486069 radius=25802.820717037335 next_radius=25802.820717037335 lambda=1.5625000000000004e-05 next_lambda=1.5625000000000004e-05 rho=0.69104537796157506 accept=1
CLASSICAL_LM o=7 lambda=1.5625000000000004e-05 tau=1.5625000000000004e-05 prediction=39293.978940553337 rho=0.69104537796157506 accept=1
  MFCG it   8 cost=2.856591e+05 lam=1.563e-05 tau=0.00e+00 cg_it=5 shift=0 ckpt=6 alpha=0 acc mv=62
PCG_PREP o=8 rebuild=1 drift=0 previous_depth=6
POINT_SAFE o=8 frozen=172 slope=-35253.060106673955 candidate=271070.72846445936 original=280479.49378083041 current=285659.1139122906 won=1 mode=1 camera_scale=1 keep_scale=0
ATTR_RADIUS o=8 raw_norm=7069.9009289285605 norm=7069.9009289285605 radius=25802.820717037335 next_radius=25802.820717037335 lambda=1.5625000000000004e-05 next_lambda=1.5625000000000005e-06 rho=0.81451527096846665 accept=1
CLASSICAL_LM o=8 lambda=1.5625000000000004e-05 tau=1.5625000000000004e-05 prediction=17910.511893147821 rho=0.81451527096846665 accept=1
  MFCG it   9 cost=2.710707e+05 lam=1.563e-06 tau=0.00e+00 cg_it=0 shift=0 ckpt=1 alpha=0 acc mv=64
PCG_PREP o=9 rebuild=1 drift=0 previous_depth=1
POINT_SAFE o=9 frozen=444 slope=-15079.095484926818 candidate=301858.80536755576 original=265559.84761621477 current=271070.72846445936 won=0 mode=1 camera_scale=1 keep_scale=0
ATTR_RADIUS o=9 raw_norm=35180.446891456275 norm=3225.3525896296678 radius=25802.820717037335 next_radius=25802.820717037335 lambda=1.5625000000000005e-06 next_lambda=1.5625000000000007e-07 rho=1.5016455009791465 accept=1
CLASSICAL_LM o=9 lambda=1.5625000000000005e-06 tau=1.5625000000000005e-06 prediction=3669.8946886273925 rho=1.5016455009791465 accept=1
  MFCG it  10 cost=2.655598e+05 lam=1.563e-07 tau=0.00e+00 cg_it=1 shift=0 ckpt=2 alpha=0 acc mv=67
PCG_PREP o=10 rebuild=1 drift=0 previous_depth=2
POINT_SAFE o=10 frozen=296 slope=-17400.103619969494 candidate=291982.35307140666 original=262360.05805128993 current=265559.84761621477 won=0 mode=1 camera_scale=1 keep_scale=0
ATTR_RADIUS o=10 raw_norm=43906.178273557074 norm=6450.7051792593338 radius=25802.820717037335 next_radius=25802.820717037335 lambda=1.5625000000000007e-07 next_lambda=1.5625000000000006e-08 rho=0.62242884817790722 accept=1
CLASSICAL_LM o=10 lambda=1.5625000000000007e-07 tau=1.5625000000000007e-07 prediction=5140.8117960661275 rho=0.62242884817790722 accept=1
  MFCG it  11 cost=2.623601e+05 lam=1.563e-08 tau=0.00e+00 cg_it=1 shift=0 ckpt=2 alpha=0 acc mv=70
PCG_PREP o=11 rebuild=1 drift=0 previous_depth=2
POINT_SAFE o=11 frozen=497 slope=-19031.836314622415 candidate=262959.39383763884 original=258725.36855024923 current=262360.05805128993 won=0 mode=1 camera_scale=1 keep_scale=0
ATTR_RADIUS o=11 raw_norm=15181.982766881454 norm=7590.9913834407271 radius=25802.820717037335 next_radius=25802.820717037335 lambda=1.5625000000000006e-08 next_lambda=1.5625000000000008e-09 rho=0.5018696734002045 accept=1
CLASSICAL_LM o=11 lambda=1.5625000000000006e-08 tau=1.5625000000000006e-08 prediction=7242.2975399477909 rho=0.5018696734002045 accept=1
  MFCG it  12 cost=2.587254e+05 lam=1.563e-09 tau=0.00e+00 cg_it=0 shift=0 ckpt=1 alpha=0 acc mv=72
PCG_PREP o=12 rebuild=1 drift=0 previous_depth=1
POINT_SAFE o=12 frozen=126 slope=-14016.754051108501 candidate=262002.09954241611 original=257432.90834119281 current=258725.36855024923 won=0 mode=1 camera_scale=1 keep_scale=0
ATTR_RADIUS o=12 raw_norm=15538.377616078495 norm=7769.1888080392464 radius=25802.820717037335 next_radius=6450.7051792593338 lambda=1.5625000000000008e-09 next_lambda=2.5000000000000012e-08 rho=0.2358359563248647 accept=1
CLASSICAL_LM o=12 lambda=1.5625000000000008e-09 tau=1.5625000000000008e-09 prediction=5480.3356926458118 rho=0.2358359563248647 accept=1
  MFCG it  13 cost=2.574329e+05 lam=2.500e-08 tau=0.00e+00 cg_it=0 shift=0 ckpt=1 alpha=0 acc mv=74
PCG_PREP o=13 rebuild=1 drift=0 previous_depth=1
ATTR_RADIUS o=13 raw_norm=15523.934583996039 norm=6450.7051792593311 radius=6450.7051792593338 next_radius=6450.7051792593338 lambda=2.5000000000000012e-08 next_lambda=2.5000000000000012e-08 rho=0.47327372475890594 accept=1
CLASSICAL_LM o=13 lambda=2.5000000000000012e-08 tau=2.5000000000000012e-08 prediction=4871.0557484313458 rho=0.47327372475890594 accept=1
  MFCG it  14 cost=2.551276e+05 lam=2.500e-08 tau=0.00e+00 cg_it=0 shift=0 ckpt=1 alpha=0 acc mv=76
PCG_PREP o=14 rebuild=1 drift=0 previous_depth=1
ATTR_RADIUS o=14 raw_norm=16033.27177191786 norm=6450.7051792593329 radius=6450.7051792593338 next_radius=6450.7051792593338 lambda=2.5000000000000012e-08 next_lambda=2.5000000000000012e-08 rho=0.38289164372206203 accept=1
CLASSICAL_LM o=14 lambda=2.5000000000000012e-08 tau=2.5000000000000012e-08 prediction=3167.8571653286226 rho=0.38289164372206203 accept=1
  MFCG it  15 cost=2.539146e+05 lam=2.500e-08 tau=0.00e+00 cg_it=0 shift=0 ckpt=1 alpha=0 acc mv=78
PCG_PREP o=15 rebuild=1 drift=0 previous_depth=1
ATTR_RADIUS o=15 raw_norm=16480.949608425482 norm=6450.7051792593338 radius=6450.7051792593338 next_radius=6450.7051792593338 lambda=2.5000000000000012e-08 next_lambda=2.5000000000000012e-08 rho=0.28662879390112023 accept=1
CLASSICAL_LM o=15 lambda=2.5000000000000012e-08 tau=2.5000000000000012e-08 prediction=2477.9428320129473 rho=0.28662879390112023 accept=1
  MFCG it  16 cost=2.532044e+05 lam=2.500e-08 tau=0.00e+00 cg_it=0 shift=0 ckpt=1 alpha=0 acc mv=80
PCG_PREP o=16 rebuild=1 drift=0 previous_depth=1
ATTR_RADIUS o=16 raw_norm=16889.008905529685 norm=6450.7051792593329 radius=6450.7051792593338 next_radius=1612.6762948148335 lambda=2.5000000000000012e-08 next_lambda=4.0000000000000019e-07 rho=0.18902762785429075 accept=1
CLASSICAL_LM o=16 lambda=2.5000000000000012e-08 tau=2.5000000000000012e-08 prediction=2160.1963521010498 rho=0.18902762785429075 accept=1
  MFCG it  17 cost=2.527960e+05 lam=4.000e-07 tau=0.00e+00 cg_it=0 shift=0 ckpt=1 alpha=0 acc mv=82
PCG_PREP o=17 rebuild=1 drift=0 previous_depth=1
ATTR_RADIUS o=17 raw_norm=14617.443650443351 norm=1612.6762948148344 radius=1612.6762948148335 next_radius=3225.3525896296669 lambda=4.0000000000000019e-07 next_lambda=1.0000000000000005e-07 rho=0.79757472759455128 accept=1
CLASSICAL_LM o=17 lambda=4.0000000000000019e-07 tau=4.0000000000000019e-07 prediction=764.34639235167481 rho=0.79757472759455128 accept=1
  MFCG it  18 cost=2.521864e+05 lam=1.000e-07 tau=0.00e+00 cg_it=0 shift=0 ckpt=1 alpha=0 acc mv=84
PCG_PREP o=18 rebuild=1 drift=0 previous_depth=1
ATTR_RADIUS o=18 raw_norm=16964.742386093611 norm=3225.3525896296655 radius=3225.3525896296669 next_radius=3225.3525896296669 lambda=1.0000000000000005e-07 next_lambda=1.0000000000000005e-07 rho=0.49400590864712784 accept=1
CLASSICAL_LM o=18 lambda=1.0000000000000005e-07 tau=1.0000000000000005e-07 prediction=941.95478891493701 rho=0.49400590864712784 accept=1
  MFCG it  19 cost=2.517211e+05 lam=1.000e-07 tau=0.00e+00 cg_it=0 shift=0 ckpt=1 alpha=0 acc mv=86
PCG_PREP o=19 rebuild=1 drift=0 previous_depth=1
ATTR_RADIUS o=19 raw_norm=17469.380556029675 norm=3225.3525896296687 radius=3225.3525896296669 next_radius=3225.3525896296669 lambda=1.0000000000000005e-07 next_lambda=1.0000000000000005e-07 rho=0.46605285751298536 accept=1
CLASSICAL_LM o=19 lambda=1.0000000000000005e-07 tau=1.0000000000000005e-07 prediction=812.56729245537281 rho=0.46605285751298536 accept=1
  MFCG it  20 cost=2.513424e+05 lam=1.000e-07 tau=0.00e+00 cg_it=0 shift=0 ckpt=1 alpha=0 acc mv=88
PCG_PREP o=20 rebuild=1 drift=0 previous_depth=1
ATTR_RADIUS o=20 raw_norm=17896.352786246935 norm=3225.3525896296674 radius=3225.3525896296669 next_radius=3225.3525896296669 lambda=1.0000000000000005e-07 next_lambda=1.0000000000000005e-07 rho=0.43515746642962733 accept=1
CLASSICAL_LM o=20 lambda=1.0000000000000005e-07 tau=1.0000000000000005e-07 prediction=711.49353928516712 rho=0.43515746642962733 accept=1
  MFCG it  21 cost=2.510328e+05 lam=1.000e-07 tau=0.00e+00 cg_it=0 shift=0 ckpt=1 alpha=0 acc mv=90
PCG_PREP o=21 rebuild=1 drift=0 previous_depth=1
ATTR_RADIUS o=21 raw_norm=18274.916615157978 norm=3225.3525896296683 radius=3225.3525896296669 next_radius=3225.3525896296669 lambda=1.0000000000000005e-07 next_lambda=1.0000000000000005e-07 rho=0.40550664272291459 accept=1
CLASSICAL_LM o=21 lambda=1.0000000000000005e-07 tau=1.0000000000000005e-07 prediction=634.79911470736351 rho=0.40550664272291459 accept=1
  MFCG it  22 cost=2.507754e+05 lam=1.000e-07 tau=0.00e+00 cg_it=0 shift=0 ckpt=1 alpha=0 acc mv=92
PCG_PREP o=22 rebuild=1 drift=0 previous_depth=1
ATTR_RADIUS o=22 raw_norm=18608.366275701086 norm=3225.3525896296683 radius=3225.3525896296669 next_radius=3225.3525896296669 lambda=1.0000000000000005e-07 next_lambda=1.0000000000000005e-07 rho=0.37708795595712519 accept=1
CLASSICAL_LM o=22 lambda=1.0000000000000005e-07 tau=1.0000000000000005e-07 prediction=575.78318842609542 rho=0.37708795595712519 accept=1
  MFCG it  23 cost=2.505582e+05 lam=1.000e-07 tau=0.00e+00 cg_it=0 shift=0 ckpt=1 alpha=0 acc mv=94
PCG_PREP o=23 rebuild=1 drift=0 previous_depth=1
ATTR_RADIUS o=23 raw_norm=18900.19477147251 norm=3225.3525896296669 radius=3225.3525896296669 next_radius=3225.3525896296669 lambda=1.0000000000000005e-07 next_lambda=1.0000000000000005e-07 rho=0.34998158070738017 accept=1
CLASSICAL_LM o=23 lambda=1.0000000000000005e-07 tau=1.0000000000000005e-07 prediction=529.84737150097408 rho=0.34998158070738017 accept=1
  MFCG it  24 cost=2.503728e+05 lam=1.000e-07 tau=0.00e+00 cg_it=0 shift=0 ckpt=1 alpha=0 acc mv=96
PCG_PREP o=24 rebuild=1 drift=0 previous_depth=1
ATTR_RADIUS o=24 raw_norm=19155.716605414604 norm=3225.3525896296669 radius=3225.3525896296669 next_radius=3225.3525896296669 lambda=1.0000000000000005e-07 next_lambda=1.0000000000000005e-07 rho=0.32429484852432661 accept=1
CLASSICAL_LM o=24 lambda=1.0000000000000005e-07 tau=1.0000000000000005e-07 prediction=493.80022439833033 rho=0.32429484852432661 accept=1
  MFCG it  25 cost=2.502127e+05 lam=1.000e-07 tau=0.00e+00 cg_it=0 shift=0 ckpt=1 alpha=0 acc mv=98
PCG_PREP o=25 rebuild=1 drift=0 previous_depth=1
ATTR_RADIUS o=25 raw_norm=19378.764794944724 norm=3225.3525896296669 radius=3225.3525896296669 next_radius=3225.3525896296669 lambda=1.0000000000000005e-07 next_lambda=1.0000000000000005e-07 rho=0.30016697690839872 accept=1
CLASSICAL_LM o=25 lambda=1.0000000000000005e-07 tau=1.0000000000000005e-07 prediction=465.37712516003592 rho=0.30016697690839872 accept=1
  MFCG it  26 cost=2.500730e+05 lam=1.000e-07 tau=0.00e+00 cg_it=0 shift=0 ckpt=1 alpha=0 acc mv=100
PCG_PREP o=26 rebuild=1 drift=0 previous_depth=1
ATTR_RADIUS o=26 raw_norm=19565.381465953196 norm=3225.3525896296655 radius=3225.3525896296669 next_radius=3225.3525896296669 lambda=1.0000000000000005e-07 next_lambda=1.0000000000000005e-07 rho=0.27774025446322986 accept=1
CLASSICAL_LM o=26 lambda=1.0000000000000005e-07 tau=1.0000000000000005e-07 prediction=442.93610610886509 rho=0.27774025446322986 accept=1
  MFCG it  27 cost=2.499499e+05 lam=1.000e-07 tau=0.00e+00 cg_it=0 shift=0 ckpt=1 alpha=0 acc mv=102
PCG_PREP o=27 rebuild=1 drift=0 previous_depth=1
ATTR_RADIUS o=27 raw_norm=19693.844783052678 norm=3225.3525896296669 radius=3225.3525896296669 next_radius=3225.3525896296669 lambda=1.0000000000000005e-07 next_lambda=1.0000000000000005e-07 rho=0.25688143715944817 accept=1
CLASSICAL_LM o=27 lambda=1.0000000000000005e-07 tau=1.0000000000000005e-07 prediction=425.08255135708856 rho=0.25688143715944817 accept=1
  MFCG it  28 cost=2.498407e+05 lam=1.000e-07 tau=0.00e+00 cg_it=0 shift=0 ckpt=1 alpha=0 acc mv=104
PCG_PREP o=28 rebuild=1 drift=0 previous_depth=1
ATTR_RADIUS o=28 raw_norm=19802.553960903042 norm=3225.3525896296674 radius=3225.3525896296669 next_radius=806.33814740741673 lambda=1.0000000000000005e-07 next_lambda=1.6000000000000008e-06 rho=0.23753425971147524 accept=1
CLASSICAL_LM o=28 lambda=1.0000000000000005e-07 tau=1.0000000000000005e-07 prediction=410.84574950952094 rho=0.23753425971147524 accept=1
  MFCG it  29 cost=2.497432e+05 lam=1.600e-06 tau=0.00e+00 cg_it=0 shift=0 ckpt=1 alpha=0 acc mv=106
PCG_PREP o=29 rebuild=1 drift=0 previous_depth=1
ATTR_RADIUS o=29 raw_norm=4420.1280506714056 norm=806.33814740741673 radius=806.33814740741673 next_radius=1612.6762948148335 lambda=1.6000000000000008e-06 next_lambda=4.0000000000000019e-07 rho=0.92638583383851425 accept=1
CLASSICAL_LM o=29 lambda=1.6000000000000008e-06 tau=1.6000000000000008e-06 prediction=415.01832683945401 rho=0.92638583383851425 accept=1
  MFCG it  30 cost=2.493587e+05 lam=4.000e-07 tau=0.00e+00 cg_it=0 shift=0 ckpt=1 alpha=0 acc mv=108
PCG_PREP o=30 rebuild=1 drift=0 previous_depth=1
ATTR_RADIUS o=30 raw_norm=12507.81257367197 norm=1612.676294814833 radius=1612.6762948148335 next_radius=1612.6762948148335 lambda=4.0000000000000019e-07 next_lambda=4.0000000000000019e-07 rho=0.69548265819004318 accept=1
CLASSICAL_LM o=30 lambda=4.0000000000000019e-07 tau=4.0000000000000019e-07 prediction=231.73730337816306 rho=0.69548265819004318 accept=1
  MFCG it  31 cost=2.491975e+05 lam=4.000e-07 tau=0.00e+00 cg_it=0 shift=0 ckpt=1 alpha=0 acc mv=110
PCG_PREP o=31 rebuild=1 drift=0 previous_depth=1
ATTR_RADIUS o=31 raw_norm=12683.063201506229 norm=1612.6762948148339 radius=1612.6762948148335 next_radius=1612.6762948148335 lambda=4.0000000000000019e-07 next_lambda=4.0000000000000019e-07 rho=0.68823978899693716 accept=1
CLASSICAL_LM o=31 lambda=4.0000000000000019e-07 tau=4.0000000000000019e-07 prediction=203.34508961525989 rho=0.68823978899693716 accept=1
  MFCG it  32 cost=2.490576e+05 lam=4.000e-07 tau=0.00e+00 cg_it=0 shift=0 ckpt=1 alpha=0 acc mv=112
PCG_PREP o=32 rebuild=1 drift=0 previous_depth=1
ATTR_RADIUS o=32 raw_norm=12867.190371300851 norm=1612.6762948148332 radius=1612.6762948148335 next_radius=1612.6762948148335 lambda=4.0000000000000019e-07 next_lambda=4.0000000000000019e-07 rho=0.68142621456039676 accept=1
CLASSICAL_LM o=32 lambda=4.0000000000000019e-07 tau=4.0000000000000019e-07 prediction=179.68015879425076 rho=0.68142621456039676 accept=1
  MFCG it  33 cost=2.489351e+05 lam=4.000e-07 tau=0.00e+00 cg_it=0 shift=0 ckpt=1 alpha=0 acc mv=114
PCG_PREP o=33 rebuild=1 drift=0 previous_depth=1
ATTR_RADIUS o=33 raw_norm=13049.838365613079 norm=1612.6762948148341 radius=1612.6762948148335 next_radius=1612.6762948148335 lambda=4.0000000000000019e-07 next_lambda=4.0000000000000019e-07 rho=0.67574910287351975 accept=1
CLASSICAL_LM o=33 lambda=4.0000000000000019e-07 tau=4.0000000000000019e-07 prediction=160.29193274668441 rho=0.67574910287351975 accept=1
  MFCG it  34 cost=2.488268e+05 lam=4.000e-07 tau=0.00e+00 cg_it=0 shift=0 ckpt=1 alpha=0 acc mv=116
PCG_PREP o=34 rebuild=1 drift=0 previous_depth=1
ATTR_RADIUS o=34 raw_norm=13224.934328414911 norm=1612.6762948148332 radius=1612.6762948148335 next_radius=1612.6762948148335 lambda=4.0000000000000019e-07 next_lambda=4.0000000000000019e-07 rho=0.67111406298675502 accept=1
CLASSICAL_LM o=34 lambda=4.0000000000000019e-07 tau=4.0000000000000019e-07 prediction=144.29076248385451 rho=0.67111406298675502 accept=1
  MFCG it  35 cost=2.487300e+05 lam=4.000e-07 tau=0.00e+00 cg_it=0 shift=0 ckpt=1 alpha=0 acc mv=118
PCG_PREP o=35 rebuild=1 drift=0 previous_depth=1
ATTR_RADIUS o=35 raw_norm=13387.390610702289 norm=1612.676294814833 radius=1612.6762948148335 next_radius=1612.6762948148335 lambda=4.0000000000000019e-07 next_lambda=4.0000000000000019e-07 rho=0.66740653466235877 accept=1
CLASSICAL_LM o=35 lambda=4.0000000000000019e-07 tau=4.0000000000000019e-07 prediction=130.98667423477201 rho=0.66740653466235877 accept=1
  MFCG it  36 cost=2.486426e+05 lam=4.000e-07 tau=0.00e+00 cg_it=0 shift=0 ckpt=1 alpha=0 acc mv=120
PCG_PREP o=36 rebuild=1 drift=0 previous_depth=1
ATTR_RADIUS o=36 raw_norm=13531.98158515254 norm=1612.6762948148332 radius=1612.6762948148335 next_radius=1612.6762948148335 lambda=4.0000000000000019e-07 next_lambda=4.0000000000000019e-07 rho=0.66448633614844221 accept=1
CLASSICAL_LM o=36 lambda=4.0000000000000019e-07 tau=4.0000000000000019e-07 prediction=119.84654080456781 rho=0.66448633614844221 accept=1
  MFCG it  37 cost=2.485629e+05 lam=4.000e-07 tau=0.00e+00 cg_it=0 shift=0 ckpt=1 alpha=0 acc mv=122
PCG_PREP o=37 rebuild=1 drift=0 previous_depth=1
ATTR_RADIUS o=37 raw_norm=19536.255854932897 norm=1612.676294814833 radius=1612.6762948148335 next_radius=3225.3525896296669 lambda=4.0000000000000019e-07 next_lambda=1.0000000000000005e-07 rho=0.79065698687304609 accept=1
CLASSICAL_LM o=37 lambda=4.0000000000000019e-07 tau=4.0000000000000019e-07 prediction=181.04621590160414 rho=0.79065698687304609 accept=1
  MFCG it  38 cost=2.484198e+05 lam=1.000e-07 tau=0.00e+00 cg_it=1 shift=0 ckpt=2 alpha=0 acc mv=125
PCG_PREP o=38 rebuild=1 drift=0 previous_depth=2
POINT_SAFE o=38 frozen=574 slope=-109.07065638548823 candidate=248475.2723354414 original=248405.40108825659 current=248419.77855240981 won=0 mode=1 camera_scale=1 keep_scale=0
ATTR_RADIUS o=38 raw_norm=71746.120734898184 norm=1612.6762948148335 radius=3225.3525896296669 next_radius=3225.3525896296669 lambda=1.0000000000000005e-07 next_lambda=1.0000000000000005e-08 rho=0.2667994197732918 accept=1
CLASSICAL_LM o=38 lambda=1.0000000000000005e-07 tau=1.0000000000000005e-07 prediction=53.888663496490395 rho=0.2667994197732918 accept=1
  MFCG it  39 cost=2.484054e+05 lam=1.000e-08 tau=0.00e+00 cg_it=1 shift=0 ckpt=2 alpha=0 acc mv=128
PCG_PREP o=39 rebuild=1 drift=0 previous_depth=2
POINT_SAFE o=39 frozen=114 slope=-56.715365103062823 candidate=248521.44819816068 original=248402.04391409934 current=248405.40108825659 won=0 mode=1 camera_scale=1 keep_scale=0
ATTR_RADIUS o=39 raw_norm=179781.62637759111 norm=806.33814740741673 radius=3225.3525896296669 next_radius=806.33814740741673 lambda=1.0000000000000005e-08 next_lambda=1.6000000000000008e-07 rho=0.23835708171201558 accept=1
CLASSICAL_LM o=39 lambda=1.0000000000000005e-08 tau=1.0000000000000005e-08 prediction=14.084641971361521 rho=0.23835708171201558 accept=1
  MFCG it  40 cost=2.484020e+05 lam=1.600e-07 tau=0.00e+00 cg_it=1 shift=0 ckpt=2 alpha=0 acc mv=131
PCG_PREP o=40 rebuild=1 drift=0 previous_depth=2
ATTR_RADIUS o=40 raw_norm=22512.364226202564 norm=806.33814740741673 radius=806.33814740741673 next_radius=806.33814740741673 lambda=1.6000000000000008e-07 next_lambda=1.6000000000000008e-07 rho=0.68707775349324085 accept=1
CLASSICAL_LM o=40 lambda=1.6000000000000008e-07 tau=1.6000000000000008e-07 prediction=35.550981041400185 rho=0.68707775349324085 accept=1
  MFCG it  41 cost=2.483776e+05 lam=1.600e-07 tau=0.00e+00 cg_it=0 shift=0 ckpt=1 alpha=0 acc mv=133
PCG_PREP o=41 rebuild=1 drift=0 previous_depth=1
ATTR_RADIUS o=41 raw_norm=22527.840737398576 norm=806.33814740741673 radius=806.33814740741673 next_radius=806.33814740741673 lambda=1.6000000000000008e-07 next_lambda=1.6000000000000008e-07 rho=0.67820285407691072 accept=1
CLASSICAL_LM o=41 lambda=1.6000000000000008e-07 tau=1.6000000000000008e-07 prediction=33.758936971784813 rho=0.67820285407691072 accept=1
  MFCG it  42 cost=2.483547e+05 lam=1.600e-07 tau=0.00e+00 cg_it=0 shift=0 ckpt=1 alpha=0 acc mv=135
PCG_PREP o=42 rebuild=1 drift=0 previous_depth=1
ATTR_RADIUS o=42 raw_norm=22529.634173967585 norm=806.33814740741673 radius=806.33814740741673 next_radius=806.33814740741673 lambda=1.6000000000000008e-07 next_lambda=1.6000000000000008e-07 rho=0.67737132910487385 accept=1
CLASSICAL_LM o=42 lambda=1.6000000000000008e-07 tau=1.6000000000000008e-07 prediction=32.852822420065827 rho=0.67737132910487385 accept=1
  MFCG it  43 cost=2.483325e+05 lam=1.600e-07 tau=0.00e+00 cg_it=0 shift=0 ckpt=1 alpha=0 acc mv=137
PCG_PREP o=43 rebuild=1 drift=0 previous_depth=1
ATTR_RADIUS o=43 raw_norm=22528.591516409364 norm=806.33814740741707 radius=806.33814740741673 next_radius=806.33814740741673 lambda=1.6000000000000008e-07 next_lambda=1.6000000000000008e-07 rho=0.67670140771305221 accept=1
CLASSICAL_LM o=43 lambda=1.6000000000000008e-07 tau=1.6000000000000008e-07 prediction=31.995511576008855 rho=0.67670140771305221 accept=1
  MFCG it  44 cost=2.483108e+05 lam=1.600e-07 tau=0.00e+00 cg_it=0 shift=0 ckpt=1 alpha=0 acc mv=139
PCG_PREP o=44 rebuild=1 drift=0 previous_depth=1
ATTR_RADIUS o=44 raw_norm=22524.776033512186 norm=806.33814740741673 radius=806.33814740741673 next_radius=806.33814740741673 lambda=1.6000000000000008e-07 next_lambda=1.6000000000000008e-07 rho=0.67619629636141199 accept=1
CLASSICAL_LM o=44 lambda=1.6000000000000008e-07 tau=1.6000000000000008e-07 prediction=31.182575680542787 rho=0.67619629636141199 accept=1
  MFCG it  45 cost=2.482897e+05 lam=1.600e-07 tau=0.00e+00 cg_it=0 shift=0 ckpt=1 alpha=0 acc mv=141
PCG_PREP o=45 rebuild=1 drift=0 previous_depth=1
ATTR_RADIUS o=45 raw_norm=22518.525990293427 norm=806.33814740741695 radius=806.33814740741673 next_radius=806.33814740741673 lambda=1.6000000000000008e-07 next_lambda=1.6000000000000008e-07 rho=0.67585569381708255 accept=1
CLASSICAL_LM o=45 lambda=1.6000000000000008e-07 tau=1.6000000000000008e-07 prediction=30.411237192048386 rho=0.67585569381708255 accept=1
  MFCG it  46 cost=2.482692e+05 lam=1.600e-07 tau=0.00e+00 cg_it=0 shift=0 ckpt=1 alpha=0 acc mv=143
PCG_PREP o=46 rebuild=1 drift=0 previous_depth=1
ATTR_RADIUS o=46 raw_norm=22508.893007350896 norm=806.33814740741661 radius=806.33814740741673 next_radius=806.33814740741673 lambda=1.6000000000000008e-07 next_lambda=1.6000000000000008e-07 rho=0.67566245857654472 accept=1
CLASSICAL_LM o=46 lambda=1.6000000000000008e-07 tau=1.6000000000000008e-07 prediction=29.680059448403171 rho=0.67566245857654472 accept=1
  MFCG it  47 cost=2.482491e+05 lam=1.600e-07 tau=0.00e+00 cg_it=0 shift=0 ckpt=1 alpha=0 acc mv=145
PCG_PREP o=47 rebuild=1 drift=0 previous_depth=1
ATTR_RADIUS o=47 raw_norm=22497.569511149719 norm=806.3381474074165 radius=806.33814740741673 next_radius=806.33814740741673 lambda=1.6000000000000008e-07 next_lambda=1.6000000000000008e-07 rho=0.67564052870000402 accept=1
CLASSICAL_LM o=47 lambda=1.6000000000000008e-07 tau=1.6000000000000008e-07 prediction=28.98490155950315 rho=0.67564052870000402 accept=1
  MFCG it  48 cost=2.482295e+05 lam=1.600e-07 tau=0.00e+00 cg_it=0 shift=0 ckpt=1 alpha=0 acc mv=147
PCG_PREP o=48 rebuild=1 drift=0 previous_depth=1
ATTR_RADIUS o=48 raw_norm=22483.588059710568 norm=806.3381474074165 radius=806.33814740741673 next_radius=806.33814740741673 lambda=1.6000000000000008e-07 next_lambda=1.6000000000000008e-07 rho=0.67576871105230074 accept=1
CLASSICAL_LM o=48 lambda=1.6000000000000008e-07 tau=1.6000000000000008e-07 prediction=28.324648133881198 rho=0.67576871105230074 accept=1
  MFCG it  49 cost=2.482104e+05 lam=1.600e-07 tau=0.00e+00 cg_it=0 shift=0 ckpt=1 alpha=0 acc mv=149
PCG_PREP o=49 rebuild=1 drift=0 previous_depth=1
ATTR_RADIUS o=49 raw_norm=36684.0570028004 norm=806.3381474074165 radius=806.33814740741673 next_radius=1612.6762948148335 lambda=1.6000000000000008e-07 next_lambda=4.0000000000000021e-08 rho=0.79830830225446059 accept=1
CLASSICAL_LM o=49 lambda=1.6000000000000008e-07 tau=1.6000000000000008e-07 prediction=44.288138217024859 rho=0.79830830225446059 accept=1
  MFCG it  50 cost=2.481750e+05 lam=4.000e-08 tau=0.00e+00 cg_it=1 shift=0 ckpt=2 alpha=0 acc mv=152
PCG_PREP o=50 rebuild=1 drift=0 previous_depth=2
POINT_SAFE o=50 frozen=548 slope=-30.665747612866063 candidate=248179.68246127781 original=248168.61158166645 current=248175.04452525402 won=0 mode=1 camera_scale=1 keep_scale=0
ATTR_RADIUS o=50 raw_norm=120105.03576248832 norm=806.33814740741673 radius=1612.6762948148335 next_radius=1612.6762948148335 lambda=4.0000000000000021e-08 next_lambda=4.0000000000000019e-09 rho=0.42087530754514085 accept=1
CLASSICAL_LM o=50 lambda=4.0000000000000021e-08 tau=4.0000000000000021e-08 prediction=15.284678079812961 rho=0.42087530754514085 accept=1
  MFCG it  51 cost=2.481686e+05 lam=4.000e-09 tau=0.00e+00 cg_it=1 shift=0 ckpt=2 alpha=0 acc mv=155
PCG_PREP o=51 rebuild=1 drift=0 previous_depth=2
NUMERIC_REPAIR o=51 lambda=4.0000000000000019e-09 rayleigh=-1.5205863318326949e-08 next_lambda=7.6823453273307808e-08 cg=2 rebuild=1
PCG_PREP o=51 rebuild=1 drift=0 previous_depth=2
ATTR_RADIUS o=51 raw_norm=33731.897742849324 norm=0 radius=1612.6762948148335 next_radius=403.16907370370836 lambda=7.6823453273307808e-08 next_lambda=1.2291752523729249e-06 rho=0.076176519961301856 accept=0
CLASSICAL_LM o=51 lambda=7.6823453273307808e-08 tau=7.6823453273307808e-08 prediction=38.289283367526075 rho=0.076176519961301856 accept=0
  MFCG it  52  retry 1/8  lam=1.229e-06 tau_eff=7.682e-08  (assembly reused)
PCG_PREP o=51 rebuild=1 drift=0 previous_depth=1
ATTR_RADIUS o=51 raw_norm=4114.377187663692 norm=403.16907370370831 radius=403.16907370370836 next_radius=806.33814740741673 lambda=1.2291752523729249e-06 next_lambda=3.0729381309323123e-07 rho=0.95665438885407861 accept=1
CLASSICAL_LM o=51 lambda=1.2291752523729249e-06 tau=1.2291752523729249e-06 prediction=66.5226464399055 rho=0.95665438885407861 accept=1
  MFCG it  52 cost=2.481050e+05 lam=3.073e-07 tau=0.00e+00 cg_it=0 shift=0 ckpt=1 alpha=0 acc mv=162
PCG_PREP o=52 rebuild=1 drift=0 previous_depth=1
ATTR_RADIUS o=52 raw_norm=15850.901045670873 norm=806.3381474074165 radius=806.33814740741673 next_radius=1612.6762948148335 lambda=3.0729381309323123e-07 next_lambda=7.6823453273307808e-08 rho=0.91495577216417823 accept=1
CLASSICAL_LM o=52 lambda=3.0729381309323123e-07 tau=3.0729381309323123e-07 prediction=90.549625402135931 rho=0.91495577216417823 accept=1
  MFCG it  53 cost=2.480221e+05 lam=7.682e-08 tau=0.00e+00 cg_it=1 shift=0 ckpt=2 alpha=0 acc mv=165
PCG_PREP o=53 rebuild=1 drift=0 previous_depth=2
ATTR_RADIUS o=53 raw_norm=74962.491563274903 norm=1612.6762948148341 radius=1612.6762948148335 next_radius=1612.6762948148335 lambda=7.6823453273307808e-08 next_lambda=7.6823453273307808e-08 rho=0.25084525266181334 accept=1
CLASSICAL_LM o=53 lambda=7.6823453273307808e-08 tau=7.6823453273307808e-08 prediction=41.579391963907732 rho=0.25084525266181334 accept=1
  MFCG it  54 cost=2.480117e+05 lam=7.682e-08 tau=0.00e+00 cg_it=1 shift=0 ckpt=2 alpha=0 acc mv=168
PCG_PREP o=54 rebuild=1 drift=0 previous_depth=2
POINT_SAFE o=54 frozen=54 slope=-33.491420475120655 candidate=248012.72343434792 original=248003.9133905542 current=248011.69350447983 won=0 mode=1 camera_scale=1 keep_scale=0
ATTR_RADIUS o=54 raw_norm=35365.528254937744 norm=806.33814740741718 radius=1612.6762948148335 next_radius=1612.6762948148335 lambda=7.6823453273307808e-08 next_lambda=7.6823453273307808e-08 rho=0.47217500818739605 accept=1
CLASSICAL_LM o=54 lambda=7.6823453273307808e-08 tau=7.6823453273307808e-08 prediction=16.477182804528542 rho=0.47217500818739605 accept=1
  MFCG it  55 cost=2.480039e+05 lam=7.682e-08 tau=0.00e+00 cg_it=0 shift=0 ckpt=1 alpha=0 acc mv=170
PCG_PREP o=55 rebuild=1 drift=0 previous_depth=1
POINT_SAFE o=55 frozen=85 slope=-33.085759182434707 candidate=248005.09732039034 original=247996.24675283473 current=248003.9133905542 won=0 mode=1 camera_scale=1 keep_scale=0
ATTR_RADIUS o=55 raw_norm=35093.239670341769 norm=806.33814740741684 radius=1612.6762948148335 next_radius=1612.6762948148335 lambda=7.6823453273307808e-08 next_lambda=7.6823453273307808e-08 rho=0.46981594784691794 accept=1
CLASSICAL_LM o=55 lambda=7.6823453273307808e-08 tau=7.6823453273307808e-08 prediction=16.318385432844813 rho=0.46981594784691794 accept=1
  MFCG it  56 cost=2.479962e+05 lam=7.682e-08 tau=0.00e+00 cg_it=0 shift=0 ckpt=1 alpha=0 acc mv=172
PCG_PREP o=56 rebuild=1 drift=0 previous_depth=1
POINT_SAFE o=56 frozen=131 slope=-32.913075573287799 candidate=247997.45656011754 original=247988.61671455091 current=247996.24675283473 won=0 mode=1 camera_scale=1 keep_scale=0
ATTR_RADIUS o=56 raw_norm=34814.326421240265 norm=806.33814740741661 radius=1612.6762948148335 next_radius=1612.6762948148335 lambda=7.6823453273307808e-08 next_lambda=7.6823453273307808e-08 rho=0.4695743129902416 accept=1
CLASSICAL_LM o=56 lambda=7.6823453273307808e-08 tau=7.6823453273307808e-08 prediction=16.248840860215637 rho=0.4695743129902416 accept=1
  MFCG it  57 cost=2.479886e+05 lam=7.682e-08 tau=0.00e+00 cg_it=0 shift=0 ckpt=1 alpha=0 acc mv=174
PCG_PREP o=57 rebuild=1 drift=0 previous_depth=1
POINT_SAFE o=57 frozen=203 slope=-32.85176939260954 candidate=247989.78425461557 original=247980.98519032335 current=247988.61671455091 won=0 mode=1 camera_scale=1 keep_scale=0
ATTR_RADIUS o=57 raw_norm=34526.327670596045 norm=806.33814740741718 radius=1612.6762948148335 next_radius=1612.6762948148335 lambda=7.6823453273307808e-08 next_lambda=7.6823453273307808e-08 rho=0.47036553010678323 accept=1
CLASSICAL_LM o=57 lambda=7.6823453273307808e-08 tau=7.6823453273307808e-08 prediction=16.224667283393501 rho=0.47036553010678323 accept=1
  MFCG it  58 cost=2.479810e+05 lam=7.682e-08 tau=0.00e+00 cg_it=0 shift=0 ckpt=1 alpha=0 acc mv=176
PCG_PREP o=58 rebuild=1 drift=0 previous_depth=1
POINT_SAFE o=58 frozen=306 slope=-32.895395755357534 candidate=247982.0201518299 original=247973.30702415339 current=247980.98519032335 won=0 mode=1 camera_scale=1 keep_scale=0
ATTR_RADIUS o=58 raw_norm=34233.519521894006 norm=806.33814740741639 radius=1612.6762948148335 next_radius=1612.6762948148335 lambda=7.6823453273307808e-08 next_lambda=7.6823453273307808e-08 rho=0.47254656817846352 accept=1
CLASSICAL_LM o=58 lambda=7.6823453273307808e-08 tau=7.6823453273307808e-08 prediction=16.248485730330138 rho=0.47254656817846352 accept=1
  MFCG it  59 cost=2.479733e+05 lam=7.682e-08 tau=0.00e+00 cg_it=0 shift=0 ckpt=1 alpha=0 acc mv=178
PCG_PREP o=59 rebuild=1 drift=0 previous_depth=1
POINT_SAFE o=59 frozen=348 slope=-33.250007473049919 candidate=247973.9295684261 original=247965.43627463607 current=247973.30702415339 won=0 mode=1 camera_scale=1 keep_scale=0
ATTR_RADIUS o=59 raw_norm=33925.686884935443 norm=806.33814740741673 radius=1612.6762948148335 next_radius=1612.6762948148335 lambda=7.6823453273307808e-08 next_lambda=7.6823453273307808e-08 rho=0.47916786877535683 accept=1
CLASSICAL_LM o=59 lambda=7.6823453273307808e-08 tau=7.6823453273307808e-08 prediction=16.425870827755343 rho=0.47916786877535683 accept=1
  MFCG it  60 cost=2.479654e+05 lam=7.682e-08 tau=0.00e+00 cg_it=0 shift=0 ckpt=1 alpha=0 acc mv=180
PCG_PREP o=60 rebuild=1 drift=0 previous_depth=1
ATTR_RADIUS o=60 raw_norm=33672.052712647346 norm=0 radius=1612.6762948148335 next_radius=403.16907370370836 lambda=7.6823453273307808e-08 next_lambda=1.2291752523729249e-06 rho=0.056579298300617219 accept=0
CLASSICAL_LM o=60 lambda=7.6823453273307808e-08 tau=7.6823453273307808e-08 prediction=35.013478775561097 rho=0.056579298300617219 accept=0
  MFCG it  61  retry 1/8  lam=1.229e-06 tau_eff=7.682e-08  (assembly reused)
PCG_PREP o=60 rebuild=1 drift=0 previous_depth=1
ATTR_RADIUS o=60 raw_norm=3544.284427955326 norm=403.16907370370836 radius=403.16907370370836 next_radius=806.33814740741673 lambda=1.2291752523729249e-06 next_lambda=3.0729381309323123e-07 rho=0.9593347006332742 accept=1
CLASSICAL_LM o=60 lambda=1.2291752523729249e-06 tau=1.2291752523729249e-06 prediction=64.641393255056101 rho=0.9593347006332742 accept=1
  MFCG it  61 cost=2.479034e+05 lam=3.073e-07 tau=0.00e+00 cg_it=0 shift=0 ckpt=1 alpha=0 acc mv=184
PCG_PREP o=61 rebuild=1 drift=0 previous_depth=1
ATTR_RADIUS o=61 raw_norm=11731.584042073888 norm=806.33814740741684 radius=806.33814740741673 next_radius=1612.6762948148335 lambda=3.0729381309323123e-07 next_lambda=7.6823453273307808e-08 rho=0.95026495023752866 accept=1
CLASSICAL_LM o=61 lambda=3.0729381309323123e-07 tau=3.0729381309323123e-07 prediction=110.41957016809582 rho=0.95026495023752866 accept=1
  MFCG it  62 cost=2.477985e+05 lam=7.682e-08 tau=0.00e+00 cg_it=1 shift=0 ckpt=2 alpha=0 acc mv=187
PCG_PREP o=62 rebuild=1 drift=0 previous_depth=2
ATTR_RADIUS o=62 raw_norm=59460.746466646684 norm=1612.6762948148335 radius=1612.6762948148335 next_radius=1612.6762948148335 lambda=7.6823453273307808e-08 next_lambda=7.6823453273307808e-08 rho=0.57655130484156225 accept=1
CLASSICAL_LM o=62 lambda=7.6823453273307808e-08 tau=7.6823453273307808e-08 prediction=70.425158482643596 rho=0.57655130484156225 accept=1
  MFCG it  63 cost=2.477579e+05 lam=7.682e-08 tau=0.00e+00 cg_it=1 shift=0 ckpt=2 alpha=0 acc mv=190
PCG_PREP o=63 rebuild=1 drift=0 previous_depth=2
ATTR_RADIUS o=63 raw_norm=36879.802739116494 norm=0 radius=1612.6762948148335 next_radius=403.16907370370836 lambda=7.6823453273307808e-08 next_lambda=1.2291752523729249e-06 rho=0.057409529846002366 accept=0
CLASSICAL_LM o=63 lambda=7.6823453273307808e-08 tau=7.6823453273307808e-08 prediction=31.887167888668891 rho=0.057409529846002366 accept=0
  MFCG it  64  retry 1/8  lam=1.229e-06 tau_eff=7.682e-08  (assembly reused)
PCG_PREP o=63 rebuild=1 drift=0 previous_depth=1
ATTR_RADIUS o=63 raw_norm=3784.8150548602175 norm=403.16907370370831 radius=403.16907370370836 next_radius=806.33814740741673 lambda=1.2291752523729249e-06 next_lambda=3.0729381309323123e-07 rho=0.96012810863829356 accept=1
CLASSICAL_LM o=63 lambda=1.2291752523729249e-06 tau=1.2291752523729249e-06 prediction=59.037647930798066 rho=0.96012810863829356 accept=1
  MFCG it  64 cost=2.477012e+05 lam=3.073e-07 tau=0.00e+00 cg_it=0 shift=0 ckpt=1 alpha=0 acc mv=194
PCG_PREP o=64 rebuild=1 drift=0 previous_depth=1
ATTR_RADIUS o=64 raw_norm=9604.0600406790782 norm=806.33814740741718 radius=806.33814740741673 next_radius=1612.6762948148335 lambda=3.0729381309323123e-07 next_lambda=7.6823453273307808e-08 rho=0.96119417232448912 accept=1
CLASSICAL_LM o=64 lambda=3.0729381309323123e-07 tau=3.0729381309323123e-07 prediction=121.30868806218453 rho=0.96119417232448912 accept=1
  MFCG it  65 cost=2.475846e+05 lam=7.682e-08 tau=0.00e+00 cg_it=1 shift=0 ckpt=2 alpha=0 acc mv=197
PCG_PREP o=65 rebuild=1 drift=0 previous_depth=2
ATTR_RADIUS o=65 raw_norm=56256.826791884516 norm=1612.6762948148335 radius=1612.6762948148335 next_radius=1612.6762948148335 lambda=7.6823453273307808e-08 next_lambda=7.6823453273307808e-08 rho=0.47177762214713714 accept=1
CLASSICAL_LM o=65 lambda=7.6823453273307808e-08 tau=7.6823453273307808e-08 prediction=47.440569012079472 rho=0.47177762214713714 accept=1
  MFCG it  66 cost=2.475622e+05 lam=7.682e-08 tau=0.00e+00 cg_it=1 shift=0 ckpt=2 alpha=0 acc mv=200
PCG_PREP o=66 rebuild=1 drift=0 previous_depth=2
ATTR_RADIUS o=66 raw_norm=54349.737426886677 norm=1612.676294814833 radius=1612.6762948148335 next_radius=1612.6762948148335 lambda=7.6823453273307808e-08 next_lambda=7.6823453273307808e-08 rho=0.69311400826593794 accept=1
CLASSICAL_LM o=66 lambda=7.6823453273307808e-08 tau=7.6823453273307808e-08 prediction=119.69652453063183 rho=0.69311400826593794 accept=1
  MFCG it  67 cost=2.474793e+05 lam=7.682e-08 tau=0.00e+00 cg_it=1 shift=0 ckpt=2 alpha=0 acc mv=203
PCG_PREP o=67 rebuild=1 drift=0 previous_depth=2
ATTR_RADIUS o=67 raw_norm=39527.330474021808 norm=1612.676294814833 radius=1612.6762948148335 next_radius=403.16907370370836 lambda=7.6823453273307808e-08 next_lambda=1.2291752523729249e-06 rho=0.23335718841347311 accept=1
CLASSICAL_LM o=67 lambda=7.6823453273307808e-08 tau=7.6823453273307808e-08 prediction=40.176643913714926 rho=0.23335718841347311 accept=1
  MFCG it  68 cost=2.474699e+05 lam=1.229e-06 tau=0.00e+00 cg_it=0 shift=0 ckpt=1 alpha=0 acc mv=205
PCG_PREP o=68 rebuild=1 drift=0 previous_depth=1
ATTR_RADIUS o=68 raw_norm=3441.3216784799647 norm=403.16907370370848 radius=403.16907370370836 next_radius=806.33814740741673 lambda=1.2291752523729249e-06 next_lambda=3.0729381309323123e-07 rho=0.96122029761101124 accept=1
CLASSICAL_LM o=68 lambda=1.2291752523729249e-06 tau=1.2291752523729249e-06 prediction=66.378286241622646 rho=0.96122029761101124 accept=1
  MFCG it  69 cost=2.474061e+05 lam=3.073e-07 tau=0.00e+00 cg_it=0 shift=0 ckpt=1 alpha=0 acc mv=207
PCG_PREP o=69 rebuild=1 drift=0 previous_depth=1
ATTR_RADIUS o=69 raw_norm=6717.156599245739 norm=806.33814740741707 radius=806.33814740741673 next_radius=1612.6762948148335 lambda=3.0729381309323123e-07 next_lambda=7.6823453273307808e-08 rho=0.98560264196331426 accept=1
CLASSICAL_LM o=69 lambda=3.0729381309323123e-07 tau=3.0729381309323123e-07 prediction=240.67461027584341 rho=0.98560264196331426 accept=1
  MFCG it  70 cost=2.471689e+05 lam=7.682e-08 tau=0.00e+00 cg_it=1 shift=0 ckpt=2 alpha=0 acc mv=210
PCG_PREP o=70 rebuild=1 drift=0 previous_depth=2
POINT_SAFE o=70 frozen=1244 slope=-21.412913508696917 candidate=247174.17284229238 original=247164.97557160864 current=247168.87313616159 won=0 mode=1 camera_scale=1 keep_scale=0
ATTR_RADIUS o=70 raw_norm=39204.72852959227 norm=806.33814740741673 radius=1612.6762948148335 next_radius=1612.6762948148335 lambda=7.6823453273307808e-08 next_lambda=7.6823453273307808e-08 rho=0.39021821993423894 accept=1
CLASSICAL_LM o=70 lambda=7.6823453273307808e-08 tau=7.6823453273307808e-08 prediction=9.9881665023586663 rho=0.39021821993423894 accept=1
  MFCG it  71 cost=2.471650e+05 lam=7.682e-08 tau=0.00e+00 cg_it=0 shift=0 ckpt=1 alpha=0 acc mv=212
PCG_PREP o=71 rebuild=1 drift=0 previous_depth=1
POINT_SAFE o=71 frozen=571 slope=-17.936559318274302 candidate=247171.9593624491 original=247162.2871698711 current=247164.97557160864 won=0 mode=1 camera_scale=1 keep_scale=0
ATTR_RADIUS o=71 raw_norm=38832.510541937969 norm=806.33814740741695 radius=1612.6762948148335 next_radius=1612.6762948148335 lambda=7.6823453273307808e-08 next_lambda=7.6823453273307808e-08 rho=0.30770894855751429 accept=1
CLASSICAL_LM o=71 lambda=7.6823453273307808e-08 tau=7.6823453273307808e-08 prediction=8.7368331345064316 rho=0.30770894855751429 accept=1
  MFCG it  72 cost=2.471623e+05 lam=7.682e-08 tau=0.00e+00 cg_it=0 shift=0 ckpt=1 alpha=0 acc mv=214
PCG_PREP o=72 rebuild=1 drift=0 previous_depth=1
POINT_SAFE o=72 frozen=229 slope=-17.441821848864301 candidate=247169.67746353091 original=247159.83825452704 current=247162.2871698711 won=0 mode=1 camera_scale=1 keep_scale=0
ATTR_RADIUS o=72 raw_norm=38219.188360912478 norm=806.33814740741661 radius=1612.6762948148335 next_radius=1612.6762948148335 lambda=7.6823453273307808e-08 next_lambda=7.6823453273307808e-08 rho=0.28504512456070658 accept=1
CLASSICAL_LM o=72 lambda=7.6823453273307808e-08 tau=7.6823453273307808e-08 prediction=8.5913251378212365 rho=0.28504512456070658 accept=1
  MFCG it  73 cost=2.471598e+05 lam=7.682e-08 tau=0.00e+00 cg_it=0 shift=0 ckpt=1 alpha=0 acc mv=216
PCG_PREP o=73 rebuild=1 drift=0 previous_depth=1
POINT_SAFE o=73 frozen=167 slope=-17.552538983918815 candidate=247167.35440067336 original=247157.40723830689 current=247159.83825452704 won=0 mode=1 camera_scale=1 keep_scale=0
ATTR_RADIUS o=73 raw_norm=37524.526455329004 norm=806.3381474074165 radius=1612.6762948148335 next_radius=1612.6762948148335 lambda=7.6823453273307808e-08 next_lambda=7.6823453273307808e-08 rho=0.28045661160126156 accept=1
CLASSICAL_LM o=73 lambda=7.6823453273307808e-08 tau=7.6823453273307808e-08 prediction=8.668065289238001 rho=0.28045661160126156 accept=1
  MFCG it  74 cost=2.471574e+05 lam=7.682e-08 tau=0.00e+00 cg_it=0 shift=0 ckpt=1 alpha=0 acc mv=218
PCG_PREP o=74 rebuild=1 drift=0 previous_depth=1
POINT_SAFE o=74 frozen=155 slope=-17.799421271550724 candidate=247164.96083255092 original=247154.93477808841 current=247157.40723830689 won=0 mode=1 camera_scale=1 keep_scale=0
ATTR_RADIUS o=74 raw_norm=36820.04949971212 norm=806.33814740741639 radius=1612.6762948148335 next_radius=1612.6762948148335 lambda=7.6823453273307808e-08 next_lambda=7.6823453273307808e-08 rho=0.28111585523993488 accept=1
CLASSICAL_LM o=74 lambda=7.6823453273307808e-08 tau=7.6823453273307808e-08 prediction=8.7951645998840569 rho=0.28111585523993488 accept=1
  MFCG it  75 cost=2.471549e+05 lam=7.682e-08 tau=0.00e+00 cg_it=0 shift=0 ckpt=1 alpha=0 acc mv=220
PCG_PREP o=75 rebuild=1 drift=0 previous_depth=1
POINT_SAFE o=75 frozen=149 slope=-18.08834724442578 candidate=247162.48041277786 original=247152.39728426764 current=247154.93477808841 won=0 mode=1 camera_scale=1 keep_scale=0
ATTR_RADIUS o=75 raw_norm=36127.076173501118 norm=806.33814740741673 radius=1612.6762948148335 next_radius=1612.6762948148335 lambda=7.6823453273307808e-08 next_lambda=7.6823453273307808e-08 rho=0.28388337328807695 accept=1
CLASSICAL_LM o=75 lambda=7.6823453273307808e-08 tau=7.6823453273307808e-08 prediction=8.9385080618753658 rho=0.28388337328807695 accept=1
  MFCG it  76 cost=2.471524e+05 lam=7.682e-08 tau=0.00e+00 cg_it=0 shift=0 ckpt=1 alpha=0 acc mv=222
PCG_PREP o=76 rebuild=1 drift=0 previous_depth=1
POINT_SAFE o=76 frozen=152 slope=-18.395770219069792 candidate=247159.90267183832 original=247149.78114347349 current=247152.39728426764 won=0 mode=1 camera_scale=1 keep_scale=0
ATTR_RADIUS o=76 raw_norm=35450.183837440767 norm=806.3381474074173 radius=1612.6762948148335 next_radius=1612.6762948148335 lambda=7.6823453273307808e-08 next_lambda=7.6823453273307808e-08 rho=0.28782151439040898 accept=1
CLASSICAL_LM o=76 lambda=7.6823453273307808e-08 tau=7.6823453273307808e-08 prediction=9.0894553164148952 rho=0.28782151439040898 accept=1
  MFCG it  77 cost=2.471498e+05 lam=7.682e-08 tau=0.00e+00 cg_it=0 shift=0 ckpt=1 alpha=0 acc mv=224
PCG_PREP o=77 rebuild=1 drift=0 previous_depth=1
POINT_SAFE o=77 frozen=153 slope=-18.713552508530132 candidate=247157.21950388863 original=247147.07651145945 current=247149.78114347349 won=0 mode=1 camera_scale=1 keep_scale=0
ATTR_RADIUS o=77 raw_norm=34789.118669935109 norm=806.33814740741661 radius=1612.6762948148335 next_radius=1612.6762948148335 lambda=7.6823453273307808e-08 next_lambda=7.6823453273307808e-08 rho=0.29255373331448548 accept=1
CLASSICAL_LM o=77 lambda=7.6823453273307808e-08 tau=7.6823453273307808e-08 prediction=9.2449068531584579 rho=0.29255373331448548 accept=1
  MFCG it  78 cost=2.471471e+05 lam=7.682e-08 tau=0.00e+00 cg_it=0 shift=0 ckpt=1 alpha=0 acc mv=226
PCG_PREP o=78 rebuild=1 drift=0 previous_depth=1
POINT_SAFE o=78 frozen=155 slope=-19.037986963037152 candidate=247154.42401370755 original=247144.27539103452 current=247147.07651145945 won=0 mode=1 camera_scale=1 keep_scale=0
ATTR_RADIUS o=78 raw_norm=34142.91689624641 norm=806.33814740741673 radius=1612.6762948148335 next_radius=1612.6762948148335 lambda=7.6823453273307808e-08 next_lambda=7.6823453273307808e-08 rho=0.29788603263451696 accept=1
CLASSICAL_LM o=78 lambda=7.6823453273307808e-08 tau=7.6823453273307808e-08 prediction=9.4033291865381106 rho=0.29788603263451696 accept=1
  MFCG it  79 cost=2.471443e+05 lam=7.682e-08 tau=0.00e+00 cg_it=0 shift=0 ckpt=1 alpha=0 acc mv=228
PCG_PREP o=79 rebuild=1 drift=0 previous_depth=1
POINT_SAFE o=79 frozen=161 slope=-19.366861078076337 candidate=247151.5101196834 original=247141.37090437897 current=247144.27539103452 won=0 mode=1 camera_scale=1 keep_scale=0
ATTR_RADIUS o=79 raw_norm=33510.411769106715 norm=806.3381474074165 radius=1612.6762948148335 next_radius=1612.6762948148335 lambda=7.6823453273307808e-08 next_lambda=7.6823453273307808e-08 rho=0.30369770744139202 accept=1
CLASSICAL_LM o=79 lambda=7.6823453273307808e-08 tau=7.6823453273307808e-08 prediction=9.5637424464562084 rho=0.30369770744139202 accept=1
  MFCG it  80 cost=2.471414e+05 lam=7.682e-08 tau=0.00e+00 cg_it=0 shift=0 ckpt=1 alpha=0 acc mv=230
PCG_PREP o=80 rebuild=1 drift=0 previous_depth=1
POINT_SAFE o=80 frozen=169 slope=-19.698592665100001 candidate=247148.47237767369 original=247138.35697186278 current=247141.37090437897 won=0 mode=1 camera_scale=1 keep_scale=0
ATTR_RADIUS o=80 raw_norm=32890.868999599166 norm=806.3381474074173 radius=1612.6762948148335 next_radius=1612.6762948148335 lambda=7.6823453273307808e-08 next_lambda=7.6823453273307808e-08 rho=0.30990304143750314 accept=1
CLASSICAL_LM o=80 lambda=7.6823453273307808e-08 tau=7.6823453273307808e-08 prediction=9.725404765977439 rho=0.30990304143750314 accept=1
  MFCG it  81 cost=2.471384e+05 lam=7.682e-08 tau=0.00e+00 cg_it=0 shift=0 ckpt=1 alpha=0 acc mv=232
PCG_PREP o=81 rebuild=1 drift=0 previous_depth=1
POINT_SAFE o=81 frozen=179 slope=-20.031904865013036 candidate=247145.30587812653 original=247135.2281423565 current=247138.35697186278 won=0 mode=1 camera_scale=1 keep_scale=0
ATTR_RADIUS o=81 raw_norm=32284.041622217279 norm=806.33814740741695 radius=1612.6762948148335 next_radius=1612.6762948148335 lambda=7.6823453273307808e-08 next_lambda=7.6823453273307808e-08 rho=0.316436332815482 accept=1
CLASSICAL_LM o=81 lambda=7.6823453273307808e-08 tau=7.6823453273307808e-08 prediction=9.8877062518246017 rho=0.316436332815482 accept=1
  MFCG it  82 cost=2.471352e+05 lam=7.682e-08 tau=0.00e+00 cg_it=0 shift=0 ckpt=1 alpha=0 acc mv=234
PCG_PREP o=82 rebuild=1 drift=0 previous_depth=1
POINT_SAFE o=82 frozen=190 slope=-20.365630902969873 candidate=247142.00624080459 original=247131.97953122071 current=247135.2281423565 won=0 mode=1 camera_scale=1 keep_scale=0
ATTR_RADIUS o=82 raw_norm=31689.302162857086 norm=806.33814740741661 radius=1612.6762948148335 next_radius=1612.6762948148335 lambda=7.6823453273307808e-08 next_lambda=7.6823453273307808e-08 rho=0.32324233965416843 accept=1
CLASSICAL_LM o=82 lambda=7.6823453273307808e-08 tau=7.6823453273307808e-08 prediction=10.050079266417471 rho=0.32324233965416843 accept=1
  MFCG it  83 cost=2.471320e+05 lam=7.682e-08 tau=0.00e+00 cg_it=0 shift=0 ckpt=1 alpha=0 acc mv=236
PCG_PREP o=83 rebuild=1 drift=0 previous_depth=1
POINT_SAFE o=83 frozen=202 slope=-20.6985360981135 candidate=247138.56956655622 original=247128.60676675543 current=247131.97953122071 won=0 mode=1 camera_scale=1 keep_scale=0
ATTR_RADIUS o=83 raw_norm=31106.537038047147 norm=806.33814740741627 radius=1612.6762948148335 next_radius=1612.6762948148335 lambda=7.6823453273307808e-08 next_lambda=7.6823453273307808e-08 rho=0.33027449891953842 accept=1
CLASSICAL_LM o=83 lambda=7.6823453273307808e-08 tau=7.6823453273307808e-08 prediction=10.21200388257752 rho=0.33027449891953842 accept=1
  MFCG it  84 cost=2.471286e+05 lam=7.682e-08 tau=0.00e+00 cg_it=0 shift=0 ckpt=1 alpha=0 acc mv=238
PCG_PREP o=84 rebuild=1 drift=0 previous_depth=1
POINT_SAFE o=84 frozen=216 slope=-21.029949479230581 candidate=247134.99244648954 original=247125.1059735248 current=247128.60676675543 won=0 mode=1 camera_scale=1 keep_scale=0
ATTR_RADIUS o=84 raw_norm=30535.599645544171 norm=806.33814740741661 radius=1612.6762948148335 next_radius=1612.6762948148335 lambda=7.6823453273307808e-08 next_lambda=7.6823453273307808e-08 rho=0.33749172937020272 accept=1
CLASSICAL_LM o=84 lambda=7.6823453273307808e-08 tau=7.6823453273307808e-08 prediction=10.372974879015329 rho=0.33749172937020272 accept=1
  MFCG it  85 cost=2.471251e+05 lam=7.682e-08 tau=0.00e+00 cg_it=0 shift=0 ckpt=1 alpha=0 acc mv=240
PCG_PREP o=85 rebuild=1 drift=0 previous_depth=1
POINT_SAFE o=85 frozen=230 slope=-21.358704273182138 candidate=247131.2719529093 original=247121.47375690215 current=247125.1059735248 won=0 mode=1 camera_scale=1 keep_scale=0
ATTR_RADIUS o=85 raw_norm=29976.392593508455 norm=806.33814740741673 radius=1612.6762948148335 next_radius=1612.6762948148335 lambda=7.6823453273307808e-08 next_lambda=7.6823453273307808e-08 rho=0.34485782463246156 accept=1
CLASSICAL_LM o=85 lambda=7.6823453273307808e-08 tau=7.6823453273307808e-08 prediction=10.532504595238926 rho=0.34485782463246156 accept=1
  MFCG it  86 cost=2.471215e+05 lam=7.682e-08 tau=0.00e+00 cg_it=0 shift=0 ckpt=1 alpha=0 acc mv=242
PCG_PREP o=86 rebuild=1 drift=0 previous_depth=1
POINT_SAFE o=86 frozen=251 slope=-21.683821299594591 candidate=247127.40565083959 original=247117.7072063298 current=247121.47375690215 won=0 mode=1 camera_scale=1 keep_scale=0
ATTR_RADIUS o=86 raw_norm=29428.762609600984 norm=806.3381474074165 radius=1612.6762948148335 next_radius=1612.6762948148335 lambda=7.6823453273307808e-08 next_lambda=7.6823453273307808e-08 rho=0.35233992294284872 accept=1
CLASSICAL_LM o=86 lambda=7.6823453273307808e-08 tau=7.6823453273307808e-08 prediction=10.690104433516501 rho=0.35233992294284872 accept=1
  MFCG it  87 cost=2.471177e+05 lam=7.682e-08 tau=0.00e+00 cg_it=0 shift=0 ckpt=1 alpha=0 acc mv=244
PCG_PREP o=87 rebuild=1 drift=0 previous_depth=1
POINT_SAFE o=87 frozen=268 slope=-22.004321524540554 candidate=247123.39157669945 original=247113.80388270936 current=247117.7072063298 won=0 mode=1 camera_scale=1 keep_scale=0
ATTR_RADIUS o=87 raw_norm=28892.80993032064 norm=806.3381474074173 radius=1612.6762948148335 next_radius=1612.6762948148335 lambda=7.6823453273307808e-08 next_lambda=7.6823453273307808e-08 rho=0.35990911827404082 accept=1
CLASSICAL_LM o=87 lambda=7.6823453273307808e-08 tau=7.6823453273307808e-08 prediction=10.845303500950243 rho=0.35990911827404082 accept=1
  MFCG it  88 cost=2.471138e+05 lam=7.682e-08 tau=0.00e+00 cg_it=0 shift=0 ckpt=1 alpha=0 acc mv=246
PCG_PREP o=88 rebuild=1 drift=0 previous_depth=1
POINT_SAFE o=88 frozen=284 slope=-22.319271279934107 candidate=247119.22824600339 original=247109.76181782255 current=247113.80388270936 won=0 mode=1 camera_scale=1 keep_scale=0
ATTR_RADIUS o=88 raw_norm=28368.353732868687 norm=806.33814740741673 radius=1612.6762948148335 next_radius=1612.6762948148335 lambda=7.6823453273307808e-08 next_lambda=7.6823453273307808e-08 rho=0.36753942195473976 accept=1
CLASSICAL_LM o=88 lambda=7.6823453273307808e-08 tau=7.6823453273307808e-08 prediction=10.997636295188668 rho=0.36753942195473976 accept=1
  MFCG it  89 cost=2.471098e+05 lam=7.682e-08 tau=0.00e+00 cg_it=0 shift=0 ckpt=1 alpha=0 acc mv=248
PCG_PREP o=89 rebuild=1 drift=0 previous_depth=1
POINT_SAFE o=89 frozen=297 slope=-22.627728269673401 candidate=247114.91465852046 original=247105.57951596161 current=247109.76181782255 won=0 mode=1 camera_scale=1 keep_scale=0
ATTR_RADIUS o=89 raw_norm=27855.485990395835 norm=806.33814740741695 radius=1612.6762948148335 next_radius=1612.6762948148335 lambda=7.6823453273307808e-08 next_lambda=7.6823453273307808e-08 rho=0.37520737794524078 accept=1
CLASSICAL_LM o=89 lambda=7.6823453273307808e-08 tau=7.6823453273307808e-08 prediction=11.146640782616359 rho=0.37520737794524078 accept=1
  MFCG it  90 cost=2.471056e+05 lam=7.682e-08 tau=0.00e+00 cg_it=0 shift=0 ckpt=1 alpha=0 acc mv=250
PCG_PREP o=90 rebuild=1 drift=0 previous_depth=1
POINT_SAFE o=90 frozen=321 slope=-22.928793838177643 candidate=247110.45026637934 original=247101.25594707875 current=247105.57951596161 won=0 mode=1 camera_scale=1 keep_scale=0
ATTR_RADIUS o=90 raw_norm=27354.110154638849 norm=806.33814740741661 radius=1612.6762948148335 next_radius=1612.6762948148335 lambda=7.6823453273307808e-08 next_lambda=7.6823453273307808e-08 rho=0.38289226579857011 accept=1
CLASSICAL_LM o=90 lambda=7.6823453273307808e-08 tau=7.6823453273307808e-08 prediction=11.291867893544071 rho=0.38289226579857011 accept=1
  MFCG it  91 cost=2.471013e+05 lam=7.682e-08 tau=0.00e+00 cg_it=0 shift=0 ckpt=1 alpha=0 acc mv=252
PCG_PREP o=91 rebuild=1 drift=0 previous_depth=1
POINT_SAFE o=91 frozen=344 slope=-23.221553393743775 candidate=247105.83500514508 original=247096.79054478521 current=247101.25594707875 won=0 mode=1 camera_scale=1 keep_scale=0
ATTR_RADIUS o=91 raw_norm=26864.1676958637 norm=806.33814740741673 radius=1612.6762948148335 next_radius=1612.6762948148335 lambda=7.6823453273307808e-08 next_lambda=7.6823453273307808e-08 rho=0.3905755758032099 accept=1
CLASSICAL_LM o=91 lambda=7.6823453273307808e-08 tau=7.6823453273307808e-08 prediction=11.432876426949807 rho=0.3905755758032099 accept=1
  MFCG it  92 cost=2.470968e+05 lam=7.682e-08 tau=0.00e+00 cg_it=0 shift=0 ckpt=1 alpha=0 acc mv=254
PCG_PREP o=92 rebuild=1 drift=0 previous_depth=1
POINT_SAFE o=92 frozen=378 slope=-23.505172632363866 candidate=247101.06924237058 original=247092.18319555841 current=247096.79054478521 won=0 mode=1 camera_scale=1 keep_scale=0
ATTR_RADIUS o=92 raw_norm=26385.665031637072 norm=806.33814740741718 radius=1612.6762948148335 next_radius=1612.6762948148335 lambda=7.6823453273307808e-08 next_lambda=7.6823453273307808e-08 rho=0.39824119844137634 accept=1
CLASSICAL_LM o=92 lambda=7.6823453273307808e-08 tau=7.6823453273307808e-08 prediction=11.569243073886662 rho=0.39824119844137634 accept=1
  MFCG it  93 cost=2.470922e+05 lam=7.682e-08 tau=0.00e+00 cg_it=0 shift=0 ckpt=1 alpha=0 acc mv=256
PCG_PREP o=93 rebuild=1 drift=0 previous_depth=1
POINT_SAFE o=93 frozen=411 slope=-23.778820176335639 candidate=247096.15380284621 original=247087.43423387723 current=247092.18319555841 won=0 mode=1 camera_scale=1 keep_scale=0
ATTR_RADIUS o=93 raw_norm=25918.608510640363 norm=806.33814740741673 radius=1612.6762948148335 next_radius=1612.6762948148335 lambda=7.6823453273307808e-08 next_lambda=7.6823453273307808e-08 rho=0.40587487948771778 accept=1
CLASSICAL_LM o=93 lambda=7.6823453273307808e-08 tau=7.6823453273307808e-08 prediction=11.70055581457498 rho=0.40587487948771778 accept=1
  MFCG it  94 cost=2.470874e+05 lam=7.682e-08 tau=0.00e+00 cg_it=0 shift=0 ckpt=1 alpha=0 acc mv=258
PCG_PREP o=94 rebuild=1 drift=0 previous_depth=1
POINT_SAFE o=94 frozen=451 slope=-24.041948264781446 candidate=247091.08951353762 original=247082.54442697891 current=247087.43423387723 won=0 mode=1 camera_scale=1 keep_scale=0
ATTR_RADIUS o=94 raw_norm=25462.895341274419 norm=806.33814740741661 radius=1612.6762948148335 next_radius=1612.6762948148335 lambda=7.6823453273307808e-08 next_lambda=7.6823453273307808e-08 rho=0.41346449798734997 accept=1
CLASSICAL_LM o=94 lambda=7.6823453273307808e-08 tau=7.6823453273307808e-08 prediction=11.82642505490371 rho=0.41346449798734997 accept=1
  MFCG it  95 cost=2.470825e+05 lam=7.682e-08 tau=0.00e+00 cg_it=0 shift=0 ckpt=1 alpha=0 acc mv=260
PCG_PREP o=95 rebuild=1 drift=0 previous_depth=1
POINT_SAFE o=95 frozen=483 slope=-24.293598742258958 candidate=247085.87836370993 original=247077.51496283396 current=247082.54442697891 won=0 mode=1 camera_scale=1 keep_scale=0
ATTR_RADIUS o=95 raw_norm=25018.557140090172 norm=806.3381474074173 radius=1612.6762948148335 next_radius=1612.6762948148335 lambda=7.6823453273307808e-08 next_lambda=7.6823453273307808e-08 rho=0.42099964439991339 accept=1
CLASSICAL_LM o=95 lambda=7.6823453273307808e-08 tau=7.6823453273307808e-08 prediction=11.946480743771426 rho=0.42099964439991339 accept=1
  MFCG it  96 cost=2.470775e+05 lam=7.682e-08 tau=0.00e+00 cg_it=0 shift=0 ckpt=1 alpha=0 acc mv=262
PCG_PREP o=96 rebuild=1 drift=0 previous_depth=1
POINT_SAFE o=96 frozen=514 slope=-24.532999642232284 candidate=247080.52259959278 original=247072.3474350773 current=247077.51496283396 won=0 mode=1 camera_scale=1 keep_scale=0
ATTR_RADIUS o=96 raw_norm=24585.560426118896 norm=806.33814740741718 radius=1612.6762948148335 next_radius=1612.6762948148335 lambda=7.6823453273307808e-08 next_lambda=7.6823453273307808e-08 rho=0.4284715617992344 accept=1
CLASSICAL_LM o=96 lambda=7.6823453273307808e-08 tau=7.6823453273307808e-08 prediction=12.060375103902542 rho=0.4284715617992344 accept=1
  MFCG it  97 cost=2.470723e+05 lam=7.682e-08 tau=0.00e+00 cg_it=0 shift=0 ckpt=1 alpha=0 acc mv=264
PCG_PREP o=97 rebuild=1 drift=0 previous_depth=1
POINT_SAFE o=97 frozen=534 slope=-24.759484054060405 candidate=247075.02470148518 original=247067.0438288422 current=247072.3474350773 won=0 mode=1 camera_scale=1 keep_scale=0
ATTR_RADIUS o=97 raw_norm=24163.812878384357 norm=806.33814740741695 radius=1612.6762948148335 next_radius=1612.6762948148335 lambda=7.6823453273307808e-08 next_lambda=7.6823453273307808e-08 rho=0.43587288345777264 accept=1
CLASSICAL_LM o=97 lambda=7.6823453273307808e-08 tau=7.6823453273307808e-08 prediction=12.167782021741358 rho=0.43587288345777264 accept=1
  MFCG it  98 cost=2.470670e+05 lam=7.682e-08 tau=0.00e+00 cg_it=0 shift=0 ckpt=1 alpha=0 acc mv=266
PCG_PREP o=98 rebuild=1 drift=0 previous_depth=1
POINT_SAFE o=98 frozen=554 slope=-24.972411745702541 candidate=247069.38759869951 original=247061.60649240253 current=247067.0438288422 won=0 mode=1 camera_scale=1 keep_scale=0
ATTR_RADIUS o=98 raw_norm=23753.325804245971 norm=806.33814740741639 radius=1612.6762948148335 next_radius=1612.6762948148335 lambda=7.6823453273307808e-08 next_lambda=7.6823453273307808e-08 rho=0.44319806458467847 accept=1
CLASSICAL_LM o=98 lambda=7.6823453273307808e-08 tau=7.6823453273307808e-08 prediction=12.268411967840136 rho=0.44319806458467847 accept=1
  MFCG it  99 cost=2.470616e+05 lam=7.682e-08 tau=0.00e+00 cg_it=0 shift=0 ckpt=1 alpha=0 acc mv=268
PCG_PREP o=99 rebuild=1 drift=0 previous_depth=1
POINT_SAFE o=99 frozen=572 slope=-25.17123104098366 candidate=247063.61444759771 original=247056.03812596461 current=247061.60649240253 won=0 mode=1 camera_scale=1 keep_scale=0
ATTR_RADIUS o=99 raw_norm=23354.016152542528 norm=806.33814740741661 radius=1612.6762948148335 next_radius=1612.6762948148335 lambda=7.6823453273307808e-08 next_lambda=7.6823453273307808e-08 rho=0.45044242618375446 accept=1
CLASSICAL_LM o=99 lambda=7.6823453273307808e-08 tau=7.6823453273307808e-08 prediction=12.361993707151386 rho=0.45044242618375446 accept=1
  MFCG it 100 cost=2.470560e+05 lam=7.682e-08 tau=0.00e+00 cg_it=0 shift=0 ckpt=1 alpha=0 acc mv=270
PCG_PREP o=100 rebuild=1 drift=0 previous_depth=1
POINT_SAFE o=100 frozen=590 slope=-25.355502974429246 candidate=247057.70864363393 original=247050.34174781275 current=247056.03812596461 won=0 mode=1 camera_scale=1 keep_scale=0
ATTR_RADIUS o=100 raw_norm=22965.92872478913 norm=806.33814740741695 radius=1612.6762948148335 next_radius=1612.6762948148335 lambda=7.6823453273307808e-08 next_lambda=7.6823453273307808e-08 rho=0.45760295902212872 accept=1
CLASSICAL_LM o=100 lambda=7.6823453273307808e-08 tau=7.6823453273307808e-08 prediction=12.448298332750939 rho=0.45760295902212872 accept=1
  MFCG it 101 cost=2.470503e+05 lam=7.682e-08 tau=0.00e+00 cg_it=0 shift=0 ckpt=1 alpha=0 acc mv=272
PCG_PREP o=101 rebuild=1 drift=0 previous_depth=1
POINT_SAFE o=101 frozen=611 slope=-25.52488881847006 candidate=247051.67381243838 original=247044.52067022052 current=247050.34174781275 won=0 mode=1 camera_scale=1 keep_scale=0
ATTR_RADIUS o=101 raw_norm=22588.976402738423 norm=806.33814740741673 radius=1612.6762948148335 next_radius=1612.6762948148335 lambda=7.6823453273307808e-08 next_lambda=7.6823453273307808e-08 rho=0.46467771755872439 accept=1
CLASSICAL_LM o=101 lambda=7.6823453273307808e-08 tau=7.6823453273307808e-08 prediction=12.527128743802336 rho=0.46467771755872439 accept=1
  MFCG it 102 cost=2.470445e+05 lam=7.682e-08 tau=0.00e+00 cg_it=0 shift=0 ckpt=1 alpha=0 acc mv=274
PCG_PREP o=102 rebuild=1 drift=0 previous_depth=1
POINT_SAFE o=102 frozen=626 slope=-25.678908983302783 candidate=247045.51418743265 original=247038.57847624423 current=247044.52067022052 won=0 mode=1 camera_scale=1 keep_scale=0
ATTR_RADIUS o=102 raw_norm=22223.099196425559 norm=806.3381474074165 radius=1612.6762948148335 next_radius=1612.6762948148335 lambda=7.6823453273307808e-08 next_lambda=7.6823453273307808e-08 rho=0.4716656371350661 accept=1
CLASSICAL_LM o=102 lambda=7.6823453273307808e-08 tau=7.6823453273307808e-08 prediction=12.598318614806574 rho=0.4716656371350661 accept=1
  MFCG it 103 cost=2.470386e+05 lam=7.682e-08 tau=0.00e+00 cg_it=0 shift=0 ckpt=1 alpha=0 acc mv=276
PCG_PREP o=103 rebuild=1 drift=0 previous_depth=1
POINT_SAFE o=103 frozen=650 slope=-25.817279270312397 candidate=247039.23409055744 original=247032.51898624314 current=247038.57847624423 won=0 mode=1 camera_scale=1 keep_scale=0
ATTR_RADIUS o=103 raw_norm=21868.28626009632 norm=806.33814740741707 radius=1612.6762948148335 next_radius=1612.6762948148335 lambda=7.6823453273307808e-08 next_lambda=7.6823453273307808e-08 rho=0.47856681416249269 accept=1
CLASSICAL_LM o=103 lambda=7.6823453273307808e-08 tau=7.6823453273307808e-08 prediction=12.661742982942387 rho=0.47856681416249269 accept=1
  MFCG it 104 cost=2.470325e+05 lam=7.682e-08 tau=0.00e+00 cg_it=0 shift=0 ckpt=1 alpha=0 acc mv=278
PCG_PREP o=104 rebuild=1 drift=0 previous_depth=1
POINT_SAFE o=104 frozen=671 slope=-25.939867359292492 candidate=247032.83781738917 original=247026.34622694025 current=247032.51898624314 won=0 mode=1 camera_scale=1 keep_scale=0
ATTR_RADIUS o=104 raw_norm=21524.496066017735 norm=806.33814740741684 radius=1612.6762948148335 next_radius=1612.6762948148335 lambda=7.6823453273307808e-08 next_lambda=7.6823453273307808e-08 rho=0.48538225464327744 accept=1
CLASSICAL_LM o=104 lambda=7.6823453273307808e-08 tau=7.6823453273307808e-08 prediction=12.717315566940831 rho=0.48538225464327744 accept=1
  MFCG it 105 cost=2.470263e+05 lam=7.682e-08 tau=0.00e+00 cg_it=0 shift=0 ckpt=1 alpha=0 acc mv=280
PCG_PREP o=105 rebuild=1 drift=0 previous_depth=1
POINT_SAFE o=105 frozen=689 slope=-26.046491699739324 candidate=247026.33003865639 original=247020.06440138351 current=247026.34622694025 won=0 mode=1 camera_scale=1 keep_scale=0
ATTR_RADIUS o=105 raw_norm=21191.680035506135 norm=806.33814740741684 radius=1612.6762948148335 next_radius=1612.6762948148335 lambda=7.6823453273307808e-08 next_lambda=7.6823453273307808e-08 rho=0.4921137383639167 accept=1
CLASSICAL_LM o=105 lambda=7.6823453273307808e-08 tau=7.6823453273307808e-08 prediction=12.764987170698616 rho=0.4921137383639167 accept=1
  MFCG it 106 cost=2.470201e+05 lam=7.682e-08 tau=0.00e+00 cg_it=0 shift=0 ckpt=1 alpha=0 acc mv=282
PCG_PREP o=106 rebuild=1 drift=0 previous_depth=1
ATTR_RADIUS o=106 raw_norm=20869.817251652126 norm=0 radius=1612.6762948148335 next_radius=403.16907370370836 lambda=7.6823453273307808e-08 next_lambda=1.2291752523729249e-06 rho=0.012910842874466869 accept=0
CLASSICAL_LM o=106 lambda=7.6823453273307808e-08 tau=7.6823453273307808e-08 prediction=25.097238787529662 rho=0.012910842874466869 accept=0
  MFCG it 107  retry 1/8  lam=1.229e-06 tau_eff=7.682e-08  (assembly reused)
PCG_PREP o=106 rebuild=1 drift=0 previous_depth=1
ATTR_RADIUS o=106 raw_norm=1592.8229344181561 norm=403.16907370370831 radius=403.16907370370836 next_radius=806.33814740741673 lambda=1.2291752523729249e-06 next_lambda=3.0729381309323123e-07 rho=0.97536952563169743 accept=1
CLASSICAL_LM o=106 lambda=1.2291752523729249e-06 tau=1.2291752523729249e-06 prediction=71.657516033035904 rho=0.97536952563169743 accept=1
  MFCG it 107 cost=2.469502e+05 lam=3.073e-07 tau=0.00e+00 cg_it=0 shift=0 ckpt=1 alpha=0 acc mv=286
PCG_PREP o=107 rebuild=1 drift=0 previous_depth=1
ATTR_RADIUS o=107 raw_norm=7395.0587608445067 norm=806.33814740741673 radius=806.33814740741673 next_radius=1612.6762948148335 lambda=3.0729381309323123e-07 next_lambda=7.6823453273307808e-08 rho=0.9982716497403763 accept=1
CLASSICAL_LM o=107 lambda=3.0729381309323123e-07 tau=3.0729381309323123e-07 prediction=126.41324251411174 rho=0.9982716497403763 accept=1
  MFCG it 108 cost=2.468240e+05 lam=7.682e-08 tau=0.00e+00 cg_it=1 shift=0 ckpt=2 alpha=0 acc mv=289
PCG_PREP o=108 rebuild=1 drift=0 previous_depth=2
ATTR_RADIUS o=108 raw_norm=29347.021783698354 norm=1612.676294814833 radius=1612.6762948148335 next_radius=1612.6762948148335 lambda=7.6823453273307808e-08 next_lambda=7.6823453273307808e-08 rho=0.71150051046697849 accept=1
CLASSICAL_LM o=108 lambda=7.6823453273307808e-08 tau=7.6823453273307808e-08 prediction=64.545143881026888 rho=0.71150051046697849 accept=1
  MFCG it 109 cost=2.467781e+05 lam=7.682e-08 tau=0.00e+00 cg_it=2 shift=0 ckpt=3 alpha=0 acc mv=293
PCG_PREP o=109 rebuild=1 drift=0 previous_depth=3
ATTR_RADIUS o=109 raw_norm=5027.0750978857577 norm=1612.6762948148337 radius=1612.6762948148335 next_radius=3225.3525896296669 lambda=7.6823453273307808e-08 next_lambda=7.6823453273307808e-08 rho=0.99956330894010614 accept=1
CLASSICAL_LM o=109 lambda=7.6823453273307808e-08 tau=7.6823453273307808e-08 prediction=243.36708821798246 rho=0.99956330894010614 accept=1
  MFCG it 110 cost=2.465348e+05 lam=7.682e-08 tau=0.00e+00 cg_it=1 shift=0 ckpt=2 alpha=0 acc mv=296
PCG_PREP o=110 rebuild=1 drift=0 previous_depth=2
ATTR_RADIUS o=110 raw_norm=19066.287035222998 norm=3225.352589629666 radius=3225.3525896296669 next_radius=3225.3525896296669 lambda=7.6823453273307808e-08 next_lambda=7.6823453273307808e-08 rho=0.52720707645874199 accept=1
CLASSICAL_LM o=110 lambda=7.6823453273307808e-08 tau=7.6823453273307808e-08 prediction=120.6790010330169 rho=0.52720707645874199 accept=1
  MFCG it 111 cost=2.464712e+05 lam=7.682e-08 tau=0.00e+00 cg_it=3 shift=0 ckpt=4 alpha=0 acc mv=301
PCG_PREP o=111 rebuild=1 drift=0 previous_depth=4
POINT_SAFE o=111 frozen=8 slope=-57.643650924715175 candidate=246523.30808579439 original=246469.59516199204 current=246471.16954967845 won=0 mode=1 camera_scale=1 keep_scale=0
ATTR_RADIUS o=111 raw_norm=20165.228317486875 norm=3225.3525896296669 radius=3225.3525896296669 next_radius=806.33814740741673 lambda=7.6823453273307808e-08 next_lambda=1.2291752523729249e-06 rho=0.062634260238903797 accept=0
CLASSICAL_LM o=111 lambda=7.6823453273307808e-08 tau=7.6823453273307808e-08 prediction=25.136206293636683 rho=0.062634260238903797 accept=0
  MFCG it 112  retry 1/8  lam=1.229e-06 tau_eff=7.682e-08  (assembly reused)
PCG_PREP o=111 rebuild=1 drift=0 previous_depth=1
ATTR_RADIUS o=111 raw_norm=1462.8990340131052 norm=806.33814740741684 radius=806.33814740741673 next_radius=1612.6762948148335 lambda=1.2291752523729249e-06 next_lambda=3.0729381309323123e-07 rho=0.98131761871539325 accept=1
CLASSICAL_LM o=111 lambda=1.2291752523729249e-06 tau=1.2291752523729249e-06 prediction=87.996942703721032 rho=0.98131761871539325 accept=1
  MFCG it 112 cost=2.463848e+05 lam=3.073e-07 tau=0.00e+00 cg_it=0 shift=0 ckpt=1 alpha=0 acc mv=305
PCG_PREP o=112 rebuild=1 drift=0 previous_depth=1
ATTR_RADIUS o=112 raw_norm=6220.1984184652183 norm=1612.6762948148337 radius=1612.6762948148335 next_radius=3225.3525896296669 lambda=3.0729381309323123e-07 next_lambda=7.6823453273307808e-08 rho=0.9301860475136684 accept=1
CLASSICAL_LM o=112 lambda=3.0729381309323123e-07 tau=3.0729381309323123e-07 prediction=164.30450572682369 rho=0.9301860475136684 accept=1
  MFCG it 113 cost=2.462320e+05 lam=7.682e-08 tau=0.00e+00 cg_it=5 shift=0 ckpt=6 alpha=0 acc mv=312
PCG_PREP o=113 rebuild=1 drift=0 previous_depth=6
ATTR_RADIUS o=113 raw_norm=20352.10684550499 norm=3225.3525896296678 radius=3225.3525896296669 next_radius=3225.3525896296669 lambda=7.6823453273307808e-08 next_lambda=7.6823453273307808e-08 rho=0.56739745328718327 accept=1
CLASSICAL_LM o=113 lambda=7.6823453273307808e-08 tau=7.6823453273307808e-08 prediction=86.2532769510874 rho=0.56739745328718327 accept=1
  MFCG it 114 cost=2.461830e+05 lam=7.682e-08 tau=0.00e+00 cg_it=2 shift=0 ckpt=3 alpha=0 acc mv=316
PCG_PREP o=114 rebuild=1 drift=0 previous_depth=3
ATTR_RADIUS o=114 raw_norm=7695.4077773257141 norm=3225.3525896296678 radius=3225.3525896296669 next_radius=6450.7051792593338 lambda=7.6823453273307808e-08 next_lambda=7.6823453273307808e-08 rho=0.81774854051223878 accept=1
CLASSICAL_LM o=114 lambda=7.6823453273307808e-08 tau=7.6823453273307808e-08 prediction=682.13532372296322 rho=0.81774854051223878 accept=1
  MFCG it 115 cost=2.456252e+05 lam=7.682e-08 tau=0.00e+00 cg_it=1 shift=0 ckpt=2 alpha=0 acc mv=319
PCG_PREP o=115 rebuild=1 drift=0 previous_depth=2
POINT_SAFE o=115 frozen=32 slope=-367.5295955658562 candidate=245973.70043108874 original=245603.84703054445 current=245625.22778555346 won=0 mode=1 camera_scale=1 keep_scale=0
ATTR_RADIUS o=115 raw_norm=24656.205739368947 norm=3225.3525896296678 radius=6450.7051792593338 next_radius=1612.6762948148335 lambda=7.6823453273307808e-08 next_lambda=1.2291752523729249e-06 rho=0.13666136740590581 accept=1
CLASSICAL_LM o=115 lambda=7.6823453273307808e-08 tau=7.6823453273307808e-08 prediction=156.45061523136243 rho=0.13666136740590581 accept=1
  MFCG it 116 cost=2.456038e+05 lam=1.229e-06 tau=0.00e+00 cg_it=0 shift=0 ckpt=1 alpha=0 acc mv=321
PCG_PREP o=116 rebuild=1 drift=0 previous_depth=1
ATTR_RADIUS o=116 raw_norm=1434.1469988935482 norm=1434.1469988935485 radius=1612.6762948148335 next_radius=3225.3525896296669 lambda=1.2291752523729249e-06 next_lambda=3.0729381309323123e-07 rho=0.97100678712452859 accept=1
CLASSICAL_LM o=116 lambda=1.2291752523729249e-06 tau=1.2291752523729249e-06 prediction=453.17563739490021 rho=0.97100678712452859 accept=1
  MFCG it 117 cost=2.451638e+05 lam=3.073e-07 tau=0.00e+00 cg_it=0 shift=0 ckpt=1 alpha=0 acc mv=323
PCG_PREP o=117 rebuild=1 drift=0 previous_depth=1
ATTR_RADIUS o=117 raw_norm=4210.2237063658013 norm=3225.3525896296683 radius=3225.3525896296669 next_radius=6450.7051792593338 lambda=3.0729381309323123e-07 next_lambda=7.6823453273307808e-08 rho=0.77362057954594732 accept=1
CLASSICAL_LM o=117 lambda=3.0729381309323123e-07 tau=3.0729381309323123e-07 prediction=174.58919999672725 rho=0.77362057954594732 accept=1
  MFCG it 118 cost=2.450287e+05 lam=7.682e-08 tau=0.00e+00 cg_it=17 shift=0 ckpt=18 alpha=0 acc mv=342
PCG_PREP o=118 rebuild=1 drift=0 previous_depth=18
POINT_SAFE o=118 frozen=21 slope=-74.554449870983376 candidate=245433.51166553027 original=245027.76781067907 current=245028.74461279059 won=0 mode=1 camera_scale=1 keep_scale=0
ATTR_RADIUS o=118 raw_norm=14399.841700951569 norm=6450.7051792593338 radius=6450.7051792593338 next_radius=1612.6762948148335 lambda=7.6823453273307808e-08 next_lambda=1.2291752523729249e-06 rho=0.058145792050864106 accept=0
CLASSICAL_LM o=118 lambda=7.6823453273307808e-08 tau=7.6823453273307808e-08 prediction=16.799188334411756 rho=0.058145792050864106 accept=0
  MFCG it 119  retry 1/8  lam=1.229e-06 tau_eff=7.682e-08  (assembly reused)
PCG_PREP o=118 rebuild=1 drift=0 previous_depth=1
ATTR_RADIUS o=118 raw_norm=1022.336781576383 norm=1022.336781576383 radius=1612.6762948148335 next_radius=1612.6762948148335 lambda=1.2291752523729249e-06 next_lambda=1.2291752523729251e-07 rho=0.8006613307287429 accept=1
CLASSICAL_LM o=118 lambda=1.2291752523729249e-06 tau=1.2291752523729249e-06 prediction=44.094988682118867 rho=0.8006613307287429 accept=1
  MFCG it 119 cost=2.449934e+05 lam=1.229e-07 tau=0.00e+00 cg_it=0 shift=0 ckpt=1 alpha=0 acc mv=346
PCG_PREP o=119 rebuild=1 drift=0 previous_depth=1
ATTR_RADIUS o=119 raw_norm=7693.7893451290529 norm=1612.6762948148335 radius=1612.6762948148335 next_radius=1612.6762948148335 lambda=1.2291752523729251e-07 next_lambda=1.2291752523729251e-07 rho=0.43591882800056919 accept=1
CLASSICAL_LM o=119 lambda=1.2291752523729251e-07 tau=1.2291752523729251e-07 prediction=14.463048180326657 rho=0.43591882800056919 accept=1
  MFCG it 120 cost=2.449871e+05 lam=1.229e-07 tau=0.00e+00 cg_it=18 shift=0 ckpt=19 alpha=0 acc mv=366
PCG_PREP o=120 rebuild=1 drift=0 previous_depth=19
POINT_SAFE o=120 frozen=2 slope=-8.5601626705619367 candidate=244989.01641909152 original=244985.71600490346 current=244987.13474546181 won=0 mode=1 camera_scale=1 keep_scale=0
ATTR_RADIUS o=120 raw_norm=8115.0309395941413 norm=806.33814740741707 radius=1612.6762948148335 next_radius=1612.6762948148335 lambda=1.2291752523729251e-07 next_lambda=7.6823453273307808e-08 rho=0.37726385784461314 accept=1
CLASSICAL_LM o=120 lambda=1.2291752523729251e-07 tau=1.2291752523729251e-07 prediction=3.7606055519239279 rho=0.37726385784461314 accept=1
  MFCG it 121 cost=2.449857e+05 lam=7.682e-08 tau=0.00e+00 cg_it=0 shift=0 ckpt=1 alpha=0 acc mv=368
PCG_PREP o=121 rebuild=1 drift=0 previous_depth=1
POINT_SAFE o=121 frozen=2 slope=-5.4123976765999515 candidate=244989.61513429831 original=244985.33301034058 current=244985.71600490346 won=0 mode=1 camera_scale=1 keep_scale=0
ATTR_RADIUS o=121 raw_norm=12110.960109381329 norm=806.33814740741661 radius=1612.6762948148335 next_radius=403.16907370370836 lambda=7.6823453273307808e-08 next_lambda=1.2291752523729249e-06 rho=0.15513812894729564 accept=1
CLASSICAL_LM o=121 lambda=7.6823453273307808e-08 tau=7.6823453273307808e-08 prediction=2.4687326415567674 rho=0.15513812894729564 accept=1
  MFCG it 122 cost=2.449853e+05 lam=1.229e-06 tau=0.00e+00 cg_it=0 shift=0 ckpt=1 alpha=0 acc mv=370
PCG_PREP o=122 rebuild=1 drift=0 previous_depth=1
ATTR_RADIUS o=122 raw_norm=881.66472488994339 norm=403.16907370370842 radius=403.16907370370836 next_radius=806.33814740741673 lambda=1.2291752523729249e-06 next_lambda=3.0729381309323123e-07 rho=0.93913958632495098 accept=1
CLASSICAL_LM o=122 lambda=1.2291752523729249e-06 tau=1.2291752523729249e-06 prediction=4.8681910464668041 rho=0.93913958632495098 accept=1
  MFCG it 123 cost=2.449808e+05 lam=3.073e-07 tau=0.00e+00 cg_it=0 shift=0 ckpt=1 alpha=0 acc mv=372
PCG_PREP o=123 rebuild=1 drift=0 previous_depth=1
ATTR_RADIUS o=123 raw_norm=3333.7392099729964 norm=806.33814740741684 radius=806.33814740741673 next_radius=806.33814740741673 lambda=3.0729381309323123e-07 next_lambda=3.0729381309323123e-07 rho=0.45745246454601984 accept=1
CLASSICAL_LM o=123 lambda=3.0729381309323123e-07 tau=3.0729381309323123e-07 prediction=1.7670607583957634 rho=0.45745246454601984 accept=1
  MFCG it 124 cost=2.449800e+05 lam=3.073e-07 tau=0.00e+00 cg_it=0 shift=0 ckpt=1 alpha=0 acc mv=374
PCG_PREP o=124 rebuild=1 drift=0 previous_depth=1
ATTR_RADIUS o=124 raw_norm=3250.057357152144 norm=806.3381474074165 radius=806.33814740741673 next_radius=806.33814740741673 lambda=3.0729381309323123e-07 next_lambda=3.0729381309323123e-07 rho=0.45962282969263041 accept=1
CLASSICAL_LM o=124 lambda=3.0729381309323123e-07 tau=3.0729381309323123e-07 prediction=1.7906577739644214 rho=0.45962282969263041 accept=1
  MFCG it 125 cost=2.449791e+05 lam=3.073e-07 tau=0.00e+00 cg_it=0 shift=0 ckpt=1 alpha=0 acc mv=376
PCG_PREP o=125 rebuild=1 drift=0 previous_depth=1
ATTR_RADIUS o=125 raw_norm=3169.8366072857402 norm=806.3381474074165 radius=806.33814740741673 next_radius=806.33814740741673 lambda=3.0729381309323123e-07 next_lambda=3.0729381309323123e-07 rho=0.45843137669482431 accept=1
CLASSICAL_LM o=125 lambda=3.0729381309323123e-07 tau=3.0729381309323123e-07 prediction=1.8012589135202872 rho=0.45843137669482431 accept=1
  MFCG it 126 cost=2.449783e+05 lam=3.073e-07 tau=0.00e+00 cg_it=0 shift=0 ckpt=1 alpha=0 acc mv=378
PCG_PREP o=126 rebuild=1 drift=0 previous_depth=1
ATTR_RADIUS o=126 raw_norm=3093.1317506046266 norm=806.33814740741695 radius=806.33814740741673 next_radius=806.33814740741673 lambda=3.0729381309323123e-07 next_lambda=3.0729381309323123e-07 rho=0.45956413483203068 accept=1
CLASSICAL_LM o=126 lambda=3.0729381309323123e-07 tau=3.0729381309323123e-07 prediction=1.8077658810205237 rho=0.45956413483203068 accept=1
  MFCG it 127 cost=2.449775e+05 lam=3.073e-07 tau=0.00e+00 cg_it=0 shift=0 ckpt=1 alpha=0 acc mv=380
PCG_PREP o=127 rebuild=1 drift=0 previous_depth=1
ATTR_RADIUS o=127 raw_norm=3019.4802331591327 norm=806.33814740741684 radius=806.33814740741673 next_radius=806.33814740741673 lambda=3.0729381309323123e-07 next_lambda=3.0729381309323123e-07 rho=0.46159070933687879 accept=1
CLASSICAL_LM o=127 lambda=3.0729381309323123e-07 tau=3.0729381309323123e-07 prediction=1.8054245447404407 rho=0.46159070933687879 accept=1
  MFCG it 128 cost=2.449766e+05 lam=3.073e-07 tau=0.00e+00 cg_it=0 shift=0 ckpt=1 alpha=0 acc mv=382
PCG_PREP o=128 rebuild=1 drift=0 previous_depth=1
ATTR_RADIUS o=128 raw_norm=2948.5068150790335 norm=806.33814740741695 radius=806.33814740741673 next_radius=806.33814740741673 lambda=3.0729381309323123e-07 next_lambda=3.0729381309323123e-07 rho=0.46388657632951424 accept=1
CLASSICAL_LM o=128 lambda=3.0729381309323123e-07 tau=3.0729381309323123e-07 prediction=1.7940395970466532 rho=0.46388657632951424 accept=1
  MFCG it 129 cost=2.449758e+05 lam=3.073e-07 tau=0.00e+00 cg_it=0 shift=0 ckpt=1 alpha=0 acc mv=384
PCG_PREP o=129 rebuild=1 drift=0 previous_depth=1
ATTR_RADIUS o=129 raw_norm=2879.9146460530042 norm=806.33814740741661 radius=806.33814740741673 next_radius=806.33814740741673 lambda=3.0729381309323123e-07 next_lambda=3.0729381309323123e-07 rho=0.46618714171510572 accept=1
CLASSICAL_LM o=129 lambda=3.0729381309323123e-07 tau=3.0729381309323123e-07 prediction=1.7748221926510315 rho=0.46618714171510572 accept=1
  MFCG it 130 cost=2.449750e+05 lam=3.073e-07 tau=0.00e+00 cg_it=0 shift=0 ckpt=1 alpha=0 acc mv=386
PCG_PREP o=130 rebuild=1 drift=0 previous_depth=1
ATTR_RADIUS o=130 raw_norm=2813.469543635877 norm=806.33814740741639 radius=806.33814740741673 next_radius=806.33814740741673 lambda=3.0729381309323123e-07 next_lambda=3.0729381309323123e-07 rho=0.46839581909506317 accept=1
CLASSICAL_LM o=130 lambda=3.0729381309323123e-07 tau=3.0729381309323123e-07 prediction=1.7493442350549646 rho=0.46839581909506317 accept=1
  MFCG: converged (OCA_FTOL: 8 outers < 1.0e-05 rel)
  [menu-backtrack] confirming stop with original retry policy at outer 131
  MFCG it 131 cost=2.449742e+05 lam=3.073e-07 tau=0.00e+00 cg_it=0 shift=0 ckpt=1 alpha=0 acc mv=388
PCG_PREP o=131 rebuild=1 drift=0 previous_depth=1
ATTR_RADIUS o=131 raw_norm=2748.9737548306125 norm=806.33814740741661 radius=806.33814740741673 next_radius=806.33814740741673 lambda=3.0729381309323123e-07 next_lambda=3.0729381309323123e-07 rho=0.47049522240303299 accept=1
CLASSICAL_LM o=131 lambda=3.0729381309323123e-07 tau=3.0729381309323123e-07 prediction=1.7191428241877984 rho=0.47049522240303299 accept=1
  MFCG it 132 cost=2.449734e+05 lam=3.073e-07 tau=0.00e+00 cg_it=0 shift=0 ckpt=1 alpha=0 acc mv=390
PCG_PREP o=132 rebuild=1 drift=0 previous_depth=1
ATTR_RADIUS o=132 raw_norm=2686.2672682974694 norm=806.33814740741684 radius=806.33814740741673 next_radius=806.33814740741673 lambda=3.0729381309323123e-07 next_lambda=3.0729381309323123e-07 rho=0.4725040711752041 accept=1
CLASSICAL_LM o=132 lambda=3.0729381309323123e-07 tau=3.0729381309323123e-07 prediction=1.6855700642378844 rho=0.4725040711752041 accept=1
  MFCG it 133 cost=2.449726e+05 lam=3.073e-07 tau=0.00e+00 cg_it=0 shift=0 ckpt=1 alpha=0 acc mv=392
PCG_PREP o=133 rebuild=1 drift=0 previous_depth=1
ATTR_RADIUS o=133 raw_norm=2625.2140403147018 norm=806.33814740741695 radius=806.33814740741673 next_radius=806.33814740741673 lambda=3.0729381309323123e-07 next_lambda=3.0729381309323123e-07 rho=0.4744566987849656 accept=1
CLASSICAL_LM o=133 lambda=3.0729381309323123e-07 tau=3.0729381309323123e-07 prediction=1.6497542637558715 rho=0.4744566987849656 accept=1
  MFCG it 134 cost=2.449718e+05 lam=3.073e-07 tau=0.00e+00 cg_it=0 shift=0 ckpt=1 alpha=0 acc mv=394
PCG_PREP o=134 rebuild=1 drift=0 previous_depth=1
ATTR_RADIUS o=134 raw_norm=2565.701474207196 norm=806.33814740741639 radius=806.33814740741673 next_radius=806.33814740741673 lambda=3.0729381309323123e-07 next_lambda=3.0729381309323123e-07 rho=0.47639346184981551 accept=1
CLASSICAL_LM o=134 lambda=3.0729381309323123e-07 tau=3.0729381309323123e-07 prediction=1.6126031751740402 rho=0.47639346184981551 accept=1
  MFCG it 135 cost=2.449710e+05 lam=3.073e-07 tau=0.00e+00 cg_it=0 shift=0 ckpt=1 alpha=0 acc mv=396
PCG_PREP o=135 rebuild=1 drift=0 previous_depth=1
ATTR_RADIUS o=135 raw_norm=2507.6380025216595 norm=806.33814740741639 radius=806.33814740741673 next_radius=806.33814740741673 lambda=3.0729381309323123e-07 next_lambda=3.0729381309323123e-07 rho=0.47835612575617653 accept=1
CLASSICAL_LM o=135 lambda=3.0729381309323123e-07 tau=3.0729381309323123e-07 prediction=1.5748283832859644 rho=0.47835612575617653 accept=1
  MFCG it 136 cost=2.449703e+05 lam=3.073e-07 tau=0.00e+00 cg_it=0 shift=0 ckpt=1 alpha=0 acc mv=398
PCG_PREP o=136 rebuild=1 drift=0 previous_depth=1
ATTR_RADIUS o=136 raw_norm=2450.9391811723781 norm=806.33814740741661 radius=806.33814740741673 next_radius=806.33814740741673 lambda=3.0729381309323123e-07 next_lambda=3.0729381309323123e-07 rho=0.48038741167315252 accept=1
CLASSICAL_LM o=136 lambda=3.0729381309323123e-07 tau=3.0729381309323123e-07 prediction=1.536980701156945 rho=0.48038741167315252 accept=1
  MFCG it 137 cost=2.449695e+05 lam=3.073e-07 tau=0.00e+00 cg_it=0 shift=0 ckpt=1 alpha=0 acc mv=400
PCG_PREP o=137 rebuild=1 drift=0 previous_depth=1
ATTR_RADIUS o=137 raw_norm=2395.5436599971954 norm=806.3381474074165 radius=806.33814740741673 next_radius=806.33814740741673 lambda=3.0729381309323123e-07 next_lambda=3.0729381309323123e-07 rho=0.48253119568522546 accept=1
CLASSICAL_LM o=137 lambda=3.0729381309323123e-07 tau=3.0729381309323123e-07 prediction=1.4994817278727557 rho=0.48253119568522546 accept=1
  MFCG it 138 cost=2.449688e+05 lam=3.073e-07 tau=0.00e+00 cg_it=0 shift=0 ckpt=1 alpha=0 acc mv=402
PCG_PREP o=138 rebuild=1 drift=0 previous_depth=1
ATTR_RADIUS o=138 raw_norm=2341.3820015400734 norm=806.33814740741673 radius=806.33814740741673 next_radius=806.33814740741673 lambda=3.0729381309323123e-07 next_lambda=3.0729381309323123e-07 rho=0.48483406582116728 accept=1
CLASSICAL_LM o=138 lambda=3.0729381309323123e-07 tau=3.0729381309323123e-07 prediction=1.462650373436601 rho=0.48483406582116728 accept=1
  MFCG: converged (OCA_FTOL: 8 outers < 1.0e-05 rel)
  MFCG: accepts=139 rejects=7 total_matvecs=404 negcurv=1 cand_evals=146 mean_cg_per_outer=2.9
NUMERIC_REPAIR summary rebuilds=1 floor=7.6823453273307808e-08
  [retry-cache] builds=147 reuses=0
  [menu-backtrack] trials=58 rescues=58 evals=123 total_scored=269
POINT_SAFE summary calls=58 evals=58 wins=2 frozen=20097 seconds=0.139598372
  [scoring] menu_evals=146 alpha_evals=0 backtrack_evals=123 total_scored=269
RESULT algo=mfree_shifted_cg iters=139 final_cost=244968.0801828653 solve_seconds=1.562454
DIAGNOSTICS median_reproj_err_px 3.252455 -> 0.358566 | cheirality_violations(obs) 0 -> 16 | cheirality_violations(pts, of 64053) 0 -> 8
