  [menu-backtrack] active=1 max_evals=8 warmup_accepts=3 confirm_stop=original armijo=1e-4
MIXED_STORAGE fragments=fp32 arithmetic=fp64 state=fp64 acceptance=fp64
COARSE_CONFIG K=8 accepts_at_least=8 last_rel_below=1e-3 lambda_below=1e-3 sticky=1 membership=activation operator=native_compact rank_cut=1e-10 fallback=whole_attempt_BJ
  [compact-fragments] active=2 saved_bytes=28836392 storage=fp32 camera_reads=contiguous
  MFCG score_init=5535080.1182407318 precision=fp64
PCG_PREP o=0 rebuild=1 drift=0 previous_depth=0
ATTR_RADIUS o=0 raw_norm=1452.4809603947042 norm=1452.4809603947042 radius=1452.4809603947042 next_radius=2904.9619207894084 lambda=0.10000000000000001 next_lambda=0.025000000000000001 rho=0.9878801958305512 accept=1
CLASSICAL_LM o=0 lambda=0.10000000000000001 tau=0.10000000000000001 prediction=5164416.662410412 rho=0.9878801958305512 accept=1
  MFCG it   1 cost=4.332552e+05 lam=2.500e-02 tau=0.00e+00 cg_it=0 shift=0 ckpt=1 alpha=0 acc mv=2
ATTEMPT o=0 retry=0 accepted=1 rejected=0 numeric_retry=0 products=2 pcg_products=1 seconds=0.009511705
PCG_PREP o=1 rebuild=1 drift=0 previous_depth=1
ATTR_RADIUS o=1 raw_norm=1058.0805320390305 norm=1058.0805320390305 radius=2904.9619207894084 next_radius=2904.9619207894084 lambda=0.025000000000000001 next_lambda=0.0025000000000000005 rho=0.98893807747891183 accept=1
CLASSICAL_LM o=1 lambda=0.025000000000000001 tau=0.025000000000000001 prediction=213730.28065883394 rho=0.98893807747891183 accept=1
  MFCG it   2 cost=2.218892e+05 lam=2.500e-03 tau=0.00e+00 cg_it=4 shift=0 ckpt=5 alpha=0 acc mv=8
ATTEMPT o=1 retry=0 accepted=1 rejected=0 numeric_retry=0 products=6 pcg_products=5 seconds=0.008681174
PCG_PREP o=2 rebuild=1 drift=0 previous_depth=5
ATTR_RADIUS o=2 raw_norm=1346.7612321343177 norm=1346.7612321343177 radius=2904.9619207894084 next_radius=2904.9619207894084 lambda=0.0025000000000000005 next_lambda=0.00025000000000000006 rho=0.95774317048276048 accept=1
CLASSICAL_LM o=2 lambda=0.0025000000000000005 tau=0.0025000000000000005 prediction=38390.532302537431 rho=0.95774317048276048 accept=1
  MFCG it   3 cost=1.851209e+05 lam=2.500e-04 tau=0.00e+00 cg_it=15 shift=0 ckpt=16 alpha=0 acc mv=25
ATTEMPT o=2 retry=0 accepted=1 rejected=0 numeric_retry=0 products=17 pcg_products=16 seconds=0.015071538
PCG_PREP o=3 rebuild=1 drift=0 previous_depth=16
ATTR_RADIUS o=3 raw_norm=1609.5189512777349 norm=1609.5189512777349 radius=2904.9619207894084 next_radius=2904.9619207894084 lambda=0.00025000000000000006 next_lambda=2.5000000000000008e-05 rho=0.9880617955046952 accept=1
CLASSICAL_LM o=3 lambda=0.00025000000000000006 tau=0.00025000000000000006 prediction=13041.564940853399 rho=0.9880617955046952 accept=1
  MFCG it   4 cost=1.722350e+05 lam=2.500e-05 tau=0.00e+00 cg_it=0 shift=0 ckpt=1 alpha=0 acc mv=27
ATTEMPT o=3 retry=0 accepted=1 rejected=0 numeric_retry=0 products=2 pcg_products=1 seconds=0.006439453
PCG_PREP o=4 rebuild=1 drift=0 previous_depth=1
ATTR_RADIUS o=4 raw_norm=1681.5207449932252 norm=1681.5207449932252 radius=2904.9619207894084 next_radius=2904.9619207894084 lambda=2.5000000000000008e-05 next_lambda=2.5000000000000011e-06 rho=0.9432985142759609 accept=1
CLASSICAL_LM o=4 lambda=2.5000000000000008e-05 tau=2.5000000000000008e-05 prediction=4758.7270079844375 rho=0.9432985142759609 accept=1
  MFCG it   5 cost=1.677461e+05 lam=2.500e-06 tau=0.00e+00 cg_it=1 shift=0 ckpt=2 alpha=0 acc mv=30
ATTEMPT o=4 retry=0 accepted=1 rejected=0 numeric_retry=0 products=3 pcg_products=2 seconds=0.006960244
PCG_PREP o=5 rebuild=1 drift=0 previous_depth=2
ATTR_RADIUS o=5 raw_norm=2335.5351136829418 norm=2335.5351136829418 radius=2904.9619207894084 next_radius=5809.9238415788168 lambda=2.5000000000000011e-06 next_lambda=6.2500000000000026e-07 rho=0.92931188182417102 accept=1
CLASSICAL_LM o=5 lambda=2.5000000000000011e-06 tau=2.5000000000000011e-06 prediction=2401.8165406633825 rho=0.92931188182417102 accept=1
  MFCG it   6 cost=1.655141e+05 lam=6.250e-07 tau=0.00e+00 cg_it=10 shift=0 ckpt=11 alpha=0 acc mv=42
ATTEMPT o=5 retry=0 accepted=1 rejected=0 numeric_retry=0 products=12 pcg_products=11 seconds=0.012156187
PCG_PREP o=6 rebuild=1 drift=0 previous_depth=11
POINT_SAFE o=6 frozen=61 slope=-1764.9269204008108 candidate=165464.55008510183 original=165200.26738712934 current=165514.08261311593 won=0 mode=1 camera_scale=1 keep_scale=0
ATTR_RADIUS o=6 raw_norm=1241.2514205158068 norm=310.3128551289517 radius=5809.9238415788168 next_radius=5809.9238415788168 lambda=6.2500000000000026e-07 next_lambda=6.2500000000000024e-08 rho=0.78239845092405613 accept=1
CLASSICAL_LM o=6 lambda=6.2500000000000026e-07 tau=6.2500000000000026e-07 prediction=401.09387437558951 rho=0.78239845092405613 accept=1
  MFCG it   7 cost=1.652003e+05 lam=6.250e-08 tau=0.00e+00 cg_it=2 shift=0 ckpt=3 alpha=0 acc mv=46
ATTEMPT o=6 retry=0 accepted=1 rejected=0 numeric_retry=0 products=4 pcg_products=3 seconds=0.010389265
PCG_PREP o=7 rebuild=1 drift=0 previous_depth=3
ATTR_RADIUS o=7 raw_norm=2685.6715982731912 norm=2685.6715982731912 radius=5809.9238415788168 next_radius=5809.9238415788168 lambda=6.2500000000000024e-08 next_lambda=6.250000000000003e-09 rho=0.53580285130310357 accept=1
CLASSICAL_LM o=7 lambda=6.2500000000000024e-08 tau=6.2500000000000024e-08 prediction=646.67234787432017 rho=0.53580285130310357 accept=1
  MFCG it   8 cost=1.648538e+05 lam=6.250e-09 tau=0.00e+00 cg_it=2 shift=0 ckpt=3 alpha=0 acc mv=50
ATTEMPT o=7 retry=0 accepted=1 rejected=0 numeric_retry=0 products=4 pcg_products=3 seconds=0.007559904
PCG_PREP o=8 rebuild=1 drift=0 previous_depth=3
POINT_SAFE o=8 frozen=6 slope=-409.38475976770474 candidate=164638.55136995274 original=164531.79594160157 current=164853.7784992794 won=0 mode=1 camera_scale=1 keep_scale=0
ATTR_RADIUS o=8 raw_norm=177.09442468664528 norm=88.547212343322641 radius=5809.9238415788168 next_radius=5809.9238415788168 lambda=6.250000000000003e-09 next_lambda=6.2500000000000032e-10 rho=1.1340961311379401 accept=1
CLASSICAL_LM o=8 lambda=6.250000000000003e-09 tau=6.250000000000003e-09 prediction=283.9111684075358 rho=1.1340961311379401 accept=1
TARGET reached outer=9 seconds=0.105996424 cost=164531.79594160157 threshold=164797.84938527591
ATTEMPT o=8 retry=0 accepted=1 rejected=0 numeric_retry=0 products=2 pcg_products=1 seconds=0.009038225
  MFCG: accepts=9 rejects=0 total_matvecs=52 negcurv=0 cand_evals=9 mean_cg_per_outer=5.8
NUMERIC_REPAIR summary rebuilds=0 floor=9.9999999999999998e-17
  [retry-cache] builds=9 reuses=0
  [menu-backtrack] trials=2 rescues=2 evals=5 total_scored=14
POINT_SAFE summary calls=2 evals=2 wins=0 frozen=67 seconds=0.004848483
  [scoring] menu_evals=9 alpha_evals=0 backtrack_evals=5 total_scored=14
ATTEMPT_SUMMARY attempts=9 products=52 pcg_products=43 seconds=0.085807695 failed_seconds=0 failed_fraction=0 retry_index_seconds=0 retry_index_fraction=0 numeric_attempts=0 timing=host_native_attempt_no_extra_sync
COARSE_SUMMARY activated=0 activation_outer=-1 rank=0 attempts=0 applications=0 fallbacks=0 oracle_products=0 setup_seconds=0 apply_enqueue_seconds=0
RESULT algo=mfree_shifted_cg iters=9 final_cost=164531.7959416016 solve_seconds=0.108820
DIAGNOSTICS median_reproj_err_px 1.389529 -> 0.534165 | cheirality_violations(obs) 29 -> 30 | cheirality_violations(pts, of 65220) 9 -> 10
