Verified frozen source and 44 headers.
RUN tail venice-52 off 0
DONE venice-52 off 0 valid True cost 246330.2220722389 s 1.67424 hit False
RUN tail venice-52 on 0
DONE venice-52 on 0 valid True cost 243382.00306270248 s 0.400312 hit True
RUN tail final-3068 off 0
DONE final-3068 off 0 valid True cost 1942601.015613466 s 4.214063 hit False
RUN tail final-3068 on 0
DONE final-3068 on 0 valid True cost 1903848.261220288 s 2.343871 hit False
RUN tail ladybug-1197 off 0
DONE ladybug-1197 off 0 valid True cost 369154.59657022386 s 0.249792 hit True
RUN tail ladybug-1197 on 0
DONE ladybug-1197 on 0 valid True cost 369564.07693177636 s 0.460344 hit True
RUN tail ladybug-1197 on 1
DONE ladybug-1197 on 1 valid True cost 369416.3537044021 s 0.442475 hit True
RUN tail ladybug-1197 off 1
DONE ladybug-1197 off 1 valid True cost 369131.20256393537 s 0.248826 hit True
RUN tail final-3068 on 1
DONE final-3068 on 1 valid True cost 1901853.5372181246 s 3.060532 hit False
RUN tail final-3068 off 1
DONE final-3068 off 1 valid True cost 1800553.8968448152 s 4.91891 hit False
RUN tail venice-52 on 1
DONE venice-52 on 1 valid True cost 243381.98938277044 s 0.390287 hit True
RUN tail venice-52 off 1
DONE venice-52 off 1 valid True cost 244997.5533689721 s 1.758279 hit False
RUN tail venice-52 off 2
DONE venice-52 off 2 valid True cost 247539.6693198169 s 1.338092 hit False
RUN tail venice-52 on 2
DONE venice-52 on 2 valid True cost 243382.0032976559 s 0.391658 hit True
RUN tail final-3068 off 2
DONE final-3068 off 2 valid True cost 1864841.8269582065 s 2.497704 hit False
RUN tail final-3068 on 2
DONE final-3068 on 2 valid True cost 1897761.0629571814 s 2.703491 hit False
RUN tail ladybug-1197 off 2
DONE ladybug-1197 off 2 valid True cost 369145.9211476415 s 0.249361 hit True
RUN tail ladybug-1197 on 2
DONE ladybug-1197 on 2 valid True cost 369516.953725142 s 0.383212 hit True
RUN tail ladybug-1197 on 3
DONE ladybug-1197 on 3 valid True cost 369766.86843487836 s 0.428994 hit True
RUN tail ladybug-1197 off 3
DONE ladybug-1197 off 3 valid True cost 369149.14365782455 s 0.249209 hit True
RUN tail final-3068 on 3
DONE final-3068 on 3 valid True cost 1778547.2866525615 s 6.454632 hit False
RUN tail final-3068 off 3
DONE final-3068 off 3 valid True cost 1738361.5376303885 s 3.578476 hit True
RUN tail venice-52 on 3
DONE venice-52 on 3 valid True cost 243381.99360225297 s 0.391458 hit True
RUN tail venice-52 off 3
DONE venice-52 off 3 valid True cost 246314.83295111998 s 2.388476 hit False
RUN tail venice-52 off 4
DONE venice-52 off 4 valid True cost 246332.88317888379 s 1.207574 hit False
RUN tail venice-52 on 4
DONE venice-52 on 4 valid True cost 243381.99677042756 s 0.410526 hit True
RUN tail final-3068 off 4
DONE final-3068 off 4 valid True cost 1740233.8463285472 s 4.881143 hit True
RUN tail final-3068 on 4
DONE final-3068 on 4 valid True cost 1876734.1338916498 s 3.809769 hit False
RUN tail ladybug-1197 off 4
DONE ladybug-1197 off 4 valid True cost 369143.08303751907 s 0.249083 hit True
RUN tail ladybug-1197 on 4
DONE ladybug-1197 on 4 valid True cost 369764.99703708175 s 0.430231 hit True
COMPLETE frontload tail 30
