Verified frozen source and 44 headers.
RUN practical ladybug-539 off 0
DONE ladybug-539 off 0 valid True cost 164531.7959416009 s 0.134954 hit True
RUN practical ladybug-539 on 0
DONE ladybug-539 on 0 valid True cost 164531.18891470457 s 0.13606 hit True
RUN practical ladybug-539 off 0
DONE ladybug-539 off 0 valid True cost 165514.08261311587 s 0.076923 hit True
RUN practical ladybug-539 on 0
DONE ladybug-539 on 0 valid True cost 165514.0826131056 s 0.083686 hit True
RUN practical ladybug-539 off 0
DONE ladybug-539 off 0 valid True cost 165514.08261311575 s 0.083696 hit True
RUN practical ladybug-539 on 0
DONE ladybug-539 on 0 valid True cost 165514.0826131156 s 0.083186 hit True
RUN practical trafalgar-138 off 0
DONE trafalgar-138 off 0 valid True cost 102905.07663809277 s 0.340796 hit True
RUN practical trafalgar-138 on 0
DONE trafalgar-138 on 0 valid True cost 103005.95794973105 s 0.371451 hit True
RUN practical trafalgar-138 off 0
DONE trafalgar-138 off 0 valid True cost 103407.19246315186 s 0.248485 hit True
RUN practical trafalgar-138 on 0
DONE trafalgar-138 on 0 valid True cost 103519.06786886128 s 0.253054 hit True
RUN practical trafalgar-138 off 0
DONE trafalgar-138 off 0 valid True cost 104518.30059939159 s 0.142202 hit True
RUN practical trafalgar-138 on 0
DONE trafalgar-138 on 0 valid True cost 104534.3615857175 s 0.145773 hit True
RUN practical final-394 off 0
DONE final-394 off 0 valid True cost 305941.9349332925 s 0.258347 hit True
RUN practical final-394 on 0
DONE final-394 on 0 valid True cost 305989.7045755819 s 0.222369 hit True
RUN practical final-394 off 0
DONE final-394 off 0 valid True cost 306996.66656467074 s 0.188783 hit True
RUN practical final-394 on 0
DONE final-394 on 0 valid True cost 307834.07699628774 s 0.157554 hit True
RUN practical final-394 off 0
DONE final-394 off 0 valid True cost 309661.7961257747 s 0.144554 hit True
RUN practical final-394 on 0
DONE final-394 on 0 valid True cost 307834.07693459943 s 0.208357 hit True
RUN practical final-394 on 1
DONE final-394 on 1 valid True cost 307834.0769119193 s 0.172635 hit True
RUN practical final-394 off 1
DONE final-394 off 1 valid True cost 309661.7963049414 s 0.145373 hit True
RUN practical final-394 on 1
DONE final-394 on 1 valid True cost 307834.0775833733 s 0.157804 hit True
RUN practical final-394 off 1
DONE final-394 off 1 valid True cost 306991.6528303509 s 0.188839 hit True
RUN practical final-394 on 1
DONE final-394 on 1 valid True cost 305989.70418224216 s 0.222732 hit True
RUN practical final-394 off 1
DONE final-394 off 1 valid True cost 305941.97257053526 s 0.258511 hit True
RUN practical trafalgar-138 on 1
DONE trafalgar-138 on 1 valid True cost 104534.35488276657 s 0.145726 hit True
RUN practical trafalgar-138 off 1
DONE trafalgar-138 off 1 valid True cost 104518.5400204534 s 0.142083 hit True
RUN practical trafalgar-138 on 1
DONE trafalgar-138 on 1 valid True cost 103519.34544412693 s 0.324243 hit True
RUN practical trafalgar-138 off 1
DONE trafalgar-138 off 1 valid True cost 103407.57731028608 s 0.245122 hit True
RUN practical trafalgar-138 on 1
DONE trafalgar-138 on 1 valid True cost 103007.31694954797 s 0.386011 hit True
RUN practical trafalgar-138 off 1
DONE trafalgar-138 off 1 valid True cost 102905.04663073004 s 0.326463 hit True
RUN practical ladybug-539 on 1
DONE ladybug-539 on 1 valid True cost 165514.0826131244 s 0.077301 hit True
RUN practical ladybug-539 off 1
DONE ladybug-539 off 1 valid True cost 165514.0826131146 s 0.083698 hit True
RUN practical ladybug-539 on 1
DONE ladybug-539 on 1 valid True cost 165514.0826131159 s 0.084152 hit True
RUN practical ladybug-539 off 1
DONE ladybug-539 off 1 valid True cost 165514.08261311604 s 0.089813 hit True
RUN practical ladybug-539 on 1
DONE ladybug-539 on 1 valid True cost 164531.1889147047 s 0.109237 hit True
RUN practical ladybug-539 off 1
DONE ladybug-539 off 1 valid True cost 164531.79435950326 s 0.103759 hit True
RUN practical ladybug-539 off 2
DONE ladybug-539 off 2 valid True cost 164531.79432813602 s 0.10354 hit True
RUN practical ladybug-539 on 2
DONE ladybug-539 on 2 valid True cost 164531.18731129426 s 0.119542 hit True
RUN practical ladybug-539 off 2
DONE ladybug-539 off 2 valid True cost 165514.0826131169 s 0.075913 hit True
RUN practical ladybug-539 on 2
DONE ladybug-539 on 2 valid True cost 165514.08261311872 s 0.079604 hit True
RUN practical ladybug-539 off 2
DONE ladybug-539 off 2 valid True cost 165514.08261311793 s 0.083381 hit True
RUN practical ladybug-539 on 2
DONE ladybug-539 on 2 valid True cost 165514.08261312664 s 0.082237 hit True
RUN practical trafalgar-138 off 2
DONE trafalgar-138 off 2 valid True cost 102905.13454646627 s 0.317898 hit True
RUN practical trafalgar-138 on 2
DONE trafalgar-138 on 2 valid True cost 103006.28466641641 s 0.371536 hit True
RUN practical trafalgar-138 off 2
DONE trafalgar-138 off 2 valid True cost 103407.67962979969 s 0.26419 hit True
RUN practical trafalgar-138 on 2
DONE trafalgar-138 on 2 valid True cost 103519.56313167188 s 0.253852 hit True
RUN practical trafalgar-138 off 2
DONE trafalgar-138 off 2 valid True cost 104518.49900803166 s 0.142116 hit True
RUN practical trafalgar-138 on 2
DONE trafalgar-138 on 2 valid True cost 104534.37995047975 s 0.146031 hit True
RUN practical final-394 off 2
DONE final-394 off 2 valid True cost 305938.00518985256 s 0.277101 hit True
RUN practical final-394 on 2
DONE final-394 on 2 valid True cost 305989.60488132015 s 0.222019 hit True
RUN practical final-394 off 2
DONE final-394 off 2 valid True cost 306991.87154526974 s 0.18843 hit True
RUN practical final-394 on 2
DONE final-394 on 2 valid True cost 307834.0775349606 s 0.170133 hit True
RUN practical final-394 off 2
DONE final-394 off 2 valid True cost 309661.52415855427 s 0.144779 hit True
RUN practical final-394 on 2
DONE final-394 on 2 valid True cost 307833.9326786889 s 0.15825 hit True
COMPLETE stcg practical 54
