  [menu-backtrack] active=1 max_evals=8 warmup_accepts=3 confirm_stop=original armijo=1e-4
MIXED_STORAGE fragments=fp32 arithmetic=fp64 state=fp64 acceptance=fp64
  [compact-fragments] active=2 saved_bytes=171996448 storage=fp32 camera_reads=contiguous
  MFCG score_init=90993342.024340227 precision=fp64
PCG_PREP o=0 rebuild=1 drift=0 previous_depth=0
ATTR_RADIUS o=0 raw_norm=8861.1709887307625 norm=8861.1709887307625 radius=8861.1709887307625 next_radius=17722.341977461525 lambda=0.10000000000000001 next_lambda=0.025000000000000001 rho=0.99545080656082618 accept=1
CLASSICAL_LM o=0 lambda=0.10000000000000001 tau=0.10000000000000001 prediction=83412716.699058995 rho=0.99545080656082618 accept=1
  MFCG it   1 cost=7.960086e+06 lam=2.500e-02 tau=0.00e+00 cg_it=0 shift=0 ckpt=1 alpha=0 acc mv=2
PCG_PREP o=1 rebuild=1 drift=0 previous_depth=1
ATTR_RADIUS o=1 raw_norm=4659.7121206778047 norm=4659.7121206778047 radius=17722.341977461525 next_radius=17722.341977461525 lambda=0.025000000000000001 next_lambda=0.0025000000000000005 rho=0.99453896506499873 accept=1
CLASSICAL_LM o=1 lambda=0.025000000000000001 tau=0.025000000000000001 prediction=4259951.510767974 rho=0.99453896506499873 accept=1
  MFCG it   2 cost=3.723398e+06 lam=2.500e-03 tau=0.00e+00 cg_it=4 shift=0 ckpt=5 alpha=0 acc mv=8
PCG_PREP o=2 rebuild=1 drift=0 previous_depth=5
ATTR_RADIUS o=2 raw_norm=6975.6779789562406 norm=6975.6779789562406 radius=17722.341977461525 next_radius=17722.341977461525 lambda=0.0025000000000000005 next_lambda=0.00025000000000000006 rho=0.87051061466528801 accept=1
CLASSICAL_LM o=2 lambda=0.0025000000000000005 tau=0.0025000000000000005 prediction=1234099.5580717693 rho=0.87051061466528801 accept=1
  MFCG it   3 cost=2.649101e+06 lam=2.500e-04 tau=0.00e+00 cg_it=9 shift=0 ckpt=10 alpha=0 acc mv=19
PCG_PREP o=3 rebuild=1 drift=0 previous_depth=10
ATTR_RADIUS o=3 raw_norm=10922.542500244461 norm=10922.542500244461 radius=17722.341977461525 next_radius=17722.341977461525 lambda=0.00025000000000000006 next_lambda=2.5000000000000008e-05 rho=0.71461554945651762 accept=1
CLASSICAL_LM o=3 lambda=0.00025000000000000006 tau=0.00025000000000000006 prediction=596515.3122669158 rho=0.71461554945651762 accept=1
  MFCG it   4 cost=2.222822e+06 lam=2.500e-05 tau=0.00e+00 cg_it=0 shift=0 ckpt=1 alpha=0 acc mv=21
PCG_PREP o=4 rebuild=1 drift=0 previous_depth=1
POINT_SAFE o=4 frozen=1341 slope=-336469.80042020057 candidate=2043410.2473224027 original=2072225.5949445968 current=2222822.2595959236 won=1 mode=1 camera_scale=1 keep_scale=0
ATTR_RADIUS o=4 raw_norm=25300.156690331769 norm=17722.341977461529 radius=17722.341977461525 next_radius=35444.68395492305 lambda=2.5000000000000008e-05 next_lambda=6.250000000000002e-06 rho=0.91745233075595034 accept=1
CLASSICAL_LM o=4 lambda=2.5000000000000008e-05 tau=2.5000000000000008e-05 prediction=195554.5876979694 rho=0.91745233075595034 accept=1
  MFCG it   5 cost=2.043410e+06 lam=6.250e-06 tau=0.00e+00 cg_it=1 shift=0 ckpt=2 alpha=0 acc mv=24
PCG_PREP o=5 rebuild=1 drift=0 previous_depth=2
POINT_SAFE o=5 frozen=1597 slope=-207540.81334258127 candidate=2178473.8958778083 original=2002353.1609630715 current=2043410.2473224027 won=0 mode=1 camera_scale=1 keep_scale=0
ATTR_RADIUS o=5 raw_norm=42981.167676583042 norm=4430.5854943653831 radius=35444.68395492305 next_radius=35444.68395492305 lambda=6.250000000000002e-06 next_lambda=6.2500000000000026e-07 rho=0.91568454258911747 accept=1
CLASSICAL_LM o=5 lambda=6.250000000000002e-06 tau=6.250000000000002e-06 prediction=44837.588110028992 rho=0.91568454258911747 accept=1
  MFCG it   6 cost=2.002353e+06 lam=6.250e-07 tau=0.00e+00 cg_it=7 shift=0 ckpt=8 alpha=0 acc mv=33
PCG_PREP o=6 rebuild=1 drift=0 previous_depth=8
POINT_SAFE o=6 frozen=1716 slope=-116983.51967015691 candidate=4316726.0506505696 original=1978554.5562620373 current=2002353.1609630715 won=0 mode=1 camera_scale=1 keep_scale=0
ATTR_RADIUS o=6 raw_norm=69285.026062744219 norm=4430.5854943653794 radius=35444.68395492305 next_radius=35444.68395492305 lambda=6.2500000000000026e-07 next_lambda=6.2500000000000024e-08 rho=0.77898085008426754 accept=1
CLASSICAL_LM o=6 lambda=6.2500000000000026e-07 tau=6.2500000000000026e-07 prediction=30550.949613793207 rho=0.77898085008426754 accept=1
  MFCG it   7 cost=1.978555e+06 lam=6.250e-08 tau=0.00e+00 cg_it=5 shift=0 ckpt=6 alpha=0 acc mv=40
PCG_PREP o=7 rebuild=1 drift=0 previous_depth=6
POINT_SAFE o=7 frozen=1415 slope=-82654.71925068229 candidate=4516582.7045113221 original=1972814.4345218928 current=1978554.5562620373 won=0 mode=1 camera_scale=1 keep_scale=0
ATTR_RADIUS o=7 raw_norm=93584.554012327906 norm=4430.5854943653803 radius=35444.68395492305 next_radius=8861.1709887307625 lambda=6.2500000000000024e-08 next_lambda=1.0000000000000004e-06 rho=0.2434793420653289 accept=1
CLASSICAL_LM o=7 lambda=6.2500000000000024e-08 tau=6.2500000000000024e-08 prediction=23575.395314664067 rho=0.2434793420653289 accept=1
  MFCG it   8 cost=1.972814e+06 lam=1.000e-06 tau=0.00e+00 cg_it=4 shift=0 ckpt=5 alpha=0 acc mv=46
PCG_PREP o=8 rebuild=1 drift=0 previous_depth=5
POINT_SAFE o=8 frozen=210 slope=-40200.2964235006 candidate=1951279.1913946364 original=1967878.3720691598 current=1972814.4345218928 won=1 mode=1 camera_scale=1 keep_scale=0
ATTR_RADIUS o=8 raw_norm=46745.545633569178 norm=8861.1709887307643 radius=8861.1709887307625 next_radius=17722.341977461525 lambda=1.0000000000000004e-06 next_lambda=2.5000000000000009e-07 rho=0.85447491994850588 accept=1
CLASSICAL_LM o=8 lambda=1.0000000000000004e-06 tau=1.0000000000000004e-06 prediction=25202.896684848514 rho=0.85447491994850588 accept=1
  MFCG it   9 cost=1.951279e+06 lam=2.500e-07 tau=0.00e+00 cg_it=1 shift=0 ckpt=2 alpha=0 acc mv=49
PCG_PREP o=9 rebuild=1 drift=0 previous_depth=2
POINT_SAFE o=9 frozen=1104 slope=-35607.601426541645 candidate=2436130.358442931 original=1945484.1599846967 current=1951279.1913946364 won=0 mode=1 camera_scale=1 keep_scale=0
ATTR_RADIUS o=9 raw_norm=65217.748046537767 norm=2215.2927471826911 radius=17722.341977461525 next_radius=17722.341977461525 lambda=2.5000000000000009e-07 next_lambda=2.5000000000000012e-08 rho=0.31832538350667977 accept=1
CLASSICAL_LM o=9 lambda=2.5000000000000009e-07 tau=2.5000000000000009e-07 prediction=18204.74178371059 rho=0.31832538350667977 accept=1
  MFCG it  10 cost=1.945484e+06 lam=2.500e-08 tau=0.00e+00 cg_it=3 shift=0 ckpt=4 alpha=0 acc mv=54
PCG_PREP o=10 rebuild=1 drift=0 previous_depth=4
POINT_SAFE o=10 frozen=379 slope=-11483.010285555738 candidate=2199795.6153977057 original=1943890.9956913323 current=1945484.1599846967 won=0 mode=1 camera_scale=1 keep_scale=0
ATTR_RADIUS o=10 raw_norm=115856.03267176414 norm=553.82318679567277 radius=17722.341977461525 next_radius=17722.341977461525 lambda=2.5000000000000012e-08 next_lambda=2.5000000000000013e-09 rho=0.41554534187638836 accept=1
CLASSICAL_LM o=10 lambda=2.5000000000000012e-08 tau=2.5000000000000012e-08 prediction=3833.9120495743759 rho=0.41554534187638836 accept=1
  MFCG it  11 cost=1.943891e+06 lam=2.500e-09 tau=0.00e+00 cg_it=0 shift=0 ckpt=1 alpha=0 acc mv=56
PCG_PREP o=11 rebuild=1 drift=0 previous_depth=1
NUMERIC_REPAIR o=11 lambda=2.5000000000000013e-09 rayleigh=-6.6596384154000132e-08 next_lambda=2.7638553661600054e-07 cg=1 rebuild=1
PCG_PREP o=11 rebuild=1 drift=0 previous_depth=1
POINT_SAFE o=11 frozen=758 slope=-15870.626443928575 candidate=3020561.7111939071 original=inf current=1943890.9956913323 won=0 mode=1 camera_scale=1 keep_scale=0
ATTR_RADIUS o=11 raw_norm=54130.88033266033 norm=17722.341977461529 radius=17722.341977461525 next_radius=4430.5854943653812 lambda=2.7638553661600054e-07 next_lambda=4.4221685858560086e-06 rho=-1 accept=0
CLASSICAL_LM o=11 lambda=2.7638553661600054e-07 tau=2.7638553661600054e-07 prediction=11130.211424086225 rho=-1 accept=0
  MFCG it  12  retry 1/8  lam=4.422e-06 tau_eff=2.764e-07  (assembly reused)
PCG_PREP o=11 rebuild=1 drift=0 previous_depth=1
POINT_SAFE o=11 frozen=396 slope=-14650.008917603272 candidate=1936130.7183199681 original=inf current=1943890.9956913323 won=1 mode=1 camera_scale=1 keep_scale=0
ATTR_RADIUS o=11 raw_norm=14637.842131796788 norm=4430.5854943653812 radius=4430.5854943653812 next_radius=8861.1709887307625 lambda=4.4221685858560086e-06 next_lambda=1.1055421464640021e-06 rho=0.75619986159958885 accept=1
CLASSICAL_LM o=11 lambda=4.4221685858560086e-06 tau=4.4221685858560086e-06 prediction=10262.204167756488 rho=0.75619986159958885 accept=1
  MFCG it  12 cost=1.936131e+06 lam=1.106e-06 tau=0.00e+00 cg_it=0 shift=0 ckpt=1 alpha=0 acc mv=62
PCG_PREP o=12 rebuild=1 drift=0 previous_depth=1
POINT_SAFE o=12 frozen=641 slope=-20210.687131282248 candidate=1932695.1007547097 original=1935631.2603583767 current=1936130.7183199681 won=1 mode=1 camera_scale=1 keep_scale=0
ATTR_RADIUS o=12 raw_norm=46575.772202772088 norm=8861.1709887307625 radius=8861.1709887307625 next_radius=2215.2927471826906 lambda=1.1055421464640021e-06 next_lambda=1.7688674343424034e-05 rho=0.20129091801527429 accept=1
CLASSICAL_LM o=12 lambda=1.1055421464640021e-06 tau=1.1055421464640021e-06 prediction=17067.921390262156 rho=0.20129091801527429 accept=1
  MFCG it  13 cost=1.932695e+06 lam=1.769e-05 tau=0.00e+00 cg_it=3 shift=0 ckpt=4 alpha=0 acc mv=67
PCG_PREP o=13 rebuild=1 drift=0 previous_depth=4
POINT_SAFE o=13 frozen=268 slope=-21996.83258751412 candidate=1919842.1172706813 original=1931747.3088962708 current=1932695.1007547097 won=1 mode=1 camera_scale=1 keep_scale=0
ATTR_RADIUS o=13 raw_norm=6011.9025531127691 norm=2215.2927471826902 radius=2215.2927471826906 next_radius=4430.5854943653812 lambda=1.7688674343424034e-05 next_lambda=4.4221685858560086e-06 rho=0.82904536949375895 accept=1
CLASSICAL_LM o=13 lambda=1.7688674343424034e-05 tau=1.7688674343424034e-05 prediction=15503.353564204583 rho=0.82904536949375895 accept=1
  MFCG it  14 cost=1.919842e+06 lam=4.422e-06 tau=0.00e+00 cg_it=0 shift=0 ckpt=1 alpha=0 acc mv=69
PCG_PREP o=14 rebuild=1 drift=0 previous_depth=1
POINT_SAFE o=14 frozen=364 slope=-8250.8932610570027 candidate=1941982.6937492595 original=1919353.7843313096 current=1919842.1172706813 won=0 mode=1 camera_scale=1 keep_scale=0
ATTR_RADIUS o=14 raw_norm=17469.316355679446 norm=138.45579669891819 radius=4430.5854943653812 next_radius=1107.6463735913453 lambda=4.4221685858560086e-06 next_lambda=7.0754697373696137e-05 rho=0.13428325566969979 accept=1
CLASSICAL_LM o=14 lambda=4.4221685858560086e-06 tau=4.4221685858560086e-06 prediction=3636.5884706643201 rho=0.13428325566969979 accept=1
  MFCG it  15 cost=1.919354e+06 lam=7.075e-05 tau=0.00e+00 cg_it=0 shift=0 ckpt=1 alpha=0 acc mv=71
PCG_PREP o=15 rebuild=1 drift=0 previous_depth=1
POINT_SAFE o=15 frozen=101 slope=-8540.3530330364465 candidate=1913029.2340999846 original=1918583.2472814275 current=1919353.7843313096 won=1 mode=1 camera_scale=1 keep_scale=0
ATTR_RADIUS o=15 raw_norm=3792.5327014685508 norm=1107.6463735913453 radius=1107.6463735913453 next_radius=2215.2927471826906 lambda=7.0754697373696137e-05 next_lambda=1.7688674343424034e-05 rho=0.9389050961184664 accept=1
CLASSICAL_LM o=15 lambda=7.0754697373696137e-05 tau=7.0754697373696137e-05 prediction=6736.0910676396779 rho=0.9389050961184664 accept=1
  MFCG it  16 cost=1.913029e+06 lam=1.769e-05 tau=0.00e+00 cg_it=0 shift=0 ckpt=1 alpha=0 acc mv=73
PCG_PREP o=16 rebuild=1 drift=0 previous_depth=1
POINT_SAFE o=16 frozen=144 slope=-7425.5408353811254 candidate=1906082.3619944062 original=1912521.8917705843 current=1913029.2340999846 won=1 mode=1 camera_scale=1 keep_scale=0
ATTR_RADIUS o=16 raw_norm=20673.027647826093 norm=2215.2927471826915 radius=2215.2927471826906 next_radius=4430.5854943653812 lambda=1.7688674343424034e-05 next_lambda=4.4221685858560086e-06 rho=1.003365846430742 accept=1
CLASSICAL_LM o=16 lambda=1.7688674343424034e-05 tau=1.7688674343424034e-05 prediction=6923.5684374651864 rho=1.003365846430742 accept=1
  MFCG it  17 cost=1.906082e+06 lam=4.422e-06 tau=0.00e+00 cg_it=3 shift=0 ckpt=4 alpha=0 acc mv=78
PCG_PREP o=17 rebuild=1 drift=0 previous_depth=4
POINT_SAFE o=17 frozen=120 slope=-11206.044802357297 candidate=1895425.6401891306 original=1904849.0584003422 current=1906082.3619944062 won=1 mode=1 camera_scale=1 keep_scale=0
ATTR_RADIUS o=17 raw_norm=39778.798938030232 norm=4430.5854943653794 radius=4430.5854943653812 next_radius=8861.1709887307625 lambda=4.4221685858560086e-06 next_lambda=1.1055421464640021e-06 rho=1.0109157910134732 accept=1
CLASSICAL_LM o=17 lambda=4.4221685858560086e-06 tau=4.4221685858560086e-06 prediction=10541.651342286354 rho=1.0109157910134732 accept=1
  MFCG it  18 cost=1.895426e+06 lam=1.106e-06 tau=0.00e+00 cg_it=6 shift=0 ckpt=7 alpha=0 acc mv=86
PCG_PREP o=18 rebuild=1 drift=0 previous_depth=7
POINT_SAFE o=18 frozen=521 slope=-15382.011415146748 candidate=2119352.7365123658 original=1894016.2113889975 current=1895425.6401891306 won=0 mode=1 camera_scale=1 keep_scale=0
ATTR_RADIUS o=18 raw_norm=71453.000138208808 norm=553.82318679567254 radius=8861.1709887307625 next_radius=2215.2927471826906 lambda=1.1055421464640021e-06 next_lambda=1.7688674343424034e-05 rho=0.18787869724474487 accept=1
CLASSICAL_LM o=18 lambda=1.1055421464640021e-06 tau=1.1055421464640021e-06 prediction=7501.8020712429643 rho=0.18787869724474487 accept=1
  MFCG it  19 cost=1.894016e+06 lam=1.769e-05 tau=0.00e+00 cg_it=9 shift=0 ckpt=10 alpha=0 acc mv=97
PCG_PREP o=19 rebuild=1 drift=0 previous_depth=10
POINT_SAFE o=19 frozen=34 slope=-8302.3751400781475 candidate=1886126.650725977 original=1892309.4620764237 current=1894016.2113889975 won=1 mode=1 camera_scale=1 keep_scale=0
ATTR_RADIUS o=19 raw_norm=25355.847339059823 norm=2215.2927471826888 radius=2215.2927471826906 next_radius=4430.5854943653812 lambda=1.7688674343424034e-05 next_lambda=4.4221685858560086e-06 rho=1.0073148091330641 accept=1
CLASSICAL_LM o=19 lambda=1.7688674343424034e-05 tau=1.7688674343424034e-05 prediction=7832.2691094063694 rho=1.0073148091330641 accept=1
  MFCG it  20 cost=1.886127e+06 lam=4.422e-06 tau=0.00e+00 cg_it=8 shift=0 ckpt=9 alpha=0 acc mv=107
PCG_PREP o=20 rebuild=1 drift=0 previous_depth=9
POINT_SAFE o=20 frozen=88 slope=-9725.0380606273775 candidate=1877149.0860341704 original=1884567.4172248335 current=1886126.650725977 won=1 mode=1 camera_scale=1 keep_scale=0
ATTR_RADIUS o=20 raw_norm=48825.11675564872 norm=4430.585494365384 radius=4430.5854943653812 next_radius=8861.1709887307625 lambda=4.4221685858560086e-06 next_lambda=1.1055421464640021e-06 rho=0.96921083168733768 accept=1
CLASSICAL_LM o=20 lambda=4.4221685858560086e-06 tau=4.4221685858560086e-06 prediction=9262.7572848905111 rho=0.96921083168733768 accept=1
  MFCG it  21 cost=1.877149e+06 lam=1.106e-06 tau=0.00e+00 cg_it=10 shift=0 ckpt=11 alpha=0 acc mv=119
PCG_PREP o=21 rebuild=1 drift=0 previous_depth=11
POINT_SAFE o=21 frozen=208 slope=-15637.554108171957 candidate=1865281.3775980077 original=1873395.7694564189 current=1877149.0860341704 won=1 mode=1 camera_scale=1 keep_scale=0
ATTR_RADIUS o=21 raw_norm=77838.019657253433 norm=8861.1709887307679 radius=8861.1709887307625 next_radius=17722.341977461525 lambda=1.1055421464640021e-06 next_lambda=2.7638553661600054e-07 rho=0.81729630387101282 accept=1
CLASSICAL_LM o=21 lambda=1.1055421464640021e-06 tau=1.1055421464640021e-06 prediction=14520.692654491266 rho=0.81729630387101282 accept=1
  MFCG it  22 cost=1.865281e+06 lam=2.764e-07 tau=0.00e+00 cg_it=16 shift=0 ckpt=17 alpha=0 acc mv=137
PCG_PREP o=22 rebuild=1 drift=0 previous_depth=17
POINT_SAFE o=22 frozen=922 slope=-19713.282398225048 candidate=1939852.027896333 original=1861413.0616973457 current=1865281.3775980077 won=0 mode=1 camera_scale=1 keep_scale=0
ATTR_RADIUS o=22 raw_norm=70198.943576143589 norm=4430.5854943653803 radius=17722.341977461525 next_radius=4430.5854943653812 lambda=2.7638553661600054e-07 next_lambda=4.4221685858560086e-06 rho=0.13617683221935645 accept=1
CLASSICAL_LM o=22 lambda=2.7638553661600054e-07 tau=2.7638553661600054e-07 prediction=28406.564006649969 rho=0.13617683221935645 accept=1
  MFCG it  23 cost=1.861413e+06 lam=4.422e-06 tau=0.00e+00 cg_it=6 shift=0 ckpt=7 alpha=0 acc mv=145
PCG_PREP o=23 rebuild=1 drift=0 previous_depth=7
POINT_SAFE o=23 frozen=318 slope=-9663.8497211682552 candidate=1872170.1018615318 original=1859139.8612002386 current=1861413.0616973457 won=0 mode=1 camera_scale=1 keep_scale=0
ATTR_RADIUS o=23 raw_norm=13376.73116822578 norm=553.82318679567265 radius=4430.5854943653812 next_radius=1107.6463735913453 lambda=4.4221685858560086e-06 next_lambda=7.0754697373696137e-05 rho=0.1700800065836062 accept=1
CLASSICAL_LM o=23 lambda=4.4221685858560086e-06 tau=4.4221685858560086e-06 prediction=13365.477475976448 rho=0.1700800065836062 accept=1
  MFCG it  24 cost=1.859140e+06 lam=7.075e-05 tau=0.00e+00 cg_it=0 shift=0 ckpt=1 alpha=0 acc mv=147
PCG_PREP o=24 rebuild=1 drift=0 previous_depth=1
POINT_SAFE o=24 frozen=107 slope=-8276.2435735985036 candidate=1854141.0372242664 original=1856702.1863416201 current=1859139.8612002386 won=1 mode=1 camera_scale=1 keep_scale=0
ATTR_RADIUS o=24 raw_norm=2979.225995863806 norm=1107.6463735913451 radius=1107.6463735913453 next_radius=2215.2927471826906 lambda=7.0754697373696137e-05 next_lambda=1.7688674343424034e-05 rho=0.9200283889936367 accept=1
CLASSICAL_LM o=24 lambda=7.0754697373696137e-05 tau=7.0754697373696137e-05 prediction=5433.3366619697936 rho=0.9200283889936367 accept=1
  MFCG it  25 cost=1.854141e+06 lam=1.769e-05 tau=0.00e+00 cg_it=0 shift=0 ckpt=1 alpha=0 acc mv=149
PCG_PREP o=25 rebuild=1 drift=0 previous_depth=1
POINT_SAFE o=25 frozen=42 slope=-9127.3340283630696 candidate=1846009.4717707171 original=1851563.9160520779 current=1854141.0372242664 won=1 mode=1 camera_scale=1 keep_scale=0
ATTR_RADIUS o=25 raw_norm=21785.537409884782 norm=2215.292747182692 radius=2215.2927471826906 next_radius=4430.5854943653812 lambda=1.7688674343424034e-05 next_lambda=4.4221685858560086e-06 rho=0.96670350158879648 accept=1
CLASSICAL_LM o=25 lambda=1.7688674343424034e-05 tau=1.7688674343424034e-05 prediction=8411.6437358352287 rho=0.96670350158879648 accept=1
  MFCG it  26 cost=1.846009e+06 lam=4.422e-06 tau=0.00e+00 cg_it=13 shift=0 ckpt=14 alpha=0 acc mv=164
PCG_PREP o=26 rebuild=1 drift=0 previous_depth=14
POINT_SAFE o=26 frozen=40 slope=-10997.146592954476 candidate=1836338.7307924612 original=1842866.2837541006 current=1846009.4717707171 won=1 mode=1 camera_scale=1 keep_scale=0
ATTR_RADIUS o=26 raw_norm=42626.582299590453 norm=4430.5854943653821 radius=4430.5854943653812 next_radius=8861.1709887307625 lambda=4.4221685858560086e-06 next_lambda=1.1055421464640021e-06 rho=0.93875020784846241 accept=1
CLASSICAL_LM o=26 lambda=4.4221685858560086e-06 tau=4.4221685858560086e-06 prediction=10301.719134017987 rho=0.93875020784846241 accept=1
  MFCG it  27 cost=1.836339e+06 lam=1.106e-06 tau=0.00e+00 cg_it=19 shift=0 ckpt=20 alpha=0 acc mv=185
PCG_PREP o=27 rebuild=1 drift=0 previous_depth=20
POINT_SAFE o=27 frozen=335 slope=-13660.10437327444 candidate=1827925.6229685636 original=1833815.8968334573 current=1836338.7307924612 won=1 mode=1 camera_scale=1 keep_scale=0
ATTR_RADIUS o=27 raw_norm=67783.862693156785 norm=8861.1709887307661 radius=8861.1709887307625 next_radius=8861.1709887307625 lambda=1.1055421464640021e-06 next_lambda=1.1055421464640021e-06 rho=0.69783697721998506 accept=1
CLASSICAL_LM o=27 lambda=1.1055421464640021e-06 tau=1.1055421464640021e-06 prediction=12055.978829630698 rho=0.69783697721998506 accept=1
  MFCG it  28 cost=1.827926e+06 lam=1.106e-06 tau=0.00e+00 cg_it=20 shift=0 ckpt=21 alpha=0 acc mv=207
PCG_PREP o=28 rebuild=1 drift=0 previous_depth=21
POINT_SAFE o=28 frozen=685 slope=-8299.4672473900428 candidate=2011871.914126284 original=1821927.9554956148 current=1827925.6229685636 won=0 mode=1 camera_scale=1 keep_scale=0
ATTR_RADIUS o=28 raw_norm=23833.954628636482 norm=1107.6463735913455 radius=8861.1709887307625 next_radius=8861.1709887307625 lambda=1.1055421464640021e-06 next_lambda=2.7638553661600054e-07 rho=0.46195119372466059 accept=1
CLASSICAL_LM o=28 lambda=1.1055421464640021e-06 tau=1.1055421464640021e-06 prediction=12983.335803486656 rho=0.46195119372466059 accept=1
  MFCG it  29 cost=1.821928e+06 lam=2.764e-07 tau=0.00e+00 cg_it=0 shift=0 ckpt=1 alpha=0 acc mv=209
PCG_PREP o=29 rebuild=1 drift=0 previous_depth=1
POINT_SAFE o=29 frozen=459 slope=-6678.0874220586047 candidate=2023771.2377250246 original=1818639.6299790826 current=1821927.9554956148 won=0 mode=1 camera_scale=1 keep_scale=0
ATTR_RADIUS o=29 raw_norm=34305.363587956235 norm=2215.2927471826915 radius=8861.1709887307625 next_radius=2215.2927471826906 lambda=2.7638553661600054e-07 next_lambda=4.4221685858560086e-06 rho=0.15325390556532312 accept=1
CLASSICAL_LM o=29 lambda=2.7638553661600054e-07 tau=2.7638553661600054e-07 prediction=21456.715927742251 rho=0.15325390556532312 accept=1
  MFCG it  30 cost=1.818640e+06 lam=4.422e-06 tau=0.00e+00 cg_it=0 shift=0 ckpt=1 alpha=0 acc mv=211
PCG_PREP o=30 rebuild=1 drift=0 previous_depth=1
ATTR_RADIUS o=30 raw_norm=10992.527753242297 norm=2215.2927471826915 radius=2215.2927471826906 next_radius=4430.5854943653812 lambda=4.4221685858560086e-06 next_lambda=1.1055421464640021e-06 rho=0.94033594858149061 accept=1
CLASSICAL_LM o=30 lambda=4.4221685858560086e-06 tau=4.4221685858560086e-06 prediction=45385.512296530702 rho=0.94033594858149061 accept=1
  MFCG it  31 cost=1.775962e+06 lam=1.106e-06 tau=0.00e+00 cg_it=0 shift=0 ckpt=1 alpha=0 acc mv=213
PCG_PREP o=31 rebuild=1 drift=0 previous_depth=1
POINT_SAFE o=31 frozen=421 slope=-3912.2690439673706 candidate=1792631.1709715219 original=1775825.5342109001 current=1775962.0012218675 won=0 mode=1 camera_scale=1 keep_scale=0
ATTR_RADIUS o=31 raw_norm=20474.758433530737 norm=1107.6463735913453 radius=4430.5854943653812 next_radius=1107.6463735913453 lambda=1.1055421464640021e-06 next_lambda=1.7688674343424034e-05 rho=0.14609115570076217 accept=1
CLASSICAL_LM o=31 lambda=1.1055421464640021e-06 tau=1.1055421464640021e-06 prediction=934.12233145008588 rho=0.14609115570076217 accept=1
  MFCG it  32 cost=1.775826e+06 lam=1.769e-05 tau=0.00e+00 cg_it=0 shift=0 ckpt=1 alpha=0 acc mv=215
PCG_PREP o=32 rebuild=1 drift=0 previous_depth=1
ATTR_RADIUS o=32 raw_norm=5577.3477139392553 norm=1107.6463735913458 radius=1107.6463735913453 next_radius=2215.2927471826906 lambda=1.7688674343424034e-05 next_lambda=4.4221685858560086e-06 rho=0.85958828851574143 accept=1
CLASSICAL_LM o=32 lambda=1.7688674343424034e-05 tau=1.7688674343424034e-05 prediction=2833.1333672693663 rho=0.85958828851574143 accept=1
  MFCG it  33 cost=1.773390e+06 lam=4.422e-06 tau=0.00e+00 cg_it=0 shift=0 ckpt=1 alpha=0 acc mv=217
PCG_PREP o=33 rebuild=1 drift=0 previous_depth=1
POINT_SAFE o=33 frozen=494 slope=-2295.03601299815 candidate=1773608.2671017204 original=1772846.4140692814 current=1773390.2059485922 won=0 mode=1 camera_scale=1 keep_scale=0
ATTR_RADIUS o=33 raw_norm=11446.412629344675 norm=1107.6463735913451 radius=2215.2927471826906 next_radius=2215.2927471826906 lambda=4.4221685858560086e-06 next_lambda=4.4221685858560087e-07 rho=0.50136853965715333 accept=1
CLASSICAL_LM o=33 lambda=4.4221685858560086e-06 tau=4.4221685858560086e-06 prediction=1084.6150811189609 rho=0.50136853965715333 accept=1
  MFCG it  34 cost=1.772846e+06 lam=4.422e-07 tau=0.00e+00 cg_it=0 shift=0 ckpt=1 alpha=0 acc mv=219
PCG_PREP o=34 rebuild=1 drift=0 previous_depth=1
POINT_SAFE o=34 frozen=266 slope=-1110.1741637721505 candidate=1773141.680501817 original=1772631.3033312247 current=1772846.4140692814 won=0 mode=1 camera_scale=1 keep_scale=0
ATTR_RADIUS o=34 raw_norm=25783.682866746276 norm=1107.6463735913458 radius=2215.2927471826906 next_radius=2215.2927471826906 lambda=4.4221685858560087e-07 next_lambda=2.7638553661600054e-07 rho=0.40284343049758042 accept=1
CLASSICAL_LM o=34 lambda=4.4221685858560087e-07 tau=4.4221685858560087e-07 prediction=533.98100048699655 rho=0.40284343049758042 accept=1
  MFCG it  35 cost=1.772631e+06 lam=2.764e-07 tau=0.00e+00 cg_it=0 shift=0 ckpt=1 alpha=0 acc mv=221
PCG_PREP o=35 rebuild=1 drift=0 previous_depth=1
POINT_SAFE o=35 frozen=206 slope=-966.57479110930547 candidate=1772682.2718395193 original=1772399.4730137622 current=1772631.3033312247 won=0 mode=1 camera_scale=1 keep_scale=0
ATTR_RADIUS o=35 raw_norm=29242.507258697569 norm=1107.6463735913458 radius=2215.2927471826906 next_radius=2215.2927471826906 lambda=2.7638553661600054e-07 next_lambda=2.7638553661600054e-07 rho=0.49625746742765786 accept=1
CLASSICAL_LM o=35 lambda=2.7638553661600054e-07 tau=2.7638553661600054e-07 prediction=467.15733803311849 rho=0.49625746742765786 accept=1
  MFCG it  36 cost=1.772399e+06 lam=2.764e-07 tau=0.00e+00 cg_it=0 shift=0 ckpt=1 alpha=0 acc mv=223
PCG_PREP o=36 rebuild=1 drift=0 previous_depth=1
ATTR_RADIUS o=36 raw_norm=28558.343149840588 norm=0 radius=2215.2927471826906 next_radius=553.82318679567265 lambda=2.7638553661600054e-07 next_lambda=4.4221685858560086e-06 rho=0.02014341004220253 accept=0
CLASSICAL_LM o=36 lambda=2.7638553661600054e-07 tau=2.7638553661600054e-07 prediction=898.22307171658258 rho=0.02014341004220253 accept=0
  MFCG it  37  retry 1/8  lam=4.422e-06 tau_eff=2.764e-07  (assembly reused)
PCG_PREP o=36 rebuild=1 drift=0 previous_depth=1
ATTR_RADIUS o=36 raw_norm=10806.312180824591 norm=553.82318679567243 radius=553.82318679567265 next_radius=1107.6463735913453 lambda=4.4221685858560086e-06 next_lambda=1.1055421464640021e-06 rho=0.81256199900855763 accept=1
CLASSICAL_LM o=36 lambda=4.4221685858560086e-06 tau=4.4221685858560086e-06 prediction=575.92354417809952 rho=0.81256199900855763 accept=1
  MFCG it  37 cost=1.771931e+06 lam=1.106e-06 tau=0.00e+00 cg_it=0 shift=0 ckpt=1 alpha=0 acc mv=227
PCG_PREP o=37 rebuild=1 drift=0 previous_depth=1
ATTR_RADIUS o=37 raw_norm=18044.843031000328 norm=1107.6463735913453 radius=1107.6463735913453 next_radius=1107.6463735913453 lambda=1.1055421464640021e-06 next_lambda=1.1055421464640021e-06 rho=0.48931053843701805 accept=1
CLASSICAL_LM o=37 lambda=1.1055421464640021e-06 tau=1.1055421464640021e-06 prediction=661.4353728410307 rho=0.48931053843701805 accept=1
  MFCG it  38 cost=1.771608e+06 lam=1.106e-06 tau=0.00e+00 cg_it=0 shift=0 ckpt=1 alpha=0 acc mv=229
PCG_PREP o=38 rebuild=1 drift=0 previous_depth=1
ATTR_RADIUS o=38 raw_norm=17631.564093014607 norm=1107.6463735913451 radius=1107.6463735913453 next_radius=1107.6463735913453 lambda=1.1055421464640021e-06 next_lambda=1.1055421464640021e-06 rho=0.53160239363693951 accept=1
CLASSICAL_LM o=38 lambda=1.1055421464640021e-06 tau=1.1055421464640021e-06 prediction=668.94074423395534 rho=0.53160239363693951 accept=1
  MFCG it  39 cost=1.771252e+06 lam=1.106e-06 tau=0.00e+00 cg_it=0 shift=0 ckpt=1 alpha=0 acc mv=231
PCG_PREP o=39 rebuild=1 drift=0 previous_depth=1
ATTR_RADIUS o=39 raw_norm=17173.254851744645 norm=1107.6463735913451 radius=1107.6463735913453 next_radius=1107.6463735913453 lambda=1.1055421464640021e-06 next_lambda=1.1055421464640021e-06 rho=0.57630461809848776 accept=1
CLASSICAL_LM o=39 lambda=1.1055421464640021e-06 tau=1.1055421464640021e-06 prediction=671.36924255772931 rho=0.57630461809848776 accept=1
  MFCG it  40 cost=1.770865e+06 lam=1.106e-06 tau=0.00e+00 cg_it=0 shift=0 ckpt=1 alpha=0 acc mv=233
PCG_PREP o=40 rebuild=1 drift=0 previous_depth=1
ATTR_RADIUS o=40 raw_norm=16753.080015343588 norm=1107.6463735913451 radius=1107.6463735913453 next_radius=1107.6463735913453 lambda=1.1055421464640021e-06 next_lambda=1.1055421464640021e-06 rho=0.61994056077410109 accept=1
CLASSICAL_LM o=40 lambda=1.1055421464640021e-06 tau=1.1055421464640021e-06 prediction=670.07775390210952 rho=0.61994056077410109 accept=1
  MFCG it  41 cost=1.770450e+06 lam=1.106e-06 tau=0.00e+00 cg_it=0 shift=0 ckpt=1 alpha=0 acc mv=235
PCG_PREP o=41 rebuild=1 drift=0 previous_depth=1
ATTR_RADIUS o=41 raw_norm=16379.163088960235 norm=1107.6463735913455 radius=1107.6463735913453 next_radius=1107.6463735913453 lambda=1.1055421464640021e-06 next_lambda=1.1055421464640021e-06 rho=0.66226764886677636 accept=1
CLASSICAL_LM o=41 lambda=1.1055421464640021e-06 tau=1.1055421464640021e-06 prediction=665.23515290223429 rho=0.66226764886677636 accept=1
  MFCG it  42 cost=1.770009e+06 lam=1.106e-06 tau=0.00e+00 cg_it=0 shift=0 ckpt=1 alpha=0 acc mv=237
PCG_PREP o=42 rebuild=1 drift=0 previous_depth=1
ATTR_RADIUS o=42 raw_norm=16061.729537633795 norm=1107.6463735913455 radius=1107.6463735913453 next_radius=1107.6463735913453 lambda=1.1055421464640021e-06 next_lambda=1.1055421464640021e-06 rho=0.70345000844697947 accept=1
CLASSICAL_LM o=42 lambda=1.1055421464640021e-06 tau=1.1055421464640021e-06 prediction=656.86178799891206 rho=0.70345000844697947 accept=1
  MFCG it  43 cost=1.769547e+06 lam=1.106e-06 tau=0.00e+00 cg_it=0 shift=0 ckpt=1 alpha=0 acc mv=239
PCG_PREP o=43 rebuild=1 drift=0 previous_depth=1
ATTR_RADIUS o=43 raw_norm=15816.531869396802 norm=1107.6463735913458 radius=1107.6463735913453 next_radius=1107.6463735913453 lambda=1.1055421464640021e-06 next_lambda=1.1055421464640021e-06 rho=0.74398725488885242 accept=1
CLASSICAL_LM o=43 lambda=1.1055421464640021e-06 tau=1.1055421464640021e-06 prediction=645.09748224227224 rho=0.74398725488885242 accept=1
  MFCG it  44 cost=1.769067e+06 lam=1.106e-06 tau=0.00e+00 cg_it=0 shift=0 ckpt=1 alpha=0 acc mv=241
PCG_PREP o=44 rebuild=1 drift=0 previous_depth=1
ATTR_RADIUS o=44 raw_norm=32890.903972807122 norm=1107.6463735913453 radius=1107.6463735913453 next_radius=2215.2927471826906 lambda=1.1055421464640021e-06 next_lambda=2.7638553661600054e-07 rho=0.97151165015418717 accept=1
CLASSICAL_LM o=44 lambda=1.1055421464640021e-06 tau=1.1055421464640021e-06 prediction=1032.1856645501675 rho=0.97151165015418717 accept=1
  MFCG it  45 cost=1.768065e+06 lam=2.764e-07 tau=0.00e+00 cg_it=3 shift=0 ckpt=4 alpha=0 acc mv=246
PCG_PREP o=45 rebuild=1 drift=0 previous_depth=4
ATTR_RADIUS o=45 raw_norm=40351.400436598306 norm=2215.2927471826888 radius=2215.2927471826906 next_radius=4430.5854943653812 lambda=2.7638553661600054e-07 next_lambda=2.7638553661600054e-07 rho=0.96072470841355595 accept=1
CLASSICAL_LM o=45 lambda=2.7638553661600054e-07 tau=2.7638553661600054e-07 prediction=1684.0701492167327 rho=0.96072470841355595 accept=1
  MFCG it  46 cost=1.766447e+06 lam=2.764e-07 tau=0.00e+00 cg_it=3 shift=0 ckpt=4 alpha=0 acc mv=251
PCG_PREP o=46 rebuild=1 drift=0 previous_depth=4
ATTR_RADIUS o=46 raw_norm=49943.728829500127 norm=4430.5854943653803 radius=4430.5854943653812 next_radius=8861.1709887307625 lambda=2.7638553661600054e-07 next_lambda=2.7638553661600054e-07 rho=0.86354793705875599 accept=1
CLASSICAL_LM o=46 lambda=2.7638553661600054e-07 tau=2.7638553661600054e-07 prediction=3001.1613603357919 rho=0.86354793705875599 accept=1
  MFCG it  47 cost=1.763855e+06 lam=2.764e-07 tau=0.00e+00 cg_it=4 shift=0 ckpt=5 alpha=0 acc mv=257
PCG_PREP o=47 rebuild=1 drift=0 previous_depth=5
ATTR_RADIUS o=47 raw_norm=51656.812242243221 norm=8861.1709887307625 radius=8861.1709887307625 next_radius=8861.1709887307625 lambda=2.7638553661600054e-07 next_lambda=2.7638553661600054e-07 rho=0.38902628229781439 accept=1
CLASSICAL_LM o=47 lambda=2.7638553661600054e-07 tau=2.7638553661600054e-07 prediction=5922.702028240732 rho=0.38902628229781439 accept=1
  MFCG it  48 cost=1.761551e+06 lam=2.764e-07 tau=0.00e+00 cg_it=5 shift=0 ckpt=6 alpha=0 acc mv=264
PCG_PREP o=48 rebuild=1 drift=0 previous_depth=6
ATTR_RADIUS o=48 raw_norm=26629.904875128286 norm=8861.170988730757 radius=8861.1709887307625 next_radius=8861.1709887307625 lambda=2.7638553661600054e-07 next_lambda=2.7638553661600054e-07 rho=0.41818817795542368 accept=1
CLASSICAL_LM o=48 lambda=2.7638553661600054e-07 tau=2.7638553661600054e-07 prediction=5544.3950375135555 rho=0.41818817795542368 accept=1
  MFCG it  49 cost=1.759232e+06 lam=2.764e-07 tau=0.00e+00 cg_it=0 shift=0 ckpt=1 alpha=0 acc mv=266
PCG_PREP o=49 rebuild=1 drift=0 previous_depth=1
ATTR_RADIUS o=49 raw_norm=22120.515583354918 norm=8861.1709887307625 radius=8861.1709887307625 next_radius=8861.1709887307625 lambda=2.7638553661600054e-07 next_lambda=2.7638553661600054e-07 rho=0.28965591337689423 accept=1
CLASSICAL_LM o=49 lambda=2.7638553661600054e-07 tau=2.7638553661600054e-07 prediction=4317.087505510196 rho=0.28965591337689423 accept=1
  MFCG it  50 cost=1.757982e+06 lam=2.764e-07 tau=0.00e+00 cg_it=0 shift=0 ckpt=1 alpha=0 acc mv=268
PCG_PREP o=50 rebuild=1 drift=0 previous_depth=1
ATTR_RADIUS o=50 raw_norm=37615.220084854343 norm=8861.1709887307661 radius=8861.1709887307625 next_radius=8861.1709887307625 lambda=2.7638553661600054e-07 next_lambda=2.7638553661600054e-07 rho=0.74939545739842339 accept=1
CLASSICAL_LM o=50 lambda=2.7638553661600054e-07 tau=2.7638553661600054e-07 prediction=6860.5168560585716 rho=0.74939545739842339 accept=1
  MFCG it  51 cost=1.752841e+06 lam=2.764e-07 tau=0.00e+00 cg_it=3 shift=0 ckpt=4 alpha=0 acc mv=273
PCG_PREP o=51 rebuild=1 drift=0 previous_depth=4
ATTR_RADIUS o=51 raw_norm=22464.841838377495 norm=8861.1709887307607 radius=8861.1709887307625 next_radius=8861.1709887307625 lambda=2.7638553661600054e-07 next_lambda=2.7638553661600054e-07 rho=0.69470601210312266 accept=1
CLASSICAL_LM o=51 lambda=2.7638553661600054e-07 tau=2.7638553661600054e-07 prediction=3820.7328765179382 rho=0.69470601210312266 accept=1
  MFCG it  52 cost=1.750186e+06 lam=2.764e-07 tau=0.00e+00 cg_it=0 shift=0 ckpt=1 alpha=0 acc mv=275
PCG_PREP o=52 rebuild=1 drift=0 previous_depth=1
ATTR_RADIUS o=52 raw_norm=59550.990121074596 norm=8861.1709887307607 radius=8861.1709887307625 next_radius=8861.1709887307625 lambda=2.7638553661600054e-07 next_lambda=2.7638553661600054e-07 rho=0.42419014596502874 accept=1
CLASSICAL_LM o=52 lambda=2.7638553661600054e-07 tau=2.7638553661600054e-07 prediction=5288.0421060292038 rho=0.42419014596502874 accept=1
  MFCG it  53 cost=1.747943e+06 lam=2.764e-07 tau=0.00e+00 cg_it=6 shift=0 ckpt=7 alpha=0 acc mv=283
PCG_PREP o=53 rebuild=1 drift=0 previous_depth=7
ATTR_RADIUS o=53 raw_norm=42597.358188311613 norm=8861.1709887307625 radius=8861.1709887307625 next_radius=8861.1709887307625 lambda=2.7638553661600054e-07 next_lambda=2.7638553661600054e-07 rho=0.73664837834715591 accept=1
CLASSICAL_LM o=53 lambda=2.7638553661600054e-07 tau=2.7638553661600054e-07 prediction=5587.9143017682236 rho=0.73664837834715591 accept=1
TARGET reached outer=54 seconds=3.022154406 cost=1743826.8409328056 threshold=1744796.9841897595
  MFCG: accepts=54 rejects=2 total_matvecs=288 negcurv=1 cand_evals=56 mean_cg_per_outer=5.3
NUMERIC_REPAIR summary rebuilds=1 floor=2.7638553661600054e-07
  [retry-cache] builds=57 reuses=0
  [menu-backtrack] trials=31 rescues=30 evals=148 total_scored=204
POINT_SAFE summary calls=31 evals=31 wins=15 frozen=15700 seconds=0.36862588
  [scoring] menu_evals=56 alpha_evals=0 backtrack_evals=148 total_scored=204
RESULT algo=mfree_shifted_cg iters=54 final_cost=1743826.8409328056 solve_seconds=3.030560
DIAGNOSTICS median_reproj_err_px 2.704502 -> 0.547480 | cheirality_violations(obs) 751 -> 789 | cheirality_violations(pts, of 310854) 725 -> 748
