  [menu-backtrack] active=1 max_evals=8 warmup_accepts=3 confirm_stop=original armijo=1e-4
MIXED_STORAGE fragments=fp32 arithmetic=fp64 state=fp64 acceptance=fp64
SOFT_KICK_CONFIG K=8 once=1 trigger=surviving_FTOL energy=0.1 finite_bound=2 current_history=1 return_best=1
  [compact-fragments] active=2 saved_bytes=55578432 storage=fp32 camera_reads=contiguous
  MFCG score_init=4545737.6927971561 precision=fp64
PCG_PREP o=0 rebuild=1 drift=0 previous_depth=0
ATTR_RADIUS o=0 raw_norm=1979.005724201365 norm=1979.005724201365 radius=1979.005724201365 next_radius=3958.0114484027299 lambda=0.10000000000000001 next_lambda=0.025000000000000001 rho=0.99704261247634407 accept=1
CLASSICAL_LM o=0 lambda=0.10000000000000001 tau=0.10000000000000001 prediction=3707235.9066126407 rho=0.99704261247634407 accept=1
  MFCG it   1 cost=8.494655e+05 lam=2.500e-02 tau=0.00e+00 cg_it=0 shift=0 ckpt=1 alpha=0 acc mv=2
PCG_PREP o=1 rebuild=1 drift=0 previous_depth=1
ATTR_RADIUS o=1 raw_norm=1438.6475574827066 norm=1438.6475574827066 radius=3958.0114484027299 next_radius=3958.0114484027299 lambda=0.025000000000000001 next_lambda=0.0025000000000000005 rho=0.99862273335958529 accept=1
CLASSICAL_LM o=1 lambda=0.025000000000000001 tau=0.025000000000000001 prediction=337368.39715299703 rho=0.99862273335958529 accept=1
  MFCG it   2 cost=5.125618e+05 lam=2.500e-03 tau=0.00e+00 cg_it=4 shift=0 ckpt=5 alpha=0 acc mv=8
PCG_PREP o=2 rebuild=1 drift=0 previous_depth=5
ATTR_RADIUS o=2 raw_norm=1912.2219873034906 norm=1912.2219873034906 radius=3958.0114484027299 next_radius=3958.0114484027299 lambda=0.0025000000000000005 next_lambda=0.00025000000000000006 rho=0.99894759827352064 accept=1
CLASSICAL_LM o=2 lambda=0.0025000000000000005 tau=0.0025000000000000005 prediction=133739.54369674536 rho=0.99894759827352064 accept=1
  MFCG it   3 cost=3.789630e+05 lam=2.500e-04 tau=0.00e+00 cg_it=3 shift=0 ckpt=4 alpha=0 acc mv=13
PCG_PREP o=3 rebuild=1 drift=0 previous_depth=4
ATTR_RADIUS o=3 raw_norm=2001.1110086474973 norm=2001.1110086474973 radius=3958.0114484027299 next_radius=3958.0114484027299 lambda=0.00025000000000000006 next_lambda=2.5000000000000008e-05 rho=1.0313015118907176 accept=1
CLASSICAL_LM o=3 lambda=0.00025000000000000006 tau=0.00025000000000000006 prediction=35522.618036749707 rho=1.0313015118907176 accept=1
  MFCG it   4 cost=3.423284e+05 lam=2.500e-05 tau=0.00e+00 cg_it=0 shift=0 ckpt=1 alpha=0 acc mv=15
PCG_PREP o=4 rebuild=1 drift=0 previous_depth=1
ATTR_RADIUS o=4 raw_norm=4342.6059860052264 norm=3958.0114484027299 radius=3958.0114484027299 next_radius=7916.0228968054598 lambda=2.5000000000000008e-05 next_lambda=6.250000000000002e-06 rho=0.90586876532954441 accept=1
CLASSICAL_LM o=4 lambda=2.5000000000000008e-05 tau=2.5000000000000008e-05 prediction=22975.347115736258 rho=0.90586876532954441 accept=1
  MFCG it   5 cost=3.215158e+05 lam=6.250e-06 tau=0.00e+00 cg_it=6 shift=0 ckpt=7 alpha=0 acc mv=23
PCG_PREP o=5 rebuild=1 drift=0 previous_depth=7
ATTR_RADIUS o=5 raw_norm=2303.3047116917032 norm=2303.3047116917032 radius=7916.0228968054598 next_radius=7916.0228968054598 lambda=6.250000000000002e-06 next_lambda=6.2500000000000026e-07 rho=0.77632130679544409 accept=1
CLASSICAL_LM o=5 lambda=6.250000000000002e-06 tau=6.250000000000002e-06 prediction=3800.6873772366598 rho=0.77632130679544409 accept=1
  MFCG it   6 cost=3.185652e+05 lam=6.250e-07 tau=0.00e+00 cg_it=0 shift=0 ckpt=1 alpha=0 acc mv=25
PCG_PREP o=6 rebuild=1 drift=0 previous_depth=1
ATTR_RADIUS o=6 raw_norm=7592.2718260262591 norm=7592.2718260262591 radius=7916.0228968054598 next_radius=15832.04579361092 lambda=6.2500000000000026e-07 next_lambda=1.5625000000000007e-07 rho=0.77642287935416943 accept=1
CLASSICAL_LM o=6 lambda=6.2500000000000026e-07 tau=6.2500000000000026e-07 prediction=7869.6594204297116 rho=0.77642287935416943 accept=1
  MFCG it   7 cost=3.124551e+05 lam=1.563e-07 tau=0.00e+00 cg_it=11 shift=0 ckpt=12 alpha=0 acc mv=38
PCG_PREP o=7 rebuild=1 drift=0 previous_depth=12
POINT_SAFE o=7 frozen=1 slope=-6014.9265814872542 candidate=309667.31355240825 original=310094.50236521033 current=312455.05528732261 won=1 mode=1 camera_scale=1 keep_scale=0
ATTR_RADIUS o=7 raw_norm=4185.8127877313118 norm=4185.8127877313118 radius=15832.04579361092 next_radius=15832.04579361092 lambda=1.5625000000000007e-07 next_lambda=1.5625000000000006e-08 rho=0.98907293352133141 accept=1
CLASSICAL_LM o=7 lambda=1.5625000000000007e-07 tau=1.5625000000000007e-07 prediction=2818.5401100698928 rho=0.98907293352133141 accept=1
  MFCG it   8 cost=3.096673e+05 lam=1.563e-08 tau=0.00e+00 cg_it=10 shift=0 ckpt=11 alpha=0 acc mv=50
PCG_PREP o=8 rebuild=1 drift=0 previous_depth=11
ATTR_RADIUS o=8 raw_norm=6962.2133753739918 norm=6962.2133753739918 radius=15832.04579361092 next_radius=15832.04579361092 lambda=1.5625000000000006e-08 next_lambda=1.5625000000000008e-09 rho=0.80070943019470942 accept=1
CLASSICAL_LM o=8 lambda=1.5625000000000006e-08 tau=1.5625000000000006e-08 prediction=3339.2865934101728 rho=0.80070943019470942 accept=1
TARGET reached outer=9 seconds=0.184751880 cost=306993.51528694195 threshold=307873.72043342178
  MFCG: accepts=9 rejects=0 total_matvecs=86 negcurv=0 cand_evals=9 mean_cg_per_outer=9.6
NUMERIC_REPAIR summary rebuilds=0 floor=9.9999999999999998e-17
  [retry-cache] builds=9 reuses=0
  [menu-backtrack] trials=1 rescues=1 evals=2 total_scored=11
POINT_SAFE summary calls=1 evals=1 wins=1 frozen=1 seconds=0.003815862
  [scoring] menu_evals=9 alpha_evals=0 backtrack_evals=2 total_scored=11
SOFT_KICK_SUMMARY interventions=0 admitted=0 skipped=0 scores=0 model_passes=0 restorations=0 seconds=0 restore_seconds=0
RESULT algo=mfree_shifted_cg iters=9 final_cost=306993.5152869420 solve_seconds=0.188543
DIAGNOSTICS median_reproj_err_px 1.058298 -> 0.370828 | cheirality_violations(obs) 0 -> 2 | cheirality_violations(pts, of 100368) 0 -> 2
