  [menu-backtrack] active=1 max_evals=8 warmup_accepts=3 confirm_stop=original armijo=1e-4
MIXED_STORAGE fragments=fp32 arithmetic=fp64 state=fp64 acceptance=fp64
  [compact-fragments] active=2 saved_bytes=171996448 storage=fp32 camera_reads=contiguous
  MFCG score_init=90993342.024340227 precision=fp64
PCG_PREP o=0 rebuild=1 drift=0 previous_depth=0
ATTR_RADIUS o=0 raw_norm=8861.170988730757 norm=8861.170988730757 radius=8861.170988730757 next_radius=17722.341977461514 lambda=0.10000000000000001 next_lambda=0.025000000000000001 rho=0.99545080656082641 accept=1
CLASSICAL_LM o=0 lambda=0.10000000000000001 tau=0.10000000000000001 prediction=83412716.69905898 rho=0.99545080656082641 accept=1
  MFCG it   1 cost=7.960086e+06 lam=2.500e-02 tau=0.00e+00 cg_it=0 shift=0 ckpt=1 alpha=0 acc mv=2
PCG_PREP o=1 rebuild=1 drift=0 previous_depth=1
ATTR_RADIUS o=1 raw_norm=4659.7121206777838 norm=4659.7121206777838 radius=17722.341977461514 next_radius=17722.341977461514 lambda=0.025000000000000001 next_lambda=0.0025000000000000005 rho=0.99453896506500017 accept=1
CLASSICAL_LM o=1 lambda=0.025000000000000001 tau=0.025000000000000001 prediction=4259951.5107679665 rho=0.99453896506500017 accept=1
  MFCG it   2 cost=3.723398e+06 lam=2.500e-03 tau=0.00e+00 cg_it=4 shift=0 ckpt=5 alpha=0 acc mv=8
PCG_PREP o=2 rebuild=1 drift=0 previous_depth=5
ATTR_RADIUS o=2 raw_norm=6975.6779789559941 norm=6975.6779789559941 radius=17722.341977461514 next_radius=17722.341977461514 lambda=0.0025000000000000005 next_lambda=0.00025000000000000006 rho=0.87051061466538826 accept=1
CLASSICAL_LM o=2 lambda=0.0025000000000000005 tau=0.0025000000000000005 prediction=1234099.5580717572 rho=0.87051061466538826 accept=1
  MFCG it   3 cost=2.649101e+06 lam=2.500e-04 tau=0.00e+00 cg_it=9 shift=0 ckpt=10 alpha=0 acc mv=19
PCG_PREP o=3 rebuild=1 drift=0 previous_depth=10
ATTR_RADIUS o=3 raw_norm=10922.54250024561 norm=10922.54250024561 radius=17722.341977461514 next_radius=17722.341977461514 lambda=0.00025000000000000006 next_lambda=2.5000000000000008e-05 rho=0.71461554947333272 accept=1
CLASSICAL_LM o=3 lambda=0.00025000000000000006 tau=0.00025000000000000006 prediction=596515.31226691301 rho=0.71461554947333272 accept=1
  MFCG it   4 cost=2.222822e+06 lam=2.500e-05 tau=0.00e+00 cg_it=0 shift=0 ckpt=1 alpha=0 acc mv=21
PCG_PREP o=4 rebuild=1 drift=0 previous_depth=1
POINT_SAFE o=4 frozen=1341 slope=-336469.80042641814 candidate=2043410.2433269909 original=2072225.5559800637 current=2222822.2595857885 won=1 mode=1 camera_scale=1 keep_scale=0
ATTR_RADIUS o=4 raw_norm=25300.156688590396 norm=17722.34197746151 radius=17722.341977461514 next_radius=35444.683954923028 lambda=2.5000000000000008e-05 next_lambda=6.250000000000002e-06 rho=0.91745235110491574 accept=1
CLASSICAL_LM o=4 lambda=2.5000000000000008e-05 tau=2.5000000000000008e-05 prediction=195554.58770444727 rho=0.91745235110491574 accept=1
  MFCG it   5 cost=2.043410e+06 lam=6.250e-06 tau=0.00e+00 cg_it=1 shift=0 ckpt=2 alpha=0 acc mv=24
PCG_PREP o=5 rebuild=1 drift=0 previous_depth=2
POINT_SAFE o=5 frozen=1597 slope=-207540.41672218399 candidate=2178480.201422628 original=2002344.2767323419 current=2043410.2433269909 won=0 mode=1 camera_scale=1 keep_scale=0
ATTR_RADIUS o=5 raw_norm=42981.167261336217 norm=4430.5854943653803 radius=35444.683954923028 next_radius=35444.683954923028 lambda=6.250000000000002e-06 next_lambda=6.2500000000000026e-07 rho=0.91588259334602129 accept=1
CLASSICAL_LM o=5 lambda=6.250000000000002e-06 tau=6.250000000000002e-06 prediction=44837.5882378346 rho=0.91588259334602129 accept=1
  MFCG it   6 cost=2.002344e+06 lam=6.250e-07 tau=0.00e+00 cg_it=7 shift=0 ckpt=8 alpha=0 acc mv=33
PCG_PREP o=6 rebuild=1 drift=0 previous_depth=8
POINT_SAFE o=6 frozen=1716 slope=-116978.76136638202 candidate=4315177.3273742925 original=1973981.642897303 current=2002344.2767323419 won=0 mode=1 camera_scale=1 keep_scale=0
ATTR_RADIUS o=6 raw_norm=69289.928483480544 norm=8861.1709887307552 radius=35444.683954923028 next_radius=35444.683954923028 lambda=6.2500000000000026e-07 next_lambda=6.2500000000000024e-08 rho=0.49161171233979439 accept=1
CLASSICAL_LM o=6 lambda=6.2500000000000026e-07 tau=6.2500000000000026e-07 prediction=57693.161336715784 rho=0.49161171233979439 accept=1
  MFCG it   7 cost=1.973982e+06 lam=6.250e-08 tau=0.00e+00 cg_it=5 shift=0 ckpt=6 alpha=0 acc mv=40
PCG_PREP o=7 rebuild=1 drift=0 previous_depth=6
POINT_SAFE o=7 frozen=788 slope=-53888.802702239511 candidate=12809683.560838539 original=1973489.0058585091 current=1973981.642897303 won=0 mode=1 camera_scale=1 keep_scale=0
ATTR_RADIUS o=7 raw_norm=76917.820672046772 norm=553.82318679567231 radius=35444.683954923028 next_radius=8861.170988730757 lambda=6.2500000000000024e-08 next_lambda=1.0000000000000004e-06 rho=0.19186074561412783 accept=1
CLASSICAL_LM o=7 lambda=6.2500000000000024e-08 tau=6.2500000000000024e-08 prediction=2567.680205854494 rho=0.19186074561412783 accept=1
  MFCG it   8 cost=1.973489e+06 lam=1.000e-06 tau=0.00e+00 cg_it=0 shift=0 ckpt=1 alpha=0 acc mv=42
PCG_PREP o=8 rebuild=1 drift=0 previous_depth=1
POINT_SAFE o=8 frozen=275 slope=-45883.423595162276 candidate=2004075.7942355904 original=1972614.4002499457 current=1973489.0058585091 won=0 mode=1 camera_scale=1 keep_scale=0
ATTR_RADIUS o=8 raw_norm=30899.070898740873 norm=138.45579669891808 radius=8861.170988730757 next_radius=8861.170988730757 lambda=1.0000000000000004e-06 next_lambda=1.0000000000000005e-07 rho=0.35840881622781029 accept=1
CLASSICAL_LM o=8 lambda=1.0000000000000004e-06 tau=1.0000000000000004e-06 prediction=2440.2458002246558 rho=0.35840881622781029 accept=1
  MFCG it   9 cost=1.972614e+06 lam=1.000e-07 tau=0.00e+00 cg_it=0 shift=0 ckpt=1 alpha=0 acc mv=44
PCG_PREP o=9 rebuild=1 drift=0 previous_depth=1
POINT_SAFE o=9 frozen=161 slope=-38909.225003235457 candidate=2033188.3682340465 original=1972545.5523191926 current=1972614.4002499457 won=0 mode=1 camera_scale=1 keep_scale=0
ATTR_RADIUS o=9 raw_norm=69696.113452703532 norm=8861.1709887307588 radius=8861.170988730757 next_radius=2215.2927471826893 lambda=1.0000000000000005e-07 next_lambda=1.6000000000000008e-06 rho=0.029566460411668972 accept=0
CLASSICAL_LM o=9 lambda=1.0000000000000005e-07 tau=1.0000000000000005e-07 prediction=2328.5821094081912 rho=0.029566460411668972 accept=0
  MFCG it  10  retry 1/8  lam=1.600e-06 tau_eff=1.000e-07  (assembly reused)
PCG_PREP o=9 rebuild=1 drift=0 previous_depth=1
POINT_SAFE o=9 frozen=32 slope=-37078.537079573878 candidate=1955752.9987576546 original=1972077.0594773912 current=1972614.4002499457 won=1 mode=1 camera_scale=1 keep_scale=0
ATTR_RADIUS o=9 raw_norm=25304.211250752793 norm=2215.2927471826879 radius=2215.2927471826893 next_radius=4430.5854943653785 lambda=1.6000000000000008e-06 next_lambda=4.0000000000000019e-07 rho=0.83671739279160773 accept=1
CLASSICAL_LM o=9 lambda=1.6000000000000008e-06 tau=1.6000000000000008e-06 prediction=20151.847729655859 rho=0.83671739279160773 accept=1
  MFCG it  10 cost=1.955753e+06 lam=4.000e-07 tau=0.00e+00 cg_it=0 shift=0 ckpt=1 alpha=0 acc mv=48
PCG_PREP o=10 rebuild=1 drift=0 previous_depth=1
POINT_SAFE o=10 frozen=502 slope=-8299.4657724762583 candidate=1961409.6541178764 original=1955577.3101911638 current=1955752.9987576546 won=0 mode=1 camera_scale=1 keep_scale=0
ATTR_RADIUS o=10 raw_norm=47375.476384433947 norm=4430.5854943653803 radius=4430.5854943653785 next_radius=1107.6463735913446 lambda=4.0000000000000019e-07 next_lambda=6.4000000000000031e-06 rho=0.094743440364052856 accept=0
CLASSICAL_LM o=10 lambda=4.0000000000000019e-07 tau=4.0000000000000019e-07 prediction=1854.3612709828719 rho=0.094743440364052856 accept=0
  MFCG it  11  retry 1/8  lam=6.400e-06 tau_eff=4.000e-07  (assembly reused)
PCG_PREP o=10 rebuild=1 drift=0 previous_depth=1
POINT_SAFE o=10 frozen=233 slope=-7544.9982528236114 candidate=1951465.6339734765 original=1955649.756198274 current=1955752.9987576546 won=1 mode=1 camera_scale=1 keep_scale=0
ATTR_RADIUS o=10 raw_norm=13714.144154901534 norm=1107.6463735913446 radius=1107.6463735913446 next_radius=2215.2927471826893 lambda=6.4000000000000031e-06 next_lambda=1.6000000000000008e-06 rho=0.81675152991466426 accept=1
CLASSICAL_LM o=10 lambda=6.4000000000000031e-06 tau=6.4000000000000031e-06 prediction=5249.2889540421711 rho=0.81675152991466426 accept=1
  MFCG it  11 cost=1.951466e+06 lam=1.600e-06 tau=0.00e+00 cg_it=0 shift=0 ckpt=1 alpha=0 acc mv=52
PCG_PREP o=11 rebuild=1 drift=0 previous_depth=1
POINT_SAFE o=11 frozen=531 slope=-4914.6165176940522 candidate=1949478.377927823 original=1951006.4935869519 current=1951465.6339734765 won=1 mode=1 camera_scale=1 keep_scale=0
ATTR_RADIUS o=11 raw_norm=27036.800025093158 norm=2215.2927471826888 radius=2215.2927471826893 next_radius=2215.2927471826893 lambda=1.6000000000000008e-06 next_lambda=1.6000000000000008e-06 rho=0.51723112142528771 accept=1
CLASSICAL_LM o=11 lambda=1.6000000000000008e-06 tau=1.6000000000000008e-06 prediction=3842.1045512060073 rho=0.51723112142528771 accept=1
  MFCG it  12 cost=1.949478e+06 lam=1.600e-06 tau=0.00e+00 cg_it=0 shift=0 ckpt=1 alpha=0 acc mv=54
PCG_PREP o=12 rebuild=1 drift=0 previous_depth=1
POINT_SAFE o=12 frozen=265 slope=-4135.7844151038853 candidate=1947902.8910522235 original=1948795.7300779347 current=1949478.377927823 won=1 mode=1 camera_scale=1 keep_scale=0
ATTR_RADIUS o=12 raw_norm=26471.900941524855 norm=2215.2927471826883 radius=2215.2927471826893 next_radius=2215.2927471826893 lambda=1.6000000000000008e-06 next_lambda=1.6000000000000008e-06 rho=0.45683205931348908 accept=1
CLASSICAL_LM o=12 lambda=1.6000000000000008e-06 tau=1.6000000000000008e-06 prediction=3448.7222240205042 rho=0.45683205931348908 accept=1
  MFCG it  13 cost=1.947903e+06 lam=1.600e-06 tau=0.00e+00 cg_it=0 shift=0 ckpt=1 alpha=0 acc mv=56
PCG_PREP o=13 rebuild=1 drift=0 previous_depth=1
POINT_SAFE o=13 frozen=160 slope=-3499.0151523926211 candidate=1946493.2431040595 original=1947037.8774289577 current=1947902.8910522235 won=1 mode=1 camera_scale=1 keep_scale=0
ATTR_RADIUS o=13 raw_norm=25957.835482046186 norm=2215.2927471826888 radius=2215.2927471826893 next_radius=2215.2927471826893 lambda=1.6000000000000008e-06 next_lambda=1.6000000000000008e-06 rho=0.44424852442312274 accept=1
CLASSICAL_LM o=13 lambda=1.6000000000000008e-06 tau=1.6000000000000008e-06 prediction=3173.1066523957966 rho=0.44424852442312274 accept=1
  MFCG it  14 cost=1.946493e+06 lam=1.600e-06 tau=0.00e+00 cg_it=0 shift=0 ckpt=1 alpha=0 acc mv=58
PCG_PREP o=14 rebuild=1 drift=0 previous_depth=1
POINT_SAFE o=14 frozen=160 slope=-3457.4135121995182 candidate=1945272.4194466847 original=1945800.3052089538 current=1946493.2431040595 won=1 mode=1 camera_scale=1 keep_scale=0
ATTR_RADIUS o=14 raw_norm=25246.041067270064 norm=2215.2927471826888 radius=2215.2927471826893 next_radius=2215.2927471826893 lambda=1.6000000000000008e-06 next_lambda=1.6000000000000008e-06 rho=0.38967918098214854 accept=1
CLASSICAL_LM o=14 lambda=1.6000000000000008e-06 tau=1.6000000000000008e-06 prediction=3132.894229293599 rho=0.38967918098214854 accept=1
  MFCG it  15 cost=1.945272e+06 lam=1.600e-06 tau=0.00e+00 cg_it=0 shift=0 ckpt=1 alpha=0 acc mv=60
PCG_PREP o=15 rebuild=1 drift=0 previous_depth=1
POINT_SAFE o=15 frozen=111 slope=-3437.6308127031743 candidate=1944521.687418069 original=1943928.5396066925 current=1945272.4194466847 won=0 mode=1 camera_scale=1 keep_scale=0
ATTR_RADIUS o=15 raw_norm=24605.56953618682 norm=69.227898349459039 radius=2215.2927471826893 next_radius=2215.2927471826893 lambda=1.6000000000000008e-06 next_lambda=1.6000000000000008e-07 rho=0.38188200922014948 accept=1
CLASSICAL_LM o=15 lambda=1.6000000000000008e-06 tau=1.6000000000000008e-06 prediction=3519.0970183081427 rho=0.38188200922014948 accept=1
  MFCG it  16 cost=1.943929e+06 lam=1.600e-07 tau=0.00e+00 cg_it=0 shift=0 ckpt=1 alpha=0 acc mv=62
PCG_PREP o=16 rebuild=1 drift=0 previous_depth=1
POINT_SAFE o=16 frozen=127 slope=-1731.6135538108526 candidate=1947467.0506569662 original=1943914.6060246762 current=1943928.5396066925 won=0 mode=1 camera_scale=1 keep_scale=0
ATTR_RADIUS o=16 raw_norm=55094.981119219301 norm=2215.2927471826893 radius=2215.2927471826893 next_radius=553.82318679567231 lambda=1.6000000000000008e-07 next_lambda=2.5600000000000013e-06 rho=0.03243763719590232 accept=0
CLASSICAL_LM o=16 lambda=1.6000000000000008e-07 tau=1.6000000000000008e-07 prediction=429.54984458692451 rho=0.03243763719590232 accept=0
  MFCG it  17  retry 1/8  lam=2.560e-06 tau_eff=1.600e-07  (assembly reused)
PCG_PREP o=16 rebuild=1 drift=0 previous_depth=1
POINT_SAFE o=16 frozen=45 slope=-1275.7539491072719 candidate=1942943.8700132752 original=1943916.9715294186 current=1943928.5396066925 won=1 mode=1 camera_scale=1 keep_scale=0
ATTR_RADIUS o=16 raw_norm=19095.923597973233 norm=553.8231867956722 radius=553.82318679567231 next_radius=1107.6463735913446 lambda=2.5600000000000013e-06 next_lambda=6.4000000000000033e-07 rho=0.87176719738124242 accept=1
CLASSICAL_LM o=16 lambda=2.5600000000000013e-06 tau=2.5600000000000013e-06 prediction=1129.509800753264 rho=0.87176719738124242 accept=1
  MFCG it  17 cost=1.942944e+06 lam=6.400e-07 tau=0.00e+00 cg_it=0 shift=0 ckpt=1 alpha=0 acc mv=66
PCG_PREP o=17 rebuild=1 drift=0 previous_depth=1
POINT_SAFE o=17 frozen=457 slope=-1094.4894073922078 candidate=1942635.7090880407 original=1942720.3300528792 current=1942943.8700132752 won=1 mode=1 camera_scale=1 keep_scale=0
ATTR_RADIUS o=17 raw_norm=35999.195613917764 norm=1107.6463735913446 radius=1107.6463735913446 next_radius=1107.6463735913446 lambda=6.4000000000000033e-07 next_lambda=6.4000000000000033e-07 rho=0.28768777149528135 accept=1
CLASSICAL_LM o=17 lambda=6.4000000000000033e-07 tau=6.4000000000000033e-07 prediction=1071.1644907002576 rho=0.28768777149528135 accept=1
  MFCG it  18 cost=1.942636e+06 lam=6.400e-07 tau=0.00e+00 cg_it=0 shift=0 ckpt=1 alpha=0 acc mv=68
PCG_PREP o=18 rebuild=1 drift=0 previous_depth=1
POINT_SAFE o=18 frozen=147 slope=-1118.0967677438271 candidate=1942259.5959220403 original=1942142.1854865931 current=1942635.7090880407 won=0 mode=1 camera_scale=1 keep_scale=0
ATTR_RADIUS o=18 raw_norm=35422.013711369771 norm=17.30697458736476 radius=1107.6463735913446 next_radius=1107.6463735913446 lambda=6.4000000000000033e-07 next_lambda=6.400000000000003e-08 rho=0.28984766544167312 accept=1
CLASSICAL_LM o=18 lambda=6.4000000000000033e-07 tau=6.4000000000000033e-07 prediction=1702.6999361739242 rho=0.28984766544167312 accept=1
  MFCG it  19 cost=1.942142e+06 lam=6.400e-08 tau=0.00e+00 cg_it=0 shift=0 ckpt=1 alpha=0 acc mv=70
PCG_PREP o=19 rebuild=1 drift=0 previous_depth=1
POINT_SAFE o=19 frozen=137 slope=-639.06434732067896 candidate=1942114.1599166133 original=1942100.655645214 current=1942142.1854865931 won=0 mode=1 camera_scale=1 keep_scale=0
ATTR_RADIUS o=19 raw_norm=65532.669993356561 norm=1107.6463735913449 radius=1107.6463735913446 next_radius=276.91159339783616 lambda=6.400000000000003e-08 next_lambda=1.0240000000000005e-06 rho=0.098281429065402839 accept=0
CLASSICAL_LM o=19 lambda=6.400000000000003e-08 tau=6.400000000000003e-08 prediction=422.56041425072306 rho=0.098281429065402839 accept=0
  MFCG it  20  retry 1/8  lam=1.024e-06 tau_eff=6.400e-08  (assembly reused)
PCG_PREP o=19 rebuild=1 drift=0 previous_depth=1
POINT_SAFE o=19 frozen=46 slope=-352.30710346035443 candidate=1941848.2125100314 original=1942101.9558758994 current=1942142.1854865931 won=1 mode=1 camera_scale=1 keep_scale=0
ATTR_RADIUS o=19 raw_norm=29170.780316682994 norm=276.9115933978361 radius=276.91159339783616 next_radius=553.82318679567231 lambda=1.0240000000000005e-06 next_lambda=2.5600000000000012e-07 rho=0.86306142932246299 accept=1
CLASSICAL_LM o=19 lambda=1.0240000000000005e-06 tau=1.0240000000000005e-06 prediction=340.6165153185168 rho=0.86306142932246299 accept=1
  MFCG it  20 cost=1.941848e+06 lam=2.560e-07 tau=0.00e+00 cg_it=0 shift=0 ckpt=1 alpha=0 acc mv=74
PCG_PREP o=20 rebuild=1 drift=0 previous_depth=1
POINT_SAFE o=20 frozen=478 slope=-419.53927469717013 candidate=1941597.7216562564 original=1941680.9468082446 current=1941848.2125100314 won=1 mode=1 camera_scale=1 keep_scale=0
ATTR_RADIUS o=20 raw_norm=47032.990923718906 norm=553.82318679567231 radius=553.82318679567231 next_radius=553.82318679567231 lambda=2.5600000000000012e-07 next_lambda=2.5600000000000012e-07 rho=0.6018070311810183 accept=1
CLASSICAL_LM o=20 lambda=2.5600000000000012e-07 tau=2.5600000000000012e-07 prediction=416.23118507519456 rho=0.6018070311810183 accept=1
  MFCG it  21 cost=1.941598e+06 lam=2.560e-07 tau=0.00e+00 cg_it=0 shift=0 ckpt=1 alpha=0 acc mv=76
PCG_PREP o=21 rebuild=1 drift=0 previous_depth=1
POINT_SAFE o=21 frozen=158 slope=-418.03458757380804 candidate=1941337.5764035941 original=1941394.9311887987 current=1941597.7216562564 won=1 mode=1 camera_scale=1 keep_scale=0
ATTR_RADIUS o=21 raw_norm=46789.295290382404 norm=553.82318679567209 radius=553.82318679567231 next_radius=553.82318679567231 lambda=2.5600000000000012e-07 next_lambda=2.5600000000000012e-07 rho=0.62739837681685573 accept=1
CLASSICAL_LM o=21 lambda=2.5600000000000012e-07 tau=2.5600000000000012e-07 prediction=414.64125868815302 rho=0.62739837681685573 accept=1
  MFCG it  22 cost=1.941338e+06 lam=2.560e-07 tau=0.00e+00 cg_it=0 shift=0 ckpt=1 alpha=0 acc mv=78
PCG_PREP o=22 rebuild=1 drift=0 previous_depth=1
POINT_SAFE o=22 frozen=188 slope=-416.32114020012688 candidate=1941074.0463319579 original=1940973.8141072821 current=1941337.5764035941 won=0 mode=1 camera_scale=1 keep_scale=0
ATTR_RADIUS o=22 raw_norm=46590.626580843913 norm=4.3267436468411908 radius=553.82318679567231 next_radius=553.82318679567231 lambda=2.5600000000000012e-07 next_lambda=2.5600000000000014e-08 rho=0.43182313280977502 accept=1
CLASSICAL_LM o=22 lambda=2.5600000000000012e-07 tau=2.5600000000000012e-07 prediction=842.38723837026589 rho=0.43182313280977502 accept=1
  MFCG it  23 cost=1.940974e+06 lam=2.560e-08 tau=0.00e+00 cg_it=0 shift=0 ckpt=1 alpha=0 acc mv=80
PCG_PREP o=23 rebuild=1 drift=0 previous_depth=1
POINT_SAFE o=23 frozen=128 slope=-258.42110138857595 candidate=1941069.3041025696 original=inf current=1940973.8141072821 won=0 mode=1 camera_scale=1 keep_scale=0
ATTR_RADIUS o=23 raw_norm=77752.338042327625 norm=553.8231867956722 radius=553.82318679567231 next_radius=138.45579669891808 lambda=2.5600000000000014e-08 next_lambda=4.0960000000000023e-07 rho=-1 accept=0
CLASSICAL_LM o=23 lambda=2.5600000000000014e-08 tau=2.5600000000000014e-08 prediction=256.23264272200186 rho=-1 accept=0
  MFCG it  24  retry 1/8  lam=4.096e-07 tau_eff=2.560e-08  (assembly reused)
PCG_PREP o=23 rebuild=1 drift=0 previous_depth=1
POINT_SAFE o=23 frozen=39 slope=-123.48613463341945 candidate=1940875.0849927606 original=inf current=1940973.8141072821 won=1 mode=1 camera_scale=1 keep_scale=0
ATTR_RADIUS o=23 raw_norm=40091.36123590549 norm=138.45579669891811 radius=138.45579669891808 next_radius=276.91159339783616 lambda=4.0960000000000023e-07 next_lambda=1.0240000000000006e-07 rho=0.80784542245258761 accept=1
CLASSICAL_LM o=23 lambda=4.0960000000000023e-07 tau=4.0960000000000023e-07 prediction=122.21287857495048 rho=0.80784542245258761 accept=1
  MFCG it  24 cost=1.940875e+06 lam=1.024e-07 tau=0.00e+00 cg_it=0 shift=0 ckpt=1 alpha=0 acc mv=84
PCG_PREP o=24 rebuild=1 drift=0 previous_depth=1
POINT_SAFE o=24 frozen=409 slope=-166.91585934932453 candidate=1940746.3559745881 original=inf current=1940875.0849927606 won=1 mode=1 camera_scale=1 keep_scale=0
ATTR_RADIUS o=24 raw_norm=58573.321741174033 norm=276.9115933978361 radius=276.91159339783616 next_radius=553.82318679567231 lambda=1.0240000000000006e-07 next_lambda=2.5600000000000014e-08 rho=0.77374263639496865 accept=1
CLASSICAL_LM o=24 lambda=1.0240000000000006e-07 tau=1.0240000000000006e-07 prediction=166.37188144659817 rho=0.77374263639496865 accept=1
  MFCG it  25 cost=1.940746e+06 lam=2.560e-08 tau=0.00e+00 cg_it=0 shift=0 ckpt=1 alpha=0 acc mv=86
PCG_PREP o=25 rebuild=1 drift=0 previous_depth=1
POINT_SAFE o=25 frozen=391 slope=-250.91379725113299 candidate=1940586.9169771071 original=inf current=1940746.3559745881 won=1 mode=1 camera_scale=1 keep_scale=0
ATTR_RADIUS o=25 raw_norm=78187.86813691647 norm=553.82318679567197 radius=553.82318679567231 next_radius=553.82318679567231 lambda=2.5600000000000014e-08 next_lambda=2.5600000000000014e-08 rho=0.63833986227041972 accept=1
CLASSICAL_LM o=25 lambda=2.5600000000000014e-08 tau=2.5600000000000014e-08 prediction=249.77133170711375 rho=0.63833986227041972 accept=1
  MFCG it  26 cost=1.940587e+06 lam=2.560e-08 tau=0.00e+00 cg_it=0 shift=0 ckpt=1 alpha=0 acc mv=88
PCG_PREP o=26 rebuild=1 drift=0 previous_depth=1
POINT_SAFE o=26 frozen=184 slope=-244.24325437327357 candidate=1940427.2010884422 original=1940424.733113108 current=1940586.9169771071 won=0 mode=1 camera_scale=1 keep_scale=0
ATTR_RADIUS o=26 raw_norm=79597.647673755127 norm=2.1633718234205941 radius=553.82318679567231 next_radius=553.82318679567231 lambda=2.5600000000000014e-08 next_lambda=2.5600000000000015e-09 rho=0.38715159454704928 accept=1
CLASSICAL_LM o=26 lambda=2.5600000000000014e-08 tau=2.5600000000000014e-08 prediction=418.91565547815287 rho=0.38715159454704928 accept=1
  MFCG it  27 cost=1.940425e+06 lam=2.560e-09 tau=0.00e+00 cg_it=0 shift=0 ckpt=1 alpha=0 acc mv=90
PCG_PREP o=27 rebuild=1 drift=0 previous_depth=1
NUMERIC_REPAIR o=27 lambda=2.5600000000000015e-09 rayleigh=-6.4265203683413759e-07 next_lambda=2.5808481473365505e-06 cg=1 rebuild=1
PCG_PREP o=27 rebuild=1 drift=0 previous_depth=1
POINT_SAFE o=27 frozen=641 slope=-1004.8372819499828 candidate=1939723.5359823052 original=inf current=1940424.733113108 won=1 mode=1 camera_scale=1 keep_scale=0
ATTR_RADIUS o=27 raw_norm=18603.234532867926 norm=553.82318679567209 radius=553.82318679567231 next_radius=553.82318679567231 lambda=2.5808481473365505e-06 next_lambda=2.5808481473365505e-06 rho=0.70845674930859603 accept=1
CLASSICAL_LM o=27 lambda=2.5808481473365505e-06 tau=2.5808481473365505e-06 prediction=989.75291220967972 rho=0.70845674930859603 accept=1
  MFCG it  28 cost=1.939724e+06 lam=2.581e-06 tau=0.00e+00 cg_it=0 shift=0 ckpt=1 alpha=0 acc mv=94
PCG_PREP o=28 rebuild=1 drift=0 previous_depth=1
POINT_SAFE o=28 frozen=261 slope=-1155.9339209522886 candidate=1938554.0567927621 original=1939539.7725294649 current=1939723.5359823052 won=1 mode=1 camera_scale=1 keep_scale=0
ATTR_RADIUS o=28 raw_norm=31078.63170393783 norm=553.82318679567231 radius=553.82318679567231 next_radius=1107.6463735913446 lambda=2.5808481473365505e-06 next_lambda=2.5808481473365505e-06 rho=1.0235674189649921 accept=1
CLASSICAL_LM o=28 lambda=2.5808481473365505e-06 tau=2.5808481473365505e-06 prediction=1142.5521835441029 rho=1.0235674189649921 accept=1
  MFCG it  29 cost=1.938554e+06 lam=2.581e-06 tau=0.00e+00 cg_it=1 shift=0 ckpt=2 alpha=0 acc mv=97
PCG_PREP o=29 rebuild=1 drift=0 previous_depth=2
POINT_SAFE o=29 frozen=204 slope=-2302.5417151186989 candidate=1936211.3476193764 original=1938165.1379275091 current=1938554.0567927621 won=1 mode=1 camera_scale=1 keep_scale=0
ATTR_RADIUS o=29 raw_norm=30575.809636716713 norm=1107.6463735913444 radius=1107.6463735913446 next_radius=2215.2927471826893 lambda=2.5808481473365505e-06 next_lambda=2.5808481473365505e-06 rho=1.0371963416907888 accept=1
CLASSICAL_LM o=29 lambda=2.5808481473365505e-06 tau=2.5808481473365505e-06 prediction=2258.6940188843878 rho=1.0371963416907888 accept=1
  MFCG it  30 cost=1.936211e+06 lam=2.581e-06 tau=0.00e+00 cg_it=1 shift=0 ckpt=2 alpha=0 acc mv=100
PCG_PREP o=30 rebuild=1 drift=0 previous_depth=2
POINT_SAFE o=30 frozen=208 slope=-4618.2184904031383 candidate=1931625.1537857039 original=1935581.761534747 current=1936211.3476193764 won=1 mode=1 camera_scale=1 keep_scale=0
ATTR_RADIUS o=30 raw_norm=29523.7142173313 norm=2215.2927471826897 radius=2215.2927471826893 next_radius=4430.5854943653785 lambda=2.5808481473365505e-06 next_lambda=2.5808481473365505e-06 rho=1.0337254163006022 accept=1
CLASSICAL_LM o=30 lambda=2.5808481473365505e-06 tau=2.5808481473365505e-06 prediction=4436.5687070799459 rho=1.0337254163006022 accept=1
  MFCG it  31 cost=1.931625e+06 lam=2.581e-06 tau=0.00e+00 cg_it=1 shift=0 ckpt=2 alpha=0 acc mv=103
PCG_PREP o=31 rebuild=1 drift=0 previous_depth=2
POINT_SAFE o=31 frozen=344 slope=-9184.8204044462273 candidate=1923803.4954662456 original=1930119.4511985313 current=1931625.1537857039 won=1 mode=1 camera_scale=1 keep_scale=0
ATTR_RADIUS o=31 raw_norm=28555.203193585134 norm=4430.5854943653803 radius=4430.5854943653785 next_radius=8861.170988730757 lambda=2.5808481473365505e-06 next_lambda=2.5808481473365505e-06 rho=0.93556205890861255 accept=1
CLASSICAL_LM o=31 lambda=2.5808481473365505e-06 tau=2.5808481473365505e-06 prediction=8360.384268450116 rho=0.93556205890861255 accept=1
  MFCG it  32 cost=1.923803e+06 lam=2.581e-06 tau=0.00e+00 cg_it=1 shift=0 ckpt=2 alpha=0 acc mv=106
PCG_PREP o=32 rebuild=1 drift=0 previous_depth=2
POINT_SAFE o=32 frozen=695 slope=-20898.717226008979 candidate=1915565.6699445122 original=1919311.9815553017 current=1923803.4954662456 won=1 mode=1 camera_scale=1 keep_scale=0
ATTR_RADIUS o=32 raw_norm=37677.167987735818 norm=8861.1709887307552 radius=8861.170988730757 next_radius=8861.170988730757 lambda=2.5808481473365505e-06 next_lambda=2.5808481473365505e-06 rho=0.46026781980637727 accept=1
CLASSICAL_LM o=32 lambda=2.5808481473365505e-06 tau=2.5808481473365505e-06 prediction=17897.895892871282 rho=0.46026781980637727 accept=1
  MFCG it  33 cost=1.915566e+06 lam=2.581e-06 tau=0.00e+00 cg_it=3 shift=0 ckpt=4 alpha=0 acc mv=111
PCG_PREP o=33 rebuild=1 drift=0 previous_depth=4
POINT_SAFE o=33 frozen=508 slope=-21387.522351538497 candidate=2334663.9227955397 original=1910357.1261482153 current=1915565.6699445122 won=0 mode=1 camera_scale=1 keep_scale=0
ATTR_RADIUS o=33 raw_norm=17318.116664486362 norm=1107.6463735913439 radius=8861.170988730757 next_radius=8861.170988730757 lambda=2.5808481473365505e-06 next_lambda=2.5808481473365505e-06 rho=0.34887723653371183 accept=1
CLASSICAL_LM o=33 lambda=2.5808481473365505e-06 tau=2.5808481473365505e-06 prediction=14929.445807490025 rho=0.34887723653371183 accept=1
  MFCG it  34 cost=1.910357e+06 lam=2.581e-06 tau=0.00e+00 cg_it=0 shift=0 ckpt=1 alpha=0 acc mv=113
PCG_PREP o=34 rebuild=1 drift=0 previous_depth=1
POINT_SAFE o=34 frozen=464 slope=-20502.695756842793 candidate=2370600.1852359218 original=1909453.4039939465 current=1910357.1261482153 won=0 mode=1 camera_scale=1 keep_scale=0
ATTR_RADIUS o=34 raw_norm=17678.935869116594 norm=138.45579669891805 radius=8861.170988730757 next_radius=8861.170988730757 lambda=2.5808481473365505e-06 next_lambda=2.5808481473365505e-06 rho=0.49845055151742262 accept=1
CLASSICAL_LM o=34 lambda=2.5808481473365505e-06 tau=2.5808481473365505e-06 prediction=1813.0628033564806 rho=0.49845055151742262 accept=1
  MFCG it  35 cost=1.909453e+06 lam=2.581e-06 tau=0.00e+00 cg_it=0 shift=0 ckpt=1 alpha=0 acc mv=115
PCG_PREP o=35 rebuild=1 drift=0 previous_depth=1
POINT_SAFE o=35 frozen=454 slope=-20433.886438619797 candidate=2492706.0475317566 original=inf current=1909453.4039939465 won=0 mode=1 camera_scale=1 keep_scale=0
ATTR_RADIUS o=35 raw_norm=17683.259815992544 norm=8861.1709887307516 radius=8861.170988730757 next_radius=2215.2927471826893 lambda=2.5808481473365505e-06 next_lambda=4.1293570357384808e-05 rho=-1 accept=0
CLASSICAL_LM o=35 lambda=2.5808481473365505e-06 tau=2.5808481473365505e-06 prediction=13991.956980699089 rho=-1 accept=0
  MFCG it  36  retry 1/8  lam=4.129e-05 tau_eff=2.581e-06  (assembly reused)
PCG_PREP o=35 rebuild=1 drift=0 previous_depth=1
POINT_SAFE o=35 frozen=127 slope=-22119.558678081255 candidate=1905362.8919162722 original=inf current=1909453.4039939465 won=1 mode=1 camera_scale=1 keep_scale=0
ATTR_RADIUS o=35 raw_norm=3929.6238603021766 norm=2215.2927471826888 radius=2215.2927471826893 next_radius=2215.2927471826893 lambda=4.1293570357384808e-05 next_lambda=4.1293570357384808e-05 rho=0.27306797904064056 accept=1
CLASSICAL_LM o=35 lambda=4.1293570357384808e-05 tau=4.1293570357384808e-05 prediction=14979.830634281294 rho=0.27306797904064056 accept=1
  MFCG it  36 cost=1.905363e+06 lam=4.129e-05 tau=0.00e+00 cg_it=0 shift=0 ckpt=1 alpha=0 acc mv=119
PCG_PREP o=36 rebuild=1 drift=0 previous_depth=1
POINT_SAFE o=36 frozen=160 slope=-9445.8000996626724 candidate=1899736.5786840853 original=1895642.5273042901 current=1905362.8919162722 won=0 mode=1 camera_scale=1 keep_scale=0
ATTR_RADIUS o=36 raw_norm=4251.5775633400299 norm=553.82318679567197 radius=2215.2927471826893 next_radius=2215.2927471826893 lambda=4.1293570357384808e-05 next_lambda=4.1293570357384813e-06 rho=0.37163552813844258 accept=1
CLASSICAL_LM o=36 lambda=4.1293570357384808e-05 tau=4.1293570357384808e-05 prediction=26155.638726664154 rho=0.37163552813844258 accept=1
  MFCG it  37 cost=1.895643e+06 lam=4.129e-06 tau=0.00e+00 cg_it=0 shift=0 ckpt=1 alpha=0 acc mv=121
PCG_PREP o=37 rebuild=1 drift=0 previous_depth=1
POINT_SAFE o=37 frozen=125 slope=-5464.1600120222774 candidate=1891062.5495873112 original=1894731.5658254025 current=1895642.5273042901 won=1 mode=1 camera_scale=1 keep_scale=0
ATTR_RADIUS o=37 raw_norm=33786.168933515197 norm=2215.2927471826897 radius=2215.2927471826893 next_radius=4430.5854943653785 lambda=4.1293570357384813e-06 next_lambda=2.5808481473365505e-06 rho=0.95088900241035534 accept=1
CLASSICAL_LM o=37 lambda=4.1293570357384813e-06 tau=4.1293570357384813e-06 prediction=4816.521913040684 rho=0.95088900241035534 accept=1
  MFCG it  38 cost=1.891063e+06 lam=2.581e-06 tau=0.00e+00 cg_it=3 shift=0 ckpt=4 alpha=0 acc mv=126
PCG_PREP o=38 rebuild=1 drift=0 previous_depth=4
POINT_SAFE o=38 frozen=645 slope=-3128.3782625421591 candidate=1903677.8716881187 original=1889147.9368230312 current=1891062.5495873112 won=0 mode=1 camera_scale=1 keep_scale=0
ATTR_RADIUS o=38 raw_norm=19413.365849134902 norm=276.91159339783621 radius=4430.5854943653785 next_radius=4430.5854943653785 lambda=2.5808481473365505e-06 next_lambda=2.5808481473365505e-06 rho=0.32457999775963148 accept=1
CLASSICAL_LM o=38 lambda=2.5808481473365505e-06 tau=2.5808481473365505e-06 prediction=5898.7392245221708 rho=0.32457999775963148 accept=1
  MFCG it  39 cost=1.889148e+06 lam=2.581e-06 tau=0.00e+00 cg_it=0 shift=0 ckpt=1 alpha=0 acc mv=128
PCG_PREP o=39 rebuild=1 drift=0 previous_depth=1
POINT_SAFE o=39 frozen=178 slope=-9205.2310684865388 candidate=1880720.0627668982 original=1888992.0930883705 current=1889147.9368230312 won=1 mode=1 camera_scale=1 keep_scale=0
ATTR_RADIUS o=39 raw_norm=47896.236302840705 norm=4430.5854943653785 radius=4430.5854943653785 next_radius=8861.170988730757 lambda=2.5808481473365505e-06 next_lambda=2.5808481473365505e-06 rho=0.97224935682777136 accept=1
CLASSICAL_LM o=39 lambda=2.5808481473365505e-06 tau=2.5808481473365505e-06 prediction=8668.4285229369689 rho=0.97224935682777136 accept=1
  MFCG it  40 cost=1.880720e+06 lam=2.581e-06 tau=0.00e+00 cg_it=6 shift=0 ckpt=7 alpha=0 acc mv=136
PCG_PREP o=40 rebuild=1 drift=0 previous_depth=7
POINT_SAFE o=40 frozen=362 slope=-16813.7865516395 candidate=1867804.7556061496 original=1879801.4009629001 current=1880720.0627668982 won=1 mode=1 camera_scale=1 keep_scale=0
ATTR_RADIUS o=40 raw_norm=47657.589697583142 norm=8861.170988730757 radius=8861.170988730757 next_radius=17722.341977461514 lambda=2.5808481473365505e-06 next_lambda=2.5808481473365505e-06 rho=0.86313946093390848 accept=1
CLASSICAL_LM o=40 lambda=2.5808481473365505e-06 tau=2.5808481473365505e-06 prediction=14963.175414056957 rho=0.86313946093390848 accept=1
  MFCG it  41 cost=1.867805e+06 lam=2.581e-06 tau=0.00e+00 cg_it=6 shift=0 ckpt=7 alpha=0 acc mv=144
PCG_PREP o=41 rebuild=1 drift=0 previous_depth=7
POINT_SAFE o=41 frozen=705 slope=-28655.973095792233 candidate=1883498.7367015369 original=1864189.6655278848 current=1867804.7556061496 won=0 mode=1 camera_scale=1 keep_scale=0
ATTR_RADIUS o=41 raw_norm=45145.340859450487 norm=1107.6463735913451 radius=17722.341977461514 next_radius=17722.341977461514 lambda=2.5808481473365505e-06 next_lambda=2.5808481473365505e-06 rho=0.49536257540238698 accept=1
CLASSICAL_LM o=41 lambda=2.5808481473365505e-06 tau=2.5808481473365505e-06 prediction=7297.8667702705261 rho=0.49536257540238698 accept=1
  MFCG it  42 cost=1.864190e+06 lam=2.581e-06 tau=0.00e+00 cg_it=5 shift=0 ckpt=6 alpha=0 acc mv=151
PCG_PREP o=42 rebuild=1 drift=0 previous_depth=6
POINT_SAFE o=42 frozen=552 slope=-29383.255315405746 candidate=1868656.662642651 original=1863608.560191293 current=1864189.6655278848 won=0 mode=1 camera_scale=1 keep_scale=0
ATTR_RADIUS o=42 raw_norm=47983.86247656132 norm=276.91159339783604 radius=17722.341977461514 next_radius=17722.341977461514 lambda=2.5808481473365505e-06 next_lambda=2.5808481473365505e-06 rho=0.32142878071746483 accept=1
CLASSICAL_LM o=42 lambda=2.5808481473365505e-06 tau=2.5808481473365505e-06 prediction=1807.8820922468187 rho=0.32142878071746483 accept=1
  MFCG it  43 cost=1.863609e+06 lam=2.581e-06 tau=0.00e+00 cg_it=6 shift=0 ckpt=7 alpha=0 acc mv=159
PCG_PREP o=43 rebuild=1 drift=0 previous_depth=7
POINT_SAFE o=43 frozen=560 slope=-29067.1091260867 candidate=1866722.8436710339 original=1863555.785168658 current=1863608.560191293 won=0 mode=1 camera_scale=1 keep_scale=0
ATTR_RADIUS o=43 raw_norm=47929.548796461415 norm=17722.341977461518 radius=17722.341977461514 next_radius=4430.5854943653785 lambda=2.5808481473365505e-06 next_lambda=4.1293570357384808e-05 rho=0.02930617469643209 accept=0
CLASSICAL_LM o=43 lambda=2.5808481473365505e-06 tau=2.5808481473365505e-06 prediction=1800.8158069646906 rho=0.02930617469643209 accept=0
  MFCG it  44  retry 1/8  lam=4.129e-05 tau_eff=2.581e-06  (assembly reused)
PCG_PREP o=43 rebuild=1 drift=0 previous_depth=7
POINT_SAFE o=43 frozen=29 slope=-18782.639192077979 candidate=1848322.3789543444 original=1863238.2716501141 current=1863608.560191293 won=1 mode=1 camera_scale=1 keep_scale=0
ATTR_RADIUS o=43 raw_norm=14097.994199774352 norm=4430.5854943653767 radius=4430.5854943653785 next_radius=8861.170988730757 lambda=4.1293570357384808e-05 next_lambda=1.0323392589346202e-05 rho=0.97626968516222268 accept=1
CLASSICAL_LM o=43 lambda=4.1293570357384808e-05 tau=4.1293570357384808e-05 prediction=15657.744442211728 rho=0.97626968516222268 accept=1
  MFCG it  44 cost=1.848322e+06 lam=1.032e-05 tau=0.00e+00 cg_it=5 shift=0 ckpt=6 alpha=0 acc mv=174
PCG_PREP o=44 rebuild=1 drift=0 previous_depth=6
POINT_SAFE o=44 frozen=775 slope=-72532.895387222641 candidate=2358536.1365019521 original=inf current=1848322.3789543444 won=0 mode=1 camera_scale=1 keep_scale=0
ATTR_RADIUS o=44 raw_norm=12402.414622873908 norm=8861.1709887307534 radius=8861.170988730757 next_radius=2215.2927471826893 lambda=1.0323392589346202e-05 next_lambda=0.00016517428142953923 rho=-1 accept=0
CLASSICAL_LM o=44 lambda=1.0323392589346202e-05 tau=1.0323392589346202e-05 prediction=46188.970613663383 rho=-1 accept=0
  MFCG it  45  retry 1/8  lam=1.652e-04 tau_eff=1.032e-05  (assembly reused)
PCG_PREP o=44 rebuild=1 drift=0 previous_depth=2
POINT_SAFE o=44 frozen=120 slope=-91750.320338949328 candidate=2353498.3443043646 original=inf current=1848322.3789543444 won=0 mode=1 camera_scale=1 keep_scale=0
ATTR_RADIUS o=44 raw_norm=1999.8237851423003 norm=1999.8237851423003 radius=2215.2927471826893 next_radius=553.82318679567231 lambda=0.00016517428142953923 next_lambda=0.0026427885028726277 rho=-1 accept=0
CLASSICAL_LM o=44 lambda=0.00016517428142953923 tau=0.00016517428142953923 prediction=46264.34148424313 rho=-1 accept=0
  MFCG it  45  retry 2/8  lam=2.643e-03 tau_eff=1.652e-04  (assembly reused)
PCG_PREP o=44 rebuild=1 drift=0 previous_depth=1
POINT_SAFE o=44 frozen=15 slope=-89170.120311771389 candidate=2362100.6857376122 original=inf current=1848322.3789543444 won=0 mode=1 camera_scale=1 keep_scale=0
ATTR_RADIUS o=44 raw_norm=445.86389678535556 norm=445.86389678535556 radius=553.82318679567231 next_radius=138.45579669891808 lambda=0.0026427885028726277 next_lambda=0.042284616045962044 rho=-1 accept=0
CLASSICAL_LM o=44 lambda=0.0026427885028726277 tau=0.0026427885028726277 prediction=44918.036623635431 rho=-1 accept=0
  MFCG it  45  retry 3/8  lam=4.228e-02 tau_eff=2.643e-03  (assembly reused)
PCG_PREP o=44 rebuild=1 drift=0 previous_depth=1
POINT_SAFE o=44 frozen=1 slope=-42186.485111619346 candidate=2348235.9778785123 original=inf current=1848322.3789543444 won=0 mode=1 camera_scale=1 keep_scale=0
ATTR_RADIUS o=44 raw_norm=280.92763618408975 norm=138.45579669891811 radius=138.45579669891808 next_radius=34.61394917472952 lambda=0.042284616045962044 next_lambda=0.6765538567353927 rho=-1 accept=0
CLASSICAL_LM o=44 lambda=0.042284616045962044 tau=0.042284616045962044 prediction=32017.180835611736 rho=-1 accept=0
  MFCG it  45  retry 4/8  lam=6.766e-01 tau_eff=4.228e-02  (assembly reused)
PCG_PREP o=44 rebuild=1 drift=0 previous_depth=1
POINT_SAFE o=44 frozen=1 slope=-13389.220156075096 candidate=2273730.5374439307 original=inf current=1848322.3789543444 won=0 mode=1 camera_scale=1 keep_scale=0
ATTR_RADIUS o=44 raw_norm=156.62628229840072 norm=34.613949174729477 radius=34.61394917472952 next_radius=8.6534872936823799 lambda=0.6765538567353927 next_lambda=10.824861707766283 rho=-1 accept=0
CLASSICAL_LM o=44 lambda=0.6765538567353927 tau=0.6765538567353927 prediction=12175.715080053378 rho=-1 accept=0
  MFCG it  45  retry 5/8  lam=1.082e+01 tau_eff=6.766e-01  (assembly reused)
PCG_PREP o=44 rebuild=1 drift=0 previous_depth=1
POINT_SAFE o=44 frozen=1 slope=-3599.2876873755831 candidate=2075893.0940662818 original=inf current=1848322.3789543444 won=0 mode=1 camera_scale=1 keep_scale=0
ATTR_RADIUS o=44 raw_norm=30.617290882839974 norm=8.6534872936823763 radius=8.6534872936823799 next_radius=2.163371823420595 lambda=10.824861707766283 next_lambda=173.19778732426053 rho=-1 accept=0
CLASSICAL_LM o=44 lambda=10.824861707766283 tau=10.824861707766283 prediction=3503.7715174026825 rho=-1 accept=0
  MFCG it  45  retry 6/8  lam=1.732e+02 tau_eff=1.082e+01  (assembly reused)
PCG_PREP o=44 rebuild=1 drift=0 previous_depth=1
POINT_SAFE o=44 frozen=27 slope=-880.93965969248802 candidate=1898466.691956735 original=1848320.7372760598 current=1848322.3789543444 won=0 mode=1 camera_scale=1 keep_scale=0
ATTR_RADIUS o=44 raw_norm=2.2973017238904569 norm=0.0084506711852367009 radius=2.163371823420595 next_radius=2.163371823420595 lambda=173.19778732426053 next_lambda=17.319778732426055 rho=0.47702370200066457 accept=1
CLASSICAL_LM o=44 lambda=173.19778732426053 tau=173.19778732426053 prediction=3.4415025453359527 rho=0.47702370200066457 accept=1
  MFCG it  45 cost=1.848321e+06 lam=1.732e+01 tau=0.00e+00 cg_it=0 shift=0 ckpt=1 alpha=0 acc mv=189
PCG_PREP o=45 rebuild=1 drift=0 previous_depth=1
POINT_SAFE o=45 frozen=2 slope=-949.72593507177726 candidate=4933246.0345772142 original=1848319.3654636142 current=1848320.7372760598 won=0 mode=1 camera_scale=1 keep_scale=0
ATTR_RADIUS o=45 raw_norm=20.86879629666424 norm=0.016901342370473391 radius=2.163371823420595 next_radius=0.54084295585514874 lambda=17.319778732426055 next_lambda=277.11645971881688 rho=0.18477066467360434 accept=1
CLASSICAL_LM o=45 lambda=17.319778732426055 tau=17.319778732426055 prediction=7.424406076584332 rho=0.18477066467360434 accept=1
  MFCG it  46 cost=1.848319e+06 lam=2.771e+02 tau=0.00e+00 cg_it=0 shift=0 ckpt=1 alpha=0 acc mv=191
PCG_PREP o=46 rebuild=1 drift=0 previous_depth=1
POINT_SAFE o=46 frozen=199 slope=-226.79117039221416 candidate=1849034.2412267581 original=1848307.3986804367 current=1848319.3654636142 won=0 mode=1 camera_scale=1 keep_scale=0
ATTR_RADIUS o=46 raw_norm=1.4665049563094947 norm=0.067605369481893607 radius=0.54084295585514874 next_radius=0.54084295585514874 lambda=277.11645971881688 next_lambda=27.711645971881691 rho=0.4215560677228023 accept=1
CLASSICAL_LM o=46 lambda=277.11645971881688 tau=277.11645971881688 prediction=28.387168620811057 rho=0.4215560677228023 accept=1
  MFCG it  47 cost=1.848307e+06 lam=2.771e+01 tau=0.00e+00 cg_it=0 shift=0 ckpt=1 alpha=0 acc mv=193
PCG_PREP o=47 rebuild=1 drift=0 previous_depth=1
POINT_SAFE o=47 frozen=8 slope=-270.2511348427102 candidate=1848732.8906459212 original=1848282.0624538674 current=1848307.3986804367 won=0 mode=1 camera_scale=1 keep_scale=0
ATTR_RADIUS o=47 raw_norm=13.706988250386004 norm=0.13521073896378716 radius=0.54084295585514874 next_radius=0.54084295585514874 lambda=27.711645971881691 next_lambda=2.7711645971881693 rho=0.36973659504832651 accept=1
CLASSICAL_LM o=47 lambda=27.711645971881691 tau=27.711645971881691 prediction=68.525071384790124 rho=0.36973659504832651 accept=1
  MFCG it  48 cost=1.848282e+06 lam=2.771e+00 tau=0.00e+00 cg_it=0 shift=0 ckpt=1 alpha=0 acc mv=195
PCG_PREP o=48 rebuild=1 drift=0 previous_depth=1
POINT_SAFE o=48 frozen=2 slope=-527.36636488852469 candidate=1848027.958706928 original=1848235.3728062559 current=1848282.0624538674 won=1 mode=1 camera_scale=1 keep_scale=0
ATTR_RADIUS o=48 raw_norm=83.659855565608538 norm=0.54084295585514874 radius=0.54084295585514874 next_radius=0.54084295585514874 lambda=2.7711645971881693 next_lambda=2.7711645971881693 rho=0.54264951553698137 accept=1
CLASSICAL_LM o=48 lambda=2.7711645971881693 tau=2.7711645971881693 prediction=468.26494756565103 rho=0.54264951553698137 accept=1
  MFCG it  49 cost=1.848028e+06 lam=2.771e+00 tau=0.00e+00 cg_it=0 shift=0 ckpt=1 alpha=0 acc mv=197
PCG_PREP o=49 rebuild=1 drift=0 previous_depth=1
POINT_SAFE o=49 frozen=3 slope=-349.74870714313255 candidate=1847747.3195361118 original=1848021.7277117344 current=1848027.958706928 won=1 mode=1 camera_scale=1 keep_scale=0
ATTR_RADIUS o=49 raw_norm=84.539265036158056 norm=0.54084295585514841 radius=0.54084295585514874 next_radius=1.0816859117102975 lambda=2.7711645971881693 next_lambda=0.69279114929704233 rho=0.85560039195280124 accept=1
CLASSICAL_LM o=49 lambda=2.7711645971881693 tau=2.7711645971881693 prediction=328.00262068095162 rho=0.85560039195280124 accept=1
  MFCG it  50 cost=1.847747e+06 lam=6.928e-01 tau=0.00e+00 cg_it=0 shift=0 ckpt=1 alpha=0 acc mv=199
PCG_PREP o=50 rebuild=1 drift=0 previous_depth=1
POINT_SAFE o=50 frozen=1 slope=-519.82321209938618 candidate=1849326.6909465592 original=1847728.5678051836 current=1847747.3195361118 won=0 mode=1 camera_scale=1 keep_scale=0
ATTR_RADIUS o=50 raw_norm=155.37286823753504 norm=0.067605369481893621 radius=1.0816859117102975 next_radius=1.0816859117102975 lambda=0.69279114929704233 next_lambda=0.069279114929704233 rho=0.36018227442316886 accept=1
CLASSICAL_LM o=50 lambda=0.69279114929704233 tau=0.69279114929704233 prediction=52.06178165826833 rho=0.36018227442316886 accept=1
  MFCG it  51 cost=1.847729e+06 lam=6.928e-02 tau=0.00e+00 cg_it=0 shift=0 ckpt=1 alpha=0 acc mv=201
PCG_PREP o=51 rebuild=1 drift=0 previous_depth=1
POINT_SAFE o=51 frozen=1 slope=-545.45824230527137 candidate=1849554.2622252374 original=1847720.522224355 current=1847728.5678051836 won=0 mode=1 camera_scale=1 keep_scale=0
ATTR_RADIUS o=51 raw_norm=241.20323870889206 norm=0.0084506711852366939 radius=1.0816859117102975 next_radius=1.0816859117102975 lambda=0.069279114929704233 next_lambda=0.0069279114929704233 rho=0.37400154991052459 accept=1
CLASSICAL_LM o=51 lambda=0.069279114929704233 tau=0.069279114929704233 prediction=21.51215905518891 rho=0.37400154991052459 accept=1
  MFCG it  52 cost=1.847721e+06 lam=6.928e-03 tau=0.00e+00 cg_it=0 shift=0 ckpt=1 alpha=0 acc mv=203
PCG_PREP o=52 rebuild=1 drift=0 previous_depth=1
POINT_SAFE o=52 frozen=1 slope=-634.10871348294302 candidate=1877382.3878974325 original=inf current=1847720.522224355 won=0 mode=1 camera_scale=1 keep_scale=0
ATTR_RADIUS o=52 raw_norm=317.46259784292317 norm=1.0816859117102979 radius=1.0816859117102975 next_radius=0.27042147792757437 lambda=0.0069279114929704233 next_lambda=0.11084658388752677 rho=-1 accept=0
CLASSICAL_LM o=52 lambda=0.0069279114929704233 tau=0.0069279114929704233 prediction=508.08909199931446 rho=-1 accept=0
  MFCG it  53  retry 1/8  lam=1.108e-01 tau_eff=6.928e-03  (assembly reused)
PCG_PREP o=52 rebuild=1 drift=0 previous_depth=1
POINT_SAFE o=52 frozen=1 slope=-252.82434602548142 candidate=1848775.0854687858 original=1847717.768414085 current=1847720.522224355 won=0 mode=1 camera_scale=1 keep_scale=0
ATTR_RADIUS o=52 raw_norm=218.85765234896539 norm=0.0042253355926183504 radius=0.27042147792757437 next_radius=0.27042147792757437 lambda=0.11084658388752677 next_lambda=0.011084658388752678 rho=0.38090402009408858 accept=1
CLASSICAL_LM o=52 lambda=0.11084658388752677 tau=0.11084658388752677 prediction=7.2296697454406145 rho=0.38090402009408858 accept=1
  MFCG it  53 cost=1.847718e+06 lam=1.108e-02 tau=0.00e+00 cg_it=0 shift=0 ckpt=1 alpha=0 acc mv=207
PCG_PREP o=53 rebuild=1 drift=0 previous_depth=1
POINT_SAFE o=53 frozen=1 slope=-368.6242315428911 candidate=1848280.1746127084 original=inf current=1847717.768414085 won=0 mode=1 camera_scale=1 keep_scale=0
ATTR_RADIUS o=53 raw_norm=310.6811280158243 norm=0.27042147792757437 radius=0.27042147792757437 next_radius=0.067605369481893593 lambda=0.011084658388752678 next_lambda=0.17735453422004285 rho=-1 accept=0
CLASSICAL_LM o=53 lambda=0.011084658388752678 tau=0.011084658388752678 prediction=263.209734125431 rho=-1 accept=0
  MFCG it  54  retry 1/8  lam=1.774e-01 tau_eff=1.108e-02  (assembly reused)
PCG_PREP o=53 rebuild=1 drift=0 previous_depth=1
POINT_SAFE o=53 frozen=1 slope=-154.63670682077415 candidate=1847665.4005505822 original=1847713.9650780265 current=1847717.768414085 won=1 mode=1 camera_scale=1 keep_scale=0
ATTR_RADIUS o=53 raw_norm=221.33199235938565 norm=0.067605369481893593 radius=0.067605369481893593 next_radius=0.067605369481893593 lambda=0.17735453422004285 next_lambda=0.17735453422004285 rho=0.48913628122763703 accept=1
CLASSICAL_LM o=53 lambda=0.17735453422004285 tau=0.17735453422004285 prediction=107.06190792346446 rho=0.48913628122763703 accept=1
  MFCG it  54 cost=1.847665e+06 lam=1.774e-01 tau=0.00e+00 cg_it=0 shift=0 ckpt=1 alpha=0 acc mv=211
PCG_PREP o=54 rebuild=1 drift=0 previous_depth=1
POINT_SAFE o=54 frozen=3 slope=-47.672049350880833 candidate=1847621.7647216336 original=1847651.4830258966 current=1847665.4005505822 won=1 mode=1 camera_scale=1 keep_scale=0
ATTR_RADIUS o=54 raw_norm=206.05339471340181 norm=0.067605369481893565 radius=0.067605369481893593 next_radius=0.13521073896378719 lambda=0.17735453422004285 next_lambda=0.044338633555010713 rho=0.95663403889990206 accept=1
CLASSICAL_LM o=54 lambda=0.17735453422004285 tau=0.17735453422004285 prediction=45.613920448366557 rho=0.95663403889990206 accept=1
  MFCG it  55 cost=1.847622e+06 lam=4.434e-02 tau=0.00e+00 cg_it=0 shift=0 ckpt=1 alpha=0 acc mv=213
PCG_PREP o=55 rebuild=1 drift=0 previous_depth=1
POINT_SAFE o=55 frozen=9 slope=-96.830953417375667 candidate=1847544.8363570373 original=1847609.0323372344 current=1847621.7647216336 won=1 mode=1 camera_scale=1 keep_scale=0
ATTR_RADIUS o=55 raw_norm=241.76994507336872 norm=0.13521073896378713 radius=0.13521073896378719 next_radius=0.27042147792757437 lambda=0.044338633555010713 next_lambda=0.011084658388752678 rho=0.85066972903662985 accept=1
CLASSICAL_LM o=55 lambda=0.044338633555010713 tau=0.044338633555010713 prediction=90.432704927034138 rho=0.85066972903662985 accept=1
  MFCG it  56 cost=1.847545e+06 lam=1.108e-02 tau=0.00e+00 cg_it=0 shift=0 ckpt=1 alpha=0 acc mv=215
PCG_PREP o=56 rebuild=1 drift=0 previous_depth=1
POINT_SAFE o=56 frozen=16 slope=-158.80626430185356 candidate=1848374.918087685 original=inf current=1847544.8363570373 won=0 mode=1 camera_scale=1 keep_scale=0
ATTR_RADIUS o=56 raw_norm=287.47317769066507 norm=0.27042147792757421 radius=0.27042147792757437 next_radius=0.067605369481893593 lambda=0.011084658388752678 next_lambda=0.17735453422004285 rho=-1 accept=0
CLASSICAL_LM o=56 lambda=0.011084658388752678 tau=0.011084658388752678 prediction=143.41280438244476 rho=-1 accept=0
  MFCG it  57  retry 1/8  lam=1.774e-01 tau_eff=1.108e-02  (assembly reused)
PCG_PREP o=56 rebuild=1 drift=0 previous_depth=1
POINT_SAFE o=56 frozen=143 slope=-33.844381630026319 candidate=1847566.9125278511 original=1847544.7138153648 current=1847544.8363570373 won=0 mode=1 camera_scale=1 keep_scale=0
ATTR_RADIUS o=56 raw_norm=207.86837338047687 norm=0.067605369481893537 radius=0.067605369481893593 next_radius=0.016901342370473398 lambda=0.17735453422004285 next_lambda=2.8376725475206857 rho=0.020063315317259214 accept=0
CLASSICAL_LM o=56 lambda=0.17735453422004285 tau=0.17735453422004285 prediction=6.1077479276182682 rho=0.020063315317259214 accept=0
  MFCG it  57  retry 2/8  lam=2.838e+00 tau_eff=1.774e-01  (assembly reused)
PCG_PREP o=56 rebuild=1 drift=0 previous_depth=1
POINT_SAFE o=56 frozen=1704 slope=-7.3853077688290929 candidate=1847540.1412966226 original=1847542.7533352375 current=1847544.8363570373 won=1 mode=1 camera_scale=1 keep_scale=0
ATTR_RADIUS o=56 raw_norm=83.145547867728709 norm=0.016901342370473398 radius=0.016901342370473398 next_radius=0.016901342370473398 lambda=2.8376725475206857 next_lambda=2.8376725475206857 rho=0.63589524539089937 accept=1
CLASSICAL_LM o=56 lambda=2.8376725475206857 tau=2.8376725475206857 prediction=7.3833865699713099 rho=0.63589524539089937 accept=1
  MFCG it  57 cost=1.847540e+06 lam=2.838e+00 tau=0.00e+00 cg_it=0 shift=0 ckpt=1 alpha=0 acc mv=221
PCG_PREP o=57 rebuild=1 drift=0 previous_depth=1
POINT_SAFE o=57 frozen=1172 slope=-7.2109565108927756 candidate=1847544.9623026394 original=1847539.6692976418 current=1847540.1412966226 won=0 mode=1 camera_scale=1 keep_scale=0
ATTR_RADIUS o=57 raw_norm=78.589199428309499 norm=0.0042253355926183496 radius=0.016901342370473398 next_radius=0.0042253355926183496 lambda=2.8376725475206857 next_lambda=45.40276076033097 rho=0.17276089434673464 accept=1
CLASSICAL_LM o=57 lambda=2.8376725475206857 tau=2.8376725475206857 prediction=2.7320938718179226 rho=0.17276089434673464 accept=1
  MFCG it  58 cost=1.847540e+06 lam=4.540e+01 tau=0.00e+00 cg_it=0 shift=0 ckpt=1 alpha=0 acc mv=223
PCG_PREP o=58 rebuild=1 drift=0 previous_depth=1
ATTR_RADIUS o=58 raw_norm=8.524478883635151 norm=0.0042253355926183487 radius=0.0042253355926183496 next_radius=0.0084506711852366991 lambda=45.40276076033097 next_lambda=11.350690190082743 rho=0.79086614565208901 accept=1
CLASSICAL_LM o=58 lambda=45.40276076033097 tau=45.40276076033097 prediction=2.2298173623661595 rho=0.79086614565208901 accept=1
  MFCG it  59 cost=1.847538e+06 lam=1.135e+01 tau=0.00e+00 cg_it=0 shift=0 ckpt=1 alpha=0 acc mv=225
PCG_PREP o=59 rebuild=1 drift=0 previous_depth=1
POINT_SAFE o=59 frozen=3446 slope=-3.4158220352555095 candidate=1847540.6907647247 original=1847537.8985317321 current=1847537.905810579 won=0 mode=1 camera_scale=1 keep_scale=0
ATTR_RADIUS o=59 raw_norm=29.385472263061406 norm=0.0084506711852366974 radius=0.0084506711852366991 next_radius=0.0021126677963091748 lambda=11.350690190082743 next_lambda=181.61104304132388 rho=0.0039429726981645517 accept=0
CLASSICAL_LM o=59 lambda=11.350690190082743 tau=11.350690190082743 prediction=1.8460302332371765 rho=0.0039429726981645517 accept=0
  MFCG it  60  retry 1/8  lam=1.816e+02 tau_eff=1.135e+01  (assembly reused)
PCG_PREP o=59 rebuild=1 drift=0 previous_depth=1
ATTR_RADIUS o=59 raw_norm=2.1120158495420505 norm=0.0021126677963091756 radius=0.0021126677963091748 next_radius=0.0021126677963091748 lambda=181.61104304132388 next_lambda=181.61104304132388 rho=0.54470297881788921 accept=1
CLASSICAL_LM o=59 lambda=181.61104304132388 tau=181.61104304132388 prediction=0.84650955174566067 rho=0.54470297881788921 accept=1
  MFCG it  60 cost=1.847537e+06 lam=1.816e+02 tau=0.00e+00 cg_it=0 shift=0 ckpt=1 alpha=0 acc mv=229
PCG_PREP o=60 rebuild=1 drift=0 previous_depth=1
ATTR_RADIUS o=60 raw_norm=2.101543490067308 norm=0.0021126677963091735 radius=0.0021126677963091748 next_radius=0.0021126677963091748 lambda=181.61104304132388 next_lambda=181.61104304132388 rho=0.53493798438372275 accept=1
CLASSICAL_LM o=60 lambda=181.61104304132388 tau=181.61104304132388 prediction=0.86690252074904028 rho=0.53493798438372275 accept=1
  MFCG it  61 cost=1.847537e+06 lam=1.816e+02 tau=0.00e+00 cg_it=0 shift=0 ckpt=1 alpha=0 acc mv=231
PCG_PREP o=61 rebuild=1 drift=0 previous_depth=1
ATTR_RADIUS o=61 raw_norm=2.1191706690511642 norm=0.0021126677963091739 radius=0.0021126677963091748 next_radius=0.0021126677963091748 lambda=181.61104304132388 next_lambda=181.61104304132388 rho=0.5705646747672769 accept=1
CLASSICAL_LM o=61 lambda=181.61104304132388 tau=181.61104304132388 prediction=0.84916316578600903 rho=0.5705646747672769 accept=1
  MFCG it  62 cost=1.847536e+06 lam=1.816e+02 tau=0.00e+00 cg_it=0 shift=0 ckpt=1 alpha=0 acc mv=233
PCG_PREP o=62 rebuild=1 drift=0 previous_depth=1
ATTR_RADIUS o=62 raw_norm=2.0815182787268758 norm=0.0021126677963091748 radius=0.0021126677963091748 next_radius=0.0021126677963091748 lambda=181.61104304132388 next_lambda=181.61104304132388 rho=0.46470251189915679 accept=1
CLASSICAL_LM o=62 lambda=181.61104304132388 tau=181.61104304132388 prediction=0.85376536705471684 rho=0.46470251189915679 accept=1
  MFCG it  63 cost=1.847536e+06 lam=1.816e+02 tau=0.00e+00 cg_it=0 shift=0 ckpt=1 alpha=0 acc mv=235
PCG_PREP o=63 rebuild=1 drift=0 previous_depth=1
ATTR_RADIUS o=63 raw_norm=2.1477498659994692 norm=0.0021126677963091778 radius=0.0021126677963091748 next_radius=0.0021126677963091748 lambda=181.61104304132388 next_lambda=181.61104304132388 rho=0.68165001224724642 accept=1
CLASSICAL_LM o=63 lambda=181.61104304132388 tau=181.61104304132388 prediction=0.86468860876044906 rho=0.68165001224724642 accept=1
  MFCG: converged (OCA_FTOL: 8 outers < 1.0e-05 rel)
  [menu-backtrack] confirming stop with original retry policy at outer 64
  MFCG it  64 cost=1.847536e+06 lam=1.816e+02 tau=0.00e+00 cg_it=0 shift=0 ckpt=1 alpha=0 acc mv=237
PCG_PREP o=64 rebuild=1 drift=0 previous_depth=1
ATTR_RADIUS o=64 raw_norm=1.8620499851599548 norm=0.0021126677963091761 radius=0.0021126677963091748 next_radius=0.0005281669490772937 lambda=181.61104304132388 next_lambda=2905.7766886611821 rho=-1 accept=0
CLASSICAL_LM o=64 lambda=181.61104304132388 tau=181.61104304132388 prediction=0.75320225722005896 rho=-1 accept=0
  MFCG it  65  retry 1/8  lam=2.906e+03 tau_eff=1.816e+02  (assembly reused)
PCG_PREP o=64 rebuild=1 drift=0 previous_depth=1
ATTR_RADIUS o=64 raw_norm=0.1178902499610706 norm=0.00052816694907729391 radius=0.0005281669490772937 next_radius=0.0005281669490772937 lambda=2905.7766886611821 next_lambda=2905.7766886611821 rho=0.74138052410086586 accept=1
CLASSICAL_LM o=64 lambda=2905.7766886611821 tau=2905.7766886611821 prediction=0.18291737711960546 rho=0.74138052410086586 accept=1
  MFCG it  65 cost=1.847535e+06 lam=2.906e+03 tau=0.00e+00 cg_it=0 shift=0 ckpt=1 alpha=0 acc mv=241
PCG_PREP o=65 rebuild=1 drift=0 previous_depth=1
ATTR_RADIUS o=65 raw_norm=0.11034576097656237 norm=0.0005281669490772938 radius=0.0005281669490772937 next_radius=0.0010563338981545874 lambda=2905.7766886611821 next_lambda=726.44417216529553 rho=0.75237290915218413 accept=1
CLASSICAL_LM o=65 lambda=2905.7766886611821 tau=2905.7766886611821 prediction=0.17072720150529577 rho=0.75237290915218413 accept=1
  MFCG it  66 cost=1.847535e+06 lam=7.264e+02 tau=0.00e+00 cg_it=0 shift=0 ckpt=1 alpha=0 acc mv=243
PCG_PREP o=66 rebuild=1 drift=0 previous_depth=1
ATTR_RADIUS o=66 raw_norm=0.46254025726400622 norm=0.0010563338981545883 radius=0.0010563338981545874 next_radius=0.0010563338981545874 lambda=726.44417216529553 next_lambda=726.44417216529553 rho=0.47544147711055884 accept=1
CLASSICAL_LM o=66 lambda=726.44417216529553 tau=726.44417216529553 prediction=0.36323607373476358 rho=0.47544147711055884 accept=1
  MFCG it  67 cost=1.847535e+06 lam=7.264e+02 tau=0.00e+00 cg_it=0 shift=0 ckpt=1 alpha=0 acc mv=245
PCG_PREP o=67 rebuild=1 drift=0 previous_depth=1
ATTR_RADIUS o=67 raw_norm=0.5331311764208857 norm=0.001056333898154588 radius=0.0010563338981545874 next_radius=0.0021126677963091748 lambda=726.44417216529553 next_lambda=181.61104304132388 rho=0.78181978876221392 accept=1
CLASSICAL_LM o=67 lambda=726.44417216529553 tau=726.44417216529553 prediction=0.41673810674609507 rho=0.78181978876221392 accept=1
  MFCG it  68 cost=1.847535e+06 lam=1.816e+02 tau=0.00e+00 cg_it=0 shift=0 ckpt=1 alpha=0 acc mv=247
PCG_PREP o=68 rebuild=1 drift=0 previous_depth=1
ATTR_RADIUS o=68 raw_norm=1.5648257439180864 norm=0.0021126677963091743 radius=0.0021126677963091748 next_radius=0.0042253355926183496 lambda=181.61104304132388 next_lambda=45.40276076033097 rho=0.91541820910547278 accept=1
CLASSICAL_LM o=68 lambda=181.61104304132388 tau=181.61104304132388 prediction=0.62667522056741676 rho=0.91541820910547278 accept=1
  MFCG it  69 cost=1.847534e+06 lam=4.540e+01 tau=0.00e+00 cg_it=0 shift=0 ckpt=1 alpha=0 acc mv=249
PCG_PREP o=69 rebuild=1 drift=0 previous_depth=1
ATTR_RADIUS o=69 raw_norm=7.7453440558876352 norm=0.0042253355926183504 radius=0.0042253355926183496 next_radius=0.0010563338981545874 lambda=45.40276076033097 next_lambda=726.44417216529553 rho=-1 accept=0
CLASSICAL_LM o=69 lambda=45.40276076033097 tau=45.40276076033097 prediction=1.700938682607531 rho=-1 accept=0
  MFCG it  70  retry 1/8  lam=7.264e+02 tau_eff=4.540e+01  (assembly reused)
PCG_PREP o=69 rebuild=1 drift=0 previous_depth=1
ATTR_RADIUS o=69 raw_norm=0.50925767518858911 norm=0.0010563338981545876 radius=0.0010563338981545874 next_radius=0.0010563338981545874 lambda=726.44417216529553 next_lambda=726.44417216529553 rho=0.63210665479083106 accept=1
CLASSICAL_LM o=69 lambda=726.44417216529553 tau=726.44417216529553 prediction=0.400875457958835 rho=0.63210665479083106 accept=1
  MFCG it  70 cost=1.847534e+06 lam=7.264e+02 tau=0.00e+00 cg_it=0 shift=0 ckpt=1 alpha=0 acc mv=253
PCG_PREP o=70 rebuild=1 drift=0 previous_depth=1
ATTR_RADIUS o=70 raw_norm=0.49388450217274599 norm=0.0010563338981545874 radius=0.0010563338981545874 next_radius=0.0010563338981545874 lambda=726.44417216529553 next_lambda=726.44417216529553 rho=0.54684617890136078 accept=1
CLASSICAL_LM o=70 lambda=726.44417216529553 tau=726.44417216529553 prediction=0.3848705681151498 rho=0.54684617890136078 accept=1
  MFCG it  71 cost=1.847534e+06 lam=7.264e+02 tau=0.00e+00 cg_it=0 shift=0 ckpt=1 alpha=0 acc mv=255
PCG_PREP o=71 rebuild=1 drift=0 previous_depth=1
ATTR_RADIUS o=71 raw_norm=0.51873350067470791 norm=0.0010563338981545874 radius=0.0010563338981545874 next_radius=0.0010563338981545874 lambda=726.44417216529553 next_lambda=726.44417216529553 rho=0.68978884216415692 accept=1
CLASSICAL_LM o=71 lambda=726.44417216529553 tau=726.44417216529553 prediction=0.40889441679805266 rho=0.68978884216415692 accept=1
  MFCG: converged (OCA_FTOL: 8 outers < 1.0e-05 rel)
  MFCG: accepts=72 rejects=20 total_matvecs=257 negcurv=1 cand_evals=92 mean_cg_per_outer=3.6
NUMERIC_REPAIR summary rebuilds=1 floor=2.5808481473365505e-06
  [retry-cache] builds=93 reuses=0
  [menu-backtrack] trials=72 rescues=61 evals=493 total_scored=585
POINT_SAFE summary calls=72 evals=72 wins=32 frozen=25681 seconds=0.857053263
  [scoring] menu_evals=92 alpha_evals=0 backtrack_evals=493 total_scored=585
RESULT algo=mfree_shifted_cg iters=72 final_cost=1847533.4281555456 solve_seconds=4.537087
DIAGNOSTICS median_reproj_err_px 2.704502 -> 0.556926 | cheirality_violations(obs) 751 -> 759 | cheirality_violations(pts, of 310854) 725 -> 731
