  [menu-backtrack] active=1 max_evals=8 warmup_accepts=3 confirm_stop=original armijo=1e-4
MIXED_STORAGE fragments=fp32 arithmetic=fp64 state=fp64 acceptance=fp64
COARSE_CONFIG K=8 accepts_at_least=8 last_rel_below=1e-3 lambda_below=1e-3 sticky=1 membership=activation operator=native_compact rank_cut=1e-10 fallback=whole_attempt_BJ
  [compact-fragments] active=2 saved_bytes=17253496 storage=fp32 camera_reads=contiguous
  MFCG score_init=20163569.015917197 precision=fp64
PCG_PREP o=0 rebuild=1 drift=0 previous_depth=0
ATTR_RADIUS o=0 raw_norm=3758.8701055429447 norm=3758.8701055429447 radius=3758.8701055429447 next_radius=7517.7402110858893 lambda=0.10000000000000001 next_lambda=0.025000000000000001 rho=0.99764036291228686 accept=1
CLASSICAL_LM o=0 lambda=0.10000000000000001 tau=0.10000000000000001 prediction=19362660.566865467 rho=0.99764036291228686 accept=1
  MFCG it   1 cost=8.465973e+05 lam=2.500e-02 tau=0.00e+00 cg_it=0 shift=0 ckpt=1 alpha=0 acc mv=2
ATTEMPT o=0 retry=0 accepted=1 rejected=0 numeric_retry=0 products=2 pcg_products=1 seconds=0.007105953
PCG_PREP o=1 rebuild=1 drift=0 previous_depth=1
ATTR_RADIUS o=1 raw_norm=2096.4842053471052 norm=2096.4842053471052 radius=7517.7402110858893 next_radius=7517.7402110858893 lambda=0.025000000000000001 next_lambda=0.0025000000000000005 rho=1.0003472922668188 accept=1
CLASSICAL_LM o=1 lambda=0.025000000000000001 tau=0.025000000000000001 prediction=673858.28976049635 rho=1.0003472922668188 accept=1
  MFCG it   2 cost=1.725050e+05 lam=2.500e-03 tau=0.00e+00 cg_it=5 shift=0 ckpt=6 alpha=0 acc mv=9
ATTEMPT o=1 retry=0 accepted=1 rejected=0 numeric_retry=0 products=7 pcg_products=6 seconds=0.005991583
PCG_PREP o=2 rebuild=1 drift=0 previous_depth=6
ATTR_RADIUS o=2 raw_norm=1808.9372946872895 norm=1808.9372946872895 radius=7517.7402110858893 next_radius=7517.7402110858893 lambda=0.0025000000000000005 next_lambda=0.00025000000000000006 rho=0.99587232551003124 accept=1
CLASSICAL_LM o=2 lambda=0.0025000000000000005 tau=0.0025000000000000005 prediction=52348.98419022395 rho=0.99587232551003124 accept=1
  MFCG it   3 cost=1.203721e+05 lam=2.500e-04 tau=0.00e+00 cg_it=22 shift=0 ckpt=23 alpha=0 acc mv=33
ATTEMPT o=2 retry=0 accepted=1 rejected=0 numeric_retry=0 products=24 pcg_products=23 seconds=0.013034607
PCG_PREP o=3 rebuild=1 drift=0 previous_depth=23
ATTR_RADIUS o=3 raw_norm=2805.2543849701256 norm=2805.2543849701256 radius=7517.7402110858893 next_radius=7517.7402110858893 lambda=0.00025000000000000006 next_lambda=2.5000000000000008e-05 rho=0.99671243153700062 accept=1
CLASSICAL_LM o=3 lambda=0.00025000000000000006 tau=0.00025000000000000006 prediction=10682.609768614748 rho=0.99671243153700062 accept=1
  MFCG it   4 cost=1.097246e+05 lam=2.500e-05 tau=0.00e+00 cg_it=8 shift=0 ckpt=9 alpha=0 acc mv=43
ATTEMPT o=3 retry=0 accepted=1 rejected=0 numeric_retry=0 products=10 pcg_products=9 seconds=0.007278623
PCG_PREP o=4 rebuild=1 drift=0 previous_depth=9
POINT_SAFE o=4 frozen=0 slope=-7880.37064534417 candidate=inf original=106778.3183733632 current=109724.59092740004 won=0 mode=1 camera_scale=1 keep_scale=0
ATTR_RADIUS o=4 raw_norm=4556.3018000312404 norm=2278.1509000156202 radius=7517.7402110858893 next_radius=7517.7402110858893 lambda=2.5000000000000008e-05 next_lambda=2.5000000000000011e-06 rho=0.94100659851012547 accept=1
CLASSICAL_LM o=4 lambda=2.5000000000000008e-05 tau=2.5000000000000008e-05 prediction=3130.9796963183976 rho=0.94100659851012547 accept=1
  MFCG it   5 cost=1.067783e+05 lam=2.500e-06 tau=0.00e+00 cg_it=45 shift=0 ckpt=46 alpha=0 acc mv=90
ATTEMPT o=4 retry=0 accepted=1 rejected=0 numeric_retry=0 products=47 pcg_products=46 seconds=0.024222602
PCG_PREP o=5 rebuild=1 drift=0 previous_depth=46
ATTR_RADIUS o=5 raw_norm=4017.4948682982913 norm=4017.4948682982913 radius=7517.7402110858893 next_radius=7517.7402110858893 lambda=2.5000000000000011e-06 next_lambda=2.5000000000000009e-07 rho=0.43045953698561384 accept=1
CLASSICAL_LM o=5 lambda=2.5000000000000011e-06 tau=2.5000000000000011e-06 prediction=1273.649345398964 rho=0.43045953698561384 accept=1
  MFCG it   6 cost=1.062301e+05 lam=2.500e-07 tau=0.00e+00 cg_it=10 shift=0 ckpt=11 alpha=0 acc mv=102
ATTEMPT o=5 retry=0 accepted=1 rejected=0 numeric_retry=0 products=12 pcg_products=11 seconds=0.008145284
PCG_PREP o=6 rebuild=1 drift=0 previous_depth=11
ATTR_RADIUS o=6 raw_norm=235.53229487063592 norm=235.53229487063592 radius=7517.7402110858893 next_radius=7517.7402110858893 lambda=2.5000000000000009e-07 next_lambda=2.5000000000000012e-08 rho=0.99863912402680299 accept=1
CLASSICAL_LM o=6 lambda=2.5000000000000009e-07 tau=2.5000000000000009e-07 prediction=737.9976357831431 rho=0.99863912402680299 accept=1
  MFCG it   7 cost=1.054931e+05 lam=2.500e-08 tau=0.00e+00 cg_it=0 shift=0 ckpt=1 alpha=0 acc mv=104
ATTEMPT o=6 retry=0 accepted=1 rejected=0 numeric_retry=0 products=2 pcg_products=1 seconds=0.003939262
PCG_PREP o=7 rebuild=1 drift=0 previous_depth=1
POINT_SAFE o=7 frozen=0 slope=-2552.9293322561152 candidate=inf original=104518.54665191962 current=105493.07055332841 won=0 mode=1 camera_scale=1 keep_scale=0
ATTR_RADIUS o=7 raw_norm=14381.668611699113 norm=3758.8701055429447 radius=7517.7402110858893 next_radius=7517.7402110858893 lambda=2.5000000000000012e-08 next_lambda=2.5000000000000013e-09 rho=0.87801137799265438 accept=1
CLASSICAL_LM o=7 lambda=2.5000000000000012e-08 tau=2.5000000000000012e-08 prediction=1109.9217229243454 rho=0.87801137799265438 accept=1
  MFCG it   8 cost=1.045185e+05 lam=2.500e-09 tau=0.00e+00 cg_it=128 shift=0 ckpt=128 alpha=0 acc mv=232
ATTEMPT o=7 retry=0 accepted=1 rejected=0 numeric_retry=0 products=128 pcg_products=128 seconds=0.057822929
PCG_PREP o=8 rebuild=1 drift=0 previous_depth=128
POINT_SAFE o=8 frozen=0 slope=-1738.4441119467774 candidate=inf original=103827.5972307403 current=104518.54665191962 won=0 mode=1 camera_scale=1 keep_scale=0
ATTR_RADIUS o=8 raw_norm=15511.773024777965 norm=3758.8701055429447 radius=7517.7402110858893 next_radius=7517.7402110858893 lambda=2.5000000000000013e-09 next_lambda=2.5000000000000012e-10 rho=0.92423919744147653 accept=1
CLASSICAL_LM o=8 lambda=2.5000000000000013e-09 tau=2.5000000000000013e-09 prediction=747.58722968257598 rho=0.92423919744147653 accept=1
  MFCG it   9 cost=1.038276e+05 lam=2.500e-10 tau=0.00e+00 cg_it=115 shift=0 ckpt=116 alpha=0 acc mv=349
ATTEMPT o=8 retry=0 accepted=1 rejected=0 numeric_retry=0 products=117 pcg_products=116 seconds=0.053203677
PCG_PREP o=9 rebuild=1 drift=0 previous_depth=116
POINT_SAFE o=9 frozen=0 slope=-1069.3443333307805 candidate=inf original=103407.8251686954 current=103827.5972307403 won=0 mode=1 camera_scale=1 keep_scale=0
ATTR_RADIUS o=9 raw_norm=15244.453761452074 norm=3758.8701055429451 radius=7517.7402110858893 next_radius=7517.7402110858893 lambda=2.5000000000000012e-10 next_lambda=2.5000000000000014e-11 rho=0.91671216225889485 accept=1
CLASSICAL_LM o=9 lambda=2.5000000000000012e-10 tau=2.5000000000000012e-10 prediction=457.91043178757963 rho=0.91671216225889485 accept=1
TARGET reached outer=10 seconds=0.246429885 cost=103407.8251686954 threshold=103601.27328595793
ATTEMPT o=9 retry=0 accepted=1 rejected=0 numeric_retry=0 products=113 pcg_products=112 seconds=0.051506566
  MFCG: accepts=10 rejects=0 total_matvecs=462 negcurv=0 cand_evals=10 mean_cg_per_outer=46.2
NUMERIC_REPAIR summary rebuilds=0 floor=9.9999999999999998e-17
  [retry-cache] builds=10 reuses=0
  [menu-backtrack] trials=4 rescues=4 evals=4 total_scored=14
POINT_SAFE summary calls=4 evals=0 wins=0 frozen=0 seconds=0.006111163
  [scoring] menu_evals=10 alpha_evals=0 backtrack_evals=4 total_scored=14
ATTEMPT_SUMMARY attempts=10 products=462 pcg_products=453 seconds=0.232251086 failed_seconds=0 failed_fraction=0 retry_index_seconds=0 retry_index_fraction=0 numeric_attempts=0 timing=host_native_attempt_no_extra_sync
COARSE_SUMMARY activated=0 activation_outer=-1 rank=0 attempts=0 applications=0 fallbacks=0 oracle_products=0 setup_seconds=0 apply_enqueue_seconds=0
RESULT algo=mfree_shifted_cg iters=10 final_cost=103407.8251686954 solve_seconds=0.248725
DIAGNOSTICS median_reproj_err_px 3.953929 -> 0.546729 | cheirality_violations(obs) 211 -> 211 | cheirality_violations(pts, of 44033) 211 -> 211
