  [menu-backtrack] active=1 max_evals=8 warmup_accepts=3 confirm_stop=original armijo=1e-4
MIXED_STORAGE fragments=fp32 arithmetic=fp64 state=fp64 acceptance=fp64
  [compact-fragments] active=2 saved_bytes=36105992 storage=fp32 camera_reads=contiguous
O2_CONFIG stages=0,.25,.5,.75,.9,1 accepted_per_stage=2 surrogate_attempt_cap=18 signed_depth=1 full_distortion=1 target_stage=1 depth_bytes=2777384
  MFCG score_init=11152062.772762472 precision=fp64
O2_TRACE outer=0 stage=0 stage_attempts=0 stage_accepts=0 accepted=0 cost_stage=11152062.772762472 cost_original=11152062.77276247 target_below=0 crossing=initial scored_eligible=0
PCG_PREP o=0 rebuild=1 drift=0 previous_depth=0
ATTR_RADIUS o=0 raw_norm=3340.9505188771986 norm=3340.9505188771986 radius=3340.9505188771986 next_radius=6681.9010377543973 lambda=0.10000000000000001 next_lambda=0.025000000000000001 rho=0.99976066705707645 accept=1
CLASSICAL_LM o=0 lambda=0.10000000000000001 tau=0.10000000000000001 prediction=8825208.9062972274 rho=0.99976066705707645 accept=1
O2_TRACE outer=1 stage=0 stage_attempts=1 stage_accepts=1 accepted=1 cost_stage=2328966.0296847033 cost_original=2772472.4805224873 target_below=0 crossing=none scored_eligible=0
  MFCG it   1 cost=2.328966e+06 lam=2.500e-02 tau=0.00e+00 cg_it=0 shift=0 ckpt=1 alpha=0 acc mv=2
PCG_PREP o=1 rebuild=1 drift=0 previous_depth=1
ATTR_RADIUS o=1 raw_norm=2263.3933250689252 norm=2263.3933250689252 radius=6681.9010377543973 next_radius=6681.9010377543973 lambda=0.025000000000000001 next_lambda=0.0025000000000000005 rho=0.99802499823420965 accept=1
CLASSICAL_LM o=1 lambda=0.025000000000000001 tau=0.025000000000000001 prediction=658383.65227268159 rho=0.99802499823420965 accept=1
O2_TRACE outer=2 stage=0 stage_attempts=2 stage_accepts=2 accepted=1 cost_stage=1671882.6862878278 cost_original=2374448.8323500785 target_below=0 crossing=none scored_eligible=0
  MFCG it   2 cost=1.671883e+06 lam=2.500e-03 tau=0.00e+00 cg_it=5 shift=0 ckpt=6 alpha=0 acc mv=9
O2_TRANSITION outer=2 from=0 to=0.25 reason=two_accepts attempts=2 accepts=2 cost_stage=1698630.9832854164 lambda=0.0025000000000000005 radius=6681.9010377543973 floor=9.9999999999999998e-17 reset=rhs_norm,ftol,previous_cost,confirmation,controller_observation,factors preserve=state,lambda,radius,floor,cumulative_work,warmup
O2_TRACE outer=2 stage=0.25 stage_attempts=0 stage_accepts=0 accepted=0 cost_stage=1698630.9832854164 cost_original=2374448.8323500785 target_below=0 crossing=none scored_eligible=0
PCG_PREP o=2 rebuild=1 drift=0 previous_depth=6
ATTR_RADIUS o=2 raw_norm=8298.2245670101802 norm=6681.9010377543973 radius=6681.9010377543973 next_radius=13363.802075508795 lambda=0.0025000000000000005 next_lambda=0.00062500000000000012 rho=0.9934691899131457 accept=1
CLASSICAL_LM o=2 lambda=0.0025000000000000005 tau=0.0025000000000000005 prediction=396324.29291977908 rho=0.9934691899131457 accept=1
O2_TRACE outer=3 stage=0.25 stage_attempts=1 stage_accepts=1 accepted=1 cost_stage=1304895.0090555032 cost_original=46062212.850226931 target_below=0 crossing=none scored_eligible=0
  MFCG it   3 cost=1.304895e+06 lam=6.250e-04 tau=0.00e+00 cg_it=1 shift=0 ckpt=2 alpha=0 acc mv=12
PCG_PREP o=3 rebuild=1 drift=0 previous_depth=2
ATTR_RADIUS o=3 raw_norm=17451.319813157457 norm=13363.802075508796 radius=13363.802075508795 next_radius=26727.604151017589 lambda=0.00062500000000000012 next_lambda=0.00015625000000000003 rho=1.0050529646869391 accept=1
CLASSICAL_LM o=3 lambda=0.00062500000000000012 tau=0.00062500000000000012 prediction=253149.3105653316 rho=1.0050529646869391 accept=1
O2_TRACE outer=4 stage=0.25 stage_attempts=2 stage_accepts=2 accepted=1 cost_stage=1050466.543963362 cost_original=177959209.15367454 target_below=0 crossing=none scored_eligible=0
  MFCG it   4 cost=1.050467e+06 lam=1.563e-04 tau=0.00e+00 cg_it=4 shift=0 ckpt=5 alpha=0 acc mv=18
O2_TRANSITION outer=4 from=0.25 to=0.5 reason=two_accepts attempts=2 accepts=2 cost_stage=23248949.681757215 lambda=0.00015625000000000003 radius=26727.604151017589 floor=9.9999999999999998e-17 reset=rhs_norm,ftol,previous_cost,confirmation,controller_observation,factors preserve=state,lambda,radius,floor,cumulative_work,warmup
O2_TRACE outer=4 stage=0.5 stage_attempts=0 stage_accepts=0 accepted=0 cost_stage=23248949.681757215 cost_original=177959209.15367454 target_below=0 crossing=none scored_eligible=0
PCG_PREP o=4 rebuild=1 drift=0 previous_depth=5
ATTR_RADIUS o=4 raw_norm=20383.895255376356 norm=20383.895255376356 radius=26727.604151017589 next_radius=26727.604151017589 lambda=0.00015625000000000003 next_lambda=1.5625000000000004e-05 rho=0.99701319756112017 accept=1
CLASSICAL_LM o=4 lambda=0.00015625000000000003 tau=0.00015625000000000003 prediction=21817881.300865982 rho=0.99701319756112017 accept=1
O2_TRACE outer=5 stage=0.5 stage_attempts=1 stage_accepts=1 accepted=1 cost_stage=1496234.0819718502 cost_original=150932954.49780342 target_below=0 crossing=none scored_eligible=0
  MFCG it   5 cost=1.496234e+06 lam=1.563e-05 tau=0.00e+00 cg_it=0 shift=0 ckpt=1 alpha=0 acc mv=20
PCG_PREP o=5 rebuild=1 drift=0 previous_depth=1
ATTR_RADIUS o=5 raw_norm=67593.412284693084 norm=26727.604151017586 radius=26727.604151017589 next_radius=53455.208302035178 lambda=1.5625000000000004e-05 next_lambda=3.9062500000000009e-06 rho=0.98491091832090205 accept=1
CLASSICAL_LM o=5 lambda=1.5625000000000004e-05 tau=1.5625000000000004e-05 prediction=597470.58800606325 rho=0.98491091832090205 accept=1
O2_TRACE outer=6 stage=0.5 stage_attempts=2 stage_accepts=2 accepted=1 cost_stage=907778.77646906918 cost_original=142517201.45634973 target_below=0 crossing=none scored_eligible=0
  MFCG it   6 cost=9.077788e+05 lam=3.906e-06 tau=0.00e+00 cg_it=8 shift=0 ckpt=9 alpha=0 acc mv=30
O2_TRANSITION outer=6 from=0.5 to=0.75 reason=two_accepts attempts=2 accepts=2 cost_stage=39809335.613702148 lambda=3.9062500000000009e-06 radius=53455.208302035178 floor=9.9999999999999998e-17 reset=rhs_norm,ftol,previous_cost,confirmation,controller_observation,factors preserve=state,lambda,radius,floor,cumulative_work,warmup
O2_TRACE outer=6 stage=0.75 stage_attempts=0 stage_accepts=0 accepted=0 cost_stage=39809335.613702148 cost_original=142517201.45634973 target_below=0 crossing=none scored_eligible=0
PCG_PREP o=6 rebuild=1 drift=0 previous_depth=9
ATTR_RADIUS o=6 raw_norm=71584.929992099307 norm=53455.208302035186 radius=53455.208302035178 next_radius=106910.41660407036 lambda=3.9062500000000009e-06 next_lambda=9.7656250000000023e-07 rho=0.88359996362217974 accept=1
CLASSICAL_LM o=6 lambda=3.9062500000000009e-06 tau=3.9062500000000009e-06 prediction=36617016.151837058 rho=0.88359996362217974 accept=1
O2_TRACE outer=7 stage=0.75 stage_attempts=1 stage_accepts=1 accepted=1 cost_stage=7454541.4739861563 cost_original=87595804.350161552 target_below=0 crossing=none scored_eligible=0
  MFCG it   7 cost=7.454541e+06 lam=9.766e-07 tau=0.00e+00 cg_it=0 shift=0 ckpt=1 alpha=0 acc mv=32
PCG_PREP o=7 rebuild=1 drift=0 previous_depth=1
ATTR_RADIUS o=7 raw_norm=102254.87694541976 norm=102254.87694541976 radius=106910.41660407036 next_radius=106910.41660407036 lambda=9.7656250000000023e-07 next_lambda=9.7656250000000023e-07 rho=0.47228554807366385 accept=1
CLASSICAL_LM o=7 lambda=9.7656250000000023e-07 tau=9.7656250000000023e-07 prediction=6356571.3192314683 rho=0.47228554807366385 accept=1
O2_TRACE outer=8 stage=0.75 stage_attempts=2 stage_accepts=2 accepted=1 cost_stage=4452424.7046135897 cost_original=71786520.556053147 target_below=0 crossing=none scored_eligible=0
  MFCG it   8 cost=4.452425e+06 lam=9.766e-07 tau=0.00e+00 cg_it=0 shift=0 ckpt=1 alpha=0 acc mv=34
O2_TRANSITION outer=8 from=0.75 to=0.90000000000000002 reason=two_accepts attempts=2 accepts=2 cost_stage=36862231.126611762 lambda=9.7656250000000023e-07 radius=106910.41660407036 floor=9.9999999999999998e-17 reset=rhs_norm,ftol,previous_cost,confirmation,controller_observation,factors preserve=state,lambda,radius,floor,cumulative_work,warmup
O2_TRACE outer=8 stage=0.90000000000000002 stage_attempts=0 stage_accepts=0 accepted=0 cost_stage=36862231.126611762 cost_original=71786520.556053147 target_below=0 crossing=none scored_eligible=0
PCG_PREP o=8 rebuild=1 drift=0 previous_depth=1
ATTR_RADIUS o=8 raw_norm=167747.78439612497 norm=106910.4166040704 radius=106910.41660407036 next_radius=106910.41660407036 lambda=9.7656250000000023e-07 next_lambda=9.7656250000000023e-07 rho=0.3629604472210296 accept=1
CLASSICAL_LM o=8 lambda=9.7656250000000023e-07 tau=9.7656250000000023e-07 prediction=32163039.136240002 rho=0.3629604472210296 accept=1
O2_TRACE outer=9 stage=0.90000000000000002 stage_attempts=1 stage_accepts=1 accepted=1 cost_stage=25188320.057734612 cost_original=51659951.028881937 target_below=0 crossing=none scored_eligible=0
  MFCG it   9 cost=2.518832e+07 lam=9.766e-07 tau=0.00e+00 cg_it=0 shift=0 ckpt=1 alpha=0 acc mv=36
PCG_PREP o=9 rebuild=1 drift=0 previous_depth=1
ATTR_RADIUS o=9 raw_norm=31718.416282368453 norm=31718.416282368453 radius=106910.41660407036 next_radius=106910.41660407036 lambda=9.7656250000000023e-07 next_lambda=9.7656250000000031e-08 rho=0.72441671202477309 accept=1
CLASSICAL_LM o=9 lambda=9.7656250000000023e-07 tau=9.7656250000000023e-07 prediction=23853642.399308965 rho=0.72441671202477309 accept=1
O2_TRACE outer=10 stage=0.90000000000000002 stage_attempts=2 stage_accepts=2 accepted=1 cost_stage=7908342.8610124933 cost_original=68962740125627.758 target_below=0 crossing=none scored_eligible=0
  MFCG it  10 cost=7.908343e+06 lam=9.766e-08 tau=0.00e+00 cg_it=0 shift=0 ckpt=1 alpha=0 acc mv=38
O2_TRANSITION outer=10 from=0.90000000000000002 to=1 reason=two_accepts attempts=2 accepts=2 cost_stage=68962740125627.758 lambda=9.7656250000000031e-08 radius=106910.41660407036 floor=9.9999999999999998e-17 reset=rhs_norm,ftol,previous_cost,confirmation,controller_observation,factors preserve=state,lambda,radius,floor,cumulative_work,warmup
O2_TRACE outer=10 stage=1 stage_attempts=0 stage_accepts=0 accepted=0 cost_stage=68962740125627.758 cost_original=68962740125627.758 target_below=0 crossing=none scored_eligible=1
PCG_PREP o=10 rebuild=1 drift=0 previous_depth=1
ATTR_RADIUS o=10 raw_norm=7053645.2940782066 norm=106910.41660407025 radius=106910.41660407036 next_radius=213820.83320814071 lambda=9.7656250000000031e-08 next_lambda=2.4414062500000008e-08 rho=0.8516956853202321 accept=1
CLASSICAL_LM o=10 lambda=9.7656250000000031e-08 tau=9.7656250000000031e-08 prediction=68962725844111.906 rho=0.8516956853202321 accept=1
O2_TRACE outer=11 stage=1 stage_attempts=1 stage_accepts=1 accepted=1 cost_stage=10227484076275.582 cost_original=10227484076275.582 target_below=0 crossing=none scored_eligible=1
  MFCG it  11 cost=1.022748e+13 lam=2.441e-08 tau=0.00e+00 cg_it=0 shift=0 ckpt=1 alpha=0 acc mv=40
PCG_PREP o=11 rebuild=1 drift=0 previous_depth=1
ATTR_RADIUS o=11 raw_norm=8150694.0722017074 norm=213820.83320814074 radius=213820.83320814071 next_radius=427641.66641628143 lambda=2.4414062500000008e-08 next_lambda=6.1035156250000019e-09 rho=0.75913038341632333 accept=1
CLASSICAL_LM o=11 lambda=2.4414062500000008e-08 tau=2.4414062500000008e-08 prediction=10227470152887.031 rho=0.75913038341632333 accept=1
O2_FINAL_STAGE two_accepts=1 full_schedule_completed=1 ordinary_eta2=1
O2_TRACE outer=12 stage=1 stage_attempts=2 stage_accepts=2 accepted=1 cost_stage=2463500737735.4468 cost_original=2463500737735.4468 target_below=0 crossing=none scored_eligible=1
  MFCG it  12 cost=2.463501e+12 lam=6.104e-09 tau=0.00e+00 cg_it=0 shift=0 ckpt=1 alpha=0 acc mv=42
PCG_PREP o=12 rebuild=1 drift=0 previous_depth=1
NUMERIC_REPAIR o=12 lambda=6.1035156250000019e-09 rayleigh=-6.6627408167468861e-07 next_lambda=2.6895103891987543e-06 cg=0 rebuild=1
PCG_PREP o=12 rebuild=1 drift=0 previous_depth=1
ATTR_RADIUS o=12 raw_norm=63708.902598295914 norm=63708.902598295914 radius=427641.66641628143 next_radius=427641.66641628143 lambda=2.6895103891987543e-06 next_lambda=2.6895103891987543e-06 rho=0.88694843921874122 accept=1
CLASSICAL_LM o=12 lambda=2.6895103891987543e-06 tau=2.6895103891987543e-06 prediction=2463499197736.8809 rho=0.88694843921874122 accept=1
O2_TRACE outer=13 stage=1 stage_attempts=4 stage_accepts=3 accepted=1 cost_stage=278503969286.09906 cost_original=278503969286.09906 target_below=0 crossing=none scored_eligible=1
  MFCG it  13 cost=2.785040e+11 lam=2.690e-06 tau=0.00e+00 cg_it=0 shift=0 ckpt=1 alpha=0 acc mv=45
PCG_PREP o=13 rebuild=1 drift=0 previous_depth=1
ATTR_RADIUS o=13 raw_norm=32615.805961133145 norm=32615.805961133145 radius=427641.66641628143 next_radius=427641.66641628143 lambda=2.6895103891987543e-06 next_lambda=2.6895103891987543e-06 rho=0.90008912155746168 accept=1
CLASSICAL_LM o=13 lambda=2.6895103891987543e-06 tau=2.6895103891987543e-06 prediction=278503240116.68311 rho=0.90008912155746168 accept=1
O2_TRACE outer=14 stage=1 stage_attempts=5 stage_accepts=4 accepted=1 cost_stage=27826232538.566971 cost_original=27826232538.566971 target_below=0 crossing=none scored_eligible=1
  MFCG it  14 cost=2.782623e+10 lam=2.690e-06 tau=0.00e+00 cg_it=1 shift=0 ckpt=2 alpha=0 acc mv=48
PCG_PREP o=14 rebuild=1 drift=0 previous_depth=2
POINT_SAFE o=14 frozen=318 slope=-55645838443.053825 candidate=2716246508.2434497 original=9540844187.4608173 current=27826232538.566971 won=1 mode=1 camera_scale=1 keep_scale=0
ATTR_RADIUS o=14 raw_norm=54855.136487633987 norm=54855.136487633987 radius=427641.66641628143 next_radius=427641.66641628143 lambda=2.6895103891987543e-06 next_lambda=2.6895103891987543e-06 rho=0.90253371112577885 accept=1
CLASSICAL_LM o=14 lambda=2.6895103891987543e-06 tau=2.6895103891987543e-06 prediction=27821659978.775181 rho=0.90253371112577885 accept=1
O2_TRACE outer=15 stage=1 stage_attempts=6 stage_accepts=5 accepted=1 cost_stage=2716246508.2434497 cost_original=2716246508.2434497 target_below=0 crossing=none scored_eligible=1
  MFCG it  15 cost=2.716247e+09 lam=2.690e-06 tau=0.00e+00 cg_it=13 shift=0 ckpt=14 alpha=0 acc mv=63
PCG_PREP o=15 rebuild=1 drift=0 previous_depth=14
ATTR_RADIUS o=15 raw_norm=8820.9071983268423 norm=8820.9071983268423 radius=427641.66641628143 next_radius=427641.66641628143 lambda=2.6895103891987543e-06 next_lambda=2.6895103891987543e-06 rho=0.89638803685262136 accept=1
CLASSICAL_LM o=15 lambda=2.6895103891987543e-06 tau=2.6895103891987543e-06 prediction=2715823712.1651683 rho=0.89638803685262136 accept=1
O2_TRACE outer=16 stage=1 stage_attempts=7 stage_accepts=6 accepted=1 cost_stage=281814622.4579159 cost_original=281814622.4579159 target_below=0 crossing=none scored_eligible=1
  MFCG it  16 cost=2.818146e+08 lam=2.690e-06 tau=0.00e+00 cg_it=0 shift=0 ckpt=1 alpha=0 acc mv=65
PCG_PREP o=16 rebuild=1 drift=0 previous_depth=1
ATTR_RADIUS o=16 raw_norm=16543.16638359108 norm=16543.16638359108 radius=427641.66641628143 next_radius=427641.66641628143 lambda=2.6895103891987543e-06 next_lambda=2.6895103891987543e-06 rho=0.89767166496197182 accept=1
CLASSICAL_LM o=16 lambda=2.6895103891987543e-06 tau=2.6895103891987543e-06 prediction=281397262.38703167 rho=0.89767166496197182 accept=1
O2_TRACE outer=17 stage=1 stage_attempts=8 stage_accepts=7 accepted=1 cost_stage=29212273.415208351 cost_original=29212273.415208351 target_below=0 crossing=none scored_eligible=1
  MFCG it  17 cost=2.921227e+07 lam=2.690e-06 tau=0.00e+00 cg_it=4 shift=0 ckpt=5 alpha=0 acc mv=71
PCG_PREP o=17 rebuild=1 drift=0 previous_depth=5
ATTR_RADIUS o=17 raw_norm=18094.795130192546 norm=18094.795130192546 radius=427641.66641628143 next_radius=427641.66641628143 lambda=2.6895103891987543e-06 next_lambda=2.6895103891987543e-06 rho=0.32933812965516329 accept=1
CLASSICAL_LM o=17 lambda=2.6895103891987543e-06 tau=2.6895103891987543e-06 prediction=28809849.203943074 rho=0.32933812965516329 accept=1
O2_TRACE outer=18 stage=1 stage_attempts=9 stage_accepts=8 accepted=1 cost_stage=19724091.562734444 cost_original=19724091.562734444 target_below=0 crossing=none scored_eligible=1
  MFCG it  18 cost=1.972409e+07 lam=2.690e-06 tau=0.00e+00 cg_it=16 shift=0 ckpt=17 alpha=0 acc mv=89
PCG_PREP o=18 rebuild=1 drift=0 previous_depth=17
POINT_SAFE o=18 frozen=251 slope=-32851303.659404177 candidate=4862169.9388658516 original=12785144.213562371 current=19724091.562734444 won=1 mode=1 camera_scale=1 keep_scale=0
ATTR_RADIUS o=18 raw_norm=5020.1669408554426 norm=5020.1669408554426 radius=427641.66641628143 next_radius=427641.66641628143 lambda=2.6895103891987543e-06 next_lambda=2.6895103891987543e-06 rho=0.9032979726319369 accept=1
CLASSICAL_LM o=18 lambda=2.6895103891987543e-06 tau=2.6895103891987543e-06 prediction=16452955.806560099 rho=0.9032979726319369 accept=1
O2_TRACE outer=19 stage=1 stage_attempts=10 stage_accepts=9 accepted=1 cost_stage=4862169.9388658516 cost_original=4862169.9388658516 target_below=0 crossing=none scored_eligible=1
  MFCG it  19 cost=4.862170e+06 lam=2.690e-06 tau=0.00e+00 cg_it=0 shift=0 ckpt=1 alpha=0 acc mv=91
PCG_PREP o=19 rebuild=1 drift=0 previous_depth=1
POINT_SAFE o=19 frozen=22 slope=-17103948.143298984 candidate=7811553457.4120226 original=4806675.0289387954 current=4862169.9388658516 won=0 mode=1 camera_scale=1 keep_scale=0
ATTR_RADIUS o=19 raw_norm=87027.162893860732 norm=87027.162893860732 radius=427641.66641628143 next_radius=106910.41660407036 lambda=2.6895103891987543e-06 next_lambda=4.3032166227180069e-05 rho=0.028484251039681299 accept=0
CLASSICAL_LM o=19 lambda=2.6895103891987543e-06 tau=2.6895103891987543e-06 prediction=1948266.4244794932 rho=0.028484251039681299 accept=0
O2_TRACE outer=20 stage=1 stage_attempts=11 stage_accepts=9 accepted=0 cost_stage=4862169.9388658516 cost_original=4862169.9388658516 target_below=0 crossing=none scored_eligible=1
  MFCG it  20  retry 1/8  lam=4.303e-05 tau_eff=2.690e-06  (assembly reused)
PCG_PREP o=19 rebuild=1 drift=0 previous_depth=101
POINT_SAFE o=19 frozen=444 slope=-6374623.8147123177 candidate=3123271364.7760663 original=2713532.8414012375 current=4862169.9388658516 won=0 mode=1 camera_scale=1 keep_scale=0
ATTR_RADIUS o=19 raw_norm=12902.038812198763 norm=3225.5097030496904 radius=106910.41660407036 next_radius=106910.41660407036 lambda=4.3032166227180069e-05 next_lambda=4.3032166227180071e-06 rho=1.1355069088357901 accept=1
CLASSICAL_LM o=19 lambda=4.3032166227180069e-05 tau=4.3032166227180069e-05 prediction=1892227.2341500449 rho=1.1355069088357901 accept=1
O2_TRACE outer=20 stage=1 stage_attempts=12 stage_accepts=10 accepted=1 cost_stage=2713532.8414012375 cost_original=2713532.8414012375 target_below=0 crossing=none scored_eligible=1
  MFCG it  20 cost=2.713533e+06 lam=4.303e-06 tau=0.00e+00 cg_it=1 shift=0 ckpt=2 alpha=0 acc mv=196
PCG_PREP o=20 rebuild=1 drift=0 previous_depth=2
POINT_SAFE o=20 frozen=58 slope=-2800879.2912339796 candidate=7036411.4962782767 original=1621727.701194111 current=2713532.8414012375 won=0 mode=1 camera_scale=1 keep_scale=0
ATTR_RADIUS o=20 raw_norm=6658.2774942032638 norm=3329.1387471016319 radius=106910.41660407036 next_radius=106910.41660407036 lambda=4.3032166227180071e-06 next_lambda=2.6895103891987543e-06 rho=0.63667465478754104 accept=1
CLASSICAL_LM o=20 lambda=4.3032166227180071e-06 tau=4.3032166227180071e-06 prediction=1714855.6676430963 rho=0.63667465478754104 accept=1
O2_TRACE outer=21 stage=1 stage_attempts=13 stage_accepts=11 accepted=1 cost_stage=1621727.701194111 cost_original=1621727.701194111 target_below=0 crossing=none scored_eligible=1
  MFCG it  21 cost=1.621728e+06 lam=2.690e-06 tau=0.00e+00 cg_it=0 shift=0 ckpt=1 alpha=0 acc mv=198
PCG_PREP o=21 rebuild=1 drift=0 previous_depth=1
POINT_SAFE o=21 frozen=120 slope=-2175012.8308199849 candidate=768716.79963835538 original=1265091.8532903569 current=1621727.701194111 won=1 mode=1 camera_scale=1 keep_scale=0
ATTR_RADIUS o=21 raw_norm=4003.2950719150035 norm=4003.2950719150035 radius=106910.41660407036 next_radius=106910.41660407036 lambda=2.6895103891987543e-06 next_lambda=2.6895103891987543e-06 rho=0.78342849069250531 accept=1
CLASSICAL_LM o=21 lambda=2.6895103891987543e-06 tau=2.6895103891987543e-06 prediction=1088817.8202476955 rho=0.78342849069250531 accept=1
O2_TRACE outer=22 stage=1 stage_attempts=14 stage_accepts=12 accepted=1 cost_stage=768716.79963835538 cost_original=768716.79963835538 target_below=0 crossing=none scored_eligible=1
  MFCG it  22 cost=7.687168e+05 lam=2.690e-06 tau=0.00e+00 cg_it=0 shift=0 ckpt=1 alpha=0 acc mv=200
PCG_PREP o=22 rebuild=1 drift=0 previous_depth=1
POINT_SAFE o=22 frozen=159 slope=-760398.56724135322 candidate=2883662.9769210503 original=727361.67628260143 current=768716.79963835538 won=0 mode=1 camera_scale=1 keep_scale=0
ATTR_RADIUS o=22 raw_norm=34910.31182868663 norm=17455.155914343315 radius=106910.41660407036 next_radius=26727.604151017589 lambda=2.6895103891987543e-06 next_lambda=4.3032166227180069e-05 rho=0.14477579203951074 accept=1
CLASSICAL_LM o=22 lambda=2.6895103891987543e-06 tau=2.6895103891987543e-06 prediction=285649.43609127507 rho=0.14477579203951074 accept=1
O2_TRACE outer=23 stage=1 stage_attempts=15 stage_accepts=13 accepted=1 cost_stage=727361.67628260143 cost_original=727361.67628260143 target_below=0 crossing=none scored_eligible=1
  MFCG it  23 cost=7.273617e+05 lam=4.303e-05 tau=0.00e+00 cg_it=19 shift=0 ckpt=20 alpha=0 acc mv=221
PCG_PREP o=23 rebuild=1 drift=0 previous_depth=20
POINT_SAFE o=23 frozen=84 slope=-587701.25717979239 candidate=455126.97242519405 original=585220.30072412116 current=727361.67628260143 won=1 mode=1 camera_scale=1 keep_scale=0
ATTR_RADIUS o=23 raw_norm=2783.4086858393275 norm=2783.4086858393275 radius=26727.604151017589 next_radius=26727.604151017589 lambda=4.3032166227180069e-05 next_lambda=4.3032166227180071e-06 rho=0.92267933978969807 accept=1
CLASSICAL_LM o=23 lambda=4.3032166227180069e-05 tau=4.3032166227180069e-05 prediction=295048.01085007121 rho=0.92267933978969807 accept=1
O2_TRACE outer=24 stage=1 stage_attempts=16 stage_accepts=14 accepted=1 cost_stage=455126.97242519405 cost_original=455126.97242519405 target_below=0 crossing=none scored_eligible=1
  MFCG it  24 cost=4.551270e+05 lam=4.303e-06 tau=0.00e+00 cg_it=0 shift=0 ckpt=1 alpha=0 acc mv=223
PCG_PREP o=24 rebuild=1 drift=0 previous_depth=1
POINT_SAFE o=24 frozen=4 slope=-34385.502481769305 candidate=3006668.9952269988 original=450520.35820553621 current=455126.97242519405 won=0 mode=1 camera_scale=1 keep_scale=0
ATTR_RADIUS o=24 raw_norm=26011.206739463858 norm=3251.4008424329822 radius=26727.604151017589 next_radius=6681.9010377543973 lambda=4.3032166227180071e-06 next_lambda=6.8851465963488113e-05 rho=0.23391080858141972 accept=1
CLASSICAL_LM o=24 lambda=4.3032166227180071e-06 tau=4.3032166227180071e-06 prediction=19693.892076194388 rho=0.23391080858141972 accept=1
O2_TRACE outer=25 stage=1 stage_attempts=17 stage_accepts=15 accepted=1 cost_stage=450520.35820553621 cost_original=450520.35820553621 target_below=0 crossing=none scored_eligible=1
  MFCG it  25 cost=4.505204e+05 lam=6.885e-05 tau=0.00e+00 cg_it=85 shift=0 ckpt=86 alpha=0 acc mv=310
PCG_PREP o=25 rebuild=1 drift=0 previous_depth=86
ATTR_RADIUS o=25 raw_norm=3247.515391923273 norm=3247.515391923273 radius=6681.9010377543973 next_radius=6681.9010377543973 lambda=6.8851465963488113e-05 next_lambda=6.885146596348812e-06 rho=0.52199340345052392 accept=1
CLASSICAL_LM o=25 lambda=6.8851465963488113e-05 tau=6.8851465963488113e-05 prediction=65650.147457462168 rho=0.52199340345052392 accept=1
O2_TRACE outer=26 stage=1 stage_attempts=18 stage_accepts=16 accepted=1 cost_stage=416251.41429718677 cost_original=416251.41429718677 target_below=0 crossing=none scored_eligible=1
  MFCG it  26 cost=4.162514e+05 lam=6.885e-06 tau=0.00e+00 cg_it=1 shift=0 ckpt=2 alpha=0 acc mv=313
PCG_PREP o=26 rebuild=1 drift=0 previous_depth=2
ATTR_RADIUS o=26 raw_norm=7935.2183337645947 norm=6681.9010377543982 radius=6681.9010377543973 next_radius=6681.9010377543973 lambda=6.885146596348812e-06 next_lambda=6.885146596348812e-06 rho=0.39272629394128938 accept=1
CLASSICAL_LM o=26 lambda=6.885146596348812e-06 tau=6.885146596348812e-06 prediction=36788.556993830047 rho=0.39272629394128938 accept=1
O2_TRACE outer=27 stage=1 stage_attempts=19 stage_accepts=17 accepted=1 cost_stage=401803.58064955199 cost_original=401803.58064955199 target_below=0 crossing=none scored_eligible=1
  MFCG it  27 cost=4.018036e+05 lam=6.885e-06 tau=0.00e+00 cg_it=12 shift=0 ckpt=13 alpha=0 acc mv=327
PCG_PREP o=27 rebuild=1 drift=0 previous_depth=13
POINT_SAFE o=27 frozen=1 slope=-37146.734684527197 candidate=435120.12434965209 original=397024.50336111907 current=401803.58064955199 won=0 mode=1 camera_scale=1 keep_scale=0
ATTR_RADIUS o=27 raw_norm=9189.7562622271198 norm=3340.9505188771991 radius=6681.9010377543973 next_radius=1670.4752594385993 lambda=6.885146596348812e-06 next_lambda=0.00011016234554158099 rho=0.23563607002496498 accept=1
CLASSICAL_LM o=27 lambda=6.885146596348812e-06 tau=6.885146596348812e-06 prediction=20281.603270359203 rho=0.23563607002496498 accept=1
O2_TRACE outer=28 stage=1 stage_attempts=20 stage_accepts=18 accepted=1 cost_stage=397024.50336111907 cost_original=397024.50336111907 target_below=0 crossing=none scored_eligible=1
  MFCG it  28 cost=3.970245e+05 lam=1.102e-04 tau=0.00e+00 cg_it=38 shift=0 ckpt=39 alpha=0 acc mv=367
PCG_PREP o=28 rebuild=1 drift=0 previous_depth=39
ATTR_RADIUS o=28 raw_norm=3511.6359345706132 norm=1670.4752594385996 radius=1670.4752594385993 next_radius=3340.9505188771986 lambda=0.00011016234554158099 next_lambda=2.7540586385395248e-05 rho=0.79242322942052867 accept=1
CLASSICAL_LM o=28 lambda=0.00011016234554158099 tau=0.00011016234554158099 prediction=22720.195610756731 rho=0.79242322942052867 accept=1
O2_TRACE outer=29 stage=1 stage_attempts=21 stage_accepts=19 accepted=1 cost_stage=379020.4925821771 cost_original=379020.4925821771 target_below=0 crossing=none scored_eligible=1
  MFCG it  29 cost=3.790205e+05 lam=2.754e-05 tau=0.00e+00 cg_it=37 shift=0 ckpt=38 alpha=0 acc mv=406
PCG_PREP o=29 rebuild=1 drift=0 previous_depth=38
POINT_SAFE o=29 frozen=12 slope=-347.02837477058335 candidate=378864.72484937561 original=375503.92962993047 current=379020.4925821771 won=0 mode=1 camera_scale=1 keep_scale=0
ATTR_RADIUS o=29 raw_norm=1314.4026297353191 norm=328.60065743382978 radius=3340.9505188771986 next_radius=3340.9505188771986 lambda=2.7540586385395248e-05 next_lambda=2.754058638539525e-06 rho=1.8155181020758997 accept=1
CLASSICAL_LM o=29 lambda=2.7540586385395248e-05 tau=2.7540586385395248e-05 prediction=1936.9473365348024 rho=1.8155181020758997 accept=1
O2_TRACE outer=30 stage=1 stage_attempts=22 stage_accepts=20 accepted=1 cost_stage=375503.92962993047 cost_original=375503.92962993047 target_below=0 crossing=none scored_eligible=1
  MFCG it  30 cost=3.755039e+05 lam=2.754e-06 tau=0.00e+00 cg_it=0 shift=0 ckpt=1 alpha=0 acc mv=408
PCG_PREP o=30 rebuild=1 drift=0 previous_depth=1
POINT_SAFE o=30 frozen=1 slope=-5258.6716683997702 candidate=378176.32203206868 original=374687.52481336531 current=375503.92962993047 won=0 mode=1 camera_scale=1 keep_scale=0
ATTR_RADIUS o=30 raw_norm=22405.212587053848 norm=835.23762971929989 radius=3340.9505188771986 next_radius=3340.9505188771986 lambda=2.754058638539525e-06 next_lambda=2.6895103891987543e-06 rho=0.6677853527557438 accept=1
CLASSICAL_LM o=30 lambda=2.754058638539525e-06 tau=2.754058638539525e-06 prediction=1222.5557406973837 rho=0.6677853527557438 accept=1
O2_TRACE outer=31 stage=1 stage_attempts=23 stage_accepts=21 accepted=1 cost_stage=374687.52481336531 cost_original=374687.52481336531 target_below=0 crossing=none scored_eligible=1
  MFCG it  31 cost=3.746875e+05 lam=2.690e-06 tau=0.00e+00 cg_it=66 shift=0 ckpt=67 alpha=0 acc mv=476
PCG_PREP o=31 rebuild=1 drift=0 previous_depth=67
POINT_SAFE o=31 frozen=1 slope=-7060.8429833936507 candidate=377427.29079628439 original=373866.21449619229 current=374687.52481336531 won=0 mode=1 camera_scale=1 keep_scale=0
ATTR_RADIUS o=31 raw_norm=19131.383107597369 norm=835.23762971929943 radius=3340.9505188771986 next_radius=3340.9505188771986 lambda=2.6895103891987543e-06 next_lambda=2.6895103891987543e-06 rho=0.55831933290338953 accept=1
CLASSICAL_LM o=31 lambda=2.6895103891987543e-06 tau=2.6895103891987543e-06 prediction=1471.0404400686157 rho=0.55831933290338953 accept=1
O2_TRACE outer=32 stage=1 stage_attempts=24 stage_accepts=22 accepted=1 cost_stage=373866.21449619229 cost_original=373866.21449619229 target_below=0 crossing=none scored_eligible=1
  MFCG it  32 cost=3.738662e+05 lam=2.690e-06 tau=0.00e+00 cg_it=68 shift=0 ckpt=69 alpha=0 acc mv=546
PCG_PREP o=32 rebuild=1 drift=0 previous_depth=69
POINT_SAFE o=32 frozen=2 slope=-3976.4972984710325 candidate=372923.37822255248 original=372924.18667681166 current=373866.21449619229 won=1 mode=1 camera_scale=1 keep_scale=0
ATTR_RADIUS o=32 raw_norm=10542.072514322721 norm=3340.9505188771991 radius=3340.9505188771986 next_radius=3340.9505188771986 lambda=2.6895103891987543e-06 next_lambda=2.6895103891987543e-06 rho=0.38673022423990872 accept=1
CLASSICAL_LM o=32 lambda=2.6895103891987543e-06 tau=2.6895103891987543e-06 prediction=2437.9689368548607 rho=0.38673022423990872 accept=1
O2_TRACE outer=33 stage=1 stage_attempts=25 stage_accepts=23 accepted=1 cost_stage=372923.37822255248 cost_original=372923.37822255248 target_below=0 crossing=none scored_eligible=1
  MFCG it  33 cost=3.729234e+05 lam=2.690e-06 tau=0.00e+00 cg_it=19 shift=0 ckpt=20 alpha=0 acc mv=567
PCG_PREP o=33 rebuild=1 drift=0 previous_depth=20
POINT_SAFE o=33 frozen=1 slope=-6492.1825109692654 candidate=375145.83241418365 original=372639.98656820954 current=372923.37822255248 won=0 mode=1 camera_scale=1 keep_scale=0
ATTR_RADIUS o=33 raw_norm=18037.921802025223 norm=3340.9505188771977 radius=3340.9505188771986 next_radius=835.23762971929966 lambda=2.6895103891987543e-06 next_lambda=4.3032166227180069e-05 rho=0.099052837642859701 accept=0
CLASSICAL_LM o=33 lambda=2.6895103891987543e-06 tau=2.6895103891987543e-06 prediction=2861.0150005466835 rho=0.099052837642859701 accept=0
O2_TRACE outer=34 stage=1 stage_attempts=26 stage_accepts=23 accepted=0 cost_stage=372923.37822255248 cost_original=372923.37822255248 target_below=0 crossing=none scored_eligible=1
  MFCG it  34  retry 1/8  lam=4.303e-05 tau_eff=2.690e-06  (assembly reused)
PCG_PREP o=33 rebuild=1 drift=0 previous_depth=65
ATTR_RADIUS o=33 raw_norm=1543.4754596759731 norm=835.23762971929943 radius=835.23762971929966 next_radius=1670.4752594385993 lambda=4.3032166227180069e-05 next_lambda=1.0758041556795017e-05 rho=0.95897584671444425 accept=1
CLASSICAL_LM o=33 lambda=4.3032166227180069e-05 tau=4.3032166227180069e-05 prediction=2949.6357861447354 rho=0.95897584671444425 accept=1
O2_TRACE outer=34 stage=1 stage_attempts=27 stage_accepts=24 accepted=1 cost_stage=370094.7487470351 cost_original=370094.7487470351 target_below=0 crossing=none scored_eligible=1
  MFCG it  34 cost=3.700947e+05 lam=1.076e-05 tau=0.00e+00 cg_it=4 shift=0 ckpt=5 alpha=0 acc mv=639
PCG_PREP o=34 rebuild=1 drift=0 previous_depth=5
ATTR_RADIUS o=34 raw_norm=12023.450522924595 norm=1670.4752594385991 radius=1670.4752594385993 next_radius=1670.4752594385993 lambda=1.0758041556795017e-05 next_lambda=1.0758041556795017e-05 rho=0.58192892889874126 accept=1
CLASSICAL_LM o=34 lambda=1.0758041556795017e-05 tau=1.0758041556795017e-05 prediction=1348.463895506203 rho=0.58192892889874126 accept=1
O2_TRACE outer=35 stage=1 stage_attempts=28 stage_accepts=25 accepted=1 cost_stage=369310.03859666456 cost_original=369310.03859666456 target_below=0 crossing=none scored_eligible=1
  MFCG it  35 cost=3.693100e+05 lam=1.076e-05 tau=0.00e+00 cg_it=58 shift=0 ckpt=59 alpha=0 acc mv=699
PCG_PREP o=35 rebuild=1 drift=0 previous_depth=59
ATTR_RADIUS o=35 raw_norm=11134.398792628141 norm=1670.4752594385998 radius=1670.4752594385993 next_radius=1670.4752594385993 lambda=1.0758041556795017e-05 next_lambda=1.0758041556795017e-05 rho=0.63991439174545806 accept=1
CLASSICAL_LM o=35 lambda=1.0758041556795017e-05 tau=1.0758041556795017e-05 prediction=1595.8382514577606 rho=0.63991439174545806 accept=1
O2_TRACE outer=36 stage=1 stage_attempts=29 stage_accepts=26 accepted=1 cost_stage=368288.83873265883 cost_original=368288.83873265883 target_below=0 crossing=none scored_eligible=1
  MFCG it  36 cost=3.682888e+05 lam=1.076e-05 tau=0.00e+00 cg_it=58 shift=0 ckpt=59 alpha=0 acc mv=759
PCG_PREP o=36 rebuild=1 drift=0 previous_depth=59
ATTR_RADIUS o=36 raw_norm=1138.5560533723205 norm=1138.5560533723205 radius=1670.4752594385993 next_radius=1670.4752594385993 lambda=1.0758041556795017e-05 next_lambda=2.6895103891987543e-06 rho=0.67616985333777613 accept=1
CLASSICAL_LM o=36 lambda=1.0758041556795017e-05 tau=1.0758041556795017e-05 prediction=795.67543143171554 rho=0.67616985333777613 accept=1
O2_TRACE outer=37 stage=1 stage_attempts=30 stage_accepts=27 accepted=1 cost_stage=367750.82699288317 cost_original=367750.82699288317 target_below=0 crossing=none scored_eligible=1
  MFCG it  37 cost=3.677508e+05 lam=2.690e-06 tau=0.00e+00 cg_it=1 shift=0 ckpt=2 alpha=0 acc mv=762
PCG_PREP o=37 rebuild=1 drift=0 previous_depth=2
POINT_SAFE o=37 frozen=1 slope=-1452.20780816498 candidate=366878.41859780415 original=367382.47476163658 current=367750.82699288317 won=1 mode=1 camera_scale=1 keep_scale=0
ATTR_RADIUS o=37 raw_norm=15113.460568382035 norm=1670.4752594385993 radius=1670.4752594385993 next_radius=3340.9505188771986 lambda=2.6895103891987543e-06 next_lambda=2.6895103891987543e-06 rho=0.78656617007167806 accept=1
CLASSICAL_LM o=37 lambda=2.6895103891987543e-06 tau=2.6895103891987543e-06 prediction=1109.1354145062228 rho=0.78656617007167806 accept=1
O2_TRACE outer=38 stage=1 stage_attempts=31 stage_accepts=28 accepted=1 cost_stage=366878.41859780415 cost_original=366878.41859780415 target_below=0 crossing=none scored_eligible=1
  MFCG it  38 cost=3.668784e+05 lam=2.690e-06 tau=0.00e+00 cg_it=64 shift=0 ckpt=65 alpha=0 acc mv=828
PCG_PREP o=38 rebuild=1 drift=0 previous_depth=65
POINT_SAFE o=38 frozen=1 slope=-1880.7966659055189 candidate=367498.58579465933 original=366650.94546102663 current=366878.41859780415 won=0 mode=1 camera_scale=1 keep_scale=0
ATTR_RADIUS o=38 raw_norm=16581.171140869985 norm=835.23762971929955 radius=3340.9505188771986 next_radius=3340.9505188771986 lambda=2.6895103891987543e-06 next_lambda=2.6895103891987543e-06 rho=0.60523675992481263 accept=1
CLASSICAL_LM o=38 lambda=2.6895103891987543e-06 tau=2.6895103891987543e-06 prediction=375.84157447043111 rho=0.60523675992481263 accept=1
O2_TRACE outer=39 stage=1 stage_attempts=32 stage_accepts=29 accepted=1 cost_stage=366650.94546102663 cost_original=366650.94546102663 target_below=0 crossing=none scored_eligible=1
  MFCG it  39 cost=3.666509e+05 lam=2.690e-06 tau=0.00e+00 cg_it=56 shift=0 ckpt=57 alpha=0 acc mv=886
PCG_PREP o=39 rebuild=1 drift=0 previous_depth=57
POINT_SAFE o=39 frozen=1 slope=-1910.6461008295691 candidate=367497.62813916872 original=366421.58242834551 current=366650.94546102663 won=0 mode=1 camera_scale=1 keep_scale=0
ATTR_RADIUS o=39 raw_norm=15897.783484457363 norm=835.23762971929978 radius=3340.9505188771986 next_radius=3340.9505188771986 lambda=2.6895103891987543e-06 next_lambda=2.6895103891987543e-06 rho=0.59102334991491545 accept=1
CLASSICAL_LM o=39 lambda=2.6895103891987543e-06 tau=2.6895103891987543e-06 prediction=388.07778527553978 rho=0.59102334991491545 accept=1
O2_TRACE outer=40 stage=1 stage_attempts=33 stage_accepts=30 accepted=1 cost_stage=366421.58242834551 cost_original=366421.58242834551 target_below=0 crossing=none scored_eligible=1
  MFCG it  40 cost=3.664216e+05 lam=2.690e-06 tau=0.00e+00 cg_it=56 shift=0 ckpt=57 alpha=0 acc mv=944
PCG_PREP o=40 rebuild=1 drift=0 previous_depth=57
POINT_SAFE o=40 frozen=1 slope=-1883.0551414158433 candidate=367332.40837837657 original=366186.05181681016 current=366421.58242834551 won=0 mode=1 camera_scale=1 keep_scale=0
ATTR_RADIUS o=40 raw_norm=15203.862036716104 norm=835.23762971929966 radius=3340.9505188771986 next_radius=3340.9505188771986 lambda=2.6895103891987543e-06 next_lambda=2.6895103891987543e-06 rho=0.59947866350010959 accept=1
CLASSICAL_LM o=40 lambda=2.6895103891987543e-06 tau=2.6895103891987543e-06 prediction=392.8924011410067 rho=0.59947866350010959 accept=1
O2_TRACE outer=41 stage=1 stage_attempts=34 stage_accepts=31 accepted=1 cost_stage=366186.05181681016 cost_original=366186.05181681016 target_below=0 crossing=none scored_eligible=1
  MFCG it  41 cost=3.661861e+05 lam=2.690e-06 tau=0.00e+00 cg_it=53 shift=0 ckpt=54 alpha=0 acc mv=999
PCG_PREP o=41 rebuild=1 drift=0 previous_depth=54
ATTR_RADIUS o=41 raw_norm=2628.07765145335 norm=2628.07765145335 radius=3340.9505188771986 next_radius=3340.9505188771986 lambda=2.6895103891987543e-06 next_lambda=2.6895103891987543e-06 rho=0.9693152536404761 accept=1
CLASSICAL_LM o=41 lambda=2.6895103891987543e-06 tau=2.6895103891987543e-06 prediction=377.94510616396099 rho=0.9693152536404761 accept=1
O2_TRACE outer=42 stage=1 stage_attempts=35 stage_accepts=32 accepted=1 cost_stage=365819.70386036666 cost_original=365819.70386036666 target_below=0 crossing=none scored_eligible=1
  MFCG it  42 cost=3.658197e+05 lam=2.690e-06 tau=0.00e+00 cg_it=0 shift=0 ckpt=1 alpha=0 acc mv=1001
PCG_PREP o=42 rebuild=1 drift=0 previous_depth=1
POINT_SAFE o=42 frozen=1 slope=-1247.3411547553358 candidate=365412.30519337504 original=365586.53815269476 current=365819.70386036666 won=1 mode=1 camera_scale=1 keep_scale=0
ATTR_RADIUS o=42 raw_norm=12916.83041300671 norm=3340.9505188771982 radius=3340.9505188771986 next_radius=3340.9505188771986 lambda=2.6895103891987543e-06 next_lambda=2.6895103891987543e-06 rho=0.60841293583933398 accept=1
CLASSICAL_LM o=42 lambda=2.6895103891987543e-06 tau=2.6895103891987543e-06 prediction=669.60881827667583 rho=0.60841293583933398 accept=1
O2_TRACE outer=43 stage=1 stage_attempts=36 stage_accepts=33 accepted=1 cost_stage=365412.30519337504 cost_original=365412.30519337504 target_below=0 crossing=none scored_eligible=1
  MFCG it  43 cost=3.654123e+05 lam=2.690e-06 tau=0.00e+00 cg_it=64 shift=0 ckpt=65 alpha=0 acc mv=1067
PCG_PREP o=43 rebuild=1 drift=0 previous_depth=65
ATTR_RADIUS o=43 raw_norm=1208.5215802702232 norm=1208.5215802702232 radius=3340.9505188771986 next_radius=3340.9505188771986 lambda=2.6895103891987543e-06 next_lambda=2.6895103891987543e-06 rho=0.99709945245099407 accept=1
CLASSICAL_LM o=43 lambda=2.6895103891987543e-06 tau=2.6895103891987543e-06 prediction=639.99601053541835 rho=0.99709945245099407 accept=1
O2_TRACE outer=44 stage=1 stage_attempts=37 stage_accepts=34 accepted=1 cost_stage=364774.16552169935 cost_original=364774.16552169935 target_below=0 crossing=none scored_eligible=1
  MFCG it  44 cost=3.647742e+05 lam=2.690e-06 tau=0.00e+00 cg_it=0 shift=0 ckpt=1 alpha=0 acc mv=1069
PCG_PREP o=44 rebuild=1 drift=0 previous_depth=1
POINT_SAFE o=44 frozen=1 slope=-828.83888918578498 candidate=364424.3719276847 original=364531.31690165354 current=364774.16552169935 won=1 mode=1 camera_scale=1 keep_scale=0
ATTR_RADIUS o=44 raw_norm=10496.795046229188 norm=3340.9505188771986 radius=3340.9505188771986 next_radius=6681.9010377543973 lambda=2.6895103891987543e-06 next_lambda=2.6895103891987543e-06 rho=0.85218197462481549 accept=1
CLASSICAL_LM o=44 lambda=2.6895103891987543e-06 tau=2.6895103891987543e-06 prediction=410.46819157217868 rho=0.85218197462481549 accept=1
O2_TRACE outer=45 stage=1 stage_attempts=38 stage_accepts=35 accepted=1 cost_stage=364424.3719276847 cost_original=364424.3719276847 target_below=0 crossing=none scored_eligible=1
  MFCG it  45 cost=3.644244e+05 lam=2.690e-06 tau=0.00e+00 cg_it=66 shift=0 ckpt=67 alpha=0 acc mv=1137
PCG_PREP o=45 rebuild=1 drift=0 previous_depth=67
ATTR_RADIUS o=45 raw_norm=690.35085632589721 norm=690.35085632589721 radius=6681.9010377543973 next_radius=6681.9010377543973 lambda=2.6895103891987543e-06 next_lambda=2.6895103891987543e-06 rho=0.98229186347946462 accept=1
CLASSICAL_LM o=45 lambda=2.6895103891987543e-06 tau=2.6895103891987543e-06 prediction=379.16177466207557 rho=0.98229186347946462 accept=1
O2_TRACE outer=46 stage=1 stage_attempts=39 stage_accepts=36 accepted=1 cost_stage=364051.92440149171 cost_original=364051.92440149171 target_below=0 crossing=none scored_eligible=1
  MFCG it  46 cost=3.640519e+05 lam=2.690e-06 tau=0.00e+00 cg_it=0 shift=0 ckpt=1 alpha=0 acc mv=1139
PCG_PREP o=46 rebuild=1 drift=0 previous_depth=1
POINT_SAFE o=46 frozen=1 slope=-1046.9723647067474 candidate=368725.32805679139 original=363822.8950498596 current=364051.92440149171 won=0 mode=1 camera_scale=1 keep_scale=0
ATTR_RADIUS o=46 raw_norm=7904.5665990136276 norm=1670.4752594385993 radius=6681.9010377543973 next_radius=6681.9010377543973 lambda=2.6895103891987543e-06 next_lambda=2.6895103891987543e-06 rho=0.86046457023105838 accept=1
CLASSICAL_LM o=46 lambda=2.6895103891987543e-06 tau=2.6895103891987543e-06 prediction=266.16941540150816 rho=0.86046457023105838 accept=1
O2_TRACE outer=47 stage=1 stage_attempts=40 stage_accepts=37 accepted=1 cost_stage=363822.8950498596 cost_original=363822.8950498596 target_below=0 crossing=none scored_eligible=1
  MFCG it  47 cost=3.638229e+05 lam=2.690e-06 tau=0.00e+00 cg_it=66 shift=0 ckpt=67 alpha=0 acc mv=1207
PCG_PREP o=47 rebuild=1 drift=0 previous_depth=67
POINT_SAFE o=47 frozen=1 slope=-1122.5867446037123 candidate=370803.23924057733 original=363743.41130402253 current=363822.8950498596 won=0 mode=1 camera_scale=1 keep_scale=0
ATTR_RADIUS o=47 raw_norm=5993.7901559925658 norm=1498.4475389981415 radius=6681.9010377543973 next_radius=6681.9010377543973 lambda=2.6895103891987543e-06 next_lambda=2.6895103891987543e-06 rho=0.38684643670331226 accept=1
CLASSICAL_LM o=47 lambda=2.6895103891987543e-06 tau=2.6895103891987543e-06 prediction=205.46588593245716 rho=0.38684643670331226 accept=1
O2_TRACE outer=48 stage=1 stage_attempts=41 stage_accepts=38 accepted=1 cost_stage=363743.41130402253 cost_original=363743.41130402253 target_below=0 crossing=none scored_eligible=1
  MFCG it  48 cost=3.637434e+05 lam=2.690e-06 tau=0.00e+00 cg_it=46 shift=0 ckpt=47 alpha=0 acc mv=1255
PCG_PREP o=48 rebuild=1 drift=0 previous_depth=47
ATTR_RADIUS o=48 raw_norm=514.06800000752992 norm=514.06800000752992 radius=6681.9010377543973 next_radius=6681.9010377543973 lambda=2.6895103891987543e-06 next_lambda=2.6895103891987543e-06 rho=0.9927841335098232 accept=1
CLASSICAL_LM o=48 lambda=2.6895103891987543e-06 tau=2.6895103891987543e-06 prediction=156.8622199293751 rho=0.9927841335098232 accept=1
O2_TRACE outer=49 stage=1 stage_attempts=42 stage_accepts=39 accepted=1 cost_stage=363587.68098092952 cost_original=363587.68098092952 target_below=0 crossing=none scored_eligible=1
  MFCG it  49 cost=3.635877e+05 lam=2.690e-06 tau=0.00e+00 cg_it=1 shift=0 ckpt=2 alpha=0 acc mv=1258
PCG_PREP o=49 rebuild=1 drift=0 previous_depth=2
POINT_SAFE o=49 frozen=1 slope=-638.66369327994801 candidate=367022.54897801718 original=363484.4896047255 current=363587.68098092952 won=0 mode=1 camera_scale=1 keep_scale=0
ATTR_RADIUS o=49 raw_norm=5634.8398930713438 norm=1408.7099732678359 radius=6681.9010377543973 next_radius=6681.9010377543973 lambda=2.6895103891987543e-06 next_lambda=2.6895103891987543e-06 rho=0.75542110154857334 accept=1
CLASSICAL_LM o=49 lambda=2.6895103891987543e-06 tau=2.6895103891987543e-06 prediction=136.60113014116692 rho=0.75542110154857334 accept=1
O2_TRACE outer=50 stage=1 stage_attempts=43 stage_accepts=40 accepted=1 cost_stage=363484.4896047255 cost_original=363484.4896047255 target_below=0 crossing=none scored_eligible=1
  MFCG it  50 cost=3.634845e+05 lam=2.690e-06 tau=0.00e+00 cg_it=55 shift=0 ckpt=56 alpha=0 acc mv=1315
PCG_PREP o=50 rebuild=1 drift=0 previous_depth=56
POINT_SAFE o=50 frozen=1 slope=-503.3542811008266 candidate=364644.48352378776 original=363416.50221873453 current=363484.4896047255 won=0 mode=1 camera_scale=1 keep_scale=0
ATTR_RADIUS o=50 raw_norm=4106.0248794890676 norm=1026.5062198722669 radius=6681.9010377543973 next_radius=6681.9010377543973 lambda=2.6895103891987543e-06 next_lambda=2.6895103891987543e-06 rho=0.67980295283793468 accept=1
CLASSICAL_LM o=50 lambda=2.6895103891987543e-06 tau=2.6895103891987543e-06 prediction=100.01043053306574 rho=0.67980295283793468 accept=1
O2_TRACE outer=51 stage=1 stage_attempts=44 stage_accepts=41 accepted=1 cost_stage=363416.50221873453 cost_original=363416.50221873453 target_below=0 crossing=none scored_eligible=1
  MFCG it  51 cost=3.634165e+05 lam=2.690e-06 tau=0.00e+00 cg_it=41 shift=0 ckpt=42 alpha=0 acc mv=1358
PCG_PREP o=51 rebuild=1 drift=0 previous_depth=42
ATTR_RADIUS o=51 raw_norm=399.94835909182297 norm=399.94835909182297 radius=6681.9010377543973 next_radius=6681.9010377543973 lambda=2.6895103891987543e-06 next_lambda=2.6895103891987543e-06 rho=0.99697899399264567 accept=1
CLASSICAL_LM o=51 lambda=2.6895103891987543e-06 tau=2.6895103891987543e-06 prediction=55.128168905638383 rho=0.99697899399264567 accept=1
O2_TRACE outer=52 stage=1 stage_attempts=45 stage_accepts=42 accepted=1 cost_stage=363361.54059235833 cost_original=363361.54059235833 target_below=0 crossing=none scored_eligible=1
  MFCG it  52 cost=3.633615e+05 lam=2.690e-06 tau=0.00e+00 cg_it=0 shift=0 ckpt=1 alpha=0 acc mv=1360
PCG_PREP o=52 rebuild=1 drift=0 previous_depth=1
POINT_SAFE o=52 frozen=1 slope=-246.61826633144838 candidate=363719.4925850872 original=363319.39236724086 current=363361.54059235833 won=0 mode=1 camera_scale=1 keep_scale=0
ATTR_RADIUS o=52 raw_norm=3501.153364297229 norm=1750.5766821486145 radius=6681.9010377543973 next_radius=6681.9010377543973 lambda=2.6895103891987543e-06 next_lambda=2.6895103891987543e-06 rho=0.41713945443412126 accept=1
CLASSICAL_LM o=52 lambda=2.6895103891987543e-06 tau=2.6895103891987543e-06 prediction=101.04108990278036 rho=0.41713945443412126 accept=1
O2_TRACE outer=53 stage=1 stage_attempts=46 stage_accepts=43 accepted=1 cost_stage=363319.39236724086 cost_original=363319.39236724086 target_below=0 crossing=none scored_eligible=1
  MFCG it  53 cost=3.633194e+05 lam=2.690e-06 tau=0.00e+00 cg_it=47 shift=0 ckpt=48 alpha=0 acc mv=1409
PCG_PREP o=53 rebuild=1 drift=0 previous_depth=48
ATTR_RADIUS o=53 raw_norm=483.11581622961199 norm=483.11581622961199 radius=6681.9010377543973 next_radius=6681.9010377543973 lambda=2.6895103891987543e-06 next_lambda=2.6895103891987543e-06 rho=0.99856752156601147 accept=1
CLASSICAL_LM o=53 lambda=2.6895103891987543e-06 tau=2.6895103891987543e-06 prediction=62.115834101723806 rho=0.99856752156601147 accept=1
O2_TRACE outer=54 stage=1 stage_attempts=47 stage_accepts=44 accepted=1 cost_stage=363257.36551273189 cost_original=363257.36551273189 target_below=0 crossing=none scored_eligible=1
  MFCG it  54 cost=3.632574e+05 lam=2.690e-06 tau=0.00e+00 cg_it=0 shift=0 ckpt=1 alpha=0 acc mv=1411
PCG_PREP o=54 rebuild=1 drift=0 previous_depth=1
POINT_SAFE o=54 frozen=0 slope=-95.069082007083892 candidate=inf original=363228.11299110547 current=363257.36551273189 won=0 mode=1 camera_scale=1 keep_scale=0
ATTR_RADIUS o=54 raw_norm=2366.9971441674675 norm=1183.4985720837337 radius=6681.9010377543973 next_radius=6681.9010377543973 lambda=2.6895103891987543e-06 next_lambda=2.6895103891987543e-06 rho=0.74796635982020121 accept=1
CLASSICAL_LM o=54 lambda=2.6895103891987543e-06 tau=2.6895103891987543e-06 prediction=39.109408120239898 rho=0.74796635982020121 accept=1
O2_TRACE outer=55 stage=1 stage_attempts=48 stage_accepts=45 accepted=1 cost_stage=363228.11299110547 cost_original=363228.11299110547 target_below=0 crossing=none scored_eligible=1
  MFCG it  55 cost=3.632281e+05 lam=2.690e-06 tau=0.00e+00 cg_it=48 shift=0 ckpt=49 alpha=0 acc mv=1461
PCG_PREP o=55 rebuild=1 drift=0 previous_depth=49
ATTR_RADIUS o=55 raw_norm=739.09781291945899 norm=739.09781291945899 radius=6681.9010377543973 next_radius=6681.9010377543973 lambda=2.6895103891987543e-06 next_lambda=2.6895103891987543e-06 rho=0.99786252307847867 accept=1
CLASSICAL_LM o=55 lambda=2.6895103891987543e-06 tau=2.6895103891987543e-06 prediction=16.429137347390785 rho=0.99786252307847867 accept=1
O2_TRACE outer=56 stage=1 stage_attempts=49 stage_accepts=46 accepted=1 cost_stage=363211.71897066 cost_original=363211.71897066 target_below=0 crossing=none scored_eligible=1
  MFCG it  56 cost=3.632117e+05 lam=2.690e-06 tau=0.00e+00 cg_it=6 shift=0 ckpt=7 alpha=0 acc mv=1469
PCG_PREP o=56 rebuild=1 drift=0 previous_depth=7
POINT_SAFE o=56 frozen=0 slope=-37.195117912949712 candidate=inf original=363198.28778424946 current=363211.71897066 won=0 mode=1 camera_scale=1 keep_scale=0
ATTR_RADIUS o=56 raw_norm=1552.5519228312123 norm=776.27596141560616 radius=6681.9010377543973 next_radius=6681.9010377543973 lambda=2.6895103891987543e-06 next_lambda=2.6895103891987543e-06 rho=0.87313065796646261 accept=1
CLASSICAL_LM o=56 lambda=2.6895103891987543e-06 tau=2.6895103891987543e-06 prediction=15.382790980930311 rho=0.87313065796646261 accept=1
O2_TRACE outer=57 stage=1 stage_attempts=50 stage_accepts=47 accepted=1 cost_stage=363198.28778424946 cost_original=363198.28778424946 target_below=0 crossing=none scored_eligible=1
  MFCG it  57 cost=3.631983e+05 lam=2.690e-06 tau=0.00e+00 cg_it=43 shift=0 ckpt=44 alpha=0 acc mv=1514
PCG_PREP o=57 rebuild=1 drift=0 previous_depth=44
ATTR_RADIUS o=57 raw_norm=460.65309783273034 norm=460.65309783273034 radius=6681.9010377543973 next_radius=6681.9010377543973 lambda=2.6895103891987543e-06 next_lambda=2.6895103891987543e-06 rho=1.0061470876544261 accept=1
CLASSICAL_LM o=57 lambda=2.6895103891987543e-06 tau=2.6895103891987543e-06 prediction=4.931634129453224 rho=1.0061470876544261 accept=1
O2_TRACE outer=58 stage=1 stage_attempts=51 stage_accepts=48 accepted=1 cost_stage=363193.32583493274 cost_original=363193.32583493274 target_below=0 crossing=none scored_eligible=1
  MFCG it  58 cost=3.631933e+05 lam=2.690e-06 tau=0.00e+00 cg_it=1 shift=0 ckpt=2 alpha=0 acc mv=1517
PCG_PREP o=58 rebuild=1 drift=0 previous_depth=2
ATTR_RADIUS o=58 raw_norm=1042.0437404080947 norm=1042.0437404080947 radius=6681.9010377543973 next_radius=6681.9010377543973 lambda=2.6895103891987543e-06 next_lambda=2.6895103891987543e-06 rho=0.57144453980414478 accept=1
CLASSICAL_LM o=58 lambda=2.6895103891987543e-06 tau=2.6895103891987543e-06 prediction=11.840578200509841 rho=0.57144453980414478 accept=1
O2_TRACE outer=59 stage=1 stage_attempts=52 stage_accepts=49 accepted=1 cost_stage=363186.55960117193 cost_original=363186.55960117193 target_below=0 crossing=none scored_eligible=1
  MFCG it  59 cost=3.631866e+05 lam=2.690e-06 tau=0.00e+00 cg_it=38 shift=0 ckpt=39 alpha=0 acc mv=1557
PCG_PREP o=59 rebuild=1 drift=0 previous_depth=39
ATTR_RADIUS o=59 raw_norm=439.45325994017293 norm=439.45325994017293 radius=6681.9010377543973 next_radius=6681.9010377543973 lambda=2.6895103891987543e-06 next_lambda=2.6895103891987543e-06 rho=1.0581753054127765 accept=1
CLASSICAL_LM o=59 lambda=2.6895103891987543e-06 tau=2.6895103891987543e-06 prediction=8.3221143604734706 rho=1.0581753054127765 accept=1
O2_TRACE outer=60 stage=1 stage_attempts=53 stage_accepts=50 accepted=1 cost_stage=363177.75334526686 cost_original=363177.75334526686 target_below=0 crossing=none scored_eligible=1
  MFCG it  60 cost=3.631778e+05 lam=2.690e-06 tau=0.00e+00 cg_it=0 shift=0 ckpt=1 alpha=0 acc mv=1559
PCG_PREP o=60 rebuild=1 drift=0 previous_depth=1
ATTR_RADIUS o=60 raw_norm=558.39632959538335 norm=558.39632959538335 radius=6681.9010377543973 next_radius=6681.9010377543973 lambda=2.6895103891987543e-06 next_lambda=2.6895103891987543e-06 rho=1.3150402708408786 accept=1
CLASSICAL_LM o=60 lambda=2.6895103891987543e-06 tau=2.6895103891987543e-06 prediction=5.6623095740208989 rho=1.3150402708408786 accept=1
O2_TRACE outer=61 stage=1 stage_attempts=54 stage_accepts=51 accepted=1 cost_stage=363170.30718015105 cost_original=363170.30718015105 target_below=0 crossing=none scored_eligible=1
  MFCG it  61 cost=3.631703e+05 lam=2.690e-06 tau=0.00e+00 cg_it=62 shift=0 ckpt=63 alpha=0 acc mv=1623
PCG_PREP o=61 rebuild=1 drift=0 previous_depth=63
ATTR_RADIUS o=61 raw_norm=365.19091862785365 norm=365.19091862785365 radius=6681.9010377543973 next_radius=6681.9010377543973 lambda=2.6895103891987543e-06 next_lambda=2.6895103891987543e-06 rho=4.6378415727995828 accept=1
CLASSICAL_LM o=61 lambda=2.6895103891987543e-06 tau=2.6895103891987543e-06 prediction=11.498972971698048 rho=4.6378415727995828 accept=1
O2_TRACE outer=62 stage=1 stage_attempts=55 stage_accepts=52 accepted=1 cost_stage=363116.97676525841 cost_original=363116.97676525841 target_below=0 crossing=none scored_eligible=1
  MFCG it  62 cost=3.631170e+05 lam=2.690e-06 tau=0.00e+00 cg_it=1 shift=0 ckpt=2 alpha=0 acc mv=1626
PCG_PREP o=62 rebuild=1 drift=0 previous_depth=2
ATTR_RADIUS o=62 raw_norm=329.86495656121537 norm=329.86495656121537 radius=6681.9010377543973 next_radius=6681.9010377543973 lambda=2.6895103891987543e-06 next_lambda=2.6895103891987543e-06 rho=0.87358835169626525 accept=1
CLASSICAL_LM o=62 lambda=2.6895103891987543e-06 tau=2.6895103891987543e-06 prediction=95.419016914339124 rho=0.87358835169626525 accept=1
O2_TRACE outer=63 stage=1 stage_attempts=56 stage_accepts=53 accepted=1 cost_stage=363033.61982355174 cost_original=363033.61982355174 target_below=0 crossing=none scored_eligible=1
  MFCG it  63 cost=3.630336e+05 lam=2.690e-06 tau=0.00e+00 cg_it=3 shift=0 ckpt=4 alpha=0 acc mv=1631
PCG_PREP o=63 rebuild=1 drift=0 previous_depth=4
POINT_SAFE o=63 frozen=71 slope=-0.26107734194838628 candidate=363053.23084189917 original=363005.09146052191 current=363033.61982355174 won=0 mode=1 camera_scale=1 keep_scale=0
ATTR_RADIUS o=63 raw_norm=336.16606771570275 norm=168.08303385785138 radius=6681.9010377543973 next_radius=6681.9010377543973 lambda=2.6895103891987543e-06 next_lambda=2.6895103891987543e-06 rho=1.0541317166188533 accept=1
CLASSICAL_LM o=63 lambda=2.6895103891987543e-06 tau=2.6895103891987543e-06 prediction=27.063376027928484 rho=1.0541317166188533 accept=1
O2_TRACE outer=64 stage=1 stage_attempts=57 stage_accepts=54 accepted=1 cost_stage=363005.09146052191 cost_original=363005.09146052191 target_below=0 crossing=none scored_eligible=1
  MFCG it  64 cost=3.630051e+05 lam=2.690e-06 tau=0.00e+00 cg_it=4 shift=0 ckpt=5 alpha=0 acc mv=1637
PCG_PREP o=64 rebuild=1 drift=0 previous_depth=5
ATTR_RADIUS o=64 raw_norm=294.8315204796175 norm=294.8315204796175 radius=6681.9010377543973 next_radius=6681.9010377543973 lambda=2.6895103891987543e-06 next_lambda=2.6895103891987543e-06 rho=1.0149468469529404 accept=1
CLASSICAL_LM o=64 lambda=2.6895103891987543e-06 tau=2.6895103891987543e-06 prediction=4.2464484084452501 rho=1.0149468469529404 accept=1
O2_TRACE outer=65 stage=1 stage_attempts=58 stage_accepts=55 accepted=1 cost_stage=363000.78154109902 cost_original=363000.78154109902 target_below=0 crossing=none scored_eligible=1
  MFCG it  65 cost=3.630008e+05 lam=2.690e-06 tau=0.00e+00 cg_it=1 shift=0 ckpt=2 alpha=0 acc mv=1640
PCG_PREP o=65 rebuild=1 drift=0 previous_depth=2
ATTR_RADIUS o=65 raw_norm=360.6944257785197 norm=360.6944257785197 radius=6681.9010377543973 next_radius=6681.9010377543973 lambda=2.6895103891987543e-06 next_lambda=2.6895103891987543e-06 rho=1.001429315227331 accept=1
CLASSICAL_LM o=65 lambda=2.6895103891987543e-06 tau=2.6895103891987543e-06 prediction=2.5758195142402802 rho=1.001429315227331 accept=1
O2_TRACE outer=66 stage=1 stage_attempts=59 stage_accepts=56 accepted=1 cost_stage=362998.20203992672 cost_original=362998.20203992672 target_below=0 crossing=none scored_eligible=1
  MFCG it  66 cost=3.629982e+05 lam=2.690e-06 tau=0.00e+00 cg_it=13 shift=0 ckpt=14 alpha=0 acc mv=1655
PCG_PREP o=66 rebuild=1 drift=0 previous_depth=14
ATTR_RADIUS o=66 raw_norm=322.90294983227562 norm=322.90294983227562 radius=6681.9010377543973 next_radius=6681.9010377543973 lambda=2.6895103891987543e-06 next_lambda=2.6895103891987543e-06 rho=0.98604452681541477 accept=1
CLASSICAL_LM o=66 lambda=2.6895103891987543e-06 tau=2.6895103891987543e-06 prediction=1.7507425209786418 rho=0.98604452681541477 accept=1
O2_TRACE outer=67 stage=1 stage_attempts=60 stage_accepts=57 accepted=1 cost_stage=362996.47572984605 cost_original=362996.47572984605 target_below=0 crossing=none scored_eligible=1
  MFCG it  67 cost=3.629965e+05 lam=2.690e-06 tau=0.00e+00 cg_it=0 shift=0 ckpt=1 alpha=0 acc mv=1657
PCG_PREP o=67 rebuild=1 drift=0 previous_depth=1
ATTR_RADIUS o=67 raw_norm=314.54655478945818 norm=314.54655478945818 radius=6681.9010377543973 next_radius=6681.9010377543973 lambda=2.6895103891987543e-06 next_lambda=2.6895103891987543e-06 rho=0.98695374735904251 accept=1
CLASSICAL_LM o=67 lambda=2.6895103891987543e-06 tau=2.6895103891987543e-06 prediction=1.4817791186118057 rho=0.98695374735904251 accept=1
O2_TRACE outer=68 stage=1 stage_attempts=61 stage_accepts=58 accepted=1 cost_stage=362995.01328239217 cost_original=362995.01328239217 target_below=0 crossing=none scored_eligible=1
  MFCG it  68 cost=3.629950e+05 lam=2.690e-06 tau=0.00e+00 cg_it=0 shift=0 ckpt=1 alpha=0 acc mv=1659
PCG_PREP o=68 rebuild=1 drift=0 previous_depth=1
ATTR_RADIUS o=68 raw_norm=305.47680601650325 norm=305.47680601650325 radius=6681.9010377543973 next_radius=6681.9010377543973 lambda=2.6895103891987543e-06 next_lambda=2.6895103891987543e-06 rho=0.98586028585308849 accept=1
CLASSICAL_LM o=68 lambda=2.6895103891987543e-06 tau=2.6895103891987543e-06 prediction=1.3363546766610435 rho=0.98586028585308849 accept=1
O2_TRACE outer=69 stage=1 stage_attempts=62 stage_accepts=59 accepted=1 cost_stage=362993.69582338864 cost_original=362993.69582338864 target_below=0 crossing=none scored_eligible=1
  MFCG it  69 cost=3.629937e+05 lam=2.690e-06 tau=0.00e+00 cg_it=0 shift=0 ckpt=1 alpha=0 acc mv=1661
PCG_PREP o=69 rebuild=1 drift=0 previous_depth=1
ATTR_RADIUS o=69 raw_norm=299.54896432507024 norm=299.54896432507024 radius=6681.9010377543973 next_radius=6681.9010377543973 lambda=2.6895103891987543e-06 next_lambda=2.6895103891987543e-06 rho=0.98557035623384193 accept=1
CLASSICAL_LM o=69 lambda=2.6895103891987543e-06 tau=2.6895103891987543e-06 prediction=1.2377246915619544 rho=0.98557035623384193 accept=1
O2_TRACE outer=70 stage=1 stage_attempts=63 stage_accepts=60 accepted=1 cost_stage=362992.47595862346 cost_original=362992.47595862346 target_below=0 crossing=none scored_eligible=1
  MFCG it  70 cost=3.629925e+05 lam=2.690e-06 tau=0.00e+00 cg_it=0 shift=0 ckpt=1 alpha=0 acc mv=1663
PCG_PREP o=70 rebuild=1 drift=0 previous_depth=1
ATTR_RADIUS o=70 raw_norm=296.12126179390475 norm=296.12126179390475 radius=6681.9010377543973 next_radius=6681.9010377543973 lambda=2.6895103891987543e-06 next_lambda=2.6895103891987543e-06 rho=0.98576784179232102 accept=1
CLASSICAL_LM o=70 lambda=2.6895103891987543e-06 tau=2.6895103891987543e-06 prediction=1.1644521625720352 rho=0.98576784179232102 accept=1
O2_TRACE outer=71 stage=1 stage_attempts=64 stage_accepts=61 accepted=1 cost_stage=362991.32807912829 cost_original=362991.32807912829 target_below=0 crossing=none scored_eligible=1
  MFCG it  71 cost=3.629913e+05 lam=2.690e-06 tau=0.00e+00 cg_it=0 shift=0 ckpt=1 alpha=0 acc mv=1665
PCG_PREP o=71 rebuild=1 drift=0 previous_depth=1
ATTR_RADIUS o=71 raw_norm=294.45099106655192 norm=294.45099106655192 radius=6681.9010377543973 next_radius=6681.9010377543973 lambda=2.6895103891987543e-06 next_lambda=2.6895103891987543e-06 rho=0.98621113176159447 accept=1
CLASSICAL_LM o=71 lambda=2.6895103891987543e-06 tau=2.6895103891987543e-06 prediction=1.1064371396748756 rho=0.98621113176159447 accept=1
O2_TRACE outer=72 stage=1 stage_attempts=65 stage_accepts=62 accepted=1 cost_stage=362990.23689850455 cost_original=362990.23689850455 target_below=0 crossing=none scored_eligible=1
  MFCG it  72 cost=3.629902e+05 lam=2.690e-06 tau=0.00e+00 cg_it=0 shift=0 ckpt=1 alpha=0 acc mv=1667
PCG_PREP o=72 rebuild=1 drift=0 previous_depth=1
ATTR_RADIUS o=72 raw_norm=293.93179575028853 norm=293.93179575028853 radius=6681.9010377543973 next_radius=6681.9010377543973 lambda=2.6895103891987543e-06 next_lambda=2.6895103891987543e-06 rho=0.98676336687294042 accept=1
CLASSICAL_LM o=72 lambda=2.6895103891987543e-06 tau=2.6895103891987543e-06 prediction=1.0584507110864549 rho=0.98676336687294042 accept=1
O2_TRACE outer=73 stage=1 stage_attempts=66 stage_accepts=63 accepted=1 cost_stage=362989.19245811721 cost_original=362989.19245811721 target_below=0 crossing=none scored_eligible=1
  MFCG: converged (OCA_FTOL: 8 outers < 1.0e-05 rel)
  [menu-backtrack] confirming stop with original retry policy at outer 73
  MFCG it  73 cost=3.629892e+05 lam=2.690e-06 tau=0.00e+00 cg_it=0 shift=0 ckpt=1 alpha=0 acc mv=1669
PCG_PREP o=73 rebuild=1 drift=0 previous_depth=1
ATTR_RADIUS o=73 raw_norm=294.18123365152883 norm=294.18123365152883 radius=6681.9010377543973 next_radius=6681.9010377543973 lambda=2.6895103891987543e-06 next_lambda=2.6895103891987543e-06 rho=0.98734778362687048 accept=1
CLASSICAL_LM o=73 lambda=2.6895103891987543e-06 tau=2.6895103891987543e-06 prediction=1.0175029320754163 rho=0.98734778362687048 accept=1
O2_TRACE outer=74 stage=1 stage_attempts=67 stage_accepts=64 accepted=1 cost_stage=362988.18782885239 cost_original=362988.18782885239 target_below=0 crossing=none scored_eligible=1
  MFCG it  74 cost=3.629882e+05 lam=2.690e-06 tau=0.00e+00 cg_it=0 shift=0 ckpt=1 alpha=0 acc mv=1671
PCG_PREP o=74 rebuild=1 drift=0 previous_depth=1
ATTR_RADIUS o=74 raw_norm=294.78884654479594 norm=294.78884654479594 radius=6681.9010377543973 next_radius=6681.9010377543973 lambda=2.6895103891987543e-06 next_lambda=2.6895103891987543e-06 rho=0.98792977696186612 accept=1
CLASSICAL_LM o=74 lambda=2.6895103891987543e-06 tau=2.6895103891987543e-06 prediction=0.98154860773210795 rho=0.98792977696186612 accept=1
O2_TRACE outer=75 stage=1 stage_attempts=68 stage_accepts=65 accepted=1 cost_stage=362987.21812775527 cost_original=362987.21812775527 target_below=0 crossing=none scored_eligible=1
  MFCG it  75 cost=3.629872e+05 lam=2.690e-06 tau=0.00e+00 cg_it=0 shift=0 ckpt=1 alpha=0 acc mv=1673
PCG_PREP o=75 rebuild=1 drift=0 previous_depth=1
ATTR_RADIUS o=75 raw_norm=295.86899586838456 norm=295.86899586838456 radius=6681.9010377543973 next_radius=6681.9010377543973 lambda=2.6895103891987543e-06 next_lambda=2.6895103891987543e-06 rho=0.98848598154028844 accept=1
CLASSICAL_LM o=75 lambda=2.6895103891987543e-06 tau=2.6895103891987543e-06 prediction=0.94988252470882484 rho=0.98848598154028844 accept=1
O2_TRACE outer=76 stage=1 stage_attempts=69 stage_accepts=66 accepted=1 cost_stage=362986.27918219549 cost_original=362986.27918219549 target_below=0 crossing=none scored_eligible=1
  MFCG it  76 cost=3.629863e+05 lam=2.690e-06 tau=0.00e+00 cg_it=0 shift=0 ckpt=1 alpha=0 acc mv=1675
PCG_PREP o=76 rebuild=1 drift=0 previous_depth=1
ATTR_RADIUS o=76 raw_norm=297.3046932291453 norm=297.3046932291453 radius=6681.9010377543973 next_radius=6681.9010377543973 lambda=2.6895103891987543e-06 next_lambda=2.6895103891987543e-06 rho=0.98900822587417858 accept=1
CLASSICAL_LM o=76 lambda=2.6895103891987543e-06 tau=2.6895103891987543e-06 prediction=0.92168088754537936 rho=0.98900822587417858 accept=1
O2_TRACE outer=77 stage=1 stage_attempts=70 stage_accepts=67 accepted=1 cost_stage=362985.36763221608 cost_original=362985.36763221608 target_below=0 crossing=none scored_eligible=1
  MFCG it  77 cost=3.629854e+05 lam=2.690e-06 tau=0.00e+00 cg_it=0 shift=0 ckpt=1 alpha=0 acc mv=1677
PCG_PREP o=77 rebuild=1 drift=0 previous_depth=1
ATTR_RADIUS o=77 raw_norm=299.07998019828511 norm=299.07998019828511 radius=6681.9010377543973 next_radius=6681.9010377543973 lambda=2.6895103891987543e-06 next_lambda=2.6895103891987543e-06 rho=0.9894935824200396 accept=1
CLASSICAL_LM o=77 lambda=2.6895103891987543e-06 tau=2.6895103891987543e-06 prediction=0.89647514785121363 rho=0.9894935824200396 accept=1
O2_TRACE outer=78 stage=1 stage_attempts=71 stage_accepts=68 accepted=1 cost_stage=362984.48057581048 cost_original=362984.48057581048 target_below=0 crossing=none scored_eligible=1
  MFCG it  78 cost=3.629845e+05 lam=2.690e-06 tau=0.00e+00 cg_it=0 shift=0 ckpt=1 alpha=0 acc mv=1679
PCG_PREP o=78 rebuild=1 drift=0 previous_depth=1
ATTR_RADIUS o=78 raw_norm=301.01506482385099 norm=301.01506482385099 radius=6681.9010377543973 next_radius=6681.9010377543973 lambda=2.6895103891987543e-06 next_lambda=2.6895103891987543e-06 rho=0.98994097720412699 accept=1
CLASSICAL_LM o=78 lambda=2.6895103891987543e-06 tau=2.6895103891987543e-06 prediction=0.87363494995544544 rho=0.98994097720412699 accept=1
O2_TRACE outer=79 stage=1 stage_attempts=72 stage_accepts=69 accepted=1 cost_stage=362983.6157287744 cost_original=362983.6157287744 target_below=0 crossing=none scored_eligible=1
  MFCG it  79 cost=3.629836e+05 lam=2.690e-06 tau=0.00e+00 cg_it=0 shift=0 ckpt=1 alpha=0 acc mv=1681
PCG_PREP o=79 rebuild=1 drift=0 previous_depth=1
ATTR_RADIUS o=79 raw_norm=303.02266701094652 norm=303.02266701094652 radius=6681.9010377543973 next_radius=6681.9010377543973 lambda=2.6895103891987543e-06 next_lambda=2.6895103891987543e-06 rho=0.99035635639112174 accept=1
CLASSICAL_LM o=79 lambda=2.6895103891987543e-06 tau=2.6895103891987543e-06 prediction=0.85275231548606933 rho=0.99035635639112174 accept=1
O2_TRACE outer=80 stage=1 stage_attempts=73 stage_accepts=70 accepted=1 cost_stage=362982.77120009833 cost_original=362982.77120009833 target_below=0 crossing=none scored_eligible=1
  MFCG it  80 cost=3.629828e+05 lam=2.690e-06 tau=0.00e+00 cg_it=0 shift=0 ckpt=1 alpha=0 acc mv=1683
PCG_PREP o=80 rebuild=1 drift=0 previous_depth=1
ATTR_RADIUS o=80 raw_norm=305.18913155071283 norm=305.18913155071283 radius=6681.9010377543973 next_radius=6681.9010377543973 lambda=2.6895103891987543e-06 next_lambda=2.6895103891987543e-06 rho=0.99073739750233214 accept=1
CLASSICAL_LM o=80 lambda=2.6895103891987543e-06 tau=2.6895103891987543e-06 prediction=0.83376360257099746 rho=0.99073739750233214 accept=1
O2_TRACE outer=81 stage=1 stage_attempts=74 stage_accepts=71 accepted=1 cost_stage=362981.94515931659 cost_original=362981.94515931659 target_below=0 crossing=none scored_eligible=1
  MFCG: converged (OCA_FTOL: 8 outers < 1.0e-05 rel)
O2_SUMMARY stage=1 transitions=5 incomplete_events=0 attempts=84 accepts=81 cost_original=362981.94515931659 full_objective_entered=1 opening_complete=1 schedule_complete=1
  MFCG: accepts=81 rejects=2 total_matvecs=1685 negcurv=1 cand_evals=83 mean_cg_per_outer=20.8
NUMERIC_REPAIR summary rebuilds=1 floor=2.6895103891987543e-06
  [retry-cache] builds=84 reuses=0
  [menu-backtrack] trials=29 rescues=29 evals=73 total_scored=156
POINT_SAFE summary calls=29 evals=27 wins=8 frozen=1560 seconds=0.071097894
  [scoring] menu_evals=83 alpha_evals=0 backtrack_evals=73 total_scored=156
RESULT algo=mfree_shifted_cg iters=81 final_cost=362981.9451593166 solve_seconds=2.256788
DIAGNOSTICS median_reproj_err_px 3.252455 -> 0.427417 | cheirality_violations(obs) 0 -> 132 | cheirality_violations(pts, of 64053) 0 -> 67
