[R10] --zero_k2: all k2 set to 0 at load
Loaded /workspace/bal/final-4585.txt: ncam=4585 npt=1324582 nobs=9125125 n=4001256
[R10] --dof9: refining f,k1 per camera (4585 cameras)
  [menu-backtrack] active=1 max_evals=8 warmup_accepts=3 confirm_stop=original armijo=1e-4
MIXED_STORAGE fragments=fp32 arithmetic=fp64 state=fp64 acceptance=fp64
  [compact-fragments] active=2 saved_bytes=949013000 storage=fp32 camera_reads=contiguous
  MFCG score_init=602872963.48933089 precision=fp64
PHASE_SWEEP o=0 mode=3 valid=1 depth=1 qualified=1 raw=0.76705016884214083 clipped=0.7594556127149914 selected=2 center=0.10000000000000001 tau=0.10000000000000001 worst_res=0.32635804444003713 eta=0.5
ATTR_RADIUS o=0 raw_norm=14571.795733413512 norm=14571.795733413514 radius=14571.795733413512 next_radius=29143.591466827023 lambda=0.10000000000000001 next_lambda=0.025000000000000001 rho=0.99783556779179994 accept=1
CLASSICAL_LM o=0 lambda=0.10000000000000001 tau=0.10000000000000001 prediction=501858581.89986831 rho=0.99783556779179994 accept=1
  MFCG it   1 cost=1.021006e+08 lam=2.500e-02 tau=0.00e+00 cg_it=0 shift=0 ckpt=1 alpha=0 acc mv=6
PHASE_SWEEP o=1 mode=3 valid=1 depth=7 qualified=1 raw=0.87249596878818803 clipped=0.87249596878818803 selected=3 center=0.025000000000000001 tau=0.025000000000000001 worst_res=0.14350131115080428 eta=0.14748479447238802
ATTR_RADIUS o=1 raw_norm=10680.705118100384 norm=10680.705118100386 radius=29143.591466827023 next_radius=29143.591466827023 lambda=0.025000000000000001 next_lambda=0.025000000000000001 rho=0.95386804874268716 accept=1
CLASSICAL_LM o=1 lambda=0.025000000000000001 tau=0.025000000000000001 prediction=76913088.522498086 rho=0.95386804874268716 accept=1
  MFCG it   2 cost=2.873568e+07 lam=2.500e-02 tau=0.00e+00 cg_it=6 shift=0 ckpt=7 alpha=0 acc mv=18
PHASE_SWEEP o=2 mode=3 valid=1 depth=19 qualified=1 raw=0.9641356306007155 clipped=0.9641356306007155 selected=2 center=0.025000000000000001 tau=0.025000000000000001 worst_res=0.089825086980218974 eta=0.090183150235829401
ATTR_RADIUS o=2 raw_norm=12167.01875993929 norm=12167.01875993929 radius=29143.591466827023 next_radius=29143.591466827023 lambda=0.025000000000000001 next_lambda=0.0025000000000000005 rho=0.85188428519237969 accept=1
CLASSICAL_LM o=2 lambda=0.025000000000000001 tau=0.025000000000000001 prediction=18031183.488067053 rho=0.85188428519237969 accept=1
  MFCG it   3 cost=1.337520e+07 lam=2.500e-03 tau=0.00e+00 cg_it=18 shift=0 ckpt=19 alpha=0 acc mv=42
PHASE_SWEEP o=3 mode=3 valid=1 depth=10 qualified=1 raw=0.79023848798517804 clipped=0.79023848798517804 selected=-1 center=0.0025000000000000005 tau=0.0025000000000000005 worst_res=0.2317433883303224 eta=0.24928121547162718
POINT_SAFE o=3 frozen=8 slope=-9037233.9708127845 candidate=9294826.5826752037 original=11490786.362900143 current=13375200.939454839 won=1 mode=1 camera_scale=1 keep_scale=0
ATTR_RADIUS o=3 raw_norm=4379.7637638744209 norm=4549.2868008539062 radius=29143.591466827023 next_radius=29143.591466827023 lambda=0.0025000000000000005 next_lambda=0.00025000000000000006 rho=0.80991377283879329 accept=1
CLASSICAL_LM o=3 lambda=0.0025000000000000005 tau=0.0025000000000000005 prediction=5038035.5213341955 rho=0.80991377283879329 accept=1
  MFCG it   4 cost=9.294827e+06 lam=2.500e-04 tau=0.00e+00 cg_it=9 shift=0 ckpt=10 alpha=0 acc mv=57
PHASE_SWEEP o=4 mode=3 valid=1 depth=4 qualified=1 raw=0.073087089114795611 clipped=0.073087089114795611 selected=-1 center=0.00025000000000000006 tau=0.00025000000000000006 worst_res=0.4255760967710322 eta=0.4842800211178685
POINT_SAFE o=4 frozen=18 slope=-2026945.8394466192 candidate=8396625.2578031626 original=9274663.8521935306 current=9294826.5826752037 won=1 mode=1 camera_scale=1 keep_scale=0
ATTR_RADIUS o=4 raw_norm=913.83428529171715 norm=849.73544432978827 radius=29143.591466827023 next_radius=29143.591466827023 lambda=0.00025000000000000006 next_lambda=2.5000000000000008e-05 rho=0.76032271090313963 accept=1
CLASSICAL_LM o=4 lambda=0.00025000000000000006 tau=0.00025000000000000006 prediction=1181342.2274406669 rho=0.76032271090313963 accept=1
  MFCG it   5 cost=8.396625e+06 lam=2.500e-05 tau=0.00e+00 cg_it=3 shift=0 ckpt=4 alpha=0 acc mv=66
PHASE_SWEEP o=5 mode=3 valid=1 depth=1 qualified=1 raw=0.0010604573991847843 clipped=0.0010604573991847843 selected=-1 center=2.5000000000000008e-05 tau=2.5000000000000008e-05 worst_res=0.44808128761586347 eta=0.5
POINT_SAFE o=5 frozen=33 slope=-216405.21866640268 candidate=8292248.5700690225 original=8251392.5282779289 current=8396625.2578031626 won=0 mode=1 camera_scale=1 keep_scale=0
ATTR_RADIUS o=5 raw_norm=176.18916125867619 norm=22.000521258837413 radius=29143.591466827023 next_radius=29143.591466827023 lambda=2.5000000000000008e-05 next_lambda=2.5000000000000011e-06 rho=0.52001709176636213 accept=1
CLASSICAL_LM o=5 lambda=2.5000000000000008e-05 tau=2.5000000000000008e-05 prediction=279284.53088323696 rho=0.52001709176636213 accept=1
  MFCG it   6 cost=8.251393e+06 lam=2.500e-06 tau=0.00e+00 cg_it=0 shift=0 ckpt=1 alpha=0 acc mv=72
PHASE_SWEEP o=6 mode=3 valid=1 depth=15 qualified=1 raw=0.013942428233491025 clipped=0.013942428233491025 selected=-1 center=2.5000000000000011e-06 tau=2.5000000000000011e-06 worst_res=0.46367568635760892 eta=0.5
POINT_SAFE o=6 frozen=192 slope=-373090.2991703446 candidate=9378267.4870704077 original=8159288.9463640889 current=8251392.5282779289 won=0 mode=1 camera_scale=1 keep_scale=0
ATTR_RADIUS o=6 raw_norm=4806.3636979518633 norm=300.43946380114818 radius=29143.591466827023 next_radius=29143.591466827023 lambda=2.5000000000000011e-06 next_lambda=2.5000000000000009e-07 rho=0.59111281157155859 accept=1
CLASSICAL_LM o=6 lambda=2.5000000000000011e-06 tau=2.5000000000000011e-06 prediction=155813.88207264428 rho=0.59111281157155859 accept=1
  MFCG it   7 cost=8.159289e+06 lam=2.500e-07 tau=0.00e+00 cg_it=14 shift=0 ckpt=15 alpha=0 acc mv=92
PHASE_SWEEP o=7 mode=3 valid=1 depth=28 qualified=1 raw=0.0036050891083805677 clipped=0.0036050891083805677 selected=-1 center=2.5000000000000009e-07 tau=2.5000000000000009e-07 worst_res=0.49390566079630466 eta=0.5
POINT_SAFE o=7 frozen=281 slope=-1077141.6213386357 candidate=8961014.6865375396 original=8093642.5535133788 current=8159288.9463640889 won=0 mode=1 camera_scale=1 keep_scale=0
ATTR_RADIUS o=7 raw_norm=8324.5996063647126 norm=259.23033245777594 radius=29143.591466827023 next_radius=29143.591466827023 lambda=2.5000000000000009e-07 next_lambda=2.5000000000000012e-08 rho=0.8251280659358784 accept=1
CLASSICAL_LM o=7 lambda=2.5000000000000009e-07 tau=2.5000000000000009e-07 prediction=79559.035210191883 rho=0.8251280659358784 accept=1
PHASE_HANDOVER outer=8 reason=opening_cap flat_streak=0 accepted=8
  MFCG it   8 cost=8.093643e+06 lam=2.500e-08 tau=0.00e+00 cg_it=27 shift=0 ckpt=28 alpha=0 acc mv=125
PCG_PREP o=8 rebuild=1 drift=0 previous_depth=0
POINT_SAFE o=8 frozen=3165 slope=-361578.24283601629 candidate=7897587.3361368962 original=8071371.5052542211 current=8093642.5535133788 won=1 mode=1 camera_scale=1 keep_scale=0
ATTR_RADIUS o=8 raw_norm=326386.36797433626 norm=29143.591466827012 radius=29143.591466827023 next_radius=58287.182933654047 lambda=2.5000000000000012e-08 next_lambda=6.250000000000003e-09 rho=0.86652665083770308 accept=1
CLASSICAL_LM o=8 lambda=2.5000000000000012e-08 tau=2.5000000000000012e-08 prediction=226254.1113847438 rho=0.86652665083770308 accept=1
  MFCG it   9 cost=7.897587e+06 lam=6.250e-09 tau=0.00e+00 cg_it=1 shift=0 ckpt=2 alpha=0 acc mv=128
PCG_PREP o=9 rebuild=1 drift=0 previous_depth=2
POINT_SAFE o=9 frozen=2085 slope=-155630.42642608058 candidate=7952873.5729586808 original=7867588.9967190605 current=7897587.3361368962 won=0 mode=1 camera_scale=1 keep_scale=0
ATTR_RADIUS o=9 raw_norm=518127.27627222351 norm=3642.9489333533784 radius=58287.182933654047 next_radius=58287.182933654047 lambda=6.250000000000003e-09 next_lambda=6.2500000000000032e-10 rho=0.27485009413897205 accept=1
CLASSICAL_LM o=9 lambda=6.250000000000003e-09 tau=6.250000000000003e-09 prediction=109144.36653846545 rho=0.27485009413897205 accept=1
  MFCG it  10 cost=7.867589e+06 lam=6.250e-10 tau=0.00e+00 cg_it=4 shift=0 ckpt=5 alpha=0 acc mv=134
PCG_PREP o=10 rebuild=1 drift=0 previous_depth=5
POINT_SAFE o=10 frozen=2096 slope=-131604.58067358512 candidate=7852833.9545825282 original=7861447.8033675933 current=7867588.9967190605 won=1 mode=1 camera_scale=1 keep_scale=0
ATTR_RADIUS o=10 raw_norm=591951.3692084552 norm=58287.182933654047 radius=58287.182933654047 next_radius=14571.795733413512 lambda=6.2500000000000032e-10 next_lambda=1.0000000000000005e-08 rho=0.13833930625382443 accept=1
CLASSICAL_LM o=10 lambda=6.2500000000000032e-10 tau=6.2500000000000032e-10 prediction=106658.34993750625 rho=0.13833930625382443 accept=1
  MFCG it  11 cost=7.852834e+06 lam=1.000e-08 tau=0.00e+00 cg_it=3 shift=0 ckpt=4 alpha=0 acc mv=139
PCG_PREP o=11 rebuild=1 drift=0 previous_depth=4
POINT_SAFE o=11 frozen=145 slope=-90620.570113084075 candidate=7800630.6654784316 original=7848202.6773007009 current=7852833.9545825282 won=1 mode=1 camera_scale=1 keep_scale=0
ATTR_RADIUS o=11 raw_norm=409265.00007701141 norm=14571.795733413521 radius=14571.795733413512 next_radius=29143.591466827023 lambda=1.0000000000000005e-08 next_lambda=2.5000000000000013e-09 rho=0.9433426385229432 accept=1
CLASSICAL_LM o=11 lambda=1.0000000000000005e-08 tau=1.0000000000000005e-08 prediction=55338.629859702822 rho=0.9433426385229432 accept=1
  MFCG it  12 cost=7.800631e+06 lam=2.500e-09 tau=0.00e+00 cg_it=2 shift=0 ckpt=3 alpha=0 acc mv=143
PCG_PREP o=12 rebuild=1 drift=0 previous_depth=3
POINT_SAFE o=12 frozen=1689 slope=-36582.946595117312 candidate=7776323.2400726816 original=7796510.5638269326 current=7800630.6654784316 won=1 mode=1 camera_scale=1 keep_scale=0
ATTR_RADIUS o=12 raw_norm=469785.48459179484 norm=29143.591466827038 radius=29143.591466827023 next_radius=29143.591466827023 lambda=2.5000000000000013e-09 next_lambda=2.5000000000000013e-09 rho=0.7177870127478212 accept=1
CLASSICAL_LM o=12 lambda=2.5000000000000013e-09 tau=2.5000000000000013e-09 prediction=33864.398455325543 rho=0.7177870127478212 accept=1
  MFCG it  13 cost=7.776323e+06 lam=2.500e-09 tau=0.00e+00 cg_it=2 shift=0 ckpt=3 alpha=0 acc mv=147
PCG_PREP o=13 rebuild=1 drift=0 previous_depth=3
POINT_SAFE o=13 frozen=634 slope=-44741.99630023686 candidate=7744022.131746226 original=7772917.6673946464 current=7776323.2400726816 won=1 mode=1 camera_scale=1 keep_scale=0
ATTR_RADIUS o=13 raw_norm=425259.20746569586 norm=29143.59146682702 radius=29143.591466827023 next_radius=58287.182933654047 lambda=2.5000000000000013e-09 next_lambda=6.2500000000000032e-10 rho=0.79206456600772757 accept=1
CLASSICAL_LM o=13 lambda=2.5000000000000013e-09 tau=2.5000000000000013e-09 prediction=40780.903114078254 rho=0.79206456600772757 accept=1
  MFCG it  14 cost=7.744022e+06 lam=6.250e-10 tau=0.00e+00 cg_it=2 shift=0 ckpt=3 alpha=0 acc mv=151
PCG_PREP o=14 rebuild=1 drift=0 previous_depth=3
POINT_SAFE o=14 frozen=3337 slope=-278906.26166223577 candidate=7669187.9342374345 original=7741404.7271179007 current=7744022.131746226 won=1 mode=1 camera_scale=1 keep_scale=0
ATTR_RADIUS o=14 raw_norm=345064.14672923554 norm=58287.182933654061 radius=58287.182933654047 next_radius=58287.182933654047 lambda=6.2500000000000032e-10 next_lambda=6.2500000000000032e-10 rho=0.41775831735198266 accept=1
CLASSICAL_LM o=14 lambda=6.2500000000000032e-10 tau=6.2500000000000032e-10 prediction=179132.75307871331 rho=0.41775831735198266 accept=1
  MFCG it  15 cost=7.669188e+06 lam=6.250e-10 tau=0.00e+00 cg_it=1 shift=0 ckpt=2 alpha=0 acc mv=154
PCG_PREP o=15 rebuild=1 drift=0 previous_depth=2
POINT_SAFE o=15 frozen=2639 slope=-192082.49700816078 candidate=7950257.3207465308 original=7665808.0527507905 current=7669187.9342374345 won=0 mode=1 camera_scale=1 keep_scale=0
ATTR_RADIUS o=15 raw_norm=181563.33698028245 norm=227.68430833458612 radius=58287.182933654047 next_radius=58287.182933654047 lambda=6.2500000000000032e-10 next_lambda=6.250000000000003e-11 rho=0.48161194407071273 accept=1
CLASSICAL_LM o=15 lambda=6.2500000000000032e-10 tau=6.2500000000000032e-10 prediction=7017.852294269067 rho=0.48161194407071273 accept=1
  MFCG it  16 cost=7.665808e+06 lam=6.250e-11 tau=0.00e+00 cg_it=0 shift=0 ckpt=1 alpha=0 acc mv=156
PCG_PREP o=16 rebuild=1 drift=0 previous_depth=1
POINT_SAFE o=16 frozen=2629 slope=-190446.63861083772 candidate=7918463.6540100044 original=7579873.3387449943 current=7665808.0527507905 won=0 mode=1 camera_scale=1 keep_scale=0
ATTR_RADIUS o=16 raw_norm=182717.62332389495 norm=7285.8978667067558 radius=58287.182933654047 next_radius=58287.182933654047 lambda=6.250000000000003e-11 next_lambda=6.2500000000000035e-12 rho=0.40451133292044739 accept=1
CLASSICAL_LM o=16 lambda=6.250000000000003e-11 tau=6.250000000000003e-11 prediction=212440.80699883989 rho=0.40451133292044739 accept=1
  MFCG it  17 cost=7.579873e+06 lam=6.250e-12 tau=0.00e+00 cg_it=0 shift=0 ckpt=1 alpha=0 acc mv=158
PCG_PREP o=17 rebuild=1 drift=0 previous_depth=1
POINT_SAFE o=17 frozen=2582 slope=-304961.10983270436 candidate=7686712.0671446193 original=7568477.8719637813 current=7579873.3387449943 won=0 mode=1 camera_scale=1 keep_scale=0
ATTR_RADIUS o=17 raw_norm=183072.40067392358 norm=910.73723333834425 radius=58287.182933654047 next_radius=58287.182933654047 lambda=6.2500000000000035e-12 next_lambda=6.2500000000000037e-13 rho=0.45076822118383569 accept=1
CLASSICAL_LM o=17 lambda=6.2500000000000035e-12 tau=6.2500000000000035e-12 prediction=25280.10238007786 rho=0.45076822118383569 accept=1
  MFCG it  18 cost=7.568478e+06 lam=6.250e-13 tau=0.00e+00 cg_it=0 shift=0 ckpt=1 alpha=0 acc mv=160
PCG_PREP o=18 rebuild=1 drift=0 previous_depth=1
POINT_SAFE o=18 frozen=2595 slope=-299329.37514469668 candidate=7673666.5831168955 original=7539120.8648530943 current=7568477.8719637813 won=0 mode=1 camera_scale=1 keep_scale=0
ATTR_RADIUS o=18 raw_norm=181425.52628452718 norm=3642.9489333533775 radius=58287.182933654047 next_radius=58287.182933654047 lambda=6.2500000000000037e-13 next_lambda=6.2500000000000037e-14 rho=0.30569324168104939 accept=1
CLASSICAL_LM o=18 lambda=6.2500000000000037e-13 tau=6.2500000000000037e-13 prediction=96034.203926945629 rho=0.30569324168104939 accept=1
  MFCG it  19 cost=7.539121e+06 lam=6.250e-14 tau=0.00e+00 cg_it=0 shift=0 ckpt=1 alpha=0 acc mv=162
PCG_PREP o=19 rebuild=1 drift=0 previous_depth=1
POINT_SAFE o=19 frozen=2606 slope=-303459.02727749676 candidate=7635682.1069434304 original=7537306.8251007972 current=7539120.8648530943 won=0 mode=1 camera_scale=1 keep_scale=0
ATTR_RADIUS o=19 raw_norm=167438.6674886801 norm=227.68430833458612 radius=58287.182933654047 next_radius=58287.182933654047 lambda=6.2500000000000037e-14 next_lambda=6.2500000000000041e-15 rho=0.31171725504564279 accept=1
CLASSICAL_LM o=19 lambda=6.2500000000000037e-14 tau=6.2500000000000037e-14 prediction=5819.5038065232702 rho=0.31171725504564279 accept=1
  MFCG it  20 cost=7.537307e+06 lam=6.250e-15 tau=0.00e+00 cg_it=0 shift=0 ckpt=1 alpha=0 acc mv=164
PCG_PREP o=20 rebuild=1 drift=0 previous_depth=1
POINT_SAFE o=20 frozen=2610 slope=-306329.48514836299 candidate=7634703.4032581244 original=7523875.7403043564 current=7537306.8251007972 won=0 mode=1 camera_scale=1 keep_scale=0
ATTR_RADIUS o=20 raw_norm=172840.50224191387 norm=3642.9489333533784 radius=58287.182933654047 next_radius=14571.795733413512 lambda=6.2500000000000041e-15 next_lambda=1.0000000000000007e-13 rho=0.1492319552772805 accept=1
CLASSICAL_LM o=20 lambda=6.2500000000000041e-15 tau=6.2500000000000041e-15 prediction=90001.399308111693 rho=0.1492319552772805 accept=1
  MFCG it  21 cost=7.523876e+06 lam=1.000e-13 tau=0.00e+00 cg_it=0 shift=0 ckpt=1 alpha=0 acc mv=166
PCG_PREP o=21 rebuild=1 drift=0 previous_depth=1
POINT_SAFE o=21 frozen=177 slope=-152811.61094689913 candidate=7462757.5919740722 original=7476269.0528777307 current=7523875.7403043564 won=1 mode=1 camera_scale=1 keep_scale=0
ATTR_RADIUS o=21 raw_norm=180295.98787065328 norm=14571.795733413512 radius=14571.795733413512 next_radius=14571.795733413512 lambda=1.0000000000000007e-13 next_lambda=1.0000000000000007e-13 rho=0.69235804306330684 accept=1
CLASSICAL_LM o=21 lambda=1.0000000000000007e-13 tau=1.0000000000000007e-13 prediction=88275.349644050933 rho=0.69235804306330684 accept=1
  MFCG it  22 cost=7.462758e+06 lam=1.000e-13 tau=0.00e+00 cg_it=0 shift=0 ckpt=1 alpha=0 acc mv=168
PCG_PREP o=22 rebuild=1 drift=0 previous_depth=1
POINT_SAFE o=22 frozen=816 slope=-25427.668329431122 candidate=7444331.4052045811 original=7454537.1277923491 current=7462757.5919740722 won=1 mode=1 camera_scale=1 keep_scale=0
ATTR_RADIUS o=22 raw_norm=178838.43265005542 norm=14571.795733413512 radius=14571.795733413512 next_radius=29143.591466827023 lambda=1.0000000000000007e-13 next_lambda=2.5000000000000017e-14 rho=0.79625784685735901 accept=1
CLASSICAL_LM o=22 lambda=1.0000000000000007e-13 tau=1.0000000000000007e-13 prediction=23140.979824832939 rho=0.79625784685735901 accept=1
  MFCG it  23 cost=7.444331e+06 lam=2.500e-14 tau=0.00e+00 cg_it=0 shift=0 ckpt=1 alpha=0 acc mv=170
PCG_PREP o=23 rebuild=1 drift=0 previous_depth=1
POINT_SAFE o=23 frozen=2221 slope=-36076.910662144881 candidate=7425268.2701714868 original=7420654.6401311914 current=7444331.4052045811 won=0 mode=1 camera_scale=1 keep_scale=0
ATTR_RADIUS o=23 raw_norm=204742.94851960617 norm=3642.948933353377 radius=29143.591466827023 next_radius=7285.8978667067558 lambda=2.5000000000000017e-14 next_lambda=4.0000000000000026e-13 rho=0.14242147361119106 accept=1
CLASSICAL_LM o=23 lambda=2.5000000000000017e-14 tau=2.5000000000000017e-14 prediction=166244.34836299359 rho=0.14242147361119106 accept=1
  MFCG it  24 cost=7.420655e+06 lam=4.000e-13 tau=0.00e+00 cg_it=0 shift=0 ckpt=1 alpha=0 acc mv=172
PCG_PREP o=24 rebuild=1 drift=0 previous_depth=1
POINT_SAFE o=24 frozen=101 slope=-36398.584340045018 candidate=7405667.9954158571 original=7417560.9277128577 current=7420654.6401311914 won=1 mode=1 camera_scale=1 keep_scale=0
ATTR_RADIUS o=24 raw_norm=330825.94816167629 norm=7285.8978667067577 radius=7285.8978667067558 next_radius=7285.8978667067558 lambda=4.0000000000000026e-13 next_lambda=4.0000000000000026e-13 rho=0.71480014419179116 accept=1
CLASSICAL_LM o=24 lambda=4.0000000000000026e-13 tau=4.0000000000000026e-13 prediction=20966.202703105719 rho=0.71480014419179116 accept=1
  MFCG it  25 cost=7.405668e+06 lam=4.000e-13 tau=0.00e+00 cg_it=0 shift=0 ckpt=1 alpha=0 acc mv=174
PCG_PREP o=25 rebuild=1 drift=0 previous_depth=1
POINT_SAFE o=25 frozen=328 slope=-5310.8349809036754 candidate=7401078.889267778 original=7402342.0552605558 current=7405667.9954158571 won=1 mode=1 camera_scale=1 keep_scale=0
ATTR_RADIUS o=25 raw_norm=394325.50467964355 norm=7285.8978667067577 radius=7285.8978667067558 next_radius=14571.795733413512 lambda=4.0000000000000026e-13 next_lambda=1.0000000000000007e-13 rho=0.91732676057072349 accept=1
CLASSICAL_LM o=25 lambda=4.0000000000000026e-13 tau=4.0000000000000026e-13 prediction=5002.6951630887579 rho=0.91732676057072349 accept=1
  MFCG it  26 cost=7.401079e+06 lam=1.000e-13 tau=0.00e+00 cg_it=0 shift=0 ckpt=1 alpha=0 acc mv=176
PCG_PREP o=26 rebuild=1 drift=0 previous_depth=1
POINT_SAFE o=26 frozen=1956 slope=-22158.673552381963 candidate=7385352.0579960737 original=7397283.9777772585 current=7401078.889267778 won=1 mode=1 camera_scale=1 keep_scale=0
ATTR_RADIUS o=26 raw_norm=166125.16661077552 norm=14571.79573341351 radius=14571.795733413512 next_radius=14571.795733413512 lambda=1.0000000000000007e-13 next_lambda=1.0000000000000007e-13 rho=0.7481028382374123 accept=1
CLASSICAL_LM o=26 lambda=1.0000000000000007e-13 tau=1.0000000000000007e-13 prediction=21022.285263290683 rho=0.7481028382374123 accept=1
  MFCG it  27 cost=7.385352e+06 lam=1.000e-13 tau=0.00e+00 cg_it=0 shift=0 ckpt=1 alpha=0 acc mv=178
PCG_PREP o=27 rebuild=1 drift=0 previous_depth=1
POINT_SAFE o=27 frozen=817 slope=-21674.672398034367 candidate=7369289.8964803014 original=7380993.687071301 current=7385352.0579960737 won=1 mode=1 camera_scale=1 keep_scale=0
ATTR_RADIUS o=27 raw_norm=166841.96878391711 norm=14571.795733413508 radius=14571.795733413512 next_radius=29143.591466827023 lambda=1.0000000000000007e-13 next_lambda=2.5000000000000017e-14 rho=0.78264836803782056 accept=1
CLASSICAL_LM o=27 lambda=1.0000000000000007e-13 tau=1.0000000000000007e-13 prediction=20522.832694383331 rho=0.78264836803782056 accept=1
  MFCG it  28 cost=7.369290e+06 lam=2.500e-14 tau=0.00e+00 cg_it=0 shift=0 ckpt=1 alpha=0 acc mv=180
PCG_PREP o=28 rebuild=1 drift=0 previous_depth=1
POINT_SAFE o=28 frozen=3184 slope=-44166.592949666978 candidate=7361364.5260646632 original=7362370.103964231 current=7369289.8964803014 won=1 mode=1 camera_scale=1 keep_scale=0
ATTR_RADIUS o=28 raw_norm=138743.35218751253 norm=29143.591466827016 radius=29143.591466827023 next_radius=7285.8978667067558 lambda=2.5000000000000017e-14 next_lambda=4.0000000000000026e-13 rho=0.20488591140654211 accept=1
CLASSICAL_LM o=28 lambda=2.5000000000000017e-14 tau=2.5000000000000017e-14 prediction=38681.871101973389 rho=0.20488591140654211 accept=1
  MFCG it  29 cost=7.361365e+06 lam=4.000e-13 tau=0.00e+00 cg_it=0 shift=0 ckpt=1 alpha=0 acc mv=182
PCG_PREP o=29 rebuild=1 drift=0 previous_depth=1
POINT_SAFE o=29 frozen=83 slope=-32071.028134781816 candidate=7342804.4026356637 original=7351729.5225942442 current=7361364.5260646632 won=1 mode=1 camera_scale=1 keep_scale=0
ATTR_RADIUS o=29 raw_norm=129324.30718867684 norm=7285.897866706754 radius=7285.8978667067558 next_radius=14571.795733413512 lambda=4.0000000000000026e-13 next_lambda=1.0000000000000007e-13 rho=0.87008769954089304 accept=1
CLASSICAL_LM o=29 lambda=4.0000000000000026e-13 tau=4.0000000000000026e-13 prediction=21331.324921376094 rho=0.87008769954089304 accept=1
  MFCG it  30 cost=7.342804e+06 lam=1.000e-13 tau=0.00e+00 cg_it=0 shift=0 ckpt=1 alpha=0 acc mv=184
PCG_PREP o=30 rebuild=1 drift=0 previous_depth=1
POINT_SAFE o=30 frozen=1431 slope=-20946.175670211316 candidate=7332473.0920869373 original=7332869.0205886625 current=7342804.4026356637 won=1 mode=1 camera_scale=1 keep_scale=0
ATTR_RADIUS o=30 raw_norm=122989.22576595245 norm=14571.795733413508 radius=14571.795733413512 next_radius=14571.795733413512 lambda=1.0000000000000007e-13 next_lambda=1.0000000000000007e-13 rho=0.5337013944001584 accept=1
CLASSICAL_LM o=30 lambda=1.0000000000000007e-13 tau=1.0000000000000007e-13 prediction=19357.848147161225 rho=0.5337013944001584 accept=1
  MFCG it  31 cost=7.332473e+06 lam=1.000e-13 tau=0.00e+00 cg_it=0 shift=0 ckpt=1 alpha=0 acc mv=186
PCG_PREP o=31 rebuild=1 drift=0 previous_depth=1
POINT_SAFE o=31 frozen=459 slope=-14297.150791885015 candidate=7325513.8448252296 original=7319757.3445465229 current=7332473.0920869373 won=0 mode=1 camera_scale=1 keep_scale=0
ATTR_RADIUS o=31 raw_norm=266456.89245985477 norm=455.36861666917207 radius=14571.795733413512 next_radius=14571.795733413512 lambda=1.0000000000000007e-13 next_lambda=1.0000000000000008e-14 rho=0.41061934456588434 accept=1
CLASSICAL_LM o=31 lambda=1.0000000000000007e-13 tau=1.0000000000000007e-13 prediction=30967.239387753874 rho=0.41061934456588434 accept=1
  MFCG it  32 cost=7.319757e+06 lam=1.000e-14 tau=0.00e+00 cg_it=1 shift=0 ckpt=2 alpha=0 acc mv=189
PCG_PREP o=32 rebuild=1 drift=0 previous_depth=2
POINT_SAFE o=32 frozen=525 slope=-33705.666263159001 candidate=7306964.339017204 original=7313660.5076923696 current=7319757.3445465229 won=1 mode=1 camera_scale=1 keep_scale=0
ATTR_RADIUS o=32 raw_norm=94158.346839705104 norm=14571.795733413515 radius=14571.795733413512 next_radius=14571.795733413512 lambda=1.0000000000000008e-14 next_lambda=1.0000000000000008e-14 rho=0.44064151044073058 accept=1
CLASSICAL_LM o=32 lambda=1.0000000000000008e-14 tau=1.0000000000000008e-14 prediction=29032.683544778487 rho=0.44064151044073058 accept=1
  MFCG it  33 cost=7.306964e+06 lam=1.000e-14 tau=0.00e+00 cg_it=0 shift=0 ckpt=1 alpha=0 acc mv=191
PCG_PREP o=33 rebuild=1 drift=0 previous_depth=1
POINT_SAFE o=33 frozen=673 slope=-20253.912923020998 candidate=7308910.9685927965 original=7295863.9380103154 current=7306964.339017204 won=0 mode=1 camera_scale=1 keep_scale=0
ATTR_RADIUS o=33 raw_norm=102518.54931374577 norm=455.36861666917218 radius=14571.795733413512 next_radius=14571.795733413512 lambda=1.0000000000000008e-14 next_lambda=1.0000000000000009e-15 rho=0.34276755414195598 accept=1
CLASSICAL_LM o=33 lambda=1.0000000000000008e-14 tau=1.0000000000000008e-14 prediction=32384.631721272563 rho=0.34276755414195598 accept=1
  MFCG it  34 cost=7.295864e+06 lam=1.000e-15 tau=0.00e+00 cg_it=0 shift=0 ckpt=1 alpha=0 acc mv=193
PCG_PREP o=34 rebuild=1 drift=0 previous_depth=1
POINT_SAFE o=34 frozen=677 slope=-78399.35362704398 candidate=7561253.980900649 original=7293404.9736701725 current=7295863.9380103154 won=0 mode=1 camera_scale=1 keep_scale=0
ATTR_RADIUS o=34 raw_norm=77666.422369691019 norm=227.68430833458606 radius=14571.795733413512 next_radius=3642.9489333533779 lambda=1.0000000000000009e-15 next_lambda=1.6000000000000014e-14 rho=0.14684111926266594 accept=1
CLASSICAL_LM o=34 lambda=1.0000000000000009e-15 tau=1.0000000000000009e-15 prediction=16745.747733946158 rho=0.14684111926266594 accept=1
  MFCG it  35 cost=7.293405e+06 lam=1.600e-14 tau=0.00e+00 cg_it=0 shift=0 ckpt=1 alpha=0 acc mv=195
PCG_PREP o=35 rebuild=1 drift=0 previous_depth=1
POINT_SAFE o=35 frozen=78 slope=-24482.887588047575 candidate=7283283.4833234763 original=7290749.6525530592 current=7293404.9736701725 won=1 mode=1 camera_scale=1 keep_scale=0
ATTR_RADIUS o=35 raw_norm=108936.30094041281 norm=3642.9489333533788 radius=3642.9489333533779 next_radius=3642.9489333533779 lambda=1.6000000000000014e-14 next_lambda=1.6000000000000014e-14 rho=0.66693390350974657 accept=1
CLASSICAL_LM o=35 lambda=1.6000000000000014e-14 tau=1.6000000000000014e-14 prediction=15176.152079586567 rho=0.66693390350974657 accept=1
  MFCG it  36 cost=7.283283e+06 lam=1.600e-14 tau=0.00e+00 cg_it=0 shift=0 ckpt=1 alpha=0 acc mv=197
PCG_PREP o=36 rebuild=1 drift=0 previous_depth=1
POINT_SAFE o=36 frozen=499 slope=-10232.723868211446 candidate=7279771.9890887439 original=7281805.5833558459 current=7283283.4833234763 won=1 mode=1 camera_scale=1 keep_scale=0
ATTR_RADIUS o=36 raw_norm=95257.78874441779 norm=3642.9489333533788 radius=3642.9489333533779 next_radius=3642.9489333533779 lambda=1.6000000000000014e-14 next_lambda=1.6000000000000014e-14 rho=0.34887336202575142 accept=1
CLASSICAL_LM o=36 lambda=1.6000000000000014e-14 tau=1.6000000000000014e-14 prediction=10065.240333462771 rho=0.34887336202575142 accept=1
  MFCG it  37 cost=7.279772e+06 lam=1.600e-14 tau=0.00e+00 cg_it=0 shift=0 ckpt=1 alpha=0 acc mv=199
PCG_PREP o=37 rebuild=1 drift=0 previous_depth=1
POINT_SAFE o=37 frozen=223 slope=-12045.96894839004 candidate=7278040.1361270072 original=7272814.2144303303 current=7279771.9890887439 won=0 mode=1 camera_scale=1 keep_scale=0
ATTR_RADIUS o=37 raw_norm=79618.396091782692 norm=113.84215416729303 radius=3642.9489333533779 next_radius=910.73723333834448 lambda=1.6000000000000014e-14 next_lambda=2.5600000000000022e-13 rho=0.23460123124098292 accept=1
CLASSICAL_LM o=37 lambda=1.6000000000000014e-14 tau=1.6000000000000014e-14 prediction=29657.877844922994 rho=0.23460123124098292 accept=1
  MFCG it  38 cost=7.272814e+06 lam=2.560e-13 tau=0.00e+00 cg_it=0 shift=0 ckpt=1 alpha=0 acc mv=201
PCG_PREP o=38 rebuild=1 drift=0 previous_depth=1
POINT_SAFE o=38 frozen=68 slope=-2746.8240105876762 candidate=7270585.3063723454 original=inf current=7272814.2144303303 won=1 mode=1 camera_scale=1 keep_scale=0
ATTR_RADIUS o=38 raw_norm=93887.309692362236 norm=910.73723333834459 radius=910.73723333834448 next_radius=1821.474466676689 lambda=2.5600000000000022e-13 next_lambda=6.4000000000000055e-14 rho=0.81709950222881467 accept=1
CLASSICAL_LM o=38 lambda=2.5600000000000022e-13 tau=2.5600000000000022e-13 prediction=2727.8294160075607 rho=0.81709950222881467 accept=1
  MFCG it  39 cost=7.270585e+06 lam=6.400e-14 tau=0.00e+00 cg_it=0 shift=0 ckpt=1 alpha=0 acc mv=203
PCG_PREP o=39 rebuild=1 drift=0 previous_depth=1
POINT_SAFE o=39 frozen=313 slope=-3495.9990301817202 candidate=7268728.8449394442 original=inf current=7270585.3063723454 won=1 mode=1 camera_scale=1 keep_scale=0
ATTR_RADIUS o=39 raw_norm=96295.952872904571 norm=1821.4744666766899 radius=1821.474466676689 next_radius=1821.474466676689 lambda=6.4000000000000055e-14 next_lambda=6.4000000000000055e-14 rho=0.53515836019068053 accept=1
CLASSICAL_LM o=39 lambda=6.4000000000000055e-14 tau=6.4000000000000055e-14 prediction=3468.9945462867131 rho=0.53515836019068053 accept=1
  MFCG it  40 cost=7.268729e+06 lam=6.400e-14 tau=0.00e+00 cg_it=0 shift=0 ckpt=1 alpha=0 acc mv=205
PCG_PREP o=40 rebuild=1 drift=0 previous_depth=1
POINT_SAFE o=40 frozen=169 slope=-4701.5612436123447 candidate=7265574.6712538255 original=inf current=7268728.8449394442 won=1 mode=1 camera_scale=1 keep_scale=0
ATTR_RADIUS o=40 raw_norm=96462.948701224974 norm=1821.4744666766892 radius=1821.474466676689 next_radius=1821.474466676689 lambda=6.4000000000000055e-14 next_lambda=6.4000000000000055e-14 rho=0.67658313710950513 accept=1
CLASSICAL_LM o=40 lambda=6.4000000000000055e-14 tau=6.4000000000000055e-14 prediction=4661.9159015607756 rho=0.67658313710950513 accept=1
  MFCG it  41 cost=7.265575e+06 lam=6.400e-14 tau=0.00e+00 cg_it=0 shift=0 ckpt=1 alpha=0 acc mv=207
PCG_PREP o=41 rebuild=1 drift=0 previous_depth=1
POINT_SAFE o=41 frozen=141 slope=-3460.5059706450943 candidate=7263799.3197371839 original=inf current=7265574.6712538255 won=1 mode=1 camera_scale=1 keep_scale=0
ATTR_RADIUS o=41 raw_norm=94391.606562364759 norm=1821.4744666766892 radius=1821.474466676689 next_radius=1821.474466676689 lambda=6.4000000000000055e-14 next_lambda=6.4000000000000055e-14 rho=0.51723636366555681 accept=1
CLASSICAL_LM o=41 lambda=6.4000000000000055e-14 tau=6.4000000000000055e-14 prediction=3432.3795489939926 rho=0.51723636366555681 accept=1
  MFCG it  42 cost=7.263799e+06 lam=6.400e-14 tau=0.00e+00 cg_it=0 shift=0 ckpt=1 alpha=0 acc mv=209
PCG_PREP o=42 rebuild=1 drift=0 previous_depth=1
POINT_SAFE o=42 frozen=148 slope=-4578.9716951589644 candidate=7260942.5496798083 original=inf current=7263799.3197371839 won=1 mode=1 camera_scale=1 keep_scale=0
ATTR_RADIUS o=42 raw_norm=95234.778698717681 norm=1821.4744666766899 radius=1821.474466676689 next_radius=1821.474466676689 lambda=6.4000000000000055e-14 next_lambda=6.4000000000000055e-14 rho=0.62934004663696708 accept=1
CLASSICAL_LM o=42 lambda=6.4000000000000055e-14 tau=6.4000000000000055e-14 prediction=4539.3107790317717 rho=0.62934004663696708 accept=1
  MFCG it  43 cost=7.260943e+06 lam=6.400e-14 tau=0.00e+00 cg_it=0 shift=0 ckpt=1 alpha=0 acc mv=211
PCG_PREP o=43 rebuild=1 drift=0 previous_depth=1
POINT_SAFE o=43 frozen=150 slope=-3584.8578144188123 candidate=7259146.29705799 original=inf current=7260942.5496798083 won=1 mode=1 camera_scale=1 keep_scale=0
ATTR_RADIUS o=43 raw_norm=91707.043672646236 norm=1821.4744666766887 radius=1821.474466676689 next_radius=1821.474466676689 lambda=6.4000000000000055e-14 next_lambda=6.4000000000000055e-14 rho=0.50517971162311937 accept=1
CLASSICAL_LM o=43 lambda=6.4000000000000055e-14 tau=6.4000000000000055e-14 prediction=3555.6705475108174 rho=0.50517971162311937 accept=1
  MFCG it  44 cost=7.259146e+06 lam=6.400e-14 tau=0.00e+00 cg_it=0 shift=0 ckpt=1 alpha=0 acc mv=213
PCG_PREP o=44 rebuild=1 drift=0 previous_depth=1
POINT_SAFE o=44 frozen=140 slope=-4327.4098440104044 candidate=7256509.9529173477 original=inf current=7259146.29705799 won=1 mode=1 camera_scale=1 keep_scale=0
ATTR_RADIUS o=44 raw_norm=94678.470940380575 norm=1821.4744666766887 radius=1821.474466676689 next_radius=1821.474466676689 lambda=6.4000000000000055e-14 next_lambda=6.4000000000000055e-14 rho=0.6145523727275165 accept=1
CLASSICAL_LM o=44 lambda=6.4000000000000055e-14 tau=6.4000000000000055e-14 prediction=4289.8608119299197 rho=0.6145523727275165 accept=1
  MFCG it  45 cost=7.256510e+06 lam=6.400e-14 tau=0.00e+00 cg_it=0 shift=0 ckpt=1 alpha=0 acc mv=215
PCG_PREP o=45 rebuild=1 drift=0 previous_depth=1
POINT_SAFE o=45 frozen=148 slope=-3578.0108145350837 candidate=7254757.3234168151 original=inf current=7256509.9529173477 won=1 mode=1 camera_scale=1 keep_scale=0
ATTR_RADIUS o=45 raw_norm=89945.236105523858 norm=1821.4744666766894 radius=1821.474466676689 next_radius=1821.474466676689 lambda=6.4000000000000055e-14 next_lambda=6.4000000000000055e-14 rho=0.4938432040158951 accept=1
CLASSICAL_LM o=45 lambda=6.4000000000000055e-14 tau=6.4000000000000055e-14 prediction=3548.9594395149593 rho=0.4938432040158951 accept=1
  MFCG it  46 cost=7.254757e+06 lam=6.400e-14 tau=0.00e+00 cg_it=0 shift=0 ckpt=1 alpha=0 acc mv=217
PCG_PREP o=46 rebuild=1 drift=0 previous_depth=1
POINT_SAFE o=46 frozen=141 slope=-4[R9] wrote /tmp/prism-ba-coarse/research/eta2_phase_hybrid/evidence/large/final-4585-menu_feedback-1/curve.csv
206.802566084114 candidate=7252342.9112946028 original=inf current=7254757.3234168151 won=1 mode=1 camera_scale=1 keep_scale=0
BUDGET stop=before_commit outer=46 seconds=15
  MFCG: accepts=46 rejects=0 total_matvecs=219 negcurv=0 cand_evals=79 mean_cg_per_outer=4.8
PHASE_SUMMARY mode=3 sweeps=8 failures=0 products=125 seconds=2.49378143 open=0
NUMERIC_REPAIR summary rebuilds=0 floor=9.9999999999999998e-17
  [retry-cache] builds=47 reuses=0
  [menu-backtrack] trials=44 rescues=44 evals=297 total_scored=376
POINT_SAFE summary calls=44 evals=44 wins=29 frozen=45010 seconds=2.30420386
  [scoring] menu_evals=79 alpha_evals=0 backtrack_evals=297 total_scored=376
RESULT algo=mfree_shifted_cg iters=46 final_cost=7254757.3234168151 solve_seconds=15.167066
DIAGNOSTICS median_reproj_err_px 2.572777 -> 0.543980 | cheirality_violations(obs) 176 -> 199 | cheirality_violations(pts, of 1324582) 176 -> 180
