  [menu-backtrack] active=1 max_evals=8 warmup_accepts=3 confirm_stop=original armijo=1e-4
MIXED_STORAGE fragments=fp32 arithmetic=fp64 state=fp64 acceptance=fp64
PASSENGER_CONFIG trigger=first_confirmed_ftol fresh_assembly=1 K=8 attempts=3 halvings=8 metric=fixed_joint original_radius_clip=0
  [compact-fragments] active=2 saved_bytes=171996448 storage=fp32 camera_reads=contiguous
  MFCG score_init=90993342.024340242 precision=fp64
PCG_PREP o=0 rebuild=1 drift=0 previous_depth=0
ATTR_RADIUS o=0 raw_norm=8861.1709887307625 norm=8861.1709887307625 radius=8861.1709887307625 next_radius=17722.341977461525 lambda=0.10000000000000001 next_lambda=0.025000000000000001 rho=0.99545080656082663 accept=1
CLASSICAL_LM o=0 lambda=0.10000000000000001 tau=0.10000000000000001 prediction=83412716.69905898 rho=0.99545080656082663 accept=1
  MFCG it   1 cost=7.960086e+06 lam=2.500e-02 tau=0.00e+00 cg_it=0 shift=0 ckpt=1 alpha=0 acc mv=2
PCG_PREP o=1 rebuild=1 drift=0 previous_depth=1
ATTR_RADIUS o=1 raw_norm=4659.7121206777838 norm=4659.7121206777838 radius=17722.341977461525 next_radius=17722.341977461525 lambda=0.025000000000000001 next_lambda=0.0025000000000000005 rho=0.99453896506499695 accept=1
CLASSICAL_LM o=1 lambda=0.025000000000000001 tau=0.025000000000000001 prediction=4259951.5107679721 rho=0.99453896506499695 accept=1
  MFCG it   2 cost=3.723398e+06 lam=2.500e-03 tau=0.00e+00 cg_it=4 shift=0 ckpt=5 alpha=0 acc mv=8
PCG_PREP o=2 rebuild=1 drift=0 previous_depth=5
ATTR_RADIUS o=2 raw_norm=6975.6779789561024 norm=6975.6779789561024 radius=17722.341977461525 next_radius=17722.341977461525 lambda=0.0025000000000000005 next_lambda=0.00025000000000000006 rho=0.87051061466527668 accept=1
CLASSICAL_LM o=2 lambda=0.0025000000000000005 tau=0.0025000000000000005 prediction=1234099.5580717581 rho=0.87051061466527668 accept=1
  MFCG it   3 cost=2.649101e+06 lam=2.500e-04 tau=0.00e+00 cg_it=9 shift=0 ckpt=10 alpha=0 acc mv=19
PCG_PREP o=3 rebuild=1 drift=0 previous_depth=10
ATTR_RADIUS o=3 raw_norm=10922.542500248781 norm=10922.542500248781 radius=17722.341977461525 next_radius=17722.341977461525 lambda=0.00025000000000000006 next_lambda=2.5000000000000008e-05 rho=0.71461554944872085 accept=1
CLASSICAL_LM o=3 lambda=0.00025000000000000006 tau=0.00025000000000000006 prediction=596515.31226696773 rho=0.71461554944872085 accept=1
  MFCG it   4 cost=2.222822e+06 lam=2.500e-05 tau=0.00e+00 cg_it=0 shift=0 ckpt=1 alpha=0 acc mv=21
PCG_PREP o=4 rebuild=1 drift=0 previous_depth=1
POINT_SAFE o=4 frozen=1341 slope=-336469.80089217646 candidate=2043410.2440220094 original=2072225.5985402029 current=2222822.2596005718 won=1 mode=1 camera_scale=1 keep_scale=0
ATTR_RADIUS o=4 raw_norm=25300.156643009723 norm=17722.341977461529 radius=17722.341977461525 next_radius=35444.68395492305 lambda=2.5000000000000008e-05 next_lambda=6.250000000000002e-06 rho=0.91745234752955718 accept=1
CLASSICAL_LM o=4 lambda=2.5000000000000008e-05 tau=2.5000000000000008e-05 prediction=195554.5877250942 rho=0.91745234752955718 accept=1
  MFCG it   5 cost=2.043410e+06 lam=6.250e-06 tau=0.00e+00 cg_it=1 shift=0 ckpt=2 alpha=0 acc mv=24
PCG_PREP o=5 rebuild=1 drift=0 previous_depth=2
POINT_SAFE o=5 frozen=1597 slope=-207540.63671012095 candidate=2178490.0935123907 original=2002351.4666914276 current=2043410.2440220094 won=0 mode=1 camera_scale=1 keep_scale=0
ATTR_RADIUS o=5 raw_norm=42981.157464437369 norm=4430.5854943653785 radius=35444.68395492305 next_radius=35444.68395492305 lambda=6.250000000000002e-06 next_lambda=6.2500000000000026e-07 rho=0.91572224499411581 accept=1
CLASSICAL_LM o=5 lambda=6.250000000000002e-06 tau=6.250000000000002e-06 prediction=44837.588641133894 rho=0.91572224499411581 accept=1
  MFCG it   6 cost=2.002351e+06 lam=6.250e-07 tau=0.00e+00 cg_it=7 shift=0 ckpt=8 alpha=0 acc mv=33
PCG_PREP o=6 rebuild=1 drift=0 previous_depth=8
POINT_SAFE o=6 frozen=1716 slope=-116980.1156935911 candidate=4315683.7148032095 original=1976540.3590914146 current=2002351.4666914276 won=0 mode=1 camera_scale=1 keep_scale=0
ATTR_RADIUS o=6 raw_norm=69288.17086635025 norm=8861.1709887307588 radius=35444.68395492305 next_radius=35444.68395492305 lambda=6.2500000000000026e-07 next_lambda=6.2500000000000024e-08 rho=0.44735857693668796 accept=1
CLASSICAL_LM o=6 lambda=6.2500000000000026e-07 tau=6.2500000000000026e-07 prediction=57696.686574684631 rho=0.44735857693668796 accept=1
  MFCG it   7 cost=1.976540e+06 lam=6.250e-08 tau=0.00e+00 cg_it=5 shift=0 ckpt=6 alpha=0 acc mv=40
PCG_PREP o=7 rebuild=1 drift=0 previous_depth=6
POINT_SAFE o=7 frozen=799 slope=-59440.500226779215 candidate=13412262.324095305 original=1976168.0003974382 current=1976540.3590914146 won=0 mode=1 camera_scale=1 keep_scale=0
ATTR_RADIUS o=7 raw_norm=75890.102767922595 norm=276.91159339783627 radius=35444.68395492305 next_radius=35444.68395492305 lambda=6.2500000000000024e-08 next_lambda=6.250000000000003e-09 rho=0.27987305166497822 accept=1
CLASSICAL_LM o=7 lambda=6.2500000000000024e-08 tau=6.2500000000000024e-08 prediction=1330.4556896823083 rho=0.27987305166497822 accept=1
  MFCG it   8 cost=1.976168e+06 lam=6.250e-09 tau=0.00e+00 cg_it=0 shift=0 ckpt=1 alpha=0 acc mv=42
PCG_PREP o=8 rebuild=1 drift=0 previous_depth=1
POINT_SAFE o=8 frozen=389 slope=-50202.313199796728 candidate=3335548.5006192126 original=1976057.7825633334 current=1976168.0003974382 won=0 mode=1 camera_scale=1 keep_scale=0
ATTR_RADIUS o=8 raw_norm=149340.33327598046 norm=35444.68395492305 radius=35444.68395492305 next_radius=8861.1709887307625 lambda=6.250000000000003e-09 next_lambda=1.0000000000000005e-07 rho=0.044013412633390224 accept=0
CLASSICAL_LM o=8 lambda=6.250000000000003e-09 tau=6.250000000000003e-09 prediction=2504.1874172049193 rho=0.044013412633390224 accept=0
  MFCG it   9  retry 1/8  lam=1.000e-07 tau_eff=6.250e-09  (assembly reused)
PCG_PREP o=8 rebuild=1 drift=0 previous_depth=1
POINT_SAFE o=8 frozen=167 slope=-45759.817649079851 candidate=2038618.3689480282 original=1975746.7147313126 current=1976168.0003974382 won=0 mode=1 camera_scale=1 keep_scale=0
ATTR_RADIUS o=8 raw_norm=67950.145375850931 norm=69.227898349459082 radius=8861.1709887307625 next_radius=8861.1709887307625 lambda=1.0000000000000005e-07 next_lambda=1.0000000000000005e-08 rho=0.34483653713936174 accept=1
CLASSICAL_LM o=8 lambda=1.0000000000000005e-07 tau=1.0000000000000005e-07 prediction=1221.6967193222217 rho=0.34483653713936174 accept=1
  MFCG it   9 cost=1.975747e+06 lam=1.000e-08 tau=0.00e+00 cg_it=0 shift=0 ckpt=1 alpha=0 acc mv=46
PCG_PREP o=9 rebuild=1 drift=0 previous_depth=1
POINT_SAFE o=9 frozen=115 slope=-42881.560280438665 candidate=1978159.3061315655 original=1975625.8268161828 current=1975746.7147313126 won=0 mode=1 camera_scale=1 keep_scale=0
ATTR_RADIUS o=9 raw_norm=125603.94777320576 norm=69.227898349459096 radius=8861.1709887307625 next_radius=2215.2927471826906 lambda=1.0000000000000005e-08 next_lambda=1.6000000000000008e-07 rho=0.10087157147303508 accept=1
CLASSICAL_LM o=9 lambda=1.0000000000000005e-08 tau=1.0000000000000005e-08 prediction=1198.4339429280033 rho=0.10087157147303508 accept=1
  MFCG it  10 cost=1.975626e+06 lam=1.600e-07 tau=0.00e+00 cg_it=0 shift=0 ckpt=1 alpha=0 acc mv=48
PCG_PREP o=10 rebuild=1 drift=0 previous_depth=1
POINT_SAFE o=10 frozen=47 slope=-40814.992152949817 candidate=1958855.3873711559 original=1975169.3012673068 current=1975625.8268161828 won=1 mode=1 camera_scale=1 keep_scale=0
ATTR_RADIUS o=10 raw_norm=60880.564337496886 norm=2215.2927471826906 radius=2215.2927471826906 next_radius=4430.5854943653812 lambda=1.6000000000000008e-07 next_lambda=4.0000000000000021e-08 rho=0.79373845022633882 accept=1
CLASSICAL_LM o=10 lambda=1.6000000000000008e-07 tau=1.6000000000000008e-07 prediction=21128.420124090921 rho=0.79373845022633882 accept=1
  MFCG it  11 cost=1.958855e+06 lam=4.000e-08 tau=0.00e+00 cg_it=0 shift=0 ckpt=1 alpha=0 acc mv=50
PCG_PREP o=11 rebuild=1 drift=0 previous_depth=1
POINT_SAFE o=11 frozen=556 slope=-7054.7146058380122 candidate=1962464.9335984122 original=1958685.6238751595 current=1958855.3873711559 won=0 mode=1 camera_scale=1 keep_scale=0
ATTR_RADIUS o=11 raw_norm=84251.390811558638 norm=4430.5854943653812 radius=4430.5854943653812 next_radius=1107.6463735913453 lambda=4.0000000000000021e-08 next_lambda=6.4000000000000033e-07 rho=0.092386542697007801 accept=0
CLASSICAL_LM o=11 lambda=4.0000000000000021e-08 tau=4.0000000000000021e-08 prediction=1837.534894590875 rho=0.092386542697007801 accept=0
  MFCG it  12  retry 1/8  lam=6.400e-07 tau_eff=4.000e-08  (assembly reused)
PCG_PREP o=11 rebuild=1 drift=0 previous_depth=1
POINT_SAFE o=11 frozen=272 slope=-6026.9197346503006 candidate=1956616.776885018 original=1958734.5928543122 current=1958855.3873711559 won=1 mode=1 camera_scale=1 keep_scale=0
ATTR_RADIUS o=11 raw_norm=37591.873256530205 norm=1107.6463735913451 radius=1107.6463735913453 next_radius=1107.6463735913453 lambda=6.4000000000000033e-07 next_lambda=6.4000000000000033e-07 rho=0.60928808202694829 accept=1
CLASSICAL_LM o=11 lambda=6.4000000000000033e-07 tau=6.4000000000000033e-07 prediction=3674.1412677737258 rho=0.60928808202694829 accept=1
  MFCG it  12 cost=1.956617e+06 lam=6.400e-07 tau=0.00e+00 cg_it=0 shift=0 ckpt=1 alpha=0 acc mv=54
PCG_PREP o=12 rebuild=1 drift=0 previous_depth=1
POINT_SAFE o=12 frozen=219 slope=-3156.6305410413993 candidate=1955476.2472610862 original=1956317.0619684667 current=1956616.776885018 won=1 mode=1 camera_scale=1 keep_scale=0
ATTR_RADIUS o=12 raw_norm=37518.702517448939 norm=1107.6463735913451 radius=1107.6463735913453 next_radius=1107.6463735913453 lambda=6.4000000000000033e-07 next_lambda=6.4000000000000033e-07 rho=0.51460317249494614 accept=1
CLASSICAL_LM o=12 lambda=6.4000000000000033e-07 tau=6.4000000000000033e-07 prediction=2216.3283961156312 rho=0.51460317249494614 accept=1
  MFCG it  13 cost=1.955476e+06 lam=6.400e-07 tau=0.00e+00 cg_it=0 shift=0 ckpt=1 alpha=0 acc mv=56
PCG_PREP o=13 rebuild=1 drift=0 previous_depth=1
POINT_SAFE o=13 frozen=198 slope=-2387.4221532377169 candidate=1954662.4019075031 original=1954988.1903893417 current=1955476.2472610862 won=1 mode=1 camera_scale=1 keep_scale=0
ATTR_RADIUS o=13 raw_norm=37454.72766659443 norm=1107.6463735913455 radius=1107.6463735913453 next_radius=1107.6463735913453 lambda=6.4000000000000033e-07 next_lambda=6.4000000000000033e-07 rho=0.44672512557112193 accept=1
CLASSICAL_LM o=13 lambda=6.4000000000000033e-07 tau=6.4000000000000033e-07 prediction=1821.8034021315343 rho=0.44672512557112193 accept=1
  MFCG it  14 cost=1.954662e+06 lam=6.400e-07 tau=0.00e+00 cg_it=0 shift=0 ckpt=1 alpha=0 acc mv=58
PCG_PREP o=14 rebuild=1 drift=0 previous_depth=1
POINT_SAFE o=14 frozen=164 slope=-1789.498926835369 candidate=1953932.4168523673 original=1954000.1695754102 current=1954662.4019075031 won=1 mode=1 camera_scale=1 keep_scale=0
ATTR_RADIUS o=14 raw_norm=37244.377886709153 norm=1107.6463735913451 radius=1107.6463735913453 next_radius=1107.6463735913453 lambda=6.4000000000000033e-07 next_lambda=6.4000000000000033e-07 rho=0.45940236204047896 accept=1
CLASSICAL_LM o=14 lambda=6.4000000000000033e-07 tau=6.4000000000000033e-07 prediction=1588.9884673067381 rho=0.45940236204047896 accept=1
  MFCG it  15 cost=1.953932e+06 lam=6.400e-07 tau=0.00e+00 cg_it=0 shift=0 ckpt=1 alpha=0 acc mv=60
PCG_PREP o=15 rebuild=1 drift=0 previous_depth=1
POINT_SAFE o=15 frozen=165 slope=-1543.896841585648 candidate=1953147.4633889014 original=1953113.0297503464 current=1953932.4168523673 won=0 mode=1 camera_scale=1 keep_scale=0
ATTR_RADIUS o=15 raw_norm=36939.361436157138 norm=17.30697458736477 radius=1107.6463735913453 next_radius=1107.6463735913453 lambda=6.4000000000000033e-07 next_lambda=6.400000000000003e-08 rho=0.46779979833306434 accept=1
CLASSICAL_LM o=15 lambda=6.4000000000000033e-07 tau=6.4000000000000033e-07 prediction=1751.5764327831471 rho=0.46779979833306434 accept=1
  MFCG it  16 cost=1.953113e+06 lam=6.400e-08 tau=0.00e+00 cg_it=0 shift=0 ckpt=1 alpha=0 acc mv=62
PCG_PREP o=16 rebuild=1 drift=0 previous_depth=1
POINT_SAFE o=16 frozen=122 slope=-968.98757394918266 candidate=1953523.4220251183 original=inf current=1953113.0297503464 won=0 mode=1 camera_scale=1 keep_scale=0
ATTR_RADIUS o=16 raw_norm=69087.703843794472 norm=1107.6463735913455 radius=1107.6463735913453 next_radius=276.91159339783633 lambda=6.400000000000003e-08 next_lambda=1.0240000000000005e-06 rho=-1 accept=0
CLASSICAL_LM o=16 lambda=6.400000000000003e-08 tau=6.400000000000003e-08 prediction=830.6349832621878 rho=-1 accept=0
  MFCG it  17  retry 1/8  lam=1.024e-06 tau_eff=6.400e-08  (assembly reused)
PCG_PREP o=16 rebuild=1 drift=0 previous_depth=1
POINT_SAFE o=16 frozen=54 slope=-667.78644976856253 candidate=1952715.4950267042 original=inf current=1953113.0297503464 won=1 mode=1 camera_scale=1 keep_scale=0
ATTR_RADIUS o=16 raw_norm=29713.182486468191 norm=276.91159339783633 radius=276.91159339783633 next_radius=276.91159339783633 lambda=1.0240000000000005e-06 next_lambda=1.0240000000000005e-06 rho=0.74804475020159122 accept=1
CLASSICAL_LM o=16 lambda=1.0240000000000005e-06 tau=1.0240000000000005e-06 prediction=531.43174059459704 rho=0.74804475020159122 accept=1
  MFCG it  17 cost=1.952715e+06 lam=1.024e-06 tau=0.00e+00 cg_it=0 shift=0 ckpt=1 alpha=0 acc mv=66
PCG_PREP o=17 rebuild=1 drift=0 previous_depth=1
POINT_SAFE o=17 frozen=251 slope=-454.27986880490073 candidate=1952332.7439940104 original=1952673.8075777211 current=1952715.4950267042 won=1 mode=1 camera_scale=1 keep_scale=0
ATTR_RADIUS o=17 raw_norm=29978.640075289306 norm=276.91159339783627 radius=276.91159339783633 next_radius=553.82318679567265 lambda=1.0240000000000005e-06 next_lambda=2.5600000000000012e-07 rho=0.91155355264454663 accept=1
CLASSICAL_LM o=17 lambda=1.0240000000000005e-06 tau=1.0240000000000005e-06 prediction=419.88869615324518 rho=0.91155355264454663 accept=1
  MFCG it  18 cost=1.952333e+06 lam=2.560e-07 tau=0.00e+00 cg_it=0 shift=0 ckpt=1 alpha=0 acc mv=68
PCG_PREP o=18 rebuild=1 drift=0 previous_depth=1
POINT_SAFE o=18 frozen=427 slope=-483.49928095681639 candidate=1952019.1686376089 original=1952181.5148499922 current=1952332.7439940104 won=1 mode=1 camera_scale=1 keep_scale=0
ATTR_RADIUS o=18 raw_norm=49323.737133096518 norm=553.82318679567254 radius=553.82318679567265 next_radius=553.82318679567265 lambda=2.5600000000000012e-07 next_lambda=2.5600000000000012e-07 rho=0.65740511384339118 accept=1
CLASSICAL_LM o=18 lambda=2.5600000000000012e-07 tau=2.5600000000000012e-07 prediction=476.98953019736297 rho=0.65740511384339118 accept=1
  MFCG it  19 cost=1.952019e+06 lam=2.560e-07 tau=0.00e+00 cg_it=0 shift=0 ckpt=1 alpha=0 acc mv=70
PCG_PREP o=19 rebuild=1 drift=0 previous_depth=1
POINT_SAFE o=19 frozen=281 slope=-476.01112107260406 candidate=1951700.971264072 original=1951886.7964881929 current=1952019.1686376089 won=1 mode=1 camera_scale=1 keep_scale=0
ATTR_RADIUS o=19 raw_norm=49186.930003139008 norm=553.82318679567265 radius=553.82318679567265 next_radius=553.82318679567265 lambda=2.5600000000000012e-07 next_lambda=2.5600000000000012e-07 rho=0.67449546538230309 accept=1
CLASSICAL_LM o=19 lambda=2.5600000000000012e-07 tau=2.5600000000000012e-07 prediction=471.75613457464419 rho=0.67449546538230309 accept=1
  MFCG it  20 cost=1.951701e+06 lam=2.560e-07 tau=0.00e+00 cg_it=0 shift=0 ckpt=1 alpha=0 acc mv=72
PCG_PREP o=20 rebuild=1 drift=0 previous_depth=1
POINT_SAFE o=20 frozen=164 slope=-471.51882106218022 candidate=1951383.9142268265 original=1951396.1053672188 current=1951700.971264072 won=1 mode=1 camera_scale=1 keep_scale=0
ATTR_RADIUS o=20 raw_norm=49075.758063265777 norm=553.82318679567243 radius=553.82318679567265 next_radius=553.82318679567265 lambda=2.5600000000000012e-07 next_lambda=2.5600000000000012e-07 rho=0.67731624269235835 accept=1
CLASSICAL_LM o=20 lambda=2.5600000000000012e-07 tau=2.5600000000000012e-07 prediction=468.10783096706518 rho=0.67731624269235835 accept=1
  MFCG it  21 cost=1.951384e+06 lam=2.560e-07 tau=0.00e+00 cg_it=0 shift=0 ckpt=1 alpha=0 acc mv=74
PCG_PREP o=21 rebuild=1 drift=0 previous_depth=1
POINT_SAFE o=21 frozen=269 slope=-469.15215031027986 candidate=1951064.9890862105 original=1950974.2405786298 current=1951383.9142268265 won=0 mode=1 camera_scale=1 keep_scale=0
ATTR_RADIUS o=21 raw_norm=48892.947748316663 norm=4.3267436468411935 radius=553.82318679567265 next_radius=553.82318679567265 lambda=2.5600000000000012e-07 next_lambda=2.5600000000000014e-08 rho=0.47627344691827678 accept=1
CLASSICAL_LM o=21 lambda=2.5600000000000012e-07 tau=2.5600000000000012e-07 prediction=860.16478736643421 rho=0.47627344691827678 accept=1
  MFCG it  22 cost=1.950974e+06 lam=2.560e-08 tau=0.00e+00 cg_it=0 shift=0 ckpt=1 alpha=0 acc mv=76
PCG_PREP o=22 rebuild=1 drift=0 previous_depth=1
POINT_SAFE o=22 frozen=100 slope=-219.52276116225462 candidate=1958660.0070259615 original=inf current=1950974.2405786298 won=0 mode=1 camera_scale=1 keep_scale=0
ATTR_RADIUS o=22 raw_norm=107765.46869388116 norm=553.82318679567265 radius=553.82318679567265 next_radius=138.45579669891816 lambda=2.5600000000000014e-08 next_lambda=4.0960000000000023e-07 rho=-1 accept=0
CLASSICAL_LM o=22 lambda=2.5600000000000014e-08 tau=2.5600000000000014e-08 prediction=218.13746541900935 rho=-1 accept=0
  MFCG it  23  retry 1/8  lam=4.096e-07 tau_eff=2.560e-08  (assembly reused)
PCG_PREP o=22 rebuild=1 drift=0 previous_depth=1
POINT_SAFE o=22 frozen=55 slope=-140.47224095670759 candidate=1950912.4254236445 original=inf current=1950974.2405786298 won=1 mode=1 camera_scale=1 keep_scale=0
ATTR_RADIUS o=22 raw_norm=41641.165040446947 norm=138.45579669891808 radius=138.45579669891816 next_radius=138.45579669891816 lambda=4.0960000000000023e-07 next_lambda=4.0960000000000023e-07 rho=0.44347242138009463 accept=1
CLASSICAL_LM o=22 lambda=4.0960000000000023e-07 tau=4.0960000000000023e-07 prediction=139.38894958320506 rho=0.44347242138009463 accept=1
  MFCG it  23 cost=1.950912e+06 lam=4.096e-07 tau=0.00e+00 cg_it=0 shift=0 ckpt=1 alpha=0 acc mv=80
PCG_PREP o=23 rebuild=1 drift=0 previous_depth=1
POINT_SAFE o=23 frozen=251 slope=-136.28109440086385 candidate=1950786.7739294523 original=inf current=1950912.4254236445 won=1 mode=1 camera_scale=1 keep_scale=0
ATTR_RADIUS o=23 raw_norm=41740.621233748549 norm=138.45579669891814 radius=138.45579669891816 next_radius=276.91159339783633 lambda=4.0960000000000023e-07 next_lambda=1.0240000000000006e-07 rho=0.92373566213597391 accept=1
CLASSICAL_LM o=23 lambda=4.0960000000000023e-07 tau=4.0960000000000023e-07 prediction=136.02537970835257 rho=0.92373566213597391 accept=1
  MFCG it  24 cost=1.950787e+06 lam=1.024e-07 tau=0.00e+00 cg_it=0 shift=0 ckpt=1 alpha=0 acc mv=82
PCG_PREP o=24 rebuild=1 drift=0 previous_depth=1
POINT_SAFE o=24 frozen=329 slope=-184.64920070189055 candidate=1950638.132384965 original=1950774.7107861568 current=1950786.7739294523 won=1 mode=1 camera_scale=1 keep_scale=0
ATTR_RADIUS o=24 raw_norm=62228.758350654578 norm=276.91159339783638 radius=276.91159339783633 next_radius=553.82318679567265 lambda=1.0240000000000006e-07 next_lambda=2.5600000000000014e-08 rho=0.80703899318625072 accept=1
CLASSICAL_LM o=24 lambda=1.0240000000000006e-07 tau=1.0240000000000006e-07 prediction=184.18136638042645 rho=0.80703899318625072 accept=1
  MFCG it  25 cost=1.950638e+06 lam=2.560e-08 tau=0.00e+00 cg_it=0 shift=0 ckpt=1 alpha=0 acc mv=84
PCG_PREP o=25 rebuild=1 drift=0 previous_depth=1
POINT_SAFE o=25 frozen=473 slope=-273.80975389209914 candidate=1950456.9442667866 original=1950517.7340490574 current=1950638.132384965 won=1 mode=1 camera_scale=1 keep_scale=0
ATTR_RADIUS o=25 raw_norm=84237.505659364731 norm=553.82318679567277 radius=553.82318679567265 next_radius=553.82318679567265 lambda=2.5600000000000014e-08 next_lambda=2.5600000000000014e-08 rho=0.66437670464778809 accept=1
CLASSICAL_LM o=25 lambda=2.5600000000000014e-08 tau=2.5600000000000014e-08 prediction=272.71895132815092 rho=0.66437670464778809 accept=1
  MFCG it  26 cost=1.950457e+06 lam=2.560e-08 tau=0.00e+00 cg_it=0 shift=0 ckpt=1 alpha=0 acc mv=86
PCG_PREP o=26 rebuild=1 drift=0 previous_depth=1
POINT_SAFE o=26 frozen=195 slope=-269.11259117405717 candidate=1950281.6296341775 original=1950427.1732912622 current=1950456.9442667866 won=1 mode=1 camera_scale=1 keep_scale=0
ATTR_RADIUS o=26 raw_norm=85010.898438673801 norm=553.82318679567277 radius=553.82318679567265 next_radius=553.82318679567265 lambda=2.5600000000000014e-08 next_lambda=2.5600000000000014e-08 rho=0.65402251444494652 accept=1
CLASSICAL_LM o=26 lambda=2.5600000000000014e-08 tau=2.5600000000000014e-08 prediction=268.05595944629874 rho=0.65402251444494652 accept=1
  MFCG it  27 cost=1.950282e+06 lam=2.560e-08 tau=0.00e+00 cg_it=0 shift=0 ckpt=1 alpha=0 acc mv=88
PCG_PREP o=27 rebuild=1 drift=0 previous_depth=1
POINT_SAFE o=27 frozen=255 slope=-259.57593934735257 candidate=1950106.9198265427 original=1950045.5327361394 current=1950281.6296341775 won=0 mode=1 camera_scale=1 keep_scale=0
ATTR_RADIUS o=27 raw_norm=87710.588088220713 norm=4.3267436468411908 radius=553.82318679567265 next_radius=553.82318679567265 lambda=2.5600000000000014e-08 next_lambda=2.5600000000000015e-09 rho=0.2764162608390523 accept=1
CLASSICAL_LM o=27 lambda=2.5600000000000014e-08 tau=2.5600000000000014e-08 prediction=854.13534399716173 rho=0.2764162608390523 accept=1
  MFCG it  28 cost=1.950046e+06 lam=2.560e-09 tau=0.00e+00 cg_it=0 shift=0 ckpt=1 alpha=0 acc mv=90
PCG_PREP o=28 rebuild=1 drift=0 previous_depth=1
POINT_SAFE o=28 frozen=85 slope=-141.15991320464821 candidate=1949928.4134695495 original=inf current=1950045.5327361394 won=1 mode=1 camera_scale=1 keep_scale=0
ATTR_RADIUS o=28 raw_norm=163768.04192086056 norm=553.82318679567288 radius=553.82318679567265 next_radius=1107.6463735913453 lambda=2.5600000000000015e-09 next_lambda=6.4000000000000037e-10 rho=0.83250395795267729 accept=1
CLASSICAL_LM o=28 lambda=2.5600000000000015e-09 tau=2.5600000000000015e-09 prediction=140.68313486207856 rho=0.83250395795267729 accept=1
  MFCG it  29 cost=1.949928e+06 lam=6.400e-10 tau=0.00e+00 cg_it=0 shift=0 ckpt=1 alpha=0 acc mv=92
PCG_PREP o=29 rebuild=1 drift=0 previous_depth=1
NUMERIC_REPAIR o=29 lambda=6.4000000000000037e-10 rayleigh=-4.4212928841273836e-07 next_lambda=1.7710771536509534e-06 cg=1 rebuild=1
PCG_PREP o=29 rebuild=1 drift=0 previous_depth=1
POINT_SAFE o=29 frozen=1080 slope=-1966.379940087973 candidate=1948456.9190317239 original=inf current=1949928.4134695495 won=1 mode=1 camera_scale=1 keep_scale=0
ATTR_RADIUS o=29 raw_norm=22903.065071911002 norm=1107.6463735913455 radius=1107.6463735913453 next_radius=2215.2927471826906 lambda=1.7710771536509534e-06 next_lambda=1.7710771536509534e-06 rho=0.77981161858682824 accept=1
CLASSICAL_LM o=29 lambda=1.7710771536509534e-06 tau=1.7710771536509534e-06 prediction=1886.9870655329169 rho=0.77981161858682824 accept=1
  MFCG it  30 cost=1.948457e+06 lam=1.771e-06 tau=0.00e+00 cg_it=0 shift=0 ckpt=1 alpha=0 acc mv=96
PCG_PREP o=30 rebuild=1 drift=0 previous_depth=1
POINT_SAFE o=30 frozen=571 slope=-3718.7809770261642 candidate=1946642.0652181355 original=1948392.3725546291 current=1948456.9190317239 won=1 mode=1 camera_scale=1 keep_scale=0
ATTR_RADIUS o=30 raw_norm=22943.988856054082 norm=2215.2927471826915 radius=2215.2927471826906 next_radius=2215.2927471826906 lambda=1.7710771536509534e-06 next_lambda=1.7710771536509534e-06 rho=0.51928350808209922 accept=1
CLASSICAL_LM o=30 lambda=1.7710771536509534e-06 tau=1.7710771536509534e-06 prediction=3494.9190285116015 rho=0.51928350808209922 accept=1
  MFCG it  31 cost=1.946642e+06 lam=1.771e-06 tau=0.00e+00 cg_it=0 shift=0 ckpt=1 alpha=0 acc mv=98
PCG_PREP o=31 rebuild=1 drift=0 previous_depth=1
POINT_SAFE o=31 frozen=220 slope=-3827.00646865202 candidate=1945239.7328000255 original=1946292.6346828232 current=1946642.0652181355 won=1 mode=1 camera_scale=1 keep_scale=0
ATTR_RADIUS o=31 raw_norm=22398.988959201455 norm=2215.2927471826911 radius=2215.2927471826906 next_radius=2215.2927471826906 lambda=1.7710771536509534e-06 next_lambda=1.7710771536509534e-06 rho=0.39562031658481805 accept=1
CLASSICAL_LM o=31 lambda=1.7710771536509534e-06 tau=1.7710771536509534e-06 prediction=3544.6420704972543 rho=0.39562031658481805 accept=1
  MFCG it  32 cost=1.945240e+06 lam=1.771e-06 tau=0.00e+00 cg_it=0 shift=0 ckpt=1 alpha=0 acc mv=100
PCG_PREP o=32 rebuild=1 drift=0 previous_depth=1
POINT_SAFE o=32 frozen=155 slope=-3909.794563873591 candidate=1944514.5818647624 original=1944534.0156948762 current=1945239.7328000255 won=1 mode=1 camera_scale=1 keep_scale=0
ATTR_RADIUS o=32 raw_norm=22366.250380281846 norm=2215.2927471826906 radius=2215.2927471826906 next_radius=553.82318679567265 lambda=1.7710771536509534e-06 next_lambda=2.8337234458415254e-05 rho=0.20267355713227916 accept=1
CLASSICAL_LM o=32 lambda=1.7710771536509534e-06 tau=1.7710771536509534e-06 prediction=3577.9257320176953 rho=0.20267355713227916 accept=1
  MFCG it  33 cost=1.944515e+06 lam=2.834e-05 tau=0.00e+00 cg_it=0 shift=0 ckpt=1 alpha=0 acc mv=102
PCG_PREP o=33 rebuild=1 drift=0 previous_depth=1
POINT_SAFE o=33 frozen=65 slope=-3477.2463191692991 candidate=1941365.3369143121 original=1942907.6119408479 current=1944514.5818647624 won=1 mode=1 camera_scale=1 keep_scale=0
ATTR_RADIUS o=33 raw_norm=6459.8585117903231 norm=553.82318679567277 radius=553.82318679567265 next_radius=1107.6463735913453 lambda=2.8337234458415254e-05 next_lambda=7.0843086146038136e-06 rho=1.0064198679555398 accept=1
CLASSICAL_LM o=33 lambda=2.8337234458415254e-05 tau=2.8337234458415254e-05 prediction=3129.1561809562577 rho=1.0064198679555398 accept=1
  MFCG it  34 cost=1.941365e+06 lam=7.084e-06 tau=0.00e+00 cg_it=0 shift=0 ckpt=1 alpha=0 acc mv=104
PCG_PREP o=34 rebuild=1 drift=0 previous_depth=1
POINT_SAFE o=34 frozen=320 slope=-3038.7819011814663 candidate=1938961.6938495883 original=1941225.8289490996 current=1941365.3369143121 won=1 mode=1 camera_scale=1 keep_scale=0
ATTR_RADIUS o=34 raw_norm=12417.977997576387 norm=1107.6463735913451 radius=1107.6463735913453 next_radius=2215.2927471826906 lambda=7.0843086146038136e-06 next_lambda=1.7710771536509534e-06 rho=0.83630160570785039 accept=1
CLASSICAL_LM o=34 lambda=7.0843086146038136e-06 tau=7.0843086146038136e-06 prediction=2874.1342218150576 rho=0.83630160570785039 accept=1
  MFCG it  35 cost=1.938962e+06 lam=1.771e-06 tau=0.00e+00 cg_it=0 shift=0 ckpt=1 alpha=0 acc mv=106
PCG_PREP o=35 rebuild=1 drift=0 previous_depth=1
POINT_SAFE o=35 frozen=314 slope=-4186.0842436501625 candidate=1934953.263417538 original=1937662.232318121 current=1938961.6938495883 won=1 mode=1 camera_scale=1 keep_scale=0
ATTR_RADIUS o=35 raw_norm=34728.332993923374 norm=2215.2927471826906 radius=2215.2927471826906 next_radius=4430.5854943653812 lambda=1.7710771536509534e-06 next_lambda=1.7710771536509534e-06 rho=0.99811544537393315 accept=1
CLASSICAL_LM o=35 lambda=1.7710771536509534e-06 tau=1.7710771536509534e-06 prediction=4015.9988011692785 rho=0.99811544537393315 accept=1
  MFCG it  36 cost=1.934953e+06 lam=1.771e-06 tau=0.00e+00 cg_it=1 shift=0 ckpt=2 alpha=0 acc mv=109
PCG_PREP o=36 rebuild=1 drift=0 previous_depth=2
POINT_SAFE o=36 frozen=519 slope=-8397.7474727884619 candidate=1927861.9424553795 original=1932323.0961140862 current=1934953.263417538 won=1 mode=1 camera_scale=1 keep_scale=0
ATTR_RADIUS o=36 raw_norm=33320.872852016633 norm=4430.5854943653803 radius=4430.5854943653812 next_radius=8861.1709887307625 lambda=1.7710771536509534e-06 next_lambda=1.7710771536509534e-06 rho=0.92186388860247959 accept=1
CLASSICAL_LM o=36 lambda=1.7710771536509534e-06 tau=1.7710771536509534e-06 prediction=7692.3730822223069 rho=0.92186388860247959 accept=1
  MFCG it  37 cost=1.927862e+06 lam=1.771e-06 tau=0.00e+00 cg_it=1 shift=0 ckpt=2 alpha=0 acc mv=112
PCG_PREP o=37 rebuild=1 drift=0 previous_depth=2
POINT_SAFE o=37 frozen=748 slope=-10933.431450580192 candidate=2192853.1200043065 original=1926180.4709267011 current=1927861.9424553795 won=0 mode=1 camera_scale=1 keep_scale=0
ATTR_RADIUS o=37 raw_norm=21492.29673396406 norm=1107.6463735913453 radius=8861.1709887307625 next_radius=2215.2927471826906 lambda=1.7710771536509534e-06 next_lambda=2.8337234458415254e-05 rho=0.12078386181500265 accept=1
CLASSICAL_LM o=37 lambda=1.7710771536509534e-06 tau=1.7710771536509534e-06 prediction=13921.326106080647 rho=0.12078386181500265 accept=1
  MFCG it  38 cost=1.926180e+06 lam=2.834e-05 tau=0.00e+00 cg_it=0 shift=0 ckpt=1 alpha=0 acc mv=114
PCG_PREP o=38 rebuild=1 drift=0 previous_depth=1
POINT_SAFE o=38 frozen=180 slope=-10167.687218712452 candidate=1919287.0668281922 original=1922784.1582485621 current=1926180.4709267011 won=1 mode=1 camera_scale=1 keep_scale=0
ATTR_RADIUS o=38 raw_norm=5496.9306920625904 norm=2215.2927471826897 radius=2215.2927471826906 next_radius=4430.5854943653812 lambda=2.8337234458415254e-05 next_lambda=7.0843086146038136e-06 rho=0.86327559967398537 accept=1
CLASSICAL_LM o=38 lambda=2.8337234458415254e-05 tau=2.8337234458415254e-05 prediction=7985.1719440606939 rho=0.86327559967398537 accept=1
  MFCG it  39 cost=1.919287e+06 lam=7.084e-06 tau=0.00e+00 cg_it=0 shift=0 ckpt=1 alpha=0 acc mv=116
PCG_PREP o=39 rebuild=1 drift=0 previous_depth=1
POINT_SAFE o=39 frozen=113 slope=-15894.863769310412 candidate=1904810.3087278069 original=1914610.9411033848 current=1919287.0668281922 won=1 mode=1 camera_scale=1 keep_scale=0
ATTR_RADIUS o=39 raw_norm=38279.839260694629 norm=4430.5854943653831 radius=4430.5854943653812 next_radius=8861.1709887307625 lambda=7.0843086146038136e-06 next_lambda=1.7710771536509534e-06 rho=0.97954846324387845 accept=1
CLASSICAL_LM o=39 lambda=7.0843086146038136e-06 tau=7.0843086146038136e-06 prediction=14779.011599328118 rho=0.97954846324387845 accept=1
  MFCG it  40 cost=1.904810e+06 lam=1.771e-06 tau=0.00e+00 cg_it=8 shift=0 ckpt=9 alpha=0 acc mv=126
PCG_PREP o=40 rebuild=1 drift=0 previous_depth=9
POINT_SAFE o=40 frozen=477 slope=-19316.101629261684 candidate=1890459.0344827303 original=1897820.466266393 current=1904810.3087278069 won=1 mode=1 camera_scale=1 keep_scale=0
ATTR_RADIUS o=40 raw_norm=61403.758067798954 norm=8861.1709887307625 radius=8861.1709887307625 next_radius=17722.341977461525 lambda=1.7710771536509534e-06 next_lambda=1.7710771536509534e-06 rho=0.80916695502295544 accept=1
CLASSICAL_LM o=40 lambda=1.7710771536509534e-06 tau=1.7710771536509534e-06 prediction=17735.862983516727 rho=0.80916695502295544 accept=1
  MFCG it  41 cost=1.890459e+06 lam=1.771e-06 tau=0.00e+00 cg_it=9 shift=0 ckpt=10 alpha=0 acc mv=137
PCG_PREP o=41 rebuild=1 drift=0 previous_depth=10
POINT_SAFE o=41 frozen=775 slope=-33149.677039287664 candidate=1897547.6378151604 original=1883373.7975771979 current=1890459.0344827303 won=0 mode=1 camera_scale=1 keep_scale=0
ATTR_RADIUS o=41 raw_norm=59229.572656188808 norm=8861.1709887307607 radius=17722.341977461525 next_radius=4430.5854943653812 lambda=1.7710771536509534e-06 next_lambda=2.8337234458415254e-05 rho=0.12604810902584337 accept=1
CLASSICAL_LM o=41 lambda=1.7710771536509534e-06 tau=1.7710771536509534e-06 prediction=56210.576741613419 rho=0.12604810902584337 accept=1
  MFCG it  42 cost=1.883374e+06 lam=2.834e-05 tau=0.00e+00 cg_it=8 shift=0 ckpt=9 alpha=0 acc mv=147
PCG_PREP o=42 rebuild=1 drift=0 previous_depth=9
POINT_SAFE o=42 frozen=447 slope=-21164.231471659943 candidate=1877687.011075048 original=1879876.3376397442 current=1883373.7975771979 won=1 mode=1 camera_scale=1 keep_scale=0
ATTR_RADIUS o=42 raw_norm=4789.4878572698362 norm=4430.5854943653831 radius=4430.5854943653812 next_radius=4430.5854943653812 lambda=2.8337234458415254e-05 next_lambda=2.8337234458415254e-05 rho=0.52258998509790622 accept=1
CLASSICAL_LM o=42 lambda=2.8337234458415254e-05 tau=2.8337234458415254e-05 prediction=10881.927829299062 rho=0.52258998509790622 accept=1
  MFCG it  43 cost=1.877687e+06 lam=2.834e-05 tau=0.00e+00 cg_it=0 shift=0 ckpt=1 alpha=0 acc mv=149
PCG_PREP o=43 rebuild=1 drift=0 previous_depth=1
POINT_SAFE o=43 frozen=313 slope=-17297.37705709727 candidate=1871147.2354921361 original=1875443.8580450213 current=1877687.011075048 won=1 mode=1 camera_scale=1 keep_scale=0
ATTR_RADIUS o=43 raw_norm=4178.3082975506832 norm=4178.3082975506832 radius=4430.5854943653812 next_radius=8861.1709887307625 lambda=2.8337234458415254e-05 next_lambda=7.0843086146038136e-06 rho=0.76507137247083645 accept=1
CLASSICAL_LM o=43 lambda=2.8337234458415254e-05 tau=2.8337234458415254e-05 prediction=8547.9287530931633 rho=0.76507137247083645 accept=1
  MFCG it  44 cost=1.871147e+06 lam=7.084e-06 tau=0.00e+00 cg_it=0 shift=0 ckpt=1 alpha=0 acc mv=151
PCG_PREP o=44 rebuild=1 drift=0 previous_depth=1
POINT_SAFE o=44 frozen=161 slope=-19891.146758983188 candidate=1855159.2030135992 original=1857846.6761066602 current=1871147.2354921361 won=1 mode=1 camera_scale=1 keep_scale=0
ATTR_RADIUS o=44 raw_norm=35842.139890536775 norm=8861.1709887307679 radius=8861.1709887307625 next_radius=17722.341977461525 lambda=7.0843086146038136e-06 next_lambda=1.7710771536509534e-06 rho=0.93774244071308954 accept=1
CLASSICAL_LM o=44 lambda=7.0843086146038136e-06 tau=7.0843086146038136e-06 prediction=17049.492253309054 rho=0.93774244071308954 accept=1
  MFCG it  45 cost=1.855159e+06 lam=1.771e-06 tau=0.00e+00 cg_it=8 shift=0 ckpt=9 alpha=0 acc mv=161
PCG_PREP o=45 rebuild=1 drift=0 previous_depth=9
POINT_SAFE o=45 frozen=450 slope=-36271.484581372453 candidate=1872157.4140951654 original=1839888.2257555446 current=1855159.2030135992 won=0 mode=1 camera_scale=1 keep_scale=0
ATTR_RADIUS o=45 raw_norm=53104.191520840017 norm=8861.1709887307643 radius=17722.341977461525 next_radius=17722.341977461525 lambda=1.7710771536509534e-06 next_lambda=1.7710771536509534e-06 rho=0.25143276138722381 accept=1
CLASSICAL_LM o=45 lambda=1.7710771536509534e-06 tau=1.7710771536509534e-06 prediction=60735.829228459937 rho=0.25143276138722381 accept=1
  MFCG it  46 cost=1.839888e+06 lam=1.771e-06 tau=0.00e+00 cg_it=18 shift=0 ckpt=19 alpha=0 acc mv=181
PCG_PREP o=46 rebuild=1 drift=0 previous_depth=19
POINT_SAFE o=46 frozen=251 slope=-29211.754743004713 candidate=1840739.2292871966 original=1816994.4777939438 current=1839888.2257555446 won=0 mode=1 camera_scale=1 keep_scale=0
ATTR_RADIUS o=46 raw_norm=50860.097893340673 norm=8861.1709887307661 radius=17722.341977461525 next_radius=17722.341977461525 lambda=1.7710771536509534e-06 next_lambda=1.7710771536509534e-06 rho=0.39757019160050722 accept=1
CLASSICAL_LM o=46 lambda=1.7710771536509534e-06 tau=1.7710771536509534e-06 prediction=57584.166130355254 rho=0.39757019160050722 accept=1
  MFCG it  47 cost=1.816994e+06 lam=1.771e-06 tau=0.00e+00 cg_it=16 shift=0 ckpt=17 alpha=0 acc mv=199
PCG_PREP o=47 rebuild=1 drift=0 previous_depth=17
POINT_SAFE o=47 frozen=949 slope=-25967.215044375473 candidate=1900837.4309533623 original=1813445.2025792778 current=1816994.4777939438 won=0 mode=1 camera_scale=1 keep_scale=0
ATTR_RADIUS o=47 raw_norm=26707.411281316236 norm=2215.2927471826897 radius=17722.341977461525 next_radius=17722.341977461525 lambda=1.7710771536509534e-06 next_lambda=1.7710771536509534e-06 rho=0.26834951691694342 accept=1
CLASSICAL_LM o=47 lambda=1.7710771536509534e-06 tau=1.7710771536509534e-06 prediction=13226.314902458229 rho=0.26834951691694342 accept=1
  MFCG it  48 cost=1.813445e+06 lam=1.771e-06 tau=0.00e+00 cg_it=3 shift=0 ckpt=4 alpha=0 acc mv=204
PCG_PREP o=48 rebuild=1 drift=0 previous_depth=4
POINT_SAFE o=48 frozen=901 slope=-24000.206146943961 candidate=1887072.7506078437 original=1813198.4240727006 current=1813445.2025792778 won=0 mode=1 camera_scale=1 keep_scale=0
ATTR_RADIUS o=48 raw_norm=26705.378741465662 norm=17722.341977461514 radius=17722.341977461525 next_radius=4430.5854943653812 lambda=1.7710771536509534e-06 next_lambda=2.8337234458415254e-05 rho=0.019397327782936319 accept=0
CLASSICAL_LM o=48 lambda=1.7710771536509534e-06 tau=1.7710771536509534e-06 prediction=12722.293984965132 rho=0.019397327782936319 accept=0
  MFCG it  49  retry 1/8  lam=2.834e-05 tau_eff=1.771e-06  (assembly reused)
PCG_PREP o=48 rebuild=1 drift=0 previous_depth=4
POINT_SAFE o=48 frozen=347 slope=-15970.715629066879 candidate=1803395.8253475816 original=1810692.4123583322 current=1813445.2025792778 won=1 mode=1 camera_scale=1 keep_scale=0
ATTR_RADIUS o=48 raw_norm=7462.9954751867472 norm=4430.5854943653821 radius=4430.5854943653812 next_radius=8861.1709887307625 lambda=2.8337234458415254e-05 next_lambda=7.0843086146038136e-06 rho=1.0828824221852043 accept=1
CLASSICAL_LM o=48 lambda=2.8337234458415254e-05 tau=2.8337234458415254e-05 prediction=9280.2108759111616 rho=1.0828824221852043 accept=1
  MFCG it  49 cost=1.803396e+06 lam=7.084e-06 tau=0.00e+00 cg_it=1 shift=0 ckpt=2 alpha=0 acc mv=212
PCG_PREP o=49 rebuild=1 drift=0 previous_depth=2
POINT_SAFE o=49 frozen=573 slope=-10665.958722656214 candidate=1799129.9692350861 original=1800071.5447488441 current=1803395.8253475816 won=1 mode=1 camera_scale=1 keep_scale=0
ATTR_RADIUS o=49 raw_norm=20919.452916485872 norm=8861.1709887307607 radius=8861.1709887307625 next_radius=17722.341977461525 lambda=7.0843086146038136e-06 next_lambda=1.7710771536509534e-06 rho=0.87537353324798628 accept=1
CLASSICAL_LM o=49 lambda=7.0843086146038136e-06 tau=7.0843086146038136e-06 prediction=4873.183790087297 rho=0.87537353324798628 accept=1
  MFCG it  50 cost=1.799130e+06 lam=1.771e-06 tau=0.00e+00 cg_it=5 shift=0 ckpt=6 alpha=0 acc mv=219
PCG_PREP o=50 rebuild=1 drift=0 previous_depth=6
POINT_SAFE o=50 frozen=1202 slope=-12667.675192195575 candidate=1970945.011066607 original=1793196.5964990743 current=1799129.9692350861 won=0 mode=1 camera_scale=1 keep_scale=0
ATTR_RADIUS o=50 raw_norm=15198.279443983178 norm=1899.7849304978972 radius=17722.341977461525 next_radius=17722.341977461525 lambda=1.7710771536509534e-06 next_lambda=1.7710771536509534e-06 rho=0.50112718908548426 accept=1
CLASSICAL_LM o=50 lambda=1.7710771536509534e-06 tau=1.7710771536509534e-06 prediction=11840.053513839031 rho=0.50112718908548426 accept=1
  MFCG it  51 cost=1.793197e+06 lam=1.771e-06 tau=0.00e+00 cg_it=0 shift=0 ckpt=1 alpha=0 acc mv=221
PCG_PREP o=51 rebuild=1 drift=0 previous_depth=1
POINT_SAFE o=51 frozen=885 slope=-15000.204654971738 candidate=1826558.3330366143 original=1792610.9192273475 current=1793196.5964990743 won=0 mode=1 camera_scale=1 keep_scale=0
ATTR_RADIUS o=51 raw_norm=23051.391549380289 norm=276.91159339783644 radius=17722.341977461525 next_radius=17722.341977461525 lambda=1.7710771536509534e-06 next_lambda=1.7710771536509534e-06 rho=0.40060129120412385 accept=1
CLASSICAL_LM o=51 lambda=1.7710771536509534e-06 tau=1.7710771536509534e-06 prediction=1461.9954667803252 rho=0.40060129120412385 accept=1
  MFCG it  52 cost=1.792611e+06 lam=1.771e-06 tau=0.00e+00 cg_it=2 shift=0 ckpt=3 alpha=0 acc mv=225
PCG_PREP o=52 rebuild=1 drift=0 previous_depth=3
POINT_SAFE o=52 frozen=881 slope=-16179.31677939932 candidate=1827280.9553103684 original=1792431.340664071 current=1792610.9192273475 won=0 mode=1 camera_scale=1 keep_scale=0
ATTR_RADIUS o=52 raw_norm=23074.795915461251 norm=69.227898349459124 radius=17722.341977461525 next_radius=17722.341977461525 lambda=1.7710771536509534e-06 next_lambda=1.7710771536509534e-06 rho=0.49314886303824695 accept=1
CLASSICAL_LM o=52 lambda=1.7710771536509534e-06 tau=1.7710771536509534e-06 prediction=364.14676527910393 rho=0.49314886303824695 accept=1
  MFCG it  53 cost=1.792431e+06 lam=1.771e-06 tau=0.00e+00 cg_it=2 shift=0 ckpt=3 alpha=0 acc mv=229
PCG_PREP o=53 rebuild=1 drift=0 previous_depth=3
POINT_SAFE o=53 frozen=875 slope=-22658.318989305702 candidate=252408033.7475501 original=inf current=1792431.340664071 won=0 mode=1 camera_scale=1 keep_scale=0
ATTR_RADIUS o=53 raw_norm=23169.983792903542 norm=17722.341977461532 radius=17722.341977461525 next_radius=4430.5854943653812 lambda=1.7710771536509534e-06 next_lambda=2.8337234458415254e-05 rho=-1 accept=0
CLASSICAL_LM o=53 lambda=1.7710771536509534e-06 tau=1.7710771536509534e-06 prediction=13604.028219814603 rho=-1 accept=0
  MFCG it  54  retry 1/8  lam=2.834e-05 tau_eff=1.771e-06  (assembly reused)
PCG_PREP o=53 rebuild=1 drift=0 previous_depth=3
POINT_SAFE o=53 frozen=406 slope=-12463.567294372504 candidate=14457908.989228522 original=inf current=1792431.340664071 won=0 mode=1 camera_scale=1 keep_scale=0
ATTR_RADIUS o=53 raw_norm=4157.8681812018831 norm=4157.8681812018831 radius=4430.5854943653812 next_radius=1107.6463735913453 lambda=2.8337234458415254e-05 next_lambda=0.00045339575133464407 rho=-1 accept=0
CLASSICAL_LM o=53 lambda=2.8337234458415254e-05 tau=2.8337234458415254e-05 prediction=7702.9284174221057 rho=-1 accept=0
  MFCG it  54  retry 2/8  lam=4.534e-04 tau_eff=2.834e-05  (assembly reused)
PCG_PREP o=53 rebuild=1 drift=0 previous_depth=1
POINT_SAFE o=53 frozen=25 slope=-58238.238775116566 candidate=2501050.8679971634 original=inf current=1792431.340664071 won=0 mode=1 camera_scale=1 keep_scale=0
ATTR_RADIUS o=53 raw_norm=1613.6640807345652 norm=1107.6463735913453 radius=1107.6463735913453 next_radius=276.91159339783633 lambda=0.00045339575133464407 next_lambda=0.0072543320213543051 rho=-1 accept=0
CLASSICAL_LM o=53 lambda=0.00045339575133464407 tau=0.00045339575133464407 prediction=38757.274664387391 rho=-1 accept=0
  MFCG it  54  retry 3/8  lam=7.254e-03 tau_eff=4.534e-04  (assembly reused)
PCG_PREP o=53 rebuild=1 drift=0 previous_depth=2
POINT_SAFE o=53 frozen=13 slope=-79436.215120498571 candidate=2417463.309786791 original=inf current=1792431.340664071 won=0 mode=1 camera_scale=1 keep_scale=0
ATTR_RADIUS o=53 raw_norm=290.85450466842332 norm=276.91159339783633 radius=276.91159339783633 next_radius=69.227898349459082 lambda=0.0072543320213543051 next_lambda=0.11606931234166888 rho=-1 accept=0
CLASSICAL_LM o=53 lambda=0.0072543320213543051 tau=0.0072543320213543051 prediction=42087.857204758016 rho=-1 accept=0
  MFCG it  54  retry 4/8  lam=1.161e-01 tau_eff=7.254e-03  (assembly reused)
PCG_PREP o=53 rebuild=1 drift=0 previous_depth=1
POINT_SAFE o=53 frozen=1 slope=-29110.051117303829 candidate=2734484.804736421 original=inf current=1792431.340664071 won=0 mode=1 camera_scale=1 keep_scale=0
ATTR_RADIUS o=53 raw_norm=202.61606067055618 norm=69.227898349459068 radius=69.227898349459082 next_radius=17.30697458736477 lambda=0.11606931234166888 next_lambda=1.8571089974667021 rho=-1 accept=0
CLASSICAL_LM o=53 lambda=0.11606931234166888 tau=0.11606931234166888 prediction=23191.863950324539 rho=-1 accept=0
  MFCG it  54  retry 5/8  lam=1.857e+00 tau_eff=1.161e-01  (assembly reused)
PCG_PREP o=53 rebuild=1 drift=0 previous_depth=1
POINT_SAFE o=53 frozen=2 slope=-8757.8468428677261 candidate=115915538721105.62 original=1792382.7165490079 current=1792431.340664071 won=0 mode=1 camera_scale=1 keep_scale=0
ATTR_RADIUS o=53 raw_norm=99.311083555504183 norm=0.2704214779275747 radius=17.30697458736477 next_radius=17.30697458736477 lambda=1.8571089974667021 next_lambda=0.18571089974667021 rho=0.35173275398255682 accept=1
CLASSICAL_LM o=53 lambda=1.8571089974667021 tau=1.8571089974667021 prediction=138.24164656988907 rho=0.35173275398255682 accept=1
  MFCG it  54 cost=1.792383e+06 lam=1.857e-01 tau=0.00e+00 cg_it=0 shift=0 ckpt=1 alpha=0 acc mv=244
PCG_PREP o=54 rebuild=1 drift=0 previous_depth=1
POINT_SAFE o=54 frozen=1 slope=-10485.07069473409 candidate=1836953.3989057248 original=1792333.6399640185 current=1792382.7165490079 won=0 mode=1 camera_scale=1 keep_scale=0
ATTR_RADIUS o=54 raw_norm=190.753725552623 norm=0.54084295585514919 radius=17.30697458736477 next_radius=4.3267436468411926 lambda=0.18571089974667021 next_lambda=2.9713743959467234 rho=0.10983225906954891 accept=1
CLASSICAL_LM o=54 lambda=0.18571089974667021 tau=0.18571089974667021 prediction=446.83215482585263 rho=0.10983225906954891 accept=1
  MFCG it  55 cost=1.792334e+06 lam=2.971e+00 tau=0.00e+00 cg_it=0 shift=0 ckpt=1 alpha=0 acc mv=246
PCG_PREP o=55 rebuild=1 drift=0 previous_depth=1
POINT_SAFE o=55 frozen=1 slope=-3276.9722432547187 candidate=1791224.1445566798 original=1792071.9974395728 current=1792333.6399640185 won=1 mode=1 camera_scale=1 keep_scale=0
ATTR_RADIUS o=55 raw_norm=77.508958152547208 norm=4.3267436468411908 radius=4.3267436468411926 next_radius=4.3267436468411926 lambda=2.9713743959467234 next_lambda=2.9713743959467234 rho=0.36894797814863084 accept=1
CLASSICAL_LM o=55 lambda=2.9713743959467234 tau=2.9713743959467234 prediction=3007.186576563266 rho=0.36894797814863084 accept=1
  MFCG it  56 cost=1.791224e+06 lam=2.971e+00 tau=0.00e+00 cg_it=0 shift=0 ckpt=1 alpha=0 acc mv=248
PCG_PREP o=56 rebuild=1 drift=0 previous_depth=1
POINT_SAFE o=56 frozen=1 slope=-2709.5855133032437 candidate=1789213.0587289524 original=1790333.0206448375 current=1791224.1445566798 won=1 mode=1 camera_scale=1 keep_scale=0
ATTR_RADIUS o=56 raw_norm=76.008702488418876 norm=4.3267436468411917 radius=4.3267436468411926 next_radius=8.6534872936823852 lambda=2.9713743959467234 next_lambda=0.74284359898668084 rho=0.77983568791819169 accept=1
CLASSICAL_LM o=56 lambda=2.9713743959467234 tau=2.9713743959467234 prediction=2578.8584170801741 rho=0.77983568791819169 accept=1
  MFCG it  57 cost=1.789213e+06 lam=7.428e-01 tau=0.00e+00 cg_it=0 shift=0 ckpt=1 alpha=0 acc mv=250
PCG_PREP o=57 rebuild=1 drift=0 previous_depth=1
POINT_SAFE o=57 frozen=1 slope=-3995.6938605602281 candidate=1797202.7378632438 original=1789069.9213811106 current=1789213.0587289524 won=0 mode=1 camera_scale=1 keep_scale=0
ATTR_RADIUS o=57 raw_norm=136.40394913030428 norm=0.54084295585514897 radius=8.6534872936823852 next_radius=8.6534872936823852 lambda=0.74284359898668084 next_lambda=0.074284359898668093 rho=0.39368946888598216 accept=1
CLASSICAL_LM o=57 lambda=0.74284359898668084 tau=0.74284359898668084 prediction=363.57931607086675 rho=0.39368946888598216 accept=1
  MFCG it  58 cost=1.789070e+06 lam=7.428e-02 tau=0.00e+00 cg_it=0 shift=0 ckpt=1 alpha=0 acc mv=252
PCG_PREP o=58 rebuild=1 drift=0 previous_depth=1
POINT_SAFE o=58 frozen=1 slope=-4245.8981715282243 candidate=1881080.3459871479 original=1789046.4785156157 current=1789069.9213811106 won=0 mode=1 camera_scale=1 keep_scale=0
ATTR_RADIUS o=58 raw_norm=204.53709234814124 norm=0.13521073896378727 radius=8.6534872936823852 next_radius=2.1633718234205963 lambda=0.074284359898668093 next_lambda=1.1885497583786895 rho=0.11789454131024826 accept=1
CLASSICAL_LM o=58 lambda=0.074284359898668093 tau=0.074284359898668093 prediction=198.84606390027733 rho=0.11789454131024826 accept=1
  MFCG it  59 cost=1.789046e+06 lam=1.189e+00 tau=0.00e+00 cg_it=0 shift=0 ckpt=1 alpha=0 acc mv=254
PCG_PREP o=59 rebuild=1 drift=0 previous_depth=1
POINT_SAFE o=59 frozen=1 slope=-1303.6012447905175 candidate=1789097.9731486198 original=1788927.2782012408 current=1789046.4785156157 won=0 mode=1 camera_scale=1 keep_scale=0
ATTR_RADIUS o=59 raw_norm=116.46470082111537 norm=0.27042147792757465 radius=2.1633718234205963 next_radius=2.1633718234205963 lambda=1.1885497583786895 next_lambda=0.11885497583786896 rho=0.4488502306941084 accept=1
CLASSICAL_LM o=59 lambda=1.1885497583786895 tau=1.1885497583786895 prediction=265.56812545365153 rho=0.4488502306941084 accept=1
  MFCG it  60 cost=1.788927e+06 lam=1.189e-01 tau=0.00e+00 cg_it=0 shift=0 ckpt=1 alpha=0 acc mv=256
PCG_PREP o=60 rebuild=1 drift=0 previous_depth=1
POINT_SAFE o=60 frozen=1 slope=-1740.4311938786198 candidate=1790845.3679397188 original=1788885.6309326063 current=1788927.2782012408 won=0 mode=1 camera_scale=1 keep_scale=0
ATTR_RADIUS o=60 raw_norm=197.43872884902834 norm=0.03380268474094679 radius=2.1633718234205963 next_radius=2.1633718234205963 lambda=0.11885497583786896 next_lambda=0.011885497583786896 rho=0.47974216116932822 accept=1
CLASSICAL_LM o=60 lambda=0.11885497583786896 tau=0.11885497583786896 prediction=86.811775169000938 rho=0.47974216116932822 accept=1
  MFCG it  61 cost=1.788886e+06 lam=1.189e-02 tau=0.00e+00 cg_it=0 shift=0 ckpt=1 alpha=0 acc mv=258
PCG_PREP o=61 rebuild=1 drift=0 previous_depth=1
POINT_SAFE o=61 frozen=1 slope=-2400.2096763345066 candidate=1801296.5404659405 original=inf current=1788885.6309326063 won=0 mode=1 camera_scale=1 keep_scale=0
ATTR_RADIUS o=61 raw_norm=271.50874562923269 norm=2.1633718234205976 radius=2.1633718234205963 next_radius=0.54084295585514908 lambda=0.011885497583786896 next_lambda=0.19016796134059033 rho=-1 accept=0
CLASSICAL_LM o=61 lambda=0.011885497583786896 tau=0.011885497583786896 prediction=1703.7825303355035 rho=-1 accept=0
  MFCG it  62  retry 1/8  lam=1.902e-01 tau_eff=1.189e-02  (assembly reused)
PCG_PREP o=61 rebuild=1 drift=0 previous_depth=1
POINT_SAFE o=61 frozen=1 slope=-1013.646777597112 candidate=1789246.4552558404 original=1788862.5801844106 current=1788885.6309326063 won=0 mode=1 camera_scale=1 keep_scale=0
ATTR_RADIUS o=61 raw_norm=199.00094144174315 norm=0.033802684740946803 radius=0.54084295585514908 next_radius=0.54084295585514908 lambda=0.19016796134059033 next_lambda=0.019016796134059034 rho=0.28658637500589967 accept=1
CLASSICAL_LM o=61 lambda=0.19016796134059033 tau=0.19016796134059033 prediction=80.432114734196588 rho=0.28658637500589967 accept=1
  MFCG it  62 cost=1.788863e+06 lam=1.902e-02 tau=0.00e+00 cg_it=0 shift=0 ckpt=1 alpha=0 acc mv=262
PCG_PREP o=62 rebuild=1 drift=0 previous_depth=1
POINT_SAFE o=62 frozen=1 slope=-1689.1875647378772 candidate=1787861.3441322425 original=1788825.351885909 current=1788862.5801844106 won=1 mode=1 camera_scale=1 keep_scale=0
ATTR_RADIUS o=62 raw_norm=239.62243106584557 norm=0.54084295585514897 radius=0.54084295585514908 next_radius=1.0816859117102982 lambda=0.019016796134059034 next_lambda=0.0047541990335147584 rho=0.88576491571890825 accept=1
CLASSICAL_LM o=62 lambda=0.019016796134059034 tau=0.019016796134059034 prediction=1130.363185987605 rho=0.88576491571890825 accept=1
  MFCG it  63 cost=1.787861e+06 lam=4.754e-03 tau=0.00e+00 cg_it=0 shift=0 ckpt=1 alpha=0 acc mv=264
PCG_PREP o=63 rebuild=1 drift=0 previous_depth=1
POINT_SAFE o=63 frozen=5 slope=-648.50992997123035 candidate=1787476.9308028521 original=inf current=1787861.3441322425 won=1 mode=1 camera_scale=1 keep_scale=0
ATTR_RADIUS o=63 raw_norm=489.84136990351465 norm=1.0816859117102977 radius=1.0816859117102982 next_radius=1.0816859117102982 lambda=0.0047541990335147584 next_lambda=0.0047541990335147584 rho=0.74631496528268415 accept=1
CLASSICAL_LM o=63 lambda=0.0047541990335147584 tau=0.0047541990335147584 prediction=515.08189875937671 rho=0.74631496528268415 accept=1
  MFCG it  64 cost=1.787477e+06 lam=4.754e-03 tau=0.00e+00 cg_it=0 shift=0 ckpt=1 alpha=0 acc mv=266
PCG_PREP o=64 rebuild=1 drift=0 previous_depth=1
POINT_SAFE o=64 frozen=6 slope=-280.38971297742142 candidate=1787298.3965812656 original=inf current=1787476.9308028521 won=1 mode=1 camera_scale=1 keep_scale=0
ATTR_RADIUS o=64 raw_norm=541.91948529814965 norm=1.0816859117102988 radius=1.0816859117102982 next_radius=1.0816859117102982 lambda=0.0047541990335147584 next_lambda=0.0047541990335147584 rho=0.69807724326446474 accept=1
CLASSICAL_LM o=64 lambda=0.0047541990335147584 tau=0.0047541990335147584 prediction=255.75138469153802 rho=0.69807724326446474 accept=1
  MFCG it  65 cost=1.787298e+06 lam=4.754e-03 tau=0.00e+00 cg_it=0 shift=0 ckpt=1 alpha=0 acc mv=268
PCG_PREP o=65 rebuild=1 drift=0 previous_depth=1
POINT_SAFE o=65 frozen=22 slope=-278.79511531284834 candidate=1787797.1520116809 original=inf current=1787298.3965812656 won=0 mode=1 camera_scale=1 keep_scale=0
ATTR_RADIUS o=65 raw_norm=411.2706073163007 norm=1.0816859117102984 radius=1.0816859117102982 next_radius=0.27042147792757454 lambda=0.0047541990335147584 next_lambda=0.076067184536236135 rho=-1 accept=0
CLASSICAL_LM o=65 lambda=0.0047541990335147584 tau=0.0047541990335147584 prediction=267.90739241692353 rho=-1 accept=0
  MFCG it  66  retry 1/8  lam=7.607e-02 tau_eff=4.754e-03  (assembly reused)
PCG_PREP o=65 rebuild=1 drift=0 previous_depth=1
POINT_SAFE o=65 frozen=436 slope=-93.887604972289566 candidate=1787306.9846139341 original=1787297.9446086874 current=1787298.3965812656 won=0 mode=1 camera_scale=1 keep_scale=0
ATTR_RADIUS o=65 raw_norm=218.13095291444517 norm=0.2704214779275747 radius=0.27042147792757454 next_radius=0.067605369481893635 lambda=0.076067184536236135 next_lambda=1.2170749525797782 rho=0.01191672128179312 accept=0
CLASSICAL_LM o=65 lambda=0.076067184536236135 tau=0.076067184536236135 prediction=37.927594973382902 rho=0.01191672128179312 accept=0
  MFCG it  66  retry 2/8  lam=1.217e+00 tau_eff=7.607e-02  (assembly reused)
PCG_PREP o=65 rebuild=1 drift=0 previous_depth=1
POINT_SAFE o=65 frozen=8717 slope=-25.596671908852979 candidate=1787278.6049460338 original=1787288.0773237862 current=1787298.3965812656 won=1 mode=1 camera_scale=1 keep_scale=0
ATTR_RADIUS o=65 raw_norm=115.57973503050269 norm=0.067605369481893635 radius=0.067605369481893635 next_radius=0.13521073896378727 lambda=1.2170749525797782 next_lambda=0.30426873814494454 rho=0.77365637098735984 accept=1
CLASSICAL_LM o=65 lambda=1.2170749525797782 tau=1.2170749525797782 prediction=25.581945646689149 rho=0.77365637098735984 accept=1
  MFCG it  66 cost=1.787279e+06 lam=3.043e-01 tau=0.00e+00 cg_it=0 shift=0 ckpt=1 alpha=0 acc mv=274
PCG_PREP o=66 rebuild=1 drift=0 previous_depth=1
POINT_SAFE o=66 frozen=1342 slope=-43.501344149955891 candidate=1787572.2449210312 original=1787277.9358700605 current=1787278.6049460338 won=0 mode=1 camera_scale=1 keep_scale=0
ATTR_RADIUS o=66 raw_norm=187.99702368240389 norm=0.004225335592618353 radius=0.13521073896378727 next_radius=0.13521073896378727 lambda=0.30426873814494454 next_lambda=0.030426873814494455 rho=0.29749075992490914 accept=1
CLASSICAL_LM o=66 lambda=0.30426873814494454 tau=0.30426873814494454 prediction=2.2490647222146074 rho=0.29749075992490914 accept=1
  MFCG it  67 cost=1.787278e+06 lam=3.043e-02 tau=0.00e+00 cg_it=0 shift=0 ckpt=1 alpha=0 acc mv=276
PCG_PREP o=67 rebuild=1 drift=0 previous_depth=1
POINT_SAFE o=67 frozen=840 slope=-61.983305556954228 candidate=1787904.6428865937 original=1787277.5138382593 current=1787277.9358700605 won=0 mode=1 camera_scale=1 keep_scale=0
ATTR_RADIUS o=67 raw_norm=218.46795205830998 norm=0.00052816694907729424 radius=0.13521073896378727 next_radius=0.13521073896378727 lambda=0.030426873814494455 next_lambda=0.0030426873814494455 rho=0.38214192468929914 accept=1
CLASSICAL_LM o=67 lambda=0.030426873814494455 tau=0.030426873814494455 prediction=1.1043849782697512 rho=0.38214192468929914 accept=1
  MFCG it  68 cost=1.787278e+06 lam=3.043e-03 tau=0.00e+00 cg_it=0 shift=0 ckpt=1 alpha=0 acc mv=278
PCG_PREP o=68 rebuild=1 drift=0 previous_depth=1
POINT_SAFE o=68 frozen=2341 slope=-131.27596501042495 candidate=1788105.8181569867 original=inf current=1787277.5138382593 won=0 mode=1 camera_scale=1 keep_scale=0
ATTR_RADIUS o=68 raw_norm=577.01280321293666 norm=0.1352107389637873 radius=0.13521073896378727 next_radius=0.033802684740946817 lambda=0.0030426873814494455 next_lambda=0.048682998103191127 rho=-1 accept=0
CLASSICAL_LM o=68 lambda=0.0030426873814494455 tau=0.0030426873814494455 prediction=113.0392164057242 rho=-1 accept=0
  MFCG it  69  retry 1/8  lam=4.868e-02 tau_eff=3.043e-03  (assembly reused)
PCG_PREP o=68 rebuild=1 drift=0 previous_depth=1
POINT_SAFE o=68 frozen=5067 slope=-17.667553258924883 candidate=1787287.6138884074 original=1787277.3639570191 current=1787277.5138382593 won=0 mode=1 camera_scale=1 keep_scale=0
ATTR_RADIUS o=68 raw_norm=335.58417902375021 norm=0.00026408347453864701 radius=0.033802684740946817 next_radius=0.033802684740946817 lambda=0.048682998103191127 next_lambda=0.0048682998103191134 rho=0.47278509688427589 accept=1
CLASSICAL_LM o=68 lambda=0.048682998103191127 tau=0.048682998103191127 prediction=0.31701769197258867 rho=0.47278509688427589 accept=1
  MFCG it  69 cost=1.787277e+06 lam=4.868e-03 tau=0.00e+00 cg_it=0 shift=0 ckpt=1 alpha=0 acc mv=282
PCG_PREP o=69 rebuild=1 drift=0 previous_depth=1
POINT_SAFE o=69 frozen=4649 slope=-87.927727954769324 candidate=1787314.2915273476 original=inf current=1787277.3639570191 won=0 mode=1 camera_scale=1 keep_scale=0
ATTR_RADIUS o=69 raw_norm=384.87802880407469 norm=0.03380268474094681 radius=0.033802684740946817 next_radius=0.0084506711852367043 lambda=0.0048682998103191134 next_lambda=0.077892796965105815 rho=-1 accept=0
CLASSICAL_LM o=69 lambda=0.0048682998103191134 tau=0.0048682998103191134 prediction=77.683041852719569 rho=-1 accept=0
  MFCG it  70  retry 1/8  lam=7.789e-02 tau_eff=4.868e-03  (assembly reused)
PCG_PREP o=69 rebuild=1 drift=0 previous_depth=1
POINT_SAFE o=69 frozen=7377 slope=-9.5309782391829145 candidate=1787275.2869072035 original=1787277.2314452748 current=1787277.3639570191 won=1 mode=1 camera_scale=1 keep_scale=0
ATTR_RADIUS o=69 raw_norm=227.37546051391018 norm=0.0084506711852367026 radius=0.0084506711852367043 next_radius=0.0021126677963091761 lambda=0.077892796965105815 next_lambda=1.246284751441693 rho=0.22047981191679139 accept=1
CLASSICAL_LM o=69 lambda=0.077892796965105815 tau=0.077892796965105815 prediction=9.4205895655675569 rho=0.22047981191679139 accept=1
  MFCG it  70 cost=1.787275e+06 lam=1.246e+00 tau=0.00e+00 cg_it=0 shift=0 ckpt=1 alpha=0 acc mv=286
PCG_PREP o=70 rebuild=1 drift=0 previous_depth=1
POINT_SAFE o=70 frozen=39551 slope=-1.2069513661893001 candidate=1787274.0884091298 original=1787268.8804057273 current=1787275.2869072035 won=0 mode=1 camera_scale=1 keep_scale=0
ATTR_RADIUS o=70 raw_norm=114.31252901187234 norm=0.00026408347453864706 radius=0.0021126677963091761 next_radius=0.0021126677963091761 lambda=1.246284751441693 next_lambda=0.1246284751441693 rho=0.48739668552254239 accept=1
CLASSICAL_LM o=70 lambda=1.246284751441693 tau=1.246284751441693 prediction=13.14432712918183 rho=0.48739668552254239 accept=1
  MFCG it  71 cost=1.787269e+06 lam=1.246e-01 tau=0.00e+00 cg_it=0 shift=0 ckpt=1 alpha=0 acc mv=288
PCG_PREP o=71 rebuild=1 drift=0 previous_depth=1
POINT_SAFE o=71 frozen=23648 slope=-4.7151725133756219 candidate=1787264.5828034477 original=1787268.4885133626 current=1787268.8804057273 won=1 mode=1 camera_scale=1 keep_scale=0
ATTR_RADIUS o=71 raw_norm=250.81954547977898 norm=0.0021126677963091761 radius=0.0021126677963091761 next_radius=0.0042253355926183522 lambda=0.1246284751441693 next_lambda=0.031157118786042326 rho=0.91904658593114197 accept=1
CLASSICAL_LM o=71 lambda=0.1246284751441693 tau=0.1246284751441693 prediction=4.6761528146293498 rho=0.91904658593114197 accept=1
  MFCG it  72 cost=1.787265e+06 lam=3.116e-02 tau=0.00e+00 cg_it=0 shift=0 ckpt=1 alpha=0 acc mv=290
PCG_PREP o=72 rebuild=1 drift=0 previous_depth=1
POINT_SAFE o=72 frozen=23354 slope=-16.467058130916072 candidate=1787248.9342406974 original=1787264.2034845133 current=1787264.5828034477 won=1 mode=1 camera_scale=1 keep_scale=0
ATTR_RADIUS o=72 raw_norm=287.87482940115916 norm=0.0042253355926183513 radius=0.0042253355926183522 next_radius=0.0084506711852367043 lambda=0.031157118786042326 next_lambda=0.0077892796965105815 rho=0.97921018956302153 accept=1
CLASSICAL_LM o=72 lambda=0.031157118786042326 tau=0.031157118786042326 prediction=15.980800564684378 rho=0.97921018956302153 accept=1
  MFCG it  73 cost=1.787249e+06 lam=7.789e-03 tau=0.00e+00 cg_it=0 shift=0 ckpt=1 alpha=0 acc mv=292
PCG_PREP o=73 rebuild=1 drift=0 previous_depth=1
POINT_SAFE o=73 frozen=27954 slope=-49.287622866770654 candidate=1787212.3005672272 original=1787248.9025363638 current=1787248.9342406974 won=1 mode=1 camera_scale=1 keep_scale=0
ATTR_RADIUS o=73 raw_norm=349.422409037958 norm=0.0084506711852367061 radius=0.0084506711852367043 next_radius=0.016901342370473409 lambda=0.0077892796965105815 next_lambda=0.0019473199241276454 rho=0.81306090792652885 accept=1
CLASSICAL_LM o=73 lambda=0.0077892796965105815 tau=0.0077892796965105815 prediction=45.05649344728409 rho=0.81306090792652885 accept=1
  MFCG it  74 cost=1.787212e+06 lam=1.947e-03 tau=0.00e+00 cg_it=0 shift=0 ckpt=1 alpha=0 acc mv=294
PCG_PREP o=74 rebuild=1 drift=0 previous_depth=1
POINT_SAFE o=74 frozen=33835 slope=-98.755398401513901 candidate=1787126.3213140604 original=inf current=1787212.3005672272 won=1 mode=1 camera_scale=1 keep_scale=0
ATTR_RADIUS o=74 raw_norm=841.89103172426951 norm=0.016901342370473402 radius=0.016901342370473409 next_radius=0.033802684740946817 lambda=0.0019473199241276454 next_lambda=0.00048682998103191134 rho=1.0340000481812948 accept=1
CLASSICAL_LM o=74 lambda=0.0019473199241276454 tau=0.0019473199241276454 prediction=83.152078491727323 rho=1.0340000481812948 accept=1
  MFCG it  75 cost=1.787126e+06 lam=4.868e-04 tau=0.00e+00 cg_it=0 shift=0 ckpt=1 alpha=0 acc mv=296
PCG_PREP o=75 rebuild=1 drift=0 previous_depth=1
POINT_SAFE o=75 frozen=31263 slope=-136.70955371659028 candidate=1787008.4686859546 original=inf current=1787126.3213140604 won=1 mode=1 camera_scale=1 keep_scale=0
ATTR_RADIUS o=75 raw_norm=1972.9680778889019 norm=0.033802684740946803 radius=0.033802684740946817 next_radius=0.067605369481893635 lambda=0.00048682998103191134 next_lambda=0.00012170749525797784 rho=1.0795018678797164 accept=1
CLASSICAL_LM o=75 lambda=0.00048682998103191134 tau=0.00048682998103191134 prediction=109.17315811343963 rho=1.0795018678797164 accept=1
  MFCG it  76 cost=1.787008e+06 lam=1.217e-04 tau=0.00e+00 cg_it=1 shift=0 ckpt=2 alpha=0 acc mv=299
PCG_PREP o=76 rebuild=1 drift=0 previous_depth=2
POINT_SAFE o=76 frozen=24505 slope=-113.13886476285778 candidate=1786909.1282824823 original=inf current=1787008.4686859546 won=1 mode=1 camera_scale=1 keep_scale=0
ATTR_RADIUS o=76 raw_norm=4972.7368735538876 norm=0.067605369481893648 radius=0.067605369481893635 next_radius=0.13521073896378727 lambda=0.00012170749525797784 next_lambda=3.0426873814494459e-05 rho=1.1782389628581755 accept=1
CLASSICAL_LM o=76 lambda=0.00012170749525797784 tau=0.00012170749525797784 prediction=84.312611111863049 rho=1.1782389628581755 accept=1
  MFCG it  77 cost=1.786909e+06 lam=3.043e-05 tau=0.00e+00 cg_it=2 shift=0 ckpt=3 alpha=0 acc mv=303
PCG_PREP o=77 rebuild=1 drift=0 previous_depth=3
POINT_SAFE o=77 frozen=9308 slope=-73.944060670629284 candidate=1786855.9988444825 original=inf current=1786909.1282824823 won=1 mode=1 camera_scale=1 keep_scale=0
ATTR_RADIUS o=77 raw_norm=10089.035881416286 norm=0.13521073896378735 radius=0.13521073896378727 next_radius=0.27042147792757454 lambda=3.0426873814494459e-05 next_lambda=7.6067184536236147e-06 rho=1.0626347263615885 accept=1
CLASSICAL_LM o=77 lambda=3.0426873814494459e-05 tau=3.0426873814494459e-05 prediction=49.997837151165342 rho=1.0626347263615885 accept=1
  MFCG it  78 cost=1.786856e+06 lam=7.607e-06 tau=0.00e+00 cg_it=4 shift=0 ckpt=5 alpha=0 acc mv=309
PCG_PREP o=78 rebuild=1 drift=0 previous_depth=5
POINT_SAFE o=78 frozen=29657 slope=-26.285455524228784 candidate=1786835.4442053267 original=inf current=1786855.9988444825 won=1 mode=1 camera_scale=1 keep_scale=0
ATTR_RADIUS o=78 raw_norm=16980.267829679749 norm=0.27042147792757454 radius=0.27042147792757454 next_radius=0.54084295585514908 lambda=7.6067184536236147e-06 next_lambda=1.9016796134059037e-06 rho=0.98478677116031166 accept=1
CLASSICAL_LM o=78 lambda=7.6067184536236147e-06 tau=7.6067184536236147e-06 prediction=20.872172289160037 rho=0.98478677116031166 accept=1
  MFCG it  79 cost=1.786835e+06 lam=1.902e-06 tau=0.00e+00 cg_it=2 shift=0 ckpt=3 alpha=0 acc mv=313
PCG_PREP o=79 rebuild=1 drift=0 previous_depth=3
POINT_SAFE o=79 frozen=6677 slope=-28.256822152703752 candidate=1786815.3288451701 original=inf current=1786835.4442053267 won=1 mode=1 camera_scale=1 keep_scale=0
ATTR_RADIUS o=79 raw_norm=31745.964510915721 norm=0.54084295585514885 radius=0.54084295585514908 next_radius=1.0816859117102982 lambda=1.9016796134059037e-06 next_lambda=1.7710771536509534e-06 rho=0.82046177423131894 accept=1
CLASSICAL_LM o=79 lambda=1.9016796134059037e-06 tau=1.9016796134059037e-06 prediction=24.517120466067791 rho=0.82046177423131894 accept=1
  MFCG it  80 cost=1.786815e+06 lam=1.771e-06 tau=0.00e+00 cg_it=4 shift=0 ckpt=5 alpha=0 acc mv=319
PCG_PREP o=80 rebuild=1 drift=0 previous_depth=5
POINT_SAFE o=80 frozen=1608 slope=-13.750181052910211 candidate=1786804.3373373905 original=1762005.6379194378 current=1786815.3288451701 won=0 mode=1 camera_scale=1 keep_scale=0
ATTR_RADIUS o=80 raw_norm=32354.286031915723 norm=0.067605369481893662 radius=1.0816859117102982 next_radius=1.0816859117102982 lambda=1.7710771536509534e-06 next_lambda=1.7710771536509534e-06 rho=5.8991133762116235 accept=1
CLASSICAL_LM o=80 lambda=1.7710771536509534e-06 tau=1.7710771536509534e-06 prediction=4205.6643674248035 rho=5.8991133762116235 accept=1
  MFCG it  81 cost=1.762006e+06 lam=1.771e-06 tau=0.00e+00 cg_it=4 shift=0 ckpt=5 alpha=0 acc mv=325
PCG_PREP o=81 rebuild=1 drift=0 previous_depth=5
ATTR_RADIUS o=81 raw_norm=25273.67072699295 norm=1.0816859117102986 radius=1.0816859117102982 next_radius=2.1633718234205963 lambda=1.7710771536509534e-06 next_lambda=1.7710771536509534e-06 rho=0.97726170934370782 accept=1
CLASSICAL_LM o=81 lambda=1.7710771536509534e-06 tau=1.7710771536509534e-06 prediction=11183.287752859427 rho=0.97726170934370782 accept=1
  MFCG it  82 cost=1.751077e+06 lam=1.771e-06 tau=0.00e+00 cg_it=2 shift=0 ckpt=3 alpha=0 acc mv=329
PCG_PREP o=82 rebuild=1 drift=0 previous_depth=3
ATTR_RADIUS o=82 raw_norm=25251.252790352861 norm=2.1633718234205976 radius=2.1633718234205963 next_radius=4.3267436468411926 lambda=1.7710771536509534e-06 next_lambda=1.7710771536509534e-06 rho=0.99516770650451181 accept=1
CLASSICAL_LM o=82 lambda=1.7710771536509534e-06 tau=1.7710771536509534e-06 prediction=260.30281734997288 rho=0.99516770650451181 accept=1
  MFCG it  83 cost=1.750818e+06 lam=1.771e-06 tau=0.00e+00 cg_it=2 shift=0 ckpt=3 alpha=0 acc mv=333
PCG_PREP o=83 rebuild=1 drift=0 previous_depth=3
ATTR_RADIUS o=83 raw_norm=25204.160306738682 norm=4.3267436468411935 radius=4.3267436468411926 next_radius=8.6534872936823852 lambda=1.7710771536509534e-06 next_lambda=1.7710771536509534e-06 rho=0.96074124686296514 accept=1
CLASSICAL_LM o=83 lambda=1.7710771536509534e-06 tau=1.7710771536509534e-06 prediction=7.4494722643447826 rho=0.96074124686296514 accept=1
  MFCG it  84 cost=1.750810e+06 lam=1.771e-06 tau=0.00e+00 cg_it=2 shift=0 ckpt=3 alpha=0 acc mv=337
PCG_PREP o=84 rebuild=1 drift=0 previous_depth=3
ATTR_RADIUS o=84 raw_norm=25167.086481442009 norm=8.653487293682387 radius=8.6534872936823852 next_radius=17.30697458736477 lambda=1.7710771536509534e-06 next_lambda=1.7710771536509534e-06 rho=0.97995688791523627 accept=1
CLASSICAL_LM o=84 lambda=1.7710771536509534e-06 tau=1.7710771536509534e-06 prediction=8.8943280876462278 rho=0.97995688791523627 accept=1
  MFCG it  85 cost=1.750802e+06 lam=1.771e-06 tau=0.00e+00 cg_it=2 shift=0 ckpt=3 alpha=0 acc mv=341
PCG_PREP o=85 rebuild=1 drift=0 previous_depth=3
ATTR_RADIUS o=85 raw_norm=25148.396299042382 norm=17.306974587364767 radius=17.30697458736477 next_radius=34.613949174729541 lambda=1.7710771536509534e-06 next_lambda=1.7710771536509534e-06 rho=0.99214596234525843 accept=1
CLASSICAL_LM o=85 lambda=1.7710771536509534e-06 tau=1.7710771536509534e-06 prediction=14.757307377849513 rho=0.99214596234525843 accept=1
  MFCG it  86 cost=1.750787e+06 lam=1.771e-06 tau=0.00e+00 cg_it=2 shift=0 ckpt=3 alpha=0 acc mv=345
PCG_PREP o=86 rebuild=1 drift=0 previous_depth=3
ATTR_RADIUS o=86 raw_norm=25136.858908942719 norm=34.613949174729548 radius=34.613949174729541 next_radius=69.227898349459082 lambda=1.7710771536509534e-06 next_lambda=1.7710771536509534e-06 rho=0.99704981312005669 accept=1
CLASSICAL_LM o=86 lambda=1.7710771536509534e-06 tau=1.7710771536509534e-06 prediction=27.289334975482376 rho=0.99704981312005669 accept=1
  MFCG it  87 cost=1.750760e+06 lam=1.771e-06 tau=0.00e+00 cg_it=2 shift=0 ckpt=3 alpha=0 acc mv=349
PCG_PREP o=87 rebuild=1 drift=0 previous_depth=3
ATTR_RADIUS o=87 raw_norm=25121.423963550184 norm=69.227898349459096 radius=69.227898349459082 next_radius=138.45579669891816 lambda=1.7710771536509534e-06 next_lambda=1.7710771536509534e-06 rho=0.9987774228331775 accept=1
CLASSICAL_LM o=87 lambda=1.7710771536509534e-06 tau=1.7710771536509534e-06 prediction=52.810380585535754 rho=0.9987774228331775 accept=1
  MFCG it  88 cost=1.750707e+06 lam=1.771e-06 tau=0.00e+00 cg_it=2 shift=0 ckpt=3 alpha=0 acc mv=353
PCG_PREP o=88 rebuild=1 drift=0 previous_depth=3
ATTR_RADIUS o=88 raw_norm=25093.749056780307 norm=138.45579669891822 radius=138.45579669891816 next_radius=276.91159339783633 lambda=1.7710771536509534e-06 next_lambda=1.7710771536509534e-06 rho=0.99922923641984052 accept=1
CLASSICAL_LM o=88 lambda=1.7710771536509534e-06 tau=1.7710771536509534e-06 prediction=103.99831207229965 rho=0.99922923641984052 accept=1
  MFCG it  89 cost=1.750603e+06 lam=1.771e-06 tau=0.00e+00 cg_it=2 shift=0 ckpt=3 alpha=0 acc mv=357
PCG_PREP o=89 rebuild=1 drift=0 previous_depth=3
ATTR_RADIUS o=89 raw_norm=25040.713222936905 norm=276.91159339783644 radius=276.91159339783633 next_radius=553.82318679567265 lambda=1.7710771536509534e-06 next_lambda=1.7710771536509534e-06 rho=0.99896128687899099 accept=1
CLASSICAL_LM o=89 lambda=1.7710771536509534e-06 tau=1.7710771536509534e-06 prediction=205.80280921842379 rho=0.99896128687899099 accept=1
  MFCG it  90 cost=1.750398e+06 lam=1.771e-06 tau=0.00e+00 cg_it=2 shift=0 ckpt=3 alpha=0 acc mv=361
PCG_PREP o=90 rebuild=1 drift=0 previous_depth=3
ATTR_RADIUS o=90 raw_norm=24943.378730047956 norm=553.82318679567277 radius=553.82318679567265 next_radius=1107.6463735913453 lambda=1.7710771536509534e-06 next_lambda=1.7710771536509534e-06 rho=0.99767217139780906 accept=1
CLASSICAL_LM o=90 lambda=1.7710771536509534e-06 tau=1.7710771536509534e-06 prediction=406.1311875491873 rho=0.99767217139780906 accept=1
  MFCG it  91 cost=1.749992e+06 lam=1.771e-06 tau=0.00e+00 cg_it=2 shift=0 ckpt=3 alpha=0 acc mv=365
PCG_PREP o=91 rebuild=1 drift=0 previous_depth=3
ATTR_RADIUS o=91 raw_norm=24786.173729611099 norm=1107.6463735913455 radius=1107.6463735913453 next_radius=2215.2927471826906 lambda=1.7710771536509534e-06 next_lambda=1.7710771536509534e-06 rho=0.9932480125287857 accept=1
CLASSICAL_LM o=91 lambda=1.7710771536509534e-06 tau=1.7710771536509534e-06 prediction=791.97345742709956 rho=0.9932480125287857 accept=1
  MFCG it  92 cost=1.749206e+06 lam=1.771e-06 tau=0.00e+00 cg_it=2 shift=0 ckpt=3 alpha=0 acc mv=369
PCG_PREP o=92 rebuild=1 drift=0 previous_depth=3
ATTR_RADIUS o=92 raw_norm=24609.916679431488 norm=2215.2927471826911 radius=2215.2927471826906 next_radius=4430.5854943653812 lambda=1.7710771536509534e-06 next_lambda=1.7710771536509534e-06 rho=0.97590697949587768 accept=1
CLASSICAL_LM o=92 lambda=1.7710771536509534e-06 tau=1.7710771536509534e-06 prediction=1500.9326924196066 rho=0.97590697949587768 accept=1
  MFCG it  93 cost=1.747741e+06 lam=1.771e-06 tau=0.00e+00 cg_it=2 shift=0 ckpt=3 alpha=0 acc mv=373
PCG_PREP o=93 rebuild=1 drift=0 previous_depth=3
ATTR_RADIUS o=93 raw_norm=24595.05533753979 norm=4430.5854943653821 radius=4430.5854943653812 next_radius=8861.1709887307625 lambda=1.7710771536509534e-06 next_lambda=1.7710771536509534e-06 rho=0.88957025170099358 accept=1
CLASSICAL_LM o=93 lambda=1.7710771536509534e-06 tau=1.7710771536509534e-06 prediction=2698.6647346401646 rho=0.88957025170099358 accept=1
  MFCG it  94 cost=1.745340e+06 lam=1.771e-06 tau=0.00e+00 cg_it=2 shift=0 ckpt=3 alpha=0 acc mv=377
PCG_PREP o=94 rebuild=1 drift=0 previous_depth=3
ATTR_RADIUS o=94 raw_norm=36554.649516595615 norm=8861.1709887307625 radius=8861.1709887307625 next_radius=8861.1709887307625 lambda=1.7710771536509534e-06 next_lambda=1.7710771536509534e-06 rho=0.37336281769196966 accept=1
CLASSICAL_LM o=94 lambda=1.7710771536509534e-06 tau=1.7710771536509534e-06 prediction=5108.5042593835724 rho=0.37336281769196966 accept=1
TARGET reached outer=95 seconds=5.577104224 cost=1743433.0577963931 threshold=1744796.9841897595
  MFCG: accepts=95 rejects=15 total_matvecs=383 negcurv=1 cand_evals=110 mean_cg_per_outer=4.0
NUMERIC_REPAIR summary rebuilds=1 floor=1.7710771536509534e-06
  [retry-cache] builds=111 reuses=0
  [menu-backtrack] trials=92 rescues=81 evals=615 total_scored=725
POINT_SAFE summary calls=92 evals=92 wins=49 frozen=307447 seconds=1.09548657
  [scoring] menu_evals=110 alpha_evals=0 backtrack_evals=615 total_scored=725
RESULT algo=mfree_shifted_cg iters=95 final_cost=1743433.0577963931 solve_seconds=5.598807
DIAGNOSTICS median_reproj_err_px 2.704502 -> 0.547398 | cheirality_violations(obs) 751 -> 762 | cheirality_violations(pts, of 310854) 725 -> 733
