  [menu-backtrack] active=1 max_evals=8 warmup_accepts=3 confirm_stop=original armijo=1e-4
MIXED_STORAGE fragments=fp32 arithmetic=fp64 state=fp64 acceptance=fp64
  [compact-fragments] active=2 saved_bytes=171996448 storage=fp32 camera_reads=contiguous
  MFCG score_init=90993342.024340227 precision=fp64
PCG_PREP o=0 rebuild=1 drift=0 previous_depth=0
ATTR_RADIUS o=0 raw_norm=8654.3112787736609 norm=8654.3112787736609 radius=8654.3112787736609 next_radius=17308.622557547322 lambda=0.10000000000000001 next_lambda=0.025000000000000001 rho=0.99507286850801357 accept=1
CLASSICAL_LM o=0 lambda=0.10000000000000001 tau=0.10000000000000001 prediction=84864420.877438009 rho=0.99507286850801357 accept=1
  MFCG it   1 cost=6.547059e+06 lam=2.500e-02 tau=0.00e+00 cg_it=1 shift=0 ckpt=2 alpha=0 acc mv=3
PCG_PREP o=1 rebuild=1 drift=0 previous_depth=2
ATTR_RADIUS o=1 raw_norm=4520.1218016454004 norm=4520.1218016454004 radius=17308.622557547322 next_radius=17308.622557547322 lambda=0.025000000000000001 next_lambda=0.0025000000000000005 rho=0.99296682315351781 accept=1
CLASSICAL_LM o=1 lambda=0.025000000000000001 tau=0.025000000000000001 prediction=2867069.0824532425 rho=0.99296682315351781 accept=1
  MFCG it   2 cost=3.700155e+06 lam=2.500e-03 tau=0.00e+00 cg_it=4 shift=0 ckpt=5 alpha=0 acc mv=9
PCG_PREP o=2 rebuild=1 drift=0 previous_depth=5
ATTR_RADIUS o=2 raw_norm=6968.9240849359494 norm=6968.9240849359494 radius=17308.622557547322 next_radius=17308.622557547322 lambda=0.0025000000000000005 next_lambda=0.00025000000000000006 rho=0.82396369454833662 accept=1
CLASSICAL_LM o=2 lambda=0.0025000000000000005 tau=0.0025000000000000005 prediction=1214583.7570763589 rho=0.82396369454833662 accept=1
  MFCG it   3 cost=2.699382e+06 lam=2.500e-04 tau=0.00e+00 cg_it=10 shift=0 ckpt=11 alpha=0 acc mv=21
PCG_PREP o=3 rebuild=1 drift=0 previous_depth=11
ATTR_RADIUS o=3 raw_norm=10916.630822874406 norm=10916.630822874406 radius=17308.622557547322 next_radius=17308.622557547322 lambda=0.00025000000000000006 next_lambda=2.5000000000000008e-05 rho=0.55635784350159345 accept=1
CLASSICAL_LM o=3 lambda=0.00025000000000000006 tau=0.00025000000000000006 prediction=649723.47305911116 rho=0.55635784350159345 accept=1
  MFCG it   4 cost=2.337903e+06 lam=2.500e-05 tau=0.00e+00 cg_it=0 shift=0 ckpt=1 alpha=0 acc mv=23
PCG_PREP o=4 rebuild=1 drift=0 previous_depth=1
ATTR_RADIUS o=4 raw_norm=11563.92394653637 norm=11563.92394653637 radius=17308.622557547322 next_radius=17308.622557547322 lambda=2.5000000000000008e-05 next_lambda=2.5000000000000011e-06 rho=0.33598950002327782 accept=1
CLASSICAL_LM o=4 lambda=2.5000000000000008e-05 tau=2.5000000000000008e-05 prediction=366496.96448199614 rho=0.33598950002327782 accept=1
  MFCG it   5 cost=2.214764e+06 lam=2.500e-06 tau=0.00e+00 cg_it=0 shift=0 ckpt=1 alpha=0 acc mv=25
PCG_PREP o=5 rebuild=1 drift=0 previous_depth=1
ATTR_RADIUS o=5 raw_norm=55365.637631686717 norm=0 radius=17308.622557547322 next_radius=4327.1556393868304 lambda=2.5000000000000011e-06 next_lambda=4.0000000000000017e-05 rho=0.009878814617732835 accept=0
CLASSICAL_LM o=5 lambda=2.5000000000000011e-06 tau=2.5000000000000011e-06 prediction=312173.77581604623 rho=0.009878814617732835 accept=0
  MFCG it   6  retry 1/8  lam=4.000e-05 tau_eff=2.500e-06  (assembly reused)
PCG_PREP o=5 rebuild=1 drift=0 previous_depth=7
ATTR_RADIUS o=5 raw_norm=19503.044886137635 norm=4327.1556393868304 radius=4327.1556393868304 next_radius=4327.1556393868304 lambda=4.0000000000000017e-05 next_lambda=4.0000000000000017e-05 rho=0.61338535208339473 accept=1
CLASSICAL_LM o=5 lambda=4.0000000000000017e-05 tau=4.0000000000000017e-05 prediction=278559.78230552917 rho=0.61338535208339473 accept=1
  MFCG it   6 cost=2.043900e+06 lam=4.000e-05 tau=0.00e+00 cg_it=3 shift=0 ckpt=4 alpha=0 acc mv=38
PCG_PREP o=6 rebuild=1 drift=0 previous_depth=4
POINT_SAFE o=6 frozen=105 slope=-67282.788252948798 candidate=2000695.3951023719 original=2035188.6431221857 current=2043899.5368266855 won=1 mode=1 camera_scale=1 keep_scale=0
ATTR_RADIUS o=6 raw_norm=19328.44572702342 norm=4327.1556393868314 radius=4327.1556393868304 next_radius=8654.3112787736609 lambda=4.0000000000000017e-05 next_lambda=1.0000000000000004e-05 rho=0.92074523116660123 accept=1
CLASSICAL_LM o=6 lambda=4.0000000000000017e-05 tau=4.0000000000000017e-05 prediction=46923.014382136047 rho=0.92074523116660123 accept=1
  MFCG it   7 cost=2.000695e+06 lam=1.000e-05 tau=0.00e+00 cg_it=4 shift=0 ckpt=5 alpha=0 acc mv=44
PCG_PREP o=7 rebuild=1 drift=0 previous_depth=5
POINT_SAFE o=7 frozen=604 slope=-94636.599447975488 candidate=1954441.9854247011 original=1966291.6405076836 current=2000695.3951023719 won=1 mode=1 camera_scale=1 keep_scale=0
ATTR_RADIUS o=7 raw_norm=33936.12289012321 norm=8654.3112787736572 radius=8654.3112787736609 next_radius=17308.622557547322 lambda=1.0000000000000004e-05 next_lambda=2.5000000000000011e-06 rho=0.75287467878479319 accept=1
CLASSICAL_LM o=7 lambda=1.0000000000000004e-05 tau=1.0000000000000004e-05 prediction=61435.735562694084 rho=0.75287467878479319 accept=1
  MFCG it   8 cost=1.954442e+06 lam=2.500e-06 tau=0.00e+00 cg_it=6 shift=0 ckpt=7 alpha=0 acc mv=52
PCG_PREP o=8 rebuild=1 drift=0 previous_depth=7
POINT_SAFE o=8 frozen=883 slope=-70714.602766813143 candidate=1934929.0960448766 original=1927074.5888621269 current=1954441.9854247011 won=0 mode=1 camera_scale=1 keep_scale=0
ATTR_RADIUS o=8 raw_norm=56780.939698950489 norm=4327.1556393868323 radius=17308.622557547322 next_radius=17308.622557547322 lambda=2.5000000000000011e-06 next_lambda=2.5000000000000009e-07 rho=0.61151144795880141 accept=1
CLASSICAL_LM o=8 lambda=2.5000000000000011e-06 tau=2.5000000000000011e-06 prediction=44753.694561116354 rho=0.61151144795880141 accept=1
  MFCG it   9 cost=1.927075e+06 lam=2.500e-07 tau=0.00e+00 cg_it=7 shift=0 ckpt=8 alpha=0 acc mv=61
PCG_PREP o=9 rebuild=1 drift=0 previous_depth=8
POINT_SAFE o=9 frozen=967 slope=-46376.794985562636 candidate=1912355.92006103 original=1926260.7162617196 current=1927074.5888621269 won=1 mode=1 camera_scale=1 keep_scale=0
ATTR_RADIUS o=9 raw_norm=89117.120225635124 norm=17308.622557547314 radius=17308.622557547322 next_radius=17308.622557547322 lambda=2.5000000000000009e-07 next_lambda=2.5000000000000009e-07 rho=0.46023360134038938 accept=1
CLASSICAL_LM o=9 lambda=2.5000000000000009e-07 tau=2.5000000000000009e-07 prediction=31980.865278480655 rho=0.46023360134038938 accept=1
  MFCG it  10 cost=1.912356e+06 lam=2.500e-07 tau=0.00e+00 cg_it=7 shift=0 ckpt=8 alpha=0 acc mv=70
PCG_PREP o=10 rebuild=1 drift=0 previous_depth=8
POINT_SAFE o=10 frozen=728 slope=-34764.075207562433 candidate=2893259.4553371072 original=1911614.4483042408 current=1912355.92006103 won=0 mode=1 camera_scale=1 keep_scale=0
ATTR_RADIUS o=10 raw_norm=55872.923719427272 norm=270.44722746167696 radius=17308.622557547322 next_radius=17308.622557547322 lambda=2.5000000000000009e-07 next_lambda=2.5000000000000012e-08 rho=0.34339277303509519 accept=1
CLASSICAL_LM o=10 lambda=2.5000000000000009e-07 tau=2.5000000000000009e-07 prediction=2159.2526547242023 rho=0.34339277303509519 accept=1
  MFCG it  11 cost=1.911614e+06 lam=2.500e-08 tau=0.00e+00 cg_it=0 shift=0 ckpt=1 alpha=0 acc mv=72
PCG_PREP o=11 rebuild=1 drift=0 previous_depth=1
POINT_SAFE o=11 frozen=522 slope=-30206.613079508301 candidate=2473350.864226961 original=1911369.9482927443 current=1911614.4483042408 won=0 mode=1 camera_scale=1 keep_scale=0
ATTR_RADIUS o=11 raw_norm=95381.737309888355 norm=135.22361373083842 radius=17308.622557547322 next_radius=4327.1556393868304 lambda=2.5000000000000012e-08 next_lambda=4.0000000000000019e-07 rho=0.23392293556990237 accept=1
CLASSICAL_LM o=11 lambda=2.5000000000000012e-08 tau=2.5000000000000012e-08 prediction=1045.2160704157016 rho=0.23392293556990237 accept=1
  MFCG it  12 cost=1.911370e+06 lam=4.000e-07 tau=0.00e+00 cg_it=0 shift=0 ckpt=1 alpha=0 acc mv=74
PCG_PREP o=12 rebuild=1 drift=0 previous_depth=1
POINT_SAFE o=12 frozen=187 slope=-26756.062764058912 candidate=1907048.5160231099 original=1911127.5812439134 current=1911369.9482927443 won=1 mode=1 camera_scale=1 keep_scale=0
ATTR_RADIUS o=12 raw_norm=46793.772166742441 norm=4327.1556393868304 radius=4327.1556393868304 next_radius=4327.1556393868304 lambda=4.0000000000000019e-07 next_lambda=4.0000000000000019e-07 rho=0.29348888707249671 accept=1
CLASSICAL_LM o=12 lambda=4.0000000000000019e-07 tau=4.0000000000000019e-07 prediction=14724.347189905626 rho=0.29348888707249671 accept=1
  MFCG it  13 cost=1.907049e+06 lam=4.000e-07 tau=0.00e+00 cg_it=0 shift=0 ckpt=1 alpha=0 acc mv=76
PCG_PREP o=13 rebuild=1 drift=0 previous_depth=1
POINT_SAFE o=13 frozen=323 slope=-9197.161230074882 candidate=1915152.4882909921 original=1906943.7720974651 current=1907048.5160231099 won=0 mode=1 camera_scale=1 keep_scale=0
ATTR_RADIUS o=13 raw_norm=38249.58094200222 norm=33.80590343270962 radius=4327.1556393868304 next_radius=1081.7889098467076 lambda=4.0000000000000019e-07 next_lambda=6.4000000000000031e-06 rho=0.11900162643584056 accept=1
CLASSICAL_LM o=13 lambda=4.0000000000000019e-07 tau=4.0000000000000019e-07 prediction=880.18902583029603 rho=0.11900162643584056 accept=1
  MFCG it  14 cost=1.906944e+06 lam=6.400e-06 tau=0.00e+00 cg_it=0 shift=0 ckpt=1 alpha=0 acc mv=78
PCG_PREP o=14 rebuild=1 drift=0 previous_depth=1
POINT_SAFE o=14 frozen=189 slope=-8325.8794050947909 candidate=1900880.2053308866 original=1906733.0988364914 current=1906943.7720974651 won=1 mode=1 camera_scale=1 keep_scale=0
ATTR_RADIUS o=14 raw_norm=10709.1641456045 norm=1081.7889098467074 radius=1081.7889098467076 next_radius=2163.5778196934152 lambda=6.4000000000000031e-06 next_lambda=1.6000000000000008e-06 rho=0.98333085288594857 accept=1
CLASSICAL_LM o=14 lambda=6.4000000000000031e-06 tau=6.4000000000000031e-06 prediction=6166.3546392169928 rho=0.98333085288594857 accept=1
  MFCG it  15 cost=1.900880e+06 lam=1.600e-06 tau=0.00e+00 cg_it=0 shift=0 ckpt=1 alpha=0 acc mv=80
PCG_PREP o=15 rebuild=1 drift=0 previous_depth=1
POINT_SAFE o=15 frozen=431 slope=-4207.8145825762676 candidate=1899641.9217097466 original=1900693.0961944957 current=1900880.2053308866 won=1 mode=1 camera_scale=1 keep_scale=0
ATTR_RADIUS o=15 raw_norm=21650.824829517747 norm=2163.5778196934166 radius=2163.5778196934152 next_radius=2163.5778196934152 lambda=1.6000000000000008e-06 next_lambda=1.6000000000000008e-06 rho=0.32301673285380511 accept=1
CLASSICAL_LM o=15 lambda=1.6000000000000008e-06 tau=1.6000000000000008e-06 prediction=3833.4968290961415 rho=0.32301673285380511 accept=1
  MFCG it  16 cost=1.899642e+06 lam=1.600e-06 tau=0.00e+00 cg_it=0 shift=0 ckpt=1 alpha=0 acc mv=82
PCG_PREP o=16 rebuild=1 drift=0 previous_depth=1
POINT_SAFE o=16 frozen=254 slope=-4073.8471175232412 candidate=1898808.4428892788 original=1899121.1351222259 current=1899641.9217097466 won=1 mode=1 camera_scale=1 keep_scale=0
ATTR_RADIUS o=16 raw_norm=21572.522740908495 norm=2163.5778196934143 radius=2163.5778196934152 next_radius=540.89445492335381 lambda=1.6000000000000008e-06 next_lambda=2.5600000000000012e-05 rho=0.22222270751236614 accept=1
CLASSICAL_LM o=16 lambda=1.6000000000000008e-06 tau=1.6000000000000008e-06 prediction=3750.6465014222385 rho=0.22222270751236614 accept=1
  MFCG it  17 cost=1.898808e+06 lam=2.560e-05 tau=0.00e+00 cg_it=0 shift=0 ckpt=1 alpha=0 acc mv=84
PCG_PREP o=17 rebuild=1 drift=0 previous_depth=1
POINT_SAFE o=17 frozen=45 slope=-3657.3874463840889 candidate=1895426.6349770944 original=1898550.7358735015 current=1898808.4428892788 won=1 mode=1 camera_scale=1 keep_scale=0
ATTR_RADIUS o=17 raw_norm=5907.1257929623316 norm=540.89445492335369 radius=540.89445492335381 next_radius=1081.7889098467076 lambda=2.5600000000000012e-05 next_lambda=6.4000000000000031e-06 rho=1.01230081641478 accept=1
CLASSICAL_LM o=17 lambda=2.5600000000000012e-05 tau=2.5600000000000012e-05 prediction=3340.7143976842649 rho=1.01230081641478 accept=1
  MFCG it  18 cost=1.895427e+06 lam=6.400e-06 tau=0.00e+00 cg_it=0 shift=0 ckpt=1 alpha=0 acc mv=86
PCG_PREP o=18 rebuild=1 drift=0 previous_depth=1
POINT_SAFE o=18 frozen=203 slope=-3197.9811617124265 candidate=1892860.9261235988 original=1895362.9787542254 current=1895426.6349770944 won=1 mode=1 camera_scale=1 keep_scale=0
ATTR_RADIUS o=18 raw_norm=11311.201459715794 norm=1081.7889098467076 radius=1081.7889098467076 next_radius=2163.5778196934152 lambda=6.4000000000000031e-06 next_lambda=1.6000000000000008e-06 rho=0.8496216080772605 accept=1
CLASSICAL_LM o=18 lambda=6.4000000000000031e-06 tau=6.4000000000000031e-06 prediction=3019.8253305984972 rho=0.8496216080772605 accept=1
  MFCG it  19 cost=1.892861e+06 lam=1.600e-06 tau=0.00e+00 cg_it=0 shift=0 ckpt=1 alpha=0 acc mv=88
PCG_PREP o=19 rebuild=1 drift=0 previous_depth=1
POINT_SAFE o=19 frozen=345 slope=-2925.459884867284 candidate=1893736.0008505888 original=1892507.9414134277 current=1892860.9261235988 won=0 mode=1 camera_scale=1 keep_scale=0
ATTR_RADIUS o=19 raw_norm=22883.259773150439 norm=67.611806865419226 radius=2163.5778196934152 next_radius=540.89445492335381 lambda=1.6000000000000008e-06 next_lambda=2.5600000000000012e-05 rho=0.10733230178193391 accept=1
CLASSICAL_LM o=19 lambda=1.6000000000000008e-06 tau=1.6000000000000008e-06 prediction=3288.709030840279 rho=0.10733230178193391 accept=1
  MFCG it  20 cost=1.892508e+06 lam=2.560e-05 tau=0.00e+00 cg_it=0 shift=0 ckpt=1 alpha=0 acc mv=90
PCG_PREP o=20 rebuild=1 drift=0 previous_depth=1
POINT_SAFE o=20 frozen=54 slope=-2606.3979176328926 candidate=1890043.3667363613 original=1891898.7799605222 current=1892507.9414134277 won=1 mode=1 camera_scale=1 keep_scale=0
ATTR_RADIUS o=20 raw_norm=5994.0675749555776 norm=540.89445492335392 radius=540.89445492335381 next_radius=1081.7889098467076 lambda=2.5600000000000012e-05 next_lambda=6.4000000000000031e-06 rho=0.99992065105341199 accept=1
CLASSICAL_LM o=20 lambda=2.5600000000000012e-05 tau=2.5600000000000012e-05 prediction=2464.7702539896472 rho=0.99992065105341199 accept=1
  MFCG it  21 cost=1.890043e+06 lam=6.400e-06 tau=0.00e+00 cg_it=0 shift=0 ckpt=1 alpha=0 acc mv=92
PCG_PREP o=21 rebuild=1 drift=0 previous_depth=1
POINT_SAFE o=21 frozen=334 slope=-2436.0530853864352 candidate=1888174.5068466256 original=1889438.8686324637 current=1890043.3667363613 won=1 mode=1 camera_scale=1 keep_scale=0
ATTR_RADIUS o=21 raw_norm=11688.703056800079 norm=1081.7889098467072 radius=1081.7889098467076 next_radius=2163.5778196934152 lambda=6.4000000000000031e-06 next_lambda=1.6000000000000008e-06 rho=0.81172977885008724 accept=1
CLASSICAL_LM o=21 lambda=6.4000000000000031e-06 tau=6.4000000000000031e-06 prediction=2302.317764395887 rho=0.81172977885008724 accept=1
  MFCG it  22 cost=1.888175e+06 lam=1.600e-06 tau=0.00e+00 cg_it=0 shift=0 ckpt=1 alpha=0 acc mv=94
PCG_PREP o=22 rebuild=1 drift=0 previous_depth=1
POINT_SAFE o=22 frozen=403 slope=-2289.5718374165313 candidate=1889253.6899656244 original=1887344.6154744944 current=1888174.5068466256 won=0 mode=1 camera_scale=1 keep_scale=0
ATTR_RADIUS o=22 raw_norm=23523.006709297366 norm=33.805903432709599 radius=2163.5778196934152 next_radius=2163.5778196934152 lambda=1.6000000000000008e-06 next_lambda=1.6000000000000008e-07 rho=0.50651147253437623 accept=1
CLASSICAL_LM o=22 lambda=1.6000000000000008e-06 tau=1.6000000000000008e-06 prediction=1638.4453603365521 rho=0.50651147253437623 accept=1
  MFCG it  23 cost=1.887345e+06 lam=1.600e-07 tau=0.00e+00 cg_it=0 shift=0 ckpt=1 alpha=0 acc mv=96
PCG_PREP o=23 rebuild=1 drift=0 previous_depth=1
POINT_SAFE o=23 frozen=370 slope=-1324.0923661271277 candidate=1914860.0388342901 original=1836810.1802064255 current=1887344.6154744944 won=0 mode=1 camera_scale=1 keep_scale=0
ATTR_RADIUS o=23 raw_norm=48087.163317368148 norm=33.805903432709606 radius=2163.5778196934152 next_radius=2163.5778196934152 lambda=1.6000000000000008e-07 next_lambda=1.6000000000000008e-08 rho=32.079956399964914 accept=1
CLASSICAL_LM o=23 lambda=1.6000000000000008e-07 tau=1.6000000000000008e-07 prediction=1575.2650857132771 rho=32.079956399964914 accept=1
  MFCG it  24 cost=1.836810e+06 lam=1.600e-08 tau=0.00e+00 cg_it=0 shift=0 ckpt=1 alpha=0 acc mv=98
PCG_PREP o=24 rebuild=1 drift=0 previous_depth=1
ATTR_RADIUS o=24 raw_norm=86653.731755401168 norm=2163.5778196934152 radius=2163.5778196934152 next_radius=540.89445492335381 lambda=1.6000000000000008e-08 next_lambda=2.5600000000000012e-07 rho=0.22215415974416097 accept=1
CLASSICAL_LM o=24 lambda=1.6000000000000008e-08 tau=1.6000000000000008e-08 prediction=1136.8913025237762 rho=0.22215415974416097 accept=1
  MFCG it  25 cost=1.836558e+06 lam=2.560e-07 tau=0.00e+00 cg_it=0 shift=0 ckpt=1 alpha=0 acc mv=100
PCG_PREP o=25 rebuild=1 drift=0 previous_depth=1
ATTR_RADIUS o=25 raw_norm=42778.629500680727 norm=540.89445492335415 radius=540.89445492335381 next_radius=540.89445492335381 lambda=2.5600000000000012e-07 next_lambda=2.5600000000000012e-07 rho=0.59665368741502123 accept=1
CLASSICAL_LM o=25 lambda=2.5600000000000012e-07 tau=2.5600000000000012e-07 prediction=358.34253473092275 rho=0.59665368741502123 accept=1
  MFCG it  26 cost=1.836344e+06 lam=2.560e-07 tau=0.00e+00 cg_it=0 shift=0 ckpt=1 alpha=0 acc mv=102
PCG_PREP o=26 rebuild=1 drift=0 previous_depth=1
ATTR_RADIUS o=26 raw_norm=41999.791434706916 norm=540.89445492335381 radius=540.89445492335381 next_radius=540.89445492335381 lambda=2.5600000000000012e-07 next_lambda=2.5600000000000012e-07 rho=0.58999836431626795 accept=1
CLASSICAL_LM o=26 lambda=2.5600000000000012e-07 tau=2.5600000000000012e-07 prediction=329.5806048313039 rho=0.58999836431626795 accept=1
  MFCG it  27 cost=1.836149e+06 lam=2.560e-07 tau=0.00e+00 cg_it=0 shift=0 ckpt=1 alpha=0 acc mv=104
PCG_PREP o=27 rebuild=1 drift=0 previous_depth=1
ATTR_RADIUS o=27 raw_norm=41614.059579490677 norm=540.89445492335392 radius=540.89445492335381 next_radius=540.89445492335381 lambda=2.5600000000000012e-07 next_lambda=2.5600000000000012e-07 rho=0.5971553268687505 accept=1
CLASSICAL_LM o=27 lambda=2.5600000000000012e-07 tau=2.5600000000000012e-07 prediction=325.82610422539949 rho=0.5971553268687505 accept=1
  MFCG it  28 cost=1.835955e+06 lam=2.560e-07 tau=0.00e+00 cg_it=0 shift=0 ckpt=1 alpha=0 acc mv=106
PCG_PREP o=28 rebuild=1 drift=0 previous_depth=1
ATTR_RADIUS o=28 raw_norm=41236.071717791514 norm=540.89445492335392 radius=540.89445492335381 next_radius=540.89445492335381 lambda=2.5600000000000012e-07 next_lambda=2.5600000000000012e-07 rho=0.60545247259217361 accept=1
CLASSICAL_LM o=28 lambda=2.5600000000000012e-07 tau=2.5600000000000012e-07 prediction=324.87500200998943 rho=0.60545247259217361 accept=1
  MFCG it  29 cost=1.835758e+06 lam=2.560e-07 tau=0.00e+00 cg_it=0 shift=0 ckpt=1 alpha=0 acc mv=108
PCG_PREP o=29 rebuild=1 drift=0 previous_depth=1
ATTR_RADIUS o=29 raw_norm=40872.97489249942 norm=540.89445492335369 radius=540.89445492335381 next_radius=540.89445492335381 lambda=2.5600000000000012e-07 next_lambda=2.5600000000000012e-07 rho=0.61404423991675372 accept=1
CLASSICAL_LM o=29 lambda=2.5600000000000012e-07 tau=2.5600000000000012e-07 prediction=324.44456077542861 rho=0.61404423991675372 accept=1
  MFCG it  30 cost=1.835559e+06 lam=2.560e-07 tau=0.00e+00 cg_it=0 shift=0 ckpt=1 alpha=0 acc mv=110
PCG_PREP o=30 rebuild=1 drift=0 previous_depth=1
ATTR_RADIUS o=30 raw_norm=40527.334390011019 norm=540.89445492335403 radius=540.89445492335381 next_radius=540.89445492335381 lambda=2.5600000000000012e-07 next_lambda=2.5600000000000012e-07 rho=0.6226829086583896 accept=1
CLASSICAL_LM o=30 lambda=2.5600000000000012e-07 tau=2.5600000000000012e-07 prediction=324.05091786610387 rho=0.6226829086583896 accept=1
  MFCG it  31 cost=1.835357e+06 lam=2.560e-07 tau=0.00e+00 cg_it=0 shift=0 ckpt=1 alpha=0 acc mv=112
PCG_PREP o=31 rebuild=1 drift=0 previous_depth=1
ATTR_RADIUS o=31 raw_norm=40195.35436115125 norm=540.89445492335358 radius=540.89445492335381 next_radius=540.89445492335381 lambda=2.5600000000000012e-07 next_lambda=2.5600000000000012e-07 rho=0.63122461429154475 accept=1
CLASSICAL_LM o=31 lambda=2.5600000000000012e-07 tau=2.5600000000000012e-07 prediction=323.6032020016562 rho=0.63122461429154475 accept=1
  MFCG it  32 cost=1.835153e+06 lam=2.560e-07 tau=0.00e+00 cg_it=0 shift=0 ckpt=1 alpha=0 acc mv=114
PCG_PREP o=32 rebuild=1 drift=0 previous_depth=1
ATTR_RADIUS o=32 raw_norm=39870.07090729622 norm=540.89445492335392 radius=540.89445492335381 next_radius=540.89445492335381 lambda=2.5600000000000012e-07 next_lambda=2.5600000000000012e-07 rho=0.6396669717238872 accept=1
CLASSICAL_LM o=32 lambda=2.5600000000000012e-07 tau=2.5600000000000012e-07 prediction=323.04652655554338 rho=0.6396669717238872 accept=1
  MFCG it  33 cost=1.834946e+06 lam=2.560e-07 tau=0.00e+00 cg_it=0 shift=0 ckpt=1 alpha=0 acc mv=116
PCG_PREP o=33 rebuild=1 drift=0 previous_depth=1
ATTR_RADIUS o=33 raw_norm=39546.233156237307 norm=540.89445492335369 radius=540.89445492335381 next_radius=540.89445492335381 lambda=2.5600000000000012e-07 next_lambda=2.5600000000000012e-07 rho=0.64793847207598865 accept=1
CLASSICAL_LM o=33 lambda=2.5600000000000012e-07 tau=2.5600000000000012e-07 prediction=322.4055736653961 rho=0.64793847207598865 accept=1
  MFCG it  34 cost=1.834737e+06 lam=2.560e-07 tau=0.00e+00 cg_it=0 shift=0 ckpt=1 alpha=0 acc mv=118
PCG_PREP o=34 rebuild=1 drift=0 previous_depth=1
ATTR_RADIUS o=34 raw_norm=39234.563564259246 norm=540.89445492335381 radius=540.89445492335381 next_radius=540.89445492335381 lambda=2.5600000000000012e-07 next_lambda=2.5600000000000012e-07 rho=0.6561747908739699 accept=1
CLASSICAL_LM o=34 lambda=2.5600000000000012e-07 tau=2.5600000000000012e-07 prediction=321.53975529494062 rho=0.6561747908739699 accept=1
  MFCG it  35 cost=1.834526e+06 lam=2.560e-07 tau=0.00e+00 cg_it=0 shift=0 ckpt=1 alpha=0 acc mv=120
PCG_PREP o=35 rebuild=1 drift=0 previous_depth=1
ATTR_RADIUS o=35 raw_norm=38919.037589838008 norm=540.89445492335381 radius=540.89445492335381 next_radius=540.89445492335381 lambda=2.5600000000000012e-07 next_lambda=2.5600000000000012e-07 rho=0.664197567713112 accept=1
CLASSICAL_LM o=35 lambda=2.5600000000000012e-07 tau=2.5600000000000012e-07 prediction=320.59319755257974 rho=0.664197567713112 accept=1
  MFCG it  36 cost=1.834313e+06 lam=2.560e-07 tau=0.00e+00 cg_it=0 shift=0 ckpt=1 alpha=0 acc mv=122
PCG_PREP o=36 rebuild=1 drift=0 previous_depth=1
ATTR_RADIUS o=36 raw_norm=38630.556252371345 norm=540.89445492335403 radius=540.89445492335381 next_radius=540.89445492335381 lambda=2.5600000000000012e-07 next_lambda=2.5600000000000012e-07 rho=0.67226691241202008 accept=1
CLASSICAL_LM o=36 lambda=2.5600000000000012e-07 tau=2.5600000000000012e-07 prediction=319.39080063646134 rho=0.67226691241202008 accept=1
  MFCG it  37 cost=1.834099e+06 lam=2.560e-07 tau=0.00e+00 cg_it=0 shift=0 ckpt=1 alpha=0 acc mv=124
PCG_PREP o=37 rebuild=1 drift=0 previous_depth=1
ATTR_RADIUS o=37 raw_norm=38339.733736135357 norm=540.89445492335369 radius=540.89445492335381 next_radius=540.89445492335381 lambda=2.5600000000000012e-07 next_lambda=2.5600000000000012e-07 rho=0.68009168640463202 accept=1
CLASSICAL_LM o=37 lambda=2.5600000000000012e-07 tau=2.5600000000000012e-07 prediction=318.19765224447389 rho=0.68009168640463202 accept=1
  MFCG it  38 cost=1.833882e+06 lam=2.560e-07 tau=0.00e+00 cg_it=0 shift=0 ckpt=1 alpha=0 acc mv=126
PCG_PREP o=38 rebuild=1 drift=0 previous_depth=1
ATTR_RADIUS o=38 raw_norm=38073.581157092311 norm=540.89445492335381 radius=540.89445492335381 next_radius=540.89445492335381 lambda=2.5600000000000012e-07 next_lambda=2.5600000000000012e-07 rho=0.68795668969842061 accept=1
CLASSICAL_LM o=38 lambda=2.5600000000000012e-07 tau=2.5600000000000012e-07 prediction=316.76512752457046 rho=0.68795668969842061 accept=1
  MFCG it  39 cost=1.833664e+06 lam=2.560e-07 tau=0.00e+00 cg_it=0 shift=0 ckpt=1 alpha=0 acc mv=128
PCG_PREP o=39 rebuild=1 drift=0 previous_depth=1
ATTR_RADIUS o=39 raw_norm=37808.557946015928 norm=540.89445492335369 radius=540.89445492335381 next_radius=540.89445492335381 lambda=2.5600000000000012e-07 next_lambda=2.5600000000000012e-07 rho=0.69563676929858564 accept=1
CLASSICAL_LM o=39 lambda=2.5600000000000012e-07 tau=2.5600000000000012e-07 prediction=315.29431081535483 rho=0.69563676929858564 accept=1
  MFCG it  40 cost=1.833445e+06 lam=2.560e-07 tau=0.00e+00 cg_it=0 shift=0 ckpt=1 alpha=0 acc mv=130
PCG_PREP o=40 rebuild=1 drift=0 previous_depth=1
ATTR_RADIUS o=40 raw_norm=37553.87939873452 norm=540.89445492335358 radius=540.89445492335381 next_radius=540.89445492335381 lambda=2.5600000000000012e-07 next_lambda=2.5600000000000012e-07 rho=0.70323621390212265 accept=1
CLASSICAL_LM o=40 lambda=2.5600000000000012e-07 tau=2.5600000000000012e-07 prediction=313.6974933950666 rho=0.70323621390212265 accept=1
  MFCG it  41 cost=1.833224e+06 lam=2.560e-07 tau=0.00e+00 cg_it=0 shift=0 ckpt=1 alpha=0 acc mv=132
PCG_PREP o=41 rebuild=1 drift=0 previous_depth=1
ATTR_RADIUS o=41 raw_norm=37292.981466359466 norm=540.89445492335415 radius=540.89445492335381 next_radius=540.89445492335381 lambda=2.5600000000000012e-07 next_lambda=2.5600000000000012e-07 rho=0.71062122486486556 accept=1
CLASSICAL_LM o=41 lambda=2.5600000000000012e-07 tau=2.5600000000000012e-07 prediction=312.10790418302474 rho=0.71062122486486556 accept=1
  MFCG it  42 cost=1.833003e+06 lam=2.560e-07 tau=0.00e+00 cg_it=0 shift=0 ckpt=1 alpha=0 acc mv=134
PCG_PREP o=42 rebuild=1 drift=0 previous_depth=1
ATTR_RADIUS o=42 raw_norm=37041.926162611351 norm=540.89445492335346 radius=540.89445492335381 next_radius=540.89445492335381 lambda=2.5600000000000012e-07 next_lambda=2.5600000000000012e-07 rho=0.71792372266579652 accept=1
CLASSICAL_LM o=42 lambda=2.5600000000000012e-07 tau=2.5600000000000012e-07 prediction=310.41120718734658 rho=0.71792372266579652 accept=1
  MFCG it  43 cost=1.832780e+06 lam=2.560e-07 tau=0.00e+00 cg_it=0 shift=0 ckpt=1 alpha=0 acc mv=136
PCG_PREP o=43 rebuild=1 drift=0 previous_depth=1
ATTR_RADIUS o=43 raw_norm=36795.270985348783 norm=540.89445492335415 radius=540.89445492335381 next_radius=540.89445492335381 lambda=2.5600000000000012e-07 next_lambda=2.5600000000000012e-07 rho=0.72511254537125047 accept=1
CLASSICAL_LM o=43 lambda=2.5600000000000012e-07 tau=2.5600000000000012e-07 prediction=308.64381311342493 rho=0.72511254537125047 accept=1
  MFCG it  44 cost=1.832556e+06 lam=2.560e-07 tau=0.00e+00 cg_it=0 shift=0 ckpt=1 alpha=0 acc mv=138
PCG_PREP o=44 rebuild=1 drift=0 previous_depth=1
ATTR_RADIUS o=44 raw_norm=36563.307535896864 norm=540.89445492335358 radius=540.89445492335381 next_radius=540.89445492335381 lambda=2.5600000000000012e-07 next_lambda=2.5600000000000012e-07 rho=0.7322648308139309 accept=1
CLASSICAL_LM o=44 lambda=2.5600000000000012e-07 tau=2.5600000000000012e-07 prediction=306.73484069716307 rho=0.7322648308139309 accept=1
  MFCG it  45 cost=1.832331e+06 lam=2.560e-07 tau=0.00e+00 cg_it=0 shift=0 ckpt=1 alpha=0 acc mv=140
PCG_PREP o=45 rebuild=1 drift=0 previous_depth=1
ATTR_RADIUS o=45 raw_norm=36331.187748120996 norm=540.89445492335381 radius=540.89445492335381 next_radius=540.89445492335381 lambda=2.5600000000000012e-07 next_lambda=2.5600000000000012e-07 rho=0.73926453043855611 accept=1
CLASSICAL_LM o=45 lambda=2.5600000000000012e-07 tau=2.5600000000000012e-07 prediction=304.80561213581092 rho=0.73926453043855611 accept=1
  MFCG it  46 cost=1.832106e+06 lam=2.560e-07 tau=0.00e+00 cg_it=0 shift=0 ckpt=1 alpha=0 acc mv=142
PCG_PREP o=46 rebuild=1 drift=0 previous_depth=1
ATTR_RADIUS o=46 raw_norm=36109.135267837293 norm=540.89445492335358 radius=540.89445492335381 next_radius=540.89445492335381 lambda=2.5600000000000012e-07 next_lambda=2.5600000000000012e-07 rho=0.74619959123073132 accept=1
CLASSICAL_LM o=46 lambda=2.5600000000000012e-07 tau=2.5600000000000012e-07 prediction=302.77409327950159 rho=0.74619959123073132 accept=1
  MFCG it  47 cost=1.831880e+06 lam=2.560e-07 tau=0.00e+00 cg_it=0 shift=0 ckpt=1 alpha=0 acc mv=144
PCG_PREP o=47 rebuild=1 drift=0 previous_depth=1
ATTR_RADIUS o=47 raw_norm=35889.189915190269 norm=540.89445492335369 radius=540.89445492335381 next_radius=1081.7889098467076 lambda=2.5600000000000012e-07 next_lambda=6.400000000000003e-08 rho=0.75300601469681749 accept=1
CLASSICAL_LM o=47 lambda=2.5600000000000012e-07 tau=2.5600000000000012e-07 prediction=300.72808178264131 rho=0.75300601469681749 accept=1
  MFCG it  48 cost=1.831654e+06 lam=6.400e-08 tau=0.00e+00 cg_it=0 shift=0 ckpt=1 alpha=0 acc mv=146
PCG_PREP o=48 rebuild=1 drift=0 previous_depth=1
ATTR_RADIUS o=48 raw_norm=56293.772930387917 norm=1081.7889098467076 radius=1081.7889098467076 next_radius=1081.7889098467076 lambda=6.400000000000003e-08 next_lambda=6.400000000000003e-08 rho=0.64548382715308039 accept=1
CLASSICAL_LM o=48 lambda=6.400000000000003e-08 tau=6.400000000000003e-08 prediction=382.88015378851031 rho=0.64548382715308039 accept=1
  MFCG it  49 cost=1.831406e+06 lam=6.400e-08 tau=0.00e+00 cg_it=0 shift=0 ckpt=1 alpha=0 acc mv=148
PCG_PREP o=49 rebuild=1 drift=0 previous_depth=1
ATTR_RADIUS o=49 raw_norm=55566.816872882329 norm=1081.7889098467076 radius=1081.7889098467076 next_radius=1081.7889098467076 lambda=6.400000000000003e-08 next_lambda=6.400000000000003e-08 rho=0.65714378155157327 accept=1
CLASSICAL_LM o=49 lambda=6.400000000000003e-08 tau=6.400000000000003e-08 prediction=382.97954998708462 rho=0.65714378155157327 accept=1
  MFCG it  50 cost=1.831155e+06 lam=6.400e-08 tau=0.00e+00 cg_it=0 shift=0 ckpt=1 alpha=0 acc mv=150
PCG_PREP o=50 rebuild=1 drift=0 previous_depth=1
ATTR_RADIUS o=50 raw_norm=54983.776711787737 norm=1081.7889098467074 radius=1081.7889098467076 next_radius=1081.7889098467076 lambda=6.400000000000003e-08 next_lambda=6.400000000000003e-08 rho=0.66991975387693059 accept=1
CLASSICAL_LM o=50 lambda=6.400000000000003e-08 tau=6.400000000000003e-08 prediction=381.44908242182748 rho=0.66991975387693059 accept=1
  MFCG it  51 cost=1.830899e+06 lam=6.400e-08 tau=0.00e+00 cg_it=0 shift=0 ckpt=1 alpha=0 acc mv=152
PCG_PREP o=51 rebuild=1 drift=0 previous_depth=1
ATTR_RADIUS o=51 raw_norm=54413.237088538262 norm=1081.7889098467078 radius=1081.7889098467076 next_radius=1081.7889098467076 lambda=6.400000000000003e-08 next_lambda=6.400000000000003e-08 rho=0.6822933624795976 accept=1
CLASSICAL_LM o=51 lambda=6.400000000000003e-08 tau=6.400000000000003e-08 prediction=379.80712542310403 rho=0.6822933624795976 accept=1
  MFCG it  52 cost=1.830640e+06 lam=6.400e-08 tau=0.00e+00 cg_it=0 shift=0 ckpt=1 alpha=0 acc mv=154
PCG_PREP o=52 rebuild=1 drift=0 previous_depth=1
ATTR_RADIUS o=52 raw_norm=53734.262703393622 norm=1081.7889098467081 radius=1081.7889098467076 next_radius=1081.7889098467076 lambda=6.400000000000003e-08 next_lambda=6.400000000000003e-08 rho=0.69360436316989904 accept=1
CLASSICAL_LM o=52 lambda=6.400000000000003e-08 tau=6.400000000000003e-08 prediction=378.89130555264938 rho=0.69360436316989904 accept=1
  MFCG it  53 cost=1.830377e+06 lam=6.400e-08 tau=0.00e+00 cg_it=0 shift=0 ckpt=1 alpha=0 acc mv=156
PCG_PREP o=53 rebuild=1 drift=0 previous_depth=1
ATTR_RADIUS o=53 raw_norm=53136.759353707632 norm=1081.7889098467074 radius=1081.7889098467076 next_radius=1081.7889098467076 lambda=6.400000000000003e-08 next_lambda=6.400000000000003e-08 rho=0.70506316882371367 accept=1
CLASSICAL_LM o=53 lambda=6.400000000000003e-08 tau=6.400000000000003e-08 prediction=377.28623262076025 rho=0.70506316882371367 accept=1
  MFCG it  54 cost=1.830111e+06 lam=6.400e-08 tau=0.00e+00 cg_it=0 shift=0 ckpt=1 alpha=0 acc mv=158
PCG_PREP o=54 rebuild=1 drift=0 previous_depth=1
ATTR_RADIUS o=54 raw_norm=52432.902027390657 norm=1081.7889098467076 radius=1081.7889098467076 next_radius=1081.7889098467076 lambda=6.400000000000003e-08 next_lambda=6.400000000000003e-08 rho=0.71558198546590746 accept=1
CLASSICAL_LM o=54 lambda=6.400000000000003e-08 tau=6.400000000000003e-08 prediction=376.4739428663998 rho=0.71558198546590746 accept=1
  MFCG it  55 cost=1.829842e+06 lam=6.400e-08 tau=0.00e+00 cg_it=0 shift=0 ckpt=1 alpha=0 acc mv=160
PCG_PREP o=55 rebuild=1 drift=0 previous_depth=1
ATTR_RADIUS o=55 raw_norm=51752.686698737358 norm=1081.7889098467076 radius=1081.7889098467076 next_radius=1081.7889098467076 lambda=6.400000000000003e-08 next_lambda=6.400000000000003e-08 rho=0.72608553378210616 accept=1
CLASSICAL_LM o=55 lambda=6.400000000000003e-08 tau=6.400000000000003e-08 prediction=375.36041981454338 rho=0.72608553378210616 accept=1
  MFCG it  56 cost=1.829569e+06 lam=6.400e-08 tau=0.00e+00 cg_it=0 shift=0 ckpt=1 alpha=0 acc mv=162
PCG_PREP o=56 rebuild=1 drift=0 previous_depth=1
ATTR_RADIUS o=56 raw_norm=51252.309550035585 norm=1081.7889098467074 radius=1081.7889098467076 next_radius=1081.7889098467076 lambda=6.400000000000003e-08 next_lambda=6.400000000000003e-08 rho=0.73681213788253408 accept=1
CLASSICAL_LM o=56 lambda=6.400000000000003e-08 tau=6.400000000000003e-08 prediction=373.34506069068004 rho=0.73681213788253408 accept=1
  MFCG it  57 cost=1.829294e+06 lam=6.400e-08 tau=0.00e+00 cg_it=0 shift=0 ckpt=1 alpha=0 acc mv=164
PCG_PREP o=57 rebuild=1 drift=0 previous_depth=1
ATTR_RADIUS o=57 raw_norm=85971.504932906581 norm=1081.7889098467078 radius=1081.7889098467076 next_radius=2163.5778196934152 lambda=6.400000000000003e-08 next_lambda=1.6000000000000008e-08 rho=0.99904499321230478 accept=1
CLASSICAL_LM o=57 lambda=6.400000000000003e-08 tau=6.400000000000003e-08 prediction=417.87025629521509 rho=0.99904499321230478 accept=1
  MFCG it  58 cost=1.828877e+06 lam=1.600e-08 tau=0.00e+00 cg_it=1 shift=0 ckpt=2 alpha=0 acc mv=167
PCG_PREP o=58 rebuild=1 drift=0 previous_depth=2
NUMERIC_REPAIR o=58 lambda=1.6000000000000008e-08 rayleigh=-3.4001401764052412e-08 next_lambda=2.0000560705620969e-07 cg=2 rebuild=1
PCG_PREP o=58 rebuild=1 drift=0 previous_depth=2
ATTR_RADIUS o=58 raw_norm=48460.726721277031 norm=2163.5778196934157 radius=2163.5778196934152 next_radius=4327.1556393868304 lambda=2.0000560705620969e-07 next_lambda=2.0000560705620969e-07 rho=0.99799738434110596 accept=1
CLASSICAL_LM o=58 lambda=2.0000560705620969e-07 tau=2.0000560705620969e-07 prediction=1425.9674374026647 rho=0.99799738434110596 accept=1
  MFCG it  59 cost=1.827454e+06 lam=2.000e-07 tau=0.00e+00 cg_it=1 shift=0 ckpt=2 alpha=0 acc mv=173
PCG_PREP o=59 rebuild=1 drift=0 previous_depth=2
ATTR_RADIUS o=59 raw_norm=47501.615380193434 norm=4327.1556393868323 radius=4327.1556393868304 next_radius=8654.3112787736609 lambda=2.0000560705620969e-07 next_lambda=2.0000560705620969e-07 rho=0.9952913164862508 accept=1
CLASSICAL_LM o=59 lambda=2.0000560705620969e-07 tau=2.0000560705620969e-07 prediction=2717.5894015677445 rho=0.9952913164862508 accept=1
  MFCG it  60 cost=1.824749e+06 lam=2.000e-07 tau=0.00e+00 cg_it=1 shift=0 ckpt=2 alpha=0 acc mv=176
PCG_PREP o=60 rebuild=1 drift=0 previous_depth=2
ATTR_RADIUS o=60 raw_norm=66496.67923498957 norm=8654.3112787736609 radius=8654.3112787736609 next_radius=8654.3112787736609 lambda=2.0000560705620969e-07 next_lambda=2.0000560705620969e-07 rho=0.57628567472623482 accept=1
CLASSICAL_LM o=60 lambda=2.0000560705620969e-07 tau=2.0000560705620969e-07 prediction=7527.7097834488495 rho=0.57628567472623482 accept=1
  MFCG it  61 cost=1.820411e+06 lam=2.000e-07 tau=0.00e+00 cg_it=4 shift=0 ckpt=5 alpha=0 acc mv=182
PCG_PREP o=61 rebuild=1 drift=0 previous_depth=5
POINT_SAFE o=61 frozen=334 slope=-7084.1804166592019 candidate=1844991.4050292461 original=1819749.1484015554 current=1820410.7943613615 won=0 mode=1 camera_scale=1 keep_scale=0
ATTR_RADIUS o=61 raw_norm=28836.247437673788 norm=2163.5778196934157 radius=8654.3112787736609 next_radius=8654.3112787736609 lambda=2.0000560705620969e-07 next_lambda=2.0000560705620969e-07 rho=0.4022712576369738 accept=1
CLASSICAL_LM o=61 lambda=2.0000560705620969e-07 tau=2.0000560705620969e-07 prediction=1644.7756265083683 rho=0.4022712576369738 accept=1
  MFCG it  62 cost=1.819749e+06 lam=2.000e-07 tau=0.00e+00 cg_it=0 shift=0 ckpt=1 alpha=0 acc mv=184
PCG_PREP o=62 rebuild=1 drift=0 previous_depth=1
POINT_SAFE o=62 frozen=310 slope=-6423.8587336786331 candidate=1840976.5803425293 original=1819170.5598304467 current=1819749.1484015554 won=0 mode=1 camera_scale=1 keep_scale=0
ATTR_RADIUS o=62 raw_norm=27704.973867411951 norm=2163.5778196934161 radius=8654.3112787736609 next_radius=8654.3112787736609 lambda=2.0000560705620969e-07 next_lambda=2.0000560705620969e-07 rho=0.38505717797568517 accept=1
CLASSICAL_LM o=62 lambda=2.0000560705620969e-07 tau=2.0000560705620969e-07 prediction=1502.604299315725 rho=0.38505717797568517 accept=1
  MFCG it  63 cost=1.819171e+06 lam=2.000e-07 tau=0.00e+00 cg_it=0 shift=0 ckpt=1 alpha=0 acc mv=186
PCG_PREP o=63 rebuild=1 drift=0 previous_depth=1
POINT_SAFE o=63 frozen=341 slope=-5914.4083453627827 candidate=1836414.7174753193 original=1818572.6967190662 current=1819170.5598304467 won=0 mode=1 camera_scale=1 keep_scale=0
ATTR_RADIUS o=63 raw_norm=26665.097581631551 norm=2163.5778196934166 radius=8654.3112787736609 next_radius=8654.3112787736609 lambda=2.0000560705620969e-07 next_lambda=2.0000560705620969e-07 rho=0.41946400570535586 accept=1
CLASSICAL_LM o=63 lambda=2.0000560705620969e-07 tau=2.0000560705620969e-07 prediction=1425.3025366864129 rho=0.41946400570535586 accept=1
  MFCG it  64 cost=1.818573e+06 lam=2.000e-07 tau=0.00e+00 cg_it=0 shift=0 ckpt=1 alpha=0 acc mv=188
PCG_PREP o=64 rebuild=1 drift=0 previous_depth=1
POINT_SAFE o=64 frozen=365 slope=-5742.8089230927144 candidate=1831552.1633370747 original=1818052.4404415779 current=1818572.6967190662 won=0 mode=1 camera_scale=1 keep_scale=0
ATTR_RADIUS o=64 raw_norm=25735.858111277514 norm=2163.5778196934139 radius=8654.3112787736609 next_radius=8654.3112787736609 lambda=2.0000560705620969e-07 next_lambda=2.0000560705620969e-07 rho=0.37996664430222177 accept=1
CLASSICAL_LM o=64 lambda=2.0000560705620969e-07 tau=2.0000560705620969e-07 prediction=1369.2156542943937 rho=0.37996664430222177 accept=1
  MFCG it  65 cost=1.818052e+06 lam=2.000e-07 tau=0.00e+00 cg_it=0 shift=0 ckpt=1 alpha=0 acc mv=190
PCG_PREP o=65 rebuild=1 drift=0 previous_depth=1
POINT_SAFE o=65 frozen=378 slope=-5840.7956327712072 candidate=1826892.7464535797 original=1817959.3245597128 current=1818052.4404415779 won=0 mode=1 camera_scale=1 keep_scale=0
ATTR_RADIUS o=65 raw_norm=24939.057192443179 norm=8654.3112787736627 radius=8654.3112787736609 next_radius=2163.5778196934152 lambda=2.0000560705620969e-07 next_lambda=3.200089712899355e-06 rho=0.036107815155565944 accept=0
CLASSICAL_LM o=65 lambda=2.0000560705620969e-07 tau=2.0000560705620969e-07 prediction=2578.8290281194713 rho=0.036107815155565944 accept=0
  MFCG it  66  retry 1/8  lam=3.200e-06 tau_eff=2.000e-07  (assembly reused)
PCG_PREP o=65 rebuild=1 drift=0 previous_depth=1
ATTR_RADIUS o=65 raw_norm=8986.1446124569193 norm=2163.5778196934152 radius=2163.5778196934152 next_radius=2163.5778196934152 lambda=3.200089712899355e-06 next_lambda=3.200089712899355e-06 rho=0.59131038658402801 accept=1
CLASSICAL_LM o=65 lambda=3.200089712899355e-06 tau=3.200089712899355e-06 prediction=3385.2045006487433 rho=0.59131038658402801 accept=1
  MFCG it  66 cost=1.816051e+06 lam=3.200e-06 tau=0.00e+00 cg_it=0 shift=0 ckpt=1 alpha=0 acc mv=194
PCG_PREP o=66 rebuild=1 drift=0 previous_depth=1
ATTR_RADIUS o=66 raw_norm=8731.9745764937234 norm=2163.5778196934152 radius=2163.5778196934152 next_radius=2163.5778196934152 lambda=3.200089712899355e-06 next_lambda=3.200089712899355e-06 rho=0.64702008665501709 accept=1
CLASSICAL_LM o=66 lambda=3.200089712899355e-06 tau=3.200089712899355e-06 prediction=2735.6793490789278 rho=0.64702008665501709 accept=1
  MFCG it  67 cost=1.814281e+06 lam=3.200e-06 tau=0.00e+00 cg_it=0 shift=0 ckpt=1 alpha=0 acc mv=196
PCG_PREP o=67 rebuild=1 drift=0 previous_depth=1
ATTR_RADIUS o=67 raw_norm=8260.6735925773191 norm=2163.5778196934148 radius=2163.5778196934152 next_radius=4327.1556393868304 lambda=3.200089712899355e-06 next_lambda=8.0002242822483876e-07 rho=0.78502831793015238 accept=1
CLASSICAL_LM o=67 lambda=3.200089712899355e-06 tau=3.200089712899355e-06 prediction=2436.7786316749439 rho=0.78502831793015238 accept=1
  MFCG it  68 cost=1.812368e+06 lam=8.000e-07 tau=0.00e+00 cg_it=0 shift=0 ckpt=1 alpha=0 acc mv=198
PCG_PREP o=68 rebuild=1 drift=0 previous_depth=1
ATTR_RADIUS o=68 raw_norm=66093.528710126848 norm=4327.1556393868314 radius=4327.1556393868304 next_radius=8654.3112787736609 lambda=8.0002242822483876e-07 next_lambda=2.0000560705620969e-07 rho=0.96280824599910797 accept=1
CLASSICAL_LM o=68 lambda=8.0002242822483876e-07 tau=8.0002242822483876e-07 prediction=4808.318527764156 rho=0.96280824599910797 accept=1
  MFCG it  69 cost=1.807738e+06 lam=2.000e-07 tau=0.00e+00 cg_it=7 shift=0 ckpt=8 alpha=0 acc mv=207
PCG_PREP o=69 rebuild=1 drift=0 previous_depth=8
ATTR_RADIUS o=69 raw_norm=84990.398624170775 norm=8654.3112787736554 radius=8654.3112787736609 next_radius=17308.622557547322 lambda=2.0000560705620969e-07 next_lambda=2.0000560705620969e-07 rho=0.79158162953908917 accept=1
CLASSICAL_LM o=69 lambda=2.0000560705620969e-07 tau=2.0000560705620969e-07 prediction=7095.7475585113243 rho=0.79158162953908917 accept=1
  MFCG it  70 cost=1.802121e+06 lam=2.000e-07 tau=0.00e+00 cg_it=7 shift=0 ckpt=8 alpha=0 acc mv=216
PCG_PREP o=70 rebuild=1 drift=0 previous_depth=8
POINT_SAFE o=70 frozen=579 slope=-16277.514288247748 candidate=1834674.4299194477 original=1797695.5150599242 current=1802121.401996654 won=0 mode=1 camera_scale=1 keep_scale=0
ATTR_RADIUS o=70 raw_norm=83668.447477329435 norm=8654.3112787736645 radius=17308.622557547322 next_radius=17308.622557547322 lambda=2.0000560705620969e-07 next_lambda=2.0000560705620969e-07 rho=0.6103730823628043 accept=1
CLASSICAL_LM o=70 lambda=2.0000560705620969e-07 tau=2.0000560705620969e-07 prediction=7251.1174961988854 rho=0.6103730823628043 accept=1
  MFCG it  71 cost=1.797696e+06 lam=2.000e-07 tau=0.00e+00 cg_it=7 shift=0 ckpt=8 alpha=0 acc mv=225
PCG_PREP o=71 rebuild=1 drift=0 previous_depth=8
ATTR_RADIUS o=71 raw_norm=26836.200333020413 norm=17308.622557547333 radius=17308.622557547322 next_radius=17308.622557547322 lambda=2.0000560705620969e-07 next_lambda=2.0000560705620969e-07 rho=0.74095837349763827 accept=1
CLASSICAL_LM o=71 lambda=2.0000560705620969e-07 tau=2.0000560705620969e-07 prediction=6694.6722807948718 rho=0.74095837349763827 accept=1
  MFCG it  72 cost=1.792735e+06 lam=2.000e-07 tau=0.00e+00 cg_it=0 shift=0 ckpt=1 alpha=0 acc mv=227
PCG_PREP o=72 rebuild=1 drift=0 previous_depth=1
POINT_SAFE o=72 frozen=810 slope=-16555.188051738616 candidate=1807936.5492467128 original=1788386.2151434883 current=1792735.0415756467 won=0 mode=1 camera_scale=1 keep_scale=0
ATTR_RADIUS o=72 raw_norm=63109.81277278265 norm=8654.3112787736591 radius=17308.622557547322 next_radius=17308.622557547322 lambda=2.0000560705620969e-07 next_lambda=2.0000560705620969e-07 rho=0.57578650936353348 accept=1
CLASSICAL_LM o=72 lambda=2.0000560705620969e-07 tau=2.0000560705620969e-07 prediction=7552.8453019255439 rho=0.57578650936353348 accept=1
  MFCG it  73 cost=1.788386e+06 lam=2.000e-07 tau=0.00e+00 cg_it=6 shift=0 ckpt=7 alpha=0 acc mv=235
PCG_PREP o=73 rebuild=1 drift=0 previous_depth=7
POINT_SAFE o=73 frozen=659 slope=-17656.976430343104 candidate=1781516.0688296794 original=1781570.6609312855 current=1788386.2151434883 won=1 mode=1 camera_scale=1 keep_scale=0
ATTR_RADIUS o=73 raw_norm=28880.683654996345 norm=17308.622557547318 radius=17308.622557547322 next_radius=17308.622557547322 lambda=2.0000560705620969e-07 next_lambda=2.0000560705620969e-07 rho=0.67300367335780886 accept=1
CLASSICAL_LM o=73 lambda=2.0000560705620969e-07 tau=2.0000560705620969e-07 prediction=10208.185461353758 rho=0.67300367335780886 accept=1
  MFCG it  74 cost=1.781516e+06 lam=2.000e-07 tau=0.00e+00 cg_it=2 shift=0 ckpt=3 alpha=0 acc mv=239
PCG_PREP o=74 rebuild=1 drift=0 previous_depth=3
POINT_SAFE o=74 frozen=628 slope=-15174.087587849564 candidate=1775978.6962358111 original=1776700.2563604752 current=1781516.0688296794 won=1 mode=1 camera_scale=1 keep_scale=0
ATTR_RADIUS o=74 raw_norm=24821.429922130865 norm=17308.622557547311 radius=17308.622557547322 next_radius=17308.622557547322 lambda=2.0000560705620969e-07 next_lambda=2.0000560705620969e-07 rho=0.6568672323359106 accept=1
CLASSICAL_LM o=74 lambda=2.0000560705620969e-07 tau=2.0000560705620969e-07 prediction=8429.9723312070673 rho=0.6568672323359106 accept=1
  MFCG it  75 cost=1.775979e+06 lam=2.000e-07 tau=0.00e+00 cg_it=0 shift=0 ckpt=1 alpha=0 acc mv=241
PCG_PREP o=75 rebuild=1 drift=0 previous_depth=1
POINT_SAFE o=75 frozen=417 slope=-25058.817524355749 candidate=1771742.294134005 original=1767548.4963543557 current=1775978.6962358111 won=0 mode=1 camera_scale=1 keep_scale=0
ATTR_RADIUS o=75 raw_norm=81283.589405265942 norm=8654.3112787736609 radius=17308.622557547322 next_radius=17308.622557547322 lambda=2.0000560705620969e-07 next_lambda=2.0000560705620969e-07 rho=0.70786822908300651 accept=1
CLASSICAL_LM o=75 lambda=2.0000560705620969e-07 tau=2.0000560705620969e-07 prediction=11909.278500005752 rho=0.70786822908300651 accept=1
  MFCG it  76 cost=1.767548e+06 lam=2.000e-07 tau=0.00e+00 cg_it=14 shift=0 ckpt=15 alpha=0 acc mv=257
PCG_PREP o=76 rebuild=1 drift=0 previous_depth=15
POINT_SAFE o=76 frozen=277 slope=-24786.188549875602 candidate=1764820.1170013133 original=1761854.990511446 current=1767548.4963543557 won=0 mode=1 camera_scale=1 keep_scale=0
ATTR_RADIUS o=76 raw_norm=81967.535387099997 norm=8654.3112787736609 radius=17308.622557547322 next_radius=17308.622557547322 lambda=2.0000560705620969e-07 next_lambda=2.0000560705620969e-07 rho=0.52163402687942384 accept=1
CLASSICAL_LM o=76 lambda=2.0000560705620969e-07 tau=2.0000560705620969e-07 prediction=10914.751625713523 rho=0.52163402687942384 accept=1
  MFCG it  77 cost=1.761855e+06 lam=2.000e-07 tau=0.00e+00 cg_it=14 shift=0 ckpt=15 alpha=0 acc mv=273
PCG_PREP o=77 rebuild=1 drift=0 previous_depth=15
POINT_SAFE o=77 frozen=785 slope=-22317.663249417757 candidate=1774955.7469206452 original=1757661.7545865357 current=1761854.990511446 won=0 mode=1 camera_scale=1 keep_scale=0
ATTR_RADIUS o=77 raw_norm=51593.417219246076 norm=8654.3112787736554 radius=17308.622557547322 next_radius=17308.622557547322 lambda=2.0000560705620969e-07 next_lambda=2.0000560705620969e-07 rho=0.47084613167945316 accept=1
CLASSICAL_LM o=77 lambda=2.0000560705620969e-07 tau=2.0000560705620969e-07 prediction=8905.7457262174066 rho=0.47084613167945316 accept=1
  MFCG it  78 cost=1.757662e+06 lam=2.000e-07 tau=0.00e+00 cg_it=5 shift=0 ckpt=6 alpha=0 acc mv=280
PCG_PREP o=78 rebuild=1 drift=0 previous_depth=6
ATTR_RADIUS o=78 raw_norm=24528.044167542474 norm=17308.622557547318 radius=17308.622557547322 next_radius=17308.622557547322 lambda=2.0000560705620969e-07 next_lambda=2.0000560705620969e-07 rho=0.72479734140792873 accept=1
CLASSICAL_LM o=78 lambda=2.0000560705620969e-07 tau=2.0000560705620969e-07 prediction=8793.6651347853422 rho=0.72479734140792873 accept=1
  MFCG it  79 cost=1.751288e+06 lam=2.000e-07 tau=0.00e+00 cg_it=0 shift=0 ckpt=1 alpha=0 acc mv=282
PCG_PREP o=79 rebuild=1 drift=0 previous_depth=1
POINT_SAFE o=79 frozen=320 slope=-24584.672488562333 candidate=1755764.0955536885 original=1743366.0283227165 current=1751288.1294756117 won=0 mode=1 camera_scale=1 keep_scale=0
ATTR_RADIUS o=79 raw_norm=84543.3685607964 norm=8654.3112787736645 radius=17308.622557547322 next_radius=17308.622557547322 lambda=2.0000560705620969e-07 next_lambda=2.0000560705620969e-07 rho=0.70673731379568105 accept=1
CLASSICAL_LM o=79 lambda=2.0000560705620969e-07 tau=2.0000560705620969e-07 prediction=11209.399869306382 rho=0.70673731379568105 accept=1
TARGET reached outer=80 seconds=3.893648851 cost=1743366.0283227165 threshold=1744796.9841897595
  MFCG: accepts=80 rejects=2 total_matvecs=312 negcurv=1 cand_evals=82 mean_cg_per_outer=3.9
NUMERIC_REPAIR summary rebuilds=1 floor=2.0000560705620969e-07
  [retry-cache] builds=83 reuses=0
  [menu-backtrack] trials=31 rescues=31 evals=147 total_scored=229
POINT_SAFE summary calls=31 evals=31 wins=13 frozen=13150 seconds=0.370873194
  [scoring] menu_evals=82 alpha_evals=0 backtrack_evals=147 total_scored=229
RESULT algo=mfree_shifted_cg iters=80 final_cost=1743366.0283227165 solve_seconds=3.902210
DIAGNOSTICS median_reproj_err_px 2.704502 -> 0.547341 | cheirality_violations(obs) 751 -> 815 | cheirality_violations(pts, of 310854) 725 -> 759
