  [menu-backtrack] active=1 max_evals=8 warmup_accepts=3 confirm_stop=original armijo=1e-4
MIXED_STORAGE fragments=fp32 arithmetic=fp64 state=fp64 acceptance=fp64
  [compact-fragments] active=2 saved_bytes=171996448 storage=fp32 camera_reads=contiguous
  MFCG score_init=90993342.024340242 precision=fp64
PCG_PREP o=0 rebuild=1 drift=0 previous_depth=0
ATTR_RADIUS o=0 raw_norm=8654.3112787736609 norm=8654.3112787736609 radius=8654.3112787736609 next_radius=17308.622557547322 lambda=0.10000000000000001 next_lambda=0.025000000000000001 rho=0.99507286850801413 accept=1
CLASSICAL_LM o=0 lambda=0.10000000000000001 tau=0.10000000000000001 prediction=84864420.877437979 rho=0.99507286850801413 accept=1
  MFCG it   1 cost=6.547059e+06 lam=2.500e-02 tau=0.00e+00 cg_it=1 shift=0 ckpt=2 alpha=0 acc mv=3
PCG_PREP o=1 rebuild=1 drift=0 previous_depth=2
ATTR_RADIUS o=1 raw_norm=4520.1218016453959 norm=4520.1218016453959 radius=17308.622557547322 next_radius=17308.622557547322 lambda=0.025000000000000001 next_lambda=0.0025000000000000005 rho=0.99296682315351759 accept=1
CLASSICAL_LM o=1 lambda=0.025000000000000001 tau=0.025000000000000001 prediction=2867069.0824532378 rho=0.99296682315351759 accept=1
  MFCG it   2 cost=3.700155e+06 lam=2.500e-03 tau=0.00e+00 cg_it=4 shift=0 ckpt=5 alpha=0 acc mv=9
PCG_PREP o=2 rebuild=1 drift=0 previous_depth=5
ATTR_RADIUS o=2 raw_norm=6968.9240849360904 norm=6968.9240849360904 radius=17308.622557547322 next_radius=17308.622557547322 lambda=0.0025000000000000005 next_lambda=0.00025000000000000006 rho=0.82396369454810925 accept=1
CLASSICAL_LM o=2 lambda=0.0025000000000000005 tau=0.0025000000000000005 prediction=1214583.7570763612 rho=0.82396369454810925 accept=1
  MFCG it   3 cost=2.699382e+06 lam=2.500e-04 tau=0.00e+00 cg_it=10 shift=0 ckpt=11 alpha=0 acc mv=21
PCG_PREP o=3 rebuild=1 drift=0 previous_depth=11
ATTR_RADIUS o=3 raw_norm=10916.630822876641 norm=10916.630822876641 radius=17308.622557547322 next_radius=17308.622557547322 lambda=0.00025000000000000006 next_lambda=2.5000000000000008e-05 rho=0.55635784352522166 accept=1
CLASSICAL_LM o=3 lambda=0.00025000000000000006 tau=0.00025000000000000006 prediction=649723.47305925959 rho=0.55635784352522166 accept=1
  MFCG it   4 cost=2.337903e+06 lam=2.500e-05 tau=0.00e+00 cg_it=0 shift=0 ckpt=1 alpha=0 acc mv=23
PCG_PREP o=4 rebuild=1 drift=0 previous_depth=1
ATTR_RADIUS o=4 raw_norm=11563.92394513549 norm=11563.92394513549 radius=17308.622557547322 next_radius=17308.622557547322 lambda=2.5000000000000008e-05 next_lambda=2.5000000000000011e-06 rho=0.33597831682346374 accept=1
CLASSICAL_LM o=4 lambda=2.5000000000000008e-05 tau=2.5000000000000008e-05 prediction=366496.96446722216 rho=0.33597831682346374 accept=1
  MFCG it   5 cost=2.214768e+06 lam=2.500e-06 tau=0.00e+00 cg_it=0 shift=0 ckpt=1 alpha=0 acc mv=25
PCG_PREP o=5 rebuild=1 drift=0 previous_depth=1
ATTR_RADIUS o=5 raw_norm=55365.644063742853 norm=0 radius=17308.622557547322 next_radius=4327.1556393868304 lambda=2.5000000000000011e-06 next_lambda=4.0000000000000017e-05 rho=0.0086736970598999923 accept=0
CLASSICAL_LM o=5 lambda=2.5000000000000011e-06 tau=2.5000000000000011e-06 prediction=312177.86818174715 rho=0.0086736970598999923 accept=0
  MFCG it   6  retry 1/8  lam=4.000e-05 tau_eff=2.500e-06  (assembly reused)
PCG_PREP o=5 rebuild=1 drift=0 previous_depth=7
ATTR_RADIUS o=5 raw_norm=19503.044436313758 norm=4327.1556393868314 radius=4327.1556393868304 next_radius=4327.1556393868304 lambda=4.0000000000000017e-05 next_lambda=4.0000000000000017e-05 rho=0.61337181240346805 accept=1
CLASSICAL_LM o=5 lambda=4.0000000000000017e-05 tau=4.0000000000000017e-05 prediction=278563.88113370462 rho=0.61337181240346805 accept=1
  MFCG it   6 cost=2.043905e+06 lam=4.000e-05 tau=0.00e+00 cg_it=3 shift=0 ckpt=4 alpha=0 acc mv=38
PCG_PREP o=6 rebuild=1 drift=0 previous_depth=4
POINT_SAFE o=6 frozen=105 slope=-67282.681830542831 candidate=2000700.904019906 original=2035184.4580510946 current=2043904.8929299 won=1 mode=1 camera_scale=1 keep_scale=0
ATTR_RADIUS o=6 raw_norm=19328.464090130488 norm=4327.1556393868323 radius=4327.1556393868304 next_radius=8654.3112787736609 lambda=4.0000000000000017e-05 next_lambda=1.0000000000000004e-05 rho=0.9207439735604569 accept=1
CLASSICAL_LM o=6 lambda=4.0000000000000017e-05 tau=4.0000000000000017e-05 prediction=46922.912504034117 rho=0.9207439735604569 accept=1
  MFCG it   7 cost=2.000701e+06 lam=1.000e-05 tau=0.00e+00 cg_it=4 shift=0 ckpt=5 alpha=0 acc mv=44
PCG_PREP o=7 rebuild=1 drift=0 previous_depth=5
POINT_SAFE o=7 frozen=604 slope=-94636.766637631954 candidate=1954447.4114088037 original=1966290.4179332694 current=2000700.904019906 won=1 mode=1 camera_scale=1 keep_scale=0
ATTR_RADIUS o=7 raw_norm=33936.116930861106 norm=8654.3112787736645 radius=8654.3112787736609 next_radius=17308.622557547322 lambda=1.0000000000000004e-05 next_lambda=2.5000000000000011e-06 rho=0.75287431724838139 accept=1
CLASSICAL_LM o=7 lambda=1.0000000000000004e-05 tau=1.0000000000000004e-05 prediction=61435.875220382593 rho=0.75287431724838139 accept=1
  MFCG it   8 cost=1.954447e+06 lam=2.500e-06 tau=0.00e+00 cg_it=6 shift=0 ckpt=7 alpha=0 acc mv=52
PCG_PREP o=8 rebuild=1 drift=0 previous_depth=7
POINT_SAFE o=8 frozen=883 slope=-70715.741806637699 candidate=1934943.1381380826 original=1927076.6514459513 current=1954447.4114088037 won=0 mode=1 camera_scale=1 keep_scale=0
ATTR_RADIUS o=8 raw_norm=56778.574977246783 norm=4327.1556393868304 radius=17308.622557547322 next_radius=17308.622557547322 lambda=2.5000000000000011e-06 next_lambda=2.5000000000000009e-07 rho=0.61154964814707513 accept=1
CLASSICAL_LM o=8 lambda=2.5000000000000011e-06 tau=2.5000000000000011e-06 prediction=44756.398839869486 rho=0.61154964814707513 accept=1
  MFCG it   9 cost=1.927077e+06 lam=2.500e-07 tau=0.00e+00 cg_it=7 shift=0 ckpt=8 alpha=0 acc mv=61
PCG_PREP o=9 rebuild=1 drift=0 previous_depth=8
POINT_SAFE o=9 frozen=967 slope=-46389.380258214151 candidate=1912384.2117695794 original=1926244.7263319106 current=1927076.6514459513 won=1 mode=1 camera_scale=1 keep_scale=0
ATTR_RADIUS o=9 raw_norm=89063.166618399817 norm=17308.622557547325 radius=17308.622557547322 next_radius=17308.622557547322 lambda=2.5000000000000009e-07 next_lambda=2.5000000000000009e-07 rho=0.45929676817845394 accept=1
CLASSICAL_LM o=9 lambda=2.5000000000000009e-07 tau=2.5000000000000009e-07 prediction=31988.989895664381 rho=0.45929676817845394 accept=1
  MFCG it  10 cost=1.912384e+06 lam=2.500e-07 tau=0.00e+00 cg_it=7 shift=0 ckpt=8 alpha=0 acc mv=70
PCG_PREP o=10 rebuild=1 drift=0 previous_depth=8
POINT_SAFE o=10 frozen=729 slope=-34843.333094148242 candidate=2899186.3912228066 original=1911651.4113309772 current=1912384.2117695794 won=0 mode=1 camera_scale=1 keep_scale=0
ATTR_RADIUS o=10 raw_norm=55778.911201297989 norm=270.44722746167696 radius=17308.622557547322 next_radius=17308.622557547322 lambda=2.5000000000000009e-07 next_lambda=2.5000000000000012e-08 rho=0.33918830176283005 accept=1
CLASSICAL_LM o=10 lambda=2.5000000000000009e-07 tau=2.5000000000000009e-07 prediction=2160.4531606594637 rho=0.33918830176283005 accept=1
  MFCG it  11 cost=1.911651e+06 lam=2.500e-08 tau=0.00e+00 cg_it=0 shift=0 ckpt=1 alpha=0 acc mv=72
PCG_PREP o=11 rebuild=1 drift=0 previous_depth=1
POINT_SAFE o=11 frozen=526 slope=-30361.952549447953 candidate=2511605.5274718897 original=1911353.955018284 current=1911651.4113309772 won=0 mode=1 camera_scale=1 keep_scale=0
ATTR_RADIUS o=11 raw_norm=93714.420177883585 norm=135.22361373083854 radius=17308.622557547322 next_radius=17308.622557547322 lambda=2.5000000000000012e-08 next_lambda=2.5000000000000013e-09 rho=0.28422261876290444 accept=1
CLASSICAL_LM o=11 lambda=2.5000000000000012e-08 tau=2.5000000000000012e-08 prediction=1046.5610161073239 rho=0.28422261876290444 accept=1
  MFCG it  12 cost=1.911354e+06 lam=2.500e-09 tau=0.00e+00 cg_it=0 shift=0 ckpt=1 alpha=0 acc mv=74
PCG_PREP o=12 rebuild=1 drift=0 previous_depth=1
POINT_SAFE o=12 frozen=458 slope=-28717.81438090793 candidate=2168489.6475610444 original=1911079.5505308053 current=1911353.955018284 won=0 mode=1 camera_scale=1 keep_scale=0
ATTR_RADIUS o=12 raw_norm=123284.5479789395 norm=67.611806865419226 radius=17308.622557547322 next_radius=17308.622557547322 lambda=2.5000000000000013e-09 next_lambda=2.5000000000000012e-10 rho=0.53038023629798992 accept=1
CLASSICAL_LM o=12 lambda=2.5000000000000013e-09 tau=2.5000000000000013e-09 prediction=517.37313855075035 rho=0.53038023629798992 accept=1
  MFCG it  13 cost=1.911080e+06 lam=2.500e-10 tau=0.00e+00 cg_it=0 shift=0 ckpt=1 alpha=0 acc mv=76
PCG_PREP o=13 rebuild=1 drift=0 previous_depth=1
NUMERIC_REPAIR o=13 lambda=2.5000000000000012e-10 rayleigh=-3.081140875542261e-09 next_lambda=1.3324563502169045e-08 cg=1 rebuild=1
PCG_PREP o=13 rebuild=1 drift=0 previous_depth=1
POINT_SAFE o=13 frozen=468 slope=-28831.696597249491 candidate=2240239.7581282207 original=1883997.2523371379 current=1911079.5505308053 won=0 mode=1 camera_scale=1 keep_scale=0
ATTR_RADIUS o=13 raw_norm=112627.99024321519 norm=8654.3112787736627 radius=17308.622557547322 next_radius=17308.622557547322 lambda=1.3324563502169045e-08 next_lambda=1.3324563502169045e-08 rho=0.53935211526479898 accept=1
CLASSICAL_LM o=13 lambda=1.3324563502169045e-08 tau=1.3324563502169045e-08 prediction=50212.648522516793 rho=0.53935211526479898 accept=1
  MFCG it  14 cost=1.883997e+06 lam=1.332e-08 tau=0.00e+00 cg_it=0 shift=0 ckpt=1 alpha=0 acc mv=80
PCG_PREP o=14 rebuild=1 drift=0 previous_depth=1
POINT_SAFE o=14 frozen=264 slope=-41288.73581367619 candidate=2196541.7130818381 original=1881773.3588930808 current=1883997.2523371379 won=0 mode=1 camera_scale=1 keep_scale=0
ATTR_RADIUS o=14 raw_norm=83861.487558848268 norm=2163.5778196934166 radius=17308.622557547322 next_radius=17308.622557547322 lambda=1.3324563502169045e-08 next_lambda=1.3324563502169045e-08 rho=0.44989682105641016 accept=1
CLASSICAL_LM o=14 lambda=1.3324563502169045e-08 tau=1.3324563502169045e-08 prediction=4943.1188218559255 rho=0.44989682105641016 accept=1
  MFCG it  15 cost=1.881773e+06 lam=1.332e-08 tau=0.00e+00 cg_it=0 shift=0 ckpt=1 alpha=0 acc mv=82
PCG_PREP o=15 rebuild=1 drift=0 previous_depth=1
POINT_SAFE o=15 frozen=285 slope=-37431.638008710041 candidate=2285159.8544225506 original=1880297.4382987283 current=1881773.3588930808 won=0 mode=1 camera_scale=1 keep_scale=0
ATTR_RADIUS o=15 raw_norm=81817.080766158935 norm=2163.5778196934161 radius=17308.622557547322 next_radius=17308.622557547322 lambda=1.3324563502169045e-08 next_lambda=1.3324563502169045e-08 rho=0.32845922478941109 accept=1
CLASSICAL_LM o=15 lambda=1.3324563502169045e-08 tau=1.3324563502169045e-08 prediction=4493.4667166032696 rho=0.32845922478941109 accept=1
  MFCG it  16 cost=1.880297e+06 lam=1.332e-08 tau=0.00e+00 cg_it=0 shift=0 ckpt=1 alpha=0 acc mv=84
PCG_PREP o=16 rebuild=1 drift=0 previous_depth=1
POINT_SAFE o=16 frozen=304 slope=-34468.623883107553 candidate=2319447.9039316569 original=1879240.7113355452 current=1880297.4382987283 won=0 mode=1 camera_scale=1 keep_scale=0
ATTR_RADIUS o=16 raw_norm=80455.572246495605 norm=2163.5778196934157 radius=17308.622557547322 next_radius=17308.622557547322 lambda=1.3324563502169045e-08 next_lambda=1.3324563502169045e-08 rho=0.25474446285969249 accept=1
CLASSICAL_LM o=16 lambda=1.3324563502169045e-08 tau=1.3324563502169045e-08 prediction=4148.1842286996653 rho=0.25474446285969249 accept=1
  MFCG it  17 cost=1.879241e+06 lam=1.332e-08 tau=0.00e+00 cg_it=0 shift=0 ckpt=1 alpha=0 acc mv=86
PCG_PREP o=17 rebuild=1 drift=0 previous_depth=1
POINT_SAFE o=17 frozen=303 slope=-32480.829021770376 candidate=2325408.0967192547 original=1878413.39543535 current=1879240.7113355452 won=0 mode=1 camera_scale=1 keep_scale=0
ATTR_RADIUS o=17 raw_norm=78986.071109279321 norm=2163.5778196934152 radius=17308.622557547322 next_radius=4327.1556393868304 lambda=1.3324563502169045e-08 next_lambda=2.1319301603470471e-07 rho=0.21115845121314966 accept=1
CLASSICAL_LM o=17 lambda=1.3324563502169045e-08 tau=1.3324563502169045e-08 prediction=3917.9862110280383 rho=0.21115845121314966 accept=1
  MFCG it  18 cost=1.878413e+06 lam=2.132e-07 tau=0.00e+00 cg_it=0 shift=0 ckpt=1 alpha=0 acc mv=88
PCG_PREP o=18 rebuild=1 drift=0 previous_depth=1
POINT_SAFE o=18 frozen=83 slope=-20806.210120886502 candidate=1896114.5820380426 original=1877055.5880266835 current=1878413.39543535 won=0 mode=1 camera_scale=1 keep_scale=0
ATTR_RADIUS o=18 raw_norm=41668.290100926846 norm=2163.5778196934166 radius=4327.1556393868304 next_radius=1081.7889098467076 lambda=2.1319301603470471e-07 next_lambda=3.4110882565552754e-06 rho=0.15477195354872622 accept=1
CLASSICAL_LM o=18 lambda=2.1319301603470471e-07 tau=2.1319301603470471e-07 prediction=8772.9551610201652 rho=0.15477195354872622 accept=1
  MFCG it  19 cost=1.877056e+06 lam=3.411e-06 tau=0.00e+00 cg_it=0 shift=0 ckpt=1 alpha=0 acc mv=90
PCG_PREP o=19 rebuild=1 drift=0 previous_depth=1
ATTR_RADIUS o=19 raw_norm=15692.623339500018 norm=1081.7889098467083 radius=1081.7889098467076 next_radius=2163.5778196934152 lambda=3.4110882565552754e-06 next_lambda=8.5277206413881886e-07 rho=0.7508332186562211 accept=1
CLASSICAL_LM o=19 lambda=3.4110882565552754e-06 tau=3.4110882565552754e-06 prediction=8532.9912292274203 rho=0.7508332186562211 accept=1
  MFCG it  20 cost=1.870649e+06 lam=8.528e-07 tau=0.00e+00 cg_it=0 shift=0 ckpt=1 alpha=0 acc mv=92
PCG_PREP o=20 rebuild=1 drift=0 previous_depth=1
POINT_SAFE o=20 frozen=498 slope=-7634.4358682732063 candidate=1871856.9934020785 original=1869015.7011464108 current=1870648.7347572774 won=0 mode=1 camera_scale=1 keep_scale=0
ATTR_RADIUS o=20 raw_norm=23936.388809517059 norm=1081.7889098467078 radius=2163.5778196934152 next_radius=2163.5778196934152 lambda=8.5277206413881886e-07 next_lambda=8.5277206413881893e-08 rho=0.44051922364559398 accept=1
CLASSICAL_LM o=20 lambda=8.5277206413881886e-07 tau=8.5277206413881886e-07 prediction=3707.0654882031758 rho=0.44051922364559398 accept=1
  MFCG it  21 cost=1.869016e+06 lam=8.528e-08 tau=0.00e+00 cg_it=0 shift=0 ckpt=1 alpha=0 acc mv=94
PCG_PREP o=21 rebuild=1 drift=0 previous_depth=1
ATTR_RADIUS o=21 raw_norm=46230.316114805581 norm=2163.5778196934152 radius=2163.5778196934152 next_radius=540.89445492335381 lambda=8.5277206413881893e-08 next_lambda=1.3644353026221103e-06 rho=0.20729740815964956 accept=1
CLASSICAL_LM o=21 lambda=8.5277206413881893e-08 tau=8.5277206413881893e-08 prediction=3781.6459573006196 rho=0.20729740815964956 accept=1
  MFCG it  22 cost=1.868232e+06 lam=1.364e-06 tau=0.00e+00 cg_it=0 shift=0 ckpt=1 alpha=0 acc mv=96
PCG_PREP o=22 rebuild=1 drift=0 previous_depth=1
ATTR_RADIUS o=22 raw_norm=19842.421007538542 norm=540.89445492335392 radius=540.89445492335381 next_radius=1081.7889098467076 lambda=1.3644353026221103e-06 next_lambda=3.4110882565552757e-07 rho=0.75644616160798117 accept=1
CLASSICAL_LM o=22 lambda=1.3644353026221103e-06 tau=1.3644353026221103e-06 prediction=2180.5559525288818 rho=0.75644616160798117 accept=1
  MFCG it  23 cost=1.866582e+06 lam=3.411e-07 tau=0.00e+00 cg_it=0 shift=0 ckpt=1 alpha=0 acc mv=98
PCG_PREP o=23 rebuild=1 drift=0 previous_depth=1
ATTR_RADIUS o=23 raw_norm=28697.910383338396 norm=1081.7889098467076 radius=1081.7889098467076 next_radius=1081.7889098467076 lambda=3.4110882565552757e-07 next_lambda=3.4110882565552757e-07 rho=0.54501565653576778 accept=1
CLASSICAL_LM o=23 lambda=3.4110882565552757e-07 tau=3.4110882565552757e-07 prediction=2858.9533431719146 rho=0.54501565653576778 accept=1
  MFCG it  24 cost=1.865024e+06 lam=3.411e-07 tau=0.00e+00 cg_it=0 shift=0 ckpt=1 alpha=0 acc mv=100
PCG_PREP o=24 rebuild=1 drift=0 previous_depth=1
ATTR_RADIUS o=24 raw_norm=28253.987955575827 norm=1081.7889098467076 radius=1081.7889098467076 next_radius=1081.7889098467076 lambda=3.4110882565552757e-07 next_lambda=3.4110882565552757e-07 rho=0.55818614476082284 accept=1
CLASSICAL_LM o=24 lambda=3.4110882565552757e-07 tau=3.4110882565552757e-07 prediction=2816.1914276748598 rho=0.55818614476082284 accept=1
  MFCG it  25 cost=1.863452e+06 lam=3.411e-07 tau=0.00e+00 cg_it=0 shift=0 ckpt=1 alpha=0 acc mv=102
PCG_PREP o=25 rebuild=1 drift=0 previous_depth=1
ATTR_RADIUS o=25 raw_norm=27744.917508830949 norm=1081.7889098467072 radius=1081.7889098467076 next_radius=1081.7889098467076 lambda=3.4110882565552757e-07 next_lambda=3.4110882565552757e-07 rho=0.57484272451094309 accept=1
CLASSICAL_LM o=25 lambda=3.4110882565552757e-07 tau=3.4110882565552757e-07 prediction=2770.8649804610563 rho=0.57484272451094309 accept=1
  MFCG it  26 cost=1.861859e+06 lam=3.411e-07 tau=0.00e+00 cg_it=0 shift=0 ckpt=1 alpha=0 acc mv=104
PCG_PREP o=26 rebuild=1 drift=0 previous_depth=1
ATTR_RADIUS o=26 raw_norm=27281.634739831672 norm=1081.7889098467078 radius=1081.7889098467076 next_radius=1081.7889098467076 lambda=3.4110882565552757e-07 next_lambda=3.4110882565552757e-07 rho=0.59179197211484524 accept=1
CLASSICAL_LM o=26 lambda=3.4110882565552757e-07 tau=3.4110882565552757e-07 prediction=2717.5537478211199 rho=0.59179197211484524 accept=1
  MFCG it  27 cost=1.860251e+06 lam=3.411e-07 tau=0.00e+00 cg_it=0 shift=0 ckpt=1 alpha=0 acc mv=106
PCG_PREP o=27 rebuild=1 drift=0 previous_depth=1
ATTR_RADIUS o=27 raw_norm=26820.249238146363 norm=1081.7889098467078 radius=1081.7889098467076 next_radius=1081.7889098467076 lambda=3.4110882565552757e-07 next_lambda=3.4110882565552757e-07 rho=0.60810082060954629 accept=1
CLASSICAL_LM o=27 lambda=3.4110882565552757e-07 tau=3.4110882565552757e-07 prediction=2660.4588154843254 rho=0.60810082060954629 accept=1
  MFCG it  28 cost=1.858633e+06 lam=3.411e-07 tau=0.00e+00 cg_it=0 shift=0 ckpt=1 alpha=0 acc mv=108
PCG_PREP o=28 rebuild=1 drift=0 previous_depth=1
ATTR_RADIUS o=28 raw_norm=26376.145634653058 norm=1081.7889098467076 radius=1081.7889098467076 next_radius=1081.7889098467076 lambda=3.4110882565552757e-07 next_lambda=3.4110882565552757e-07 rho=0.6238823991703315 accept=1
CLASSICAL_LM o=28 lambda=3.4110882565552757e-07 tau=3.4110882565552757e-07 prediction=2597.2821595618016 rho=0.6238823991703315 accept=1
  MFCG it  29 cost=1.857013e+06 lam=3.411e-07 tau=0.00e+00 cg_it=0 shift=0 ckpt=1 alpha=0 acc mv=110
PCG_PREP o=29 rebuild=1 drift=0 previous_depth=1
ATTR_RADIUS o=29 raw_norm=25953.127658993071 norm=1081.7889098467069 radius=1081.7889098467076 next_radius=1081.7889098467076 lambda=3.4110882565552757e-07 next_lambda=3.4110882565552757e-07 rho=0.63948424411274063 accept=1
CLASSICAL_LM o=29 lambda=3.4110882565552757e-07 tau=3.4110882565552757e-07 prediction=2528.9198721362559 rho=0.63948424411274063 accept=1
  MFCG it  30 cost=1.855396e+06 lam=3.411e-07 tau=0.00e+00 cg_it=0 shift=0 ckpt=1 alpha=0 acc mv=112
PCG_PREP o=30 rebuild=1 drift=0 previous_depth=1
ATTR_RADIUS o=30 raw_norm=25530.455793499423 norm=1081.7889098467072 radius=1081.7889098467076 next_radius=1081.7889098467076 lambda=3.4110882565552757e-07 next_lambda=3.4110882565552757e-07 rho=0.65479735916578696 accept=1
CLASSICAL_LM o=30 lambda=3.4110882565552757e-07 tau=3.4110882565552757e-07 prediction=2458.4365262853066 rho=0.65479735916578696 accept=1
  MFCG it  31 cost=1.853786e+06 lam=3.411e-07 tau=0.00e+00 cg_it=0 shift=0 ckpt=1 alpha=0 acc mv=114
PCG_PREP o=31 rebuild=1 drift=0 previous_depth=1
ATTR_RADIUS o=31 raw_norm=25118.252172808756 norm=1081.7889098467078 radius=1081.7889098467076 next_radius=1081.7889098467076 lambda=3.4110882565552757e-07 next_lambda=3.4110882565552757e-07 rho=0.67001276664504739 accept=1
CLASSICAL_LM o=31 lambda=3.4110882565552757e-07 tau=3.4110882565552757e-07 prediction=2385.116514408568 rho=0.67001276664504739 accept=1
  MFCG it  32 cost=1.852188e+06 lam=3.411e-07 tau=0.00e+00 cg_it=0 shift=0 ckpt=1 alpha=0 acc mv=116
PCG_PREP o=32 rebuild=1 drift=0 previous_depth=1
ATTR_RADIUS o=32 raw_norm=24728.600087571504 norm=1081.7889098467078 radius=1081.7889098467076 next_radius=1081.7889098467076 lambda=3.4110882565552757e-07 next_lambda=3.4110882565552757e-07 rho=0.68534770568004177 accept=1
CLASSICAL_LM o=32 lambda=3.4110882565552757e-07 tau=3.4110882565552757e-07 prediction=2308.1769212751251 rho=0.68534770568004177 accept=1
  MFCG it  33 cost=1.850606e+06 lam=3.411e-07 tau=0.00e+00 cg_it=0 shift=0 ckpt=1 alpha=0 acc mv=118
PCG_PREP o=33 rebuild=1 drift=0 previous_depth=1
ATTR_RADIUS o=33 raw_norm=24346.519040507708 norm=1081.7889098467081 radius=1081.7889098467076 next_radius=1081.7889098467076 lambda=3.4110882565552757e-07 next_lambda=3.4110882565552757e-07 rho=0.70065059055012469 accept=1
CLASSICAL_LM o=33 lambda=3.4110882565552757e-07 tau=3.4110882565552757e-07 prediction=2229.414668491786 rho=0.70065059055012469 accept=1
  MFCG it  34 cost=1.849044e+06 lam=3.411e-07 tau=0.00e+00 cg_it=0 shift=0 ckpt=1 alpha=0 acc mv=120
PCG_PREP o=34 rebuild=1 drift=0 previous_depth=1
ATTR_RADIUS o=34 raw_norm=23957.849120262603 norm=1081.7889098467078 radius=1081.7889098467076 next_radius=1081.7889098467076 lambda=3.4110882565552757e-07 next_lambda=3.4110882565552757e-07 rho=0.71579865266830323 accept=1
CLASSICAL_LM o=34 lambda=3.4110882565552757e-07 tau=3.4110882565552757e-07 prediction=2150.4286812943437 rho=0.71579865266830323 accept=1
  MFCG it  35 cost=1.847505e+06 lam=3.411e-07 tau=0.00e+00 cg_it=0 shift=0 ckpt=1 alpha=0 acc mv=122
PCG_PREP o=35 rebuild=1 drift=0 previous_depth=1
ATTR_RADIUS o=35 raw_norm=23589.388738356582 norm=1081.7889098467072 radius=1081.7889098467076 next_radius=1081.7889098467076 lambda=3.4110882565552757e-07 next_lambda=3.4110882565552757e-07 rho=0.73115556878648336 accept=1
CLASSICAL_LM o=35 lambda=3.4110882565552757e-07 tau=3.4110882565552757e-07 prediction=2069.214111853425 rho=0.73115556878648336 accept=1
  MFCG it  36 cost=1.845992e+06 lam=3.411e-07 tau=0.00e+00 cg_it=0 shift=0 ckpt=1 alpha=0 acc mv=124
PCG_PREP o=36 rebuild=1 drift=0 previous_depth=1
ATTR_RADIUS o=36 raw_norm=23234.599643569458 norm=1081.7889098467078 radius=1081.7889098467076 next_radius=1081.7889098467076 lambda=3.4110882565552757e-07 next_lambda=3.4110882565552757e-07 rho=0.74663641993056618 accept=1
CLASSICAL_LM o=36 lambda=3.4110882565552757e-07 tau=3.4110882565552757e-07 prediction=1986.8759443943416 rho=0.74663641993056618 accept=1
  MFCG it  37 cost=1.844508e+06 lam=3.411e-07 tau=0.00e+00 cg_it=0 shift=0 ckpt=1 alpha=0 acc mv=126
PCG_PREP o=37 rebuild=1 drift=0 previous_depth=1
ATTR_RADIUS o=37 raw_norm=22890.543075598918 norm=1081.7889098467081 radius=1081.7889098467076 next_radius=2163.5778196934152 lambda=3.4110882565552757e-07 next_lambda=8.5277206413881893e-08 rho=0.76215804342871418 accept=1
CLASSICAL_LM o=37 lambda=3.4110882565552757e-07 tau=3.4110882565552757e-07 prediction=1903.979745912673 rho=0.76215804342871418 accept=1
  MFCG it  38 cost=1.843057e+06 lam=8.528e-08 tau=0.00e+00 cg_it=0 shift=0 ckpt=1 alpha=0 acc mv=128
PCG_PREP o=38 rebuild=1 drift=0 previous_depth=1
ATTR_RADIUS o=38 raw_norm=40333.673560181269 norm=2163.5778196934148 radius=2163.5778196934152 next_radius=2163.5778196934152 lambda=8.5277206413881893e-08 next_lambda=8.5277206413881893e-08 rho=0.72886675468246709 accept=1
CLASSICAL_LM o=38 lambda=8.5277206413881893e-08 tau=8.5277206413881893e-08 prediction=2040.0535826515882 rho=0.72886675468246709 accept=1
  MFCG it  39 cost=1.841570e+06 lam=8.528e-08 tau=0.00e+00 cg_it=0 shift=0 ckpt=1 alpha=0 acc mv=130
PCG_PREP o=39 rebuild=1 drift=0 previous_depth=1
ATTR_RADIUS o=39 raw_norm=39652.893179859595 norm=2163.5778196934157 radius=2163.5778196934152 next_radius=2163.5778196934152 lambda=8.5277206413881893e-08 next_lambda=8.5277206413881893e-08 rho=0.74838917324254828 accept=1
CLASSICAL_LM o=39 lambda=8.5277206413881893e-08 tau=8.5277206413881893e-08 prediction=1950.1079052084481 rho=0.74838917324254828 accept=1
  MFCG it  40 cost=1.840111e+06 lam=8.528e-08 tau=0.00e+00 cg_it=0 shift=0 ckpt=1 alpha=0 acc mv=132
PCG_PREP o=40 rebuild=1 drift=0 previous_depth=1
ATTR_RADIUS o=40 raw_norm=39074.799569159062 norm=2163.5778196934152 radius=2163.5778196934152 next_radius=4327.1556393868304 lambda=8.5277206413881893e-08 next_lambda=2.1319301603470473e-08 rho=0.76985724035493575 accept=1
CLASSICAL_LM o=40 lambda=8.5277206413881893e-08 tau=8.5277206413881893e-08 prediction=1850.6032129665887 rho=0.76985724035493575 accept=1
  MFCG it  41 cost=1.838686e+06 lam=2.132e-08 tau=0.00e+00 cg_it=0 shift=0 ckpt=1 alpha=0 acc mv=134
PCG_PREP o=41 rebuild=1 drift=0 previous_depth=1
ATTR_RADIUS o=41 raw_norm=65259.972399270482 norm=4327.1556393868304 radius=4327.1556393868304 next_radius=4327.1556393868304 lambda=2.1319301603470473e-08 next_lambda=2.1319301603470473e-08 rho=0.72789778287447904 accept=1
CLASSICAL_LM o=41 lambda=2.1319301603470473e-08 tau=2.1319301603470473e-08 prediction=2074.4894619140796 rho=0.72789778287447904 accept=1
  MFCG it  42 cost=1.837176e+06 lam=2.132e-08 tau=0.00e+00 cg_it=0 shift=0 ckpt=1 alpha=0 acc mv=136
PCG_PREP o=42 rebuild=1 drift=0 previous_depth=1
ATTR_RADIUS o=42 raw_norm=60742.213490063332 norm=4327.1556393868295 radius=4327.1556393868304 next_radius=4327.1556393868304 lambda=2.1319301603470473e-08 next_lambda=2.1319301603470473e-08 rho=0.53020940794388438 accept=1
CLASSICAL_LM o=42 lambda=2.1319301603470473e-08 tau=2.1319301603470473e-08 prediction=2071.7342195244046 rho=0.53020940794388438 accept=1
  MFCG it  43 cost=1.836078e+06 lam=2.132e-08 tau=0.00e+00 cg_it=0 shift=0 ckpt=1 alpha=0 acc mv=138
PCG_PREP o=43 rebuild=1 drift=0 previous_depth=1
ATTR_RADIUS o=43 raw_norm=66834.414796205136 norm=4327.1556393868323 radius=4327.1556393868304 next_radius=8654.3112787736609 lambda=2.1319301603470473e-08 next_lambda=1.3324563502169045e-08 rho=0.83886695524427546 accept=1
CLASSICAL_LM o=43 lambda=2.1319301603470473e-08 tau=2.1319301603470473e-08 prediction=2177.6799853727148 rho=0.83886695524427546 accept=1
  MFCG it  44 cost=1.834251e+06 lam=1.332e-08 tau=0.00e+00 cg_it=0 shift=0 ckpt=1 alpha=0 acc mv=140
PCG_PREP o=44 rebuild=1 drift=0 previous_depth=1
ATTR_RADIUS o=44 raw_norm=76249.519320417283 norm=8654.3112787736627 radius=8654.3112787736609 next_radius=8654.3112787736609 lambda=1.3324563502169045e-08 next_lambda=1.3324563502169045e-08 rho=0.45361142876779115 accept=1
CLASSICAL_LM o=44 lambda=1.3324563502169045e-08 tau=1.3324563502169045e-08 prediction=2739.8049230340885 rho=0.45361142876779115 accept=1
  MFCG it  45 cost=1.833008e+06 lam=1.332e-08 tau=0.00e+00 cg_it=0 shift=0 ckpt=1 alpha=0 acc mv=142
PCG_PREP o=45 rebuild=1 drift=0 previous_depth=1
ATTR_RADIUS o=45 raw_norm=78552.684951637246 norm=8654.3112787736572 radius=8654.3112787736609 next_radius=17308.622557547322 lambda=1.3324563502169045e-08 next_lambda=1.3324563502169045e-08 rho=0.75986068498202353 accept=1
CLASSICAL_LM o=45 lambda=1.3324563502169045e-08 tau=1.3324563502169045e-08 prediction=3068.2697573847481 rho=0.75986068498202353 accept=1
  MFCG it  46 cost=1.830677e+06 lam=1.332e-08 tau=0.00e+00 cg_it=0 shift=0 ckpt=1 alpha=0 acc mv=144
PCG_PREP o=46 rebuild=1 drift=0 previous_depth=1
POINT_SAFE o=46 frozen=901 slope=-5197.0026834976798 candidate=1837435.467228435 original=1830642.4505590678 current=1830676.5368059711 won=0 mode=1 camera_scale=1 keep_scale=0
ATTR_RADIUS o=46 raw_norm=69309.05095092945 norm=17308.622557547318 radius=17308.622557547322 next_radius=4327.1556393868304 lambda=1.3324563502169045e-08 next_lambda=2.1319301603470471e-07 rho=0.013694743113454366 accept=0
CLASSICAL_LM o=46 lambda=1.3324563502169045e-08 tau=1.3324563502169045e-08 prediction=2489.0022851030553 rho=0.013694743113454366 accept=0
  MFCG it  47  retry 1/8  lam=2.132e-07 tau_eff=1.332e-08  (assembly reused)
PCG_PREP o=46 rebuild=1 drift=0 previous_depth=1
ATTR_RADIUS o=46 raw_norm=23080.750771285504 norm=4327.1556393868286 radius=4327.1556393868304 next_radius=4327.1556393868304 lambda=2.1319301603470471e-07 next_lambda=2.1319301603470471e-07 rho=0.74178133817031722 accept=1
CLASSICAL_LM o=46 lambda=2.1319301603470471e-07 tau=2.1319301603470471e-07 prediction=3563.505838806394 rho=0.74178133817031722 accept=1
  MFCG it  47 cost=1.828033e+06 lam=2.132e-07 tau=0.00e+00 cg_it=0 shift=0 ckpt=1 alpha=0 acc mv=148
PCG_PREP o=47 rebuild=1 drift=0 previous_depth=1
ATTR_RADIUS o=47 raw_norm=22837.329988727426 norm=4327.1556393868304 radius=4327.1556393868304 next_radius=8654.3112787736609 lambda=2.1319301603470471e-07 next_lambda=5.3298254008676178e-08 rho=0.83054315815829949 accept=1
CLASSICAL_LM o=47 lambda=2.1319301603470471e-07 tau=2.1319301603470471e-07 prediction=2975.944114919268 rho=0.83054315815829949 accept=1
  MFCG it  48 cost=1.825562e+06 lam=5.330e-08 tau=0.00e+00 cg_it=0 shift=0 ckpt=1 alpha=0 acc mv=150
PCG_PREP o=48 rebuild=1 drift=0 previous_depth=1
ATTR_RADIUS o=48 raw_norm=101604.10767244357 norm=8654.3112787736609 radius=8654.3112787736609 next_radius=8654.3112787736609 lambda=5.3298254008676178e-08 next_lambda=5.3298254008676178e-08 rho=0.40557472255824034 accept=1
CLASSICAL_LM o=48 lambda=5.3298254008676178e-08 tau=5.3298254008676178e-08 prediction=7479.7104177883994 rho=0.40557472255824034 accept=1
  MFCG it  49 cost=1.822528e+06 lam=5.330e-08 tau=0.00e+00 cg_it=7 shift=0 ckpt=8 alpha=0 acc mv=159
PCG_PREP o=49 rebuild=1 drift=0 previous_depth=8
ATTR_RADIUS o=49 raw_norm=99539.001167865281 norm=8654.3112787736572 radius=8654.3112787736609 next_radius=17308.622557547322 lambda=5.3298254008676178e-08 next_lambda=1.3324563502169045e-08 rho=0.78299024363779901 accept=1
CLASSICAL_LM o=49 lambda=5.3298254008676178e-08 tau=5.3298254008676178e-08 prediction=11208.055948929941 rho=0.78299024363779901 accept=1
  MFCG it  50 cost=1.813752e+06 lam=1.332e-08 tau=0.00e+00 cg_it=7 shift=0 ckpt=8 alpha=0 acc mv=168
PCG_PREP o=50 rebuild=1 drift=0 previous_depth=8
NUMERIC_REPAIR o=50 lambda=1.3324563502169045e-08 rayleigh=-2.982109633846666e-08 next_lambda=1.7258263936254283e-07 cg=2 rebuild=2
PCG_PREP o=50 rebuild=1 drift=0 previous_depth=2
POINT_SAFE o=50 frozen=831 slope=-17494.615230515505 candidate=1817173.2312169669 original=1808445.7158533288 current=1813752.1647169066 won=0 mode=1 camera_scale=1 keep_scale=0
ATTR_RADIUS o=50 raw_norm=82092.473420755385 norm=8654.3112787736572 radius=17308.622557547322 next_radius=17308.622557547322 lambda=1.7258263936254283e-07 next_lambda=1.7258263936254283e-07 rho=0.58339044205415114 accept=1
CLASSICAL_LM o=50 lambda=1.7258263936254283e-07 tau=1.7258263936254283e-07 prediction=9095.8789878241514 rho=0.58339044205415114 accept=1
  MFCG it  51 cost=1.808446e+06 lam=1.726e-07 tau=0.00e+00 cg_it=7 shift=0 ckpt=8 alpha=0 acc mv=180
PCG_PREP o=51 rebuild=1 drift=0 previous_depth=8
POINT_SAFE o=51 frozen=680 slope=-23414.702879635741 candidate=1817833.0035723045 original=1802972.214342078 current=1808445.7158533288 won=0 mode=1 camera_scale=1 keep_scale=0
ATTR_RADIUS o=51 raw_norm=77354.602521207504 norm=8654.3112787736645 radius=17308.622557547322 next_radius=17308.622557547322 lambda=1.7258263936254283e-07 next_lambda=1.7258263936254283e-07 rho=0.55089865462002363 accept=1
CLASSICAL_LM o=51 lambda=1.7258263936254283e-07 tau=1.7258263936254283e-07 prediction=9935.5870001645653 rho=0.55089865462002363 accept=1
  MFCG it  52 cost=1.802972e+06 lam=1.726e-07 tau=0.00e+00 cg_it=7 shift=0 ckpt=8 alpha=0 acc mv=189
PCG_PREP o=52 rebuild=1 drift=0 previous_depth=8
ATTR_RADIUS o=52 raw_norm=25908.616569141068 norm=17308.622557547322 radius=17308.622557547322 next_radius=34617.245115094644 lambda=1.7258263936254283e-07 next_lambda=1.7258263936254283e-07 rho=0.86077145243092124 accept=1
CLASSICAL_LM o=52 lambda=1.7258263936254283e-07 tau=1.7258263936254283e-07 prediction=10121.549512266927 rho=0.86077145243092124 accept=1
  MFCG it  53 cost=1.794260e+06 lam=1.726e-07 tau=0.00e+00 cg_it=0 shift=0 ckpt=1 alpha=0 acc mv=191
PCG_PREP o=53 rebuild=1 drift=0 previous_depth=1
POINT_SAFE o=53 frozen=1506 slope=-33981.988643187535 candidate=2554412.640730001 original=1792738.00932221 current=1794259.8734675525 won=0 mode=1 camera_scale=1 keep_scale=0
ATTR_RADIUS o=53 raw_norm=75783.286352135605 norm=8654.3112787736609 radius=34617.245115094644 next_radius=8654.3112787736609 lambda=1.7258263936254283e-07 next_lambda=2.7613222298006852e-06 rho=0.19070783323503673 accept=1
CLASSICAL_LM o=53 lambda=1.7258263936254283e-07 tau=1.7258263936254283e-07 prediction=7980.081989956233 rho=0.19070783323503673 accept=1
  MFCG it  54 cost=1.792738e+06 lam=2.761e-06 tau=0.00e+00 cg_it=9 shift=0 ckpt=10 alpha=0 acc mv=202
PCG_PREP o=54 rebuild=1 drift=0 previous_depth=10
POINT_SAFE o=54 frozen=302 slope=-13915.351256612885 candidate=1783216.6977107548 original=1789899.3572658238 current=1792738.00932221 won=1 mode=1 camera_scale=1 keep_scale=0
ATTR_RADIUS o=54 raw_norm=17254.563478983138 norm=8654.3112787736627 radius=8654.3112787736609 next_radius=17308.622557547322 lambda=2.7613222298006852e-06 next_lambda=6.903305574501713e-07 rho=1.0342989939365073 accept=1
CLASSICAL_LM o=54 lambda=2.7613222298006852e-06 tau=2.7613222298006852e-06 prediction=9205.5698277510401 rho=1.0342989939365073 accept=1
  MFCG it  55 cost=1.783217e+06 lam=6.903e-07 tau=0.00e+00 cg_it=2 shift=0 ckpt=3 alpha=0 acc mv=206
PCG_PREP o=55 rebuild=1 drift=0 previous_depth=3
ATTR_RADIUS o=55 raw_norm=58205.895771615316 norm=17308.622557547322 radius=17308.622557547322 next_radius=17308.622557547322 lambda=6.903305574501713e-07 next_lambda=6.903305574501713e-07 rho=0.41450502139645967 accept=1
CLASSICAL_LM o=55 lambda=6.903305574501713e-07 tau=6.903305574501713e-07 prediction=25048.965610542611 rho=0.41450502139645967 accept=1
  MFCG it  56 cost=1.772834e+06 lam=6.903e-07 tau=0.00e+00 cg_it=13 shift=0 ckpt=14 alpha=0 acc mv=221
PCG_PREP o=56 rebuild=1 drift=0 previous_depth=14
POINT_SAFE o=56 frozen=840 slope=-33383.148474232934 candidate=1758543.9514495197 original=1765024.2436056184 current=1772833.7756843977 won=1 mode=1 camera_scale=1 keep_scale=0
ATTR_RADIUS o=56 raw_norm=16000.164518899421 norm=16000.164518899423 radius=17308.622557547322 next_radius=34617.245115094644 lambda=6.903305574501713e-07 next_lambda=1.7258263936254283e-07 rho=0.85699837201129736 accept=1
CLASSICAL_LM o=56 lambda=6.903305574501713e-07 tau=6.903305574501713e-07 prediction=16674.272322526151 rho=0.85699837201129736 accept=1
  MFCG it  57 cost=1.758544e+06 lam=1.726e-07 tau=0.00e+00 cg_it=0 shift=0 ckpt=1 alpha=0 acc mv=223
PCG_PREP o=57 rebuild=1 drift=0 previous_depth=1
POINT_SAFE o=57 frozen=1896 slope=-22235.767307040274 candidate=2022411.875016826 original=1755944.9098672094 current=1758543.9514495197 won=0 mode=1 camera_scale=1 keep_scale=0
ATTR_RADIUS o=57 raw_norm=34958.711552440072 norm=4327.1556393868323 radius=34617.245115094644 next_radius=34617.245115094644 lambda=1.7258263936254283e-07 next_lambda=1.7258263936254283e-07 rho=0.83194474182310918 accept=1
CLASSICAL_LM o=57 lambda=1.7258263936254283e-07 tau=1.7258263936254283e-07 prediction=3124.0555431780781 rho=0.83194474182310918 accept=1
  MFCG it  58 cost=1.755945e+06 lam=1.726e-07 tau=0.00e+00 cg_it=2 shift=0 ckpt=3 alpha=0 acc mv=227
PCG_PREP o=58 rebuild=1 drift=0 previous_depth=3
POINT_SAFE o=58 frozen=1306 slope=-17609.617742078844 candidate=1820924.8191270004 original=1752848.4930568221 current=1755944.9098672094 won=0 mode=1 camera_scale=1 keep_scale=0
ATTR_RADIUS o=58 raw_norm=47366.085812308862 norm=8654.3112787736609 radius=34617.245115094644 next_radius=34617.245115094644 lambda=1.7258263936254283e-07 next_lambda=1.7258263936254283e-07 rho=0.62010575958043501 accept=1
CLASSICAL_LM o=58 lambda=1.7258263936254283e-07 tau=1.7258263936254283e-07 prediction=4993.3688932067371 rho=0.62010575958043501 accept=1
  MFCG it  59 cost=1.752848e+06 lam=1.726e-07 tau=0.00e+00 cg_it=3 shift=0 ckpt=4 alpha=0 acc mv=232
PCG_PREP o=59 rebuild=1 drift=0 previous_depth=4
POINT_SAFE o=59 frozen=1519 slope=-22072.137094612721 candidate=2148135.1829651664 original=1751522.8305278188 current=1752848.4930568221 won=0 mode=1 camera_scale=1 keep_scale=0
ATTR_RADIUS o=59 raw_norm=54618.923687312919 norm=8654.3112787736609 radius=34617.245115094644 next_radius=34617.245115094644 lambda=1.7258263936254283e-07 next_lambda=1.7258263936254283e-07 rho=0.25237148455584185 accept=1
CLASSICAL_LM o=59 lambda=1.7258263936254283e-07 tau=1.7258263936254283e-07 prediction=5252.8221694159483 rho=0.25237148455584185 accept=1
  MFCG it  60 cost=1.751523e+06 lam=1.726e-07 tau=0.00e+00 cg_it=5 shift=0 ckpt=6 alpha=0 acc mv=239
PCG_PREP o=60 rebuild=1 drift=0 previous_depth=6
POINT_SAFE o=60 frozen=751 slope=-17325.144467238781 candidate=1755173.6154610275 original=1750973.8111966238 current=1751522.8305278188 won=0 mode=1 camera_scale=1 keep_scale=0
ATTR_RADIUS o=60 raw_norm=29747.406535396563 norm=29747.406535396563 radius=34617.245115094644 next_radius=8654.3112787736609 lambda=1.7258263936254283e-07 next_lambda=2.7613222298006852e-06 rho=0.082980048344886315 accept=0
CLASSICAL_LM o=60 lambda=1.7258263936254283e-07 tau=1.7258263936254283e-07 prediction=6616.2811681316598 rho=0.082980048344886315 accept=0
  MFCG it  61  retry 1/8  lam=2.761e-06 tau_eff=1.726e-07  (assembly reused)
PCG_PREP o=60 rebuild=1 drift=0 previous_depth=1
ATTR_RADIUS o=60 raw_norm=5530.6009214963915 norm=5530.6009214963915 radius=8654.3112787736609 next_radius=8654.3112787736609 lambda=2.7613222298006852e-06 next_lambda=2.7613222298006851e-07 rho=0.90045056826066971 accept=1
CLASSICAL_LM o=60 lambda=2.7613222298006852e-06 tau=2.7613222298006852e-06 prediction=8743.8937677360518 rho=0.90045056826066971 accept=1
TARGET reached outer=61 seconds=3.001994220 cost=1743649.3864158499 threshold=1744796.9841897595
  MFCG: accepts=61 rejects=3 total_matvecs=243 negcurv=2 cand_evals=64 mean_cg_per_outer=4.0
NUMERIC_REPAIR summary rebuilds=2 floor=1.7258263936254283e-07
  [retry-cache] builds=66 reuses=0
  [menu-backtrack] trials=24 rescues=24 evals=87 total_scored=151
POINT_SAFE summary calls=24 evals=24 wins=5 frozen=17009 seconds=0.285709207
  [scoring] menu_evals=64 alpha_evals=0 backtrack_evals=87 total_scored=151
RESULT algo=mfree_shifted_cg iters=61 final_cost=1743649.3864158499 solve_seconds=3.010493
DIAGNOSTICS median_reproj_err_px 2.704502 -> 0.546779 | cheirality_violations(obs) 751 -> 814 | cheirality_violations(pts, of 310854) 725 -> 756
