  [menu-backtrack] active=1 max_evals=8 warmup_accepts=3 confirm_stop=original armijo=1e-4
MIXED_STORAGE fragments=fp32 arithmetic=fp64 state=fp64 acceptance=fp64
  [compact-fragments] active=2 saved_bytes=36105992 storage=fp32 camera_reads=contiguous
  MFCG score_init=11152062.772762472 precision=fp64
PCG_PREP o=0 rebuild=1 drift=0 previous_depth=0
ATTR_RADIUS o=0 raw_norm=3225.3525896296719 norm=3225.3525896296719 radius=3225.3525896296719 next_radius=6450.7051792593438 lambda=0.10000000000000001 next_lambda=0.025000000000000001 rho=0.99997438839510666 accept=1
CLASSICAL_LM o=0 lambda=0.10000000000000001 tau=0.10000000000000001 prediction=8877594.9877400436 rho=0.99997438839510666 accept=1
  MFCG it   1 cost=2.274695e+06 lam=2.500e-02 tau=0.00e+00 cg_it=0 shift=0 ckpt=1 alpha=0 acc mv=2
PCG_PREP o=1 rebuild=1 drift=0 previous_depth=1
ATTR_RADIUS o=1 raw_norm=2725.1440498078537 norm=2725.1440498078537 radius=6450.7051792593438 next_radius=6450.7051792593438 lambda=0.025000000000000001 next_lambda=0.0025000000000000005 rho=0.99701845569055181 accept=1
CLASSICAL_LM o=1 lambda=0.025000000000000001 tau=0.025000000000000001 prediction=770789.73816058075 rho=0.99701845569055181 accept=1
  MFCG it   2 cost=1.506204e+06 lam=2.500e-03 tau=0.00e+00 cg_it=4 shift=0 ckpt=5 alpha=0 acc mv=8
PCG_PREP o=2 rebuild=1 drift=0 previous_depth=5
ATTR_RADIUS o=2 raw_norm=9578.8535291652715 norm=6450.705179259342 radius=6450.7051792593438 next_radius=12901.410358518688 lambda=0.0025000000000000005 next_lambda=0.00062500000000000012 rho=0.9978804599093305 accept=1
CLASSICAL_LM o=2 lambda=0.0025000000000000005 tau=0.0025000000000000005 prediction=379875.54087330383 rho=0.9978804599093305 accept=1
  MFCG it   3 cost=1.127133e+06 lam=6.250e-04 tau=0.00e+00 cg_it=6 shift=0 ckpt=7 alpha=0 acc mv=16
PCG_PREP o=3 rebuild=1 drift=0 previous_depth=7
ATTR_RADIUS o=3 raw_norm=20859.307736755767 norm=12901.410358518688 radius=12901.410358518688 next_radius=25802.820717037375 lambda=0.00062500000000000012 next_lambda=0.00015625000000000003 rho=1.0093969216306069 accept=1
CLASSICAL_LM o=3 lambda=0.00062500000000000012 tau=0.00062500000000000012 prediction=304236.92171975441 rho=1.0093969216306069 accept=1
  MFCG it   4 cost=8.200374e+05 lam=1.563e-04 tau=0.00e+00 cg_it=5 shift=0 ckpt=6 alpha=0 acc mv=23
PCG_PREP o=4 rebuild=1 drift=0 previous_depth=6
ATTR_RADIUS o=4 raw_norm=36747.144697820811 norm=25802.820717037375 radius=25802.820717037375 next_radius=51605.641434074751 lambda=0.00015625000000000003 next_lambda=3.9062500000000008e-05 rho=0.98437153825132584 accept=1
CLASSICAL_LM o=4 lambda=0.00015625000000000003 tau=0.00015625000000000003 prediction=327617.41562955093 rho=0.98437153825132584 accept=1
  MFCG it   5 cost=4.975401e+05 lam=3.906e-05 tau=0.00e+00 cg_it=8 shift=0 ckpt=9 alpha=0 acc mv=33
PCG_PREP o=5 rebuild=1 drift=0 previous_depth=9
POINT_SAFE o=5 frozen=1464 slope=-317535.16438415053 candidate=381890.57181636157 original=373473.48947090033 current=497540.10902823607 won=0 mode=1 camera_scale=1 keep_scale=0
ATTR_RADIUS o=5 raw_norm=37463.339909082511 norm=18731.669954541256 radius=51605.641434074751 next_radius=51605.641434074751 lambda=3.9062500000000008e-05 next_lambda=3.9062500000000009e-06 rho=0.9683902896541281 accept=1
CLASSICAL_LM o=5 lambda=3.9062500000000008e-05 tau=3.9062500000000008e-05 prediction=128116.3399538502 rho=0.9683902896541281 accept=1
  MFCG it   6 cost=3.734735e+05 lam=3.906e-06 tau=0.00e+00 cg_it=6 shift=0 ckpt=7 alpha=0 acc mv=41
PCG_PREP o=6 rebuild=1 drift=0 previous_depth=7
POINT_SAFE o=6 frozen=670 slope=-179589.07814860981 candidate=403764.26314288867 original=368581.36728136608 current=373473.48947090033 won=0 mode=1 camera_scale=1 keep_scale=0
ATTR_RADIUS o=6 raw_norm=50229.773519984061 norm=50229.773519984061 radius=51605.641434074751 next_radius=12901.410358518688 lambda=3.9062500000000009e-06 next_lambda=6.2500000000000015e-05 rho=0.067438153648594804 accept=0
CLASSICAL_LM o=6 lambda=3.9062500000000009e-06 tau=3.9062500000000009e-06 prediction=72542.350655476199 rho=0.067438153648594804 accept=0
  MFCG it   7  retry 1/8  lam=6.250e-05 tau_eff=3.906e-06  (assembly reused)
PCG_PREP o=6 rebuild=1 drift=0 previous_depth=6
ATTR_RADIUS o=6 raw_norm=19848.98116643689 norm=12901.410358518688 radius=12901.410358518688 next_radius=25802.820717037375 lambda=6.2500000000000015e-05 next_lambda=1.5625000000000004e-05 rho=0.88264653910214796 accept=1
CLASSICAL_LM o=6 lambda=6.2500000000000015e-05 tau=6.2500000000000015e-05 prediction=68725.645355519111 rho=0.88264653910214796 accept=1
  MFCG it   7 cost=3.128130e+05 lam=1.563e-05 tau=0.00e+00 cg_it=5 shift=0 ckpt=6 alpha=0 acc mv=55
PCG_PREP o=7 rebuild=1 drift=0 previous_depth=6
POINT_SAFE o=7 frozen=179 slope=-71080.723718363733 candidate=285659.09383099433 original=290316.65993885155 current=312813.03645028977 won=1 mode=1 camera_scale=1 keep_scale=0
ATTR_RADIUS o=7 raw_norm=22599.901159642119 norm=22599.901159642119 radius=25802.820717037375 next_radius=25802.820717037375 lambda=1.5625000000000004e-05 next_lambda=1.5625000000000004e-05 rho=0.69104592804663534 accept=1
CLASSICAL_LM o=7 lambda=1.5625000000000004e-05 tau=1.5625000000000004e-05 prediction=39293.976734731521 rho=0.69104592804663534 accept=1
  MFCG it   8 cost=2.856591e+05 lam=1.563e-05 tau=0.00e+00 cg_it=5 shift=0 ckpt=6 alpha=0 acc mv=62
PCG_PREP o=8 rebuild=1 drift=0 previous_depth=6
POINT_SAFE o=8 frozen=172 slope=-35253.096119483569 candidate=271070.72150365188 original=280479.47505654907 current=285659.09383099433 won=1 mode=1 camera_scale=1 keep_scale=0
ATTR_RADIUS o=8 raw_norm=7069.9031757452294 norm=7069.9031757452294 radius=25802.820717037375 next_radius=25802.820717037375 lambda=1.5625000000000004e-05 next_lambda=1.5625000000000005e-06 rho=0.81451458275307986 accept=1
CLASSICAL_LM o=8 lambda=1.5625000000000004e-05 tau=1.5625000000000004e-05 prediction=17910.510918089873 rho=0.81451458275307986 accept=1
  MFCG it   9 cost=2.710707e+05 lam=1.563e-06 tau=0.00e+00 cg_it=0 shift=0 ckpt=1 alpha=0 acc mv=64
PCG_PREP o=9 rebuild=1 drift=0 previous_depth=1
POINT_SAFE o=9 frozen=444 slope=-15079.143184598321 candidate=301858.73406693019 original=265559.82091498229 current=271070.72150365188 won=0 mode=1 camera_scale=1 keep_scale=0
ATTR_RADIUS o=9 raw_norm=35180.526329197754 norm=3225.3525896296719 radius=25802.820717037375 next_radius=25802.820717037375 lambda=1.5625000000000005e-06 next_lambda=1.5625000000000007e-07 rho=1.5016461458241341 accept=1
CLASSICAL_LM o=9 lambda=1.5625000000000005e-06 tau=1.5625000000000005e-06 prediction=3669.9062585380834 rho=1.5016461458241341 accept=1
  MFCG it  10 cost=2.655598e+05 lam=1.563e-07 tau=0.00e+00 cg_it=1 shift=0 ckpt=2 alpha=0 acc mv=67
PCG_PREP o=10 rebuild=1 drift=0 previous_depth=2
POINT_SAFE o=10 frozen=296 slope=-17400.102841486012 candidate=291982.30929004127 original=262360.0635103659 current=265559.82091498229 won=0 mode=1 camera_scale=1 keep_scale=0
ATTR_RADIUS o=10 raw_norm=43906.351399892214 norm=6450.7051792593447 radius=25802.820717037375 next_radius=25802.820717037375 lambda=1.5625000000000007e-07 next_lambda=1.5625000000000006e-08 rho=0.62242566185340564 accept=1
CLASSICAL_LM o=10 lambda=1.5625000000000007e-07 tau=1.5625000000000007e-07 prediction=5140.7864436187147 rho=0.62242566185340564 accept=1
  MFCG it  11 cost=2.623601e+05 lam=1.563e-08 tau=0.00e+00 cg_it=1 shift=0 ckpt=2 alpha=0 acc mv=70
PCG_PREP o=11 rebuild=1 drift=0 previous_depth=2
POINT_SAFE o=11 frozen=498 slope=-19032.124693706384 candidate=262959.54952586268 original=258725.39637492978 current=262360.0635103659 won=0 mode=1 camera_scale=1 keep_scale=0
ATTR_RADIUS o=11 raw_norm=15182.120759451278 norm=7591.060379725639 radius=25802.820717037375 next_radius=25802.820717037375 lambda=1.5625000000000006e-08 next_lambda=1.5625000000000008e-09 rho=0.50186132403075101 accept=1
CLASSICAL_LM o=11 lambda=1.5625000000000006e-08 tau=1.5625000000000006e-08 prediction=7242.3734633382646 rho=0.50186132403075101 accept=1
  MFCG it  12 cost=2.587254e+05 lam=1.563e-09 tau=0.00e+00 cg_it=0 shift=0 ckpt=1 alpha=0 acc mv=72
PCG_PREP o=12 rebuild=1 drift=0 previous_depth=1
POINT_SAFE o=12 frozen=126 slope=-14015.385059913446 candidate=262001.26315913475 original=257432.3275347366 current=258725.39637492978 won=0 mode=1 camera_scale=1 keep_scale=0
ATTR_RADIUS o=12 raw_norm=15537.611508208907 norm=7768.8057541044536 radius=25802.820717037375 next_radius=6450.7051792593438 lambda=1.5625000000000008e-09 next_lambda=2.5000000000000012e-08 rho=0.23597035273514261 accept=1
CLASSICAL_LM o=12 lambda=1.5625000000000008e-09 tau=1.5625000000000008e-09 prediction=5479.7936486730932 rho=0.23597035273514261 accept=1
  MFCG it  13 cost=2.574323e+05 lam=2.500e-08 tau=0.00e+00 cg_it=0 shift=0 ckpt=1 alpha=0 acc mv=74
PCG_PREP o=13 rebuild=1 drift=0 previous_depth=1
ATTR_RADIUS o=13 raw_norm=15524.055617976332 norm=6450.7051792593447 radius=6450.7051792593438 next_radius=6450.7051792593438 lambda=2.5000000000000012e-08 next_lambda=2.5000000000000012e-08 rho=0.47307470090321457 accept=1
CLASSICAL_LM o=13 lambda=2.5000000000000012e-08 tau=2.5000000000000012e-08 prediction=4870.3330747385644 rho=0.47307470090321457 accept=1
  MFCG it  14 cost=2.551283e+05 lam=2.500e-08 tau=0.00e+00 cg_it=0 shift=0 ckpt=1 alpha=0 acc mv=76
PCG_PREP o=14 rebuild=1 drift=0 previous_depth=1
ATTR_RADIUS o=14 raw_norm=16033.407122792411 norm=6450.7051792593429 radius=6450.7051792593438 next_radius=6450.7051792593438 lambda=2.5000000000000012e-08 next_lambda=2.5000000000000012e-08 rho=0.38326566535038581 accept=1
CLASSICAL_LM o=14 lambda=2.5000000000000012e-08 tau=2.5000000000000012e-08 prediction=3168.4549959995611 rho=0.38326566535038581 accept=1
  MFCG it  15 cost=2.539139e+05 lam=2.500e-08 tau=0.00e+00 cg_it=0 shift=0 ckpt=1 alpha=0 acc mv=78
PCG_PREP o=15 rebuild=1 drift=0 previous_depth=1
ATTR_RADIUS o=15 raw_norm=16480.997755649074 norm=6450.7051792593456 radius=6450.7051792593438 next_radius=6450.7051792593438 lambda=2.5000000000000012e-08 next_lambda=2.5000000000000012e-08 rho=0.28649583627019831 accept=1
CLASSICAL_LM o=15 lambda=2.5000000000000012e-08 tau=2.5000000000000012e-08 prediction=2477.1835229989874 rho=0.28649583627019831 accept=1
  MFCG it  16 cost=2.532042e+05 lam=2.500e-08 tau=0.00e+00 cg_it=0 shift=0 ckpt=1 alpha=0 acc mv=80
PCG_PREP o=16 rebuild=1 drift=0 previous_depth=1
ATTR_RADIUS o=16 raw_norm=16889.009699009315 norm=6450.7051792593447 radius=6450.7051792593438 next_radius=1612.676294814836 lambda=2.5000000000000012e-08 next_lambda=4.0000000000000019e-07 rho=0.18900639480100562 accept=1
CLASSICAL_LM o=16 lambda=2.5000000000000012e-08 tau=2.5000000000000012e-08 prediction=2160.002282602934 rho=0.18900639480100562 accept=1
  MFCG it  17 cost=2.527960e+05 lam=4.000e-07 tau=0.00e+00 cg_it=0 shift=0 ckpt=1 alpha=0 acc mv=82
PCG_PREP o=17 rebuild=1 drift=0 previous_depth=1
ATTR_RADIUS o=17 raw_norm=14617.458498773622 norm=1612.6762948148364 radius=1612.676294814836 next_radius=3225.3525896296719 lambda=4.0000000000000019e-07 next_lambda=1.0000000000000005e-07 rho=0.79754965675020051 accept=1
CLASSICAL_LM o=17 lambda=4.0000000000000019e-07 tau=4.0000000000000019e-07 prediction=764.24355264720771 rho=0.79754965675020051 accept=1
  MFCG it  18 cost=2.521865e+05 lam=1.000e-07 tau=0.00e+00 cg_it=0 shift=0 ckpt=1 alpha=0 acc mv=84
PCG_PREP o=18 rebuild=1 drift=0 previous_depth=1
ATTR_RADIUS o=18 raw_norm=16964.761266117606 norm=3225.3525896296724 radius=3225.3525896296719 next_radius=3225.3525896296719 lambda=1.0000000000000005e-07 next_lambda=1.0000000000000005e-07 rho=0.49400692977098709 accept=1
CLASSICAL_LM o=18 lambda=1.0000000000000005e-07 tau=1.0000000000000005e-07 prediction=941.95063862438565 rho=0.49400692977098709 accept=1
  MFCG it  19 cost=2.517211e+05 lam=1.000e-07 tau=0.00e+00 cg_it=0 shift=0 ckpt=1 alpha=0 acc mv=86
PCG_PREP o=19 rebuild=1 drift=0 previous_depth=1
ATTR_RADIUS o=19 raw_norm=17469.392680777586 norm=3225.3525896296719 radius=3225.3525896296719 next_radius=3225.3525896296719 lambda=1.0000000000000005e-07 next_lambda=1.0000000000000005e-07 rho=0.46605392045962596 accept=1
CLASSICAL_LM o=19 lambda=1.0000000000000005e-07 tau=1.0000000000000005e-07 prediction=812.5638379630725 rho=0.46605392045962596 accept=1
  MFCG it  20 cost=2.513424e+05 lam=1.000e-07 tau=0.00e+00 cg_it=0 shift=0 ckpt=1 alpha=0 acc mv=88
PCG_PREP o=20 rebuild=1 drift=0 previous_depth=1
ATTR_RADIUS o=20 raw_norm=17896.365046137445 norm=3225.3525896296705 radius=3225.3525896296719 next_radius=3225.3525896296719 lambda=1.0000000000000005e-07 next_lambda=1.0000000000000005e-07 rho=0.43515858118845879 accept=1
CLASSICAL_LM o=20 lambda=1.0000000000000005e-07 tau=1.0000000000000005e-07 prediction=711.49095189736443 rho=0.43515858118845879 accept=1
  MFCG it  21 cost=2.510328e+05 lam=1.000e-07 tau=0.00e+00 cg_it=0 shift=0 ckpt=1 alpha=0 acc mv=90
PCG_PREP o=21 rebuild=1 drift=0 previous_depth=1
ATTR_RADIUS o=21 raw_norm=18274.935163230537 norm=3225.3525896296728 radius=3225.3525896296719 next_radius=3225.3525896296719 lambda=1.0000000000000005e-07 next_lambda=1.0000000000000005e-07 rho=0.40550758136424514 accept=1
CLASSICAL_LM o=21 lambda=1.0000000000000005e-07 tau=1.0000000000000005e-07 prediction=634.79677869868033 rho=0.40550758136424514 accept=1
  MFCG it  22 cost=2.507754e+05 lam=1.000e-07 tau=0.00e+00 cg_it=0 shift=0 ckpt=1 alpha=0 acc mv=92
PCG_PREP o=22 rebuild=1 drift=0 previous_depth=1
ATTR_RADIUS o=22 raw_norm=18608.351105275782 norm=3225.352589629671 radius=3225.3525896296719 next_radius=3225.3525896296719 lambda=1.0000000000000005e-07 next_lambda=1.0000000000000005e-07 rho=0.37708861428557089 accept=1
CLASSICAL_LM o=22 lambda=1.0000000000000005e-07 tau=1.0000000000000005e-07 prediction=575.78097485722697 rho=0.37708861428557089 accept=1
  MFCG it  23 cost=2.505583e+05 lam=1.000e-07 tau=0.00e+00 cg_it=0 shift=0 ckpt=1 alpha=0 acc mv=94
PCG_PREP o=23 rebuild=1 drift=0 previous_depth=1
ATTR_RADIUS o=23 raw_norm=18900.187269461836 norm=3225.3525896296705 radius=3225.3525896296719 next_radius=3225.3525896296719 lambda=1.0000000000000005e-07 next_lambda=1.0000000000000005e-07 rho=0.34998191803729595 accept=1
CLASSICAL_LM o=23 lambda=1.0000000000000005e-07 tau=1.0000000000000005e-07 prediction=529.84530167939567 rho=0.34998191803729595 accept=1
  MFCG it  24 cost=2.503728e+05 lam=1.000e-07 tau=0.00e+00 cg_it=0 shift=0 ckpt=1 alpha=0 acc mv=96
PCG_PREP o=24 rebuild=1 drift=0 previous_depth=1
ATTR_RADIUS o=24 raw_norm=19155.687729137626 norm=3225.3525896296724 radius=3225.3525896296719 next_radius=3225.3525896296719 lambda=1.0000000000000005e-07 next_lambda=1.0000000000000005e-07 rho=0.32429465259303103 accept=1
CLASSICAL_LM o=24 lambda=1.0000000000000005e-07 tau=1.0000000000000005e-07 prediction=493.79801814875071 rho=0.32429465259303103 accept=1
  MFCG it  25 cost=2.502127e+05 lam=1.000e-07 tau=0.00e+00 cg_it=0 shift=0 ckpt=1 alpha=0 acc mv=98
PCG_PREP o=25 rebuild=1 drift=0 previous_depth=1
ATTR_RADIUS o=25 raw_norm=19378.74061731403 norm=3225.3525896296715 radius=3225.3525896296719 next_radius=3225.3525896296719 lambda=1.0000000000000005e-07 next_lambda=1.0000000000000005e-07 rho=0.30016609057847887 accept=1
CLASSICAL_LM o=25 lambda=1.0000000000000005e-07 tau=1.0000000000000005e-07 prediction=465.37472410016056 rho=0.30016609057847887 accept=1
  MFCG it  26 cost=2.500730e+05 lam=1.000e-07 tau=0.00e+00 cg_it=0 shift=0 ckpt=1 alpha=0 acc mv=100
PCG_PREP o=26 rebuild=1 drift=0 previous_depth=1
ATTR_RADIUS o=26 raw_norm=19565.379440719971 norm=3225.3525896296719 radius=3225.3525896296719 next_radius=3225.3525896296719 lambda=1.0000000000000005e-07 next_lambda=1.0000000000000005e-07 rho=0.27773910924326412 accept=1
CLASSICAL_LM o=26 lambda=1.0000000000000005e-07 tau=1.0000000000000005e-07 prediction=442.93377108073815 rho=0.27773910924326412 accept=1
  MFCG it  27 cost=2.499500e+05 lam=1.000e-07 tau=0.00e+00 cg_it=0 shift=0 ckpt=1 alpha=0 acc mv=102
PCG_PREP o=27 rebuild=1 drift=0 previous_depth=1
ATTR_RADIUS o=27 raw_norm=19693.820047944577 norm=3225.3525896296724 radius=3225.3525896296719 next_radius=3225.3525896296719 lambda=1.0000000000000005e-07 next_lambda=1.0000000000000005e-07 rho=0.25688015445697082 accept=1
CLASSICAL_LM o=27 lambda=1.0000000000000005e-07 tau=1.0000000000000005e-07 prediction=425.08117706932615 rho=0.25688015445697082 accept=1
  MFCG it  28 cost=2.498408e+05 lam=1.000e-07 tau=0.00e+00 cg_it=0 shift=0 ckpt=1 alpha=0 acc mv=104
PCG_PREP o=28 rebuild=1 drift=0 previous_depth=1
ATTR_RADIUS o=28 raw_norm=19802.680494313579 norm=3225.352589629671 radius=3225.3525896296719 next_radius=806.33814740741798 lambda=1.0000000000000005e-07 next_lambda=1.6000000000000008e-06 rho=0.23753449208333985 accept=1
CLASSICAL_LM o=28 lambda=1.0000000000000005e-07 tau=1.0000000000000005e-07 prediction=410.84540589666148 rho=0.23753449208333985 accept=1
  MFCG it  29 cost=2.497432e+05 lam=1.600e-06 tau=0.00e+00 cg_it=0 shift=0 ckpt=1 alpha=0 acc mv=106
PCG_PREP o=29 rebuild=1 drift=0 previous_depth=1
ATTR_RADIUS o=29 raw_norm=4420.2052917493693 norm=806.33814740741752 radius=806.33814740741798 next_radius=1612.676294814836 lambda=1.6000000000000008e-06 next_lambda=4.0000000000000019e-07 rho=0.9263861131990041 accept=1
CLASSICAL_LM o=29 lambda=1.6000000000000008e-06 tau=1.6000000000000008e-06 prediction=415.0132016094189 rho=0.9263861131990041 accept=1
  MFCG it  30 cost=2.493588e+05 lam=4.000e-07 tau=0.00e+00 cg_it=0 shift=0 ckpt=1 alpha=0 acc mv=108
PCG_PREP o=30 rebuild=1 drift=0 previous_depth=1
ATTR_RADIUS o=30 raw_norm=12508.007408942387 norm=1612.6762948148357 radius=1612.676294814836 next_radius=1612.676294814836 lambda=4.0000000000000019e-07 next_lambda=4.0000000000000019e-07 rho=0.69548562858209495 accept=1
CLASSICAL_LM o=30 lambda=4.0000000000000019e-07 tau=4.0000000000000019e-07 prediction=231.73850158167605 rho=0.69548562858209495 accept=1
  MFCG it  31 cost=2.491976e+05 lam=4.000e-07 tau=0.00e+00 cg_it=0 shift=0 ckpt=1 alpha=0 acc mv=110
PCG_PREP o=31 rebuild=1 drift=0 previous_depth=1
ATTR_RADIUS o=31 raw_norm=12683.329336852197 norm=1612.6762948148366 radius=1612.676294814836 next_radius=1612.676294814836 lambda=4.0000000000000019e-07 next_lambda=4.0000000000000019e-07 rho=0.68824464715503975 accept=1
CLASSICAL_LM o=31 lambda=4.0000000000000019e-07 tau=4.0000000000000019e-07 prediction=203.3469806115489 rho=0.68824464715503975 accept=1
  MFCG it  32 cost=2.490576e+05 lam=4.000e-07 tau=0.00e+00 cg_it=0 shift=0 ckpt=1 alpha=0 acc mv=112
PCG_PREP o=32 rebuild=1 drift=0 previous_depth=1
ATTR_RADIUS o=32 raw_norm=12867.491461327794 norm=1612.6762948148362 radius=1612.676294814836 next_radius=1612.676294814836 lambda=4.0000000000000019e-07 next_lambda=4.0000000000000019e-07 rho=0.68143250406214873 accept=1
CLASSICAL_LM o=32 lambda=4.0000000000000019e-07 tau=4.0000000000000019e-07 prediction=179.68255909834932 rho=0.68143250406214873 accept=1
  MFCG it  33 cost=2.489352e+05 lam=4.000e-07 tau=0.00e+00 cg_it=0 shift=0 ckpt=1 alpha=0 acc mv=114
PCG_PREP o=33 rebuild=1 drift=0 previous_depth=1
ATTR_RADIUS o=33 raw_norm=13049.990299440175 norm=1612.676294814836 radius=1612.676294814836 next_radius=1612.676294814836 lambda=4.0000000000000019e-07 next_lambda=4.0000000000000019e-07 rho=0.67575384813371631 accept=1
CLASSICAL_LM o=33 lambda=4.0000000000000019e-07 tau=4.0000000000000019e-07 prediction=160.29523608928184 rho=0.67575384813371631 accept=1
  MFCG it  34 cost=2.488269e+05 lam=4.000e-07 tau=0.00e+00 cg_it=0 shift=0 ckpt=1 alpha=0 acc mv=116
PCG_PREP o=34 rebuild=1 drift=0 previous_depth=1
ATTR_RADIUS o=34 raw_norm=13225.166849289652 norm=1612.6762948148362 radius=1612.676294814836 next_radius=1612.676294814836 lambda=4.0000000000000019e-07 next_lambda=4.0000000000000019e-07 rho=0.67112119942231818 accept=1
CLASSICAL_LM o=34 lambda=4.0000000000000019e-07 tau=4.0000000000000019e-07 prediction=144.29422662417272 rho=0.67112119942231818 accept=1
  MFCG it  35 cost=2.487300e+05 lam=4.000e-07 tau=0.00e+00 cg_it=0 shift=0 ckpt=1 alpha=0 acc mv=118
PCG_PREP o=35 rebuild=1 drift=0 previous_depth=1
ATTR_RADIUS o=35 raw_norm=13387.276713926369 norm=1612.6762948148362 radius=1612.676294814836 next_radius=1612.676294814836 lambda=4.0000000000000019e-07 next_lambda=4.0000000000000019e-07 rho=0.6674069636816633 accept=1
CLASSICAL_LM o=35 lambda=4.0000000000000019e-07 tau=4.0000000000000019e-07 prediction=130.99193881118038 rho=0.6674069636816633 accept=1
  MFCG it  36 cost=2.486426e+05 lam=4.000e-07 tau=0.00e+00 cg_it=0 shift=0 ckpt=1 alpha=0 acc mv=120
PCG_PREP o=36 rebuild=1 drift=0 previous_depth=1
ATTR_RADIUS o=36 raw_norm=13532.583804859478 norm=1612.6762948148362 radius=1612.676294814836 next_radius=1612.676294814836 lambda=4.0000000000000019e-07 next_lambda=4.0000000000000019e-07 rho=0.66450366516755199 accept=1
CLASSICAL_LM o=36 lambda=4.0000000000000019e-07 tau=4.0000000000000019e-07 prediction=119.84895741828433 rho=0.66450366516755199 accept=1
  MFCG it  37 cost=2.485630e+05 lam=4.000e-07 tau=0.00e+00 cg_it=0 shift=0 ckpt=1 alpha=0 acc mv=122
PCG_PREP o=37 rebuild=1 drift=0 previous_depth=1
ATTR_RADIUS o=37 raw_norm=19535.495778144577 norm=1612.6762948148355 radius=1612.676294814836 next_radius=3225.3525896296719 lambda=4.0000000000000019e-07 next_lambda=1.0000000000000005e-07 rho=0.79065025248564513 accept=1
CLASSICAL_LM o=37 lambda=4.0000000000000019e-07 tau=4.0000000000000019e-07 prediction=181.05453610629826 rho=0.79065025248564513 accept=1
  MFCG it  38 cost=2.484198e+05 lam=1.000e-07 tau=0.00e+00 cg_it=1 shift=0 ckpt=2 alpha=0 acc mv=125
PCG_PREP o=38 rebuild=1 drift=0 previous_depth=2
POINT_SAFE o=38 frozen=574 slope=-109.07971402644989 candidate=248475.32617601726 original=248405.43720996031 current=248419.81243862704 won=0 mode=1 camera_scale=1 keep_scale=0
ATTR_RADIUS o=38 raw_norm=71735.409959660523 norm=1612.6762948148364 radius=3225.3525896296719 next_radius=3225.3525896296719 lambda=1.0000000000000005e-07 next_lambda=1.0000000000000005e-08 rho=0.26673627315864701 accept=1
CLASSICAL_LM o=38 lambda=1.0000000000000005e-07 tau=1.0000000000000005e-07 prediction=53.893040104746298 rho=0.26673627315864701 accept=1
  MFCG it  39 cost=2.484054e+05 lam=1.000e-08 tau=0.00e+00 cg_it=1 shift=0 ckpt=2 alpha=0 acc mv=128
PCG_PREP o=39 rebuild=1 drift=0 previous_depth=2
POINT_SAFE o=39 frozen=114 slope=-56.703702485479958 candidate=248521.10522247574 original=248402.06009096513 current=248405.43720996031 won=0 mode=1 camera_scale=1 keep_scale=0
ATTR_RADIUS o=39 raw_norm=180141.51389473284 norm=806.33814740741764 radius=3225.3525896296719 next_radius=806.33814740741798 lambda=1.0000000000000005e-08 next_lambda=1.6000000000000008e-07 rho=0.23982196298994576 accept=1
CLASSICAL_LM o=39 lambda=1.0000000000000005e-08 tau=1.0000000000000005e-08 prediction=14.081775301463674 rho=0.23982196298994576 accept=1
  MFCG it  40 cost=2.484021e+05 lam=1.600e-07 tau=0.00e+00 cg_it=1 shift=0 ckpt=2 alpha=0 acc mv=131
PCG_PREP o=40 rebuild=1 drift=0 previous_depth=2
ATTR_RADIUS o=40 raw_norm=22513.040940192979 norm=806.33814740741775 radius=806.33814740741798 next_radius=806.33814740741798 lambda=1.6000000000000008e-07 next_lambda=1.6000000000000008e-07 rho=0.68708228032467167 accept=1
CLASSICAL_LM o=40 lambda=1.6000000000000008e-07 tau=1.6000000000000008e-07 prediction=35.552895722034386 rho=0.68708228032467167 accept=1
  MFCG it  41 cost=2.483776e+05 lam=1.600e-07 tau=0.00e+00 cg_it=0 shift=0 ckpt=1 alpha=0 acc mv=133
PCG_PREP o=41 rebuild=1 drift=0 previous_depth=1
ATTR_RADIUS o=41 raw_norm=22528.692025932258 norm=806.33814740741809 radius=806.33814740741798 next_radius=806.33814740741798 lambda=1.6000000000000008e-07 next_lambda=1.6000000000000008e-07 rho=0.67821686874900267 accept=1
CLASSICAL_LM o=41 lambda=1.6000000000000008e-07 tau=1.6000000000000008e-07 prediction=33.761531639243941 rho=0.67821686874900267 accept=1
  MFCG it  42 cost=2.483547e+05 lam=1.600e-07 tau=0.00e+00 cg_it=0 shift=0 ckpt=1 alpha=0 acc mv=135
PCG_PREP o=42 rebuild=1 drift=0 previous_depth=1
ATTR_RADIUS o=42 raw_norm=22530.436675558933 norm=806.33814740741775 radius=806.33814740741798 next_radius=806.33814740741798 lambda=1.6000000000000008e-07 next_lambda=1.6000000000000008e-07 rho=0.67738800081234118 accept=1
CLASSICAL_LM o=42 lambda=1.6000000000000008e-07 tau=1.6000000000000008e-07 prediction=32.85581927914135 rho=0.67738800081234118 accept=1
  MFCG it  43 cost=2.483325e+05 lam=1.600e-07 tau=0.00e+00 cg_it=0 shift=0 ckpt=1 alpha=0 acc mv=137
PCG_PREP o=43 rebuild=1 drift=0 previous_depth=1
ATTR_RADIUS o=43 raw_norm=22529.709149127702 norm=806.33814740741752 radius=806.33814740741798 next_radius=806.33814740741798 lambda=1.6000000000000008e-07 next_lambda=1.6000000000000008e-07 rho=0.67672685357892925 accept=1
CLASSICAL_LM o=43 lambda=1.6000000000000008e-07 tau=1.6000000000000008e-07 prediction=31.998764603106967 rho=0.67672685357892925 accept=1
  MFCG it  44 cost=2.483108e+05 lam=1.600e-07 tau=0.00e+00 cg_it=0 shift=0 ckpt=1 alpha=0 acc mv=139
PCG_PREP o=44 rebuild=1 drift=0 previous_depth=1
ATTR_RADIUS o=44 raw_norm=22526.177688087784 norm=806.33814740741832 radius=806.33814740741798 next_radius=806.33814740741798 lambda=1.6000000000000008e-07 next_lambda=1.6000000000000008e-07 rho=0.67623255205953292 accept=1
CLASSICAL_LM o=44 lambda=1.6000000000000008e-07 tau=1.6000000000000008e-07 prediction=31.186227531141423 rho=0.67623255205953292 accept=1
  MFCG it  45 cost=2.482897e+05 lam=1.600e-07 tau=0.00e+00 cg_it=0 shift=0 ckpt=1 alpha=0 acc mv=141
PCG_PREP o=45 rebuild=1 drift=0 previous_depth=1
ATTR_RADIUS o=45 raw_norm=22519.829773392557 norm=806.33814740741786 radius=806.33814740741798 next_radius=806.33814740741798 lambda=1.6000000000000008e-07 next_lambda=1.6000000000000008e-07 rho=0.67590161258078141 accept=1
CLASSICAL_LM o=45 lambda=1.6000000000000008e-07 tau=1.6000000000000008e-07 prediction=30.416007345653433 rho=0.67590161258078141 accept=1
  MFCG it  46 cost=2.482692e+05 lam=1.600e-07 tau=0.00e+00 cg_it=0 shift=0 ckpt=1 alpha=0 acc mv=143
PCG_PREP o=46 rebuild=1 drift=0 previous_depth=1
ATTR_RADIUS o=46 raw_norm=22510.505122156352 norm=806.33814740741809 radius=806.33814740741798 next_radius=806.33814740741798 lambda=1.6000000000000008e-07 next_lambda=1.6000000000000008e-07 rho=0.67573007704562438 accept=1
CLASSICAL_LM o=46 lambda=1.6000000000000008e-07 tau=1.6000000000000008e-07 prediction=29.686187118803371 rho=0.67573007704562438 accept=1
  MFCG it  47 cost=2.482491e+05 lam=1.600e-07 tau=0.00e+00 cg_it=0 shift=0 ckpt=1 alpha=0 acc mv=145
PCG_PREP o=47 rebuild=1 drift=0 previous_depth=1
ATTR_RADIUS o=47 raw_norm=22500.106482563908 norm=806.33814740741821 radius=806.33814740741798 next_radius=806.33814740741798 lambda=1.6000000000000008e-07 next_lambda=1.6000000000000008e-07 rho=0.6757501036862622 accept=1
CLASSICAL_LM o=47 lambda=1.6000000000000008e-07 tau=1.6000000000000008e-07 prediction=28.99284344876051 rho=0.6757501036862622 accept=1
  MFCG it  48 cost=2.482295e+05 lam=1.600e-07 tau=0.00e+00 cg_it=0 shift=0 ckpt=1 alpha=0 acc mv=147
PCG_PREP o=48 rebuild=1 drift=0 previous_depth=1
ATTR_RADIUS o=48 raw_norm=22486.175734449316 norm=806.33814740741741 radius=806.33814740741798 next_radius=806.33814740741798 lambda=1.6000000000000008e-07 next_lambda=1.6000000000000008e-07 rho=0.67593576949988243 accept=1
CLASSICAL_LM o=48 lambda=1.6000000000000008e-07 tau=1.6000000000000008e-07 prediction=28.337696308669674 rho=0.67593576949988243 accept=1
  MFCG it  49 cost=2.482104e+05 lam=1.600e-07 tau=0.00e+00 cg_it=0 shift=0 ckpt=1 alpha=0 acc mv=149
PCG_PREP o=49 rebuild=1 drift=0 previous_depth=1
ATTR_RADIUS o=49 raw_norm=36666.84153189513 norm=806.33814740741764 radius=806.33814740741798 next_radius=1612.676294814836 lambda=1.6000000000000008e-07 next_lambda=4.0000000000000021e-08 rho=0.79834740211832078 accept=1
CLASSICAL_LM o=49 lambda=1.6000000000000008e-07 tau=1.6000000000000008e-07 prediction=44.350487380130893 rho=0.79834740211832078 accept=1
  MFCG it  50 cost=2.481750e+05 lam=4.000e-08 tau=0.00e+00 cg_it=1 shift=0 ckpt=2 alpha=0 acc mv=152
PCG_PREP o=50 rebuild=1 drift=0 previous_depth=2
POINT_SAFE o=50 frozen=545 slope=-30.803800238332382 candidate=248179.26522211809 original=248168.41240165482 current=248174.96342893873 won=0 mode=1 camera_scale=1 keep_scale=0
ATTR_RADIUS o=50 raw_norm=120479.84176738074 norm=806.33814740741843 radius=1612.676294814836 next_radius=1612.676294814836 lambda=4.0000000000000021e-08 next_lambda=4.0000000000000019e-09 rho=0.42664128994824063 accept=1
CLASSICAL_LM o=50 lambda=4.0000000000000021e-08 tau=4.0000000000000021e-08 prediction=15.354883454227418 rho=0.42664128994824063 accept=1
  MFCG it  51 cost=2.481684e+05 lam=4.000e-09 tau=0.00e+00 cg_it=1 shift=0 ckpt=2 alpha=0 acc mv=155
PCG_PREP o=51 rebuild=1 drift=0 previous_depth=2
POINT_SAFE o=51 frozen=115 slope=-27.274266848168836 candidate=248176.66692428745 original=248163.75851799356 current=248168.41240165482 won=0 mode=1 camera_scale=1 keep_scale=0
ATTR_RADIUS o=51 raw_norm=258776.94886694933 norm=806.33814740741798 radius=1612.676294814836 next_radius=1612.676294814836 lambda=4.0000000000000019e-09 next_lambda=4.0000000000000022e-10 rho=0.34901047005628622 accept=1
CLASSICAL_LM o=51 lambda=4.0000000000000019e-09 tau=4.0000000000000019e-09 prediction=13.334510166727513 rho=0.34901047005628622 accept=1
  MFCG it  52 cost=2.481638e+05 lam=4.000e-10 tau=0.00e+00 cg_it=1 shift=0 ckpt=2 alpha=0 acc mv=158
PCG_PREP o=52 rebuild=1 drift=0 previous_depth=2
NUMERIC_REPAIR o=52 lambda=4.0000000000000022e-10 rayleigh=-2.0904645229204211e-07 next_lambda=8.3778580916816847e-07 cg=1 rebuild=1
PCG_PREP o=52 rebuild=1 drift=0 previous_depth=1
ATTR_RADIUS o=52 raw_norm=5712.2806622686458 norm=1612.6762948148362 radius=1612.676294814836 next_radius=3225.3525896296719 lambda=8.3778580916816847e-07 next_lambda=8.3778580916816847e-07 rho=0.8321477401020031 accept=1
CLASSICAL_LM o=52 lambda=8.3778580916816847e-07 tau=8.3778580916816847e-07 prediction=195.55990307430955 rho=0.8321477401020031 accept=1
  MFCG it  53 cost=2.480010e+05 lam=8.378e-07 tau=0.00e+00 cg_it=0 shift=0 ckpt=1 alpha=0 acc mv=162
PCG_PREP o=53 rebuild=1 drift=0 previous_depth=1
ATTR_RADIUS o=53 raw_norm=5958.1520785532639 norm=3225.3525896296715 radius=3225.3525896296719 next_radius=6450.7051792593438 lambda=8.3778580916816847e-07 next_lambda=8.3778580916816847e-07 rho=0.89540090459032973 accept=1
CLASSICAL_LM o=53 lambda=8.3778580916816847e-07 tau=8.3778580916816847e-07 prediction=702.15010737655302 rho=0.89540090459032973 accept=1
  MFCG it  54 cost=2.473723e+05 lam=8.378e-07 tau=0.00e+00 cg_it=1 shift=0 ckpt=2 alpha=0 acc mv=165
PCG_PREP o=54 rebuild=1 drift=0 previous_depth=2
POINT_SAFE o=54 frozen=1168 slope=-296.9688043640046 candidate=247561.47223957645 original=247328.911687463 current=247372.31794529254 won=0 mode=1 camera_scale=1 keep_scale=0
ATTR_RADIUS o=54 raw_norm=7978.7758088224064 norm=3225.3525896296719 radius=6450.7051792593438 next_radius=6450.7051792593438 lambda=8.3778580916816847e-07 next_lambda=8.3778580916816847e-07 rho=0.36234482293251513 accept=1
CLASSICAL_LM o=54 lambda=8.3778580916816847e-07 tau=8.3778580916816847e-07 prediction=119.79268112139073 rho=0.36234482293251513 accept=1
  MFCG it  55 cost=2.473289e+05 lam=8.378e-07 tau=0.00e+00 cg_it=0 shift=0 ckpt=1 alpha=0 acc mv=167
PCG_PREP o=55 rebuild=1 drift=0 previous_depth=1
POINT_SAFE o=55 frozen=948 slope=-320.58637028789371 candidate=247520.6962376569 original=247288.58486069393 current=247328.911687463 won=0 mode=1 camera_scale=1 keep_scale=0
ATTR_RADIUS o=55 raw_norm=6750.9754810897366 norm=3225.352589629671 radius=6450.7051792593438 next_radius=6450.7051792593438 lambda=8.3778580916816847e-07 next_lambda=8.3778580916816847e-07 rho=0.32308217202753264 accept=1
CLASSICAL_LM o=55 lambda=8.3778580916816847e-07 tau=8.3778580916816847e-07 prediction=124.81910257071132 rho=0.32308217202753264 accept=1
  MFCG it  56 cost=2.472886e+05 lam=8.378e-07 tau=0.00e+00 cg_it=0 shift=0 ckpt=1 alpha=0 acc mv=169
PCG_PREP o=56 rebuild=1 drift=0 previous_depth=1
POINT_SAFE o=56 frozen=647 slope=-333.39101095257212 candidate=247411.10670791153 original=247237.29370503154 current=247288.58486069393 won=0 mode=1 camera_scale=1 keep_scale=0
ATTR_RADIUS o=56 raw_norm=6035.7942264395042 norm=3017.8971132197521 radius=6450.7051792593438 next_radius=6450.7051792593438 lambda=8.3778580916816847e-07 next_lambda=8.3778580916816847e-07 rho=0.39966136617637593 accept=1
CLASSICAL_LM o=56 lambda=8.3778580916816847e-07 tau=8.3778580916816847e-07 prediction=128.33653688646035 rho=0.39966136617637593 accept=1
  MFCG it  57 cost=2.472373e+05 lam=8.378e-07 tau=0.00e+00 cg_it=0 shift=0 ckpt=1 alpha=0 acc mv=171
PCG_PREP o=57 rebuild=1 drift=0 previous_depth=1
POINT_SAFE o=57 frozen=449 slope=-311.65805630523096 candidate=247310.00558538793 original=247182.12788045671 current=247237.29370503154 won=0 mode=1 camera_scale=1 keep_scale=0
ATTR_RADIUS o=57 raw_norm=5660.5391879959334 norm=2830.2695939979667 radius=6450.7051792593438 next_radius=6450.7051792593438 lambda=8.3778580916816847e-07 next_lambda=8.3778580916816847e-07 rho=0.45960943846685764 accept=1
CLASSICAL_LM o=57 lambda=8.3778580916816847e-07 tau=8.3778580916816847e-07 prediction=120.02761466092872 rho=0.45960943846685764 accept=1
  MFCG it  58 cost=2.471821e+05 lam=8.378e-07 tau=0.00e+00 cg_it=0 shift=0 ckpt=1 alpha=0 acc mv=173
PCG_PREP o=58 rebuild=1 drift=0 previous_depth=1
POINT_SAFE o=58 frozen=390 slope=-279.05567447409192 candidate=247234.12544564033 original=247129.33080469407 current=247182.12788045671 won=0 mode=1 camera_scale=1 keep_scale=0
ATTR_RADIUS o=58 raw_norm=5446.6076302208858 norm=2723.3038151104429 radius=6450.7051792593438 next_radius=6450.7051792593438 lambda=8.3778580916816847e-07 next_lambda=8.3778580916816847e-07 rho=0.49065601366665085 accept=1
CLASSICAL_LM o=58 lambda=8.3778580916816847e-07 tau=8.3778580916816847e-07 prediction=107.60507217285699 rho=0.49065601366665085 accept=1
  MFCG it  59 cost=2.471293e+05 lam=8.378e-07 tau=0.00e+00 cg_it=0 shift=0 ckpt=1 alpha=0 acc mv=175
PCG_PREP o=59 rebuild=1 drift=0 previous_depth=1
POINT_SAFE o=59 frozen=375 slope=-248.57886285012216 candidate=247170.06540009251 original=247080.04470444311 current=247129.33080469407 won=0 mode=1 camera_scale=1 keep_scale=0
ATTR_RADIUS o=59 raw_norm=5294.9517673509499 norm=2647.475883675475 radius=6450.7051792593438 next_radius=6450.7051792593438 lambda=8.3778580916816847e-07 next_lambda=8.3778580916816847e-07 rho=0.5132932355687343 accept=1
CLASSICAL_LM o=59 lambda=8.3778580916816847e-07 tau=8.3778580916816847e-07 prediction=96.019383922623391 rho=0.5132932355687343 accept=1
  MFCG it  60 cost=2.470800e+05 lam=8.378e-07 tau=0.00e+00 cg_it=0 shift=0 ckpt=1 alpha=0 acc mv=177
PCG_PREP o=60 rebuild=1 drift=0 previous_depth=1
POINT_SAFE o=60 frozen=374 slope=-222.79586675910335 candidate=247112.8286724005 original=247034.02906368719 current=247080.04470444311 won=0 mode=1 camera_scale=1 keep_scale=0
ATTR_RADIUS o=60 raw_norm=5169.7605248115005 norm=2584.8802624057503 radius=6450.7051792593438 next_radius=6450.7051792593438 lambda=8.3778580916816847e-07 next_lambda=8.3778580916816847e-07 rho=0.53371872879379789 accept=1
CLASSICAL_LM o=60 lambda=8.3778580916816847e-07 tau=8.3778580916816847e-07 prediction=86.217024573798909 rho=0.53371872879379789 accept=1
  MFCG it  61 cost=2.470340e+05 lam=8.378e-07 tau=0.00e+00 cg_it=0 shift=0 ckpt=1 alpha=0 acc mv=179
PCG_PREP o=61 rebuild=1 drift=0 previous_depth=1
ATTR_RADIUS o=61 raw_norm=5802.2924301211897 norm=5802.2924301211888 radius=6450.7051792593438 next_radius=6450.7051792593438 lambda=8.3778580916816847e-07 next_lambda=8.3778580916816847e-07 rho=0.6841891128380041 accept=1
CLASSICAL_LM o=61 lambda=8.3778580916816847e-07 tau=8.3778580916816847e-07 prediction=371.88496994879193 rho=0.6841891128380041 accept=1
  MFCG it  62 cost=2.467796e+05 lam=8.378e-07 tau=0.00e+00 cg_it=1 shift=0 ckpt=2 alpha=0 acc mv=182
PCG_PREP o=62 rebuild=1 drift=0 previous_depth=2
ATTR_RADIUS o=62 raw_norm=4960.4072405163661 norm=4960.4072405163661 radius=6450.7051792593438 next_radius=6450.7051792593438 lambda=8.3778580916816847e-07 next_lambda=8.3778580916816847e-07 rho=0.47626643791006595 accept=1
CLASSICAL_LM o=62 lambda=8.3778580916816847e-07 tau=8.3778580916816847e-07 prediction=207.41069274330789 rho=0.47626643791006595 accept=1
  MFCG it  63 cost=2.466808e+05 lam=8.378e-07 tau=0.00e+00 cg_it=0 shift=0 ckpt=1 alpha=0 acc mv=184
PCG_PREP o=63 rebuild=1 drift=0 previous_depth=1
ATTR_RADIUS o=63 raw_norm=3895.0462322337303 norm=3895.0462322337303 radius=6450.7051792593438 next_radius=6450.7051792593438 lambda=8.3778580916816847e-07 next_lambda=8.3778580916816847e-07 rho=0.3014272756600101 accept=1
CLASSICAL_LM o=63 lambda=8.3778580916816847e-07 tau=8.3778580916816847e-07 prediction=130.79880052819192 rho=0.3014272756600101 accept=1
  MFCG it  64 cost=2.466414e+05 lam=8.378e-07 tau=0.00e+00 cg_it=0 shift=0 ckpt=1 alpha=0 acc mv=186
PCG_PREP o=64 rebuild=1 drift=0 previous_depth=1
ATTR_RADIUS o=64 raw_norm=3482.7531696244782 norm=3482.7531696244782 radius=6450.7051792593438 next_radius=6450.7051792593438 lambda=8.3778580916816847e-07 next_lambda=8.3778580916816847e-07 rho=0.45317370648828342 accept=1
CLASSICAL_LM o=64 lambda=8.3778580916816847e-07 tau=8.3778580916816847e-07 prediction=108.72438656946791 rho=0.45317370648828342 accept=1
  MFCG it  65 cost=2.465921e+05 lam=8.378e-07 tau=0.00e+00 cg_it=0 shift=0 ckpt=1 alpha=0 acc mv=188
PCG_PREP o=65 rebuild=1 drift=0 previous_depth=1
ATTR_RADIUS o=65 raw_norm=3184.3303753203218 norm=3184.3303753203218 radius=6450.7051792593438 next_radius=6450.7051792593438 lambda=8.3778580916816847e-07 next_lambda=8.3778580916816847e-07 rho=0.45689760292061282 accept=1
CLASSICAL_LM o=65 lambda=8.3778580916816847e-07 tau=8.3778580916816847e-07 prediction=74.239347598900991 rho=0.45689760292061282 accept=1
  MFCG it  66 cost=2.465582e+05 lam=8.378e-07 tau=0.00e+00 cg_it=0 shift=0 ckpt=1 alpha=0 acc mv=190
PCG_PREP o=66 rebuild=1 drift=0 previous_depth=1
ATTR_RADIUS o=66 raw_norm=2951.9907335443017 norm=2951.9907335443017 radius=6450.7051792593438 next_radius=6450.7051792593438 lambda=8.3778580916816847e-07 next_lambda=8.3778580916816847e-07 rho=0.46631651897705745 accept=1
CLASSICAL_LM o=66 lambda=8.3778580916816847e-07 tau=8.3778580916816847e-07 prediction=53.337049005981463 rho=0.46631651897705745 accept=1
  MFCG it  67 cost=2.465333e+05 lam=8.378e-07 tau=0.00e+00 cg_it=0 shift=0 ckpt=1 alpha=0 acc mv=192
PCG_PREP o=67 rebuild=1 drift=0 previous_depth=1
ATTR_RADIUS o=67 raw_norm=2765.3050448939184 norm=2765.3050448939184 radius=6450.7051792593438 next_radius=6450.7051792593438 lambda=8.3778580916816847e-07 next_lambda=8.3778580916816847e-07 rho=0.48022245811312037 accept=1
CLASSICAL_LM o=67 lambda=8.3778580916816847e-07 tau=8.3778580916816847e-07 prediction=40.162722264849002 rho=0.48022245811312037 accept=1
  MFCG it  68 cost=2.465140e+05 lam=8.378e-07 tau=0.00e+00 cg_it=0 shift=0 ckpt=1 alpha=0 acc mv=194
PCG_PREP o=68 rebuild=1 drift=0 previous_depth=1
ATTR_RADIUS o=68 raw_norm=2609.6706050457788 norm=2609.6706050457788 radius=6450.7051792593438 next_radius=6450.7051792593438 lambda=8.3778580916816847e-07 next_lambda=8.3778580916816847e-07 rho=0.50033154545554426 accept=1
CLASSICAL_LM o=68 lambda=8.3778580916816847e-07 tau=8.3778580916816847e-07 prediction=31.514563999817149 rho=0.50033154545554426 accept=1
  MFCG it  69 cost=2.464983e+05 lam=8.378e-07 tau=0.00e+00 cg_it=0 shift=0 ckpt=1 alpha=0 acc mv=196
PCG_PREP o=69 rebuild=1 drift=0 previous_depth=1
ATTR_RADIUS o=69 raw_norm=2477.3682998590893 norm=2477.3682998590889 radius=6450.7051792593438 next_radius=6450.7051792593438 lambda=8.3778580916816847e-07 next_lambda=8.3778580916816847e-07 rho=0.52380191113291263 accept=1
CLASSICAL_LM o=69 lambda=8.3778580916816847e-07 tau=8.3778580916816847e-07 prediction=25.504037737455924 rho=0.52380191113291263 accept=1
  MFCG it  70 cost=2.464849e+05 lam=8.378e-07 tau=0.00e+00 cg_it=0 shift=0 ckpt=1 alpha=0 acc mv=198
PCG_PREP o=70 rebuild=1 drift=0 previous_depth=1
ATTR_RADIUS o=70 raw_norm=2362.674296513992 norm=2362.674296513992 radius=6450.7051792593438 next_radius=6450.7051792593438 lambda=8.3778580916816847e-07 next_lambda=8.3778580916816847e-07 rho=0.54924355051148865 accept=1
CLASSICAL_LM o=70 lambda=8.3778580916816847e-07 tau=8.3778580916816847e-07 prediction=21.145807463424152 rho=0.54924355051148865 accept=1
  MFCG it  71 cost=2.464733e+05 lam=8.378e-07 tau=0.00e+00 cg_it=0 shift=0 ckpt=1 alpha=0 acc mv=200
PCG_PREP o=71 rebuild=1 drift=0 previous_depth=1
ATTR_RADIUS o=71 raw_norm=2261.6022256723413 norm=2261.6022256723413 radius=6450.7051792593438 next_radius=6450.7051792593438 lambda=8.3778580916816847e-07 next_lambda=8.3778580916816847e-07 rho=0.57550167773637939 accept=1
CLASSICAL_LM o=71 lambda=8.3778580916816847e-07 tau=8.3778580916816847e-07 prediction=17.867950152520795 rho=0.57550167773637939 accept=1
  MFCG it  72 cost=2.464630e+05 lam=8.378e-07 tau=0.00e+00 cg_it=0 shift=0 ckpt=1 alpha=0 acc mv=202
PCG_PREP o=72 rebuild=1 drift=0 previous_depth=1
ATTR_RADIUS o=72 raw_norm=2171.2154288362203 norm=2171.2154288362203 radius=6450.7051792593438 next_radius=6450.7051792593438 lambda=8.3778580916816847e-07 next_lambda=8.3778580916816847e-07 rho=0.60179875430343877 accept=1
CLASSICAL_LM o=72 lambda=8.3778580916816847e-07 tau=8.3778580916816847e-07 prediction=15.326029813706311 rho=0.60179875430343877 accept=1
  MFCG it  73 cost=2.464538e+05 lam=8.378e-07 tau=0.00e+00 cg_it=0 shift=0 ckpt=1 alpha=0 acc mv=204
PCG_PREP o=73 rebuild=1 drift=0 previous_depth=1
ATTR_RADIUS o=73 raw_norm=2089.2663653121772 norm=2089.2663653121772 radius=6450.7051792593438 next_radius=6450.7051792593438 lambda=8.3778580916816847e-07 next_lambda=8.3778580916816847e-07 rho=0.62755951571409085 accept=1
CLASSICAL_LM o=73 lambda=8.3778580916816847e-07 tau=8.3778580916816847e-07 prediction=13.302383564845265 rho=0.62755951571409085 accept=1
  MFCG it  74 cost=2.464454e+05 lam=8.378e-07 tau=0.00e+00 cg_it=0 shift=0 ckpt=1 alpha=0 acc mv=206
PCG_PREP o=74 rebuild=1 drift=0 previous_depth=1
ATTR_RADIUS o=74 raw_norm=2014.0755633805641 norm=2014.0755633805641 radius=6450.7051792593438 next_radius=6450.7051792593438 lambda=8.3778580916816847e-07 next_lambda=8.3778580916816847e-07 rho=0.65240971460041586 accept=1
CLASSICAL_LM o=74 lambda=8.3778580916816847e-07 tau=8.3778580916816847e-07 prediction=11.655256931221798 rho=0.65240971460041586 accept=1
  MFCG it  75 cost=2.464378e+05 lam=8.378e-07 tau=0.00e+00 cg_it=0 shift=0 ckpt=1 alpha=0 acc mv=208
PCG_PREP o=75 rebuild=1 drift=0 previous_depth=1
ATTR_RADIUS o=75 raw_norm=1944.425756212016 norm=1944.425756212016 radius=6450.7051792593438 next_radius=6450.7051792593438 lambda=8.3778580916816847e-07 next_lambda=8.3778580916816847e-07 rho=0.67609438871531158 accept=1
CLASSICAL_LM o=75 lambda=8.3778580916816847e-07 tau=8.3778580916816847e-07 prediction=10.289196610106149 rho=0.67609438871531158 accept=1
  MFCG it  76 cost=2.464309e+05 lam=8.378e-07 tau=0.00e+00 cg_it=0 shift=0 ckpt=1 alpha=0 acc mv=210
PCG_PREP o=76 rebuild=1 drift=0 previous_depth=1
ATTR_RADIUS o=76 raw_norm=1879.3112359159793 norm=1879.3112359159793 radius=6450.7051792593438 next_radius=6450.7051792593438 lambda=8.3778580916816847e-07 next_lambda=8.3778580916816847e-07 rho=0.69845343419433925 accept=1
CLASSICAL_LM o=76 lambda=8.3778580916816847e-07 tau=8.3778580916816847e-07 prediction=9.1381052025324809 rho=0.69845343419433925 accept=1
  MFCG it  77 cost=2.464245e+05 lam=8.378e-07 tau=0.00e+00 cg_it=0 shift=0 ckpt=1 alpha=0 acc mv=212
PCG_PREP o=77 rebuild=1 drift=0 previous_depth=1
ATTR_RADIUS o=77 raw_norm=2569.1505009184862 norm=2569.1505009184862 radius=6450.7051792593438 next_radius=6450.7051792593438 lambda=8.3778580916816847e-07 next_lambda=8.3778580916816847e-07 rho=0.91151446476416376 accept=1
CLASSICAL_LM o=77 lambda=8.3778580916816847e-07 tau=8.3778580916816847e-07 prediction=40.374567801190821 rho=0.91151446476416376 accept=1
  MFCG it  78 cost=2.463877e+05 lam=8.378e-07 tau=0.00e+00 cg_it=2 shift=0 ckpt=3 alpha=0 acc mv=216
PCG_PREP o=78 rebuild=1 drift=0 previous_depth=3
ATTR_RADIUS o=78 raw_norm=1345.4798273439751 norm=1345.4798273439749 radius=6450.7051792593438 next_radius=6450.7051792593438 lambda=8.3778580916816847e-07 next_lambda=8.3778580916816847e-07 rho=0.89596727603477155 accept=1
CLASSICAL_LM o=78 lambda=8.3778580916816847e-07 tau=8.3778580916816847e-07 prediction=10.161336996687657 rho=0.89596727603477155 accept=1
  MFCG it  79 cost=2.463786e+05 lam=8.378e-07 tau=0.00e+00 cg_it=0 shift=0 ckpt=1 alpha=0 acc mv=218
PCG_PREP o=79 rebuild=1 drift=0 previous_depth=1
ATTR_RADIUS o=79 raw_norm=1334.9096046915477 norm=1334.9096046915477 radius=6450.7051792593438 next_radius=6450.7051792593438 lambda=8.3778580916816847e-07 next_lambda=8.3778580916816847e-07 rho=0.67741911096110152 accept=1
CLASSICAL_LM o=79 lambda=8.3778580916816847e-07 tau=8.3778580916816847e-07 prediction=3.0523261001628281 rho=0.67741911096110152 accept=1
  MFCG it  80 cost=2.463765e+05 lam=8.378e-07 tau=0.00e+00 cg_it=0 shift=0 ckpt=1 alpha=0 acc mv=220
PCG_PREP o=80 rebuild=1 drift=0 previous_depth=1
ATTR_RADIUS o=80 raw_norm=1247.7526693274983 norm=1247.7526693274983 radius=6450.7051792593438 next_radius=6450.7051792593438 lambda=8.3778580916816847e-07 next_lambda=8.3778580916816847e-07 rho=0.68809133115165944 accept=1
CLASSICAL_LM o=80 lambda=8.3778580916816847e-07 tau=8.3778580916816847e-07 prediction=2.5918213143811437 rho=0.68809133115165944 accept=1
  MFCG it  81 cost=2.463747e+05 lam=8.378e-07 tau=0.00e+00 cg_it=0 shift=0 ckpt=1 alpha=0 acc mv=222
PCG_PREP o=81 rebuild=1 drift=0 previous_depth=1
ATTR_RADIUS o=81 raw_norm=1196.698003932079 norm=1196.698003932079 radius=6450.7051792593438 next_radius=6450.7051792593438 lambda=8.3778580916816847e-07 next_lambda=8.3778580916816847e-07 rho=0.68385075239102588 accept=1
CLASSICAL_LM o=81 lambda=8.3778580916816847e-07 tau=8.3778580916816847e-07 prediction=2.225005185264525 rho=0.68385075239102588 accept=1
  MFCG it  82 cost=2.463732e+05 lam=8.378e-07 tau=0.00e+00 cg_it=0 shift=0 ckpt=1 alpha=0 acc mv=224
PCG_PREP o=82 rebuild=1 drift=0 previous_depth=1
ATTR_RADIUS o=82 raw_norm=1152.302266307353 norm=1152.3022663073532 radius=6450.7051792593438 next_radius=6450.7051792593438 lambda=8.3778580916816847e-07 next_lambda=8.3778580916816847e-07 rho=0.69141614726885936 accept=1
CLASSICAL_LM o=82 lambda=8.3778580916816847e-07 tau=8.3778580916816847e-07 prediction=1.9881741142905645 rho=0.69141614726885936 accept=1
  MFCG it  83 cost=2.463718e+05 lam=8.378e-07 tau=0.00e+00 cg_it=0 shift=0 ckpt=1 alpha=0 acc mv=226
PCG_PREP o=83 rebuild=1 drift=0 previous_depth=1
ATTR_RADIUS o=83 raw_norm=1114.5273486539588 norm=1114.5273486539588 radius=6450.7051792593438 next_radius=6450.7051792593438 lambda=8.3778580916816847e-07 next_lambda=8.3778580916816847e-07 rho=0.69971695416314494 accept=1
CLASSICAL_LM o=83 lambda=8.3778580916816847e-07 tau=8.3778580916816847e-07 prediction=1.7983426370747431 rho=0.69971695416314494 accept=1
  MFCG it  84 cost=2.463706e+05 lam=8.378e-07 tau=0.00e+00 cg_it=0 shift=0 ckpt=1 alpha=0 acc mv=228
PCG_PREP o=84 rebuild=1 drift=0 previous_depth=1
ATTR_RADIUS o=84 raw_norm=1081.0640779182984 norm=1081.0640779182984 radius=6450.7051792593438 next_radius=6450.7051792593438 lambda=8.3778580916816847e-07 next_lambda=8.3778580916816847e-07 rho=0.70922476150644509 accept=1
CLASSICAL_LM o=84 lambda=8.3778580916816847e-07 tau=8.3778580916816847e-07 prediction=1.6445799182999159 rho=0.70922476150644509 accept=1
  MFCG it  85 cost=2.463694e+05 lam=8.378e-07 tau=0.00e+00 cg_it=0 shift=0 ckpt=1 alpha=0 acc mv=230
PCG_PREP o=85 rebuild=1 drift=0 previous_depth=1
ATTR_RADIUS o=85 raw_norm=1051.0498683323717 norm=1051.0498683323717 radius=6450.7051792593438 next_radius=6450.7051792593438 lambda=8.3778580916816847e-07 next_lambda=8.3778580916816847e-07 rho=0.71914628557784999 accept=1
CLASSICAL_LM o=85 lambda=8.3778580916816847e-07 tau=8.3778580916816847e-07 prediction=1.516206965354264 rho=0.71914628557784999 accept=1
  MFCG it  86 cost=2.463683e+05 lam=8.378e-07 tau=0.00e+00 cg_it=0 shift=0 ckpt=1 alpha=0 acc mv=232
PCG_PREP o=86 rebuild=1 drift=0 previous_depth=1
ATTR_RADIUS o=86 raw_norm=1023.7626160384759 norm=1023.7626160384759 radius=6450.7051792593438 next_radius=6450.7051792593438 lambda=8.3778580916816847e-07 next_lambda=8.3778580916816847e-07 rho=0.72925551389653032 accept=1
CLASSICAL_LM o=86 lambda=8.3778580916816847e-07 tau=8.3778580916816847e-07 prediction=1.4071380276628895 rho=0.72925551389653032 accept=1
  MFCG: converged (OCA_FTOL: 8 outers < 1.0e-05 rel)
  [menu-backtrack] confirming stop with original retry policy at outer 87
  MFCG it  87 cost=2.463673e+05 lam=8.378e-07 tau=0.00e+00 cg_it=0 shift=0 ckpt=1 alpha=0 acc mv=234
PCG_PREP o=87 rebuild=1 drift=0 previous_depth=1
ATTR_RADIUS o=87 raw_norm=998.69679231298699 norm=998.69679231298699 radius=6450.7051792593438 next_radius=6450.7051792593438 lambda=8.3778580916816847e-07 next_lambda=8.3778580916816847e-07 rho=0.73935265388815541 accept=1
CLASSICAL_LM o=87 lambda=8.3778580916816847e-07 tau=8.3778580916816847e-07 prediction=1.3129357892797633 rho=0.73935265388815541 accept=1
  MFCG it  88 cost=2.463663e+05 lam=8.378e-07 tau=0.00e+00 cg_it=0 shift=0 ckpt=1 alpha=0 acc mv=236
PCG_PREP o=88 rebuild=1 drift=0 previous_depth=1
ATTR_RADIUS o=88 raw_norm=975.46224051851891 norm=975.4622405185188 radius=6450.7051792593438 next_radius=6450.7051792593438 lambda=8.3778580916816847e-07 next_lambda=8.3778580916816847e-07 rho=0.74931821637671914 accept=1
CLASSICAL_LM o=88 lambda=8.3778580916816847e-07 tau=8.3778580916816847e-07 prediction=1.2304512110049064 rho=0.74931821637671914 accept=1
  MFCG it  89 cost=2.463654e+05 lam=8.378e-07 tau=0.00e+00 cg_it=0 shift=0 ckpt=1 alpha=0 acc mv=238
PCG_PREP o=89 rebuild=1 drift=0 previous_depth=1
ATTR_RADIUS o=89 raw_norm=953.76362622119484 norm=953.76362622119484 radius=6450.7051792593438 next_radius=6450.7051792593438 lambda=8.3778580916816847e-07 next_lambda=8.3778580916816847e-07 rho=0.75907024532894929 accept=1
CLASSICAL_LM o=89 lambda=8.3778580916816847e-07 tau=8.3778580916816847e-07 prediction=1.1573786778175892 rho=0.75907024532894929 accept=1
  MFCG it  90 cost=2.463645e+05 lam=8.378e-07 tau=0.00e+00 cg_it=0 shift=0 ckpt=1 alpha=0 acc mv=240
PCG_PREP o=90 rebuild=1 drift=0 previous_depth=1
ATTR_RADIUS o=90 raw_norm=933.37452464252829 norm=933.37452464252829 radius=6450.7051792593438 next_radius=6450.7051792593438 lambda=8.3778580916816847e-07 next_lambda=8.3778580916816847e-07 rho=0.76855760102053539 accept=1
CLASSICAL_LM o=90 lambda=8.3778580916816847e-07 tau=8.3778580916816847e-07 prediction=1.0920148918933144 rho=0.76855760102053539 accept=1
  MFCG it  91 cost=2.463637e+05 lam=8.378e-07 tau=0.00e+00 cg_it=0 shift=0 ckpt=1 alpha=0 acc mv=242
PCG_PREP o=91 rebuild=1 drift=0 previous_depth=1
ATTR_RADIUS o=91 raw_norm=914.12039155561342 norm=914.12039155561342 radius=6450.7051792593438 next_radius=6450.7051792593438 lambda=8.3778580916816847e-07 next_lambda=8.3778580916816847e-07 rho=0.77775008126181455 accept=1
CLASSICAL_LM o=91 lambda=8.3778580916816847e-07 tau=8.3778580916816847e-07 prediction=1.0330787073765562 rho=0.77775008126181455 accept=1
  MFCG it  92 cost=2.463629e+05 lam=8.378e-07 tau=0.00e+00 cg_it=0 shift=0 ckpt=1 alpha=0 acc mv=244
PCG_PREP o=92 rebuild=1 drift=0 previous_depth=1
ATTR_RADIUS o=92 raw_norm=895.86534216196321 norm=895.86534216196321 radius=6450.7051792593438 next_radius=6450.7051792593438 lambda=8.3778580916816847e-07 next_lambda=8.3778580916816847e-07 rho=0.78663039317268657 accept=1
CLASSICAL_LM o=92 lambda=8.3778580916816847e-07 tau=8.3778580916816847e-07 prediction=0.97958934591982216 rho=0.78663039317268657 accept=1
  MFCG it  93 cost=2.463621e+05 lam=8.378e-07 tau=0.00e+00 cg_it=0 shift=0 ckpt=1 alpha=0 acc mv=246
PCG_PREP o=93 rebuild=1 drift=0 previous_depth=1
ATTR_RADIUS o=93 raw_norm=878.50151841607158 norm=878.50151841607158 radius=6450.7051792593438 next_radius=6450.7051792593438 lambda=8.3778580916816847e-07 next_lambda=8.3778580916816847e-07 rho=0.79519133120982188 accept=1
CLASSICAL_LM o=93 lambda=8.3778580916816847e-07 tau=8.3778580916816847e-07 prediction=0.9307822348222059 rho=0.79519133120982188 accept=1
  MFCG it  94 cost=2.463614e+05 lam=8.378e-07 tau=0.00e+00 cg_it=0 shift=0 ckpt=1 alpha=0 acc mv=248
PCG_PREP o=94 rebuild=1 drift=0 previous_depth=1
ATTR_RADIUS o=94 raw_norm=861.94304592159756 norm=861.94304592159756 radius=6450.7051792593438 next_radius=6450.7051792593438 lambda=8.3778580916816847e-07 next_lambda=8.3778580916816847e-07 rho=0.8034323647491145 accept=1
CLASSICAL_LM o=94 lambda=8.3778580916816847e-07 tau=8.3778580916816847e-07 prediction=0.88605071903014343 rho=0.8034323647491145 accept=1
  MFCG: converged (OCA_FTOL: 8 outers < 1.0e-05 rel)
  MFCG: accepts=95 rejects=1 total_matvecs=250 negcurv=1 cand_evals=96 mean_cg_per_outer=2.6
NUMERIC_REPAIR summary rebuilds=1 floor=8.3778580916816847e-07
  [retry-cache] builds=97 reuses=0
  [menu-backtrack] trials=19 rescues=19 evals=44 total_scored=140
POINT_SAFE summary calls=19 evals=19 wins=2 frozen=9548 seconds=0.045772071
  [scoring] menu_evals=96 alpha_evals=0 backtrack_evals=44 total_scored=140
RESULT algo=mfree_shifted_cg iters=95 final_cost=246360.6608457566 solve_seconds=0.983208
DIAGNOSTICS median_reproj_err_px 3.252455 -> 0.359934 | cheirality_violations(obs) 0 -> 14 | cheirality_violations(pts, of 64053) 0 -> 7
