  [menu-backtrack] active=1 max_evals=8 warmup_accepts=3 confirm_stop=original armijo=1e-4
MIXED_STORAGE fragments=fp32 arithmetic=fp64 state=fp64 acceptance=fp64
  [compact-fragments] active=2 saved_bytes=36105992 storage=fp32 camera_reads=contiguous
  MFCG score_init=11152062.772762472 precision=fp64
PCG_PREP o=0 rebuild=1 drift=0 previous_depth=0
ATTR_RADIUS o=0 raw_norm=3225.352589629671 norm=3225.352589629671 radius=3225.352589629671 next_radius=6450.705179259342 lambda=0.10000000000000001 next_lambda=0.025000000000000001 rho=0.99997438839510677 accept=1
CLASSICAL_LM o=0 lambda=0.10000000000000001 tau=0.10000000000000001 prediction=8877594.9877400454 rho=0.99997438839510677 accept=1
  MFCG it   1 cost=2.274695e+06 lam=2.500e-02 tau=0.00e+00 cg_it=0 shift=0 ckpt=1 alpha=0 acc mv=2
PCG_PREP o=1 rebuild=1 drift=0 previous_depth=1
ATTR_RADIUS o=1 raw_norm=2725.1440498078591 norm=2725.1440498078591 radius=6450.705179259342 next_radius=6450.705179259342 lambda=0.025000000000000001 next_lambda=0.025000000000000001 rho=0.99701845569054659 accept=1
CLASSICAL_LM o=1 lambda=0.025000000000000001 tau=0.025000000000000001 prediction=770789.73816057993 rho=0.99701845569054659 accept=1
  MFCG it   2 cost=1.506204e+06 lam=2.500e-02 tau=0.00e+00 cg_it=4 shift=0 ckpt=5 alpha=0 acc mv=8
PCG_PREP o=2 rebuild=1 drift=0 previous_depth=5
ATTR_RADIUS o=2 raw_norm=1723.0148681978496 norm=1723.0148681978496 radius=6450.705179259342 next_radius=6450.705179259342 lambda=0.025000000000000001 next_lambda=0.025000000000000001 rho=0.99791387622200167 accept=1
CLASSICAL_LM o=2 lambda=0.025000000000000001 tau=0.025000000000000001 prediction=154601.86320857794 rho=0.99791387622200167 accept=1
  MFCG it   3 cost=1.351924e+06 lam=2.500e-02 tau=0.00e+00 cg_it=6 shift=0 ckpt=7 alpha=0 acc mv=16
PCG_PREP o=3 rebuild=1 drift=0 previous_depth=7
ATTR_RADIUS o=3 raw_norm=1419.9557165106739 norm=1419.9557165106739 radius=6450.705179259342 next_radius=6450.705179259342 lambda=0.025000000000000001 next_lambda=0.0025000000000000005 rho=0.99925971589080387 accept=1
CLASSICAL_LM o=3 lambda=0.025000000000000001 tau=0.025000000000000001 prediction=82965.940923174858 rho=0.99925971589080387 accept=1
  MFCG it   4 cost=1.269020e+06 lam=2.500e-03 tau=0.00e+00 cg_it=1 shift=0 ckpt=2 alpha=0 acc mv=19
PCG_PREP o=4 rebuild=1 drift=0 previous_depth=2
ATTR_RADIUS o=4 raw_norm=8336.1595349923209 norm=6450.7051792593438 radius=6450.705179259342 next_radius=12901.410358518684 lambda=0.0025000000000000005 next_lambda=0.00062500000000000012 rho=1.0017824652629099 accept=1
CLASSICAL_LM o=4 lambda=0.0025000000000000005 tau=0.0025000000000000005 prediction=233846.57960338108 rho=1.0017824652629099 accept=1
  MFCG it   5 cost=1.034756e+06 lam=6.250e-04 tau=0.00e+00 cg_it=3 shift=0 ckpt=4 alpha=0 acc mv=24
PCG_PREP o=5 rebuild=1 drift=0 previous_depth=4
ATTR_RADIUS o=5 raw_norm=19973.801325837336 norm=12901.410358518688 radius=12901.410358518684 next_radius=25802.820717037368 lambda=0.00062500000000000012 next_lambda=0.00015625000000000003 rho=1.0119444121859258 accept=1
CLASSICAL_LM o=5 lambda=0.00062500000000000012 tau=0.00062500000000000012 prediction=262498.687327213 rho=1.0119444121859258 accept=1
  MFCG it   6 cost=7.691222e+05 lam=1.563e-04 tau=0.00e+00 cg_it=6 shift=0 ckpt=7 alpha=0 acc mv=32
PCG_PREP o=6 rebuild=1 drift=0 previous_depth=7
ATTR_RADIUS o=6 raw_norm=34837.936577234133 norm=25802.820717037361 radius=25802.820717037368 next_radius=51605.641434074736 lambda=0.00015625000000000003 next_lambda=3.9062500000000008e-05 rho=0.98232037898450975 accept=1
CLASSICAL_LM o=6 lambda=0.00015625000000000003 tau=0.00015625000000000003 prediction=306371.64726388379 rho=0.98232037898450975 accept=1
  MFCG it   7 cost=4.681671e+05 lam=3.906e-05 tau=0.00e+00 cg_it=12 shift=0 ckpt=13 alpha=0 acc mv=46
PCG_PREP o=7 rebuild=1 drift=0 previous_depth=13
POINT_SAFE o=7 frozen=1152 slope=-259889.70574850525 candidate=359368.9425196501 original=365820.6752906745 current=468167.09742789541 won=1 mode=1 camera_scale=1 keep_scale=0
ATTR_RADIUS o=7 raw_norm=34453.990957096685 norm=34453.990957096685 radius=51605.641434074736 next_radius=51605.641434074736 lambda=3.9062500000000008e-05 next_lambda=3.9062500000000009e-06 rho=0.74725148523266183 accept=1
CLASSICAL_LM o=7 lambda=3.9062500000000008e-05 tau=3.9062500000000008e-05 prediction=145597.77673023997 rho=0.74725148523266183 accept=1
  MFCG it   8 cost=3.593689e+05 lam=3.906e-06 tau=0.00e+00 cg_it=5 shift=0 ckpt=6 alpha=0 acc mv=53
PCG_PREP o=8 rebuild=1 drift=0 previous_depth=6
POINT_SAFE o=8 frozen=264 slope=-81268.817726488502 candidate=323559.02714757464 original=312788.84721637791 current=359368.9425196501 won=0 mode=1 camera_scale=1 keep_scale=0
ATTR_RADIUS o=8 raw_norm=9911.6122146244779 norm=4955.806107312239 radius=51605.641434074736 next_radius=51605.641434074736 lambda=3.9062500000000009e-06 next_lambda=3.9062500000000012e-07 rho=0.84841510933504904 accept=1
CLASSICAL_LM o=8 lambda=3.9062500000000009e-06 tau=3.9062500000000009e-06 prediction=54902.482040636503 rho=0.84841510933504904 accept=1
  MFCG it   9 cost=3.127888e+05 lam=3.906e-07 tau=0.00e+00 cg_it=0 shift=0 ckpt=1 alpha=0 acc mv=55
PCG_PREP o=9 rebuild=1 drift=0 previous_depth=1
POINT_SAFE o=9 frozen=149 slope=-93549.623883185923 candidate=464181.44586394267 original=294043.91672021343 current=312788.84721637791 won=0 mode=1 camera_scale=1 keep_scale=0
ATTR_RADIUS o=9 raw_norm=54374.883701095932 norm=6450.7051792593411 radius=51605.641434074736 next_radius=51605.641434074736 lambda=3.9062500000000012e-07 next_lambda=3.9062500000000016e-08 rho=1.7131842245241595 accept=1
CLASSICAL_LM o=9 lambda=3.9062500000000012e-07 tau=3.9062500000000012e-07 prediction=10941.573140723336 rho=1.7131842245241595 accept=1
  MFCG it  10 cost=2.940439e+05 lam=3.906e-08 tau=0.00e+00 cg_it=7 shift=0 ckpt=8 alpha=0 acc mv=64
PCG_PREP o=10 rebuild=1 drift=0 previous_depth=8
POINT_SAFE o=10 frozen=135 slope=-54265.829291901144 candidate=442658.06686176581 original=291531.60766956938 current=294043.91672021343 won=0 mode=1 camera_scale=1 keep_scale=0
ATTR_RADIUS o=10 raw_norm=52722.921316875225 norm=12901.410358518679 radius=51605.641434074736 next_radius=12901.410358518684 lambda=3.9062500000000016e-08 next_lambda=6.2500000000000026e-07 rho=0.21049027985367849 accept=1
CLASSICAL_LM o=10 lambda=3.9062500000000016e-08 tau=3.9062500000000016e-08 prediction=11935.511000272656 rho=0.21049027985367849 accept=1
  MFCG it  11 cost=2.915316e+05 lam=6.250e-07 tau=0.00e+00 cg_it=2 shift=0 ckpt=3 alpha=0 acc mv=68
PCG_PREP o=11 rebuild=1 drift=0 previous_depth=3
POINT_SAFE o=11 frozen=164 slope=-41959.898318828185 candidate=278358.55561518267 original=280376.28132631158 current=291531.60766956938 won=1 mode=1 camera_scale=1 keep_scale=0
ATTR_RADIUS o=11 raw_norm=11290.871950433206 norm=11290.871950433208 radius=12901.410358518684 next_radius=12901.410358518684 lambda=6.2500000000000026e-07 next_lambda=6.2500000000000026e-07 rho=0.6273400309207916 accept=1
CLASSICAL_LM o=11 lambda=6.2500000000000026e-07 tau=6.2500000000000026e-07 prediction=20998.264744960841 rho=0.6273400309207916 accept=1
  MFCG it  12 cost=2.783586e+05 lam=6.250e-07 tau=0.00e+00 cg_it=0 shift=0 ckpt=1 alpha=0 acc mv=70
PCG_PREP o=12 rebuild=1 drift=0 previous_depth=1
ATTR_RADIUS o=12 raw_norm=12936.039549981178 norm=0 radius=12901.410358518684 next_radius=3225.352589629671 lambda=6.2500000000000026e-07 next_lambda=1.0000000000000004e-05 rho=0.049317795936758883 accept=0
CLASSICAL_LM o=12 lambda=6.2500000000000026e-07 tau=6.2500000000000026e-07 prediction=12978.430263021462 rho=0.049317795936758883 accept=0
  MFCG it  13  retry 1/8  lam=1.000e-05 tau_eff=6.250e-07  (assembly reused)
PCG_PREP o=12 rebuild=1 drift=0 previous_depth=1
POINT_SAFE o=12 frozen=17 slope=-16137.770803007568 candidate=269952.54212736484 original=272677.19122214668 current=278358.55561518267 won=1 mode=1 camera_scale=1 keep_scale=0
ATTR_RADIUS o=12 raw_norm=7417.3839025862535 norm=3225.352589629671 radius=3225.352589629671 next_radius=6450.705179259342 lambda=1.0000000000000004e-05 next_lambda=2.5000000000000011e-06 rho=0.85101217911470151 accept=1
CLASSICAL_LM o=12 lambda=1.0000000000000004e-05 tau=1.0000000000000004e-05 prediction=9877.6653191526802 rho=0.85101217911470151 accept=1
  MFCG it  13 cost=2.699525e+05 lam=2.500e-06 tau=0.00e+00 cg_it=0 shift=0 ckpt=1 alpha=0 acc mv=74
PCG_PREP o=13 rebuild=1 drift=0 previous_depth=1
POINT_SAFE o=13 frozen=40 slope=-5580.8058931253345 candidate=267523.58992331394 original=268604.84303770436 current=269952.54212736484 won=1 mode=1 camera_scale=1 keep_scale=0
ATTR_RADIUS o=13 raw_norm=31594.795313739345 norm=6450.7051792593402 radius=6450.705179259342 next_radius=6450.705179259342 lambda=2.5000000000000011e-06 next_lambda=2.5000000000000011e-06 rho=0.57682307582477343 accept=1
CLASSICAL_LM o=13 lambda=2.5000000000000011e-06 tau=2.5000000000000011e-06 prediction=4210.9137200828072 rho=0.57682307582477343 accept=1
  MFCG it  14 cost=2.675236e+05 lam=2.500e-06 tau=0.00e+00 cg_it=1 shift=0 ckpt=2 alpha=0 acc mv=77
PCG_PREP o=14 rebuild=1 drift=0 previous_depth=2
POINT_SAFE o=14 frozen=890 slope=-6451.2483856147119 candidate=264562.34975131741 original=266551.26457266742 current=267523.58992331394 won=1 mode=1 camera_scale=1 keep_scale=0
ATTR_RADIUS o=14 raw_norm=11683.747947450176 norm=6450.7051792593402 radius=6450.705179259342 next_radius=6450.705179259342 lambda=2.5000000000000011e-06 next_lambda=2.5000000000000011e-06 rho=0.67216284195940024 accept=1
CLASSICAL_LM o=14 lambda=2.5000000000000011e-06 tau=2.5000000000000011e-06 prediction=4405.5398292537438 rho=0.67216284195940024 accept=1
  MFCG it  15 cost=2.645623e+05 lam=2.500e-06 tau=0.00e+00 cg_it=0 shift=0 ckpt=1 alpha=0 acc mv=79
PCG_PREP o=15 rebuild=1 drift=0 previous_depth=1
POINT_SAFE o=15 frozen=458 slope=-4494.2971486943889 candidate=262583.64095226693 original=263794.17316078255 current=264562.34975131741 won=1 mode=1 camera_scale=1 keep_scale=0
ATTR_RADIUS o=15 raw_norm=11848.210699617965 norm=6450.7051792593402 radius=6450.705179259342 next_radius=6450.705179259342 lambda=2.5000000000000011e-06 next_lambda=2.5000000000000011e-06 rho=0.63565836178398305 accept=1
CLASSICAL_LM o=15 lambda=2.5000000000000011e-06 tau=2.5000000000000011e-06 prediction=3112.8494770323005 rho=0.63565836178398305 accept=1
  MFCG it  16 cost=2.625836e+05 lam=2.500e-06 tau=0.00e+00 cg_it=0 shift=0 ckpt=1 alpha=0 acc mv=81
PCG_PREP o=16 rebuild=1 drift=0 previous_depth=1
POINT_SAFE o=16 frozen=300 slope=-3505.6019280419059 candidate=261114.40531437343 original=262000.74503160588 current=262583.64095226693 won=1 mode=1 camera_scale=1 keep_scale=0
ATTR_RADIUS o=16 raw_norm=11592.062119509172 norm=6450.705179259342 radius=6450.705179259342 next_radius=6450.705179259342 lambda=2.5000000000000011e-06 next_lambda=2.5000000000000011e-06 rho=0.61426602104218642 accept=1
CLASSICAL_LM o=16 lambda=2.5000000000000011e-06 tau=2.5000000000000011e-06 prediction=2391.8556253538709 rho=0.61426602104218642 accept=1
  MFCG it  17 cost=2.611144e+05 lam=2.500e-06 tau=0.00e+00 cg_it=0 shift=0 ckpt=1 alpha=0 acc mv=83
PCG_PREP o=17 rebuild=1 drift=0 previous_depth=1
POINT_SAFE o=17 frozen=89 slope=-2458.7883432773597 candidate=260467.40453584949 original=259972.53274631844 current=261114.40531437343 won=0 mode=1 camera_scale=1 keep_scale=0
ATTR_RADIUS o=17 raw_norm=23949.507054402668 norm=806.33814740741809 radius=6450.705179259342 next_radius=6450.705179259342 lambda=2.5000000000000011e-06 next_lambda=2.5000000000000009e-07 rho=1.5352361599608022 accept=1
CLASSICAL_LM o=17 lambda=2.5000000000000011e-06 tau=2.5000000000000011e-06 prediction=743.77649369863218 rho=1.5352361599608022 accept=1
  MFCG it  18 cost=2.599725e+05 lam=2.500e-07 tau=0.00e+00 cg_it=1 shift=0 ckpt=2 alpha=0 acc mv=86
PCG_PREP o=18 rebuild=1 drift=0 previous_depth=2
POINT_SAFE o=18 frozen=43 slope=-1709.1015884379626 candidate=259800.33980183731 original=259237.89581269454 current=259972.53274631844 won=0 mode=1 camera_scale=1 keep_scale=0
ATTR_RADIUS o=18 raw_norm=53032.627164532292 norm=1612.6762948148355 radius=6450.705179259342 next_radius=6450.705179259342 lambda=2.5000000000000009e-07 next_lambda=2.5000000000000012e-08 rho=0.59192657416155126 accept=1
CLASSICAL_LM o=18 lambda=2.5000000000000009e-07 tau=2.5000000000000009e-07 prediction=1241.0946993966181 rho=0.59192657416155126 accept=1
  MFCG it  19 cost=2.592379e+05 lam=2.500e-08 tau=0.00e+00 cg_it=1 shift=0 ckpt=2 alpha=0 acc mv=89
PCG_PREP o=19 rebuild=1 drift=0 previous_depth=2
ATTR_RADIUS o=19 raw_norm=61252.920256258054 norm=0 radius=6450.705179259342 next_radius=1612.6762948148355 lambda=2.5000000000000012e-08 next_lambda=4.0000000000000019e-07 rho=0.019286528908967582 accept=0
CLASSICAL_LM o=19 lambda=2.5000000000000012e-08 tau=2.5000000000000012e-08 prediction=3158.9734868645978 rho=0.019286528908967582 accept=0
  MFCG it  20  retry 1/8  lam=4.000e-07 tau_eff=2.500e-08  (assembly reused)
PCG_PREP o=19 rebuild=1 drift=0 previous_depth=2
ATTR_RADIUS o=19 raw_norm=49606.212625373628 norm=1612.6762948148357 radius=1612.6762948148355 next_radius=1612.6762948148355 lambda=4.0000000000000019e-07 next_lambda=4.0000000000000019e-07 rho=0.28297314391762252 accept=1
CLASSICAL_LM o=19 lambda=4.0000000000000019e-07 tau=4.0000000000000019e-07 prediction=1595.7388253904237 rho=0.28297314391762252 accept=1
  MFCG it  20 cost=2.587863e+05 lam=4.000e-07 tau=0.00e+00 cg_it=1 shift=0 ckpt=2 alpha=0 acc mv=95
PCG_PREP o=20 rebuild=1 drift=0 previous_depth=2
ATTR_RADIUS o=20 raw_norm=50880.703233369728 norm=1612.6762948148362 radius=1612.6762948148355 next_radius=3225.352589629671 lambda=4.0000000000000019e-07 next_lambda=1.0000000000000005e-07 rho=0.77329774842908694 accept=1
CLASSICAL_LM o=20 lambda=4.0000000000000019e-07 tau=4.0000000000000019e-07 prediction=772.03905509460185 rho=0.77329774842908694 accept=1
  MFCG it  21 cost=2.581893e+05 lam=1.000e-07 tau=0.00e+00 cg_it=1 shift=0 ckpt=2 alpha=0 acc mv=98
PCG_PREP o=21 rebuild=1 drift=0 previous_depth=2
ATTR_RADIUS o=21 raw_norm=62246.472803704753 norm=3225.352589629671 radius=3225.352589629671 next_radius=3225.352589629671 lambda=1.0000000000000005e-07 next_lambda=1.0000000000000005e-07 rho=0.39879226196274092 accept=1
CLASSICAL_LM o=21 lambda=1.0000000000000005e-07 tau=1.0000000000000005e-07 prediction=655.24290440523964 rho=0.39879226196274092 accept=1
  MFCG it  22 cost=2.579280e+05 lam=1.000e-07 tau=0.00e+00 cg_it=1 shift=0 ckpt=2 alpha=0 acc mv=101
PCG_PREP o=22 rebuild=1 drift=0 previous_depth=2
ATTR_RADIUS o=22 raw_norm=16877.211200642385 norm=3225.3525896296733 radius=3225.352589629671 next_radius=3225.352589629671 lambda=1.0000000000000005e-07 next_lambda=1.0000000000000005e-07 rho=0.60680139662091359 accept=1
CLASSICAL_LM o=22 lambda=1.0000000000000005e-07 tau=1.0000000000000005e-07 prediction=932.95171488071867 rho=0.60680139662091359 accept=1
  MFCG it  23 cost=2.573619e+05 lam=1.000e-07 tau=0.00e+00 cg_it=0 shift=0 ckpt=1 alpha=0 acc mv=103
PCG_PREP o=23 rebuild=1 drift=0 previous_depth=1
ATTR_RADIUS o=23 raw_norm=17038.9403594328 norm=3225.3525896296719 radius=3225.352589629671 next_radius=3225.352589629671 lambda=1.0000000000000005e-07 next_lambda=1.0000000000000005e-07 rho=0.59415854385958566 accept=1
CLASSICAL_LM o=23 lambda=1.0000000000000005e-07 tau=1.0000000000000005e-07 prediction=799.02064116033921 rho=0.59415854385958566 accept=1
  MFCG it  24 cost=2.568872e+05 lam=1.000e-07 tau=0.00e+00 cg_it=0 shift=0 ckpt=1 alpha=0 acc mv=105
PCG_PREP o=24 rebuild=1 drift=0 previous_depth=1
ATTR_RADIUS o=24 raw_norm=17153.655254358513 norm=3225.3525896296728 radius=3225.352589629671 next_radius=3225.352589629671 lambda=1.0000000000000005e-07 next_lambda=1.0000000000000005e-07 rho=0.58031352587496987 accept=1
CLASSICAL_LM o=24 lambda=1.0000000000000005e-07 tau=1.0000000000000005e-07 prediction=700.01803332822658 rho=0.58031352587496987 accept=1
  MFCG it  25 cost=2.564809e+05 lam=1.000e-07 tau=0.00e+00 cg_it=0 shift=0 ckpt=1 alpha=0 acc mv=107
PCG_PREP o=25 rebuild=1 drift=0 previous_depth=1
ATTR_RADIUS o=25 raw_norm=68563.143383796909 norm=3225.3525896296687 radius=3225.352589629671 next_radius=3225.352589629671 lambda=1.0000000000000005e-07 next_lambda=1.0000000000000005e-07 rho=0.33538933473753296 accept=1
CLASSICAL_LM o=25 lambda=1.0000000000000005e-07 tau=1.0000000000000005e-07 prediction=419.26879426122372 rho=0.33538933473753296 accept=1
  MFCG it  26 cost=2.563403e+05 lam=1.000e-07 tau=0.00e+00 cg_it=1 shift=0 ckpt=2 alpha=0 acc mv=110
PCG_PREP o=26 rebuild=1 drift=0 previous_depth=2
ATTR_RADIUS o=26 raw_norm=16083.587131739849 norm=3225.3525896296701 radius=3225.352589629671 next_radius=3225.352589629671 lambda=1.0000000000000005e-07 next_lambda=1.0000000000000005e-07 rho=0.55289636783388985 accept=1
CLASSICAL_LM o=26 lambda=1.0000000000000005e-07 tau=1.0000000000000005e-07 prediction=689.47790538869413 rho=0.55289636783388985 accept=1
  MFCG it  27 cost=2.559591e+05 lam=1.000e-07 tau=0.00e+00 cg_it=0 shift=0 ckpt=1 alpha=0 acc mv=112
PCG_PREP o=27 rebuild=1 drift=0 previous_depth=1
ATTR_RADIUS o=27 raw_norm=16331.508195631264 norm=3225.3525896296719 radius=3225.352589629671 next_radius=3225.352589629671 lambda=1.0000000000000005e-07 next_lambda=1.0000000000000005e-07 rho=0.5423167046088686 accept=1
CLASSICAL_LM o=27 lambda=1.0000000000000005e-07 tau=1.0000000000000005e-07 prediction=615.45708398902491 rho=0.5423167046088686 accept=1
  MFCG it  28 cost=2.556253e+05 lam=1.000e-07 tau=0.00e+00 cg_it=0 shift=0 ckpt=1 alpha=0 acc mv=114
PCG_PREP o=28 rebuild=1 drift=0 previous_depth=1
ATTR_RADIUS o=28 raw_norm=16560.110429030578 norm=3225.3525896296724 radius=3225.352589629671 next_radius=3225.352589629671 lambda=1.0000000000000005e-07 next_lambda=1.0000000000000005e-07 rho=0.53093654352178599 accept=1
CLASSICAL_LM o=28 lambda=1.0000000000000005e-07 tau=1.0000000000000005e-07 prediction=556.53009736102479 rho=0.53093654352178599 accept=1
  MFCG it  29 cost=2.553298e+05 lam=1.000e-07 tau=0.00e+00 cg_it=0 shift=0 ckpt=1 alpha=0 acc mv=116
PCG_PREP o=29 rebuild=1 drift=0 previous_depth=1
ATTR_RADIUS o=29 raw_norm=74099.018671579994 norm=3225.3525896296724 radius=3225.352589629671 next_radius=806.33814740741775 lambda=1.0000000000000005e-07 next_lambda=1.6000000000000008e-06 rho=0.24806056109090702 accept=1
CLASSICAL_LM o=29 lambda=1.0000000000000005e-07 tau=1.0000000000000005e-07 prediction=340.10220184283514 rho=0.24806056109090702 accept=1
  MFCG it  30 cost=2.552455e+05 lam=1.600e-06 tau=0.00e+00 cg_it=1 shift=0 ckpt=2 alpha=0 acc mv=119
PCG_PREP o=30 rebuild=1 drift=0 previous_depth=2
ATTR_RADIUS o=30 raw_norm=5241.93316549266 norm=806.33814740741798 radius=806.33814740741775 next_radius=1612.6762948148355 lambda=1.6000000000000008e-06 next_lambda=4.0000000000000019e-07 rho=0.93877922335777675 accept=1
CLASSICAL_LM o=30 lambda=1.6000000000000008e-06 tau=1.6000000000000008e-06 prediction=424.1683164059329 rho=0.93877922335777675 accept=1
  MFCG it  31 cost=2.548473e+05 lam=4.000e-07 tau=0.00e+00 cg_it=0 shift=0 ckpt=1 alpha=0 acc mv=121
PCG_PREP o=31 rebuild=1 drift=0 previous_depth=1
ATTR_RADIUS o=31 raw_norm=12467.390727062779 norm=1612.6762948148353 radius=1612.6762948148355 next_radius=3225.352589629671 lambda=4.0000000000000019e-07 next_lambda=1.0000000000000005e-07 rho=0.78400741343574787 accept=1
CLASSICAL_LM o=31 lambda=4.0000000000000019e-07 tau=4.0000000000000019e-07 prediction=305.48397624537455 rho=0.78400741343574787 accept=1
  MFCG it  32 cost=2.546078e+05 lam=1.000e-07 tau=0.00e+00 cg_it=0 shift=0 ckpt=1 alpha=0 acc mv=123
PCG_PREP o=32 rebuild=1 drift=0 previous_depth=1
ATTR_RADIUS o=32 raw_norm=79264.593714509014 norm=3225.3525896296715 radius=3225.352589629671 next_radius=806.33814740741775 lambda=1.0000000000000005e-07 next_lambda=1.6000000000000008e-06 rho=0.21020703763745796 accept=1
CLASSICAL_LM o=32 lambda=1.0000000000000005e-07 tau=1.0000000000000005e-07 prediction=278.4648620893139 rho=0.21020703763745796 accept=1
  MFCG it  33 cost=2.545492e+05 lam=1.600e-06 tau=0.00e+00 cg_it=1 shift=0 ckpt=2 alpha=0 acc mv=126
PCG_PREP o=33 rebuild=1 drift=0 previous_depth=2
ATTR_RADIUS o=33 raw_norm=4893.7794188898706 norm=806.33814740741752 radius=806.33814740741775 next_radius=1612.6762948148355 lambda=1.6000000000000008e-06 next_lambda=4.0000000000000019e-07 rho=0.94018809224742583 accept=1
CLASSICAL_LM o=33 lambda=1.6000000000000008e-06 tau=1.6000000000000008e-06 prediction=366.54027184399735 rho=0.94018809224742583 accept=1
  MFCG it  34 cost=2.542046e+05 lam=4.000e-07 tau=0.00e+00 cg_it=0 shift=0 ckpt=1 alpha=0 acc mv=128
PCG_PREP o=34 rebuild=1 drift=0 previous_depth=1
ATTR_RADIUS o=34 raw_norm=37716.925716096695 norm=1612.676294814835 radius=1612.6762948148355 next_radius=3225.352589629671 lambda=4.0000000000000019e-07 next_lambda=1.0000000000000005e-07 rho=0.78905512176821135 accept=1
CLASSICAL_LM o=34 lambda=4.0000000000000019e-07 tau=4.0000000000000019e-07 prediction=252.29144793626628 rho=0.78905512176821135 accept=1
  MFCG it  35 cost=2.540056e+05 lam=1.000e-07 tau=0.00e+00 cg_it=1 shift=0 ckpt=2 alpha=0 acc mv=131
PCG_PREP o=35 rebuild=1 drift=0 previous_depth=2
ATTR_RADIUS o=35 raw_norm=88353.236603378813 norm=0 radius=3225.352589629671 next_radius=806.33814740741775 lambda=1.0000000000000005e-07 next_lambda=1.6000000000000008e-06 rho=0.054669663496344362 accept=0
CLASSICAL_LM o=35 lambda=1.0000000000000005e-07 tau=1.0000000000000005e-07 prediction=229.77704152250638 rho=0.054669663496344362 accept=0
  MFCG it  36  retry 1/8  lam=1.600e-06 tau_eff=1.000e-07  (assembly reused)
PCG_PREP o=35 rebuild=1 drift=0 previous_depth=2
ATTR_RADIUS o=35 raw_norm=5330.8811899950715 norm=806.33814740741798 radius=806.33814740741775 next_radius=1612.6762948148355 lambda=1.6000000000000008e-06 next_lambda=4.0000000000000019e-07 rho=0.93688595469814662 accept=1
CLASSICAL_LM o=35 lambda=1.6000000000000008e-06 tau=1.6000000000000008e-06 prediction=267.16042885472871 rho=0.93688595469814662 accept=1
  MFCG it  36 cost=2.537553e+05 lam=4.000e-07 tau=0.00e+00 cg_it=0 shift=0 ckpt=1 alpha=0 acc mv=136
PCG_PREP o=36 rebuild=1 drift=0 previous_depth=1
ATTR_RADIUS o=36 raw_norm=37610.730835667979 norm=1612.676294814836 radius=1612.6762948148355 next_radius=3225.352589629671 lambda=4.0000000000000019e-07 next_lambda=1.0000000000000005e-07 rho=0.80944389368925707 accept=1
CLASSICAL_LM o=36 lambda=4.0000000000000019e-07 tau=4.0000000000000019e-07 prediction=233.24242192346171 rho=0.80944389368925707 accept=1
  MFCG it  37 cost=2.535665e+05 lam=1.000e-07 tau=0.00e+00 cg_it=1 shift=0 ckpt=2 alpha=0 acc mv=139
PCG_PREP o=37 rebuild=1 drift=0 previous_depth=2
ATTR_RADIUS o=37 raw_norm=95366.670545077461 norm=0 radius=3225.352589629671 next_radius=806.33814740741775 lambda=1.0000000000000005e-07 next_lambda=1.6000000000000008e-06 rho=0.046407941007051319 accept=0
CLASSICAL_LM o=37 lambda=1.0000000000000005e-07 tau=1.0000000000000005e-07 prediction=196.8899405993748 rho=0.046407941007051319 accept=0
  MFCG it  38  retry 1/8  lam=1.600e-06 tau_eff=1.000e-07  (assembly reused)
PCG_PREP o=37 rebuild=1 drift=0 previous_depth=2
ATTR_RADIUS o=37 raw_norm=10023.610642167057 norm=806.33814740741786 radius=806.33814740741775 next_radius=1612.6762948148355 lambda=1.6000000000000008e-06 next_lambda=4.0000000000000019e-07 rho=0.98356829018312908 accept=1
CLASSICAL_LM o=37 lambda=1.6000000000000008e-06 tau=1.6000000000000008e-06 prediction=394.77050549513552 rho=0.98356829018312908 accept=1
  MFCG it  38 cost=2.531782e+05 lam=4.000e-07 tau=0.00e+00 cg_it=1 shift=0 ckpt=2 alpha=0 acc mv=145
PCG_PREP o=38 rebuild=1 drift=0 previous_depth=2
ATTR_RADIUS o=38 raw_norm=40400.119153743392 norm=1612.676294814836 radius=1612.6762948148355 next_radius=3225.352589629671 lambda=4.0000000000000019e-07 next_lambda=1.0000000000000005e-07 rho=0.78864881836005141 accept=1
CLASSICAL_LM o=38 lambda=4.0000000000000019e-07 tau=4.0000000000000019e-07 prediction=200.8940080351218 rho=0.78864881836005141 accept=1
  MFCG it  39 cost=2.530197e+05 lam=1.000e-07 tau=0.00e+00 cg_it=1 shift=0 ckpt=2 alpha=0 acc mv=148
PCG_PREP o=39 rebuild=1 drift=0 previous_depth=2
POINT_SAFE o=39 frozen=164 slope=-159.16176324277285 candidate=253047.7762255347 original=252986.62206529829 current=253019.74244429255 won=0 mode=1 camera_scale=1 keep_scale=0
ATTR_RADIUS o=39 raw_norm=108238.9515941069 norm=1612.6762948148355 radius=3225.352589629671 next_radius=3225.352589629671 lambda=1.0000000000000005e-07 next_lambda=1.0000000000000005e-08 rho=0.41956295106288594 accept=1
CLASSICAL_LM o=39 lambda=1.0000000000000005e-07 tau=1.0000000000000005e-07 prediction=78.940189810282547 rho=0.41956295106288594 accept=1
  MFCG it  40 cost=2.529866e+05 lam=1.000e-08 tau=0.00e+00 cg_it=1 shift=0 ckpt=2 alpha=0 acc mv=151
PCG_PREP o=40 rebuild=1 drift=0 previous_depth=2
POINT_SAFE o=40 frozen=78 slope=-104.33732436382459 candidate=253078.42670374914 original=252983.48735527648 current=252986.62206529829 won=0 mode=1 camera_scale=1 keep_scale=0
ATTR_RADIUS o=40 raw_norm=188547.42218213694 norm=3225.3525896296687 radius=3225.352589629671 next_radius=806.33814740741775 lambda=1.0000000000000005e-08 next_lambda=1.6000000000000008e-07 rho=0.060642494604302051 accept=0
CLASSICAL_LM o=40 lambda=1.0000000000000005e-08 tau=1.0000000000000005e-08 prediction=51.691640363181733 rho=0.060642494604302051 accept=0
  MFCG it  41  retry 1/8  lam=1.600e-07 tau_eff=1.000e-08  (assembly reused)
PCG_PREP o=40 rebuild=1 drift=0 previous_depth=2
ATTR_RADIUS o=40 raw_norm=82181.186808633909 norm=806.33814740741741 radius=806.33814740741775 next_radius=1612.6762948148355 lambda=1.6000000000000008e-07 next_lambda=4.0000000000000021e-08 rho=0.76199548899109859 accept=1
CLASSICAL_LM o=40 lambda=1.6000000000000008e-07 tau=1.6000000000000008e-07 prediction=51.616024973576565 rho=0.76199548899109859 accept=1
  MFCG it  41 cost=2.529473e+05 lam=4.000e-08 tau=0.00e+00 cg_it=1 shift=0 ckpt=2 alpha=0 acc mv=157
PCG_PREP o=41 rebuild=1 drift=0 previous_depth=2
ATTR_RADIUS o=41 raw_norm=153140.64199966111 norm=1612.676294814835 radius=1612.6762948148355 next_radius=403.16907370370888 lambda=4.0000000000000021e-08 next_lambda=6.4000000000000033e-07 rho=0.16708486564622113 accept=1
CLASSICAL_LM o=41 lambda=4.0000000000000021e-08 tau=4.0000000000000021e-08 prediction=58.289907512738964 rho=0.16708486564622113 accept=1
  MFCG it  42 cost=2.529376e+05 lam=6.400e-07 tau=0.00e+00 cg_it=1 shift=0 ckpt=2 alpha=0 acc mv=160
PCG_PREP o=42 rebuild=1 drift=0 previous_depth=2
ATTR_RADIUS o=42 raw_norm=10436.926509575998 norm=403.16907370370905 radius=403.16907370370888 next_radius=806.33814740741775 lambda=6.4000000000000033e-07 next_lambda=1.6000000000000008e-07 rho=0.92990744544872972 accept=1
CLASSICAL_LM o=42 lambda=6.4000000000000033e-07 tau=6.4000000000000033e-07 prediction=56.367358518125087 rho=0.92990744544872972 accept=1
  MFCG it  43 cost=2.528851e+05 lam=1.600e-07 tau=0.00e+00 cg_it=0 shift=0 ckpt=1 alpha=0 acc mv=162
PCG_PREP o=43 rebuild=1 drift=0 previous_depth=1
ATTR_RADIUS o=43 raw_norm=23517.152264379631 norm=806.33814740741832 radius=806.33814740741775 next_radius=806.33814740741775 lambda=1.6000000000000008e-07 next_lambda=1.6000000000000008e-07 rho=0.74247781526695922 accept=1
CLASSICAL_LM o=43 lambda=1.6000000000000008e-07 tau=1.6000000000000008e-07 prediction=51.05348721272896 rho=0.74247781526695922 accept=1
  MFCG it  44 cost=2.528472e+05 lam=1.600e-07 tau=0.00e+00 cg_it=0 shift=0 ckpt=1 alpha=0 acc mv=164
PCG_PREP o=44 rebuild=1 drift=0 previous_depth=1
ATTR_RADIUS o=44 raw_norm=23675.462738825605 norm=806.33814740741798 radius=806.33814740741775 next_radius=806.33814740741775 lambda=1.6000000000000008e-07 next_lambda=1.6000000000000008e-07 rho=0.74169546058954217 accept=1
CLASSICAL_LM o=44 lambda=1.6000000000000008e-07 tau=1.6000000000000008e-07 prediction=49.401622475738314 rho=0.74169546058954217 accept=1
  MFCG it  45 cost=2.528106e+05 lam=1.600e-07 tau=0.00e+00 cg_it=0 shift=0 ckpt=1 alpha=0 acc mv=166
PCG_PREP o=45 rebuild=1 drift=0 previous_depth=1
ATTR_RADIUS o=45 raw_norm=76500.570613000426 norm=806.33814740741741 radius=806.33814740741775 next_radius=1612.6762948148355 lambda=1.6000000000000008e-07 next_lambda=4.0000000000000021e-08 rho=0.77121195125285891 accept=1
CLASSICAL_LM o=45 lambda=1.6000000000000008e-07 tau=1.6000000000000008e-07 prediction=52.547008665825217 rho=0.77121195125285891 accept=1
  MFCG it  46 cost=2.527701e+05 lam=4.000e-08 tau=0.00e+00 cg_it=1 shift=0 ckpt=2 alpha=0 acc mv=169
PCG_PREP o=46 rebuild=1 drift=0 previous_depth=2
ATTR_RADIUS o=46 raw_norm=160671.76621393976 norm=1612.6762948148355 radius=1612.6762948148355 next_radius=403.16907370370888 lambda=4.0000000000000021e-08 next_lambda=6.4000000000000033e-07 rho=0.12722351048024305 accept=1
CLASSICAL_LM o=46 lambda=4.0000000000000021e-08 tau=4.0000000000000021e-08 prediction=53.582052730865513 rho=0.12722351048024305 accept=1
  MFCG it  47 cost=2.527632e+05 lam=6.400e-07 tau=0.00e+00 cg_it=1 shift=0 ckpt=2 alpha=0 acc mv=172
PCG_PREP o=47 rebuild=1 drift=0 previous_depth=2
ATTR_RADIUS o=47 raw_norm=9577.2723464065839 norm=403.16907370370899 radius=403.16907370370888 next_radius=806.33814740741775 lambda=6.4000000000000033e-07 next_lambda=1.6000000000000008e-07 rho=0.93587350726358531 accept=1
CLASSICAL_LM o=47 lambda=6.4000000000000033e-07 tau=6.4000000000000033e-07 prediction=58.770571873668921 rho=0.93587350726358531 accept=1
  MFCG it  48 cost=2.527082e+05 lam=1.600e-07 tau=0.00e+00 cg_it=0 shift=0 ckpt=1 alpha=0 acc mv=174
PCG_PREP o=48 rebuild=1 drift=0 previous_depth=1
ATTR_RADIUS o=48 raw_norm=23441.751964386272 norm=806.33814740741775 radius=806.33814740741775 next_radius=806.33814740741775 lambda=1.6000000000000008e-07 next_lambda=1.6000000000000008e-07 rho=0.52788553812029082 accept=1
CLASSICAL_LM o=48 lambda=1.6000000000000008e-07 tau=1.6000000000000008e-07 prediction=60.887810585419274 rho=0.52788553812029082 accept=1
  MFCG it  49 cost=2.526761e+05 lam=1.600e-07 tau=0.00e+00 cg_it=0 shift=0 ckpt=1 alpha=0 acc mv=176
PCG_PREP o=49 rebuild=1 drift=0 previous_depth=1
ATTR_RADIUS o=49 raw_norm=23503.712471780174 norm=806.33814740741821 radius=806.33814740741775 next_radius=806.33814740741775 lambda=1.6000000000000008e-07 next_lambda=1.6000000000000008e-07 rho=0.72713855838135721 accept=1
CLASSICAL_LM o=49 lambda=1.6000000000000008e-07 tau=1.6000000000000008e-07 prediction=48.382459240336836 rho=0.72713855838135721 accept=1
  MFCG it  50 cost=2.526409e+05 lam=1.600e-07 tau=0.00e+00 cg_it=0 shift=0 ckpt=1 alpha=0 acc mv=178
PCG_PREP o=50 rebuild=1 drift=0 previous_depth=1
ATTR_RADIUS o=50 raw_norm=69592.657595400902 norm=806.33814740741786 radius=806.33814740741775 next_radius=1612.6762948148355 lambda=1.6000000000000008e-07 next_lambda=4.0000000000000021e-08 rho=0.79156641863537391 accept=1
CLASSICAL_LM o=50 lambda=1.6000000000000008e-07 tau=1.6000000000000008e-07 prediction=56.505238800501154 rho=0.79156641863537391 accept=1
  MFCG it  51 cost=2.525962e+05 lam=4.000e-08 tau=0.00e+00 cg_it=1 shift=0 ckpt=2 alpha=0 acc mv=181
PCG_PREP o=51 rebuild=1 drift=0 previous_depth=2
ATTR_RADIUS o=51 raw_norm=166345.67308127464 norm=0 radius=1612.6762948148355 next_radius=403.16907370370888 lambda=4.0000000000000021e-08 next_lambda=6.4000000000000033e-07 rho=0.084265321873744956 accept=0
CLASSICAL_LM o=51 lambda=4.0000000000000021e-08 tau=4.0000000000000021e-08 prediction=49.914403244150364 rho=0.084265321873744956 accept=0
  MFCG it  52  retry 1/8  lam=6.400e-07 tau_eff=4.000e-08  (assembly reused)
PCG_PREP o=51 rebuild=1 drift=0 previous_depth=2
ATTR_RADIUS o=51 raw_norm=9432.4998305649278 norm=403.16907370370865 radius=403.16907370370888 next_radius=806.33814740741775 lambda=6.4000000000000033e-07 next_lambda=1.6000000000000008e-07 rho=0.93402930111172733 accept=1
CLASSICAL_LM o=51 lambda=6.4000000000000033e-07 tau=6.4000000000000033e-07 prediction=52.633495349261686 rho=0.93402930111172733 accept=1
  MFCG it  52 cost=2.525470e+05 lam=1.600e-07 tau=0.00e+00 cg_it=0 shift=0 ckpt=1 alpha=0 acc mv=186
PCG_PREP o=52 rebuild=1 drift=0 previous_depth=1
ATTR_RADIUS o=52 raw_norm=68053.112855872532 norm=806.33814740741775 radius=806.33814740741775 next_radius=1612.6762948148355 lambda=1.6000000000000008e-07 next_lambda=4.0000000000000021e-08 rho=0.80123591820239426 accept=1
CLASSICAL_LM o=52 lambda=1.6000000000000008e-07 tau=1.6000000000000008e-07 prediction=56.061900908004091 rho=0.80123591820239426 accept=1
  MFCG it  53 cost=2.525021e+05 lam=4.000e-08 tau=0.00e+00 cg_it=1 shift=0 ckpt=2 alpha=0 acc mv=189
PCG_PREP o=53 rebuild=1 drift=0 previous_depth=2
ATTR_RADIUS o=53 raw_norm=168740.43730848967 norm=0 radius=1612.6762948148355 next_radius=403.16907370370888 lambda=4.0000000000000021e-08 next_lambda=6.4000000000000033e-07 rho=0.086176960261051386 accept=0
CLASSICAL_LM o=53 lambda=4.0000000000000021e-08 tau=4.0000000000000021e-08 prediction=47.824055240488235 rho=0.086176960261051386 accept=0
  MFCG it  54  retry 1/8  lam=6.400e-07 tau_eff=4.000e-08  (assembly reused)
PCG_PREP o=53 rebuild=1 drift=0 previous_depth=2
ATTR_RADIUS o=53 raw_norm=13324.682902224562 norm=403.16907370370888 radius=403.16907370370888 next_radius=806.33814740741775 lambda=6.4000000000000033e-07 next_lambda=1.6000000000000008e-07 rho=0.98366356207435102 accept=1
CLASSICAL_LM o=53 lambda=6.4000000000000033e-07 tau=6.4000000000000033e-07 prediction=132.65524866038538 rho=0.98366356207435102 accept=1
  MFCG it  54 cost=2.523716e+05 lam=1.600e-07 tau=0.00e+00 cg_it=1 shift=0 ckpt=2 alpha=0 acc mv=195
PCG_PREP o=54 rebuild=1 drift=0 previous_depth=2
ATTR_RADIUS o=54 raw_norm=68658.470352447897 norm=806.33814740741798 radius=806.33814740741775 next_radius=1612.6762948148355 lambda=1.6000000000000008e-07 next_lambda=4.0000000000000021e-08 rho=0.798334263296821 accept=1
CLASSICAL_LM o=54 lambda=1.6000000000000008e-07 tau=1.6000000000000008e-07 prediction=53.844497575516272 rho=0.798334263296821 accept=1
  MFCG it  55 cost=2.523286e+05 lam=4.000e-08 tau=0.00e+00 cg_it=1 shift=0 ckpt=2 alpha=0 acc mv=198
PCG_PREP o=55 rebuild=1 drift=0 previous_depth=2
ATTR_RADIUS o=55 raw_norm=174297.55870463123 norm=0 radius=1612.6762948148355 next_radius=403.16907370370888 lambda=4.0000000000000021e-08 next_lambda=6.4000000000000033e-07 rho=0.022781419141767446 accept=0
CLASSICAL_LM o=55 lambda=4.0000000000000021e-08 tau=4.0000000000000021e-08 prediction=43.99763487218447 rho=0.022781419141767446 accept=0
  MFCG it  56  retry 1/8  lam=6.400e-07 tau_eff=4.000e-08  (assembly reused)
PCG_PREP o=55 rebuild=1 drift=0 previous_depth=2
ATTR_RADIUS o=55 raw_norm=9637.2652139319289 norm=403.16907370370882 radius=403.16907370370888 next_radius=806.33814740741775 lambda=6.4000000000000033e-07 next_lambda=1.6000000000000008e-07 rho=0.93063284618607478 accept=1
CLASSICAL_LM o=55 lambda=6.4000000000000033e-07 tau=6.4000000000000033e-07 prediction=46.278579691483131 rho=0.93063284618607478 accept=1
  MFCG it  56 cost=2.522856e+05 lam=1.600e-07 tau=0.00e+00 cg_it=0 shift=0 ckpt=1 alpha=0 acc mv=203
PCG_PREP o=56 rebuild=1 drift=0 previous_depth=1
ATTR_RADIUS o=56 raw_norm=66315.374142843517 norm=806.33814740741764 radius=806.33814740741775 next_radius=1612.6762948148355 lambda=1.6000000000000008e-07 next_lambda=4.0000000000000021e-08 rho=0.80724825283950286 accept=1
CLASSICAL_LM o=56 lambda=1.6000000000000008e-07 tau=1.6000000000000008e-07 prediction=54.439016994980086 rho=0.80724825283950286 accept=1
  MFCG it  57 cost=2.522416e+05 lam=4.000e-08 tau=0.00e+00 cg_it=1 shift=0 ckpt=2 alpha=0 acc mv=206
PCG_PREP o=57 rebuild=1 drift=0 previous_depth=2
ATTR_RADIUS o=57 raw_norm=175925.66757356693 norm=0 radius=1612.6762948148355 next_radius=403.16907370370888 lambda=4.0000000000000021e-08 next_lambda=6.4000000000000033e-07 rho=0.02777712637359564 accept=0
CLASSICAL_LM o=57 lambda=4.0000000000000021e-08 tau=4.0000000000000021e-08 prediction=42.478287125674861 rho=0.02777712637359564 accept=0
  MFCG it  58  retry 1/8  lam=6.400e-07 tau_eff=4.000e-08  (assembly reused)
PCG_PREP o=57 rebuild=1 drift=0 previous_depth=2
ATTR_RADIUS o=57 raw_norm=11888.064694103539 norm=403.16907370370882 radius=403.16907370370888 next_radius=806.33814740741775 lambda=6.4000000000000033e-07 next_lambda=1.6000000000000008e-07 rho=0.98775555193498588 accept=1
CLASSICAL_LM o=57 lambda=6.4000000000000033e-07 tau=6.4000000000000033e-07 prediction=140.64125379873778 rho=0.98775555193498588 accept=1
  MFCG it  58 cost=2.521027e+05 lam=1.600e-07 tau=0.00e+00 cg_it=1 shift=0 ckpt=2 alpha=0 acc mv=212
PCG_PREP o=58 rebuild=1 drift=0 previous_depth=2
ATTR_RADIUS o=58 raw_norm=66581.198245234598 norm=806.33814740741764 radius=806.33814740741775 next_radius=1612.6762948148355 lambda=1.6000000000000008e-07 next_lambda=4.0000000000000021e-08 rho=0.80575522514975151 accept=1
CLASSICAL_LM o=58 lambda=1.6000000000000008e-07 tau=1.6000000000000008e-07 prediction=52.372223574918642 rho=0.80575522514975151 accept=1
  MFCG it  59 cost=2.520605e+05 lam=4.000e-08 tau=0.00e+00 cg_it=1 shift=0 ckpt=2 alpha=0 acc mv=215
PCG_PREP o=59 rebuild=1 drift=0 previous_depth=2
POINT_SAFE o=59 frozen=109 slope=-39.180351866275949 candidate=252061.98108962036 original=252051.22109175348 current=252060.50764659108 won=0 mode=1 camera_scale=1 keep_scale=0
ATTR_RADIUS o=59 raw_norm=180282.35653373541 norm=806.33814740741786 radius=1612.6762948148355 next_radius=1612.6762948148355 lambda=4.0000000000000021e-08 next_lambda=4.0000000000000019e-09 rho=0.47505065698244003 accept=1
CLASSICAL_LM o=59 lambda=4.0000000000000021e-08 tau=4.0000000000000021e-08 prediction=19.548556982508643 rho=0.47505065698244003 accept=1
  MFCG it  60 cost=2.520512e+05 lam=4.000e-09 tau=0.00e+00 cg_it=1 shift=0 ckpt=2 alpha=0 acc mv=218
PCG_PREP o=60 rebuild=1 drift=0 previous_depth=2
POINT_SAFE o=60 frozen=51 slope=-26.322097443097913 candidate=252066.30030806278 original=252048.60284720268 current=252051.22109175348 won=0 mode=1 camera_scale=1 keep_scale=0
ATTR_RADIUS o=60 raw_norm=300625.87945517059 norm=806.33814740741798 radius=1612.6762948148355 next_radius=403.16907370370888 lambda=4.0000000000000019e-09 next_lambda=6.400000000000003e-08 rho=0.19944843844091828 accept=1
CLASSICAL_LM o=60 lambda=4.0000000000000019e-09 tau=4.0000000000000019e-09 prediction=13.127425670858974 rho=0.19944843844091828 accept=1
  MFCG it  61 cost=2.520486e+05 lam=6.400e-08 tau=0.00e+00 cg_it=1 shift=0 ckpt=2 alpha=0 acc mv=221
PCG_PREP o=61 rebuild=1 drift=0 previous_depth=2
ATTR_RADIUS o=61 raw_norm=137972.91945621796 norm=403.16907370370899 radius=403.16907370370888 next_radius=806.33814740741775 lambda=6.400000000000003e-08 next_lambda=1.6000000000000008e-08 rho=0.78720747583500172 accept=1
CLASSICAL_LM o=61 lambda=6.400000000000003e-08 tau=6.400000000000003e-08 prediction=12.742106320278818 rho=0.78720747583500172 accept=1
  MFCG it  62 cost=2.520386e+05 lam=1.600e-08 tau=0.00e+00 cg_it=1 shift=0 ckpt=2 alpha=0 acc mv=224
PCG_PREP o=62 rebuild=1 drift=0 previous_depth=2
ATTR_RADIUS o=62 raw_norm=249032.52294237496 norm=806.33814740741764 radius=806.33814740741775 next_radius=806.33814740741775 lambda=1.6000000000000008e-08 next_lambda=1.6000000000000008e-08 rho=0.27630375250160311 accept=1
CLASSICAL_LM o=62 lambda=1.6000000000000008e-08 tau=1.6000000000000008e-08 prediction=14.68892793767683 rho=0.27630375250160311 accept=1
  MFCG it  63 cost=2.520345e+05 lam=1.600e-08 tau=0.00e+00 cg_it=1 shift=0 ckpt=2 alpha=0 acc mv=227
PCG_PREP o=63 rebuild=1 drift=0 previous_depth=2
ATTR_RADIUS o=63 raw_norm=250971.72962714694 norm=806.33814740741775 radius=806.33814740741775 next_radius=806.33814740741775 lambda=1.6000000000000008e-08 next_lambda=1.6000000000000008e-08 rho=0.25757209347226917 accept=1
CLASSICAL_LM o=63 lambda=1.6000000000000008e-08 tau=1.6000000000000008e-08 prediction=14.591147445476423 rho=0.25757209347226917 accept=1
  MFCG it  64 cost=2.520308e+05 lam=1.600e-08 tau=0.00e+00 cg_it=1 shift=0 ckpt=2 alpha=0 acc mv=230
PCG_PREP o=64 rebuild=1 drift=0 previous_depth=2
ATTR_RADIUS o=64 raw_norm=252790.381528597 norm=806.33814740741832 radius=806.33814740741775 next_radius=201.58453685185444 lambda=1.6000000000000008e-08 next_lambda=2.5600000000000012e-07 rho=0.23789805661173699 accept=1
CLASSICAL_LM o=64 lambda=1.6000000000000008e-08 tau=1.6000000000000008e-08 prediction=14.479772702593293 rho=0.23789805661173699 accept=1
  MFCG it  65 cost=2.520273e+05 lam=2.560e-07 tau=0.00e+00 cg_it=1 shift=0 ckpt=2 alpha=0 acc mv=233
PCG_PREP o=65 rebuild=1 drift=0 previous_depth=2
ATTR_RADIUS o=65 raw_norm=17341.513136367208 norm=201.58453685185438 radius=201.58453685185444 next_radius=403.16907370370888 lambda=2.5600000000000012e-07 next_lambda=6.400000000000003e-08 rho=0.93771686963958523 accept=1
CLASSICAL_LM o=65 lambda=2.5600000000000012e-07 tau=2.5600000000000012e-07 prediction=12.809781975380263 rho=0.93771686963958523 accept=1
  MFCG it  66 cost=2.520153e+05 lam=6.400e-08 tau=0.00e+00 cg_it=0 shift=0 ckpt=1 alpha=0 acc mv=235
PCG_PREP o=66 rebuild=1 drift=0 previous_depth=1
ATTR_RADIUS o=66 raw_norm=39177.887282322321 norm=403.16907370370893 radius=403.16907370370888 next_radius=806.33814740741775 lambda=6.400000000000003e-08 next_lambda=1.6000000000000008e-08 rho=0.7625733012258088 accept=1
CLASSICAL_LM o=66 lambda=6.400000000000003e-08 tau=6.400000000000003e-08 prediction=12.247202758697808 rho=0.7625733012258088 accept=1
  MFCG it  67 cost=2.520060e+05 lam=1.600e-08 tau=0.00e+00 cg_it=0 shift=0 ckpt=1 alpha=0 acc mv=237
PCG_PREP o=67 rebuild=1 drift=0 previous_depth=1
ATTR_RADIUS o=67 raw_norm=255824.71640319622 norm=806.33814740741798 radius=806.33814740741775 next_radius=201.58453685185444 lambda=1.6000000000000008e-08 next_lambda=2.5600000000000012e-07 rho=0.22508300072315068 accept=1
CLASSICAL_LM o=67 lambda=1.6000000000000008e-08 tau=1.6000000000000008e-08 prediction=14.177532939157565 rho=0.22508300072315068 accept=1
  MFCG it  68 cost=2.520028e+05 lam=2.560e-07 tau=0.00e+00 cg_it=1 shift=0 ckpt=2 alpha=0 acc mv=240
PCG_PREP o=68 rebuild=1 drift=0 previous_depth=2
ATTR_RADIUS o=68 raw_norm=16881.356735964462 norm=201.58453685185452 radius=201.58453685185444 next_radius=403.16907370370888 lambda=2.5600000000000012e-07 next_lambda=6.400000000000003e-08 rho=0.93878641636604121 accept=1
CLASSICAL_LM o=68 lambda=2.5600000000000012e-07 tau=2.5600000000000012e-07 prediction=13.013872113100556 rho=0.93878641636604121 accept=1
  MFCG it  69 cost=2.519906e+05 lam=6.400e-08 tau=0.00e+00 cg_it=0 shift=0 ckpt=1 alpha=0 acc mv=242
PCG_PREP o=69 rebuild=1 drift=0 previous_depth=1
ATTR_RADIUS o=69 raw_norm=39071.321946486692 norm=403.16907370370882 radius=403.16907370370888 next_radius=806.33814740741775 lambda=6.400000000000003e-08 next_lambda=1.6000000000000008e-08 rho=0.7608171540157227 accept=1
CLASSICAL_LM o=69 lambda=6.400000000000003e-08 tau=6.400000000000003e-08 prediction=12.099421254338463 rho=0.7608171540157227 accept=1
  MFCG it  70 cost=2.519813e+05 lam=1.600e-08 tau=0.00e+00 cg_it=0 shift=0 ckpt=1 alpha=0 acc mv=244
PCG_PREP o=70 rebuild=1 drift=0 previous_depth=1
ATTR_RADIUS o=70 raw_norm=258491.43913217902 norm=806.33814740741832 radius=806.33814740741775 next_radius=201.58453685185444 lambda=1.6000000000000008e-08 next_lambda=2.5600000000000012e-07 rho=0.21488622032106083 accept=1
CLASSICAL_LM o=70 lambda=1.6000000000000008e-08 tau=1.6000000000000008e-08 prediction=13.926782045177402 rho=0.21488622032106083 accept=1
  MFCG it  71 cost=2.519784e+05 lam=2.560e-07 tau=0.00e+00 cg_it=1 shift=0 ckpt=2 alpha=0 acc mv=247
PCG_PREP o=71 rebuild=1 drift=0 previous_depth=2
ATTR_RADIUS o=71 raw_norm=16424.321089291327 norm=201.58453685185438 radius=201.58453685185444 next_radius=403.16907370370888 lambda=2.5600000000000012e-07 next_lambda=6.400000000000003e-08 rho=0.93988441117018406 accept=1
CLASSICAL_LM o=71 lambda=2.5600000000000012e-07 tau=2.5600000000000012e-07 prediction=13.2284854122761 rho=0.93988441117018406 accept=1
  MFCG it  72 cost=2.519659e+05 lam=6.400e-08 tau=0.00e+00 cg_it=0 shift=0 ckpt=1 alpha=0 acc mv=249
PCG_PREP o=72 rebuild=1 drift=0 previous_depth=1
ATTR_RADIUS o=72 raw_norm=38929.111477670805 norm=403.16907370370882 radius=403.16907370370888 next_radius=806.33814740741775 lambda=6.400000000000003e-08 next_lambda=1.6000000000000008e-08 rho=0.75932803676105887 accept=1
CLASSICAL_LM o=72 lambda=6.400000000000003e-08 tau=6.400000000000003e-08 prediction=11.963764346797561 rho=0.75932803676105887 accept=1
  MFCG it  73 cost=2.519568e+05 lam=1.600e-08 tau=0.00e+00 cg_it=0 shift=0 ckpt=1 alpha=0 acc mv=251
PCG_PREP o=73 rebuild=1 drift=0 previous_depth=1
ATTR_RADIUS o=73 raw_norm=260720.56127251513 norm=806.33814740741752 radius=806.33814740741775 next_radius=201.58453685185444 lambda=1.6000000000000008e-08 next_lambda=2.5600000000000012e-07 rho=0.20617673788690835 accept=1
CLASSICAL_LM o=73 lambda=1.6000000000000008e-08 tau=1.6000000000000008e-08 prediction=13.704153708325535 rho=0.20617673788690835 accept=1
  MFCG it  74 cost=2.519540e+05 lam=2.560e-07 tau=0.00e+00 cg_it=1 shift=0 ckpt=2 alpha=0 acc mv=254
PCG_PREP o=74 rebuild=1 drift=0 previous_depth=2
ATTR_RADIUS o=74 raw_norm=15971.824664750306 norm=201.58453685185438 radius=201.58453685185444 next_radius=403.16907370370888 lambda=2.5600000000000012e-07 next_lambda=6.400000000000003e-08 rho=0.94100372759773954 accept=1
CLASSICAL_LM o=74 lambda=2.5600000000000012e-07 tau=2.5600000000000012e-07 prediction=13.45240166133806 rho=0.94100372759773954 accept=1
  MFCG it  75 cost=2.519414e+05 lam=6.400e-08 tau=0.00e+00 cg_it=0 shift=0 ckpt=1 alpha=0 acc mv=256
PCG_PREP o=75 rebuild=1 drift=0 previous_depth=1
ATTR_RADIUS o=75 raw_norm=38751.889926776043 norm=403.16907370370899 radius=403.16907370370888 next_radius=806.33814740741775 lambda=6.400000000000003e-08 next_lambda=1.6000000000000008e-08 rho=0.75811102273584041 accept=1
CLASSICAL_LM o=75 lambda=6.400000000000003e-08 tau=6.400000000000003e-08 prediction=11.839414753513706 rho=0.75811102273584041 accept=1
  MFCG it  76 cost=2.519324e+05 lam=1.600e-08 tau=0.00e+00 cg_it=0 shift=0 ckpt=1 alpha=0 acc mv=258
PCG_PREP o=76 rebuild=1 drift=0 previous_depth=1
ATTR_RADIUS o=76 raw_norm=262468.9548176052 norm=806.33814740741798 radius=806.33814740741775 next_radius=201.58453685185444 lambda=1.6000000000000008e-08 next_lambda=2.5600000000000012e-07 rho=0.19914109052132395 accept=1
CLASSICAL_LM o=76 lambda=1.6000000000000008e-08 tau=1.6000000000000008e-08 prediction=13.510176435970672 rho=0.19914109052132395 accept=1
  MFCG it  77 cost=2.519297e+05 lam=2.560e-07 tau=0.00e+00 cg_it=1 shift=0 ckpt=2 alpha=0 acc mv=261
PCG_PREP o=77 rebuild=1 drift=0 previous_depth=2
ATTR_RADIUS o=77 raw_norm=15525.16365410258 norm=201.58453685185432 radius=201.58453685185444 next_radius=403.16907370370888 lambda=2.5600000000000012e-07 next_lambda=6.400000000000003e-08 rho=0.94213804775199272 accept=1
CLASSICAL_LM o=77 lambda=2.5600000000000012e-07 tau=2.5600000000000012e-07 prediction=13.684313612703539 rho=0.94213804775199272 accept=1
  MFCG it  78 cost=2.519168e+05 lam=6.400e-08 tau=0.00e+00 cg_it=0 shift=0 ckpt=1 alpha=0 acc mv=263
PCG_PREP o=78 rebuild=1 drift=0 previous_depth=1
ATTR_RADIUS o=78 raw_norm=38540.394751884887 norm=403.16907370370888 radius=403.16907370370888 next_radius=806.33814740741775 lambda=6.400000000000003e-08 next_lambda=1.6000000000000008e-08 rho=0.75716929309216663 accept=1
CLASSICAL_LM o=78 lambda=6.400000000000003e-08 tau=6.400000000000003e-08 prediction=11.725550874668441 rho=0.75716929309216663 accept=1
  MFCG it  79 cost=2.519079e+05 lam=1.600e-08 tau=0.00e+00 cg_it=0 shift=0 ckpt=1 alpha=0 acc mv=265
PCG_PREP o=79 rebuild=1 drift=0 previous_depth=1
ATTR_RADIUS o=79 raw_norm=263710.32945818413 norm=806.33814740741786 radius=806.33814740741775 next_radius=201.58453685185444 lambda=1.6000000000000008e-08 next_lambda=2.5600000000000012e-07 rho=0.1939529026610918 accept=1
CLASSICAL_LM o=79 lambda=1.6000000000000008e-08 tau=1.6000000000000008e-08 prediction=13.345365948610267 rho=0.1939529026610918 accept=1
  MFCG it  80 cost=2.519053e+05 lam=2.560e-07 tau=0.00e+00 cg_it=1 shift=0 ckpt=2 alpha=0 acc mv=268
PCG_PREP o=80 rebuild=1 drift=0 previous_depth=2
ATTR_RADIUS o=80 raw_norm=15085.540095023884 norm=201.58453685185449 radius=201.58453685185444 next_radius=403.16907370370888 lambda=2.5600000000000012e-07 next_lambda=6.400000000000003e-08 rho=0.94328146309164673 accept=1
CLASSICAL_LM o=80 lambda=2.5600000000000012e-07 tau=2.5600000000000012e-07 prediction=13.922819716400522 rho=0.94328146309164673 accept=1
  MFCG it  81 cost=2.518922e+05 lam=6.400e-08 tau=0.00e+00 cg_it=0 shift=0 ckpt=1 alpha=0 acc mv=270
PCG_PREP o=81 rebuild=1 drift=0 previous_depth=1
ATTR_RADIUS o=81 raw_norm=38295.879246216246 norm=403.16907370370905 radius=403.16907370370888 next_radius=806.33814740741775 lambda=6.400000000000003e-08 next_lambda=1.6000000000000008e-08 rho=0.75650371956619067 accept=1
CLASSICAL_LM o=81 lambda=6.400000000000003e-08 tau=6.400000000000003e-08 prediction=11.621335702222735 rho=0.75650371956619067 accept=1
  MFCG it  82 cost=2.518834e+05 lam=1.600e-08 tau=0.00e+00 cg_it=0 shift=0 ckpt=1 alpha=0 acc mv=272
PCG_PREP o=82 rebuild=1 drift=0 previous_depth=1
ATTR_RADIUS o=82 raw_norm=264409.64662425756 norm=806.33814740741809 radius=806.33814740741775 next_radius=201.58453685185444 lambda=1.6000000000000008e-08 next_lambda=2.5600000000000012e-07 rho=0.19075936168883792 accept=1
CLASSICAL_LM o=82 lambda=1.6000000000000008e-08 tau=1.6000000000000008e-08 prediction=13.210037499037792 rho=0.19075936168883792 accept=1
  MFCG it  83 cost=2.518809e+05 lam=2.560e-07 tau=0.00e+00 cg_it=1 shift=0 ckpt=2 alpha=0 acc mv=275
PCG_PREP o=83 rebuild=1 drift=0 previous_depth=2
ATTR_RADIUS o=83 raw_norm=14654.068911436501 norm=201.58453685185449 radius=201.58453685185444 next_radius=403.16907370370888 lambda=2.5600000000000012e-07 next_lambda=6.400000000000003e-08 rho=0.94442852985902503 accept=1
CLASSICAL_LM o=83 lambda=2.5600000000000012e-07 tau=2.5600000000000012e-07 prediction=14.166427263117566 rho=0.94442852985902503 accept=1
  MFCG it  84 cost=2.518675e+05 lam=6.400e-08 tau=0.00e+00 cg_it=0 shift=0 ckpt=1 alpha=0 acc mv=277
PCG_PREP o=84 rebuild=1 drift=0 previous_depth=1
ATTR_RADIUS o=84 raw_norm=38019.729858781277 norm=403.16907370370888 radius=403.16907370370888 next_radius=806.33814740741775 lambda=6.400000000000003e-08 next_lambda=1.6000000000000008e-08 rho=0.75611292928351226 accept=1
CLASSICAL_LM o=84 lambda=6.400000000000003e-08 tau=6.400000000000003e-08 prediction=11.5259141068001 rho=0.75611292928351226 accept=1
  MFCG it  85 cost=2.518588e+05 lam=1.600e-08 tau=0.00e+00 cg_it=0 shift=0 ckpt=1 alpha=0 acc mv=279
PCG_PREP o=85 rebuild=1 drift=0 previous_depth=1
ATTR_RADIUS o=85 raw_norm=264529.19780559232 norm=806.33814740741752 radius=806.33814740741775 next_radius=201.58453685185444 lambda=1.6000000000000008e-08 next_lambda=2.5600000000000012e-07 rho=0.18974482906693071 accept=1
CLASSICAL_LM o=85 lambda=1.6000000000000008e-08 tau=1.6000000000000008e-08 prediction=13.105481714693296 rho=0.18974482906693071 accept=1
  MFCG it  86 cost=2.518563e+05 lam=2.560e-07 tau=0.00e+00 cg_it=1 shift=0 ckpt=2 alpha=0 acc mv=282
PCG_PREP o=86 rebuild=1 drift=0 previous_depth=2
ATTR_RADIUS o=86 raw_norm=14231.719757980753 norm=201.58453685185452 radius=201.58453685185444 next_radius=403.16907370370888 lambda=2.5600000000000012e-07 next_lambda=6.400000000000003e-08 rho=0.94557424017626623 accept=1
CLASSICAL_LM o=86 lambda=2.5600000000000012e-07 tau=2.5600000000000012e-07 prediction=14.413534950081399 rho=0.94557424017626623 accept=1
  MFCG it  87 cost=2.518427e+05 lam=6.400e-08 tau=0.00e+00 cg_it=0 shift=0 ckpt=1 alpha=0 acc mv=284
PCG_PREP o=87 rebuild=1 drift=0 previous_depth=1
ATTR_RADIUS o=87 raw_norm=37713.693282446278 norm=403.16907370370905 radius=403.16907370370888 next_radius=806.33814740741775 lambda=6.400000000000003e-08 next_lambda=1.6000000000000008e-08 rho=0.75599310963751276 accept=1
CLASSICAL_LM o=87 lambda=6.400000000000003e-08 tau=6.400000000000003e-08 prediction=11.438400955343763 rho=0.75599310963751276 accept=1
  MFCG it  88 cost=2.518340e+05 lam=1.600e-08 tau=0.00e+00 cg_it=0 shift=0 ckpt=1 alpha=0 acc mv=286
PCG_PREP o=88 rebuild=1 drift=0 previous_depth=1
ATTR_RADIUS o=88 raw_norm=264047.74913382286 norm=806.33814740741752 radius=806.33814740741775 next_radius=201.58453685185444 lambda=1.6000000000000008e-08 next_lambda=2.5600000000000012e-07 rho=0.19102236666138453 accept=1
CLASSICAL_LM o=88 lambda=1.6000000000000008e-08 tau=1.6000000000000008e-08 prediction=13.032206789083663 rho=0.19102236666138453 accept=1
  MFCG it  89 cost=2.518315e+05 lam=2.560e-07 tau=0.00e+00 cg_it=1 shift=0 ckpt=2 alpha=0 acc mv=289
PCG_PREP o=89 rebuild=1 drift=0 previous_depth=2
ATTR_RADIUS o=89 raw_norm=13819.361421977828 norm=201.58453685185449 radius=201.58453685185444 next_radius=403.16907370370888 lambda=2.5600000000000012e-07 next_lambda=6.400000000000003e-08 rho=0.94671409432248277 accept=1
CLASSICAL_LM o=89 lambda=2.5600000000000012e-07 tau=2.5600000000000012e-07 prediction=14.662460356786795 rho=0.94671409432248277 accept=1
  MFCG it  90 cost=2.518177e+05 lam=6.400e-08 tau=0.00e+00 cg_it=0 shift=0 ckpt=1 alpha=0 acc mv=291
PCG_PREP o=90 rebuild=1 drift=0 previous_depth=1
ATTR_RADIUS o=90 raw_norm=37379.826110049173 norm=403.16907370370905 radius=403.16907370370888 next_radius=806.33814740741775 lambda=6.400000000000003e-08 next_lambda=1.6000000000000008e-08 rho=0.75613826345273261 accept=1
CLASSICAL_LM o=90 lambda=6.400000000000003e-08 tau=6.400000000000003e-08 prediction=11.35789006163955 rho=0.75613826345273261 accept=1
  MFCG it  91 cost=2.518091e+05 lam=1.600e-08 tau=0.00e+00 cg_it=0 shift=0 ckpt=1 alpha=0 acc mv=293
PCG_PREP o=91 rebuild=1 drift=0 previous_depth=1
ATTR_RADIUS o=91 raw_norm=262922.49254092737 norm=806.33814740741775 radius=806.33814740741775 next_radius=201.58453685185444 lambda=1.6000000000000008e-08 next_lambda=2.5600000000000012e-07 rho=0.19475927577048985 accept=1
CLASSICAL_LM o=91 lambda=1.6000000000000008e-08 tau=1.6000000000000008e-08 prediction=12.992138885723488 rho=0.19475927577048985 accept=1
  MFCG it  92 cost=2.518065e+05 lam=2.560e-07 tau=0.00e+00 cg_it=1 shift=0 ckpt=2 alpha=0 acc mv=296
PCG_PREP o=92 rebuild=1 drift=0 previous_depth=2
ATTR_RADIUS o=92 raw_norm=13417.784525556872 norm=201.58453685185452 radius=201.58453685185444 next_radius=403.16907370370888 lambda=2.5600000000000012e-07 next_lambda=6.400000000000003e-08 rho=0.947844091158901 accept=1
CLASSICAL_LM o=92 lambda=2.5600000000000012e-07 tau=2.5600000000000012e-07 prediction=14.911432575326002 rho=0.947844091158901 accept=1
  MFCG it  93 cost=2.517924e+05 lam=6.400e-08 tau=0.00e+00 cg_it=0 shift=0 ckpt=1 alpha=0 acc mv=298
PCG_PREP o=93 rebuild=1 drift=0 previous_depth=1
ATTR_RADIUS o=93 raw_norm=37020.28632412749 norm=403.16907370370888 radius=403.16907370370888 next_radius=806.33814740741775 lambda=6.400000000000003e-08 next_lambda=1.6000000000000008e-08 rho=0.75654014366143851 accept=1
CLASSICAL_LM o=93 lambda=6.400000000000003e-08 tau=6.400000000000003e-08 prediction=11.283442097288683 rho=0.75654014366143851 accept=1
  MFCG it  94 cost=2.517839e+05 lam=1.600e-08 tau=0.00e+00 cg_it=0 shift=0 ckpt=1 alpha=0 acc mv=300
PCG_PREP o=94 rebuild=1 drift=0 previous_depth=1
ATTR_RADIUS o=94 raw_norm=261136.46923657297 norm=806.33814740741775 radius=806.33814740741775 next_radius=201.58453685185444 lambda=1.6000000000000008e-08 next_lambda=2.5600000000000012e-07 rho=0.20105603984847578 accept=1
CLASSICAL_LM o=94 lambda=1.6000000000000008e-08 tau=1.6000000000000008e-08 prediction=12.986733900626602 rho=0.20105603984847578 accept=1
  MFCG it  95 cost=2.517813e+05 lam=2.560e-07 tau=0.00e+00 cg_it=1 shift=0 ckpt=2 alpha=0 acc mv=303
PCG_PREP o=95 rebuild=1 drift=0 previous_depth=2
ATTR_RADIUS o=95 raw_norm=13027.622436045885 norm=201.58453685185444 radius=201.58453685185444 next_radius=403.16907370370888 lambda=2.5600000000000012e-07 next_lambda=6.400000000000003e-08 rho=0.94896066493003606 accept=1
CLASSICAL_LM o=95 lambda=2.5600000000000012e-07 tau=2.5600000000000012e-07 prediction=15.158588177450698 rho=0.94896066493003606 accept=1
  MFCG it  96 cost=2.517669e+05 lam=6.400e-08 tau=0.00e+00 cg_it=0 shift=0 ckpt=1 alpha=0 acc mv=305
PCG_PREP o=96 rebuild=1 drift=0 previous_depth=1
ATTR_RADIUS o=96 raw_norm=36637.631884060953 norm=403.16907370370876 radius=403.16907370370888 next_radius=806.33814740741775 lambda=6.400000000000003e-08 next_lambda=1.6000000000000008e-08 rho=0.75718854362430577 accept=1
CLASSICAL_LM o=96 lambda=6.400000000000003e-08 tau=6.400000000000003e-08 prediction=11.214095183059507 rho=0.75718854362430577 accept=1
  MFCG it  97 cost=2.517584e+05 lam=1.600e-08 tau=0.00e+00 cg_it=0 shift=0 ckpt=1 alpha=0 acc mv=307
PCG_PREP o=97 rebuild=1 drift=0 previous_depth=1
ATTR_RADIUS o=97 raw_norm=258657.02466747075 norm=806.33814740741752 radius=806.33814740741775 next_radius=201.58453685185444 lambda=1.6000000000000008e-08 next_lambda=2.5600000000000012e-07 rho=0.20998715825979508 accept=1
CLASSICAL_LM o=97 lambda=1.6000000000000008e-08 tau=1.6000000000000008e-08 prediction=13.017738606043338 rho=0.20998715825979508 accept=1
  MFCG it  98 cost=2.517556e+05 lam=2.560e-07 tau=0.00e+00 cg_it=1 shift=0 ckpt=2 alpha=0 acc mv=310
PCG_PREP o=98 rebuild=1 drift=0 previous_depth=2
ATTR_RADIUS o=98 raw_norm=12649.461556351165 norm=201.58453685185449 radius=201.58453685185444 next_radius=403.16907370370888 lambda=2.5600000000000012e-07 next_lambda=6.400000000000003e-08 rho=0.95006076991581834 accept=1
CLASSICAL_LM o=98 lambda=2.5600000000000012e-07 tau=2.5600000000000012e-07 prediction=15.402007167376814 rho=0.95006076991581834 accept=1
  MFCG it  99 cost=2.517410e+05 lam=6.400e-08 tau=0.00e+00 cg_it=0 shift=0 ckpt=1 alpha=0 acc mv=312
PCG_PREP o=99 rebuild=1 drift=0 previous_depth=1
ATTR_RADIUS o=99 raw_norm=36234.471033102593 norm=403.16907370370893 radius=403.16907370370888 next_radius=806.33814740741775 lambda=6.400000000000003e-08 next_lambda=1.6000000000000008e-08 rho=0.75807141309433812 accept=1
CLASSICAL_LM o=99 lambda=6.400000000000003e-08 tau=6.400000000000003e-08 prediction=11.148858759811912 rho=0.75807141309433812 accept=1
  MFCG it 100 cost=2.517326e+05 lam=1.600e-08 tau=0.00e+00 cg_it=0 shift=0 ckpt=1 alpha=0 acc mv=314
PCG_PREP o=100 rebuild=1 drift=0 previous_depth=1
ATTR_RADIUS o=100 raw_norm=255459.43053037024 norm=806.33814740741752 radius=806.33814740741775 next_radius=201.58453685185444 lambda=1.6000000000000008e-08 next_lambda=2.5600000000000012e-07 rho=0.2216686408227691 accept=1
CLASSICAL_LM o=100 lambda=1.6000000000000008e-08 tau=1.6000000000000008e-08 prediction=13.088449893719577 rho=0.2216686408227691 accept=1
  MFCG it 101 cost=2.517297e+05 lam=2.560e-07 tau=0.00e+00 cg_it=1 shift=0 ckpt=2 alpha=0 acc mv=317
PCG_PREP o=101 rebuild=1 drift=0 previous_depth=2
ATTR_RADIUS o=101 raw_norm=12283.768635310831 norm=201.58453685185447 radius=201.58453685185444 next_radius=403.16907370370888 lambda=2.5600000000000012e-07 next_lambda=6.400000000000003e-08 rho=0.95114176148342389 accept=1
CLASSICAL_LM o=101 lambda=2.5600000000000012e-07 tau=2.5600000000000012e-07 prediction=15.639686421907385 rho=0.95114176148342389 accept=1
  MFCG it 102 cost=2.517148e+05 lam=6.400e-08 tau=0.00e+00 cg_it=0 shift=0 ckpt=1 alpha=0 acc mv=319
PCG_PREP o=102 rebuild=1 drift=0 previous_depth=1
ATTR_RADIUS o=102 raw_norm=35813.538039984713 norm=403.16907370370899 radius=403.16907370370888 next_radius=806.33814740741775 lambda=6.400000000000003e-08 next_lambda=1.6000000000000008e-08 rho=0.75917503766190764 accept=1
CLASSICAL_LM o=102 lambda=6.400000000000003e-08 tau=6.400000000000003e-08 prediction=11.086716754615223 rho=0.75917503766190764 accept=1
  MFCG it 103 cost=2.517064e+05 lam=1.600e-08 tau=0.00e+00 cg_it=0 shift=0 ckpt=1 alpha=0 acc mv=321
PCG_PREP o=103 rebuild=1 drift=0 previous_depth=1
ATTR_RADIUS o=103 raw_norm=251541.46111813004 norm=806.33814740741775 radius=806.33814740741775 next_radius=201.58453685185444 lambda=1.6000000000000008e-08 next_lambda=2.5600000000000012e-07 rho=0.23596905841769733 accept=1
CLASSICAL_LM o=103 lambda=1.6000000000000008e-08 tau=1.6000000000000008e-08 prediction=13.198930806041647 rho=0.23596905841769733 accept=1
  MFCG it 104 cost=2.517033e+05 lam=2.560e-07 tau=0.00e+00 cg_it=1 shift=0 ckpt=2 alpha=0 acc mv=324
PCG_PREP o=104 rebuild=1 drift=0 previous_depth=2
ATTR_RADIUS o=104 raw_norm=11930.892356545712 norm=201.58453685185441 radius=201.58453685185444 next_radius=403.16907370370888 lambda=2.5600000000000012e-07 next_lambda=6.400000000000003e-08 rho=0.952201449416607 accept=1
CLASSICAL_LM o=104 lambda=2.5600000000000012e-07 tau=2.5600000000000012e-07 prediction=15.869597778567979 rho=0.952201449416607 accept=1
  MFCG it 105 cost=2.516881e+05 lam=6.400e-08 tau=0.00e+00 cg_it=0 shift=0 ckpt=1 alpha=0 acc mv=326
PCG_PREP o=105 rebuild=1 drift=0 previous_depth=1
ATTR_RADIUS o=105 raw_norm=35377.687674661545 norm=403.16907370370876 radius=403.16907370370888 next_radius=806.33814740741775 lambda=6.400000000000003e-08 next_lambda=1.6000000000000008e-08 rho=0.76048470583148242 accept=1
CLASSICAL_LM o=105 lambda=6.400000000000003e-08 tau=6.400000000000003e-08 prediction=11.026650726927866 rho=0.76048470583148242 accept=1
  MFCG it 106 cost=2.516798e+05 lam=1.600e-08 tau=0.00e+00 cg_it=0 shift=0 ckpt=1 alpha=0 acc mv=328
PCG_PREP o=106 rebuild=1 drift=0 previous_depth=1
ATTR_RADIUS o=106 raw_norm=246882.77355917887 norm=806.33814740741775 radius=806.33814740741775 next_radius=806.33814740741775 lambda=1.6000000000000008e-08 next_lambda=1.6000000000000008e-08 rho=0.25298210267365068 accept=1
CLASSICAL_LM o=106 lambda=1.6000000000000008e-08 tau=1.6000000000000008e-08 prediction=13.35419599724073 rho=0.25298210267365068 accept=1
  MFCG it 107 cost=2.516764e+05 lam=1.600e-08 tau=0.00e+00 cg_it=1 shift=0 ckpt=2 alpha=0 acc mv=331
PCG_PREP o=107 rebuild=1 drift=0 previous_depth=2
ATTR_RADIUS o=107 raw_norm=70958.693863044973 norm=806.33814740741741 radius=806.33814740741775 next_radius=201.58453685185444 lambda=1.6000000000000008e-08 next_lambda=2.5600000000000012e-07 rho=0.15492593107836486 accept=1
CLASSICAL_LM o=107 lambda=1.6000000000000008e-08 tau=1.6000000000000008e-08 prediction=12.088843592053319 rho=0.15492593107836486 accept=1
  MFCG it 108 cost=2.516745e+05 lam=2.560e-07 tau=0.00e+00 cg_it=0 shift=0 ckpt=1 alpha=0 acc mv=333
PCG_PREP o=108 rebuild=1 drift=0 previous_depth=1
ATTR_RADIUS o=108 raw_norm=11286.975979838244 norm=201.58453685185444 radius=201.58453685185444 next_radius=403.16907370370888 lambda=2.5600000000000012e-07 next_lambda=6.400000000000003e-08 rho=0.95407296949854736 accept=1
CLASSICAL_LM o=108 lambda=2.5600000000000012e-07 tau=2.5600000000000012e-07 prediction=16.597692733437068 rho=0.95407296949854736 accept=1
  MFCG it 109 cost=2.516587e+05 lam=6.400e-08 tau=0.00e+00 cg_it=0 shift=0 ckpt=1 alpha=0 acc mv=335
PCG_PREP o=109 rebuild=1 drift=0 previous_depth=1
ATTR_RADIUS o=109 raw_norm=34332.084861406409 norm=403.16907370370893 radius=403.16907370370888 next_radius=806.33814740741775 lambda=6.400000000000003e-08 next_lambda=1.6000000000000008e-08 rho=0.76459176316987543 accept=1
CLASSICAL_LM o=109 lambda=6.400000000000003e-08 tau=6.400000000000003e-08 prediction=11.176385477730364 rho=0.76459176316987543 accept=1
  MFCG it 110 cost=2.516501e+05 lam=1.600e-08 tau=0.00e+00 cg_it=0 shift=0 ckpt=1 alpha=0 acc mv=337
PCG_PREP o=110 rebuild=1 drift=0 previous_depth=1
ATTR_RADIUS o=110 raw_norm=237615.78916263155 norm=806.33814740741775 radius=806.33814740741775 next_radius=806.33814740741775 lambda=1.6000000000000008e-08 next_lambda=1.6000000000000008e-08 rho=0.2796030843118949 accept=1
CLASSICAL_LM o=110 lambda=1.6000000000000008e-08 tau=1.6000000000000008e-08 prediction=13.779766816088467 rho=0.2796030843118949 accept=1
  MFCG it 111 cost=2.516463e+05 lam=1.600e-08 tau=0.00e+00 cg_it=1 shift=0 ckpt=2 alpha=0 acc mv=340
PCG_PREP o=111 rebuild=1 drift=0 previous_depth=2
ATTR_RADIUS o=111 raw_norm=71266.933595932758 norm=806.33814740741764 radius=806.33814740741775 next_radius=201.58453685185444 lambda=1.6000000000000008e-08 next_lambda=2.5600000000000012e-07 rho=0.13847782579973045 accept=1
CLASSICAL_LM o=111 lambda=1.6000000000000008e-08 tau=1.6000000000000008e-08 prediction=11.791145508122636 rho=0.13847782579973045 accept=1
  MFCG it 112 cost=2.516446e+05 lam=2.560e-07 tau=0.00e+00 cg_it=0 shift=0 ckpt=1 alpha=0 acc mv=342
PCG_PREP o=112 rebuild=1 drift=0 previous_depth=1
ATTR_RADIUS o=112 raw_norm=10682.068963846072 norm=201.58453685185444 radius=201.58453685185444 next_radius=403.16907370370888 lambda=2.5600000000000012e-07 next_lambda=6.400000000000003e-08 rho=0.9558999790685474 accept=1
CLASSICAL_LM o=112 lambda=2.5600000000000012e-07 tau=2.5600000000000012e-07 prediction=17.326591367682425 rho=0.9558999790685474 accept=1
  MFCG it 113 cost=2.516281e+05 lam=6.400e-08 tau=0.00e+00 cg_it=0 shift=0 ckpt=1 alpha=0 acc mv=344
PCG_PREP o=113 rebuild=1 drift=0 previous_depth=1
ATTR_RADIUS o=113 raw_norm=33271.878604812511 norm=403.16907370370876 radius=403.16907370370888 next_radius=806.33814740741775 lambda=6.400000000000003e-08 next_lambda=1.6000000000000008e-08 rho=0.76911981782541061 accept=1
CLASSICAL_LM o=113 lambda=6.400000000000003e-08 tau=6.400000000000003e-08 prediction=11.333790794604083 rho=0.76911981782541061 accept=1
  MFCG it 114 cost=2.516194e+05 lam=1.600e-08 tau=0.00e+00 cg_it=0 shift=0 ckpt=1 alpha=0 acc mv=346
PCG_PREP o=114 rebuild=1 drift=0 previous_depth=1
ATTR_RADIUS o=114 raw_norm=226581.88450921924 norm=806.3381474074173 radius=806.33814740741775 next_radius=806.33814740741775 lambda=1.6000000000000008e-08 next_lambda=1.6000000000000008e-08 rho=0.31239007511858252 accept=1
CLASSICAL_LM o=114 lambda=1.6000000000000008e-08 tau=1.6000000000000008e-08 prediction=14.34370544593857 rho=0.31239007511858252 accept=1
  MFCG it 115 cost=2.516149e+05 lam=1.600e-08 tau=0.00e+00 cg_it=1 shift=0 ckpt=2 alpha=0 acc mv=349
PCG_PREP o=115 rebuild=1 drift=0 previous_depth=2
ATTR_RADIUS o=115 raw_norm=71421.295064604783 norm=806.33814740741786 radius=806.33814740741775 next_radius=201.58453685185444 lambda=1.6000000000000008e-08 next_lambda=2.5600000000000012e-07 rho=0.12399786255456947 accept=1
CLASSICAL_LM o=115 lambda=1.6000000000000008e-08 tau=1.6000000000000008e-08 prediction=11.511553691545032 rho=0.12399786255456947 accept=1
  MFCG it 116 cost=2.516134e+05 lam=2.560e-07 tau=0.00e+00 cg_it=0 shift=0 ckpt=1 alpha=0 acc mv=351
PCG_PREP o=116 rebuild=1 drift=0 previous_depth=1
ATTR_RADIUS o=116 raw_norm=10116.246397153338 norm=201.58453685185435 radius=201.58453685185444 next_radius=403.16907370370888 lambda=2.5600000000000012e-07 next_lambda=6.400000000000003e-08 rho=0.95763715738128974 accept=1
CLASSICAL_LM o=116 lambda=2.5600000000000012e-07 tau=2.5600000000000012e-07 prediction=18.048160475767176 rho=0.95763715738128974 accept=1
  MFCG it 117 cost=2.515962e+05 lam=6.400e-08 tau=0.00e+00 cg_it=0 shift=0 ckpt=1 alpha=0 acc mv=353
PCG_PREP o=117 rebuild=1 drift=0 previous_depth=1
ATTR_RADIUS o=117 raw_norm=32208.689484729461 norm=403.16907370370876 radius=403.16907370370888 next_radius=806.33814740741775 lambda=6.400000000000003e-08 next_lambda=1.6000000000000008e-08 rho=0.7739735689752153 accept=1
CLASSICAL_LM o=117 lambda=6.400000000000003e-08 tau=6.400000000000003e-08 prediction=11.493865274145751 rho=0.7739735689752153 accept=1
  MFCG it 118 cost=2.515873e+05 lam=1.600e-08 tau=0.00e+00 cg_it=0 shift=0 ckpt=1 alpha=0 acc mv=355
PCG_PREP o=118 rebuild=1 drift=0 previous_depth=1
ATTR_RADIUS o=118 raw_norm=213920.55237331596 norm=806.33814740741786 radius=806.33814740741775 next_radius=806.33814740741775 lambda=1.6000000000000008e-08 next_lambda=1.6000000000000008e-08 rho=0.3507848609341635 accept=1
CLASSICAL_LM o=118 lambda=1.6000000000000008e-08 tau=1.6000000000000008e-08 prediction=15.0687819581482 rho=0.3507848609341635 accept=1
  MFCG it 119 cost=2.515820e+05 lam=1.600e-08 tau=0.00e+00 cg_it=1 shift=0 ckpt=2 alpha=0 acc mv=358
PCG_PREP o=119 rebuild=1 drift=0 previous_depth=2
ATTR_RADIUS o=119 raw_norm=71424.096995845364 norm=806.33814740741752 radius=806.33814740741775 next_radius=201.58453685185444 lambda=1.6000000000000008e-08 next_lambda=2.5600000000000012e-07 rho=0.1115668643726703 accept=1
CLASSICAL_LM o=119 lambda=1.6000000000000008e-08 tau=1.6000000000000008e-08 prediction=11.247157645092498 rho=0.1115668643726703 accept=1
  MFCG it 120 cost=2.515807e+05 lam=2.560e-07 tau=0.00e+00 cg_it=0 shift=0 ckpt=1 alpha=0 acc mv=360
PCG_PREP o=120 rebuild=1 drift=0 previous_depth=1
ATTR_RADIUS o=120 raw_norm=9588.9331734943335 norm=201.5845368518543 radius=201.58453685185444 next_radius=403.16907370370888 lambda=2.5600000000000012e-07 next_lambda=6.400000000000003e-08 rho=0.95928195563021823 accept=1
CLASSICAL_LM o=120 lambda=2.5600000000000012e-07 tau=2.5600000000000012e-07 prediction=18.751192725130423 rho=0.95928195563021823 accept=1
  MFCG it 121 cost=2.515627e+05 lam=6.400e-08 tau=0.00e+00 cg_it=0 shift=0 ckpt=1 alpha=0 acc mv=362
PCG_PREP o=121 rebuild=1 drift=0 previous_depth=1
ATTR_RADIUS o=121 raw_norm=31153.587714935424 norm=403.16907370370876 radius=403.16907370370888 next_radius=806.33814740741775 lambda=6.400000000000003e-08 next_lambda=1.6000000000000008e-08 rho=0.77905995871498146 accept=1
CLASSICAL_LM o=121 lambda=6.400000000000003e-08 tau=6.400000000000003e-08 prediction=11.65115955537328 rho=0.77905995871498146 accept=1
  MFCG it 122 cost=2.515537e+05 lam=1.600e-08 tau=0.00e+00 cg_it=0 shift=0 ckpt=1 alpha=0 acc mv=364
PCG_PREP o=122 rebuild=1 drift=0 previous_depth=1
ATTR_RADIUS o=122 raw_norm=199864.24039098926 norm=806.33814740741809 radius=806.33814740741775 next_radius=806.33814740741775 lambda=1.6000000000000008e-08 next_lambda=1.6000000000000008e-08 rho=0.39380384427865339 accept=1
CLASSICAL_LM o=122 lambda=1.6000000000000008e-08 tau=1.6000000000000008e-08 prediction=15.97849166122846 rho=0.39380384427865339 accept=1
  MFCG it 123 cost=2.515474e+05 lam=1.600e-08 tau=0.00e+00 cg_it=1 shift=0 ckpt=2 alpha=0 acc mv=367
PCG_PREP o=123 rebuild=1 drift=0 previous_depth=2
ATTR_RADIUS o=123 raw_norm=71281.7729979953 norm=806.33814740741775 radius=806.33814740741775 next_radius=201.58453685185444 lambda=1.6000000000000008e-08 next_lambda=2.5600000000000012e-07 rho=0.10121533800441435 accept=1
CLASSICAL_LM o=123 lambda=1.6000000000000008e-08 tau=1.6000000000000008e-08 prediction=10.994842925355652 rho=0.10121533800441435 accept=1
  MFCG it 124 cost=2.515463e+05 lam=2.560e-07 tau=0.00e+00 cg_it=0 shift=0 ckpt=1 alpha=0 acc mv=369
PCG_PREP o=124 rebuild=1 drift=0 previous_depth=1
ATTR_RADIUS o=124 raw_norm=9099.2881640953401 norm=201.58453685185449 radius=201.58453685185444 next_radius=403.16907370370888 lambda=2.5600000000000012e-07 next_lambda=6.400000000000003e-08 rho=0.96083360612661384 accept=1
CLASSICAL_LM o=124 lambda=2.5600000000000012e-07 tau=2.5600000000000012e-07 prediction=19.423574519438848 rho=0.96083360612661384 accept=1
  MFCG it 125 cost=2.515276e+05 lam=6.400e-08 tau=0.00e+00 cg_it=0 shift=0 ckpt=1 alpha=0 acc mv=371
PCG_PREP o=125 rebuild=1 drift=0 previous_depth=1
ATTR_RADIUS o=125 raw_norm=30116.894290945827 norm=403.16907370370905 radius=403.16907370370888 next_radius=806.33814740741775 lambda=6.400000000000003e-08 next_lambda=1.6000000000000008e-08 rho=0.78429087870778191 accept=1
CLASSICAL_LM o=125 lambda=6.400000000000003e-08 tau=6.400000000000003e-08 prediction=11.799854229143103 rho=0.78429087870778191 accept=1
  MFCG it 126 cost=2.515183e+05 lam=1.600e-08 tau=0.00e+00 cg_it=0 shift=0 ckpt=1 alpha=0 acc mv=373
PCG_PREP o=126 rebuild=1 drift=0 previous_depth=1
ATTR_RADIUS o=126 raw_norm=184691.93350644069 norm=806.33814740741775 radius=806.33814740741775 next_radius=806.33814740741775 lambda=1.6000000000000008e-08 next_lambda=1.6000000000000008e-08 rho=0.44045879803908322 accept=1
CLASSICAL_LM o=126 lambda=1.6000000000000008e-08 tau=1.6000000000000008e-08 prediction=17.106670741763775 rho=0.44045879803908322 accept=1
  MFCG it 127 cost=2.515108e+05 lam=1.600e-08 tau=0.00e+00 cg_it=1 shift=0 ckpt=2 alpha=0 acc mv=376
PCG_PREP o=127 rebuild=1 drift=0 previous_depth=2
ATTR_RADIUS o=127 raw_norm=71004.549588873473 norm=0 radius=806.33814740741775 next_radius=201.58453685185444 lambda=1.6000000000000008e-08 next_lambda=2.5600000000000012e-07 rho=0.092916327160771819 accept=0
CLASSICAL_LM o=127 lambda=1.6000000000000008e-08 tau=1.6000000000000008e-08 prediction=10.751237147394539 rho=0.092916327160771819 accept=0
  MFCG it 128  retry 1/8  lam=2.560e-07 tau_eff=1.600e-08  (assembly reused)
PCG_PREP o=127 rebuild=1 drift=0 previous_depth=1
ATTR_RADIUS o=127 raw_norm=8894.401130325301 norm=201.58453685185444 radius=201.58453685185444 next_radius=403.16907370370888 lambda=2.5600000000000012e-07 next_lambda=6.400000000000003e-08 rho=0.96164264390036935 accept=1
CLASSICAL_LM o=127 lambda=2.5600000000000012e-07 tau=2.5600000000000012e-07 prediction=19.386873586950525 rho=0.96164264390036935 accept=1
  MFCG it 128 cost=2.514922e+05 lam=6.400e-08 tau=0.00e+00 cg_it=0 shift=0 ckpt=1 alpha=0 acc mv=380
PCG_PREP o=128 rebuild=1 drift=0 previous_depth=1
ATTR_RADIUS o=128 raw_norm=26524.607230387035 norm=403.16907370370882 radius=403.16907370370888 next_radius=806.33814740741775 lambda=6.400000000000003e-08 next_lambda=1.6000000000000008e-08 rho=0.95735407488106705 accept=1
CLASSICAL_LM o=128 lambda=6.400000000000003e-08 tau=6.400000000000003e-08 prediction=55.933069660953855 rho=0.95735407488106705 accept=1
  MFCG it 129 cost=2.514386e+05 lam=1.600e-08 tau=0.00e+00 cg_it=1 shift=0 ckpt=2 alpha=0 acc mv=383
PCG_PREP o=129 rebuild=1 drift=0 previous_depth=2
ATTR_RADIUS o=129 raw_norm=177519.2882722152 norm=806.33814740741786 radius=806.33814740741775 next_radius=806.33814740741775 lambda=1.6000000000000008e-08 next_lambda=1.6000000000000008e-08 rho=0.4624581327421286 accept=1
CLASSICAL_LM o=129 lambda=1.6000000000000008e-08 tau=1.6000000000000008e-08 prediction=17.433621756416255 rho=0.4624581327421286 accept=1
  MFCG it 130 cost=2.514306e+05 lam=1.600e-08 tau=0.00e+00 cg_it=1 shift=0 ckpt=2 alpha=0 acc mv=386
PCG_PREP o=130 rebuild=1 drift=0 previous_depth=2
ATTR_RADIUS o=130 raw_norm=72237.803051643248 norm=0 radius=806.33814740741775 next_radius=201.58453685185444 lambda=1.6000000000000008e-08 next_lambda=2.5600000000000012e-07 rho=0.062321641563063586 accept=0
CLASSICAL_LM o=130 lambda=1.6000000000000008e-08 tau=1.6000000000000008e-08 prediction=10.184271141045603 rho=0.062321641563063586 accept=0
  MFCG it 131  retry 1/8  lam=2.560e-07 tau_eff=1.600e-08  (assembly reused)
PCG_PREP o=130 rebuild=1 drift=0 previous_depth=1
ATTR_RADIUS o=130 raw_norm=8802.839195719087 norm=201.58453685185449 radius=201.58453685185444 next_radius=403.16907370370888 lambda=2.5600000000000012e-07 next_lambda=6.400000000000003e-08 rho=0.96147638050792583 accept=1
CLASSICAL_LM o=130 lambda=2.5600000000000012e-07 tau=2.5600000000000012e-07 prediction=18.854722441309704 rho=0.96147638050792583 accept=1
  MFCG it 131 cost=2.514124e+05 lam=6.400e-08 tau=0.00e+00 cg_it=0 shift=0 ckpt=1 alpha=0 acc mv=390
PCG_PREP o=131 rebuild=1 drift=0 previous_depth=1
ATTR_RADIUS o=131 raw_norm=23005.402803846791 norm=403.16907370370893 radius=403.16907370370888 next_radius=806.33814740741775 lambda=6.400000000000003e-08 next_lambda=1.6000000000000008e-08 rho=0.96375726732667666 accept=1
CLASSICAL_LM o=131 lambda=6.400000000000003e-08 tau=6.400000000000003e-08 prediction=62.921384359239781 rho=0.96375726732667666 accept=1
  MFCG it 132 cost=2.513518e+05 lam=1.600e-08 tau=0.00e+00 cg_it=1 shift=0 ckpt=2 alpha=0 acc mv=393
PCG_PREP o=132 rebuild=1 drift=0 previous_depth=2
ATTR_RADIUS o=132 raw_norm=169673.07348077832 norm=806.33814740741798 radius=806.33814740741775 next_radius=806.33814740741775 lambda=1.6000000000000008e-08 next_lambda=1.6000000000000008e-08 rho=0.4852439224962195 accept=1
CLASSICAL_LM o=132 lambda=1.6000000000000008e-08 tau=1.6000000000000008e-08 prediction=17.7918727171574 rho=0.4852439224962195 accept=1
  MFCG it 133 cost=2.513432e+05 lam=1.600e-08 tau=0.00e+00 cg_it=1 shift=0 ckpt=2 alpha=0 acc mv=396
PCG_PREP o=133 rebuild=1 drift=0 previous_depth=2
ATTR_RADIUS o=133 raw_norm=73525.585644756371 norm=0 radius=806.33814740741775 next_radius=201.58453685185444 lambda=1.6000000000000008e-08 next_lambda=2.5600000000000012e-07 rho=0.029122788088927862 accept=0
CLASSICAL_LM o=133 lambda=1.6000000000000008e-08 tau=1.6000000000000008e-08 prediction=9.6038772723153691 rho=0.029122788088927862 accept=0
  MFCG it 134  retry 1/8  lam=2.560e-07 tau_eff=1.600e-08  (assembly reused)
PCG_PREP o=133 rebuild=1 drift=0 previous_depth=1
ATTR_RADIUS o=133 raw_norm=8731.9092593976093 norm=201.58453685185441 radius=201.58453685185444 next_radius=403.16907370370888 lambda=2.5600000000000012e-07 next_lambda=6.400000000000003e-08 rho=0.96119277811414772 accept=1
CLASSICAL_LM o=133 lambda=2.5600000000000012e-07 tau=2.5600000000000012e-07 prediction=18.211400266170024 rho=0.96119277811414772 accept=1
  MFCG it 134 cost=2.513256e+05 lam=6.400e-08 tau=0.00e+00 cg_it=0 shift=0 ckpt=1 alpha=0 acc mv=400
PCG_PREP o=134 rebuild=1 drift=0 previous_depth=1
ATTR_RADIUS o=134 raw_norm=19615.344947702069 norm=403.16907370370888 radius=403.16907370370888 next_radius=806.33814740741775 lambda=6.400000000000003e-08 next_lambda=1.6000000000000008e-08 rho=0.9702795174064659 accept=1
CLASSICAL_LM o=134 lambda=6.400000000000003e-08 tau=6.400000000000003e-08 prediction=71.776712220564406 rho=0.9702795174064659 accept=1
  MFCG it 135 cost=2.512560e+05 lam=1.600e-08 tau=0.00e+00 cg_it=1 shift=0 ckpt=2 alpha=0 acc mv=403
PCG_PREP o=135 rebuild=1 drift=0 previous_depth=2
ATTR_RADIUS o=135 raw_norm=161539.11069745821 norm=806.33814740741718 radius=806.33814740741775 next_radius=806.33814740741775 lambda=1.6000000000000008e-08 next_lambda=1.6000000000000008e-08 rho=0.50931929699875744 accept=1
CLASSICAL_LM o=135 lambda=1.6000000000000008e-08 tau=1.6000000000000008e-08 prediction=18.170635035855518 rho=0.50931929699875744 accept=1
  MFCG it 136 cost=2.512467e+05 lam=1.600e-08 tau=0.00e+00 cg_it=1 shift=0 ckpt=2 alpha=0 acc mv=406
PCG_PREP o=136 rebuild=1 drift=0 previous_depth=2
POINT_SAFE o=136 frozen=29 slope=-9.0740266586595162 candidate=251246.81586007166 original=251244.54786441918 current=251246.74816224526 won=0 mode=1 camera_scale=1 keep_scale=0
ATTR_RADIUS o=136 raw_norm=74902.215385034477 norm=403.16907370370882 radius=806.33814740741775 next_radius=806.33814740741775 lambda=1.6000000000000008e-08 next_lambda=1.6000000000000009e-09 rho=0.48690166949943409 accept=1
CLASSICAL_LM o=136 lambda=1.6000000000000008e-08 tau=1.6000000000000008e-08 prediction=4.5189777811774956 rho=0.48690166949943409 accept=1
  MFCG it 137 cost=2.512445e+05 lam=1.600e-09 tau=0.00e+00 cg_it=0 shift=0 ckpt=1 alpha=0 acc mv=408
PCG_PREP o=137 rebuild=1 drift=0 previous_depth=1
ATTR_RADIUS o=137 raw_norm=367539.45229524013 norm=806.33814740741798 radius=806.33814740741775 next_radius=201.58453685185444 lambda=1.6000000000000009e-09 next_lambda=2.5600000000000014e-08 rho=0.10003557377772349 accept=1
CLASSICAL_LM o=137 lambda=1.6000000000000009e-09 tau=1.6000000000000009e-09 prediction=10.036230594904657 rho=0.10003557377772349 accept=1
  MFCG it 138 cost=2.512435e+05 lam=2.560e-08 tau=0.00e+00 cg_it=2 shift=0 ckpt=3 alpha=0 acc mv=412
PCG_PREP o=138 rebuild=1 drift=0 previous_depth=3
ATTR_RADIUS o=138 raw_norm=55413.036709510081 norm=201.58453685185452 radius=201.58453685185444 next_radius=403.16907370370888 lambda=2.5600000000000014e-08 next_lambda=6.4000000000000035e-09 rho=0.79878231672787603 accept=1
CLASSICAL_LM o=138 lambda=2.5600000000000014e-08 tau=2.5600000000000014e-08 prediction=3.0016611389069805 rho=0.79878231672787603 accept=1
  MFCG it 139 cost=2.512411e+05 lam=6.400e-09 tau=0.00e+00 cg_it=0 shift=0 ckpt=1 alpha=0 acc mv=414
PCG_PREP o=139 rebuild=1 drift=0 previous_depth=1
ATTR_RADIUS o=139 raw_norm=109345.67958288542 norm=403.1690737037087 radius=403.16907370370888 next_radius=403.16907370370888 lambda=6.4000000000000035e-09 next_lambda=6.4000000000000035e-09 rho=0.2918999257885822 accept=1
CLASSICAL_LM o=139 lambda=6.4000000000000035e-09 tau=6.4000000000000035e-09 prediction=3.3090648560091878 rho=0.2918999257885822 accept=1
  MFCG it 140 cost=2.512402e+05 lam=6.400e-09 tau=0.00e+00 cg_it=0 shift=0 ckpt=1 alpha=0 acc mv=416
PCG_PREP o=140 rebuild=1 drift=0 previous_depth=1
ATTR_RADIUS o=140 raw_norm=109081.79464315716 norm=403.16907370370876 radius=403.16907370370888 next_radius=403.16907370370888 lambda=6.4000000000000035e-09 next_lambda=6.4000000000000035e-09 rho=0.29142795490320395 accept=1
CLASSICAL_LM o=140 lambda=6.4000000000000035e-09 tau=6.4000000000000035e-09 prediction=3.3116931933346709 rho=0.29142795490320395 accept=1
  MFCG it 141 cost=2.512392e+05 lam=6.400e-09 tau=0.00e+00 cg_it=0 shift=0 ckpt=1 alpha=0 acc mv=418
PCG_PREP o=141 rebuild=1 drift=0 previous_depth=1
ATTR_RADIUS o=141 raw_norm=108808.40758887844 norm=403.16907370370876 radius=403.16907370370888 next_radius=403.16907370370888 lambda=6.4000000000000035e-09 next_lambda=6.4000000000000035e-09 rho=0.29070122925608344 accept=1
CLASSICAL_LM o=141 lambda=6.4000000000000035e-09 tau=6.4000000000000035e-09 prediction=3.3130835864102735 rho=0.29070122925608344 accept=1
  MFCG it 142 cost=2.512383e+05 lam=6.400e-09 tau=0.00e+00 cg_it=0 shift=0 ckpt=1 alpha=0 acc mv=420
PCG_PREP o=142 rebuild=1 drift=0 previous_depth=1
ATTR_RADIUS o=142 raw_norm=108523.54260143971 norm=403.16907370370882 radius=403.16907370370888 next_radius=403.16907370370888 lambda=6.4000000000000035e-09 next_lambda=6.4000000000000035e-09 rho=0.2900777827559714 accept=1
CLASSICAL_LM o=142 lambda=6.4000000000000035e-09 tau=6.4000000000000035e-09 prediction=3.3149168017202491 rho=0.2900777827559714 accept=1
  MFCG it 143 cost=2.512373e+05 lam=6.400e-09 tau=0.00e+00 cg_it=0 shift=0 ckpt=1 alpha=0 acc mv=422
PCG_PREP o=143 rebuild=1 drift=0 previous_depth=1
ATTR_RADIUS o=143 raw_norm=108227.94489781317 norm=403.16907370370905 radius=403.16907370370888 next_radius=403.16907370370888 lambda=6.4000000000000035e-09 next_lambda=6.4000000000000035e-09 rho=0.28955823181291546 accept=1
CLASSICAL_LM o=143 lambda=6.4000000000000035e-09 tau=6.4000000000000035e-09 prediction=3.3171940082391225 rho=0.28955823181291546 accept=1
  MFCG: converged (OCA_FTOL: 8 outers < 1.0e-05 rel)
  [menu-backtrack] confirming stop with original retry policy at outer 144
  MFCG it 144 cost=2.512363e+05 lam=6.400e-09 tau=0.00e+00 cg_it=0 shift=0 ckpt=1 alpha=0 acc mv=424
PCG_PREP o=144 rebuild=1 drift=0 previous_depth=1
ATTR_RADIUS o=144 raw_norm=107921.55577761885 norm=403.16907370370905 radius=403.16907370370888 next_radius=403.16907370370888 lambda=6.4000000000000035e-09 next_lambda=6.4000000000000035e-09 rho=0.28914213771757752 accept=1
CLASSICAL_LM o=144 lambda=6.4000000000000035e-09 tau=6.4000000000000035e-09 prediction=3.3199110760016297 rho=0.28914213771757752 accept=1
  MFCG it 145 cost=2.512354e+05 lam=6.400e-09 tau=0.00e+00 cg_it=0 shift=0 ckpt=1 alpha=0 acc mv=426
PCG_PREP o=145 rebuild=1 drift=0 previous_depth=1
ATTR_RADIUS o=145 raw_norm=107604.58433368015 norm=403.16907370370905 radius=403.16907370370888 next_radius=403.16907370370888 lambda=6.4000000000000035e-09 next_lambda=6.4000000000000035e-09 rho=0.28883023982603784 accept=1
CLASSICAL_LM o=145 lambda=6.4000000000000035e-09 tau=6.4000000000000035e-09 prediction=3.323069783395519 rho=0.28883023982603784 accept=1
  MFCG it 146 cost=2.512344e+05 lam=6.400e-09 tau=0.00e+00 cg_it=0 shift=0 ckpt=1 alpha=0 acc mv=428
PCG_PREP o=146 rebuild=1 drift=0 previous_depth=1
ATTR_RADIUS o=146 raw_norm=107277.09056470569 norm=403.16907370370899 radius=403.16907370370888 next_radius=403.16907370370888 lambda=6.4000000000000035e-09 next_lambda=6.4000000000000035e-09 rho=0.28862189198377347 accept=1
CLASSICAL_LM o=146 lambda=6.4000000000000035e-09 tau=6.4000000000000035e-09 prediction=3.3266657746108566 rho=0.28862189198377347 accept=1
  MFCG it 147 cost=2.512335e+05 lam=6.400e-09 tau=0.00e+00 cg_it=0 shift=0 ckpt=1 alpha=0 acc mv=430
PCG_PREP o=147 rebuild=1 drift=0 previous_depth=1
ATTR_RADIUS o=147 raw_norm=106938.97975309406 norm=403.16907370370893 radius=403.16907370370888 next_radius=403.16907370370888 lambda=6.4000000000000035e-09 next_lambda=6.4000000000000035e-09 rho=0.28851750144445326 accept=1
CLASSICAL_LM o=147 lambda=6.4000000000000035e-09 tau=6.4000000000000035e-09 prediction=3.3307000262312858 rho=0.28851750144445326 accept=1
  MFCG it 148 cost=2.512325e+05 lam=6.400e-09 tau=0.00e+00 cg_it=0 shift=0 ckpt=1 alpha=0 acc mv=432
PCG_PREP o=148 rebuild=1 drift=0 previous_depth=1
ATTR_RADIUS o=148 raw_norm=106591.29612958798 norm=403.16907370370899 radius=403.16907370370888 next_radius=403.16907370370888 lambda=6.4000000000000035e-09 next_lambda=6.4000000000000035e-09 rho=0.28851681257762996 accept=1
CLASSICAL_LM o=148 lambda=6.4000000000000035e-09 tau=6.4000000000000035e-09 prediction=3.3351709106207288 rho=0.28851681257762996 accept=1
  MFCG it 149 cost=2.512315e+05 lam=6.400e-09 tau=0.00e+00 cg_it=0 shift=0 ckpt=1 alpha=0 acc mv=434
PCG_PREP o=149 rebuild=1 drift=0 previous_depth=1
ATTR_RADIUS o=149 raw_norm=106233.44158690197 norm=403.16907370370865 radius=403.16907370370888 next_radius=403.16907370370888 lambda=6.4000000000000035e-09 next_lambda=6.4000000000000035e-09 rho=0.28861969752480343 accept=1
CLASSICAL_LM o=149 lambda=6.4000000000000035e-09 tau=6.4000000000000035e-09 prediction=3.340077551106289 rho=0.28861969752480343 accept=1
  MFCG it 150 cost=2.512306e+05 lam=6.400e-09 tau=0.00e+00 cg_it=0 shift=0 ckpt=1 alpha=0 acc mv=436
PCG_PREP o=150 rebuild=1 drift=0 previous_depth=1
ATTR_RADIUS o=150 raw_norm=105865.06561412541 norm=403.16907370370876 radius=403.16907370370888 next_radius=403.16907370370888 lambda=6.4000000000000035e-09 next_lambda=6.4000000000000035e-09 rho=0.28882542746908652 accept=1
CLASSICAL_LM o=150 lambda=6.4000000000000035e-09 tau=6.4000000000000035e-09 prediction=3.3454167198190286 rho=0.28882542746908652 accept=1
  MFCG it 151 cost=2.512296e+05 lam=6.400e-09 tau=0.00e+00 cg_it=0 shift=0 ckpt=1 alpha=0 acc mv=438
PCG_PREP o=151 rebuild=1 drift=0 previous_depth=1
ATTR_RADIUS o=151 raw_norm=105487.89584659279 norm=403.16907370370899 radius=403.16907370370888 next_radius=403.16907370370888 lambda=6.4000000000000035e-09 next_lambda=6.4000000000000035e-09 rho=0.289134141574999 accept=1
CLASSICAL_LM o=151 lambda=6.4000000000000035e-09 tau=6.4000000000000035e-09 prediction=3.3511898069413748 rho=0.289134141574999 accept=1
  MFCG: converged (OCA_FTOL: 8 outers < 1.0e-05 rel)
  MFCG: accepts=152 rejects=12 total_matvecs=440 negcurv=0 cand_evals=164 mean_cg_per_outer=2.9
NUMERIC_REPAIR summary rebuilds=0 floor=9.9999999999999998e-17
  [retry-cache] builds=164 reuses=0
  [menu-backtrack] trials=17 rescues=17 evals=42 total_scored=206
POINT_SAFE summary calls=17 evals=17 wins=7 frozen=4132 seconds=0.040920646
  [scoring] menu_evals=164 alpha_evals=0 backtrack_evals=42 total_scored=206
RESULT algo=mfree_shifted_cg iters=152 final_cost=251228.6276598125 solve_seconds=1.609023
DIAGNOSTICS median_reproj_err_px 3.252455 -> 0.372581 | cheirality_violations(obs) 0 -> 12 | cheirality_violations(pts, of 64053) 0 -> 6
