  [menu-backtrack] active=1 max_evals=8 warmup_accepts=3 confirm_stop=original armijo=1e-4
MIXED_STORAGE fragments=fp32 arithmetic=fp64 state=fp64 acceptance=fp64
  [compact-fragments] active=2 saved_bytes=171996448 storage=fp32 camera_reads=contiguous
  MFCG score_init=90993342.024340227 precision=fp64
PCG_PREP o=0 rebuild=1 drift=0 previous_depth=0
ATTR_RADIUS o=0 raw_norm=8861.1709887307607 norm=8861.1709887307607 radius=8861.1709887307607 next_radius=17722.341977461521 lambda=0.10000000000000001 next_lambda=0.025000000000000001 rho=0.99545080656082707 accept=1
CLASSICAL_LM o=0 lambda=0.10000000000000001 tau=0.10000000000000001 prediction=83412716.69905892 rho=0.99545080656082707 accept=1
  MFCG it   1 cost=7.960086e+06 lam=2.500e-02 tau=0.00e+00 cg_it=0 shift=0 ckpt=1 alpha=0 acc mv=2
PCG_PREP o=1 rebuild=1 drift=0 previous_depth=1
ATTR_RADIUS o=1 raw_norm=4659.712120677782 norm=4659.712120677782 radius=17722.341977461521 next_radius=17722.341977461521 lambda=0.025000000000000001 next_lambda=0.0025000000000000005 rho=0.99453896506500195 accept=1
CLASSICAL_LM o=1 lambda=0.025000000000000001 tau=0.025000000000000001 prediction=4259951.5107679591 rho=0.99453896506500195 accept=1
  MFCG it   2 cost=3.723398e+06 lam=2.500e-03 tau=0.00e+00 cg_it=4 shift=0 ckpt=5 alpha=0 acc mv=8
PCG_PREP o=2 rebuild=1 drift=0 previous_depth=5
ATTR_RADIUS o=2 raw_norm=6975.6779789560032 norm=6975.6779789560032 radius=17722.341977461521 next_radius=17722.341977461521 lambda=0.0025000000000000005 next_lambda=0.00025000000000000006 rho=0.87051061466543744 accept=1
CLASSICAL_LM o=2 lambda=0.0025000000000000005 tau=0.0025000000000000005 prediction=1234099.5580717586 rho=0.87051061466543744 accept=1
  MFCG it   3 cost=2.649101e+06 lam=2.500e-04 tau=0.00e+00 cg_it=9 shift=0 ckpt=10 alpha=0 acc mv=19
PCG_PREP o=3 rebuild=1 drift=0 previous_depth=10
ATTR_RADIUS o=3 raw_norm=10922.542500246267 norm=10922.542500246267 radius=17722.341977461521 next_radius=17722.341977461521 lambda=0.00025000000000000006 next_lambda=2.5000000000000008e-05 rho=0.71461554947135153 accept=1
CLASSICAL_LM o=3 lambda=0.00025000000000000006 tau=0.00025000000000000006 prediction=596515.31226689473 rho=0.71461554947135153 accept=1
  MFCG it   4 cost=2.222822e+06 lam=2.500e-05 tau=0.00e+00 cg_it=0 shift=0 ckpt=1 alpha=0 acc mv=21
PCG_PREP o=4 rebuild=1 drift=0 previous_depth=1
POINT_SAFE o=4 frozen=1341 slope=-336469.80001686426 candidate=2043410.2364235406 original=2072225.4892229168 current=2222822.2595869224 won=1 mode=1 camera_scale=1 keep_scale=0
ATTR_RADIUS o=4 raw_norm=25300.156685854286 norm=17722.341977461529 radius=17722.341977461521 next_radius=35444.683954923043 lambda=2.5000000000000008e-05 next_lambda=6.250000000000002e-06 rho=0.91745238630999104 accept=1
CLASSICAL_LM o=4 lambda=2.5000000000000008e-05 tau=2.5000000000000008e-05 prediction=195554.58772632323 rho=0.91745238630999104 accept=1
  MFCG it   5 cost=2.043410e+06 lam=6.250e-06 tau=0.00e+00 cg_it=1 shift=0 ckpt=2 alpha=0 acc mv=24
PCG_PREP o=5 rebuild=1 drift=0 previous_depth=2
POINT_SAFE o=5 frozen=1597 slope=-207540.92673798106 candidate=2178473.6768267956 original=2002351.6225731389 current=2043410.2364235406 won=0 mode=1 camera_scale=1 keep_scale=0
ATTR_RADIUS o=5 raw_norm=42981.161600948595 norm=4430.585494365384 radius=35444.683954923043 next_radius=35444.683954923043 lambda=6.250000000000002e-06 next_lambda=6.2500000000000026e-07 rho=0.91571868925915689 accept=1
CLASSICAL_LM o=5 lambda=6.250000000000002e-06 tau=6.250000000000002e-06 prediction=44837.584218816512 rho=0.91571868925915689 accept=1
  MFCG it   6 cost=2.002352e+06 lam=6.250e-07 tau=0.00e+00 cg_it=7 shift=0 ckpt=8 alpha=0 acc mv=33
PCG_PREP o=6 rebuild=1 drift=0 previous_depth=8
POINT_SAFE o=6 frozen=1717 slope=-116971.93610293913 candidate=4313130.1003660476 original=1973339.1252169593 current=2002351.6225731389 won=0 mode=1 camera_scale=1 keep_scale=0
ATTR_RADIUS o=6 raw_norm=69294.929232787268 norm=8861.1709887307607 radius=35444.683954923043 next_radius=35444.683954923043 lambda=6.2500000000000026e-07 next_lambda=6.2500000000000024e-08 rho=0.50285982913967497 accept=1
CLASSICAL_LM o=6 lambda=6.2500000000000026e-07 tau=6.2500000000000026e-07 prediction=57694.999033460452 rho=0.50285982913967497 accept=1
  MFCG it   7 cost=1.973339e+06 lam=6.250e-08 tau=0.00e+00 cg_it=5 shift=0 ckpt=6 alpha=0 acc mv=40
PCG_PREP o=7 rebuild=1 drift=0 previous_depth=6
POINT_SAFE o=7 frozen=799 slope=-53087.866760119163 candidate=13500617.335734069 original=1973106.4418574739 current=1973339.1252169593 won=0 mode=1 camera_scale=1 keep_scale=0
ATTR_RADIUS o=7 raw_norm=75707.643175811449 norm=276.91159339783627 radius=35444.683954923043 next_radius=8861.1709887307607 lambda=6.2500000000000024e-08 next_lambda=1.0000000000000004e-06 rho=0.18165198770291321 accept=1
CLASSICAL_LM o=7 lambda=6.2500000000000024e-08 tau=6.2500000000000024e-08 prediction=1280.9293332143416 rho=0.18165198770291321 accept=1
  MFCG it   8 cost=1.973106e+06 lam=1.000e-06 tau=0.00e+00 cg_it=0 shift=0 ckpt=1 alpha=0 acc mv=42
PCG_PREP o=8 rebuild=1 drift=0 previous_depth=1
POINT_SAFE o=8 frozen=279 slope=-45313.208997952817 candidate=2003690.2452968475 original=1973008.862138483 current=1973106.4418574739 won=0 mode=1 camera_scale=1 keep_scale=0
ATTR_RADIUS o=8 raw_norm=30815.667959221762 norm=8861.1709887307607 radius=8861.1709887307607 next_radius=2215.2927471826902 lambda=1.0000000000000004e-06 next_lambda=1.6000000000000006e-05 rho=0.040204398711688349 accept=0
CLASSICAL_LM o=8 lambda=1.0000000000000004e-06 tau=1.0000000000000004e-06 prediction=2427.0906198774023 rho=0.040204398711688349 accept=0
  MFCG it   9  retry 1/8  lam=1.600e-05 tau_eff=1.000e-06  (assembly reused)
PCG_PREP o=8 rebuild=1 drift=0 previous_depth=1
POINT_SAFE o=8 frozen=44 slope=-42365.164746245209 candidate=1950311.5748624988 original=1972520.4126344668 current=1973106.4418574739 won=1 mode=1 camera_scale=1 keep_scale=0
ATTR_RADIUS o=8 raw_norm=8917.5358333144541 norm=2215.2927471826897 radius=2215.2927471826902 next_radius=4430.5854943653803 lambda=1.6000000000000006e-05 next_lambda=4.0000000000000015e-06 rho=0.9168311676519818 accept=1
CLASSICAL_LM o=8 lambda=1.6000000000000006e-05 tau=1.6000000000000006e-05 prediction=24862.665885752038 rho=0.9168311676519818 accept=1
  MFCG it   9 cost=1.950312e+06 lam=4.000e-06 tau=0.00e+00 cg_it=0 shift=0 ckpt=1 alpha=0 acc mv=46
PCG_PREP o=9 rebuild=1 drift=0 previous_depth=1
POINT_SAFE o=9 frozen=426 slope=-14110.048628974153 candidate=1939887.9991618015 original=1950261.7123682413 current=1950311.5748624988 won=1 mode=1 camera_scale=1 keep_scale=0
ATTR_RADIUS o=9 raw_norm=30289.003911233438 norm=4430.5854943653812 radius=4430.5854943653803 next_radius=8861.1709887307607 lambda=4.0000000000000015e-06 next_lambda=1.0000000000000004e-06 rho=0.93833941634491713 accept=1
CLASSICAL_LM o=9 lambda=4.0000000000000015e-06 tau=4.0000000000000015e-06 prediction=11108.53441636276 rho=0.93833941634491713 accept=1
  MFCG it  10 cost=1.939888e+06 lam=1.000e-06 tau=0.00e+00 cg_it=1 shift=0 ckpt=2 alpha=0 acc mv=49
PCG_PREP o=10 rebuild=1 drift=0 previous_depth=2
POINT_SAFE o=10 frozen=529 slope=-13968.717122016797 candidate=1929398.9625564367 original=1939536.3762410469 current=1939887.9991618015 won=1 mode=1 camera_scale=1 keep_scale=0
ATTR_RADIUS o=10 raw_norm=44613.952713779458 norm=8861.1709887307625 radius=8861.1709887307607 next_radius=17722.341977461521 lambda=1.0000000000000004e-06 next_lambda=2.5000000000000009e-07 rho=0.90692822509086057 accept=1
CLASSICAL_LM o=10 lambda=1.0000000000000004e-06 tau=1.0000000000000004e-06 prediction=11565.453930286525 rho=0.90692822509086057 accept=1
  MFCG it  11 cost=1.929399e+06 lam=2.500e-07 tau=0.00e+00 cg_it=1 shift=0 ckpt=2 alpha=0 acc mv=52
PCG_PREP o=11 rebuild=1 drift=0 previous_depth=2
POINT_SAFE o=11 frozen=1217 slope=-31521.198860990764 candidate=1941232.6643714614 original=1928168.1811025566 current=1929398.9625564367 won=0 mode=1 camera_scale=1 keep_scale=0
ATTR_RADIUS o=11 raw_norm=65771.597726386637 norm=553.82318679567265 radius=17722.341977461521 next_radius=17722.341977461521 lambda=2.5000000000000009e-07 next_lambda=2.5000000000000012e-08 rho=0.27904906653130818 accept=1
CLASSICAL_LM o=11 lambda=2.5000000000000009e-07 tau=2.5000000000000009e-07 prediction=4410.6273824138634 rho=0.27904906653130818 accept=1
  MFCG it  12 cost=1.928168e+06 lam=2.500e-08 tau=0.00e+00 cg_it=4 shift=0 ckpt=5 alpha=0 acc mv=58
PCG_PREP o=12 rebuild=1 drift=0 previous_depth=5
NUMERIC_REPAIR o=12 lambda=2.5000000000000012e-08 rayleigh=-1.812977624994268e-08 next_lambda=1.7251910499977077e-07 cg=3 rebuild=1
PCG_PREP o=12 rebuild=1 drift=0 previous_depth=3
POINT_SAFE o=12 frozen=1167 slope=-28693.841225554861 candidate=1963514.4681278833 original=1927699.5355329174 current=1928168.1811025566 won=0 mode=1 camera_scale=1 keep_scale=0
ATTR_RADIUS o=12 raw_norm=72492.061825127108 norm=553.82318679567243 radius=17722.341977461521 next_radius=4430.5854943653803 lambda=1.7251910499977077e-07 next_lambda=2.7603056799963323e-06 rho=0.10887379624482457 accept=1
CLASSICAL_LM o=12 lambda=1.7251910499977077e-07 tau=1.7251910499977077e-07 prediction=4304.4845114561531 rho=0.10887379624482457 accept=1
  MFCG it  13 cost=1.927700e+06 lam=2.760e-06 tau=0.00e+00 cg_it=4 shift=0 ckpt=5 alpha=0 acc mv=68
PCG_PREP o=13 rebuild=1 drift=0 previous_depth=5
POINT_SAFE o=13 frozen=339 slope=-13797.647735501105 candidate=1916785.6709979128 original=1926501.9045876702 current=1927699.5355329174 won=1 mode=1 camera_scale=1 keep_scale=0
ATTR_RADIUS o=13 raw_norm=40478.543524583336 norm=4430.5854943653785 radius=4430.5854943653803 next_radius=8861.1709887307607 lambda=2.7603056799963323e-06 next_lambda=6.9007641999908307e-07 rho=0.93310037391920775 accept=1
CLASSICAL_LM o=13 lambda=2.7603056799963323e-06 tau=2.7603056799963323e-06 prediction=11696.345688046604 rho=0.93310037391920775 accept=1
  MFCG it  14 cost=1.916786e+06 lam=6.901e-07 tau=0.00e+00 cg_it=4 shift=0 ckpt=5 alpha=0 acc mv=74
PCG_PREP o=14 rebuild=1 drift=0 previous_depth=5
POINT_SAFE o=14 frozen=592 slope=-16303.041443177408 candidate=1905368.2504825445 original=1915166.1894416753 current=1916785.6709979128 won=1 mode=1 camera_scale=1 keep_scale=0
ATTR_RADIUS o=14 raw_norm=52719.356807351309 norm=8861.1709887307643 radius=8861.1709887307607 next_radius=17722.341977461521 lambda=6.9007641999908307e-07 next_lambda=1.7251910499977077e-07 rho=0.79989025564947769 accept=1
CLASSICAL_LM o=14 lambda=6.9007641999908307e-07 tau=6.9007641999908307e-07 prediction=14273.733721256243 rho=0.79989025564947769 accept=1
  MFCG it  15 cost=1.905368e+06 lam=1.725e-07 tau=0.00e+00 cg_it=4 shift=0 ckpt=5 alpha=0 acc mv=80
PCG_PREP o=15 rebuild=1 drift=0 previous_depth=5
POINT_SAFE o=15 frozen=917 slope=-9334.9574615411639 candidate=2476848.1411386295 original=1904536.8542938288 current=1905368.2504825445 won=0 mode=1 camera_scale=1 keep_scale=0
ATTR_RADIUS o=15 raw_norm=50426.775144326093 norm=1107.6463735913455 radius=17722.341977461521 next_radius=4430.5854943653803 lambda=1.7251910499977077e-07 next_lambda=2.7603056799963323e-06 rho=0.11325939575839512 accept=1
CLASSICAL_LM o=15 lambda=1.7251910499977077e-07 tau=1.7251910499977077e-07 prediction=7340.6376852763678 rho=0.11325939575839512 accept=1
  MFCG it  16 cost=1.904537e+06 lam=2.760e-06 tau=0.00e+00 cg_it=0 shift=0 ckpt=1 alpha=0 acc mv=82
PCG_PREP o=16 rebuild=1 drift=0 previous_depth=1
POINT_SAFE o=16 frozen=368 slope=-8602.2076090423943 candidate=1900897.6068745423 original=1903656.2428882143 current=1904536.8542938288 won=1 mode=1 camera_scale=1 keep_scale=0
ATTR_RADIUS o=16 raw_norm=12579.242108950637 norm=4430.5854943653794 radius=4430.5854943653803 next_radius=4430.5854943653803 lambda=2.7603056799963323e-06 next_lambda=2.7603056799963323e-06 rho=0.57600335900196953 accept=1
CLASSICAL_LM o=16 lambda=2.7603056799963323e-06 tau=2.7603056799963323e-06 prediction=6318.1010360637074 rho=0.57600335900196953 accept=1
  MFCG it  17 cost=1.900898e+06 lam=2.760e-06 tau=0.00e+00 cg_it=0 shift=0 ckpt=1 alpha=0 acc mv=84
PCG_PREP o=17 rebuild=1 drift=0 previous_depth=1
POINT_SAFE o=17 frozen=337 slope=-9856.4324348035334 candidate=1892501.3144173934 original=1900037.6727118681 current=1900897.6068745423 won=1 mode=1 camera_scale=1 keep_scale=0
ATTR_RADIUS o=17 raw_norm=39156.753860388475 norm=4430.5854943653803 radius=4430.5854943653803 next_radius=8861.1709887307607 lambda=2.7603056799963323e-06 next_lambda=6.9007641999908307e-07 rho=0.96358006376704353 accept=1
CLASSICAL_LM o=17 lambda=2.7603056799963323e-06 tau=2.7603056799963323e-06 prediction=8713.6427712340028 rho=0.96358006376704353 accept=1
  MFCG it  18 cost=1.892501e+06 lam=6.901e-07 tau=0.00e+00 cg_it=4 shift=0 ckpt=5 alpha=0 acc mv=90
PCG_PREP o=18 rebuild=1 drift=0 previous_depth=5
POINT_SAFE o=18 frozen=620 slope=-12298.216281122244 candidate=1883548.8074601577 original=1891139.4781265918 current=1892501.3144173934 won=1 mode=1 camera_scale=1 keep_scale=0
ATTR_RADIUS o=18 raw_norm=54907.165789497245 norm=8861.1709887307625 radius=8861.1709887307607 next_radius=17722.341977461521 lambda=6.9007641999908307e-07 next_lambda=1.7251910499977077e-07 rho=0.8294587798855082 accept=1
CLASSICAL_LM o=18 lambda=6.9007641999908307e-07 tau=6.9007641999908307e-07 prediction=10793.190902713066 rho=0.8294587798855082 accept=1
  MFCG it  19 cost=1.883549e+06 lam=1.725e-07 tau=0.00e+00 cg_it=4 shift=0 ckpt=5 alpha=0 acc mv=96
PCG_PREP o=19 rebuild=1 drift=0 previous_depth=5
POINT_SAFE o=19 frozen=770 slope=-7450.5716968433426 candidate=3277326.1547016292 original=1881831.4983305105 current=1883548.8074601577 won=0 mode=1 camera_scale=1 keep_scale=0
ATTR_RADIUS o=19 raw_norm=54323.434196597416 norm=553.82318679567265 radius=17722.341977461521 next_radius=17722.341977461521 lambda=1.7251910499977077e-07 next_lambda=1.7251910499977077e-07 rho=0.4721097464846063 accept=1
CLASSICAL_LM o=19 lambda=1.7251910499977077e-07 tau=1.7251910499977077e-07 prediction=3637.5210264870207 rho=0.4721097464846063 accept=1
  MFCG it  20 cost=1.881831e+06 lam=1.725e-07 tau=0.00e+00 cg_it=0 shift=0 ckpt=1 alpha=0 acc mv=98
PCG_PREP o=20 rebuild=1 drift=0 previous_depth=1
POINT_SAFE o=20 frozen=770 slope=-7526.2866107163545 candidate=3688577.2118392019 original=inf current=1881831.4983305105 won=0 mode=1 camera_scale=1 keep_scale=0
ATTR_RADIUS o=20 raw_norm=51722.9164147638 norm=17722.341977461532 radius=17722.341977461521 next_radius=4430.5854943653803 lambda=1.7251910499977077e-07 next_lambda=2.7603056799963323e-06 rho=-1 accept=0
CLASSICAL_LM o=20 lambda=1.7251910499977077e-07 tau=1.7251910499977077e-07 prediction=5323.5548421803087 rho=-1 accept=0
  MFCG it  21  retry 1/8  lam=2.760e-06 tau_eff=1.725e-07  (assembly reused)
PCG_PREP o=20 rebuild=1 drift=0 previous_depth=1
POINT_SAFE o=20 frozen=475 slope=-6866.9830374439998 candidate=1883436.4266220529 original=inf current=1881831.4983305105 won=0 mode=1 camera_scale=1 keep_scale=0
ATTR_RADIUS o=20 raw_norm=13599.324767895709 norm=4430.5854943653803 radius=4430.5854943653803 next_radius=1107.6463735913451 lambda=2.7603056799963323e-06 next_lambda=4.4164890879941316e-05 rho=-1 accept=0
CLASSICAL_LM o=20 lambda=2.7603056799963323e-06 tau=2.7603056799963323e-06 prediction=4887.1374834165254 rho=-1 accept=0
  MFCG it  21  retry 2/8  lam=4.416e-05 tau_eff=2.760e-06  (assembly reused)
PCG_PREP o=20 rebuild=1 drift=0 previous_depth=1
POINT_SAFE o=20 frozen=108 slope=-7484.1889325297216 candidate=1877988.2944805599 original=inf current=1881831.4983305105 won=1 mode=1 camera_scale=1 keep_scale=0
ATTR_RADIUS o=20 raw_norm=3095.7546117569086 norm=1107.6463735913449 radius=1107.6463735913451 next_radius=1107.6463735913451 lambda=4.4164890879941316e-05 next_lambda=4.4164890879941316e-05 rho=0.70401058613736567 accept=1
CLASSICAL_LM o=20 lambda=4.4164890879941316e-05 tau=4.4164890879941316e-05 prediction=5459.0142898798558 rho=0.70401058613736567 accept=1
  MFCG it  21 cost=1.877988e+06 lam=4.416e-05 tau=0.00e+00 cg_it=0 shift=0 ckpt=1 alpha=0 acc mv=104
PCG_PREP o=21 rebuild=1 drift=0 previous_depth=1
POINT_SAFE o=21 frozen=73 slope=-4130.4509610105952 candidate=1874048.5567868133 original=1877518.2631925121 current=1877988.2944805599 won=1 mode=1 camera_scale=1 keep_scale=0
ATTR_RADIUS o=21 raw_norm=14675.609485663754 norm=1107.6463735913446 radius=1107.6463735913451 next_radius=2215.2927471826902 lambda=4.4164890879941316e-05 next_lambda=1.1041222719985329e-05 rho=1.000439739147595 accept=1
CLASSICAL_LM o=21 lambda=4.4164890879941316e-05 tau=4.4164890879941316e-05 prediction=3938.0059983456376 rho=1.000439739147595 accept=1
  MFCG it  22 cost=1.874049e+06 lam=1.104e-05 tau=0.00e+00 cg_it=5 shift=0 ckpt=6 alpha=0 acc mv=111
PCG_PREP o=22 rebuild=1 drift=0 previous_depth=6
POINT_SAFE o=22 frozen=45 slope=-5833.4569820190491 candidate=1868469.7371908755 original=1873737.1719542937 current=1874048.5567868133 won=1 mode=1 camera_scale=1 keep_scale=0
ATTR_RADIUS o=22 raw_norm=30946.170097939601 norm=2215.2927471826893 radius=2215.2927471826902 next_radius=4430.5854943653803 lambda=1.1041222719985329e-05 next_lambda=2.7603056799963323e-06 rho=1.0039390027210304 accept=1
CLASSICAL_LM o=22 lambda=1.1041222719985329e-05 tau=1.1041222719985329e-05 prediction=5556.9308302768122 rho=1.0039390027210304 accept=1
  MFCG it  23 cost=1.868470e+06 lam=2.760e-06 tau=0.00e+00 cg_it=8 shift=0 ckpt=9 alpha=0 acc mv=121
PCG_PREP o=23 rebuild=1 drift=0 previous_depth=9
POINT_SAFE o=23 frozen=107 slope=-6906.6451307268399 candidate=1862087.3479233414 original=1867236.5358695511 current=1868469.7371908755 won=1 mode=1 camera_scale=1 keep_scale=0
ATTR_RADIUS o=23 raw_norm=53029.985286666037 norm=4430.5854943653776 radius=4430.5854943653803 next_radius=8861.1709887307607 lambda=2.7603056799963323e-06 next_lambda=6.9007641999908307e-07 rho=0.97500971517742518 accept=1
CLASSICAL_LM o=23 lambda=2.7603056799963323e-06 tau=2.7603056799963323e-06 prediction=6545.9750484358983 rho=0.97500971517742518 accept=1
  MFCG it  24 cost=1.862087e+06 lam=6.901e-07 tau=0.00e+00 cg_it=8 shift=0 ckpt=9 alpha=0 acc mv=131
PCG_PREP o=24 rebuild=1 drift=0 previous_depth=9
POINT_SAFE o=24 frozen=403 slope=-10726.966943389669 candidate=1860838.0950879129 original=1860175.7723009717 current=1862087.3479233414 won=0 mode=1 camera_scale=1 keep_scale=0
ATTR_RADIUS o=24 raw_norm=73128.529395037651 norm=276.91159339783627 radius=8861.1709887307607 next_radius=8861.1709887307607 lambda=6.9007641999908307e-07 next_lambda=1.7251910499977077e-07 rho=0.5211676926316563 accept=1
CLASSICAL_LM o=24 lambda=6.9007641999908307e-07 tau=6.9007641999908307e-07 prediction=3667.8705326440968 rho=0.5211676926316563 accept=1
  MFCG it  25 cost=1.860176e+06 lam=1.725e-07 tau=0.00e+00 cg_it=9 shift=0 ckpt=10 alpha=0 acc mv=142
PCG_PREP o=25 rebuild=1 drift=0 previous_depth=10
POINT_SAFE o=25 frozen=320 slope=-14391.844030821287 candidate=1877114.386944561 original=inf current=1860175.7723009717 won=0 mode=1 camera_scale=1 keep_scale=0
ATTR_RADIUS o=25 raw_norm=92810.38313821239 norm=8861.1709887307625 radius=8861.1709887307607 next_radius=2215.2927471826902 lambda=1.7251910499977077e-07 next_lambda=2.7603056799963323e-06 rho=-1 accept=0
CLASSICAL_LM o=25 lambda=1.7251910499977077e-07 tau=1.7251910499977077e-07 prediction=13529.419576078164 rho=-1 accept=0
  MFCG it  26  retry 1/8  lam=2.760e-06 tau_eff=1.725e-07  (assembly reused)
PCG_PREP o=25 rebuild=1 drift=0 previous_depth=15
POINT_SAFE o=25 frozen=61 slope=-5034.8557597943627 candidate=1863803.6136905844 original=inf current=1860175.7723009717 won=0 mode=1 camera_scale=1 keep_scale=0
ATTR_RADIUS o=25 raw_norm=52164.079076829948 norm=2215.2927471826902 radius=2215.2927471826902 next_radius=553.82318679567254 lambda=2.7603056799963323e-06 next_lambda=4.4164890879941316e-05 rho=-1 accept=0
CLASSICAL_LM o=25 lambda=2.7603056799963323e-06 tau=2.7603056799963323e-06 prediction=4711.1537243965877 rho=-1 accept=0
  MFCG it  26  retry 2/8  lam=4.416e-05 tau_eff=2.760e-06  (assembly reused)
PCG_PREP o=25 rebuild=1 drift=0 previous_depth=10
POINT_SAFE o=25 frozen=10 slope=-9004.7913346511941 candidate=1977949.4113730388 original=inf current=1860175.7723009717 won=0 mode=1 camera_scale=1 keep_scale=0
ATTR_RADIUS o=25 raw_norm=13634.545111021329 norm=553.82318679567265 radius=553.82318679567254 next_radius=138.45579669891814 lambda=4.4164890879941316e-05 next_lambda=0.00070663825407906106 rho=-1 accept=0
CLASSICAL_LM o=25 lambda=4.4164890879941316e-05 tau=4.4164890879941316e-05 prediction=8536.8654315166459 rho=-1 accept=0
  MFCG it  26  retry 3/8  lam=7.066e-04 tau_eff=4.416e-05  (assembly reused)
PCG_PREP o=25 rebuild=1 drift=0 previous_depth=9
POINT_SAFE o=25 frozen=13 slope=-9644.69767209985 candidate=2041738.4981173319 original=inf current=1860175.7723009717 won=0 mode=1 camera_scale=1 keep_scale=0
ATTR_RADIUS o=25 raw_norm=1667.0027352277175 norm=138.45579669891816 radius=138.45579669891814 next_radius=34.613949174729534 lambda=0.00070663825407906106 next_lambda=0.011306212065264977 rho=-1 accept=0
CLASSICAL_LM o=25 lambda=0.00070663825407906106 tau=0.00070663825407906106 prediction=9047.8603887804584 rho=-1 accept=0
  MFCG it  26  retry 4/8  lam=1.131e-02 tau_eff=7.066e-04  (assembly reused)
PCG_PREP o=25 rebuild=1 drift=0 previous_depth=2
ATTR_RADIUS o=25 raw_norm=341.31112116509888 norm=34.613949174729527 radius=34.613949174729534 next_radius=34.613949174729534 lambda=0.011306212065264977 next_lambda=0.011306212065264977 rho=0.73159554690500928 accept=1
CLASSICAL_LM o=25 lambda=0.011306212065264977 tau=0.011306212065264977 prediction=28039.733696837735 rho=0.73159554690500928 accept=1
  MFCG it  26 cost=1.839662e+06 lam=1.131e-02 tau=0.00e+00 cg_it=0 shift=0 ckpt=1 alpha=0 acc mv=184
PCG_PREP o=26 rebuild=1 drift=0 previous_depth=1
ATTR_RADIUS o=26 raw_norm=480.57779403868352 norm=34.613949174729548 radius=34.613949174729534 next_radius=69.227898349459068 lambda=0.011306212065264977 next_lambda=0.0028265530163162442 rho=0.99826311510642241 accept=1
CLASSICAL_LM o=26 lambda=0.011306212065264977 tau=0.011306212065264977 prediction=33044.715656588087 rho=0.99826311510642241 accept=1
  MFCG it  27 cost=1.806675e+06 lam=2.827e-03 tau=0.00e+00 cg_it=11 shift=0 ckpt=12 alpha=0 acc mv=197
PCG_PREP o=27 rebuild=1 drift=0 previous_depth=12
ATTR_RADIUS o=27 raw_norm=1113.2459513368915 norm=69.227898349459053 radius=69.227898349459068 next_radius=138.45579669891814 lambda=0.0028265530163162442 next_lambda=0.00070663825407906106 rho=1.0025829498199812 accept=1
CLASSICAL_LM o=27 lambda=0.0028265530163162442 tau=0.0028265530163162442 prediction=734.4953392721219 rho=1.0025829498199812 accept=1
  MFCG it  28 cost=1.805938e+06 lam=7.066e-04 tau=0.00e+00 cg_it=3 shift=0 ckpt=4 alpha=0 acc mv=202
PCG_PREP o=28 rebuild=1 drift=0 previous_depth=4
ATTR_RADIUS o=28 raw_norm=3075.0883746170084 norm=138.45579669891816 radius=138.45579669891814 next_radius=276.91159339783627 lambda=0.00070663825407906106 next_lambda=0.00017665956351976527 rho=1.0147062078117022 accept=1
CLASSICAL_LM o=28 lambda=0.00070663825407906106 tau=0.00070663825407906106 prediction=1029.7167930732292 rho=1.0147062078117022 accept=1
  MFCG it  29 cost=1.804893e+06 lam=1.767e-04 tau=0.00e+00 cg_it=5 shift=0 ckpt=6 alpha=0 acc mv=209
PCG_PREP o=29 rebuild=1 drift=0 previous_depth=6
ATTR_RADIUS o=29 raw_norm=7956.7394403965509 norm=276.91159339783621 radius=276.91159339783627 next_radius=276.91159339783627 lambda=0.00017665956351976527 next_lambda=0.00017665956351976527 rho=0.48140647091563926 accept=1
CLASSICAL_LM o=29 lambda=0.00017665956351976527 tau=0.00017665956351976527 prediction=1875.0137619150569 rho=0.48140647091563926 accept=1
  MFCG it  30 cost=1.803991e+06 lam=1.767e-04 tau=0.00e+00 cg_it=11 shift=0 ckpt=12 alpha=0 acc mv=222
PCG_PREP o=30 rebuild=1 drift=0 previous_depth=12
ATTR_RADIUS o=30 raw_norm=7879.859918101688 norm=276.91159339783621 radius=276.91159339783627 next_radius=553.82318679567254 lambda=0.00017665956351976527 next_lambda=4.4164890879941316e-05 rho=0.91601595063265284 accept=1
CLASSICAL_LM o=30 lambda=0.00017665956351976527 tau=0.00017665956351976527 prediction=2797.659143271328 rho=0.91601595063265284 accept=1
  MFCG it  31 cost=1.801428e+06 lam=4.416e-05 tau=0.00e+00 cg_it=11 shift=0 ckpt=12 alpha=0 acc mv=235
PCG_PREP o=31 rebuild=1 drift=0 previous_depth=12
ATTR_RADIUS o=31 raw_norm=16007.342625187293 norm=553.82318679567254 radius=553.82318679567254 next_radius=1107.6463735913451 lambda=4.4164890879941316e-05 next_lambda=1.1041222719985329e-05 rho=0.9904668795010001 accept=1
CLASSICAL_LM o=31 lambda=4.4164890879941316e-05 tau=4.4164890879941316e-05 prediction=2975.0184179266216 rho=0.9904668795010001 accept=1
  MFCG it  32 cost=1.798481e+06 lam=1.104e-05 tau=0.00e+00 cg_it=16 shift=0 ckpt=17 alpha=0 acc mv=253
PCG_PREP o=32 rebuild=1 drift=0 previous_depth=17
ATTR_RADIUS o=32 raw_norm=29912.812479855264 norm=1107.6463735913453 radius=1107.6463735913451 next_radius=2215.2927471826902 lambda=1.1041222719985329e-05 next_lambda=2.7603056799963323e-06 rho=1.0017675607470578 accept=1
CLASSICAL_LM o=32 lambda=1.1041222719985329e-05 tau=1.1041222719985329e-05 prediction=4085.5753409134977 rho=1.0017675607470578 accept=1
  MFCG it  33 cost=1.794389e+06 lam=2.760e-06 tau=0.00e+00 cg_it=22 shift=0 ckpt=23 alpha=0 acc mv=277
PCG_PREP o=33 rebuild=1 drift=0 previous_depth=23
ATTR_RADIUS o=33 raw_norm=51852.801384759361 norm=2215.2927471826906 radius=2215.2927471826902 next_radius=4430.5854943653803 lambda=2.7603056799963323e-06 next_lambda=6.9007641999908307e-07 rho=0.99401343877433379 accept=1
CLASSICAL_LM o=33 lambda=2.7603056799963323e-06 tau=2.7603056799963323e-06 prediction=5152.3166114987516 rho=0.99401343877433379 accept=1
  MFCG it  34 cost=1.789267e+06 lam=6.901e-07 tau=0.00e+00 cg_it=24 shift=0 ckpt=25 alpha=0 acc mv=303
PCG_PREP o=34 rebuild=1 drift=0 previous_depth=25
ATTR_RADIUS o=34 raw_norm=78388.989625322924 norm=4430.5854943653803 radius=4430.5854943653803 next_radius=8861.1709887307607 lambda=6.9007641999908307e-07 next_lambda=1.7251910499977077e-07 rho=0.93311290033916128 accept=1
CLASSICAL_LM o=34 lambda=6.9007641999908307e-07 tau=6.9007641999908307e-07 prediction=6211.4229222777039 rho=0.93311290033916128 accept=1
  MFCG it  35 cost=1.783471e+06 lam=1.725e-07 tau=0.00e+00 cg_it=20 shift=0 ckpt=21 alpha=0 acc mv=325
PCG_PREP o=35 rebuild=1 drift=0 previous_depth=21
POINT_SAFE o=35 frozen=145 slope=-9185.8256500638872 candidate=1784101.7354025131 original=1780073.7138702804 current=1783471.2256557371 won=0 mode=1 camera_scale=1 keep_scale=0
ATTR_RADIUS o=35 raw_norm=96590.773620689506 norm=4430.5854943653776 radius=8861.1709887307607 next_radius=8861.1709887307607 lambda=1.7251910499977077e-07 next_lambda=1.7251910499977077e-07 rho=0.76993450072342084 accept=1
CLASSICAL_LM o=35 lambda=1.7251910499977077e-07 tau=1.7251910499977077e-07 prediction=4412.728332428821 rho=0.76993450072342084 accept=1
  MFCG it  36 cost=1.780074e+06 lam=1.725e-07 tau=0.00e+00 cg_it=16 shift=0 ckpt=17 alpha=0 acc mv=343
PCG_PREP o=36 rebuild=1 drift=0 previous_depth=17
POINT_SAFE o=36 frozen=451 slope=-5916.9140548836158 candidate=1785585.4849107468 original=1778904.6016001909 current=1780073.7138702804 won=0 mode=1 camera_scale=1 keep_scale=0
ATTR_RADIUS o=36 raw_norm=66980.209419938183 norm=4430.5854943653776 radius=8861.1709887307607 next_radius=8861.1709887307607 lambda=1.7251910499977077e-07 next_lambda=1.7251910499977077e-07 rho=0.42741372425749685 accept=1
CLASSICAL_LM o=36 lambda=1.7251910499977077e-07 tau=1.7251910499977077e-07 prediction=2735.31757109706 rho=0.42741372425749685 accept=1
  MFCG it  37 cost=1.778905e+06 lam=1.725e-07 tau=0.00e+00 cg_it=4 shift=0 ckpt=5 alpha=0 acc mv=349
PCG_PREP o=37 rebuild=1 drift=0 previous_depth=5
POINT_SAFE o=37 frozen=372 slope=-3451.4193424535524 candidate=1966842.7499925941 original=1778839.474817215 current=1778904.6016001909 won=0 mode=1 camera_scale=1 keep_scale=0
ATTR_RADIUS o=37 raw_norm=51090.883820864736 norm=553.82318679567265 radius=8861.1709887307607 next_radius=8861.1709887307607 lambda=1.7251910499977077e-07 next_lambda=1.7251910499977077e-07 rho=0.30564164496774393 accept=1
CLASSICAL_LM o=37 lambda=1.7251910499977077e-07 tau=1.7251910499977077e-07 prediction=213.08216353413249 rho=0.30564164496774393 accept=1
  MFCG it  38 cost=1.778839e+06 lam=1.725e-07 tau=0.00e+00 cg_it=0 shift=0 ckpt=1 alpha=0 acc mv=351
PCG_PREP o=38 rebuild=1 drift=0 previous_depth=1
POINT_SAFE o=38 frozen=389 slope=-3391.1254721804025 candidate=1965760.990800272 original=1778779.3802252682 current=1778839.474817215 won=0 mode=1 camera_scale=1 keep_scale=0
ATTR_RADIUS o=38 raw_norm=50368.076335020603 norm=553.82318679567231 radius=8861.1709887307607 next_radius=8861.1709887307607 lambda=1.7251910499977077e-07 next_lambda=1.7251910499977077e-07 rho=0.28697241291828418 accept=1
CLASSICAL_LM o=38 lambda=1.7251910499977077e-07 tau=1.7251910499977077e-07 prediction=209.40895097090319 rho=0.28697241291828418 accept=1
  MFCG it  39 cost=1.778779e+06 lam=1.725e-07 tau=0.00e+00 cg_it=0 shift=0 ckpt=1 alpha=0 acc mv=353
PCG_PREP o=39 rebuild=1 drift=0 previous_depth=1
POINT_SAFE o=39 frozen=395 slope=-3343.6897716629665 candidate=1964243.5011624466 original=1778723.2064086283 current=1778779.3802252682 won=0 mode=1 camera_scale=1 keep_scale=0
ATTR_RADIUS o=39 raw_norm=49622.007950401538 norm=553.82318679567277 radius=8861.1709887307607 next_radius=8861.1709887307607 lambda=1.7251910499977077e-07 next_lambda=1.7251910499977077e-07 rho=0.27199028834251487 accept=1
CLASSICAL_LM o=39 lambda=1.7251910499977077e-07 tau=1.7251910499977077e-07 prediction=206.52875873711653 rho=0.27199028834251487 accept=1
  MFCG it  40 cost=1.778723e+06 lam=1.725e-07 tau=0.00e+00 cg_it=0 shift=0 ckpt=1 alpha=0 acc mv=355
PCG_PREP o=40 rebuild=1 drift=0 previous_depth=1
POINT_SAFE o=40 frozen=399 slope=-3304.8239699418837 candidate=1961890.0333895213 original=1778669.7728459577 current=1778723.2064086283 won=0 mode=1 camera_scale=1 keep_scale=0
ATTR_RADIUS o=40 raw_norm=48890.319028918457 norm=553.82318679567265 radius=8861.1709887307607 next_radius=8861.1709887307607 lambda=1.7251910499977077e-07 next_lambda=1.7251910499977077e-07 rho=0.26170259115335642 accept=1
CLASSICAL_LM o=40 lambda=1.7251910499977077e-07 tau=1.7251910499977077e-07 prediction=204.17666647897167 rho=0.26170259115335642 accept=1
  MFCG it  41 cost=1.778670e+06 lam=1.725e-07 tau=0.00e+00 cg_it=0 shift=0 ckpt=1 alpha=0 acc mv=357
PCG_PREP o=41 rebuild=1 drift=0 previous_depth=1
POINT_SAFE o=41 frozen=410 slope=-3273.6691828950757 candidate=1958907.3924952955 original=1778617.816745403 current=1778669.7728459577 won=0 mode=1 camera_scale=1 keep_scale=0
ATTR_RADIUS o=41 raw_norm=48158.894114252776 norm=553.82318679567265 radius=8861.1709887307607 next_radius=8861.1709887307607 lambda=1.7251910499977077e-07 next_lambda=1.7251910499977077e-07 rho=0.2568333160698591 accept=1
CLASSICAL_LM o=41 lambda=1.7251910499977077e-07 tau=1.7251910499977077e-07 prediction=202.29501900189223 rho=0.2568333160698591 accept=1
  MFCG it  42 cost=1.778618e+06 lam=1.725e-07 tau=0.00e+00 cg_it=0 shift=0 ckpt=1 alpha=0 acc mv=359
PCG_PREP o=42 rebuild=1 drift=0 previous_depth=1
POINT_SAFE o=42 frozen=410 slope=-3252.2957055356296 candidate=1955316.069500987 original=1778566.1165167873 current=1778617.816745403 won=0 mode=1 camera_scale=1 keep_scale=0
ATTR_RADIUS o=42 raw_norm=47446.175405837537 norm=553.82318679567265 radius=8861.1709887307607 next_radius=8861.1709887307607 lambda=1.7251910499977077e-07 next_lambda=1.7251910499977077e-07 rho=0.25720823882164129 accept=1
CLASSICAL_LM o=42 lambda=1.7251910499977077e-07 tau=1.7251910499977077e-07 prediction=201.0053365806645 rho=0.25720823882164129 accept=1
  MFCG it  43 cost=1.778566e+06 lam=1.725e-07 tau=0.00e+00 cg_it=0 shift=0 ckpt=1 alpha=0 acc mv=361
PCG_PREP o=43 rebuild=1 drift=0 previous_depth=1
POINT_SAFE o=43 frozen=414 slope=-3240.4668727002454 candidate=1951269.3299327726 original=1778513.8481525716 current=1778566.1165167873 won=0 mode=1 camera_scale=1 keep_scale=0
ATTR_RADIUS o=43 raw_norm=46751.361187584269 norm=553.82318679567277 radius=8861.1709887307607 next_radius=8861.1709887307607 lambda=1.7251910499977077e-07 next_lambda=1.7251910499977077e-07 rho=0.26094958341499808 accept=1
CLASSICAL_LM o=43 lambda=1.7251910499977077e-07 tau=1.7251910499977077e-07 prediction=200.30062333002834 rho=0.26094958341499808 accept=1
  MFCG it  44 cost=1.778514e+06 lam=1.725e-07 tau=0.00e+00 cg_it=0 shift=0 ckpt=1 alpha=0 acc mv=363
PCG_PREP o=44 rebuild=1 drift=0 previous_depth=1
POINT_SAFE o=44 frozen=418 slope=-3234.4792406224215 candidate=1946785.6508211307 original=1778460.4953791089 current=1778513.8481525716 won=0 mode=1 camera_scale=1 keep_scale=0
ATTR_RADIUS o=44 raw_norm=46067.838743536238 norm=553.82318679567254 radius=8861.1709887307607 next_radius=8861.1709887307607 lambda=1.7251910499977077e-07 next_lambda=1.7251910499977077e-07 rho=0.26682276908136826 accept=1
CLASSICAL_LM o=44 lambda=1.7251910499977077e-07 tau=1.7251910499977077e-07 prediction=199.9558495189178 rho=0.26682276908136826 accept=1
  MFCG it  45 cost=1.778460e+06 lam=1.725e-07 tau=0.00e+00 cg_it=0 shift=0 ckpt=1 alpha=0 acc mv=365
PCG_PREP o=45 rebuild=1 drift=0 previous_depth=1
POINT_SAFE o=45 frozen=435 slope=-3234.0557277939197 candidate=1942263.0024391443 original=1778405.6495808873 current=1778460.4953791089 won=0 mode=1 camera_scale=1 keep_scale=0
ATTR_RADIUS o=45 raw_norm=45377.555780828232 norm=553.82318679567288 radius=8861.1709887307607 next_radius=8861.1709887307607 lambda=1.7251910499977077e-07 next_lambda=1.7251910499977077e-07 rho=0.27429429571045838 accept=1
CLASSICAL_LM o=45 lambda=1.7251910499977077e-07 tau=1.7251910499977077e-07 prediction=199.95238355063765 rho=0.27429429571045838 accept=1
  MFCG it  46 cost=1.778406e+06 lam=1.725e-07 tau=0.00e+00 cg_it=0 shift=0 ckpt=1 alpha=0 acc mv=367
PCG_PREP o=46 rebuild=1 drift=0 previous_depth=1
POINT_SAFE o=46 frozen=453 slope=-3235.082070341497 candidate=1936945.4559374051 original=1778348.7412892855 current=1778405.6495808873 won=0 mode=1 camera_scale=1 keep_scale=0
ATTR_RADIUS o=46 raw_norm=44744.257104037693 norm=553.82318679567243 radius=8861.1709887307607 next_radius=8861.1709887307607 lambda=1.7251910499977077e-07 next_lambda=1.7251910499977077e-07 rho=0.28447459241840556 accept=1
CLASSICAL_LM o=46 lambda=1.7251910499977077e-07 tau=1.7251910499977077e-07 prediction=200.047009885888 rho=0.28447459241840556 accept=1
  MFCG it  47 cost=1.778349e+06 lam=1.725e-07 tau=0.00e+00 cg_it=0 shift=0 ckpt=1 alpha=0 acc mv=369
PCG_PREP o=47 rebuild=1 drift=0 previous_depth=1
POINT_SAFE o=47 frozen=465 slope=-3238.7648653112537 candidate=1931520.2425417451 original=1778289.4312595287 current=1778348.7412892855 won=0 mode=1 camera_scale=1 keep_scale=0
ATTR_RADIUS o=47 raw_norm=44120.377314725869 norm=553.82318679567254 radius=8861.1709887307607 next_radius=8861.1709887307607 lambda=1.7251910499977077e-07 next_lambda=1.7251910499977077e-07 rho=0.29607757607914192 accept=1
CLASSICAL_LM o=47 lambda=1.7251910499977077e-07 tau=1.7251910499977077e-07 prediction=200.31922221928016 rho=0.29607757607914192 accept=1
  MFCG it  48 cost=1.778289e+06 lam=1.725e-07 tau=0.00e+00 cg_it=0 shift=0 ckpt=1 alpha=0 acc mv=371
PCG_PREP o=48 rebuild=1 drift=0 previous_depth=1
POINT_SAFE o=48 frozen=467 slope=-3245.0647863496488 candidate=1925983.9823710606 original=1778227.4013458404 current=1778289.4312595287 won=0 mode=1 camera_scale=1 keep_scale=0
ATTR_RADIUS o=48 raw_norm=43512.74162064027 norm=553.82318679567265 radius=8861.1709887307607 next_radius=8861.1709887307607 lambda=1.7251910499977077e-07 next_lambda=1.7251910499977077e-07 rho=0.30903555085419282 accept=1
CLASSICAL_LM o=48 lambda=1.7251910499977077e-07 tau=1.7251910499977077e-07 prediction=200.72096403425738 rho=0.30903555085419282 accept=1
  MFCG it  49 cost=1.778227e+06 lam=1.725e-07 tau=0.00e+00 cg_it=0 shift=0 ckpt=1 alpha=0 acc mv=373
PCG_PREP o=49 rebuild=1 drift=0 previous_depth=1
POINT_SAFE o=49 frozen=469 slope=-3251.9560782939925 candidate=1920208.3940236496 original=1778162.3354417388 current=1778227.4013458404 won=0 mode=1 camera_scale=1 keep_scale=0
ATTR_RADIUS o=49 raw_norm=42939.893549416476 norm=553.82318679567265 radius=8861.1709887307607 next_radius=8861.1709887307607 lambda=1.7251910499977077e-07 next_lambda=1.7251910499977077e-07 rho=0.32345534110392893 accept=1
CLASSICAL_LM o=49 lambda=1.7251910499977077e-07 tau=1.7251910499977077e-07 prediction=201.15884894503404 rho=0.32345534110392893 accept=1
  MFCG it  50 cost=1.778162e+06 lam=1.725e-07 tau=0.00e+00 cg_it=0 shift=0 ckpt=1 alpha=0 acc mv=375
PCG_PREP o=50 rebuild=1 drift=0 previous_depth=1
POINT_SAFE o=50 frozen=471 slope=-3259.2701785216559 candidate=1914287.2140018865 original=1778094.004713383 current=1778162.3354417388 won=0 mode=1 camera_scale=1 keep_scale=0
ATTR_RADIUS o=50 raw_norm=42387.687270397597 norm=553.82318679567254 radius=8861.1709887307607 next_radius=8861.1709887307607 lambda=1.7251910499977077e-07 next_lambda=1.7251910499977077e-07 rho=0.33889176764586121 accept=1
CLASSICAL_LM o=50 lambda=1.7251910499977077e-07 tau=1.7251910499977077e-07 prediction=201.62994465890989 rho=0.33889176764586121 accept=1
  MFCG it  51 cost=1.778094e+06 lam=1.725e-07 tau=0.00e+00 cg_it=0 shift=0 ckpt=1 alpha=0 acc mv=377
PCG_PREP o=51 rebuild=1 drift=0 previous_depth=1
POINT_SAFE o=51 frozen=486 slope=-3267.6240193173799 candidate=1908250.8687536588 original=1778022.1904238192 current=1778094.004713383 won=0 mode=1 camera_scale=1 keep_scale=0
ATTR_RADIUS o=51 raw_norm=41867.564038275472 norm=553.82318679567265 radius=8861.1709887307607 next_radius=8861.1709887307607 lambda=1.7251910499977077e-07 next_lambda=1.7251910499977077e-07 rho=0.35535524427873011 accept=1
CLASSICAL_LM o=51 lambda=1.7251910499977077e-07 tau=1.7251910499977077e-07 prediction=202.0915428153134 rho=0.35535524427873011 accept=1
  MFCG it  52 cost=1.778022e+06 lam=1.725e-07 tau=0.00e+00 cg_it=0 shift=0 ckpt=1 alpha=0 acc mv=379
PCG_PREP o=52 rebuild=1 drift=0 previous_depth=1
POINT_SAFE o=52 frozen=482 slope=-3275.4092255246042 candidate=1902444.7284797907 original=1777946.7872601859 current=1778022.1904238192 won=0 mode=1 camera_scale=1 keep_scale=0
ATTR_RADIUS o=52 raw_norm=41350.950529907619 norm=553.8231867956722 radius=8861.1709887307607 next_radius=8861.1709887307607 lambda=1.7251910499977077e-07 next_lambda=1.7251910499977077e-07 rho=0.37219459620599427 accept=1
CLASSICAL_LM o=52 lambda=1.7251910499977077e-07 tau=1.7251910499977077e-07 prediction=202.59069960160514 rho=0.37219459620599427 accept=1
  MFCG it  53 cost=1.777947e+06 lam=1.725e-07 tau=0.00e+00 cg_it=0 shift=0 ckpt=1 alpha=0 acc mv=381
PCG_PREP o=53 rebuild=1 drift=0 previous_depth=1
POINT_SAFE o=53 frozen=478 slope=-3282.105583941408 candidate=1896491.734010919 original=1777867.6852703879 current=1777946.7872601859 won=0 mode=1 camera_scale=1 keep_scale=0
ATTR_RADIUS o=53 raw_norm=40865.929493114454 norm=553.82318679567254 radius=8861.1709887307607 next_radius=8861.1709887307607 lambda=1.7251910499977077e-07 next_lambda=1.7251910499977077e-07 rho=0.38961667309231213 accept=1
CLASSICAL_LM o=53 lambda=1.7251910499977077e-07 tau=1.7251910499977077e-07 prediction=203.02516617217071 rho=0.38961667309231213 accept=1
  MFCG it  54 cost=1.777868e+06 lam=1.725e-07 tau=0.00e+00 cg_it=0 shift=0 ckpt=1 alpha=0 acc mv=383
PCG_PREP o=54 rebuild=1 drift=0 previous_depth=1
POINT_SAFE o=54 frozen=490 slope=-3288.4452501401493 candidate=1890759.8420625834 original=1777784.8321602182 current=1777867.6852703879 won=0 mode=1 camera_scale=1 keep_scale=0
ATTR_RADIUS o=54 raw_norm=40395.847901737332 norm=553.82318679567265 radius=8861.1709887307607 next_radius=8861.1709887307607 lambda=1.7251910499977077e-07 next_lambda=1.7251910499977077e-07 rho=0.40725741022700124 accept=1
CLASSICAL_LM o=54 lambda=1.7251910499977077e-07 tau=1.7251910499977077e-07 prediction=203.44162706229832 rho=0.40725741022700124 accept=1
  MFCG it  55 cost=1.777785e+06 lam=1.725e-07 tau=0.00e+00 cg_it=0 shift=0 ckpt=1 alpha=0 acc mv=385
PCG_PREP o=55 rebuild=1 drift=0 previous_depth=1
POINT_SAFE o=55 frozen=502 slope=-3291.2329580351275 candidate=1884970.107468718 original=1777698.1737719723 current=1777784.8321602182 won=0 mode=1 camera_scale=1 keep_scale=0
ATTR_RADIUS o=55 raw_norm=39957.757752690348 norm=553.82318679567265 radius=8861.1709887307607 next_radius=8861.1709887307607 lambda=1.7251910499977077e-07 next_lambda=1.7251910499977077e-07 rho=0.42529754755713733 accept=1
CLASSICAL_LM o=55 lambda=1.7251910499977077e-07 tau=1.7251910499977077e-07 prediction=203.75943558482084 rho=0.42529754755713733 accept=1
  MFCG it  56 cost=1.777698e+06 lam=1.725e-07 tau=0.00e+00 cg_it=0 shift=0 ckpt=1 alpha=0 acc mv=387
PCG_PREP o=56 rebuild=1 drift=0 previous_depth=1
POINT_SAFE o=56 frozen=504 slope=-3297.3447488458764 candidate=1879387.6024914279 original=1777607.7103174445 current=1777698.1737719723 won=0 mode=1 camera_scale=1 keep_scale=0
ATTR_RADIUS o=56 raw_norm=39523.990554311022 norm=553.82318679567254 radius=8861.1709887307607 next_radius=8861.1709887307607 lambda=1.7251910499977077e-07 next_lambda=1.7251910499977077e-07 rho=0.44331495037880286 accept=1
CLASSICAL_LM o=56 lambda=1.7251910499977077e-07 tau=1.7251910499977077e-07 prediction=204.06136641789632 rho=0.44331495037880286 accept=1
  MFCG it  57 cost=1.777608e+06 lam=1.725e-07 tau=0.00e+00 cg_it=0 shift=0 ckpt=1 alpha=0 acc mv=389
PCG_PREP o=57 rebuild=1 drift=0 previous_depth=1
POINT_SAFE o=57 frozen=513 slope=-3301.4113345777068 candidate=1874095.4125007796 original=1777513.4819271027 current=1777607.7103174445 won=0 mode=1 camera_scale=1 keep_scale=0
ATTR_RADIUS o=57 raw_norm=39096.997363271417 norm=553.82318679567277 radius=8861.1709887307607 next_radius=8861.1709887307607 lambda=1.7251910499977077e-07 next_lambda=1.7251910499977077e-07 rho=0.4610921974006052 accept=1
CLASSICAL_LM o=57 lambda=1.7251910499977077e-07 tau=1.7251910499977077e-07 prediction=204.35910838020564 rho=0.4610921974006052 accept=1
  MFCG it  58 cost=1.777513e+06 lam=1.725e-07 tau=0.00e+00 cg_it=0 shift=0 ckpt=1 alpha=0 acc mv=391
PCG_PREP o=58 rebuild=1 drift=0 previous_depth=1
POINT_SAFE o=58 frozen=521 slope=-3302.4697784425189 candidate=1868961.4506460011 original=1777415.5542562215 current=1777513.4819271027 won=0 mode=1 camera_scale=1 keep_scale=0
ATTR_RADIUS o=58 raw_norm=38691.928019903382 norm=553.82318679567265 radius=8861.1709887307607 next_radius=8861.1709887307607 lambda=1.7251910499977077e-07 next_lambda=1.7251910499977077e-07 rho=0.47870718808017454 accept=1
CLASSICAL_LM o=58 lambda=1.7251910499977077e-07 tau=1.7251910499977077e-07 prediction=204.56695307602337 rho=0.47870718808017454 accept=1
  MFCG it  59 cost=1.777416e+06 lam=1.725e-07 tau=0.00e+00 cg_it=0 shift=0 ckpt=1 alpha=0 acc mv=393
PCG_PREP o=59 rebuild=1 drift=0 previous_depth=1
POINT_SAFE o=59 frozen=519 slope=-3306.4152434658613 candidate=1864081.9031214677 original=1777314.0264974551 current=1777415.5542562215 won=0 mode=1 camera_scale=1 keep_scale=0
ATTR_RADIUS o=59 raw_norm=38281.028550218361 norm=553.82318679567254 radius=8861.1709887307607 next_radius=8861.1709887307607 lambda=1.7251910499977077e-07 next_lambda=1.7251910499977077e-07 rho=0.49587566377077713 accept=1
CLASSICAL_LM o=59 lambda=1.7251910499977077e-07 tau=1.7251910499977077e-07 prediction=204.74438691825671 rho=0.49587566377077713 accept=1
  MFCG it  60 cost=1.777314e+06 lam=1.725e-07 tau=0.00e+00 cg_it=0 shift=0 ckpt=1 alpha=0 acc mv=395
PCG_PREP o=60 rebuild=1 drift=0 previous_depth=1
POINT_SAFE o=60 frozen=524 slope=-3302.8682882569565 candidate=1859053.3300701177 original=1777309.7040324567 current=1777314.0264974551 won=0 mode=1 camera_scale=1 keep_scale=0
ATTR_RADIUS o=60 raw_norm=37927.597467416788 norm=8861.1709887307588 radius=8861.1709887307607 next_radius=2215.2927471826902 lambda=1.7251910499977077e-07 next_lambda=2.7603056799963323e-06 rho=0.01067420434552453 accept=0
CLASSICAL_LM o=60 lambda=1.7251910499977077e-07 tau=1.7251910499977077e-07 prediction=404.94493626198386 rho=0.01067420434552453 accept=0
  MFCG it  61  retry 1/8  lam=2.760e-06 tau_eff=1.725e-07  (assembly reused)
PCG_PREP o=60 rebuild=1 drift=0 previous_depth=1
POINT_SAFE o=60 frozen=118 slope=-2269.9433868847582 candidate=1778110.4544588167 original=1776891.5137736297 current=1777314.0264974551 won=0 mode=1 camera_scale=1 keep_scale=0
ATTR_RADIUS o=60 raw_norm=14013.400646825758 norm=1107.6463735913451 radius=2215.2927471826902 next_radius=2215.2927471826902 lambda=2.7603056799963323e-06 next_lambda=2.7603056799963325e-07 rho=0.40459584794852527 accept=1
CLASSICAL_LM o=60 lambda=2.7603056799963323e-06 tau=2.7603056799963323e-06 prediction=1044.2833903702356 rho=0.40459584794852527 accept=1
  MFCG it  61 cost=1.776892e+06 lam=2.760e-07 tau=0.00e+00 cg_it=0 shift=0 ckpt=1 alpha=0 acc mv=399
PCG_PREP o=61 rebuild=1 drift=0 previous_depth=1
POINT_SAFE o=61 frozen=99 slope=-1107.685898115637 candidate=1777608.1301658398 original=1776779.0956362989 current=1776891.5137736297 won=0 mode=1 camera_scale=1 keep_scale=0
ATTR_RADIUS o=61 raw_norm=32811.942466937049 norm=1107.6463735913451 radius=2215.2927471826902 next_radius=553.82318679567254 lambda=2.7603056799963325e-07 next_lambda=4.416489087994132e-06 rho=0.21915546327831803 accept=1
CLASSICAL_LM o=61 lambda=2.7603056799963325e-07 tau=2.7603056799963325e-07 prediction=512.96068849549283 rho=0.21915546327831803 accept=1
  MFCG it  62 cost=1.776779e+06 lam=4.416e-06 tau=0.00e+00 cg_it=0 shift=0 ckpt=1 alpha=0 acc mv=401
PCG_PREP o=62 rebuild=1 drift=0 previous_depth=1
ATTR_RADIUS o=62 raw_norm=10973.067602002819 norm=553.82318679567231 radius=553.82318679567254 next_radius=1107.6463735913451 lambda=4.416489087994132e-06 next_lambda=1.104122271998533e-06 rho=0.79789305967588953 accept=1
CLASSICAL_LM o=62 lambda=4.416489087994132e-06 tau=4.416489087994132e-06 prediction=657.52079242706509 rho=0.79789305967588953 accept=1
  MFCG it  63 cost=1.776254e+06 lam=1.104e-06 tau=0.00e+00 cg_it=0 shift=0 ckpt=1 alpha=0 acc mv=403
PCG_PREP o=63 rebuild=1 drift=0 previous_depth=1
ATTR_RADIUS o=63 raw_norm=20271.857145974351 norm=1107.6463735913453 radius=1107.6463735913451 next_radius=1107.6463735913451 lambda=1.104122271998533e-06 next_lambda=1.104122271998533e-06 rho=0.27213763413808023 accept=1
CLASSICAL_LM o=63 lambda=1.104122271998533e-06 tau=1.104122271998533e-06 prediction=635.55868203470982 rho=0.27213763413808023 accept=1
  MFCG it  64 cost=1.776082e+06 lam=1.104e-06 tau=0.00e+00 cg_it=0 shift=0 ckpt=1 alpha=0 acc mv=405
PCG_PREP o=64 rebuild=1 drift=0 previous_depth=1
POINT_SAFE o=64 frozen=201 slope=-691.67353844658919 candidate=1775871.559339941 original=1775856.6012646309 current=1776081.5049233439 won=0 mode=1 camera_scale=1 keep_scale=0
ATTR_RADIUS o=64 raw_norm=19829.914762679738 norm=553.82318679567243 radius=1107.6463735913451 next_radius=1107.6463735913451 lambda=1.104122271998533e-06 next_lambda=1.7251910499977077e-07 rho=0.66421756946079202 accept=1
CLASSICAL_LM o=64 lambda=1.104122271998533e-06 tau=1.104122271998533e-06 prediction=338.59938227101816 rho=0.66421756946079202 accept=1
  MFCG it  65 cost=1.775857e+06 lam=1.725e-07 tau=0.00e+00 cg_it=0 shift=0 ckpt=1 alpha=0 acc mv=407
PCG_PREP o=65 rebuild=1 drift=0 previous_depth=1
ATTR_RADIUS o=65 raw_norm=34827.425477549717 norm=1107.6463735913444 radius=1107.6463735913451 next_radius=1107.6463735913451 lambda=1.7251910499977077e-07 next_lambda=1.7251910499977077e-07 rho=0.44361094856755134 accept=1
CLASSICAL_LM o=65 lambda=1.7251910499977077e-07 tau=1.7251910499977077e-07 prediction=389.88589190712355 rho=0.44361094856755134 accept=1
  MFCG it  66 cost=1.775684e+06 lam=1.725e-07 tau=0.00e+00 cg_it=0 shift=0 ckpt=1 alpha=0 acc mv=409
PCG_PREP o=66 rebuild=1 drift=0 previous_depth=1
ATTR_RADIUS o=66 raw_norm=34206.127756171554 norm=1107.6463735913449 radius=1107.6463735913451 next_radius=1107.6463735913451 lambda=1.7251910499977077e-07 next_lambda=1.7251910499977077e-07 rho=0.48279849773220879 accept=1
CLASSICAL_LM o=66 lambda=1.7251910499977077e-07 tau=1.7251910499977077e-07 prediction=391.01327836364237 rho=0.48279849773220879 accept=1
  MFCG it  67 cost=1.775495e+06 lam=1.725e-07 tau=0.00e+00 cg_it=0 shift=0 ckpt=1 alpha=0 acc mv=411
PCG_PREP o=67 rebuild=1 drift=0 previous_depth=1
ATTR_RADIUS o=67 raw_norm=33661.225980669231 norm=1107.6463735913451 radius=1107.6463735913451 next_radius=1107.6463735913451 lambda=1.7251910499977077e-07 next_lambda=1.7251910499977077e-07 rho=0.51645520157789526 accept=1
CLASSICAL_LM o=67 lambda=1.7251910499977077e-07 tau=1.7251910499977077e-07 prediction=392.67089324112681 rho=0.51645520157789526 accept=1
  MFCG it  68 cost=1.775292e+06 lam=1.725e-07 tau=0.00e+00 cg_it=0 shift=0 ckpt=1 alpha=0 acc mv=413
PCG_PREP o=68 rebuild=1 drift=0 previous_depth=1
ATTR_RADIUS o=68 raw_norm=33219.917019637585 norm=1107.6463735913458 radius=1107.6463735913451 next_radius=1107.6463735913451 lambda=1.7251910499977077e-07 next_lambda=1.7251910499977077e-07 rho=0.54441239518740503 accept=1
CLASSICAL_LM o=68 lambda=1.7251910499977077e-07 tau=1.7251910499977077e-07 prediction=393.91390842388023 rho=0.54441239518740503 accept=1
  MFCG it  69 cost=1.775078e+06 lam=1.725e-07 tau=0.00e+00 cg_it=0 shift=0 ckpt=1 alpha=0 acc mv=415
PCG_PREP o=69 rebuild=1 drift=0 previous_depth=1
ATTR_RADIUS o=69 raw_norm=32920.098531677031 norm=1107.6463735913458 radius=1107.6463735913451 next_radius=1107.6463735913451 lambda=1.7251910499977077e-07 next_lambda=1.7251910499977077e-07 rho=0.57822341261875043 accept=1
CLASSICAL_LM o=69 lambda=1.7251910499977077e-07 tau=1.7251910499977077e-07 prediction=394.51047670699546 rho=0.57822341261875043 accept=1
  MFCG it  70 cost=1.774849e+06 lam=1.725e-07 tau=0.00e+00 cg_it=0 shift=0 ckpt=1 alpha=0 acc mv=417
PCG_PREP o=70 rebuild=1 drift=0 previous_depth=1
ATTR_RADIUS o=70 raw_norm=32533.662449633135 norm=1107.6463735913453 radius=1107.6463735913451 next_radius=1107.6463735913451 lambda=1.7251910499977077e-07 next_lambda=1.7251910499977077e-07 rho=0.60950324269260292 accept=1
CLASSICAL_LM o=70 lambda=1.7251910499977077e-07 tau=1.7251910499977077e-07 prediction=391.31808841868269 rho=0.60950324269260292 accept=1
  MFCG it  71 cost=1.774611e+06 lam=1.725e-07 tau=0.00e+00 cg_it=0 shift=0 ckpt=1 alpha=0 acc mv=419
PCG_PREP o=71 rebuild=1 drift=0 previous_depth=1
ATTR_RADIUS o=71 raw_norm=32205.382511019161 norm=1107.6463735913451 radius=1107.6463735913451 next_radius=1107.6463735913451 lambda=1.7251910499977077e-07 next_lambda=1.7251910499977077e-07 rho=0.63821898876440575 accept=1
CLASSICAL_LM o=71 lambda=1.7251910499977077e-07 tau=1.7251910499977077e-07 prediction=388.44900435627596 rho=0.63821898876440575 accept=1
  MFCG it  72 cost=1.774363e+06 lam=1.725e-07 tau=0.00e+00 cg_it=0 shift=0 ckpt=1 alpha=0 acc mv=421
PCG_PREP o=72 rebuild=1 drift=0 previous_depth=1
ATTR_RADIUS o=72 raw_norm=31975.939193680533 norm=1107.6463735913455 radius=1107.6463735913451 next_radius=1107.6463735913451 lambda=1.7251910499977077e-07 next_lambda=1.7251910499977077e-07 rho=0.66539965604668605 accept=1
CLASSICAL_LM o=72 lambda=1.7251910499977077e-07 tau=1.7251910499977077e-07 prediction=384.35610394864386 rho=0.66539965604668605 accept=1
  MFCG it  73 cost=1.774107e+06 lam=1.725e-07 tau=0.00e+00 cg_it=0 shift=0 ckpt=1 alpha=0 acc mv=423
PCG_PREP o=73 rebuild=1 drift=0 previous_depth=1
ATTR_RADIUS o=73 raw_norm=31828.00011869568 norm=1107.6463735913451 radius=1107.6463735913451 next_radius=1107.6463735913451 lambda=1.7251910499977077e-07 next_lambda=1.7251910499977077e-07 rho=0.69158497190182078 accept=1
CLASSICAL_LM o=73 lambda=1.7251910499977077e-07 tau=1.7251910499977077e-07 prediction=378.98572059060689 rho=0.69158497190182078 accept=1
  MFCG it  74 cost=1.773845e+06 lam=1.725e-07 tau=0.00e+00 cg_it=0 shift=0 ckpt=1 alpha=0 acc mv=425
PCG_PREP o=74 rebuild=1 drift=0 previous_depth=1
ATTR_RADIUS o=74 raw_norm=31671.874591229462 norm=1107.6463735913446 radius=1107.6463735913451 next_radius=1107.6463735913451 lambda=1.7251910499977077e-07 next_lambda=1.7251910499977077e-07 rho=0.71592970366751219 accept=1
CLASSICAL_LM o=74 lambda=1.7251910499977077e-07 tau=1.7251910499977077e-07 prediction=373.51215946779359 rho=0.71592970366751219 accept=1
  MFCG it  75 cost=1.773578e+06 lam=1.725e-07 tau=0.00e+00 cg_it=0 shift=0 ckpt=1 alpha=0 acc mv=427
PCG_PREP o=75 rebuild=1 drift=0 previous_depth=1
ATTR_RADIUS o=75 raw_norm=31589.87015678289 norm=1107.6463735913453 radius=1107.6463735913451 next_radius=1107.6463735913451 lambda=1.7251910499977077e-07 next_lambda=1.7251910499977077e-07 rho=0.73927437156221576 accept=1
CLASSICAL_LM o=75 lambda=1.7251910499977077e-07 tau=1.7251910499977077e-07 prediction=367.08353210273117 rho=0.73927437156221576 accept=1
  MFCG it  76 cost=1.773306e+06 lam=1.725e-07 tau=0.00e+00 cg_it=0 shift=0 ckpt=1 alpha=0 acc mv=429
PCG_PREP o=76 rebuild=1 drift=0 previous_depth=1
ATTR_RADIUS o=76 raw_norm=31560.685869647306 norm=1107.6463735913449 radius=1107.6463735913451 next_radius=2215.2927471826902 lambda=1.7251910499977077e-07 next_lambda=1.7251910499977077e-07 rho=0.76156788473084702 accept=1
CLASSICAL_LM o=76 lambda=1.7251910499977077e-07 tau=1.7251910499977077e-07 prediction=360.12194433187238 rho=0.76156788473084702 accept=1
  MFCG it  77 cost=1.773032e+06 lam=1.725e-07 tau=0.00e+00 cg_it=0 shift=0 ckpt=1 alpha=0 acc mv=431
PCG_PREP o=77 rebuild=1 drift=0 previous_depth=1
ATTR_RADIUS o=77 raw_norm=60763.666804183056 norm=2215.2927471826902 radius=2215.2927471826902 next_radius=4430.5854943653803 lambda=1.7251910499977077e-07 next_lambda=1.7251910499977077e-07 rho=0.95265028198789947 accept=1
CLASSICAL_LM o=77 lambda=1.7251910499977077e-07 tau=1.7251910499977077e-07 prediction=1475.9763448102995 rho=0.95265028198789947 accept=1
  MFCG it  78 cost=1.771626e+06 lam=1.725e-07 tau=0.00e+00 cg_it=4 shift=0 ckpt=5 alpha=0 acc mv=437
PCG_PREP o=78 rebuild=1 drift=0 previous_depth=5
ATTR_RADIUS o=78 raw_norm=60989.895539608689 norm=4430.5854943653803 radius=4430.5854943653803 next_radius=8861.1709887307607 lambda=1.7251910499977077e-07 next_lambda=1.7251910499977077e-07 rho=0.86903941512831562 accept=1
CLASSICAL_LM o=78 lambda=1.7251910499977077e-07 tau=1.7251910499977077e-07 prediction=2791.6208190403395 rho=0.86903941512831562 accept=1
  MFCG it  79 cost=1.769200e+06 lam=1.725e-07 tau=0.00e+00 cg_it=4 shift=0 ckpt=5 alpha=0 acc mv=443
PCG_PREP o=79 rebuild=1 drift=0 previous_depth=5
POINT_SAFE o=79 frozen=1029 slope=-3266.1472643776137 candidate=1772350.4601018387 original=1768866.207619495 current=1769200.063824716 won=0 mode=1 camera_scale=1 keep_scale=0
ATTR_RADIUS o=79 raw_norm=29954.750932707993 norm=4430.5854943653794 radius=8861.1709887307607 next_radius=2215.2927471826902 lambda=1.7251910499977077e-07 next_lambda=2.7603056799963323e-06 rho=0.22827898576057509 accept=1
CLASSICAL_LM o=79 lambda=1.7251910499977077e-07 tau=1.7251910499977077e-07 prediction=1462.492064736917 rho=0.22827898576057509 accept=1
  MFCG it  80 cost=1.768866e+06 lam=2.760e-06 tau=0.00e+00 cg_it=0 shift=0 ckpt=1 alpha=0 acc mv=445
PCG_PREP o=80 rebuild=1 drift=0 previous_depth=1
ATTR_RADIUS o=80 raw_norm=8734.2557430746092 norm=2215.2927471826915 radius=2215.2927471826902 next_radius=2215.2927471826902 lambda=2.7603056799963323e-06 next_lambda=2.7603056799963323e-06 rho=0.71911424513426059 accept=1
CLASSICAL_LM o=80 lambda=2.7603056799963323e-06 tau=2.7603056799963323e-06 prediction=2299.3604872613996 rho=0.71911424513426059 accept=1
  MFCG it  81 cost=1.767213e+06 lam=2.760e-06 tau=0.00e+00 cg_it=0 shift=0 ckpt=1 alpha=0 acc mv=447
PCG_PREP o=81 rebuild=1 drift=0 previous_depth=1
ATTR_RADIUS o=81 raw_norm=31318.36376178982 norm=2215.2927471826897 radius=2215.2927471826902 next_radius=4430.5854943653803 lambda=2.7603056799963323e-06 next_lambda=6.9007641999908307e-07 rho=1.0036179511135714 accept=1
CLASSICAL_LM o=81 lambda=2.7603056799963323e-06 tau=2.7603056799963323e-06 prediction=2316.995258124266 rho=1.0036179511135714 accept=1
  MFCG it  82 cost=1.764887e+06 lam=6.901e-07 tau=0.00e+00 cg_it=4 shift=0 ckpt=5 alpha=0 acc mv=453
PCG_PREP o=82 rebuild=1 drift=0 previous_depth=5
ATTR_RADIUS o=82 raw_norm=52084.765408074163 norm=4430.5854943653803 radius=4430.5854943653803 next_radius=4430.5854943653803 lambda=6.9007641999908307e-07 next_lambda=6.9007641999908307e-07 rho=0.49935489115067377 accept=1
CLASSICAL_LM o=82 lambda=6.9007641999908307e-07 tau=6.9007641999908307e-07 prediction=3413.1122157287741 rho=0.49935489115067377 accept=1
  MFCG it  83 cost=1.763183e+06 lam=6.901e-07 tau=0.00e+00 cg_it=6 shift=0 ckpt=7 alpha=0 acc mv=461
PCG_PREP o=83 rebuild=1 drift=0 previous_depth=7
ATTR_RADIUS o=83 raw_norm=38050.769263422713 norm=4430.5854943653785 radius=4430.5854943653803 next_radius=4430.5854943653803 lambda=6.9007641999908307e-07 next_lambda=6.9007641999908307e-07 rho=0.57497048381658855 accept=1
CLASSICAL_LM o=83 lambda=6.9007641999908307e-07 tau=6.9007641999908307e-07 prediction=4328.6712998666553 rho=0.57497048381658855 accept=1
  MFCG it  84 cost=1.760694e+06 lam=6.901e-07 tau=0.00e+00 cg_it=3 shift=0 ckpt=4 alpha=0 acc mv=466
PCG_PREP o=84 rebuild=1 drift=0 previous_depth=4
ATTR_RADIUS o=84 raw_norm=58531.792685120556 norm=4430.5854943653776 radius=4430.5854943653803 next_radius=8861.1709887307607 lambda=6.9007641999908307e-07 next_lambda=1.7251910499977077e-07 rho=0.79514762658709814 accept=1
CLASSICAL_LM o=84 lambda=6.9007641999908307e-07 tau=6.9007641999908307e-07 prediction=4309.4203772135997 rho=0.79514762658709814 accept=1
  MFCG it  85 cost=1.757267e+06 lam=1.725e-07 tau=0.00e+00 cg_it=6 shift=0 ckpt=7 alpha=0 acc mv=474
PCG_PREP o=85 rebuild=1 drift=0 previous_depth=7
ATTR_RADIUS o=85 raw_norm=94934.956074113696 norm=8861.170988730757 radius=8861.1709887307607 next_radius=8861.1709887307607 lambda=1.7251910499977077e-07 next_lambda=1.7251910499977077e-07 rho=0.58789884502404144 accept=1
CLASSICAL_LM o=85 lambda=1.7251910499977077e-07 tau=1.7251910499977077e-07 prediction=4561.60236062484 rho=0.58789884502404144 accept=1
  MFCG it  86 cost=1.754586e+06 lam=1.725e-07 tau=0.00e+00 cg_it=7 shift=0 ckpt=8 alpha=0 acc mv=483
PCG_PREP o=86 rebuild=1 drift=0 previous_depth=8
ATTR_RADIUS o=86 raw_norm=37771.587737683978 norm=8861.1709887307643 radius=8861.1709887307607 next_radius=17722.341977461521 lambda=1.7251910499977077e-07 next_lambda=1.7251910499977077e-07 rho=0.80329914321990847 accept=1
CLASSICAL_LM o=86 lambda=1.7251910499977077e-07 tau=1.7251910499977077e-07 prediction=2898.4861125413145 rho=0.80329914321990847 accept=1
  MFCG it  87 cost=1.752257e+06 lam=1.725e-07 tau=0.00e+00 cg_it=0 shift=0 ckpt=1 alpha=0 acc mv=485
PCG_PREP o=87 rebuild=1 drift=0 previous_depth=1
POINT_SAFE o=87 frozen=769 slope=-9914.7655890314418 candidate=1777005.4348546667 original=1750820.5239061429 current=1752257.3766391533 won=0 mode=1 camera_scale=1 keep_scale=0
ATTR_RADIUS o=87 raw_norm=82046.231803639472 norm=8861.1709887307625 radius=17722.341977461521 next_radius=17722.341977461521 lambda=1.7251910499977077e-07 next_lambda=1.7251910499977077e-07 rho=0.30508691275865363 accept=1
CLASSICAL_LM o=87 lambda=1.7251910499977077e-07 tau=1.7251910499977077e-07 prediction=4709.6505058775929 rho=0.30508691275865363 accept=1
  MFCG it  88 cost=1.750821e+06 lam=1.725e-07 tau=0.00e+00 cg_it=8 shift=0 ckpt=9 alpha=0 acc mv=495
PCG_PREP o=88 rebuild=1 drift=0 previous_depth=9
ATTR_RADIUS o=88 raw_norm=36929.224885976961 norm=17722.341977461532 radius=17722.341977461521 next_radius=35444.683954923043 lambda=1.7251910499977077e-07 next_lambda=1.7251910499977077e-07 rho=0.79874590261524603 accept=1
CLASSICAL_LM o=88 lambda=1.7251910499977077e-07 tau=1.7251910499977077e-07 prediction=4916.6726199619216 rho=0.79874590261524603 accept=1
  MFCG it  89 cost=1.746893e+06 lam=1.725e-07 tau=0.00e+00 cg_it=0 shift=0 ckpt=1 alpha=0 acc mv=497
PCG_PREP o=89 rebuild=1 drift=0 previous_depth=1
POINT_SAFE o=89 frozen=2088 slope=-26396.764784300507 candidate=2121493.5467255823 original=1743053.5971140924 current=1746893.3517964478 won=0 mode=1 camera_scale=1 keep_scale=0
ATTR_RADIUS o=89 raw_norm=75771.823594307672 norm=8861.1709887307661 radius=35444.683954923043 next_radius=35444.683954923043 lambda=1.7251910499977077e-07 next_lambda=1.7251910499977077e-07 rho=0.60616898277236198 accept=1
CLASSICAL_LM o=89 lambda=1.7251910499977077e-07 tau=1.7251910499977077e-07 prediction=6334.462487331346 rho=0.60616898277236198 accept=1
TARGET reached outer=90 seconds=5.095733066 cost=1743053.5971140924 threshold=1744796.9841897595
  MFCG: accepts=90 rejects=8 total_matvecs=511 negcurv=1 cand_evals=98 mean_cg_per_outer=5.7
NUMERIC_REPAIR summary rebuilds=1 floor=1.7251910499977077e-07
  [retry-cache] builds=99 reuses=0
  [menu-backtrack] trials=60 rescues=54 evals=320 total_scored=418
POINT_SAFE summary calls=60 evals=60 wins=13 frozen=31330 seconds=0.714148414
  [scoring] menu_evals=98 alpha_evals=0 backtrack_evals=320 total_scored=418
RESULT algo=mfree_shifted_cg iters=90 final_cost=1743053.5971140924 solve_seconds=5.103676
DIAGNOSTICS median_reproj_err_px 2.704502 -> 0.547949 | cheirality_violations(obs) 751 -> 778 | cheirality_violations(pts, of 310854) 725 -> 742
