[R10] --zero_k2: all k2 set to 0 at load
Loaded /workspace/bal/venice-52.txt: ncam=52 npt=64053 nobs=347173 n=192471
[R10] --dof9: refining f,k1 per camera (52 cameras)
  [menu-backtrack] active=1 max_evals=8 warmup_accepts=3 confirm_stop=original armijo=1e-4
MIXED_STORAGE fragments=fp32 arithmetic=fp64 state=fp64 acceptance=fp64
  [compact-fragments] active=2 saved_bytes=36105992 storage=fp32 camera_reads=contiguous
  MFCG score_init=11152062.77276247 precision=fp64
PCG_PREP o=0 rebuild=1 drift=0 previous_depth=0
ATTR_RADIUS o=0 raw_norm=3225.3525896296692 norm=3225.3525896296692 radius=3225.3525896296692 next_radius=6450.7051792593384 lambda=0.10000000000000001 next_lambda=0.025000000000000001 rho=0.99997438839510666 accept=1
CLASSICAL_LM o=0 lambda=0.10000000000000001 tau=0.10000000000000001 prediction=8877594.987740038 rho=0.99997438839510666 accept=1
  MFCG it   1 cost=2.274695e+06 lam=2.500e-02 tau=0.00e+00 cg_it=0 shift=0 ckpt=1 alpha=0 acc mv=2
PCG_PREP o=1 rebuild=1 drift=0 previous_depth=1
ATTR_RADIUS o=1 raw_norm=2725.1440498078446 norm=2725.1440498078446 radius=6450.7051792593384 next_radius=6450.7051792593384 lambda=0.025000000000000001 next_lambda=0.0025000000000000005 rho=0.99701845569054837 accept=1
CLASSICAL_LM o=1 lambda=0.025000000000000001 tau=0.025000000000000001 prediction=770789.73816058738 rho=0.99701845569054837 accept=1
  MFCG it   2 cost=1.506204e+06 lam=2.500e-03 tau=0.00e+00 cg_it=4 shift=0 ckpt=5 alpha=0 acc mv=8
PCG_PREP o=2 rebuild=1 drift=0 previous_depth=5
ATTR_RADIUS o=2 raw_norm=9578.8535291654189 norm=6450.7051792593402 radius=6450.7051792593384 next_radius=12901.410358518677 lambda=0.0025000000000000005 next_lambda=0.00062500000000000012 rho=0.99788045990933028 accept=1
CLASSICAL_LM o=2 lambda=0.0025000000000000005 tau=0.0025000000000000005 prediction=379875.54087330343 rho=0.99788045990933028 accept=1
  MFCG it   3 cost=1.127133e+06 lam=6.250e-04 tau=0.00e+00 cg_it=6 shift=0 ckpt=7 alpha=0 acc mv=16
PCG_PREP o=3 rebuild=1 drift=0 previous_depth=7
ATTR_RADIUS o=3 raw_norm=20859.307736754585 norm=12901.410358518675 radius=12901.410358518677 next_radius=25802.820717037353 lambda=0.00062500000000000012 next_lambda=0.00015625000000000003 rho=1.0093969216306156 accept=1
CLASSICAL_LM o=3 lambda=0.00062500000000000012 tau=0.00062500000000000012 prediction=304236.92171974649 rho=1.0093969216306156 accept=1
  MFCG it   4 cost=8.200374e+05 lam=1.563e-04 tau=0.00e+00 cg_it=5 shift=0 ckpt=6 alpha=0 acc mv=23
PCG_PREP o=4 rebuild=1 drift=0 previous_depth=6
ATTR_RADIUS o=4 raw_norm=36747.14469776718 norm=25802.820717037353 radius=25802.820717037353 next_radius=51605.641434074707 lambda=0.00015625000000000003 next_lambda=3.9062500000000008e-05 rho=0.98437153824881185 accept=1
CLASSICAL_LM o=4 lambda=0.00015625000000000003 tau=0.00015625000000000003 prediction=327617.41562940675 rho=0.98437153824881185 accept=1
  MFCG it   5 cost=4.975401e+05 lam=3.906e-05 tau=0.00e+00 cg_it=8 shift=0 ckpt=9 alpha=0 acc mv=33
PCG_PREP o=5 rebuild=1 drift=0 previous_depth=9
POINT_SAFE o=5 frozen=1464 slope=-317535.16447258426 candidate=381890.57170094317 original=373473.48943650507 current=497540.1090292072 won=0 mode=1 camera_scale=1 keep_scale=0
ATTR_RADIUS o=5 raw_norm=37463.339916813668 norm=18731.669958406834 radius=51605.641434074707 next_radius=51605.641434074707 lambda=3.9062500000000008e-05 next_lambda=3.9062500000000009e-06 rho=0.96839028979806152 accept=1
CLASSICAL_LM o=5 lambda=3.9062500000000008e-05 tau=3.9062500000000008e-05 prediction=128116.33997132887 rho=0.96839028979806152 accept=1
  MFCG it   6 cost=3.734735e+05 lam=3.906e-06 tau=0.00e+00 cg_it=6 shift=0 ckpt=7 alpha=0 acc mv=41
PCG_PREP o=6 rebuild=1 drift=0 previous_depth=7
POINT_SAFE o=6 frozen=670 slope=-179589.07907504356 candidate=403764.26370785147 original=368581.36754160194 current=373473.48943650507 won=0 mode=1 camera_scale=1 keep_scale=0
ATTR_RADIUS o=6 raw_norm=50229.773496586888 norm=50229.773496586888 radius=51605.641434074707 next_radius=12901.410358518677 lambda=3.9062500000000009e-06 next_lambda=6.2500000000000015e-05 rho=0.067438149385093904 accept=0
CLASSICAL_LM o=6 lambda=3.9062500000000009e-06 tau=3.9062500000000009e-06 prediction=72542.350872760682 rho=0.067438149385093904 accept=0
  MFCG it   7  retry 1/8  lam=6.250e-05 tau_eff=3.906e-06  (assembly reused)
PCG_PREP o=6 rebuild=1 drift=0 previous_depth=6
ATTR_RADIUS o=6 raw_norm=19848.981271472156 norm=12901.410358518677 radius=12901.410358518677 next_radius=25802.820717037353 lambda=6.2500000000000015e-05 next_lambda=1.5625000000000004e-05 rho=0.88264653914665125 accept=1
CLASSICAL_LM o=6 lambda=6.2500000000000015e-05 tau=6.2500000000000015e-05 prediction=68725.645287465712 rho=0.88264653914665125 accept=1
  MFCG it   7 cost=3.128130e+05 lam=1.563e-05 tau=0.00e+00 cg_it=5 shift=0 ckpt=6 alpha=0 acc mv=55
PCG_PREP o=7 rebuild=1 drift=0 previous_depth=6
POINT_SAFE o=7 frozen=179 slope=-71080.723169718083 candidate=285659.13591299282 original=290316.66184194072 current=312813.0364729031 won=1 mode=1 camera_scale=1 keep_scale=0
ATTR_RADIUS o=7 raw_norm=22599.897676908186 norm=22599.897676908186 radius=25802.820717037353 next_radius=25802.820717037353 lambda=1.5625000000000004e-05 next_lambda=1.5625000000000004e-05 rho=0.69104489378897205 accept=1
CLASSICAL_LM o=7 lambda=1.5625000000000004e-05 tau=1.5625000000000004e-05 prediction=39293.974680901716 rho=0.69104489378897205 accept=1
  MFCG it   8 cost=2.856591e+05 lam=1.563e-05 tau=0.00e+00 cg_it=5 shift=0 ckpt=6 alpha=0 acc mv=62
PCG_PREP o=8 rebuild=1 drift=0 previous_depth=6
POINT_SAFE o=8 frozen=172 slope=-35253.056703690498 candidate=271070.76136060618 original=280479.50123276981 current=285659.13591299282 won=1 mode=1 camera_scale=1 keep_scale=0
ATTR_RADIUS o=8 raw_norm=7069.8967920320501 norm=7069.8967920320501 radius=25802.820717037353 next_radius=25802.820717037353 lambda=1.5625000000000004e-05 next_lambda=1.5625000000000005e-06 rho=0.81451471520111207 accept=1
CLASSICAL_LM o=8 lambda=1.5625000000000004e-05 tau=1.5625000000000004e-05 prediction=17910.510737408371 rho=0.81451471520111207 accept=1
  MFCG it   9 cost=2.710708e+05 lam=1.563e-06 tau=0.00e+00 cg_it=0 shift=0 ckpt=1 alpha=0 acc mv=64
PCG_PREP o=9 rebuild=1 drift=0 previous_depth=1
POINT_SAFE o=9 frozen=444 slope=-15079.135185648709 candidate=301858.93728066486 original=265559.85025734635 current=271070.76136060618 won=0 mode=1 camera_scale=1 keep_scale=0
ATTR_RADIUS o=9 raw_norm=35180.511756209686 norm=3225.3525896296678 radius=25802.820717037353 next_radius=25802.820717037353 lambda=1.5625000000000005e-06 next_lambda=1.5625000000000007e-07 rho=1.5016491419816131 accept=1
CLASSICAL_LM o=9 lambda=1.5625000000000005e-06 tau=1.5625000000000005e-06 prediction=3669.9059382057094 rho=1.5016491419816131 accept=1
  MFCG it  10 cost=2.655599e+05 lam=1.563e-07 tau=0.00e+00 cg_it=1 shift=0 ckpt=2 alpha=0 acc mv=67
PCG_PREP o=10 rebuild=1 drift=0 previous_depth=2
POINT_SAFE o=10 frozen=296 slope=-17400.060628650179 candidate=291982.34357638977 original=262360.06320419029 current=265559.85025734635 won=0 mode=1 camera_scale=1 keep_scale=0
ATTR_RADIUS o=10 raw_norm=43906.123288547991 norm=6450.7051792593402 radius=25802.820717037353 next_radius=25802.820717037353 lambda=1.5625000000000007e-07 next_lambda=1.5625000000000006e-08 rho=0.62242776155173807 accept=1
CLASSICAL_LM o=10 lambda=1.5625000000000007e-07 tau=1.5625000000000007e-07 prediction=5140.8167353892777 rho=0.62242776155173807 accept=1
  MFCG it  11 cost=2.623601e+05 lam=1.563e-08 tau=0.00e+00 cg_it=1 shift=0 ckpt=2 alpha=0 acc mv=70
PCG_PREP o=11 rebuild=1 drift=0 previous_depth=2
POINT_SAFE o=11 frozen=497 slope=-19031.977033093368 candidate=262959.45597457746 original=258725.36882603989 current=262360.06320419029 won=0 mode=1 camera_scale=1 keep_scale=0
ATTR_RADIUS o=11 raw_norm=15182.026445344147 norm=7591.0132226720734 radius=25802.820717037353 next_radius=25802.820717037353 lambda=1.5625000000000006e-08 next_lambda=1.5625000000000008e-09 rho=0.50186703000283384 accept=1
CLASSICAL_LM o=11 lambda=1.5625000000000006e-08 tau=1.5625000000000006e-08 prediction=7242.3454039805529 rho=0.50186703000283384 accept=1
  MFCG it  12 cost=2.587254e+05 lam=1.563e-09 tau=0.00e+00 cg_it=0 shift=0 ckpt=1 alpha=0 acc mv=72
PCG_PREP o=12 rebuild=1 drift=0 previous_depth=1
POINT_SAFE o=12 frozen=126 slope=-14015.617050697128 candidate=262001.48260553504 original=257433.19217147678 current=258725.36882603989 won=0 mode=1 camera_scale=1 keep_scale=0
ATTR_RADIUS o=12 raw_norm=15537.850228127019 norm=7768.9251140635097 radius=25802.820717037353 next_radius=6450.7051792593384 lambda=1.5625000000000008e-09 next_lambda=2.5000000000000012e-08 rho=0.23580184714807187 accept=1
CLASSICAL_LM o=12 lambda=1.5625000000000008e-09 tau=1.5625000000000008e-09 prediction=5479.9259216645914 rho=0.23580184714807187 accept=1
  MFCG it  13 cost=2.574332e+05 lam=2.500e-08 tau=0.00e+00 cg_it=0 shift=0 ckpt=1 alpha=0 acc mv=74
PCG_PREP o=13 rebuild=1 drift=0 previous_depth=1
ATTR_RADIUS o=13 raw_norm=15524.048314265692 norm=6450.7051792593384 radius=6450.7051792593384 next_radius=6450.7051792593384 lambda=2.5000000000000012e-08 next_lambda=2.5000000000000012e-08 rho=0.47320362377682412 accept=1
CLASSICAL_LM o=13 lambda=2.5000000000000012e-08 tau=2.5000000000000012e-08 prediction=4871.3096220763018 rho=0.47320362377682412 accept=1
  MFCG it  14 cost=2.551281e+05 lam=2.500e-08 tau=0.00e+00 cg_it=0 shift=0 ckpt=1 alpha=0 acc mv=76
PCG_PREP o=14 rebuild=1 drift=0 previous_depth=1
ATTR_RADIUS o=14 raw_norm=16033.34022149715 norm=6450.7051792593402 radius=6450.7051792593384 next_radius=6450.7051792593384 lambda=2.5000000000000012e-08 next_lambda=2.5000000000000012e-08 rho=0.38267929639280818 accept=1
CLASSICAL_LM o=14 lambda=2.5000000000000012e-08 tau=2.5000000000000012e-08 prediction=3168.3674387540846 rho=0.38267929639280818 accept=1
  MFCG it  15 cost=2.539156e+05 lam=2.500e-08 tau=0.00e+00 cg_it=0 shift=0 ckpt=1 alpha=0 acc mv=78
PCG_PREP o=15 rebuild=1 drift=0 previous_depth=1
ATTR_RADIUS o=15 raw_norm=16481.003023195306 norm=6450.7051792593356 radius=6450.7051792593384 next_radius=6450.7051792593384 lambda=2.5000000000000012e-08 next_lambda=2.5000000000000012e-08 rho=0.28701464076438798 accept=1
CLASSICAL_LM o=15 lambda=2.5000000000000012e-08 tau=2.5000000000000012e-08 prediction=2478.9019252241351 rho=0.28701464076438798 accept=1
  MFCG it  16 cost=2.532041e+05 lam=2.500e-08 tau=0.00e+00 cg_it=0 shift=0 ckpt=1 alpha=0 acc mv=80
PCG_PREP o=16 rebuild=1 drift=0 previous_depth=1
ATTR_RADIUS o=16 raw_norm=16889.044652046065 norm=6450.7051792593402 radius=6450.7051792593384 next_radius=1612.6762948148346 lambda=2.5000000000000012e-08 next_lambda=4.0000000000000019e-07 rho=0.18894403543037802 accept=1
CLASSICAL_LM o=16 lambda=2.5000000000000012e-08 tau=2.5000000000000012e-08 prediction=2159.9249176932235 rho=0.18894403543037802 accept=1
  MFCG it  17 cost=2.527960e+05 lam=4.000e-07 tau=0.00e+00 cg_it=0 shift=0 ckpt=1 alpha=0 acc mv=82
PCG_PREP o=17 rebuild=1 drift=0 previous_depth=1
ATTR_RADIUS o=17 raw_norm=14617.497276498701 norm=1612.6762948148346 radius=1612.6762948148346 next_radius=3225.3525896296692 lambda=4.0000000000000019e-07 next_lambda=1.0000000000000005e-07 rho=0.79756728986596415 accept=1
CLASSICAL_LM o=17 lambda=4.0000000000000019e-07 tau=4.0000000000000019e-07 prediction=764.31435420065031 rho=0.79756728986596415 accept=1
  MFCG it  18 cost=2.521864e+05 lam=1.000e-07 tau=0.00e+00 cg_it=0 shift=0 ckpt=1 alpha=0 acc mv=84
PCG_PREP o=18 rebuild=1 drift=0 previous_depth=1
ATTR_RADIUS o=18 raw_norm=16964.786325372959 norm=3225.3525896296683 radius=3225.3525896296692 next_radius=3225.3525896296692 lambda=1.0000000000000005e-07 next_lambda=1.0000000000000005e-07 rho=0.49400813847385511 accept=1
CLASSICAL_LM o=18 lambda=1.0000000000000005e-07 tau=1.0000000000000005e-07 prediction=941.95434610045288 rho=0.49400813847385511 accept=1
  MFCG it  19 cost=2.517211e+05 lam=1.000e-07 tau=0.00e+00 cg_it=0 shift=0 ckpt=1 alpha=0 acc mv=86
PCG_PREP o=19 rebuild=1 drift=0 previous_depth=1
ATTR_RADIUS o=19 raw_norm=17469.433949282033 norm=3225.3525896296687 radius=3225.3525896296692 next_radius=3225.3525896296692 lambda=1.0000000000000005e-07 next_lambda=1.0000000000000005e-07 rho=0.46605560710811722 accept=1
CLASSICAL_LM o=19 lambda=1.0000000000000005e-07 tau=1.0000000000000005e-07 prediction=812.567496035977 rho=0.46605560710811722 accept=1
  MFCG it  20 cost=2.513424e+05 lam=1.000e-07 tau=0.00e+00 cg_it=0 shift=0 ckpt=1 alpha=0 acc mv=88
PCG_PREP o=20 rebuild=1 drift=0 previous_depth=1
ATTR_RADIUS o=20 raw_norm=17896.417185448834 norm=3225.3525896296705 radius=3225.3525896296692 next_radius=3225.3525896296692 lambda=1.0000000000000005e-07 next_lambda=1.0000000000000005e-07 rho=0.43516090181250494 accept=1
CLASSICAL_LM o=20 lambda=1.0000000000000005e-07 tau=1.0000000000000005e-07 prediction=711.49470516877966 rho=0.43516090181250494 accept=1
  MFCG it  21 cost=2.510328e+05 lam=1.000e-07 tau=0.00e+00 cg_it=0 shift=0 ckpt=1 alpha=0 acc mv=90
PCG_PREP o=21 rebuild=1 drift=0 previous_depth=1
ATTR_RADIUS o=21 raw_norm=18275.002363952724 norm=3225.3525896296705 radius=3225.3525896296692 next_radius=3225.3525896296692 lambda=1.0000000000000005e-07 next_lambda=1.0000000000000005e-07 rho=0.40551067288194936 accept=1
CLASSICAL_LM o=21 lambda=1.0000000000000005e-07 tau=1.0000000000000005e-07 prediction=634.8007372407626 rho=0.40551067288194936 accept=1
  MFCG it  22 cost=2.507754e+05 lam=1.000e-07 tau=0.00e+00 cg_it=0 shift=0 ckpt=1 alpha=0 acc mv=92
PCG_PREP o=22 rebuild=1 drift=0 previous_depth=1
ATTR_RADIUS o=22 raw_norm=18608.442271461459 norm=3225.3525896296678 radius=3225.3525896296692 next_radius=3225.3525896296692 lambda=1.0000000000000005e-07 next_lambda=1.0000000000000005e-07 rho=0.37709273010647454 accept=1
CLASSICAL_LM o=22 lambda=1.0000000000000005e-07 tau=1.0000000000000005e-07 prediction=575.78532050294746 rho=0.37709273010647454 accept=1
  MFCG it  23 cost=2.505582e+05 lam=1.000e-07 tau=0.00e+00 cg_it=0 shift=0 ckpt=1 alpha=0 acc mv=94
PCG_PREP o=23 rebuild=1 drift=0 previous_depth=1
ATTR_RADIUS o=23 raw_norm=18900.290102017618 norm=3225.3525896296701 radius=3225.3525896296692 next_radius=3225.3525896296692 lambda=1.0000000000000005e-07 next_lambda=1.0000000000000005e-07 rho=0.34998674886449821 accept=1
CLASSICAL_LM o=23 lambda=1.0000000000000005e-07 tau=1.0000000000000005e-07 prediction=529.8495369554455 rho=0.34998674886449821 accept=1
  MFCG it  24 cost=2.503728e+05 lam=1.000e-07 tau=0.00e+00 cg_it=0 shift=0 ckpt=1 alpha=0 acc mv=96
PCG_PREP o=24 rebuild=1 drift=0 previous_depth=1
ATTR_RADIUS o=24 raw_norm=19155.809929726795 norm=3225.3525896296701 radius=3225.3525896296692 next_radius=3225.3525896296692 lambda=1.0000000000000005e-07 next_lambda=1.0000000000000005e-07 rho=0.32430036057886902 accept=1
CLASSICAL_LM o=24 lambda=1.0000000000000005e-07 tau=1.0000000000000005e-07 prediction=493.80240990174877 rho=0.32430036057886902 accept=1
  MFCG it  25 cost=2.502127e+05 lam=1.000e-07 tau=0.00e+00 cg_it=0 shift=0 ckpt=1 alpha=0 acc mv=98
PCG_PREP o=25 rebuild=1 drift=0 previous_depth=1
ATTR_RADIUS o=25 raw_norm=19378.885198771 norm=3225.3525896296696 radius=3225.3525896296692 next_radius=3225.3525896296692 lambda=1.0000000000000005e-07 next_lambda=1.0000000000000005e-07 rho=0.30017283616881901 accept=1
CLASSICAL_LM o=25 lambda=1.0000000000000005e-07 tau=1.0000000000000005e-07 prediction=465.37940972297247 rho=0.30017283616881901 accept=1
  MFCG it  26 cost=2.500730e+05 lam=1.000e-07 tau=0.00e+00 cg_it=0 shift=0 ckpt=1 alpha=0 acc mv=100
PCG_PREP o=26 rebuild=1 drift=0 previous_depth=1
ATTR_RADIUS o=26 raw_norm=19565.390722226082 norm=3225.3525896296705 radius=3225.3525896296692 next_radius=3225.3525896296692 lambda=1.0000000000000005e-07 next_lambda=1.0000000000000005e-07 rho=0.27774720561110583 accept=1
CLASSICAL_LM o=26 lambda=1.0000000000000005e-07 tau=1.0000000000000005e-07 prediction=442.93904564990612 rho=0.27774720561110583 accept=1
  MFCG it  27 cost=2.499499e+05 lam=1.000e-07 tau=0.00e+00 cg_it=0 shift=0 ckpt=1 alpha=0 acc mv=102
PCG_PREP o=27 rebuild=1 drift=0 previous_depth=1
ATTR_RADIUS o=27 raw_norm=19693.799925867912 norm=3225.3525896296687 radius=3225.3525896296692 next_radius=3225.3525896296692 lambda=1.0000000000000005e-07 next_lambda=1.0000000000000005e-07 rho=0.25688687074403288 accept=1
CLASSICAL_LM o=27 lambda=1.0000000000000005e-07 tau=1.0000000000000005e-07 prediction=425.08388824324328 rho=0.25688687074403288 accept=1
  MFCG it  28 cost=2.498407e+05 lam=1.000e-07 tau=0.00e+00 cg_it=0 shift=0 ckpt=1 alpha=0 acc mv=104
PCG_PREP o=28 rebuild=1 drift=0 previous_depth=1
ATTR_RADIUS o=28 raw_norm=19802.526868155459 norm=3225.3525896296683 radius=3225.3525896296692 next_radius=806.3381474074173 lambda=1.0000000000000005e-07 next_lambda=1.6000000000000008e-06 rho=0.23753814838850082 accept=1
CLASSICAL_LM o=28 lambda=1.0000000000000005e-07 tau=1.0000000000000005e-07 prediction=410.84720131749657 rho=0.23753814838850082 accept=1
  MFCG it  29 cost=2.497431e+05 lam=1.600e-06 tau=0.00e+00 cg_it=0 shift=0 ckpt=1 alpha=0 acc mv=106
PCG_PREP o=29 rebuild=1 drift=0 previous_depth=1
ATTR_RADIUS o=29 raw_norm=4420.1492914109967 norm=806.33814740741718 radius=806.3381474074173 next_radius=1612.6762948148346 lambda=1.6000000000000008e-06 next_lambda=4.0000000000000019e-07 rho=0.92638575551619651 accept=1
CLASSICAL_LM o=29 lambda=1.6000000000000008e-06 tau=1.6000000000000008e-06 prediction=415.01643726654629 rho=0.92638575551619651 accept=1
  MFCG it  30 cost=2.493587e+05 lam=4.000e-07 tau=0.00e+00 cg_it=0 shift=0 ckpt=1 alpha=0 acc mv=108
PCG_PREP o=30 rebuild=1 drift=0 previous_depth=1
ATTR_RADIUS o=30 raw_norm=12507.788422466394 norm=1612.6762948148344 radius=1612.6762948148346 next_radius=1612.6762948148346 lambda=4.0000000000000019e-07 next_lambda=4.0000000000000019e-07 rho=0.69548209100888714 accept=1
CLASSICAL_LM o=30 lambda=4.0000000000000019e-07 tau=4.0000000000000019e-07 prediction=231.73649184614462 rho=0.69548209100888714 accept=1
  MFCG it  31 cost=2.491975e+05 lam=4.000e-07 tau=0.00e+00 cg_it=0 shift=0 ckpt=1 alpha=0 acc mv=110
PCG_PREP o=31 rebuild=1 drift=0 previous_depth=1
ATTR_RADIUS o=31 raw_norm=12683.039275498842 norm=1612.6762948148355 radius=1612.6762948148346 next_radius=1612.6762948148346 lambda=4.0000000000000019e-07 next_lambda=4.0000000000000019e-07 rho=0.68823868828354318 accept=1
CLASSICAL_LM o=31 lambda=4.0000000000000019e-07 tau=4.0000000000000019e-07 prediction=203.34388241597256 rho=0.68823868828354318 accept=1
  MFCG it  32 cost=2.490576e+05 lam=4.000e-07 tau=0.00e+00 cg_it=0 shift=0 ckpt=1 alpha=0 acc mv=112
PCG_PREP o=32 rebuild=1 drift=0 previous_depth=1
ATTR_RADIUS o=32 raw_norm=12867.227485746342 norm=1612.676294814835 radius=1612.6762948148346 next_radius=1612.6762948148346 lambda=4.0000000000000019e-07 next_lambda=4.0000000000000019e-07 rho=0.68142554750337114 accept=1
CLASSICAL_LM o=32 lambda=4.0000000000000019e-07 tau=4.0000000000000019e-07 prediction=179.67838094498464 rho=0.68142554750337114 accept=1
  MFCG it  33 cost=2.489351e+05 lam=4.000e-07 tau=0.00e+00 cg_it=0 shift=0 ckpt=1 alpha=0 acc mv=114
PCG_PREP o=33 rebuild=1 drift=0 previous_depth=1
ATTR_RADIUS o=33 raw_norm=13049.793810221334 norm=1612.676294814835 radius=1612.6762948148346 next_radius=1612.6762948148346 lambda=4.0000000000000019e-07 next_lambda=4.0000000000000019e-07 rho=0.67574646095165336 accept=1
CLASSICAL_LM o=33 lambda=4.0000000000000019e-07 tau=4.0000000000000019e-07 prediction=160.28989679606971 rho=0.67574646095165336 accept=1
  MFCG it  34 cost=2.488268e+05 lam=4.000e-07 tau=0.00e+00 cg_it=0 shift=0 ckpt=1 alpha=0 acc mv=116
PCG_PREP o=34 rebuild=1 drift=0 previous_depth=1
ATTR_RADIUS o=34 raw_norm=13224.783510061103 norm=1612.676294814835 radius=1612.6762948148346 next_radius=1612.6762948148346 lambda=4.0000000000000019e-07 next_lambda=4.0000000000000019e-07 rho=0.67110885337425186 accept=1
CLASSICAL_LM o=34 lambda=4.0000000000000019e-07 tau=4.0000000000000019e-07 prediction=144.28907357046182 rho=0.67110885337425186 accept=1
  MFCG it  35 cost=2.487300e+05 lam=4.000e-07 tau=0.00e+00 cg_it=0 shift=0 ckpt=1 alpha=0 acc mv=118
PCG_PREP o=35 rebuild=1 drift=0 previous_depth=1
ATTR_RADIUS o=35 raw_norm=13387.301304639503 norm=1612.6762948148346 radius=1612.6762948148346 next_radius=1612.6762948148346 lambda=4.0000000000000019e-07 next_lambda=4.0000000000000019e-07 rho=0.66740177147519952 accept=1
CLASSICAL_LM o=35 lambda=4.0000000000000019e-07 tau=4.0000000000000019e-07 prediction=130.98470539618978 rho=0.66740177147519952 accept=1
  MFCG it  36 cost=2.486426e+05 lam=4.000e-07 tau=0.00e+00 cg_it=0 shift=0 ckpt=1 alpha=0 acc mv=120
PCG_PREP o=36 rebuild=1 drift=0 previous_depth=1
ATTR_RADIUS o=36 raw_norm=13532.062175224957 norm=1612.6762948148339 radius=1612.6762948148346 next_radius=1612.6762948148346 lambda=4.0000000000000019e-07 next_lambda=4.0000000000000019e-07 rho=0.66448467467065708 accept=1
CLASSICAL_LM o=36 lambda=4.0000000000000019e-07 tau=4.0000000000000019e-07 prediction=119.8437926226768 rho=0.66448467467065708 accept=1
  MFCG it  37 cost=2.485629e+05 lam=4.000e-07 tau=0.00e+00 cg_it=0 shift=0 ckpt=1 alpha=0 acc mv=122
PCG_PREP o=37 rebuild=1 drift=0 previous_depth=1
ATTR_RADIUS o=37 raw_norm=19535.050182616 norm=1612.6762948148335 radius=1612.6762948148346 next_radius=3225.3525896296692 lambda=4.0000000000000019e-07 next_lambda=1.0000000000000005e-07 rho=0.7906320778783289 accept=1
CLASSICAL_LM o=37 lambda=4.0000000000000019e-07 tau=4.0000000000000019e-07 prediction=181.05371318498607 rho=0.7906320778783289 accept=1
  MFCG it  38 cost=2.484198e+05 lam=1.000e-07 tau=0.00e+00 cg_it=1 shift=0 ckpt=2 alpha=0 acc mv=125
PCG_PREP o=38 rebuild=1 drift=0 previous_depth=2
POINT_SAFE o=38 frozen=574 slope=-109.06598949626991 candidate=248475.25539369357 original=248405.39289913501 current=248419.77118135811 won=0 mode=1 camera_scale=1 keep_scale=0
ATTR_RADIUS o=38 raw_norm=71753.810702293238 norm=1612.6762948148344 radius=3225.3525896296692 next_radius=3225.3525896296692 lambda=1.0000000000000005e-07 next_lambda=1.0000000000000005e-08 rho=0.26682585449442703 accept=1
CLASSICAL_LM o=38 lambda=1.0000000000000005e-07 tau=1.0000000000000005e-07 prediction=53.886390621118949 rho=0.26682585449442703 accept=1
  MFCG it  39 cost=2.484054e+05 lam=1.000e-08 tau=0.00e+00 cg_it=1 shift=0 ckpt=2 alpha=0 acc mv=128
PCG_PREP o=39 rebuild=1 drift=0 previous_depth=2
POINT_SAFE o=39 frozen=114 slope=-56.653461308577441 candidate=248520.90944197396 original=248402.01639298248 current=248405.39289913501 won=0 mode=1 camera_scale=1 keep_scale=0
ATTR_RADIUS o=39 raw_norm=180406.35674762548 norm=806.33814740741752 radius=3225.3525896296692 next_radius=806.3381474074173 lambda=1.0000000000000005e-08 next_lambda=1.6000000000000008e-07 rho=0.23999243738969223 accept=1
CLASSICAL_LM o=39 lambda=1.0000000000000005e-08 tau=1.0000000000000005e-08 prediction=14.069218968975376 rho=0.23999243738969223 accept=1
  MFCG it  40 cost=2.484020e+05 lam=1.600e-07 tau=0.00e+00 cg_it=1 shift=0 ckpt=2 alpha=0 acc mv=131
PCG_PREP o=40 rebuild=1 drift=0 previous_depth=2
ATTR_RADIUS o=40 raw_norm=22513.080931723071 norm=806.3381474074173 radius=806.3381474074173 next_radius=806.3381474074173 lambda=1.6000000000000008e-07 next_lambda=1.6000000000000008e-07 rho=0.68705510752340981 accept=1
CLASSICAL_LM o=40 lambda=1.6000000000000008e-07 tau=1.6000000000000008e-07 prediction=35.550017106724276 rho=0.68705510752340981 accept=1
  MFCG it  41 cost=2.483776e+05 lam=1.600e-07 tau=0.00e+00 cg_it=0 shift=0 ckpt=1 alpha=0 acc mv=133
PCG_PREP o=41 rebuild=1 drift=0 previous_depth=1
ATTR_RADIUS o=41 raw_norm=22529.100949156389 norm=806.33814740741741 radius=806.3381474074173 next_radius=806.3381474074173 lambda=1.6000000000000008e-07 next_lambda=1.6000000000000008e-07 rho=0.67819730718751026 accept=1
CLASSICAL_LM o=41 lambda=1.6000000000000008e-07 tau=1.6000000000000008e-07 prediction=33.758743548882478 rho=0.67819730718751026 accept=1
  MFCG it  42 cost=2.483547e+05 lam=1.600e-07 tau=0.00e+00 cg_it=0 shift=0 ckpt=1 alpha=0 acc mv=135
PCG_PREP o=42 rebuild=1 drift=0 previous_depth=1
ATTR_RADIUS o=42 raw_norm=22530.74440871449 norm=806.33814740741718 radius=806.3381474074173 next_radius=806.3381474074173 lambda=1.6000000000000008e-07 next_lambda=1.6000000000000008e-07 rho=0.67736504090827521 accept=1
CLASSICAL_LM o=42 lambda=1.6000000000000008e-07 tau=1.6000000000000008e-07 prediction=32.853107575963335 rho=0.67736504090827521 accept=1
  MFCG it  43 cost=2.483324e+05 lam=1.600e-07 tau=0.00e+00 cg_it=0 shift=0 ckpt=1 alpha=0 acc mv=137
PCG_PREP o=43 rebuild=1 drift=0 previous_depth=1
ATTR_RADIUS o=43 raw_norm=22529.943390070224 norm=806.3381474074173 radius=806.3381474074173 next_radius=806.3381474074173 lambda=1.6000000000000008e-07 next_lambda=1.6000000000000008e-07 rho=0.67670071313324887 accept=1
CLASSICAL_LM o=43 lambda=1.6000000000000008e-07 tau=1.6000000000000008e-07 prediction=31.99583645554776 rho=0.67670071313324887 accept=1
  MFCG it  44 cost=2.483108e+05 lam=1.600e-07 tau=0.00e+00 cg_it=0 shift=0 ckpt=1 alpha=0 acc mv=139
PCG_PREP o=44 rebuild=1 drift=0 previous_depth=1
ATTR_RADIUS o=44 raw_norm=22526.630760257234 norm=806.33814740741707 radius=806.3381474074173 next_radius=806.3381474074173 lambda=1.6000000000000008e-07 next_lambda=1.6000000000000008e-07 rho=0.67620434245895589 accept=1
CLASSICAL_LM o=44 lambda=1.6000000000000008e-07 tau=1.6000000000000008e-07 prediction=31.1828124234382 rho=0.67620434245895589 accept=1
  MFCG it  45 cost=2.482897e+05 lam=1.600e-07 tau=0.00e+00 cg_it=0 shift=0 ckpt=1 alpha=0 acc mv=141
PCG_PREP o=45 rebuild=1 drift=0 previous_depth=1
ATTR_RADIUS o=45 raw_norm=22520.393137354782 norm=806.33814740741718 radius=806.3381474074173 next_radius=806.3381474074173 lambda=1.6000000000000008e-07 next_lambda=1.6000000000000008e-07 rho=0.67586788857974855 accept=1
CLASSICAL_LM o=45 lambda=1.6000000000000008e-07 tau=1.6000000000000008e-07 prediction=30.411968219078069 rho=0.67586788857974855 accept=1
  MFCG it  46 cost=2.482692e+05 lam=1.600e-07 tau=0.00e+00 cg_it=0 shift=0 ckpt=1 alpha=0 acc mv=143
PCG_PREP o=46 rebuild=1 drift=0 previous_depth=1
ATTR_RADIUS o=46 raw_norm=22511.588001376986 norm=806.3381474074173 radius=806.3381474074173 next_radius=806.3381474074173 lambda=1.6000000000000008e-07 next_lambda=1.6000000000000008e-07 rho=0.67569121702540069 accept=1
CLASSICAL_LM o=46 lambda=1.6000000000000008e-07 tau=1.6000000000000008e-07 prediction=29.68047748487254 rho=0.67569121702540069 accept=1
  MFCG it  47 cost=2.482491e+05 lam=1.600e-07 tau=0.00e+00 cg_it=0 shift=0 ckpt=1 alpha=0 acc mv=145
PCG_PREP o=47 rebuild=1 drift=0 previous_depth=1
ATTR_RADIUS o=47 raw_norm=22501.79714614098 norm=806.3381474074173 radius=806.3381474074173 next_radius=806.3381474074173 lambda=1.6000000000000008e-07 next_lambda=1.6000000000000008e-07 rho=0.67569690382944358 accept=1
CLASSICAL_LM o=47 lambda=1.6000000000000008e-07 tau=1.6000000000000008e-07 prediction=28.98428695752548 rho=0.67569690382944358 accept=1
  MFCG it  48 cost=2.482295e+05 lam=1.600e-07 tau=0.00e+00 cg_it=0 shift=0 ckpt=1 alpha=0 acc mv=147
PCG_PREP o=48 rebuild=1 drift=0 previous_depth=1
ATTR_RADIUS o=48 raw_norm=22488.922941336561 norm=806.33814740741741 radius=806.3381474074173 next_radius=806.3381474074173 lambda=1.6000000000000008e-07 next_lambda=1.6000000000000008e-07 rho=0.67585012051382753 accept=1
CLASSICAL_LM o=48 lambda=1.6000000000000008e-07 tau=1.6000000000000008e-07 prediction=28.323859283120079 rho=0.67585012051382753 accept=1
  MFCG it  49 cost=2.482104e+05 lam=1.600e-07 tau=0.00e+00 cg_it=0 shift=0 ckpt=1 alpha=0 acc mv=149
PCG_PREP o=49 rebuild=1 drift=0 previous_depth=1
ATTR_RADIUS o=49 raw_norm=36680.81351796932 norm=806.3381474074173 radius=806.3381474074173 next_radius=1612.6762948148346 lambda=1.6000000000000008e-07 next_lambda=4.0000000000000021e-08 rho=0.79826577040352809 accept=1
CLASSICAL_LM o=49 lambda=1.6000000000000008e-07 tau=1.6000000000000008e-07 prediction=44.327971815656916 rho=0.79826577040352809 accept=1
  MFCG it  50 cost=2.481750e+05 lam=4.000e-08 tau=0.00e+00 cg_it=1 shift=0 ckpt=2 alpha=0 acc mv=152
PCG_PREP o=50 rebuild=1 drift=0 previous_depth=2
POINT_SAFE o=50 frozen=547 slope=-30.690103040211874 candidate=248179.58897410575 original=248168.53621317478 current=248174.98328817304 won=0 mode=1 camera_scale=1 keep_scale=0
ATTR_RADIUS o=50 raw_norm=120174.77998969059 norm=806.33814740741741 radius=1612.6762948148346 next_radius=1612.6762948148346 lambda=4.0000000000000021e-08 next_lambda=4.0000000000000019e-09 rho=0.42146130827759198 accept=1
CLASSICAL_LM o=50 lambda=4.0000000000000021e-08 tau=4.0000000000000021e-08 prediction=15.296955786060288 rho=0.42146130827759198 accept=1
  MFCG it  51 cost=2.481685e+05 lam=4.000e-09 tau=0.00e+00 cg_it=1 shift=0 ckpt=2 alpha=0 acc mv=155
PCG_PREP o=51 rebuild=1 drift=0 previous_depth=2
POINT_SAFE o=51 frozen=116 slope=-18.996588130124398 candidate=248185.35545226911 original=248168.07018618222 current=248168.53621317478 won=0 mode=1 camera_scale=1 keep_scale=0
ATTR_RADIUS o=51 raw_norm=246855.08470413496 norm=1612.6762948148339 radius=1612.6762948148346 next_radius=403.16907370370865 lambda=4.0000000000000019e-09 next_lambda=6.400000000000003e-08 rho=0.049220419283355167 accept=0
CLASSICAL_LM o=51 lambda=4.0000000000000019e-09 tau=4.0000000000000019e-09 prediction=9.4681638098881677 rho=0.049220419283355167 accept=0
  MFCG it  52  retry 1/8  lam=6.400e-08 tau_eff=4.000e-09  (assembly reused)
PCG_PREP o=51 rebuild=1 drift=0 previous_depth=2
ATTR_RADIUS o=51 raw_norm=36922.012148600414 norm=403.16907370370859 radius=403.16907370370865 next_radius=403.16907370370865 lambda=6.400000000000003e-08 next_lambda=6.400000000000003e-08 rho=0.74452690758050866 accept=1
CLASSICAL_LM o=51 lambda=6.400000000000003e-08 tau=6.400000000000003e-08 prediction=9.1397873853817462 rho=0.74452690758050866 accept=1
  MFCG it  52 cost=2.481617e+05 lam=6.400e-08 tau=0.00e+00 cg_it=0 shift=0 ckpt=1 alpha=0 acc mv=160
PCG_PREP o=52 rebuild=1 drift=0 previous_depth=1
ATTR_RADIUS o=52 raw_norm=36978.484652403858 norm=403.16907370370888 radius=403.16907370370865 next_radius=403.16907370370865 lambda=6.400000000000003e-08 next_lambda=6.400000000000003e-08 rho=0.74357019788832635 accept=1
CLASSICAL_LM o=52 lambda=6.400000000000003e-08 tau=6.400000000000003e-08 prediction=9.0327264656234281 rho=0.74357019788832635 accept=1
  MFCG it  53 cost=2.481550e+05 lam=6.400e-08 tau=0.00e+00 cg_it=0 shift=0 ckpt=1 alpha=0 acc mv=162
PCG_PREP o=53 rebuild=1 drift=0 previous_depth=1
ATTR_RADIUS o=53 raw_norm=84149.863789999334 norm=403.16907370370859 radius=403.16907370370865 next_radius=806.3381474074173 lambda=6.400000000000003e-08 next_lambda=1.6000000000000008e-08 rho=0.78661812964890598 accept=1
CLASSICAL_LM o=53 lambda=6.400000000000003e-08 tau=6.400000000000003e-08 prediction=10.623869893673362 rho=0.78661812964890598 accept=1
  MFCG it  54 cost=2.481467e+05 lam=1.600e-08 tau=0.00e+00 cg_it=1 shift=0 ckpt=2 alpha=0 acc mv=165
PCG_PREP o=54 rebuild=1 drift=0 previous_depth=2
ATTR_RADIUS o=54 raw_norm=181989.20961208735 norm=806.3381474074173 radius=806.3381474074173 next_radius=806.3381474074173 lambda=1.6000000000000008e-08 next_lambda=1.6000000000000008e-08 rho=0.58593151178831171 accept=1
CLASSICAL_LM o=54 lambda=1.6000000000000008e-08 tau=1.6000000000000008e-08 prediction=22.428483580671738 rho=0.58593151178831171 accept=1
  MFCG it  55 cost=2.481335e+05 lam=1.600e-08 tau=0.00e+00 cg_it=1 shift=0 ckpt=2 alpha=0 acc mv=168
PCG_PREP o=55 rebuild=1 drift=0 previous_depth=2
ATTR_RADIUS o=55 raw_norm=217543.38230725954 norm=806.33814740741718 radius=806.3381474074173 next_radius=1612.6762948148346 lambda=1.6000000000000008e-08 next_lambda=4.0000000000000019e-09 rho=0.77861815976874316 accept=1
CLASSICAL_LM o=55 lambda=1.6000000000000008e-08 tau=1.6000000000000008e-08 prediction=48.84603912828706 rho=0.77861815976874316 accept=1
  MFCG it  56 cost=2.480955e+05 lam=4.000e-09 tau=0.00e+00 cg_it=1 shift=0 ckpt=2 alpha=0 acc mv=171
PCG_PREP o=56 rebuild=1 drift=0 previous_depth=2
POINT_SAFE o=56 frozen=231 slope=-26.636427983526573 candidate=248107.649201975 original=248091.98105182921 current=248095.48403227629 won=0 mode=1 camera_scale=1 keep_scale=0
ATTR_RADIUS o=56 raw_norm=305609.41749455978 norm=806.33814740741764 radius=1612.6762948148346 next_radius=1612.6762948148346 lambda=4.0000000000000019e-09 next_lambda=4.0000000000000022e-10 rho=0.27332051292276066 accept=1
CLASSICAL_LM o=56 lambda=4.0000000000000019e-09 tau=4.0000000000000019e-09 prediction=12.816383262361192 rho=0.27332051292276066 accept=1
  MFCG it  57 cost=2.480920e+05 lam=4.000e-10 tau=0.00e+00 cg_it=1 shift=0 ckpt=2 alpha=0 acc mv=174
PCG_PREP o=57 rebuild=1 drift=0 previous_depth=2
POINT_SAFE o=57 frozen=123 slope=-22.268630262881395 candidate=248108.09391412186 original=248090.5631845624 current=248091.98105182921 won=0 mode=1 camera_scale=1 keep_scale=0
ATTR_RADIUS o=57 raw_norm=348334.26478358958 norm=806.3381474074173 radius=1612.6762948148346 next_radius=403.16907370370865 lambda=4.0000000000000022e-10 next_lambda=6.4000000000000035e-09 rho=0.12933430321871942 accept=1
CLASSICAL_LM o=57 lambda=4.0000000000000022e-10 tau=4.0000000000000022e-10 prediction=10.962809026836934 rho=0.12933430321871942 accept=1
  MFCG it  58 cost=2.480906e+05 lam=6.400e-09 tau=0.00e+00 cg_it=1 shift=0 ckpt=2 alpha=0 acc mv=177
PCG_PREP o=58 rebuild=1 drift=0 previous_depth=2
ATTR_RADIUS o=58 raw_norm=287324.65549195331 norm=403.16907370370831 radius=403.16907370370865 next_radius=403.16907370370865 lambda=6.4000000000000035e-09 next_lambda=6.4000000000000035e-09 rho=0.60421482585144592 accept=1
CLASSICAL_LM o=58 lambda=6.4000000000000035e-09 tau=6.4000000000000035e-09 prediction=6.1812762648023867 rho=0.60421482585144592 accept=1
  MFCG it  59 cost=2.480868e+05 lam=6.400e-09 tau=0.00e+00 cg_it=1 shift=0 ckpt=2 alpha=0 acc mv=180
PCG_PREP o=59 rebuild=1 drift=0 previous_depth=2
ATTR_RADIUS o=59 raw_norm=287803.93413156556 norm=403.16907370370836 radius=403.16907370370865 next_radius=403.16907370370865 lambda=6.4000000000000035e-09 next_lambda=6.4000000000000035e-09 rho=0.5832987977555586 accept=1
CLASSICAL_LM o=59 lambda=6.4000000000000035e-09 tau=6.4000000000000035e-09 prediction=5.9232277807656315 rho=0.5832987977555586 accept=1
  MFCG it  60 cost=2.480834e+05 lam=6.400e-09 tau=0.00e+00 cg_it=1 shift=0 ckpt=2 alpha=0 acc mv=183
PCG_PREP o=60 rebuild=1 drift=0 previous_depth=2
ATTR_RADIUS o=60 raw_norm=288751.5952385253 norm=403.16907370370848 radius=403.16907370370865 next_radius=403.16907370370865 lambda=6.4000000000000035e-09 next_lambda=6.4000000000000035e-09 rho=0.57843216369359896 accept=1
CLASSICAL_LM o=60 lambda=6.4000000000000035e-09 tau=6.4000000000000035e-09 prediction=5.8854491021803597 rho=0.57843216369359896 accept=1
  MFCG it  61 cost=2.480800e+05 lam=6.400e-09 tau=0.00e+00 cg_it=1 shift=0 ckpt=2 alpha=0 acc mv=186
PCG_PREP o=61 rebuild=1 drift=0 previous_depth=2
ATTR_RADIUS o=61 raw_norm=289760.24891424988 norm=403.16907370370842 radius=403.16907370370865 next_radius=403.16907370370865 lambda=6.4000000000000035e-09 next_lambda=6.4000000000000035e-09 rho=0.57363610258956621 accept=1
CLASSICAL_LM o=61 lambda=6.4000000000000035e-09 tau=6.4000000000000035e-09 prediction=5.8488966025372831 rho=0.57363610258956621 accept=1
  MFCG it  62 cost=2.480766e+05 lam=6.400e-09 tau=0.00e+00 cg_it=1 shift=0 ckpt=2 alpha=0 acc mv=189
PCG_PREP o=62 rebuild=1 drift=0 previous_depth=2
ATTR_RADIUS o=62 raw_norm=290739.24183984974 norm=403.16907370370882 radius=403.16907370370865 next_radius=403.16907370370865 lambda=6.4000000000000035e-09 next_lambda=6.4000000000000035e-09 rho=0.56882784713702239 accept=1
CLASSICAL_LM o=62 lambda=6.4000000000000035e-09 tau=6.4000000000000035e-09 prediction=5.8128603597910367 rho=0.56882784713702239 accept=1
  MFCG it  63 cost=2.480733e+05 lam=6.400e-09 tau=0.00e+00 cg_it=1 shift=0 ckpt=2 alpha=0 acc mv=192
PCG_PREP o=63 rebuild=1 drift=0 previous_depth=2
ATTR_RADIUS o=63 raw_norm=291698.00981850288 norm=403.16907370370865 radius=403.16907370370865 next_radius=403.16907370370865 lambda=6.4000000000000035e-09 next_lambda=6.4000000000000035e-09 rho=0.5639920749536268 accept=1
CLASSICAL_LM o=63 lambda=6.4000000000000035e-09 tau=6.4000000000000035e-09 prediction=5.7772418538746635 rho=0.5639920749536268 accept=1
  MFCG it  64 cost=2.480700e+05 lam=6.400e-09 tau=0.00e+00 cg_it=1 shift=0 ckpt=2 alpha=0 acc mv=195
PCG_PREP o=64 rebuild=1 drift=0 previous_depth=2
ATTR_RADIUS o=64 raw_norm=292623.7764497574 norm=403.16907370370865 radius=403.16907370370865 next_radius=403.16907370370865 lambda=6.4000000000000035e-09 next_lambda=6.4000000000000035e-09 rho=0.5591577244290924 accept=1
CLASSICAL_LM o=64 lambda=6.4000000000000035e-09 tau=6.4000000000000035e-09 prediction=5.7423999860598052 rho=0.5591577244290924 accept=1
  MFCG it  65 cost=2.480668e+05 lam=6.400e-09 tau=0.00e+00 cg_it=1 shift=0 ckpt=2 alpha=0 acc mv=198
PCG_PREP o=65 rebuild=1 drift=0 previous_depth=2
ATTR_RADIUS o=65 raw_norm=293523.45069959573 norm=403.1690737037087 radius=403.16907370370865 next_radius=403.16907370370865 lambda=6.4000000000000035e-09 next_lambda=6.4000000000000035e-09 rho=0.55431494709489659 accept=1
CLASSICAL_LM o=65 lambda=6.4000000000000035e-09 tau=6.4000000000000035e-09 prediction=5.7081828981423 rho=0.55431494709489659 accept=1
  MFCG it  66 cost=2.480637e+05 lam=6.400e-09 tau=0.00e+00 cg_it=1 shift=0 ckpt=2 alpha=0 acc mv=201
PCG_PREP o=66 rebuild=1 drift=0 previous_depth=2
ATTR_RADIUS o=66 raw_norm=294400.42365692317 norm=403.1690737037087 radius=403.16907370370865 next_radius=403.16907370370865 lambda=6.4000000000000035e-09 next_lambda=6.4000000000000035e-09 rho=0.54945198066062295 accept=1
CLASSICAL_LM o=66 lambda=6.4000000000000035e-09 tau=6.4000000000000035e-09 prediction=5.6744199351926223 rho=0.54945198066062295 accept=1
  MFCG it  67 cost=2.480606e+05 lam=6.400e-09 tau=0.00e+00 cg_it=1 shift=0 ckpt=2 alpha=0 acc mv=204
PCG_PREP o=67 rebuild=1 drift=0 previous_depth=2
ATTR_RADIUS o=67 raw_norm=295232.68599058874 norm=403.16907370370888 radius=403.16907370370865 next_radius=403.16907370370865 lambda=6.4000000000000035e-09 next_lambda=6.4000000000000035e-09 rho=0.5446063688120909 accept=1
CLASSICAL_LM o=67 lambda=6.4000000000000035e-09 tau=6.4000000000000035e-09 prediction=5.6415722070327607 rho=0.5446063688120909 accept=1
  MFCG it  68 cost=2.480575e+05 lam=6.400e-09 tau=0.00e+00 cg_it=1 shift=0 ckpt=2 alpha=0 acc mv=207
PCG_PREP o=68 rebuild=1 drift=0 previous_depth=2
ATTR_RADIUS o=68 raw_norm=296048.2927329223 norm=403.16907370370876 radius=403.16907370370865 next_radius=403.16907370370865 lambda=6.4000000000000035e-09 next_lambda=6.4000000000000035e-09 rho=0.5397435282131543 accept=1
CLASSICAL_LM o=68 lambda=6.4000000000000035e-09 tau=6.4000000000000035e-09 prediction=5.609181532432622 rho=0.5397435282131543 accept=1
  MFCG it  69 cost=2.480545e+05 lam=6.400e-09 tau=0.00e+00 cg_it=1 shift=0 ckpt=2 alpha=0 acc mv=210
PCG_PREP o=69 rebuild=1 drift=0 previous_depth=2
ATTR_RADIUS o=69 raw_norm=296818.29050582414 norm=403.16907370370859 radius=403.16907370370865 next_radius=403.16907370370865 lambda=6.4000000000000035e-09 next_lambda=6.4000000000000035e-09 rho=0.53490083111035502 accept=1
CLASSICAL_LM o=69 lambda=6.4000000000000035e-09 tau=6.4000000000000035e-09 prediction=5.5776899232805857 rho=0.53490083111035502 accept=1
  MFCG it  70 cost=2.480515e+05 lam=6.400e-09 tau=0.00e+00 cg_it=1 shift=0 ckpt=2 alpha=0 acc mv=213
PCG_PREP o=70 rebuild=1 drift=0 previous_depth=2
ATTR_RADIUS o=70 raw_norm=297569.67037645547 norm=403.16907370370853 radius=403.16907370370865 next_radius=403.16907370370865 lambda=6.4000000000000035e-09 next_lambda=6.4000000000000035e-09 rho=0.53003880123485281 accept=1
CLASSICAL_LM o=70 lambda=6.4000000000000035e-09 tau=6.4000000000000035e-09 prediction=5.5465865488871202 rho=0.53003880123485281 accept=1
  MFCG it  71 cost=2.480485e+05 lam=6.400e-09 tau=0.00e+00 cg_it=1 shift=0 ckpt=2 alpha=0 acc mv=216
PCG_PREP o=71 rebuild=1 drift=0 previous_depth=2
ATTR_RADIUS o=71 raw_norm=298268.54599105479 norm=403.16907370370876 radius=403.16907370370865 next_radius=403.16907370370865 lambda=6.4000000000000035e-09 next_lambda=6.4000000000000035e-09 rho=0.52520774701187245 accept=1
CLASSICAL_LM o=71 lambda=6.4000000000000035e-09 tau=6.4000000000000035e-09 prediction=5.5164625577558182 rho=0.52520774701187245 accept=1
  MFCG it  72 cost=2.480456e+05 lam=6.400e-09 tau=0.00e+00 cg_it=1 shift=0 ckpt=2 alpha=0 acc mv=219
PCG_PREP o=72 rebuild=1 drift=0 previous_depth=2
ATTR_RADIUS o=72 raw_norm=298957.40127726959 norm=403.16907370370893 radius=403.16907370370865 next_radius=403.16907370370865 lambda=6.4000000000000035e-09 next_lambda=6.4000000000000035e-09 rho=0.52034566500592516 accept=1
CLASSICAL_LM o=72 lambda=6.4000000000000035e-09 tau=6.4000000000000035e-09 prediction=5.4865556772574502 rho=0.52034566500592516 accept=1
  MFCG it  73 cost=2.480428e+05 lam=6.400e-09 tau=0.00e+00 cg_it=1 shift=0 ckpt=2 alpha=0 acc mv=222
PCG_PREP o=73 rebuild=1 drift=0 previous_depth=2
ATTR_RADIUS o=73 raw_norm=299597.14709843404 norm=403.16907370370859 radius=403.16907370370865 next_radius=403.16907370370865 lambda=6.4000000000000035e-09 next_lambda=6.4000000000000035e-09 rho=0.51552700516865768 accept=1
CLASSICAL_LM o=73 lambda=6.4000000000000035e-09 tau=6.4000000000000035e-09 prediction=5.4577224636452932 rho=0.51552700516865768 accept=1
  MFCG it  74 cost=2.480400e+05 lam=6.400e-09 tau=0.00e+00 cg_it=1 shift=0 ckpt=2 alpha=0 acc mv=225
PCG_PREP o=74 rebuild=1 drift=0 previous_depth=2
ATTR_RADIUS o=74 raw_norm=300204.22004596738 norm=403.16907370370865 radius=403.16907370370865 next_radius=403.16907370370865 lambda=6.4000000000000035e-09 next_lambda=6.4000000000000035e-09 rho=0.51071073975337267 accept=1
CLASSICAL_LM o=74 lambda=6.4000000000000035e-09 tau=6.4000000000000035e-09 prediction=5.4294555125696009 rho=0.51071073975337267 accept=1
  MFCG it  75 cost=2.480372e+05 lam=6.400e-09 tau=0.00e+00 cg_it=1 shift=0 ckpt=2 alpha=0 acc mv=228
PCG_PREP o=75 rebuild=1 drift=0 previous_depth=2
ATTR_RADIUS o=75 raw_norm=300769.13633630425 norm=403.16907370370888 radius=403.16907370370865 next_radius=403.16907370370865 lambda=6.4000000000000035e-09 next_lambda=6.4000000000000035e-09 rho=0.50591489674540069 accept=1
CLASSICAL_LM o=75 lambda=6.4000000000000035e-09 tau=6.4000000000000035e-09 prediction=5.4019396508992328 rho=0.50591489674540069 accept=1
  MFCG it  76 cost=2.480345e+05 lam=6.400e-09 tau=0.00e+00 cg_it=1 shift=0 ckpt=2 alpha=0 acc mv=231
PCG_PREP o=76 rebuild=1 drift=0 previous_depth=2
ATTR_RADIUS o=76 raw_norm=301289.18783412024 norm=403.16907370370876 radius=403.16907370370865 next_radius=403.16907370370865 lambda=6.4000000000000035e-09 next_lambda=6.4000000000000035e-09 rho=0.50115533461924378 accept=1
CLASSICAL_LM o=76 lambda=6.4000000000000035e-09 tau=6.4000000000000035e-09 prediction=5.3753231530633103 rho=0.50115533461924378 accept=1
  MFCG it  77 cost=2.480318e+05 lam=6.400e-09 tau=0.00e+00 cg_it=1 shift=0 ckpt=2 alpha=0 acc mv=234
PCG_PREP o=77 rebuild=1 drift=0 previous_depth=2
ATTR_RADIUS o=77 raw_norm=301781.74609600723 norm=403.16907370370882 radius=403.16907370370865 next_radius=403.16907370370865 lambda=6.4000000000000035e-09 next_lambda=6.4000000000000035e-09 rho=0.49639062794083233 accept=1
CLASSICAL_LM o=77 lambda=6.4000000000000035e-09 tau=6.4000000000000035e-09 prediction=5.3491217094689576 rho=0.49639062794083233 accept=1
  MFCG it  78 cost=2.480291e+05 lam=6.400e-09 tau=0.00e+00 cg_it=1 shift=0 ckpt=2 alpha=0 acc mv=237
PCG_PREP o=78 rebuild=1 drift=0 previous_depth=2
ATTR_RADIUS o=78 raw_norm=302215.84219837334 norm=403.16907370370865 radius=403.16907370370865 next_radius=403.16907370370865 lambda=6.4000000000000035e-09 next_lambda=6.4000000000000035e-09 rho=0.49169209827613525 accept=1
CLASSICAL_LM o=78 lambda=6.4000000000000035e-09 tau=6.4000000000000035e-09 prediction=5.3240889784911589 rho=0.49169209827613525 accept=1
  MFCG it  79 cost=2.480265e+05 lam=6.400e-09 tau=0.00e+00 cg_it=1 shift=0 ckpt=2 alpha=0 acc mv=240
PCG_PREP o=79 rebuild=1 drift=0 previous_depth=2
ATTR_RADIUS o=79 raw_norm=302621.88432667084 norm=403.16907370370836 radius=403.16907370370865 next_radius=403.16907370370865 lambda=6.4000000000000035e-09 next_lambda=6.4000000000000035e-09 rho=0.48700499337040332 accept=1
CLASSICAL_LM o=79 lambda=6.4000000000000035e-09 tau=6.4000000000000035e-09 prediction=5.2996014068446771 rho=0.48700499337040332 accept=1
  MFCG it  80 cost=2.480239e+05 lam=6.400e-09 tau=0.00e+00 cg_it=1 shift=0 ckpt=2 alpha=0 acc mv=243
PCG_PREP o=80 rebuild=1 drift=0 previous_depth=2
ATTR_RADIUS o=80 raw_norm=302979.38738453342 norm=403.16907370370882 radius=403.16907370370865 next_radius=403.16907370370865 lambda=6.4000000000000035e-09 next_lambda=6.4000000000000035e-09 rho=0.48235514802298929 accept=1
CLASSICAL_LM o=80 lambda=6.4000000000000035e-09 tau=6.4000000000000035e-09 prediction=5.2759115858103396 rho=0.48235514802298929 accept=1
  MFCG it  81 cost=2.480214e+05 lam=6.400e-09 tau=0.00e+00 cg_it=1 shift=0 ckpt=2 alpha=0 acc mv=246
PCG_PREP o=81 rebuild=1 drift=0 previous_depth=2
ATTR_RADIUS o=81 raw_norm=303291.89035347232 norm=403.16907370370876 radius=403.16907370370865 next_radius=403.16907370370865 lambda=6.4000000000000035e-09 next_lambda=6.4000000000000035e-09 rho=0.47774280679507009 accept=1
CLASSICAL_LM o=81 lambda=6.4000000000000035e-09 tau=6.4000000000000035e-09 prediction=5.2529958102599261 rho=0.47774280679507009 accept=1
  MFCG it  82 cost=2.480189e+05 lam=6.400e-09 tau=0.00e+00 cg_it=1 shift=0 ckpt=2 alpha=0 acc mv=249
PCG_PREP o=82 rebuild=1 drift=0 previous_depth=2
ATTR_RADIUS o=82 raw_norm=303551.43319132004 norm=403.16907370370888 radius=403.16907370370865 next_radius=403.16907370370865 lambda=6.4000000000000035e-09 next_lambda=6.4000000000000035e-09 rho=0.47318721292384819 accept=1
CLASSICAL_LM o=82 lambda=6.4000000000000035e-09 tau=6.4000000000000035e-09 prediction=5.2310208760029502 rho=0.47318721292384819 accept=1
  MFCG it  83 cost=2.480164e+05 lam=6.400e-09 tau=0.00e+00 cg_it=1 shift=0 ckpt=2 alpha=0 acc mv=252
PCG_PREP o=83 rebuild=1 drift=0 previous_depth=2
ATTR_RADIUS o=83 raw_norm=303779.3664687553 norm=403.16907370370893 radius=403.16907370370865 next_radius=403.16907370370865 lambda=6.4000000000000035e-09 next_lambda=6.4000000000000035e-09 rho=0.46865706297149484 accept=1
CLASSICAL_LM o=83 lambda=6.4000000000000035e-09 tau=6.4000000000000035e-09 prediction=5.209641784637614 rho=0.46865706297149484 accept=1
  MFCG it  84 cost=2.480139e+05 lam=6.400e-09 tau=0.00e+00 cg_it=1 shift=0 ckpt=2 alpha=0 acc mv=255
PCG_PREP o=84 rebuild=1 drift=0 previous_depth=2
ATTR_RADIUS o=84 raw_norm=303941.60716467723 norm=403.16907370370848 radius=403.16907370370865 next_radius=403.16907370370865 lambda=6.4000000000000035e-09 next_lambda=6.4000000000000035e-09 rho=0.4642097770375605 accept=1
CLASSICAL_LM o=84 lambda=6.4000000000000035e-09 tau=6.4000000000000035e-09 prediction=5.1894081238223668 rho=0.4642097770375605 accept=1
  MFCG it  85 cost=2.480115e+05 lam=6.400e-09 tau=0.00e+00 cg_it=1 shift=0 ckpt=2 alpha=0 acc mv=258
PCG_PREP o=85 rebuild=1 drift=0 previous_depth=2
ATTR_RADIUS o=85 raw_norm=304074.52155467437 norm=403.16907370370853 radius=403.16907370370865 next_radius=403.16907370370865 lambda=6.4000000000000035e-09 next_lambda=6.4000000000000035e-09 rho=0.45977385562166329 accept=1
CLASSICAL_LM o=85 lambda=6.4000000000000035e-09 tau=6.4000000000000035e-09 prediction=5.1695779766696308 rho=0.45977385562166329 accept=1
  MFCG it  86 cost=2.480092e+05 lam=6.400e-09 tau=0.00e+00 cg_it=1 shift=0 ckpt=2 alpha=0 acc mv=261
PCG_PREP o=86 rebuild=1 drift=0 previous_depth=2
ATTR_RADIUS o=86 raw_norm=79673.686411526811 norm=403.16907370370876 radius=403.16907370370865 next_radius=403.16907370370865 lambda=6.4000000000000035e-09 next_lambda=6.4000000000000035e-09 rho=0.53682726092228972 accept=1
CLASSICAL_LM o=86 lambda=6.4000000000000035e-09 tau=6.4000000000000035e-09 prediction=6.1392715778548039 rho=0.53682726092228972 accept=1
  MFCG it  87 cost=2.480059e+05 lam=6.400e-09 tau=0.00e+00 cg_it=0 shift=0 ckpt=1 alpha=0 acc mv=263
PCG_PREP o=87 rebuild=1 drift=0 previous_depth=1
ATTR_RADIUS o=87 raw_norm=79974.861724417933 norm=403.16907370370859 radius=403.16907370370865 next_radius=403.16907370370865 lambda=6.4000000000000035e-09 next_lambda=6.4000000000000035e-09 rho=0.53413392706657392 accept=1
CLASSICAL_LM o=87 lambda=6.4000000000000035e-09 tau=6.4000000000000035e-09 prediction=6.0931512925065219 rho=0.53413392706657392 accept=1
  MFCG it  88 cost=2.480026e+05 lam=6.400e-09 tau=0.00e+00 cg_it=0 shift=0 ckpt=1 alpha=0 acc mv=265
PCG_PREP o=88 rebuild=1 drift=0 previous_depth=1
ATTR_RADIUS o=88 raw_norm=80264.329140692222 norm=403.16907370370848 radius=403.16907370370865 next_radius=403.16907370370865 lambda=6.4000000000000035e-09 next_lambda=6.4000000000000035e-09 rho=0.53144485538356756 accept=1
CLASSICAL_LM o=88 lambda=6.4000000000000035e-09 tau=6.4000000000000035e-09 prediction=6.0476719080744799 rho=0.53144485538356756 accept=1
  MFCG it  89 cost=2.479994e+05 lam=6.400e-09 tau=0.00e+00 cg_it=0 shift=0 ckpt=1 alpha=0 acc mv=267
PCG_PREP o=89 rebuild=1 drift=0 previous_depth=1
ATTR_RADIUS o=89 raw_norm=80546.774211663884 norm=403.16907370370848 radius=403.16907370370865 next_radius=403.16907370370865 lambda=6.4000000000000035e-09 next_lambda=6.4000000000000035e-09 rho=0.5287830629884096 accept=1
CLASSICAL_LM o=89 lambda=6.4000000000000035e-09 tau=6.4000000000000035e-09 prediction=6.0033421816695141 rho=0.5287830629884096 accept=1
  MFCG it  90 cost=2.479962e+05 lam=6.400e-09 tau=0.00e+00 cg_it=0 shift=0 ckpt=1 alpha=0 acc mv=269
PCG_PREP o=90 rebuild=1 drift=0 previous_depth=1
ATTR_RADIUS o=90 raw_norm=80821.386026928812 norm=403.16907370370876 radius=403.16907370370865 next_radius=403.16907370370865 lambda=6.4000000000000035e-09 next_lambda=6.4000000000000035e-09 rho=0.52614596453164786 accept=1
CLASSICAL_LM o=90 lambda=6.4000000000000035e-09 tau=6.4000000000000035e-09 prediction=5.9600618125111735 rho=0.52614596453164786 accept=1
  MFCG it  91 cost=2.479931e+05 lam=6.400e-09 tau=0.00e+00 cg_it=0 shift=0 ckpt=1 alpha=0 acc mv=271
PCG_PREP o=91 rebuild=1 drift=0 previous_depth=1
ATTR_RADIUS o=91 raw_norm=81088.293717225737 norm=403.1690737037087 radius=403.16907370370865 next_radius=403.16907370370865 lambda=6.4000000000000035e-09 next_lambda=6.4000000000000035e-09 rho=0.5235350030768432 accept=1
CLASSICAL_LM o=91 lambda=6.4000000000000035e-09 tau=6.4000000000000035e-09 prediction=5.9178306749387621 rho=0.5235350030768432 accept=1
  MFCG it  92 cost=2.479900e+05 lam=6.400e-09 tau=0.00e+00 cg_it=0 shift=0 ckpt=1 alpha=0 acc mv=273
PCG_PREP o=92 rebuild=1 drift=0 previous_depth=1
ATTR_RADIUS o=92 raw_norm=81346.875634208191 norm=403.1690737037087 radius=403.16907370370865 next_radius=403.16907370370865 lambda=6.4000000000000035e-09 next_lambda=6.4000000000000035e-09 rho=0.52095162458118849 accept=1
CLASSICAL_LM o=92 lambda=6.4000000000000035e-09 tau=6.4000000000000035e-09 prediction=5.8766338735782346 rho=0.52095162458118849 accept=1
  MFCG it  93 cost=2.479869e+05 lam=6.400e-09 tau=0.00e+00 cg_it=0 shift=0 ckpt=1 alpha=0 acc mv=275
PCG_PREP o=93 rebuild=1 drift=0 previous_depth=1
ATTR_RADIUS o=93 raw_norm=81597.963173162061 norm=403.16907370370865 radius=403.16907370370865 next_radius=403.16907370370865 lambda=6.4000000000000035e-09 next_lambda=6.4000000000000035e-09 rho=0.51839692190753162 accept=1
CLASSICAL_LM o=93 lambda=6.4000000000000035e-09 tau=6.4000000000000035e-09 prediction=5.8364554630832535 rho=0.51839692190753162 accept=1
  MFCG it  94 cost=2.479839e+05 lam=6.400e-09 tau=0.00e+00 cg_it=0 shift=0 ckpt=1 alpha=0 acc mv=277
PCG_PREP o=94 rebuild=1 drift=0 previous_depth=1
ATTR_RADIUS o=94 raw_norm=81840.375560958666 norm=403.16907370370865 radius=403.16907370370865 next_radius=403.16907370370865 lambda=6.4000000000000035e-09 next_lambda=6.4000000000000035e-09 rho=0.51587228917765238 accept=1
CLASSICAL_LM o=94 lambda=6.4000000000000035e-09 tau=6.4000000000000035e-09 prediction=5.7972825637542096 rho=0.51587228917765238 accept=1
  MFCG it  95 cost=2.479809e+05 lam=6.400e-09 tau=0.00e+00 cg_it=0 shift=0 ckpt=1 alpha=0 acc mv=279
PCG_PREP o=95 rebuild=1 drift=0 previous_depth=1
ATTR_RADIUS o=95 raw_norm=82074.72021832809 norm=403.16907370370865 radius=403.16907370370865 next_radius=403.16907370370865 lambda=6.4000000000000035e-09 next_lambda=6.4000000000000035e-09 rho=0.51337878509091484 accept=1
CLASSICAL_LM o=95 lambda=6.4000000000000035e-09 tau=6.4000000000000035e-09 prediction=5.7590987138959555 rho=0.51337878509091484 accept=1
  MFCG it  96 cost=2.479779e+05 lam=6.400e-09 tau=0.00e+00 cg_it=0 shift=0 ckpt=1 alpha=0 acc mv=281
PCG_PREP o=96 rebuild=1 drift=0 previous_depth=1
ATTR_RADIUS o=96 raw_norm=82300.043714117972 norm=403.16907370370876 radius=403.16907370370865 next_radius=403.16907370370865 lambda=6.4000000000000035e-09 next_lambda=6.4000000000000035e-09 rho=0.51091784987046396 accept=1
CLASSICAL_LM o=96 lambda=6.4000000000000035e-09 tau=6.4000000000000035e-09 prediction=5.7218923192422988 rho=0.51091784987046396 accept=1
  MFCG it  97 cost=2.479750e+05 lam=6.400e-09 tau=0.00e+00 cg_it=0 shift=0 ckpt=1 alpha=0 acc mv=283
PCG_PREP o=97 rebuild=1 drift=0 previous_depth=1
ATTR_RADIUS o=97 raw_norm=82517.450279638753 norm=403.16907370370853 radius=403.16907370370865 next_radius=403.16907370370865 lambda=6.4000000000000035e-09 next_lambda=6.4000000000000035e-09 rho=0.50849063902922809 accept=1
CLASSICAL_LM o=97 lambda=6.4000000000000035e-09 tau=6.4000000000000035e-09 prediction=5.6856487395259308 rho=0.50849063902922809 accept=1
  MFCG it  98 cost=2.479721e+05 lam=6.400e-09 tau=0.00e+00 cg_it=0 shift=0 ckpt=1 alpha=0 acc mv=285
PCG_PREP o=98 rebuild=1 drift=0 previous_depth=1
ATTR_RADIUS o=98 raw_norm=82725.596587289372 norm=403.16907370370859 radius=403.16907370370865 next_radius=403.16907370370865 lambda=6.4000000000000035e-09 next_lambda=6.4000000000000035e-09 rho=0.50609849785748817 accept=1
CLASSICAL_LM o=98 lambda=6.4000000000000035e-09 tau=6.4000000000000035e-09 prediction=5.6503560377009716 rho=0.50609849785748817 accept=1
  MFCG it  99 cost=2.479693e+05 lam=6.400e-09 tau=0.00e+00 cg_it=0 shift=0 ckpt=1 alpha=0 acc mv=287
PCG_PREP o=99 rebuild=1 drift=0 previous_depth=1
ATTR_RADIUS o=99 raw_norm=82924.763768503733 norm=403.16907370370865 radius=403.16907370370865 next_radius=403.16907370370865 lambda=6.4000000000000035e-09 next_lambda=6.4000000000000035e-09 rho=0.50374268259956478 accept=1
CLASSICAL_LM o=99 lambda=6.4000000000000035e-09 tau=6.4000000000000035e-09 prediction=5.616001288537614 rho=0.50374268259956478 accept=1
  MFCG it 100 cost=2.479664e+05 lam=6.400e-09 tau=0.00e+00 cg_it=0 shift=0 ckpt=1 alpha=0 acc mv=289
PCG_PREP o=100 rebuild=1 drift=0 previous_depth=1
ATTR_RADIUS o=100 raw_norm=83115.221931296692 norm=403.16907370370865 radius=403.16907370370865 next_radius=403.16907370370865 lambda=6.4000000000000035e-09 next_lambda=6.4000000000000035e-09 rho=0.50142436057970186 accept=1
CLASSICAL_LM o=100 lambda=6.4000000000000035e-09 tau=6.4000000000000035e-09 prediction=5.5825712095268916 rho=0.50142436057970186 accept=1
  MFCG it 101 cost=2.479636e+05 lam=6.400e-09 tau=0.00e+00 cg_it=0 shift=0 ckpt=1 alpha=0 acc mv=291
PCG_PREP o=101 rebuild=1 drift=0 previous_depth=1
ATTR_RADIUS o=101 raw_norm=83296.608225958189 norm=403.16907370370842 radius=403.16907370370865 next_radius=403.16907370370865 lambda=6.4000000000000035e-09 next_lambda=6.4000000000000035e-09 rho=0.49914490620924196 accept=1
CLASSICAL_LM o=101 lambda=6.4000000000000035e-09 tau=6.4000000000000035e-09 prediction=5.5500550736424135 rho=0.49914490620924196 accept=1
  MFCG it 102 cost=2.479609e+05 lam=6.400e-09 tau=0.00e+00 cg_it=0 shift=0 ckpt=1 alpha=0 acc mv=293
PCG_PREP o=102 rebuild=1 drift=0 previous_depth=1
ATTR_RADIUS o=102 raw_norm=83468.592406744167 norm=403.16907370370882 radius=403.16907370370865 next_radius=403.16907370370865 lambda=6.4000000000000035e-09 next_lambda=6.4000000000000035e-09 rho=0.49690548841442417 accept=1
CLASSICAL_LM o=102 lambda=6.4000000000000035e-09 tau=6.4000000000000035e-09 prediction=5.5184401511942349 rho=0.49690548841442417 accept=1
  MFCG it 103 cost=2.479581e+05 lam=6.400e-09 tau=0.00e+00 cg_it=0 shift=0 ckpt=1 alpha=0 acc mv=295
PCG_PREP o=103 rebuild=1 drift=0 previous_depth=1
ATTR_RADIUS o=103 raw_norm=83631.288710478941 norm=403.16907370370853 radius=403.16907370370865 next_radius=403.16907370370865 lambda=6.4000000000000035e-09 next_lambda=6.4000000000000035e-09 rho=0.49470727919221014 accept=1
CLASSICAL_LM o=103 lambda=6.4000000000000035e-09 tau=6.4000000000000035e-09 prediction=5.4877142441442102 rho=0.49470727919221014 accept=1
  MFCG it 104 cost=2.479554e+05 lam=6.400e-09 tau=0.00e+00 cg_it=0 shift=0 ckpt=1 alpha=0 acc mv=297
PCG_PREP o=104 rebuild=1 drift=0 previous_depth=1
ATTR_RADIUS o=104 raw_norm=83784.678331255593 norm=403.16907370370848 radius=403.16907370370865 next_radius=403.16907370370865 lambda=6.4000000000000035e-09 next_lambda=6.4000000000000035e-09 rho=0.49255164734550516 accept=1
CLASSICAL_LM o=104 lambda=6.4000000000000035e-09 tau=6.4000000000000035e-09 prediction=5.4578677373174402 rho=0.49255164734550516 accept=1
  MFCG it 105 cost=2.479527e+05 lam=6.400e-09 tau=0.00e+00 cg_it=0 shift=0 ckpt=1 alpha=0 acc mv=299
PCG_PREP o=105 rebuild=1 drift=0 previous_depth=1
ATTR_RADIUS o=105 raw_norm=83928.944382242291 norm=403.1690737037087 radius=403.16907370370865 next_radius=403.16907370370865 lambda=6.4000000000000035e-09 next_lambda=6.4000000000000035e-09 rho=0.49043967460224791 accept=1
CLASSICAL_LM o=105 lambda=6.4000000000000035e-09 tau=6.4000000000000035e-09 prediction=5.4288880863581408 rho=0.49043967460224791 accept=1
  MFCG it 106 cost=2.479501e+05 lam=6.400e-09 tau=0.00e+00 cg_it=0 shift=0 ckpt=1 alpha=0 acc mv=301
PCG_PREP o=106 rebuild=1 drift=0 previous_depth=1
ATTR_RADIUS o=106 raw_norm=84062.611475318263 norm=403.16907370370865 radius=403.16907370370865 next_radius=403.16907370370865 lambda=6.4000000000000035e-09 next_lambda=6.4000000000000035e-09 rho=0.48837260330619048 accept=1
CLASSICAL_LM o=106 lambda=6.4000000000000035e-09 tau=6.4000000000000035e-09 prediction=5.4007649283532082 rho=0.48837260330619048 accept=1
  MFCG it 107 cost=2.479474e+05 lam=6.400e-09 tau=0.00e+00 cg_it=0 shift=0 ckpt=1 alpha=0 acc mv=303
PCG_PREP o=107 rebuild=1 drift=0 previous_depth=1
ATTR_RADIUS o=107 raw_norm=84187.440485755287 norm=403.16907370370865 radius=403.16907370370865 next_radius=403.16907370370865 lambda=6.4000000000000035e-09 next_lambda=6.4000000000000035e-09 rho=0.4863516990045576 accept=1
CLASSICAL_LM o=107 lambda=6.4000000000000035e-09 tau=6.4000000000000035e-09 prediction=5.373488854760045 rho=0.4863516990045576 accept=1
  MFCG it 108 cost=2.479448e+05 lam=6.400e-09 tau=0.00e+00 cg_it=0 shift=0 ckpt=1 alpha=0 acc mv=305
PCG_PREP o=108 rebuild=1 drift=0 previous_depth=1
ATTR_RADIUS o=108 raw_norm=84302.342965956923 norm=403.16907370370888 radius=403.16907370370865 next_radius=403.16907370370865 lambda=6.4000000000000035e-09 next_lambda=6.4000000000000035e-09 rho=0.48437805011765267 accept=1
CLASSICAL_LM o=108 lambda=6.4000000000000035e-09 tau=6.4000000000000035e-09 prediction=5.3470485818274334 rho=0.48437805011765267 accept=1
  MFCG it 109 cost=2.479422e+05 lam=6.400e-09 tau=0.00e+00 cg_it=0 shift=0 ckpt=1 alpha=0 acc mv=307
PCG_PREP o=109 rebuild=1 drift=0 previous_depth=1
ATTR_RADIUS o=109 raw_norm=84407.740735183062 norm=403.16907370370848 radius=403.16907370370865 next_radius=403.16907370370865 lambda=6.4000000000000035e-09 next_lambda=6.4000000000000035e-09 rho=0.48245275975094531 accept=1
CLASSICAL_LM o=109 lambda=6.4000000000000035e-09 tau=6.4000000000000035e-09 prediction=5.3214336499984496 rho=0.48245275975094531 accept=1
  MFCG it 110 cost=2.479397e+05 lam=6.400e-09 tau=0.00e+00 cg_it=0 shift=0 ckpt=1 alpha=0 acc mv=309
PCG_PREP o=110 rebuild=1 drift=0 previous_depth=1
ATTR_RADIUS o=110 raw_norm=84502.661381164435 norm=403.16907370370865 radius=403.16907370370865 next_radius=403.16907370370865 lambda=6.4000000000000035e-09 next_lambda=6.4000000000000035e-09 rho=0.48057695916489696 accept=1
CLASSICAL_LM o=110 lambda=6.4000000000000035e-09 tau=6.4000000000000035e-09 prediction=5.2966340032990864 rho=0.48057695916489696 accept=1
  MFCG it 111 cost=2.479371e+05 lam=6.400e-09 tau=0.00e+00 cg_it=0 shift=0 ckpt=1 alpha=0 acc mv=311
PCG_PREP o=111 rebuild=1 drift=0 previous_depth=1
ATTR_RADIUS o=111 raw_norm=84588.193798684297 norm=403.16907370370865 radius=403.16907370370865 next_radius=403.16907370370865 lambda=6.4000000000000035e-09 next_lambda=6.4000000000000035e-09 rho=0.47875177496646842 accept=1
CLASSICAL_LM o=111 lambda=6.4000000000000035e-09 tau=6.4000000000000035e-09 prediction=5.2726405060227322 rho=0.47875177496646842 accept=1
  MFCG it 112 cost=2.479346e+05 lam=6.400e-09 tau=0.00e+00 cg_it=0 shift=0 ckpt=1 alpha=0 acc mv=313
PCG_PREP o=112 rebuild=1 drift=0 previous_depth=1
ATTR_RADIUS o=112 raw_norm=84663.284283569796 norm=403.1690737037087 radius=403.16907370370865 next_radius=403.16907370370865 lambda=6.4000000000000035e-09 next_lambda=6.4000000000000035e-09 rho=0.47697838429800254 accept=1
CLASSICAL_LM o=112 lambda=6.4000000000000035e-09 tau=6.4000000000000035e-09 prediction=5.2494444572445849 rho=0.47697838429800254 accept=1
  MFCG it 113 cost=2.479321e+05 lam=6.400e-09 tau=0.00e+00 cg_it=0 shift=0 ckpt=1 alpha=0 acc mv=315
PCG_PREP o=113 rebuild=1 drift=0 previous_depth=1
ATTR_RADIUS o=113 raw_norm=84728.576714520255 norm=403.16907370370888 radius=403.16907370370865 next_radius=403.16907370370865 lambda=6.4000000000000035e-09 next_lambda=6.4000000000000035e-09 rho=0.47525769004294055 accept=1
CLASSICAL_LM o=113 lambda=6.4000000000000035e-09 tau=6.4000000000000035e-09 prediction=5.2270352244843972 rho=0.47525769004294055 accept=1
  MFCG it 114 cost=2.479296e+05 lam=6.400e-09 tau=0.00e+00 cg_it=0 shift=0 ckpt=1 alpha=0 acc mv=317
PCG_PREP o=114 rebuild=1 drift=0 previous_depth=1
ATTR_RADIUS o=114 raw_norm=84783.824064091474 norm=403.16907370370865 radius=403.16907370370865 next_radius=403.16907370370865 lambda=6.4000000000000035e-09 next_lambda=6.4000000000000035e-09 rho=0.47359075708422255 accept=1
CLASSICAL_LM o=114 lambda=6.4000000000000035e-09 tau=6.4000000000000035e-09 prediction=5.2054039433322483 rho=0.47359075708422255 accept=1
  MFCG it 115 cost=2.479271e+05 lam=6.400e-09 tau=0.00e+00 cg_it=0 shift=0 ckpt=1 alpha=0 acc mv=319
PCG_PREP o=115 rebuild=1 drift=0 previous_depth=1
ATTR_RADIUS o=115 raw_norm=84829.302950706755 norm=403.16907370370853 radius=403.16907370370865 next_radius=403.16907370370865 lambda=6.4000000000000035e-09 next_lambda=6.4000000000000035e-09 rho=0.47197857608412414 accept=1
CLASSICAL_LM o=115 lambda=6.4000000000000035e-09 tau=6.4000000000000035e-09 prediction=5.1845416568325611 rho=0.47197857608412414 accept=1
  MFCG it 116 cost=2.479247e+05 lam=6.400e-09 tau=0.00e+00 cg_it=0 shift=0 ckpt=1 alpha=0 acc mv=321
PCG_PREP o=116 rebuild=1 drift=0 previous_depth=1
ATTR_RADIUS o=116 raw_norm=84864.007515330668 norm=403.16907370370865 radius=403.16907370370865 next_radius=403.16907370370865 lambda=6.4000000000000035e-09 next_lambda=6.4000000000000035e-09 rho=0.47042210928201222 accept=1
CLASSICAL_LM o=116 lambda=6.4000000000000035e-09 tau=6.4000000000000035e-09 prediction=5.1644394497686772 rho=0.47042210928201222 accept=1
  MFCG it 117 cost=2.479223e+05 lam=6.400e-09 tau=0.00e+00 cg_it=0 shift=0 ckpt=1 alpha=0 acc mv=323
PCG_PREP o=117 rebuild=1 drift=0 previous_depth=1
ATTR_RADIUS o=117 raw_norm=84888.7118760023 norm=403.1690737037087 radius=403.16907370370865 next_radius=403.16907370370865 lambda=6.4000000000000035e-09 next_lambda=6.4000000000000035e-09 rho=0.46892227059168051 accept=1
CLASSICAL_LM o=117 lambda=6.4000000000000035e-09 tau=6.4000000000000035e-09 prediction=5.145088531304661 rho=0.46892227059168051 accept=1
  MFCG it 118 cost=2.479198e+05 lam=6.400e-09 tau=0.00e+00 cg_it=0 shift=0 ckpt=1 alpha=0 acc mv=325
PCG_PREP o=118 rebuild=1 drift=0 previous_depth=1
ATTR_RADIUS o=118 raw_norm=84903.635627595984 norm=403.16907370370893 radius=403.16907370370865 next_radius=403.16907370370865 lambda=6.4000000000000035e-09 next_lambda=6.4000000000000035e-09 rho=0.46747993351085626 accept=1
CLASSICAL_LM o=118 lambda=6.4000000000000035e-09 tau=6.4000000000000035e-09 prediction=5.126480255120617 rho=0.46747993351085626 accept=1
  MFCG it 119 cost=2.479175e+05 lam=6.400e-09 tau=0.00e+00 cg_it=0 shift=0 ckpt=1 alpha=0 acc mv=327
PCG_PREP o=119 rebuild=1 drift=0 previous_depth=1
ATTR_RADIUS o=119 raw_norm=84908.060325280574 norm=403.16907370370876 radius=403.16907370370865 next_radius=403.16907370370865 lambda=6.4000000000000035e-09 next_lambda=6.4000000000000035e-09 rho=0.46609601366834835 accept=1
CLASSICAL_LM o=119 lambda=6.4000000000000035e-09 tau=6.4000000000000035e-09 prediction=5.1086065986906295 rho=0.46609601366834835 accept=1
  MFCG it 120 cost=2.479151e+05 lam=6.400e-09 tau=0.00e+00 cg_it=0 shift=0 ckpt=1 alpha=0 acc mv=329
PCG_PREP o=120 rebuild=1 drift=0 previous_depth=1
ATTR_RADIUS o=120 raw_norm=84902.306556444659 norm=403.16907370370865 radius=403.16907370370865 next_radius=403.16907370370865 lambda=6.4000000000000035e-09 next_lambda=6.4000000000000035e-09 rho=0.46477131276142536 accept=1
CLASSICAL_LM o=120 lambda=6.4000000000000035e-09 tau=6.4000000000000035e-09 prediction=5.0914591575101831 rho=0.46477131276142536 accept=1
  MFCG it 121 cost=2.479127e+05 lam=6.400e-09 tau=0.00e+00 cg_it=0 shift=0 ckpt=1 alpha=0 acc mv=331
PCG_PREP o=121 rebuild=1 drift=0 previous_depth=1
ATTR_RADIUS o=121 raw_norm=84886.46772706497 norm=403.16907370370865 radius=403.16907370370865 next_radius=403.16907370370865 lambda=6.4000000000000035e-09 next_lambda=6.4000000000000035e-09 rho=0.4635066385797364 accept=1
CLASSICAL_LM o=121 lambda=6.4000000000000035e-09 tau=6.4000000000000035e-09 prediction=5.0750299949976849 rho=0.4635066385797364 accept=1
  MFCG: converged (OCA_FTOL: 8 outers < 1.0e-05 rel)
  [menu-backtrack] confirming stop with original retry policy at outer 122
  MFCG it 122 cost=2.479104e+05 lam=6.400e-09 tau=0.00e+00 cg_it=0 shift=0 ckpt=1 alpha=0 acc mv=333
PCG_PREP o=122 rebuild=1 drift=0 previous_depth=1
ATTR_RADIUS o=122 raw_norm=84860.632373444707 norm=403.16907370370876 radius=403.16907370370865 next_radius=403.16907370370865 lambda=6.4000000000000035e-09 next_lambda=6.4000000000000035e-09 rho=0.46230265381860486 accept=1
CLASSICAL_LM o=122 lambda=6.4000000000000035e-09 tau=6.4000000000000035e-09 prediction=5.0593104332285241 rho=0.46230265381860486 accept=1
  MFCG it 123 cost=2.479080e+05 lam=6.400e-09 tau=0.00e+00 cg_it=0 shift=0 ckpt=1 alpha=0 acc mv=335
PCG_PREP o=123 rebuild=1 drift=0 previous_depth=1
ATTR_RADIUS o=123 raw_norm=84824.610754311769 norm=403.16907370370848 radius=403.16907370370865 next_radius=403.16907370370865 lambda=6.4000000000000035e-09 next_lambda=6.4000000000000035e-09 rho=0.46116005101657065 accept=1
CLASSICAL_LM o=123 lambda=6.4000000000000035e-09 tau=6.4000000000000035e-09 prediction=5.0442921886890906 rho=0.46116005101657065 accept=1
  MFCG it 124 cost=2.479057e+05 lam=6.400e-09 tau=0.00e+00 cg_it=0 shift=0 ckpt=1 alpha=0 acc mv=337
PCG_PREP o=124 rebuild=1 drift=0 previous_depth=1
ATTR_RADIUS o=124 raw_norm=84778.061808204147 norm=403.16907370370865 radius=403.16907370370865 next_radius=403.16907370370865 lambda=6.4000000000000035e-09 next_lambda=6.4000000000000035e-09 rho=0.46007961427099064 accept=1
CLASSICAL_LM o=124 lambda=6.4000000000000035e-09 tau=6.4000000000000035e-09 prediction=5.0299686786113069 rho=0.46007961427099064 accept=1
  MFCG it 125 cost=2.479034e+05 lam=6.400e-09 tau=0.00e+00 cg_it=0 shift=0 ckpt=1 alpha=0 acc mv=339
PCG_PREP o=125 rebuild=1 drift=0 previous_depth=1
ATTR_RADIUS o=125 raw_norm=84722.158359912428 norm=403.16907370370853 radius=403.16907370370865 next_radius=403.16907370370865 lambda=6.4000000000000035e-09 next_lambda=6.4000000000000035e-09 rho=0.4590619420025096 accept=1
CLASSICAL_LM o=125 lambda=6.4000000000000035e-09 tau=6.4000000000000035e-09 prediction=5.0163321874996569 rho=0.4590619420025096 accept=1
  MFCG it 126 cost=2.479011e+05 lam=6.400e-09 tau=0.00e+00 cg_it=0 shift=0 ckpt=1 alpha=0 acc mv=341
PCG_PREP o=126 rebuild=1 drift=0 previous_depth=1
ATTR_RADIUS o=126 raw_norm=84655.746892369716 norm=403.1690737037087 radius=403.16907370370865 next_radius=403.16907370370865 lambda=6.4000000000000035e-09 next_lambda=6.4000000000000035e-09 rho=0.45810741311334946 accept=1
CLASSICAL_LM o=126 lambda=6.4000000000000035e-09 tau=6.4000000000000035e-09 prediction=5.0033729157058859 rho=0.45810741311334946 accept=1
  MFCG it 127 cost=2.478988e+05 lam=6.400e-09 tau=0.00e+00 cg_it=0 shift=0 ckpt=1 alpha=0 acc mv=343
PCG_PREP o=127 rebuild=1 drift=0 previous_depth=1
ATTR_RADIUS o=127 raw_norm=84579.520137019106 norm=403.16907370370865 radius=403.16907370370865 next_radius=403.16907370370865 lambda=6.4000000000000035e-09 next_lambda=6.4000000000000035e-09 rho=0.45721678395872134 accept=1
CLASSICAL_LM o=127 lambda=6.4000000000000035e-09 tau=6.4000000000000035e-09 prediction=4.9910856343216246 rho=0.45721678395872134 accept=1
  MFCG it 128 cost=2.478965e+05 lam=6.400e-09 tau=0.00e+00 cg_it=0 shift=0 ckpt=1 alpha=0 acc mv=345
PCG_PREP o=128 rebuild=1 drift=0 previous_depth=1
ATTR_RADIUS o=128 raw_norm=84493.14319396051 norm=403.16907370370876 radius=403.16907370370865 next_radius=403.16907370370865 lambda=6.4000000000000035e-09 next_lambda=6.4000000000000035e-09 rho=0.45639033480384 accept=1
CLASSICAL_LM o=128 lambda=6.4000000000000035e-09 tau[R9] wrote /tmp/prism-ba-coarse/research/champion_point_followup/evidence/generated-target-repeat/venice-52-champion-5/curve.csv
=6.4000000000000035e-09 prediction=4.9794609008464121 rho=0.45639033480384 accept=1
  MFCG it 129 cost=2.478942e+05 lam=6.400e-09 tau=0.00e+00 cg_it=0 shift=0 ckpt=1 alpha=0 acc mv=347
PCG_PREP o=129 rebuild=1 drift=0 previous_depth=1
ATTR_RADIUS o=129 raw_norm=84397.035574426423 norm=403.16907370370842 radius=403.16907370370865 next_radius=403.16907370370865 lambda=6.4000000000000035e-09 next_lambda=6.4000000000000035e-09 rho=0.4556286457497421 accept=1
CLASSICAL_LM o=129 lambda=6.4000000000000035e-09 tau=6.4000000000000035e-09 prediction=4.9684926218368863 rho=0.4556286457497421 accept=1
  MFCG: converged (OCA_FTOL: 8 outers < 1.0e-05 rel)
  MFCG: accepts=130 rejects=2 total_matvecs=349 negcurv=0 cand_evals=132 mean_cg_per_outer=2.7
NUMERIC_REPAIR summary rebuilds=0 floor=9.9999999999999998e-17
  [retry-cache] builds=132 reuses=0
  [menu-backtrack] trials=14 rescues=14 evals=34 total_scored=166
POINT_SAFE summary calls=14 evals=14 wins=2 frozen=5553 seconds=0.033748097
  [scoring] menu_evals=132 alpha_evals=0 backtrack_evals=34 total_scored=166
RESULT algo=mfree_shifted_cg iters=130 final_cost=247891.9593634214 solve_seconds=1.334870
DIAGNOSTICS median_reproj_err_px 3.252455 -> 0.364962 | cheirality_violations(obs) 0 -> 13 | cheirality_violations(pts, of 64053) 0 -> 7
