  [menu-backtrack] active=1 max_evals=8 warmup_accepts=3 confirm_stop=original armijo=1e-4
MIXED_STORAGE fragments=fp32 arithmetic=fp64 state=fp64 acceptance=fp64
  [compact-fragments] active=2 saved_bytes=17253496 storage=fp32 camera_reads=contiguous
  MFCG score_init=20163569.015917197 precision=fp64
PCG_PREP o=0 rebuild=1 drift=0 previous_depth=0
ATTR_RADIUS o=0 raw_norm=3807.5527196925123 norm=3807.5527196925123 radius=3807.5527196925123 next_radius=7615.1054393850245 lambda=0.10000000000000001 next_lambda=0.025000000000000001 rho=0.99804636977477879 accept=1
CLASSICAL_LM o=0 lambda=0.10000000000000001 tau=0.10000000000000001 prediction=19740926.918440241 rho=0.99804636977477879 accept=1
  MFCG it   1 cost=4.612086e+05 lam=2.500e-02 tau=0.00e+00 cg_it=2 shift=0 ckpt=3 alpha=0 acc mv=4
PCG_PREP o=1 rebuild=1 drift=0 previous_depth=3
ATTR_RADIUS o=1 raw_norm=1790.1800923129661 norm=1790.1800923129663 radius=7615.1054393850245 next_radius=7615.1054393850245 lambda=0.025000000000000001 next_lambda=0.0025000000000000005 rho=1.0007698899759181 accept=1
CLASSICAL_LM o=1 lambda=0.025000000000000001 tau=0.025000000000000001 prediction=299575.841586389 rho=1.0007698899759181 accept=1
  MFCG it   2 cost=1.614021e+05 lam=2.500e-03 tau=0.00e+00 cg_it=5 shift=0 ckpt=6 alpha=0 acc mv=11
PCG_PREP o=2 rebuild=1 drift=0 previous_depth=6
ATTR_RADIUS o=2 raw_norm=1723.4339558263782 norm=1723.4339558263782 radius=7615.1054393850245 next_radius=7615.1054393850245 lambda=0.0025000000000000005 next_lambda=0.00025000000000000006 rho=0.99649833994165726 accept=1
CLASSICAL_LM o=2 lambda=0.0025000000000000005 tau=0.0025000000000000005 prediction=41413.056194626712 rho=0.99649833994165726 accept=1
  MFCG it   3 cost=1.201340e+05 lam=2.500e-04 tau=0.00e+00 cg_it=12 shift=0 ckpt=13 alpha=0 acc mv=25
PCG_PREP o=3 rebuild=1 drift=0 previous_depth=13
ATTR_RADIUS o=3 raw_norm=2486.7401225058616 norm=2486.7401225058616 radius=7615.1054393850245 next_radius=7615.1054393850245 lambda=0.00025000000000000006 next_lambda=2.5000000000000008e-05 rho=0.99729151468572463 accept=1
CLASSICAL_LM o=3 lambda=0.00025000000000000006 tau=0.00025000000000000006 prediction=9693.1934001954342 rho=0.99729151468572463 accept=1
  MFCG it   4 cost=1.104671e+05 lam=2.500e-05 tau=0.00e+00 cg_it=3 shift=0 ckpt=4 alpha=0 acc mv=30
PCG_PREP o=4 rebuild=1 drift=0 previous_depth=4
ATTR_RADIUS o=4 raw_norm=4913.8188621122081 norm=4913.8188621122081 radius=7615.1054393850245 next_radius=7615.1054393850245 lambda=2.5000000000000008e-05 next_lambda=2.5000000000000011e-06 rho=0.2968380025177173 accept=1
CLASSICAL_LM o=4 lambda=2.5000000000000008e-05 tau=2.5000000000000008e-05 prediction=5325.6966570114091 rho=0.2968380025177173 accept=1
  MFCG it   5 cost=1.088862e+05 lam=2.500e-06 tau=0.00e+00 cg_it=50 shift=0 ckpt=51 alpha=0 acc mv=82
PCG_PREP o=5 rebuild=1 drift=0 previous_depth=51
ATTR_RADIUS o=5 raw_norm=975.74084183111347 norm=975.74084183111347 radius=7615.1054393850245 next_radius=7615.1054393850245 lambda=2.5000000000000011e-06 next_lambda=2.5000000000000009e-07 rho=0.94691211587962476 accept=1
CLASSICAL_LM o=5 lambda=2.5000000000000011e-06 tau=2.5000000000000011e-06 prediction=3798.3071235654302 rho=0.94691211587962476 accept=1
  MFCG it   6 cost=1.052896e+05 lam=2.500e-07 tau=0.00e+00 cg_it=0 shift=0 ckpt=1 alpha=0 acc mv=84
PCG_PREP o=6 rebuild=1 drift=0 previous_depth=1
ATTR_RADIUS o=6 raw_norm=2554.6481922514449 norm=2554.6481922514449 radius=7615.1054393850245 next_radius=7615.1054393850245 lambda=2.5000000000000009e-07 next_lambda=2.5000000000000012e-08 rho=0.62163010782308192 accept=1
CLASSICAL_LM o=6 lambda=2.5000000000000009e-07 tau=2.5000000000000009e-07 prediction=399.24111757589003 rho=0.62163010782308192 accept=1
  MFCG it   7 cost=1.050414e+05 lam=2.500e-08 tau=0.00e+00 cg_it=8 shift=0 ckpt=9 alpha=0 acc mv=94
PCG_PREP o=7 rebuild=1 drift=0 previous_depth=9
ATTR_RADIUS o=7 raw_norm=153.80088612461725 norm=153.80088612461725 radius=7615.1054393850245 next_radius=7615.1054393850245 lambda=2.5000000000000012e-08 next_lambda=2.5000000000000013e-09 rho=0.99933447770228012 accept=1
CLASSICAL_LM o=7 lambda=2.5000000000000012e-08 tau=2.5000000000000012e-08 prediction=151.95762472768757 rho=0.99933447770228012 accept=1
  MFCG it   8 cost=1.048895e+05 lam=2.500e-09 tau=0.00e+00 cg_it=0 shift=0 ckpt=1 alpha=0 acc mv=96
PCG_PREP o=8 rebuild=1 drift=0 previous_depth=1
ATTR_RADIUS o=8 raw_norm=18704.782675566938 norm=7615.1054393850245 radius=7615.1054393850245 next_radius=7615.1054393850245 lambda=2.5000000000000013e-09 next_lambda=2.5000000000000013e-09 rho=0.39880288940325953 accept=1
CLASSICAL_LM o=8 lambda=2.5000000000000013e-09 tau=2.5000000000000013e-09 prediction=1249.3763764557355 rho=0.39880288940325953 accept=1
TARGET reached outer=9 seconds=0.147104042 cost=104391.28178256367 threshold=104627.02846700703
  MFCG: accepts=9 rejects=0 total_matvecs=224 negcurv=0 cand_evals=9 mean_cg_per_outer=24.9
NUMERIC_REPAIR summary rebuilds=0 floor=9.9999999999999998e-17
  [retry-cache] builds=9 reuses=0
  [menu-backtrack] trials=0 rescues=0 evals=0 total_scored=9
POINT_SAFE summary calls=0 evals=0 wins=0 frozen=0 seconds=0
  [scoring] menu_evals=9 alpha_evals=0 backtrack_evals=0 total_scored=9
RESULT algo=mfree_shifted_cg iters=9 final_cost=104391.2817825637 solve_seconds=0.149719
DIAGNOSTICS median_reproj_err_px 3.953929 -> 0.548607 | cheirality_violations(obs) 211 -> 211 | cheirality_violations(pts, of 44033) 211 -> 211
