  [menu-backtrack] active=1 max_evals=8 warmup_accepts=3 confirm_stop=original armijo=1e-4
MIXED_STORAGE fragments=fp32 arithmetic=fp64 state=fp64 acceptance=fp64
  [compact-fragments] active=2 saved_bytes=36105992 storage=fp32 camera_reads=contiguous
  MFCG score_init=11152062.772762472 precision=fp64
PCG_PREP o=0 rebuild=1 drift=0 previous_depth=0
E2_CAP o=0 retry=0 touched=0 ncam=52 raw=3225.3525896296705 capped=3225.352589629671 radius=3225.3525896296705 median=290.86422472540988 global_scale=0.99999999999999989
ATTR_RADIUS o=0 raw_norm=3225.3525896296705 norm=3225.3525896296701 radius=3225.3525896296705 next_radius=6450.7051792593411 lambda=0.10000000000000001 next_lambda=0.025000000000000001 rho=0.99997438839510644 accept=1
CLASSICAL_LM o=0 lambda=0.10000000000000001 tau=0.10000000000000001 prediction=8877594.9877400436 rho=0.99997438839510644 accept=1
  MFCG it   1 cost=2.274695e+06 lam=2.500e-02 tau=0.00e+00 cg_it=0 shift=0 ckpt=1 alpha=0 acc mv=2
PCG_PREP o=1 rebuild=1 drift=0 previous_depth=1
E2_CAP o=1 retry=0 touched=0 ncam=52 raw=2725.1440498078573 capped=2725.1440498078568 radius=6450.7051792593411 median=309.33669829484643 global_scale=1
ATTR_RADIUS o=1 raw_norm=2725.1440498078568 norm=2725.1440498078568 radius=6450.7051792593411 next_radius=6450.7051792593411 lambda=0.025000000000000001 next_lambda=0.0025000000000000005 rho=0.9970184556905477 accept=1
CLASSICAL_LM o=1 lambda=0.025000000000000001 tau=0.025000000000000001 prediction=770789.7381605861 rho=0.9970184556905477 accept=1
  MFCG it   2 cost=1.506204e+06 lam=2.500e-03 tau=0.00e+00 cg_it=4 shift=0 ckpt=5 alpha=0 acc mv=8
PCG_PREP o=2 rebuild=1 drift=0 previous_depth=5
E2_CAP o=2 retry=0 touched=0 ncam=52 raw=9578.853529165217 capped=9578.8535291652151 radius=6450.7051792593411 median=1110.2477539379684 global_scale=0.67343186317846448
ATTR_RADIUS o=2 raw_norm=9578.8535291652151 norm=6450.7051792593411 radius=6450.7051792593411 next_radius=12901.410358518682 lambda=0.0025000000000000005 next_lambda=0.00062500000000000012 rho=0.99788045990932983 accept=1
CLASSICAL_LM o=2 lambda=0.0025000000000000005 tau=0.0025000000000000005 prediction=379875.54087330337 rho=0.99788045990932983 accept=1
  MFCG it   3 cost=1.127133e+06 lam=6.250e-04 tau=0.00e+00 cg_it=6 shift=0 ckpt=7 alpha=0 acc mv=16
PCG_PREP o=3 rebuild=1 drift=0 previous_depth=7
E2_CAP o=3 retry=0 touched=0 ncam=52 raw=20859.307736763036 capped=20859.307736763039 radius=12901.410358518682 median=2308.345733228085 global_scale=0.61849657339207231
ATTR_RADIUS o=3 raw_norm=20859.307736763036 norm=12901.41035851868 radius=12901.410358518682 next_radius=25802.820717037364 lambda=0.00062500000000000012 next_lambda=0.00015625000000000003 rho=1.0093969216306251 accept=1
CLASSICAL_LM o=3 lambda=0.00062500000000000012 tau=0.00062500000000000012 prediction=304236.92171972443 rho=1.0093969216306251 accept=1
  MFCG it   4 cost=8.200374e+05 lam=1.563e-04 tau=0.00e+00 cg_it=5 shift=0 ckpt=6 alpha=0 acc mv=23
PCG_PREP o=4 rebuild=1 drift=0 previous_depth=6
E2_CAP o=4 retry=0 touched=0 ncam=52 raw=36747.144697820353 capped=36747.144697820353 radius=25802.820717037364 median=3908.6746342137376 global_scale=0.70217212600378853
ATTR_RADIUS o=4 raw_norm=36747.144697820353 norm=25802.820717037368 radius=25802.820717037364 next_radius=51605.641434074729 lambda=0.00015625000000000003 next_lambda=3.9062500000000008e-05 rho=0.98437153825107149 accept=1
CLASSICAL_LM o=4 lambda=0.00015625000000000003 tau=0.00015625000000000003 prediction=327617.41562962002 rho=0.98437153825107149 accept=1
  MFCG it   5 cost=4.975401e+05 lam=3.906e-05 tau=0.00e+00 cg_it=8 shift=0 ckpt=9 alpha=0 acc mv=33
PCG_PREP o=5 rebuild=1 drift=0 previous_depth=9
E2_CAP o=5 retry=0 touched=0 ncam=52 raw=37463.339910631315 capped=37463.339910631315 radius=51605.641434074729 median=2985.9635266099826 global_scale=1
POINT_SAFE o=5 frozen=1464 slope=-317535.1643948303 candidate=381890.57182069559 original=373473.48946987785 current=497540.10902827559 won=0 mode=1 camera_scale=1 keep_scale=0
ATTR_RADIUS o=5 raw_norm=37463.339910631315 norm=18731.669955315658 radius=51605.641434074729 next_radius=51605.641434074729 lambda=3.9062500000000008e-05 next_lambda=3.9062500000000009e-06 rho=0.96839028963847029 accept=1
CLASSICAL_LM o=5 lambda=3.9062500000000008e-05 tau=3.9062500000000008e-05 prediction=128116.33995701837 rho=0.96839028963847029 accept=1
  MFCG it   6 cost=3.734735e+05 lam=3.906e-06 tau=0.00e+00 cg_it=6 shift=0 ckpt=7 alpha=0 acc mv=41
PCG_PREP o=6 rebuild=1 drift=0 previous_depth=7
E2_CAP o=6 retry=0 touched=0 ncam=52 raw=50229.773482814773 capped=50229.773482814773 radius=51605.641434074729 median=2057.2345227673095 global_scale=1
POINT_SAFE o=6 frozen=670 slope=-179589.07809318509 candidate=403764.26247094054 original=368581.36760778137 current=373473.48946987785 won=0 mode=1 camera_scale=1 keep_scale=0
ATTR_RADIUS o=6 raw_norm=50229.77348281478 norm=50229.773482814773 radius=51605.641434074729 next_radius=12901.410358518682 lambda=3.9062500000000009e-06 next_lambda=6.2500000000000015e-05 rho=0.067438149134734421 accept=0
CLASSICAL_LM o=6 lambda=3.9062500000000009e-06 tau=3.9062500000000009e-06 prediction=72542.350655598915 rho=0.067438149134734421 accept=0
  MFCG it   7  retry 1/8  lam=6.250e-05 tau_eff=3.906e-06  (assembly reused)
PCG_PREP o=6 rebuild=1 drift=0 previous_depth=6
E2_CAP o=6 retry=1 touched=0 ncam=52 raw=19848.981158985756 capped=19848.981158985753 radius=12901.410358518682 median=1726.5004516773583 global_scale=0.6499784676695175
ATTR_RADIUS o=6 raw_norm=19848.981158985756 norm=12901.410358518686 radius=12901.410358518682 next_radius=25802.820717037364 lambda=6.2500000000000015e-05 next_lambda=1.5625000000000004e-05 rho=0.882646533713076 accept=1
CLASSICAL_LM o=6 lambda=6.2500000000000015e-05 tau=6.2500000000000015e-05 prediction=68725.645371662569 rho=0.882646533713076 accept=1
  MFCG it   7 cost=3.128130e+05 lam=1.563e-05 tau=0.00e+00 cg_it=5 shift=0 ckpt=6 alpha=0 acc mv=55
PCG_PREP o=7 rebuild=1 drift=0 previous_depth=6
E2_CAP o=7 retry=0 touched=0 ncam=52 raw=22599.901703602052 capped=22599.901703602052 radius=25802.820717037364 median=1130.7449334022285 global_scale=1
POINT_SAFE o=7 frozen=179 slope=-71080.721489065283 candidate=285659.09568285459 original=290316.66020779853 current=312813.03680538578 won=1 mode=1 camera_scale=1 keep_scale=0
ATTR_RADIUS o=7 raw_norm=22599.901703602052 norm=22599.901703602052 radius=25802.820717037364 next_radius=25802.820717037364 lambda=1.5625000000000004e-05 next_lambda=1.5625000000000004e-05 rho=0.69104587036497123 accept=1
CLASSICAL_LM o=7 lambda=1.5625000000000004e-05 tau=1.5625000000000004e-05 prediction=39293.977848662958 rho=0.69104587036497123 accept=1
  MFCG it   8 cost=2.856591e+05 lam=1.563e-05 tau=0.00e+00 cg_it=5 shift=0 ckpt=6 alpha=0 acc mv=62
PCG_PREP o=8 rebuild=1 drift=0 previous_depth=6
E2_CAP o=8 retry=0 touched=2 ncam=52 raw=7069.9033597691259 capped=2384.8660908535271 radius=25802.820717037364 median=52.679162911123207 global_scale=1
POINT_SAFE o=8 frozen=29 slope=-27421.5595704343 candidate=272518.45803064876 original=281264.79454350867 current=285659.09568285459 won=1 mode=1 camera_scale=1 keep_scale=0
ATTR_RADIUS o=8 raw_norm=7069.9033597691241 norm=2384.8660908535267 radius=25802.820717037364 next_radius=25802.820717037364 lambda=1.5625000000000004e-05 next_lambda=1.5625000000000005e-06 rho=0.87351574083056949 accept=1
CLASSICAL_LM o=8 lambda=1.5625000000000004e-05 tau=1.5625000000000004e-05 prediction=15043.38964711872 rho=0.87351574083056949 accept=1
  MFCG it   9 cost=2.725185e+05 lam=1.563e-06 tau=0.00e+00 cg_it=0 shift=0 ckpt=1 alpha=0 acc mv=64
PCG_PREP o=9 rebuild=1 drift=0 previous_depth=1
E2_CAP o=9 retry=0 touched=2 ncam=52 raw=34417.527770841742 capped=7714.565476693444 radius=25802.820717037364 median=161.91676850720313 global_scale=1
POINT_SAFE o=9 frozen=506 slope=-10337.699513160351 candidate=274062.93881748593 original=268093.29318621452 current=272518.45803064876 won=0 mode=1 camera_scale=1 keep_scale=0
ATTR_RADIUS o=9 raw_norm=34417.527770841734 norm=964.32068458668027 radius=25802.820717037364 next_radius=25802.820717037364 lambda=1.5625000000000005e-06 next_lambda=1.5625000000000007e-07 rho=1.3707134063031696 accept=1
CLASSICAL_LM o=9 lambda=1.5625000000000005e-06 tau=1.5625000000000005e-06 prediction=3228.366209949726 rho=1.3707134063031696 accept=1
  MFCG it  10 cost=2.680933e+05 lam=1.563e-07 tau=0.00e+00 cg_it=1 shift=0 ckpt=2 alpha=0 acc mv=67
PCG_PREP o=10 rebuild=1 drift=0 previous_depth=2
E2_CAP o=10 retry=0 touched=2 ncam=52 raw=44488.859064564269 capped=7064.2605585302508 radius=25802.820717037364 median=132.11918520929629 global_scale=1
POINT_SAFE o=10 frozen=234 slope=-17673.704770675653 candidate=264017.99013898603 original=262901.66491546389 current=268093.29318621452 won=0 mode=1 camera_scale=1 keep_scale=0
ATTR_RADIUS o=10 raw_norm=44488.859064564269 norm=3532.1302792651263 radius=25802.820717037364 next_radius=25802.820717037364 lambda=1.5625000000000007e-07 next_lambda=1.5625000000000006e-08 rho=0.59329240048164189 accept=1
CLASSICAL_LM o=10 lambda=1.5625000000000007e-07 tau=1.5625000000000007e-07 prediction=8750.5389695468984 rho=0.59329240048164189 accept=1
  MFCG it  11 cost=2.629017e+05 lam=1.563e-08 tau=0.00e+00 cg_it=1 shift=0 ckpt=2 alpha=0 acc mv=70
PCG_PREP o=11 rebuild=1 drift=0 previous_depth=2
E2_CAP o=11 retry=0 touched=2 ncam=52 raw=48192.311080207415 capped=4961.9001647044142 radius=25802.820717037364 median=98.382051793687438 global_scale=1
POINT_SAFE o=11 frozen=66 slope=-13958.683548132742 candidate=259806.58721195336 original=260553.45640720075 current=262901.66491546389 won=1 mode=1 camera_scale=1 keep_scale=0
ATTR_RADIUS o=11 raw_norm=48192.311080207408 norm=4961.9001647044133 radius=25802.820717037364 next_radius=25802.820717037364 lambda=1.5625000000000006e-08 next_lambda=1.5625000000000008e-09 rho=0.47810851529496939 accept=1
CLASSICAL_LM o=11 lambda=1.5625000000000006e-08 tau=1.5625000000000006e-08 prediction=6473.5883267023955 rho=0.47810851529496939 accept=1
  MFCG it  12 cost=2.598066e+05 lam=1.563e-09 tau=0.00e+00 cg_it=1 shift=0 ckpt=2 alpha=0 acc mv=73
PCG_PREP o=12 rebuild=1 drift=0 previous_depth=2
E2_CAP o=12 retry=0 touched=2 ncam=52 raw=13512.204971322339 capped=1124.2637826973228 radius=25802.820717037364 median=24.924169387339035 global_scale=1
POINT_SAFE o=12 frozen=23 slope=-6730.4318670629227 candidate=258234.57006206122 original=258756.57478017148 current=259806.58721195336 won=1 mode=1 camera_scale=1 keep_scale=0
ATTR_RADIUS o=12 raw_norm=13512.204971322342 norm=1124.263782697323 radius=25802.820717037364 next_radius=25802.820717037364 lambda=1.5625000000000008e-09 next_lambda=1.5625000000000008e-10 rho=0.40753987977909634 accept=1
CLASSICAL_LM o=12 lambda=1.5625000000000008e-09 tau=1.5625000000000008e-09 prediction=3857.33330133051 rho=0.40753987977909634 accept=1
  MFCG it  13 cost=2.582346e+05 lam=1.563e-10 tau=0.00e+00 cg_it=0 shift=0 ckpt=1 alpha=0 acc mv=75
PCG_PREP o=13 rebuild=1 drift=0 previous_depth=1
E2_CAP o=13 retry=0 touched=2 ncam=52 raw=52739.398098881124 capped=3237.961664251658 radius=25802.820717037364 median=73.324332441433256 global_scale=1
POINT_SAFE o=13 frozen=21 slope=-4693.002150223323 candidate=257367.3685245348 original=257234.30135098123 current=258234.57006206122 won=0 mode=1 camera_scale=1 keep_scale=0
ATTR_RADIUS o=13 raw_norm=52739.398098881131 norm=1618.9808321258292 radius=25802.820717037364 next_radius=6450.7051792593411 lambda=1.5625000000000008e-10 next_lambda=2.5000000000000013e-09 rho=0.23655372655776946 accept=1
CLASSICAL_LM o=13 lambda=1.5625000000000008e-10 tau=1.5625000000000008e-10 prediction=4228.5054039751531 rho=0.23655372655776946 accept=1
  MFCG it  14 cost=2.572343e+05 lam=2.500e-09 tau=0.00e+00 cg_it=1 shift=0 ckpt=2 alpha=0 acc mv=78
PCG_PREP o=14 rebuild=1 drift=0 previous_depth=2
E2_CAP o=14 retry=0 touched=2 ncam=52 raw=14468.183966369697 capped=713.77139241278724 radius=6450.7051792593411 median=16.09785015926397 global_scale=1
ATTR_RADIUS o=14 raw_norm=14468.183966369696 norm=713.77139241278735 radius=6450.7051792593411 next_radius=6450.7051792593411 lambda=2.5000000000000013e-09 next_lambda=2.5000000000000012e-10 rho=0.37463427606766986 accept=1
CLASSICAL_LM o=14 lambda=2.5000000000000013e-09 tau=2.5000000000000013e-09 prediction=4681.9516510478425 rho=0.37463427606766986 accept=1
  MFCG it  15 cost=2.554803e+05 lam=2.500e-10 tau=0.00e+00 cg_it=0 shift=0 ckpt=1 alpha=0 acc mv=80
PCG_PREP o=15 rebuild=1 drift=0 previous_depth=1
E2_CAP o=15 retry=0 touched=2 ncam=52 raw=53592.862177934541 capped=1685.7967684618104 radius=6450.7051792593411 median=35.671246982582844 global_scale=1
ATTR_RADIUS o=15 raw_norm=53592.862177934534 norm=1685.79676846181 radius=6450.7051792593411 next_radius=6450.7051792593411 lambda=2.5000000000000012e-10 next_lambda=2.5000000000000014e-11 rho=0.46985283893493418 accept=1
CLASSICAL_LM o=15 lambda=2.5000000000000012e-10 tau=2.5000000000000012e-10 prediction=2939.5114608968147 rho=0.46985283893493418 accept=1
  MFCG it  16 cost=2.540991e+05 lam=2.500e-11 tau=0.00e+00 cg_it=1 shift=0 ckpt=2 alpha=0 acc mv=83
PCG_PREP o=16 rebuild=1 drift=0 previous_depth=2
E2_CAP o=16 retry=0 touched=2 ncam=52 raw=50343.558929126899 capped=1659.5539941740183 radius=6450.7051792593411 median=29.855952654307025 global_scale=1
ATTR_RADIUS o=16 raw_norm=50343.558929126892 norm=1659.553994174018 radius=6450.7051792593411 next_radius=6450.7051792593411 lambda=2.5000000000000014e-11 next_lambda=2.5000000000000015e-12 rho=0.55490152629959189 accept=1
CLASSICAL_LM o=16 lambda=2.5000000000000014e-11 tau=2.5000000000000014e-11 prediction=2157.3655821314842 rho=0.55490152629959189 accept=1
  MFCG it  17 cost=2.529020e+05 lam=2.500e-12 tau=0.00e+00 cg_it=1 shift=0 ckpt=2 alpha=0 acc mv=86
PCG_PREP o=17 rebuild=1 drift=0 previous_depth=2
E2_CAP o=17 retry=0 touched=2 ncam=52 raw=53291.263761455186 capped=1377.1582713008995 radius=6450.7051792593411 median=29.061225255543032 global_scale=1
ATTR_RADIUS o=17 raw_norm=53291.263761455186 norm=1377.1582713008991 radius=6450.7051792593411 next_radius=6450.7051792593411 lambda=2.5000000000000015e-12 next_lambda=2.5000000000000015e-13 rho=0.41368352740934272 accept=1
CLASSICAL_LM o=17 lambda=2.5000000000000015e-12 tau=2.5000000000000015e-12 prediction=1357.9635017537548 rho=0.41368352740934272 accept=1
  MFCG it  18 cost=2.523403e+05 lam=2.500e-13 tau=0.00e+00 cg_it=1 shift=0 ckpt=2 alpha=0 acc mv=89
PCG_PREP o=18 rebuild=1 drift=0 previous_depth=2
E2_CAP o=18 retry=0 touched=2 ncam=52 raw=53769.934202203251 capped=1039.9908460008862 radius=6450.7051792593411 median=21.849875426312991 global_scale=1
ATTR_RADIUS o=18 raw_norm=53769.934202203265 norm=1039.9908460008864 radius=6450.7051792593411 next_radius=1612.6762948148353 lambda=2.5000000000000015e-13 next_lambda=4.0000000000000023e-12 rho=0.21629817930771161 accept=1
CLASSICAL_LM o=18 lambda=2.5000000000000015e-13 tau=2.5000000000000015e-13 prediction=1046.9077243713 rho=0.21629817930771161 accept=1
  MFCG it  19 cost=2.521138e+05 lam=4.000e-12 tau=0.00e+00 cg_it=1 shift=0 ckpt=2 alpha=0 acc mv=92
PCG_PREP o=19 rebuild=1 drift=0 previous_depth=2
E2_CAP o=19 retry=0 touched=2 ncam=52 raw=54566.380472577242 capped=862.81836562611045 radius=1612.6762948148353 median=17.662711034996494 global_scale=1
ATTR_RADIUS o=19 raw_norm=54566.380472577213 norm=862.81836562611034 radius=1612.6762948148353 next_radius=403.16907370370882 lambda=4.0000000000000023e-12 next_lambda=6.4000000000000037e-11 rho=0.21774557526880922 accept=1
CLASSICAL_LM o=19 lambda=4.0000000000000023e-12 tau=4.0000000000000023e-12 prediction=967.96424793382494 rho=0.21774557526880922 accept=1
  MFCG it  20 cost=2.519030e+05 lam=6.400e-11 tau=0.00e+00 cg_it=1 shift=0 ckpt=2 alpha=0 acc mv=95
PCG_PREP o=20 rebuild=1 drift=0 previous_depth=2
E2_CAP o=20 retry=0 touched=2 ncam=52 raw=54814.409743892575 capped=714.15720694371305 radius=403.16907370370882 median=14.306491033235943 global_scale=0.56453826942263841
POINT_SAFE o=20 frozen=36 slope=-284.20609150977208 candidate=251751.62685318416 original=251324.73198663758 current=251903.03722612266 won=0 mode=1 camera_scale=1 keep_scale=0
ATTR_RADIUS o=20 raw_norm=54814.409743892582 norm=100.79226842592722 radius=403.16907370370882 next_radius=403.16907370370882 lambda=6.4000000000000037e-11 next_lambda=6.4000000000000042e-12 rho=1.5841746710776679 accept=1
CLASSICAL_LM o=20 lambda=6.4000000000000037e-11 tau=6.4000000000000037e-11 prediction=365.05143658917217 rho=1.5841746710776679 accept=1
  MFCG it  21 cost=2.513247e+05 lam=6.400e-12 tau=0.00e+00 cg_it=1 shift=0 ckpt=2 alpha=0 acc mv=98
PCG_PREP o=21 rebuild=1 drift=0 previous_depth=2
E2_CAP o=21 retry=0 touched=2 ncam=52 raw=55154.184344556896 capped=592.56370220706651 radius=403.16907370370882 median=12.274112964025182 global_scale=0.68038098216624265
POINT_SAFE o=21 frozen=30 slope=-487.95372126284826 candidate=251178.78341858546 original=251276.99678883891 current=251324.73198663758 won=1 mode=1 camera_scale=1 keep_scale=0
ATTR_RADIUS o=21 raw_norm=55154.184344556903 norm=403.16907370370876 radius=403.16907370370882 next_radius=403.16907370370882 lambda=6.4000000000000042e-12 next_lambda=6.4000000000000042e-12 rho=0.51509443273040667 accept=1
CLASSICAL_LM o=21 lambda=6.4000000000000042e-12 tau=6.4000000000000042e-12 prediction=283.34332265731348 rho=0.51509443273040667 accept=1
  MFCG it  22 cost=2.511788e+05 lam=6.400e-12 tau=0.00e+00 cg_it=1 shift=0 ckpt=2 alpha=0 acc mv=101
PCG_PREP o=22 rebuild=1 drift=0 previous_depth=2
E2_CAP o=22 retry=0 touched=2 ncam=52 raw=55675.090224925254 capped=415.58131471314829 radius=403.16907370370882 median=9.3346248901635551 global_scale=0.97013282221794084
POINT_SAFE o=22 frozen=21 slope=-130.44068234374038 candidate=251076.29130823383 original=251139.14124173365 current=251178.78341858546 won=1 mode=1 camera_scale=1 keep_scale=0
ATTR_RADIUS o=22 raw_norm=55675.090224925247 norm=403.16907370370876 radius=403.16907370370882 next_radius=806.33814740741764 lambda=6.4000000000000042e-12 next_lambda=1.6000000000000011e-12 rho=0.94371870758839427 accept=1
CLASSICAL_LM o=22 lambda=6.4000000000000042e-12 tau=6.4000000000000042e-12 prediction=108.60451268740417 rho=0.94371870758839427 accept=1
  MFCG it  23 cost=2.510763e+05 lam=1.600e-12 tau=0.00e+00 cg_it=1 shift=0 ckpt=2 alpha=0 acc mv=104
PCG_PREP o=23 rebuild=1 drift=0 previous_depth=2
E2_CAP o=23 retry=0 touched=2 ncam=52 raw=55800.368146292996 capped=298.63726539335346 radius=806.33814740741764 median=6.6793558686099814 global_scale=1
ATTR_RADIUS o=23 raw_norm=55800.368146292974 norm=298.6372653933534 radius=806.33814740741764 next_radius=201.58453685185441 lambda=1.6000000000000011e-12 next_lambda=2.5600000000000017e-11 rho=0.1004240590432133 accept=1
CLASSICAL_LM o=23 lambda=1.6000000000000011e-12 tau=1.6000000000000011e-12 prediction=228.67542007864523 rho=0.1004240590432133 accept=1
  MFCG it  24 cost=2.510533e+05 lam=2.560e-11 tau=0.00e+00 cg_it=1 shift=0 ckpt=2 alpha=0 acc mv=107
PCG_PREP o=24 rebuild=1 drift=0 previous_depth=2
E2_CAP o=24 retry=0 touched=2 ncam=52 raw=55919.828961720836 capped=309.37030698212317 radius=201.58453685185441 median=6.9878541583879779 global_scale=0.65159626603565057
ATTR_RADIUS o=24 raw_norm=55919.828961720828 norm=201.58453685185441 radius=201.58453685185441 next_radius=201.58453685185441 lambda=2.5600000000000017e-11 next_lambda=2.5600000000000017e-11 rho=0.29536896152305092 accept=1
CLASSICAL_LM o=24 lambda=2.5600000000000017e-11 tau=2.5600000000000017e-11 prediction=246.89150793925796 rho=0.29536896152305092 accept=1
  MFCG it  25 cost=2.509804e+05 lam=2.560e-11 tau=0.00e+00 cg_it=1 shift=0 ckpt=2 alpha=0 acc mv=110
PCG_PREP o=25 rebuild=1 drift=0 previous_depth=2
E2_CAP o=25 retry=0 touched=2 ncam=52 raw=55996.137113097451 capped=187.55982117472661 radius=201.58453685185441 median=4.2341472817998902 global_scale=1
ATTR_RADIUS o=25 raw_norm=55996.137113097429 norm=187.55982117472661 radius=201.58453685185441 next_radius=201.58453685185441 lambda=2.5600000000000017e-11 next_lambda=2.5600000000000017e-11 rho=0.71561464626345961 accept=1
CLASSICAL_LM o=25 lambda=2.5600000000000017e-11 tau=2.5600000000000017e-11 prediction=217.98228680568755 rho=0.71561464626345961 accept=1
  MFCG it  26 cost=2.508244e+05 lam=2.560e-11 tau=0.00e+00 cg_it=1 shift=0 ckpt=2 alpha=0 acc mv=113
PCG_PREP o=26 rebuild=1 drift=0 previous_depth=2
E2_CAP o=26 retry=0 touched=2 ncam=52 raw=56039.181838868099 capped=166.44297650277082 radius=201.58453685185441 median=3.7716901498055986 global_scale=1
ATTR_RADIUS o=26 raw_norm=56039.181838868084 norm=166.44297650277082 radius=201.58453685185441 next_radius=403.16907370370882 lambda=2.5600000000000017e-11 next_lambda=6.4000000000000042e-12 rho=0.75189724286607018 accept=1
CLASSICAL_LM o=26 lambda=2.5600000000000017e-11 tau=2.5600000000000017e-11 prediction=98.374098617426654 rho=0.75189724286607018 accept=1
  MFCG it  27 cost=2.507504e+05 lam=6.400e-12 tau=0.00e+00 cg_it=1 shift=0 ckpt=2 alpha=0 acc mv=116
PCG_PREP o=27 rebuild=1 drift=0 previous_depth=2
E2_CAP o=27 retry=0 touched=2 ncam=52 raw=56075.409085581974 capped=137.12487138988206 radius=403.16907370370882 median=3.1003199001849477 global_scale=1
ATTR_RADIUS o=27 raw_norm=56075.409085581967 norm=137.12487138988206 radius=403.16907370370882 next_radius=403.16907370370882 lambda=6.4000000000000042e-12 next_lambda=6.400000000000005e-13 rho=0.35459157377924089 accept=1
CLASSICAL_LM o=27 lambda=6.4000000000000042e-12 tau=6.4000000000000042e-12 prediction=54.182459476957405 rho=0.35459157377924089 accept=1
  MFCG it  28 cost=2.507312e+05 lam=6.400e-13 tau=0.00e+00 cg_it=1 shift=0 ckpt=2 alpha=0 acc mv=119
PCG_PREP o=28 rebuild=1 drift=0 previous_depth=2
E2_CAP o=28 retry=0 touched=2 ncam=52 raw=56105.516691169214 capped=125.35887605991957 radius=403.16907370370882 median=2.8462201647964336 global_scale=1
ATTR_RADIUS o=28 raw_norm=56105.516691169199 norm=125.35887605991954 radius=403.16907370370882 next_radius=403.16907370370882 lambda=6.400000000000005e-13 next_lambda=6.4000000000000055e-14 rho=0.3951548264638709 accept=1
CLASSICAL_LM o=28 lambda=6.400000000000005e-13 tau=6.400000000000005e-13 prediction=60.395887252694941 rho=0.3951548264638709 accept=1
  MFCG it  29 cost=2.507074e+05 lam=6.400e-14 tau=0.00e+00 cg_it=1 shift=0 ckpt=2 alpha=0 acc mv=122
PCG_PREP o=29 rebuild=1 drift=0 previous_depth=2
E2_CAP o=29 retry=0 touched=2 ncam=52 raw=56131.744017777783 capped=112.19800279935599 radius=403.16907370370882 median=2.5518101994289935 global_scale=1
ATTR_RADIUS o=29 raw_norm=56131.744017777783 norm=112.19800279935599 radius=403.16907370370882 next_radius=403.16907370370882 lambda=6.4000000000000055e-14 next_lambda=6.4000000000000062e-15 rho=0.38173026366520435 accept=1
CLASSICAL_LM o=29 lambda=6.4000000000000055e-14 tau=6.4000000000000055e-14 prediction=58.992384574952929 rho=0.38173026366520435 accept=1
  MFCG it  30 cost=2.506848e+05 lam=6.400e-15 tau=0.00e+00 cg_it=1 shift=0 ckpt=2 alpha=0 acc mv=125
PCG_PREP o=30 rebuild=1 drift=0 previous_depth=2
E2_CAP o=30 retry=0 touched=2 ncam=52 raw=56166.844147459458 capped=121.78468782504508 radius=403.16907370370882 median=2.6411998465943234 global_scale=1
ATTR_RADIUS o=30 raw_norm=56166.844147459458 norm=121.7846878250451 radius=403.16907370370882 next_radius=403.16907370370882 lambda=6.4000000000000062e-15 next_lambda=6.4000000000000064e-16 rho=0.2940462496676477 accept=1
CLASSICAL_LM o=30 lambda=6.4000000000000062e-15 tau=6.4000000000000062e-15 prediction=55.871899546590456 rho=0.2940462496676477 accept=1
  MFCG it  31 cost=2.506684e+05 lam=6.400e-16 tau=0.00e+00 cg_it=1 shift=0 ckpt=2 alpha=0 acc mv=128
PCG_PREP o=31 rebuild=1 drift=0 previous_depth=2
E2_CAP o=31 retry=0 touched=3 ncam=52 raw=56651.910987008094 capped=264.80192911083105 radius=403.16907370370882 median=4.7429554132041698 global_scale=1
ATTR_RADIUS o=31 raw_norm=56651.910987008094 norm=0 radius=403.16907370370882 next_radius=100.7922684259272 lambda=6.4000000000000064e-16 next_lambda=1.024000000000001e-14 rho=-1 accept=0
CLASSICAL_LM o=31 lambda=6.4000000000000064e-16 tau=6.4000000000000064e-16 prediction=-67.211512327541243 rho=-1 accept=0
  MFCG it  32  retry 1/8  lam=1.024e-14 tau_eff=6.400e-16  (assembly reused)
PCG_PREP o=31 rebuild=1 drift=0 previous_depth=2
E2_CAP o=31 retry=1 touched=2 ncam=52 raw=56191.741939679458 capped=132.02293121324075 radius=100.7922684259272 median=2.8784662073397254 global_scale=0.76344516440957955
ATTR_RADIUS o=31 raw_norm=56191.74193967945 norm=100.79226842592715 radius=100.7922684259272 next_radius=100.7922684259272 lambda=1.024000000000001e-14 next_lambda=1.024000000000001e-14 rho=0.34358145988025024 accept=1
CLASSICAL_LM o=31 lambda=1.024000000000001e-14 tau=1.024000000000001e-14 prediction=57.79638639321449 rho=0.34358145988025024 accept=1
  MFCG it  32 cost=2.506486e+05 lam=1.024e-14 tau=0.00e+00 cg_it=1 shift=0 ckpt=2 alpha=0 acc mv=134
PCG_PREP o=32 rebuild=1 drift=0 previous_depth=2
E2_CAP o=32 retry=0 touched=2 ncam=52 raw=56223.944854108799 capped=94.40759061367956 radius=100.7922684259272 median=2.0551903528976605 global_scale=1
ATTR_RADIUS o=32 raw_norm=56223.944854108791 norm=94.407590613679545 radius=100.7922684259272 next_radius=100.7922684259272 lambda=1.024000000000001e-14 next_lambda=1.024000000000001e-14 rho=0.31143263988754688 accept=1
CLASSICAL_LM o=32 lambda=1.024000000000001e-14 tau=1.024000000000001e-14 prediction=54.261235252101351 rho=0.31143263988754688 accept=1
  MFCG it  33 cost=2.506317e+05 lam=1.024e-14 tau=0.00e+00 cg_it=1 shift=0 ckpt=2 alpha=0 acc mv=137
PCG_PREP o=33 rebuild=1 drift=0 previous_depth=2
E2_CAP o=33 retry=0 touched=2 ncam=52 raw=56241.443047791887 capped=73.61345666659814 radius=100.7922684259272 median=1.6301939463587818 global_scale=1
ATTR_RADIUS o=33 raw_norm=56241.443047791901 norm=73.61345666659814 radius=100.7922684259272 next_radius=100.7922684259272 lambda=1.024000000000001e-14 next_lambda=1.0240000000000011e-15 rho=0.26514053058788184 accept=1
CLASSICAL_LM o=33 lambda=1.024000000000001e-14 tau=1.024000000000001e-14 prediction=50.181541907431573 rho=0.26514053058788184 accept=1
  MFCG it  34 cost=2.506184e+05 lam=1.024e-15 tau=0.00e+00 cg_it=1 shift=0 ckpt=2 alpha=0 acc mv=140
PCG_PREP o=34 rebuild=1 drift=0 previous_depth=2
E2_CAP o=34 retry=0 touched=3 ncam=52 raw=57107.533166103523 capped=253.26244536709297 radius=100.7922684259272 median=4.3945038050498635 global_scale=0.39797557936326949
ATTR_RADIUS o=34 raw_norm=57107.533166103516 norm=0 radius=100.7922684259272 next_radius=25.198067106481801 lambda=1.0240000000000011e-15 next_lambda=1.6384000000000017e-14 rho=-1 accept=0
CLASSICAL_LM o=34 lambda=1.0240000000000011e-15 tau=1.0240000000000011e-15 prediction=-2.6165114624745343 rho=-1 accept=0
  MFCG it  35  retry 1/8  lam=1.638e-14 tau_eff=1.024e-15  (assembly reused)
PCG_PREP o=34 rebuild=1 drift=0 previous_depth=2
E2_CAP o=34 retry=1 touched=2 ncam=52 raw=56258.135262328142 capped=81.817383233781555 radius=25.198067106481801 median=1.7604816811244888 global_scale=0.30797938177125395
ATTR_RADIUS o=34 raw_norm=56258.135262328142 norm=0 radius=25.198067106481801 next_radius=6.2995167766204503 lambda=1.6384000000000017e-14 next_lambda=2.6214400000000027e-13 rho=0.083195368055302407 accept=0
CLASSICAL_LM o=34 lambda=1.6384000000000017e-14 tau=1.6384000000000017e-14 prediction=40.707017680577792 rho=0.083195368055302407 accept=0
  MFCG it  35  retry 2/8  lam=2.621e-13 tau_eff=1.638e-14  (assembly reused)
PCG_PREP o=34 rebuild=1 drift=0 previous_depth=2
E2_CAP o=34 retry=2 touched=2 ncam=52 raw=56254.622846493839 capped=79.26730371432393 radius=6.2995167766204503 median=1.7914804953497812 global_scale=0.079471818535970989
ATTR_RADIUS o=34 raw_norm=56254.622846493847 norm=0 radius=6.2995167766204503 next_radius=1.5748791941551126 lambda=2.6214400000000027e-13 next_lambda=4.1943040000000043e-12 rho=0.027568222086694877 accept=0
CLASSICAL_LM o=34 lambda=2.6214400000000027e-13 tau=2.6214400000000027e-13 prediction=37.906660951846867 rho=0.027568222086694877 accept=0
  MFCG it  35  retry 3/8  lam=4.194e-12 tau_eff=2.621e-13  (assembly reused)
PCG_PREP o=34 rebuild=1 drift=0 previous_depth=2
E2_CAP o=34 retry=3 touched=2 ncam=52 raw=56254.311379817409 capped=79.009352006364921 radius=1.5748791941551126 median=1.7839637708188265 global_scale=0.019932820029054811
ATTR_RADIUS o=34 raw_norm=56254.311379817402 norm=0 radius=1.5748791941551126 next_radius=0.39371979853877814 lambda=4.1943040000000043e-12 next_lambda=6.7108864000000069e-11 rho=0.045335671275151812 accept=0
CLASSICAL_LM o=34 lambda=4.1943040000000043e-12 tau=4.1943040000000043e-12 prediction=37.097226086080362 rho=0.045335671275151812 accept=0
  MFCG it  35  retry 4/8  lam=6.711e-11 tau_eff=4.194e-12  (assembly reused)
PCG_PREP o=34 rebuild=1 drift=0 previous_depth=2
E2_CAP o=34 retry=4 touched=2 ncam=52 raw=56252.962480329683 capped=78.99490342444706 radius=0.39371979853877814 median=1.7835083335814099 global_scale=0.0049841164615808762
POINT_SAFE o=34 frozen=1 slope=-25.968873582901267 candidate=250606.94481492182 original=250592.78616811975 current=250618.3560572901 won=0 mode=1 camera_scale=1 keep_scale=0
ATTR_RADIUS o=34 raw_norm=56252.962480329683 norm=0.098429949634694522 radius=0.39371979853877814 next_radius=0.39371979853877814 lambda=6.7108864000000069e-11 next_lambda=6.7108864000000071e-12 rho=1.5853486498465947 accept=1
CLASSICAL_LM o=34 lambda=6.7108864000000069e-11 tau=6.7108864000000069e-11 prediction=16.128874347497479 rho=1.5853486498465947 accept=1
  MFCG it  35 cost=2.505928e+05 lam=6.711e-12 tau=0.00e+00 cg_it=1 shift=0 ckpt=2 alpha=0 acc mv=155
PCG_PREP o=35 rebuild=1 drift=0 previous_depth=2
E2_CAP o=35 retry=0 touched=2 ncam=52 raw=56254.585010918898 capped=78.788112452964995 radius=0.39371979853877814 median=1.7842312859206573 global_scale=0.0049971980071717211
POINT_SAFE o=35 frozen=2 slope=-0.49846432902419352 candidate=250592.51547584834 original=250585.24082635765 current=250592.78616811975 won=0 mode=1 camera_scale=1 keep_scale=0
ATTR_RADIUS o=35 raw_norm=56254.585010918898 norm=0.098429949634694536 radius=0.39371979853877814 next_radius=0.39371979853877814 lambda=6.7108864000000071e-12 next_lambda=6.7108864000000077e-13 rho=1.5253110057863448 accept=1
CLASSICAL_LM o=35 lambda=6.7108864000000071e-12 tau=6.7108864000000071e-12 prediction=4.9467562572349308 rho=1.5253110057863448 accept=1
  MFCG it  36 cost=2.505852e+05 lam=6.711e-13 tau=0.00e+00 cg_it=1 shift=0 ckpt=2 alpha=0 acc mv=158
PCG_PREP o=36 rebuild=1 drift=0 previous_depth=2
E2_CAP o=36 retry=0 touched=2 ncam=52 raw=56254.930346219386 capped=78.725366991587421 radius=0.39371979853877814 median=1.7841257155723864 global_scale=0.0050011808592883532
POINT_SAFE o=36 frozen=5 slope=-0.13049902500385074 candidate=250585.14894010156 original=250584.50878367317 current=250585.24082635765 won=0 mode=1 camera_scale=1 keep_scale=0
ATTR_RADIUS o=36 raw_norm=56254.930346219386 norm=0.02460748740867363 radius=0.39371979853877814 next_radius=0.39371979853877814 lambda=6.7108864000000077e-13 next_lambda=6.7108864000000082e-14 rho=1.6010862822502832 accept=1
CLASSICAL_LM o=36 lambda=6.7108864000000077e-13 tau=6.7108864000000077e-13 prediction=0.4572162616076168 rho=1.6010862822502832 accept=1
  MFCG it  37 cost=2.505845e+05 lam=6.711e-14 tau=0.00e+00 cg_it=1 shift=0 ckpt=2 alpha=0 acc mv=161
PCG_PREP o=37 rebuild=1 drift=0 previous_depth=2
E2_CAP o=37 retry=0 touched=2 ncam=52 raw=56254.890128951542 capped=77.80915963763448 radius=0.39371979853877814 median=1.7623062051054665 global_scale=0.0050600700530936595
POINT_SAFE o=37 frozen=9 slope=-0.23822540688447608 candidate=250584.43100711296 original=250584.4978573042 current=250584.50878367317 won=1 mode=1 camera_scale=1 keep_scale=0
ATTR_RADIUS o=37 raw_norm=56254.890128951542 norm=0.39371979853877825 radius=0.39371979853877814 next_radius=0.39371979853877814 lambda=6.7108864000000082e-14 next_lambda=6.7108864000000082e-14 rho=0.50959366990753574 accept=1
CLASSICAL_LM o=37 lambda=6.7108864000000082e-14 tau=6.7108864000000082e-14 prediction=0.15262465922062018 rho=0.50959366990753574 accept=1
  MFCG it  38 cost=2.505844e+05 lam=6.711e-14 tau=0.00e+00 cg_it=1 shift=0 ckpt=2 alpha=0 acc mv=164
PCG_PREP o=38 rebuild=1 drift=0 previous_depth=2
E2_CAP o=38 retry=0 touched=2 ncam=52 raw=56255.595773453322 capped=78.622443422826166 radius=0.39371979853877814 median=1.7823291967861701 global_scale=0.0050077278369660911
POINT_SAFE o=38 frozen=9 slope=-0.10000383642675156 candidate=250584.35949570339 original=250584.38745993076 current=250584.43100711296 won=1 mode=1 camera_scale=1 keep_scale=0
ATTR_RADIUS o=38 raw_norm=56255.595773453344 norm=0.39371979853877803 radius=0.39371979853877814 next_radius=0.78743959707755629 lambda=6.7108864000000082e-14 next_lambda=1.6777216000000021e-14 rho=0.85447327769266634 accept=1
CLASSICAL_LM o=38 lambda=6.7108864000000082e-14 tau=6.7108864000000082e-14 prediction=0.083690633086473773 rho=0.85447327769266634 accept=1
  MFCG it  39 cost=2.505844e+05 lam=1.678e-14 tau=0.00e+00 cg_it=1 shift=0 ckpt=2 alpha=0 acc mv=167
PCG_PREP o=39 rebuild=1 drift=0 previous_depth=2
E2_CAP o=39 retry=0 touched=2 ncam=52 raw=56255.704267565408 capped=78.036730460159831 radius=0.78743959707755629 median=1.7695672554331736 global_scale=0.010090627739453649
ATTR_RADIUS o=39 raw_norm=56255.704267565394 norm=0 radius=0.78743959707755629 next_radius=0.19685989926938907 lambda=1.6777216000000021e-14 next_lambda=2.6843545600000033e-13 rho=0.040917746540983693 accept=0
CLASSICAL_LM o=39 lambda=1.6777216000000021e-14 tau=1.6777216000000021e-14 prediction=3.1321785524807635 rho=0.040917746540983693 accept=0
  MFCG it  40  retry 1/8  lam=2.684e-13 tau_eff=1.678e-14  (assembly reused)
PCG_PREP o=39 rebuild=1 drift=0 previous_depth=2
E2_CAP o=39 retry=1 touched=2 ncam=52 raw=56255.519456204209 capped=78.6158935126236 radius=0.19685989926938907 median=1.7828472121136298 global_scale=0.0025040725287664468
POINT_SAFE o=39 frozen=8 slope=-0.1949617051406759 candidate=250584.29902780478 original=250583.43123385732 current=250584.35949570339 won=0 mode=1 camera_scale=1 keep_scale=0
ATTR_RADIUS o=39 raw_norm=56255.519456204209 norm=0.0061518718521684102 radius=0.19685989926938907 next_radius=0.19685989926938907 lambda=2.6843545600000033e-13 next_lambda=2.6843545600000033e-14 rho=5.0026447484032088 accept=1
CLASSICAL_LM o=39 lambda=2.6843545600000033e-13 tau=2.6843545600000033e-13 prediction=0.18555422036861613 rho=5.0026447484032088 accept=1
  MFCG it  40 cost=2.505834e+05 lam=2.684e-14 tau=0.00e+00 cg_it=1 shift=0 ckpt=2 alpha=0 acc mv=173
PCG_PREP o=40 rebuild=1 drift=0 previous_depth=2
E2_CAP o=40 retry=0 touched=2 ncam=52 raw=56255.459496187941 capped=78.597770027502193 radius=0.19685989926938907 median=1.7824616212200119 global_scale=0.0025046499309141429
ATTR_RADIUS o=40 raw_norm=56255.459496187956 norm=0 radius=0.19685989926938907 next_radius=0.049214974817347268 lambda=2.6843545600000033e-14 next_lambda=4.2949672960000053e-13 rho=0.018853755118690946 accept=0
CLASSICAL_LM o=40 lambda=2.6843545600000033e-14 tau=2.6843545600000033e-14 prediction=2.1040396413229163 rho=0.018853755118690946 accept=0
  MFCG it  41  retry 1/8  lam=4.295e-13 tau_eff=2.684e-14  (assembly reused)
PCG_PREP o=40 rebuild=1 drift=0 previous_depth=2
E2_CAP o=40 retry=1 touched=2 ncam=52 raw=56255.461987328745 capped=78.604172084796375 radius=0.049214974817347268 median=1.7824482324985473 global_scale=0.00062611148380591411
POINT_SAFE o=40 frozen=61 slope=-2.8321149672688888 candidate=250583.22324807342 original=250583.35192233301 current=250583.43123385732 won=1 mode=1 camera_scale=1 keep_scale=0
ATTR_RADIUS o=40 raw_norm=56255.461987328737 norm=0.049214974817347275 radius=0.049214974817347268 next_radius=0.012303743704336817 lambda=4.2949672960000053e-13 next_lambda=6.8719476736000084e-12 rho=0.1464535268536491 accept=1
CLASSICAL_LM o=40 lambda=4.2949672960000053e-13 tau=4.2949672960000053e-13 prediction=1.4201486872069584 rho=0.1464535268536491 accept=1
  MFCG it  41 cost=2.505832e+05 lam=6.872e-12 tau=0.00e+00 cg_it=1 shift=0 ckpt=2 alpha=0 acc mv=179
PCG_PREP o=41 rebuild=1 drift=0 previous_depth=2
E2_CAP o=41 retry=0 touched=2 ncam=52 raw=56255.466341149455 capped=78.595358681734325 radius=0.012303743704336817 median=1.7824713499233917 global_scale=0.00015654542342837129
POINT_SAFE o=41 frozen=2388 slope=-2.437228656161639 candidate=250582.49273946861 original=250582.01520514305 current=250583.22324807342 won=0 mode=1 camera_scale=1 keep_scale=0
ATTR_RADIUS o=41 raw_norm=56255.466341149433 norm=0.0061518718521684094 radius=0.012303743704336817 next_radius=0.012303743704336817 lambda=6.8719476736000084e-12 next_lambda=6.8719476736000088e-13 rho=0.86036707918113431 accept=1
CLASSICAL_LM o=41 lambda=6.8719476736000084e-12 tau=6.8719476736000084e-12 prediction=1.4041017602914989 rho=0.86036707918113431 accept=1
  MFCG it  42 cost=2.505820e+05 lam=6.872e-13 tau=0.00e+00 cg_it=1 shift=0 ckpt=2 alpha=0 acc mv=182
PCG_PREP o=42 rebuild=1 drift=0 previous_depth=2
E2_CAP o=42 retry=0 touched=2 ncam=52 raw=56255.554819489626 capped=78.580746759898403 radius=0.012303743704336817 median=1.7825415043874677 global_scale=0.00015657453271512693
ATTR_RADIUS o=42 raw_norm=56255.554819489633 norm=0.012303743704336817 radius=0.012303743704336817 next_radius=0.012303743704336817 lambda=6.8719476736000088e-13 next_lambda=6.8719476736000088e-13 rho=0.35613747150401764 accept=1
CLASSICAL_LM o=42 lambda=6.8719476736000088e-13 tau=6.8719476736000088e-13 prediction=0.66570309076579648 rho=0.35613747150401764 accept=1
  MFCG it  43 cost=2.505818e+05 lam=6.872e-13 tau=0.00e+00 cg_it=1 shift=0 ckpt=2 alpha=0 acc mv=185
PCG_PREP o=43 rebuild=1 drift=0 previous_depth=2
E2_CAP o=43 retry=0 touched=2 ncam=52 raw=56255.64198672615 capped=78.568799594324105 radius=0.012303743704336817 median=1.78252000754535 global_scale=0.00015659834142643122
POINT_SAFE o=43 frozen=2433 slope=-0.026195527888903995 candidate=250581.76908752523 original=250581.65688440061 current=250581.77812332753 won=0 mode=1 camera_scale=1 keep_scale=0
ATTR_RADIUS o=43 raw_norm=56255.64198672615 norm=0.00076898398152105128 radius=0.012303743704336817 next_radius=0.012303743704336817 lambda=6.8719476736000088e-13 next_lambda=6.8719476736000096e-14 rho=2.3299183955238005 accept=1
CLASSICAL_LM o=43 lambda=6.8719476736000088e-13 tau=6.8719476736000088e-13 prediction=0.052035696680735037 rho=2.3299183955238005 accept=1
  MFCG: converged (OCA_FTOL: 8 outers < 1.0e-05 rel)
  [menu-backtrack] confirming stop with original retry policy at outer 44
  MFCG it  44 cost=2.505817e+05 lam=6.872e-14 tau=0.00e+00 cg_it=1 shift=0 ckpt=2 alpha=0 acc mv=188
PCG_PREP o=44 rebuild=1 drift=0 previous_depth=2
E2_CAP o=44 retry=0 touched=2 ncam=52 raw=56255.620458172445 capped=78.564701856090963 radius=0.012303743704336817 median=1.7825117939452941 global_scale=0.00015660650920401771
ATTR_RADIUS o=44 raw_norm=56255.620458172445 norm=0.012303743704336815 radius=0.012303743704336817 next_radius=0.0030759359260842042 lambda=6.8719476736000096e-14 next_lambda=1.0995116277760015e-12 rho=-1 accept=0
CLASSICAL_LM o=44 lambda=6.8719476736000096e-14 tau=6.8719476736000096e-14 prediction=0.30952577658792668 rho=-1 accept=0
  MFCG it  45  retry 1/8  lam=1.100e-12 tau_eff=6.872e-14  (assembly reused)
PCG_PREP o=44 rebuild=1 drift=0 previous_depth=2
E2_CAP o=44 retry=1 touched=2 ncam=52 raw=56255.601523007696 capped=78.567692570543898 radius=0.0030759359260842042 median=1.7826105252572901 global_scale=3.9150136976752894e-05
ATTR_RADIUS o=44 raw_norm=56255.601523007717 norm=0.0030759359260842042 radius=0.0030759359260842042 next_radius=0.00076898398152105106 lambda=1.0995116277760015e-12 next_lambda=1.7592186044416025e-11 rho=-1 accept=0
CLASSICAL_LM o=44 lambda=1.0995116277760015e-12 tau=1.0995116277760015e-12 prediction=0.30794146193358779 rho=-1 accept=0
  MFCG it  45  retry 2/8  lam=1.759e-11 tau_eff=1.100e-12  (assembly reused)
PCG_PREP o=44 rebuild=1 drift=0 previous_depth=2
E2_CAP o=44 retry=2 touched=2 ncam=52 raw=56255.251936491753 capped=78.567511990887155 radius=0.00076898398152105106 median=1.7826086924275257 global_scale=9.7875567398677912e-06
ATTR_RADIUS o=44 raw_norm=56255.251936491761 norm=0.00076898398152105095 radius=0.00076898398152105106 next_radius=0.0015379679630421021 lambda=1.7592186044416025e-11 next_lambda=4.3980465111040061e-12 rho=0.99387909657584494 accept=1
CLASSICAL_LM o=44 lambda=1.7592186044416025e-11 tau=1.7592186044416025e-11 prediction=0.30754538576206253 rho=0.99387909657584494 accept=1
  MFCG it  45 cost=2.505814e+05 lam=4.398e-12 tau=0.00e+00 cg_it=1 shift=0 ckpt=2 alpha=0 acc mv=197
PCG_PREP o=45 rebuild=1 drift=0 previous_depth=2
E2_CAP o=45 retry=0 touched=2 ncam=52 raw=56255.526655436348 capped=78.547229088560158 radius=0.0015379679630421021 median=1.7828512930693465 global_scale=1.9580168274403152e-05
ATTR_RADIUS o=45 raw_norm=56255.526655436341 norm=0.0015379679630421019 radius=0.0015379679630421021 next_radius=0.0030759359260842042 lambda=4.3980465111040061e-12 next_lambda=1.0995116277760015e-12 rho=0.99961589074250445 accept=1
CLASSICAL_LM o=45 lambda=4.3980465111040061e-12 tau=4.3980465111040061e-12 prediction=0.0020620001322337331 rho=0.99961589074250445 accept=1
  MFCG it  46 cost=2.505813e+05 lam=1.100e-12 tau=0.00e+00 cg_it=1 shift=0 ckpt=2 alpha=0 acc mv=200
PCG_PREP o=46 rebuild=1 drift=0 previous_depth=2
E2_CAP o=46 retry=0 touched=2 ncam=52 raw=56255.622957749816 capped=78.548789069139531 radius=0.0030759359260842042 median=1.7828454497567809 global_scale=3.9159558823710582e-05
ATTR_RADIUS o=46 raw_norm=56255.622957749823 norm=0.0030759359260842051 radius=0.0030759359260842042 next_radius=0.0061518718521684085 lambda=1.0995116277760015e-12 next_lambda=2.7487790694400038e-13 rho=0.9999992512366267 accept=1
CLASSICAL_LM o=46 lambda=1.0995116277760015e-12 tau=1.0995116277760015e-12 prediction=0.00052839708497740543 rho=0.9999992512366267 accept=1
  MFCG it  47 cost=2.505813e+05 lam=2.749e-13 tau=0.00e+00 cg_it=1 shift=0 ckpt=2 alpha=0 acc mv=203
PCG_PREP o=47 rebuild=1 drift=0 previous_depth=2
E2_CAP o=47 retry=0 touched=2 ncam=52 raw=56255.596857015698 capped=78.547903286264074 radius=0.0061518718521684085 median=1.7828345410786355 global_scale=7.8320000850286308e-05
ATTR_RADIUS o=47 raw_norm=56255.596857015698 norm=0.0061518718521684111 radius=0.0061518718521684085 next_radius=0.012303743704336817 lambda=2.7487790694400038e-13 next_lambda=6.8719476736000096e-14 rho=0.99999955564175902 accept=1
CLASSICAL_LM o=47 lambda=2.7487790694400038e-13 tau=2.7487790694400038e-13 prediction=0.0010562663119958249 rho=0.99999955564175902 accept=1
  MFCG it  48 cost=2.505813e+05 lam=6.872e-14 tau=0.00e+00 cg_it=1 shift=0 ckpt=2 alpha=0 acc mv=206
PCG_PREP o=48 rebuild=1 drift=0 previous_depth=2
E2_CAP o=48 retry=0 touched=2 ncam=52 raw=56255.667250739803 capped=78.547931144618914 radius=0.012303743704336817 median=1.7828352168411696 global_scale=0.00015663994614554161
ATTR_RADIUS o=48 raw_norm=56255.667250739803 norm=0.012303743704336817 radius=0.012303743704336817 next_radius=0.024607487408673634 lambda=6.8719476736000096e-14 next_lambda=1.7179869184000024e-14 rho=0.99999910246982182 accept=1
CLASSICAL_LM o=48 lambda=6.8719476736000096e-14 tau=6.8719476736000096e-14 prediction=0.0021125320679324685 rho=0.99999910246982182 accept=1
  MFCG it  49 cost=2.505813e+05 lam=1.718e-14 tau=0.00e+00 cg_it=1 shift=0 ckpt=2 alpha=0 acc mv=209
PCG_PREP o=49 rebuild=1 drift=0 previous_depth=2
E2_CAP o=49 retry=0 touched=2 ncam=52 raw=56255.452491418764 capped=78.577117537463565 radius=0.024607487408673634 median=1.7828136790189197 global_scale=0.00031316352877084621
ATTR_RADIUS o=49 raw_norm=56255.452491418757 norm=0.02460748740867363 radius=0.024607487408673634 next_radius=0.049214974817347268 lambda=1.7179869184000024e-14 next_lambda=4.294967296000006e-15 rho=0.99999822467233446 accept=1
CLASSICAL_LM o=49 lambda=1.7179869184000024e-14 tau=1.7179869184000024e-14 prediction=0.0042244164124285851 rho=0.99999822467233446 accept=1
  MFCG it  50 cost=2.505813e+05 lam=4.295e-15 tau=0.00e+00 cg_it=1 shift=0 ckpt=2 alpha=0 acc mv=212
PCG_PREP o=50 rebuild=1 drift=0 previous_depth=2
E2_CAP o=50 retry=0 touched=2 ncam=52 raw=56255.546246272439 capped=78.709747959684577 radius=0.049214974817347268 median=1.7827918166273249 global_scale=0.00062527166066591092
ATTR_RADIUS o=50 raw_norm=56255.546246272439 norm=0.049214974817347261 radius=0.049214974817347268 next_radius=0.098429949634694536 lambda=4.294967296000006e-15 next_lambda=1.0737418240000015e-15 rho=0.9999964378304167 accept=1
CLASSICAL_LM o=50 lambda=4.294967296000006e-15 tau=4.294967296000006e-15 prediction=0.0084382306609493436 rho=0.9999964378304167 accept=1
  MFCG it  51 cost=2.505813e+05 lam=1.074e-15 tau=0.00e+00 cg_it=1 shift=0 ckpt=2 alpha=0 acc mv=215
PCG_PREP o=51 rebuild=1 drift=0 previous_depth=2
E2_CAP o=51 retry=0 touched=2 ncam=52 raw=56255.523192919434 capped=76.951188078832303 radius=0.098429949634694536 median=1.7377033507221165 global_scale=0.0012791218965178084
ATTR_RADIUS o=51 raw_norm=56255.523192919427 norm=0.09842994963469455 radius=0.098429949634694536 next_radius=0.19685989926938907 lambda=1.0737418240000015e-15 next_lambda=2.6843545600000037e-16 rho=0.99977544396828999 accept=1
CLASSICAL_LM o=51 lambda=1.0737418240000015e-15 tau=1.0737418240000015e-15 prediction=0.016870480360740993 rho=0.99977544396828999 accept=1
  MFCG: converged (OCA_FTOL: 8 outers < 1.0e-05 rel)
  MFCG: accepts=52 rejects=10 total_matvecs=218 negcurv=0 cand_evals=62 mean_cg_per_outer=4.2
NUMERIC_REPAIR summary rebuilds=0 floor=9.9999999999999998e-17
  [retry-cache] builds=62 reuses=0
  [menu-backtrack] trials=21 rescues=21 evals=71 total_scored=133
POINT_SAFE summary calls=21 evals=21 wins=9 frozen=8195 seconds=0.050552016
  [scoring] menu_evals=62 alpha_evals=0 backtrack_evals=71 total_scored=133
RESULT algo=mfree_shifted_cg iters=52 final_cost=250581.3159337681 solve_seconds=0.693192
DIAGNOSTICS median_reproj_err_px 3.252455 -> 0.360996 | cheirality_violations(obs) 0 -> 23 | cheirality_violations(pts, of 64053) 0 -> 11
