========= COMPUTE-SANITIZER
  [menu-backtrack] active=1 max_evals=8 warmup_accepts=3 confirm_stop=original armijo=1e-4
MIXED_STORAGE fragments=fp32 arithmetic=fp64 state=fp64 acceptance=fp64
  [compact-fragments] active=2 saved_bytes=9984 storage=fp32 camera_reads=contiguous
  MFCG score_init=364516.19390409789 precision=fp64
PCG_PREP o=0 rebuild=1 drift=0 previous_depth=0
ATTR_RADIUS o=0 raw_norm=245.38404495694635 norm=245.38404495694635 radius=245.38404495694635 next_radius=61.346011239236589 lambda=0.10000000000000001 next_lambda=1.6000000000000001 rho=-1 accept=0
CLASSICAL_LM o=0 lambda=0.10000000000000001 tau=0.10000000000000001 prediction=355912.55825184693 rho=-1 accept=0
  MFCG it   1  retry 1/8  lam=1.600e+00 tau_eff=1.000e-01  (assembly reused)
PCG_PREP o=0 rebuild=1 drift=0 previous_depth=1
ATTR_RADIUS o=0 raw_norm=232.40563932231086 norm=61.346011239236596 radius=61.346011239236589 next_radius=122.69202247847318 lambda=1.6000000000000001 next_lambda=0.40000000000000002 rho=0.83686672300673171 accept=1
CLASSICAL_LM o=0 lambda=1.6000000000000001 tau=1.6000000000000001 prediction=235509.64532031983 rho=0.83686672300673171 accept=1
  MFCG it   1 cost=1.674260e+05 lam=4.000e-01 tau=0.00e+00 cg_it=0 shift=0 ckpt=1 alpha=0 acc mv=4
PCG_PREP o=1 rebuild=1 drift=0 previous_depth=1
ATTR_RADIUS o=1 raw_norm=229.97133071184004 norm=122.69202247847319 radius=122.69202247847318 next_radius=245.38404495694635 lambda=0.40000000000000002 next_lambda=0.10000000000000001 rho=0.84040922252425565 accept=1
CLASSICAL_LM o=1 lambda=0.40000000000000002 tau=0.40000000000000002 prediction=142073.16603816691 rho=0.84040922252425565 accept=1
  MFCG it   2 cost=4.802641e+04 lam=1.000e-01 tau=0.00e+00 cg_it=1 shift=0 ckpt=2 alpha=0 acc mv=7
PCG_PREP o=2 rebuild=1 drift=0 previous_depth=2
ATTR_RADIUS o=2 raw_norm=180.17934472221475 norm=180.17934472221475 radius=245.38404495694635 next_radius=245.38404495694635 lambda=0.10000000000000001 next_lambda=0.010000000000000002 rho=0.89628192302667808 accept=1
CLASSICAL_LM o=2 lambda=0.10000000000000001 tau=0.10000000000000001 prediction=44522.009652350309 rho=0.89628192302667808 accept=1
  MFCG it   3 cost=8.122137e+03 lam=1.000e-02 tau=0.00e+00 cg_it=1 shift=0 ckpt=2 alpha=0 acc mv=10
PCG_PREP o=3 rebuild=1 drift=0 previous_depth=2
ATTR_RADIUS o=3 raw_norm=102.97207860448214 norm=102.97207860448214 radius=245.38404495694635 next_radius=245.38404495694635 lambda=0.010000000000000002 next_lambda=0.0010000000000000002 rho=0.93699625757430427 accept=1
CLASSICAL_LM o=3 lambda=0.010000000000000002 tau=0.010000000000000002 prediction=7875.2909458241265 rho=0.93699625757430427 accept=1
  MFCG it   4 cost=7.430192e+02 lam=1.000e-03 tau=0.00e+00 cg_it=2 shift=0 ckpt=3 alpha=0 acc mv=14
PCG_PREP o=4 rebuild=1 drift=0 previous_depth=3
ATTR_RADIUS o=4 raw_norm=150.3114597323906 norm=150.3114597323906 radius=245.38404495694635 next_radius=245.38404495694635 lambda=0.0010000000000000002 next_lambda=0.00010000000000000003 rho=0.89694099032996899 accept=1
CLASSICAL_LM o=4 lambda=0.0010000000000000002 tau=0.0010000000000000002 prediction=728.05179435009723 rho=0.89694099032996899 accept=1
  MFCG it   5 cost=8.999971e+01 lam=1.000e-04 tau=0.00e+00 cg_it=2 shift=0 ckpt=3 alpha=0 acc mv=18
PCG_PREP o=5 rebuild=1 drift=0 previous_depth=3
ATTR_RADIUS o=5 raw_norm=23.735041368521209 norm=23.735041368521205 radius=245.38404495694635 next_radius=245.38404495694635 lambda=0.00010000000000000003 next_lambda=1.0000000000000004e-05 rho=0.99565925682210876 accept=1
CLASSICAL_LM o=5 lambda=0.00010000000000000003 tau=0.00010000000000000003 prediction=83.706779027495145 rho=0.99565925682210876 accept=1
  MFCG it   6 cost=6.656278e+00 lam=1.000e-05 tau=0.00e+00 cg_it=0 shift=0 ckpt=1 alpha=0 acc mv=20
PCG_PREP o=6 rebuild=1 drift=0 previous_depth=1
ATTR_RADIUS o=6 raw_norm=31.978218980871322 norm=31.978218980871322 radius=245.38404495694635 next_radius=245.38404495694635 lambda=1.0000000000000004e-05 next_lambda=1.0000000000000004e-06 rho=0.978207266675164 accept=1
CLASSICAL_LM o=6 lambda=1.0000000000000004e-05 tau=1.0000000000000004e-05 prediction=3.4636910874457416 rho=0.978207266675164 accept=1
  MFCG it   7 cost=3.268070e+00 lam=1.000e-06 tau=0.00e+00 cg_it=3 shift=0 ckpt=4 alpha=0 acc mv=25
PCG_PREP o=7 rebuild=1 drift=0 previous_depth=4
POINT_SAFE o=7 frozen=0 slope=-0.97713210849547472 candidate=inf original=3.1722010190700023 current=3.2680703173452521 won=0 mode=1 camera_scale=1 keep_scale=0
ATTR_RADIUS o=7 raw_norm=271.88649695480791 norm=30.673005619618294 radius=245.38404495694635 next_radius=245.38404495694635 lambda=1.0000000000000004e-06 next_lambda=1.0000000000000005e-07 rho=0.81942904192928945 accept=1
CLASSICAL_LM o=7 lambda=1.0000000000000004e-06 tau=1.0000000000000004e-06 prediction=0.11699524103945856 rho=0.81942904192928945 accept=1
  MFCG it   8 cost=3.172201e+00 lam=1.000e-07 tau=0.00e+00 cg_it=8 shift=0 ckpt=9 alpha=0 acc mv=35
  MFCG: accepts=8 rejects=1 total_matvecs=35 negcurv=0 cand_evals=9 mean_cg_per_outer=4.4
NUMERIC_REPAIR summary rebuilds=0 floor=9.9999999999999998e-17
  [retry-cache] builds=9 reuses=0
  [menu-backtrack] trials=1 rescues=1 evals=3 total_scored=12
POINT_SAFE summary calls=1 evals=0 wins=0 frozen=0 seconds=0.00111104
  [scoring] menu_evals=9 alpha_evals=0 backtrack_evals=3 total_scored=12
RESULT algo=mfree_shifted_cg iters=8 final_cost=3.1722010191 solve_seconds=0.122273
DIAGNOSTICS median_reproj_err_px 33.770689 -> 0.212177 | cheirality_violations(obs) 0 -> 0 | cheirality_violations(pts, of 24) 0 -> 0
========= Leaked 384 bytes at 0x7bc77e200000
=========     Saved host backtrace up to driver entry point at allocation time
=========         Host Frame: cudaMalloc [0x21c905] in prism-tr
=========         Host Frame: OcaCliMain(int, char**) [0x113c4f] in prism-tr
=========         Host Frame: main [0xa9f59] in prism-tr
========= 
========= Leaked 384 bytes at 0x7bc77e200200
=========     Saved host backtrace up to driver entry point at allocation time
=========         Host Frame: cudaMalloc [0x21c905] in prism-tr
=========         Host Frame: OcaCliMain(int, char**) [0x113c76] in prism-tr
=========         Host Frame: main [0xa9f59] in prism-tr
========= 
========= Leaked 1536 bytes at 0x7bc77e200400
=========     Saved host backtrace up to driver entry point at allocation time
=========         Host Frame: cudaMalloc [0x21c905] in prism-tr
=========         Host Frame: OcaCliMain(int, char**) [0x113ca8] in prism-tr
=========         Host Frame: main [0xa9f59] in prism-tr
========= 
========= Leaked 32 bytes at 0x7bc77e200a00
=========     Saved host backtrace up to driver entry point at allocation time
=========         Host Frame: cudaMalloc [0x21c905] in prism-tr
=========         Host Frame: OcaCliMain(int, char**) [0x113ce3] in prism-tr
=========         Host Frame: main [0xa9f59] in prism-tr
========= 
========= Leaked 32 bytes at 0x7bc77e200c00
=========     Saved host backtrace up to driver entry point at allocation time
=========         Host Frame: cudaMalloc [0x21c905] in prism-tr
=========         Host Frame: OcaCliMain(int, char**) [0x113d0f] in prism-tr
=========         Host Frame: main [0xa9f59] in prism-tr
========= 
========= Leaked 32 bytes at 0x7bc77e200e00
=========     Saved host backtrace up to driver entry point at allocation time
=========         Host Frame: cudaMalloc [0x21c905] in prism-tr
=========         Host Frame: OcaCliMain(int, char**) [0x113d3b] in prism-tr
=========         Host Frame: main [0xa9f59] in prism-tr
========= 
========= Leaked 100 bytes at 0x7bc77e201000
=========     Saved host backtrace up to driver entry point at allocation time
=========         Host Frame: cudaMalloc [0x21c905] in prism-tr
=========         Host Frame: BuildPointObsCSR(DeviceProblem&, int const*, int, int, std::vector<int, std::allocator<int> >*) [0xc7859] in prism-tr
=========         Host Frame: OcaCliMain(int, char**) [0x113f6b] in prism-tr
=========         Host Frame: main [0xa9f59] in prism-tr
========= 
========= Leaked 384 bytes at 0x7bc77e201200
=========     Saved host backtrace up to driver entry point at allocation time
=========         Host Frame: cudaMalloc [0x21c905] in prism-tr
=========         Host Frame: BuildPointObsCSR(DeviceProblem&, int const*, int, int, std::vector<int, std::allocator<int> >*) [0xc7876] in prism-tr
=========         Host Frame: OcaCliMain(int, char**) [0x113f6b] in prism-tr
=========         Host Frame: main [0xa9f59] in prism-tr
========= 
========= Leaked 384 bytes at 0x7bc77e201400
=========     Saved host backtrace up to driver entry point at allocation time
=========         Host Frame: cudaMalloc [0x21c905] in prism-tr
=========         Host Frame: BuildMFreeIndex(DeviceProblem&, int const*, int const*, std::vector<int, std::allocator<int> > const&, int, int)::{lambda(int**, std::vector<int, std::allocator<int> > const&)#1}::operator()(int**, std::vector<int, std::allocator<int> > const&) const [clone .isra.0] [0xd0b65] in prism-tr
=========         Host Frame: BuildMFreeIndex(DeviceProblem&, int const*, int const*, std::vector<int, std::allocator<int> > const&, int, int) [0xd1115] in prism-tr
=========         Host Frame: OcaCliMain(int, char**) [0x115072] in prism-tr
=========         Host Frame: main [0xa9f59] in prism-tr
========= 
========= Leaked 384 bytes at 0x7bc77e201600
=========     Saved host backtrace up to driver entry point at allocation time
=========         Host Frame: cudaMalloc [0x21c905] in prism-tr
=========         Host Frame: BuildMFreeIndex(DeviceProblem&, int const*, int const*, std::vector<int, std::allocator<int> > const&, int, int)::{lambda(int**, std::vector<int, std::allocator<int> > const&)#1}::operator()(int**, std::vector<int, std::allocator<int> > const&) const [clone .isra.0] [0xd0b65] in prism-tr
=========         Host Frame: BuildMFreeIndex(DeviceProblem&, int const*, int const*, std::vector<int, std::allocator<int> > const&, int, int) [0xd1147] in prism-tr
=========         Host Frame: OcaCliMain(int, char**) [0x115072] in prism-tr
=========         Host Frame: main [0xa9f59] in prism-tr
========= 
========= Leaked 384 bytes at 0x7bc77e201800
=========     Saved host backtrace up to driver entry point at allocation time
=========         Host Frame: cudaMalloc [0x21c905] in prism-tr
=========         Host Frame: BuildMFreeIndex(DeviceProblem&, int const*, int const*, std::vector<int, std::allocator<int> > const&, int, int)::{lambda(int**, std::vector<int, std::allocator<int> > const&)#1}::operator()(int**, std::vector<int, std::allocator<int> > const&) const [clone .isra.0] [0xd0b65] in prism-tr
=========         Host Frame: BuildMFreeIndex(DeviceProblem&, int const*, int const*, std::vector<int, std::allocator<int> > const&, int, int) [0xd116c] in prism-tr
=========         Host Frame: OcaCliMain(int, char**) [0x115072] in prism-tr
=========         Host Frame: main [0xa9f59] in prism-tr
========= 
========= Leaked 384 bytes at 0x7bc77e201a00
=========     Saved host backtrace up to driver entry point at allocation time
=========         Host Frame: cudaMalloc [0x21c905] in prism-tr
=========         Host Frame: BuildMFreeIndex(DeviceProblem&, int const*, int const*, std::vector<int, std::allocator<int> > const&, int, int)::{lambda(int**, std::vector<int, std::allocator<int> > const&)#1}::operator()(int**, std::vector<int, std::allocator<int> > const&) const [clone .isra.0] [0xd0b65] in prism-tr
=========         Host Frame: BuildMFreeIndex(DeviceProblem&, int const*, int const*, std::vector<int, std::allocator<int> > const&, int, int) [0xd1187] in prism-tr
=========         Host Frame: OcaCliMain(int, char**) [0x115072] in prism-tr
=========         Host Frame: main [0xa9f59] in prism-tr
========= 
========= Leaked 20 bytes at 0x7bc77e201c00
=========     Saved host backtrace up to driver entry point at allocation time
=========         Host Frame: cudaMalloc [0x21c905] in prism-tr
=========         Host Frame: BuildMFreeIndex(DeviceProblem&, int const*, int const*, std::vector<int, std::allocator<int> > const&, int, int)::{lambda(int**, std::vector<int, std::allocator<int> > const&)#1}::operator()(int**, std::vector<int, std::allocator<int> > const&) const [clone .isra.0] [0xd0b65] in prism-tr
=========         Host Frame: BuildMFreeIndex(DeviceProblem&, int const*, int const*, std::vector<int, std::allocator<int> > const&, int, int) [0xd1198] in prism-tr
=========         Host Frame: OcaCliMain(int, char**) [0x115072] in prism-tr
=========         Host Frame: main [0xa9f59] in prism-tr
========= 
========= Leaked 384 bytes at 0x7bc77e201e00
=========     Saved host backtrace up to driver entry point at allocation time
=========         Host Frame: cudaMalloc [0x21c905] in prism-tr
=========         Host Frame: BuildMFreeIndex(DeviceProblem&, int const*, int const*, std::vector<int, std::allocator<int> > const&, int, int)::{lambda(int**, std::vector<int, std::allocator<int> > const&)#1}::operator()(int**, std::vector<int, std::allocator<int> > const&) const [clone .isra.0] [0xd0b65] in prism-tr
=========         Host Frame: BuildMFreeIndex(DeviceProblem&, int const*, int const*, std::vector<int, std::allocator<int> > const&, int, int) [0xd11a9] in prism-tr
=========         Host Frame: OcaCliMain(int, char**) [0x115072] in prism-tr
=========         Host Frame: main [0xa9f59] in prism-tr
========= 
========= Leaked 288 bytes at 0x7bc77e202000
=========     Saved host backtrace up to driver entry point at allocation time
=========         Host Frame: cudaMalloc [0x21c905] in prism-tr
=========         Host Frame: AllocState(DeviceState&, int, int, bool) [0xc29f1] in prism-tr
=========         Host Frame: OcaCliMain(int, char**) [0x1141bc] in prism-tr
=========         Host Frame: main [0xa9f59] in prism-tr
========= 
========= Leaked 96 bytes at 0x7bc77e202200
=========     Saved host backtrace up to driver entry point at allocation time
=========         Host Frame: cudaMalloc [0x21c905] in prism-tr
=========         Host Frame: AllocState(DeviceState&, int, int, bool) [0xc2a10] in prism-tr
=========         Host Frame: OcaCliMain(int, char**) [0x1141bc] in prism-tr
=========         Host Frame: main [0xa9f59] in prism-tr
========= 
========= Leaked 576 bytes at 0x7bc77e202400
=========     Saved host backtrace up to driver entry point at allocation time
=========         Host Frame: cudaMalloc [0x21c905] in prism-tr
=========         Host Frame: AllocState(DeviceState&, int, int, bool) [0xc2a2f] in prism-tr
=========         Host Frame: OcaCliMain(int, char**) [0x1141bc] in prism-tr
=========         Host Frame: main [0xa9f59] in prism-tr
========= 
========= Leaked 96 bytes at 0x7bc77e202800
=========     Saved host backtrace up to driver entry point at allocation time
=========         Host Frame: cudaMalloc [0x21c905] in prism-tr
=========         Host Frame: AllocState(DeviceState&, int, int, bool) [0xc2a73] in prism-tr
=========         Host Frame: OcaCliMain(int, char**) [0x1141bc] in prism-tr
=========         Host Frame: main [0xa9f59] in prism-tr
========= 
========= Leaked 8 bytes at 0x7bc77e22e200
=========     Saved host backtrace up to driver entry point at allocation time
=========         Host Frame: cudaMalloc [0x21c905] in prism-tr
=========         Host Frame: ComputeCost(DeviceProblem const&, DeviceState const&, int, double) [0xc2e18] in prism-tr
=========         Host Frame: RunLog SolveMFreeShiftedCG<9>(DeviceProblem const&, DeviceState&, double, int, bool, double, std::vector<int, std::allocator<int> >, int, bool, double, bool, std::__cxx11::basic_string<char, std::char_traits<char>, std::allocator<char> > const&, bool, double, double, double, int, bool, double, int, int, double, double, bool, int, double*) [0x183494] in prism-tr
=========         Host Frame: OcaCliMain(int, char**) [0x114838] in prism-tr
=========         Host Frame: main [0xa9f59] in prism-tr
========= 
========= Leaked 4 bytes at 0x7bc77e22e400
=========     Saved host backtrace up to driver entry point at allocation time
=========         Host Frame: cudaMalloc [0x21c905] in prism-tr
=========         Host Frame: CountCheiralityViolations(DeviceProblem const&, DeviceState const&) [0xc3148] in prism-tr
=========         Host Frame: RunLog SolveMFreeShiftedCG<9>(DeviceProblem const&, DeviceState&, double, int, bool, double, std::vector<int, std::allocator<int> >, int, bool, double, bool, std::__cxx11::basic_string<char, std::char_traits<char>, std::allocator<char> > const&, bool, double, double, double, int, bool, double, int, int, double, double, bool, int, double*) [0x1834c5] in prism-tr
=========         Host Frame: OcaCliMain(int, char**) [0x114838] in prism-tr
=========         Host Frame: main [0xa9f59] in prism-tr
========= 
========= LEAK SUMMARY: 5892 bytes leaked in 20 allocations
========= ERROR SUMMARY: 20 errors
