  [menu-backtrack] active=1 max_evals=8 warmup_accepts=3 confirm_stop=original armijo=1e-4
MIXED_STORAGE fragments=fp32 arithmetic=fp64 state=fp64 acceptance=fp64
  [compact-fragments] active=2 saved_bytes=39929448 storage=fp32 camera_reads=contiguous
  MFCG score_init=30562787.847235736 precision=fp64
PCG_PREP o=0 rebuild=1 drift=0 previous_depth=0
ATTR_RADIUS o=0 raw_norm=5445.85609839873 norm=5445.85609839873 radius=5445.85609839873 next_radius=10891.71219679746 lambda=0.10000000000000001 next_lambda=0.025000000000000001 rho=0.99642283532921205 accept=1
CLASSICAL_LM o=0 lambda=0.10000000000000001 tau=0.10000000000000001 prediction=28494581.339232981 rho=0.99642283532921205 accept=1
  MFCG it   1 cost=2.170136e+06 lam=2.500e-02 tau=0.00e+00 cg_it=0 shift=0 ckpt=1 alpha=0 acc mv=2
PCG_PREP o=1 rebuild=1 drift=0 previous_depth=1
ATTR_RADIUS o=1 raw_norm=2850.3640786061192 norm=2850.3640786061196 radius=10891.71219679746 next_radius=10891.71219679746 lambda=0.025000000000000001 next_lambda=0.0025000000000000005 rho=0.99898041080055611 accept=1
CLASSICAL_LM o=1 lambda=0.025000000000000001 tau=0.025000000000000001 prediction=1301657.194220704 rho=0.99898041080055611 accept=1
  MFCG it   2 cost=8.698063e+05 lam=2.500e-03 tau=0.00e+00 cg_it=4 shift=0 ckpt=5 alpha=0 acc mv=8
PCG_PREP o=2 rebuild=1 drift=0 previous_depth=5
ATTR_RADIUS o=2 raw_norm=2272.8893580214367 norm=2272.8893580214367 radius=10891.71219679746 next_radius=10891.71219679746 lambda=0.0025000000000000005 next_lambda=0.00025000000000000006 rho=0.99190491987084983 accept=1
CLASSICAL_LM o=2 lambda=0.0025000000000000005 tau=0.0025000000000000005 prediction=304855.50474077178 rho=0.99190491987084983 accept=1
  MFCG it   3 cost=5.674186e+05 lam=2.500e-04 tau=0.00e+00 cg_it=9 shift=0 ckpt=10 alpha=0 acc mv=19
PCG_PREP o=3 rebuild=1 drift=0 previous_depth=10
ATTR_RADIUS o=3 raw_norm=2295.2916485716769 norm=2295.2916485716769 radius=10891.71219679746 next_radius=10891.71219679746 lambda=0.00025000000000000006 next_lambda=2.5000000000000008e-05 rho=0.98311495840323604 accept=1
CLASSICAL_LM o=3 lambda=0.00025000000000000006 tau=0.00025000000000000006 prediction=169689.65635673312 rho=0.98311495840323604 accept=1
  MFCG it   4 cost=4.005942e+05 lam=2.500e-05 tau=0.00e+00 cg_it=0 shift=0 ckpt=1 alpha=0 acc mv=21
PCG_PREP o=4 rebuild=1 drift=0 previous_depth=1
ATTR_RADIUS o=4 raw_norm=7330.22533982193 norm=7330.22533982193 radius=10891.71219679746 next_radius=10891.71219679746 lambda=2.5000000000000008e-05 next_lambda=2.5000000000000011e-06 rho=0.77434215249860294 accept=1
CLASSICAL_LM o=4 lambda=2.5000000000000008e-05 tau=2.5000000000000008e-05 prediction=37640.562392143591 rho=0.77434215249860294 accept=1
  MFCG it   5 cost=3.714475e+05 lam=2.500e-06 tau=0.00e+00 cg_it=7 shift=0 ckpt=8 alpha=0 acc mv=30
PCG_PREP o=5 rebuild=1 drift=0 previous_depth=8
ATTR_RADIUS o=5 raw_norm=732.61624108308899 norm=732.61624108308899 radius=10891.71219679746 next_radius=10891.71219679746 lambda=2.5000000000000011e-06 next_lambda=2.5000000000000009e-07 rho=0.93246850064218678 accept=1
CLASSICAL_LM o=5 lambda=2.5000000000000011e-06 tau=2.5000000000000011e-06 prediction=9528.1107671416339 rho=0.93246850064218678 accept=1
  MFCG it   6 cost=3.625628e+05 lam=2.500e-07 tau=0.00e+00 cg_it=0 shift=0 ckpt=1 alpha=0 acc mv=32
PCG_PREP o=6 rebuild=1 drift=0 previous_depth=1
POINT_SAFE o=6 frozen=56 slope=-10369.930883422032 candidate=370151.57457592298 original=360836.35541816504 current=362562.82735658088 won=0 mode=1 camera_scale=1 keep_scale=0
ATTR_RADIUS o=6 raw_norm=8283.5428327222326 norm=2070.8857081805581 radius=10891.71219679746 next_radius=10891.71219679746 lambda=2.5000000000000009e-07 next_lambda=2.5000000000000012e-08 rho=0.78419516208023099 accept=1
CLASSICAL_LM o=6 lambda=2.5000000000000009e-07 tau=2.5000000000000009e-07 prediction=2201.5845313761356 rho=0.78419516208023099 accept=1
  MFCG it   7 cost=3.608364e+05 lam=2.500e-08 tau=0.00e+00 cg_it=19 shift=0 ckpt=20 alpha=0 acc mv=53
PCG_PREP o=7 rebuild=1 drift=0 previous_depth=20
ATTR_RADIUS o=7 raw_norm=36563.605397502099 norm=10891.712196797458 radius=10891.71219679746 next_radius=10891.71219679746 lambda=2.5000000000000012e-08 next_lambda=2.5000000000000012e-08 rho=0.41410868777760129 accept=1
CLASSICAL_LM o=7 lambda=2.5000000000000012e-08 tau=2.5000000000000012e-08 prediction=2225.8711672260515 rho=0.41410868777760129 accept=1
  MFCG it   8 cost=3.599146e+05 lam=2.500e-08 tau=0.00e+00 cg_it=18 shift=0 ckpt=19 alpha=0 acc mv=73
PCG_PREP o=8 rebuild=1 drift=0 previous_depth=19
POINT_SAFE o=8 frozen=12 slope=-2507.6141131847253 candidate=360122.08902331605 original=359384.17425432894 current=359914.60282994306 won=0 mode=1 camera_scale=1 keep_scale=0
ATTR_RADIUS o=8 raw_norm=51995.635937032901 norm=5445.85609839873 radius=10891.71219679746 next_radius=10891.71219679746 lambda=2.5000000000000012e-08 next_lambda=2.5000000000000013e-09 rho=0.55925636594203465 accept=1
CLASSICAL_LM o=8 lambda=2.5000000000000012e-08 tau=2.5000000000000012e-08 prediction=948.45335326785607 rho=0.55925636594203465 accept=1
  MFCG it   9 cost=3.593842e+05 lam=2.500e-09 tau=0.00e+00 cg_it=0 shift=0 ckpt=1 alpha=0 acc mv=75
PCG_PREP o=9 rebuild=1 drift=0 previous_depth=1
POINT_SAFE o=9 frozen=2 slope=-1378.6111006719152 candidate=360138.9384070544 original=359238.53840707627 current=359384.17425432894 won=0 mode=1 camera_scale=1 keep_scale=0
ATTR_RADIUS o=9 raw_norm=191479.81792212522 norm=5445.856098398729 radius=10891.71219679746 next_radius=10891.71219679746 lambda=2.5000000000000013e-09 next_lambda=2.5000000000000012e-10 rho=0.27969131827539834 accept=1
CLASSICAL_LM o=9 lambda=2.5000000000000013e-09 tau=2.5000000000000013e-09 prediction=520.70206594427327 rho=0.27969131827539834 accept=1
  MFCG it  10 cost=3.592385e+05 lam=2.500e-10 tau=0.00e+00 cg_it=0 shift=0 ckpt=1 alpha=0 acc mv=77
PCG_PREP o=10 rebuild=1 drift=0 previous_depth=1
POINT_SAFE o=10 frozen=0 slope=-939.69005868170279 candidate=inf original=359181.78849992953 current=359238.53840707627 won=0 mode=1 camera_scale=1 keep_scale=0
ATTR_RADIUS o=10 raw_norm=284508.9199955645 norm=2722.928049199365 radius=10891.71219679746 next_radius=10891.71219679746 lambda=2.5000000000000012e-10 next_lambda=2.5000000000000014e-11 rho=0.2745971067114053 accept=1
CLASSICAL_LM o=10 lambda=2.5000000000000012e-10 tau=2.5000000000000012e-10 prediction=206.66607826416245 rho=0.2745971067114053 accept=1
  MFCG it  11 cost=3.591818e+05 lam=2.500e-11 tau=0.00e+00 cg_it=0 shift=0 ckpt=1 alpha=0 acc mv=79
PCG_PREP o=11 rebuild=1 drift=0 previous_depth=1
POINT_SAFE o=11 frozen=0 slope=-752.94894129507952 candidate=inf original=359164.53403189854 current=359181.78849992953 won=0 mode=1 camera_scale=1 keep_scale=0
ATTR_RADIUS o=11 raw_norm=296488.23990771396 norm=2722.9280491993654 radius=10891.71219679746 next_radius=2722.928049199365 lambda=2.5000000000000014e-11 next_lambda=4.0000000000000022e-10 rho=0.1040606986792416 accept=1
CLASSICAL_LM o=11 lambda=2.5000000000000014e-11 tau=2.5000000000000014e-11 prediction=165.81157199588111 rho=0.1040606986792416 accept=1
  MFCG it  12 cost=3.591645e+05 lam=4.000e-10 tau=0.00e+00 cg_it=0 shift=0 ckpt=1 alpha=0 acc mv=81
PCG_PREP o=12 rebuild=1 drift=0 previous_depth=1
ATTR_RADIUS o=12 raw_norm=266927.5713596429 norm=2722.928049199365 radius=2722.928049199365 next_radius=2722.928049199365 lambda=4.0000000000000022e-10 next_lambda=4.0000000000000022e-10 rho=0.53729005956319709 accept=1
CLASSICAL_LM o=12 lambda=4.0000000000000022e-10 tau=4.0000000000000022e-10 prediction=307.27373283936959 rho=0.53729005956319709 accept=1
  MFCG it  13 cost=3.589994e+05 lam=4.000e-10 tau=0.00e+00 cg_it=0 shift=0 ckpt=1 alpha=0 acc mv=83
PCG_PREP o=13 rebuild=1 drift=0 previous_depth=1
ATTR_RADIUS o=13 raw_norm=263630.40078308032 norm=2722.928049199365 radius=2722.928049199365 next_radius=2722.928049199365 lambda=4.0000000000000022e-10 next_lambda=4.0000000000000022e-10 rho=0.26045672517121321 accept=1
CLASSICAL_LM o=13 lambda=4.0000000000000022e-10 tau=4.0000000000000022e-10 prediction=100.03915242020666 rho=0.26045672517121321 accept=1
  MFCG it  14 cost=3.589734e+05 lam=4.000e-10 tau=0.00e+00 cg_it=0 shift=0 ckpt=1 alpha=0 acc mv=85
PCG_PREP o=14 rebuild=1 drift=0 previous_depth=1
POINT_SAFE o=14 frozen=2 slope=-73.331564462844398 candidate=358988.77252915257 original=358961.20824158593 current=358973.3830396508 won=0 mode=1 camera_scale=1 keep_scale=0
ATTR_RADIUS o=14 raw_norm=260475.61933330103 norm=1361.4640245996825 radius=2722.928049199365 next_radius=2722.928049199365 lambda=4.0000000000000022e-10 next_lambda=4.0000000000000023e-11 rho=0.426869896833389 accept=1
CLASSICAL_LM o=14 lambda=4.0000000000000022e-10 tau=4.0000000000000022e-10 prediction=28.521097775177857 rho=0.426869896833389 accept=1
  MFCG it  15 cost=3.589612e+05 lam=4.000e-11 tau=0.00e+00 cg_it=0 shift=0 ckpt=1 alpha=0 acc mv=87
PCG_PREP o=15 rebuild=1 drift=0 previous_depth=1
POINT_SAFE o=15 frozen=2 slope=-34.90454475906099 candidate=358999.07806143537 original=358959.05355833599 current=358961.20824158593 won=0 mode=1 camera_scale=1 keep_scale=0
ATTR_RADIUS o=15 raw_norm=284427.64619101566 norm=680.73201229984113 radius=2722.928049199365 next_radius=2722.928049199365 lambda=4.0000000000000023e-11 next_lambda=4.0000000000000023e-12 rho=0.27332166544623743 accept=1
CLASSICAL_LM o=15 lambda=4.0000000000000023e-11 tau=4.0000000000000023e-11 prediction=7.8833240183375919 rho=0.27332166544623743 accept=1
  MFCG it  16 cost=3.589591e+05 lam=4.000e-12 tau=0.00e+00 cg_it=0 shift=0 ckpt=1 alpha=0 acc mv=89
PCG_PREP o=16 rebuild=1 drift=0 previous_depth=1
POINT_SAFE o=16 frozen=3 slope=-29.256768281063433 candidate=359001.10807324143 original=358958.87271711917 current=358959.05355833599 won=0 mode=1 camera_scale=1 keep_scale=0
ATTR_RADIUS o=16 raw_norm=286856.76517616888 norm=2722.9280491993645 radius=2722.928049199365 next_radius=680.73201229984124 lambda=4.0000000000000023e-12 next_lambda=6.4000000000000037e-11 rho=0.027194562209921381 accept=0
CLASSICAL_LM o=16 lambda=4.0000000000000023e-12 tau=4.0000000000000023e-12 prediction=6.6499035881343209 rho=0.027194562209921381 accept=0
  MFCG it  17  retry 1/8  lam=6.400e-11 tau_eff=4.000e-12  (assembly reused)
PCG_PREP o=16 rebuild=1 drift=0 previous_depth=1
ATTR_RADIUS o=16 raw_norm=282286.64087566477 norm=680.73201229984124 radius=680.73201229984124 next_radius=680.73201229984124 lambda=6.4000000000000037e-11 next_lambda=6.4000000000000037e-11 rho=0.50488342090668714 accept=1
CLASSICAL_LM o=16 lambda=6.4000000000000037e-11 tau=6.4000000000000037e-11 prediction=12.576159371814899 rho=0.50488342090668714 accept=1
  MFCG it  17 cost=3.589527e+05 lam=6.400e-11 tau=0.00e+00 cg_it=0 shift=0 ckpt=1 alpha=0 acc mv=93
PCG_PREP o=17 rebuild=1 drift=0 previous_depth=1
ATTR_RADIUS o=17 raw_norm=282117.60393149086 norm=680.73201229984102 radius=680.73201229984124 next_radius=680.73201229984124 lambda=6.4000000000000037e-11 next_lambda=6.4000000000000037e-11 rho=0.40052439746408974 accept=1
CLASSICAL_LM o=17 lambda=6.4000000000000037e-11 tau=6.4000000000000037e-11 prediction=5.4676318622736551 rho=0.40052439746408974 accept=1
  MFCG it  18 cost=3.589505e+05 lam=6.400e-11 tau=0.00e+00 cg_it=0 shift=0 ckpt=1 alpha=0 acc mv=95
PCG_PREP o=18 rebuild=1 drift=0 previous_depth=1
POINT_SAFE o=18 frozen=11 slope=-2.9632920379222751 candidate=358950.93710964208 original=358949.89898850024 current=358950.51414401329 won=0 mode=1 camera_scale=1 keep_scale=0
ATTR_RADIUS o=18 raw_norm=282008.04203582538 norm=340.36600614992074 radius=680.73201229984124 next_radius=680.73201229984124 lambda=6.4000000000000037e-11 next_lambda=6.4000000000000042e-12 rho=0.45230346700243451 accept=1
CLASSICAL_LM o=18 lambda=6.4000000000000037e-11 tau=6.4000000000000037e-11 prediction=1.3600504040482897 rho=0.45230346700243451 accept=1
  MFCG it  19 cost=3.589499e+05 lam=6.400e-12 tau=0.00e+00 cg_it=0 shift=0 ckpt=1 alpha=0 acc mv=97
PCG_PREP o=19 rebuild=1 drift=0 previous_depth=1
POINT_SAFE o=19 frozen=21 slope=-2.3111397178219852 candidate=358950.71572952048 original=358949.55490189523 current=358949.89898850024 won=0 mode=1 camera_scale=1 keep_scale=0
ATTR_RADIUS o=19 raw_norm=286285.49626333429 norm=340.36600614992068 radius=680.73201229984124 next_radius=680.73201229984124 lambda=6.4000000000000042e-12 next_lambda=6.400000000000005e-13 rho=0.30882109720602402 accept=1
CLASSICAL_LM o=19 lambda=6.4000000000000042e-12 tau=6.4000000000000042e-12 prediction=1.1141939722408587 rho=0.30882109720602402 accept=1
  MFCG it  20 cost=3.589496e+05 lam=6.400e-13 tau=0.00e+00 cg_it=0 shift=0 ckpt=1 alpha=0 acc mv=99
PCG_PREP o=20 rebuild=1 drift=0 previous_depth=1
POINT_SAFE o=20 frozen=41 slope=-2.2026732105433462 candidate=358950.45017159596 original=358949.2593413603 current=358949.55490189523 won=0 mode=1 camera_scale=1 keep_scale=0
ATTR_RADIUS o=20 raw_norm=286716.0710768046 norm=340.36600614992062 radius=680.73201229984124 next_radius=680.73201229984124 lambda=6.400000000000005e-13 next_lambda=6.4000000000000055e-14 rho=0.27510169508530369 accept=1
CLASSICAL_LM o=20 lambda=6.400000000000005e-13 tau=6.400000000000005e-13 prediction=1.0743682798298102 rho=0.27510169508530369 accept=1
  MFCG it  21 cost=3.589493e+05 lam=6.400e-14 tau=0.00e+00 cg_it=0 shift=0 ckpt=1 alpha=0 acc mv=101
PCG_PREP o=21 rebuild=1 drift=0 previous_depth=1
POINT_SAFE o=21 frozen=63 slope=-2.1571930193353293 candidate=358950.18376907823 original=358948.96878319985 current=358949.2593413603 won=0 mode=1 camera_scale=1 keep_scale=0
ATTR_RADIUS o=21 raw_norm=286805.06228598964 norm=340.36600614992062 radius=680.73201229984124 next_radius=680.73201229984124 lambda=6.4000000000000055e-14 next_lambda=6.4000000000000062e-15 rho=0.27418224445563105 accept=1
CLASSICAL_LM o=21 lambda=6.4000000000000055e-14 tau=6.4000000000000055e-14 prediction=1.0597263912335992 rho=0.27418224445563105 accept=1
  MFCG it  22 cost=3.589490e+05 lam=6.400e-15 tau=0.00e+00 cg_it=0 shift=0 ckpt=1 alpha=0 acc mv=103
PCG_PREP o=22 rebuild=1 drift=0 previous_depth=1
POINT_SAFE o=22 frozen=79 slope=-2.0700986416768568 candidate=358949.92690462706 original=358948.70437983132 current=358948.96878319985 won=0 mode=1 camera_scale=1 keep_scale=0
ATTR_RADIUS o=22 raw_norm=286953.43675570021 norm=340.36600614992062 radius=680.73201229984124 next_radius=680.73201229984124 lambda=6.4000000000000062e-15 next_lambda=6.4000000000000064e-16 rho=0.25158248154613633 accept=1
CLASSICAL_LM o=22 lambda=6.4000000000000062e-15 tau=6.4000000000000062e-15 prediction=1.0509609687291706 rho=0.25158248154613633 accept=1
  MFCG it  23 cost=3.589487e+05 lam=6.400e-16 tau=0.00e+00 cg_it=0 shift=0 ckpt=1 alpha=0 acc mv=105
PCG_PREP o=23 rebuild=1 drift=0 previous_depth=1
POINT_SAFE o=23 frozen=94 slope=-2.0986247312931652 candidate=358949.68886016589 original=358948.44604126993 current=358948.70437983132 won=0 mode=1 camera_scale=1 keep_scale=0
ATTR_RADIUS o=23 raw_norm=287627.91279637965 norm=340.36600614992057 radius=680.73201229984124 next_radius=170.18300307496031 lambda=6.4000000000000064e-16 next_lambda=1.024000000000001e-14 rho=0.24325905279811688 accept=1
CLASSICAL_LM o=23 lambda=6.4000000000000064e-16 tau=6.4000000000000064e-16 prediction=1.0619895063571383 rho=0.24325905279811688 accept=1
  MFCG it  24 cost=3.589484e+05 lam=1.024e-14 tau=0.00e+00 cg_it=0 shift=0 ckpt=1 alpha=0 acc mv=107
PCG_PREP o=24 rebuild=1 drift=0 previous_depth=1
ATTR_RADIUS o=24 raw_norm=287045.12919231033 norm=170.18300307496031 radius=170.18300307496031 next_radius=170.18300307496031 lambda=1.024000000000001e-14 next_lambda=1.024000000000001e-14 rho=0.53137290505632107 accept=1
CLASSICAL_LM o=24 lambda=1.024000000000001e-14 tau=1.024000000000001e-14 prediction=0.58662808489586249 rho=0.53137290505632107 accept=1
  MFCG: converged (OCA_FTOL: 8 outers < 1.0e-05 rel)
  [menu-backtrack] confirming stop with original retry policy at outer 25
  MFCG it  25 cost=3.589481e+05 lam=1.024e-14 tau=0.00e+00 cg_it=0 shift=0 ckpt=1 alpha=0 acc mv=109
PCG_PREP o=25 rebuild=1 drift=0 previous_depth=1
ATTR_RADIUS o=25 raw_norm=287111.85826901475 norm=170.18300307496028 radius=170.18300307496031 next_radius=170.18300307496031 lambda=1.024000000000001e-14 next_lambda=1.024000000000001e-14 rho=0.54156565247024602 accept=1
CLASSICAL_LM o=25 lambda=1.024000000000001e-14 tau=1.024000000000001e-14 prediction=0.59072203156781511 rho=0.54156565247024602 accept=1
  MFCG it  26 cost=3.589478e+05 lam=1.024e-14 tau=0.00e+00 cg_it=0 shift=0 ckpt=1 alpha=0 acc mv=111
PCG_PREP o=26 rebuild=1 drift=0 previous_depth=1
ATTR_RADIUS o=26 raw_norm=287161.98195294483 norm=170.18300307496034 radius=170.18300307496031 next_radius=170.18300307496031 lambda=1.024000000000001e-14 next_lambda=1.024000000000001e-14 rho=0.51454139847766278 accept=1
CLASSICAL_LM o=26 lambda=1.024000000000001e-14 tau=1.024000000000001e-14 prediction=0.58650594049357996 rho=0.51454139847766278 accept=1
  MFCG it  27 cost=3.589475e+05 lam=1.024e-14 tau=0.00e+00 cg_it=0 shift=0 ckpt=1 alpha=0 acc mv=113
PCG_PREP o=27 rebuild=1 drift=0 previous_depth=1
ATTR_RADIUS o=27 raw_norm=287248.965916396 norm=170.18300307496034 radius=170.18300307496031 next_radius=170.18300307496031 lambda=1.024000000000001e-14 next_lambda=1.024000000000001e-14 rho=0.52831538953138268 accept=1
CLASSICAL_LM o=27 lambda=1.024000000000001e-14 tau=1.024000000000001e-14 prediction=0.60005352590761762 rho=0.52831538953138268 accept=1
  MFCG it  28 cost=3.589472e+05 lam=1.024e-14 tau=0.00e+00 cg_it=0 shift=0 ckpt=1 alpha=0 acc mv=115
PCG_PREP o=28 rebuild=1 drift=0 previous_depth=1
ATTR_RADIUS o=28 raw_norm=287255.3483899429 norm=170.18300307496031 radius=170.18300307496031 next_radius=170.18300307496031 lambda=1.024000000000001e-14 next_lambda=1.024000000000001e-14 rho=0.51988534760547211 accept=1
CLASSICAL_LM o=28 lambda=1.024000000000001e-14 tau=1.024000000000001e-14 prediction=0.59800704322480258 rho=0.51988534760547211 accept=1
  MFCG it  29 cost=3.589469e+05 lam=1.024e-14 tau=0.00e+00 cg_it=0 shift=0 ckpt=1 alpha=0 acc mv=117
PCG_PREP o=29 rebuild=1 drift=0 previous_depth=1
ATTR_RADIUS o=29 raw_norm=287320.22202869545 norm=170.18300307496031 radius=170.18300307496031 next_radius=170.18300307496031 lambda=1.024000000000001e-14 next_lambda=1.024000000000001e-14 rho=0.52572541522491412 accept=1
CLASSICAL_LM o=29 lambda=1.024000000000001e-14 tau=1.024000000000001e-14 prediction=0.60154780802956875 rho=0.52572541522491412 accept=1
  MFCG it  30 cost=3.589466e+05 lam=1.024e-14 tau=0.00e+00 cg_it=0 shift=0 ckpt=1 alpha=0 acc mv=119
PCG_PREP o=30 rebuild=1 drift=0 previous_depth=1
ATTR_RADIUS o=30 raw_norm=287415.75049950427 norm=170.18300307496031 radius=170.18300307496031 next_radius=170.18300307496031 lambda=1.024000000000001e-14 next_lambda=1.024000000000001e-14 rho=0.5337878673004014 accept=1
CLASSICAL_LM o=30 lambda=1.024000000000001e-14 tau=1.024000000000001e-14 prediction=0.59941473425570613 rho=0.5337878673004014 accept=1
  MFCG it  31 cost=3.589462e+05 lam=1.024e-14 tau=0.00e+00 cg_it=0 shift=0 ckpt=1 alpha=0 acc mv=121
PCG_PREP o=31 rebuild=1 drift=0 previous_depth=1
ATTR_RADIUS o=31 raw_norm=287491.15749120701 norm=170.18300307496028 radius=170.18300307496031 next_radius=170.18300307496031 lambda=1.024000000000001e-14 next_lambda=1.024000000000001e-14 rho=0.52072805644974096 accept=1
CLASSICAL_LM o=31 lambda=1.024000000000001e-14 tau=1.024000000000001e-14 prediction=0.59326399491994453 rho=0.52072805644974096 accept=1
  MFCG it  32 cost=3.589459e+05 lam=1.024e-14 tau=0.00e+00 cg_it=0 shift=0 ckpt=1 alpha=0 acc mv=123
PCG_PREP o=32 rebuild=1 drift=0 previous_depth=1
ATTR_RADIUS o=32 raw_norm=287570.25201629463 norm=170.18300307496031 radius=170.18300307496031 next_radius=170.18300307496031 lambda=1.024000000000001e-14 next_lambda=1.024000000000001e-14 rho=0.52081148715892567 accept=1
CLASSICAL_LM o=32 lambda=1.024000000000001e-14 tau=1.024000000000001e-14 prediction=0.59765604547386986 rho=0.52081148715892567 accept=1
  MFCG: converged (OCA_FTOL: 8 outers < 1.0e-05 rel)
  MFCG: accepts=33 rejects=1 total_matvecs=125 negcurv=0 cand_evals=34 mean_cg_per_outer=3.8
NUMERIC_REPAIR summary rebuilds=0 floor=9.9999999999999998e-17
  [retry-cache] builds=34 reuses=0
  [menu-backtrack] trials=14 rescues=14 evals=31 total_scored=65
POINT_SAFE summary calls=14 evals=12 wins=0 frozen=386 seconds=0.033546528
  [scoring] menu_evals=34 alpha_evals=0 backtrack_evals=31 total_scored=65
RESULT algo=mfree_shifted_cg iters=33 final_cost=358945.6283094145 solve_seconds=0.409494
DIAGNOSTICS median_reproj_err_px 4.948600 -> 0.656432 | cheirality_violations(obs) 0 -> 22 | cheirality_violations(pts, of 64298) 0 -> 11
