  [menu-backtrack] active=1 max_evals=8 warmup_accepts=3 confirm_stop=original armijo=1e-4
MIXED_STORAGE fragments=fp32 arithmetic=fp64 state=fp64 acceptance=fp64
  [compact-fragments] active=2 saved_bytes=36105992 storage=fp32 camera_reads=contiguous
  MFCG score_init=11152062.772762474 precision=fp64
PCG_PREP o=0 rebuild=1 drift=0 previous_depth=0
ATTR_RADIUS o=0 raw_norm=3225.3525896296683 norm=3225.3525896296687 radius=3225.3525896296683 next_radius=6450.7051792593365 lambda=0.10000000000000001 next_lambda=0.025000000000000001 rho=0.99997438839510644 accept=1
CLASSICAL_LM o=0 lambda=0.10000000000000001 tau=0.10000000000000001 prediction=8877594.9877400473 rho=0.99997438839510644 accept=1
  MFCG it   1 cost=2.274695e+06 lam=2.500e-02 tau=0.00e+00 cg_it=0 shift=0 ckpt=1 alpha=0 acc mv=2
PCG_PREP o=1 rebuild=1 drift=0 previous_depth=1
ATTR_RADIUS o=1 raw_norm=2725.1440498078491 norm=2725.1440498078491 radius=6450.7051792593365 next_radius=6450.7051792593365 lambda=0.025000000000000001 next_lambda=0.0025000000000000005 rho=0.9970184556905467 accept=1
CLASSICAL_LM o=1 lambda=0.025000000000000001 tau=0.025000000000000001 prediction=770789.73816058261 rho=0.9970184556905467 accept=1
  MFCG it   2 cost=1.506204e+06 lam=2.500e-03 tau=0.00e+00 cg_it=4 shift=0 ckpt=5 alpha=0 acc mv=8
PCG_PREP o=2 rebuild=1 drift=0 previous_depth=5
ATTR_RADIUS o=2 raw_norm=9578.853529165046 norm=6450.7051792593356 radius=6450.7051792593365 next_radius=12901.410358518673 lambda=0.0025000000000000005 next_lambda=0.00062500000000000012 rho=0.99788045990933005 accept=1
CLASSICAL_LM o=2 lambda=0.0025000000000000005 tau=0.0025000000000000005 prediction=379875.54087330587 rho=0.99788045990933005 accept=1
  MFCG it   3 cost=1.127133e+06 lam=6.250e-04 tau=0.00e+00 cg_it=6 shift=0 ckpt=7 alpha=0 acc mv=16
PCG_PREP o=3 rebuild=1 drift=0 previous_depth=7
ATTR_RADIUS o=3 raw_norm=20859.30773675684 norm=12901.410358518675 radius=12901.410358518673 next_radius=25802.820717037346 lambda=0.00062500000000000012 next_lambda=0.00015625000000000003 rho=1.0093969216306149 accept=1
CLASSICAL_LM o=3 lambda=0.00062500000000000012 tau=0.00062500000000000012 prediction=304236.9217197416 rho=1.0093969216306149 accept=1
  MFCG it   4 cost=8.200374e+05 lam=1.563e-04 tau=0.00e+00 cg_it=5 shift=0 ckpt=6 alpha=0 acc mv=23
PCG_PREP o=4 rebuild=1 drift=0 previous_depth=6
ATTR_RADIUS o=4 raw_norm=36747.144697864875 norm=25802.82071703735 radius=25802.820717037346 next_radius=51605.641434074692 lambda=0.00015625000000000003 next_lambda=3.9062500000000008e-05 rho=0.98437153825122703 accept=1
CLASSICAL_LM o=4 lambda=0.00015625000000000003 tau=0.00015625000000000003 prediction=327617.41562949936 rho=0.98437153825122703 accept=1
  MFCG it   5 cost=4.975401e+05 lam=3.906e-05 tau=0.00e+00 cg_it=8 shift=0 ckpt=9 alpha=0 acc mv=33
PCG_PREP o=5 rebuild=1 drift=0 previous_depth=9
POINT_SAFE o=5 frozen=1464 slope=-317535.16438377061 candidate=381890.57181785675 original=373473.48947061441 current=497540.10902832897 won=0 mode=1 camera_scale=1 keep_scale=0
ATTR_RADIUS o=5 raw_norm=37463.339908889939 norm=18731.669954444969 radius=51605.641434074692 next_radius=51605.641434074692 lambda=3.9062500000000008e-05 next_lambda=3.9062500000000009e-06 rho=0.96839028965859364 accept=1
CLASSICAL_LM o=5 lambda=3.9062500000000008e-05 tau=3.9062500000000008e-05 prediction=128116.3399536506 rho=0.96839028965859364 accept=1
  MFCG it   6 cost=3.734735e+05 lam=3.906e-06 tau=0.00e+00 cg_it=6 shift=0 ckpt=7 alpha=0 acc mv=41
PCG_PREP o=6 rebuild=1 drift=0 previous_depth=7
POINT_SAFE o=6 frozen=670 slope=-179589.07830091141 candidate=403764.26387879945 original=368581.36730420351 current=373473.48947061441 won=0 mode=1 camera_scale=1 keep_scale=0
ATTR_RADIUS o=6 raw_norm=50229.77352418696 norm=50229.77352418696 radius=51605.641434074692 next_radius=12901.410358518673 lambda=3.9062500000000009e-06 next_lambda=6.2500000000000015e-05 rho=0.067438153291287661 accept=0
CLASSICAL_LM o=6 lambda=3.9062500000000009e-06 tau=3.9062500000000009e-06 prediction=72542.350696944675 rho=0.067438153291287661 accept=0
  MFCG it   7  retry 1/8  lam=6.250e-05 tau_eff=3.906e-06  (assembly reused)
PCG_PREP o=6 rebuild=1 drift=0 previous_depth=6
ATTR_RADIUS o=6 raw_norm=19848.981191512343 norm=12901.410358518673 radius=12901.410358518673 next_radius=25802.820717037346 lambda=6.2500000000000015e-05 next_lambda=1.5625000000000004e-05 rho=0.88264653863790188 accept=1
CLASSICAL_LM o=6 lambda=6.2500000000000015e-05 tau=6.2500000000000015e-05 prediction=68725.645333971755 rho=0.88264653863790188 accept=1
  MFCG it   7 cost=3.128130e+05 lam=1.563e-05 tau=0.00e+00 cg_it=5 shift=0 ckpt=6 alpha=0 acc mv=55
PCG_PREP o=7 rebuild=1 drift=0 previous_depth=6
POINT_SAFE o=7 frozen=179 slope=-71080.71527857102 candidate=285659.06333424547 original=290316.66013078345 current=312813.03650092817 won=1 mode=1 camera_scale=1 keep_scale=0
ATTR_RADIUS o=7 raw_norm=22599.899816533656 norm=22599.899816533656 radius=25802.820717037346 next_radius=25802.820717037346 lambda=1.5625000000000004e-05 next_lambda=1.5625000000000004e-05 rho=0.69104670290767323 accept=1
CLASSICAL_LM o=7 lambda=1.5625000000000004e-05 tau=1.5625000000000004e-05 prediction=39293.976879462207 rho=0.69104670290767323 accept=1
  MFCG it   8 cost=2.856591e+05 lam=1.563e-05 tau=0.00e+00 cg_it=5 shift=0 ckpt=6 alpha=0 acc mv=62
PCG_PREP o=8 rebuild=1 drift=0 previous_depth=6
POINT_SAFE o=8 frozen=172 slope=-35253.065314822947 candidate=271070.6921871978 original=280479.4577497447 current=285659.06333424547 won=1 mode=1 camera_scale=1 keep_scale=0
ATTR_RADIUS o=8 raw_norm=7069.8981818722204 norm=7069.8981818722204 radius=25802.820717037346 next_radius=25802.820717037346 lambda=1.5625000000000004e-05 next_lambda=1.5625000000000005e-06 rho=0.81451486741002721 accept=1
CLASSICAL_LM o=8 lambda=1.5625000000000004e-05 tau=1.5625000000000004e-05 prediction=17910.50320964108 rho=0.81451486741002721 accept=1
  MFCG it   9 cost=2.710707e+05 lam=1.563e-06 tau=0.00e+00 cg_it=0 shift=0 ckpt=1 alpha=0 acc mv=64
PCG_PREP o=9 rebuild=1 drift=0 previous_depth=1
POINT_SAFE o=9 frozen=444 slope=-15079.059604149839 candidate=301858.62562906375 original=265559.80906217982 current=271070.6921871978 won=0 mode=1 camera_scale=1 keep_scale=0
ATTR_RADIUS o=9 raw_norm=35180.483095285243 norm=3225.3525896296687 radius=25802.820717037346 next_radius=25802.820717037346 lambda=1.5625000000000005e-06 next_lambda=1.5625000000000007e-07 rho=1.5016464760041606 accept=1
CLASSICAL_LM o=9 lambda=1.5625000000000005e-06 tau=1.5625000000000005e-06 prediction=3669.8938219348975 rho=1.5016464760041606 accept=1
  MFCG it  10 cost=2.655598e+05 lam=1.563e-07 tau=0.00e+00 cg_it=1 shift=0 ckpt=2 alpha=0 acc mv=67
PCG_PREP o=10 rebuild=1 drift=0 previous_depth=2
POINT_SAFE o=10 frozen=296 slope=-17400.024739839035 candidate=291982.32025087706 original=262360.04984277452 current=265559.80906217982 won=0 mode=1 camera_scale=1 keep_scale=0
ATTR_RADIUS o=10 raw_norm=43906.312558210033 norm=6450.7051792593356 radius=25802.820717037346 next_radius=25802.820717037346 lambda=1.5625000000000007e-07 next_lambda=1.5625000000000006e-08 rho=0.62242769288790745 accept=1
CLASSICAL_LM o=10 lambda=1.5625000000000007e-07 tau=1.5625000000000007e-07 prediction=5140.7725844575198 rho=0.62242769288790745 accept=1
  MFCG it  11 cost=2.623600e+05 lam=1.563e-08 tau=0.00e+00 cg_it=1 shift=0 ckpt=2 alpha=0 acc mv=70
PCG_PREP o=11 rebuild=1 drift=0 previous_depth=2
POINT_SAFE o=11 frozen=497 slope=-19031.904439527527 candidate=262959.44451490324 original=258725.38719571085 current=262360.04984277452 won=0 mode=1 camera_scale=1 keep_scale=0
ATTR_RADIUS o=11 raw_norm=15182.027140279524 norm=7591.0135701397621 radius=25802.820717037346 next_radius=25802.820717037346 lambda=1.5625000000000006e-08 next_lambda=1.5625000000000008e-09 rho=0.5018656478804141 accept=1
CLASSICAL_LM o=11 lambda=1.5625000000000006e-08 tau=1.5625000000000006e-08 prediction=7242.3021229174601 rho=0.5018656478804141 accept=1
  MFCG it  12 cost=2.587254e+05 lam=1.563e-09 tau=0.00e+00 cg_it=0 shift=0 ckpt=1 alpha=0 acc mv=72
PCG_PREP o=12 rebuild=1 drift=0 previous_depth=1
POINT_SAFE o=12 frozen=126 slope=-14016.103878027101 candidate=262001.68139346066 original=257432.31946902259 current=258725.38719571085 won=0 mode=1 camera_scale=1 keep_scale=0
ATTR_RADIUS o=12 raw_norm=15537.958483372009 norm=7768.9792416860046 radius=25802.820717037346 next_radius=6450.7051792593365 lambda=1.5625000000000008e-09 next_lambda=2.5000000000000012e-08 rho=0.2359605700858193 accept=1
CLASSICAL_LM o=12 lambda=1.5625000000000008e-09 tau=1.5625000000000008e-09 prediction=5480.0161154805 rho=0.2359605700858193 accept=1
  MFCG it  13 cost=2.574323e+05 lam=2.500e-08 tau=0.00e+00 cg_it=0 shift=0 ckpt=1 alpha=0 acc mv=74
PCG_PREP o=13 rebuild=1 drift=0 previous_depth=1
ATTR_RADIUS o=13 raw_norm=15524.032296345946 norm=6450.7051792593375 radius=6450.7051792593365 next_radius=6450.7051792593365 lambda=2.5000000000000012e-08 next_lambda=2.5000000000000012e-08 rho=0.47347827083785593 accept=1
CLASSICAL_LM o=13 lambda=2.5000000000000012e-08 tau=2.5000000000000012e-08 prediction=4870.3464788421807 rho=0.47347827083785593 accept=1
  MFCG it  14 cost=2.551263e+05 lam=2.500e-08 tau=0.00e+00 cg_it=0 shift=0 ckpt=1 alpha=0 acc mv=76
PCG_PREP o=14 rebuild=1 drift=0 previous_depth=1
ATTR_RADIUS o=14 raw_norm=16033.307024818088 norm=6450.7051792593356 radius=6450.7051792593365 next_radius=6450.7051792593365 lambda=2.5000000000000012e-08 next_lambda=2.5000000000000012e-08 rho=0.38295722308573943 accept=1
CLASSICAL_LM o=14 lambda=2.5000000000000012e-08 tau=2.5000000000000012e-08 prediction=3166.4508272513249 rho=0.38295722308573943 accept=1
  MFCG it  15 cost=2.539137e+05 lam=2.500e-08 tau=0.00e+00 cg_it=0 shift=0 ckpt=1 alpha=0 acc mv=78
PCG_PREP o=15 rebuild=1 drift=0 previous_depth=1
ATTR_RADIUS o=15 raw_norm=16480.965845312257 norm=6450.7051792593384 radius=6450.7051792593365 next_radius=6450.7051792593365 lambda=2.5000000000000012e-08 next_lambda=2.5000000000000012e-08 rho=0.28650823721509028 accept=1
CLASSICAL_LM o=15 lambda=2.5000000000000012e-08 tau=2.5000000000000012e-08 prediction=2476.9463017719472 rho=0.28650823721509028 accept=1
  MFCG it  16 cost=2.532040e+05 lam=2.500e-08 tau=0.00e+00 cg_it=0 shift=0 ckpt=1 alpha=0 acc mv=80
PCG_PREP o=16 rebuild=1 drift=0 previous_depth=1
ATTR_RADIUS o=16 raw_norm=16888.988250591228 norm=6450.7051792593375 radius=6450.7051792593365 next_radius=1612.6762948148341 lambda=2.5000000000000012e-08 next_lambda=4.0000000000000019e-07 rho=0.18890514261057095 accept=1
CLASSICAL_LM o=16 lambda=2.5000000000000012e-08 tau=2.5000000000000012e-08 prediction=2159.8009733483177 rho=0.18890514261057095 accept=1
  MFCG it  17 cost=2.527960e+05 lam=4.000e-07 tau=0.00e+00 cg_it=0 shift=0 ckpt=1 alpha=0 acc mv=82
PCG_PREP o=17 rebuild=1 drift=0 previous_depth=1
ATTR_RADIUS o=17 raw_norm=14617.438594004108 norm=1612.6762948148339 radius=1612.6762948148341 next_radius=3225.3525896296683 lambda=4.0000000000000019e-07 next_lambda=1.0000000000000005e-07 rho=0.79756325747250723 accept=1
CLASSICAL_LM o=17 lambda=4.0000000000000019e-07 tau=4.0000000000000019e-07 prediction=764.29712232690724 rho=0.79756325747250723 accept=1
  MFCG it  18 cost=2.521865e+05 lam=1.000e-07 tau=0.00e+00 cg_it=0 shift=0 ckpt=1 alpha=0 acc mv=84
PCG_PREP o=18 rebuild=1 drift=0 previous_depth=1
ATTR_RADIUS o=18 raw_norm=16964.74496151357 norm=3225.3525896296669 radius=3225.3525896296683 next_radius=3225.3525896296683 lambda=1.0000000000000005e-07 next_lambda=1.0000000000000005e-07 rho=0.49400648177552464 accept=1
CLASSICAL_LM o=18 lambda=1.0000000000000005e-07 tau=1.0000000000000005e-07 prediction=941.95218258523096 rho=0.49400648177552464 accept=1
  MFCG it  19 cost=2.517211e+05 lam=1.000e-07 tau=0.00e+00 cg_it=0 shift=0 ckpt=1 alpha=0 acc mv=86
PCG_PREP o=19 rebuild=1 drift=0 previous_depth=1
ATTR_RADIUS o=19 raw_norm=17469.360473124449 norm=3225.3525896296696 radius=3225.3525896296683 next_radius=3225.3525896296683 lambda=1.0000000000000005e-07 next_lambda=1.0000000000000005e-07 rho=0.46605334505381135 accept=1
CLASSICAL_LM o=19 lambda=1.0000000000000005e-07 tau=1.0000000000000005e-07 prediction=812.56497780474933 rho=0.46605334505381135 accept=1
  MFCG it  20 cost=2.513424e+05 lam=1.000e-07 tau=0.00e+00 cg_it=0 shift=0 ckpt=1 alpha=0 acc mv=88
PCG_PREP o=20 rebuild=1 drift=0 previous_depth=1
ATTR_RADIUS o=20 raw_norm=17896.330336220082 norm=3225.3525896296674 radius=3225.3525896296683 next_radius=3225.3525896296683 lambda=1.0000000000000005e-07 next_lambda=1.0000000000000005e-07 rho=0.43515755575834147 accept=1
CLASSICAL_LM o=20 lambda=1.0000000000000005e-07 tau=1.0000000000000005e-07 prediction=711.49113612344934 rho=0.43515755575834147 accept=1
  MFCG it  21 cost=2.510328e+05 lam=1.000e-07 tau=0.00e+00 cg_it=0 shift=0 ckpt=1 alpha=0 acc mv=90
PCG_PREP o=21 rebuild=1 drift=0 previous_depth=1
ATTR_RADIUS o=21 raw_norm=18274.896171575761 norm=3225.3525896296674 radius=3225.3525896296683 next_radius=3225.3525896296683 lambda=1.0000000000000005e-07 next_lambda=1.0000000000000005e-07 rho=0.40550630623709832 accept=1
CLASSICAL_LM o=21 lambda=1.0000000000000005e-07 tau=1.0000000000000005e-07 prediction=634.79666302847704 rho=0.40550630623709832 accept=1
  MFCG it  22 cost=2.507754e+05 lam=1.000e-07 tau=0.00e+00 cg_it=0 shift=0 ckpt=1 alpha=0 acc mv=92
PCG_PREP o=22 rebuild=1 drift=0 previous_depth=1
ATTR_RADIUS o=22 raw_norm=18608.305560627043 norm=3225.3525896296687 radius=3225.3525896296683 next_radius=3225.3525896296683 lambda=1.0000000000000005e-07 next_lambda=1.0000000000000005e-07 rho=0.37708701445542209 accept=1
CLASSICAL_LM o=22 lambda=1.0000000000000005e-07 tau=1.0000000000000005e-07 prediction=575.7805098004028 rho=0.37708701445542209 accept=1
  MFCG it  23 cost=2.505583e+05 lam=1.000e-07 tau=0.00e+00 cg_it=0 shift=0 ckpt=1 alpha=0 acc mv=94
PCG_PREP o=23 rebuild=1 drift=0 previous_depth=1
ATTR_RADIUS o=23 raw_norm=18900.163040858508 norm=3225.3525896296687 radius=3225.3525896296683 next_radius=3225.3525896296683 lambda=1.0000000000000005e-07 next_lambda=1.0000000000000005e-07 rho=0.34997971989371179 accept=1
CLASSICAL_LM o=23 lambda=1.0000000000000005e-07 tau=1.0000000000000005e-07 prediction=529.8442914343359 rho=0.34997971989371179 accept=1
  MFCG it  24 cost=2.503729e+05 lam=1.000e-07 tau=0.00e+00 cg_it=0 shift=0 ckpt=1 alpha=0 acc mv=96
PCG_PREP o=24 rebuild=1 drift=0 previous_depth=1
ATTR_RADIUS o=24 raw_norm=19155.618068907988 norm=3225.3525896296678 radius=3225.3525896296683 next_radius=3225.3525896296683 lambda=1.0000000000000005e-07 next_lambda=1.0000000000000005e-07 rho=0.32429259687753426 accept=1
CLASSICAL_LM o=24 lambda=1.0000000000000005e-07 tau=1.0000000000000005e-07 prediction=493.79728010044613 rho=0.32429259687753426 accept=1
  MFCG it  25 cost=2.502127e+05 lam=1.000e-07 tau=0.00e+00 cg_it=0 shift=0 ckpt=1 alpha=0 acc mv=98
PCG_PREP o=25 rebuild=1 drift=0 previous_depth=1
ATTR_RADIUS o=25 raw_norm=19378.678347299076 norm=3225.3525896296687 radius=3225.3525896296683 next_radius=3225.3525896296683 lambda=1.0000000000000005e-07 next_lambda=1.0000000000000005e-07 rho=0.30016312922585431 accept=1
CLASSICAL_LM o=25 lambda=1.0000000000000005e-07 tau=1.0000000000000005e-07 prediction=465.3733314563288 rho=0.30016312922585431 accept=1
  MFCG it  26 cost=2.500730e+05 lam=1.000e-07 tau=0.00e+00 cg_it=0 shift=0 ckpt=1 alpha=0 acc mv=100
PCG_PREP o=26 rebuild=1 drift=0 previous_depth=1
ATTR_RADIUS o=26 raw_norm=19565.374209039499 norm=3225.3525896296674 radius=3225.3525896296683 next_radius=3225.3525896296683 lambda=1.0000000000000005e-07 next_lambda=1.0000000000000005e-07 rho=0.27773601534059367 accept=1
CLASSICAL_LM o=26 lambda=1.0000000000000005e-07 tau=1.0000000000000005e-07 prediction=442.93241270692477 rho=0.27773601534059367 accept=1
  MFCG it  27 cost=2.499500e+05 lam=1.000e-07 tau=0.00e+00 cg_it=0 shift=0 ckpt=1 alpha=0 acc mv=102
PCG_PREP o=27 rebuild=1 drift=0 previous_depth=1
ATTR_RADIUS o=27 raw_norm=19693.769513334551 norm=3225.3525896296683 radius=3225.3525896296683 next_radius=3225.3525896296683 lambda=1.0000000000000005e-07 next_lambda=1.0000000000000005e-07 rho=0.25687726881426881 accept=1
CLASSICAL_LM o=27 lambda=1.0000000000000005e-07 tau=1.0000000000000005e-07 prediction=425.08041461826792 rho=0.25687726881426881 accept=1
  MFCG it  28 cost=2.498408e+05 lam=1.000e-07 tau=0.00e+00 cg_it=0 shift=0 ckpt=1 alpha=0 acc mv=104
PCG_PREP o=28 rebuild=1 drift=0 previous_depth=1
ATTR_RADIUS o=28 raw_norm=19802.656639544024 norm=3225.3525896296696 radius=3225.3525896296683 next_radius=806.33814740741707 lambda=1.0000000000000005e-07 next_lambda=1.6000000000000008e-06 rho=0.23753187255592637 accept=1
CLASSICAL_LM o=28 lambda=1.0000000000000005e-07 tau=1.0000000000000005e-07 prediction=410.84525073098757 rho=0.23753187255592637 accept=1
  MFCG it  29 cost=2.497432e+05 lam=1.600e-06 tau=0.00e+00 cg_it=0 shift=0 ckpt=1 alpha=0 acc mv=106
PCG_PREP o=29 rebuild=1 drift=0 previous_depth=1
ATTR_RADIUS o=29 raw_norm=4420.1764926416845 norm=806.33814740741684 radius=806.33814740741707 next_radius=1612.6762948148341 lambda=1.6000000000000008e-06 next_lambda=4.0000000000000019e-07 rho=0.92638591326858144 accept=1
CLASSICAL_LM o=29 lambda=1.6000000000000008e-06 tau=1.6000000000000008e-06 prediction=415.01641028416691 rho=0.92638591326858144 accept=1
  MFCG it  30 cost=2.493588e+05 lam=4.000e-07 tau=0.00e+00 cg_it=0 shift=0 ckpt=1 alpha=0 acc mv=108
PCG_PREP o=30 rebuild=1 drift=0 previous_depth=1
ATTR_RADIUS o=30 raw_norm=12508.002931993889 norm=1612.6762948148344 radius=1612.6762948148341 next_radius=1612.6762948148341 lambda=4.0000000000000019e-07 next_lambda=4.0000000000000019e-07 rho=0.69548560689207262 accept=1
CLASSICAL_LM o=30 lambda=4.0000000000000019e-07 tau=4.0000000000000019e-07 prediction=231.73954003860186 rho=0.69548560689207262 accept=1
  MFCG it  31 cost=2.491976e+05 lam=4.000e-07 tau=0.00e+00 cg_it=0 shift=0 ckpt=1 alpha=0 acc mv=110
PCG_PREP o=31 rebuild=1 drift=0 previous_depth=1
ATTR_RADIUS o=31 raw_norm=12683.354837203244 norm=1612.6762948148344 radius=1612.6762948148341 next_radius=1612.6762948148341 lambda=4.0000000000000019e-07 next_lambda=4.0000000000000019e-07 rho=0.68824563866204747 accept=1
CLASSICAL_LM o=31 lambda=4.0000000000000019e-07 tau=4.0000000000000019e-07 prediction=203.3481886842165 rho=0.68824563866204747 accept=1
  MFCG it  32 cost=2.490576e+05 lam=4.000e-07 tau=0.00e+00 cg_it=0 shift=0 ckpt=1 alpha=0 acc mv=112
PCG_PREP o=32 rebuild=1 drift=0 previous_depth=1
ATTR_RADIUS o=32 raw_norm=12867.454629390144 norm=1612.6762948148348 radius=1612.6762948148341 next_radius=1612.6762948148341 lambda=4.0000000000000019e-07 next_lambda=4.0000000000000019e-07 rho=0.68143313848258424 accept=1
CLASSICAL_LM o=32 lambda=4.0000000000000019e-07 tau=4.0000000000000019e-07 prediction=179.68399688156191 rho=0.68143313848258424 accept=1
  MFCG it  33 cost=2.489352e+05 lam=4.000e-07 tau=0.00e+00 cg_it=0 shift=0 ckpt=1 alpha=0 acc mv=114
PCG_PREP o=33 rebuild=1 drift=0 previous_depth=1
ATTR_RADIUS o=33 raw_norm=13050.186734200644 norm=1612.6762948148341 radius=1612.6762948148341 next_radius=1612.6762948148341 lambda=4.0000000000000019e-07 next_lambda=4.0000000000000019e-07 rho=0.67575874199603037 accept=1
CLASSICAL_LM o=33 lambda=4.0000000000000019e-07 tau=4.0000000000000019e-07 prediction=160.29607702788442 rho=0.67575874199603037 accept=1
  MFCG it  34 cost=2.488269e+05 lam=4.000e-07 tau=0.00e+00 cg_it=0 shift=0 ckpt=1 alpha=0 acc mv=116
PCG_PREP o=34 rebuild=1 drift=0 previous_depth=1
ATTR_RADIUS o=34 raw_norm=13225.174987661665 norm=1612.6762948148346 radius=1612.6762948148341 next_radius=1612.6762948148341 lambda=4.0000000000000019e-07 next_lambda=4.0000000000000019e-07 rho=0.67112280950818137 accept=1
CLASSICAL_LM o=34 lambda=4.0000000000000019e-07 tau=4.0000000000000019e-07 prediction=144.29585763474597 rho=0.67112280950818137 accept=1
  MFCG it  35 cost=2.487300e+05 lam=4.000e-07 tau=0.00e+00 cg_it=0 shift=0 ckpt=1 alpha=0 acc mv=118
PCG_PREP o=35 rebuild=1 drift=0 previous_depth=1
ATTR_RADIUS o=35 raw_norm=13387.687762135043 norm=1612.6762948148339 radius=1612.6762948148341 next_radius=1612.6762948148341 lambda=4.0000000000000019e-07 next_lambda=4.0000000000000019e-07 rho=0.66741744303432449 accept=1
CLASSICAL_LM o=35 lambda=4.0000000000000019e-07 tau=4.0000000000000019e-07 prediction=130.99208263658554 rho=0.66741744303432449 accept=1
  MFCG it  36 cost=2.486426e+05 lam=4.000e-07 tau=0.00e+00 cg_it=0 shift=0 ckpt=1 alpha=0 acc mv=120
PCG_PREP o=36 rebuild=1 drift=0 previous_depth=1
ATTR_RADIUS o=36 raw_norm=13532.527887746686 norm=1612.6762948148348 radius=1612.6762948148341 next_radius=1612.6762948148341 lambda=4.0000000000000019e-07 next_lambda=4.0000000000000019e-07 rho=0.66450436530619106 accept=1
CLASSICAL_LM o=36 lambda=4.0000000000000019e-07 tau=4.0000000000000019e-07 prediction=119.8509610521722 rho=0.66450436530619106 accept=1
  MFCG it  37 cost=2.485630e+05 lam=4.000e-07 tau=0.00e+00 cg_it=0 shift=0 ckpt=1 alpha=0 acc mv=122
PCG_PREP o=37 rebuild=1 drift=0 previous_depth=1
ATTR_RADIUS o=37 raw_norm=19536.094057167869 norm=1612.6762948148339 radius=1612.6762948148341 next_radius=3225.3525896296683 lambda=4.0000000000000019e-07 next_lambda=1.0000000000000005e-07 rho=0.79067255785433688 accept=1
CLASSICAL_LM o=37 lambda=4.0000000000000019e-07 tau=4.0000000000000019e-07 prediction=181.05197998752215 rho=0.79067255785433688 accept=1
  MFCG it  38 cost=2.484198e+05 lam=1.000e-07 tau=0.00e+00 cg_it=1 shift=0 ckpt=2 alpha=0 acc mv=125
PCG_PREP o=38 rebuild=1 drift=0 previous_depth=2
POINT_SAFE o=38 frozen=574 slope=-109.07744115127662 candidate=248475.29647457905 original=248405.43355773995 current=248419.81589825312 won=0 mode=1 camera_scale=1 keep_scale=0
ATTR_RADIUS o=38 raw_norm=71743.516051637896 norm=1612.6762948148339 radius=3225.3525896296683 next_radius=3225.3525896296683 lambda=1.0000000000000005e-07 next_lambda=1.0000000000000005e-08 rho=0.26687336335953549 accept=1
CLASSICAL_LM o=38 lambda=1.0000000000000005e-07 tau=1.0000000000000005e-07 prediction=53.892004552712429 rho=0.26687336335953549 accept=1
  MFCG it  39 cost=2.484054e+05 lam=1.000e-08 tau=0.00e+00 cg_it=1 shift=0 ckpt=2 alpha=0 acc mv=128
PCG_PREP o=39 rebuild=1 drift=0 previous_depth=2
POINT_SAFE o=39 frozen=113 slope=-56.694258682347318 candidate=248521.22519306079 original=248402.06541277136 current=248405.43355773995 won=0 mode=1 camera_scale=1 keep_scale=0
ATTR_RADIUS o=39 raw_norm=180044.53269427866 norm=806.33814740741695 radius=3225.3525896296683 next_radius=806.33814740741707 lambda=1.0000000000000005e-08 next_lambda=1.6000000000000008e-07 rho=0.23922513088333378 accept=1
CLASSICAL_LM o=39 lambda=1.0000000000000005e-08 tau=1.0000000000000005e-08 prediction=14.079394402026152 rho=0.23922513088333378 accept=1
  MFCG it  40 cost=2.484021e+05 lam=1.600e-07 tau=0.00e+00 cg_it=1 shift=0 ckpt=2 alpha=0 acc mv=131
PCG_PREP o=40 rebuild=1 drift=0 previous_depth=2
ATTR_RADIUS o=40 raw_norm=22511.724202138332 norm=806.33814740741718 radius=806.33814740741707 next_radius=806.33814740741707 lambda=1.6000000000000008e-07 next_lambda=1.6000000000000008e-07 rho=0.6870773990089164 accept=1
CLASSICAL_LM o=40 lambda=1.6000000000000008e-07 tau=1.6000000000000008e-07 prediction=35.548839351019687 rho=0.6870773990089164 accept=1
  MFCG it  41 cost=2.483776e+05 lam=1.600e-07 tau=0.00e+00 cg_it=0 shift=0 ckpt=1 alpha=0 acc mv=133
PCG_PREP o=41 rebuild=1 drift=0 previous_depth=1
ATTR_RADIUS o=41 raw_norm=22527.560121374649 norm=806.33814740741695 radius=806.33814740741707 next_radius=806.33814740741707 lambda=1.6000000000000008e-07 next_lambda=1.6000000000000008e-07 rho=0.67821350340106012 accept=1
CLASSICAL_LM o=41 lambda=1.6000000000000008e-07 tau=1.6000000000000008e-07 prediction=33.756693518852401 rho=0.67821350340106012 accept=1
  MFCG it  42 cost=2.483547e+05 lam=1.600e-07 tau=0.00e+00 cg_it=0 shift=0 ckpt=1 alpha=0 acc mv=135
PCG_PREP o=42 rebuild=1 drift=0 previous_depth=1
ATTR_RADIUS o=42 raw_norm=22529.525234289937 norm=806.33814740741718 radius=806.33814740741707 next_radius=806.33814740741707 lambda=1.6000000000000008e-07 next_lambda=1.6000000000000008e-07 rho=0.67738634653716812 accept=1
CLASSICAL_LM o=42 lambda=1.6000000000000008e-07 tau=1.6000000000000008e-07 prediction=32.850243443186386 rho=0.67738634653716812 accept=1
  MFCG it  43 cost=2.483325e+05 lam=1.600e-07 tau=0.00e+00 cg_it=0 shift=0 ckpt=1 alpha=0 acc mv=137
PCG_PREP o=43 rebuild=1 drift=0 previous_depth=1
ATTR_RADIUS o=43 raw_norm=22528.645829409659 norm=806.33814740741684 radius=806.33814740741707 next_radius=806.33814740741707 lambda=1.6000000000000008e-07 next_lambda=1.6000000000000008e-07 rho=0.67672242113154257 accept=1
CLASSICAL_LM o=43 lambda=1.6000000000000008e-07 tau=1.6000000000000008e-07 prediction=31.99265673014532 rho=0.67672242113154257 accept=1
  MFCG it  44 cost=2.483108e+05 lam=1.600e-07 tau=0.00e+00 cg_it=0 shift=0 ckpt=1 alpha=0 acc mv=139
PCG_PREP o=44 rebuild=1 drift=0 previous_depth=1
ATTR_RADIUS o=44 raw_norm=22525.018414086837 norm=806.3381474074173 radius=806.33814740741707 next_radius=806.33814740741707 lambda=1.6000000000000008e-07 next_lambda=1.6000000000000008e-07 rho=0.67622487059592229 accept=1
CLASSICAL_LM o=44 lambda=1.6000000000000008e-07 tau=1.6000000000000008e-07 prediction=31.179522442402714 rho=0.67622487059592229 accept=1
  MFCG it  45 cost=2.482898e+05 lam=1.600e-07 tau=0.00e+00 cg_it=0 shift=0 ckpt=1 alpha=0 acc mv=141
PCG_PREP o=45 rebuild=1 drift=0 previous_depth=1
ATTR_RADIUS o=45 raw_norm=22518.965541068403 norm=806.33814740741752 radius=806.33814740741707 next_radius=806.33814740741707 lambda=1.6000000000000008e-07 next_lambda=1.6000000000000008e-07 rho=0.67589324253434724 accept=1
CLASSICAL_LM o=45 lambda=1.6000000000000008e-07 tau=1.6000000000000008e-07 prediction=30.408319296003626 rho=0.67589324253434724 accept=1
  MFCG it  46 cost=2.482692e+05 lam=1.600e-07 tau=0.00e+00 cg_it=0 shift=0 ckpt=1 alpha=0 acc mv=143
PCG_PREP o=46 rebuild=1 drift=0 previous_depth=1
ATTR_RADIUS o=46 raw_norm=22509.906609691247 norm=806.3381474074173 radius=806.33814740741707 next_radius=806.33814740741707 lambda=1.6000000000000008e-07 next_lambda=1.6000000000000008e-07 rho=0.67571965917129617 accept=1
CLASSICAL_LM o=46 lambda=1.6000000000000008e-07 tau=1.6000000000000008e-07 prediction=29.677081879207805 rho=0.67571965917129617 accept=1
  MFCG it  47 cost=2.482492e+05 lam=1.600e-07 tau=0.00e+00 cg_it=0 shift=0 ckpt=1 alpha=0 acc mv=145
PCG_PREP o=47 rebuild=1 drift=0 previous_depth=1
ATTR_RADIUS o=47 raw_norm=22498.410138900486 norm=806.33814740741707 radius=806.33814740741707 next_radius=806.33814740741707 lambda=1.6000000000000008e-07 next_lambda=1.6000000000000008e-07 rho=0.67571077778290101 accept=1
CLASSICAL_LM o=47 lambda=1.6000000000000008e-07 tau=1.6000000000000008e-07 prediction=28.983293448911905 rho=0.67571077778290101 accept=1
  MFCG it  48 cost=2.482296e+05 lam=1.600e-07 tau=0.00e+00 cg_it=0 shift=0 ckpt=1 alpha=0 acc mv=147
PCG_PREP o=48 rebuild=1 drift=0 previous_depth=1
ATTR_RADIUS o=48 raw_norm=22484.622468517147 norm=806.33814740741741 radius=806.33814740741707 next_radius=806.33814740741707 lambda=1.6000000000000008e-07 next_lambda=1.6000000000000008e-07 rho=0.67587124627057171 accept=1
CLASSICAL_LM o=48 lambda=1.6000000000000008e-07 tau=1.6000000000000008e-07 prediction=28.325256607870894 rho=0.67587124627057171 accept=1
  MFCG it  49 cost=2.482104e+05 lam=1.600e-07 tau=0.00e+00 cg_it=0 shift=0 ckpt=1 alpha=0 acc mv=149
PCG_PREP o=49 rebuild=1 drift=0 previous_depth=1
ATTR_RADIUS o=49 raw_norm=36702.352010927934 norm=806.3381474074173 radius=806.33814740741707 next_radius=1612.6762948148341 lambda=1.6000000000000008e-07 next_lambda=4.0000000000000021e-08 rho=0.79853830167315465 accept=1
CLASSICAL_LM o=49 lambda=1.6000000000000008e-07 tau=1.6000000000000008e-07 prediction=44.21066273063861 rho=0.79853830167315465 accept=1
  MFCG it  50 cost=2.481751e+05 lam=4.000e-08 tau=0.00e+00 cg_it=1 shift=0 ckpt=2 alpha=0 acc mv=152
PCG_PREP o=50 rebuild=1 drift=0 previous_depth=2
POINT_SAFE o=50 frozen=550 slope=-30.752472253297714 candidate=248179.66063054343 original=248168.64168179233 current=248175.12091732112 won=0 mode=1 camera_scale=1 keep_scale=0
ATTR_RADIUS o=50 raw_norm=119991.32190707077 norm=806.33814740741718 radius=1612.6762948148341 next_radius=1612.6762948148341 lambda=4.0000000000000021e-08 next_lambda=4.0000000000000019e-09 rho=0.42269078790660136 accept=1
CLASSICAL_LM o=50 lambda=4.0000000000000021e-08 tau=4.0000000000000021e-08 prediction=15.328546810500439 rho=0.42269078790660136 accept=1
  MFCG it  51 cost=2.481686e+05 lam=4.000e-09 tau=0.00e+00 cg_it=1 shift=0 ckpt=2 alpha=0 acc mv=155
PCG_PREP o=51 rebuild=1 drift=0 previous_depth=2
NUMERIC_REPAIR o=51 lambda=4.0000000000000019e-09 rayleigh=-3.5556054474518473e-08 next_lambda=1.582242178980739e-07 cg=1 rebuild=1
PCG_PREP o=51 rebuild=1 drift=0 previous_depth=1
ATTR_RADIUS o=51 raw_norm=21965.082021466525 norm=1612.6762948148346 radius=1612.6762948148341 next_radius=1612.6762948148341 lambda=1.582242178980739e-07 next_lambda=1.582242178980739e-07 rho=0.35467635777540035 accept=1
CLASSICAL_LM o=51 lambda=1.582242178980739e-07 tau=1.582242178980739e-07 prediction=54.716257162038772 rho=0.35467635777540035 accept=1
  MFCG it  52 cost=2.481492e+05 lam=1.582e-07 tau=0.00e+00 cg_it=0 shift=0 ckpt=1 alpha=0 acc mv=159
PCG_PREP o=52 rebuild=1 drift=0 previous_depth=1
ATTR_RADIUS o=52 raw_norm=21293.109780027695 norm=1612.6762948148339 radius=1612.6762948148341 next_radius=1612.6762948148341 lambda=1.582242178980739e-07 next_lambda=1.582242178980739e-07 rho=0.36938043476993376 accept=1
CLASSICAL_LM o=52 lambda=1.582242178980739e-07 tau=1.582242178980739e-07 prediction=56.48527266553937 rho=0.36938043476993376 accept=1
  MFCG it  53 cost=2.481284e+05 lam=1.582e-07 tau=0.00e+00 cg_it=0 shift=0 ckpt=1 alpha=0 acc mv=161
PCG_PREP o=53 rebuild=1 drift=0 previous_depth=1
ATTR_RADIUS o=53 raw_norm=20699.576192981753 norm=1612.6762948148344 radius=1612.6762948148341 next_radius=1612.6762948148341 lambda=1.582242178980739e-07 next_lambda=1.582242178980739e-07 rho=0.40832888348851537 accept=1
CLASSICAL_LM o=53 lambda=1.582242178980739e-07 tau=1.582242178980739e-07 prediction=60.670937113047486 rho=0.40832888348851537 accept=1
  MFCG it  54 cost=2.481036e+05 lam=1.582e-07 tau=0.00e+00 cg_it=0 shift=0 ckpt=1 alpha=0 acc mv=163
PCG_PREP o=54 rebuild=1 drift=0 previous_depth=1
ATTR_RADIUS o=54 raw_norm=20576.042274857045 norm=1612.6762948148344 radius=1612.6762948148341 next_radius=1612.6762948148341 lambda=1.582242178980739e-07 next_lambda=1.582242178980739e-07 rho=0.5058573545398708 accept=1
CLASSICAL_LM o=54 lambda=1.582242178980739e-07 tau=1.582242178980739e-07 prediction=74.997385559257268 rho=0.5058573545398708 accept=1
  MFCG it  55 cost=2.480657e+05 lam=1.582e-07 tau=0.00e+00 cg_it=0 shift=0 ckpt=1 alpha=0 acc mv=165
PCG_PREP o=55 rebuild=1 drift=0 previous_depth=1
ATTR_RADIUS o=55 raw_norm=20124.186515489622 norm=1612.6762948148341 radius=1612.6762948148341 next_radius=1612.6762948148341 lambda=1.582242178980739e-07 next_lambda=1.582242178980739e-07 rho=0.42662580297656005 accept=1
CLASSICAL_LM o=55 lambda=1.582242178980739e-07 tau=1.582242178980739e-07 prediction=62.704466935950627 rho=0.42662580297656005 accept=1
  MFCG it  56 cost=2.480389e+05 lam=1.582e-07 tau=0.00e+00 cg_it=0 shift=0 ckpt=1 alpha=0 acc mv=167
PCG_PREP o=56 rebuild=1 drift=0 previous_depth=1
ATTR_RADIUS o=56 raw_norm=19542.703193633115 norm=1612.6762948148335 radius=1612.6762948148341 next_radius=1612.6762948148341 lambda=1.582242178980739e-07 next_lambda=1.582242178980739e-07 rho=0.41776164129653609 accept=1
CLASSICAL_LM o=56 lambda=1.582242178980739e-07 tau=1.582242178980739e-07 prediction=61.609342150242988 rho=0.41776164129653609 accept=1
  MFCG it  57 cost=2.480132e+05 lam=1.582e-07 tau=0.00e+00 cg_it=0 shift=0 ckpt=1 alpha=0 acc mv=169
PCG_PREP o=57 rebuild=1 drift=0 previous_depth=1
ATTR_RADIUS o=57 raw_norm=18984.008716940298 norm=1612.6762948148344 radius=1612.6762948148341 next_radius=1612.6762948148341 lambda=1.582242178980739e-07 next_lambda=1.582242178980739e-07 rho=0.42358699605524713 accept=1
CLASSICAL_LM o=57 lambda=1.582242178980739e-07 tau=1.582242178980739e-07 prediction=61.957889960530771 rho=0.42358699605524713 accept=1
  MFCG it  58 cost=2.479869e+05 lam=1.582e-07 tau=0.00e+00 cg_it=0 shift=0 ckpt=1 alpha=0 acc mv=171
PCG_PREP o=58 rebuild=1 drift=0 previous_depth=1
ATTR_RADIUS o=58 raw_norm=18450.340229164485 norm=1612.6762948148335 radius=1612.6762948148341 next_radius=1612.6762948148341 lambda=1.582242178980739e-07 next_lambda=1.582242178980739e-07 rho=0.42994493745421525 accept=1
CLASSICAL_LM o=58 lambda=1.582242178980739e-07 tau=1.582242178980739e-07 prediction=62.219209108969302 rho=0.42994493745421525 accept=1
  MFCG it  59 cost=2.479602e+05 lam=1.582e-07 tau=0.00e+00 cg_it=0 shift=0 ckpt=1 alpha=0 acc mv=173
PCG_PREP o=59 rebuild=1 drift=0 previous_depth=1
ATTR_RADIUS o=59 raw_norm=17941.139669557564 norm=1612.6762948148344 radius=1612.6762948148341 next_radius=1612.6762948148341 lambda=1.582242178980739e-07 next_lambda=1.582242178980739e-07 rho=0.43635684523364998 accept=1
CLASSICAL_LM o=59 lambda=1.582242178980739e-07 tau=1.582242178980739e-07 prediction=62.353530144508092 rho=0.43635684523364998 accept=1
  MFCG it  60 cost=2.479330e+05 lam=1.582e-07 tau=0.00e+00 cg_it=0 shift=0 ckpt=1 alpha=0 acc mv=175
PCG_PREP o=60 rebuild=1 drift=0 previous_depth=1
ATTR_RADIUS o=60 raw_norm=17455.065070420973 norm=1612.6762948148348 radius=1612.6762948148341 next_radius=1612.6762948148341 lambda=1.582242178980739e-07 next_lambda=1.582242178980739e-07 rho=0.44278390785390331 accept=1
CLASSICAL_LM o=60 lambda=1.582242178980739e-07 tau=1.582242178980739e-07 prediction=62.361858086891253 rho=0.44278390785390331 accept=1
  MFCG it  61 cost=2.479054e+05 lam=1.582e-07 tau=0.00e+00 cg_it=0 shift=0 ckpt=1 alpha=0 acc mv=177
PCG_PREP o=61 rebuild=1 drift=0 previous_depth=1
ATTR_RADIUS o=61 raw_norm=16990.964713105575 norm=1612.6762948148339 radius=1612.6762948148341 next_radius=1612.6762948148341 lambda=1.582242178980739e-07 next_lambda=1.582242178980739e-07 rho=0.44920500303474964 accept=1
CLASSICAL_LM o=61 lambda=1.582242178980739e-07 tau=1.582242178980739e-07 prediction=62.246451089515148 rho=0.44920500303474964 accept=1
  MFCG it  62 cost=2.478774e+05 lam=1.582e-07 tau=0.00e+00 cg_it=0 shift=0 ckpt=1 alpha=0 acc mv=179
PCG_PREP o=62 rebuild=1 drift=0 previous_depth=1
ATTR_RADIUS o=62 raw_norm=16547.640905191165 norm=1612.6762948148346 radius=1612.6762948148341 next_radius=1612.6762948148341 lambda=1.582242178980739e-07 next_lambda=1.582242178980739e-07 rho=0.45560095897932645 accept=1
CLASSICAL_LM o=62 lambda=1.582242178980739e-07 tau=1.582242178980739e-07 prediction=62.0110614100319 rho=0.45560095897932645 accept=1
  MFCG it  63 cost=2.478491e+05 lam=1.582e-07 tau=0.00e+00 cg_it=0 shift=0 ckpt=1 alpha=0 acc mv=181
PCG_PREP o=63 rebuild=1 drift=0 previous_depth=1
ATTR_RADIUS o=63 raw_norm=16124.43429295967 norm=1612.6762948148335 radius=1612.6762948148341 next_radius=1612.6762948148341 lambda=1.582242178980739e-07 next_lambda=1.582242178980739e-07 rho=0.46197107986183927 accept=1
CLASSICAL_LM o=63 lambda=1.582242178980739e-07 tau=1.582242178980739e-07 prediction=61.659814007032168 rho=0.46197107986183927 accept=1
  MFCG it  64 cost=2.478207e+05 lam=1.582e-07 tau=0.00e+00 cg_it=0 shift=0 ckpt=1 alpha=0 acc mv=183
PCG_PREP o=64 rebuild=1 drift=0 previous_depth=1
ATTR_RADIUS o=64 raw_norm=15720.378086914176 norm=1612.6762948148337 radius=1612.6762948148341 next_radius=1612.6762948148341 lambda=1.582242178980739e-07 next_lambda=1.582242178980739e-07 rho=0.46830605463092106 accept=1
CLASSICAL_LM o=64 lambda=1.582242178980739e-07 tau=1.582242178980739e-07 prediction=61.199132657898481 rho=0.46830605463092106 accept=1
  MFCG it  65 cost=2.477920e+05 lam=1.582e-07 tau=0.00e+00 cg_it=0 shift=0 ckpt=1 alpha=0 acc mv=185
PCG_PREP o=65 rebuild=1 drift=0 previous_depth=1
ATTR_RADIUS o=65 raw_norm=15334.587619560376 norm=1612.6762948148341 radius=1612.6762948148341 next_radius=1612.6762948148341 lambda=1.582242178980739e-07 next_lambda=1.582242178980739e-07 rho=0.4746034451103554 accept=1
CLASSICAL_LM o=65 lambda=1.582242178980739e-07 tau=1.582242178980739e-07 prediction=60.636324184612441 rho=0.4746034451103554 accept=1
  MFCG it  66 cost=2.477632e+05 lam=1.582e-07 tau=0.00e+00 cg_it=0 shift=0 ckpt=1 alpha=0 acc mv=187
PCG_PREP o=66 rebuild=1 drift=0 previous_depth=1
ATTR_RADIUS o=66 raw_norm=14966.422237533943 norm=1612.6762948148346 radius=1612.6762948148341 next_radius=1612.6762948148341 lambda=1.582242178980739e-07 next_lambda=1.582242178980739e-07 rho=0.48087308796338485 accept=1
CLASSICAL_LM o=66 lambda=1.582242178980739e-07 tau=1.582242178980739e-07 prediction=59.97856741300069 rho=0.48087308796338485 accept=1
  MFCG it  67 cost=2.477344e+05 lam=1.582e-07 tau=0.00e+00 cg_it=0 shift=0 ckpt=1 alpha=0 acc mv=189
PCG_PREP o=67 rebuild=1 drift=0 previous_depth=1
ATTR_RADIUS o=67 raw_norm=14615.127558804799 norm=1612.6762948148346 radius=1612.6762948148341 next_radius=1612.6762948148341 lambda=1.582242178980739e-07 next_lambda=1.582242178980739e-07 rho=0.48711922565265003 accept=1
CLASSICAL_LM o=67 lambda=1.582242178980739e-07 tau=1.582242178980739e-07 prediction=59.23482334964492 rho=0.48711922565265003 accept=1
  MFCG it  68 cost=2.477055e+05 lam=1.582e-07 tau=0.00e+00 cg_it=0 shift=0 ckpt=1 alpha=0 acc mv=191
PCG_PREP o=68 rebuild=1 drift=0 previous_depth=1
ATTR_RADIUS o=68 raw_norm=14280.319755383145 norm=1612.6762948148346 radius=1612.6762948148341 next_radius=1612.6762948148341 lambda=1.582242178980739e-07 next_lambda=1.582242178980739e-07 rho=0.49336559233504962 accept=1
CLASSICAL_LM o=68 lambda=1.582242178980739e-07 tau=1.582242178980739e-07 prediction=58.412888619221455 rho=0.49336559233504962 accept=1
  MFCG it  69 cost=2.476767e+05 lam=1.582e-07 tau=0.00e+00 cg_it=0 shift=0 ckpt=1 alpha=0 acc mv=193
PCG_PREP o=69 rebuild=1 drift=0 previous_depth=1
ATTR_RADIUS o=69 raw_norm=13960.809836577906 norm=1612.6762948148344 radius=1612.6762948148341 next_radius=1612.6762948148341 lambda=1.582242178980739e-07 next_lambda=1.582242178980739e-07 rho=0.49960101578984034 accept=1
CLASSICAL_LM o=69 lambda=1.582242178980739e-07 tau=1.582242178980739e-07 prediction=57.524361847268494 rho=0.49960101578984034 accept=1
  MFCG it  70 cost=2.476480e+05 lam=1.582e-07 tau=0.00e+00 cg_it=0 shift=0 ckpt=1 alpha=0 acc mv=195
PCG_PREP o=70 rebuild=1 drift=0 previous_depth=1
ATTR_RADIUS o=70 raw_norm=13656.289636423253 norm=1612.6762948148344 radius=1612.6762948148341 next_radius=1612.6762948148341 lambda=1.582242178980739e-07 next_lambda=1.582242178980739e-07 rho=0.50585938469663194 accept=1
CLASSICAL_LM o=70 lambda=1.582242178980739e-07 tau=1.582242178980739e-07 prediction=56.576412973212058 rho=0.50585938469663194 accept=1
  MFCG it  71 cost=2.476193e+05 lam=1.582e-07 tau=0.00e+00 cg_it=0 shift=0 ckpt=1 alpha=0 acc mv=197
PCG_PREP o=71 rebuild=1 drift=0 previous_depth=1
ATTR_RADIUS o=71 raw_norm=7591.5904444638354 norm=1612.6762948148344 radius=1612.6762948148341 next_radius=3225.3525896296683 lambda=1.582242178980739e-07 next_lambda=1.582242178980739e-07 rho=0.95734247791102434 accept=1
CLASSICAL_LM o=71 lambda=1.582242178980739e-07 tau=1.582242178980739e-07 prediction=283.06170461765294 rho=0.95734247791102434 accept=1
  MFCG it  72 cost=2.473484e+05 lam=1.582e-07 tau=0.00e+00 cg_it=1 shift=0 ckpt=2 alpha=0 acc mv=200
PCG_PREP o=72 rebuild=1 drift=0 previous_depth=2
POINT_SAFE o=72 frozen=1410 slope=-73.769837918034739 candidate=247375.46853213522 original=247336.72918025657 current=247348.35467626646 won=0 mode=1 camera_scale=1 keep_scale=0
ATTR_RADIUS o=72 raw_norm=14864.737823659631 norm=1612.6762948148335 radius=3225.3525896296683 next_radius=3225.3525896296683 lambda=1.582242178980739e-07 next_lambda=1.582242178980739e-07 rho=0.33509232579066678 accept=1
CLASSICAL_LM o=72 lambda=1.582242178980739e-07 tau=1.582242178980739e-07 prediction=34.693411681266248 rho=0.33509232579066678 accept=1
  MFCG it  73 cost=2.473367e+05 lam=1.582e-07 tau=0.00e+00 cg_it=0 shift=0 ckpt=1 alpha=0 acc mv=202
PCG_PREP o=73 rebuild=1 drift=0 previous_depth=1
POINT_SAFE o=73 frozen=1056 slope=-77.266377251342377 candidate=247363.24493352289 original=247324.20428817949 current=247336.72918025657 won=0 mode=1 camera_scale=1 keep_scale=0
ATTR_RADIUS o=73 raw_norm=14164.005277140883 norm=1612.6762948148344 radius=3225.3525896296683 next_radius=3225.3525896296683 lambda=1.582242178980739e-07 next_lambda=1.582242178980739e-07 rho=0.34512935296697694 accept=1
CLASSICAL_LM o=73 lambda=1.582242178980739e-07 tau=1.582242178980739e-07 prediction=36.290428413028053 rho=0.34512935296697694 accept=1
  MFCG it  74 cost=2.473242e+05 lam=1.582e-07 tau=0.00e+00 cg_it=0 shift=0 ckpt=1 alpha=0 acc mv=204
PCG_PREP o=74 rebuild=1 drift=0 previous_depth=1
POINT_SAFE o=74 frozen=690 slope=-80.834252714549308 candidate=247348.79659428773 original=247310.44123339112 current=247324.20428817949 won=0 mode=1 camera_scale=1 keep_scale=0
ATTR_RADIUS o=74 raw_norm=13540.221677846752 norm=1612.6762948148339 radius=3225.3525896296683 next_radius=3225.3525896296683 lambda=1.582242178980739e-07 next_lambda=1.582242178980739e-07 rho=0.36319649746534527 accept=1
CLASSICAL_LM o=74 lambda=1.582242178980739e-07 tau=1.582242178980739e-07 prediction=37.894238750713143 rho=0.36319649746534527 accept=1
  MFCG it  75 cost=2.473104e+05 lam=1.582e-07 tau=0.00e+00 cg_it=0 shift=0 ckpt=1 alpha=0 acc mv=206
PCG_PREP o=75 rebuild=1 drift=0 previous_depth=1
POINT_SAFE o=75 frozen=592 slope=-83.829430347503191 candidate=247332.66552368095 original=247295.52179391612 current=247310.44123339112 won=0 mode=1 camera_scale=1 keep_scale=0
ATTR_RADIUS o=75 raw_norm=12983.51242626728 norm=1612.6762948148339 radius=3225.3525896296683 next_radius=3225.3525896296683 lambda=1.582242178980739e-07 next_lambda=1.582242178980739e-07 rho=0.38092187696758689 accept=1
CLASSICAL_LM o=75 lambda=1.582242178980739e-07 tau=1.582242178980739e-07 prediction=39.166664812647042 rho=0.38092187696758689 accept=1
  MFCG it  76 cost=2.472955e+05 lam=1.582e-07 tau=0.00e+00 cg_it=0 shift=0 ckpt=1 alpha=0 acc mv=208
PCG_PREP o=76 rebuild=1 drift=0 previous_depth=1
POINT_SAFE o=76 frozen=565 slope=-86.091580649568826 candidate=247315.40121924991 original=247279.59326497791 current=247295.52179391612 won=0 mode=1 camera_scale=1 keep_scale=0
ATTR_RADIUS o=76 raw_norm=12484.072314977717 norm=1612.6762948148348 radius=3225.3525896296683 next_radius=3225.3525896296683 lambda=1.582242178980739e-07 next_lambda=1.582242178980739e-07 rho=0.39725102477552326 accept=1
CLASSICAL_LM o=76 lambda=1.582242178980739e-07 tau=1.582242178980739e-07 prediction=40.096885709005925 rho=0.39725102477552326 accept=1
  MFCG it  77 cost=2.472796e+05 lam=1.582e-07 tau=0.00e+00 cg_it=0 shift=0 ckpt=1 alpha=0 acc mv=210
PCG_PREP o=77 rebuild=1 drift=0 previous_depth=1
POINT_SAFE o=77 frozen=564 slope=-87.704784578659726 candidate=247297.248838759 original=247262.80849232987 current=247279.59326497791 won=0 mode=1 camera_scale=1 keep_scale=0
ATTR_RADIUS o=77 raw_norm=12031.389276935321 norm=1612.6762948148339 radius=3225.3525896296683 next_radius=3225.3525896296683 lambda=1.582242178980739e-07 next_lambda=1.582242178980739e-07 rho=0.4121119003130112 accept=1
CLASSICAL_LM o=77 lambda=1.582242178980739e-07 tau=1.582242178980739e-07 prediction=40.72867741817447 rho=0.4121119003130112 accept=1
  MFCG it  78 cost=2.472628e+05 lam=1.582e-07 tau=0.00e+00 cg_it=0 shift=0 ckpt=1 alpha=0 acc mv=212
PCG_PREP o=78 rebuild=1 drift=0 previous_depth=1
POINT_SAFE o=78 frozen=564 slope=-88.739236346670097 candidate=247278.3472523551 original=247245.30759004466 current=247262.80849232987 won=0 mode=1 camera_scale=1 keep_scale=0
ATTR_RADIUS o=78 raw_norm=11620.669929005875 norm=1612.676294814835 radius=3225.3525896296683 next_radius=3225.3525896296683 lambda=1.582242178980739e-07 next_lambda=1.582242178980739e-07 rho=0.42586183427250568 accept=1
CLASSICAL_LM o=78 lambda=1.582242178980739e-07 tau=1.582242178980739e-07 prediction=41.095258782966255 rho=0.42586183427250568 accept=1
  MFCG it  79 cost=2.472453e+05 lam=1.582e-07 tau=0.00e+00 cg_it=0 shift=0 ckpt=1 alpha=0 acc mv=214
PCG_PREP o=79 rebuild=1 drift=0 previous_depth=1
POINT_SAFE o=79 frozen=571 slope=-89.258457978534892 candidate=247258.83507664016 original=247227.22039055245 current=247245.30759004466 won=0 mode=1 camera_scale=1 keep_scale=0
ATTR_RADIUS o=79 raw_norm=11247.470055342685 norm=1612.6762948148339 radius=3225.3525896296683 next_radius=3225.3525896296683 lambda=1.582242178980739e-07 next_lambda=1.582242178980739e-07 rho=0.43873582236733488 accept=1
CLASSICAL_LM o=79 lambda=1.582242178980739e-07 tau=1.582242178980739e-07 prediction=41.22571846221792 rho=0.43873582236733488 accept=1
  MFCG it  80 cost=2.472272e+05 lam=1.582e-07 tau=0.00e+00 cg_it=0 shift=0 ckpt=1 alpha=0 acc mv=216
PCG_PREP o=80 rebuild=1 drift=0 previous_depth=1
POINT_SAFE o=80 frozen=584 slope=-89.335791599614836 candidate=247238.87391721646 original=247208.66889029829 current=247227.22039055245 won=0 mode=1 camera_scale=1 keep_scale=0
ATTR_RADIUS o=80 raw_norm=10905.626585986533 norm=1612.6762948148344 radius=3225.3525896296683 next_radius=3225.3525896296683 lambda=1.582242178980739e-07 next_lambda=1.582242178980739e-07 rho=0.45077592503132996 accept=1
CLASSICAL_LM o=80 lambda=1.582242178980739e-07 tau=1.582242178980739e-07 prediction=41.154594165328987 rho=0.45077592503132996 accept=1
  MFCG it  81 cost=2.472087e+05 lam=1.582e-07 tau=0.00e+00 cg_it=0 shift=0 ckpt=1 alpha=0 acc mv=218
PCG_PREP o=81 rebuild=1 drift=0 previous_depth=1
POINT_SAFE o=81 frozen=596 slope=-89.028822557823133 candidate=247218.58147117464 original=247189.76255612879 current=247208.66889029829 won=0 mode=1 camera_scale=1 keep_scale=0
ATTR_RADIUS o=81 raw_norm=10591.656646611054 norm=1612.6762948148346 radius=3225.3525896296683 next_radius=3225.3525896296683 lambda=1.582242178980739e-07 next_lambda=1.582242178980739e-07 rho=0.46214629324882806 accept=1
CLASSICAL_LM o=81 lambda=1.582242178980739e-07 tau=1.582242178980739e-07 prediction=40.90984704559888 rho=0.46214629324882806 accept=1
  MFCG it  82 cost=2.471898e+05 lam=1.582e-07 tau=0.00e+00 cg_it=0 shift=0 ckpt=1 alpha=0 acc mv=220
PCG_PREP o=82 rebuild=1 drift=0 previous_depth=1
POINT_SAFE o=82 frozen=603 slope=-88.376995575936121 candidate=247198.02908131466 original=247170.59553569448 current=247189.76255612879 won=0 mode=1 camera_scale=1 keep_scale=0
ATTR_RADIUS o=82 raw_norm=10305.334179258429 norm=1612.6762948148339 radius=3225.3525896296683 next_radius=3225.3525896296683 lambda=1.582242178980739e-07 next_lambda=1.582242178980739e-07 rho=0.47313278469458214 accept=1
CLASSICAL_LM o=82 lambda=1.582242178980739e-07 tau=1.582242178980739e-07 prediction=40.510869367640005 rho=0.47313278469458214 accept=1
  MFCG it  83 cost=2.471706e+05 lam=1.582e-07 tau=0.00e+00 cg_it=0 shift=0 ckpt=1 alpha=0 acc mv=222
PCG_PREP o=83 rebuild=1 drift=0 previous_depth=1
ATTR_RADIUS o=83 raw_norm=6498.9465533454804 norm=3225.3525896296687 radius=3225.3525896296683 next_radius=6450.7051792593365 lambda=1.582242178980739e-07 next_lambda=1.582242178980739e-07 rho=0.97620134071735998 accept=1
CLASSICAL_LM o=83 lambda=1.582242178980739e-07 tau=1.582242178980739e-07 prediction=357.6236023672314 rho=0.97620134071735998 accept=1
  MFCG it  84 cost=2.468215e+05 lam=1.582e-07 tau=0.00e+00 cg_it=1 shift=0 ckpt=2 alpha=0 acc mv=225
PCG_PREP o=84 rebuild=1 drift=0 previous_depth=2
POINT_SAFE o=84 frozen=122 slope=-274.03214885570299 candidate=246995.29113230971 original=246755.66132199002 current=246821.48289559141 won=0 mode=1 camera_scale=1 keep_scale=0
ATTR_RADIUS o=84 raw_norm=14809.162990535351 norm=3225.3525896296705 radius=6450.7051792593365 next_radius=6450.7051792593365 lambda=1.582242178980739e-07 next_lambda=1.582242178980739e-07 rho=0.54284736109234133 accept=1
CLASSICAL_LM o=84 lambda=1.582242178980739e-07 tau=1.582242178980739e-07 prediction=121.25245201329945 rho=0.54284736109234133 accept=1
  MFCG it  85 cost=2.467557e+05 lam=1.582e-07 tau=0.00e+00 cg_it=2 shift=0 ckpt=3 alpha=0 acc mv=229
PCG_PREP o=85 rebuild=1 drift=0 previous_depth=3
POINT_SAFE o=85 frozen=402 slope=-141.49096813354745 candidate=247126.51145907742 original=246746.29661739033 current=246755.66132199002 won=0 mode=1 camera_scale=1 keep_scale=0
ATTR_RADIUS o=85 raw_norm=9353.6437631913886 norm=1612.6762948148344 radius=6450.7051792593365 next_radius=6450.7051792593365 lambda=1.582242178980739e-07 next_lambda=1.582242178980739e-07 rho=0.29017447642035438 accept=1
CLASSICAL_LM o=85 lambda=1.582242178980739e-07 tau=1.582242178980739e-07 prediction=32.272668207128476 rho=0.29017447642035438 accept=1
  MFCG it  86 cost=2.467463e+05 lam=1.582e-07 tau=0.00e+00 cg_it=0 shift=0 ckpt=1 alpha=0 acc mv=231
PCG_PREP o=86 rebuild=1 drift=0 previous_depth=1
POINT_SAFE o=86 frozen=428 slope=-139.53333792059763 candidate=247115.23748147313 original=246737.49897547017 current=246746.29661739033 won=0 mode=1 camera_scale=1 keep_scale=0
ATTR_RADIUS o=86 raw_norm=8961.5174076918429 norm=1612.6762948148344 radius=6450.7051792593365 next_radius=6450.7051792593365 lambda=1.582242178980739e-07 next_lambda=1.582242178980739e-07 rho=0.2772618984264702 accept=1
CLASSICAL_LM o=86 lambda=1.582242178980739e-07 tau=1.582242178980739e-07 prediction=31.730439595513957 rho=0.2772618984264702 accept=1
  MFCG it  87 cost=2.467375e+05 lam=1.582e-07 tau=0.00e+00 cg_it=0 shift=0 ckpt=1 alpha=0 acc mv=233
PCG_PREP o=87 rebuild=1 drift=0 previous_depth=1
POINT_SAFE o=87 frozen=426 slope=-138.80877429804465 candidate=247102.76347674357 original=246728.82925015519 current=246737.49897547017 won=0 mode=1 camera_scale=1 keep_scale=0
ATTR_RADIUS o=87 raw_norm=8587.8768125489514 norm=1612.6762948148335 radius=6450.7051792593365 next_radius=6450.7051792593365 lambda=1.582242178980739e-07 next_lambda=1.582242178980739e-07 rho=0.27558267707996448 accept=1
CLASSICAL_LM o=87 lambda=1.582242178980739e-07 tau=1.582242178980739e-07 prediction=31.459616427415348 rho=0.27558267707996448 accept=1
  MFCG it  88 cost=2.467288e+05 lam=1.582e-07 tau=0.00e+00 cg_it=0 shift=0 ckpt=1 alpha=0 acc mv=235
PCG_PREP o=88 rebuild=1 drift=0 previous_depth=1
POINT_SAFE o=88 frozen=459 slope=-138.37763912872441 candidate=247088.76124020148 original=246720.06721658446 current=246728.82925015519 won=0 mode=1 camera_scale=1 keep_scale=0
ATTR_RADIUS o=88 raw_norm=8238.138593262307 norm=1612.6762948148346 radius=6450.7051792593365 next_radius=6450.7051792593365 lambda=1.582242178980739e-07 next_lambda=1.582242178980739e-07 rho=0.28045305069413923 accept=1
CLASSICAL_LM o=88 lambda=1.582242178980739e-07 tau=1.582242178980739e-07 prediction=31.242425600455629 rho=0.28045305069413923 accept=1
  MFCG it  89 cost=2.467201e+05 lam=1.582e-07 tau=0.00e+00 cg_it=0 shift=0 ckpt=1 alpha=0 acc mv=237
PCG_PREP o=89 rebuild=1 drift=0 previous_depth=1
POINT_SAFE o=89 frozen=488 slope=-137.73718692140307 candidate=247073.89358491328 original=246711.13611536426 current=246720.06721658446 won=0 mode=1 camera_scale=1 keep_scale=0
ATTR_RADIUS o=89 raw_norm=7909.2854941793776 norm=1612.6762948148344 radius=6450.7051792593365 next_radius=6450.7051792593365 lambda=1.582242178980739e-07 next_lambda=1.582242178980739e-07 rho=0.28836966594954094 accept=1
CLASSICAL_LM o=89 lambda=1.582242178980739e-07 tau=1.582242178980739e-07 prediction=30.971014897791012 rho=0.28836966594954094 accept=1
  MFCG it  90 cost=2.467111e+05 lam=1.582e-07 tau=0.00e+00 cg_it=0 shift=0 ckpt=1 alpha=0 acc mv=239
PCG_PREP o=90 rebuild=1 drift=0 previous_depth=1
POINT_SAFE o=90 frozen=519 slope=-136.62565870505955 candidate=247058.36930826618 original=246702.03382039053 current=246711.13611536426 won=0 mode=1 camera_scale=1 keep_scale=0
ATTR_RADIUS o=90 raw_norm=7601.6256207997658 norm=1612.6762948148339 radius=6450.7051792593365 next_radius=6450.7051792593365 lambda=1.582242178980739e-07 next_lambda=1.582242178980739e-07 rho=0.29754520354901803 accept=1
CLASSICAL_LM o=90 lambda=1.582242178980739e-07 tau=1.582242178980739e-07 prediction=30.591301305377961 rho=0.29754520354901803 accept=1
  MFCG it  91 cost=2.467020e+05 lam=1.582e-07 tau=0.00e+00 cg_it=0 shift=0 ckpt=1 alpha=0 acc mv=241
PCG_PREP o=91 rebuild=1 drift=0 previous_depth=1
POINT_SAFE o=91 frozen=572 slope=-134.90486663729033 candidate=247041.9546078956 original=246692.78967015556 current=246702.03382039053 won=0 mode=1 camera_scale=1 keep_scale=0
ATTR_RADIUS o=91 raw_norm=7316.9343656938836 norm=1612.6762948148339 radius=6450.7051792593365 next_radius=6450.7051792593365 lambda=1.582242178980739e-07 next_lambda=1.582242178980739e-07 rho=0.30734227841961592 accept=1
CLASSICAL_LM o=91 lambda=1.582242178980739e-07 tau=1.582242178980739e-07 prediction=30.077704514011959 rho=0.30734227841961592 accept=1
  MFCG it  92 cost=2.466928e+05 lam=1.582e-07 tau=0.00e+00 cg_it=0 shift=0 ckpt=1 alpha=0 acc mv=243
PCG_PREP o=92 rebuild=1 drift=0 previous_depth=1
POINT_SAFE o=92 frozen=602 slope=-132.65501520319884 candidate=247025.93191625661 original=246683.47090356651 current=246692.78967015556 won=0 mode=1 camera_scale=1 keep_scale=0
ATTR_RADIUS o=92 raw_norm=7048.6079167490589 norm=1612.6762948148339 radius=6450.7051792593365 next_radius=6450.7051792593365 lambda=1.582242178980739e-07 next_lambda=1.582242178980739e-07 rho=0.31643514429991115 accept=1
CLASSICAL_LM o=92 lambda=1.582242178980739e-07 tau=1.582242178980739e-07 prediction=29.449214971556742 rho=0.31643514429991115 accept=1
  MFCG it  93 cost=2.466835e+05 lam=1.582e-07 tau=0.00e+00 cg_it=0 shift=0 ckpt=1 alpha=0 acc mv=245
PCG_PREP o=93 rebuild=1 drift=0 previous_depth=1
POINT_SAFE o=93 frozen=638 slope=-129.96687142267737 candidate=247010.45498484204 original=246674.14203269614 current=246683.47090356651 won=0 mode=1 camera_scale=1 keep_scale=0
ATTR_RADIUS o=93 raw_norm=6795.2832413246024 norm=1612.6762948148341 radius=6450.7051792593365 next_radius=6450.7051792593365 lambda=1.582242178980739e-07 next_lambda=1.582242178980739e-07 rho=0.32472690583416214 accept=1
CLASSICAL_LM o=93 lambda=1.582242178980739e-07 tau=1.582242178980739e-07 prediction=28.728358207376118 rho=0.32472690583416214 accept=1
  MFCG it  94 cost=2.466741e+05 lam=1.582e-07 tau=0.00e+00 cg_it=0 shift=0 ckpt=1 alpha=0 acc mv=247
PCG_PREP o=94 rebuild=1 drift=0 previous_depth=1
POINT_SAFE o=94 frozen=667 slope=-126.88004652687472 candidate=246994.91081396036 original=246664.84709304656 current=246674.14203269614 won=0 mode=1 camera_scale=1 keep_scale=0
ATTR_RADIUS o=94 raw_norm=6560.6721933726749 norm=1612.6762948148348 radius=6450.7051792593365 next_radius=6450.7051792593365 lambda=1.582242178980739e-07 next_lambda=1.582242178980739e-07 rho=0.33280551938120601 accept=1
CLASSICAL_LM o=94 lambda=1.582242178980739e-07 tau=1.582242178980739e-07 prediction=27.929042964385623 rho=0.33280551938120601 accept=1
  MFCG it  95 cost=2.466648e+05 lam=1.582e-07 tau=0.00e+00 cg_it=0 shift=0 ckpt=1 alpha=0 acc mv=249
PCG_PREP o=95 rebuild=1 drift=0 previous_depth=1
POINT_SAFE o=95 frozen=632 slope=-121.63269013829888 candidate=246961.85999899497 original=246655.3995113227 current=246664.84709304656 won=0 mode=1 camera_scale=1 keep_scale=0
ATTR_RADIUS o=95 raw_norm=6342.0792059875484 norm=1585.5198014968871 radius=6450.7051792593365 next_radius=6450.7051792593365 lambda=1.582242178980739e-07 next_lambda=1.582242178980739e-07 rho=0.35337267783322879 accept=1
CLASSICAL_LM o=95 lambda=1.582242178980739e-07 tau=1.582242178980739e-07 prediction=26.735461784385546 rho=0.35337267783322879 accept=1
  MFCG it  96 cost=2.466554e+05 lam=1.582e-07 tau=0.00e+00 cg_it=0 shift=0 ckpt=1 alpha=0 acc mv=251
PCG_PREP o=96 rebuild=1 drift=0 previous_depth=1
POINT_SAFE o=96 frozen=562 slope=-114.16836728712408 candidate=246917.45369072913 original=246645.81696910434 current=246655.3995113227 won=0 mode=1 camera_scale=1 keep_scale=0
ATTR_RADIUS o=96 raw_norm=6154.15759966106 norm=1538.539399915265 radius=6450.7051792593365 next_radius=6450.7051792593365 lambda=1.582242178980739e-07 next_lambda=1.582242178980739e-07 rho=0.38154542072951297 accept=1
CLASSICAL_LM o=96 lambda=1.582242178980739e-07 tau=1.582242178980739e-07 prediction=25.115075945698564 rho=0.38154542072951297 accept=1
  MFCG it  97 cost=2.466458e+05 lam=1.582e-07 tau=0.00e+00 cg_it=0 shift=0 ckpt=1 alpha=0 acc mv=253
PCG_PREP o=97 rebuild=1 drift=0 previous_depth=1
POINT_SAFE o=97 frozen=499 slope=-106.33540936913464 candidate=246880.80225519408 original=246636.38870670935 current=246645.81696910434 won=0 mode=1 camera_scale=1 keep_scale=0
ATTR_RADIUS o=97 raw_norm=5996.3035159354858 norm=1499.0758789838715 radius=6450.7051792593365 next_radius=6450.7051792593365 lambda=1.582242178980739e-07 next_lambda=1.582242178980739e-07 rho=0.40286257700680644 accept=1
CLASSICAL_LM o=97 lambda=1.582242178980739e-07 tau=1.582242178980739e-07 prediction=23.40317252857955 rho=0.40286257700680644 accept=1
  MFCG it  98 cost=2.466364e+05 lam=1.582e-07 tau=0.00e+00 cg_it=0 shift=0 ckpt=1 alpha=0 acc mv=255
PCG_PREP o=98 rebuild=1 drift=0 previous_depth=1
POINT_SAFE o=98 frozen=486 slope=-98.713007306775779 candidate=246850.09398990154 original=246627.26552926359 current=246636.38870670935 won=0 mode=1 camera_scale=1 keep_scale=0
ATTR_RADIUS o=98 raw_norm=5866.5965150196635 norm=1466.6491287549159 radius=6450.7051792593365 next_radius=6450.7051792593365 lambda=1.582242178980739e-07 next_lambda=1.582242178980739e-07 rho=0.41976665036723204 accept=1
CLASSICAL_LM o=98 lambda=1.582242178980739e-07 tau=1.582242178980739e-07 prediction=21.733926308281468 rho=0.41976665036723204 accept=1
  MFCG it  99 cost=2.466273e+05 lam=1.582e-07 tau=0.00e+00 cg_it=0 shift=0 ckpt=1 alpha=0 acc mv=257
PCG_PREP o=99 rebuild=1 drift=0 previous_depth=1
POINT_SAFE o=99 frozen=478 slope=-91.614646818660987 candidate=246823.95147322031 original=246618.51054427784 current=246627.26552926359 won=0 mode=1 camera_scale=1 keep_scale=0
ATTR_RADIUS o=99 raw_norm=5759.7337949987814 norm=1439.9334487496956 radius=6450.7051792593365 next_radius=6450.7051792593365 lambda=1.582242178980739e-07 next_lambda=1.582242178980739e-07 rho=0.43387602700718708 accept=1
CLASSICAL_LM o=99 lambda=1.582242178980739e-07 tau=1.582242178980739e-07 prediction=20.178540506458894 rho=0.43387602700718708 accept=1
  MFCG it 100 cost=2.466185e+05 lam=1.582e-07 tau=0.00e+00 cg_it=0 shift=0 ckpt=1 alpha=0 acc mv=259
PCG_PREP o=100 rebuild=1 drift=0 previous_depth=1
POINT_SAFE o=100 frozen=472 slope=-85.183935538549619 candidate=246801.39871897717 original=246610.13585425582 current=246618.51054427784 won=0 mode=1 camera_scale=1 keep_scale=0
ATTR_RADIUS o=100 raw_norm=5669.3110681089383 norm=1417.3277670272344 radius=6450.7051792593365 next_radius=6450.7051792593365 lambda=1.582242178980739e-07 next_lambda=1.582242178980739e-07 rho=0.44620153179466476 accept=1
CLASSICAL_LM o=100 lambda=1.582242178980739e-07 tau=1.582242178980739e-07 prediction=18.768850900947655 rho=0.44620153179466476 accept=1
  MFCG it 101 cost=2.466101e+05 lam=1.582e-07 tau=0.00e+00 cg_it=0 shift=0 ckpt=1 alpha=0 acc mv=261
PCG_PREP o=101 rebuild=1 drift=0 previous_depth=1
POINT_SAFE o=101 frozen=472 slope=-79.458165210022514 candidate=246781.62857008082 original=246602.12363158047 current=246610.13585425582 won=0 mode=1 camera_scale=1 keep_scale=0
ATTR_RADIUS o=101 raw_norm=5591.0237983599909 norm=1397.7559495899977 radius=6450.7051792593365 next_radius=6450.7051792593365 lambda=1.582242178980739e-07 next_lambda=1.582242178980739e-07 rho=0.45749980899676357 accept=1
CLASSICAL_LM o=101 lambda=1.582242178980739e-07 tau=1.582242178980739e-07 prediction=17.513062339663957 rho=0.45749980899676357 accept=1
  MFCG it 102 cost=2.466021e+05 lam=1.582e-07 tau=0.00e+00 cg_it=0 shift=0 ckpt=1 alpha=0 acc mv=263
PCG_PREP o=102 rebuild=1 drift=0 previous_depth=1
POINT_SAFE o=102 frozen=467 slope=-74.406550653751125 candidate=246763.9798781469 original=246594.44074031783 current=246602.12363158047 won=0 mode=1 camera_scale=1 keep_scale=0
ATTR_RADIUS o=102 raw_norm=5524.4048615333122 norm=1381.1012153833278 radius=6450.7051792593365 next_radius=6450.7051792593365 lambda=1.582242178980739e-07 next_lambda=1.582242178980739e-07 rho=0.46832598823983762 accept=1
CLASSICAL_LM o=102 lambda=1.582242178980739e-07 tau=1.582242178980739e-07 prediction=16.405007314482937 rho=0.46832598823983762 accept=1
  MFCG it 103 cost=2.465944e+05 lam=1.582e-07 tau=0.00e+00 cg_it=0 shift=0 ckpt=1 alpha=0 acc mv=265
PCG_PREP o=103 rebuild=1 drift=0 previous_depth=1
POINT_SAFE o=103 frozen=53 slope=-254.7731162977644 candidate=246737.07290869634 original=246535.30779838446 current=246594.44074031783 won=0 mode=1 camera_scale=1 keep_scale=0
ATTR_RADIUS o=103 raw_norm=8309.3183854035069 norm=3225.3525896296692 radius=6450.7051792593365 next_radius=6450.7051792593365 lambda=1.582242178980739e-07 next_lambda=1.582242178980739e-07 rho=0.57341189598865194 accept=1
CLASSICAL_LM o=103 lambda=1.582242178980739e-07 tau=1.582242178980739e-07 prediction=103.12472124671118 rho=0.57341189598865194 accept=1
  MFCG it 104 cost=2.465353e+05 lam=1.582e-07 tau=0.00e+00 cg_it=2 shift=0 ckpt=3 alpha=0 acc mv=269
PCG_PREP o=104 rebuild=1 drift=0 previous_depth=3
POINT_SAFE o=104 frozen=145 slope=-124.56680361204216 candidate=246545.75967655942 original=246511.52409732289 current=246535.30779838446 won=0 mode=1 camera_scale=1 keep_scale=0
ATTR_RADIUS o=104 raw_norm=3886.5596993663316 norm=1943.2798496831658 radius=6450.7051792593365 next_radius=6450.7051792593365 lambda=1.582242178980739e-07 next_lambda=1.582242178980739e-07 rho=0.50589695221808673 accept=1
CLASSICAL_LM o=104 lambda=1.582242178980739e-07 tau=1.582242178980739e-07 prediction=47.012936048109005 rho=0.50589695221808673 accept=1
  MFCG it 105 cost=2.465115e+05 lam=1.582e-07 tau=0.00e+00 cg_it=0 shift=0 ckpt=1 alpha=0 acc mv=271
PCG_PREP o=105 rebuild=1 drift=0 previous_depth=1
POINT_SAFE o=105 frozen=143 slope=-86.352770258521318 candidate=246529.45367870774 original=246496.77753262583 current=246511.52409732289 won=0 mode=1 camera_scale=1 keep_scale=0
ATTR_RADIUS o=105 raw_norm=3767.0312725917224 norm=1883.5156362958612 radius=6450.7051792593365 next_radius=6450.7051792593365 lambda=1.582242178980739e-07 next_lambda=1.582242178980739e-07 rho=0.45141939259600516 accept=1
CLASSICAL_LM o=105 lambda=1.582242178980739e-07 tau=1.582242178980739e-07 prediction=32.667105000214576 rho=0.45141939259600516 accept=1
  MFCG it 106 cost=2.464968e+05 lam=1.582e-07 tau=0.00e+00 cg_it=0 shift=0 ckpt=1 alpha=0 acc mv=273
PCG_PREP o=106 rebuild=1 drift=0 previous_depth=1
POINT_SAFE o=106 frozen=143 slope=-65.889281644288744 candidate=246516.57639884096 original=246486.30466366862 current=246496.77753262583 won=0 mode=1 camera_scale=1 keep_scale=0
ATTR_RADIUS o=106 raw_norm=3669.7158226005636 norm=1834.8579113002818 radius=6450.7051792593365 next_radius=6450.7051792593365 lambda=1.582242178980739e-07 next_lambda=1.582242178980739e-07 rho=0.41927202163915017 accept=1
CLASSICAL_LM o=106 lambda=1.582242178980739e-07 tau=1.582242178980739e-07 prediction=24.978697400946771 rho=0.41927202163915017 accept=1
  MFCG it 107 cost=2.464863e+05 lam=1.582e-07 tau=0.00e+00 cg_it=0 shift=0 ckpt=1 alpha=0 acc mv=275
PCG_PREP o=107 rebuild=1 drift=0 previous_depth=1
POINT_SAFE o=107 frozen=146 slope=-53.717041468680833 candidate=246505.66360439413 original=246478.03727344869 current=246486.30466366862 won=0 mode=1 camera_scale=1 keep_scale=0
ATTR_RADIUS o=107 raw_norm=3580.8239305390998 norm=1790.4119652695499 radius=6450.7051792593365 next_radius=6450.7051792593365 lambda=1.582242178980739e-07 next_lambda=1.582242178980739e-07 rho=0.40523679838025162 accept=1
CLASSICAL_LM o=107 lambda=1.582242178980739e-07 tau=1.582242178980739e-07 prediction=20.401380755588736 rho=0.40523679838025162 accept=1
  MFCG it 108 cost=2.464780e+05 lam=1.582e-07 tau=0.00e+00 cg_it=0 shift=0 ckpt=1 alpha=0 acc mv=277
PCG_PREP o=108 rebuild=1 drift=0 previous_depth=1
POINT_SAFE o=108 frozen=137 slope=-45.732859030413707 candidate=246495.99782562794 original=246471.01082150251 current=246478.03727344869 won=0 mode=1 camera_scale=1 keep_scale=0
ATTR_RADIUS o=108 raw_norm=3495.3992911181163 norm=1747.6996455590581 radius=6450.7051792593365 next_radius=6450.7051792593365 lambda=1.582242178980739e-07 next_lambda=1.582242178980739e-07 rho=0.40392924602464786 accept=1
CLASSICAL_LM o=108 lambda=1.582242178980739e-07 tau=1.582242178980739e-07 prediction=17.395254281115434 rho=0.40392924602464786 accept=1
  MFCG it 109 cost=2.464710e+05 lam=1.582e-07 tau=0.00e+00 cg_it=0 shift=0 ckpt=1 alpha=0 acc mv=279
PCG_PREP o=109 rebuild=1 drift=0 previous_depth=1
POINT_SAFE o=109 frozen=130 slope=-40.017833789659129 candidate=246487.23891791355 original=246464.75136565467 current=246471.01082150251 won=0 mode=1 camera_scale=1 keep_scale=0
ATTR_RADIUS o=109 raw_norm=3416.3113500809054 norm=1708.1556750404527 radius=6450.7051792593365 next_radius=6450.7051792593365 lambda=1.582242178980739e-07 next_lambda=1.582242178980739e-07 rho=0.4106651430132634 accept=1
CLASSICAL_LM o=109 lambda=1.582242178980739e-07 tau=1.582242178980739e-07 prediction=15.242237999349225 rho=0.4106651430132634 accept=1
  MFCG it 110 cost=2.464648e+05 lam=1.582e-07 tau=0.00e+00 cg_it=0 shift=0 ckpt=1 alpha=0 acc mv=281
PCG_PREP o=110 rebuild=1 drift=0 previous_depth=1
POINT_SAFE o=110 frozen=132 slope=-35.63717309082972 candidate=246479.24506136344 original=246459.02023687668 current=246464.75136565467 won=0 mode=1 camera_scale=1 keep_scale=0
ATTR_RADIUS o=110 raw_norm=3338.7128055931289 norm=1669.3564027965645 radius=6450.7051792593365 next_radius=6450.7051792593365 lambda=1.582242178980739e-07 next_lambda=1.582242178980739e-07 rho=0.4217498805736043 accept=1
CLASSICAL_LM o=110 lambda=1.582242178980739e-07 tau=1.582242178980739e-07 prediction=13.588928039988584 rho=0.4217498805736043 accept=1
  MFCG it 111 cost=2.464590e+05 lam=1.582e-07 tau=0.00e+00 cg_it=0 shift=0 ckpt=1 alpha=0 acc mv=283
PCG_PREP o=111 rebuild=1 drift=0 previous_depth=1
POINT_SAFE o=111 frozen=136 slope=-32.115756519579932 candidate=246471.89786401149 original=246453.68497755061 current=246459.02023687668 won=0 mode=1 camera_scale=1 keep_scale=0
ATTR_RADIUS o=111 raw_norm=3267.6603553036566 norm=1633.8301776518283 radius=6450.7051792593365 next_radius=6450.7051792593365 lambda=1.582242178980739e-07 next_lambda=1.582242178980739e-07 rho=0.43522050242592047 accept=1
CLASSICAL_LM o=111 lambda=1.582242178980739e-07 tau=1.582242178980739e-07 prediction=12.258749981504796 rho=0.43522050242592047 accept=1
  MFCG it 112 cost=2.464537e+05 lam=1.582e-07 tau=0.00e+00 cg_it=0 shift=0 ckpt=1 alpha=0 acc mv=285
PCG_PREP o=112 rebuild=1 drift=0 previous_depth=1
POINT_SAFE o=112 frozen=139 slope=-29.192801645178918 candidate=246465.11286728989 original=246448.66760284459 current=246453.68497755061 won=0 mode=1 camera_scale=1 keep_scale=0
ATTR_RADIUS o=112 raw_norm=3200.724653465536 norm=1600.362326732768 radius=6450.7051792593365 next_radius=6450.7051792593365 lambda=1.582242178980739e-07 next_lambda=1.582242178980739e-07 rho=0.44983816664399701 accept=1
CLASSICAL_LM o=112 lambda=1.582242178980739e-07 tau=1.582242178980739e-07 prediction=11.153732782280299 rho=0.44983816664399701 accept=1
  MFCG it 113 cost=2.464487e+05 lam=1.582e-07 tau=0.00e+00 cg_it=0 shift=0 ckpt=1 alpha=0 acc mv=287
PCG_PREP o=113 rebuild=1 drift=0 previous_depth=1
POINT_SAFE o=113 frozen=141 slope=-26.714341691016223 candidate=246458.80978830898 original=246443.91704371935 current=246448.66760284459 won=0 mode=1 camera_scale=1 keep_scale=0
ATTR_RADIUS o=113 raw_norm=3137.2273618924128 norm=1568.6136809462064 radius=6450.7051792593365 next_radius=6450.7051792593365 lambda=1.582242178980739e-07 next_lambda=1.582242178980739e-07 rho=0.46500724881656547 accept=1
CLASSICAL_LM o=113 lambda=1.582242178980739e-07 tau=1.582242178980739e-07 prediction=10.216096926082781 rho=0.46500724881656547 accept=1
  MFCG it 114 cost=2.464439e+05 lam=1.582e-07 tau=0.00e+00 cg_it=0 shift=0 ckpt=1 alpha=0 acc mv=289
PCG_PREP o=114 rebuild=1 drift=0 previous_depth=1
POINT_SAFE o=114 frozen=20 slope=-127.20366646186262 candidate=246484.97059006311 original=246410.11609176395 current=246443.91704371935 won=0 mode=1 camera_scale=1 keep_scale=0
ATTR_RADIUS o=114 raw_norm=5053.9680528830559 norm=2526.9840264415279 radius=6450.7051792593365 next_radius=6450.7051792593365 lambda=1.582242178980739e-07 next_lambda=1.582242178980739e-07 rho=0.70105414968021762 accept=1
CLASSICAL_LM o=114 lambda=1.582242178980739e-07 tau=1.582242178980739e-07 prediction=48.214466701069483 rho=0.70105414968021762 accept=1
  MFCG it 115 cost=2.464101e+05 lam=1.582e-07 tau=0.00e+00 cg_it=2 shift=0 ckpt=3 alpha=0 acc mv=293
PCG_PREP o=115 rebuild=1 drift=0 previous_depth=3
ATTR_RADIUS o=115 raw_norm=2184.9214074077013 norm=2184.9214074077013 radius=6450.7051792593365 next_radius=6450.7051792593365 lambda=1.582242178980739e-07 next_lambda=1.582242178980739e-07 rho=0.60082747529997238 accept=1
CLASSICAL_LM o=115 lambda=1.582242178980739e-07 tau=1.582242178980739e-07 prediction=21.244881324361547 rho=0.60082747529997238 accept=1
  MFCG it 116 cost=2.463974e+05 lam=1.582e-07 tau=0.00e+00 cg_it=0 shift=0 ckpt=1 alpha=0 acc mv=295
PCG_PREP o=116 rebuild=1 drift=0 previous_depth=1
ATTR_RADIUS o=116 raw_norm=2120.709895609592 norm=2120.709895609592 radius=6450.7051792593365 next_radius=6450.7051792593365 lambda=1.582242178980739e-07 next_lambda=1.582242178980739e-07 rho=0.38378371849916765 accept=1
CLASSICAL_LM o=116 lambda=1.582242178980739e-07 tau=1.582242178980739e-07 prediction=11.127353473597267 rho=0.38378371849916765 accept=1
  MFCG it 117 cost=2.463931e+05 lam=1.582e-07 tau=0.00e+00 cg_it=0 shift=0 ckpt=1 alpha=0 acc mv=297
PCG_PREP o=117 rebuild=1 drift=0 previous_depth=1
ATTR_RADIUS o=117 raw_norm=2023.0213879713472 norm=2023.0213879713472 radius=6450.7051792593365 next_radius=6450.7051792593365 lambda=1.582242178980739e-07 next_lambda=1.582242178980739e-07 rho=0.40262698775126621 accept=1
CLASSICAL_LM o=117 lambda=1.582242178980739e-07 tau=1.582242178980739e-07 prediction=9.2675501768663224 rho=0.40262698775126621 accept=1
  MFCG it 118 cost=2.463893e+05 lam=1.582e-07 tau=0.00e+00 cg_it=0 shift=0 ckpt=1 alpha=0 acc mv=299
PCG_PREP o=118 rebuild=1 drift=0 previous_depth=1
ATTR_RADIUS o=118 raw_norm=1943.20320537878 norm=1943.20320537878 radius=6450.7051792593365 next_radius=6450.7051792593365 lambda=1.582242178980739e-07 next_lambda=1.582242178980739e-07 rho=0.41561902770920872 accept=1
CLASSICAL_LM o=118 lambda=1.582242178980739e-07 tau=1.582242178980739e-07 prediction=7.7918974222504831 rho=0.41561902770920872 accept=1
  MFCG it 119 cost=2.463861e+05 lam=1.582e-07 tau=0.00e+00 cg_it=0 shift=0 ckpt=1 alpha=0 acc mv=301
PCG_PREP o=119 rebuild=1 drift=0 previous_depth=1
ATTR_RADIUS o=119 raw_norm=1870.2395230259326 norm=1870.2395230259326 radius=6450.7051792593365 next_radius=6450.7051792593365 lambda=1.582242178980739e-07 next_lambda=1.582242178980739e-07 rho=0.43592832594654052 accept=1
CLASSICAL_LM o=119 lambda=1.582242178980739e-07 tau=1.582242178980739e-07 prediction=6.6800707136058639 rho=0.43592832594654052 accept=1
  MFCG it 120 cost=2.463832e+05 lam=1.582e-07 tau=0.00e+00 cg_it=0 shift=0 ckpt=1 alpha=0 acc mv=303
PCG_PREP o=120 rebuild=1 drift=0 previous_depth=1
ATTR_RADIUS o=120 raw_norm=1805.3722785222333 norm=1805.3722785222333 radius=6450.7051792593365 next_radius=6450.7051792593365 lambda=1.582242178980739e-07 next_lambda=1.582242178980739e-07 rho=0.45572489026787399 accept=1
CLASSICAL_LM o=120 lambda=1.582242178980739e-07 tau=1.582242178980739e-07 prediction=5.7803066987961218 rho=0.45572489026787399 accept=1
  MFCG it 121 cost=2.463806e+05 lam=1.582e-07 tau=0.00e+00 cg_it=0 shift=0 ckpt=1 alpha=0 acc mv=305
PCG_PREP o=121 rebuild=1 drift=0 previous_depth=1
ATTR_RADIUS o=121 raw_norm=1746.1632907912444 norm=1746.1632907912444 radius=6450.7051792593365 next_radius=6450.7051792593365 lambda=1.582242178980739e-07 next_lambda=1.582242178980739e-07 rho=0.47696540718964636 accept=1
CLASSICAL_LM o=121 lambda=1.582242178980739e-07 tau=1.582242178980739e-07 prediction=5.0545241190072341 rho=0.47696540718964636 accept=1
  MFCG it 122 cost=2.463782e+05 lam=1.582e-07 tau=0.00e+00 cg_it=0 shift=0 ckpt=1 alpha=0 acc mv=307
PCG_PREP o=122 rebuild=1 drift=0 previous_depth=1
ATTR_RADIUS o=122 raw_norm=1692.0357326495314 norm=1692.0357326495314 radius=6450.7051792593365 next_radius=6450.7051792593365 lambda=1.582242178980739e-07 next_lambda=1.582242178980739e-07 rho=0.49838119418175192 accept=1
CLASSICAL_LM o=122 lambda=1.582242178980739e-07 tau=1.582242178980739e-07 prediction=4.4567224633440361 rho=0.49838119418175192 accept=1
  MFCG it 123 cost=2.463759e+05 lam=1.582e-07 tau=0.00e+00 cg_it=0 shift=0 ckpt=1 alpha=0 acc mv=309
PCG_PREP o=123 rebuild=1 drift=0 previous_depth=1
ATTR_RADIUS o=123 raw_norm=1642.2135921051918 norm=1642.2135921051918 radius=6450.7051792593365 next_radius=6450.7051792593365 lambda=1.582242178980739e-07 next_lambda=1.582242178980739e-07 rho=0.52027058236250956 accept=1
CLASSICAL_LM o=123 lambda=1.582242178980739e-07 tau=1.582242178980739e-07 prediction=3.9603870257719329 rho=0.52027058236250956 accept=1
  MFCG it 124 cost=2.463739e+05 lam=1.582e-07 tau=0.00e+00 cg_it=0 shift=0 ckpt=1 alpha=0 acc mv=311
PCG_PREP o=124 rebuild=1 drift=0 previous_depth=1
ATTR_RADIUS o=124 raw_norm=1596.0619044538776 norm=1596.0619044538776 radius=6450.7051792593365 next_radius=6450.7051792593365 lambda=1.582242178980739e-07 next_lambda=1.582242178980739e-07 rho=0.54222616531292078 accept=1
CLASSICAL_LM o=124 lambda=1.582242178980739e-07 tau=1.582242178980739e-07 prediction=3.5429262443984788 rho=0.54222616531292078 accept=1
  MFCG it 125 cost=2.463720e+05 lam=1.582e-07 tau=0.00e+00 cg_it=0 shift=0 ckpt=1 alpha=0 acc mv=313
PCG_PREP o=125 rebuild=1 drift=0 previous_depth=1
ATTR_RADIUS o=125 raw_norm=1553.0192832715713 norm=1553.0192832715713 radius=6450.7051792593365 next_radius=6450.7051792593365 lambda=1.582242178980739e-07 next_lambda=1.582242178980739e-07 rho=0.56437177974419905 accept=1
CLASSICAL_LM o=125 lambda=1.582242178980739e-07 tau=1.582242178980739e-07 prediction=3.1892018610860373 rho=0.56437177974419905 accept=1
  MFCG it 126 cost=2.463702e+05 lam=1.582e-07 tau=0.00e+00 cg_it=0 shift=0 ckpt=1 alpha=0 acc mv=315
PCG_PREP o=126 rebuild=1 drift=0 previous_depth=1
ATTR_RADIUS o=126 raw_norm=1512.9155419088631 norm=1512.9155419088631 radius=6450.7051792593365 next_radius=6450.7051792593365 lambda=1.582242178980739e-07 next_lambda=1.582242178980739e-07 rho=0.58666691020551853 accept=1
CLASSICAL_LM o=126 lambda=1.582242178980739e-07 tau=1.582242178980739e-07 prediction=2.887209855958635 rho=0.58666691020551853 accept=1
  MFCG it 127 cost=2.463685e+05 lam=1.582e-07 tau=0.00e+00 cg_it=0 shift=0 ckpt=1 alpha=0 acc mv=317
PCG_PREP o=127 rebuild=1 drift=0 previous_depth=1
ATTR_RADIUS o=127 raw_norm=2405.9624378746912 norm=2405.9624378746912 radius=6450.7051792593365 next_radius=6450.7051792593365 lambda=1.582242178980739e-07 next_lambda=1.582242178980739e-07 rho=0.49179409478878949 accept=1
CLASSICAL_LM o=127 lambda=1.582242178980739e-07 tau=1.582242178980739e-07 prediction=16.622789147111625 rho=0.49179409478878949 accept=1
  MFCG it 128 cost=2.463603e+05 lam=1.582e-07 tau=0.00e+00 cg_it=2 shift=0 ckpt=3 alpha=0 acc mv=321
PCG_PREP o=128 rebuild=1 drift=0 previous_depth=3
ATTR_RADIUS o=128 raw_norm=1047.1249924870624 norm=1047.1249924870624 radius=6450.7051792593365 next_radius=6450.7051792593365 lambda=1.582242178980739e-07 next_lambda=1.582242178980739e-07 rho=0.95571014455624037 accept=1
CLASSICAL_LM o=128 lambda=1.582242178980739e-07 tau=1.582242178980739e-07 prediction=10.656091540615979 rho=0.95571014455624037 accept=1
  MFCG it 129 cost=2.463501e+05 lam=1.582e-07 tau=0.00e+00 cg_it=0 shift=0 ckpt=1 alpha=0 acc mv=323
PCG_PREP o=129 rebuild=1 drift=0 previous_depth=1
ATTR_RADIUS o=129 raw_norm=1783.1616026829774 norm=1783.1616026829774 radius=6450.7051792593365 next_radius=6450.7051792593365 lambda=1.582242178980739e-07 next_lambda=1.582242178980739e-07 rho=0.98204974306206105 accept=1
CLASSICAL_LM o=129 lambda=1.582242178980739e-07 tau=1.582242178980739e-07 prediction=28.330861242413743 rho=0.98204974306206105 accept=1
  MFCG it 130 cost=2.463223e+05 lam=1.582e-07 tau=0.00e+00 cg_it=29 shift=0 ckpt=30 alpha=0 acc mv=354
PCG_PREP o=130 rebuild=1 drift=0 previous_depth=30
ATTR_RADIUS o=130 raw_norm=945.90307249881005 norm=945.90307249881005 radius=6450.7051792593365 next_radius=6450.7051792593365 lambda=1.582242178980739e-07 next_lambda=1.582242178980739e-07 rho=0.60891641706298827 accept=1
CLASSICAL_LM o=130 lambda=1.582242178980739e-07 tau=1.582242178980739e-07 prediction=0.85258791693789227 rho=0.60891641706298827 accept=1
  MFCG it 131 cost=2.463218e+05 lam=1.582e-07 tau=0.00e+00 cg_it=0 shift=0 ckpt=1 alpha=0 acc mv=356
PCG_PREP o=131 rebuild=1 drift=0 previous_depth=1
ATTR_RADIUS o=131 raw_norm=919.30397458844539 norm=919.30397458844539 radius=6450.7051792593365 next_radius=6450.7051792593365 lambda=1.582242178980739e-07 next_lambda=1.582242178980739e-07 rho=0.40543504447133355 accept=1
CLASSICAL_LM o=131 lambda=1.582242178980739e-07 tau=1.582242178980739e-07 prediction=0.52521789799998642 rho=0.40543504447133355 accept=1
  MFCG it 132 cost=2.463215e+05 lam=1.582e-07 tau=0.00e+00 cg_it=0 shift=0 ckpt=1 alpha=0 acc mv=358
PCG_PREP o=132 rebuild=1 drift=0 previous_depth=1
ATTR_RADIUS o=132 raw_norm=892.54678569312739 norm=892.54678569312739 radius=6450.7051792593365 next_radius=6450.7051792593365 lambda=1.582242178980739e-07 next_lambda=1.582242178980739e-07 rho=0.369077087702185 accept=1
CLASSICAL_LM o=132 lambda=1.582242178980739e-07 tau=1.582242178980739e-07 prediction=0.44967496400031587 rho=0.369077087702185 accept=1
  MFCG it 133 cost=2.463214e+05 lam=1.582e-07 tau=0.00e+00 cg_it=0 shift=0 ckpt=1 alpha=0 acc mv=360
PCG_PREP o=133 rebuild=1 drift=0 previous_depth=1
ATTR_RADIUS o=133 raw_norm=868.00249434770114 norm=868.00249434770114 radius=6450.7051792593365 next_radius=6450.7051792593365 lambda=1.582242178980739e-07 next_lambda=1.582242178980739e-07 rho=0.35891866563919145 accept=1
CLASSICAL_LM o=133 lambda=1.582242178980739e-07 tau=1.582242178980739e-07 prediction=0.3991735594184353 rho=0.35891866563919145 accept=1
  MFCG it 134 cost=2.463212e+05 lam=1.582e-07 tau=0.00e+00 cg_it=0 shift=0 ckpt=1 alpha=0 acc mv=362
PCG_PREP o=134 rebuild=1 drift=0 previous_depth=1
ATTR_RADIUS o=134 raw_norm=844.69496968679493 norm=844.69496968679493 radius=6450.7051792593365 next_radius=6450.7051792593365 lambda=1.582242178980739e-07 next_lambda=1.582242178980739e-07 rho=0.36121966464396604 accept=1
CLASSICAL_LM o=134 lambda=1.582242178980739e-07 tau=1.582242178980739e-07 prediction=0.36116170772870615 rho=0.36121966464396604 accept=1
  MFCG it 135 cost=2.463211e+05 lam=1.582e-07 tau=0.00e+00 cg_it=0 shift=0 ckpt=1 alpha=0 acc mv=364
PCG_PREP o=135 rebuild=1 drift=0 previous_depth=1
ATTR_RADIUS o=135 raw_norm=822.70320188398318 norm=822.70320188398318 radius=6450.7051792593365 next_radius=6450.7051792593365 lambda=1.582242178980739e-07 next_lambda=1.582242178980739e-07 rho=0.36690097506869462 accept=1
CLASSICAL_LM o=135 lambda=1.582242178980739e-07 tau=1.582242178980739e-07 prediction=0.3292902654847108 rho=0.36690097506869462 accept=1
  MFCG it 136 cost=2.463210e+05 lam=1.582e-07 tau=0.00e+00 cg_it=0 shift=0 ckpt=1 alpha=0 acc mv=366
PCG_PREP o=136 rebuild=1 drift=0 previous_depth=1
ATTR_RADIUS o=136 raw_norm=801.8668174063406 norm=801.8668174063406 radius=6450.7051792593365 next_radius=6450.7051792593365 lambda=1.582242178980739e-07 next_lambda=1.582242178980739e-07 rho=0.37386321460783872 accept=1
CLASSICAL_LM o=136 lambda=1.582242178980739e-07 tau=1.582242178980739e-07 prediction=0.30161270929617334 rho=0.37386321460783872 accept=1
  MFCG it 137 cost=2.463209e+05 lam=1.582e-07 tau=0.00e+00 cg_it=0 shift=0 ckpt=1 alpha=0 acc mv=368
PCG_PREP o=137 rebuild=1 drift=0 previous_depth=1
ATTR_RADIUS o=137 raw_norm=782.1098541802387 norm=782.1098541802387 radius=6450.7051792593365 next_radius=6450.7051792593365 lambda=1.582242178980739e-07 next_lambda=1.582242178980739e-07 rho=0.38132680553614373 accept=1
CLASSICAL_LM o=137 lambda=1.582242178980739e-07 tau=1.582242178980739e-07 prediction=0.27721278281188433 rho=0.38132680553614373 accept=1
  MFCG: converged (OCA_FTOL: 8 outers < 1.0e-05 rel)
  [menu-backtrack] confirming stop with original retry policy at outer 138
  MFCG it 138 cost=2.463208e+05 lam=1.582e-07 tau=0.00e+00 cg_it=0 shift=0 ckpt=1 alpha=0 acc mv=370
PCG_PREP o=138 rebuild=1 drift=0 previous_depth=1
ATTR_RADIUS o=138 raw_norm=763.33687761881254 norm=763.33687761881254 radius=6450.7051792593365 next_radius=6450.7051792593365 lambda=1.582242178980739e-07 next_lambda=1.582242178980739e-07 rho=0.38910565982306305 accept=1
CLASSICAL_LM o=138 lambda=1.582242178980739e-07 tau=1.582242178980739e-07 prediction=0.25556027539729809 rho=0.38910565982306305 accept=1
  MFCG it 139 cost=2.463207e+05 lam=1.582e-07 tau=0.00e+00 cg_it=0 shift=0 ckpt=1 alpha=0 acc mv=372
PCG_PREP o=139 rebuild=1 drift=0 previous_depth=1
ATTR_RADIUS o=139 raw_norm=745.46724125016499 norm=745.46724125016499 radius=6450.7051792593365 next_radius=6450.7051792593365 lambda=1.582242178980739e-07 next_lambda=1.582242178980739e-07 rho=0.39708749823554385 accept=1
CLASSICAL_LM o=139 lambda=1.582242178980739e-07 tau=1.582242178980739e-07 prediction=0.23624946282639797 rho=0.39708749823554385 accept=1
  MFCG it 140 cost=2.463206e+05 lam=1.582e-07 tau=0.00e+00 cg_it=0 shift=0 ckpt=1 alpha=0 acc mv=374
PCG_PREP o=140 rebuild=1 drift=0 previous_depth=1
ATTR_RADIUS o=140 raw_norm=728.43621281105675 norm=728.43621281105675 radius=6450.7051792593365 next_radius=6450.7051792593365 lambda=1.582242178980739e-07 next_lambda=1.582242178980739e-07 rho=0.40521581160758863 accept=1
CLASSICAL_LM o=140 lambda=1.582242178980739e-07 tau=1.582242178980739e-07 prediction=0.21895916874668142 rho=0.40521581160758863 accept=1
  MFCG it 141 cost=2.463205e+05 lam=1.582e-07 tau=0.00e+00 cg_it=0 shift=0 ckpt=1 alpha=0 acc mv=376
PCG_PREP o=141 rebuild=1 drift=0 previous_depth=1
ATTR_RADIUS o=141 raw_norm=712.17569361434209 norm=712.17569361434209 radius=6450.7051792593365 next_radius=6450.7051792593365 lambda=1.582242178980739e-07 next_lambda=1.582242178980739e-07 rho=0.41344419820039036 accept=1
CLASSICAL_LM o=141 lambda=1.582242178980739e-07 tau=1.582242178980739e-07 prediction=0.20342147390792628 rho=0.41344419820039036 accept=1
  MFCG it 142 cost=2.463204e+05 lam=1.582e-07 tau=0.00e+00 cg_it=0 shift=0 ckpt=1 alpha=0 acc mv=378
PCG_PREP o=142 rebuild=1 drift=0 previous_depth=1
ATTR_RADIUS o=142 raw_norm=696.63572713673784 norm=696.63572713673796 radius=6450.7051792593365 next_radius=6450.7051792593365 lambda=1.582242178980739e-07 next_lambda=1.582242178980739e-07 rho=0.42173476290751905 accept=1
CLASSICAL_LM o=142 lambda=1.582242178980739e-07 tau=1.582242178980739e-07 prediction=0.18941368553796922 rho=0.42173476290751905 accept=1
  MFCG it 143 cost=2.463203e+05 lam=1.582e-07 tau=0.00e+00 cg_it=0 shift=0 ckpt=1 alpha=0 acc mv=380
PCG_PREP o=143 rebuild=1 drift=0 previous_depth=1
ATTR_RADIUS o=143 raw_norm=681.76911699939603 norm=681.76911699939603 radius=6450.7051792593365 next_radius=6450.7051792593365 lambda=1.582242178980739e-07 next_lambda=1.582242178980739e-07 rho=0.43006008504115173 accept=1
CLASSICAL_LM o=143 lambda=1.582242178980739e-07 tau=1.582242178980739e-07 prediction=0.17674850746623189 rho=0.43006008504115173 accept=1
  MFCG it 144 cost=2.463202e+05 lam=1.582e-07 tau=0.00e+00 cg_it=0 shift=0 ckpt=1 alpha=0 acc mv=382
PCG_PREP o=144 rebuild=1 drift=0 previous_depth=1
ATTR_RADIUS o=144 raw_norm=667.53165381577662 norm=667.53165381577651 radius=6450.7051792593365 next_radius=6450.7051792593365 lambda=1.582242178980739e-07 next_lambda=1.582242178980739e-07 rho=0.43840434537981421 accept=1
CLASSICAL_LM o=144 lambda=1.582242178980739e-07 tau=1.582242178980739e-07 prediction=0.16526622490945414 rho=0.43840434537981421 accept=1
  MFCG it 145 cost=2.463202e+05 lam=1.582e-07 tau=0.00e+00 cg_it=0 shift=0 ckpt=1 alpha=0 acc mv=384
PCG_PREP o=145 rebuild=1 drift=0 previous_depth=1
ATTR_RADIUS o=145 raw_norm=653.88594328342174 norm=653.88594328342174 radius=6450.7051792593365 next_radius=6450.7051792593365 lambda=1.582242178980739e-07 next_lambda=1.582242178980739e-07 rho=0.44673988998567848 accept=1
CLASSICAL_LM o=145 lambda=1.582242178980739e-07 tau=1.582242178980739e-07 prediction=0.15482887840808557 rho=0.44673988998567848 accept=1
  MFCG: converged (OCA_FTOL: 8 outers < 1.0e-05 rel)
  MFCG: accepts=146 rejects=1 total_matvecs=386 negcurv=1 cand_evals=147 mean_cg_per_outer=2.6
NUMERIC_REPAIR summary rebuilds=1 floor=1.582242178980739e-07
  [retry-cache] builds=148 reuses=0
  [menu-backtrack] trials=53 rescues=53 evals=130 total_scored=277
POINT_SAFE summary calls=53 evals=53 wins=2 frozen=23736 seconds=0.127623036
  [scoring] menu_evals=147 alpha_evals=0 backtrack_evals=130 total_scored=277
RESULT algo=mfree_shifted_cg iters=146 final_cost=246320.1016370330 solve_seconds=1.565803
DIAGNOSTICS median_reproj_err_px 3.252455 -> 0.360234 | cheirality_violations(obs) 0 -> 13 | cheirality_violations(pts, of 64053) 0 -> 7
