[R10] --zero_k2: all k2 set to 0 at load
Loaded /workspace/bal/ladybug-49.txt: ncam=49 npt=7776 nobs=31843 n=23622
[R10] --dof9: refining f,k1 per camera (49 cameras)
  [menu-backtrack] active=1 max_evals=8 warmup_accepts=3 confirm_stop=original armijo=1e-4
MIXED_STORAGE fragments=fp32 arithmetic=fp64 state=fp64 acceptance=fp64
  [compact-fragments] active=2 saved_bytes=3311672 storage=fp32 camera_reads=contiguous
  MFCG score_init=850912.46064130263 precision=fp64
PCG_PREP o=0 rebuild=1 drift=0 previous_depth=0
FOLLOW_POINT o=0 mode=1 changed=7776 candidate=26057.366315427258 rho=1.0065396825973492 selected=1
ATTR_RADIUS o=0 raw_norm=367.8171884331465 norm=367.8171884331465 radius=367.8171884331465 next_radius=735.634376866293 lambda=0.10000000000000001 next_lambda=0.025000000000000001 rho=1.0065396825973492 accept=1
CLASSICAL_LM o=0 lambda=0.10000000000000001 tau=0.10000000000000001 prediction=819495.85156678432 rho=1.0065396825973492 accept=1
  MFCG it   1 cost=2.605737e+04 lam=2.500e-02 tau=0.00e+00 cg_it=0 shift=0 ckpt=1 alpha=0 acc mv=2
PCG_PREP o=1 rebuild=1 drift=0 previous_depth=1
FOLLOW_POINT o=1 mode=1 changed=7776 candidate=18260.276633421247 rho=1.0056505592783405 selected=1
ATTR_RADIUS o=1 raw_norm=254.83859603761798 norm=254.83859603761795 radius=735.634376866293 next_radius=735.634376866293 lambda=0.025000000000000001 next_lambda=0.0025000000000000005 rho=1.0056505592783405 accept=1
CLASSICAL_LM o=1 lambda=0.025000000000000001 tau=0.025000000000000001 prediction=7753.2793176202667 rho=1.0056505592783405 accept=1
  MFCG it   2 cost=1.826028e+04 lam=2.500e-03 tau=0.00e+00 cg_it=5 shift=0 ckpt=6 alpha=0 acc mv=9
PCG_PREP o=2 rebuild=1 drift=0 previous_depth=6
FOLLOW_POINT o=2 mode=1 changed=7776 candidate=15346.552131475444 rho=1.0008626659780351 selected=1
ATTR_RADIUS o=2 raw_norm=525.14158924225887 norm=525.14158924225887 radius=735.634376866293 next_radius=735.634376866293 lambda=0.0025000000000000005 next_lambda=0.00025000000000000006 rho=1.0008626659780351 accept=1
CLASSICAL_LM o=2 lambda=0.0025000000000000005 tau=0.0025000000000000005 prediction=2911.2130974518204 rho=1.0008626659780351 accept=1
  MFCG it   3 cost=1.534655e+04 lam=2.500e-04 tau=0.00e+00 cg_it=3 shift=0 ckpt=4 alpha=0 acc mv=14
PCG_PREP o=3 rebuild=1 drift=0 previous_depth=4
FOLLOW_POINT o=3 mode=1 changed=7776 candidate=14205.013045915208 rho=1.0092965004106498 selected=1
ATTR_RADIUS o=3 raw_norm=807.02276406948454 norm=735.63437686629311 radius=735.634376866293 next_radius=1471.268753732586 lambda=0.00025000000000000006 next_lambda=6.2500000000000015e-05 rho=1.0092965004106498 accept=1
CLASSICAL_LM o=3 lambda=0.00025000000000000006 tau=0.00025000000000000006 prediction=1131.0245156857093 rho=1.0092965004106498 accept=1
  MFCG it   4 cost=1.420501e+04 lam=6.250e-05 tau=0.00e+00 cg_it=5 shift=0 ckpt=6 alpha=0 acc mv=21
PCG_PREP o=4 rebuild=1 drift=0 previous_depth=6
FOLLOW_POINT o=4 mode=1 changed=7776 candidate=13828.149089332481 rho=1.05962100354115 selected=1
ATTR_RADIUS o=4 raw_norm=572.42409160904788 norm=572.42409160904788 radius=1471.268753732586 next_radius=1471.268753732586 lambda=6.2500000000000015e-05 next_lambda=6.250000000000002e-06 rho=1.05962100354115 accept=1
CLASSICAL_LM o=4 lambda=6.2500000000000015e-05 tau=6.2500000000000015e-05 prediction=355.65919826360982 rho=1.05962100354115 accept=1
  MFCG it   5 cost=1.382815e+04 lam=6.250e-06 tau=0.00e+00 cg_it=8 shift=0 ckpt=9 alpha=0 acc mv=31
PCG_PREP o=5 rebuild=1 drift=0 previous_depth=9
POINT_SAFE o=5 frozen=0 slope=-282.02764306449751 candidate=inf original=13762.309874621176 current=13828.149089332481 won=0 mode=1 camera_scale=1 keep_scale=0
FOLLOW_POINT o=5 mode=1 changed=7776 candidate=13717.432318645177 rho=2.8324806449751985 selected=1
ATTR_RADIUS o=5 raw_norm=845.95622140860655 norm=422.97811070430328 radius=1471.268753732586 next_radius=1471.268753732586 lambda=6.250000000000002e-06 next_lambda=6.2500000000000026e-07 rho=2.8324806449751985 accept=1
CLASSICAL_LM o=5 lambda=6.250000000000002e-06 tau=6.250000000000002e-06 prediction=39.088270870876045 rho=2.8324806449751985 accept=1
  MFCG it   6 cost=1.371743e+04 lam=6.250e-07 tau=0.00e+00 cg_it=23 shift=0 ckpt=24 alpha=0 acc mv=56
PCG_PREP o=6 rebuild=1 drift=0 previous_depth=24
POINT_SAFE o=6 frozen=0 slope=-265.50027343323552 candidate=inf original=13701.552300180181 current=13717.432318645177 won=0 mode=1 camera_scale=1 keep_scale=0
FOLLOW_POINT o=6 mode=1 changed=7776 candidate=13685.274792981454 rho=7.1440036079161118 selected=1
ATTR_RADIUS o=6 raw_norm=1207.821497848669 norm=150.97768723108362 radius=1471.268753732586 next_radius=1471.268753732586 lambda=6.2500000000000026e-07 next_lambda=6.2500000000000024e-08 rho=7.1440036079161118 accept=1
CLASSICAL_LM o=6 lambda=6.2500000000000026e-07 tau=6.2500000000000026e-07 prediction=4.5013311062846384 rho=7.1440036079161118 accept=1
  MFCG it   7 cost=1.368527e+04 lam=6.250e-08 tau=0.00e+00 cg_it=23 shift=0 ckpt=24 alpha=0 acc mv=81
PCG_PREP o=7 rebuild=1 drift=0 previous_depth=24
FOLLOW_POINT o=7 mode=1 changed=7776 candidate=13682.511115907275 rho=1.0011255443685789 selected=1
ATTR_RADIUS o=7 raw_norm=12.030359674335042 norm=12.030359674335042 radius=1471.268753732586 next_radius=1471.268753732586 lambda=6.2500000000000024e-08 next_lambda=6.250000000000003e-09 rho=1.0011255443685789 accept=1
CLASSICAL_LM o=7 lambda=6.2500000000000024e-08 tau=6.2500000000000024e-08 prediction=2.7605699302401634 rho=1.0011255443685789 accept=1
  MFCG it   8 cost=1.368251e+04 lam=6.250e-09 tau=0.00e+00 cg_it=0 shift=0 ckpt=1 alpha=0 acc mv=83
PCG_PREP o=8 rebuild=1 drift=0 previous_depth=1
POINT_SAFE o=8 frozen=0 slope=-291.03275665764954 candidate=inf original=13668.486532668658 current=13682.511115907275 won=0 mode=1 camera_scale=1 keep_scale=0
FOLLOW_POINT o=8 mode=1 changed=7776 candidate=13664.660746244255 rho=1.5334698996184239 selected=1
ATTR_RADIUS o=8 raw_norm=2306.3854663115799 norm=91.954297108286625 radius=1471.268753732586 next_radius=1471.268753732586 lambda=6.250000000000003e-09 next_lambda=6.2500000000000032e-10 rho=1.5334698996184239 accept=1
CLASSICAL_LM o=8 lambda=6.250000000000003e-09 tau=6.250000000000003e-09 prediction=11.640508670865552 rho=1.5334698996184239 accept=1
  MFCG it   9 cost=1.366466e+04 lam=6.250e-10 tau=0.00e+00 cg_it=27 shift=0 ckpt=28 alpha=0 acc mv=112
PCG_PREP o=9 rebuild=1 drift=0 previous_depth=28
POINT_SAFE o=9 frozen=0 slope=-278.35481761030195 candidate=inf original=13652.574965598837 current=13664.660746244255 won=0 mode=1 camera_scale=1 keep_scale=0
FOLLOW_POINT o=9 mode=1 changed=7776 candidate=13647.678265853767 rho=2.0593117220329904 selected=1
ATTR_RADIUS o=9 raw_norm=2267.5849493083592 norm=91.95429710828661 radius=1471.268753732586 next_radius=1471.268753732586 lambda=6.2500000000000032e-10 next_lambda=6.250000000000003e-11 rho=2.0593117220329904 accept=1
CLASSICAL_LM o=9 lambda=6.2500000000000032e-10 tau=6.2500000000000032e-10 prediction=8.2466778627002011 rho=2.0593117220329904 accept=1
  MFCG it  10 cost=1.364768e+04 lam=6.250e-11 tau=0.00e+00 cg_it=27 shift=0 ckpt=28 alpha=0 acc mv=141
PCG_PREP o=10 rebuild=1 drift=0 previous_depth=28
POINT_SAFE o=10 frozen=0 slope=-266.00556450663385 candidate=inf original=13637.993237108614 current=13647.678265853767 won=0 mode=1 camera_scale=1 keep_scale=0
FOLLOW_POINT o=10 mode=1 changed=7776 candidate=13631.659778419929 rho=-1 selected=0
ATTR_RADIUS o=10 raw_norm=2197.1545734953202 norm=91.95429710828661 radius=1471.268753732586 next_radius=1471.268753732586 lambda=6.250000000000003e-11 next_lambda=6.2500000000000035e-12 rho=0.59497777881414049 accept=1
CLASSICAL_LM o=10 lambda=6.250000000000003e-11 tau=6.250000000000003e-11 prediction=16.27796716115332 rho=0.59497777881414049 accept=1
  MFCG it  11 cost=1.363799e+04 lam=6.250e-12 tau=0.00e+00 cg_it=27 shift=0 ckpt=28 alpha=0 acc mv=170
PCG_PREP o=11 rebuild=1 drift=0 previous_depth=28
POINT_SAFE o=11 frozen=0 slope=-266.59257852346559 candidate=inf original=13634.425295295297 current=13637.993237108614 won=0 mode=1 camera_scale=1 keep_scale=0
FOLLOW_POINT o=11 mode=1 changed=7776 candidate=13624.114730692832 rho=-1 selected=0
ATTR_RADIUS o=11 raw_norm=2100.1080230203338 norm=45.977148554143312 radius=1471.268753732586 next_radius=1471.268753732586 lambda=6.2500000000000035e-12 next_lambda=6.2500000000000037e-13 rho=0.43306397472238561 accept=1
CLASSICAL_LM o=11 lambda=6.2500000000000035e-12 tau=6.2500000000000035e-12 prediction=8.238833109135923 rho=0.43306397472238561 accept=1
  MFCG it  12 cost=1.363443e+04 lam=6.250e-13 tau=0.00e+00 cg_it=27 shift=0 ckpt=28 alpha=0 acc mv=199
PCG_PREP o=12 rebuild=1 drift=0 previous_depth=28
POINT_SAFE o=12 frozen=0 slope=-268.10426813549543 candidate=inf original=13632.492323157679 current=13634.425295295297 won=0 mode=1 camera_scale=1 keep_scale=0
FOLLOW_POINT o=12 mode=1 changed=7776 candidate=13616.844617574796 rho=-1 selected=0
ATTR_RADIUS o=12 raw_norm=1724.3537482589229 norm=45.977148554143319 radius=1471.268753732586 next_radius=367.8171884331465 lambda=6.2500000000000037e-13 next_lambda=1.0000000000000006e-11 rho=0.23375147621101694 accept=1
CLASSICAL_LM o=12 lambda=6.2500000000000037e-13 tau=6.2500000000000037e-13 prediction=8.2693472954712295 rho=0.23375147621101694 accept=1
  MFCG it  13 cost=1.363249e+04 lam=1.000e-11 tau=0.00e+00 cg_it=25 shift=0 ckpt=26 alpha=0 acc mv=226
PCG_PREP o=13 rebuild=1 drift=0 previous_depth=26
POINT_SAFE o=13 frozen=1 slope=-88.49725458557873 candidate=14822.819954767279 original=13629.424812523617 current=13632.492323157679 won=0 mode=1 camera_scale=1 keep_scale=0
FOLLOW_POINT o=13 mode=1 changed=7776 candidate=13610.082829959545 rho=1.4713386193430615 selected=1
ATTR_RADIUS o=13 raw_norm=1592.5403599071778 norm=45.977148554143298 radius=367.8171884331465 next_radius=367.8171884331465 lambda=1.0000000000000006e-11 next_lambda=1.0000000000000006e-12 rho=1.4713386193430615 accept=1
CLASSICAL_LM o=13 lambda=1.0000000000000006e-11 tau=1.0000000000000006e-11 prediction=15.23068374847665 rho=1.4713386193430615 accept=1
  MFCG it  14 cost=1.361008e+04 lam=1.000e-12 tau=0.00e+00 cg_it=25 shift=0 ckpt=26 alpha=0 acc mv=253
PCG_PREP o=14 rebuild=1 drift=0 previous_depth=26
POINT_SAFE o=14 frozen=1 slope=-60.238276886176934 candidate=14826.180525403486 original=13605.995098299903 current=13610.082829959545 won=0 mode=1 camera_scale=1 keep_scale=0
FOLLOW_POINT o=14 mode=1 changed=7776 candidate=13603.408385114137 rho=-1 selected=0
ATTR_RADIUS o=14 raw_norm=1552.2515314844393 norm=45.977148554143319 radius=367.8171884331465 next_radius=367.8171884331465 lambda=1.0000000000000006e-12 next_lambda=1.0000000000000007e-13 rho=0.55207024076224753 accept=1
CLASSICAL_LM o=14 lambda=1.0000000000000006e-12 tau=1.0000000000000006e-12 prediction=7.4043687882860967 rho=0.55207024076224753 accept=1
  MFCG it  15 cost=1.360600e+04 lam=1.000e-13 tau=0.00e+00 cg_it=25 shift=0 ckpt=26 alpha=0 acc mv=280
PCG_PREP o=15 rebuild=1 drift=0 previous_depth=26
POINT_SAFE o=15 frozen=1 slope=-63.453163971403285 candidate=15004.780340324831 original=13605.846067940578 current=13605.995098299903 won=0 mode=1 camera_scale=1 keep_scale=0
FOLLOW_POINT o=15 mode=1 changed=7776 candidate=13599.027744046638 rho=-1 selected=0
ATTR_RADIUS o=15 raw_norm=1507.16086826783 norm=45.977148554143312 radius=367.8171884331465 next_radius=91.954297108286625 lambda=1.0000000000000007e-13 next_lambda=1.6000000000000011e-12 rho=0.018903323880427796 accept=0
CLASSICAL_LM o=15 lambda=1.0000000000000007e-13 tau=1.0000000000000007e-13 prediction=7.8838176961980242 rho=0.018903323880427796 accept=0
  MFCG it  16  retry 1/8  lam=1.600e-12 tau_eff=1.000e-13  (assembly reused)
PCG_PREP o=15 rebuild=1 drift=0 previous_depth=26
POINT_SAFE o=15 frozen=1 slope=-21.991945446366707 candidate=13620.574316914612 original=13604.863127146105 current=13605.995098299903 won=0 mode=1 camera_scale=1 keep_scale=0
FOLLOW_POINT o=15 mode=1 changed=7776 candidate=13598.805952915804 rho=-1 selected=0
ATTR_RADIUS o=15 raw_norm=1459.3802969751325 norm=45.977148554143312 radius=91.954297108286625 next_radius=22.988574277071656 lambda=1.6000000000000011e-12 next_lambda=2.5600000000000017e-11 rho=0.11272422075980877 accept=1
CLASSICAL_LM o=15 lambda=1.6000000000000011e-12 tau=1.6000000000000011e-12 prediction=10.041951464983423 rho=0.11272422075980877 accept=1
  MFCG it  16 cost=1.360486e+04 lam=2.560e-11 tau=0.00e+00 cg_it=25 shift=0 ckpt=26 alpha=0 acc mv=334
PCG_PREP o=16 rebuild=1 drift=0 previous_depth=26
FOLLOW_POINT o=16 mode=1 changed=7776 candidate=13596.542427427383 rho=-1 selected=0
ATTR_RADIUS o=16 raw_norm=934.26868663473431 norm=22.988574277071656 radius=22.988574277071656 next_radius=22.988574277071656 lambda=2.5600000000000017e-11 next_lambda=2.5600000000000017e-11 rho=0.38346180297471855 accept=1
CLASSICAL_LM o=16 lambda=2.5600000000000017e-11 tau=2.5600000000000017e-11 prediction=12.120542114385444 rho=0.38346180297471855 accept=1
  MFCG it  17 cost=1.360022e+04 lam=2.560e-11 tau=0.00e+00 cg_it=23 shift=0 ckpt=24 alpha=0 acc mv=359
PCG_PREP o=17 rebuild=1 drift=0 previous_depth=24
POINT_SAFE o=17 frozen=0 slope=-17.714629195806282 candidate=inf original=13600.126931317049 current=13600.215362213892 won=0 mode=1 camera_scale=1 keep_scale=0
FOLLOW_POINT o=17 mode=1 changed=7776 candidate=13595.801468458594 rho=-1 selected=0
ATTR_RADIUS o=17 raw_norm=732.9121225999794 norm=11.494287138535828 radius=22.988574277071656 next_radius=5.747143569267914 lambda=2.5600000000000017e-11 next_lambda=4.0960000000000027e-10 rho=0.012530430914808939 accept=0
CLASSICAL_LM o=17 lambda=2.5600000000000017e-11 tau=2.5600000000000017e-11 prediction=7.0572909618701756 rho=0.012530430914808939 accept=0
  MFCG it  18  retry 1/8  lam=4.096e-10 tau_eff=2.560e-11  (assembly reused)
PCG_PREP o=17 rebuild=1 drift=0 previous_depth=23
FOLLOW_POINT o=17 mode=1 changed=7769 candidate=13595.857264089285 rho=-1 selected=0
ATTR_RADIUS o=17 raw_norm=390.70316908947984 norm=5.7471435692679149 radius=5.747143569267914 next_radius=1.4367858923169785 lambda=4.0960000000000027e-10 next_lambda=6.5536000000000043e-09 rho=0.13984960549452044 accept=1
CLASSICAL_LM o=17 lambda=4.0960000000000027e-10 tau=4.0960000000000027e-10 prediction=7.9061823439133248 rho=0.13984960549452044 accept=1
  MFCG it  18 cost=1.359911e+04 lam=6.554e-09 tau=0.00e+00 cg_it=17 shift=0 ckpt=18 alpha=0 acc mv=402
PCG_PREP o=18 rebuild=1 drift=0 previous_depth=18
FOLLOW_POINT o=18 mode=1 changed=7775 candidate=13595.342454228208 rho=1.0562204963234649 selected=1
ATTR_RADIUS o=18 raw_norm=6.5220818893289199 norm=1.4367858923169785 radius=1.4367858923169785 next_radius=2.873571784633957 lambda=6.5536000000000043e-09 next_lambda=1.6384000000000011e-09 rho=1.0562204963234649 accept=1
CLASSICAL_LM o=18 lambda=6.5536000000000043e-09 tau=6.5536000000000043e-09 prediction=3.5667093348718701 rho=1.0562204963234649 accept=1
  MFCG it  19 cost=1.359534e+04 lam=1.638e-09 tau=0.00e+00 cg_it=0 shift=0 ckpt=1 alpha=0 acc mv=404
PCG_PREP o=19 rebuild=1 drift=0 previous_depth=1
FOLLOW_POINT o=19 mode=1 changed=7776 candidate=13594.681233550822 rho=0.99676597465423566 selected=1
ATTR_RADIUS o=19 raw_norm=18.840963349025426 norm=2.8735717846339566 radius=2.873571784633957 next_radius=5.747143569267914 lambda=1.6384000000000011e-09 next_lambda=4.0960000000000027e-10 rho=0.99676597465423566 accept=1
CLASSICAL_LM o=19 lambda=1.6384000000000011e-09 tau=1.6384000000000011e-09 prediction=0.66336601990805588 rho=0.99676597465423566 accept=1
  MFCG it  20 cost=1.359468e+04 lam=4.096e-10 tau=0.00e+00 cg_it=2 shift=0 ckpt=3 alpha=0 acc mv=408
PCG_PREP o=20 rebuild=1 drift=0 previous_depth=3
FOLLOW_POINT o=20 mode=1 changed=7776 candidate=13594.100503629186 rho=1.0502571001222083 selected=1
ATTR_RADIUS o=20 raw_norm=298.15748321062603 norm=5.747143569267914 radius=5.747143569267914 next_radius=11.494287138535828 lambda=4.0960000000000027e-10 next_lambda=1.0240000000000007e-10 rho=1.0502571001222083 accept=1
CLASSICAL_LM o=20 lambda=4.0960000000000027e-10 tau=4.0960000000000027e-10 prediction=0.55294072429333674 rho=1.0502571001222083 accept=1
  MFCG it  21 cost=1.359410e+04 lam=1.024e-10 tau=0.00e+00 cg_it=14 shift=0 ckpt=15 alpha=0 acc mv=424
PCG_PREP o=21 rebuild=1 drift=0 previous_depth=15
FOLLOW_POINT o=21 mode=1 changed=7776 candidate=13592.996860054644 rho=1.3171540124232333 selected=1
ATTR_RADIUS o=21 raw_norm=314.37505552690362 norm=11.494287138535828 radius=11.494287138535828 next_radius=22.988574277071656 lambda=1.0240000000000007e-10 nex[R9] wrote /tmp/prism-ba-coarse/research/champion_point_followup/evidence/screen/ladybug-49-polish_loose-2/curve.csv
t_lambda=2.5600000000000017e-11 rho=1.3171540124232333 accept=1
CLASSICAL_LM o=21 lambda=1.0240000000000007e-10 tau=1.0240000000000007e-10 prediction=0.83790017274616369 rho=1.3171540124232333 accept=1
  MFCG it  22 cost=1.359300e+04 lam=2.560e-11 tau=0.00e+00 cg_it=15 shift=0 ckpt=16 alpha=0 acc mv=441
PCG_PREP o=22 rebuild=1 drift=0 previous_depth=16
FOLLOW_POINT o=22 mode=1 changed=7776 candidate=13590.942555435007 rho=2.80925581909259 selected=1
ATTR_RADIUS o=22 raw_norm=327.24408842563815 norm=22.988574277071653 radius=22.988574277071656 next_radius=45.977148554143312 lambda=2.5600000000000017e-11 next_lambda=6.4000000000000042e-12 rho=2.80925581909259 accept=1
CLASSICAL_LM o=22 lambda=2.5600000000000017e-11 tau=2.5600000000000017e-11 prediction=0.73126292225668377 rho=2.80925581909259 accept=1
TARGET reached outer=23 seconds=0.152465759 cost=13590.942555435007 threshold=13591.568354279514
  MFCG: accepts=23 rejects=2 total_matvecs=459 negcurv=0 cand_evals=25 mean_cg_per_outer=20.0
NUMERIC_REPAIR summary rebuilds=0 floor=9.9999999999999998e-17
  [retry-cache] builds=25 reuses=0
  [menu-backtrack] trials=12 rescues=12 evals=41 total_scored=66
FOLLOW_POINT summary calls=25 wins=16 changed=194392 seconds=0.03552197
POINT_SAFE summary calls=12 evals=4 wins=0 frozen=4 seconds=0.00384404
  [scoring] menu_evals=25 alpha_evals=0 backtrack_evals=41 total_scored=66
RESULT algo=mfree_shifted_cg iters=23 final_cost=13590.9425554350 solve_seconds=0.153141
DIAGNOSTICS median_reproj_err_px 1.479478 -> 0.387492 | cheirality_violations(obs) 31 -> 31 | cheirality_violations(pts, of 7776) 10 -> 10
