  [menu-backtrack] active=1 max_evals=8 warmup_accepts=3 confirm_stop=original armijo=1e-4
MIXED_STORAGE fragments=fp32 arithmetic=fp64 state=fp64 acceptance=fp64
  [compact-fragments] active=2 saved_bytes=171996448 storage=fp32 camera_reads=contiguous
  MFCG score_init=90993342.024340227 precision=fp64
PCG_PREP o=0 rebuild=1 drift=0 previous_depth=0
ATTR_RADIUS o=0 raw_norm=8861.1709887307588 norm=8861.1709887307588 radius=8861.1709887307588 next_radius=17722.341977461518 lambda=0.10000000000000001 next_lambda=0.025000000000000001 rho=0.99545080656082618 accept=1
CLASSICAL_LM o=0 lambda=0.10000000000000001 tau=0.10000000000000001 prediction=83412716.699058995 rho=0.99545080656082618 accept=1
  MFCG it   1 cost=7.960086e+06 lam=2.500e-02 tau=0.00e+00 cg_it=0 shift=0 ckpt=1 alpha=0 acc mv=2
PCG_PREP o=1 rebuild=1 drift=0 previous_depth=1
ATTR_RADIUS o=1 raw_norm=4659.7121206777829 norm=4659.7121206777829 radius=17722.341977461518 next_radius=17722.341977461518 lambda=0.025000000000000001 next_lambda=0.0025000000000000005 rho=0.99453896506500128 accept=1
CLASSICAL_LM o=1 lambda=0.025000000000000001 tau=0.025000000000000001 prediction=4259951.5107679609 rho=0.99453896506500128 accept=1
  MFCG it   2 cost=3.723398e+06 lam=2.500e-03 tau=0.00e+00 cg_it=4 shift=0 ckpt=5 alpha=0 acc mv=8
PCG_PREP o=2 rebuild=1 drift=0 previous_depth=5
ATTR_RADIUS o=2 raw_norm=6975.6779789560469 norm=6975.6779789560469 radius=17722.341977461518 next_radius=17722.341977461518 lambda=0.0025000000000000005 next_lambda=0.00025000000000000006 rho=0.87051061466525326 accept=1
CLASSICAL_LM o=2 lambda=0.0025000000000000005 tau=0.0025000000000000005 prediction=1234099.5580717539 rho=0.87051061466525326 accept=1
  MFCG it   3 cost=2.649101e+06 lam=2.500e-04 tau=0.00e+00 cg_it=9 shift=0 ckpt=10 alpha=0 acc mv=19
PCG_PREP o=3 rebuild=1 drift=0 previous_depth=10
ATTR_RADIUS o=3 raw_norm=10922.542500246556 norm=10922.542500246556 radius=17722.341977461518 next_radius=17722.341977461518 lambda=0.00025000000000000006 next_lambda=2.5000000000000008e-05 rho=0.71461554944425398 accept=1
CLASSICAL_LM o=3 lambda=0.00025000000000000006 tau=0.00025000000000000006 prediction=596515.3122669789 rho=0.71461554944425398 accept=1
  MFCG it   4 cost=2.222822e+06 lam=2.500e-05 tau=0.00e+00 cg_it=0 shift=0 ckpt=1 alpha=0 acc mv=21
PCG_PREP o=4 rebuild=1 drift=0 previous_depth=1
POINT_SAFE o=4 frozen=1341 slope=-336469.80091262242 candidate=2043410.2440865631 original=2072225.5986031694 current=2222822.2596032578 won=1 mode=1 camera_scale=1 keep_scale=0
ATTR_RADIUS o=4 raw_norm=25300.156643200648 norm=17722.34197746151 radius=17722.341977461518 next_radius=35444.683954923035 lambda=2.5000000000000008e-05 next_lambda=6.250000000000002e-06 rho=0.91745234718751201 accept=1
CLASSICAL_LM o=4 lambda=2.5000000000000008e-05 tau=2.5000000000000008e-05 prediction=195554.58773056668 rho=0.91745234718751201 accept=1
  MFCG it   5 cost=2.043410e+06 lam=6.250e-06 tau=0.00e+00 cg_it=1 shift=0 ckpt=2 alpha=0 acc mv=24
PCG_PREP o=5 rebuild=1 drift=0 previous_depth=2
POINT_SAFE o=5 frozen=1597 slope=-207540.63059263083 candidate=2178489.9102418697 original=2002351.2376534224 current=2043410.2440865631 won=0 mode=1 camera_scale=1 keep_scale=0
ATTR_RADIUS o=5 raw_norm=42981.157713614324 norm=4430.5854943653785 radius=35444.683954923035 next_radius=35444.683954923035 lambda=6.250000000000002e-06 next_lambda=6.2500000000000026e-07 rho=0.91572735850997578 accept=1
CLASSICAL_LM o=5 lambda=6.250000000000002e-06 tau=6.250000000000002e-06 prediction=44837.588449852381 rho=0.91572735850997578 accept=1
  MFCG it   6 cost=2.002351e+06 lam=6.250e-07 tau=0.00e+00 cg_it=7 shift=0 ckpt=8 alpha=0 acc mv=33
PCG_PREP o=6 rebuild=1 drift=0 previous_depth=8
POINT_SAFE o=6 frozen=1715 slope=-116959.43334072086 candidate=4310418.106664639 original=1973391.1564369262 current=2002351.2376534224 won=0 mode=1 camera_scale=1 keep_scale=0
ATTR_RADIUS o=6 raw_norm=69307.097552925261 norm=8861.170988730757 radius=35444.683954923035 next_radius=35444.683954923035 lambda=6.2500000000000026e-07 next_lambda=6.2500000000000024e-08 rho=0.50197661400884441 accept=1
CLASSICAL_LM o=6 lambda=6.2500000000000026e-07 tau=6.2500000000000026e-07 prediction=57692.092436772218 rho=0.50197661400884441 accept=1
  MFCG it   7 cost=1.973391e+06 lam=6.250e-08 tau=0.00e+00 cg_it=5 shift=0 ckpt=6 alpha=0 acc mv=40
PCG_PREP o=7 rebuild=1 drift=0 previous_depth=6
POINT_SAFE o=7 frozen=793 slope=-52847.158014733068 candidate=13099854.855982833 original=1972977.0773149813 current=1973391.1564369262 won=0 mode=1 camera_scale=1 keep_scale=0
ATTR_RADIUS o=7 raw_norm=76393.441618213154 norm=553.82318679567243 radius=35444.683954923035 next_radius=8861.1709887307588 lambda=6.2500000000000024e-08 next_lambda=1.0000000000000004e-06 rho=0.16230333993467402 accept=1
CLASSICAL_LM o=7 lambda=6.2500000000000024e-08 tau=6.2500000000000024e-08 prediction=2551.266795320566 rho=0.16230333993467402 accept=1
  MFCG it   8 cost=1.972977e+06 lam=1.000e-06 tau=0.00e+00 cg_it=0 shift=0 ckpt=1 alpha=0 acc mv=42
PCG_PREP o=8 rebuild=1 drift=0 previous_depth=1
POINT_SAFE o=8 frozen=276 slope=-44796.764352609847 candidate=2004697.4647012721 original=1971976.7053724639 current=1972977.0773149813 won=0 mode=1 camera_scale=1 keep_scale=0
ATTR_RADIUS o=8 raw_norm=30805.092987589214 norm=138.45579669891808 radius=8861.1709887307588 next_radius=8861.1709887307588 lambda=1.0000000000000004e-06 next_lambda=1.0000000000000005e-07 rho=0.41253907203157958 accept=1
CLASSICAL_LM o=8 lambda=1.0000000000000004e-06 tau=1.0000000000000004e-06 prediction=2424.9144149933268 rho=0.41253907203157958 accept=1
  MFCG it   9 cost=1.971977e+06 lam=1.000e-07 tau=0.00e+00 cg_it=0 shift=0 ckpt=1 alpha=0 acc mv=44
PCG_PREP o=9 rebuild=1 drift=0 previous_depth=1
POINT_SAFE o=9 frozen=162 slope=-37862.645506033907 candidate=2035517.3385339326 original=1971665.5081720075 current=1971976.7053724639 won=0 mode=1 camera_scale=1 keep_scale=0
ATTR_RADIUS o=9 raw_norm=69057.132298842014 norm=69.227898349459068 radius=8861.1709887307588 next_radius=8861.1709887307588 lambda=1.0000000000000005e-07 next_lambda=1.0000000000000005e-08 rho=0.26847399681479911 accept=1
CLASSICAL_LM o=9 lambda=1.0000000000000005e-07 tau=1.0000000000000005e-07 prediction=1159.1334883395575 rho=0.26847399681479911 accept=1
  MFCG it  10 cost=1.971666e+06 lam=1.000e-08 tau=0.00e+00 cg_it=0 shift=0 ckpt=1 alpha=0 acc mv=46
PCG_PREP o=10 rebuild=1 drift=0 previous_depth=1
POINT_SAFE o=10 frozen=114 slope=-35161.013690853739 candidate=1976181.0784211375 original=1971460.2690100044 current=1971665.5081720075 won=0 mode=1 camera_scale=1 keep_scale=0
ATTR_RADIUS o=10 raw_norm=127702.90391379069 norm=69.227898349459053 radius=8861.1709887307588 next_radius=2215.2927471826897 lambda=1.0000000000000005e-08 next_lambda=1.6000000000000008e-07 rho=0.18034477008986707 accept=1
CLASSICAL_LM o=10 lambda=1.0000000000000005e-08 tau=1.0000000000000005e-08 prediction=1138.0377811947842 rho=0.18034477008986707 accept=1
  MFCG it  11 cost=1.971460e+06 lam=1.600e-07 tau=0.00e+00 cg_it=0 shift=0 ckpt=1 alpha=0 acc mv=48
PCG_PREP o=11 rebuild=1 drift=0 previous_depth=1
POINT_SAFE o=11 frozen=44 slope=-33239.058331795168 candidate=1958338.097735852 original=1971018.8722202883 current=1971460.2690100044 won=1 mode=1 camera_scale=1 keep_scale=0
ATTR_RADIUS o=11 raw_norm=62030.073918683483 norm=2215.2927471826883 radius=2215.2927471826897 next_radius=4430.5854943653794 lambda=1.6000000000000008e-07 next_lambda=4.0000000000000021e-08 rho=0.75737429806604506 accept=1
CLASSICAL_LM o=11 lambda=1.6000000000000008e-07 tau=1.6000000000000008e-07 prediction=17325.873491693354 rho=0.75737429806604506 accept=1
  MFCG it  12 cost=1.958338e+06 lam=4.000e-08 tau=0.00e+00 cg_it=0 shift=0 ckpt=1 alpha=0 acc mv=50
PCG_PREP o=12 rebuild=1 drift=0 previous_depth=1
POINT_SAFE o=12 frozen=573 slope=-6878.4865902003348 candidate=1969303.3561503959 original=1957970.2398554576 current=1958338.097735852 won=0 mode=1 camera_scale=1 keep_scale=0
ATTR_RADIUS o=12 raw_norm=83452.175507380351 norm=34.613949174729534 radius=4430.5854943653794 next_radius=4430.5854943653794 lambda=4.0000000000000021e-08 next_lambda=4.0000000000000019e-09 rho=0.40060746696315053 accept=1
CLASSICAL_LM o=12 lambda=4.0000000000000021e-08 tau=4.0000000000000021e-08 prediction=918.25018435883817 rho=0.40060746696315053 accept=1
  MFCG it  13 cost=1.957970e+06 lam=4.000e-09 tau=0.00e+00 cg_it=0 shift=0 ckpt=1 alpha=0 acc mv=52
PCG_PREP o=13 rebuild=1 drift=0 previous_depth=1
POINT_SAFE o=13 frozen=300 slope=-5598.9035145524631 candidate=2024364.1259476307 original=inf current=1957970.2398554576 won=0 mode=1 camera_scale=1 keep_scale=0
ATTR_RADIUS o=13 raw_norm=177772.97778163032 norm=4430.5854943653785 radius=4430.5854943653794 next_radius=1107.6463735913449 lambda=4.0000000000000019e-09 next_lambda=6.400000000000003e-08 rho=-1 accept=0
CLASSICAL_LM o=13 lambda=4.0000000000000019e-09 tau=4.0000000000000019e-09 prediction=3379.0333131788966 rho=-1 accept=0
  MFCG it  14  retry 1/8  lam=6.400e-08 tau_eff=4.000e-09  (assembly reused)
PCG_PREP o=13 rebuild=1 drift=0 previous_depth=1
POINT_SAFE o=13 frozen=161 slope=-5074.4419767923437 candidate=1956540.406024222 original=inf current=1957970.2398554576 won=1 mode=1 camera_scale=1 keep_scale=0
ATTR_RADIUS o=13 raw_norm=73354.832900241396 norm=1107.6463735913444 radius=1107.6463735913449 next_radius=1107.6463735913449 lambda=6.400000000000003e-08 next_lambda=6.400000000000003e-08 rho=0.49611166654445726 accept=1
CLASSICAL_LM o=13 lambda=6.400000000000003e-08 tau=6.400000000000003e-08 prediction=2882.0806436476014 rho=0.49611166654445726 accept=1
  MFCG it  14 cost=1.956540e+06 lam=6.400e-08 tau=0.00e+00 cg_it=0 shift=0 ckpt=1 alpha=0 acc mv=56
PCG_PREP o=14 rebuild=1 drift=0 previous_depth=1
POINT_SAFE o=14 frozen=267 slope=-2453.4742444350522 candidate=1955992.6020707444 original=1956481.8799896806 current=1956540.406024222 won=1 mode=1 camera_scale=1 keep_scale=0
ATTR_RADIUS o=14 raw_norm=72855.757509033778 norm=1107.6463735913446 radius=1107.6463735913449 next_radius=1107.6463735913449 lambda=6.400000000000003e-08 next_lambda=6.400000000000003e-08 rho=0.34845306740620091 accept=1
CLASSICAL_LM o=14 lambda=6.400000000000003e-08 tau=6.400000000000003e-08 prediction=1572.1025432646218 rho=0.34845306740620091 accept=1
  MFCG it  15 cost=1.955993e+06 lam=6.400e-08 tau=0.00e+00 cg_it=0 shift=0 ckpt=1 alpha=0 acc mv=58
PCG_PREP o=15 rebuild=1 drift=0 previous_depth=1
POINT_SAFE o=15 frozen=104 slope=-1782.400555628147 candidate=1955677.8206687379 original=1955658.7551011154 current=1955992.6020707444 won=0 mode=1 camera_scale=1 keep_scale=0
ATTR_RADIUS o=15 raw_norm=72979.198426386953 norm=8.6534872936823799 radius=1107.6463735913449 next_radius=1107.6463735913449 lambda=6.400000000000003e-08 next_lambda=6.4000000000000035e-09 rho=0.38105245916941455 accept=1
CLASSICAL_LM o=15 lambda=6.400000000000003e-08 tau=6.400000000000003e-08 prediction=876.11813438136676 rho=0.38105245916941455 accept=1
  MFCG it  16 cost=1.955659e+06 lam=6.400e-09 tau=0.00e+00 cg_it=0 shift=0 ckpt=1 alpha=0 acc mv=60
PCG_PREP o=16 rebuild=1 drift=0 previous_depth=1
POINT_SAFE o=16 frozen=88 slope=-1519.5444605439786 candidate=1955415.2099639191 original=inf current=1955658.7551011154 won=1 mode=1 camera_scale=1 keep_scale=0
ATTR_RADIUS o=16 raw_norm=119933.80057200119 norm=1107.6463735913446 radius=1107.6463735913449 next_radius=276.91159339783621 lambda=6.4000000000000035e-09 next_lambda=1.0240000000000006e-07 rho=0.24999164526492271 accept=1
CLASSICAL_LM o=16 lambda=6.4000000000000035e-09 tau=6.4000000000000035e-09 prediction=974.21310595489069 rho=0.24999164526492271 accept=1
  MFCG it  17 cost=1.955415e+06 lam=1.024e-07 tau=0.00e+00 cg_it=0 shift=0 ckpt=1 alpha=0 acc mv=62
PCG_PREP o=17 rebuild=1 drift=0 previous_depth=1
POINT_SAFE o=17 frozen=83 slope=-864.6593053637672 candidate=1955240.7063218574 original=1955294.2054302951 current=1955415.2099639191 won=1 mode=1 camera_scale=1 keep_scale=0
ATTR_RADIUS o=17 raw_norm=62487.172926679625 norm=276.91159339783633 radius=276.91159339783621 next_radius=276.91159339783621 lambda=1.0240000000000006e-07 next_lambda=1.0240000000000006e-07 rho=0.28407857113059798 accept=1
CLASSICAL_LM o=17 lambda=1.0240000000000006e-07 tau=1.0240000000000006e-07 prediction=614.27949798262534 rho=0.28407857113059798 accept=1
  MFCG it  18 cost=1.955241e+06 lam=1.024e-07 tau=0.00e+00 cg_it=0 shift=0 ckpt=1 alpha=0 acc mv=64
PCG_PREP o=18 rebuild=1 drift=0 previous_depth=1
POINT_SAFE o=18 frozen=329 slope=-468.4958469519807 candidate=1955005.702238204 original=1955078.4473947831 current=1955240.7063218574 won=1 mode=1 camera_scale=1 keep_scale=0
ATTR_RADIUS o=18 raw_norm=62682.323852851718 norm=276.91159339783621 radius=276.91159339783621 next_radius=276.91159339783621 lambda=1.0240000000000006e-07 next_lambda=1.0240000000000006e-07 rho=0.70494241476597963 accept=1
CLASSICAL_LM o=18 lambda=1.0240000000000006e-07 tau=1.0240000000000006e-07 prediction=333.36635550786201 rho=0.70494241476597963 accept=1
  MFCG it  19 cost=1.955006e+06 lam=1.024e-07 tau=0.00e+00 cg_it=0 shift=0 ckpt=1 alpha=0 acc mv=66
PCG_PREP o=19 rebuild=1 drift=0 previous_depth=1
POINT_SAFE o=19 frozen=123 slope=-330.69932783510961 candidate=1954785.6041984609 original=1954810.8433072192 current=1955005.702238204 won=1 mode=1 camera_scale=1 keep_scale=0
ATTR_RADIUS o=19 raw_norm=62486.167813609471 norm=276.91159339783616 radius=276.91159339783621 next_radius=553.82318679567243 lambda=1.0240000000000006e-07 next_lambda=2.5600000000000014e-08 rho=0.83268415169967203 accept=1
CLASSICAL_LM o=19 lambda=1.0240000000000006e-07 tau=1.0240000000000006e-07 prediction=264.32356049260875 rho=0.83268415169967203 accept=1
  MFCG it  20 cost=1.954786e+06 lam=2.560e-08 tau=0.00e+00 cg_it=0 shift=0 ckpt=1 alpha=0 acc mv=68
PCG_PREP o=20 rebuild=1 drift=0 previous_depth=1
POINT_SAFE o=20 frozen=496 slope=-300.95529582290129 candidate=1954586.6869113403 original=1954756.1658371643 current=1954785.6041984609 won=1 mode=1 camera_scale=1 keep_scale=0
ATTR_RADIUS o=20 raw_norm=90044.054258237869 norm=553.82318679567254 radius=553.82318679567243 next_radius=553.82318679567243 lambda=2.5600000000000014e-08 next_lambda=2.5600000000000014e-08 rho=0.69048170493070904 accept=1
CLASSICAL_LM o=20 lambda=2.5600000000000014e-08 tau=2.5600000000000014e-08 prediction=288.08480470971676 rho=0.69048170493070904 accept=1
  MFCG it  21 cost=1.954587e+06 lam=2.560e-08 tau=0.00e+00 cg_it=0 shift=0 ckpt=1 alpha=0 acc mv=70
PCG_PREP o=21 rebuild=1 drift=0 previous_depth=1
POINT_SAFE o=21 frozen=186 slope=-279.01354163203735 candidate=1954401.1089262585 original=1954394.5677746441 current=1954586.6869113403 won=0 mode=1 camera_scale=1 keep_scale=0
ATTR_RADIUS o=21 raw_norm=91944.20997165225 norm=4.3267436468411882 radius=553.82318679567243 next_radius=138.45579669891811 lambda=2.5600000000000014e-08 next_lambda=4.0960000000000023e-07 rho=0.22316577642850668 accept=1
CLASSICAL_LM o=21 lambda=2.5600000000000014e-08 tau=2.5600000000000014e-08 prediction=860.880820396594 rho=0.22316577642850668 accept=1
  MFCG it  22 cost=1.954395e+06 lam=4.096e-07 tau=0.00e+00 cg_it=0 shift=0 ckpt=1 alpha=0 acc mv=72
PCG_PREP o=22 rebuild=1 drift=0 previous_depth=1
POINT_SAFE o=22 frozen=83 slope=-240.20842501726941 candidate=1954232.6966938274 original=inf current=1954394.5677746441 won=1 mode=1 camera_scale=1 keep_scale=0
ATTR_RADIUS o=22 raw_norm=41566.707166525943 norm=138.45579669891814 radius=138.45579669891811 next_radius=276.91159339783621 lambda=4.0960000000000023e-07 next_lambda=1.0240000000000006e-07 rho=0.82043311854128353 accept=1
CLASSICAL_LM o=22 lambda=4.0960000000000023e-07 tau=4.0960000000000023e-07 prediction=197.29954478742582 rho=0.82043311854128353 accept=1
  MFCG it  23 cost=1.954233e+06 lam=1.024e-07 tau=0.00e+00 cg_it=0 shift=0 ckpt=1 alpha=0 acc mv=74
PCG_PREP o=23 rebuild=1 drift=0 previous_depth=1
POINT_SAFE o=23 frozen=456 slope=-258.82728859412623 candidate=1954036.6475033991 original=inf current=1954232.6966938274 won=1 mode=1 camera_scale=1 keep_scale=0
ATTR_RADIUS o=23 raw_norm=60571.412421755405 norm=276.91159339783633 radius=276.91159339783621 next_radius=553.82318679567243 lambda=1.0240000000000006e-07 next_lambda=2.5600000000000014e-08 rho=0.85101611522543841 accept=1
CLASSICAL_LM o=23 lambda=1.0240000000000006e-07 tau=1.0240000000000006e-07 prediction=230.37071439758387 rho=0.85101611522543841 accept=1
  MFCG it  24 cost=1.954037e+06 lam=2.560e-08 tau=0.00e+00 cg_it=0 shift=0 ckpt=1 alpha=0 acc mv=76
PCG_PREP o=24 rebuild=1 drift=0 previous_depth=1
POINT_SAFE o=24 frozen=323 slope=-271.91649189365268 candidate=1953854.7221882266 original=1926472.1496841351 current=1954036.6475033991 won=0 mode=1 camera_scale=1 keep_scale=0
ATTR_RADIUS o=24 raw_norm=90873.821961617214 norm=276.91159339783604 radius=553.82318679567243 next_radius=553.82318679567243 lambda=2.5600000000000014e-08 next_lambda=2.5600000000000015e-09 rho=0.66688069908305359 accept=1
CLASSICAL_LM o=24 lambda=2.5600000000000014e-08 tau=2.5600000000000014e-08 prediction=41333.476673060919 rho=0.66688069908305359 accept=1
  MFCG it  25 cost=1.926472e+06 lam=2.560e-09 tau=0.00e+00 cg_it=0 shift=0 ckpt=1 alpha=0 acc mv=78
PCG_PREP o=25 rebuild=1 drift=0 previous_depth=1
NUMERIC_REPAIR o=25 lambda=2.5600000000000015e-09 rayleigh=-2.6204308338250483e-07 next_lambda=1.0584123335300193e-06 cg=1 rebuild=1
PCG_PREP o=25 rebuild=1 drift=0 previous_depth=1
ATTR_RADIUS o=25 raw_norm=28506.848973522356 norm=553.82318679567243 radius=553.82318679567243 next_radius=1107.6463735913449 lambda=1.0584123335300193e-06 next_lambda=1.0584123335300193e-06 rho=0.95360007641246203 accept=1
CLASSICAL_LM o=25 lambda=1.0584123335300193e-06 tau=1.0584123335300193e-06 prediction=28498.244887817142 rho=0.95360007641246203 accept=1
  MFCG it  26 cost=1.899296e+06 lam=1.058e-06 tau=0.00e+00 cg_it=0 shift=0 ckpt=1 alpha=0 acc mv=82
PCG_PREP o=26 rebuild=1 drift=0 previous_depth=1
ATTR_RADIUS o=26 raw_norm=28492.262842837565 norm=1107.6463735913446 radius=1107.6463735913449 next_radius=1107.6463735913449 lambda=1.0584123335300193e-06 next_lambda=1.0584123335300193e-06 rho=0.67102892224653288 accept=1
CLASSICAL_LM o=26 lambda=1.0584123335300193e-06 tau=1.0584123335300193e-06 prediction=2754.2621198480256 rho=0.67102892224653288 accept=1
  MFCG it  27 cost=1.897448e+06 lam=1.058e-06 tau=0.00e+00 cg_it=0 shift=0 ckpt=1 alpha=0 acc mv=84
PCG_PREP o=27 rebuild=1 drift=0 previous_depth=1
ATTR_RADIUS o=27 raw_norm=28117.369478834258 norm=1107.6463735913449 radius=1107.6463735913449 next_radius=1107.6463735913449 lambda=1.0584123335300193e-06 next_lambda=1.0584123335300193e-06 rho=0.4641020352518897 accept=1
CLASSICAL_LM o=27 lambda=1.0584123335300193e-06 tau=1.0584123335300193e-06 prediction=1813.9820012538571 rho=0.4641020352518897 accept=1
  MFCG it  28 cost=1.896606e+06 lam=1.058e-06 tau=0.00e+00 cg_it=0 shift=0 ckpt=1 alpha=0 acc mv=86
PCG_PREP o=28 rebuild=1 drift=0 previous_depth=1
POINT_SAFE o=28 frozen=252 slope=-1590.6320772328984 candidate=1895618.0855214186 original=1896025.5501737159 current=1896606.1589009333 won=1 mode=1 camera_scale=1 keep_scale=0
ATTR_RADIUS o=28 raw_norm=28083.149222801392 norm=1107.6463735913455 radius=1107.6463735913449 next_radius=1107.6463735913449 lambda=1.0584123335300193e-06 next_lambda=1.0584123335300193e-06 rho=0.63721395914243362 accept=1
CLASSICAL_LM o=28 lambda=1.0584123335300193e-06 tau=1.0584123335300193e-06 prediction=1550.6147744228549 rho=0.63721395914243362 accept=1
  MFCG it  29 cost=1.895618e+06 lam=1.058e-06 tau=0.00e+00 cg_it=0 shift=0 ckpt=1 alpha=0 acc mv=88
PCG_PREP o=29 rebuild=1 drift=0 previous_depth=1
POINT_SAFE o=29 frozen=85 slope=-1574.9197281656309 candidate=1894663.8196300003 original=1895040.0313420156 current=1895618.0855214186 won=1 mode=1 camera_scale=1 keep_scale=0
ATTR_RADIUS o=29 raw_norm=27768.465713339261 norm=1107.6463735913446 radius=1107.6463735913449 next_radius=1107.6463735913449 lambda=1.0584123335300193e-06 next_lambda=1.0584123335300193e-06 rho=0.62195574571752954 accept=1
CLASSICAL_LM o=29 lambda=1.0584123335300193e-06 tau=1.0584123335300193e-06 prediction=1534.2986988847929 rho=0.62195574571752954 accept=1
  MFCG it  30 cost=1.894664e+06 lam=1.058e-06 tau=0.00e+00 cg_it=0 shift=0 ckpt=1 alpha=0 acc mv=90
PCG_PREP o=30 rebuild=1 drift=0 previous_depth=1
POINT_SAFE o=30 frozen=185 slope=-1560.2511515250505 candidate=1893742.4399761711 original=1894088.6113656184 current=1894663.8196300003 won=1 mode=1 camera_scale=1 keep_scale=0
ATTR_RADIUS o=30 raw_norm=27509.353017791509 norm=1107.6463735913449 radius=1107.6463735913449 next_radius=1107.6463735913449 lambda=1.0584123335300193e-06 next_lambda=1.0584123335300193e-06 rho=0.60665067270354434 accept=1
CLASSICAL_LM o=30 lambda=1.0584123335300193e-06 tau=1.0584123335300193e-06 prediction=1518.79771223695 rho=0.60665067270354434 accept=1
  MFCG it  31 cost=1.893742e+06 lam=1.058e-06 tau=0.00e+00 cg_it=0 shift=0 ckpt=1 alpha=0 acc mv=92
PCG_PREP o=31 rebuild=1 drift=0 previous_depth=1
POINT_SAFE o=31 frozen=85 slope=-1549.118976191613 candidate=1892850.5270927828 original=1893169.5500576482 current=1893742.4399761711 won=1 mode=1 camera_scale=1 keep_scale=0
ATTR_RADIUS o=31 raw_norm=27262.467446417857 norm=1107.6463735913451 radius=1107.6463735913449 next_radius=1107.6463735913449 lambda=1.0584123335300193e-06 next_lambda=1.0584123335300193e-06 rho=0.59203641815639962 accept=1
CLASSICAL_LM o=31 lambda=1.0584123335300193e-06 tau=1.0584123335300193e-06 prediction=1506.516923681417 rho=0.59203641815639962 accept=1
  MFCG it  32 cost=1.892851e+06 lam=1.058e-06 tau=0.00e+00 cg_it=0 shift=0 ckpt=1 alpha=0 acc mv=94
PCG_PREP o=32 rebuild=1 drift=0 previous_depth=1
POINT_SAFE o=32 frozen=168 slope=-1541.3003798019188 candidate=1891984.4928394775 original=1892279.3218214831 current=1892850.5270927828 won=1 mode=1 camera_scale=1 keep_scale=0
ATTR_RADIUS o=32 raw_norm=27013.658357132128 norm=1107.6463735913449 radius=1107.6463735913449 next_radius=1107.6463735913449 lambda=1.0584123335300193e-06 next_lambda=1.0584123335300193e-06 rho=0.57837819091458198 accept=1
CLASSICAL_LM o=32 lambda=1.0584123335300193e-06 tau=1.0584123335300193e-06 prediction=1497.349427951011 rho=0.57837819091458198 accept=1
  MFCG it  33 cost=1.891984e+06 lam=1.058e-06 tau=0.00e+00 cg_it=0 shift=0 ckpt=1 alpha=0 acc mv=96
PCG_PREP o=33 rebuild=1 drift=0 previous_depth=1
POINT_SAFE o=33 frozen=92 slope=-1537.2639358869635 candidate=1891138.0540883732 original=1891414.0113851202 current=1891984.4928394775 won=1 mode=1 camera_scale=1 keep_scale=0
ATTR_RADIUS o=33 raw_norm=26747.009446759384 norm=1107.6463735913449 radius=1107.6463735913449 next_radius=1107.6463735913449 lambda=1.0584123335300193e-06 next_lambda=1.0584123335300193e-06 rho=0.56734855099027304 accept=1
CLASSICAL_LM o=33 lambda=1.0584123335300193e-06 tau=1.0584123335300193e-06 prediction=1491.9201778639947 rho=0.56734855099027304 accept=1
  MFCG it  34 cost=1.891138e+06 lam=1.058e-06 tau=0.00e+00 cg_it=0 shift=0 ckpt=1 alpha=0 acc mv=98
PCG_PREP o=34 rebuild=1 drift=0 previous_depth=1
POINT_SAFE o=34 frozen=154 slope=-1535.1268813533718 candidate=1890308.3410602568 original=1890567.8720851038 current=1891138.0540883732 won=1 mode=1 camera_scale=1 keep_scale=0
ATTR_RADIUS o=34 raw_norm=26484.201602124118 norm=1107.6463735913446 radius=1107.6463735913449 next_radius=1107.6463735913449 lambda=1.0584123335300193e-06 next_lambda=1.0584123335300193e-06 rho=0.55746778715279699 accept=1
CLASSICAL_LM o=34 lambda=1.0584123335300193e-06 tau=1.0584123335300193e-06 prediction=1488.3604886912822 rho=0.55746778715279699 accept=1
  MFCG it  35 cost=1.890308e+06 lam=1.058e-06 tau=0.00e+00 cg_it=0 shift=0 ckpt=1 alpha=0 acc mv=100
PCG_PREP o=35 rebuild=1 drift=0 previous_depth=1
POINT_SAFE o=35 frozen=101 slope=-1535.0308516801606 candidate=1889490.2305750113 original=1889737.8402870926 current=1890308.3410602568 won=1 mode=1 camera_scale=1 keep_scale=0
ATTR_RADIUS o=35 raw_norm=26211.10313714619 norm=1107.6463735913451 radius=1107.6463735913449 next_radius=1107.6463735913449 lambda=1.0584123335300193e-06 next_lambda=1.0584123335300193e-06 rho=0.55024402216102919 accept=1
CLASSICAL_LM o=35 lambda=1.0584123335300193e-06 tau=1.0584123335300193e-06 prediction=1486.8139448974391 rho=0.55024402216102919 accept=1
  MFCG it  36 cost=1.889490e+06 lam=1.058e-06 tau=0.00e+00 cg_it=0 shift=0 ckpt=1 alpha=0 acc mv=102
PCG_PREP o=36 rebuild=1 drift=0 previous_depth=1
POINT_SAFE o=36 frozen=139 slope=-1536.5332896250277 candidate=1888677.826368076 original=1888918.8213487077 current=1889490.2305750113 won=1 mode=1 camera_scale=1 keep_scale=0
ATTR_RADIUS o=36 raw_norm=25916.842587593314 norm=1107.6463735913455 radius=1107.6463735913449 next_radius=1107.6463735913449 lambda=1.0584123335300193e-06 next_lambda=1.0584123335300193e-06 rho=0.54631484606118963 accept=1
CLASSICAL_LM o=36 lambda=1.0584123335300193e-06 tau=1.0584123335300193e-06 prediction=1487.0622916301336 rho=0.54631484606118963 accept=1
  MFCG it  37 cost=1.888678e+06 lam=1.058e-06 tau=0.00e+00 cg_it=0 shift=0 ckpt=1 alpha=0 acc mv=104
PCG_PREP o=37 rebuild=1 drift=0 previous_depth=1
POINT_SAFE o=37 frozen=90 slope=-1537.1905672520013 candidate=1887868.6155970064 original=1888105.5821931616 current=1888677.826368076 won=1 mode=1 camera_scale=1 keep_scale=0
ATTR_RADIUS o=37 raw_norm=25618.964513032479 norm=1107.6463735913451 radius=1107.6463735913449 next_radius=1107.6463735913449 lambda=1.0584123335300193e-06 next_lambda=1.0584123335300193e-06 rho=0.54432865185037904 accept=1
CLASSICAL_LM o=37 lambda=1.0584123335300193e-06 tau=1.0584123335300193e-06 prediction=1486.6216729889481 rho=0.54432865185037904 accept=1
  MFCG it  38 cost=1.887869e+06 lam=1.058e-06 tau=0.00e+00 cg_it=0 shift=0 ckpt=1 alpha=0 acc mv=106
PCG_PREP o=38 rebuild=1 drift=0 previous_depth=1
POINT_SAFE o=38 frozen=136 slope=-1537.3363093100468 candidate=1887056.1573374257 original=1887295.2877959285 current=1887868.6155970064 won=1 mode=1 camera_scale=1 keep_scale=0
ATTR_RADIUS o=38 raw_norm=25303.970957798065 norm=1107.6463735913453 radius=1107.6463735913449 next_radius=1107.6463735913449 lambda=1.0584123335300193e-06 next_lambda=1.0584123335300193e-06 rho=0.54673422800629812 accept=1
CLASSICAL_LM o=38 lambda=1.0584123335300193e-06 tau=1.0584123335300193e-06 prediction=1486.0204793530829 rho=0.54673422800629812 accept=1
  MFCG it  39 cost=1.887056e+06 lam=1.058e-06 tau=0.00e+00 cg_it=0 shift=0 ckpt=1 alpha=0 acc mv=108
PCG_PREP o=39 rebuild=1 drift=0 previous_depth=1
POINT_SAFE o=39 frozen=95 slope=-1534.7931543974637 candidate=1886236.8982615038 original=1886482.0857871971 current=1887056.1573374257 won=1 mode=1 camera_scale=1 keep_scale=0
ATTR_RADIUS o=39 raw_norm=25009.438844705957 norm=1107.6463735913442 radius=1107.6463735913449 next_radius=1107.6463735913449 lambda=1.0584123335300193e-06 next_lambda=1.0584123335300193e-06 rho=0.55236930246664773 accept=1
CLASSICAL_LM o=39 lambda=1.0584123335300193e-06 tau=1.0584123335300193e-06 prediction=1483.1727111979171 rho=0.55236930246664773 accept=1
  MFCG it  40 cost=1.886237e+06 lam=1.058e-06 tau=0.00e+00 cg_it=0 shift=0 ckpt=1 alpha=0 acc mv=110
PCG_PREP o=40 rebuild=1 drift=0 previous_depth=1
POINT_SAFE o=40 frozen=131 slope=-1529.6957835045791 candidate=1885406.6144618909 original=1885662.3502765375 current=1886236.8982615038 won=1 mode=1 camera_scale=1 keep_scale=0
ATTR_RADIUS o=40 raw_norm=24724.722429584341 norm=1107.6463735913446 radius=1107.6463735913449 next_radius=1107.6463735913449 lambda=1.0584123335300193e-06 next_lambda=1.0584123335300193e-06 rho=0.56168155403212972 accept=1
CLASSICAL_LM o=40 lambda=1.0584123335300193e-06 tau=1.0584123335300193e-06 prediction=1478.2109073238323 rho=0.56168155403212972 accept=1
  MFCG it  41 cost=1.885407e+06 lam=1.058e-06 tau=0.00e+00 cg_it=0 shift=0 ckpt=1 alpha=0 acc mv=112
PCG_PREP o=41 rebuild=1 drift=0 previous_depth=1
POINT_SAFE o=41 frozen=117 slope=-1521.2659615371001 candidate=1884562.6876849176 original=1884832.1026389173 current=1885406.6144618909 won=1 mode=1 camera_scale=1 keep_scale=0
ATTR_RADIUS o=41 raw_norm=24452.036748221526 norm=1107.6463735913446 radius=1107.6463735913449 next_radius=1107.6463735913449 lambda=1.0584123335300193e-06 next_lambda=1.0584123335300193e-06 rho=0.57401105533429453 accept=1
CLASSICAL_LM o=41 lambda=1.0584123335300193e-06 tau=1.0584123335300193e-06 prediction=1470.2273921916171 rho=0.57401105533429453 accept=1
  MFCG it  42 cost=1.884563e+06 lam=1.058e-06 tau=0.00e+00 cg_it=0 shift=0 ckpt=1 alpha=0 acc mv=114
PCG_PREP o=42 rebuild=1 drift=0 previous_depth=1
POINT_SAFE o=42 frozen=123 slope=-1509.9487151238613 candidate=1883701.7499707995 original=1883988.5768826806 current=1884562.6876849176 won=1 mode=1 camera_scale=1 keep_scale=0
ATTR_RADIUS o=42 raw_norm=24182.190320429017 norm=1107.6463735913453 radius=1107.6463735913449 next_radius=1107.6463735913449 lambda=1.0584123335300193e-06 next_lambda=1.0584123335300193e-06 rho=0.58977377555170374 accept=1
CLASSICAL_LM o=42 lambda=1.0584123335300193e-06 tau=1.0584123335300193e-06 prediction=1459.7761884422223 rho=0.58977377555170374 accept=1
  MFCG it  43 cost=1.883702e+06 lam=1.058e-06 tau=0.00e+00 cg_it=0 shift=0 ckpt=1 alpha=0 acc mv=116
PCG_PREP o=43 rebuild=1 drift=0 previous_depth=1
POINT_SAFE o=43 frozen=130 slope=-1495.0421902168164 candidate=1882823.5200769671 original=1883128.7604649027 current=1883701.7499707995 won=1 mode=1 camera_scale=1 keep_scale=0
ATTR_RADIUS o=43 raw_norm=23929.458832034001 norm=1107.6463735913442 radius=1107.6463735913449 next_radius=1107.6463735913449 lambda=1.0584123335300193e-06 next_lambda=1.0584123335300193e-06 rho=0.60744596199660517 accept=1
CLASSICAL_LM o=43 lambda=1.0584123335300193e-06 tau=1.0584123335300193e-06 prediction=1445.7745195075897 rho=0.60744596199660517 accept=1
  MFCG it  44 cost=1.882824e+06 lam=1.058e-06 tau=0.00e+00 cg_it=0 shift=0 ckpt=1 alpha=0 acc mv=118
PCG_PREP o=44 rebuild=1 drift=0 previous_depth=1
POINT_SAFE o=44 frozen=138 slope=-1478.0383439571913 candidate=1881926.5463213834 original=1882251.7315749135 current=1882823.5200769671 won=1 mode=1 camera_scale=1 keep_scale=0
ATTR_RADIUS o=44 raw_norm=23665.428915380235 norm=1107.6463735913442 radius=1107.6463735913449 next_radius=1107.6463735913449 lambda=1.0584123335300193e-06 next_lambda=1.0584123335300193e-06 rho=0.6272625740919956 accept=1
CLASSICAL_LM o=44 lambda=1.0584123335300193e-06 tau=1.0584123335300193e-06 prediction=1429.9813070819059 rho=0.6272625740919956 accept=1
  MFCG it  45 cost=1.881927e+06 lam=1.058e-06 tau=0.00e+00 cg_it=0 shift=0 ckpt=1 alpha=0 acc mv=120
PCG_PREP o=45 rebuild=1 drift=0 previous_depth=1
POINT_SAFE o=45 frozen=302 slope=-1992.4121417072649 candidate=1879998.7318076626 original=1881192.4518300046 current=1881926.5463213834 won=1 mode=1 camera_scale=1 keep_scale=0
ATTR_RADIUS o=45 raw_norm=35700.747487991677 norm=1107.6463735913451 radius=1107.6463735913449 next_radius=2215.2927471826897 lambda=1.0584123335300193e-06 next_lambda=1.0584123335300193e-06 rho=0.98903312539787969 accept=1
CLASSICAL_LM o=45 lambda=1.0584123335300193e-06 tau=1.0584123335300193e-06 prediction=1949.1910475144716 rho=0.98903312539787969 accept=1
  MFCG it  46 cost=1.879999e+06 lam=1.058e-06 tau=0.00e+00 cg_it=1 shift=0 ckpt=2 alpha=0 acc mv=123
PCG_PREP o=46 rebuild=1 drift=0 previous_depth=2
POINT_SAFE o=46 frozen=224 slope=-3861.9620860783289 candidate=1876332.1399649975 original=1878804.9783966143 current=1879998.7318076626 won=1 mode=1 camera_scale=1 keep_scale=0
ATTR_RADIUS o=46 raw_norm=35407.19265451574 norm=2215.2927471826893 radius=2215.2927471826897 next_radius=4430.5854943653794 lambda=1.0584123335300193e-06 next_lambda=1.0584123335300193e-06 rho=0.98151037312339739 accept=1
CLASSICAL_LM o=46 lambda=1.0584123335300193e-06 tau=1.0584123335300193e-06 prediction=3735.6628549906654 rho=0.98151037312339739 accept=1
  MFCG it  47 cost=1.876332e+06 lam=1.058e-06 tau=0.00e+00 cg_it=1 shift=0 ckpt=2 alpha=0 acc mv=126
PCG_PREP o=47 rebuild=1 drift=0 previous_depth=2
POINT_SAFE o=47 frozen=343 slope=-7367.0833033509116 candidate=1869766.9194572449 original=1874612.9780332749 current=1876332.1399649975 won=1 mode=1 camera_scale=1 keep_scale=0
ATTR_RADIUS o=47 raw_norm=35163.755795859222 norm=4430.5854943653803 radius=4430.5854943653794 next_radius=8861.1709887307588 lambda=1.0584123335300193e-06 next_lambda=1.0584123335300193e-06 rho=0.95396712894122149 accept=1
CLASSICAL_LM o=47 lambda=1.0584123335300193e-06 tau=1.0584123335300193e-06 prediction=6882.0196300046 rho=0.95396712894122149 accept=1
  MFCG it  48 cost=1.869767e+06 lam=1.058e-06 tau=0.00e+00 cg_it=1 shift=0 ckpt=2 alpha=0 acc mv=129
PCG_PREP o=48 rebuild=1 drift=0 previous_depth=2
POINT_SAFE o=48 frozen=708 slope=-18813.13565108052 candidate=1857556.5459058783 original=1862700.499000805 current=1869766.9194572449 won=1 mode=1 camera_scale=1 keep_scale=0
ATTR_RADIUS o=48 raw_norm=49199.379620777559 norm=8861.1709887307607 radius=8861.1709887307588 next_radius=8861.1709887307588 lambda=1.0584123335300193e-06 next_lambda=1.0584123335300193e-06 rho=0.73133681873310008 accept=1
CLASSICAL_LM o=48 lambda=1.0584123335300193e-06 tau=1.0584123335300193e-06 prediction=16695.964483941523 rho=0.73133681873310008 accept=1
  MFCG it  49 cost=1.857557e+06 lam=1.058e-06 tau=0.00e+00 cg_it=4 shift=0 ckpt=5 alpha=0 acc mv=135
PCG_PREP o=49 rebuild=1 drift=0 previous_depth=5
POINT_SAFE o=49 frozen=473 slope=-13275.753961521425 candidate=2045951.1560014328 original=1856730.8702405004 current=1857556.5459058783 won=0 mode=1 camera_scale=1 keep_scale=0
ATTR_RADIUS o=49 raw_norm=19784.696329642135 norm=1107.6463735913449 radius=8861.1709887307588 next_radius=8861.1709887307588 lambda=1.0584123335300193e-06 next_lambda=1.0584123335300193e-06 rho=0.47930790814831759 accept=1
CLASSICAL_LM o=49 lambda=1.0584123335300193e-06 tau=1.0584123335300193e-06 prediction=1722.6414405880698 rho=0.47930790814831759 accept=1
  MFCG it  50 cost=1.856731e+06 lam=1.058e-06 tau=0.00e+00 cg_it=0 shift=0 ckpt=1 alpha=0 acc mv=137
PCG_PREP o=50 rebuild=1 drift=0 previous_depth=1
POINT_SAFE o=50 frozen=463 slope=-12894.597910692073 candidate=2026414.1963834998 original=1855952.0754151992 current=1856730.8702405004 won=0 mode=1 camera_scale=1 keep_scale=0
ATTR_RADIUS o=50 raw_norm=19382.804790710761 norm=1107.6463735913449 radius=8861.1709887307588 next_radius=8861.1709887307588 lambda=1.0584123335300193e-06 next_lambda=1.0584123335300193e-06 rho=0.474120614308851 accept=1
CLASSICAL_LM o=50 lambda=1.0584123335300193e-06 tau=1.0584123335300193e-06 prediction=1642.6090783598609 rho=0.474120614308851 accept=1
  MFCG it  51 cost=1.855952e+06 lam=1.058e-06 tau=0.00e+00 cg_it=0 shift=0 ckpt=1 alpha=0 acc mv=139
PCG_PREP o=51 rebuild=1 drift=0 previous_depth=1
POINT_SAFE o=51 frozen=449 slope=-12612.865339185993 candidate=2006236.5489636962 original=1855188.7545663698 current=1855952.0754151992 won=0 mode=1 camera_scale=1 keep_scale=0
ATTR_RADIUS o=51 raw_norm=18927.224927258296 norm=1107.6463735913444 radius=8861.1709887307588 next_radius=8861.1709887307588 lambda=1.0584123335300193e-06 next_lambda=1.0584123335300193e-06 rho=0.48227329203402403 accept=1
CLASSICAL_LM o=51 lambda=1.0584123335300193e-06 tau=1.0584123335300193e-06 prediction=1582.7557972575726 rho=0.48227329203402403 accept=1
  MFCG it  52 cost=1.855189e+06 lam=1.058e-06 tau=0.00e+00 cg_it=0 shift=0 ckpt=1 alpha=0 acc mv=141
PCG_PREP o=52 rebuild=1 drift=0 previous_depth=1
POINT_SAFE o=52 frozen=431 slope=-12434.55094751296 candidate=1986017.6124972391 original=1854425.5830703252 current=1855188.7545663698 won=0 mode=1 camera_scale=1 keep_scale=0
ATTR_RADIUS o=52 raw_norm=18381.871455295772 norm=1107.6463735913449 radius=8861.1709887307588 next_radius=8861.1709887307588 lambda=1.0584123335300193e-06 next_lambda=1.0584123335300193e-06 rho=0.49752058280442257 accept=1
CLASSICAL_LM o=52 lambda=1.0584123335300193e-06 tau=1.0584123335300193e-06 prediction=1533.9495940906982 rho=0.49752058280442257 accept=1
  MFCG it  53 cost=1.854426e+06 lam=1.058e-06 tau=0.00e+00 cg_it=0 shift=0 ckpt=1 alpha=0 acc mv=143
PCG_PREP o=53 rebuild=1 drift=0 previous_depth=1
POINT_SAFE o=53 frozen=424 slope=-12399.306299981756 candidate=1966232.1213114788 original=1854387.5708695725 current=1854425.5830703252 won=0 mode=1 camera_scale=1 keep_scale=0
ATTR_RADIUS o=53 raw_norm=17682.79675910743 norm=8861.170988730757 radius=8861.1709887307588 next_radius=2215.2927471826897 lambda=1.0584123335300193e-06 next_lambda=1.6934597336480308e-05 rho=0.01323881226154025 accept=0
CLASSICAL_LM o=53 lambda=1.0584123335300193e-06 tau=1.0584123335300193e-06 prediction=2871.2697182939273 rho=0.01323881226154025 accept=0
  MFCG it  54  retry 1/8  lam=1.693e-05 tau_eff=1.058e-06  (assembly reused)
PCG_PREP o=53 rebuild=1 drift=0 previous_depth=1
ATTR_RADIUS o=53 raw_norm=5386.2586268598052 norm=2215.2927471826893 radius=2215.2927471826897 next_radius=4430.5854943653794 lambda=1.6934597336480308e-05 next_lambda=4.2336493341200771e-06 rho=0.776668403788635 accept=1
CLASSICAL_LM o=53 lambda=1.6934597336480308e-05 tau=1.6934597336480308e-05 prediction=7619.4050274519086 rho=0.776668403788635 accept=1
  MFCG it  54 cost=1.848508e+06 lam=4.234e-06 tau=0.00e+00 cg_it=0 shift=0 ckpt=1 alpha=0 acc mv=147
PCG_PREP o=54 rebuild=1 drift=0 previous_depth=1
ATTR_RADIUS o=54 raw_norm=43790.494792894206 norm=4430.5854943653812 radius=4430.5854943653794 next_radius=8861.1709887307588 lambda=4.2336493341200771e-06 next_lambda=1.0584123335300193e-06 rho=0.98263063776776294 accept=1
CLASSICAL_LM o=54 lambda=4.2336493341200771e-06 tau=4.2336493341200771e-06 prediction=10591.001367436611 rho=0.98263063776776294 accept=1
  MFCG it  55 cost=1.838101e+06 lam=1.058e-06 tau=0.00e+00 cg_it=7 shift=0 ckpt=8 alpha=0 acc mv=156
PCG_PREP o=55 rebuild=1 drift=0 previous_depth=8
ATTR_RADIUS o=55 raw_norm=67404.228724275672 norm=8861.1709887307588 radius=8861.1709887307588 next_radius=17722.341977461518 lambda=1.0584123335300193e-06 next_lambda=1.0584123335300193e-06 rho=0.83664973821599653 accept=1
CLASSICAL_LM o=55 lambda=1.0584123335300193e-06 tau=1.0584123335300193e-06 prediction=13846.845968218124 rho=0.83664973821599653 accept=1
  MFCG it  56 cost=1.826516e+06 lam=1.058e-06 tau=0.00e+00 cg_it=8 shift=0 ckpt=9 alpha=0 acc mv=166
PCG_PREP o=56 rebuild=1 drift=0 previous_depth=9
POINT_SAFE o=56 frozen=688 slope=-30077.743686572434 candidate=1827443.715361834 original=1817206.2673349818 current=1826515.8294471246 won=0 mode=1 camera_scale=1 keep_scale=0
ATTR_RADIUS o=56 raw_norm=60374.384411105741 norm=8861.1709887307552 radius=17722.341977461518 next_radius=17722.341977461518 lambda=1.0584123335300193e-06 next_lambda=1.0584123335300193e-06 rho=0.69743155052216022 accept=1
CLASSICAL_LM o=56 lambda=1.0584123335300193e-06 tau=1.0584123335300193e-06 prediction=13348.352401282706 rho=0.69743155052216022 accept=1
  MFCG it  57 cost=1.817206e+06 lam=1.058e-06 tau=0.00e+00 cg_it=7 shift=0 ckpt=8 alpha=0 acc mv=175
PCG_PREP o=57 rebuild=1 drift=0 previous_depth=8
POINT_SAFE o=57 frozen=943 slope=-19481.622971972603 candidate=2027429.7210614982 original=1815308.8970108854 current=1817206.2673349818 won=0 mode=1 camera_scale=1 keep_scale=0
ATTR_RADIUS o=57 raw_norm=16019.829607644824 norm=4004.957401911206 radius=17722.341977461518 next_radius=17722.341977461518 lambda=1.0584123335300193e-06 next_lambda=1.0584123335300193e-06 rho=0.44009350803391134 accept=1
CLASSICAL_LM o=57 lambda=1.0584123335300193e-06 tau=1.0584123335300193e-06 prediction=4311.2890543938856 rho=0.44009350803391134 accept=1
  MFCG it  58 cost=1.815309e+06 lam=1.058e-06 tau=0.00e+00 cg_it=0 shift=0 ckpt=1 alpha=0 acc mv=177
PCG_PREP o=58 rebuild=1 drift=0 previous_depth=1
POINT_SAFE o=58 frozen=690 slope=-17667.096664659381 candidate=1919389.1866618169 original=1813594.785901692 current=1815308.8970108854 won=0 mode=1 camera_scale=1 keep_scale=0
ATTR_RADIUS o=58 raw_norm=13827.123270391381 norm=3456.7808175978453 radius=17722.341977461518 next_radius=17722.341977461518 lambda=1.0584123335300193e-06 next_lambda=1.0584123335300193e-06 rho=0.44936455289103239 accept=1
CLASSICAL_LM o=58 lambda=1.0584123335300193e-06 tau=1.0584123335300193e-06 prediction=3814.5223030288148 rho=0.44936455289103239 accept=1
  MFCG it  59 cost=1.813595e+06 lam=1.058e-06 tau=0.00e+00 cg_it=0 shift=0 ckpt=1 alpha=0 acc mv=179
PCG_PREP o=59 rebuild=1 drift=0 previous_depth=1
POINT_SAFE o=59 frozen=617 slope=-15808.808731680843 candidate=1833386.705827872 original=1811962.8477944632 current=1813594.785901692 won=0 mode=1 camera_scale=1 keep_scale=0
ATTR_RADIUS o=59 raw_norm=12130.757232391996 norm=6065.3786161959979 radius=17722.341977461518 next_radius=17722.341977461518 lambda=1.0584123335300193e-06 next_lambda=1.0584123335300193e-06 rho=0.27872018583382668 accept=1
CLASSICAL_LM o=59 lambda=1.0584123335300193e-06 tau=1.0584123335300193e-06 prediction=5855.1127265744626 rho=0.27872018583382668 accept=1
  MFCG it  60 cost=1.811963e+06 lam=1.058e-06 tau=0.00e+00 cg_it=0 shift=0 ckpt=1 alpha=0 acc mv=181
PCG_PREP o=60 rebuild=1 drift=0 previous_depth=1
ATTR_RADIUS o=60 raw_norm=9634.6719160904286 norm=9634.6719160904286 radius=17722.341977461518 next_radius=17722.341977461518 lambda=1.0584123335300193e-06 next_lambda=1.0584123335300193e-06 rho=0.89953921548903137 accept=1
CLASSICAL_LM o=60 lambda=1.0584123335300193e-06 tau=1.0584123335300193e-06 prediction=7677.8171351034307 rho=0.89953921548903137 accept=1
  MFCG it  61 cost=1.805056e+06 lam=1.058e-06 tau=0.00e+00 cg_it=0 shift=0 ckpt=1 alpha=0 acc mv=183
PCG_PREP o=61 rebuild=1 drift=0 previous_depth=1
POINT_SAFE o=61 frozen=364 slope=-35287.100641770579 candidate=1807174.4029386346 original=1790282.0004191538 current=1805056.350192084 won=0 mode=1 camera_scale=1 keep_scale=0
ATTR_RADIUS o=61 raw_norm=64120.855655217842 norm=8861.1709887307625 radius=17722.341977461518 next_radius=17722.341977461518 lambda=1.0584123335300193e-06 next_lambda=1.0584123335300193e-06 rho=0.90457890710644595 accept=1
CLASSICAL_LM o=61 lambda=1.0584123335300193e-06 tau=1.0584123335300193e-06 prediction=16332.847976955514 rho=0.90457890710644595 accept=1
  MFCG it  62 cost=1.790282e+06 lam=1.058e-06 tau=0.00e+00 cg_it=17 shift=0 ckpt=18 alpha=0 acc mv=202
PCG_PREP o=62 rebuild=1 drift=0 previous_depth=18
POINT_SAFE o=62 frozen=382 slope=-26882.483231923325 candidate=1805531.9254190351 original=1779211.0041784784 current=1790282.0004191538 won=0 mode=1 camera_scale=1 keep_scale=0
ATTR_RADIUS o=62 raw_norm=61964.234406551142 norm=8861.1709887307607 radius=17722.341977461518 next_radius=17722.341977461518 lambda=1.0584123335300193e-06 next_lambda=1.0584123335300193e-06 rho=0.73343692923625114 accept=1
CLASSICAL_LM o=62 lambda=1.0584123335300193e-06 tau=1.0584123335300193e-06 prediction=15094.680673093451 rho=0.73343692923625114 accept=1
  MFCG it  63 cost=1.779211e+06 lam=1.058e-06 tau=0.00e+00 cg_it=18 shift=0 ckpt=19 alpha=0 acc mv=222
PCG_PREP o=63 rebuild=1 drift=0 previous_depth=19
POINT_SAFE o=63 frozen=394 slope=-35598.186834175613 candidate=1776161.6045171034 original=1768830.6886747428 current=1779211.0041784784 won=0 mode=1 camera_scale=1 keep_scale=0
ATTR_RADIUS o=63 raw_norm=58544.420611053298 norm=8861.1709887307552 radius=17722.341977461518 next_radius=17722.341977461518 lambda=1.0584123335300193e-06 next_lambda=1.0584123335300193e-06 rho=0.67747059772269369 accept=1
CLASSICAL_LM o=63 lambda=1.0584123335300193e-06 tau=1.0584123335300193e-06 prediction=15322.16385276176 rho=0.67747059772269369 accept=1
  MFCG it  64 cost=1.768831e+06 lam=1.058e-06 tau=0.00e+00 cg_it=18 shift=0 ckpt=19 alpha=0 acc mv=242
PCG_PREP o=64 rebuild=1 drift=0 previous_depth=19
POINT_SAFE o=64 frozen=814 slope=-26827.796631426045 candidate=1793819.6321952927 original=1764848.7357348471 current=1768830.6886747428 won=0 mode=1 camera_scale=1 keep_scale=0
ATTR_RADIUS o=64 raw_norm=34319.004830410595 norm=8861.170988730757 radius=17722.341977461518 next_radius=17722.341977461518 lambda=1.0584123335300193e-06 next_lambda=1.0584123335300193e-06 rho=0.36293834144430742 accept=1
CLASSICAL_LM o=64 lambda=1.0584123335300193e-06 tau=1.0584123335300193e-06 prediction=10971.430915922416 rho=0.36293834144430742 accept=1
  MFCG it  65 cost=1.764849e+06 lam=1.058e-06 tau=0.00e+00 cg_it=5 shift=0 ckpt=6 alpha=0 acc mv=249
PCG_PREP o=65 rebuild=1 drift=0 previous_depth=6
POINT_SAFE o=65 frozen=856 slope=-31176.861946276294 candidate=1768619.0962014769 original=1756251.8535507245 current=1764848.7357348471 won=0 mode=1 camera_scale=1 keep_scale=0
ATTR_RADIUS o=65 raw_norm=20324.835588733855 norm=8861.170988730757 radius=17722.341977461518 next_radius=17722.341977461518 lambda=1.0584123335300193e-06 next_lambda=1.0584123335300193e-06 rho=0.72878917231125273 accept=1
CLASSICAL_LM o=65 lambda=1.0584123335300193e-06 tau=1.0584123335300193e-06 prediction=11796.11677936828 rho=0.72878917231125273 accept=1
  MFCG it  66 cost=1.756252e+06 lam=1.058e-06 tau=0.00e+00 cg_it=2 shift=0 ckpt=3 alpha=0 acc mv=253
PCG_PREP o=66 rebuild=1 drift=0 previous_depth=3
POINT_SAFE o=66 frozen=756 slope=-17257.958111836539 candidate=184016132.08957735 original=1752815.5495446397 current=1756251.8535507245 won=0 mode=1 camera_scale=1 keep_scale=0
ATTR_RADIUS o=66 raw_norm=12513.238597230038 norm=3128.3096493075095 radius=17722.341977461518 next_radius=17722.341977461518 lambda=1.0584123335300193e-06 next_lambda=1.0584123335300193e-06 rho=0.90282662349335219 accept=1
CLASSICAL_LM o=66 lambda=1.0584123335300193e-06 tau=1.0584123335300193e-06 prediction=3806.1615781649602 rho=0.90282662349335219 accept=1
  MFCG it  67 cost=1.752816e+06 lam=1.058e-06 tau=0.00e+00 cg_it=0 shift=0 ckpt=1 alpha=0 acc mv=255
PCG_PREP o=67 rebuild=1 drift=0 previous_depth=1
POINT_SAFE o=67 frozen=846 slope=-18725.961365623865 candidate=1791157.4398342546 original=1749846.6089665163 current=1752815.5495446397 won=0 mode=1 camera_scale=1 keep_scale=0
ATTR_RADIUS o=67 raw_norm=37694.865331885951 norm=4430.5854943653776 radius=17722.341977461518 next_radius=17722.341977461518 lambda=1.0584123335300193e-06 next_lambda=1.0584123335300193e-06 rho=0.71721056049658682 accept=1
CLASSICAL_LM o=67 lambda=1.0584123335300193e-06 tau=1.0584123335300193e-06 prediction=4139.566177145618 rho=0.71721056049658682 accept=1
  MFCG it  68 cost=1.749847e+06 lam=1.058e-06 tau=0.00e+00 cg_it=5 shift=0 ckpt=6 alpha=0 acc mv=262
PCG_PREP o=68 rebuild=1 drift=0 previous_depth=6
POINT_SAFE o=68 frozen=707 slope=-17866.738591916612 candidate=1794922.3015218512 original=1749797.6597795 current=1749846.6089665163 won=0 mode=1 camera_scale=1 keep_scale=0
ATTR_RADIUS o=68 raw_norm=30771.729075075375 norm=17722.341977461525 radius=17722.341977461518 next_radius=4430.5854943653794 lambda=1.0584123335300193e-06 next_lambda=1.6934597336480308e-05 rho=0.0069139727485264344 accept=0
CLASSICAL_LM o=68 lambda=1.0584123335300193e-06 tau=1.0584123335300193e-06 prediction=7079.7483294651247 rho=0.0069139727485264344 accept=0
  MFCG it  69  retry 1/8  lam=1.693e-05 tau_eff=1.058e-06  (assembly reused)
PCG_PREP o=68 rebuild=1 drift=0 previous_depth=5
ATTR_RADIUS o=68 raw_norm=9425.9592243801508 norm=4430.5854943653785 radius=4430.5854943653794 next_radius=8861.1709887307588 lambda=1.6934597336480308e-05 next_lambda=4.2336493341200771e-06 rho=0.99246335235017902 accept=1
CLASSICAL_LM o=68 lambda=1.6934597336480308e-05 tau=1.6934597336480308e-05 prediction=6961.5850458744662 rho=0.99246335235017902 accept=1
TARGET reached outer=69 seconds=3.889395581 cost=1742937.4909342169 threshold=1744796.9841897595
  MFCG: accepts=69 rejects=3 total_matvecs=272 negcurv=1 cand_evals=72 mean_cg_per_outer=3.9
NUMERIC_REPAIR summary rebuilds=1 floor=1.0584123335300193e-06
  [retry-cache] builds=73 reuses=0
  [menu-backtrack] trials=60 rescues=59 evals=269 total_scored=341
POINT_SAFE summary calls=60 evals=60 wins=32 frozen=23709 seconds=0.714159104
  [scoring] menu_evals=72 alpha_evals=0 backtrack_evals=269 total_scored=341
RESULT algo=mfree_shifted_cg iters=69 final_cost=1742937.4909342169 solve_seconds=3.897934
DIAGNOSTICS median_reproj_err_px 2.704502 -> 0.547189 | cheirality_violations(obs) 751 -> 781 | cheirality_violations(pts, of 310854) 725 -> 744
